[GC (Allocation Failure) [ParNew: 1024K->128K(1152K), 0.0045841 secs] 1024K->580K(130944K), 0.0046469 secs] [Times: user=0.08 sys=0.00, real=0.01 secs] 
[Full GC (System.gc()) [CMS: 452K->742K(129792K), 0.0121245 secs] 1397K->742K(130944K), [Metaspace: 2923K->2923K(8192K)], 0.0123696 secs] [Times: user=0.00 sys=0.01, real=0.01 secs] 
[GC (Allocation Failure) [ParNew: 52032K->6464K(58496K), 0.1298396 secs] 52774K->31614K(188288K), 0.1298890 secs] [Times: user=0.76 sys=0.00, real=0.13 secs] 
[GC (Allocation Failure) [ParNew: 58496K->4347K(58496K), 0.0302702 secs] 83646K->37130K(188288K), 0.0303337 secs] [Times: user=0.11 sys=0.00, real=0.03 secs] 

*********************************************************************
* Jillegal by Serkan OZAL (https://github.com/serkan-ozal/jillegal) *
*********************************************************************

JVM Name                   : Java HotSpot(TM) 64-Bit Server VM
JVM Version                : 25.5-b02
JVM Vendor                 : Oracle Corporation
Java Version               : 1.8.0_05
Java Specification Version : 1.8
Java Runtime Version       : 1.8.0_05-b13
Java Vendor                : Oracle Corporation
Word Size                  : 8 byte
Running 64-bit HotSpot VM.
Objects are 8 bytes aligned.

[GC (Allocation Failure) [ParNew: 56379K->4777K(58496K), 0.0084059 secs] 89162K->45752K(188288K), 0.0084662 secs] [Times: user=0.00 sys=0.00, real=0.00 secs] 
[GC (Allocation Failure) [ParNew: 56809K->6196K(58496K), 0.0091097 secs] 97784K->49672K(188288K), 0.0091656 secs] [Times: user=0.11 sys=0.01, real=0.01 secs] 
[GC (Allocation Failure) [ParNew: 58228K->6082K(58496K), 0.0065454 secs] 101704K->50221K(188288K), 0.0065916 secs] [Times: user=0.00 sys=0.00, real=0.01 secs] 
[GC (Allocation Failure) [ParNew: 58114K->5810K(58496K), 0.0066358 secs] 102253K->50257K(188288K), 0.0066846 secs] [Times: user=0.00 sys=0.00, real=0.00 secs] 
[GC (Allocation Failure) [ParNew: 57842K->5849K(58496K), 0.0065139 secs] 102289K->50513K(188288K), 0.0065678 secs] [Times: user=0.00 sys=0.00, real=0.00 secs] 
[GC (Allocation Failure) [ParNew: 57881K->6250K(58496K), 0.0062977 secs] 102545K->51163K(188288K), 0.0063439 secs] [Times: user=0.00 sys=0.00, real=0.01 secs] 
[GC (Allocation Failure) [ParNew: 58282K->5523K(58496K), 0.0048939 secs] 103195K->50698K(188288K), 0.0049376 secs] [Times: user=0.00 sys=0.00, real=0.01 secs] 
[GC (Allocation Failure) [ParNew: 57555K->4473K(58496K), 0.0051724 secs] 102730K->49896K(188288K), 0.0052205 secs] [Times: user=0.00 sys=0.00, real=0.00 secs] 
[GC (Allocation Failure) [ParNew: 56505K->949K(58496K), 0.0043871 secs] 101928K->46702K(188288K), 0.0044294 secs] [Times: user=0.00 sys=0.00, real=0.00 secs] 
[GC (Allocation Failure) [ParNew: 52981K->1063K(58496K), 0.0095781 secs] 98734K->46815K(188288K), 0.0096230 secs] [Times: user=0.06 sys=0.00, real=0.01 secs] 
[GC (Allocation Failure) [ParNew: 53095K->1436K(58496K), 0.0023122 secs] 98847K->47188K(188288K), 0.0023539 secs] [Times: user=0.00 sys=0.00, real=0.00 secs] 
[GC (Allocation Failure) [ParNew: 53468K->6011K(58496K), 0.0052558 secs] 99220K->51763K(188288K), 0.0053090 secs] [Times: user=0.00 sys=0.00, real=0.00 secs] 
[GC (Allocation Failure) [ParNew: 58043K->6463K(58496K), 0.0089878 secs] 103795K->54498K(188288K), 0.0090321 secs] [Times: user=0.05 sys=0.00, real=0.01 secs] 
[GC (Allocation Failure) [ParNew: 58495K->6199K(58496K), 0.0059910 secs] 106530K->54402K(188288K), 0.0060456 secs] [Times: user=0.00 sys=0.00, real=0.00 secs] 
[GC (Allocation Failure) [ParNew: 58231K->5411K(58496K), 0.0074878 secs] 106434K->53821K(188288K), 0.0075469 secs] [Times: user=0.00 sys=0.00, real=0.00 secs] 
[GC (Allocation Failure) [ParNew: 57443K->6463K(58496K), 0.0059865 secs] 105853K->55226K(188288K), 0.0060353 secs] [Times: user=0.01 sys=0.00, real=0.01 secs] 
[GC (Allocation Failure) [ParNew: 58495K->6464K(58496K), 0.0594683 secs] 107258K->63498K(188288K), 0.0595216 secs] [Times: user=0.25 sys=0.02, real=0.06 secs] 
[GC (GCLocker Initiated GC) [ParNew: 6706K->1230K(58496K), 0.0385395 secs] 63740K->65392K(188288K), 0.0385812 secs] [Times: user=0.14 sys=0.00, real=0.03 secs] 
[GC (Allocation Failure) [ParNew: 53262K->6464K(58496K), 0.2733229 secs] 117424K->116835K(188288K), 0.2733691 secs] [Times: user=1.81 sys=0.02, real=0.28 secs] 
[GC (CMS Initial Mark) [1 CMS-initial-mark: 110371K(129792K)] 117309K(188288K), 0.0029256 secs] [Times: user=0.00 sys=0.00, real=0.00 secs] 
[CMS-concurrent-mark-start]
[GC (Allocation Failure) [ParNew: 58496K->6464K(58496K), 0.3504050 secs] 168867K->165850K(218816K), 0.3504641 secs] [Times: user=2.51 sys=0.03, real=0.36 secs] 
[GC (GCLocker Initiated GC) [ParNew: 58496K->6464K(58496K), 0.4311705 secs] 217882K->213890K(266816K), 0.4312192 secs] [Times: user=3.12 sys=0.02, real=0.44 secs] 
[GC (Allocation Failure) [ParNew: 58496K->6464K(58496K), 0.3548037 secs] 265922K->261500K(314432K), 0.3548531 secs] [Times: user=2.64 sys=0.01, real=0.36 secs] 
[GC (GCLocker Initiated GC) [ParNew: 58496K->6464K(58496K), 0.3554395 secs] 313532K->309717K(362624K), 0.3557968 secs] [Times: user=2.22 sys=0.02, real=0.36 secs] 
[GC (Allocation Failure) [ParNew: 58496K->6464K(58496K), 0.3497519 secs] 361749K->357309K(410240K), 0.3498019 secs] [Times: user=2.43 sys=0.02, real=0.35 secs] 
[GC (Allocation Failure) [ParNew: 58496K->6463K(58496K), 0.3568837 secs] 409341K->405463K(458432K), 0.3569382 secs] [Times: user=2.48 sys=0.00, real=0.36 secs] 
[GC (Allocation Failure) [ParNew: 58495K->6463K(58496K), 0.3457542 secs] 457495K->452912K(505856K), 0.3458505 secs] [Times: user=2.37 sys=0.00, real=0.35 secs] 
[GC (Allocation Failure) [ParNew: 58495K->6464K(58496K), 0.3472279 secs] 504944K->500365K(553280K), 0.3472754 secs] [Times: user=2.40 sys=0.02, real=0.35 secs] 
[GC (Allocation Failure) [ParNew: 58496K->6463K(58496K), 0.2840340 secs] 552397K->546376K(599360K), 0.2840911 secs] [Times: user=1.93 sys=0.00, real=0.28 secs] 
[GC (Allocation Failure) [ParNew: 58495K->6463K(58496K), 0.0996945 secs] 598408K->591274K(644288K), 0.0997490 secs] [Times: user=0.64 sys=0.02, real=0.10 secs] 
[GC (Allocation Failure) [ParNew: 58495K->6463K(58496K), 0.1113365 secs] 643306K->638744K(691712K), 0.1113859 secs] [Times: user=0.62 sys=0.00, real=0.11 secs] 
[GC (GCLocker Initiated GC) [ParNew: 58495K->6463K(58496K), 0.1096383 secs] 690776K->686497K(739520K), 0.1096864 secs] [Times: user=0.61 sys=0.00, real=0.11 secs] 
[GC (Allocation Failure) [ParNew: 58495K->6463K(58496K), 0.1109554 secs] 738529K->733285K(786368K), 0.1110067 secs] [Times: user=0.64 sys=0.00, real=0.11 secs] 
[GC (Allocation Failure) [ParNew: 58495K->6464K(58496K), 0.1176342 secs] 785317K->780615K(833600K), 0.1176926 secs] [Times: user=0.45 sys=0.00, real=0.12 secs] 
[GC (Allocation Failure) [ParNew: 58496K->6463K(58496K), 0.1110985 secs] 832647K->828135K(881216K), 0.1111582 secs] [Times: user=0.62 sys=0.02, real=0.11 secs] 
[GC (Allocation Failure) [ParNew: 58495K->6464K(58496K), 0.1215312 secs] 880167K->875225K(928064K), 0.1215851 secs] [Times: user=0.47 sys=0.03, real=0.12 secs] 
[GC (GCLocker Initiated GC) [ParNew: 58496K->6463K(58496K), 0.1266105 secs] 927257K->922580K(975680K), 0.1266574 secs] [Times: user=0.61 sys=0.05, real=0.13 secs] 
[GC (Allocation Failure) [ParNew: 58495K->6463K(58496K), 0.1195461 secs] 974612K->967173K(1020032K), 0.1196032 secs] [Times: user=0.55 sys=0.02, real=0.12 secs] 
[GC (GCLocker Initiated GC) [ParNew: 58495K->6464K(58496K), 0.1093797 secs] 1019215K->1012345K(1065152K), 0.1094387 secs] [Times: user=0.59 sys=0.00, real=0.11 secs] 
[GC (Allocation Failure) [ParNew: 58496K->6463K(58496K), 0.1117638 secs] 1064377K->1059195K(1112192K), 0.1118209 secs] [Times: user=0.59 sys=0.05, real=0.11 secs] 
[GC (GCLocker Initiated GC) [ParNew: 44910K->6463K(58496K), 0.0853084 secs] 1097641K->1093194K(1146176K), 0.0853546 secs] [Times: user=0.56 sys=0.00, real=0.09 secs] 
[GC (Allocation Failure) [ParNew: 58495K->6464K(58496K), 0.0602267 secs] 1145226K->1115890K(1169024K), 0.0602741 secs] [Times: user=0.28 sys=0.00, real=0.06 secs] 
[GC (Allocation Failure) [ParNew: 58496K->6464K(58496K), 0.0620847 secs] 1167922K->1145468K(1201280K), 0.0621392 secs] [Times: user=0.41 sys=0.00, real=0.06 secs] 
[GC (Allocation Failure) [ParNew: 58496K->6464K(58496K), 0.0571484 secs] 1197500K->1175518K(1233536K), 0.0572029 secs] [Times: user=0.23 sys=0.00, real=0.06 secs] 
[GC (GCLocker Initiated GC) [ParNew: 58496K->6464K(58496K), 0.0564843 secs] 1227550K->1205074K(1261760K), 0.0565524 secs] [Times: user=0.25 sys=0.05, real=0.06 secs] 
[GC (Allocation Failure) [ParNew: 58496K->6464K(58496K), 0.0509520 secs] 1257106K->1233976K(1290560K), 0.0510207 secs] [Times: user=0.22 sys=0.02, real=0.05 secs] 
[GC (Allocation Failure) [ParNew: 58496K->6464K(58496K), 0.0246372 secs] 1286008K->1248799K(1304000K), 0.0246827 secs] [Times: user=0.13 sys=0.00, real=0.02 secs] 
[INFO] : Class tr.com.serkanozal.jillegal.offheap.pool.SampleOffHeapWrapperClass is being instrumented ...
[GC (Allocation Failure) [ParNew: 58496K->6464K(58496K), 0.0210360 secs] 1300831K->1255670K(1310912K), 0.0210995 secs] [Times: user=0.03 sys=0.00, real=0.02 secs] 
[GC (Allocation Failure) [ParNew: 58496K->2437K(58496K), 0.0053001 secs] 1307702K->1251644K(1310912K), 0.0053559 secs] [Times: user=0.00 sys=0.00, real=0.01 secs] 
********** ROUND    1 **********
********************************
[GC (Allocation Failure) [ParNew: 54469K->2329K(58496K), 0.0035794 secs] 1303676K->1251535K(1310912K), 0.0036429 secs] [Times: user=0.00 sys=0.00, real=0.00 secs] 
[GC (Allocation Failure) [ParNew: 54361K->3549K(58496K), 0.0047034 secs] 1303567K->1252755K(1310912K), 0.0047740 secs] [Times: user=0.00 sys=0.00, real=0.00 secs] 
[GC (Allocation Failure) [ParNew: 55581K->4612K(58496K), 0.0035697 secs] 1304787K->1253818K(1310912K), 0.0036409 secs] [Times: user=0.13 sys=0.00, real=0.00 secs] 
[GC (Allocation Failure) [ParNew: 56644K->4958K(58496K), 0.0053078 secs] 1305850K->1254164K(1310912K), 0.0053655 secs] [Times: user=0.00 sys=0.00, real=0.01 secs] 
[GC (Allocation Failure) [ParNew: 56990K->5432K(58496K), 0.0049960 secs] 1306196K->1255240K(1311488K), 0.0050601 secs] [Times: user=0.00 sys=0.00, real=0.01 secs] 
[CMS-concurrent-mark: 3.021/7.987 secs] [Times: user=44.46 sys=0.67, real=7.99 secs] 
[CMS-concurrent-preclean-start]
[GC (Allocation Failure) [ParNew: 57464K->6463K(58496K), 0.1368603 secs] 1307272K->1289686K(1344512K), 0.1369149 secs] [Times: user=0.87 sys=0.02, real=0.14 secs] 
[GC (Allocation Failure) [ParNew: 58495K->6464K(58496K), 0.0764066 secs] 1341718K->1336386K(1391552K), 0.0764617 secs] [Times: user=0.36 sys=0.05, real=0.08 secs] 
[GC (Allocation Failure) [ParNew: 58496K->6464K(58496K), 0.0682367 secs] 1388418K->1379819K(1434752K), 0.0682932 secs] [Times: user=0.39 sys=0.00, real=0.07 secs] 
[GC (Allocation Failure) [ParNew: 58496K->58496K(58496K), 0.0000289 secs][CMS[CMS-concurrent-preclean: 2.408/2.693 secs] [Times: user=5.69 sys=0.09, real=2.69 secs] 
 (concurrent mode failure): 1373355K->702110K(1376256K), 4.6291884 secs] 1431851K->702110K(1434752K), [Metaspace: 9635K->9635K(10240K)], 4.6305459 secs] [Times: user=4.60 sys=0.00, real=4.63 secs] 

*** PauseDetector detected a 4631 ms pause at Fri Dec 19 23:03:30 EET 2014 ***

[GC (Allocation Failure) [ParNew: 545344K->9563K(613440K), 0.0083649 secs] 1247454K->711673K(2010624K), 0.0084188 secs] [Times: user=0.06 sys=0.00, real=0.01 secs] 
[GC (CMS Initial Mark) [1 CMS-initial-mark: 702110K(1397184K)] 712222K(2010624K), 0.0024110 secs] [Times: user=0.00 sys=0.00, real=0.00 secs] 
[CMS-concurrent-mark-start]
[CMS-concurrent-mark: 1.181/1.182 secs] [Times: user=4.34 sys=0.02, real=1.18 secs] 
[CMS-concurrent-preclean-start]
[CMS-concurrent-preclean: 0.247/0.251 secs] [Times: user=0.55 sys=0.00, real=0.25 secs] 
[CMS-concurrent-abortable-preclean-start]
[GC (Allocation Failure) [ParNew[CMS-concurrent-abortable-preclean: 0.084/0.420 secs] [Times: user=1.14 sys=0.03, real=0.42 secs] 
: 554907K->68096K(613440K), 0.2082331 secs] 1257017K->833072K(2010624K), 0.2082838 secs] [Times: user=1.03 sys=0.01, real=0.20 secs] 
[GC (CMS Final Remark) [YG occupancy: 78878 K (613440 K)][Rescan (parallel) , 0.0934834 secs][weak refs processing, 0.0000225 secs][class unloading, 0.0089423 secs][scrub symbol table, 0.0017483 secs][scrub string table, 0.0004196 secs][1 CMS-remark: 764976K(1397184K)] 843855K(2010624K), 0.1057189 secs] [Times: user=0.72 sys=0.00, real=0.11 secs] 
[CMS-concurrent-sweep-start]
[CMS-concurrent-sweep: 0.720/0.720 secs] [Times: user=2.17 sys=0.00, real=0.72 secs] 
[CMS-concurrent-reset-start]
[CMS-concurrent-reset: 0.003/0.003 secs] [Times: user=0.00 sys=0.00, real=0.00 secs] 
[GC (Allocation Failure) [ParNew: 613440K->32758K(613440K), 0.0809759 secs] 1250301K->738085K(2010624K), 0.0810208 secs] [Times: user=0.22 sys=0.00, real=0.07 secs] 
[GC (Allocation Failure) [ParNew: 578102K->14204K(613440K), 0.0104416 secs] 1283429K->719530K(2010624K), 0.0104891 secs] [Times: user=0.03 sys=0.00, real=0.01 secs] 
[GC (Allocation Failure) [ParNew: 559548K->19892K(613440K), 0.0126730 secs] 1264874K->725218K(2010624K), 0.0127250 secs] [Times: user=0.00 sys=0.00, real=0.01 secs] 
[GC (Allocation Failure) [ParNew: 565236K->25862K(613440K), 0.0141865 secs] 1270562K->731188K(2010624K), 0.0142308 secs] [Times: user=0.06 sys=0.00, real=0.01 secs] 
[GC (Allocation Failure) [ParNew: 571206K->41915K(613440K), 0.0164532 secs] 1276532K->747242K(2010624K), 0.0165148 secs] [Times: user=0.06 sys=0.02, real=0.02 secs] 
[GC (Allocation Failure) [ParNew: 587259K->42985K(613440K), 0.0180770 secs] 1292586K->748311K(2010624K), 0.0181239 secs] [Times: user=0.08 sys=0.00, real=0.02 secs] 
[GC (Allocation Failure) [ParNew: 588329K->40087K(613440K), 0.0223352 secs] 1293655K->751104K(2010624K), 0.0223846 secs] [Times: user=0.13 sys=0.00, real=0.02 secs] 
[GC (Allocation Failure) [ParNew: 585431K->41517K(613440K), 0.0213125 secs] 1296448K->758058K(2010624K), 0.0213574 secs] [Times: user=0.08 sys=0.00, real=0.02 secs] 
[GC (Allocation Failure) [ParNew: 586861K->68096K(613440K), 0.1920397 secs] 1303402K->868692K(2010624K), 0.1920827 secs] [Times: user=0.72 sys=0.06, real=0.19 secs] 
[GC (Allocation Failure) [ParNew: 613440K->44619K(613440K), 0.0583006 secs] 1414036K->913036K(2010624K), 0.0583475 secs] [Times: user=0.16 sys=0.00, real=0.05 secs] 
[GC (Allocation Failure) [ParNew: 589963K->15993K(613440K), 0.0102434 secs] 1458380K->884411K(2010624K), 0.0102979 secs] [Times: user=0.06 sys=0.00, real=0.01 secs] 
[GC (Allocation Failure) [ParNew: 561337K->19176K(613440K), 0.0113649 secs] 1429755K->887593K(2010624K), 0.0114143 secs] [Times: user=0.06 sys=0.00, real=0.01 secs] 
[GC (Allocation Failure) [ParNew: 564520K->24309K(613440K), 0.0137073 secs] 1432937K->892727K(2010624K), 0.0137535 secs] [Times: user=0.06 sys=0.00, real=0.01 secs] 
[GC (Allocation Failure) [ParNew: 569653K->31888K(613440K), 0.0157180 secs] 1438071K->900306K(2010624K), 0.0157661 secs] [Times: user=0.06 sys=0.00, real=0.02 secs] 
********************************
[Full GC (System.gc()) [CMS: 868417K->715328K(1397184K), 2.0743619 secs] 1064673K->715328K(2010624K), [Metaspace: 9861K->9861K(10240K)], 2.0746217 secs] [Times: user=2.06 sys=0.00, real=2.07 secs] 
[Full GC (System.gc()) [CMS: 715328K->715330K(1397184K), 1.4778926 secs] 728821K->715330K(2010624K), [Metaspace: 9861K->9861K(10240K)], 1.4781152 secs] [Times: user=1.48 sys=0.00, real=1.48 secs] 
[Full GC (System.gc()) [CMS: 715330K->715252K(1397184K), 1.4771105 secs] 728823K->715252K(2010624K), [Metaspace: 9861K->9861K(10240K)]
*** PauseDetector detected a 2074 ms pause at Fri Dec 19 23:03:57 EET 2014 ***

, 1.4773158 secs] [Times: user=1.48 sys=0.00, real=1.47 secs] 

*** PauseDetector detected a 2961 ms pause at Fri Dec 19 23:03:58 EET 2014 ***

[Full GC (System.gc()) [CMS: 715252K->715948K(1397184K), 1.6911614 secs] 805923K->715948K(2010624K), [Metaspace: 9861K->9861K(10240K)]
*** PauseDetector detected a 1688 ms pause at Fri Dec 19 23:04:00 EET 2014 ***

, 1.6914373 secs] [Times: user=1.69 sys=0.00, real=1.68 secs] 
[Full GC (System.gc()) [CMS: 715948K->715959K(1397184K), 1.5795721 secs] 729441K->715959K(2010624K), [Metaspace: 9861K->9861K(10240K)], 1.5797524 secs] [Times: user=1.59 sys=0.00, real=1.59 secs] 
[Full GC (System.gc()) [CMS: 715959K->715870K(1397184K), 1.4268841 secs] 729451K->715870K(2010624K), [Metaspace: 9861K->9861K(10240K)], 1.4270920 secs] [Times: user=1.42 sys=0.00, real=1.43 secs] 
********** ROUND 
*** PauseDetector detected a 1586 ms pause at Fri Dec 19 23:04:02 EET 2014 ***


*** PauseDetector detected a 1441 ms pause at Fri Dec 19 23:04:03 EET 2014 ***

   2 **********
********************************
[GC (Allocation Failure) [ParNew: 545344K->13269K(613440K), 0.0079722 secs] 1261214K->729140K(2010624K), 0.0080171 secs] [Times: user=0.05 sys=0.00, real=0.01 secs] 
[GC (Allocation Failure) [ParNew: 558613K->68096K(613440K), 0.1354380 secs] 1274484K->841624K(2010624K), 0.1354861 secs] [Times: user=0.50 sys=0.00, real=0.13 secs] 
[GC (Allocation Failure) [ParNew: 613440K->26674K(613440K), 0.0589621 secs] 1386968K->868257K(2010624K), 0.0590109 secs] [Times: user=0.22 sys=0.00, real=0.06 secs] 
[GC (Allocation Failure) [ParNew: 572018K->14913K(613440K), 0.0096762 secs] 1413601K->856496K(2010624K), 0.0097244 secs] [Times: user=0.00 sys=0.00, real=0.01 secs] 
[GC (Allocation Failure) [ParNew: 560257K->20614K(613440K), 0.0105783 secs] 1401840K->862196K(2010624K), 0.0106944 secs] [Times: user=0.00 sys=0.00, real=0.01 secs] 
[GC (Allocation Failure) [ParNew: 565958K->26797K(613440K), 0.0136976 secs] 1407540K->868380K(2010624K), 0.0137413 secs] [Times: user=0.06 sys=0.00, real=0.01 secs] 
[GC (Allocation Failure) [ParNew: 572141K->33620K(613440K), 0.0162774 secs] 1413724K->875203K(2010624K), 0.0163275 secs] [Times: user=0.06 sys=0.00, real=0.02 secs] 
[GC (Allocation Failure) [ParNew: 578964K->42568K(613440K), 0.0180674 secs] 1420547K->884151K(2010624K), 0.0181168 secs] [Times: user=0.06 sys=0.00, real=0.02 secs] 
[GC (Allocation Failure) [ParNew: 587912K->37828K(613440K), 0.0211303 secs] 1429495K->884991K(2010624K), 0.0211752 secs] [Times: user=0.13 sys=0.00, real=0.02 secs] 
[GC (Allocation Failure) [ParNew: 583172K->49403K(613440K), 0.0222082 secs] 1430335K->902011K(2010624K), 0.0222576 secs] [Times: user=0.06 sys=0.00, real=0.02 secs] 
[GC (Allocation Failure) [ParNew: 594747K->68096K(613440K), 0.1450064 secs] 1447355K->1002601K(2010624K), 0.1450533 secs] [Times: user=0.55 sys=0.00, real=0.14 secs] 
[GC (Allocation Failure) [ParNew: 613440K->29874K(613440K), 0.0595613 secs] 1547945K->1032363K(2010624K), 0.0596075 secs] [Times: user=0.23 sys=0.00, real=0.06 secs] 
[GC (Allocation Failure) [ParNew: 575218K->16037K(613440K), 0.0098674 secs] 1577707K->1018525K(2010624K), 0.0099104 secs] [Times: user=0.00 sys=0.00, real=0.01 secs] 
[GC (Allocation Failure) [ParNew: 561381K->18991K(613440K), 0.0112077 secs] 1563869K->1021480K(2010624K), 0.0112481 secs] [Times: user=0.06 sys=0.00, real=0.01 secs] 
[GC (Allocation Failure) [ParNew: 564335K->26006K(613440K), 0.0132986 secs] 1566824K->1028495K(2010624K), 0.0133461 secs] [Times: user=0.06 sys=0.00, real=0.01 secs] 
[GC (Allocation Failure) [ParNew: 571350K->34307K(613440K), 0.0161966 secs] 1573839K->1036796K(2010624K), 0.0162453 secs] [Times: user=0.06 sys=0.00, real=0.02 secs] 
[GC (Allocation Failure) [ParNew: 579651K->50203K(613440K), 0.0179834 secs] 1582140K->1052692K(2010624K), 0.0180308 secs] [Times: user=0.08 sys=0.00, real=0.02 secs] 
[GC (Allocation Failure) [ParNew: 595547K->48387K(613440K), 0.0302535 secs] 1598036K->1056572K(2010624K), 0.0303267 secs] [Times: user=0.11 sys=0.00, real=0.03 secs] 
[GC (Allocation Failure) [ParNew: 593731K->45710K(613440K), 0.0210745 secs] 1601916K->1059372K(2010624K), 0.0211200 secs] [Times: user=0.08 sys=0.00, real=0.02 secs] 
[GC (Allocation Failure) [ParNew: 591054K->68096K(613440K), 0.1396807 secs] 1604716K->1163933K(2010624K), 0.1397275 secs] [Times: user=0.58 sys=0.01, real=0.13 secs] 
[GC (Allocation Failure) [ParNew: 613440K->29983K(613440K), 0.0546251 secs] 1709277K->1193619K(2010624K), 0.0546706 secs] [Times: user=0.14 sys=0.00, real=0.05 secs] 
[GC (CMS Initial Mark) [1 CMS-initial-mark: 1163636K(1397184K)] 1204585K(2010624K), 0.0046797 secs] [Times: user=0.00 sys=0.00, real=0.00 secs] 
[CMS-concurrent-mark-start]
[CMS-concurrent-mark: 1.273/1.273 secs] [Times: user=3.99 sys=0.02, real=1.28 secs] 
[CMS-concurrent-preclean-start]
[CMS-concurrent-preclean: 0.008/0.008 secs] [Times: user=0.00 sys=0.00, real=0.01 secs] 
[CMS-concurrent-abortable-preclean-start]
[GC (Allocation Failure) [ParNew: 575327K->18086K(613440K), 0.0094267 secs] 1738963K->1181722K(2010624K), 0.0094819 secs] [Times: user=0.00 sys=0.00, real=0.01 secs] 
[CMS-concurrent-abortable-preclean: 0.308/0.949 secs] [Times: user=1.30 sys=0.00, real=0.95 secs] 
[GC (CMS Final Remark) [YG occupancy: 357799 K (613440 K)][Rescan (parallel) , 0.0844250 secs][weak refs processing, 0.0000289 secs][class unloading, 0.0059173 secs][scrub symbol table, 0.0010926 secs][scrub string table, 0.0003792 secs][1 CMS-remark: 1163636K(1397184K)] 1521435K(2010624K), 0.0927520 secs] [Times: user=0.42 sys=0.00, real=0.09 secs] 
[CMS-concurrent-sweep-start]
[GC (Allocation Failure) [ParNew: 563430K->19209K(613440K), 0.0106790 secs] 1622528K->1078307K(2010624K), 0.0107265 secs] [Times: user=0.00 sys=0.00, real=0.01 secs] 
[CMS-concurrent-sweep: 0.693/0.704 secs] [Times: user=1.40 sys=0.00, real=0.71 secs] 
[CMS-concurrent-reset-start]
[CMS-concurrent-reset: 0.003/0.003 secs] [Times: user=0.00 sys=0.00, real=0.00 secs] 
[GC (Allocation Failure) [ParNew: 564553K->25493K(613440K), 0.0165976 secs] 1268485K->729425K(2010624K), 0.0166444 secs] [Times: user=0.05 sys=0.00, real=0.01 secs] 
[GC (Allocation Failure) [ParNew: 570837K->34175K(613440K), 0.0156852 secs] 1274769K->738108K(2010624K), 0.0157462 secs] [Times: user=0.08 sys=0.00, real=0.01 secs] 
[GC (Allocation Failure) [ParNew: 579519K->46315K(613440K), 0.0185967 secs] 1283452K->750247K(2010624K), 0.0186564 secs] [Times: user=0.09 sys=0.00, real=0.02 secs] 
[GC (Allocation Failure) [ParNew: 591659K->47718K(613440K), 0.0231346 secs] 1295591K->757268K(2010624K), 0.0231814 secs] [Times: user=0.08 sys=0.00, real=0.02 secs] 
[GC (Allocation Failure) [ParNew: 593062K->50911K(613440K), 0.0237306 secs] 1302612K->765930K(2010624K), 0.0237800 secs] [Times: user=0.06 sys=0.00, real=0.02 secs] 
[GC (Allocation Failure) [ParNew: 596255K->68096K(613440K), 0.1362611 secs] 1311274K->866088K(2010624K), 0.1363099 secs] [Times: user=0.50 sys=0.00, real=0.14 secs] 
[GC (Allocation Failure) [ParNew: 613440K->41946K(613440K), 0.0545044 secs] 1411432K->907695K(2010624K), 0.0545564 secs] [Times: user=0.17 sys=0.00, real=0.05 secs] 
[GC (Allocation Failure) [ParNew: 587290K->15069K(613440K), 0.0091842 secs] 1453039K->880818K(2010624K), 0.0092316 secs] [Times: user=0.06 sys=0.00, real=0.01 secs] 
[GC (Allocation Failure) [ParNew: 560413K->18535K(613440K), 0.0117768 secs] 1426162K->884284K(2010624K), 0.0118262 secs] [Times: user=0.06 sys=0.00, real=0.01 secs] 
[GC (Allocation Failure) [ParNew: 563879K->27766K(613440K), 0.0143578 secs] 1429628K->893515K(2010624K), 0.0144034 secs] [Times: user=0.05 sys=0.00, real=0.01 secs] 
[GC (Allocation Failure) [ParNew: 573110K->36874K(613440K), 0.0143001 secs] 1438859K->902623K(2010624K), 0.0143591 secs] [Times: user=0.02 sys=0.00, real=0.01 secs] 
[GC (Allocation Failure) [ParNew: 582218K->48605K(613440K), 0.0158559 secs] 1447967K->914354K(2010624K), 0.0159175 secs] [Times: user=0.11 sys=0.00, real=0.02 secs] 
[GC (Allocation Failure) [ParNew: 593949K->43521K(613440K), 0.0230223 secs] 1459698K->914897K(2010624K), 0.0230730 secs] [Times: user=0.13 sys=0.00, real=0.02 secs] 
[GC (Allocation Failure) [ParNew: 588865K->53409K(613440K), 0.0221119 secs] 1460241K->930249K(2010624K), 0.0221632 secs] [Times: user=0.16 sys=0.00, real=0.02 secs] 
[GC (Allocation Failure) [ParNew: 598753K->68096K(613440K), 0.1382218 secs] 1475593K->1023234K(2010624K), 0.1382699 secs] [Times: user=0.42 sys=0.01, real=0.14 secs] 
[GC (Allocation Failure) [ParNew: 613440K->52002K(613440K), 0.0462942 secs] 1568578K->1074957K(2010624K), 0.0463442 secs] [Times: user=0.17 sys=0.00, real=0.05 secs] 
[GC (Allocation Failure) [ParNew: 597346K->15942K(613440K), 0.0088826 secs] 1620301K->1038897K(2010624K), 0.0089262 secs] [Times: user=0.00 sys=0.00, real=0.01 secs] 
[GC (Allocation Failure) [ParNew: 561286K->20445K(613440K), 0.0104211 secs] 1584241K->1043400K(2010624K), 0.0104622 secs] [Times: user=0.08 sys=0.00, real=0.01 secs] 
[GC (Allocation Failure) [ParNew: 565789K->27865K(613440K), 0.0133063 secs] 1588744K->1050820K(2010624K), 0.0133531 secs] [Times: user=0.05 sys=0.00, real=0.01 secs] 
[GC (Allocation Failure) [ParNew: 573209K->34291K(613440K), 0.0144355 secs] 1596164K->1057246K(2010624K), 0.0145824 secs] [Times: user=0.08 sys=0.00, real=0.01 secs] 
[GC (Allocation Failure) [ParNew: 579635K->42166K(613440K), 0.0175933 secs] 1602590K->1065121K(2010624K), 0.0176504 secs] [Times: user=0.09 sys=0.00, real=0.02 secs] 
[GC (Allocation Failure) [ParNew: 587510K->53832K(613440K), 0.0236947 secs] 1610465K->1082404K(2010624K), 0.0237415 secs] [Times: user=0.13 sys=0.00, real=0.02 secs] 
[GC (Allocation Failure) [ParNew: 599176K->59769K(613440K), 0.0252114 secs] 1627748K->1099148K(2010624K), 0.0252710 secs] [Times: user=0.09 sys=0.00, real=0.03 secs] 
[GC (Allocation Failure) [ParNew: 605113K->68096K(613440K), 0.1266721 secs] 1644492K->1185291K(2010624K), 0.1267177 secs] [Times: user=0.41 sys=0.02, real=0.12 secs] 
[GC (Allocation Failure) [ParNew (0: promotion failure size = 2779)  (1: promotion failure size = 2779)  (2: promotion failure size = 2779)  (3: promotion failure size = 2779)  (4: promotion failure size = 2779)  (5: promotion failure size = 2779)  (6: promotion failure size = 2779)  (7: promotion failure size = 2779)  (promotion failed): 613440K->570289K(613440K), 0.4832812 secs][CMS: 1183213K->713963K(1397184K), 2.5902267 secs] 1730635K->713963K(2010624K), [Metaspace: 9999K->9999K(10240K)], 3.0736516 secs] [Times: user=3.17 sys=0.06, real=3.07 secs] 

*** PauseDetector detected a 3079 ms pause at Fri Dec 19 23:05:14 EET 2014 ***

[GC (Allocation Failure) [ParNew: 545344K->7411K(613440K), 0.0072113 secs] 1259307K->721375K(2010624K), 0.0072575 secs] [Times: user=0.06 sys=0.00, real=0.01 secs] 
[GC (Allocation Failure) [ParNew: 552755K->12848K(613440K), 0.0117819 secs] 1266719K->726812K(2010624K), 0.0118685 secs] [Times: user=0.00 sys=0.00, real=0.01 secs] 
[GC (Allocation Failure) [ParNew: 558192K->20624K(613440K), 0.0107111 secs] 1272156K->734587K(2010624K), 0.0107573 secs] [Times: user=0.00 sys=0.00, real=0.01 secs] 
[GC (Allocation Failure) [ParNew: 565968K->27573K(613440K), 0.0137432 secs] 1279931K->741536K(2010624K), 0.0137875 secs] [Times: user=0.06 sys=0.00, real=0.01 secs] 
[GC (Allocation Failure) [ParNew: 572917K->33502K(613440K), 0.0159278 secs] 1286880K->747466K(2010624K), 0.0159784 secs] [Times: user=0.06 sys=0.00, real=0.02 secs] 
[GC (Allocation Failure) [ParNew: 578846K->39342K(613440K), 0.0192351 secs] 1292810K->753305K(2010624K), 0.0192890 secs] [Times: user=0.11 sys=0.00, real=0.02 secs] 
[GC (Allocation Failure) [ParNew: 584686K->43819K(613440K), 0.0216904 secs] 1298649K->763603K(2010624K), 0.0217372 secs] [Times: user=0.06 sys=0.00, real=0.02 secs] 
[GC (Allocation Failure) [ParNew: 589163K->45250K(613440K), 0.0227926 secs] 1308947K->770537K(2010624K), 0.0228414 secs] [Times: user=0.06 sys=0.00, real=0.02 secs] 
[GC (Allocation Failure) [ParNew: 590594K->68096K(613440K), 0.1037563 secs] 1315881K->870739K(2010624K), 0.1038057 secs] [Times: user=0.38 sys=0.02, real=0.10 secs] 
[GC (Allocation Failure) [ParNew: 613440K->37141K(613440K), 0.0430093 secs] 1416083K->908230K(2010624K), 0.0430562 secs] [Times: user=0.13 sys=0.00, real=0.04 secs] 
[GC (Allocation Failure) [ParNew: 582485K->13950K(613440K), 0.0107791 secs] 1453574K->885038K(2010624K), 0.0108394 secs] [Times: user=0.00 sys=0.00, real=0.01 secs] 
[GC (Allocation Failure) [ParNew: 559294K->22312K(613440K), 0.0104327 secs] 1430382K->893401K(2010624K), 0.0105199 secs] [Times: user=0.08 sys=0.00, real=0.01 secs] 
[GC (Allocation Failure) [ParNew: 567656K->25512K(613440K), 0.0147178 secs] 1438745K->896600K(2010624K), 0.0147646 secs] [Times: user=0.06 sys=0.00, real=0.01 secs] 
[GC (Allocation Failure) [ParNew: 570856K->31302K(613440K), 0.0156121 secs] 1441944K->902390K(2010624K), 0.0156583 secs] [Times: user=0.06 sys=0.00, real=0.01 secs] 
[GC (Allocation Failure) [ParNew: 576646K->42499K(613440K), 0.0193095 secs] 1447734K->913588K(2010624K), 0.0193634 secs] [Times: user=0.06 sys=0.00, real=0.02 secs] 
[GC (Allocation Failure) [ParNew: 587843K->43617K(613440K), 0.0197509 secs] 1458932K->920331K(2010624K), 0.0198016 secs] [Times: user=0.08 sys=0.00, real=0.02 secs] 
[GC (Allocation Failure) [ParNew: 588961K->45230K(613440K), 0.0218944 secs] 1465675K->927414K(2010624K), 0.0219438 secs] [Times: user=0.11 sys=0.00, real=0.02 secs] 
[GC (Allocation Failure) [ParNew: 590574K->68096K(613440K), 0.0987020 secs] 1472758K->1026514K(2010624K), 0.0987507 secs] [Times: user=0.39 sys=0.00, real=0.10 secs] 
[GC (Allocation Failure) [ParNew: 613440K->29147K(613440K), 0.0423228 secs] 1571858K->1055664K(2010624K), 0.0423684 secs] [Times: user=0.14 sys=0.00, real=0.04 secs] 
[GC (Allocation Failure) [ParNew: 574491K->15661K(613440K), 0.0087511 secs] 1601008K->1042179K(2010624K), 0.0088980 secs] [Times: user=0.06 sys=0.00, real=0.01 secs] 
[GC (Allocation Failure) [ParNew: 561005K->22211K(613440K), 0.0101812 secs] 1587523K->1048728K(2010624K), 0.0102428 secs] [Times: user=0.08 sys=0.00, real=0.01 secs] 
[GC (Allocation Failure) [ParNew: 567555K->25498K(613440K), 0.0133133 secs] 1594072K->1052016K(2010624K), 0.0133736 secs] [Times: user=0.06 sys=0.00, real=0.01 secs] 
[GC (Allocation Failure) [ParNew: 570842K->31317K(613440K), 0.0161421 secs] 1597360K->1057834K(2010624K), 0.0162967 secs] [Times: user=0.06 sys=0.00, real=0.02 secs] 
[GC (Allocation Failure) [ParNew: 576661K->39269K(613440K), 0.0179943 secs] 1603178K->1065786K(2010624K), 0.0180411 secs] [Times: user=0.13 sys=0.00, real=0.02 secs] 
[GC (Allocation Failure) [ParNew: 584613K->43652K(613440K), 0.0233822 secs] 1611130K->1075803K(2010624K), 0.0234310 secs] [Times: user=0.06 sys=0.00, real=0.02 secs] 
[GC (Allocation Failure) [ParNew: 588996K->38537K(613440K), 0.0214286 secs] 1621147K->1076166K(2010624K), 0.0214793 secs] [Times: user=0.06 sys=0.00, real=0.02 secs] 
[GC (Allocation Failure) [ParNew: 583881K->68096K(613440K), 0.1126299 secs] 1621510K->1191154K(2010624K), 0.1126755 secs] [Times: user=0.34 sys=0.00, real=0.11 secs] 
[GC (Allocation Failure) [ParNew: 613440K->19510K(613440K), 0.0369657 secs] 1736498K->1210397K(2010624K), 0.0370119 secs] [Times: user=0.08 sys=0.00, real=0.04 secs] 
[GC (CMS Initial Mark) [1 CMS-initial-mark: 1190886K(1397184K)] 1221258K(2010624K), 0.0054816 secs] [Times: user=0.00 sys=0.00, real=0.01 secs] 
[CMS-concurrent-mark-start]
[CMS-concurrent-mark: 1.183/1.183 secs] [Times: user=3.64 sys=0.00, real=1.18 secs] 
[CMS-concurrent-preclean-start]
[CMS-concurrent-preclean: 0.005/0.005 secs] [Times: user=0.00 sys=0.00, real=0.01 secs] 
[CMS-concurrent-abortable-preclean-start]
[GC (Allocation Failure) [ParNew: 564854K->14771K(613440K), 0.0075751 secs] 1755741K->1205658K(2010624K), 0.0076181 secs] [Times: user=0.00 sys=0.00, real=0.01 secs] 
[CMS-concurrent-abortable-preclean: 0.325/1.056 secs] [Times: user=1.42 sys=0.00, real=1.06 secs] 
[GC (CMS Final Remark) [YG occupancy: 353423 K (613440 K)][Rescan (parallel) , 0.0745376 secs][weak refs processing, 0.0000218 secs][class unloading, 0.0087229 secs][scrub symbol table, 0.0016591 secs][scrub string table, 0.0003811 secs][1 CMS-remark: 1190886K(1397184K)] 1544310K(2010624K), 0.0862317 secs] [Times: user=0.42 sys=0.00, real=0.09 secs] 
[CMS-concurrent-sweep-start]
[GC (Allocation Failure) [ParNew: 560115K->21071K(613440K), 0.0096422 secs] 1750878K->1211834K(2010624K), 0.0096904 secs] [Times: user=0.09 sys=0.00, real=0.01 secs] 
[CMS-concurrent-sweep: 0.682/0.692 secs] [Times: user=1.45 sys=0.00, real=0.69 secs] 
[CMS-concurrent-reset-start]
[CMS-concurrent-reset: 0.003/0.003 secs] [Times: user=0.00 sys=0.00, real=0.00 secs] 
[GC (Allocation Failure) [ParNew: 566415K->25739K(613440K), 0.0130381 secs] 1284717K->744041K(2010624K), 0.0130888 secs] [Times: user=0.06 sys=0.00, real=0.01 secs] 
[GC (Allocation Failure) [ParNew: 571083K->31719K(613440K), 0.0156480 secs] 1289385K->750020K(2010624K), 0.0156968 secs] [Times: user=0.03 sys=0.00, real=0.01 secs] 
[GC (Allocation Failure) [ParNew: 577063K->42230K(613440K), 0.0211489 secs] 1295364K->760531K(2010624K), 0.0211970 secs] [Times: user=0.05 sys=0.00, real=0.02 secs] 
[GC (Allocation Failure) [ParNew: 587574K->51550K(613440K), 0.0207954 secs] 1305875K->775539K(2010624K), 0.0208442 secs] [Times: user=0.13 sys=0.00, real=0.02 secs] 
[GC (Allocation Failure) [ParNew: 596894K->57567K(613440K), 0.0200287 secs] 1320883K->787037K(2010624K), 0.0200852 secs] [Times: user=0.08 sys=0.00, real=0.02 secs] 
[GC (Allocation Failure) [ParNew: 602911K->68096K(613440K), 0.0946677 secs] 1332381K->873337K(2010624K), 0.0947165 secs] [Times: user=0.30 sys=0.02, real=0.09 secs] 
[GC (Allocation Failure) [ParNew: 613440K->28137K(613440K), 0.0383117 secs] 1418681K->901190K(2010624K), 0.0383611 secs] [Times: user=0.13 sys=0.00, real=0.04 secs] 
[GC (Allocation Failure) [ParNew: 573481K->15816K(613440K), 0.0089115 secs] 1446534K->888869K(2010624K), 0.0089596 secs] [Times: user=0.06 sys=0.00, real=0.01 secs] 
[GC (Allocation Failure) [ParNew: 561160K->21431K(613440K), 0.0153202 secs] 1434213K->894485K(2010624K), 0.0153754 secs] [Times: user=0.05 sys=0.00, real=0.02 secs] 
[GC (Allocation Failure) [ParNew: 566775K->26017K(613440K), 0.0135725 secs] 1439829K->899071K(2010624K), 0.0136200 secs] [Times: user=0.06 sys=0.00, real=0.01 secs] 
[GC (Allocation Failure) [ParNew: 571361K->30979K(613440K), 0.0149834 secs] 1444415K->904032K(2010624K), 0.0150263 secs] [Times: user=0.06 sys=0.00, real=0.02 secs] 
[GC (Allocation Failure) [ParNew: 576323K->39117K(613440K), 0.0175721 secs] 1449376K->912170K(2010624K), 0.0176170 secs] [Times: user=0.06 sys=0.00, real=0.02 secs] 
[GC (Allocation Failure) [ParNew: 584461K->43555K(613440K), 0.0212849 secs] 1457514K->922228K(2010624K), 0.0213375 secs] [Times: user=0.05 sys=0.00, real=0.02 secs] 
[GC (Allocation Failure) [ParNew: 588899K->45188K(613440K), 0.0212875 secs] 1467572K->929336K(2010624K), 0.0213350 secs] [Times: user=0.06 sys=0.00, real=0.02 secs] 
[GC (Allocation Failure) [ParNew: 590532K->68096K(613440K), 0.0934693 secs] 1474680K->1027794K(2010624K), 0.0935187 secs] [Times: user=0.33 sys=0.00, real=0.09 secs] 
[GC (Allocation Failure) [ParNew: 613440K->44567K(613440K), 0.0519330 secs] 1573138K->1072106K(2010624K), 0.0519843 secs] [Times: user=0.17 sys=0.00, real=0.05 secs] 
[GC (Allocation Failure) [ParNew: 589911K->16242K(613440K), 0.0087825 secs] 1617450K->1043781K(2010624K), 0.0088313 secs] [Times: user=0.06 sys=0.00, real=0.01 secs] 
[GC (Allocation Failure) [ParNew: 561586K->20083K(613440K), 0.0113116 secs] 1589125K->1047622K(2010624K), 0.0113610 secs] [Times: user=0.06 sys=0.00, real=0.00 secs] 
[GC (Allocation Failure) [ParNew: 565427K->28079K(613440K), 0.0170223 secs] 1592966K->1055618K(2010624K), 0.0171147 secs] [Times: user=0.05 sys=0.00, real=0.02 secs] 
[GC (Allocation Failure) [ParNew: 573423K->31031K(613440K), 0.0151258 secs] 1600962K->1058570K(2010624K), 0.0152361 secs] [Times: user=0.06 sys=0.00, real=0.01 secs] 
[Full GC (System.gc()) [CMS: 1027538K->738845K(1397184K), 2.2915853 secs] 1157083K->738845K(2010624K), [Metaspace: 9999K->9999K(10240K)], 2.2918279 secs] [Times: user=2.28 sys=0.00, real=2.29 secs] 

*** PauseDetector detected a 2296 ms pause at Fri Dec 19 23:06:27 EET 2014 ***

[Full GC (System.gc()) [CMS: 738845K->738775K(1397184K), 1.8775957 secs] 750907K->738775K(2010624K), [Metaspace: 9999K->9999K(10240K)], 1.8778131 secs] [Times: user=1.87 sys=0.00, real=1.88 secs] 
[Full GC (System.gc()) [CMS: 738775K->738838K(1397184K), 1.7099762 secs] 749636K->738838K(2010624K), [Metaspace: 9999K->9999K(10240K)], 1.7101809 secs] [Times: user=1.72 sys=0.00, real=1.71 secs] 

*** PauseDetector detected a 3590 ms pause at Fri Dec 19 23:06:30 EET 2014 ***

[GC (Allocation Failure) [ParNew: 545344K->17331K(613440K), 0.0107849 secs] 1284182K->756169K(2010624K), 0.0110896 secs] [Times: user=0.00 sys=0.00, real=0.01 secs] 
[GC (Allocation Failure) [ParNew: 562675K->68096K(613440K), 0.0782370 secs] 1301513K->855357K(2010624K), 0.0782889 secs] [Times: user=0.25 sys=0.00, real=0.08 secs] 
[GC (Allocation Failure) [ParNew: 613440K->19601K(613440K), 0.0438889 secs] 1400701K->875137K(2010624K), 0.0439332 secs] [Times: user=0.13 sys=0.00, real=0.04 secs] 
[GC (Allocation Failure) [ParNew: 564945K->14526K(613440K), 0.0181053 secs] 1420481K->870063K(2010624K), 0.0181617 secs] [Times: user=0.05 sys=0.00, real=0.02 secs] 
[GC (Allocation Failure) [ParNew: 559870K->20431K(613440K), 0.0189919 secs] 1415407K->875967K(2010624K), 0.0190612 secs] [Times: user=0.05 sys=0.00, real=0.02 secs] 
[GC (Allocation Failure) [ParNew: 565775K->27627K(613440K), 0.0156756 secs] 1421311K->883163K(2010624K), 0.0157372 secs] [Times: user=0.08 sys=0.00, real=0.02 secs] 
[GC (Allocation Failure) [ParNew: 572971K->31412K(613440K), 0.0195328 secs] 1428507K->886948K(2010624K), 0.0195841 secs] [Times: user=0.06 sys=0.00, real=0.02 secs] 
[Full GC (System.gc()) [CMS: 855536K->739112K(1397184K), 2.1824757 secs] 897886K->739112K(2010624K), [Metaspace: 9999K->9999K(10240K)], 2.1827888 secs] [Times: user=2.18 sys=0.00, real=2.18 secs] 
[Full GC (System.gc()) [CMS: 739112K->739156K(1397184K), 1.6162709 secs] 750838K->739156K(2010624K), [Metaspace: 9999K->9999K(10240K)]
*** PauseDetector detected a 2184 ms pause at Fri Dec 19 23:06:43 EET 2014 ***

, 1.6165692 secs] [Times: user=1.62 sys=0.00, real=1.62 secs] 
[Full GC (System.gc()) [CMS: 739156K->739086K(1397184K), 1.5942693 secs] 750882K->739086K(2010624K), [Metaspace: 9999K->9999K(10240K)]
*** PauseDetector detected a 3212 ms pause at Fri Dec 19 23:06:46 EET 2014 ***

, 1.5946087 secs] [Times: user=1.59 sys=0.00, real=1.60 secs] 
********************************
********** ROUND    3 **********
********************************
[GC (Allocation Failure) [ParNew: 545344K->13022K(613440K), 0.0075052 secs] 1284430K->752108K(2010624K), 0.0075520 secs] [Times: user=0.00 sys=0.00, real=0.01 secs] 
[GC (Allocation Failure) [ParNew: 558366K->68096K(613440K), 0.0723473 secs] 1297452K->855327K(2010624K), 0.0723954 secs] [Times: user=0.31 sys=0.00, real=0.07 secs] 
[GC (Allocation Failure) [ParNew: 613440K->19703K(613440K), 0.0369092 secs] 1400671K->875256K(2010624K), 0.0369548 secs] [Times: user=0.13 sys=0.00, real=0.04 secs] 
[GC (Allocation Failure) [ParNew: 565047K->14591K(613440K), 0.0099573 secs] 1420600K->870144K(2010624K), 0.0100015 secs] [Times: user=0.05 sys=0.00, real=0.01 secs] 
[GC (Allocation Failure) [ParNew: 559935K->21506K(613440K), 0.0122676 secs] 1415488K->877059K(2010624K), 0.0123529 secs] [Times: user=0.06 sys=0.00, real=0.01 secs] 
[GC (Allocation Failure) [ParNew: 566850K->26181K(613440K), 0.0127905 secs] 1422403K->881734K(2010624K), 0.0128418 secs] [Times: user=0.00 sys=0.00, real=0.01 secs] 
[GC (Allocation Failure) [ParNew: 571525K->31492K(613440K), 0.0156711 secs] 1427078K->887045K(2010624K), 0.0157475 secs] [Times: user=0.06 sys=0.00, real=0.02 secs] 
[GC (Allocation Failure) [ParNew: 576836K->39064K(613440K), 0.0179179 secs] 1432389K->894616K(2010624K), 0.0179673 secs] [Times: user=0.06 sys=0.00, real=0.02 secs] 
[GC (Allocation Failure) [ParNew: 584408K->43799K(613440K), 0.0219015 secs] 1439960K->905006K(2010624K), 0.0219509 secs] [Times: user=0.06 sys=0.00, real=0.02 secs] 
[GC (Allocation Failure) [ParNew: 589143K->41364K(613440K), 0.0221928 secs] 1450350K->908075K(2010624K), 0.0222434 secs] [Times: user=0.06 sys=0.00, real=0.02 secs] 
[GC (Allocation Failure) [ParNew: 586708K->68096K(613440K), 0.0831341 secs] 1453419K->1009504K(2010624K), 0.0832233 secs] [Times: user=0.44 sys=0.00, real=0.08 secs] 
[GC (Allocation Failure) [ParNew: 613440K->22307K(613440K), 0.0374834 secs] 1554848K->1031666K(2010624K), 0.0375264 secs] [Times: user=0.14 sys=0.00, real=0.04 secs] 
[GC (Allocation Failure) [ParNew: 567651K->16630K(613440K), 0.0087165 secs] 1577010K->1025988K(2010624K), 0.0087620 secs] [Times: user=0.06 sys=0.00, real=0.01 secs] 
[GC (Allocation Failure) [ParNew: 561974K->20622K(613440K), 0.0112006 secs] 1571332K->1029980K(2010624K), 0.0112468 secs] [Times: user=0.06 sys=0.00, real=0.01 secs] 
[GC (Allocation Failure) [ParNew: 565966K->25915K(613440K), 0.0124613 secs] 1575324K->1035273K(2010624K), 0.0125088 secs] [Times: user=0.08 sys=0.00, real=0.01 secs] 
[GC (Allocation Failure) [ParNew: 571259K->31454K(613440K), 0.0155229 secs] 1580617K->1040813K(2010624K), 0.0155858 secs] [Times: user=0.06 sys=0.00, real=0.01 secs] 
[GC (Allocation Failure) [ParNew: 576798K->39063K(613440K), 0.0182599 secs] 1586157K->1048422K(2010624K), 0.0183119 secs] [Times: user=0.06 sys=0.00, real=0.02 secs] 
[GC (Allocation Failure) [ParNew: 584407K->43812K(613440K), 0.0213837 secs] 1593766K->1058833K(2010624K), 0.0214261 secs] [Times: user=0.05 sys=0.00, real=0.02 secs] 
[GC (Allocation Failure) [ParNew: 589156K->41375K(613440K), 0.0283211 secs] 1604177K->1061902K(2010624K), 0.0284269 secs] [Times: user=0.06 sys=0.00, real=0.03 secs] 
[GC (Allocation Failure) [ParNew: 586719K->68096K(613440K), 0.0822956 secs] 1607246K->1163221K(2010624K), 0.0823450 secs] [Times: user=0.36 sys=0.00, real=0.08 secs] 
[GC (Allocation Failure) [ParNew: 613440K->37179K(613440K), 0.0376040 secs] 1708565K->1200231K(2010624K), 0.0377208 secs] [Times: user=0.14 sys=0.00, real=0.04 secs] 
[GC (CMS Initial Mark) [1 CMS-initial-mark: 1163051K(1397184K)] 1211168K(2010624K), 0.0051166 secs] [Times: user=0.00 sys=0.00, real=0.01 secs] 
[CMS-concurrent-mark-start]
[CMS-concurrent-mark: 1.191/1.191 secs] [Times: user=3.59 sys=0.00, real=1.19 secs] 
[CMS-concurrent-preclean-start]
[CMS-concurrent-preclean: 0.005/0.005 secs] [Times: user=0.03 sys=0.00, real=0.01 secs] 
[CMS-concurrent-abortable-preclean-start]
[GC (Allocation Failure) [ParNew: 582523K->15967K(613440K), 0.0086651 secs] 1745575K->1179019K(2010624K), 0.0087145 secs] [Times: user=0.00 sys=0.00, real=0.01 secs] 
[CMS-concurrent-abortable-preclean: 0.283/1.039 secs] [Times: user=1.26 sys=0.00, real=1.04 secs] 
[GC (CMS Final Remark) [YG occupancy: 347248 K (613440 K)][Rescan (parallel) , 0.0791223 secs][weak refs processing, 0.0000212 secs][class unloading, 0.0066005 secs][scrub symbol table, 0.0012581 secs][scrub string table, 0.0004183 secs][1 CMS-remark: 1163051K(1397184K)] 1510299K(2010624K), 0.0888101 secs] [Times: user=0.34 sys=0.00, real=0.09 secs] 
[CMS-concurrent-sweep-start]
[GC (Allocation Failure) [ParNew: 561311K->24030K(613440K), 0.0104205 secs] 1485445K->948164K(2010624K), 0.0104744 secs] [Times: user=0.00 sys=0.00, real=0.01 secs] 
[CMS-concurrent-sweep: 0.581/0.591 secs] [Times: user=1.20 sys=0.00, real=0.59 secs] 
[CMS-concurrent-reset-start]
[CMS-concurrent-reset: 0.003/0.003 secs] [Times: user=0.00 sys=0.00, real=0.00 secs] 
[GC (Allocation Failure) [ParNew: 569374K->25693K(613440K), 0.0129842 secs] 1297500K->753819K(2010624K), 0.0130304 secs] [Times: user=0.06 sys=0.00, real=0.01 secs] 
[GC (Allocation Failure) [ParNew: 571037K->34140K(613440K), 0.0152207 secs] 1299163K->762267K(2010624K), 0.0152644 secs] [Times: user=0.08 sys=0.00, real=0.02 secs] 
[GC (Allocation Failure) [ParNew: 579484K->39491K(613440K), 0.0176600 secs] 1307611K->767617K(2010624K), 0.0177094 secs] [Times: user=0.06 sys=0.00, real=0.02 secs] 
[GC (Allocation Failure) [ParNew: 584835K->43897K(613440K), 0.0212278 secs] 1312961K->777699K(2010624K), 0.0212747 secs] [Times: user=0.06 sys=0.00, real=0.02 secs] 
[GC (Allocation Failure) [ParNew: 589241K->41363K(613440K), 0.0211290 secs] 1323043K->780678K(2010624K), 0.0211752 secs] [Times: user=0.11 sys=0.00, real=0.02 secs] 
[GC (Allocation Failure) [ParNew: 586707K->68096K(613440K), 0.0786899 secs] 1326022K->881832K(2010624K), 0.0787387 secs] [Times: user=0.26 sys=0.00, real=0.08 secs] 
[GC (Allocation Failure) [ParNew: 613440K->29169K(613440K), 0.0347099 secs] 1427176K->910720K(2010624K), 0.0348235 secs] [Times: user=0.13 sys=0.00, real=0.03 secs] 
[GC (Allocation Failure) [ParNew: 574513K->15976K(613440K), 0.0090456 secs] 1456064K->897527K(2010624K), 0.0090943 secs] [Times: user=0.01 sys=0.00, real=0.01 secs] 
[GC (Allocation Failure) [ParNew: 561320K->20351K(613440K), 0.0116408 secs] 1442871K->901902K(2010624K), 0.0116850 secs] [Times: user=0.06 sys=0.00, real=0.01 secs] 
[GC (Allocation Failure) [ParNew: 565695K->24537K(613440K), 0.0132736 secs] 1447246K->906088K(2010624K), 0.0133165 secs] [Times: user=0.06 sys=0.00, real=0.01 secs] 
[GC (Allocation Failure) [ParNew: 569881K->32889K(613440K), 0.0155082 secs] 1451432K->914440K(2010624K), 0.0155556 secs] [Times: user=0.06 sys=0.00, real=0.01 secs] 
[GC (Allocation Failure) [ParNew: 578233K->39184K(613440K), 0.0184299 secs] 1459784K->920735K(2010624K), 0.0184774 secs] [Times: user=0.06 sys=0.00, real=0.02 secs] 
[GC (Allocation Failure) [ParNew: 584528K->47802K(613440K), 0.0205676 secs] 1466079K->935007K(2010624K), 0.0206132 secs] [Times: user=0.06 sys=0.00, real=0.02 secs] 
[GC (Allocation Failure) [ParNew: 593146K->49633K(613440K), 0.0218521 secs] 1480351K->942348K(2010624K), 0.0219028 secs] [Times: user=0.06 sys=0.00, real=0.02 secs] 
[GC (Allocation Failure) [ParNew: 594977K->68096K(613440K), 0.0789196 secs] 1487692K->1035165K(2010624K), 0.0789716 secs] [Times: user=0.22 sys=0.00, real=0.07 secs] 
[GC (Allocation Failure) [ParNew: 613440K->37175K(613440K), 0.0340645 secs] 1580509K->1072096K(2010624K), 0.0341145 secs] [Times: user=0.06 sys=0.00, real=0.03 secs] 
[GC (Allocation Failure) [ParNew: 582519K->16262K(613440K), 0.0086908 secs] 1617440K->1051183K(2010624K), 0.0087395 secs] [Times: user=0.06 sys=0.00, real=0.01 secs] 
[GC (Allocation Failure) [ParNew: 561606K->68096K(613440K), 0.0620423 secs] 1596527K->1149182K(2010624K), 0.0620898 secs] [Times: user=0.23 sys=0.02, real=0.06 secs] 
[GC (Allocation Failure) [ParNew (0: promotion failure size = 93)  (1: promotion failure size = 1854)  (2: promotion failure size = 93)  (3: promotion failure size = 1854)  (4: promotion failure size = 1854)  (5: promotion failure size = 1854)  (6: promotion failure size = 1854)  (7: promotion failure size = 1854)  (promotion failed): 613440K->592714K(613440K), 0.9689022 secs][CMS: 1108545K->733608K(1397184K), 2.2835920 secs] 1694526K->733608K(2010624K), [Metaspace: 9999K->9999K(10240K)]
*** PauseDetector detected a 3259 ms pause at Fri Dec 19 23:07:48 EET 2014 ***

, 3.2526789 secs] [Times: user=3.24 sys=0.06, real=3.25 secs] 
[GC (Allocation Failure) [ParNew: 545344K->68096K(613440K), 0.0538295 secs] 1278952K->842559K(2010624K), 0.0538789 secs] [Times: user=0.28 sys=0.00, real=0.05 secs] 
[GC (Allocation Failure) [ParNew: 613440K->27357K(613440K), 0.0297216 secs] 1387903K->865666K(2010624K), 0.0297672 secs] [Times: user=0.11 sys=0.00, real=0.02 secs] 
[GC (Allocation Failure) [ParNew: 572701K->68096K(613440K), 0.0551120 secs] 1411010K->946294K(2010624K), 0.0551627 secs] [Times: user=0.25 sys=0.00, real=0.06 secs] 
[GC (Allocation Failure) [ParNew: 613440K->27420K(613440K), 0.0288420 secs] 1491638K->969158K(2010624K), 0.0289190 secs] [Times: user=0.13 sys=0.00, real=0.03 secs] 
[GC (Allocation Failure) [ParNew: 572764K->68096K(613440K), 0.0526381 secs] 1514502K->1049669K(2010624K), 0.0526881 secs] [Times: user=0.14 sys=0.00, real=0.05 secs] 
[GC (Allocation Failure) [ParNew: 613440K->20568K(613440K), 0.0312601 secs] 1595013K->1065605K(2010624K), 0.0313160 secs] [Times: user=0.13 sys=0.00, real=0.03 secs] 
[GC (Allocation Failure) [ParNew: 565912K->68096K(613440K), 0.0541272 secs] 1610949K->1152874K(2010624K), 0.0541849 secs] [Times: user=0.20 sys=0.00, real=0.05 secs] 
[GC (Allocation Failure) [ParNew: 613440K->27425K(613440K), 0.0279695 secs] 1698218K->1175662K(2010624K), 0.0280869 secs] [Times: user=0.13 sys=0.00, real=0.02 secs] 
[GC (CMS Initial Mark) [1 CMS-initial-mark: 1148237K(1397184K)] 1186599K(2010624K), 0.0031643 secs] [Times: user=0.00 sys=0.00, real=0.00 secs] 
[CMS-concurrent-mark-start]
[CMS-concurrent-mark: 1.134/1.134 secs] [Times: user=3.71 sys=0.00, real=1.14 secs] 
[CMS-concurrent-preclean-start]
[CMS-concurrent-preclean: 0.074/0.077 secs] [Times: user=0.16 sys=0.00, real=0.08 secs] 
[CMS-concurrent-abortable-preclean-start]
[GC (Allocation Failure) [ParNew: 572769K->68096K(613440K), 0.0545558 secs] 1721006K->1256005K(2010624K), 0.0546026 secs] [Times: user=0.19 sys=0.00, real=0.05 secs] 
[CMS-concurrent-abortable-preclean: 0.555/1.141 secs] [Times: user=1.89 sys=0.00, real=1.14 secs] 
[GC (CMS Final Remark) [YG occupancy: 387589 K (613440 K)][Rescan (parallel) , 0.0799333 secs][weak refs processing, 0.0000199 secs][class unloading, 0.0064786 secs][scrub symbol table, 0.0012671 secs][scrub string table, 0.0003747 secs][1 CMS-remark: 1187909K(1397184K)] 1575498K(2010624K), 0.0889859 secs] [Times: user=0.36 sys=0.00, real=0.09 secs] 
[CMS-concurrent-sweep-start]
[CMS-concurrent-sweep: 0.483/0.483 secs] [Times: user=0.97 sys=0.00, real=0.48 secs] 
[CMS-concurrent-reset-start]
[CMS-concurrent-reset: 0.003/0.003 secs] [Times: user=0.00 sys=0.00, real=0.00 secs] 
[GC (Allocation Failure) [ParNew: 613440K->41136K(613440K), 0.0268589 secs] 1287717K->778941K(2010624K), 0.0269103 secs] [Times: user=0.19 sys=0.00, real=0.03 secs] 
[GC (Allocation Failure) [ParNew: 586480K->68096K(613440K), 0.1874261 secs] 1324285K->873572K(2010624K), 0.1874755 secs] [Times: user=0.84 sys=0.01, real=0.19 secs] 
[GC (Allocation Failure) [ParNew: 613440K->20497K(613440K), 0.0880640 secs] 1418916K->890350K(2010624K), 0.0881179 secs] [Times: user=0.36 sys=0.00, real=0.09 secs] 
[GC (Allocation Failure) [ParNew: 565841K->68096K(613440K), 0.1953310 secs] 1435694K->994764K(2010624K), 0.1953798 secs] [Times: user=0.86 sys=0.00, real=0.20 secs] 
[GC (Allocation Failure) [ParNew: 613440K->27402K(613440K), 0.0795522 secs] 1540108K->1017765K(2010624K), 0.0796010 secs] [Times: user=0.28 sys=0.00, real=0.08 secs] 
[GC (Allocation Failure) [ParNew: 572746K->68096K(613440K), 0.1735655 secs] 1563109K->1112817K(2010624K), 0.1736239 secs] [Times: user=0.70 sys=0.00, real=0.17 secs] 
[GC (Allocation Failure) [ParNew (0: promotion failure size = 9372)  (1: promotion failure size = 9372)  (2: promotion failure size = 9372)  (3: promotion failure size = 9372)  (4: promotion failure size = 9372)  (5: promotion failure size = 9372)  (6: promotion failure size = 9372)  (7: promotion failure size = 9372)  (promotion failed): 613440K->572715K(613440K), 9.7300678 secs][CMS: 1069413K->758813K(1397184K), 2.2858535 secs] 1658161K->758813K(2010624K), [Metaspace: 9999K->9999K(10240K)], 12.0161023 secs] [Times: user=12.64 sys=1.36, real=12.01 secs] 

*** PauseDetector detected a 12019 ms pause at Fri Dec 19 23:08:25 EET 2014 ***

[GC (Allocation Failure) [ParNew: 545344K->68096K(613440K), 0.1352949 secs] 1304157K->879958K(2010624K), 0.1353481 secs] [Times: user=0.53 sys=0.00, real=0.14 secs] 
[GC (Allocation Failure) [ParNew: 613440K->27075K(613440K), 0.0655229 secs] 1425302K->902369K(2010624K), 0.0655716 secs] [Times: user=0.20 sys=0.00, real=0.07 secs] 
[GC (Allocation Failure) [ParNew: 572419K->68096K(613440K), 0.1243432 secs] 1447713K->993430K(2010624K), 0.1244946 secs] [Times: user=0.53 sys=0.00, real=0.12 secs] 
[GC (Allocation Failure) [ParNew: 613440K->40687K(613440K), 0.0727496 secs] 1538774K->1029414K(2010624K), 0.0728003 secs] [Times: user=0.20 sys=0.00, real=0.07 secs] 
[GC (Allocation Failure) [ParNew: 586031K->68096K(613440K), 0.1128853 secs] 1574758K->1103340K(2010624K), 0.1129398 secs] [Times: user=0.45 sys=0.00, real=0.11 secs] 
[GC (Allocation Failure) [ParNew: 613440K->27353K(613440K), 0.0540810 secs] 1648684K->1126400K(2010624K), 0.0541259 secs] [Times: user=0.19 sys=0.00, real=0.05 secs] 
[GC (Allocation Failure) [ParNew: 572697K->68096K(613440K), 0.1039353 secs] 1671744K->1212934K(2010624K), 0.1039834 secs] [Times: user=0.47 sys=0.00, real=0.10 secs] 
[GC (Allocation Failure) [ParNew: 613440K->47992K(613440K), 0.0477127 secs] 1758278K->1256489K(2010624K), 0.0477717 secs] [Times: user=0.17 sys=0.00, real=0.05 secs] 
[GC (CMS Initial Mark) [1 CMS-initial-mark: 1208496K(1397184K)] 1267426K(2010624K), 0.0026754 secs] [Times: user=0.00 sys=0.00, real=0.00 secs] 
[CMS-concurrent-mark-start]
[CMS-concurrent-mark: 1.481/1.481 secs] [Times: user=4.91 sys=0.00, real=1.48 secs] 
[CMS-concurrent-preclean-start]
[GC (Allocation Failure) [ParNew: 593336K->68096K(613440K), 0.0876611 secs] 1801833K->1321801K(2010624K), 0.0877195 secs] [Times: user=0.56 sys=0.00, real=0.09 secs] 
[CMS-concurrent-preclean: 0.149/0.244 secs] [Times: user=0.87 sys=0.00, real=0.24 secs] 
[GC (CMS Final Remark) [YG occupancy: 68165 K (613440 K)][Rescan (parallel) , 0.0523013 secs][weak refs processing, 0.0000205 secs][class unloading, 0.0076027 secs][scrub symbol table, 0.0012280 secs][scrub string table, 0.0003811 secs][1 CMS-remark: 1253705K(1397184K)] 1321871K(2010624K), 0.0624645 secs] [Times: user=0.39 sys=0.00, real=0.06 secs] 
[CMS-concurrent-sweep-start]
[CMS-concurrent-sweep: 0.774/0.774 secs] [Times: user=1.53 sys=0.00, real=0.77 secs] 
[CMS-concurrent-reset-start]
[CMS-concurrent-reset: 0.003/0.003 secs] [Times: user=0.03 sys=0.00, real=0.00 secs] 
[GC (Allocation Failure) [ParNew: 613440K->34215K(613440K), 0.0667265 secs] 1297997K->782329K(2010624K), 0.0667771 secs] [Times: user=0.25 sys=0.00, real=0.06 secs] 
[GC (Allocation Failure) [ParNew: 579559K->68096K(613440K), 0.0898720 secs] 1327673K->862078K(2010624K), 0.0899143 secs] [Times: user=0.36 sys=0.00, real=0.09 secs] 
[GC (Allocation Failure) [ParNew: 613440K->33695K(613440K), 0.0412636 secs] 1407422K->890095K(2010624K), 0.0413130 secs] [Times: user=0.12 sys=0.00, real=0.04 secs] 
[GC (Allocation Failure) [ParNew (0: promotion failure size = 2779)  (1: promotion failure size = 2779)  (2: promotion failure size = 2779)  (3: promotion failure size = 2779)  (4: promotion failure size = 2779)  (5: promotion failure size = 2779)  (6: promotion failure size = 2779)  (7: promotion failure size = 2779)  (promotion failed): 579039K->613440K(613440K), 0.2371374 secs][CMS: 899264K->746823K(1397184K), 2.1791017 secs] 1435439K->746823K(2010624K), [Metaspace: 9999K->9999K(10240K)], 2.4163026 secs] [Times: user=2.67 sys=0.02, real=2.42 secs] 

*** PauseDetector detected a 2420 ms pause at Fri Dec 19 23:08:48 EET 2014 ***

[GC (Allocation Failure) [ParNew: 545344K->27352K(613440K), 0.0066448 secs] 1292167K->774175K(2010624K), 0.0066923 secs] [Times: user=0.00 sys=0.00, real=0.01 secs] 
[GC (Allocation Failure) [ParNew: 572696K->68096K(613440K), 0.0689444 secs] 1319519K->858705K(2010624K), 0.0689944 secs] [Times: user=0.34 sys=0.00, real=0.07 secs] 
[GC (Allocation Failure) [ParNew: 613440K->34280K(613440K), 0.0393113 secs] 1404049K->889044K(2010624K), 0.0393575 secs] [Times: user=0.12 sys=0.00, real=0.04 secs] 
[GC (Allocation Failure) [ParNew: 579624K->68096K(613440K), 0.0708666 secs] 1434388K->968086K(2010624K), 0.0709127 secs] [Times: user=0.28 sys=0.00, real=0.07 secs] 
[GC (Allocation Failure) [ParNew: 613440K->26455K(613440K), 0.0360007 secs] 1513430K->987587K(2010624K), 0.0361599 secs] [Times: user=0.06 sys=0.00, real=0.03 secs] 
[GC (Allocation Failure) [ParNew: 571799K->68096K(613440K), 0.0696411 secs] 1532931K->1071731K(2010624K), 0.0696905 secs] [Times: user=0.30 sys=0.00, real=0.07 secs] 
[GC (Allocation Failure) [ParNew: 613440K->27366K(613440K), 0.0375264 secs] 1617075K->1094797K(2010624K), 0.0375739 secs] [Times: user=0.12 sys=0.00, real=0.04 secs] 
[GC (Allocation Failure) [ParNew: 572710K->68096K(613440K), 0.0742586 secs] 1640141K->1177781K(2010624K), 0.0743054 secs] [Times: user=0.30 sys=0.00, real=0.07 secs] 
[GC (Allocation Failure) [ParNew: 613440K->13709K(613440K), 0.0349717 secs] 1723125K->1187041K(2010624K), 0.0350172 secs] [Times: user=0.08 sys=0.00, real=0.03 secs] 
[GC (CMS Initial Mark) [1 CMS-initial-mark: 1173331K(1397184K)] 1187041K(2010624K), 0.0055811 secs] [Times: user=0.00 sys=0.00, real=0.01 secs] 
[CMS-concurrent-mark-start]
[CMS-concurrent-mark: 1.123/1.123 secs] [Times: user=3.59 sys=0.00, real=1.12 secs] 
[CMS-concurrent-preclean-start]
[CMS-concurrent-preclean: 0.090/0.095 secs] [Times: user=0.19 sys=0.00, real=0.10 secs] 
[CMS-concurrent-abortable-preclean-start]
[GC (Allocation Failure) [ParNew[CMS-concurrent-abortable-preclean: 0.052/0.388 secs] [Times: user=0.64 sys=0.00, real=0.39 secs] 
: 559053K->68096K(613440K), 0.0685755 secs] 1732385K->1285044K(2010624K), 0.0686262 secs] [Times: user=0.28 sys=0.00, real=0.07 secs] 
[GC (CMS Final Remark) [YG occupancy: 79033 K (613440 K)][Rescan (parallel) , 0.0336442 secs][weak refs processing, 0.0000199 secs][class unloading, 0.0058762 secs][scrub symbol table, 0.0010823 secs][scrub string table, 0.0003734 secs][1 CMS-remark: 1216948K(1397184K)] 1295981K(2010624K), 0.0419026 secs] [Times: user=0.16 sys=0.00, real=0.04 secs] 
[CMS-concurrent-sweep-start]
[CMS-concurrent-sweep: 0.588/0.588 secs] [Times: user=1.19 sys=0.00, real=0.59 secs] 
[CMS-concurrent-reset-start]
[CMS-concurrent-reset: 0.003/0.003 secs] [Times: user=0.00 sys=0.00, real=0.00 secs] 
[GC (Allocation Failure) [ParNew: 613440K->26931K(613440K), 0.0338155 secs] 1294651K->770101K(2010624K), 0.0338842 secs] [Times: user=0.14 sys=0.00, real=0.03 secs] 
[GC (Allocation Failure) [ParNew: 572275K->68096K(613440K), 0.0621572 secs] 1315445K->853401K(2010624K), 0.0622078 secs] [Times: user=0.31 sys=0.00, real=0.06 secs] 
[GC (Allocation Failure) [ParNew: 613440K->33802K(613440K), 0.0475247 secs] 1398745K->881676K(2010624K), 0.0476280 secs] [Times: user=0.20 sys=0.00, real=0.05 secs] 
[GC (Allocation Failure) [ParNew: 579146K->68096K(613440K), 0.0732295 secs] 1427020K->957011K(2010624K), 0.0732808 secs] [Times: user=0.30 sys=0.00, real=0.07 secs] 
[GC (Allocation Failure) [ParNew (0: promotion failure size = 1854)  (1: promotion failure size = 1854)  (2: promotion failure size = 1854)  (3: promotion failure size = 1854)  (4: promotion failure size = 1854)  (5: promotion failure size = 1854)  (6: promotion failure size = 1854)  (7: promotion failure size = 1854)  (promotion failed): 613440K->593218K(613440K), 0.9272998 secs][CMS: 938156K->745784K(1397184K), 1.7418478 secs] 1502355K->745784K(2010624K), [Metaspace: 9999K->9999K(10240K)], 2.6692368 secs] [Times: user=2.67 sys=0.16, real=2.67 secs] 

*** PauseDetector detected a 2674 ms pause at Fri Dec 19 23:09:13 EET 2014 ***

[GC (Allocation Failure) [ParNew: 545344K->68096K(613440K), 0.0590923 secs] 1291128K->857720K(2010624K), 0.0591398 secs] [Times: user=0.22 sys=0.00, real=0.06 secs] 
[GC (Allocation Failure) [ParNew: 613440K->26497K(613440K), 0.0306699 secs] 1403064K->877753K(2010624K), 0.0307924 secs] [Times: user=0.13 sys=0.00, real=0.03 secs] 
[Full GC (System.gc()) [CMS: 851256K->741542K(1397184K), 1.8071346 secs] 1153106K->741542K(2010624K), [Metaspace: 9999K->9999K(10240K)], 1.8074053 secs] [Times: user=1.81 sys=0.00, real=1.81 secs] 
[Full GC (System.gc()) [CMS: 741542K->741464K(1397184K), 1.4556299 secs] 741638K->741464K(2010624K), [Metaspace: 9999K->9999K(10240K)], 1.4558333 secs] [Times: user=1.45 sys=0.00, real=1.46 secs] 
[Full GC (System.gc()) [CMS: 741464K->739840K(1397184K), 1.4289147 secs] 752460K->739840K(2010624K), [Metaspace: 9999K->9999K(10240K)], 1.4291418 secs] [Times: user=1.43 sys=0.00, real=1.43 secs] 

*** PauseDetector detected a 1810 ms pause at Fri Dec 19 23:09:19 EET 2014 ***


*** PauseDetector detected a 2892 ms pause at Fri Dec 19 23:09:22 EET 2014 ***

[GC (Allocation Failure) [ParNew: 545344K->7347K(613440K), 0.0103332 secs] 1285184K->747187K(2010624K), 0.0103974 secs] [Times: user=0.06 sys=0.00, real=0.01 secs] 
[GC (Allocation Failure) [ParNew: 552691K->68096K(613440K), 0.0587818 secs] 1292531K->854838K(2010624K), 0.0588293 secs] [Times: user=0.28 sys=0.00, real=0.06 secs] 
[GC (Allocation Failure) [ParNew: 613440K->46299K(613440K), 0.0467330 secs] 1400182K->896902K(2010624K), 0.0467831 secs] [Times: user=0.14 sys=0.00, real=0.05 secs] 
[GC (Allocation Failure) [ParNew: 591643K->68096K(613440K), 0.0582179 secs] 1442246K->961760K(2010624K), 0.0582743 secs] [Times: user=0.20 sys=0.00, real=0.06 secs] 
[GC (Allocation Failure) [ParNew: 613440K->19843K(613440K), 0.0355658 secs] 1507104K->974909K(2010624K), 0.0356261 secs] [Times: user=0.11 sys=0.00, real=0.04 secs] 
[GC (Allocation Failure) [ParNew: 565187K->68096K(613440K), 0.0548381 secs] 1520253K->1063683K(2010624K), 0.0548862 secs] [Times: user=0.19 sys=0.00, real=0.05 secs] 
[Full GC (System.gc()) [CMS: 995587K->744420K(1397184K), 1.5473778 secs] 1535662K->744420K(2010624K), [Metaspace: 9999K->9999K(10240K)], 1.5475940 secs] [Times: user=1.55 sys=0.00, real=1.54 secs] 
[Full GC (System.gc()) [CMS: 744420K->744342K(1397184K), 1.3851515 secs] 744484K->744342K(2010624K), [Metaspace: 9999K->9999K(10240K)], 1.3853465 secs] [Times: user=1.39 sys=0.00, real=1.39 secs] 
[Full GC (System.gc()) [CMS: 744342K->739530K(1397184K), 1.3396509 secs] 755294K->739530K(2010624K), [Metaspace: 9999K->9999K(10240K)]
*** PauseDetector detected a 1544 ms pause at Fri Dec 19 23:09:33 EET 2014 ***

, 1.3398190 secs] [Times: user=1.34 sys=0.00, real=1.34 secs] 
********************************
********** ROUND    4 **********
********************************

*** PauseDetector detected a 2739 ms pause at Fri Dec 19 23:09:36 EET 2014 ***

[GC (Allocation Failure) [ParNew: 545344K->68096K(613440K), 0.0481586 secs] 1284874K->851580K(2010624K), 0.0482087 secs] [Times: user=0.28 sys=0.00, real=0.05 secs] 
[GC (Allocation Failure) [ParNew: 613440K->39021K(613440K), 0.0292706 secs] 1396924K->883230K(2010624K), 0.0294458 secs] [Times: user=0.06 sys=0.00, real=0.02 secs] 
[GC (Allocation Failure) [ParNew: 584365K->68096K(613440K), 0.0518470 secs] 1428574K->953818K(2010624K), 0.0519054 secs] [Times: user=0.20 sys=0.00, real=0.05 secs] 
[GC (Allocation Failure) [ParNew: 613440K->27031K(613440K), 0.0387929 secs] 1499162K->974911K(2010624K), 0.0388416 secs] [Times: user=0.19 sys=0.00, real=0.04 secs] 
[GC (Allocation Failure) [ParNew: 572375K->68096K(613440K), 0.0523282 secs] 1520255K->1057335K(2010624K), 0.0523885 secs] [Times: user=0.22 sys=0.00, real=0.05 secs] 
[GC (Allocation Failure) [ParNew: 613440K->26819K(613440K), 0.0274954 secs] 1602679K->1077947K(2010624K), 0.0275473 secs] [Times: user=0.16 sys=0.00, real=0.03 secs] 
[GC (Allocation Failure) [ParNew: 572163K->68096K(613440K), 0.0519734 secs] 1623291K->1159844K(2010624K), 0.0520222 secs] [Times: user=0.22 sys=0.00, real=0.05 secs] 
[GC (Allocation Failure) [ParNew: 613440K->27044K(613440K), 0.0303453 secs] 1705188K->1181427K(2010624K), 0.0303959 secs] [Times: user=0.06 sys=0.00, real=0.03 secs] 
[GC (CMS Initial Mark) [1 CMS-initial-mark: 1154383K(1397184K)] 1181568K(2010624K), 0.0051730 secs] [Times: user=0.00 sys=0.00, real=0.00 secs] 
[CMS-concurrent-mark-start]
[CMS-concurrent-mark: 1.233/1.233 secs] [Times: user=3.92 sys=0.00, real=1.23 secs] 
[CMS-concurrent-preclean-start]
[CMS-concurrent-preclean: 0.065/0.069 secs] [Times: user=0.16 sys=0.00, real=0.07 secs] 
[CMS-concurrent-abortable-preclean-start]
[GC (Allocation Failure) [ParNew[CMS-concurrent-abortable-preclean: 0.040/0.250 secs] [Times: user=0.42 sys=0.00, real=0.25 secs] 
: 572388K->68096K(613440K), 0.0527549 secs] 1726771K->1264854K(2010624K), 0.0528158 secs] [Times: user=0.23 sys=0.00, real=0.05 secs] 
[GC (CMS Final Remark) [YG occupancy: 78973 K (613440 K)][Rescan (parallel) , 0.0219971 secs][weak refs processing, 0.0000160 secs][class unloading, 0.0064356 secs][scrub symbol table, 0.0011638 secs][scrub string table, 0.0004023 secs][1 CMS-remark: 1196758K(1397184K)] 1275732K(2010624K), 0.0310125 secs] [Times: user=0.13 sys=0.00, real=0.03 secs] 
[CMS-concurrent-sweep-start]
[CMS-concurrent-sweep: 0.533/0.533 secs] [Times: user=1.08 sys=0.00, real=0.53 secs] 
[CMS-concurrent-reset-start]
[CMS-concurrent-reset: 0.003/0.003 secs] [Times: user=0.00 sys=0.00, real=0.00 secs] 
[GC (Allocation Failure) [ParNew: 613440K->39597K(613440K), 0.0285854 secs] 1292592K->779483K(2010624K), 0.0286335 secs] [Times: user=0.11 sys=0.00, real=0.03 secs] 
[GC (Allocation Failure) [ParNew: 584941K->68096K(613440K), 0.1744342 secs] 1324827K->875740K(2010624K), 0.1744836 secs] [Times: user=0.76 sys=0.00, real=0.17 secs] 
[GC (Allocation Failure) [ParNew: 613440K->40770K(613440K), 0.0795605 secs] 1421084K->912755K(2010624K), 0.0796042 secs] [Times: user=0.42 sys=0.00, real=0.08 secs] 
[GC (Allocation Failure) [ParNew: 586114K->68096K(613440K), 0.2199662 secs] 1458099K->997177K(2010624K), 0.2200214 secs] [Times: user=1.08 sys=0.00, real=0.22 secs] 
[GC (Allocation Failure) [ParNew (0: promotion failure size = 9372)  (1: promotion failure size = 9372)  (2: promotion failure size = 9372)  (3: promotion failure size = 9372)  (4: promotion failure size = 9372)  (5: promotion failure size = 9372)  (6: promotion failure size = 9372)  (7: promotion failure size = 9372)  (promotion failed): 613440K->579492K(613440K), 0.2098293 secs][CMS: 989807K->760933K(1397184K), 2.3473203 secs] 1542521K->760933K(2010624K), [Metaspace: 9999K->9999K(10240K)], 2.5572209 secs] [Times: user=2.73 sys=0.00, real=2.56 secs] 

*** PauseDetector detected a 2557 ms pause at Fri Dec 19 23:10:00 EET 2014 ***

[GC (Allocation Failure) [ParNew: 545344K->68096K(613440K), 0.1595035 secs] 1306277K->885801K(2010624K), 0.1595593 secs] [Times: user=0.70 sys=0.00, real=0.16 secs] 
[GC (Allocation Failure) [ParNew: 613440K->34145K(613440K), 0.0824444 secs] 1431145K->916420K(2010624K), 0.0824925 secs] [Times: user=0.33 sys=0.00, real=0.08 secs] 
[GC (Allocation Failure) [ParNew: 579489K->68096K(613440K), 0.1423631 secs] 1461764K->1001968K(2010624K), 0.1424170 secs] [Times: user=0.61 sys=0.00, real=0.14 secs] 
[GC (Allocation Failure) [ParNew: 613440K->20193K(613440K), 0.0602754 secs] 1547312K->1016898K(2010624K), 0.0604236 secs] [Times: user=0.19 sys=0.00, real=0.06 secs] 
[GC (Allocation Failure) [ParNew: 565537K->68096K(613440K), 0.1294681 secs] 1562242K->1115336K(2010624K), 0.1295181 secs] [Times: user=0.58 sys=0.00, real=0.13 secs] 
[GC (Allocation Failure) [ParNew: 613440K->33514K(613440K), 0.0539816 secs] 1660680K->1142806K(2010624K), 0.0540284 secs] [Times: user=0.25 sys=0.00, real=0.05 secs] 
[GC (Allocation Failure) [ParNew: 578858K->68096K(613440K), 0.1289811 secs] 1688150K->1226103K(2010624K), 0.1290293 secs] [Times: user=0.48 sys=0.00, real=0.13 secs] 
[GC (Allocation Failure) [ParNew: 613440K->19885K(613440K), 0.0498274 secs] 1771447K->1239424K(2010624K), 0.0498710 secs] [Times: user=0.17 sys=0.00, real=0.05 secs] 
[GC (CMS Initial Mark) [1 CMS-initial-mark: 1219539K(1397184K)] 1250300K(2010624K), 0.0046014 secs] [Times: user=0.03 sys=0.00, real=0.00 secs] 
[CMS-concurrent-mark-start]
[CMS-concurrent-mark: 1.199/1.199 secs] [Times: user=4.09 sys=0.00, real=1.20 secs] 
[CMS-concurrent-preclean-start]
[CMS-concurrent-preclean: 0.190/0.203 secs] [Times: user=0.42 sys=0.00, real=0.20 secs] 
[CMS-concurrent-abortable-preclean-start]
[GC (Allocation Failure) [ParNew: 565229K->68096K(613440K), 0.1129411 secs] 1784768K->1334588K(2010624K), 0.1129854 secs] [Times: user=0.51 sys=0.00, real=0.11 secs] 
[CMS-concurrent-abortable-preclean: 0.849/1.372 secs] [Times: user=2.67 sys=0.00, real=1.37 secs] 
[GC (CMS Final Remark) [YG occupancy: 473814 K (613440 K)][Rescan (parallel) , 0.1072753 secs][weak refs processing, 0.0000205 secs][class unloading, 0.0076688 secs][scrub symbol table, 0.0020806 secs][scrub string table, 0.0006287 secs][1 CMS-remark: 1266492K(1397184K)] 1740306K(2010624K), 0.1190085 secs] [Times: user=0.39 sys=0.00, real=0.12 secs] 
[CMS-concurrent-sweep-start]
[GC (Allocation Failure) [ParNew: 613440K->47143K(613440K), 0.0510309 secs] 1879929K->1376007K(2010624K), 0.0510900 secs] [Times: user=0.31 sys=0.00, real=0.05 secs] 
[CMS-concurrent-sweep: 0.989/1.041 secs] [Times: user=2.67 sys=0.00, real=1.04 secs] 
[CMS-concurrent-reset-start]
[CMS-concurrent-reset: 0.003/0.003 secs] [Times: user=0.00 sys=0.00, real=0.00 secs] 
[GC (Allocation Failure) [ParNew: 592487K->68096K(613440K), 0.1005163 secs] 1341474K->862288K(2010624K), 0.1005632 secs] [Times: user=0.41 sys=0.00, real=0.10 secs] 
[GC (Allocation Failure) [ParNew: 613440K->41031K(613440K), 0.0555605 secs] 1407632K->898759K(2010624K), 0.0557074 secs] [Times: user=0.13 sys=0.00, real=0.06 secs] 
[GC (Allocation Failure) [ParNew (0: promotion failure size = 4167)  (1: promotion failure size = 4167)  (2: promotion failure size = 4167)  (3: promotion failure size = 4167)  (4: promotion failure size = 4167)  (5: promotion failure size = 4167)  (6: promotion failure size = 4167)  (7: promotion failure size = 4167)  (promotion failed): 586375K->613440K(613440K), 2.0549253 secs][CMS: 883873K->748295K(1397184K), 2.2955240 secs] 1444103K->748295K(2010624K), [Metaspace: 9999K->9999K(10240K)]
*** PauseDetector detected a 4356 ms pause at Fri Dec 19 23:10:26 EET 2014 ***

, 4.3505224 secs] [Times: user=4.84 sys=0.30, real=4.35 secs] 
[GC (Allocation Failure) [ParNew: 545344K->27371K(613440K), 0.0069220 secs] 1293639K->775666K(2010624K), 0.0069649 secs] [Times: user=0.00 sys=0.00, real=0.01 secs] 
[GC (Allocation Failure) [ParNew: 572715K->68096K(613440K), 0.0810593 secs] 1321010K->861467K(2010624K), 0.0811061 secs] [Times: user=0.31 sys=0.00, real=0.08 secs] 
[GC (Allocation Failure) [ParNew: 613440K->33868K(613440K), 0.0406881 secs] 1406811K->890551K(2010624K), 0.0407343 secs] [Times: user=0.13 sys=0.00, real=0.04 secs] 
[GC (Allocation Failure) [ParNew: 579212K->68096K(613440K), 0.0789382 secs] 1435895K->969351K(2010624K), 0.0789889 secs] [Times: user=0.34 sys=0.00, real=0.08 secs] 
[GC (Allocation Failure) [ParNew: 613440K->33609K(613440K), 0.0528068 secs] 1514695K->997226K(2010624K), 0.0528556 secs] [Times: user=0.14 sys=0.00, real=0.05 secs] 
[GC (Allocation Failure) [ParNew: 578953K->68096K(613440K), 0.0765798 secs] 1542570K->1075224K(2010624K), 0.0766298 secs] [Times: user=0.33 sys=0.00, real=0.08 secs] 
[GC (Allocation Failure) [ParNew: 613440K->47302K(613440K), 0.0349518 secs] 1620568K->1117113K(2010624K), 0.0349973 secs] [Times: user=0.11 sys=0.00, real=0.04 secs] 
[GC (Allocation Failure) [ParNew: 592646K->68096K(613440K), 0.0734842 secs] 1662457K->1181533K(2010624K), 0.0735374 secs] [Times: user=0.38 sys=0.00, real=0.07 secs] 
[GC (Allocation Failure) [ParNew: 613440K->20216K(613440K), 0.0356639 secs] 1726877K->1196094K(2010624K), 0.0357095 secs] [Times: user=0.14 sys=0.00, real=0.03 secs] 
[GC (CMS Initial Mark) [1 CMS-initial-mark: 1175878K(1397184K)] 1206972K(2010624K), 0.0057100 secs] [Times: user=0.00 sys=0.00, real=0.00 secs] 
[CMS-concurrent-mark-start]
[CMS-concurrent-mark: 1.206/1.206 secs] [Times: user=3.96 sys=0.00, real=1.22 secs] 
[CMS-concurrent-preclean-start]
[CMS-concurrent-preclean: 0.100/0.106 secs] [Times: user=0.22 sys=0.00, real=0.11 secs] 
[CMS-concurrent-abortable-preclean-start]
[GC (Allocation Failure) [ParNew[CMS-concurrent-abortable-preclean: 0.044/0.265 secs] [Times: user=0.39 sys=0.00, real=0.26 secs] 
: 565560K->68096K(613440K), 0.0800276 secs] 1741438K->1286987K(2010624K), 0.0800764 secs] [Times: user=0.23 sys=0.00, real=0.07 secs] 
[GC (CMS Final Remark) [YG occupancy: 68185 K (613440 K)][Rescan (parallel) , 0.0375168 secs][weak refs processing, 0.0000173 secs][class unloading, 0.0062105 secs][scrub symbol table, 0.0010778 secs][scrub string table, 0.0003766 secs][1 CMS-remark: 1218891K(1397184K)] 1287076K(2010624K), 0.0461838 secs] [Times: user=0.23 sys=0.00, real=0.05 secs] 
[CMS-concurrent-sweep-start]
[CMS-concurrent-sweep: 0.680/0.680 secs] [Times: user=1.37 sys=0.00, real=0.68 secs] 
[CMS-concurrent-reset-start]
[CMS-concurrent-reset: 0.003/0.003 secs] [Times: user=0.03 sys=0.00, real=0.00 secs] 
[GC (Allocation Failure) [ParNew: 613440K->40680K(613440K), 0.0387685 secs] 1294058K->784099K(2010624K), 0.0388179 secs] [Times: user=0.14 sys=0.00, real=0.04 secs] 
[GC (Allocation Failure) [ParNew: 586024K->68096K(613440K), 0.0730222 secs] 1329443K->856334K(2010624K), 0.0730710 secs] [Times: user=0.28 sys=0.00, real=0.07 secs] 
[GC (Allocation Failure) [ParNew: 613440K->32931K(613440K), 0.0351718 secs] 1401678K->881974K(2010624K), 0.0352155 secs] [Times: user=0.08 sys=0.00, real=0.03 secs] 
[GC (Allocation Failure) [ParNew: 578275K->68096K(613440K), 0.0800462 secs] 1427318K->958371K(2010624K), 0.0800924 secs] [Times: user=0.26 sys=0.00, real=0.08 secs] 
[GC (Allocation Failure) [ParNew (0: promotion failure size = 1854)  (1: promotion failure size = 1854)  (2: promotion failure size = 1854)  (3: promotion failure size = 1854)  (4: promotion failure size = 1854)  (5: promotion failure size = 1854)  (6: promotion failure size = 1854)  (7: promotion failure size = 1854)  (promotion failed): 613440K->593144K(613440K), 0.3469944 secs][CMS: 953115K->745973K(1397184K), 2.4459177 secs] 1503715K->745973K(2010624K), [Metaspace: 9999K->9999K(10240K)], 2.7929827 secs] [Times: user=2.87 sys=0.00, real=2.79 secs] 

*** PauseDetector detected a 2793 ms pause at Fri Dec 19 23:10:51 EET 2014 ***

[GC (Allocation Failure) [ParNew: 545344K->68096K(613440K), 0.0613071 secs] 1291317K->855695K(2010624K), 0.0613584 secs] [Times: user=0.33 sys=0.00, real=0.06 secs] 
[GC (Allocation Failure) [ParNew: 613440K->34219K(613440K), 0.0445959 secs] 1401039K->885709K(2010624K), 0.0447063 secs] [Times: user=0.19 sys=0.00, real=0.04 secs] 
[GC (Allocation Failure) [ParNew: 579563K->68096K(613440K), 0.0600502 secs] 1431053K->961860K(2010624K), 0.0601131 secs] [Times: user=0.34 sys=0.00, real=0.06 secs] 
[GC (Allocation Failure) [ParNew: 613440K->33664K(613440K), 0.0327454 secs] 1507204K->989832K(2010624K), 0.0327922 secs] [Times: user=0.14 sys=0.00, real=0.03 secs] 
[GC (Allocation Failure) [ParNew: 579008K->68096K(613440K), 0.0611576 secs] 1535176K->1065105K(2010624K), 0.0612185 secs] [Times: user=0.34 sys=0.00, real=0.06 secs] 
[GC (Allocation Failure) [ParNew: 613440K->34189K(613440K), 0.0345469 secs] 1610449K->1094750K(2010624K), 0.0345970 secs] [Times: user=0.16 sys=0.00, real=0.03 secs] 
[GC (Allocation Failure) [ParNew: 579533K->68096K(613440K), 0.0581871 secs] 1640094K->1170729K(2010624K), 0.0582423 secs] [Times: user=0.34 sys=0.00, real=0.06 secs] 
[GC (Allocation Failure) [ParNew: 613440K->26877K(613440K), 0.0374039 secs] 1716073K->1191698K(2010624K), 0.0374539 secs] [Times: user=0.13 sys=0.00, real=0.04 secs] 
[GC (CMS Initial Mark) [1 CMS-initial-mark: 1164821K(1397184K)] 1202576K(2010624K), 0.0050280 secs] [Times: user=0.00 sys=0.00, real=0.00 secs] 
[CMS-concurrent-mark-start]
[CMS-concurrent-mark: 1.222/1.222 secs] [Times: user=4.02 sys=0.00, real=1.22 secs] 
[CMS-concurrent-preclean-start]
[CMS-concurrent-preclean: 0.076/0.081 secs] [Times: user=0.19 sys=0.00, real=0.08 secs] 
[CMS-concurrent-abortable-preclean-start]
[GC (Allocation Failure) [ParNew[CMS-concurrent-abortable-preclean: 0.044/0.265 secs] [Times: user=0.41 sys=0.00, real=0.27 secs] 
: 572221K->68096K(613440K), 0.0577271 secs] 1737042K->1274910K(2010624K), 0.0577874 secs] [Times: user=0.22 sys=0.00, real=0.06 secs] 
[GC (CMS Final Remark) [YG occupancy: 79046 K (613440 K)][Rescan (parallel) , 0.0263925 secs][weak refs processing, 0.0000212 secs][class unloading, 0.0072139 secs][scrub symbol table, 0.0011074 secs][scrub string table, 0.0003817 secs][1 CMS-remark: 1206814K(1397184K)] 1285861K(2010624K), 0.0360681 secs] [Times: user=0.23 sys=0.00, real=0.04 secs] 
[CMS-concurrent-sweep-start]
[CMS-concurrent-sweep: 0.532/0.532 secs] [Times: user=1.08 sys=0.00, real=0.53 secs] 
[CMS-concurrent-reset-start]
[CMS-concurrent-reset: 0.003/0.003 secs] [Times: user=0.00 sys=0.00, real=0.00 secs] 
[GC (Allocation Failure) [ParNew: 613440K->20160K(613440K), 0.0498062 secs] 1292459K->761258K(2010624K), 0.0498517 secs] [Times: user=0.19 sys=0.00, real=0.05 secs] 
[GC (Allocation Failure) [ParNew: 565504K->68096K(613440K), 0.0594542 secs] 1306602K->849728K(2010624K), 0.0595023 secs] [Times: user=0.19 sys=0.00, real=0.06 secs] 
[GC (Allocation Failure) [ParNew: 613440K->34231K(613440K), 0.0298878 secs] 1395072K->879343K(2010624K), 0.0300039 secs] [Times: user=0.09 sys=0.00, real=0.03 secs] 
[GC (Allocation Failure) [ParNew: 579575K->68096K(613440K), 0.0628699 secs] 1424687K->953634K(2010624K), 0.0629174 secs] [Times: user=0.22 sys=0.00, real=0.06 secs] 
[GC (Allocation Failure) [ParNew (0: promotion failure size = 97)  (1: promotion failure size = 97)  (2: promotion failure size = 97)  (3: promotion failure size = 97)  (4: promotion failure size = 97)  (5: promotion failure size = 97)  (6: promotion failure size = 97)  (7: promotion failure size = 97)  (promotion failed): 613440K->579566K(613440K), 2.2352030 secs][CMS: 903484K->745117K(1397184K), 2.0531854 secs] 1498978K->745117K(2010624K), [Metaspace: 9999K->9999K(10240K)], 4.2884577 secs] [Times: user=4.43 sys=0.41, real=4.28 secs] 

*** PauseDetector detected a 4286 ms pause at Fri Dec 19 23:11:17 EET 2014 ***

[GC (Allocation Failure) [ParNew: 545344K->68096K(613440K), 0.0520555 secs] 1290461K->853481K(2010624K), 0.0521017 secs] [Times: user=0.28 sys=0.00, real=0.05 secs] 
[GC (Allocation Failure) [ParNew: 613440K->20531K(613440K), 0.0300405 secs] 1398825K->869632K(2010624K), 0.0300816 secs] [Times: user=0.08 sys=0.00, real=0.03 secs] 
[GC (Allocation Failure) [ParNew: 565875K->68096K(613440K), 0.0531372 secs] 1414976K->957115K(2010624K), 0.0531950 secs] [Times: user=0.27 sys=0.00, real=0.05 secs] 
[GC (Allocation Failure) [ParNew: 613440K->13710K(613440K), 0.0299571 secs] 1502459K->966311K(2010624K), 0.0300084 secs] [Times: user=0.08 sys=0.00, real=0.03 secs] 
[GC (Allocation Failure) [ParNew: 559054K->68096K(613440K), 0.0536062 secs] 1511655K->1062658K(2010624K), 0.0536633 secs] [Times: user=0.17 sys=0.00, real=0.05 secs] 
[GC (Allocation Failure) [ParNew: 613440K->33423K(613440K), 0.0316579 secs] 1608002K->1089424K(2010624K), 0.0316996 secs] [Times: user=0.11 sys=0.00, real=0.03 secs] 
[GC (Allocation Failure) [ParNew: 578767K->68096K(613440K), 0.0510874 secs] 1634768K->1165239K(2010624K), 0.0511387 secs] [Times: user=0.23 sys=0.00, real=0.05 secs] 
[GC (Allocation Failure) [ParNew: 613440K->26793K(613440K), 0.0277276 secs] 1710583K->1185927K(2010624K), 0.0277693 secs] [Times: user=0.08 sys=0.00, real=0.02 secs] 
[GC (CMS Initial Mark) [1 CMS-initial-mark: 1159133K(1397184K)] 1185929K(2010624K), 0.0034286 secs] [Times: user=0.00 sys=0.00, real=0.00 secs] 
[CMS-concurrent-mark-start]
[CMS-concurrent-mark: 1.206/1.206 secs] [Times: user=4.34 sys=0.00, real=1.21 secs] 
[CMS-concurrent-preclean-start]
[CMS-concurrent-preclean: 0.061/0.065 secs] [Times: user=0.13 sys=0.00, real=0.06 secs] 
[CMS-concurrent-abortable-preclean-start]
[GC (Allocation Failure) [ParNew[CMS-concurrent-abortable-preclean: 0.102/0.615 secs] [Times: user=1.06 sys=0.00, real=0.62 secs] 
: 572137K->68096K(613440K), 0.1739838 secs] 1731271K->1294796K(2010624K), 0.1740307 secs] [Times: user=0.80 sys=0.00, real=0.17 secs] 
[GC (CMS Final Remark) [YG occupancy: 78973 K (613440 K)][Rescan (parallel) , 0.0507519 secs][weak refs processing, 0.0000212 secs][class unloading, 0.0080871 secs][scrub symbol table, 0.0015956 secs][scrub string table, 0.0005274 secs][1 CMS-remark: 1226700K(1397184K)] 1305673K(2010624K), 0.0619551 secs] [Times: user=0.31 sys=0.00, real=0.06 secs] 
[CMS-concurrent-sweep-start]
[CMS-concurrent-sweep: 0.527/0.527 secs] [Times: user=1.06 sys=0.00, real=0.53 secs] 
[CMS-concurrent-reset-start]
[CMS-concurrent-reset: 0.003/0.003 secs] [Times: user=0.00 sys=0.00, real=0.00 secs] 
[GC (Allocation Failure) [ParNew: 613440K->27363K(613440K), 0.0861059 secs] 1316463K->794794K(2010624K), 0.0861880 secs] [Times: user=0.34 sys=0.00, real=0.09 secs] 
[GC (Allocation Failure) [ParNew: 572707K->68096K(613440K), 0.1824180 secs] 1340138K->892277K(2010624K), 0.1824700 secs] [Times: user=1.03 sys=0.00, real=0.18 secs] 
[GC (Allocation Failure) [ParNew: 613440K->34267K(613440K), 0.0814744 secs] 1437621K->922490K(2010624K), 0.0815648 secs] [Times: user=0.25 sys=0.00, real=0.08 secs] 
[GC (Allocation Failure) [ParNew: 579611K->68096K(613440K), 0.1663221 secs] 1467834K->1010590K(2010624K), 0.1663677 secs] [Times: user=0.69 sys=0.00, real=0.16 secs] 
[GC (Allocation Failure) [ParNew (0: promotion failure size = 9372)  (1: promotion failure size = 9372)  (2: promotion failure size = 9372)  (3: promotion failure size = 9372)  (4: promotion failure size = 9372)  (5: promotion failure size = 9372)  (6: promotion failure size = 9372)  (7: promotion failure size = 9372)  (promotion failed): 613440K->565870K(613440K), 0.1993017 secs][CMS: 1002498K->758856K(1397184K), 2.2139123 secs] 1555934K->758856K(2010624K), [Metaspace: 9999K->9999K(10240K)], 2.4132782 secs] [Times: user=2.57 sys=0.00, real=2.41 secs] 

*** PauseDetector detected a 2414 ms pause at Fri Dec 19 23:11:41 EET 2014 ***

[GC (Allocation Failure) [ParNew: 545344K->68096K(613440K), 0.1372491 secs] 1304200K->879130K(2010624K), 0.1372947 secs] [Times: user=0.55 sys=0.00, real=0.14 secs] 
[GC (Allocation Failure) [ParNew: 613440K->27409K(613440K), 0.0602485 secs] 1424474K->903275K(2010624K), 0.0602953 secs] [Times: user=0.22 sys=0.00, real=0.06 secs] 
[GC (Allocation Failure) [ParNew: 572753K->68096K(613440K), 0.1277480 secs] 1448619K->993033K(2010624K), 0.1277929 secs] [Times: user=0.50 sys=0.00, real=0.13 secs] 
[GC (Allocation Failure) [ParNew: 613440K->27429K(613440K), 0.0566826 secs] 1538377K->1016402K(2010624K), 0.0567365 secs] [Times: user=0.13 sys=0.00, real=0.06 secs] 
[GC (Allocation Failure) [ParNew: 572773K->68096K(613440K), 0.1155914 secs] 1561746K->1104340K(2010624K), 0.1156396 secs] [Times: user=0.48 sys=0.00, real=0.12 secs] 
[GC (Allocation Failure) [ParNew: 613440K->27185K(613440K), 0.0575821 secs] 1649684K->1126303K(2010624K), 0.0576263 secs] [Times: user=0.20 sys=0.00, real=0.06 secs] 
[GC (Allocation Failure) [ParNew: 572529K->68096K(613440K), 0.1074094 secs] 1671647K->1213819K(2010624K), 0.1074550 secs] [Times: user=0.42 sys=0.00, real=0.11 secs] 
[GC (Allocation Failure) [ParNew: 613440K->33896K(613440K), 0.0472957 secs] 1759163K->1242341K(2010624K), 0.0473464 secs] [Times: user=0.17 sys=0.00, real=0.05 secs] 
[GC (CMS Initial Mark) [1 CMS-initial-mark: 1208445K(1397184K)] 1253219K(2010624K), 0.0053116 secs] [Times: user=0.00 sys=0.00, real=0.01 secs] 
[CMS-concurrent-mark-start]
[CMS-concurrent-mark: 1.269/1.269 secs] [Times: user=4.27 sys=0.00, real=1.27 secs] 
[CMS-concurrent-preclean-start]
[CMS-concurrent-preclean: 0.166/0.177 secs] [Times: user=0.34 sys=0.00, real=0.18 secs] 
[CMS-concurrent-abortable-preclean-start]
[GC (Allocation Failure) [ParNew[CMS-concurrent-abortable-preclean: 0.042/0.268 secs] [Times: user=0.58 sys=0.00, real=0.27 secs] 
: 579240K->68096K(613440K), 0.1040559 secs] 1787685K->1321814K(2010624K), 0.1041027 secs] [Times: user=0.44 sys=0.00, real=0.10 secs] 
[GC (CMS Final Remark) [YG occupancy: 78973 K (613440 K)][Rescan (parallel) , 0.0542696 secs][weak refs processing, 0.0000321 secs][class unloading, 0.0065563 secs][scrub symbol table, 0.0011311 secs][scrub string table, 0.0003862 secs][1 CMS-remark: 1253718K(1397184K)] 1332692K(2010624K), 0.0633158 secs] [Times: user=0.25 sys=0.00, real=0.06 secs] 
[CMS-concurrent-sweep-start]
[CMS-concurrent-sweep: 0.751/0.751 secs] [Times: user=1.50 sys=0.00, real=0.75 secs] 
[CMS-concurrent-reset-start]
[CMS-concurrent-reset: 0.003/0.003 secs] [Times: user=0.00 sys=0.00, real=0.00 secs] 
[GC (Allocation Failure) [ParNew: 613440K->34192K(613440K), 0.0448725 secs] 1297994K->782214K(2010624K), 0.0449174 secs] [Times: user=0.08 sys=0.00, real=0.04 secs] 
[GC (Allocation Failure) [ParNew: 579536K->68096K(613440K), 0.0914489 secs] 1327558K->860824K(2010624K), 0.0915112 secs] [Times: user=0.47 sys=0.00, real=0.09 secs] 
[GC (Allocation Failure) [ParNew: 613440K->27379K(613440K), 0.0412116 secs] 1406168K->883687K(2010624K), 0.0412623 secs] [Times: user=0.17 sys=0.00, real=0.04 secs] 
[GC (Allocation Failure) [ParNew (0: promotion failure size = 2779)  (1: promotion failure size = 2779)  (2: promotion failure size = 2779)  (3: promotion failure size = 2779)  (4: promotion failure size = 2779)  (5: promotion failure size = 2779)  (6: promotion failure size = 2779)  (7: promotion failure size = 2779)  (promotion failed): 572723K->613440K(613440K), 0.3101660 secs][CMS: 899171K->746848K(1397184K), 2.1082197 secs] 1429031K->746848K(2010624K), [Metaspace: 9999K->9999K(10240K)], 2.4185295 secs] [Times: user=2.67 sys=0.00, real=2.41 secs] 

*** PauseDetector detected a 2416 ms pause at Fri Dec 19 23:12:05 EET 2014 ***

[GC (Allocation Failure) [ParNew: 545344K->27419K(613440K), 0.0068257 secs] 1292192K->774267K(2010624K), 0.0068783 secs] [Times: user=0.00 sys=0.00, real=0.01 secs] 
[GC (Allocation Failure) [ParNew: 572763K->68096K(613440K), 0.0643019 secs] 1319611K->858708K(2010624K), 0.0643501 secs] [Times: user=0.48 sys=0.00, real=0.07 secs] 
[GC (Allocation Failure) [ParNew: 613440K->27426K(613440K), 0.0385375 secs] 1404052K->882276K(2010624K), 0.0385850 secs] [Times: user=0.17 sys=0.00, real=0.04 secs] 
[GC (Allocation Failure) [ParNew: 572770K->68096K(613440K), 0.0730627 secs] 1427620K->967048K(2010624K), 0.0731198 secs] [Times: user=0.28 sys=0.00, real=0.07 secs] 
[GC (Allocation Failure) [ParNew: 613440K->26931K(613440K), 0.0373256 secs] 1512392K->988185K(2010624K), 0.0373750 secs] [Times: user=0.14 sys=0.00, real=0.04 secs] 
[Full GC (System.gc()) [CMS: 961253K->744199K(1397184K), 1.9393980 secs] 1360428K->744199K(2010624K), [Metaspace: 9999K->9999K(10240K)], 1.9396598 secs] [Times: user=1.94 sys=0.00, real=1.93 secs] 
[Full GC (System.gc()) [CMS: 744199K->744121K(1397184K), 1.4799437 secs] 744201K->744121K(2010624K), [Metaspace: 9999K->9999K(10240K)], 1.4801644 secs] [Times: user=1.48 sys=0.00, real=1.48 secs] 
[Full GC (System.gc()) [CMS: 744121K->741529K(1397184K), 1.4031573 secs] 754984K->741529K(2010624K), [Metaspace: 9999K->9999K(10240K)]
*** PauseDetector detected a 1933 ms pause at Fri Dec 19 23:12:15 EET 2014 ***

, 1.4033228 secs] [Times: user=1.40 sys=0.00, real=1.40 secs] 

*** PauseDetector detected a 2895 ms pause at Fri Dec 19 23:12:18 EET 2014 ***

[GC (Allocation Failure) [ParNew: 545344K->7458K(613440K), 0.0073268 secs] 1286873K->748988K(2010624K), 0.0073723 secs] [Times: user=0.06 sys=0.00, real=0.01 secs] 
[GC (Allocation Failure) [ParNew: 552802K->68096K(613440K), 0.0833195 secs] 1294332K->858287K(2010624K), 0.0833786 secs] [Times: user=0.34 sys=0.00, real=0.08 secs] 
[GC (Allocation Failure) [ParNew: 613440K->19904K(613440K), 0.0424069 secs] 1403631K->874194K(2010624K), 0.0425544 secs] [Times: user=0.14 sys=0.00, real=0.04 secs] 
[GC (Allocation Failure) [ParNew: 565248K->68096K(613440K), 0.0764425 secs] 1419538K->966283K(2010624K), 0.0765041 secs] [Times: user=0.23 sys=0.00, real=0.08 secs] 
[GC (Allocation Failure) [ParNew: 613440K->20091K(613440K), 0.0436618 secs] 1511627K->980354K(2010624K), 0.0438318 secs] [Times: user=0.13 sys=0.00, real=0.04 secs] 
[GC (Allocation Failure) [ParNew: 565435K->68096K(613440K), 0.0594741 secs] 1525698K->1071599K(2010624K), 0.0595305 secs] [Times: user=0.26 sys=0.00, real=0.06 secs] 
[Full GC (System.gc()) [CMS: 1003503K->743915K(1397184K), 1.6346867 secs] 1421582K->743915K(2010624K), [Metaspace: 9999K->9999K(10240K)], 1.6349459 secs] [Times: user=1.62 sys=0.00, real=1.63 secs] 
[Full GC (System.gc()) [CMS: 743915K->743915K(1397184K), 1.3333789 secs] 754843K->743915K(2010624K), [Metaspace: 9999K->9999K(10240K)], 1.3337061 secs] [Times: user=1.34 sys=0.00, real=1.34 secs] 
[Full GC (System.gc()) [CMS: 743915K->743837K(1397184K), 1.6787540 secs] 743917K->743837K(2010624K), [Metaspace: 9999K->9999K(10240K)], 1.6789894 secs] [Times: user=1.68 sys=0.00, real=1.68 secs] 
********************************
********** ROUND    5 **********
********************************

*** PauseDetector detected a 1631 ms pause at Fri Dec 19 23:12:29 EET 2014 ***


*** PauseDetector detected a 3025 ms pause at Fri Dec 19 23:12:33 EET 2014 ***

[GC (Allocation Failure) [ParNew: 545344K->68096K(613440K), 0.0572863 secs] 1289181K->855221K(2010624K), 0.0573492 secs] [Times: user=0.36 sys=0.00, real=0.06 secs] 
[GC (Allocation Failure) [ParNew: 613440K->47366K(613440K), 0.0345405 secs] 1400565K->896700K(2010624K), 0.0345886 secs] [Times: user=0.17 sys=0.00, real=0.03 secs] 
[GC (Allocation Failure) [ParNew: 592710K->68096K(613440K), 0.0591450 secs] 1442044K->959714K(2010624K), 0.0591989 secs] [Times: user=0.25 sys=0.00, real=0.06 secs] 
[GC (Allocation Failure) [ParNew: 613440K->33917K(613440K), 0.0394762 secs] 1505058K->988028K(2010624K), 0.0395442 secs] [Times: user=0.14 sys=0.00, real=0.04 secs] 
[GC (Allocation Failure) [ParNew: 579261K->68096K(613440K), 0.0520183 secs] 1533372K->1063024K(2010624K), 0.0520703 secs] [Times: user=0.31 sys=0.00, real=0.05 secs] 
[GC (Allocation Failure) [ParNew: 613440K->34203K(613440K), 0.0370247 secs] 1608368K->1092666K(2010624K), 0.0370722 secs] [Times: user=0.13 sys=0.00, real=0.04 secs] 
[GC (Allocation Failure) [ParNew: 579547K->68096K(613440K), 0.0573678 secs] 1638010K->1168309K(2010624K), 0.0574178 secs] [Times: user=0.28 sys=0.00, real=0.06 secs] 
[GC (Allocation Failure) [ParNew: 613440K->33718K(613440K), 0.0414728 secs] 1713653K->1196420K(2010624K), 0.0415215 secs] [Times: user=0.13 sys=0.00, real=0.04 secs] 
[GC (CMS Initial Mark) [1 CMS-initial-mark: 1162702K(1397184K)] 1196423K(2010624K), 0.0031572 secs] [Times: user=0.00 sys=0.00, real=0.00 secs] 
[CMS-concurrent-mark-start]
[CMS-concurrent-mark: 1.318/1.318 secs] [Times: user=4.24 sys=0.00, real=1.32 secs] 
[CMS-concurrent-preclean-start]
[CMS-concurrent-preclean: 0.089/0.094 secs] [Times: user=0.22 sys=0.00, real=0.09 secs] 
[CMS-concurrent-abortable-preclean-start]
[GC (Allocation Failure) [ParNew: 579062K->68096K(613440K), 0.0541683 secs] 1741764K->1271428K(2010624K), 0.0542337 secs] [Times: user=0.31 sys=0.00, real=0.05 secs] 
[CMS-concurrent-abortable-preclean: 0.631/1.093 secs] [Times: user=2.07 sys=0.00, real=1.09 secs] 
[GC (CMS Final Remark) [YG occupancy: 410026 K (613440 K)][Rescan (parallel) , 0.0610273 secs][weak refs processing, 0.0000212 secs][class unloading, 0.0092599 secs][scrub symbol table, 0.0016360 secs][scrub string table, 0.0005813 secs][1 CMS-remark: 1203332K(1397184K)] 1613358K(2010624K), 0.0739776 secs] [Times: user=0.50 sys=0.00, real=0.07 secs] 
[CMS-concurrent-sweep-start]
[GC (Allocation Failure) [ParNew: 613440K->47865K(613440K), 0.0293688 secs] 1665955K->1163800K(2010624K), 0.0294188 secs] [Times: user=0.22 sys=0.00, real=0.03 secs] 
[CMS-concurrent-sweep: 0.594/0.624 secs] [Times: user=1.44 sys=0.00, real=0.62 secs] 
[CMS-concurrent-reset-start]
[CMS-concurrent-reset: 0.003/0.003 secs] [Times: user=0.00 sys=0.00, real=0.00 secs] 
[GC (Allocation Failure) [ParNew: 593209K->68096K(613440K), 0.0591103 secs] 1334326K->851054K(2010624K), 0.0591571 secs] [Times: user=0.23 sys=0.00, real=0.06 secs] 
[GC (Allocation Failure) [ParNew: 613440K->33602K(613440K), 0.0311652 secs] 1396398K->878774K(2010624K), 0.0312524 secs] [Times: user=0.08 sys=0.00, real=0.03 secs] 
[GC (Allocation Failure) [ParNew: 578946K->68096K(613440K), 0.0610158 secs] 1424118K->953683K(2010624K), 0.0610780 secs] [Times: user=0.27 sys=0.00, real=0.06 secs] 
[GC (Allocation Failure) [ParNew: 613440K->34184K(613440K), 0.1506645 secs] 1499027K->983229K(2010624K), 0.1507107 secs] [Times: user=0.23 sys=0.00, real=0.15 secs] 
[GC (Allocation Failure) [ParNew (0: promotion failure size = 1237)  (1: promotion failure size = 1237)  (2: promotion failure size = 1237)  (3: promotion failure size = 1237)  (4: promotion failure size = 101)  (5: promotion failure size = 101)  (6: promotion failure size = 1237)  (7: promotion failure size = 1237)  (promotion failed): 579528K->613440K(613440K), 1.4311037 secs][CMS: 962797K->743458K(1397184K), 2.0630637 secs] 1528573K->743458K(2010624K), [Metaspace: 9999K->9999K(10240K)]
*** PauseDetector detected a 3495 ms pause at Fri Dec 19 23:12:59 EET 2014 ***

, 3.4942399 secs] [Times: user=3.65 sys=0.22, real=3.49 secs] 
[GC (Allocation Failure) [ParNew: 545344K->27375K(613440K), 0.0071747 secs] 1288802K->770834K(2010624K), 0.0072261 secs] [Times: user=0.00 sys=0.00, real=0.01 secs] 
[GC (Allocation Failure) [ParNew: 572719K->68096K(613440K), 0.0522191 secs] 1316178K->854353K(2010624K), 0.0522666 secs] [Times: user=0.19 sys=0.00, real=0.05 secs] 
[GC (Allocation Failure) [ParNew: 613440K->26455K(613440K), 0.0313448 secs] 1399697K->873940K(2010624K), 0.0313930 secs] [Times: user=0.08 sys=0.02, real=0.03 secs] 
[GC (Allocation Failure) [ParNew: 571799K->68096K(613440K), 0.0532085 secs] 1419284K->957209K(2010624K), 0.0532579 secs] [Times: user=0.19 sys=0.00, real=0.05 secs] 
[GC (Allocation Failure) [ParNew: 613440K->33364K(613440K), 0.0400638 secs] 1502553K->984192K(2010624K), 0.0401120 secs] [Times: user=0.14 sys=0.00, real=0.04 secs] 
[GC (Allocation Failure) [ParNew: 578708K->68096K(613440K), 0.0537095 secs] 1529536K->1058618K(2010624K), 0.0537628 secs] [Times: user=0.19 sys=0.00, real=0.05 secs] 
[GC (Allocation Failure) [ParNew: 613440K->20498K(613440K), 0.0293380 secs] 1603962K->1074553K(2010624K), 0.0293893 secs] [Times: user=0.06 sys=0.00, real=0.03 secs] 
[GC (Allocation Failure) [ParNew: 565842K->68096K(613440K), 0.1665268 secs] 1619897K->1189769K(2010624K), 0.1665743 secs] [Times: user=0.73 sys=0.00, real=0.17 secs] 
[GC (CMS Initial Mark) [1 CMS-initial-mark: 1121673K(1397184K)] 1200698K(2010624K), 0.0121399 secs] [Times: user=0.09 sys=0.00, real=0.01 secs] 
[CMS-concurrent-mark-start]
[GC (Allocation Failure) [ParNew: 613440K->41098K(613440K), 0.0792744 secs] 1735113K->1227010K(2010624K), 0.0793386 secs] [Times: user=0.51 sys=0.00, real=0.08 secs] 
[CMS-concurrent-mark: 1.508/1.588 secs] [Times: user=5.21 sys=0.00, real=1.59 secs] 
[CMS-concurrent-preclean-start]
[CMS-concurrent-preclean: 0.184/0.187 secs] [Times: user=0.51 sys=0.00, real=0.19 secs] 
[CMS-concurrent-abortable-preclean-start]
[CMS-concurrent-abortable-preclean: 0.589/1.196 secs] [Times: user=2.48 sys=0.00, real=1.20 secs] 
[GC (CMS Final Remark) [YG occupancy: 373840 K (613440 K)][Rescan (parallel) , 0.0771591 secs][weak refs processing, 0.0000205 secs][class unloading, 0.0062579 secs][scrub symbol table, 0.0012241 secs][scrub string table, 0.0003901 secs][1 CMS-remark: 1185911K(1397184K)] 1559751K(2010624K), 0.0860193 secs] [Times: user=0.33 sys=0.00, real=0.09 secs] 
[CMS-concurrent-sweep-start]
[GC (Allocation Failure) [ParNew: 586442K->68096K(613440K), 0.1728457 secs] 1516925K->1055340K(2010624K), 0.1729041 secs] [Times: user=1.11 sys=0.00, real=0.17 secs] 
[CMS-concurrent-sweep: 0.605/0.778 secs] [Times: user=2.31 sys=0.00, real=0.78 secs] 
[CMS-concurrent-reset-start]
[CMS-concurrent-reset: 0.003/0.003 secs] [Times: user=0.00 sys=0.00, real=0.00 secs] 
[GC (Allocation Failure) [ParNew: 613440K->27384K(613440K), 0.0820236 secs] 1437405K->915429K(2010624K), 0.0820717 secs] [Times: user=0.31 sys=0.00, real=0.08 secs] 
[GC (Allocation Failure) [ParNew: 572728K->68096K(613440K), 0.1700901 secs] 1460773K->1010397K(2010624K), 0.1701414 secs] [Times: user=0.75 sys=0.00, real=0.16 secs] 
[GC (Allocation Failure) [ParNew: 613440K->27416K(613440K), 0.0715646 secs] 1555741K->1033591K(2010624K), 0.0716287 secs] [Times: user=0.33 sys=0.00, real=0.07 secs] 
[GC (Allocation Failure) [ParNew: 572760K->68096K(613440K), 0.1505342 secs] 1578935K->1124520K(2010624K), 0.1505817 secs] [Times: user=0.67 sys=0.00, real=0.15 secs] 
[GC (Allocation Failure) [ParNew: 613440K->27414K(613440K), 0.0603640 secs] 1669864K->1147413K(2010624K), 0.0604121 secs] [Times: user=0.22 sys=0.00, real=0.06 secs] 
[GC (Allocation Failure) [ParNew (0: promotion failure size = 6249)  (1: promotion failure size = 6249)  (2: promotion failure size = 6249)  (3: promotion failure size = 6249)  (4: promotion failure size = 6249)  (5: promotion failure size = 6249)  (6: promotion failure size = 6249)  (7: promotion failure size = 6249)  (promotion failed): 572758K->613440K(613440K), 0.2592249 secs][CMS: 1167305K->752428K(1397184K), 2.8800721 secs] 1692757K->752428K(2010624K), [Metaspace: 9999K->9999K(10240K)], 3.1393644 secs] [Times: user=3.67 sys=0.00, real=3.14 secs] 

*** PauseDetector detected a 3144 ms pause at Fri Dec 19 23:13:28 EET 2014 ***

[GC (Allocation Failure) [ParNew: 545344K->34281K(613440K), 0.0076264 secs] 1297772K->786709K(2010624K), 0.0076880 secs] [Times: user=0.00 sys=0.00, real=0.01 secs] 
[GC (Allocation Failure) [ParNew: 579625K->68096K(613440K), 0.1171178 secs] 1332053K->869423K(2010624K), 0.1171742 secs] [Times: user=0.45 sys=0.00, real=0.12 secs] 
[GC (Allocation Failure) [ParNew: 613440K->33738K(613440K), 0.0478616 secs] 1414767K->898483K(2010624K), 0.0479103 secs] [Times: user=0.25 sys=0.00, real=0.04 secs] 
[GC (Allocation Failure) [ParNew: 579082K->68096K(613440K), 0.0996149 secs] 1443827K->979723K(2010624K), 0.0996579 secs] [Times: user=0.45 sys=0.00, real=0.10 secs] 
[GC (Allocation Failure) [ParNew: 613440K->33730K(613440K), 0.0497061 secs] 1525067K->1008222K(2010624K), 0.0497542 secs] [Times: user=0.22 sys=0.00, real=0.05 secs] 
[GC (Allocation Failure) [ParNew: 579074K->68096K(613440K), 0.1000730 secs] 1553566K->1087964K(2010624K), 0.1001320 secs] [Times: user=0.42 sys=0.01, real=0.10 secs] 
[GC (Allocation Failure) [ParNew: 613440K->27306K(613440K), 0.0455282 secs] 1633308K->1110699K(2010624K), 0.0455763 secs] [Times: user=0.14 sys=0.00, real=0.04 secs] 
[GC (Allocation Failure) [ParNew: 572650K->68096K(613440K), 0.0915612 secs] 1656043K->1196309K(2010624K), 0.0916093 secs] [Times: user=0.33 sys=0.00, real=0.09 secs] 
[GC (Allocation Failure) [ParNew: 613440K->27422K(613440K), 0.0575179 secs] 1741653K->1219409K(2010624K), 0.0575641 secs] [Times: user=0.20 sys=0.00, real=0.06 secs] 
[GC (CMS Initial Mark) [1 CMS-initial-mark: 1191987K(1397184K)] 1230337K(2010624K), 0.0050428 secs] [Times: user=0.00 sys=0.00, real=0.00 secs] 
[CMS-concurrent-mark-start]
[CMS-concurrent-mark: 1.189/1.189 secs] [Times: user=3.98 sys=0.00, real=1.19 secs] 
[CMS-concurrent-preclean-start]
[CMS-concurrent-preclean: 0.137/0.146 secs] [Times: user=0.30 sys=0.00, real=0.15 secs] 
[CMS-concurrent-abortable-preclean-start]
[GC (Allocation Failure) [ParNew: 572766K->68096K(613440K), 0.0781401 secs] 1764753K->1303370K(2010624K), 0.0781921 secs] [Times: user=0.42 sys=0.00, real=0.08 secs] 
[CMS-concurrent-abortable-preclean: 0.965/1.457 secs] [Times: user=2.76 sys=0.00, real=1.46 secs] 
[GC (CMS Final Remark) [YG occupancy: 508006 K (613440 K)][Rescan (parallel) , 0.0835441 secs][weak refs processing, 0.0000192 secs][class unloading, 0.0070618 secs][scrub symbol table, 0.0013364 secs][scrub string table, 0.0003984 secs][1 CMS-remark: 1235274K(1397184K)] 1743281K(2010624K), 0.0933833 secs] [Times: user=0.58 sys=0.00, real=0.09 secs] 
[CMS-concurrent-sweep-start]
[GC (Allocation Failure) [ParNew: 613440K->48001K(613440K), 0.0379402 secs] 1848712K->1346795K(2010624K), 0.0379954 secs] [Times: user=0.26 sys=0.00, real=0.04 secs] 
[CMS-concurrent-sweep: 0.827/0.865 secs] [Times: user=2.23 sys=0.00, real=0.87 secs] 
[CMS-concurrent-reset-start]
[CMS-concurrent-reset: 0.003/0.003 secs] [Times: user=0.00 sys=0.00, real=0.00 secs] 
[GC (Allocation Failure) [ParNew: 593345K->68096K(613440K), 0.0815680 secs] 1338766K->857744K(2010624K), 0.0816174 secs] [Times: user=0.28 sys=0.00, real=0.08 secs] 
[GC (Allocation Failure) [ParNew: 613440K->20199K(613440K), 0.0465874 secs] 1403088K->872108K(2010624K), 0.0466477 secs] [Times: user=0.12 sys=0.00, real=0.04 secs] 
[GC (Allocation Failure) [ParNew (0: promotion failure size = 2779)  (1: promotion failure size = 2779)  (2: promotion failure size = 2779)  (3: promotion failure size = 2779)  (4: promotion failure size = 2779)  (5: promotion failure size = 2779)  (6: promotion failure size = 2779)  (7: promotion failure size = 2779)  (promotion failed): 565543K->613440K(613440K), 0.2566509 secs][CMS: 894409K->746297K(1397184K), 2.4689272 secs] 1417452K->746297K(2010624K), [Metaspace: 9999K->9999K(10240K)], 2.7256455 secs] [Times: user=2.98 sys=0.00, real=2.73 secs] 

*** PauseDetector detected a 2729 ms pause at Fri Dec 19 23:13:52 EET 2014 ***

[GC (Allocation Failure) [ParNew: 545344K->34244K(613440K), 0.0072197 secs] 1291641K->780541K(2010624K), 0.0072793 secs] [Times: user=0.08 sys=0.00, real=0.01 secs] 
[GC (Allocation Failure) [ParNew: 579588K->68096K(613440K), 0.0743368 secs] 1325885K->858222K(2010624K), 0.0743850 secs] [Times: user=0.30 sys=0.00, real=0.07 secs] 
[GC (Allocation Failure) [ParNew: 613440K->27147K(613440K), 0.0365839 secs] 1403566K->880682K(2010624K), 0.0366378 secs] [Times: user=0.11 sys=0.00, real=0.04 secs] 
[GC (Allocation Failure) [ParNew: 572491K->68096K(613440K), 0.0679198 secs] 1426026K->964122K(2010624K), 0.0679705 secs] [Times: user=0.38 sys=0.00, real=0.07 secs] 
[GC (Allocation Failure) [ParNew: 613440K->34263K(613440K), 0.0339374 secs] 1509466K->994000K(2010624K), 0.0339939 secs] [Times: user=0.09 sys=0.00, real=0.03 secs] 
[GC (Allocation Failure) [ParNew: 579607K->68096K(613440K), 0.0643937 secs] 1539344K->1070044K(2010624K), 0.0644476 secs] [Times: user=0.34 sys=0.00, real=0.06 secs] 
[GC (Allocation Failure) [ParNew: 613440K->20508K(613440K), 0.0339714 secs] 1615388K->1085904K(2010624K), 0.0340228 secs] [Times: user=0.13 sys=0.00, real=0.03 secs] 
[GC (Allocation Failure) [ParNew: 565852K->68096K(613440K), 0.0615522 secs] 1631248K->1177257K(2010624K), 0.0616028 secs] [Times: user=0.26 sys=0.00, real=0.06 secs] 
[GC (Allocation Failure) [ParNew: 613440K->39723K(613440K), 0.0519529 secs] 1722601K->1209898K(2010624K), 0.0520036 secs] [Times: user=0.14 sys=0.00, real=0.05 secs] 
[GC (CMS Initial Mark) [1 CMS-initial-mark: 1170175K(1397184K)] 1220827K(2010624K), 0.0052436 secs] [Times: user=0.00 sys=0.00, real=0.00 secs] 
[CMS-concurrent-mark-start]
[CMS-concurrent-mark: 1.201/1.201 secs] [Times: user=3.90 sys=0.00, real=1.20 secs] 
[CMS-concurrent-preclean-start]
[CMS-concurrent-preclean: 0.103/0.108 secs] [Times: user=0.22 sys=0.00, real=0.11 secs] 
[CMS-concurrent-abortable-preclean-start]
[GC (Allocation Failure) [ParNew[CMS-concurrent-abortable-preclean: 0.041/0.275 secs] [Times: user=0.64 sys=0.00, real=0.27 secs] 
: 585067K->68096K(613440K), 0.0605718 secs] 1755242K->1279645K(2010624K), 0.0606193 secs] [Times: user=0.38 sys=0.00, real=0.06 secs] 
[GC (CMS Final Remark) [YG occupancy: 79024 K (613440 K)][Rescan (parallel) , 0.0303953 secs][weak refs processing, 0.0000199 secs][class unloading, 0.0067757 secs][scrub symbol table, 0.0010785 secs][scrub string table, 0.0003760 secs][1 CMS-remark: 1211549K(1397184K)] 1290574K(2010624K), 0.0397347 secs] [Times: user=0.25 sys=0.00, real=0.04 secs] 
[CMS-concurrent-sweep-start]
[CMS-concurrent-sweep: 0.569/0.569 secs] [Times: user=1.12 sys=0.00, real=0.57 secs] 
[CMS-concurrent-reset-start]
[CMS-concurrent-reset: 0.003/0.003 secs] [Times: user=0.00 sys=0.00, real=0.00 secs] 
[GC (Allocation Failure) [ParNew: 613440K->27208K(613440K), 0.0334948 secs] 1292230K->769135K(2010624K), 0.0335435 secs] [Times: user=0.11 sys=0.00, real=0.03 secs] 
[GC (Allocation Failure) [ParNew: 572552K->68096K(613440K), 0.0607515 secs] 1314479K->852444K(2010624K), 0.0608086 secs] [Times: user=0.34 sys=0.00, real=0.06 secs] 
[GC (Allocation Failure) [ParNew: 613440K->26842K(613440K), 0.0321269 secs] 1397788K->873145K(2010624K), 0.0322790 secs] [Times: user=0.06 sys=0.00, real=0.03 secs] 
[GC (Allocation Failure) [ParNew: 572186K->68096K(613440K), 0.0807584 secs] 1418489K->955217K(2010624K), 0.0808033 secs] [Times: user=0.20 sys=0.00, real=0.08 secs] 
[GC (Allocation Failure) [ParNew (0: promotion failure size = 1854)  (1: promotion failure size = 1854)  (2: promotion failure size = 1854)  (3: promotion failure size = 1854)  (4: promotion failure size = 1854)  (5: promotion failure size = 1854)  (6: promotion failure size = 1854)  (7: promotion failure size = 1854)  (promotion failed): 613440K->579583K(613440K), 1.3855499 secs][CMS: 926906K->745578K(1397184K), 2.1775754 secs] 1500561K->745578K(2010624K), [Metaspace: 9999K->9999K(10240K)]
*** PauseDetector detected a 3556 ms pause at Fri Dec 19 23:14:18 EET 2014 ***

, 3.5631837 secs] [Times: user=3.62 sys=0.23, real=3.55 secs] 
[GC (Allocation Failure) [ParNew: 545344K->68096K(613440K), 0.0572279 secs] 1290922K->857198K(2010624K), 0.0572793 secs] [Times: user=0.28 sys=0.00, real=0.06 secs] 
[GC (Allocation Failure) [ParNew: 613440K->26494K(613440K), 0.0315796 secs] 1402542K->877272K(2010624K), 0.0316310 secs] [Times: user=0.08 sys=0.00, real=0.03 secs] 
[GC (Allocation Failure) [ParNew: 571838K->68096K(613440K), 0.0565812 secs] 1422616K->962422K(2010624K), 0.0566325 secs] [Times: user=0.20 sys=0.00, real=0.06 secs] 
[GC (Allocation Failure) [ParNew: 613440K->26270K(613440K), 0.0297184 secs] 1507766K->981238K(2010624K), 0.0297768 secs] [Times: user=0.16 sys=0.00, real=0.03 secs] 
[GC (Allocation Failure) [ParNew: 571614K->68096K(613440K), 0.0587331 secs] 1526582K->1066724K(2010624K), 0.0587812 secs] [Times: user=0.28 sys=0.00, real=0.06 secs] 
[GC (Allocation Failure) [ParNew: 613440K->26169K(613440K), 0.0293790 secs] 1612068K->1085184K(2010624K), 0.0294310 secs] [Times: user=0.08 sys=0.00, real=0.03 secs] 
[GC (Allocation Failure) [ParNew: 571513K->68096K(613440K), 0.0570765 secs] 1630528K->1168012K(2010624K), 0.0571246 secs] [Times: user=0.19 sys=0.00, real=0.05 secs] 
[GC (Allocation Failure) [ParNew: 613440K->40775K(613440K), 0.0328282 secs] 1713356K->1203709K(2010624K), 0.0328872 secs] [Times: user=0.17 sys=0.00, real=0.03 secs] 
[GC (CMS Initial Mark) [1 CMS-initial-mark: 1162933K(1397184K)] 1214638K(2010624K), 0.0033894 secs] [Times: user=0.00 sys=0.00, real=0.00 secs] 
[CMS-concurrent-mark-start]
[CMS-concurrent-mark: 1.313/1.313 secs] [Times: user=4.18 sys=0.00, real=1.31 secs] 
[CMS-concurrent-preclean-start]
[CMS-concurrent-preclean: 0.072/0.077 secs] [Times: user=0.16 sys=0.00, real=0.08 secs] 
[CMS-concurrent-abortable-preclean-start]
[GC (Allocation Failure) [ParNew: 586119K->68096K(613440K), 0.0540887 secs] 1749053K->1274414K(2010624K), 0.0541490 secs] [Times: user=0.23 sys=0.00, real=0.05 secs] 
[CMS-concurrent-abortable-preclean: 0.617/1.109 secs] [Times: user=1.93 sys=0.00, real=1.11 secs] 
[GC (CMS Final Remark) [YG occupancy: 408926 K (613440 K)][Rescan (parallel) , 0.0774453 secs][weak refs processing, 0.0000212 secs][class unloading, 0.0096095 secs][scrub symbol table, 0.0015494 secs][scrub string table, 0.0005505 secs][1 CMS-remark: 1206318K(1397184K)] 1615245K(2010624K), 0.0903794 secs] [Times: user=0.34 sys=0.00, real=0.09 secs] 
[CMS-concurrent-sweep-start]
[GC (Allocation Failure) [ParNew: 613440K->45586K(613440K), 0.0284847 secs] 1726655K->1218726K(2010624K), 0.0285444 secs] [Times: user=0.20 sys=0.00, real=0.03 secs] 
[CMS-concurrent-sweep: 0.581/0.610 secs] [Times: user=1.39 sys=0.00, real=0.61 secs] 
[CMS-concurrent-reset-start]
[CMS-concurrent-reset: 0.003/0.003 secs] [Times: user=0.05 sys=0.00, real=0.00 secs] 
[GC (Allocation Failure) [ParNew: 590930K->68096K(613440K), 0.0546655 secs] 1331063K->848185K(2010624K), 0.0547200 secs] [Times: user=0.17 sys=0.00, real=0.06 secs] 
[GC (Allocation Failure) [ParNew: 613440K->40853K(613440K), 0.0297415 secs] 1393529K->884223K(2010624K), 0.0297877 secs] [Times: user=0.14 sys=0.00, real=0.03 secs] 
[GC (Allocation Failure) [ParNew: 586197K->68096K(613440K), 0.0544762 secs] 1429567K->951214K(2010624K), 0.0545256 secs] [Times: user=0.19 sys=0.00, real=0.06 secs] 
[GC (Allocation Failure) [ParNew (0: promotion failure size = 109)  (1: promotion failure size = 109)  (2: promotion failure size = 109)  (3: promotion failure size = 109)  (4: promotion failure size = 109)  (5: promotion failure size = 109)  (6: promotion failure size = 109)  (7: promotion failure size = 109)  (promotion failed): 613440K->572713K(613440K), 0.8442241 secs][CMS: 930512K->744511K(1397184K), 2.0302041 secs] 1496558K->744511K(2010624K), [Metaspace: 9999K->9999K(10240K)]
*** PauseDetector detected a 2876 ms pause at Fri Dec 19 23:14:42 EET 2014 ***

, 2.8745045 secs] [Times: user=2.92 sys=0.13, real=2.88 secs] 
[GC (Allocation Failure) [ParNew: 545344K->68096K(613440K), 0.0531186 secs] 1289855K->852644K(2010624K), 0.0531751 secs] [Times: user=0.22 sys=0.00, real=0.05 secs] 
[GC (Allocation Failure) [ParNew: 613440K->27422K(613440K), 0.0291083 secs] 1397988K->875719K(2010624K), 0.0291603 secs] [Times: user=0.11 sys=0.00, real=0.03 secs] 
[GC (Allocation Failure) [ParNew: 572766K->68096K(613440K), 0.1667372 secs] 1421063K->984395K(2010624K), 0.1667873 secs] [Times: user=0.69 sys=0.00, real=0.16 secs] 
[GC (Allocation Failure) [ParNew: 613440K->27430K(613440K), 0.0926602 secs] 1529739K->1008702K(2010624K), 0.0927129 secs] [Times: user=0.33 sys=0.00, real=0.09 secs] 
[GC (Allocation Failure) [ParNew: 572774K->68096K(613440K), 0.1629199 secs] 1554046K->1106178K(2010624K), 0.1629680 secs] [Times: user=1.19 sys=0.00, real=0.16 secs] 
[GC (Allocation Failure) [ParNew: 613440K->27431K(613440K), 0.0863760 secs] 1651522K->1130347K(2010624K), 0.0864261 secs] [Times: user=0.30 sys=0.00, real=0.08 secs] 
[GC (Allocation Failure) [ParNew: 572775K->68096K(613440K), 0.1647599 secs] 1675691K->1225340K(2010624K), 0.1648080 secs] [Times: user=0.78 sys=0.00, real=0.16 secs] 
[GC (CMS Initial Mark) [1 CMS-initial-mark: 1157244K(1397184K)] 1236269K(2010624K), 0.0104564 secs] [Times: user=0.00 sys=0.00, real=0.01 secs] 
[CMS-concurrent-mark-start]
[CMS-concurrent-mark: 1.378/1.378 secs] [Times: user=4.31 sys=0.02, real=1.38 secs] 
[CMS-concurrent-preclean-start]
[CMS-concurrent-preclean: 0.005/0.005 secs] [Times: user=0.00 sys=0.00, real=0.01 secs] 
[CMS-concurrent-abortable-preclean-start]
[GC (Allocation Failure) [ParNew: 613440K->34259K(613440K), 0.0604198 secs] 1770684K->1255136K(2010624K), 0.0604756 secs] [Times: user=0.39 sys=0.00, real=0.06 secs] 
[CMS-concurrent-abortable-preclean: 0.608/1.380 secs] [Times: user=2.95 sys=0.00, real=1.38 secs] 
[GC (CMS Final Remark) [YG occupancy: 375721 K (613440 K)][Rescan (parallel) , 0.0723614 secs][weak refs processing, 0.0000199 secs][class unloading, 0.0067712 secs][scrub symbol table, 0.0010573 secs][scrub string table, 0.0003734 secs][1 CMS-remark: 1220876K(1397184K)] 1596597K(2010624K), 0.0815218 secs] [Times: user=0.31 sys=0.00, real=0.07 secs] 
[CMS-concurrent-sweep-start]
[GC (Allocation Failure) [ParNew: 579603K->68096K(613440K), 0.1398783 secs] 1595817K->1134517K(2010624K), 0.1399232 secs] [Times: user=0.72 sys=0.00, real=0.14 secs] 
[CMS-concurrent-sweep: 0.766/0.906 secs] [Times: user=2.26 sys=0.00, real=0.91 secs] 
[CMS-concurrent-reset-start]
[CMS-concurrent-reset: 0.003/0.003 secs] [Times: user=0.00 sys=0.00, real=0.00 secs] 
[GC (Allocation Failure) [ParNew: 613440K->34230K(613440K), 0.0599906 secs] 1423256K->907639K(2010624K), 0.0600355 secs] [Times: user=0.17 sys=0.00, real=0.06 secs] 
[GC (Allocation Failure) [ParNew: 579574K->68096K(613440K), 0.1315936 secs] 1452983K->990478K(2010624K), 0.1316424 secs] [Times: user=0.55 sys=0.02, real=0.13 secs] 
[GC (Allocation Failure) [ParNew: 613440K->27366K(613440K), 0.0515262 secs] 1535822K->1013338K(2010624K), 0.0515737 secs] [Times: user=0.17 sys=0.00, real=0.05 secs] 
[GC (Allocation Failure) [ParNew (0: promotion failure size = 4167)  (1: promotion failure size = 29)  (2: promotion failure size = 4167)  (3: promotion failure size = 29)  (4: promotion failure size = 4167)  (5: promotion failure size = 4167)  (6: promotion failure size = 4167)  (7: promotion failure size = 29)  (promotion failed): 572710K->613440K(613440K), 0.5901716 secs][CMS: 1029915K->749959K(1397184K), 2.1508473 secs] 1558682K->749959K(2010624K), [Metaspace: 9999K->9999K(10240K)], 2.7411581 secs] [Times: user=3.17 sys=0.05, real=2.74 secs] 

*** PauseDetector detected a 2742 ms pause at Fri Dec 19 23:15:06 EET 2014 ***

[GC (Allocation Failure) [ParNew: 545344K->27418K(613440K), 0.0083918 secs] 1295303K->777378K(2010624K), 0.0084367 secs] [Times: user=0.00 sys=0.00, real=0.01 secs] 
[GC (Allocation Failure) [ParNew: 572762K->68096K(613440K), 0.1003412 secs] 1322722K->865082K(2010624K), 0.1003983 secs] [Times: user=0.44 sys=0.00, real=0.10 secs] 
[GC (Allocation Failure) [ParNew: 613440K->20572K(613440K), 0.0523038 secs] 1410426K->881962K(2010624K), 0.0523462 secs] [Times: user=0.20 sys=0.00, real=0.05 secs] 
[GC (Allocation Failure) [ParNew: 565916K->68096K(613440K), 0.0948153 secs] 1427306K->975859K(2010624K), 0.0948685 secs] [Times: user=0.37 sys=0.00, real=0.09 secs] 
[GC (Allocation Failure) [ParNew: 613440K->27072K(613440K), 0.0478731 secs] 1521203K->997648K(2010624K), 0.0479219 secs] [Times: user=0.14 sys=0.00, real=0.05 secs] 
[GC (Allocation Failure) [ParNew: 572416K->68096K(613440K), 0.0844660 secs] 1542992K->1083425K(2010624K), 0.0845193 secs] [Times: user=0.45 sys=0.00, real=0.09 secs] 
[Full GC (System.gc()) [CMS: 1015329K->748204K(1397184K), 1.7119690 secs] 1083697K->748204K(2010624K), [Metaspace: 9999K->9999K(10240K)]
*** PauseDetector detected a 1716 ms pause at Fri Dec 19 23:15:17 EET 2014 ***

, 1.7122551 secs] [Times: user=1.72 sys=0.00, real=1.71 secs] 
[Full GC (System.gc()) [CMS: 748204K->743861K(1397184K), 1.7067260 secs] 759132K->743861K(2010624K), [Metaspace: 9999K->9999K(10240K)], 1.7069576 secs] [Times: user=1.70 sys=0.00, real=1.71 secs] 

*** PauseDetector detected a 1707 ms pause at Fri Dec 19 23:15:19 EET 2014 ***
[Full GC (System.gc()) [CMS: 743861K->743789K(1397184K), 1.4468506 secs] 754789K->743789K(2010624K), [Metaspace: 9999K->9999K(10240K)]
, 1.4470847 secs] [Times: user=1.45 sys=0.00, real=1.45 secs] 

*** PauseDetector detected a 1456 ms pause at Fri Dec 19 23:15:21 EET 2014 ***

[GC (Allocation Failure) [ParNew: 545344K->68096K(613440K), 0.0804709 secs] 1289133K->859456K(2010624K), 0.0805210 secs] [Times: user=0.31 sys=0.00, real=0.08 secs] 
[GC (Allocation Failure) [ParNew: 613440K->31168K(613440K), 0.0413412 secs] 1404800K->883651K(2010624K), 0.0413836 secs] [Times: user=0.13 sys=0.00, real=0.03 secs] 
[GC (Allocation Failure) [ParNew: 576512K->68096K(613440K), 0.0754686 secs] 1428995K->965557K(2010624K), 0.0755186 secs] [Times: user=0.30 sys=0.00, real=0.07 secs] 
[GC (Allocation Failure) [ParNew: 613440K->40353K(613440K), 0.0470269 secs] 1510901K->999520K(2010624K), 0.0470692 secs] [Times: user=0.19 sys=0.00, real=0.05 secs] 
[GC (Allocation Failure) [ParNew: 585697K->68096K(613440K), 0.0741681 secs] 1544864K->1070066K(2010624K), 0.0742278 secs] [Times: user=0.25 sys=0.00, real=0.07 secs] 
[GC (Allocation Failure) [ParNew: 613440K->34189K(613440K), 0.0495271 secs] 1615410K->1099662K(2010624K), 0.0495848 secs] [Times: user=0.19 sys=0.00, real=0.05 secs] 
[Full GC (System.gc()) [CMS: 1065472K->742880K(1397184K), 1.9835115 secs] 1340045K->742880K(2010624K), [Metaspace: 9999K->9999K(10240K)], 1.9837328 secs] [Times: user=1.98 sys=0.00, real=1.97 secs] 
[Full GC (System.gc()) [CMS: 742880K->742881K(1397184K), 1.8416841 secs] 753808K->742881K(2010624K), [Metaspace: 9999K->9999K(10240K)], 1.8419529 secs] [Times: user=1.84 sys=0.00, real=1.85 secs] 
[Full GC (System.gc()) [CMS: 742881K->742802K(1397184K), 1.8023382 secs] 742881K->742802K(2010624K), [Metaspace: 9999K->9999K(10240K)], 1.8025762 secs] [Times: user=1.81 sys=0.00, real=1.80 secs] 
********************************
********** ROUND    6 **********
********************************

*** PauseDetector detected a 1979 ms pause at Fri Dec 19 23:15:33 EET 2014 ***


*** PauseDetector detected a 3659 ms pause at Fri Dec 19 23:15:36 EET 2014 ***

[GC (Allocation Failure) [ParNew: 545344K->7387K(613440K), 0.0083418 secs] 1288146K->750190K(2010624K), 0.0083886 secs] [Times: user=0.00 sys=0.00, real=0.01 secs] 
[GC (Allocation Failure) [ParNew: 552731K->68096K(613440K), 0.0626717 secs] 1295534K->854930K(2010624K), 0.0627198 secs] [Times: user=0.34 sys=0.00, real=0.06 secs] 
[GC (Allocation Failure) [ParNew: 613440K->32651K(613440K), 0.0335519 secs] 1400274K->882335K(2010624K), 0.0336000 secs] [Times: user=0.17 sys=0.00, real=0.03 secs] 
[GC (Allocation Failure) [ParNew: 577995K->68096K(613440K), 0.0610286 secs] 1427679K->961296K(2010624K), 0.0610774 secs] [Times: user=0.34 sys=0.00, real=0.06 secs] 
[GC (Allocation Failure) [ParNew: 613440K->20104K(613440K), 0.0424762 secs] 1506640K->975713K(2010624K), 0.0426302 secs] [Times: user=0.13 sys=0.00, real=0.04 secs] 
[GC (Allocation Failure) [ParNew: 565448K->68096K(613440K), 0.0603530 secs] 1521057K->1065357K(2010624K), 0.0604127 secs] [Times: user=0.26 sys=0.00, real=0.06 secs] 
[GC (Allocation Failure) [ParNew: 613440K->34030K(613440K), 0.0334864 secs] 1610701K->1094468K(2010624K), 0.0335332 secs] [Times: user=0.09 sys=0.00, real=0.03 secs] 
[GC (Allocation Failure) [ParNew: 579374K->68096K(613440K), 0.0647523 secs] 1639812K->1171591K(2010624K), 0.0648107 secs] [Times: user=0.19 sys=0.00, real=0.06 secs] 
[GC (Allocation Failure) [ParNew: 613440K->33285K(613440K), 0.0423408 secs] 1716935K->1198381K(2010624K), 0.0423851 secs] [Times: user=0.13 sys=0.00, real=0.04 secs] 
[GC (CMS Initial Mark) [1 CMS-initial-mark: 1165095K(1397184K)] 1198509K(2010624K), 0.0031585 secs] [Times: user=0.00 sys=0.00, real=0.00 secs] 
[CMS-concurrent-mark-start]
[CMS-concurrent-mark: 1.207/1.207 secs] [Times: user=3.87 sys=0.00, real=1.21 secs] 
[CMS-concurrent-preclean-start]
[CMS-concurrent-preclean: 0.082/0.087 secs] [Times: user=0.19 sys=0.00, real=0.09 secs] 
[CMS-concurrent-abortable-preclean-start]
[GC (Allocation Failure) [ParNew[CMS-concurrent-abortable-preclean: 0.042/0.262 secs] [Times: user=0.44 sys=0.00, real=0.26 secs] 
: 578629K->68096K(613440K), 0.0617748 secs] 1743725K->1275322K(2010624K), 0.0618287 secs] [Times: user=0.34 sys=0.00, real=0.06 secs] 
[GC (CMS Final Remark) [YG occupancy: 79144 K (613440 K)][Rescan (parallel) , 0.0303093 secs][weak refs processing, 0.0000199 secs][class unloading, 0.0070464 secs][scrub symbol table, 0.0010798 secs][scrub string table, 0.0003798 secs][1 CMS-remark: 1207226K(1397184K)] 1286370K(2010624K), 0.0399625 secs] [Times: user=0.19 sys=0.00, real=0.03 secs] 
[CMS-concurrent-sweep-start]
[CMS-concurrent-sweep: 0.637/0.637 secs] [Times: user=1.30 sys=0.00, real=0.64 secs] 
[CMS-concurrent-reset-start]
[CMS-concurrent-reset: 0.003/0.003 secs] [Times: user=0.03 sys=0.00, real=0.00 secs] 
[GC (Allocation Failure) [ParNew: 613440K->20164K(613440K), 0.0330123 secs] 1292872K->761946K(2010624K), 0.0330739 secs] [Times: user=0.14 sys=0.00, real=0.03 secs] 
[GC (Allocation Failure) [ParNew: 565508K->68096K(613440K), 0.0529922 secs] 1307290K->850699K(2010624K), 0.0530397 secs] [Times: user=0.34 sys=0.00, real=0.05 secs] 
[GC (Allocation Failure) [ParNew: 613440K->41090K(613440K), 0.0313288 secs] 1396043K->887128K(2010624K), 0.0313756 secs] [Times: user=0.13 sys=0.00, real=0.03 secs] 
[GC (Allocation Failure) [ParNew: 586434K->68096K(613440K), 0.0677337 secs] 1432472K->954844K(2010624K), 0.0677928 secs] [Times: user=0.23 sys=0.00, real=0.07 secs] 
[GC (Allocation Failure) [ParNew: 613440K->47913K(613440K), 0.0889301 secs] 1500188K->998098K(2010624K), 0.0889776 secs] [Times: user=0.17 sys=0.00, real=0.08 secs] 
[GC (Allocation Failure) [ParNew: 593257K->68096K(613440K), 0.0849517 secs] 1543442K->1058862K(2010624K), 0.0850024 secs] [Times: user=0.37 sys=0.00, real=0.09 secs] 
[GC (Allocation Failure) [ParNew (0: promotion failure size = 1854)  (1: promotion failure size = 1854)  (2: promotion failure size = 1854)  (3: promotion failure size = 1854)  (4: promotion failure size = 1854)  (5: promotion failure size = 1854)  (6: promotion failure size = 1854)  (7: promotion failure size = 1854)  (promotion failed): 613440K->579563K(613440K), 3.3408276 secs][CMS: 996416K->745321K(1397184K), 2.2881208 secs] 1604206K->745321K(2010624K), [Metaspace: 9999K->9999K(10240K)], 5.6290171 secs] [Times: user=5.99 sys=0.81, real=5.63 secs] 

*** PauseDetector detected a 5633 ms pause at Fri Dec 19 23:16:07 EET 2014 ***

[GC (Allocation Failure) [ParNew: 545344K->68096K(613440K), 0.0540233 secs] 1290665K->855499K(2010624K), 0.0540739 secs] [Times: user=0.19 sys=0.00, real=0.05 secs] 
[GC (Allocation Failure) [ParNew: 613440K->20218K(613440K), 0.0300444 secs] 1400843K->870293K(2010624K), 0.0301079 secs] [Times: user=0.08 sys=0.00, real=0.03 secs] 
[GC (Allocation Failure) [ParNew: 565562K->68096K(613440K), 0.0538449 secs] 1415637K->959284K(2010624K), 0.0538905 secs] [Times: user=0.22 sys=0.00, real=0.05 secs] 
[GC (Allocation Failure) [ParNew: 613440K->47524K(613440K), 0.0301284 secs] 1504628K->1001784K(2010624K), 0.0301740 secs] [Times: user=0.17 sys=0.00, real=0.03 secs] 
[GC (Allocation Failure) [ParNew: 592868K->68096K(613440K), 0.0527966 secs] 1547128K->1065404K(2010624K), 0.0529428 secs] [Times: user=0.22 sys=0.00, real=0.05 secs] 
[GC (Allocation Failure) [ParNew: 613440K->19638K(613440K), 0.0295330 secs] 1610748K->1077228K(2010624K), 0.0295850 secs] [Times: user=0.08 sys=0.00, real=0.03 secs] 
[GC (Allocation Failure) [ParNew: 564982K->68096K(613440K), 0.0543716 secs] 1622572K->1167204K(2010624K), 0.0544217 secs] [Times: user=0.20 sys=0.00, real=0.06 secs] 
[GC (Allocation Failure) [ParNew: 613440K->46740K(613440K), 0.0300771 secs] 1712548K->1207605K(2010624K), 0.0301252 secs] [Times: user=0.17 sys=0.00, real=0.03 secs] 
[GC (CMS Initial Mark) [1 CMS-initial-mark: 1160865K(1397184K)] 1218534K(2010624K), 0.0037205 secs] [Times: user=0.00 sys=0.00, real=0.00 secs] 
[CMS-concurrent-mark-start]
[CMS-concurrent-mark: 1.387/1.387 secs] [Times: user=4.51 sys=0.00, real=1.39 secs] 
[CMS-concurrent-preclean-start]
[CMS-concurrent-preclean: 0.072/0.076 secs] [Times: user=0.16 sys=0.00, real=0.08 secs] 
[CMS-concurrent-abortable-preclean-start]
[GC (Allocation Failure) [ParNew[CMS-concurrent-abortable-preclean: 0.022/0.125 secs] [Times: user=0.44 sys=0.00, real=0.13 secs] 
: 592084K->68096K(613440K), 0.0497202 secs] 1752949K->1268735K(2010624K), 0.0497747 secs] [Times: user=0.33 sys=0.00, real=0.05 secs] 
[GC (CMS Final Remark) [YG occupancy: 79024 K (613440 K)][Rescan (parallel) , 0.0233912 secs][weak refs processing, 0.0000199 secs][class unloading, 0.0064831 secs][scrub symbol table, 0.0010618 secs][scrub string table, 0.0003753 secs][1 CMS-remark: 1200639K(1397184K)] 1279663K(2010624K), 0.0323187 secs] [Times: user=0.25 sys=0.00, real=0.03 secs] 
[CMS-concurrent-sweep-start]
[CMS-concurrent-sweep: 0.531/0.531 secs] [Times: user=1.06 sys=0.00, real=0.54 secs] 
[CMS-concurrent-reset-start]
[CMS-concurrent-reset: 0.003/0.003 secs] [Times: user=0.03 sys=0.00, real=0.00 secs] 
[GC (Allocation Failure) [ParNew: 613440K->27335K(613440K), 0.0289184 secs] 1289888K->767193K(2010624K), 0.0289684 secs] [Times: user=0.06 sys=0.00, real=0.03 secs] 
[GC (Allocation Failure) [ParNew: 572679K->68096K(613440K), 0.0517219 secs] 1312537K->849285K(2010624K), 0.0517707 secs] [Times: user=0.22 sys=0.00, real=0.05 secs] 
[GC (Allocation Failure) [ParNew: 613440K->46911K(613440K), 0.0337302 secs] 1394629K->889991K(2010624K), 0.0337783 secs] [Times: user=0.13 sys=0.00, real=0.03 secs] 
[GC (Allocation Failure) [ParNew (1: promotion failure size = 14056)  (2: promotion failure size = 14056)  (4: promotion failure size = 14056)  (5: promotion failure size = 14056)  (6: promotion failure size = 14056)  (7: promotion failure size = 14056)  (promotion failed): 592255K->613440K(613440K), 0.3039947 secs][CMS: 909872K->766692K(1397184K), 2.0477172 secs] 1435335K->766692K(2010624K), [Metaspace: 9999K->9999K(10240K)], 2.3517767 secs] [Times: user=3.01 sys=0.00, real=2.35 secs] 

*** PauseDetector detected a 2353 ms pause at Fri Dec 19 23:16:29 EET 2014 ***

[GC (Allocation Failure) [ParNew: 545344K->27316K(613440K), 0.0070143 secs] 1312036K->794009K(2010624K), 0.0071561 secs] [Times: user=0.00 sys=0.00, real=0.01 secs] 
[GC (Allocation Failure) [ParNew: 572660K->68096K(613440K), 0.1850626 secs] 1339353K->894646K(2010624K), 0.1851145 secs] [Times: user=1.01 sys=0.00, real=0.18 secs] 
[GC (Allocation Failure) [ParNew: 613440K->34270K(613440K), 0.0727323 secs] 1439990K->925155K(2010624K), 0.0727797 secs] [Times: user=0.28 sys=0.00, real=0.07 secs] 
[GC (Allocation Failure) [ParNew: 579614K->68096K(613440K), 0.1564008 secs] 1470499K->1013394K(2010624K), 0.1564489 secs] [Times: user=0.81 sys=0.00, real=0.16 secs] 
[GC (Allocation Failure) [ParNew: 613440K->27324K(613440K), 0.0634429 secs] 1558738K->1036569K(2010624K), 0.0635006 secs] [Times: user=0.25 sys=0.00, real=0.06 secs] 
[GC (Allocation Failure) [ParNew: 572668K->68096K(613440K), 0.1369437 secs] 1581913K->1128277K(2010624K), 0.1369906 secs] [Times: user=0.69 sys=0.00, real=0.13 secs] 
[GC (Allocation Failure) [ParNew: 613440K->40716K(613440K), 0.0626974 secs] 1673621K->1163988K(2010624K), 0.0627455 secs] [Times: user=0.14 sys=0.00, real=0.06 secs] 
[GC (Allocation Failure) [ParNew: 586060K->68096K(613440K), 0.1331347 secs] 1709332K->1242149K(2010624K), 0.1331873 secs] [Times: user=0.62 sys=0.00, real=0.13 secs] 
[GC (Allocation Failure) [ParNew: 613440K->33345K(613440K), 0.0660284 secs] 1787493K->1269211K(2010624K), 0.0660849 secs] [Times: user=0.22 sys=0.00, real=0.06 secs] 
[GC (CMS Initial Mark) [1 CMS-initial-mark: 1235866K(1397184K)] 1269213K(2010624K), 0.0027620 secs] [Times: user=0.00 sys=0.00, real=0.00 secs] 
[CMS-concurrent-mark-start]
[CMS-concurrent-mark: 1.425/1.425 secs] [Times: user=4.91 sys=0.00, real=1.43 secs] 
[CMS-concurrent-preclean-start]
[CMS-concurrent-preclean: 0.249/0.266 secs] [Times: user=0.53 sys=0.00, real=0.27 secs] 
[CMS-concurrent-abortable-preclean-start]
[GC (Allocation Failure) [ParNew: 578689K->68096K(613440K), 0.1073658 secs] 1814555K->1350468K(2010624K), 0.1074312 secs] [Times: user=0.73 sys=0.00, real=0.11 secs] 
[CMS-concurrent-abortable-preclean: 0.946/1.269 secs] [Times: user=2.85 sys=0.00, real=1.27 secs] 
[GC (CMS Final Remark) [YG occupancy: 508407 K (613440 K)][Rescan (parallel) , 0.1133408 secs][weak refs processing, 0.0000154 secs][class unloading, 0.0067936 secs][scrub symbol table, 0.0013595 secs][scrub string table, 0.0003805 secs][1 CMS-remark: 1282372K(1397184K)] 1790780K(2010624K), 0.1228573 secs] [Times: user=0.47 sys=0.00, real=0.12 secs] 
[CMS-concurrent-sweep-start]
[GC (Allocation Failure) [ParNew: 613440K->41006K(613440K), 0.0508789 secs] 1895811K->1386894K(2010624K), 0.0509283 secs] [Times: user=0.28 sys=0.00, real=0.05 secs] 
[CMS-concurrent-sweep: 0.958/1.009 secs] [Times: user=2.56 sys=0.00, real=1.01 secs] 
[CMS-concurrent-reset-start]
[CMS-concurrent-reset: 0.003/0.003 secs] [Times: user=0.00 sys=0.00, real=0.00 secs] 
[GC (Allocation Failure) [ParNew: 586350K->68096K(613440K), 0.1178543 secs] 1336087K->863671K(2010624K), 0.1179005 secs] [Times: user=0.44 sys=0.00, real=0.11 secs] 
[GC (Allocation Failure) [ParNew (0: promotion failure size = 4167)  (2: promotion failure size = 4167)  (3: promotion failure size = 4167)  (5: promotion failure size = 4167)  (6: promotion failure size = 4167)  (7: promotion failure size = 4167)  (promotion failed): 613440K->579549K(613440K), 0.2531011 secs][CMS: 858804K->750502K(1397184K), 2.5650179 secs] 1409015K->750502K(2010624K), [Metaspace: 9999K->9999K(10240K)], 2.8181832 secs] [Times: user=2.92 sys=0.01, real=2.82 secs] 

*** PauseDetector detected a 2821 ms pause at Fri Dec 19 23:16:53 EET 2014 ***

[GC (Allocation Failure) [ParNew: 545344K->68096K(613440K), 0.0982901 secs] 1295846K->865406K(2010624K), 0.0983472 secs] [Times: user=0.39 sys=0.00, real=0.10 secs] 
[GC (Allocation Failure) [ParNew: 613440K->27176K(613440K), 0.0440416 secs] 1410750K->888585K(2010624K), 0.0440878 secs] [Times: user=0.17 sys=0.00, real=0.04 secs] 
[GC (Allocation Failure) [ParNew: 572520K->68096K(613440K), 0.0840599 secs] 1433929K->974291K(2010624K), 0.0841177 secs] [Times: user=0.39 sys=0.00, real=0.08 secs] 
[GC (Allocation Failure) [ParNew: 613440K->20551K(613440K), 0.0432724 secs] 1519635K->990458K(2010624K), 0.0433205 secs] [Times: user=0.14 sys=0.00, real=0.04 secs] 
[GC (Allocation Failure) [ParNew: 565895K->68096K(613440K), 0.0906451 secs] 1535802K->1083228K(2010624K), 0.0907002 secs] [Times: user=0.34 sys=0.00, real=0.09 secs] 
[GC (Allocation Failure) [ParNew: 613440K->26754K(613440K), 0.0397674 secs] 1628572K->1103812K(2010624K), 0.0398162 secs] [Times: user=0.13 sys=0.00, real=0.03 secs] 
[GC (Allocation Failure) [ParNew: 572098K->68096K(613440K), 0.0794034 secs] 1649156K->1189054K(2010624K), 0.0794553 secs] [Times: user=0.36 sys=0.00, real=0.08 secs] 
[GC (Allocation Failure) [ParNew: 613440K->27041K(613440K), 0.0458117 secs] 1734398K->1210588K(2010624K), 0.0458618 secs] [Times: user=0.14 sys=0.00, real=0.05 secs] 
[GC (CMS Initial Mark) [1 CMS-initial-mark: 1183546K(1397184K)] 1210588K(2010624K), 0.0026504 secs] [Times: user=0.00 sys=0.00, real=0.00 secs] 
[CMS-concurrent-mark-start]
[CMS-concurrent-mark: 1.281/1.281 secs] [Times: user=4.18 sys=0.00, real=1.28 secs] 
[CMS-concurrent-preclean-start]
[CMS-concurrent-preclean: 0.121/0.129 secs] [Times: user=0.25 sys=0.00, real=0.13 secs] 
[CMS-concurrent-abortable-preclean-start]
[GC (Allocation Failure) [ParNew: 572385K->68096K(613440K), 0.0700678 secs] 1755932K->1294343K(2010624K), 0.0701165 secs] [Times: user=0.45 sys=0.00, real=0.07 secs] 
[CMS-concurrent-abortable-preclean: 0.784/1.181 secs] [Times: user=2.39 sys=0.00, real=1.18 secs] 
[GC (CMS Final Remark) [YG occupancy: 441981 K (613440 K)][Rescan (parallel) , 0.0990035 secs][weak refs processing, 0.0000205 secs][class unloading, 0.0076084 secs][scrub symbol table, 0.0015500 secs][scrub string table, 0.0004767 secs][1 CMS-remark: 1226247K(1397184K)] 1668229K(2010624K), 0.1097448 secs] [Times: user=0.42 sys=0.00, real=0.10 secs] 
[CMS-concurrent-sweep-start]
[GC (Allocation Failure) [ParNew: 613440K->27404K(613440K), 0.0467253 secs] 1831257K->1308884K(2010624K), 0.0467715 secs] [Times: user=0.14 sys=0.00, real=0.04 secs] 
[CMS-concurrent-sweep: 0.675/0.722 secs] [Times: user=1.67 sys=0.00, real=0.73 secs] 
[CMS-concurrent-reset-start]
[CMS-concurrent-reset: 0.003/0.003 secs] [Times: user=0.05 sys=0.00, real=0.00 secs] 
[GC (Allocation Failure) [ParNew: 572748K->68096K(613440K), 0.0731628 secs] 1317274K->855123K(2010624K), 0.0732115 secs] [Times: user=0.31 sys=0.00, real=0.07 secs] 
[GC (Allocation Failure) [ParNew: 613440K->41138K(613440K), 0.0376073 secs] 1400467K->891619K(2010624K), 0.0376586 secs] [Times: user=0.09 sys=0.02, real=0.04 secs] 
[GC (Allocation Failure) [ParNew (0: promotion failure size = 61)  (1: promotion failure size = 61)  (2: promotion failure size = 61)  (3: promotion failure size = 2779)  (4: promotion failure size = 2779)  (5: promotion failure size = 61)  (6: promotion failure size = 61)  (7: promotion failure size = 61)  (promotion failed): 586482K->613440K(613440K), 0.8906870 secs][CMS: 883478K->745857K(1397184K), 1.9298828 secs] 1436963K->745857K(2010624K), [Metaspace: 9999K->9999K(10240K)], 2.8207681 secs] [Times: user=3.07 sys=0.17, real=2.82 secs] 

*** PauseDetector detected a 2816 ms pause at Fri Dec 19 23:17:16 EET 2014 ***

[GC (Allocation Failure) [ParNew: 545344K->34230K(613440K), 0.0067019 secs] 1291201K->780087K(2010624K), 0.0067481 secs] [Times: user=0.00 sys=0.00, real=0.01 secs] 
[GC (Allocation Failure) [ParNew: 579574K->68096K(613440K), 0.0630682 secs] 1325431K->859117K(2010624K), 0.0631150 secs] [Times: user=0.28 sys=0.00, real=0.06 secs] 
[GC (Allocation Failure) [ParNew: 613440K->26470K(613440K), 0.0353624 secs] 1404461K->879607K(2010624K), 0.0354131 secs] [Times: user=0.08 sys=0.00, real=0.04 secs] 
[GC (Allocation Failure) [ParNew: 571814K->68096K(613440K), 0.0627012 secs] 1424951K->963086K(2010624K), 0.0627513 secs] [Times: user=0.28 sys=0.00, real=0.06 secs] 
[GC (Allocation Failure) [ParNew: 613440K->33916K(613440K), 0.0375521 secs] 1508430K->992001K(2010624K), 0.0376015 secs] [Times: user=0.09 sys=0.00, real=0.04 secs] 
[GC (Allocation Failure) [ParNew: 579260K->68096K(613440K), 0.0628096 secs] 1537345K->1068573K(2010624K), 0.0628558 secs] [Times: user=0.28 sys=0.00, real=0.06 secs] 
[GC (Allocation Failure) [ParNew: 613440K->20152K(613440K), 0.0368579 secs] 1613917K->1082888K(2010624K), 0.0369060 secs] [Times: user=0.12 sys=0.00, real=0.04 secs] 
[GC (Allocation Failure) [ParNew: 565496K->68096K(613440K), 0.0636597 secs] 1628232K->1173887K(2010624K), 0.0637053 secs] [Times: user=0.20 sys=0.00, real=0.06 secs] 
[GC (Allocation Failure) [ParNew: 613440K->26592K(613440K), 0.0327422 secs] 1719231K->1193718K(2010624K), 0.0329186 secs] [Times: user=0.08 sys=0.00, real=0.03 secs] 
[GC (CMS Initial Mark) [1 CMS-initial-mark: 1167125K(1397184K)] 1204647K(2010624K), 0.0026311 secs] [Times: user=0.00 sys=0.00, real=0.00 secs] 
[CMS-concurrent-mark-start]
[CMS-concurrent-mark: 1.369/1.369 secs] [Times: user=4.48 sys=0.02, real=1.38 secs] 
[CMS-concurrent-preclean-start]
[CMS-concurrent-preclean: 0.099/0.104 secs] [Times: user=0.22 sys=0.00, real=0.10 secs] 
[CMS-concurrent-abortable-preclean-start]
[GC (Allocation Failure) [ParNew[CMS-concurrent-abortable-preclean: 0.023/0.125 secs] [Times: user=0.41 sys=0.00, real=0.13 secs] 
: 571936K->68096K(613440K), 0.0570464 secs] 1739062K->1276486K(2010624K), 0.0570977 secs] [Times: user=0.31 sys=0.00, real=0.06 secs] 
[GC (CMS Final Remark) [YG occupancy: 79024 K (613440 K)][Rescan (parallel) , 0.0281588 secs][weak refs processing, 0.0000199 secs][class unloading, 0.0068386 secs][scrub symbol table, 0.0010945 secs][scrub string table, 0.0003849 secs][1 CMS-remark: 1208390K(1397184K)] 1287414K(2010624K), 0.0374680 secs] [Times: user=0.14 sys=0.00, real=0.04 secs] 
[CMS-concurrent-sweep-start]
[CMS-concurrent-sweep: 0.629/0.629 secs] [Times: user=1.26 sys=0.00, real=0.63 secs] 
[CMS-concurrent-reset-start]
[CMS-concurrent-reset: 0.003/0.003 secs] [Times: user=0.00 sys=0.00, real=0.00 secs] 
[GC (Allocation Failure) [ParNew: 613440K->34026K(613440K), 0.0427245 secs] 1291856K->775506K(2010624K), 0.0427796 secs] [Times: user=0.14 sys=0.00, real=0.04 secs] 
[GC (Allocation Failure) [ParNew: 579370K->68096K(613440K), 0.0585977 secs] 1320850K->851830K(2010624K), 0.0586426 secs] [Times: user=0.26 sys=0.00, real=0.06 secs] 
[GC (Allocation Failure) [ParNew: 613440K->40191K(613440K), 0.0306263 secs] 1397174K->885818K(2010624K), 0.0306808 secs] [Times: user=0.11 sys=0.00, real=0.03 secs] 
[GC (Allocation Failure) [ParNew: 585535K->68096K(613440K), 0.0618665 secs] 1431162K->954358K(2010624K), 0.0619243 secs] [Times: user=0.27 sys=0.00, real=0.06 secs] 
[GC (Allocation Failure) [ParNew (0: promotion failure size = 1854)  (1: promotion failure size = 1854)  (2: promotion failure size = 1854)  (3: promotion failure size = 1854)  (4: promotion failure size = 1854)  (5: promotion failure size = 1854)  (6: promotion failure size = 1854)  (7: promotion failure size = 1854)  (promotion failed): 613440K->572686K(613440K), 0.3355352 secs][CMS: 948812K->745318K(1397184K), 2.0543068 secs] 1499702K->745318K(2010624K), [Metaspace: 9999K->9999K(10240K)], 2.3900127 secs] [Times: user=2.39 sys=0.11, real=2.39 secs] 

*** PauseDetector detected a 2391 ms pause at Fri Dec 19 23:17:41 EET 2014 ***

[GC (Allocation Failure) [ParNew: 545344K->68096K(613440K), 0.0512606 secs] 1290662K->855611K(2010624K), 0.0513261 secs] [Times: user=0.26 sys=0.00, real=0.05 secs] 
[GC (Allocation Failure) [ParNew: 613440K->40440K(613440K), 0.0302060 secs] 1400955K->890479K(2010624K), 0.0302696 secs] [Times: user=0.09 sys=0.00, real=0.03 secs] 
[GC (Allocation Failure) [ParNew: 585784K->68096K(613440K), 0.0544980 secs] 1435823K->959719K(2010624K), 0.0545455 secs] [Times: user=0.20 sys=0.00, real=0.06 secs] 
[GC (Allocation Failure) [ParNew: 613440K->20214K(613440K), 0.0334755 secs] 1505063K->974362K(2010624K), 0.0335281 secs] [Times: user=0.13 sys=0.00, real=0.03 secs] 
[GC (Allocation Failure) [ParNew: 565558K->68096K(613440K), 0.0546969 secs] 1519706K->1062216K(2010624K), 0.0547482 secs] [Times: user=0.17 sys=0.00, real=0.05 secs] 
[GC (Allocation Failure) [ParNew: 613440K->34211K(613440K), 0.0293585 secs] 1607560K->1091725K(2010624K), 0.0294066 secs] [Times: user=0.16 sys=0.00, real=0.03 secs] 
[GC (Allocation Failure) [ParNew: 579555K->68096K(613440K), 0.0529602 secs] 1637069K->1166440K(2010624K), 0.0530083 secs] [Times: user=0.22 sys=0.00, real=0.05 secs] 
[GC (Allocation Failure) [ParNew: 613440K->26999K(613440K), 0.0291102 secs] 1711784K->1187879K(2010624K), 0.0291609 secs] [Times: user=0.08 sys=0.00, real=0.03 secs] 
[GC (CMS Initial Mark) [1 CMS-initial-mark: 1160880K(1397184K)] 1198879K(2010624K), 0.0036839 secs] [Times: user=0.00 sys=0.00, real=0.00 secs] 
[CMS-concurrent-mark-start]
[CMS-concurrent-mark: 1.208/1.208 secs] [Times: user=3.87 sys=0.00, real=1.21 secs] 
[CMS-concurrent-preclean-start]
[CMS-concurrent-preclean: 0.067/0.072 secs] [Times: user=0.12 sys=0.00, real=0.07 secs] 
[CMS-concurrent-abortable-preclean-start]
[GC (Allocation Failure) [ParNew: 572343K->68096K(613440K), 0.0506005 secs] 1733223K->1269509K(2010624K), 0.0506569 secs] [Times: user=0.28 sys=0.00, real=0.05 secs] 
[CMS-concurrent-abortable-preclean: 0.596/1.255 secs] [Times: user=2.12 sys=0.00, real=1.26 secs] 
[GC (CMS Final Remark) [YG occupancy: 452711 K (613440 K)][Rescan (parallel) , 0.1021626 secs][weak refs processing, 0.0000205 secs][class unloading, 0.0087986 secs][scrub symbol table, 0.0014686 secs][scrub string table, 0.0004157 secs][1 CMS-remark: 1201413K(1397184K)] 1654125K(2010624K), 0.1139086 secs] [Times: user=0.42 sys=0.00, real=0.11 secs] 
[CMS-concurrent-sweep-start]
[GC (Allocation Failure) [ParNew: 613440K->47455K(613440K), 0.0356094 secs] 1814853K->1311640K(2010624K), 0.0357191 secs] [Times: user=0.11 sys=0.00, real=0.04 secs] 
[CMS-concurrent-sweep: 0.590/0.626 secs] [Times: user=1.39 sys=0.00, real=0.63 secs] 
[CMS-concurrent-reset-start]
[CMS-concurrent-reset: 0.003/0.003 secs] [Times: user=0.00 sys=0.00, real=0.00 secs] 
[GC (Allocation Failure) [ParNew: 592799K->68096K(613440K), 0.0548451 secs] 1332796K->850084K(2010624K), 0.0548926 secs] [Times: user=0.22 sys=0.02, real=0.05 secs] 
[GC (Allocation Failure) [ParNew: 613440K->39749K(613440K), 0.0298788 secs] 1395428K->882847K(2010624K), 0.0299270 secs] [Times: user=0.08 sys=0.00, real=0.03 secs] 
[GC (Allocation Failure) [ParNew (0: promotion failure size = 14056)  (1: promotion failure size = 14056)  (2: promotion failure size = 14056)  (3: promotion failure size = 14056)  (4: promotion failure size = 14056)  (5: promotion failure size = 14056)  (6: promotion failure size = 14056)  (7: promotion failure size = 14056)  (promotion failed): 585093K->613440K(613440K), 0.2846980 secs][CMS: 909052K->766675K(1397184K), 2.3122890 secs] 1428191K->766675K(2010624K), [Metaspace: 9999K->9999K(10240K)]
*** PauseDetector detected a 2594 ms pause at Fri Dec 19 23:18:03 EET 2014 ***

, 2.5970634 secs] [Times: user=3.18 sys=0.00, real=2.59 secs] 
[GC (Allocation Failure) [ParNew: 545344K->27312K(613440K), 0.0067834 secs] 1312019K->793987K(2010624K), 0.0068283 secs] [Times: user=0.00 sys=0.00, real=0.01 secs] 
[GC (Allocation Failure) [ParNew: 572656K->68096K(613440K), 0.1973173 secs] 1339331K->894692K(2010624K), 0.1973731 secs] [Times: user=0.94 sys=0.00, real=0.20 secs] 
[GC (Allocation Failure) [ParNew: 613440K->27404K(613440K), 0.0781516 secs] 1440036K->918764K(2010624K), 0.0782087 secs] [Times: user=0.27 sys=0.00, real=0.08 secs] 
[GC (Allocation Failure) [ParNew: 572748K->68096K(613440K), 0.1669252 secs] 1464108K->1014930K(2010624K), 0.1669753 secs] [Times: user=0.73 sys=0.00, real=0.16 secs] 
[GC (Allocation Failure) [ParNew: 613440K->27027K(613440K), 0.0670755 secs] 1560274K->1036760K(2010624K), 0.0671262 secs] [Times: user=0.25 sys=0.00, real=0.07 secs] 
[GC (Allocation Failure) [ParNew: 572371K->68096K(613440K), 0.1465436 secs] 1582104K->1128087K(2010624K), 0.1465937 secs] [Times: user=0.67 sys=0.00, real=0.15 secs] 
[GC (Allocation Failure) [ParNew: 613440K->27386K(613440K), 0.0618229 secs] 1673431K->1151044K(2010624K), 0.0618697 secs] [Times: user=0.20 sys=0.00, real=0.06 secs] 
[GC (Allocation Failure) [ParNew: 572730K->68096K(613440K), 0.1379818 secs] 1696388K->1241497K(2010624K), 0.1380293 secs] [Times: user=0.53 sys=0.00, real=0.14 secs] 
[GC (CMS Initial Mark) [1 CMS-initial-mark: 1173401K(1397184K)] 1241567K(2010624K), 0.0093587 secs] [Times: user=0.00 sys=0.00, real=0.01 secs] 
[CMS-concurrent-mark-start]
[Full GC (System.gc()) [CMS[CMS-concurrent-mark: 1.085/1.085 secs] [Times: user=2.39 sys=0.02, real=1.09 secs] 
 (concurrent mode interrupted): 1173401K->748666K(1397184K), 3.0455147 secs] 1307481K->748666K(2010624K), [Metaspace: 9999K->9999K(10240K)], 3.0457450 secs] [Times: user=3.90 sys=0.02, real=3.04 secs] 
[Full GC (System.gc()) [CMS: 748666K->748578K(1397184K), 1.8476065 secs] 748666K->748578K(2010624K), [Metaspace: 9999K->9999K(10240K)], 1.8478458 secs] [Times: user=1.84 sys=0.00, real=1.85 secs] 
[Full GC (System.gc()) [CMS: 748578K->747937K(1397184K), 1.8367690 secs] 759506K->747937K(2010624K), [Metaspace: 9999K->9999K(10240K)]
*** PauseDetector detected a 4898 ms pause at Fri Dec 19 23:18:22 EET 2014 ***

, 1.8370121 secs] [Times: user=1.84 sys=0.00, real=1.84 secs] 

*** PauseDetector detected a 1842 ms pause at Fri Dec 19 23:18:24 EET 2014 ***

[GC (Allocation Failure) [ParNew: 545344K->68096K(613440K), 0.1115880 secs] 1293281K->865328K(2010624K), 0.1116387 secs] [Times: user=0.44 sys=0.00, real=0.11 secs] 
[GC (Allocation Failure) [ParNew: 613440K->31816K(613440K), 0.0546783 secs] 1410672K->891993K(2010624K), 0.0547316 secs] [Times: user=0.19 sys=0.02, real=0.05 secs] 
[GC (Allocation Failure) [ParNew: 577160K->68096K(613440K), 0.1071214 secs] 1437337K->974271K(2010624K), 0.1071663 secs] [Times: user=0.40 sys=0.00, real=0.10 secs] 
[GC (Allocation Failure) [ParNew: 613440K->27660K(613440K), 0.0634204 secs] 1519615K->997536K(2010624K), 0.0634820 secs] [Times: user=0.20 sys=0.00, real=0.06 secs] 
[GC (Allocation Failure) [ParNew: 573004K->68096K(613440K), 0.0996066 secs] 1542880K->1085159K(2010624K), 0.0996618 secs] [Times: user=0.42 sys=0.00, real=0.10 secs] 
[GC (Allocation Failure) [ParNew: 613440K->40103K(613440K), 0.0475883 secs] 1630503K->1118937K(2010624K), 0.0476409 secs] [Times: user=0.12 sys=0.00, real=0.05 secs] 
[Full GC (System.gc()) [CMS: 1078834K->743893K(1397184K), 2.3139359 secs] 1239178K->743893K(2010624K), [Metaspace: 9999K->9999K(10240K)], 2.3141797 secs] [Times: user=2.31 sys=0.00, real=2.31 secs] 
[Full GC (System.gc()) [CMS: 743893K->743894K(1397184K), 1.4590944 secs] 743895K->743894K(2010624K), [Metaspace: 9999K->9999K(10240K)], 1.4593754 secs] [Times: user=1.47 sys=0.00, real=1.47 secs] 
[Full GC (System.gc()) [CMS: 743894K->743815K(1397184K), 1.4245000 secs] 754820K->743815K(2010624K), [Metaspace: 9999K->9999K(10240K)]
*** PauseDetector detected a 2306 ms pause at Fri Dec 19 23:18:36 EET 2014 ***

, 1.4247399 secs] [Times: user=1.42 sys=0.00, real=1.42 secs] 
********************************
********** ROUND    7 **********
********************************

*** PauseDetector detected a 2899 ms pause at Fri Dec 19 23:18:39 EET 2014 ***

[GC (Allocation Failure) [ParNew: 545344K->7233K(613440K), 0.0071112 secs] 1289159K->751048K(2010624K), 0.0071529 secs] [Times: user=0.00 sys=0.00, real=0.01 secs] 
[GC (Allocation Failure) [ParNew: 552577K->68096K(613440K), 0.0753274 secs] 1296392K->856451K(2010624K), 0.0753743 secs] [Times: user=0.33 sys=0.00, real=0.07 secs] 
[GC (Allocation Failure) [ParNew: 613440K->26390K(613440K), 0.0406438 secs] 1401795K->878832K(2010624K), 0.0407016 secs] [Times: user=0.14 sys=0.00, real=0.04 secs] 
[GC (Allocation Failure) [ParNew: 571734K->68096K(613440K), 0.0769160 secs] 1424176K->963616K(2010624K), 0.0769641 secs] [Times: user=0.31 sys=0.00, real=0.08 secs] 
[GC (Allocation Failure) [ParNew: 613440K->41038K(613440K), 0.0404578 secs] 1508960K->1000301K(2010624K), 0.0405835 secs] [Times: user=0.13 sys=0.00, real=0.03 secs] 
[GC (Allocation Failure) [ParNew: 586382K->68096K(613440K), 0.0697714 secs] 1545645K->1070059K(2010624K), 0.0698240 secs] [Times: user=0.33 sys=0.00, real=0.07 secs] 
[GC (Allocation Failure) [ParNew: 613440K->27378K(613440K), 0.0416742 secs] 1615403K->1093012K(2010624K), 0.0418404 secs] [Times: user=0.17 sys=0.00, real=0.03 secs] 
[GC (Allocation Failure) [ParNew: 572722K->68096K(613440K), 0.0744151 secs] 1638356K->1177956K(2010624K), 0.0744684 secs] [Times: user=0.25 sys=0.00, real=0.07 secs] 
[GC (Allocation Failure) [ParNew: 613440K->26770K(613440K), 0.0415299 secs] 1723300K->1198399K(2010624K), 0.0415741 secs] [Times: user=0.11 sys=0.00, real=0.04 secs] 
[GC (CMS Initial Mark) [1 CMS-initial-mark: 1171629K(1397184K)] 1209328K(2010624K), 0.0034517 secs] [Times: user=0.00 sys=0.00, real=0.00 secs] 
[CMS-concurrent-mark-start]
[CMS-concurrent-mark: 1.174/1.174 secs] [Times: user=3.87 sys=0.00, real=1.17 secs] 
[CMS-concurrent-preclean-start]
[CMS-concurrent-preclean: 0.107/0.114 secs] [Times: user=0.26 sys=0.00, real=0.11 secs] 
[CMS-concurrent-abortable-preclean-start]
[GC (Allocation Failure) [ParNew[CMS-concurrent-abortable-preclean: 0.064/0.365 secs] [Times: user=0.58 sys=0.00, real=0.37 secs] 
: 572114K->68096K(613440K), 0.0750804 secs] 1743743K->1282569K(2010624K), 0.0751375 secs] [Times: user=0.25 sys=0.00, real=0.07 secs] 
[GC (CMS Final Remark) [YG occupancy: 68096 K (613440 K)][Rescan (parallel) , 0.0378434 secs][weak refs processing, 0.0000199 secs][class unloading, 0.0071472 secs][scrub symbol table, 0.0018375 secs][scrub string table, 0.0005588 secs][1 CMS-remark: 1214473K(1397184K)] 1282569K(2010624K), 0.0484422 secs] [Times: user=0.16 sys=0.00, real=0.05 secs] 
[CMS-concurrent-sweep-start]
[CMS-concurrent-sweep: 0.705/0.705 secs] [Times: user=1.45 sys=0.00, real=0.71 secs] 
[CMS-concurrent-reset-start]
[CMS-concurrent-reset: 0.004/0.004 secs] [Times: user=0.00 sys=0.00, real=0.00 secs] 
[GC (Allocation Failure) [ParNew: 613440K->47545K(613440K), 0.0338765 secs] 1294120K->791156K(2010624K), 0.0339272 secs] [Times: user=0.09 sys=0.00, real=0.03 secs] 
[GC (Allocation Failure) [ParNew: 592889K->68096K(613440K), 0.0661285 secs] 1336500K->855139K(2010624K), 0.0661766 secs] [Times: user=0.28 sys=0.00, real=0.06 secs] 
[GC (Allocation Failure) [ParNew: 613440K->20144K(613440K), 0.0349146 secs] 1400483K->869316K(2010624K), 0.0350660 secs] [Times: user=0.13 sys=0.00, real=0.03 secs] 
[GC (Allocation Failure) [ParNew: 565488K->68096K(613440K), 0.0745537 secs] 1414660K->958485K(2010624K), 0.0746005 secs] [Times: user=0.25 sys=0.00, real=0.08 secs] 
[GC (Allocation Failure) [ParNew: 613440K->34239K(613440K), 0.0704097 secs] 1503829K->988078K(2010624K), 0.0704566 secs] [Times: user=0.11 sys=0.00, real=0.07 secs] 
[GC (Allocation Failure) [ParNew: 579583K->68096K(613440K), 0.0922868 secs] 1533422K->1062973K(2010624K), 0.0923433 secs] [Times: user=0.30 sys=0.00, real=0.09 secs] 
[GC (Allocation Failure) [ParNew (0: promotion failure size = 73)  (1: promotion failure size = 73)  (2: promotion failure size = 73)  (3: promotion failure size = 73)  (4: promotion failure size = 73)  (5: promotion failure size = 73)  (6: promotion failure size = 73)  (7: promotion failure size = 73)  (promotion failed): 613440K->572724K(613440K), 4.3460449 secs][CMS: 1000567K->745776K(1397184K), 1.7471921 secs] 1608317K->745776K(2010624K), [Metaspace: 9999K->9999K(10240K)], 6.0933089 secs] [Times: user=6.60 sys=1.81, real=6.09 secs] 

*** PauseDetector detected a 6091 ms pause at Fri Dec 19 23:19:11 EET 2014 ***

[GC (Allocation Failure) [ParNew: 545344K->68096K(613440K), 0.0596820 secs] 1291120K->856241K(2010624K), 0.0597359 secs] [Times: user=0.26 sys=0.00, real=0.06 secs] 
[GC (Allocation Failure) [ParNew: 613440K->40619K(613440K), 0.0339451 secs] 1401585K->891688K(2010624K), 0.0339926 secs] [Times: user=0.08 sys=0.00, real=0.03 secs] 
[GC (Allocation Failure) [ParNew: 585963K->68096K(613440K), 0.0584873 secs] 1437032K->960099K(2010624K), 0.0585419 secs] [Times: user=0.28 sys=0.00, real=0.06 secs] 
[GC (Allocation Failure) [ParNew: 613440K->27356K(613440K), 0.0408600 secs] 1505443K->983000K(2010624K), 0.0409056 secs] [Times: user=0.13 sys=0.00, real=0.04 secs] 
[GC (Allocation Failure) [ParNew: 572700K->68096K(613440K), 0.0582179 secs] 1528344K->1065701K(2010624K), 0.0583116 secs] [Times: user=0.25 sys=0.00, real=0.06 secs] 
[GC (Allocation Failure) [ParNew: 613440K->20214K(613440K), 0.0412296 secs] 1611045K->1080268K(2010624K), 0.0413425 secs] [Times: user=0.19 sys=0.00, real=0.04 secs] 
[GC (Allocation Failure) [ParNew: 565558K->68096K(613440K), 0.0594959 secs] 1625612K->1170862K(2010624K), 0.0595562 secs] [Times: user=0.20 sys=0.00, real=0.06 secs] 
[GC (Allocation Failure) [ParNew: 613440K->33260K(613440K), 0.0419231 secs] 1716206K->1197507K(2010624K), 0.0419700 secs] [Times: user=0.14 sys=0.00, real=0.04 secs] 
[GC (CMS Initial Mark) [1 CMS-initial-mark: 1164247K(1397184K)] 1208547K(2010624K), 0.0040663 secs] [Times: user=0.00 sys=0.00, real=0.00 secs] 
[CMS-concurrent-mark-start]
[CMS-concurrent-mark: 1.142/1.142 secs] [Times: user=3.62 sys=0.00, real=1.15 secs] 
[CMS-concurrent-preclean-start]
[CMS-concurrent-preclean: 0.072/0.076 secs] [Times: user=0.16 sys=0.00, real=0.08 secs] 
[CMS-concurrent-abortable-preclean-start]
[GC (Allocation Failure) [ParNew: 578604K->68096K(613440K), 0.0572568 secs] 1742851K->1273298K(2010624K), 0.0573113 secs] [Times: user=0.20 sys=0.00, real=0.06 secs] 
[CMS-concurrent-abortable-preclean: 0.662/1.334 secs] [Times: user=2.17 sys=0.00, real=1.33 secs] 
[GC (CMS Final Remark) [YG occupancy: 399126 K (613440 K)][Rescan (parallel) , 0.0860982 secs][weak refs processing, 0.0000154 secs][class unloading, 0.0063285 secs][scrub symbol table, 0.0010612 secs][scrub string table, 0.0003760 secs][1 CMS-remark: 1205202K(1397184K)] 1604328K(2010624K), 0.0948429 secs] [Times: user=0.36 sys=0.00, real=0.09 secs] 
[CMS-concurrent-sweep-start]
[GC (Allocation Failure) [ParNew: 613440K->33975K(613440K), 0.0310677 secs] 1471965K->955561K(2010624K), 0.0311184 secs] [Times: user=0.08 sys=0.00, real=0.03 secs] 
[CMS-concurrent-sweep: 0.548/0.579 secs] [Times: user=1.20 sys=0.00, real=0.59 secs] 
[CMS-concurrent-reset-start]
[CMS-concurrent-reset: 0.003/0.003 secs] [Times: user=0.00 sys=0.00, real=0.00 secs] 
[GC (Allocation Failure) [ParNew: 579319K->68096K(613440K), 0.0538706 secs] 1320471K->852166K(2010624K), 0.0539206 secs] [Times: user=0.25 sys=0.00, real=0.05 secs] 
[GC (Allocation Failure) [ParNew: 613440K->33079K(613440K), 0.0276930 secs] 1397510K->878175K(2010624K), 0.0277347 secs] [Times: user=0.06 sys=0.00, real=0.02 secs] 
[GC (Allocation Failure) [ParNew: 578423K->68096K(613440K), 0.0557189 secs] 1423519K->953079K(2010624K), 0.0557658 secs] [Times: user=0.25 sys=0.00, real=0.05 secs] 
[GC (Allocation Failure) [ParNew: 613440K->54633K(613440K), 0.1132991 secs] 1498423K->1003038K(2010624K), 0.1133485 secs] [Times: user=0.17 sys=0.00, real=0.10 secs] 
[GC (Allocation Failure) [ParNew (0: promotion failure size = 105)  (1: promotion failure size = 1237)  (2: promotion failure size = 1237)  (3: promotion failure size = 105)  (4: promotion failure size = 105)  (5: promotion failure size = 1237)  (6: promotion failure size = 105)  (7: promotion failure size = 1237)  (promotion failed): 599977K->613440K(613440K), 0.8777285 secs][CMS: 970458K->743418K(1397184K), 1.8093641 secs] 1548382K->743418K(2010624K), [Metaspace: 9999K->9999K(10240K)], 2.6871535 secs] [Times: user=2.78 sys=0.08, real=2.68 secs] 

*** PauseDetector detected a 2682 ms pause at Fri Dec 19 23:19:36 EET 2014 ***

[GC (Allocation Failure) [ParNew: 545344K->27370K(613440K), 0.0067885 secs] 1288762K->770789K(2010624K), 0.0068360 secs] [Times: user=0.06 sys=0.00, real=0.01 secs] 
[GC (Allocation Failure) [ParNew: 572714K->68096K(613440K), 0.0507063 secs] 1316133K->854153K(2010624K), 0.0507576 secs] [Times: user=0.19 sys=0.00, real=0.05 secs] 
[GC (Allocation Failure) [ParNew: 613440K->19863K(613440K), 0.0279618 secs] 1399497K->867141K(2010624K), 0.0280086 secs] [Times: user=0.14 sys=0.00, real=0.03 secs] 
[GC (Allocation Failure) [ParNew: 565207K->68096K(613440K), 0.0509668 secs] 1412485K->957810K(2010624K), 0.0510797 secs] [Times: user=0.20 sys=0.00, real=0.05 secs] 
[GC (Allocation Failure) [ParNew: 613440K->13188K(613440K), 0.0277026 secs] 1503154K->963770K(2010624K), 0.0277526 secs] [Times: user=0.12 sys=0.00, real=0.02 secs] 
[GC (Allocation Failure) [ParNew: 558532K->68096K(613440K), 0.1683386 secs] 1509114K->1086561K(2010624K), 0.1683854 secs] [Times: user=0.67 sys=0.00, real=0.17 secs] 
[GC (Allocation Failure) [ParNew: 613440K->27412K(613440K), 0.0868245 secs] 1631905K->1110410K(2010624K), 0.0868848 secs] [Times: user=0.28 sys=0.00, real=0.09 secs] 
[GC (Allocation Failure) [ParNew: 572756K->68096K(613440K), 0.1915515 secs] 1655754K->1208411K(2010624K), 0.1916637 secs] [Times: user=0.89 sys=0.00, real=0.19 secs] 
[GC (Allocation Failure) [ParNew: 613440K->20542K(613440K), 0.0752132 secs] 1753755K->1224492K(2010624K), 0.0752588 secs] [Times: user=0.28 sys=0.00, real=0.08 secs] 
[GC (CMS Initial Mark) [1 CMS-initial-mark: 1203949K(1397184K)] 1224494K(2010624K), 0.0040772 secs] [Times: user=0.00 sys=0.00, real=0.00 secs] 
[CMS-concurrent-mark-start]
[CMS-concurrent-mark: 1.201/1.201 secs] [Times: user=4.27 sys=0.00, real=1.20 secs] 
[CMS-concurrent-preclean-start]
[CMS-concurrent-preclean: 0.303/0.314 secs] [Times: user=0.62 sys=0.00, real=0.31 secs] 
[CMS-concurrent-abortable-preclean-start]
[GC (Allocation Failure) [ParNew[CMS-concurrent-abortable-preclean: 0.079/0.535 secs] [Times: user=0.86 sys=0.00, real=0.53 secs] 
: 565886K->68096K(613440K), 0.1894465 secs] 1769836K->1328816K(2010624K), 0.1894997 secs] [Times: user=0.78 sys=0.00, real=0.18 secs] 
[GC (CMS Final Remark) [YG occupancy: 79022 K (613440 K)][Rescan (parallel) , 0.1000910 secs][weak refs processing, 0.0000160 secs][class unloading, 0.0072838 secs][scrub symbol table, 0.0011131 secs][scrub string table, 0.0003798 secs][1 CMS-remark: 1260720K(1397184K)] 1339743K(2010624K), 0.1098410 secs] [Times: user=0.61 sys=0.00, real=0.11 secs] 
[CMS-concurrent-sweep-start]
[CMS-concurrent-sweep: 0.787/0.787 secs] [Times: user=1.59 sys=0.00, real=0.79 secs] 
[CMS-concurrent-reset-start]
[CMS-concurrent-reset: 0.003/0.003 secs] [Times: user=0.00 sys=0.00, real=0.00 secs] 
[GC (Allocation Failure) [ParNew: 613440K->52993K(613440K), 0.0600592 secs] 1310820K->811633K(2010624K), 0.0601067 secs] [Times: user=0.25 sys=0.00, real=0.06 secs] 
[GC (Allocation Failure) [ParNew: 598337K->68096K(613440K), 0.1410421 secs] 1356977K->877035K(2010624K), 0.1410928 secs] [Times: user=0.59 sys=0.00, real=0.14 secs] 
[GC (Allocation Failure) [ParNew: 613440K->20455K(613440K), 0.0585136 secs] 1422379K->892895K(2010624K), 0.0586497 secs] [Times: user=0.16 sys=0.00, real=0.06 secs] 
[GC (Allocation Failure) [ParNew: 565799K->68096K(613440K), 0.1298242 secs] 1438239K->989473K(2010624K), 0.1298716 secs] [Times: user=0.58 sys=0.00, real=0.13 secs] 
[GC (Allocation Failure) [ParNew (1: promotion failure size = 6249)  (2: promotion failure size = 6249)  (3: promotion failure size = 6249)  (6: promotion failure size = 6249)  (7: promotion failure size = 6249)  (promotion failed): 613440K->572764K(613440K), 0.1915579 secs][CMS: 984758K->753484K(1397184K), 2.0858185 secs] 1534817K->753484K(2010624K), [Metaspace: 9999K->9999K(10240K)]
*** PauseDetector detected a 2278 ms pause at Fri Dec 19 23:20:03 EET 2014 ***

, 2.2774450 secs] [Times: user=2.42 sys=0.00, real=2.27 secs] 
[GC (Allocation Failure) [ParNew: 545344K->68096K(613440K), 0.1068949 secs] 1298828K->869446K(2010624K), 0.1069462 secs] [Times: user=0.45 sys=0.00, real=0.10 secs] 
[GC (Allocation Failure) [ParNew: 613440K->47999K(613440K), 0.0562617 secs] 1414790K->913845K(2010624K), 0.0563118 secs] [Times: user=0.17 sys=0.00, real=0.05 secs] 
[GC (Allocation Failure) [ParNew: 593343K->68096K(613440K), 0.1004804 secs] 1459189K->979741K(2010624K), 0.1005311 secs] [Times: user=0.42 sys=0.00, real=0.09 secs] 
[GC (Allocation Failure) [ParNew: 613440K->34219K(613440K), 0.0477653 secs] 1525085K->1009660K(2010624K), 0.0478558 secs] [Times: user=0.14 sys=0.00, real=0.05 secs] 
[GC (Allocation Failure) [ParNew: 579563K->68096K(613440K), 0.1033457 secs] 1555004K->1090765K(2010624K), 0.1033957 secs] [Times: user=0.37 sys=0.00, real=0.09 secs] 
[GC (Allocation Failure) [ParNew: 613440K->33359K(613440K), 0.0426205 secs] 1636109K->1117928K(2010624K), 0.0426680 secs] [Times: user=0.14 sys=0.00, real=0.03 secs] 
[GC (Allocation Failure) [ParNew: 578703K->68096K(613440K), 0.0951245 secs] 1663272K->1199280K(2010624K), 0.0951720 secs] [Times: user=0.39 sys=0.00, real=0.10 secs] 
[GC (Allocation Failure) [ParNew: 613440K->20013K(613440K), 0.0396763 secs] 1744624K->1213002K(2010624K), 0.0397328 secs] [Times: user=0.14 sys=0.00, real=0.03 secs] 
[GC (CMS Initial Mark) [1 CMS-initial-mark: 1192988K(1397184K)] 1223930K(2010624K), 0.0035223 secs] [Times: user=0.06 sys=0.00, real=0.01 secs] 
[CMS-concurrent-mark-start]
[CMS-concurrent-mark: 1.146/1.146 secs] [Times: user=3.70 sys=0.00, real=1.15 secs] 
[CMS-concurrent-preclean-start]
[CMS-concurrent-preclean: 0.144/0.153 secs] [Times: user=0.31 sys=0.00, real=0.15 secs] 
[CMS-concurrent-abortable-preclean-start]
[GC (Allocation Failure) [ParNew[CMS-concurrent-abortable-preclean: 0.067/0.376 secs] [Times: user=0.70 sys=0.00, real=0.38 secs] 
: 565357K->68096K(613440K), 0.0879832 secs] 1758346K->1304403K(2010624K), 0.0880351 secs] [Times: user=0.36 sys=0.00, real=0.08 secs] 
[GC (CMS Final Remark) [YG occupancy: 68098 K (613440 K)][Rescan (parallel) , 0.0463205 secs][weak refs processing, 0.0000160 secs][class unloading, 0.0064485 secs][scrub symbol table, 0.0010945 secs][scrub string table, 0.0003554 secs][1 CMS-remark: 1236307K(1397184K)] 1304405K(2010624K), 0.0551698 secs] [Times: user=0.30 sys=0.00, real=0.06 secs] 
[CMS-concurrent-sweep-start]
[CMS-concurrent-sweep: 0.665/0.665 secs] [Times: user=1.34 sys=0.00, real=0.67 secs] 
[CMS-concurrent-reset-start]
[CMS-concurrent-reset: 0.003/0.003 secs] [Times: user=0.00 sys=0.00, real=0.00 secs] 
[GC (Allocation Failure) [ParNew: 613440K->27379K(613440K), 0.0387993 secs] 1295000K->772430K(2010624K), 0.0388461 secs] [Times: user=0.14 sys=0.00, real=0.04 secs] 
[GC (Allocation Failure) [ParNew: 572723K->68096K(613440K), 0.0769493 secs] 1317774K->856172K(2010624K), 0.0770058 secs] [Times: user=0.30 sys=0.00, real=0.07 secs] 
[GC (Allocation Failure) [ParNew: 613440K->27426K(613440K), 0.0370164 secs] 1401516K->878965K(2010624K), 0.0370587 secs] [Times: user=0.12 sys=0.00, real=0.03 secs] 
[GC (Allocation Failure) [ParNew (0: promotion failure size = 2779)  (1: promotion failure size = 2779)  (2: promotion failure size = 2779)  (3: promotion failure size = 2779)  (4: promotion failure size = 2779)  (5: promotion failure size = 2779)  (6: promotion failure size = 2779)  (7: promotion failure size = 2779)  (promotion failed): 572770K->613440K(613440K), 0.2224838 secs][CMS: 894060K->746008K(1397184K), 1.7786967 secs] 1424309K->746008K(2010624K), [Metaspace: 9999K->9999K(10240K)], 2.0012472 secs] [Times: user=2.23 sys=0.00, real=1.99 secs] 

*** PauseDetector detected a 1995 ms pause at Fri Dec 19 23:20:25 EET 2014 ***

[GC (Allocation Failure) [ParNew: 545344K->27424K(613440K), 0.0068835 secs] 1291352K->773433K(2010624K), 0.0069297 secs] [Times: user=0.06 sys=0.00, real=0.01 secs] 
[GC (Allocation Failure) [ParNew: 572768K->68096K(613440K), 0.0680776 secs] 1318777K->858539K(2010624K), 0.0681264 secs] [Times: user=0.28 sys=0.00, real=0.07 secs] 
[GC (Allocation Failure) [ParNew: 613440K->20228K(613440K), 0.0356658 secs] 1403883K->873634K(2010624K), 0.0357146 secs] [Times: user=0.12 sys=0.00, real=0.04 secs] 
[GC (Allocation Failure) [ParNew: 565572K->68096K(613440K), 0.0662652 secs] 1418978K->963805K(2010624K), 0.0663146 secs] [Times: user=0.28 sys=0.00, real=0.06 secs] 
[GC (Allocation Failure) [ParNew: 613440K->20546K(613440K), 0.0422112 secs] 1509149K->979995K(2010624K), 0.0422612 secs] [Times: user=0.13 sys=0.00, real=0.04 secs] 
[GC (Allocation Failure) [ParNew: 565890K->68096K(613440K), 0.0663543 secs] 1525339K->1070840K(2010624K), 0.0664724 secs] [Times: user=0.20 sys=0.00, real=0.06 secs] 
[GC (Allocation Failure) [ParNew: 613440K->26970K(613440K), 0.0418994 secs] 1616184K->1092258K(2010624K), 0.0419462 secs] [Times: user=0.17 sys=0.00, real=0.04 secs] 
[GC (Allocation Failure) [ParNew: 572314K->68096K(613440K), 0.0635045 secs] 1637602K->1174605K(2010624K), 0.0635513 secs] [Times: user=0.28 sys=0.00, real=0.06 secs] 
[GC (Allocation Failure) [ParNew: 613440K->27398K(613440K), 0.0426295 secs] 1719949K->1197444K(2010624K), 0.0426796 secs] [Times: user=0.14 sys=0.00, real=0.04 secs] 
[GC (CMS Initial Mark) [1 CMS-initial-mark: 1170046K(1397184K)] 1197446K(2010624K), 0.0044737 secs] [Times: user=0.00 sys=0.00, real=0.01 secs] 
[CMS-concurrent-mark-start]
[CMS-concurrent-mark: 1.288/1.288 secs] [Times: user=4.17 sys=0.00, real=1.29 secs] 
[CMS-concurrent-preclean-start]
[CMS-concurrent-preclean: 0.090/0.095 secs] [Times: user=0.19 sys=0.00, real=0.09 secs] 
[CMS-concurrent-abortable-preclean-start]
[GC (Allocation Failure) [ParNew: 572742K->68096K(613440K), 0.0663813 secs] 1742788K->1282397K(2010624K), 0.0664339 secs] [Times: user=0.28 sys=0.00, real=0.07 secs] 
[CMS-concurrent-abortable-preclean: 0.587/1.157 secs] [Times: user=1.97 sys=0.00, real=1.16 secs] 
[GC (CMS Final Remark) [YG occupancy: 387062 K (613440 K)][Rescan (parallel) , 0.0810041 secs][weak refs processing, 0.0000199 secs][class unloading, 0.0080723 secs][scrub symbol table, 0.0010701 secs][scrub string table, 0.0003548 secs][1 CMS-remark: 1214301K(1397184K)] 1601364K(2010624K), 0.0914669 secs] [Times: user=0.34 sys=0.00, real=0.08 secs] 
[CMS-concurrent-sweep-start]
[GC (Allocation Failure) [ParNew: 613440K->32806K(613440K), 0.0438549 secs] 1456852K->936488K(2010624K), 0.0439261 secs] [Times: user=0.13 sys=0.00, real=0.04 secs] 
[CMS-concurrent-sweep: 0.595/0.639 secs] [Times: user=1.36 sys=0.00, real=0.65 secs] 
[CMS-concurrent-reset-start]
[CMS-concurrent-reset: 0.004/0.004 secs] [Times: user=0.00 sys=0.00, real=0.00 secs] 
[GC (Allocation Failure) [ParNew: 578150K->68096K(613440K), 0.0622534 secs] 1319988K->851700K(2010624K), 0.0623079 secs] [Times: user=0.22 sys=0.00, real=0.06 secs] 
[GC (Allocation Failure) [ParNew: 613440K->27003K(613440K), 0.0311665 secs] 1397044K->873217K(2010624K), 0.0312159 secs] [Times: user=0.13 sys=0.00, real=0.03 secs] 
[GC (Allocation Failure) [ParNew: 572347K->68096K(613440K), 0.0715126 secs] 1418561K->955154K(2010624K), 0.0715704 secs] [Times: user=0.25 sys=0.00, real=0.07 secs] 
[GC (Allocation Failure) [ParNew (0: promotion failure size = 1854)  (1: promotion failure size = 1854)  (2: promotion failure size = 1854)  (3: promotion failure size = 1854)  (4: promotion failure size = 1854)  (5: promotion failure size = 1854)  (6: promotion failure size = 1854)  (7: promotion failure size = 1854)  (promotion failed): 613440K->565894K(613440K), 0.7401252 secs][CMS: 945220K->745250K(1397184K), 1.7432894 secs] 1500498K->745250K(2010624K), [Metaspace: 9999K->9999K(10240K)], 2.4834756 secs]
*** PauseDetector detected a 2478 ms pause at Fri Dec 19 23:20:50 EET 2014 ***

 [Times: user=2.60 sys=0.08, real=2.48 secs] 
[GC (Allocation Failure) [ParNew: 545344K->68096K(613440K), 0.0567731 secs] 1290594K->857388K(2010624K), 0.0568237 secs] [Times: user=0.22 sys=0.00, real=0.05 secs] 
[GC (Allocation Failure) [ParNew: 613440K->26367K(613440K), 0.0398143 secs] 1402732K->876735K(2010624K), 0.0398662 secs] [Times: user=0.13 sys=0.00, real=0.04 secs] 
[GC (Allocation Failure) [ParNew: 571711K->68096K(613440K), 0.0624099 secs] 1422079K->961066K(2010624K), 0.0624638 secs] [Times: user=0.19 sys=0.00, real=0.06 secs] 
[GC (Allocation Failure) [ParNew: 613440K->26650K(613440K), 0.0387204 secs] 1506410K->981269K(2010624K), 0.0387653 secs] [Times: user=0.16 sys=0.00, real=0.04 secs] 
[GC (Allocation Failure) [ParNew: 571994K->68096K(613440K), 0.0554822 secs] 1526613K->1064188K(2010624K), 0.0555425 secs] [Times: user=0.28 sys=0.00, real=0.06 secs] 
[GC (Allocation Failure) [ParNew: 613440K->20281K(613440K), 0.0296196 secs] 1609532K->1079076K(2010624K), 0.0296729 secs] [Times: user=0.08 sys=0.00, real=0.03 secs] 
[GC (Allocation Failure) [ParNew: 565625K->68096K(613440K), 0.0549875 secs] 1624420K->1169489K(2010624K), 0.0550434 secs] [Times: user=0.22 sys=0.00, real=0.05 secs] 
[Full GC (System.gc()) [CMS: 1101393K->741953K(1397184K), 1.5635519 secs] 1455595K->741953K(2010624K), [Metaspace: 9999K->9999K(10240K)], 1.5637701 secs] [Times: user=1.56 sys=0.00, real=1.56 secs] 
[Full GC (System.gc()) [CMS: 741953K->741954K(1397184K), 1.3792856 secs] 752845K->741954K(2010624K), [Metaspace: 9999K->9999K(10240K)], 1.3794832 secs] [Times: user=1.39 sys=0.00, real=1.38 secs] 
[Full GC (System.gc()) [CMS: 741954K->741954K(1397184K), 1.7453418 secs] 741956K->741954K(2010624K), [Metaspace: 9999K->9999K(10240K)]
*** PauseDetector detected a 2946 ms pause at Fri Dec 19 23:21:05 EET 2014 ***

, 1.7455715 secs] [Times: user=1.75 sys=0.00, real=1.74 secs] 

*** PauseDetector detected a 1750 ms pause at Fri Dec 19 23:21:06 EET 2014 ***

[GC (Allocation Failure) [ParNew: 545344K->68096K(613440K), 0.0610581 secs] 1287298K->853793K(2010624K), 0.0611178 secs] [Times: user=0.26 sys=0.00, real=0.06 secs] 
[GC (Allocation Failure) [ParNew: 613440K->38647K(613440K), 0.0358096 secs] 1399137K->884697K(2010624K), 0.0358724 secs] [Times: user=0.13 sys=0.00, real=0.03 secs] 
[GC (Allocation Failure) [ParNew: 583991K->68096K(613440K), 0.0606244 secs] 1430041K->954984K(2010624K), 0.0606963 secs] [Times: user=0.20 sys=0.00, real=0.06 secs] 
[GC (Allocation Failure) [ParNew: 613440K->20449K(613440K), 0.0287445 secs] 1500328K->969893K(2010624K), 0.0287946 secs] [Times: user=0.06 sys=0.00, real=0.02 secs] 
[GC (Allocation Failure) [ParNew: 565793K->68096K(613440K), 0.0582654 secs] 1515237K->1059128K(2010624K), 0.0583212 secs] [Times: user=0.19 sys=0.00, real=0.06 secs] 
[GC (Allocation Failure) [ParNew: 613440K->20070K(613440K), 0.0333658 secs] 1604472K->1072748K(2010624K), 0.0334255 secs] [Times: user=0.13 sys=0.00, real=0.03 secs] 
[Full GC (System.gc()) [CMS: 1052678K->740700K(1397184K), 1.5249656 secs] 1390853K->740700K(2010624K), [Metaspace: 9999K->9999K(10240K)], 1.5251960 secs] [Times: user=1.51 sys=0.00, real=1.52 secs] 
[Full GC (System.gc()) [CMS: 740700K->740700K(1397184K), 1.7426318 secs] 740702K->740700K(2010624K), [Metaspace: 9999K->9999K(10240K)], 1.7428461 secs] [Times: user=1.75 sys=0.00, real=1.74 secs] 
[Full GC (System.gc()) [CMS: 740700K->740702K(1397184K), 1.3298598 secs] 751647K->740702K(2010624K), [Metaspace: 9999K->9999K(10240K)]
*** PauseDetector detected a 1516 ms pause at Fri Dec 19 23:21:18 EET 2014 ***

, 1.3300350 secs] [Times: user=1.33 sys=0.00, real=1.34 secs] 
********************************
********** ROUND    8 **********
********************************

*** PauseDetector detected a 3090 ms pause at Fri Dec 19 23:21:21 EET 2014 ***

[GC (Allocation Failure) [ParNew: 545344K->7423K(613440K), 0.0068931 secs] 1286046K->748125K(2010624K), 0.0069957 secs] [Times: user=0.00 sys=0.00, real=0.01 secs] 
[GC (Allocation Failure) [ParNew: 552767K->68096K(613440K), 0.1644744 secs] 1293469K->877433K(2010624K), 0.1645366 secs] [Times: user=0.65 sys=0.00, real=0.16 secs] 
[GC (Allocation Failure) [ParNew: 613440K->26417K(613440K), 0.0877798 secs] 1422777K->900512K(2010624K), 0.0878292 secs] [Times: user=0.36 sys=0.00, real=0.08 secs] 
[GC (Allocation Failure) [ParNew: 571761K->68096K(613440K), 0.1946926 secs] 1445856K->998987K(2010624K), 0.1947459 secs] [Times: user=0.80 sys=0.00, real=0.19 secs] 
[GC (Allocation Failure) [ParNew: 613440K->27343K(613440K), 0.0716089 secs] 1544331K->1021965K(2010624K), 0.0716672 secs] [Times: user=0.20 sys=0.00, real=0.07 secs] 
[GC (Allocation Failure) [ParNew: 572687K->68096K(613440K), 0.1723215 secs] 1567309K->1116936K(2010624K), 0.1723870 secs] [Times: user=0.70 sys=0.00, real=0.17 secs] 
[GC (Allocation Failure) [ParNew: 613440K->27413K(613440K), 0.0613873 secs] 1662280K->1140144K(2010624K), 0.0614392 secs] [Times: user=0.22 sys=0.00, real=0.06 secs] 
[GC (Allocation Failure) [ParNew: 572757K->68096K(613440K), 0.1432658 secs] 1685488K->1231346K(2010624K), 0.1433159 secs] [Times: user=0.65 sys=0.00, real=0.13 secs] 
[GC (CMS Initial Mark) [1 CMS-initial-mark: 1163250K(1397184K)] 1242367K(2010624K), 0.0093657 secs] [Times: user=0.00 sys=0.00, real=0.01 secs] 
[CMS-concurrent-mark-start]
[CMS-concurrent-mark: 1.206/1.206 secs] [Times: user=3.67 sys=0.00, real=1.21 secs] 
[CMS-concurrent-preclean-start]
[CMS-concurrent-preclean: 0.005/0.005 secs] [Times: user=0.03 sys=0.00, real=0.00 secs] 
[CMS-concurrent-abortable-preclean-start]
[GC (Allocation Failure) [ParNew: 613440K->34111K(613440K), 0.0620776 secs] 1776690K->1260642K(2010624K), 0.0621270 secs] [Times: user=0.20 sys=0.00, real=0.06 secs] 
[CMS-concurrent-abortable-preclean: 0.632/1.407 secs] [Times: user=2.56 sys=0.00, real=1.41 secs] 
[GC (CMS Final Remark) [YG occupancy: 397926 K (613440 K)][Rescan (parallel) , 0.0772361 secs][weak refs processing, 0.0000205 secs][class unloading, 0.0068796 secs][scrub symbol table, 0.0010682 secs][scrub string table, 0.0003548 secs][1 CMS-remark: 1226530K(1397184K)] 1624457K(2010624K), 0.0865069 secs] [Times: user=0.31 sys=0.00, real=0.09 secs] 
[CMS-concurrent-sweep-start]
[GC (Allocation Failure) [ParNew: 579455K->68096K(613440K), 0.1302874 secs] 1667227K->1204835K(2010624K), 0.1303413 secs] [Times: user=0.59 sys=0.00, real=0.13 secs] 
[CMS-concurrent-sweep: 0.803/0.934 secs] [Times: user=2.25 sys=0.00, real=0.93 secs] 
[CMS-concurrent-reset-start]
[CMS-concurrent-reset: 0.003/0.003 secs] [Times: user=0.00 sys=0.00, real=0.00 secs] 
[GC (Allocation Failure) [ParNew: 613440K->27370K(613440K), 0.0555252 secs] 1416621K->894147K(2010624K), 0.0555765 secs] [Times: user=0.14 sys=0.00, real=0.05 secs] 
[GC (Allocation Failure) [ParNew: 572714K->68096K(613440K), 0.1152110 secs] 1439491K->981348K(2010624K), 0.1152591 secs] [Times: user=0.50 sys=0.00, real=0.11 secs] 
[GC (Allocation Failure) [ParNew: 613440K->27426K(613440K), 0.0495117 secs] 1526692K->1004251K(2010624K), 0.0495611 secs] [Times: user=0.13 sys=0.00, real=0.05 secs] 
[GC (Allocation Failure) [ParNew: 572770K->68096K(613440K), 0.1092687 secs] 1549595K->1090872K(2010624K), 0.1093130 secs] [Times: user=0.44 sys=0.00, real=0.11 secs] 
[GC (Allocation Failure) [ParNew: 613440K->27353K(613440K), 0.0594574 secs] 1636216K->1113505K(2010624K), 0.0595081 secs] [Times: user=0.14 sys=0.00, real=0.05 secs] 
[GC (Allocation Failure) [ParNew (0: promotion failure size = 4167)  (1: promotion failure size = 4167)  (2: promotion failure size = 4167)  (3: promotion failure size = 4167)  (4: promotion failure size = 4167)  (5: promotion failure size = 4167)  (6: promotion failure size = 4167)  (7: promotion failure size = 4167)  (promotion failed): 572697K->613440K(613440K), 4.1258316 secs][CMS: 1106035K->748424K(1397184K), 2.4723943 secs] 1658849K->748424K(2010624K), [Metaspace: 9999K->9999K(10240K)], 6.5982952 secs] [Times: user=7.63 sys=1.08, real=6.60 secs] 

*** PauseDetector detected a 6598 ms pause at Fri Dec 19 23:21:54 EET 2014 ***

[GC (Allocation Failure) [ParNew: 545344K->27415K(613440K), 0.0070176 secs] 1293768K->775840K(2010624K), 0.0070618 secs] [Times: user=0.00 sys=0.00, real=0.01 secs] 
[GC (Allocation Failure) [ParNew: 572759K->68096K(613440K), 0.0840535 secs] 1321184K->862234K(2010624K), 0.0840984 secs] [Times: user=0.36 sys=0.00, real=0.08 secs] 
[GC (Allocation Failure) [ParNew: 613440K->20571K(613440K), 0.0494790 secs] 1407578K->879673K(2010624K), 0.0495303 secs] [Times: user=0.13 sys=0.00, real=0.04 secs] 
[GC (Allocation Failure) [ParNew: 565915K->68096K(613440K), 0.0784339 secs] 1425017K->970699K(2010624K), 0.0784788 secs] [Times: user=0.36 sys=0.00, real=0.07 secs] 
[GC (Allocation Failure) [ParNew: 613440K->27423K(613440K), 0.0403205 secs] 1516043K->994170K(2010624K), 0.0403641 secs] [Times: user=0.14 sys=0.00, real=0.04 secs] 
[GC (Allocation Failure) [ParNew: 572767K->68096K(613440K), 0.0779579 secs] 1539514K->1077856K(2010624K), 0.0780086 secs] [Times: user=0.34 sys=0.00, real=0.08 secs] 
[GC (Allocation Failure) [ParNew: 613440K->27427K(613440K), 0.0471103 secs] 1623200K->1100881K(2010624K), 0.0471545 secs] [Times: user=0.25 sys=0.00, real=0.04 secs] 
[GC (Allocation Failure) [ParNew: 572771K->68096K(613440K), 0.0760126 secs] 1646225K->1185508K(2010624K), 0.0760620 secs] [Times: user=0.26 sys=0.00, real=0.08 secs] 
[GC (Allocation Failure) [ParNew: 613440K->26941K(613440K), 0.0387679 secs] 1730852K->1206589K(2010624K), 0.0389052 secs] [Times: user=0.13 sys=0.00, real=0.03 secs] 
[GC (CMS Initial Mark) [1 CMS-initial-mark: 1179647K(1397184K)] 1217573K(2010624K), 0.0025759 secs] [Times: user=0.00 sys=0.00, real=0.01 secs] 
[CMS-concurrent-mark-start]
[CMS-concurrent-mark: 1.145/1.145 secs] [Times: user=3.77 sys=0.00, real=1.15 secs] 
[CMS-concurrent-preclean-start]
[CMS-concurrent-preclean: 0.119/0.127 secs] [Times: user=0.23 sys=0.00, real=0.13 secs] 
[CMS-concurrent-abortable-preclean-start]
[GC (Allocation Failure) [ParNew: 572285K->68096K(613440K), 0.0744555 secs] 1751933K->1291069K(2010624K), 0.0745017 secs] [Times: user=0.30 sys=0.00, real=0.07 secs] 
[CMS-concurrent-abortable-preclean: 0.757/1.255 secs] [Times: user=2.23 sys=0.00, real=1.26 secs] 
[GC (CMS Final Remark) [YG occupancy: 418983 K (613440 K)][Rescan (parallel) , 0.0900086 secs][weak refs processing, 0.0000205 secs][class unloading, 0.0066397 secs][scrub symbol table, 0.0011497 secs][scrub string table, 0.0004709 secs][1 CMS-remark: 1222973K(1397184K)] 1641957K(2010624K), 0.0993038 secs] [Times: user=0.36 sys=0.00, real=0.10 secs] 
[CMS-concurrent-sweep-start]
[GC (Allocation Failure) [ParNew: 613440K->33872K(613440K), 0.0351718 secs] 1735976K->1219143K(2010624K), 0.0352200 secs] [Times: user=0.16 sys=0.00, real=0.03 secs] 
[CMS-concurrent-sweep: 0.657/0.693 secs] [Times: user=1.54 sys=0.00, real=0.69 secs] 
[CMS-concurrent-reset-start]
[CMS-concurrent-reset: 0.003/0.003 secs] [Times: user=0.03 sys=0.00, real=0.00 secs] 
[GC (Allocation Failure) [ParNew: 579216K->68096K(613440K), 0.0715614 secs] 1323116K->856013K(2010624K), 0.0716230 secs] [Times: user=0.27 sys=0.00, real=0.07 secs] 
[GC (Allocation Failure) [ParNew: 613440K->40070K(613440K), 0.0369753 secs] 1401357K->889715K(2010624K), 0.0370998 secs] [Times: user=0.13 sys=0.00, real=0.03 secs] 
[GC (Allocation Failure) [ParNew: 585414K->68096K(613440K), 0.0825907 secs] 1435059K->959824K(2010624K), 0.0826388 secs] [Times: user=0.28 sys=0.00, real=0.08 secs] 
[GC (Allocation Failure) [ParNew (0: promotion failure size = 2779)  (1: promotion failure size = 2779)  (2: promotion failure size = 2779)  (3: promotion failure size = 2779)  (4: promotion failure size = 2779)  (5: promotion failure size = 2779)  (6: promotion failure size = 2779)  (7: promotion failure size = 2779)  (promotion failed): 613440K->586347K(613440K), 0.3458357 secs][CMS: 954272K->746475K(1397184K), 2.1054013 secs] 1505168K->746475K(2010624K), [Metaspace: 9995K->9995K(10240K)], 2.4513307 secs] [Times: user=2.54 sys=0.02, real=2.45 secs] 

*** PauseDetector detected a 2449 ms pause at Fri Dec 19 23:22:19 EET 2014 ***

[GC (Allocation Failure) [ParNew: 545344K->68096K(613440K), 0.0614020 secs] 1291819K->859579K(2010624K), 0.0614585 secs] [Times: user=0.22 sys=0.00, real=0.06 secs] 
[GC (Allocation Failure) [ParNew: 613440K->26186K(613440K), 0.0313063 secs] 1404923K->878680K(2010624K), 0.0313583 secs] [Times: user=0.11 sys=0.00, real=0.03 secs] 
[GC (Allocation Failure) [ParNew: 571530K->68096K(613440K), 0.0600412 secs] 1424024K->962984K(2010624K), 0.0601240 secs] [Times: user=0.28 sys=0.00, real=0.06 secs] 
[GC (Allocation Failure) [ParNew: 613440K->26853K(613440K), 0.0319184 secs] 1508328K->983925K(2010624K), 0.0319684 secs] [Times: user=0.11 sys=0.00, real=0.03 secs] 
[GC (Allocation Failure) [ParNew: 572197K->68096K(613440K), 0.0610966 secs] 1529269K->1068795K(2010624K), 0.0611422 secs] [Times: user=0.22 sys=0.00, real=0.06 secs] 
[GC (Allocation Failure) [ParNew: 613440K->39564K(613440K), 0.0334845 secs] 1614139K->1101274K(2010624K), 0.0336013 secs] [Times: user=0.13 sys=0.00, real=0.03 secs] 
[GC (Allocation Failure) [ParNew: 584908K->68096K(613440K), 0.0589127 secs] 1646618K->1170943K(2010624K), 0.0589576 secs] [Times: user=0.27 sys=0.00, real=0.06 secs] 
[GC (Allocation Failure) [ParNew: 613440K->20383K(613440K), 0.0314622 secs] 1716287K->1186356K(2010624K), 0.0315136 secs] [Times: user=0.14 sys=0.00, real=0.03 secs] 
[GC (CMS Initial Mark) [1 CMS-initial-mark: 1165972K(1397184K)] 1197229K(2010624K), 0.0053187 secs] [Times: user=0.00 sys=0.00, real=0.01 secs] 
[CMS-concurrent-mark-start]
[CMS-concurrent-mark: 1.167/1.167 secs] [Times: user=3.76 sys=0.00, real=1.17 secs] 
[CMS-concurrent-preclean-start]
[CMS-concurrent-preclean: 0.080/0.086 secs] [Times: user=0.19 sys=0.00, real=0.09 secs] 
[CMS-concurrent-abortable-preclean-start]
[GC (Allocation Failure) [ParNew[CMS-concurrent-abortable-preclean: 0.059/0.368 secs] [Times: user=0.55 sys=0.00, real=0.37 secs] 
: 565727K->68096K(613440K), 0.0613193 secs] 1731700K->1276523K(2010624K), 0.0614315 secs] [Times: user=0.19 sys=0.00, real=0.06 secs] 
[GC (CMS Final Remark) [YG occupancy: 79060 K (613440 K)][Rescan (parallel) , 0.0289325 secs][weak refs processing, 0.0000398 secs][class unloading, 0.0071125 secs][scrub symbol table, 0.0011176 secs][scrub string table, 0.0003657 secs][1 CMS-remark: 1208427K(1397184K)] 1287487K(2010624K), 0.0385818 secs] [Times: user=0.14 sys=0.00, real=0.04 secs] 
[CMS-concurrent-sweep-start]
[CMS-concurrent-sweep: 0.509/0.509 secs] [Times: user=1.01 sys=0.00, real=0.51 secs] 
[CMS-concurrent-reset-start]
[CMS-concurrent-reset: 0.003/0.003 secs] [Times: user=0.00 sys=0.00, real=0.00 secs] 
[GC (Allocation Failure) [ParNew: 613440K->20074K(613440K), 0.0357820 secs] 1292764K->761178K(2010624K), 0.0359007 secs] [Times: user=0.11 sys=0.00, real=0.04 secs] 
[GC (Allocation Failure) [ParNew: 565418K->68096K(613440K), 0.0564208 secs] 1306522K->851486K(2010624K), 0.0564664 secs] [Times: user=0.20 sys=0.00, real=0.06 secs] 
[GC (Allocation Failure) [ParNew: 613440K->33426K(613440K), 0.0402833 secs] 1396830K->878579K(2010624K), 0.0403352 secs] [Times: user=0.13 sys=0.00, real=0.04 secs] 
[GC (Allocation Failure) [ParNew: 578770K->68096K(613440K), 0.0623785 secs] 1423923K->953725K(2010624K), 0.0624305 secs] [Times: user=0.19 sys=0.00, real=0.05 secs] 
[GC (Allocation Failure) [ParNew (0: promotion failure size = 93)  (1: promotion failure size = 1854)  (2: promotion failure size = 93)  (3: promotion failure size = 93)  (4: promotion failure size = 93)  (5: promotion failure size = 93)  (6: promotion failure size = 1854)  (7: promotion failure size = 93)  (promotion failed): 613440K->593184K(613440K), 3.3790039 secs][CMS: 891900K->744939K(1397184K), 2.0056176 secs] 1499069K->744939K(2010624K), [Metaspace: 9995K->9995K(10240K)], 5.3846864 secs]
*** PauseDetector detected a 5385 ms pause at Fri Dec 19 23:22:45 EET 2014 ***

 [Times: user=5.62 sys=1.14, real=5.38 secs] 
[GC (Allocation Failure) [ParNew: 545344K->68096K(613440K), 0.0526901 secs] 1290283K->856067K(2010624K), 0.0527363 secs] [Times: user=0.20 sys=0.00, real=0.05 secs] 
[GC (Allocation Failure) [ParNew: 613440K->26577K(613440K), 0.0307110 secs] 1401411K->876270K(2010624K), 0.0307552 secs] [Times: user=0.13 sys=0.00, real=0.03 secs] 
[GC (Allocation Failure) [ParNew: 571921K->68096K(613440K), 0.0523545 secs] 1421614K->960682K(2010624K), 0.0524052 secs] [Times: user=0.19 sys=0.00, real=0.04 secs] 
[GC (Allocation Failure) [ParNew: 613440K->39415K(613440K), 0.0307841 secs] 1506026K->992551K(2010624K), 0.0308348 secs] [Times: user=0.08 sys=0.00, real=0.03 secs] 
[GC (Allocation Failure) [ParNew: 584759K->68096K(613440K), 0.0520921 secs] 1537895K->1061057K(2010624K), 0.0521524 secs] [Times: user=0.20 sys=0.00, real=0.05 secs] 
[GC (Allocation Failure) [ParNew: 613440K->34136K(613440K), 0.0391984 secs] 1606401K->1090768K(2010624K), 0.0392490 secs] [Times: user=0.13 sys=0.00, real=0.04 secs] 
[GC (Allocation Failure) [ParNew: 579480K->68096K(613440K), 0.0544005 secs] 1636112K->1165966K(2010624K), 0.0544724 secs] [Times: user=0.22 sys=0.00, real=0.05 secs] 
[GC (Allocation Failure) [ParNew: 613440K->26796K(613440K), 0.0286297 secs] 1711310K->1186747K(2010624K), 0.0286810 secs] [Times: user=0.05 sys=0.00, real=0.03 secs] 
[GC (CMS Initial Mark) [1 CMS-initial-mark: 1159951K(1397184K)] 1197707K(2010624K), 0.0036595 secs] [Times: user=0.00 sys=0.00, real=0.00 secs] 
[CMS-concurrent-mark-start]
[CMS-concurrent-mark: 1.277/1.277 secs] [Times: user=4.02 sys=0.00, real=1.28 secs] 
[CMS-concurrent-preclean-start]
[CMS-concurrent-preclean: 0.064/0.068 secs] [Times: user=0.13 sys=0.00, real=0.07 secs] 
[CMS-concurrent-abortable-preclean-start]
[GC (Allocation Failure) [ParNew[CMS-concurrent-abortable-preclean: 0.041/0.247 secs] [Times: user=0.37 sys=0.00, real=0.25 secs] 
: 572140K->68096K(613440K), 0.0535549 secs] 1732091K->1268926K(2010624K), 0.0536030 secs] [Times: user=0.22 sys=0.00, real=0.05 secs] 
[GC (CMS Final Remark) [YG occupancy: 79050 K (613440 K)][Rescan (parallel) , 0.0240597 secs][weak refs processing, 0.0000186 secs][class unloading, 0.0062457 secs][scrub symbol table, 0.0012466 secs][scrub string table, 0.0003554 secs][1 CMS-remark: 1200830K(1397184K)] 1279881K(2010624K), 0.0328699 secs] [Times: user=0.19 sys=0.00, real=0.03 secs] 
[CMS-concurrent-sweep-start]
[CMS-concurrent-sweep: 0.507/0.507 secs] [Times: user=1.06 sys=0.00, real=0.52 secs] 
[CMS-concurrent-reset-start]
[CMS-concurrent-reset: 0.003/0.003 secs] [Times: user=0.00 sys=0.00, real=0.00 secs] 
[GC (Allocation Failure) [ParNew: 613440K->20191K(613440K), 0.0272407 secs] 1290919K->759893K(2010624K), 0.0272920 secs] [Times: user=0.13 sys=0.00, real=0.03 secs] 
[GC (Allocation Failure) [ParNew: 565535K->68096K(613440K), 0.1627049 secs] 1305237K->875335K(2010624K), 0.1627556 secs] [Times: user=0.72 sys=0.00, real=0.16 secs] 
[GC (Allocation Failure) [ParNew: 613440K->34120K(613440K), 0.0846078 secs] 1420679K->905427K(2010624K), 0.0846547 secs] [Times: user=0.30 sys=0.00, real=0.08 secs] 
[GC (Allocation Failure) [ParNew: 579464K->68096K(613440K), 0.1910318 secs] 1450771K->996501K(2010624K), 0.1910818 secs] [Times: user=0.86 sys=0.00, real=0.19 secs] 
[GC (Allocation Failure) [ParNew (0: promotion failure size = 9372)  (1: promotion failure size = 9372)  (2: promotion failure size = 9372)  (3: promotion failure size = 9372)  (4: promotion failure size = 9372)  (5: promotion failure size = 9372)  (6: promotion failure size = 9372)  (7: promotion failure size = 9372)  (promotion failed): 613440K->565832K(613440K), 0.1902356 secs][CMS: 990015K->760552K(1397184K), 1.8356000 secs] 1541845K->760552K(2010624K), [Metaspace: 9995K->9995K(10240K)]
*** PauseDetector detected a 2024 ms pause at Fri Dec 19 23:23:09 EET 2014 ***

, 2.0258985 secs] [Times: user=2.17 sys=0.00, real=2.02 secs] 
[GC (Allocation Failure) [ParNew: 545344K->68096K(613440K), 0.1455973 secs] 1305896K->885313K(2010624K), 0.1456454 secs] [Times: user=0.76 sys=0.00, real=0.14 secs] 
[GC (Allocation Failure) [ParNew: 613440K->27408K(613440K), 0.0624587 secs] 1430657K->909221K(2010624K), 0.0625055 secs] [Times: user=0.20 sys=0.00, real=0.06 secs] 
[GC (Allocation Failure) [ParNew: 572752K->68096K(613440K), 0.1366191 secs] 1454565K->1000098K(2010624K), 0.1366691 secs] [Times: user=0.61 sys=0.00, real=0.14 secs] 
[GC (Allocation Failure) [ParNew: 613440K->41143K(613440K), 0.0617331 secs] 1545442K->1036808K(2010624K), 0.0617825 secs] [Times: user=0.22 sys=0.00, real=0.06 secs] 
[GC (Allocation Failure) [ParNew: 586487K->68096K(613440K), 0.1282440 secs] 1582152K->1112824K(2010624K), 0.1282953 secs] [Times: user=0.50 sys=0.00, real=0.13 secs] 
[GC (Allocation Failure) [ParNew: 613440K->27353K(613440K), 0.0529724 secs] 1658168K->1135625K(2010624K), 0.0530192 secs] [Times: user=0.20 sys=0.00, real=0.05 secs] 
[GC (Allocation Failure) [ParNew: 572697K->68096K(613440K), 0.1197206 secs] 1680969K->1224065K(2010624K), 0.1197694 secs] [Times: user=0.47 sys=0.00, real=0.11 secs] 
[GC (Allocation Failure) [ParNew: 613440K->26988K(613440K), 0.0496387 secs] 1769409K->1245577K(2010624K), 0.0496868 secs] [Times: user=0.14 sys=0.00, real=0.05 secs] 
[GC (CMS Initial Mark) [1 CMS-initial-mark: 1218589K(1397184K)] 1245578K(2010624K), 0.0048997 secs] [Times: user=0.00 sys=0.00, real=0.00 secs] 
[CMS-concurrent-mark-start]
[CMS-concurrent-mark: 1.142/1.142 secs] [Times: user=3.85 sys=0.00, real=1.15 secs] 
[CMS-concurrent-preclean-start]
[CMS-concurrent-preclean: 0.203/0.216 secs] [Times: user=0.44 sys=0.00, real=0.22 secs] 
[CMS-concurrent-abortable-preclean-start]
[GC (Allocation Failure) [ParNew[CMS-concurrent-abortable-preclean: 0.072/0.380 secs] [Times: user=0.86 sys=0.00, real=0.38 secs] 
: 572332K->68096K(613440K), 0.1029107 secs] 1790921K->1332516K(2010624K), 0.1029710 secs] [Times: user=0.55 sys=0.00, real=0.10 secs] 
[GC (CMS Final Remark) [YG occupancy: 68098 K (613440 K)][Rescan (parallel) , 0.0574865 secs][weak refs processing, 0.0000205 secs][class unloading, 0.0063433 secs][scrub symbol table, 0.0010522 secs][scrub string table, 0.0003561 secs][1 CMS-remark: 1264420K(1397184K)] 1332518K(2010624K), 0.0662209 secs] [Times: user=0.33 sys=0.00, real=0.06 secs] 
[CMS-concurrent-sweep-start]
[CMS-concurrent-sweep: 0.837/0.837 secs] [Times: user=1.70 sys=0.00, real=0.84 secs] 
[CMS-concurrent-reset-start]
[CMS-concurrent-reset: 0.003/0.003 secs] [Times: user=0.00 sys=0.00, real=0.00 secs] 
[GC (Allocation Failure) [ParNew: 613440K->41093K(613440K), 0.0619313 secs] 1298050K->792449K(2010624K), 0.0621001 secs] [Times: user=0.20 sys=0.00, real=0.06 secs] 
[GC (Allocation Failure) [ParNew: 586437K->68096K(613440K), 0.0988361 secs] 1337793K->864656K(2010624K), 0.0988855 secs] [Times: user=0.36 sys=0.00, real=0.10 secs] 
[GC (Allocation Failure) [ParNew: 613440K->27378K(613440K), 0.0482696 secs] 1410000K->887475K(2010624K), 0.0483177 secs] [Times: user=0.13 sys=0.00, real=0.04 secs] 
[GC (Allocation Failure) [ParNew (0: promotion failure size = 4167)  (1: promotion failure size = 4167)  (2: promotion failure size = 4167)  (3: promotion failure size = 4167)  (4: promotion failure size = 4167)  (5: promotion failure size = 4167)  (6: promotion failure size = 4167)  (7: promotion failure size = 4167)  (promotion failed): 572722K->613440K(613440K), 1.1013459 secs][CMS: 895266K->747924K(1397184K), 1.9179489 secs] 1432819K->747924K(2010624K), [Metaspace: 9995K->9995K(10240K)], 3.0194750 secs] [Times: user=3.25 sys=0.13, real=3.02 secs] 

*** PauseDetector detected a 3018 ms pause at Fri Dec 19 23:23:33 EET 2014 ***

[GC (Allocation Failure) [ParNew: 545344K->27424K(613440K), 0.0069322 secs] 1293268K->775349K(2010624K), 0.0069752 secs] [Times: user=0.06 sys=0.00, real=0.01 secs] 
[GC (Allocation Failure) [ParNew: 572768K->68096K(613440K), 0.0763341 secs] 1320693K->860246K(2010624K), 0.0763809 secs] [Times: user=0.36 sys=0.00, real=0.07 secs] 
[GC (Allocation Failure) [ParNew: 613440K->34286K(613440K), 0.0574249 secs] 1405590K->890423K(2010624K), 0.0574775 secs] [Times: user=0.22 sys=0.00, real=0.06 secs] 
[GC (Allocation Failure) [ParNew: 579630K->68096K(613440K), 0.0743471 secs] 1435767K->968896K(2010624K), 0.0743984 secs] [Times: user=0.30 sys=0.00, real=0.08 secs] 
[GC (Allocation Failure) [ParNew: 613440K->33476K(613440K), 0.0486886 secs] 1514240K->996494K(2010624K), 0.0487335 secs] [Times: user=0.14 sys=0.00, real=0.05 secs] 
[GC (Allocation Failure) [ParNew: 578820K->68096K(613440K), 0.0716961 secs] 1541838K->1074771K(2010624K), 0.0717449 secs] [Times: user=0.30 sys=0.00, real=0.07 secs] 
[GC (Allocation Failure) [ParNew: 613440K->27025K(613440K), 0.0359122 secs] 1620115K->1096417K(2010624K), 0.0359629 secs] [Times: user=0.08 sys=0.00, real=0.04 secs] 
[GC (Allocation Failure) [ParNew: 572369K->68096K(613440K), 0.0719316 secs] 1641761K->1182659K(2010624K), 0.0719867 secs] [Times: user=0.27 sys=0.00, real=0.07 secs] 
[GC (Allocation Failure) [ParNew: 613440K->33007K(613440K), 0.0422645 secs] 1728003K->1208457K(2010624K), 0.0423100 secs] [Times: user=0.14 sys=0.00, real=0.04 secs] 
[GC (CMS Initial Mark) [1 CMS-initial-mark: 1175450K(1397184K)] 1219330K(2010624K), 0.0028037 secs] [Times: user=0.00 sys=0.00, real=0.00 secs] 
[CMS-concurrent-mark-start]
[Full GC (System.gc()) [CMS[CMS-concurrent-mark: 0.990/0.991 secs] [Times: user=2.82 sys=0.00, real=0.99 secs] 
 (concurrent mode interrupted): 1175450K->741138K(1397184K), 2.0892875 secs] 1339958K->741138K(2010624K), [Metaspace: 9995K->9995K(10240K)], 2.0895480 secs] [Times: user=2.54 sys=0.00, real=2.09 secs] 
[Full GC (System.gc()) [CMS: 741138K->741059K(1397184K), 1.6081209 secs] 741140K->741059K(2010624K), [Metaspace: 9995K->9995K(10240K)], 1.6084571 secs] [Times: user=1.61 sys=0.00, real=1.61 secs] 
[Full GC (System.gc()) [CMS: 741059K->740966K(1397184K), 1.4665688 secs] 751929K->740966K(2010624K), [Metaspace: 9995K->9995K(10240K)]
*** PauseDetector detected a 2088 ms pause at Fri Dec 19 23:23:49 EET 2014 ***

, 1.4667394 secs] [Times: user=1.47 sys=0.00, real=1.47 secs] 

*** PauseDetector detected a 3084 ms pause at Fri Dec 19 23:23:52 EET 2014 ***

[GC (Allocation Failure) [ParNew: 545344K->7347K(613440K), 0.0105828 secs] 1286310K->748314K(2010624K), 0.0106553 secs] [Times: user=0.00 sys=0.00, real=0.01 secs] 
[GC (Allocation Failure) [ParNew: 552691K->68096K(613440K), 0.0802393 secs] 1293658K->857565K(2010624K), 0.0802990 secs] [Times: user=0.33 sys=0.00, real=0.08 secs] 
[GC (Allocation Failure) [ParNew: 613440K->33035K(613440K), 0.0348729 secs] 1402909K->886454K(2010624K), 0.0349165 secs] [Times: user=0.14 sys=0.00, real=0.04 secs] 
[GC (Allocation Failure) [ParNew: 578379K->68096K(613440K), 0.0613828 secs] 1431798K->965010K(2010624K), 0.0614399 secs] [Times: user=0.20 sys=0.00, real=0.06 secs] 
[GC (Allocation Failure) [ParNew: 613440K->26520K(613440K), 0.0434764 secs] 1510354K->984870K(2010624K), 0.0435373 secs] [Times: user=0.14 sys=0.00, real=0.04 secs] 
[GC (Allocation Failure) [ParNew: 571864K->68096K(613440K), 0.0761384 secs] 1530214K->1070094K(2010624K), 0.0762006 secs] [Times: user=0.33 sys=0.00, real=0.07 secs] 
[Full GC (System.gc()) [CMS: 1001998K->743628K(1397184K), 1.6274414 secs] 1442278K->743628K(2010624K), [Metaspace: 9995K->9995K(10240K)], 1.6277564 secs] [Times: user=1.62 sys=0.00, real=1.63 secs] 
[Full GC (System.gc()) [CMS: 743628K->743628K(1397184K), 1.5553000 secs] 743630K->743628K(2010624K), [Metaspace: 9995K->9995K(10240K)], 1.5554899 secs] [Times: user=1.55 sys=0.00, real=1.55 secs] 
[Full GC (System.gc()) [CMS: 743628K->743552K(1397184K), 1.3130294 secs] 754563K->743552K(2010624K), [Metaspace: 9995K->9995K(10240K)]
*** PauseDetector detected a 1627 ms pause at Fri Dec 19 23:24:03 EET 2014 ***

, 1.3132507 secs] [Times: user=1.33 sys=0.00, real=1.31 secs] 
********************************
********** ROUND    9 **********
********************************

*** PauseDetector detected a 2879 ms pause at Fri Dec 19 23:24:06 EET 2014 ***

[GC (Allocation Failure) [ParNew: 545344K->68096K(613440K), 0.0637945 secs] 1288896K->866861K(2010624K), 0.0638387 secs] [Times: user=0.25 sys=0.00, real=0.06 secs] 
[GC (Allocation Failure) [ParNew: 613440K->27031K(613440K), 0.0387922 secs] 1412205K->875923K(2010624K), 0.0388416 secs] [Times: user=0.13 sys=0.00, real=0.04 secs] 
[GC (Allocation Failure) [ParNew: 572375K->68096K(613440K), 0.0563118 secs] 1421267K->957915K(2010624K), 0.0563631 secs] [Times: user=0.22 sys=0.00, real=0.05 secs] 
[GC (Allocation Failure) [ParNew: 613440K->41102K(613440K), 0.0310080 secs] 1503259K->994504K(2010624K), 0.0310491 secs] [Times: user=0.13 sys=0.00, real=0.03 secs] 
[GC (Allocation Failure) [ParNew: 586446K->68096K(613440K), 0.0556394 secs] 1539848K->1063952K(2010624K), 0.0556933 secs] [Times: user=0.22 sys=0.00, real=0.05 secs] 
[GC (Allocation Failure) [ParNew: 613440K->33409K(613440K), 0.0314180 secs] 1609296K->1091098K(2010624K), 0.0314565 secs] [Times: user=0.13 sys=0.00, real=0.02 secs] 
[GC (Allocation Failure) [ParNew: 578753K->68096K(613440K), 0.0595023 secs] 1636442K->1166384K(2010624K), 0.0595524 secs] [Times: user=0.28 sys=0.00, real=0.06 secs] 
[GC (Allocation Failure) [ParNew: 613440K->27337K(613440K), 0.0328108 secs] 1711728K->1189088K(2010624K), 0.0328538 secs] [Times: user=0.13 sys=0.00, real=0.03 secs] 
[GC (CMS Initial Mark) [1 CMS-initial-mark: 1161751K(1397184K)] 1189090K(2010624K), 0.0032457 secs] [Times: user=0.00 sys=0.00, real=0.00 secs] 
[CMS-concurrent-mark-start]
[CMS-concurrent-mark: 1.110/1.110 secs] [Times: user=3.53 sys=0.00, real=1.12 secs] 
[CMS-concurrent-preclean-start]
[CMS-concurrent-preclean: 0.085/0.090 secs] [Times: user=0.19 sys=0.00, real=0.09 secs] 
[CMS-concurrent-abortable-preclean-start]
[GC (Allocation Failure) [ParNew: 572681K->68096K(613440K), 0.0564888 secs] 1734432K->1272038K(2010624K), 0.0565350 secs] [Times: user=0.20 sys=0.00, real=0.06 secs] 
[CMS-concurrent-abortable-preclean: 0.601/1.194 secs] [Times: user=1.93 sys=0.00, real=1.19 secs] 
[GC (CMS Final Remark) [YG occupancy: 388849 K (613440 K)][Rescan (parallel) , 0.0850576 secs][weak refs processing, 0.0000205 secs][class unloading, 0.0065762 secs][scrub symbol table, 0.0010785 secs][scrub string table, 0.0003618 secs][1 CMS-remark: 1203942K(1397184K)] 1592791K(2010624K), 0.0940685 secs] [Times: user=0.36 sys=0.00, real=0.09 secs] 
[CMS-concurrent-sweep-start]
[GC (Allocation Failure) [ParNew: 613440K->40194K(613440K), 0.0286586 secs] 1323943K->812554K(2010624K), 0.0287073 secs] [Times: user=0.19 sys=0.00, real=0.03 secs] 
[CMS-concurrent-sweep: 0.538/0.567 secs] [Times: user=1.26 sys=0.00, real=0.57 secs] 
[CMS-concurrent-reset-start]
[CMS-concurrent-reset: 0.003/0.003 secs] [Times: user=0.00 sys=0.00, real=0.00 secs] 
[GC (Allocation Failure) [ParNew: 585538K->68096K(613440K), 0.0549247 secs] 1326115K->849775K(2010624K), 0.0549766 secs] [Times: user=0.20 sys=0.00, real=0.05 secs] 
[GC (Allocation Failure) [ParNew: 613440K->33853K(613440K), 0.0383669 secs] 1395119K->878304K(2010624K), 0.0384176 secs] [Times: user=0.17 sys=0.00, real=0.04 secs] 
[GC (Allocation Failure) [ParNew: 579197K->68096K(613440K), 0.0566479 secs] 1423648K->952430K(2010624K), 0.0566935 secs] [Times: user=0.20 sys=0.00, real=0.06 secs] 
[GC (Allocation Failure) [ParNew: 613440K->27359K(613440K), 0.1729265 secs] 1497774K->975119K(2010624K), 0.1729753 secs] [Times: user=0.28 sys=0.01, real=0.17 secs] 
[GC (Allocation Failure) [ParNew (0: promotion failure size = 105)  (1: promotion failure size = 1237)  (2: promotion failure size = 1237)  (3: promotion failure size = 105)  (4: promotion failure size = 1237)  (5: promotion failure size = 1237)  (6: promotion failure size = 105)  (7: promotion failure size = 1237)  (promotion failed): 572703K->613440K(613440K), 1.2029921 secs][CMS: 967845K->743092K(1397184K), 1.8348988 secs] 1520463K->743092K(2010624K), [Metaspace: 9995K->9995K(10240K)], 3.0379569 secs]
*** PauseDetector detected a 3035 ms pause at Fri Dec 19 23:24:32 EET 2014 ***

 [Times: user=3.31 sys=0.25, real=3.03 secs] 
[GC (Allocation Failure) [ParNew: 545344K->27420K(613440K), 0.0069682 secs] 1288436K->770512K(2010624K), 0.0070394 secs] [Times: user=0.00 sys=0.00, real=0.01 secs] 
[GC (Allocation Failure) [ParNew: 572764K->68096K(613440K), 0.0523885 secs] 1315856K->855213K(2010624K), 0.0524360 secs] [Times: user=0.19 sys=0.00, real=0.05 secs] 
[GC (Allocation Failure) [ParNew: 613440K->32460K(613440K), 0.0421246 secs] 1400557K->879558K(2010624K), 0.0421740 secs] [Times: user=0.16 sys=0.02, real=0.03 secs] 
[GC (Allocation Failure) [ParNew: 577804K->68096K(613440K), 0.0514018 secs] 1424902K->956514K(2010624K), 0.0514493 secs] [Times: user=0.17 sys=0.00, real=0.05 secs] 
[GC (Allocation Failure) [ParNew: 613440K->33351K(613440K), 0.0390495 secs] 1501858K->983673K(2010624K), 0.0390964 secs] [Times: user=0.14 sys=0.00, real=0.04 secs] 
[GC (Allocation Failure) [ParNew: 578695K->68096K(613440K), 0.1643961 secs] 1529017K->1086196K(2010624K), 0.1644423 secs] [Times: user=0.76 sys=0.00, real=0.16 secs] 
[GC (Allocation Failure) [ParNew: 613440K->20481K(613440K), 0.0829160 secs] 1631540K->1103652K(2010624K), 0.0829641 secs] [Times: user=0.31 sys=0.00, real=0.08 secs] 
[GC (Allocation Failure) [ParNew: 565825K->68096K(613440K), 0.1887600 secs] 1648996K->1208312K(2010624K), 0.1888087 secs] [Times: user=0.86 sys=0.00, real=0.18 secs] 
[GC (Allocation Failure) [ParNew: 613440K->34191K(613440K), 0.0756206 secs] 1753656K->1238360K(2010624K), 0.0757079 secs] [Times: user=0.28 sys=0.00, real=0.07 secs] 
[GC (CMS Initial Mark) [1 CMS-initial-mark: 1204168K(1397184K)] 1238362K(2010624K), 0.0047541 secs] [Times: user=0.00 sys=0.00, real=0.00 secs] 
[CMS-concurrent-mark-start]
[CMS-concurrent-mark: 1.182/1.182 secs] [Times: user=4.30 sys=0.00, real=1.19 secs] 
[CMS-concurrent-preclean-start]
[CMS-concurrent-preclean: 0.262/0.271 secs] [Times: user=0.53 sys=0.00, real=0.27 secs] 
[CMS-concurrent-abortable-preclean-start]
[GC (Allocation Failure) [ParNew[CMS-concurrent-abortable-preclean: 0.091/0.662 secs] [Times: user=1.39 sys=0.00, real=0.66 secs] 
: 579535K->68096K(613440K), 0.1674038 secs] 1783704K->1327205K(2010624K), 0.1674828 secs] [Times: user=0.78 sys=0.00, real=0.16 secs] 
[GC (CMS Final Remark) [YG occupancy: 79028 K (613440 K)][Rescan (parallel) , 0.0982907 secs][weak refs processing, 0.0000205 secs][class unloading, 0.0075924 secs][scrub symbol table, 0.0010907 secs][scrub string table, 0.0003541 secs][1 CMS-remark: 1259109K(1397184K)] 1338138K(2010624K), 0.1083031 secs] [Times: user=0.73 sys=0.00, real=0.12 secs] 
[CMS-concurrent-sweep-start]
[CMS-concurrent-sweep: 0.734/0.734 secs] [Times: user=1.47 sys=0.00, real=0.73 secs] 
[CMS-concurrent-reset-start]
[CMS-concurrent-reset: 0.003/0.003 secs] [Times: user=0.00 sys=0.00, real=0.00 secs] 
[GC (Allocation Failure) [ParNew: 613440K->27146K(613440K), 0.0606321 secs] 1309246K->786066K(2010624K), 0.0606828 secs] [Times: user=0.22 sys=0.00, real=0.05 secs] 
[GC (Allocation Failure) [ParNew: 572490K->68096K(613440K), 0.1440088 secs] 1331410K->877238K(2010624K), 0.1440524 secs] [Times: user=0.59 sys=0.00, real=0.14 secs] 
[GC (Allocation Failure) [ParNew: 613440K->27398K(613440K), 0.0582134 secs] 1422582K->900117K(2010624K), 0.0582666 secs] [Times: user=0.16 sys=0.00, real=0.06 secs] 
[GC (Allocation Failure) [ParNew: 572742K->68096K(613440K), 0.1301321 secs] 1445461K->989829K(2010624K), 0.1302181 secs] [Times: user=0.52 sys=0.00, real=0.12 secs] 
[GC (Allocation Failure) [ParNew (0: promotion failure size = 6249)  (1: promotion failure size = 6249)  (2: promotion failure size = 6249)  (3: promotion failure size = 6249)  (4: promotion failure size = 6249)  (5: promotion failure size = 6249)  (6: promotion failure size = 6249)  (7: promotion failure size = 6249)  (promotion failed): 613440K->565906K(613440K), 0.1970010 secs][CMS: 984281K->753447K(1397184K), 2.0562361 secs] 1535173K->753447K(2010624K), [Metaspace: 9995K->9995K(10240K)]
*** PauseDetector detected a 2251 ms pause at Fri Dec 19 23:24:58 EET 2014 ***

, 2.2533025 secs] [Times: user=2.35 sys=0.00, real=2.25 secs] 
[GC (Allocation Failure) [ParNew: 545344K->68096K(613440K), 0.1065350 secs] 1298791K->870989K(2010624K), 0.1065895 secs] [Times: user=0.48 sys=0.00, real=0.11 secs] 
[GC (Allocation Failure) [ParNew: 613440K->33560K(613440K), 0.0651629 secs] 1416333K->899225K(2010624K), 0.0652117 secs] [Times: user=0.20 sys=0.00, real=0.07 secs] 
[GC (Allocation Failure) [ParNew: 578904K->68096K(613440K), 0.0947454 secs] 1444569K->979625K(2010624K), 0.0948076 secs] [Times: user=0.45 sys=0.00, real=0.10 secs] 
[GC (Allocation Failure) [ParNew: 613440K->40993K(613440K), 0.0477698 secs] 1524969K->1016565K(2010624K), 0.0478167 secs] [Times: user=0.13 sys=0.00, real=0.04 secs] 
[GC (Allocation Failure) [ParNew: 586337K->68096K(613440K), 0.0967971 secs] 1561909K->1089031K(2010624K), 0.0968491 secs] [Times: user=0.39 sys=0.00, real=0.10 secs] 
[GC (Allocation Failure) [ParNew: 613440K->34189K(613440K), 0.0477454 secs] 1634375K->1118614K(2010624K), 0.0477929 secs] [Times: user=0.14 sys=0.00, real=0.05 secs] 
[GC (Allocation Failure) [ParNew: 579533K->68096K(613440K), 0.0901267 secs] 1663958K->1197318K(2010624K), 0.0901831 secs] [Times: user=0.37 sys=0.00, real=0.09 secs] 
[GC (Allocation Failure) [ParNew: 613440K->34213K(613440K), 0.0413021 secs] 1742662K->1227078K(2010624K), 0.0414246 secs] [Times: user=0.13 sys=0.00, real=0.03 secs] 
[GC (CMS Initial Mark) [1 CMS-initial-mark: 1192864K(1397184K)] 1238013K(2010624K), 0.0053020 secs] [Times: user=0.02 sys=0.00, real=0.01 secs] 
[CMS-concurrent-mark-start]
[CMS-concurrent-mark: 1.188/1.188 secs] [Times: user=3.95 sys=0.00, real=1.19 secs] 
[CMS-concurrent-preclean-start]
[CMS-concurrent-preclean: 0.135/0.144 secs] [Times: user=0.28 sys=0.00, real=0.14 secs] 
[CMS-concurrent-abortable-preclean-start]
[GC (Allocation Failure) [ParNew[CMS-concurrent-abortable-preclean: 0.060/0.371 secs] [Times: user=0.53 sys=0.00, real=0.37 secs] 
: 579557K->68096K(613440K), 0.0888929 secs] 1772422K->1305295K(2010624K), 0.0889718 secs] [Times: user=0.36 sys=0.00, real=0.09 secs] 
[GC (CMS Final Remark) [YG occupancy: 79030 K (613440 K)][Rescan (parallel) , 0.0505498 secs][weak refs processing, 0.0000148 secs][class unloading, 0.0064831 secs][scrub symbol table, 0.0013313 secs][scrub string table, 0.0003548 secs][1 CMS-remark: 1237199K(1397184K)] 1316230K(2010624K), 0.0596781 secs] [Times: user=0.23 sys=0.00, real=0.05 secs] 
[CMS-concurrent-sweep-start]
[CMS-concurrent-sweep: 0.685/0.685 secs] [Times: user=1.37 sys=0.00, real=0.69 secs] 
[CMS-concurrent-reset-start]
[CMS-concurrent-reset: 0.003/0.003 secs] [Times: user=0.03 sys=0.00, real=0.00 secs] 
[GC (Allocation Failure) [ParNew: 613440K->27006K(613440K), 0.0389129 secs] 1295934K->771975K(2010624K), 0.0389642 secs] [Times: user=0.08 sys=0.00, real=0.04 secs] 
[GC (Allocation Failure) [ParNew: 572350K->68096K(613440K), 0.0799141 secs] 1317319K->856077K(2010624K), 0.0799654 secs] [Times: user=0.30 sys=0.00, real=0.07 secs] 
[GC (Allocation Failure) [ParNew: 613440K->34245K(613440K), 0.0502020 secs] 1401421K->885702K(2010624K), 0.0502540 secs] [Times: user=0.14 sys=0.00, real=0.04 secs] 
[GC (Allocation Failure) [ParNew (0: promotion failure size = 2779)  (1: promotion failure size = 2779)  (2: promotion failure size = 2779)  (3: promotion failure size = 2779)  (4: promotion failure size = 2779)  (5: promotion failure size = 2779)  (6: promotion failure size = 2779)  (7: promotion failure size = 2779)  (promotion failed): 579589K->613440K(613440K), 0.2131431 secs][CMS: 893909K->745967K(1397184K), 1.8071262 secs] 1431046K->745967K(2010624K), [Metaspace: 9995K->9995K(10240K)], 2.0203386 secs] [Times: user=2.25 sys=0.01, real=2.02 secs] 

*** PauseDetector detected a 2022 ms pause at Fri Dec 19 23:25:21 EET 2014 ***

[GC (Allocation Failure) [ParNew: 545344K->41072K(613440K), 0.0057697 secs] 1291311K->787039K(2010624K), 0.0058191 secs] [Times: user=0.00 sys=0.00, real=0.01 secs] 
[GC (Allocation Failure) [ParNew: 586416K->68096K(613440K), 0.0670646 secs] 1332383K->858033K(2010624K), 0.0671140 secs] [Times: user=0.28 sys=0.00, real=0.06 secs] 
[GC (Allocation Failure) [ParNew: 613440K->33866K(613440K), 0.0400485 secs] 1403377K->887139K(2010624K), 0.0401633 secs] [Times: user=0.14 sys=0.00, real=0.04 secs] 
[GC (Allocation Failure) [ParNew: 579210K->68096K(613440K), 0.0666232 secs] 1432483K->965162K(2010624K), 0.0666758 secs] [Times: user=0.25 sys=0.03, real=0.06 secs] 
[GC (Allocation Failure) [ParNew: 613440K->20138K(613440K), 0.0347381 secs] 1510506K->979547K(2010624K), 0.0347875 secs] [Times: user=0.13 sys=0.00, real=0.04 secs] 
[GC (Allocation Failure) [ParNew: 565482K->68096K(613440K), 0.0650423 secs] 1524891K->1070786K(2010624K), 0.0650949 secs] [Times: user=0.27 sys=0.00, real=0.07 secs] 
[GC (Allocation Failure) [ParNew: 613440K->26990K(613440K), 0.0384086 secs] 1616130K->1092240K(2010624K), 0.0384618 secs] [Times: user=0.11 sys=0.02, real=0.03 secs] 
[GC (Allocation Failure) [ParNew: 572334K->68096K(613440K), 0.0640812 secs] 1637584K->1176483K(2010624K), 0.0641287 secs] [Times: user=0.23 sys=0.00, real=0.06 secs] 
[GC (Allocation Failure) [ParNew: 613440K->26688K(613440K), 0.0321968 secs] 1721827K->1196607K(2010624K), 0.0322456 secs] [Times: user=0.13 sys=0.00, real=0.03 secs] 
[GC (CMS Initial Mark) [1 CMS-initial-mark: 1169919K(1397184K)] 1207542K(2010624K), 0.0035486 secs] [Times: user=0.00 sys=0.00, real=0.00 secs] 
[CMS-concurrent-mark-start]
[CMS-concurrent-mark: 1.236/1.236 secs] [Times: user=3.92 sys=0.03, real=1.25 secs] 
[CMS-concurrent-preclean-start]
[CMS-concurrent-preclean: 0.093/0.099 secs] [Times: user=0.19 sys=0.00, real=0.10 secs] 
[CMS-concurrent-abortable-preclean-start]
[GC (Allocation Failure) [ParNew[CMS-concurrent-abortable-preclean: 0.056/0.277 secs] [Times: user=0.58 sys=0.00, real=0.28 secs] 
: 572032K->68096K(613440K), 0.0628892 secs] 1741951K->1280727K(2010624K), 0.0629431 secs] [Times: user=0.31 sys=0.00, real=0.06 secs] 
[GC (CMS Final Remark) [YG occupancy: 68179 K (613440 K)][Rescan (parallel) , 0.0312274 secs][weak refs processing, 0.0000552 secs][class unloading, 0.0067327 secs][scrub symbol table, 0.0010612 secs][scrub string table, 0.0003606 secs][1 CMS-remark: 1212631K(1397184K)] 1280810K(2010624K), 0.0403968 secs] [Times: user=0.17 sys=0.00, real=0.04 secs] 
[CMS-concurrent-sweep-start]
[CMS-concurrent-sweep: 0.621/0.621 secs] [Times: user=1.25 sys=0.00, real=0.62 secs] 
[CMS-concurrent-reset-start]
[CMS-concurrent-reset: 0.003/0.003 secs] [Times: user=0.00 sys=0.00, real=0.00 secs] 
[GC (Allocation Failure) [ParNew: 613440K->20073K(613440K), 0.0312813 secs] 1293354K->761865K(2010624K), 0.0314321 secs] [Times: user=0.11 sys=0.00, real=0.03 secs] 
[GC (Allocation Failure) [ParNew: 565417K->68096K(613440K), 0.0653240 secs] 1307209K->851427K(2010624K), 0.0653721 secs] [Times: user=0.19 sys=0.00, real=0.06 secs] 
[GC (Allocation Failure) [ParNew: 613440K->27160K(613440K), 0.0314699 secs] 1396771K->873332K(2010624K), 0.0315181 secs] [Times: user=0.11 sys=0.00, real=0.03 secs] 
[GC (Allocation Failure) [ParNew: 572504K->68096K(613440K), 0.0679063 secs] 1418676K->955081K(2010624K), 0.0679570 secs] [Times: user=0.25 sys=0.00, real=0.06 secs] 
[GC (Allocation Failure) [ParNew (0: promotion failure size = 1854)  (1: promotion failure size = 1854)  (2: promotion failure size = 1854)  (3: promotion failure size = 1854)  (4: promotion failure size = 1854)  (5: promotion failure size = 1854)  (6: promotion failure size = 1854)  (7: promotion failure size = 1854)  (promotion failed): 613440K->593313K(613440K), 0.4580262 secs][CMS: 945118K->745274K(1397184K), 1.7384115 secs] 1500425K->745274K(2010624K), [Metaspace: 9995K->9995K(10240K)], 2.1966372 secs] [Times: user=2.22 sys=0.03, real=2.19 secs] 

*** PauseDetector detected a 2192 ms pause at Fri Dec 19 23:25:45 EET 2014 ***

[GC (Allocation Failure) [ParNew: 545344K->68096K(613440K), 0.0585034 secs] 1290618K->855635K(2010624K), 0.0586509 secs] [Times: user=0.19 sys=0.00, real=0.06 secs] 
[GC (Allocation Failure) [ParNew: 613440K->20236K(613440K), 0.0424043 secs] 1400979K->870596K(2010624K), 0.0424537 secs] [Times: user=0.19 sys=0.00, real=0.04 secs] 
[GC (Allocation Failure) [ParNew: 565580K->68096K(613440K), 0.0598738 secs] 1415940K->962928K(2010624K), 0.0599322 secs] [Times: user=0.20 sys=0.00, real=0.05 secs] 
[GC (Allocation Failure) [ParNew: 613440K->19475K(613440K), 0.0404539 secs] 1508272K->974041K(2010624K), 0.0405713 secs] [Times: user=0.14 sys=0.00, real=0.04 secs] 
[GC (Allocation Failure) [ParNew: 564819K->68096K(613440K), 0.0557497 secs] 1519385K->1065388K(2010624K), 0.0557966 secs] [Times: user=0.19 sys=0.00, real=0.05 secs] 
[GC (Allocation Failure) [ParNew: 613440K->33137K(613440K), 0.0292648 secs] 1610732K->1091814K(2010624K), 0.0293104 secs] [Times: user=0.06 sys=0.00, real=0.03 secs] 
[GC (Allocation Failure) [ParNew: 578481K->68096K(613440K), 0.0548400 secs] 1637158K->1168713K(2010624K), 0.0548913 secs] [Times: user=0.19 sys=0.00, real=0.05 secs] 
[GC (Allocation Failure) [ParNew: 613440K->20075K(613440K), 0.0389501 secs] 1714057K->1182808K(2010624K), 0.0390316 secs] [Times: user=0.13 sys=0.00, real=0.04 secs] 
[GC (CMS Initial Mark) [1 CMS-initial-mark: 1162732K(1397184K)] 1193821K(2010624K), 0.0038033 secs] [Times: user=0.00 sys=0.00, real=0.00 secs] 
[CMS-concurrent-mark-start]
[CMS-concurrent-mark: 1.143/1.143 secs] [Times: user=3.65 sys=0.00, real=1.15 secs] 
[CMS-concurrent-preclean-start]
[CMS-concurrent-preclean: 0.071/0.075 secs] [Times: user=0.13 sys=0.00, real=0.08 secs] 
[CMS-concurrent-abortable-preclean-start]
[GC (Allocation Failure) [ParNew[CMS-concurrent-abortable-preclean: 0.057/0.378 secs] [Times: user=0.66 sys=0.00, real=0.38 secs] 
: 565419K->68096K(613440K), 0.0553654 secs] 1728152K->1272433K(2010624K), 0.0554861 secs] [Times: user=0.27 sys=0.00, real=0.05 secs] 
[GC (CMS Final Remark) [YG occupancy: 79030 K (613440 K)][Rescan (parallel) , 0.0250503 secs][weak refs processing, 0.0000186 secs][class unloading, 0.0071998 secs][scrub symbol table, 0.0011850 secs][scrub string table, 0.0003785 secs][1 CMS-remark: 1204337K(1397184K)] 1283367K(2010624K), 0.0348170 secs] [Times: user=0.16 sys=0.00, real=0.04 secs] 
[CMS-concurrent-sweep-start]
[CMS-concurrent-sweep: 0.538/0.538 secs] [Times: user=1.09 sys=0.00, real=0.54 secs] 
[CMS-concurrent-reset-start]
[CMS-concurrent-reset: 0.003/0.003 secs] [Times: user=0.00 sys=0.00, real=0.00 secs] 
[GC (Allocation Failure) [ParNew: 613440K->33440K(613440K), 0.0286598 secs] 1291657K->773394K(2010624K), 0.0287734 secs] [Times: user=0.06 sys=0.00, real=0.03 secs] 
[GC (Allocation Failure) [ParNew: 578784K->68096K(613440K), 0.0539405 secs] 1318738K->848803K(2010624K), 0.0540290 secs] [Times: user=0.19 sys=0.00, real=0.05 secs] 
[GC (Allocation Failure) [ParNew: 613440K->20247K(613440K), 0.0275031 secs] 1394147K->863466K(2010624K), 0.0276590 secs] [Times: user=0.13 sys=0.00, real=0.03 secs] 
[GC (Allocation Failure) [ParNew: 565591K->68096K(613440K), 0.0562515 secs] 1408810K->951089K(2010624K), 0.0562989 secs] [Times: user=0.19 sys=0.00, real=0.05 secs] 
[GC (Allocation Failure) [ParNew (0: promotion failure size = 109)  (1: promotion failure size = 109)  (2: promotion failure size = 1237)  (3: promotion failure size = 109)  (4: promotion failure size = 109)  (5: promotion failure size = 109)  (6: promotion failure size = 109)  (7: promotion failure size = 109)  (promotion failed): 613440K->579590K(613440K), 1.9445659 secs][CMS: 908878K->744193K(1397184K), 1.8454514 secs] 1496433K->744193K(2010624K), [Metaspace: 9995K->9995K(10240K)], 3.7900834 secs] [Times: user=3.81 sys=0.33, real=3.78 secs] 

*** PauseDetector detected a 3785 ms pause at Fri Dec 19 23:26:10 EET 2014 ***

[GC (Allocation Failure) [ParNew: 545344K->68096K(613440K), 0.0509738 secs] 1289537K->853106K(2010624K), 0.0510252 secs] [Times: user=0.19 sys=0.00, real=0.05 secs] 
[GC (Allocation Failure) [ParNew: 613440K->27095K(613440K), 0.0288337 secs] 1398450K->875039K(2010624K), 0.0289813 secs] [Times: user=0.06 sys=0.00, real=0.03 secs] 
[GC (Allocation Failure) [ParNew: 572439K->68096K(613440K), 0.1613852 secs] 1420383K->984115K(2010624K), 0.1614442 secs] [Times: user=0.80 sys=0.00, real=0.16 secs] 
[GC (Allocation Failure) [ParNew: 613440K->34221K(613440K), 0.0849273 secs] 1529459K->1014742K(2010624K), 0.0849787 secs] [Times: user=0.38 sys=0.00, real=0.09 secs] 
[GC (Allocation Failure) [ParNew: 579565K->68096K(613440K), 0.1899244 secs] 1560086K->1105915K(2010624K), 0.1899745 secs] [Times: user=0.90 sys=0.00, real=0.19 secs] 
[GC (Allocation Failure) [ParNew: 613440K->34170K(613440K), 0.0723582 secs] 1651259K->1135654K(2010624K), 0.0724666 secs] [Times: user=0.30 sys=0.00, real=0.07 secs] 
[GC (Allocation Failure) [ParNew: 579514K->68096K(613440K), 0.1589832 secs] 1680998K->1223861K(2010624K), 0.1590313 secs] [Times: user=0.76 sys=0.00, real=0.16 secs] 
[GC (Allocation Failure) [ParNew: 613440K->41068K(613440K), 0.0708473 secs] 1769205K->1260599K(2010624K), 0.0708903 secs] [Times: user=0.28 sys=0.00, real=0.07 secs] 
[GC (CMS Initial Mark) [1 CMS-initial-mark: 1219531K(1397184K)] 1271534K(2010624K), 0.0048991 secs] [Times: user=0.02 sys=0.00, real=0.00 secs] 
[CMS-concurrent-mark-start]
[CMS-concurrent-mark: 1.186/1.186 secs] [Times: user=4.15 sys=0.00, real=1.19 secs] 
[CMS-concurrent-preclean-start]
[CMS-concurrent-preclean: 0.251/0.264 secs] [Times: user=0.53 sys=0.00, real=0.26 secs] 
[CMS-concurrent-abortable-preclean-start]
[GC (Allocation Failure) [ParNew: 586412K->68096K(613440K), 0.1470986 secs] 1805943K->1337943K(2010624K), 0.1471448 secs] [Times: user=0.64 sys=0.00, real=0.15 secs] 
[Full GC (System.gc()) [CMS[CMS-concurrent-abortable-preclean: 1.103/1.761 secs] [Times: user=3.29 sys=0.00, real=1.76 secs] 
 (concurrent mode interrupted): 1269847K->753486K(1397184K), 2.2676225 secs] 1777726K->753486K(2010624K), [Metaspace: 9995K->9995K(10240K)]
*** PauseDetector detected a 2262 ms pause at Fri Dec 19 23:26:29 EET 2014 ***

, 2.2678984 secs] [Times: user=2.15 sys=0.00, real=2.26 secs] 
[Full GC (System.gc()) [CMS: 753486K->753336K(1397184K), 1.4903975 secs] 753488K->753336K(2010624K), [Metaspace: 9995K->9995K(10240K)], 1.4905958 secs] [Times: user=1.50 sys=0.00, real=1.50 secs] 
[Full GC (System.gc()) [CMS: 753336K->748823K(1397184K), 1.4600792 secs] 764240K->748823K(2010624K), [Metaspace: 9995K->9995K(10240K)]
*** PauseDetector detected a 1498 ms pause at Fri Dec 19 23:26:30 EET 2014 ***

, 1.4602576 secs] [Times: user=1.45 sys=0.00, real=1.46 secs] 

*** PauseDetector detected a 1467 ms pause at Fri Dec 19 23:26:32 EET 2014 ***

[GC (Allocation Failure) [ParNew: 545344K->68096K(613440K), 0.1341214 secs] 1294167K->875355K(2010624K), 0.1341895 secs] [Times: user=0.58 sys=0.00, real=0.13 secs] 
[GC (Allocation Failure) [ParNew: 613440K->36926K(613440K), 0.0496798 secs] 1420699K->900807K(2010624K), 0.0497362 secs] [Times: user=0.14 sys=0.00, real=0.05 secs] 
[GC (Allocation Failure) [ParNew: 582270K->68096K(613440K), 0.1185786 secs] 1446151K->979531K(2010624K), 0.1186370 secs] [Times: user=0.50 sys=0.00, real=0.11 secs] 
[GC (Allocation Failure) [ParNew: 613440K->13626K(613440K), 0.0635141 secs] 1524875K->988109K(2010624K), 0.0635750 secs] [Times: user=0.22 sys=0.00, real=0.05 secs] 
[GC (Allocation Failure) [ParNew: 558970K->68096K(613440K), 0.1155145 secs] 1533453K->1088943K(2010624K), 0.1155850 secs] [Times: user=0.45 sys=0.00, real=0.11 secs] 
[GC (Allocation Failure) [ParNew: 613440K->47865K(613440K), 0.0550235 secs] 1634287K->1132021K(2010624K), 0.0550735 secs] [Times: user=0.19 sys=0.00, real=0.05 secs] 
[Full GC (System.gc()) [CMS: 1084155K->695473K(1397184K), 1.7166095 secs] 1197894K->695473K(2010624K), [Metaspace: 9995K->9995K(10240K)], 1.7168693 secs] [Times: user=1.72 sys=0.00, real=1.71 secs] 
[Full GC (System.gc()) [CMS: 695473K->695482K(1397184K), 1.3527910 secs] 706453K->695482K(2010624K), [Metaspace: 9995K->9995K(10240K)], 1.3531093 secs] [Times: user=1.34 sys=0.00, real=1.35 secs] 
[Full GC (System.gc()) [CMS: 695482K->695488K(1397184K), 1.3670283 secs] 706462K->695488K(2010624K), [Metaspace: 9995K->9995K(10240K)]
*** PauseDetector detected a 1717 ms pause at Fri Dec 19 23:26:43 EET 2014 ***

, 1.3673548 secs] [Times: user=1.39 sys=0.00, real=1.38 secs] 
********************************
********** ROUND   10 **********
********************************

*** PauseDetector detected a 2735 ms pause at Fri Dec 19 23:26:46 EET 2014 ***

[GC (Allocation Failure) [ParNew: 545344K->59100K(613440K), 0.0265414 secs] 1240832K->754588K(2010624K), 0.0265856 secs] [Times: user=0.13 sys=0.00, real=0.03 secs] 
[GC (Allocation Failure) [ParNew: 604444K->28146K(613440K), 0.0570297 secs] 1299932K->774644K(2010624K), 0.0570791 secs] [Times: user=0.19 sys=0.00, real=0.05 secs] 
[GC (Allocation Failure) [ParNew: 573490K->68096K(613440K), 0.0845411 secs] 1319988K->859835K(2010624K), 0.0845892 secs] [Times: user=0.34 sys=0.00, real=0.08 secs] 
[GC (Allocation Failure) [ParNew: 613440K->20331K(613440K), 0.0420996 secs] 1405179K->876079K(2010624K), 0.0421522 secs] [Times: user=0.08 sys=0.00, real=0.03 secs] 
[GC (Allocation Failure) [ParNew: 565675K->68096K(613440K), 0.0782222 secs] 1421423K->967155K(2010624K), 0.0782710 secs] [Times: user=0.28 sys=0.02, real=0.07 secs] 
[GC (Allocation Failure) [ParNew: 613440K->34256K(613440K), 0.0492929 secs] 1512499K->996968K(2010624K), 0.0493430 secs] [Times: user=0.13 sys=0.00, real=0.04 secs] 
[GC (Allocation Failure) [ParNew: 579600K->68096K(613440K), 0.0788612 secs] 1542312K->1074585K(2010624K), 0.0789081 secs] [Times: user=0.31 sys=0.00, real=0.07 secs] 
[GC (Allocation Failure) [ParNew: 613440K->27116K(613440K), 0.0449668 secs] 1619929K->1096515K(2010624K), 0.0450560 secs] [Times: user=0.14 sys=0.00, real=0.05 secs] 
[GC (Allocation Failure) [ParNew: 572460K->68096K(613440K), 0.0761968 secs] 1641859K->1180872K(2010624K), 0.0762494 secs] [Times: user=0.25 sys=0.00, real=0.07 secs] 
[GC (Allocation Failure) [ParNew: 613440K->33944K(613440K), 0.0474843 secs] 1726216K->1209715K(2010624K), 0.0475318 secs] [Times: user=0.14 sys=0.00, real=0.05 secs] 
[GC (CMS Initial Mark) [1 CMS-initial-mark: 1175770K(1397184K)] 1209853K(2010624K), 0.0046418 secs] [Times: user=0.00 sys=0.00, real=0.01 secs] 
[CMS-concurrent-mark-start]
[CMS-concurrent-mark: 1.189/1.189 secs] [Times: user=3.92 sys=0.01, real=1.19 secs] 
[CMS-concurrent-preclean-start]
[CMS-concurrent-preclean: 0.112/0.118 secs] [Times: user=0.22 sys=0.00, real=0.12 secs] 
[CMS-concurrent-abortable-preclean-start]
[GC (Allocation Failure) [ParNew[CMS-concurrent-abortable-preclean: 0.065/0.364 secs] [Times: user=0.66 sys=0.00, real=0.37 secs] 
: 579288K->68096K(613440K), 0.0735862 secs] 1755059K->1287715K(2010624K), 0.0736426 secs] [Times: user=0.30 sys=0.00, real=0.07 secs] 
[GC (CMS Final Remark) [YG occupancy: 78999 K (613440 K)][Rescan (parallel) , 0.0371261 secs][weak refs processing, 0.0000154 secs][class unloading, 0.0061174 secs][scrub symbol table, 0.0010631 secs][scrub string table, 0.0003548 secs][1 CMS-remark: 1219619K(1397184K)] 1298618K(2010624K), 0.0456212 secs] [Times: user=0.16 sys=0.00, real=0.04 secs] 
[CMS-concurrent-sweep-start]
[CMS-concurrent-sweep: 0.620/0.620 secs] [Times: user=1.26 sys=0.00, real=0.63 secs] 
[CMS-concurrent-reset-start]
[CMS-concurrent-reset: 0.003/0.003 secs] [Times: user=0.00 sys=0.00, real=0.00 secs] 
[GC (Allocation Failure) [ParNew: 613440K->40261K(613440K), 0.0396430 secs] 1295092K->784040K(2010624K), 0.0397103 secs] [Times: user=0.13 sys=0.00, real=0.03 secs] 
[GC (Allocation Failure) [ParNew: 585605K->68096K(613440K), 0.0694487 secs] 1329384K->854129K(2010624K), 0.0695038 secs] [Times: user=0.30 sys=0.00, real=0.07 secs] 
[GC (Allocation Failure) [ParNew: 613440K->27346K(613440K), 0.0340330 secs] 1399473K->876964K(2010624K), 0.0340818 secs] [Times: user=0.08 sys=0.00, real=0.03 secs] 
[GC (Allocation Failure) [ParNew: 572690K->68096K(613440K), 0.0764605 secs] 1422308K->959785K(2010624K), 0.0765047 secs] [Times: user=0.25 sys=0.00, real=0.08 secs] 
[GC (Allocation Failure) [ParNew (0: promotion failure size = 2779)  (1: promotion failure size = 2779)  (2: promotion failure size = 2779)  (3: promotion failure size = 2779)  (4: promotion failure size = 2779)  (5: promotion failure size = 2779)  (6: promotion failure size = 2779)  (7: promotion failure size = 2779)  (promotion failed): 613440K->579621K(613440K), 1.0053463 secs][CMS: 947394K->746486K(1397184K), 1.7265610 secs] 1505129K->746486K(2010624K), [Metaspace: 9995K->9995K(10240K)], 2.7319874 secs] [Times: user=2.82 sys=0.13, real=2.73 secs] 

*** PauseDetector detected a 2735 ms pause at Fri Dec 19 23:27:13 EET 2014 ***

[GC (Allocation Failure) [ParNew: 545344K->68096K(613440K), 0.0616356 secs] 1291830K->856555K(2010624K), 0.0616971 secs] [Times: user=0.22 sys=0.00, real=0.06 secs] 
[GC (Allocation Failure) [ParNew: 613440K->20484K(613440K), 0.0326588 secs] 1401899K->872615K(2010624K), 0.0327043 secs] [Times: user=0.13 sys=0.00, real=0.03 secs] 
[GC (Allocation Failure) [ParNew: 565828K->68096K(613440K), 0.0621321 secs] 1417959K->962824K(2010624K), 0.0621790 secs] [Times: user=0.22 sys=0.00, real=0.06 secs] 
[GC (Allocation Failure) [ParNew: 613440K->26904K(613440K), 0.0332888 secs] 1508168K->983707K(2010624K), 0.0333376 secs] [Times: user=0.08 sys=0.00, real=0.03 secs] 
[GC (Allocation Failure) [ParNew: 572248K->68096K(613440K), 0.0600631 secs] 1529051K->1069637K(2010624K), 0.0601612 secs] [Times: user=0.25 sys=0.00, real=0.06 secs] 
[GC (Allocation Failure) [ParNew: 613440K->26058K(613440K), 0.0308021 secs] 1614981K->1087638K(2010624K), 0.0308508 secs] [Times: user=0.08 sys=0.00, real=0.03 secs] 
[GC (Allocation Failure) [ParNew: 571402K->68096K(613440K), 0.0606931 secs] 1632982K->1172070K(2010624K), 0.0607425 secs] [Times: user=0.22 sys=0.00, real=0.06 secs] 
[GC (Allocation Failure) [ParNew: 613440K->33442K(613440K), 0.0509482 secs] 1717414K->1199432K(2010624K), 0.0510123 secs] [Times: user=0.16 sys=0.00, real=0.05 secs] 
[GC (CMS Initial Mark) [1 CMS-initial-mark: 1165989K(1397184K)] 1199432K(2010624K), 0.0046457 secs] [Times: user=0.00 sys=0.00, real=0.00 secs] 
[CMS-concurrent-mark-start]
[CMS-concurrent-mark: 1.362/1.362 secs] [Times: user=4.35 sys=0.00, real=1.36 secs] 
[CMS-concurrent-preclean-start]
[CMS-concurrent-preclean: 0.115/0.121 secs] [Times: user=0.27 sys=0.00, real=0.12 secs] 
[CMS-concurrent-abortable-preclean-start]
[GC (Allocation Failure) [ParNew[CMS-concurrent-abortable-preclean: 0.030/0.132 secs] [Times: user=0.39 sys=0.00, real=0.13 secs] 
: 578786K->68096K(613440K), 0.0847297 secs] 1744776K->1274820K(2010624K), 0.0847952 secs] [Times: user=0.36 sys=0.00, real=0.09 secs] 
[GC (CMS Final Remark) [YG occupancy: 78999 K (613440 K)][Rescan (parallel) , 0.0337944 secs][weak refs processing, 0.0000488 secs][class unloading, 0.0110441 secs][scrub symbol table, 0.0018516 secs][scrub string table, 0.0005396 secs][1 CMS-remark: 1206724K(1397184K)] 1285724K(2010624K), 0.0485570 secs] [Times: user=0.20 sys=0.00, real=0.05 secs] 
[CMS-concurrent-sweep-start]
[CMS-concurrent-sweep: 0.769/0.769 secs] [Times: user=1.58 sys=0.00, real=0.77 secs] 
[CMS-concurrent-reset-start]
[CMS-concurrent-reset: 0.003/0.003 secs] [Times: user=0.00 sys=0.00, real=0.00 secs] 
[GC (Allocation Failure) [ParNew: 613440K->20505K(613440K), 0.0361862 secs] 1291050K->761528K(2010624K), 0.0362356 secs] [Times: user=0.14 sys=0.00, real=0.04 secs] 
[GC (Allocation Failure) [ParNew: 565849K->68096K(613440K), 0.0591578 secs] 1306872K->851924K(2010624K), 0.0592239 secs] [Times: user=0.25 sys=0.00, real=0.06 secs] 
[GC (Allocation Failure) [ParNew: 613440K->39905K(613440K), 0.0304113 secs] 1397268K->884976K(2010624K), 0.0304749 secs] [Times: user=0.09 sys=0.00, real=0.03 secs] 
[GC (Allocation Failure) [ParNew: 585249K->68096K(613440K), 0.0652810 secs] 1430320K->953641K(2010624K), 0.0653272 secs] [Times: user=0.27 sys=0.00, real=0.07 secs] 
[GC (Allocation Failure) [ParNew (0: promotion failure size = 93)  (1: promotion failure size = 93)  (2: promotion failure size = 93)  (3: promotion failure size = 93)  (4: promotion failure size = 93)  (5: promotion failure size = 93)  (6: promotion failure size = 1854)  (7: promotion failure size = 93)  (promotion failed): 613440K->586339K(613440K), 1.7693220 secs][CMS: 911195K->744943K(1397184K), 2.5020870 secs] 1498985K->744943K(2010624K), [Metaspace: 9995K->9995K(10240K)]
*** PauseDetector detected a 4266 ms pause at Fri Dec 19 23:27:38 EET 2014 ***

, 4.2715059 secs] [Times: user=4.29 sys=0.22, real=4.26 secs] 
[GC (Allocation Failure) [ParNew: 545344K->68096K(613440K), 0.0509116 secs] 1290287K->853914K(2010624K), 0.0509726 secs] [Times: user=0.30 sys=0.00, real=0.05 secs] 
[GC (Allocation Failure) [ParNew: 613440K->41061K(613440K), 0.0300347 secs] 1399258K->890562K(2010624K), 0.0301380 secs] [Times: user=0.19 sys=0.00, real=0.03 secs] 
[GC (Allocation Failure) [ParNew: 586405K->68096K(613440K), 0.0604409 secs] 1435906K->957519K(2010624K), 0.0605205 secs] [Times: user=0.31 sys=0.00, real=0.06 secs] 
[GC (Allocation Failure) [ParNew: 613440K->47909K(613440K), 0.0379845 secs] 1502863K->1000947K(2010624K), 0.0380358 secs] [Times: user=0.17 sys=0.00, real=0.04 secs] 
[GC (Allocation Failure) [ParNew: 593253K->68096K(613440K), 0.0548419 secs] 1546291K->1060963K(2010624K), 0.0549016 secs] [Times: user=0.26 sys=0.00, real=0.06 secs] 
[GC (Allocation Failure) [ParNew: 613440K->41047K(613440K), 0.0334563 secs] 1606307K->1097442K(2010624K), 0.0335134 secs] [Times: user=0.20 sys=0.00, real=0.03 secs] 
[GC (Allocation Failure) [ParNew: 586391K->68096K(613440K), 0.0543056 secs] 1642786K->1165140K(2010624K), 0.0543556 secs] [Times: user=0.23 sys=0.00, real=0.05 secs] 
[GC (Allocation Failure) [ParNew: 613440K->27047K(613440K), 0.0286560 secs] 1710484K->1186700K(2010624K), 0.0287028 secs] [Times: user=0.13 sys=0.00, real=0.03 secs] 
[GC (CMS Initial Mark) [1 CMS-initial-mark: 1159652K(1397184K)] 1197686K(2010624K), 0.0027530 secs] [Times: user=0.00 sys=0.00, real=0.00 secs] 
[CMS-concurrent-mark-start]
[CMS-concurrent-mark: 1.231/1.231 secs] [Times: user=3.91 sys=0.00, real=1.23 secs] 
[CMS-concurrent-preclean-start]
[CMS-concurrent-preclean: 0.075/0.079 secs] [Times: user=0.16 sys=0.00, real=0.08 secs] 
[CMS-concurrent-abortable-preclean-start]
[GC (Allocation Failure) [ParNew[CMS-concurrent-abortable-preclean: 0.046/0.245 secs] [Times: user=0.38 sys=0.00, real=0.24 secs] 
: 572391K->68096K(613440K), 0.0576315 secs] 1732044K->1268050K(2010624K), 0.0576899 secs] [Times: user=0.28 sys=0.00, real=0.06 secs] 
[GC (CMS Final Remark) [YG occupancy: 78997 K (613440 K)][Rescan (parallel) , 0.0223551 secs][weak refs processing, 0.0000218 secs][class unloading, 0.0098751 secs][scrub symbol table, 0.0015552 secs][scrub string table, 0.0003683 secs][1 CMS-remark: 1199954K(1397184K)] 1278952K(2010624K), 0.0353746 secs] [Times: user=0.14 sys=0.00, real=0.03 secs] 
[CMS-concurrent-sweep-start]
[CMS-concurrent-sweep: 0.556/0.556 secs] [Times: user=1.12 sys=0.00, real=0.56 secs] 
[CMS-concurrent-reset-start]
[CMS-concurrent-reset: 0.003/0.003 secs] [Times: user=0.00 sys=0.00, real=0.00 secs] 
[GC (Allocation Failure) [ParNew: 613440K->33975K(613440K), 0.0339933 secs] 1290063K->773462K(2010624K), 0.0340420 secs] [Times: user=0.11 sys=0.00, real=0.03 secs] 
[GC (Allocation Failure) [ParNew: 579319K->68096K(613440K), 0.1766720 secs] 1318806K->875376K(2010624K), 0.1767182 secs] [Times: user=0.69 sys=0.00, real=0.18 secs] 
[GC (Allocation Failure) [ParNew: 613440K->34073K(613440K), 0.0925422 secs] 1420720K->906203K(2010624K), 0.0925884 secs] [Times: user=0.33 sys=0.00, real=0.09 secs] 
[GC (Allocation Failure) [ParNew: 579417K->68096K(613440K), 0.1948832 secs] 1451547K->997164K(2010624K), 0.1949287 secs] [Times: user=0.90 sys=0.00, real=0.20 secs] 
[GC (Allocation Failure) [ParNew (0: promotion failure size = 9372)  (1: promotion failure size = 9372)  (2: promotion failure size = 9372)  (3: promotion failure size = 9372)  (4: promotion failure size = 9372)  (5: promotion failure size = 9372)  (6: promotion failure size = 9372)  (7: promotion failure size = 9372)  (promotion failed): 613440K->559023K(613440K), 0.2173794 secs][CMS: 989370K->760566K(1397184K), 2.3312713 secs] 1542508K->760566K(2010624K), [Metaspace: 9995K->9995K(10240K)]
*** PauseDetector detected a 2542 ms pause at Fri Dec 19 23:28:02 EET 2014 ***

, 2.5487213 secs] [Times: user=2.75 sys=0.00, real=2.54 secs] 
[GC (Allocation Failure) [ParNew: 545344K->68096K(613440K), 0.1553698 secs] 1305910K->885379K(2010624K), 0.1554141 secs] [Times: user=0.75 sys=0.00, real=0.15 secs] 
[GC (Allocation Failure) [ParNew: 613440K->34351K(613440K), 0.0644662 secs] 1430723K->916333K(2010624K), 0.0645130 secs] [Times: user=0.22 sys=0.00, real=0.06 secs] 
[GC (Allocation Failure) [ParNew: 579695K->68096K(613440K), 0.1430541 secs] 1461677K->1002280K(2010624K), 0.1431978 secs] [Times: user=0.58 sys=0.00, real=0.14 secs] 
[GC (Allocation Failure) [ParNew: 613440K->26706K(613440K), 0.0597384 secs] 1547624K->1022799K(2010624K), 0.0597891 secs] [Times: user=0.20 sys=0.00, real=0.06 secs] 
[GC (Allocation Failure) [ParNew: 572050K->68096K(613440K), 0.1340785 secs] 1568143K->1113198K(2010624K), 0.1341259 secs] [Times: user=0.51 sys=0.02, real=0.13 secs] 
[GC (Allocation Failure) [ParNew: 613440K->27368K(613440K), 0.0658141 secs] 1658542K->1136190K(2010624K), 0.0658661 secs] [Times: user=0.25 sys=0.00, real=0.06 secs] 
[GC (Allocation Failure) [ParNew: 572712K->68096K(613440K), 0.1183252 secs] 1681534K->1223379K(2010624K), 0.1184465 secs] [Times: user=0.50 sys=0.00, real=0.11 secs] 
[GC (Allocation Failure) [ParNew: 613440K->20570K(613440K), 0.0526464 secs] 1768723K->1239527K(2010624K), 0.0526939 secs] [Times: user=0.19 sys=0.00, real=0.05 secs] 
[GC (CMS Initial Mark) [1 CMS-initial-mark: 1218956K(1397184K)] 1239527K(2010624K), 0.0051929 secs] [Times: user=0.00 sys=0.00, real=0.00 secs] 
[CMS-concurrent-mark-start]
[CMS-concurrent-mark: 1.262/1.262 secs] [Times: user=4.26 sys=0.00, real=1.27 secs] 
[CMS-concurrent-preclean-start]
[CMS-concurrent-preclean: 0.180/0.193 secs] [Times: user=0.36 sys=0.00, real=0.19 secs] 
[CMS-concurrent-abortable-preclean-start]
[GC (Allocation Failure) [ParNew[CMS-concurrent-abortable-preclean: 0.052/0.346 secs] [Times: user=0.73 sys=0.00, real=0.34 secs] 
: 565914K->68096K(613440K), 0.1133106 secs] 1784871K->1334636K(2010624K), 0.1133600 secs] [Times: user=0.44 sys=0.00, real=0.11 secs] 
[GC (CMS Final Remark) [YG occupancy: 78997 K (613440 K)][Rescan (parallel) , 0.0614533 secs][weak refs processing, 0.0000199 secs][class unloading, 0.0069682 secs][scrub symbol table, 0.0016065 secs][scrub string table, 0.0005325 secs][1 CMS-remark: 1266540K(1397184K)] 1345538K(2010624K), 0.0717821 secs] [Times: user=0.36 sys=0.00, real=0.07 secs] 
[CMS-concurrent-sweep-start]
[CMS-concurrent-sweep: 0.870/0.870 secs] [Times: user=1.75 sys=0.00, real=0.87 secs] 
[CMS-concurrent-reset-start]
[CMS-concurrent-reset: 0.003/0.003 secs] [Times: user=0.03 sys=0.00, real=0.00 secs] 
[GC (Allocation Failure) [ParNew: 613440K->20072K(613440K), 0.0465649 secs] 1300157K->768722K(2010624K), 0.0466098 secs] [Times: user=0.13 sys=0.00, real=0.04 secs] 
[GC (Allocation Failure) [ParNew: 565416K->68096K(613440K), 0.1019753 secs] 1314066K->861929K(2010624K), 0.1020292 secs] [Times: user=0.41 sys=0.00, real=0.10 secs] 
[GC (Allocation Failure) [ParNew: 613440K->34235K(613440K), 0.0484679 secs] 1407273K->891625K(2010624K), 0.0485153 secs] [Times: user=0.11 sys=0.02, real=0.04 secs] 
[GC (Allocation Failure) [ParNew (0: promotion failure size = 4167)  (1: promotion failure size = 4167)  (2: promotion failure size = 4167)  (3: promotion failure size = 4167)  (4: promotion failure size = 4167)  (5: promotion failure size = 4167)  (6: promotion failure size = 4167)  (7: promotion failure size = 4167)  (promotion failed): 579579K->613440K(613440K), 1.2607044 secs][CMS: 893580K->747931K(1397184K), 2.2304778 secs] 1436969K->747931K(2010624K), [Metaspace: 9995K->9995K(10240K)], 3.4912508 secs] [Times: user=4.02 sys=0.17, real=3.48 secs] 

*** PauseDetector detected a 3484 ms pause at Fri Dec 19 23:28:27 EET 2014 ***

[GC (Allocation Failure) [ParNew: 545344K->27371K(613440K), 0.0072761 secs] 1293275K->775303K(2010624K), 0.0073223 secs] [Times: user=0.06 sys=0.00, real=0.01 secs] 
[GC (Allocation Failure) [ParNew: 572715K->68096K(613440K), 0.0828493 secs] 1320647K->860396K(2010624K), 0.0829006 secs] [Times: user=0.31 sys=0.00, real=0.08 secs] 
[GC (Allocation Failure) [ParNew: 613440K->27371K(613440K), 0.0474253 secs] 1405740K->883692K(2010624K), 0.0474773 secs] [Times: user=0.19 sys=0.00, real=0.05 secs] 
[GC (Allocation Failure) [ParNew: 572715K->68096K(613440K), 0.0767376 secs] 1429036K->968540K(2010624K), 0.0767812 secs] [Times: user=0.34 sys=0.00, real=0.08 secs] 
[GC (Allocation Failure) [ParNew: 613440K->33831K(613440K), 0.0383816 secs] 1513884K->997117K(2010624K), 0.0384253 secs] [Times: user=0.13 sys=0.00, real=0.03 secs] 
[GC (Allocation Failure) [ParNew: 579175K->68096K(613440K), 0.0746223 secs] 1542461K->1075356K(2010624K), 0.0746782 secs] [Times: user=0.28 sys=0.00, real=0.07 secs] 
[GC (Allocation Failure) [ParNew: 613440K->33609K(613440K), 0.0414760 secs] 1620700K->1103419K(2010624K), 0.0415260 secs] [Times: user=0.13 sys=0.00, real=0.03 secs] 
[GC (Allocation Failure) [ParNew: 578953K->68096K(613440K), 0.0718879 secs] 1648763K->1182861K(2010624K), 0.0719681 secs] [Times: user=0.28 sys=0.00, real=0.07 secs] 
[GC (Allocation Failure) [ParNew: 613440K->26481K(613440K), 0.0446716 secs] 1728205K->1202440K(2010624K), 0.0447178 secs] [Times: user=0.13 sys=0.00, real=0.04 secs] 
[GC (CMS Initial Mark) [1 CMS-initial-mark: 1175959K(1397184K)] 1213422K(2010624K), 0.0041516 secs] [Times: user=0.00 sys=0.00, real=0.00 secs] 
[CMS-concurrent-mark-start]
[CMS-concurrent-mark: 1.201/1.201 secs] [Times: user=3.84 sys=0.00, real=1.20 secs] 
[CMS-concurrent-preclean-start]
[CMS-concurrent-preclean: 0.098/0.104 secs] [Times: user=0.22 sys=0.00, real=0.11 secs] 
[CMS-concurrent-abortable-preclean-start]
[GC (Allocation Failure) [ParNew[CMS-concurrent-abortable-preclean: 0.048/0.306 secs] [Times: user=0.50 sys=0.00, real=0.31 secs] 
: 571825K->68096K(613440K), 0.0741213 secs] 1747784K->1287374K(2010624K), 0.0741957 secs] [Times: user=0.30 sys=0.00, real=0.07 secs] 
[GC (CMS Final Remark) [YG occupancy: 68098 K (613440 K)][Rescan (parallel) , 0.0372826 secs][weak refs processing, 0.0000199 secs][class unloading, 0.0069707 secs][scrub symbol table, 0.0010644 secs][scrub string table, 0.0003529 secs][1 CMS-remark: 1219278K(1397184K)] 1287376K(2010624K), 0.0466496 secs] [Times: user=0.16 sys=0.00, real=0.04 secs] 
[CMS-concurrent-sweep-start]
[CMS-concurrent-sweep: 0.636/0.636 secs] [Times: user=1.30 sys=0.00, real=0.64 secs] 
[CMS-concurrent-reset-start]
[CMS-concurrent-reset: 0.003/0.003 secs] [Times: user=0.00 sys=0.00, real=0.00 secs] 
[GC (Allocation Failure) [ParNew: 613440K->40455K(613440K), 0.0346913 secs] 1294469K->783911K(2010624K), 0.0348068 secs] [Times: user=0.08 sys=0.00, real=0.03 secs] 
[GC (Allocation Failure) [ParNew: 585799K->68096K(613440K), 0.0681161 secs] 1329255K->853692K(2010624K), 0.0681674 secs] [Times: user=0.26 sys=0.00, real=0.07 secs] 
[GC (Allocation Failure) [ParNew: 613440K->27343K(613440K), 0.0350249 secs] 1399036K->876360K(2010624K), 0.0350955 secs] [Times: user=0.11 sys=0.00, real=0.03 secs] 
[GC (Allocation Failure) [ParNew: 572687K->68096K(613440K), 0.0760415 secs] 1421704K->958322K(2010624K), 0.0760903 secs] [Times: user=0.28 sys=0.00, real=0.07 secs] 
[GC (Allocation Failure) [ParNew (0: promotion failure size = 1854)  (1: promotion failure size = 1854)  (2: promotion failure size = 1854)  (3: promotion failure size = 1854)  (4: promotion failure size = 1854)  (5: promotion failure size = 1854)  (6: promotion failure size = 1854)  (7: promotion failure size = 1854)  (promotion failed): 613440K->593331K(613440K), 0.3809607 secs][CMS: 953132K->745615K(1397184K), 2.1254852 secs] 1503666K->745615K(2010624K), [Metaspace: 9995K->9995K(10240K)], 2.5065139 secs] [Times: user=2.54 sys=0.00, real=2.50 secs] 

*** PauseDetector detected a 2503 ms pause at Fri Dec 19 23:28:52 EET 2014 ***

[GC (Allocation Failure) [ParNew: 545344K->68096K(613440K), 0.0607271 secs] 1290959K->857105K(2010624K), 0.0607784 secs] [Times: user=0.22 sys=0.00, real=0.06 secs] 
[GC (Allocation Failure) [ParNew: 613440K->26728K(613440K), 0.0328737 secs] 1402449K->877889K(2010624K), 0.0329141 secs] [Times: user=0.06 sys=0.00, real=0.03 secs] 
[GC (Allocation Failure) [ParNew: 572072K->68096K(613440K), 0.0599232 secs] 1423233K->962189K(2010624K), 0.0599668 secs] [Times: user=0.30 sys=0.00, real=0.06 secs] 
[GC (Allocation Failure) [ParNew: 613440K->26648K(613440K), 0.0311151 secs] 1507533K->982390K(2010624K), 0.0311652 secs] [Times: user=0.14 sys=0.00, real=0.03 secs] 
[GC (Allocation Failure) [ParNew: 571992K->68096K(613440K), 0.0597718 secs] 1527734K->1067363K(2010624K), 0.0598199 secs] [Times: user=0.22 sys=0.00, real=0.06 secs] 
[GC (Allocation Failure) [ParNew: 613440K->26377K(613440K), 0.0421907 secs] 1612707K->1086641K(2010624K), 0.0422375 secs] [Times: user=0.17 sys=0.00, real=0.04 secs] 
[GC (Allocation Failure) [ParNew: 571721K->68096K(613440K), 0.0583783 secs] 1631985K->1169091K(2010624K), 0.0584232 secs] [Times: user=0.22 sys=0.00, real=0.06 secs] 
[GC (Allocation Failure) [ParNew: 613440K->27361K(613440K), 0.0319999 secs] 1714435K->1191815K(2010624K), 0.0320486 secs] [Times: user=0.08 sys=0.00, real=0.03 secs] 
[GC (CMS Initial Mark) [1 CMS-initial-mark: 1164454K(1397184K)] 1202719K(2010624K), 0.0052827 secs] [Times: user=0.00 sys=0.00, real=0.00 secs] 
[CMS-concurrent-mark-start]
[CMS-concurrent-mark: 1.256/1.256 secs] [Times: user=4.10 sys=0.00, real=1.26 secs] 
[CMS-concurrent-preclean-start]
[CMS-concurrent-preclean: 0.077/0.081 secs] [Times: user=0.14 sys=0.00, real=0.08 secs] 
[CMS-concurrent-abortable-preclean-start]
[GC (Allocation Failure) [ParNew[CMS-concurrent-abortable-preclean: 0.040/0.250 secs] [Times: user=0.48 sys=0.00, real=0.25 secs] 
: 572705K->68096K(613440K), 0.0564471 secs] 1737159K->1273576K(2010624K), 0.0565023 secs] [Times: user=0.25 sys=0.00, real=0.06 secs] 
[GC (CMS Final Remark) [YG occupancy: 78999 K (613440 K)][Rescan (parallel) , 0.0269096 secs][weak refs processing, 0.0000192 secs][class unloading, 0.0064177 secs][scrub symbol table, 0.0010798 secs][scrub string table, 0.0003535 secs][1 CMS-remark: 1205480K(1397184K)] 1284480K(2010624K), 0.0357371 secs] [Times: user=0.22 sys=0.00, real=0.03 secs] 
[CMS-concurrent-sweep-start]
[CMS-concurrent-sweep: 0.552/0.552 secs] [Times: user=1.14 sys=0.00, real=0.56 secs] 
[CMS-concurrent-reset-start]
[CMS-concurrent-reset: 0.003/0.003 secs] [Times: user=0.00 sys=0.00, real=0.00 secs] 
[GC (Allocation Failure) [ParNew: 613440K->20462K(613440K), 0.0311222 secs] 1291196K->761358K(2010624K), 0.0311729 secs] [Times: user=0.06 sys=0.00, real=0.03 secs] 
[GC (Allocation Failure) [ParNew: 565806K->68096K(613440K), 0.0563772 secs] 1306702K->850505K(2010624K), 0.0564561 secs] [Times: user=0.20 sys=0.00, real=0.05 secs] 
[GC (Allocation Failure) [ParNew: 613440K->20281K(613440K), 0.0294098 secs] 1395849K->865133K(2010624K), 0.0294624 secs] [Times: user=0.08 sys=0.00, real=0.03 secs] 
[GC (Allocation Failure) [ParNew: 565625K->68096K(613440K), 0.0626185 secs] 1410477K->953417K(2010624K), 0.0626980 secs] [Times: user=0.20 sys=0.00, real=0.06 secs] 
[GC (Allocation Failure) [ParNew (0: promotion failure size = 97)  (1: promotion failure size = 97)  (2: promotion failure size = 97)  (3: promotion failure size = 97)  (4: promotion failure size = 97)  (5: promotion failure size = 97)  (6: promotion failure size = 97)  (7: promotion failure size = 97)  (promotion failed): 613440K->579596K(613440K), 2.5513357 secs][CMS: 901847K->744882K(1397184K), 1.9667490 secs] 1498761K->744882K(2010624K), [Metaspace: 9995K->9995K(10240K)], 4.5181515 secs] [Times: user=4.51 sys=1.01, real=4.51 secs] 

*** PauseDetector detected a 4517 ms pause at Fri Dec 19 23:29:18 EET 2014 ***

[GC (Allocation Failure) [ParNew: 545344K->68096K(613440K), 0.0525945 secs] 1290226K->853290K(2010624K), 0.0526496 secs] [Times: user=0.26 sys=0.00, real=0.05 secs] 
[Full GC (System.gc()) [CMS: 785194K->742054K(1397184K), 1.5454499 secs] 1182618K->742054K(2010624K), [Metaspace: 9995K->9995K(10240K)], 1.5457155 secs] [Times: user=1.54 sys=0.00, real=1.54 secs] 
[Full GC (System.gc()) [CMS: 742054K->742055K(1397184K), 1.4654916 secs] 752933K->742055K(2010624K), [Metaspace: 9995K->9995K(10240K)], 1.4658059 secs] [Times: user=1.47 sys=0.00, real=1.46 secs] 
[Full GC (System.gc()) [CMS: 742055K->742055K(1397184K), 1.7438867 secs] 742055K->742055K(2010624K), [Metaspace: 9995K->9995K(10240K)]
*** PauseDetector detected a 1543 ms pause at Fri Dec 19 23:29:22 EET 2014 ***

, 1.7440863 secs] [Times: user=1.75 sys=0.00, real=1.75 secs] 

*** PauseDetector detected a 3223 ms pause at Fri Dec 19 23:29:25 EET 2014 ***

[GC (Allocation Failure) [ParNew: 545344K->68096K(613440K), 0.0603960 secs] 1287399K->851934K(2010624K), 0.0604660 secs] [Times: user=0.19 sys=0.00, real=0.06 secs] 
[GC (Allocation Failure) [ParNew: 613440K->31810K(613440K), 0.0494867 secs] 1397278K->877940K(2010624K), 0.0495457 secs] [Times: user=0.16 sys=0.00, real=0.05 secs] 
[GC (Allocation Failure) [ParNew: 577154K->68096K(613440K), 0.0562951 secs] 1423284K->957579K(2010624K), 0.0563567 secs] [Times: user=0.17 sys=0.00, real=0.06 secs] 
[GC (Allocation Failure) [ParNew: 613440K->26354K(613440K), 0.0319376 secs] 1502923K->975929K(2010624K), 0.0320031 secs] [Times: user=0.13 sys=0.00, real=0.03 secs] 
[GC (Allocation Failure) [ParNew: 571698K->68096K(613440K), 0.0586574 secs] 1521273K->1060371K(2010624K), 0.0587119 secs] [Times: user=0.25 sys=0.00, real=0.06 secs] 
[GC (Allocation Failure) [ParNew: 613440K->19696K(613440K), 0.0276795 secs] 1605715K->1072527K(2010624K), 0.0277263 secs] [Times: user=0.06 sys=0.00, real=0.03 secs] 
[Full GC (System.gc()) [CMS: 1052831K->764150K(1397184K), 1.9754995 secs] 1401303K->764150K(2010624K), [Metaspace: 9995K->9995K(10240K)]
*** PauseDetector detected a 1976 ms pause at Fri Dec 19 23:29:37 EET 2014 ***

, 1.9757555 secs] [Times: user=1.98 sys=0.00, real=1.97 secs] 
[Full GC (System.gc()) [CMS: 764150K->764162K(1397184K), 1.8698371 secs] 775086K->764162K(2010624K), [Metaspace: 9995K->9995K(10240K)]
*** PauseDetector detected a 1866 ms pause at Fri Dec 19 23:29:39 EET 2014 ***

, 1.8700039 secs] [Times: user=1.86 sys=0.00, real=1.87 secs] 
[Full GC (System.gc()) [CMS: 764162K->764162K(1397184K), 1.6963967 secs] 775099K->764162K(2010624K), [Metaspace: 9995K->9995K(10240K)]
*** PauseDetector detected a 1704 ms pause at Fri Dec 19 23:29:40 EET 2014 ***

, 1.6966206 secs] [Times: user=1.72 sys=0.00, real=1.70 secs] 
********************************
********** ROUND   11 **********
********************************
[GC (Allocation Failure) [ParNew: 545344K->7298K(613440K), 0.0077631 secs] 1309506K->771460K(2010624K), 0.0078086 secs] [Times: user=0.00 sys=0.00, real=0.01 secs] 
[GC (Allocation Failure) [ParNew: 552642K->68096K(613440K), 0.1916567 secs] 1316804K->892104K(2010624K), 0.1917093 secs] [Times: user=1.00 sys=0.00, real=0.19 secs] 
[GC (Allocation Failure) [ParNew: 613440K->33143K(613440K), 0.0943886 secs] 1437448K->922008K(2010624K), 0.0944964 secs] [Times: user=0.37 sys=0.00, real=0.09 secs] 
[GC (Allocation Failure) [ParNew: 578487K->68096K(613440K), 0.1641953 secs] 1467352K->1011381K(2010624K), 0.1642556 secs] [Times: user=0.73 sys=0.00, real=0.16 secs] 
[GC (Allocation Failure) [ParNew: 613440K->27305K(613440K), 0.0636860 secs] 1556725K->1034568K(2010624K), 0.0637374 secs] [Times: user=0.20 sys=0.00, real=0.06 secs] 
[GC (Allocation Failure) [ParNew: 572649K->68096K(613440K), 0.1367872 secs] 1579912K->1125582K(2010624K), 0.1368372 secs] [Times: user=0.72 sys=0.00, real=0.14 secs] 
[GC (Allocation Failure) [ParNew: 613440K->27405K(613440K), 0.0703597 secs] 1670926K->1148468K(2010624K), 0.0704085 secs] [Times: user=0.22 sys=0.00, real=0.07 secs] 
[GC (Allocation Failure) [ParNew: 572749K->68096K(613440K), 0.1353353 secs] 1693812K->1238187K(2010624K), 0.1353956 secs] [Times: user=0.59 sys=0.00, real=0.13 secs] 
[GC (Allocation Failure) [ParNew: 613440K->13697K(613440K), 0.0560070 secs] 1783531K->1247403K(2010624K), 0.0560577 secs] [Times: user=0.14 sys=0.00, real=0.05 secs] 
[GC (CMS Initial Mark) [1 CMS-initial-mark: 1233706K(1397184K)] 1247548K(2010624K), 0.0053187 secs] [Times: user=0.00 sys=0.00, real=0.00 secs] 
[CMS-concurrent-mark-start]
[CMS-concurrent-mark: 1.343/1.343 secs] [Times: user=4.60 sys=0.00, real=1.35 secs] 
[CMS-concurrent-preclean-start]
[CMS-concurrent-preclean: 0.239/0.257 secs] [Times: user=0.50 sys=0.00, real=0.26 secs] 
[CMS-concurrent-abortable-preclean-start]
[GC (Allocation Failure) [ParNew[CMS-concurrent-abortable-preclean: 0.022/0.147 secs] [Times: user=0.56 sys=0.00, real=0.15 secs] 
: 559041K->68096K(613440K), 0.1158872 secs] 1792747K->1348321K(2010624K), 0.1159353 secs] [Times: user=0.69 sys=0.00, real=0.11 secs] 
[GC (CMS Final Remark) [YG occupancy: 79165 K (613440 K)][Rescan (parallel) , 0.0665475 secs][weak refs processing, 0.0000468 secs][class unloading, 0.0075148 secs][scrub symbol table, 0.0010676 secs][scrub string table, 0.0004222 secs][1 CMS-remark: 1280225K(1397184K)] 1359390K(2010624K), 0.0766651 secs] [Times: user=0.50 sys=0.00, real=0.08 secs] 
[CMS-concurrent-sweep-start]
[CMS-concurrent-sweep: 0.905/0.905 secs] [Times: user=1.79 sys=0.00, real=0.90 secs] 
[CMS-concurrent-reset-start]
[CMS-concurrent-reset: 0.003/0.003 secs] [Times: user=0.00 sys=0.00, real=0.00 secs] 
[GC (Allocation Failure) [ParNew: 613440K->27505K(613440K), 0.0543152 secs] 1299731K->777302K(2010624K), 0.0543659 secs] [Times: user=0.19 sys=0.00, real=0.05 secs] 
[GC (Allocation Failure) [ParNew: 572849K->68096K(613440K), 0.1154432 secs] 1322646K->865573K(2010624K), 0.1154882 secs] [Times: user=0.44 sys=0.00, real=0.11 secs] 
[GC (Allocation Failure) [ParNew: 613440K->46763K(613440K), 0.0497581 secs] 1410917K->905887K(2010624K), 0.0498049 secs] [Times: user=0.14 sys=0.00, real=0.04 secs] 
[GC (Allocation Failure) [ParNew (0: promotion failure size = 4167)  (1: promotion failure size = 4167)  (2: promotion failure size = 4167)  (3: promotion failure size = 4167)  (4: promotion failure size = 4167)  (5: promotion failure size = 4167)  (6: promotion failure size = 4167)  (7: promotion failure size = 4167)  (promotion failed): 592107K->613440K(613440K), 0.3710971 secs][CMS: 903136K->748421K(1397184K), 2.0350871 secs] 1451231K->748421K(2010624K), [Metaspace: 9995K->9995K(10240K)], 2.4063261 secs] [Times: user=2.70 sys=0.03, real=2.40 secs] 

*** PauseDetector detected a 2401 ms pause at Fri Dec 19 23:30:06 EET 2014 ***

[GC (Allocation Failure) [ParNew: 545344K->27322K(613440K), 0.0075263 secs] 1293765K->775743K(2010624K), 0.0075674 secs] [Times: user=0.06 sys=0.00, real=0.01 secs] 
[GC (Allocation Failure) [ParNew: 572666K->68096K(613440K), 0.0863106 secs] 1321087K->862250K(2010624K), 0.0863580 secs] [Times: user=0.34 sys=0.00, real=0.08 secs] 
[GC (Allocation Failure) [ParNew: 613440K->27422K(613440K), 0.0436624 secs] 1407594K->885985K(2010624K), 0.0437195 secs] [Times: user=0.14 sys=0.00, real=0.04 secs] 
[GC (Allocation Failure) [ParNew: 572766K->68096K(613440K), 0.0887152 secs] 1431329K->971717K(2010624K), 0.0887729 secs] [Times: user=0.33 sys=0.00, real=0.09 secs] 
[GC (Allocation Failure) [ParNew: 613440K->26794K(613440K), 0.0432384 secs] 1517061K->992560K(2010624K), 0.0432858 secs] [Times: user=0.12 sys=0.00, real=0.03 secs] 
[GC (Allocation Failure) [ParNew: 572138K->68096K(613440K), 0.0806082 secs] 1537904K->1076866K(2010624K), 0.0806583 secs] [Times: user=0.33 sys=0.00, real=0.08 secs] 
[GC (Allocation Failure) [ParNew: 613440K->27388K(613440K), 0.0559345 secs] 1622210K->1099966K(2010624K), 0.0559846 secs] [Times: user=0.19 sys=0.00, real=0.05 secs] 
[GC (Allocation Failure) [ParNew: 572732K->68096K(613440K), 0.0767517 secs] 1645310K->1183572K(2010624K), 0.0768095 secs] [Times: user=0.36 sys=0.00, real=0.07 secs] 
[GC (Allocation Failure) [ParNew: 613440K->34192K(613440K), 0.0458214 secs] 1728916K->1213095K(2010624K), 0.0458637 secs] [Times: user=0.13 sys=0.00, real=0.04 secs] 
[GC (CMS Initial Mark) [1 CMS-initial-mark: 1178903K(1397184K)] 1224032K(2010624K), 0.0034164 secs] [Times: user=0.02 sys=0.00, real=0.01 secs] 
[CMS-concurrent-mark-start]
[CMS-concurrent-mark: 1.150/1.150 secs] [Times: user=3.74 sys=0.00, real=1.15 secs] 
[CMS-concurrent-preclean-start]
[CMS-concurrent-preclean: 0.108/0.116 secs] [Times: user=0.22 sys=0.00, real=0.12 secs] 
[CMS-concurrent-abortable-preclean-start]
[GC (Allocation Failure) [ParNew[CMS-concurrent-abortable-preclean: 0.060/0.368 secs] [Times: user=0.70 sys=0.00, real=0.37 secs] 
: 579536K->68096K(613440K), 0.0767889 secs] 1758439K->1291136K(2010624K), 0.0768454 secs] [Times: user=0.34 sys=0.00, real=0.08 secs] 
[GC (CMS Final Remark) [YG occupancy: 68098 K (613440 K)][Rescan (parallel) , 0.0393568 secs][weak refs processing, 0.0000276 secs][class unloading, 0.0076309 secs][scrub symbol table, 0.0010875 secs][scrub string table, 0.0003561 secs][1 CMS-remark: 1223040K(1397184K)] 1291138K(2010624K), 0.0494277 secs] [Times: user=0.23 sys=0.00, real=0.05 secs] 
[CMS-concurrent-sweep-start]
[CMS-concurrent-sweep: 0.672/0.672 secs] [Times: user=1.34 sys=0.00, real=0.67 secs] 
[CMS-concurrent-reset-start]
[CMS-concurrent-reset: 0.003/0.003 secs] [Times: user=0.03 sys=0.00, real=0.00 secs] 
[GC (Allocation Failure) [ParNew: 613440K->40124K(613440K), 0.0362048 secs] 1295415K->786661K(2010624K), 0.0362548 secs] [Times: user=0.13 sys=0.00, real=0.03 secs] 
[GC (Allocation Failure) [ParNew: 585468K->68096K(613440K), 0.0729068 secs] 1332005K->856920K(2010624K), 0.0730248 secs] [Times: user=0.33 sys=0.00, real=0.07 secs] 
[GC (Allocation Failure) [ParNew: 613440K->34172K(613440K), 0.0348947 secs] 1402264K->886455K(2010624K), 0.0350525 secs] [Times: user=0.13 sys=0.00, real=0.03 secs] 
[GC (Allocation Failure) [ParNew (0: promotion failure size = 2779)  (1: promotion failure size = 2779)  (promotion failed): 579516K->613440K(613440K), 0.1937822 secs][CMS: 894316K->745328K(1397184K), 1.8357874 secs] 1431799K->745328K(2010624K), [Metaspace: 9995K->9995K(10240K)], 2.0296402 secs]
*** PauseDetector detected a 2034 ms pause at Fri Dec 19 23:30:29 EET 2014 ***

 [Times: user=2.29 sys=0.00, real=2.03 secs] 
[GC (Allocation Failure) [ParNew: 545344K->27377K(613440K), 0.0066878 secs] 1290672K->772705K(2010624K), 0.0067359 secs] [Times: user=0.06 sys=0.00, real=0.01 secs] 
[GC (Allocation Failure) [ParNew: 572721K->68096K(613440K), 0.0615098 secs] 1318049K->855225K(2010624K), 0.0615592 secs] [Times: user=0.27 sys=0.00, real=0.06 secs] 
[GC (Allocation Failure) [ParNew: 613440K->34280K(613440K), 0.0329424 secs] 1400569K->885200K(2010624K), 0.0330970 secs] [Times: user=0.06 sys=0.00, real=0.03 secs] 
[GC (Allocation Failure) [ParNew: 579624K->68096K(613440K), 0.0622778 secs] 1430544K->963319K(2010624K), 0.0623310 secs] [Times: user=0.22 sys=0.00, real=0.06 secs] 
[GC (Allocation Failure) [ParNew: 613440K->32831K(613440K), 0.0310580 secs] 1508663K->988716K(2010624K), 0.0311081 secs] [Times: user=0.12 sys=0.00, real=0.03 secs] 
[GC (Allocation Failure) [ParNew: 578175K->68096K(613440K), 0.0623111 secs] 1534060K->1068461K(2010624K), 0.0623637 secs] [Times: user=0.19 sys=0.00, real=0.06 secs] 
[GC (Allocation Failure) [ParNew: 613440K->39005K(613440K), 0.0317984 secs] 1613805K->1099511K(2010624K), 0.0318440 secs] [Times: user=0.08 sys=0.00, real=0.03 secs] 
[GC (Allocation Failure) [ParNew: 584349K->68096K(613440K), 0.0585656 secs] 1644855K->1171999K(2010624K), 0.0586195 secs] [Times: user=0.28 sys=0.00, real=0.05 secs] 
[GC (Allocation Failure) [ParNew: 613440K->32909K(613440K), 0.0299917 secs] 1717343K->1197671K(2010624K), 0.0300418 secs] [Times: user=0.08 sys=0.00, real=0.03 secs] 
[GC (CMS Initial Mark) [1 CMS-initial-mark: 1164762K(1397184K)] 1197674K(2010624K), 0.0037269 secs] [Times: user=0.00 sys=0.00, real=0.00 secs] 
[CMS-concurrent-mark-start]
[CMS-concurrent-mark: 1.159/1.159 secs] [Times: user=3.79 sys=0.00, real=1.17 secs] 
[CMS-concurrent-preclean-start]
[CMS-concurrent-preclean: 0.076/0.080 secs] [Times: user=0.19 sys=0.00, real=0.08 secs] 
[CMS-concurrent-abortable-preclean-start]
[GC (Allocation Failure) [ParNew: 578253K->68096K(613440K), 0.0597743 secs] 1743015K->1276198K(2010624K), 0.0598321 secs] [Times: user=0.26 sys=0.00, real=0.06 secs] 
[CMS-concurrent-abortable-preclean: 0.653/1.254 secs] [Times: user=2.14 sys=0.00, real=1.25 secs] 
[GC (CMS Final Remark) [YG occupancy: 398934 K (613440 K)][Rescan (parallel) , 0.0809451 secs][weak refs processing, 0.0000225 secs][class unloading, 0.0069810 secs][scrub symbol table, 0.0013787 secs][scrub string table, 0.0003567 secs][1 CMS-remark: 1208102K(1397184K)] 1607036K(2010624K), 0.0906624 secs] [Times: user=0.33 sys=0.00, real=0.09 secs] 
[CMS-concurrent-sweep-start]
[GC (Allocation Failure) [ParNew: 613440K->39492K(613440K), 0.0288940 secs] 1293585K->780445K(2010624K), 0.0289421 secs] [Times: user=0.08 sys=0.00, real=0.02 secs] 
[CMS-concurrent-sweep: 0.551/0.581 secs] [Times: user=1.20 sys=0.00, real=0.58 secs] 
[CMS-concurrent-reset-start]
[CMS-concurrent-reset: 0.003/0.003 secs] [Times: user=0.00 sys=0.00, real=0.00 secs] 
[GC (Allocation Failure) [ParNew: 584836K->68096K(613440K), 0.0573607 secs] 1325789K->851516K(2010624K), 0.0574114 secs] [Times: user=0.22 sys=0.00, real=0.05 secs] 
[GC (Allocation Failure) [ParNew: 613440K->26620K(613440K), 0.0317484 secs] 1396860K->871622K(2010624K), 0.0318016 secs] [Times: user=0.14 sys=0.00, real=0.03 secs] 
[GC (Allocation Failure) [ParNew: 571964K->68096K(613440K), 0.0574281 secs] 1416966K->953638K(2010624K), 0.0574769 secs] [Times: user=0.20 sys=0.00, real=0.05 secs] 
[GC (Allocation Failure) [ParNew (0: promotion failure size = 1854)  (1: promotion failure size = 1854)  (2: promotion failure size = 1854)  (3: promotion failure size = 1854)  (4: promotion failure size = 1854)  (5: promotion failure size = 1854)  (6: promotion failure size = 1854)  (7: promotion failure size = 1854)  (promotion failed): 613440K->593252K(613440K), 0.6118838 secs][CMS: 943845K->744929K(1397184K), 1.6942012 secs] 1498982K->744929K(2010624K), [Metaspace: 9995K->9995K(10240K)], 2.3062614 secs] [Times: user=2.43 sys=0.08, real=2.31 secs] 

*** PauseDetector detected a 2308 ms pause at Fri Dec 19 23:30:54 EET 2014 ***

[GC (Allocation Failure) [ParNew: 545344K->68096K(613440K), 0.0533669 secs] 1290273K->855494K(2010624K), 0.0534189 secs] [Times: user=0.23 sys=0.00, real=0.05 secs] 
[GC (Allocation Failure) [ParNew: 613440K->26780K(613440K), 0.0430574 secs] 1400838K->876453K(2010624K), 0.0431101 secs] [Times: user=0.16 sys=0.00, real=0.04 secs] 
[GC (Allocation Failure) [ParNew: 572124K->68096K(613440K), 0.0522506 secs] 1421797K->958201K(2010624K), 0.0522987 secs] [Times: user=0.19 sys=0.00, real=0.04 secs] 
[GC (Allocation Failure) [ParNew: 613440K->34021K(613440K), 0.0396956 secs] 1503545K->987166K(2010624K), 0.0397443 secs] [Times: user=0.11 sys=0.00, real=0.04 secs] 
[GC (Allocation Failure) [ParNew: 579365K->68096K(613440K), 0.0517694 secs] 1532510K->1064510K(2010624K), 0.0518291 secs] [Times: user=0.22 sys=0.00, real=0.05 secs] 
[GC (Allocation Failure) [ParNew: 613440K->26123K(613440K), 0.0273568 secs] 1609854K->1082686K(2010624K), 0.0274043 secs] [Times: user=0.08 sys=0.00, real=0.03 secs] 
[GC (Allocation Failure) [ParNew: 571467K->68096K(613440K), 0.0530962 secs] 1628030K->1167168K(2010624K), 0.0532277 secs] [Times: user=0.22 sys=0.00, real=0.05 secs] 
[GC (Allocation Failure) [ParNew: 613440K->26317K(613440K), 0.0273343 secs] 1712512K->1186059K(2010624K), 0.0274537 secs] [Times: user=0.13 sys=0.00, real=0.03 secs] 
[GC (CMS Initial Mark) [1 CMS-initial-mark: 1159742K(1397184K)] 1186061K(2010624K), 0.0029391 secs] [Times: user=0.00 sys=0.00, real=0.00 secs] 
[CMS-concurrent-mark-start]
[CMS-concurrent-mark: 1.155/1.155 secs] [Times: user=3.67 sys=0.01, real=1.16 secs] 
[CMS-concurrent-preclean-start]
[CMS-concurrent-preclean: 0.064/0.068 secs] [Times: user=0.16 sys=0.00, real=0.07 secs] 
[CMS-concurrent-abortable-preclean-start]
[GC (Allocation Failure) [ParNew[CMS-concurrent-abortable-preclean: 0.058/0.363 secs] [Times: user=0.55 sys=0.00, real=0.36 secs] 
: 571661K->68096K(613440K), 0.0542946 secs] 1731403K->1269855K(2010624K), 0.0543421 secs] [Times: user=0.19 sys=0.00, real=0.05 secs] 
[GC (CMS Final Remark) [YG occupancy: 68184 K (613440 K)][Rescan (parallel) , 0.0244242 secs][weak refs processing, 0.0000154 secs][class unloading, 0.0060635 secs][scrub symbol table, 0.0010573 secs][scrub string table, 0.0003561 secs][1 CMS-remark: 1201759K(1397184K)] 1269943K(2010624K), 0.0328686 secs] [Times: user=0.12 sys=0.00, real=0.03 secs] 
[CMS-concurrent-sweep-start]
[CMS-concurrent-sweep: 0.548/0.548 secs] [Times: user=1.11 sys=0.00, real=0.55 secs] 
[CMS-concurrent-reset-start]
[CMS-concurrent-reset: 0.003/0.003 secs] [Times: user=0.03 sys=0.00, real=0.00 secs] 
[GC (Allocation Failure) [ParNew: 613440K->26481K(613440K), 0.0274755 secs] 1291883K->766087K(2010624K), 0.0275275 secs] [Times: user=0.08 sys=0.00, real=0.03 secs] 
[GC (Allocation Failure) [ParNew: 571825K->68096K(613440K), 0.1715394 secs] 1311431K->875399K(2010624K), 0.1715965 secs] [Times: user=0.70 sys=0.00, real=0.17 secs] 
[GC (Allocation Failure) [ParNew: 613440K->27269K(613440K), 0.0818041 secs] 1420743K->898777K(2010624K), 0.0818490 secs] [Times: user=0.34 sys=0.00, real=0.07 secs] 
[GC (Allocation Failure) [ParNew: 572613K->68096K(613440K), 0.1969625 secs] 1444121K->996852K(2010624K), 0.1970479 secs] [Times: user=0.89 sys=0.00, real=0.19 secs] 
[GC (Allocation Failure) [ParNew (0: promotion failure size = 9372)  (1: promotion failure size = 9372)  (2: promotion failure size = 9372)  (3: promotion failure size = 9372)  (4: promotion failure size = 9372)  (5: promotion failure size = 9372)  (6: promotion failure size = 9372)  (7: promotion failure size = 9372)  (promotion failed): 613440K->579558K(613440K), 10.3470971 secs][CMS: 965903K->760581K(1397184K), 2.0406535 secs] 1542196K->760581K(2010624K), [Metaspace: 9995K->9995K(10240K)]
*** PauseDetector detected a 12389 ms pause at Fri Dec 19 23:31:28 EET 2014 ***

, 12.3878333 secs] [Times: user=13.21 sys=1.75, real=12.39 secs] 
[GC (Allocation Failure) [ParNew: 545344K->68096K(613440K), 0.1601444 secs] 1305925K->885335K(2010624K), 0.1602124 secs] [Times: user=0.67 sys=0.02, real=0.16 secs] 
[GC (Allocation Failure) [ParNew: 613440K->41052K(613440K), 0.0670787 secs] 1430679K->922692K(2010624K), 0.0671281 secs] [Times: user=0.22 sys=0.00, real=0.07 secs] 
[GC (Allocation Failure) [ParNew: 586396K->68096K(613440K), 0.1369899 secs] 1468036K->1001159K(2010624K), 0.1370387 secs] [Times: user=0.59 sys=0.00, real=0.13 secs] 
[GC (Allocation Failure) [ParNew: 613440K->33720K(613440K), 0.0612012 secs] 1546503K->1029678K(2010624K), 0.0612532 secs] [Times: user=0.22 sys=0.00, real=0.06 secs] 
[GC (Allocation Failure) [ParNew: 579064K->68096K(613440K), 0.1279251 secs] 1575022K->1113050K(2010624K), 0.1280079 secs] [Times: user=0.58 sys=0.00, real=0.13 secs] 
[GC (Allocation Failure) [ParNew: 613440K->27349K(613440K), 0.0562842 secs] 1658394K->1136009K(2010624K), 0.0563316 secs] [Times: user=0.14 sys=0.00, real=0.06 secs] 
[GC (Allocation Failure) [ParNew: 572693K->68096K(613440K), 0.1182123 secs] 1681353K->1226655K(2010624K), 0.1182591 secs] [Times: user=0.48 sys=0.00, real=0.11 secs] 
[GC (Allocation Failure) [ParNew: 613440K->26140K(613440K), 0.0473817 secs] 1771999K->1244902K(2010624K), 0.0474317 secs] [Times: user=0.17 sys=0.00, real=0.05 secs] 
[GC (CMS Initial Mark) [1 CMS-initial-mark: 1218762K(1397184K)] 1244904K(2010624K), 0.0052802 secs] [Times: user=0.00 sys=0.00, real=0.00 secs] 
[CMS-concurrent-mark-start]
[CMS-concurrent-mark: 1.225/1.225 secs] [Times: user=4.15 sys=0.00, real=1.23 secs] 
[CMS-concurrent-preclean-start]
[CMS-concurrent-preclean: 0.169/0.182 secs] [Times: user=0.39 sys=0.00, real=0.18 secs] 
[CMS-concurrent-abortable-preclean-start]
[GC (Allocation Failure) [ParNew[CMS-concurrent-abortable-preclean: 0.058/0.381 secs] [Times: user=0.78 sys=0.00, real=0.38 secs] 
: 571484K->68096K(613440K), 0.1105551 secs] 1790246K->1332676K(2010624K), 0.1106006 secs] [Times: user=0.50 sys=0.00, real=0.10 secs] 
[GC (CMS Final Remark) [YG occupancy: 79032 K (613440 K)][Rescan (parallel) , 0.0640440 secs][weak refs processing, 0.0000192 secs][class unloading, 0.0102107 secs][scrub symbol table, 0.0019254 secs][scrub string table, 0.0006082 secs][1 CMS-remark: 1264580K(1397184K)] 1343613K(2010624K), 0.0783249 secs] [Times: user=0.34 sys=0.00, real=0.08 secs] 
[CMS-concurrent-sweep-start]
[CMS-concurrent-sweep: 0.814/0.814 secs] [Times: user=1.62 sys=0.00, real=0.82 secs] 
[CMS-concurrent-reset-start]
[CMS-concurrent-reset: 0.002/0.002 secs] [Times: user=0.03 sys=0.00, real=0.00 secs] 
[GC (Allocation Failure) [ParNew: 613440K->34186K(613440K), 0.0509982 secs] 1298150K->783839K(2010624K), 0.0510463 secs] [Times: user=0.14 sys=0.00, real=0.05 secs] 
[GC (Allocation Failure) [ParNew: 579530K->68096K(613440K), 0.1046943 secs] 1329183K->862984K(2010624K), 0.1047398 secs] [Times: user=0.44 sys=0.00, real=0.10 secs] 
[GC (Allocation Failure) [ParNew: 613440K->27372K(613440K), 0.0516315 secs] 1408328K->885765K(2010624K), 0.0516821 secs] [Times: user=0.11 sys=0.00, real=0.05 secs] 
[GC (Allocation Failure) [ParNew (0: promotion failure size = 4167)  (1: promotion failure size = 4167)  (2: promotion failure size = 4167)  (3: promotion failure size = 4167)  (4: promotion failure size = 4167)  (5: promotion failure size = 4167)  (6: promotion failure size = 4167)  (7: promotion failure size = 4167)  (promotion failed): 572716K->613440K(613440K), 0.3439816 secs][CMS: 902185K->747963K(1397184K), 1.8362070 secs] 1431109K->747963K(2010624K), [Metaspace: 9995K->9995K(10240K)], 2.1802809 secs] [Times: user=2.43 sys=0.02, real=2.18 secs] 

*** PauseDetector detected a 2179 ms pause at Fri Dec 19 23:31:51 EET 2014 ***

[GC (Allocation Failure) [ParNew: 545344K->27425K(613440K), 0.0076059 secs] 1293307K->775388K(2010624K), 0.0077618 secs] [Times: user=0.03 sys=0.00, real=0.01 secs] 
[GC (Allocation Failure) [ParNew: 572769K->68096K(613440K), 0.0778809 secs] 1320732K->860254K(2010624K), 0.0779309 secs] [Times: user=0.36 sys=0.00, real=0.08 secs] 
[GC (Allocation Failure) [ParNew: 613440K->34279K(613440K), 0.0504529 secs] 1405598K->890431K(2010624K), 0.0504978 secs] [Times: user=0.19 sys=0.00, real=0.04 secs] 
[GC (Allocation Failure) [ParNew: 579623K->68096K(613440K), 0.0752042 secs] 1435775K->968077K(2010624K), 0.0752524 secs] [Times: user=0.30 sys=0.00, real=0.08 secs] 
[GC (Allocation Failure) [ParNew: 613440K->33924K(613440K), 0.0422465 secs] 1513421K->997217K(2010624K), 0.0422972 secs] [Times: user=0.13 sys=0.00, real=0.03 secs] 
[GC (Allocation Failure) [ParNew: 579268K->68096K(613440K), 0.0747847 secs] 1542561K->1075073K(2010624K), 0.0748379 secs] [Times: user=0.30 sys=0.00, real=0.08 secs] 
[GC (Allocation Failure) [ParNew: 613440K->27074K(613440K), 0.0477448 secs] 1620417K->1096898K(2010624K), 0.0477916 secs] [Times: user=0.13 sys=0.00, real=0.04 secs] 
[GC (Allocation Failure) [ParNew: 572418K->68096K(613440K), 0.0704527 secs] 1642242K->1180429K(2010624K), 0.0705002 secs] [Times: user=0.28 sys=0.00, real=0.07 secs] 
[GC (Allocation Failure) [ParNew: 613440K->20552K(613440K), 0.0388378 secs] 1725773K->1196339K(2010624K), 0.0388853 secs] [Times: user=0.13 sys=0.00, real=0.04 secs] 
[GC (CMS Initial Mark) [1 CMS-initial-mark: 1175787K(1397184K)] 1196418K(2010624K), 0.0043505 secs] [Times: user=0.02 sys=0.00, real=0.00 secs] 
[CMS-concurrent-mark-start]
[CMS-concurrent-mark: 1.175/1.175 secs] [Times: user=3.76 sys=0.00, real=1.17 secs] 
[CMS-concurrent-preclean-start]
[CMS-concurrent-preclean: 0.100/0.106 secs] [Times: user=0.22 sys=0.00, real=0.11 secs] 
[CMS-concurrent-abortable-preclean-start]
[GC (Allocation Failure) [ParNew: 565896K->68096K(613440K), 0.0712393 secs] 1741683K->1289704K(2010624K), 0.0712861 secs] [Times: user=0.30 sys=0.00, real=0.07 secs] 
[CMS-concurrent-abortable-preclean: 0.764/1.266 secs] [Times: user=2.36 sys=0.00, real=1.27 secs] 
[GC (CMS Final Remark) [YG occupancy: 419789 K (613440 K)][Rescan (parallel) , 0.0676183 secs][weak refs processing, 0.0000218 secs][class unloading, 0.0084374 secs][scrub symbol table, 0.0010663 secs][scrub string table, 0.0003567 secs][1 CMS-remark: 1221608K(1397184K)] 1641397K(2010624K), 0.0784641 secs] [Times: user=0.45 sys=0.00, real=0.07 secs] 
[CMS-concurrent-sweep-start]
[GC (Allocation Failure) [ParNew: 613440K->45652K(613440K), 0.0311511 secs] 1730685K->1223829K(2010624K), 0.0311992 secs] [Times: user=0.22 sys=0.00, real=0.03 secs] 
[CMS-concurrent-sweep: 0.642/0.673 secs] [Times: user=1.56 sys=0.00, real=0.68 secs] 
[CMS-concurrent-reset-start]
[CMS-concurrent-reset: 0.003/0.003 secs] [Times: user=0.00 sys=0.00, real=0.00 secs] 
[GC (Allocation Failure) [ParNew: 590996K->68096K(613440K), 0.0671627 secs] 1335284K->854894K(2010624K), 0.0672096 secs] [Times: user=0.28 sys=0.00, real=0.07 secs] 
[Full GC (System.gc()) [CMS: 786798K->743301K(1397184K), 1.6155145 secs] 1097273K->743301K(2010624K), [Metaspace: 9995K->9995K(10240K)], 1.6157275 secs] [Times: user=1.61 sys=0.00, real=1.61 secs] 
[Full GC (System.gc()) [CMS: 743301K->743223K(1397184K), 1.4391638 secs] 743303K->743223K(2010624K), [Metaspace: 9995K->9995K(10240K)], 1.4393974 secs] [Times: user=1.43 sys=0.00, real=1.44 secs] 
[Full GC (System.gc()) [CMS: 743223K->740758K(1397184K), 1.6567819 secs] 754158K->740758K(2010624K), [Metaspace: 9995K->9995K(10240K)]
*** PauseDetector detected a 1615 ms pause at Fri Dec 19 23:32:12 EET 2014 ***

, 1.6569802 secs] [Times: user=1.67 sys=0.00, real=1.66 secs] 

*** PauseDetector detected a 3105 ms pause at Fri Dec 19 23:32:15 EET 2014 ***

[GC (Allocation Failure) [ParNew: 545344K->68096K(613440K), 0.0770898 secs] 1286102K->857287K(2010624K), 0.0771546 secs] [Times: user=0.28 sys=0.00, real=0.07 secs] 
[GC (Allocation Failure) [ParNew: 613440K->44830K(613440K), 0.0540380 secs] 1402631K->891394K(2010624K), 0.0540990 secs] [Times: user=0.17 sys=0.00, real=0.05 secs] 
[GC (Allocation Failure) [ParNew: 590174K->68096K(613440K), 0.0777340 secs] 1436738K->957783K(2010624K), 0.0778046 secs] [Times: user=0.28 sys=0.00, real=0.08 secs] 
[GC (Allocation Failure) [ParNew: 613440K->33535K(613440K), 0.0346015 secs] 1503127K->984846K(2010624K), 0.0347285 secs] [Times: user=0.16 sys=0.00, real=0.03 secs] 
[GC (Allocation Failure) [ParNew: 578879K->68096K(613440K), 0.0719008 secs] 1530190K->1062966K(2010624K), 0.0719681 secs] [Times: user=0.25 sys=0.00, real=0.07 secs] 
[GC (Allocation Failure) [ParNew: 613440K->26387K(613440K), 0.0377651 secs] 1608310K->1082225K(2010624K), 0.0378132 secs] [Times: user=0.12 sys=0.00, real=0.03 secs] 
[Full GC (System.gc()) [CMS: 1055837K->741587K(1397184K), 1.4924037 secs] 1388419K->741587K(2010624K), [Metaspace: 9995K->9995K(10240K)], 1.4927271 secs] [Times: user=1.48 sys=0.00, real=1.49 secs] 
[Full GC (System.gc()) [CMS: 741587K->741510K(1397184K), 1.6839514 secs] 752514K->741510K(2010624K), [Metaspace: 9995K->9995K(10240K)], 1.6842426 secs] [Times: user=1.69 sys=0.00, real=1.68 secs] 
[Full GC (System.gc()) [CMS: 741510K->739535K(1397184K), 1.3402514 secs] 752434K->739535K(2010624K), [Metaspace: 9995K->9995K(10240K)]
*** PauseDetector detected a 1493 ms pause at Fri Dec 19 23:32:26 EET 2014 ***

, 1.3404542 secs] [Times: user=1.34 sys=0.00, real=1.34 secs] 
********************************
********** ROUND   12 **********
********************************

*** PauseDetector detected a 3032 ms pause at Fri Dec 19 23:32:29 EET 2014 ***

[GC (Allocation Failure) [ParNew: 545344K->7329K(613440K), 0.0072517 secs] 1284879K->746865K(2010624K), 0.0073377 secs] [Times: user=0.06 sys=0.00, real=0.01 secs] 
[GC (Allocation Failure) [ParNew: 552673K->68096K(613440K), 0.0567910 secs] 1292209K->856253K(2010624K), 0.0568436 secs] [Times: user=0.20 sys=0.00, real=0.05 secs] 
[GC (Allocation Failure) [ParNew: 613440K->38760K(613440K), 0.0337225 secs] 1401597K->888934K(2010624K), 0.0337713 secs] [Times: user=0.16 sys=0.00, real=0.03 secs] 
[GC (Allocation Failure) [ParNew: 584104K->68096K(613440K), 0.0544262 secs] 1434278K->961536K(2010624K), 0.0544730 secs] [Times: user=0.20 sys=0.00, real=0.06 secs] 
[GC (Allocation Failure) [ParNew: 613440K->39424K(613440K), 0.0437221 secs] 1506880K->993911K(2010624K), 0.0437696 secs] [Times: user=0.14 sys=0.00, real=0.04 secs] 
[GC (Allocation Failure) [ParNew: 584768K->68096K(613440K), 0.0538154 secs] 1539255K->1064790K(2010624K), 0.0539059 secs] [Times: user=0.27 sys=0.00, real=0.05 secs] 
[GC (Allocation Failure) [ParNew: 613440K->26674K(613440K), 0.0346271 secs] 1610134K->1085308K(2010624K), 0.0346765 secs] [Times: user=0.13 sys=0.00, real=0.03 secs] 
[GC (Allocation Failure) [ParNew: 572018K->68096K(613440K), 0.0612397 secs] 1630652K->1169751K(2010624K), 0.0612917 secs] [Times: user=0.19 sys=0.00, real=0.06 secs] 
[GC (Allocation Failure) [ParNew: 613440K->33013K(613440K), 0.0335538 secs] 1715095K->1195717K(2010624K), 0.0336616 secs] [Times: user=0.13 sys=0.00, real=0.03 secs] 
[GC (CMS Initial Mark) [1 CMS-initial-mark: 1162703K(1397184K)] 1195719K(2010624K), 0.0033073 secs] [Times: user=0.00 sys=0.00, real=0.00 secs] 
[CMS-concurrent-mark-start]
[CMS-concurrent-mark: 1.083/1.083 secs] [Times: user=3.49 sys=0.00, real=1.09 secs] 
[CMS-concurrent-preclean-start]
[CMS-concurrent-preclean: 0.064/0.067 secs] [Times: user=0.13 sys=0.00, real=0.07 secs] 
[CMS-concurrent-abortable-preclean-start]
[GC (Allocation Failure) [ParNew[CMS-concurrent-abortable-preclean: 0.061/0.410 secs] [Times: user=0.59 sys=0.00, real=0.41 secs] 
: 578357K->68096K(613440K), 0.0556952 secs] 1741061K->1272287K(2010624K), 0.0557408 secs] [Times: user=0.19 sys=0.00, real=0.05 secs] 
[GC (CMS Final Remark) [YG occupancy: 68098 K (613440 K)][Rescan (parallel) , 0.0238018 secs][weak refs processing, 0.0000212 secs][class unloading, 0.0071651 secs][scrub symbol table, 0.0011202 secs][scrub string table, 0.0004613 secs][1 CMS-remark: 1204191K(1397184K)] 1272289K(2010624K), 0.0335576 secs] [Times: user=0.20 sys=0.00, real=0.04 secs] 
[CMS-concurrent-sweep-start]
[CMS-concurrent-sweep: 0.536/0.536 secs] [Times: user=1.06 sys=0.00, real=0.54 secs] 
[CMS-concurrent-reset-start]
[CMS-concurrent-reset: 0.003/0.003 secs] [Times: user=0.00 sys=0.00, real=0.00 secs] 
[GC (Allocation Failure) [ParNew: 613440K->33399K(613440K), 0.0404674 secs] 1291691K->773611K(2010624K), 0.0405162 secs] [Times: user=0.19 sys=0.00, real=0.04 secs] 
[GC (Allocation Failure) [ParNew: 578743K->68096K(613440K), 0.0546437 secs] 1318955K->849801K(2010624K), 0.0547008 secs] [Times: user=0.14 sys=0.00, real=0.05 secs] 
[GC (Allocation Failure) [ParNew: 613440K->20032K(613440K), 0.0296017 secs] 1395145K->863482K(2010624K), 0.0296536 secs] [Times: user=0.08 sys=0.00, real=0.03 secs] 
[GC (Allocation Failure) [ParNew: 565376K->68096K(613440K), 0.0564337 secs] 1408826K->951295K(2010624K), 0.0565222 secs] [Times: user=0.19 sys=0.00, real=0.05 secs] 
[GC (Allocation Failure) [ParNew: 613440K->27379K(613440K), 0.0515827 secs] 1496639K->973995K(2010624K), 0.0517373 secs] [Times: user=0.06 sys=0.00, real=0.05 secs] 
[GC (Allocation Failure) [ParNew (0: promotion failure size = 113)  (1: promotion failure size = 113)  (2: promotion failure size = 113)  (3: promotion failure size = 113)  (4: promotion failure size = 113)  (5: promotion failure size = 113)  (6: promotion failure size = 113)  (7: promotion failure size = 113)  (promotion failed): 572723K->613440K(613440K), 0.3313489 secs][CMS: 982069K->742972K(1397184K), 1.9474524 secs] 1519339K->742972K(2010624K), [Metaspace: 9995K->9995K(10240K)], 2.2788693 secs]
*** PauseDetector detected a 2276 ms pause at Fri Dec 19 23:32:55 EET 2014 ***
 [Times: user=2.43 sys=0.03, real=2.27 secs] 

[GC (Allocation Failure) [ParNew: 545344K->27419K(613440K), 0.0075360 secs] 1288316K->770392K(2010624K), 0.0075828 secs] [Times: user=0.06 sys=0.00, real=0.01 secs] 
[GC (Allocation Failure) [ParNew: 572763K->68096K(613440K), 0.1714284 secs] 1315736K->879863K(2010624K), 0.1714830 secs] [Times: user=0.67 sys=0.00, real=0.17 secs] 
[GC (Allocation Failure) [ParNew: 613440K->20535K(613440K), 0.0860571 secs] 1425207K->897545K(2010624K), 0.0861085 secs] [Times: user=0.30 sys=0.00, real=0.08 secs] 
[GC (Allocation Failure) [ParNew: 565879K->68096K(613440K), 0.1899103 secs] 1442889K->1001998K(2010624K), 0.1899572 secs] [Times: user=0.89 sys=0.00, real=0.19 secs] 
[GC (Allocation Failure) [ParNew: 613440K->27384K(613440K), 0.0892098 secs] 1547342K->1025000K(2010624K), 0.0892618 secs] [Times: user=0.37 sys=0.00, real=0.09 secs] 
[GC (Allocation Failure) [ParNew: 572728K->68096K(613440K), 0.1640535 secs] 1570344K->1121009K(2010624K), 0.1640997 secs] [Times: user=0.72 sys=0.00, real=0.16 secs] 
[GC (Allocation Failure) [ParNew: 613440K->33778K(613440K), 0.0705849 secs] 1666353K->1149330K(2010624K), 0.0706337 secs] [Times: user=0.23 sys=0.00, real=0.07 secs] 
[GC (Allocation Failure) [ParNew: 579122K->68096K(613440K), 0.1470184 secs] 1694674K->1233866K(2010624K), 0.1471390 secs] [Times: user=0.58 sys=0.00, real=0.15 secs] 
[GC (Allocation Failure) [ParNew: 613440K->27352K(613440K), 0.0629258 secs] 1779210K->1256723K(2010624K), 0.0629720 secs] [Times: user=0.20 sys=0.00, real=0.06 secs] 
[GC (CMS Initial Mark) [1 CMS-initial-mark: 1229371K(1397184K)] 1267650K(2010624K), 0.0053321 secs] [Times: user=0.00 sys=0.00, real=0.00 secs] 
[CMS-concurrent-mark-start]
[CMS-concurrent-mark: 1.268/1.268 secs] [Times: user=4.26 sys=0.00, real=1.27 secs] 
[CMS-concurrent-preclean-start]
[CMS-concurrent-preclean: 0.226/0.241 secs] [Times: user=0.47 sys=0.00, real=0.24 secs] 
[CMS-concurrent-abortable-preclean-start]
[GC (Allocation Failure) [ParNew[CMS-concurrent-abortable-preclean: 0.058/0.368 secs] [Times: user=0.87 sys=0.00, real=0.37 secs] 
: 572696K->68096K(613440K), 0.1274074 secs] 1802067K->1346508K(2010624K), 0.1274580 secs] [Times: user=0.64 sys=0.00, real=0.13 secs] 
[GC (CMS Final Remark) [YG occupancy: 79022 K (613440 K)][Rescan (parallel) , 0.0744998 secs][weak refs processing, 0.0000225 secs][class unloading, 0.0062528 secs][scrub symbol table, 0.0010701 secs][scrub string table, 0.0003574 secs][1 CMS-remark: 1278412K(1397184K)] 1357435K(2010624K), 0.0831643 secs] [Times: user=0.56 sys=0.00, real=0.08 secs] 
[CMS-concurrent-sweep-start]
[CMS-concurrent-sweep: 0.949/0.949 secs] [Times: user=1.89 sys=0.00, real=0.95 secs] 
[CMS-concurrent-reset-start]
[CMS-concurrent-reset: 0.003/0.003 secs] [Times: user=0.00 sys=0.00, real=0.00 secs] 
[GC (Allocation Failure) [ParNew: 613440K->34247K(613440K), 0.0620378 secs] 1303460K->787788K(2010624K), 0.0620904 secs] [Times: user=0.14 sys=0.00, real=0.05 secs] 
[GC (Allocation Failure) [ParNew: 579591K->68096K(613440K), 0.1141793 secs] 1333132K->868754K(2010624K), 0.1143025 secs] [Times: user=0.51 sys=0.00, real=0.11 secs] 
[GC (Allocation Failure) [ParNew: 613440K->20358K(613440K), 0.0599617 secs] 1414098K->883923K(2010624K), 0.0600092 secs] [Times: user=0.14 sys=0.00, real=0.06 secs] 
[GC (Allocation Failure) [ParNew: 565702K->68096K(613440K), 0.1342382 secs] 1429267K->977474K(2010624K), 0.1342883 secs] [Times: user=0.48 sys=0.00, real=0.13 secs] 
[GC (Allocation Failure) [ParNew (0: promotion failure size = 4167)  (1: promotion failure size = 4167)  (2: promotion failure size = 4167)  (3: promotion failure size = 4167)  (4: promotion failure size = 4167)  (5: promotion failure size = 4167)  (6: promotion failure size = 4167)  (7: promotion failure size = 4167)  (promotion failed): 613440K->593296K(613440K), 3.0044737 secs][CMS: 955135K->750197K(1397184K), 1.9592869 secs] 1522818K->750197K(2010624K), [Metaspace: 9995K->9995K(10240K)], 4.9639004 secs] [Times: user=4.80 sys=0.75, real=4.96 secs] 

*** PauseDetector detected a 4961 ms pause at Fri Dec 19 23:33:25 EET 2014 ***

[GC (Allocation Failure) [ParNew: 545344K->68096K(613440K), 0.0943155 secs] 1295541K->866206K(2010624K), 0.0943630 secs] [Times: user=0.44 sys=0.00, real=0.09 secs] 
[GC (Allocation Failure) [ParNew: 613440K->26785K(613440K), 0.0435450 secs] 1411550K->887643K(2010624K), 0.0435983 secs] [Times: user=0.14 sys=0.00, real=0.04 secs] 
[GC (Allocation Failure) [ParNew: 572129K->68096K(613440K), 0.0890578 secs] 1432987K->975734K(2010624K), 0.0891040 secs] [Times: user=0.34 sys=0.00, real=0.09 secs] 
[GC (Allocation Failure) [ParNew: 613440K->46724K(613440K), 0.0480348 secs] 1521078K->1016215K(2010624K), 0.0480816 secs] [Times: user=0.13 sys=0.00, real=0.04 secs] 
[GC (Allocation Failure) [ParNew: 592068K->68096K(613440K), 0.0775787 secs] 1561559K->1080931K(2010624K), 0.0776281 secs] [Times: user=0.34 sys=0.00, real=0.07 secs] 
[GC (Allocation Failure) [ParNew: 613440K->27337K(613440K), 0.0396212 secs] 1626275K->1104026K(2010624K), 0.0397482 secs] [Times: user=0.13 sys=0.00, real=0.03 secs] 
[GC (Allocation Failure) [ParNew: 572681K->68096K(613440K), 0.0803330 secs] 1649370K->1187800K(2010624K), 0.0803779 secs] [Times: user=0.34 sys=0.00, real=0.08 secs] 
[GC (Allocation Failure) [ParNew: 613440K->27423K(613440K), 0.0464341 secs] 1733144K->1211028K(2010624K), 0.0464809 secs] [Times: user=0.14 sys=0.00, real=0.04 secs] 
[GC (CMS Initial Mark) [1 CMS-initial-mark: 1183605K(1397184K)] 1221955K(2010624K), 0.0034664 secs] [Times: user=0.00 sys=0.00, real=0.01 secs] 
[CMS-concurrent-mark-start]
[CMS-concurrent-mark: 1.288/1.288 secs] [Times: user=4.13 sys=0.00, real=1.29 secs] 
[CMS-concurrent-preclean-start]
[CMS-concurrent-preclean: 0.132/0.140 secs] [Times: user=0.28 sys=0.00, real=0.14 secs] 
[CMS-concurrent-abortable-preclean-start]
[GC (Allocation Failure) [ParNew: 572767K->68096K(613440K), 0.0684703 secs] 1756372K->1294389K(2010624K), 0.0685209 secs] [Times: user=0.45 sys=0.00, real=0.07 secs] 
[CMS-concurrent-abortable-preclean: 0.783/1.159 secs] [Times: user=2.37 sys=0.00, real=1.16 secs] 
[GC (CMS Final Remark) [YG occupancy: 442111 K (613440 K)][Rescan (parallel) , 0.0891110 secs][weak refs processing, 0.0000218 secs][class unloading, 0.0067006 secs][scrub symbol table, 0.0013563 secs][scrub string table, 0.0003644 secs][1 CMS-remark: 1226293K(1397184K)] 1668404K(2010624K), 0.0985345 secs] [Times: user=0.42 sys=0.00, real=0.10 secs] 
[CMS-concurrent-sweep-start]
[GC (Allocation Failure) [ParNew: 613440K->34285K(613440K), 0.0433038 secs] 1839733K->1324107K(2010624K), 0.0433506 secs] [Times: user=0.17 sys=0.00, real=0.03 secs] 
[CMS-concurrent-sweep: 0.692/0.736 secs] [Times: user=1.79 sys=0.00, real=0.74 secs] 
[CMS-concurrent-reset-start]
[CMS-concurrent-reset: 0.003/0.003 secs] [Times: user=0.00 sys=0.00, real=0.00 secs] 
[GC (Allocation Failure) [ParNew: 579629K->68096K(613440K), 0.0719932 secs] 1323635K->855492K(2010624K), 0.0720413 secs] [Times: user=0.25 sys=0.00, real=0.06 secs] 
[GC (Allocation Failure) [ParNew: 613440K->27038K(613440K), 0.0340568 secs] 1400836K->876999K(2010624K), 0.0341678 secs] [Times: user=0.12 sys=0.00, real=0.03 secs] 
[GC (Allocation Failure) [ParNew (0: promotion failure size = 2779)  (3: promotion failure size = 2779)  (4: promotion failure size = 2779)  (5: promotion failure size = 2779)  (6: promotion failure size = 2779)  (7: promotion failure size = 2779)  (promotion failed): 572382K->613440K(613440K), 0.2047096 secs][CMS: 892116K->745539K(1397184K), 2.0402473 secs] 1422343K->745539K(2010624K), [Metaspace: 9995K->9995K(10240K)], 2.2450377 secs] [Times: user=2.45 sys=0.00, real=2.24 secs] 

*** PauseDetector detected a 2245 ms pause at Fri Dec 19 23:33:48 EET 2014 ***

[GC (Allocation Failure) [ParNew: 545344K->27404K(613440K), 0.0070843 secs] 1290883K->772943K(2010624K), 0.0071318 secs] [Times: user=0.06 sys=0.00, real=0.01 secs] 
[GC (Allocation Failure) [ParNew: 572748K->68096K(613440K), 0.0642609 secs] 1318287K->858906K(2010624K), 0.0643084 secs] [Times: user=0.25 sys=0.00, real=0.06 secs] 
[GC (Allocation Failure) [ParNew: 613440K->39691K(613440K), 0.0327088 secs] 1404250K->892152K(2010624K), 0.0327582 secs] [Times: user=0.09 sys=0.00, real=0.03 secs] 
[GC (Allocation Failure) [ParNew: 585035K->68096K(613440K), 0.0638644 secs] 1437496K->961931K(2010624K), 0.0639106 secs] [Times: user=0.28 sys=0.00, real=0.06 secs] 
[GC (Allocation Failure) [ParNew: 613440K->27298K(613440K), 0.0350929 secs] 1507275K->984618K(2010624K), 0.0351391 secs] [Times: user=0.08 sys=0.00, real=0.03 secs] 
[GC (Allocation Failure) [ParNew: 572642K->68096K(613440K), 0.0641152 secs] 1529962K->1069555K(2010624K), 0.0641698 secs] [Times: user=0.25 sys=0.00, real=0.06 secs] 
[GC (Allocation Failure) [ParNew: 613440K->32841K(613440K), 0.0419283 secs] 1614899K->1094753K(2010624K), 0.0419757 secs] [Times: user=0.13 sys=0.00, real=0.04 secs] 
[GC (Allocation Failure) [ParNew: 578185K->68096K(613440K), 0.0613866 secs] 1640097K->1173022K(2010624K), 0.0614469 secs] [Times: user=0.27 sys=0.00, real=0.06 secs] 
[GC (Allocation Failure) [ParNew: 613440K->26517K(613440K), 0.0360489 secs] 1718366K->1192915K(2010624K), 0.0360957 secs] [Times: user=0.13 sys=0.00, real=0.03 secs] 
[GC (CMS Initial Mark) [1 CMS-initial-mark: 1166398K(1397184K)] 1203842K(2010624K), 0.0050325 secs] [Times: user=0.00 sys=0.00, real=0.01 secs] 
[CMS-concurrent-mark-start]
[CMS-concurrent-mark: 1.154/1.154 secs] [Times: user=3.73 sys=0.00, real=1.15 secs] 
[CMS-concurrent-preclean-start]
[CMS-concurrent-preclean: 0.081/0.086 secs] [Times: user=0.16 sys=0.00, real=0.09 secs] 
[CMS-concurrent-abortable-preclean-start]
[GC (Allocation Failure) [ParNew[CMS-concurrent-abortable-preclean: 0.057/0.355 secs] [Times: user=0.58 sys=0.00, real=0.36 secs] 
: 571861K->68096K(613440K), 0.0607220 secs] 1738259K->1278581K(2010624K), 0.0607662 secs] [Times: user=0.20 sys=0.00, real=0.06 secs] 
[GC (CMS Final Remark) [YG occupancy: 79104 K (613440 K)][Rescan (parallel) , 0.0289620 secs][weak refs processing, 0.0000218 secs][class unloading, 0.0071978 secs][scrub symbol table, 0.0011067 secs][scrub string table, 0.0003638 secs][1 CMS-remark: 1210485K(1397184K)] 1289590K(2010624K), 0.0386216 secs] [Times: user=0.17 sys=0.00, real=0.04 secs] 
[CMS-concurrent-sweep-start]
[CMS-concurrent-sweep: 0.567/0.567 secs] [Times: user=1.11 sys=0.00, real=0.57 secs] 
[CMS-concurrent-reset-start]
[CMS-concurrent-reset: 0.003/0.003 secs] [Times: user=0.03 sys=0.00, real=0.00 secs] 
[GC (Allocation Failure) [ParNew: 613440K->32682K(613440K), 0.0311145 secs] 1294453K->773875K(2010624K), 0.0311620 secs] [Times: user=0.13 sys=0.00, real=0.03 secs] 
[GC (Allocation Failure) [ParNew: 578026K->68096K(613440K), 0.0588659 secs] 1319219K->849996K(2010624K), 0.0589153 secs] [Times: user=0.22 sys=0.00, real=0.06 secs] 
[GC (Allocation Failure) [ParNew: 613440K->34119K(613440K), 0.0331015 secs] 1395340K->879541K(2010624K), 0.0331599 secs] [Times: user=0.08 sys=0.00, real=0.03 secs] 
[GC (Allocation Failure) [ParNew: 579463K->68096K(613440K), 0.0683343 secs] 1424885K->954114K(2010624K), 0.0683849 secs] [Times: user=0.19 sys=0.00, real=0.06 secs] 
[GC (Allocation Failure) [ParNew (0: promotion failure size = 1854)  (1: promotion failure size = 1854)  (2: promotion failure size = 1854)  (3: promotion failure size = 1854)  (4: promotion failure size = 1854)  (5: promotion failure size = 1854)  (6: promotion failure size = 1854)  (7: promotion failure size = 1854)  (promotion failed): 613440K->586405K(613440K), 1.3588809 secs][CMS: 931224K->745001K(1397184K), 2.0352174 secs] 1499458K->745001K(2010624K), [Metaspace: 9995K->9995K(10240K)], 3.3941669 secs] [Times: user=3.67 sys=0.31, real=3.39 secs] 

*** PauseDetector detected a 3386 ms pause at Fri Dec 19 23:34:13 EET 2014 ***

[GC (Allocation Failure) [ParNew: 545344K->68096K(613440K), 0.0553436 secs] 1290345K->854147K(2010624K), 0.0553994 secs] [Times: user=0.20 sys=0.00, real=0.05 secs] 
[GC (Allocation Failure) [ParNew: 613440K->34168K(613440K), 0.0309246 secs] 1399491K->883921K(2010624K), 0.0309708 secs] [Times: user=0.13 sys=0.00, real=0.03 secs] 
[GC (Allocation Failure) [ParNew: 579512K->68096K(613440K), 0.0537243 secs] 1429265K->961822K(2010624K), 0.0538738 secs] [Times: user=0.22 sys=0.00, real=0.05 secs] 
[GC (Allocation Failure) [ParNew: 613440K->32626K(613440K), 0.0388481 secs] 1507166K->986504K(2010624K), 0.0388968 secs] [Times: user=0.17 sys=0.00, real=0.04 secs] 
[GC (Allocation Failure) [ParNew: 577970K->68096K(613440K), 0.0521268 secs] 1531848K->1061911K(2010624K), 0.0521723 secs] [Times: user=0.20 sys=0.00, real=0.05 secs] 
[GC (Allocation Failure) [ParNew: 613440K->20473K(613440K), 0.0292026 secs] 1607255K->1077837K(2010624K), 0.0292514 secs] [Times: user=0.13 sys=0.00, real=0.03 secs] 
[GC (Allocation Failure) [ParNew: 565817K->68096K(613440K), 0.0533907 secs] 1623181K->1165303K(2010624K), 0.0534401 secs] [Times: user=0.19 sys=0.00, real=0.05 secs] 
[GC (Allocation Failure) [ParNew: 613440K->34271K(613440K), 0.0299135 secs] 1710647K->1194891K(2010624K), 0.0299654 secs] [Times: user=0.16 sys=0.00, real=0.03 secs] 
[GC (CMS Initial Mark) [1 CMS-initial-mark: 1160620K(1397184K)] 1194894K(2010624K), 0.0040291 secs] [Times: user=0.00 sys=0.00, real=0.00 secs] 
[CMS-concurrent-mark-start]
[CMS-concurrent-mark: 1.139/1.139 secs] [Times: user=3.74 sys=0.00, real=1.15 secs] 
[CMS-concurrent-preclean-start]
[CMS-concurrent-preclean: 0.068/0.072 secs] [Times: user=0.13 sys=0.00, real=0.07 secs] 
[CMS-concurrent-abortable-preclean-start]
[GC (Allocation Failure) [ParNew[CMS-concurrent-abortable-preclean: 0.063/0.363 secs] [Times: user=0.56 sys=0.00, real=0.36 secs] 
: 579615K->68096K(613440K), 0.0543729 secs] 1740235K->1270242K(2010624K), 0.0544217 secs] [Times: user=0.20 sys=0.00, real=0.05 secs] 
[GC (CMS Final Remark) [YG occupancy: 68096 K (613440 K)][Rescan (parallel) , 0.0240193 secs][weak refs processing, 0.0000212 secs][class unloading, 0.0068751 secs][scrub symbol table, 0.0011048 secs][scrub string table, 0.0003529 secs][1 CMS-remark: 1202146K(1397184K)] 1270243K(2010624K), 0.0333369 secs] [Times: user=0.09 sys=0.00, real=0.03 secs] 
[CMS-concurrent-sweep-start]
[CMS-concurrent-sweep: 0.536/0.536 secs] [Times: user=1.08 sys=0.00, real=0.54 secs] 
[CMS-concurrent-reset-start]
[CMS-concurrent-reset: 0.003/0.003 secs] [Times: user=0.00 sys=0.00, real=0.00 secs] 
[GC (Allocation Failure) [ParNew: 613440K->33378K(613440K), 0.0351898 secs] 1291405K->773076K(2010624K), 0.0353399 secs] [Times: user=0.14 sys=0.00, real=0.04 secs] 
[GC (Allocation Failure) [ParNew: 578722K->68096K(613440K), 0.0515654 secs] 1318420K->850141K(2010624K), 0.0516116 secs] [Times: user=0.19 sys=0.00, real=0.05 secs] 
[GC (Allocation Failure) [ParNew: 613440K->26334K(613440K), 0.0274537 secs] 1395485K->869134K(2010624K), 0.0275050 secs] [Times: user=0.16 sys=0.00, real=0.02 secs] 
[GC (Allocation Failure) [ParNew (0: promotion failure size = 14056)  (1: promotion failure size = 14056)  (2: promotion failure size = 14056)  (3: promotion failure size = 14056)  (4: promotion failure size = 14056)  (5: promotion failure size = 14056)  (6: promotion failure size = 14056)  (7: promotion failure size = 14056)  (promotion failed): 571678K->613440K(613440K), 0.2813445 secs][CMS: 909057K->766391K(1397184K), 1.8824588 secs] 1414478K->766391K(2010624K), [Metaspace: 9995K->9995K(10240K)]
*** PauseDetector detected a 2167 ms pause at Fri Dec 19 23:34:35 EET 2014 ***

, 2.1639047 secs] [Times: user=2.74 sys=0.02, real=2.16 secs] 
[GC (Allocation Failure) [ParNew: 545344K->27333K(613440K), 0.0068848 secs] 1311735K->793725K(2010624K), 0.0070073 secs] [Times: user=0.00 sys=0.00, real=0.01 secs] 
[GC (Allocation Failure) [ParNew: 572677K->68096K(613440K), 0.1912904 secs] 1339069K->894444K(2010624K), 0.1913410 secs] [Times: user=0.89 sys=0.00, real=0.19 secs] 
[GC (Allocation Failure) [ParNew: 613440K->20540K(613440K), 0.0719181 secs] 1439788K->912007K(2010624K), 0.0719726 secs] [Times: user=0.22 sys=0.00, real=0.07 secs] 
[GC (Allocation Failure) [ParNew: 565884K->68096K(613440K), 0.1651583 secs] 1457351K->1013893K(2010624K), 0.1652045 secs] [Times: user=0.69 sys=0.00, real=0.16 secs] 
[GC (Allocation Failure) [ParNew: 613440K->34268K(613440K), 0.0646407 secs] 1559237K->1043830K(2010624K), 0.0646882 secs] [Times: user=0.25 sys=0.00, real=0.06 secs] 
[GC (Allocation Failure) [ParNew: 579612K->68096K(613440K), 0.1370457 secs] 1589174K->1127820K(2010624K), 0.1370951 secs] [Times: user=0.70 sys=0.00, real=0.14 secs] 
[GC (Allocation Failure) [ParNew: 613440K->34229K(613440K), 0.0591315 secs] 1673164K->1157591K(2010624K), 0.0591783 secs] [Times: user=0.22 sys=0.00, real=0.06 secs] 
[GC (Allocation Failure) [ParNew: 579573K->68096K(613440K), 0.1307596 secs] 1702935K->1241203K(2010624K), 0.1308622 secs] [Times: user=0.55 sys=0.00, real=0.13 secs] 
[GC (Allocation Failure) [ParNew: 613440K->20321K(613440K), 0.0543761 secs] 1786547K->1256246K(2010624K), 0.0544287 secs] [Times: user=0.19 sys=0.00, real=0.05 secs] 
[GC (CMS Initial Mark) [1 CMS-initial-mark: 1235925K(1397184K)] 1256249K(2010624K), 0.0053039 secs] [Times: user=0.00 sys=0.00, real=0.00 secs] 
[CMS-concurrent-mark-start]
[Full GC (System.gc()) [CMS[CMS-concurrent-mark: 1.229/1.229 secs] [Times: user=3.82 sys=0.00, real=1.23 secs] 
 (concurrent mode interrupted): 1235925K->745731K(1397184K), 2.4918834 secs] 1432709K->745731K(2010624K), [Metaspace: 9995K->9995K(10240K)], 2.4921664 secs] [Times: user=2.84 sys=0.00, real=2.48 secs] 
[Full GC (System.gc()) [CMS: 745731K->745731K(1397184K), 1.4405638 secs] 756656K->745731K(2010624K), [Metaspace: 9995K->9995K(10240K)], 1.4407864 secs] [Times: user=1.45 sys=0.00, real=1.44 secs] 
[Full GC (System.gc()) [CMS: 745731K->745653K(1397184K), 1.4543602 secs] 756658K->745653K(2010624K), [Metaspace: 9995K->9995K(10240K)]
*** PauseDetector detected a 3930 ms pause at Fri Dec 19 23:34:55 EET 2014 ***
, 1.4546553 secs] [Times: user=1.45 sys=0.00, real=1.46 secs] 


*** PauseDetector detected a 1472 ms pause at Fri Dec 19 23:34:56 EET 2014 ***

[GC (Allocation Failure) [ParNew: 545344K->7501K(613440K), 0.0099406 secs] 1290997K->753155K(2010624K), 0.0100067 secs] [Times: user=0.00 sys=0.00, real=0.01 secs] 
[GC (Allocation Failure) [ParNew: 552845K->68096K(613440K), 0.0997708 secs] 1298499K->860876K(2010624K), 0.0998189 secs] [Times: user=0.40 sys=0.00, real=0.09 secs] 
[GC (Allocation Failure) [ParNew: 613440K->26539K(613440K), 0.0541413 secs] 1406220K->883364K(2010624K), 0.0542042 secs] [Times: user=0.20 sys=0.00, real=0.05 secs] 
[GC (Allocation Failure) [ParNew: 571883K->68096K(613440K), 0.1114430 secs] 1428708K->970455K(2010624K), 0.1115020 secs] [Times: user=0.45 sys=0.00, real=0.11 secs] 
[GC (Allocation Failure) [ParNew: 613440K->41063K(613440K), 0.0601054 secs] 1515799K->1007395K(2010624K), 0.0601644 secs] [Times: user=0.20 sys=0.00, real=0.06 secs] 
[GC (Allocation Failure) [ParNew: 586407K->68096K(613440K), 0.0838476 secs] 1552739K->1079550K(2010624K), 0.0838950 secs] [Times: user=0.30 sys=0.00, real=0.07 secs] 
[Full GC (System.gc()) [CMS: 1011454K->745960K(1397184K), 1.6615174 secs] 1319896K->745960K(2010624K), [Metaspace: 9995K->9995K(10240K)], 1.6617971 secs] [Times: user=1.67 sys=0.00, real=1.66 secs] 
[Full GC (System.gc()) [CMS: 745960K->745882K(1397184K), 1.3900255 secs] 756886K->745882K(2010624K), [Metaspace: 9995K->9995K(10240K)], 1.3903290 secs] [Times: user=1.39 sys=0.00, real=1.39 secs] 
[Full GC (System.gc()) [CMS: 745882K->743444K(1397184K), 1.4122087 secs] 756808K->743444K(2010624K), [Metaspace: 9995K->9995K(10240K)]
*** PauseDetector detected a 1664 ms pause at Fri Dec 19 23:35:08 EET 2014 ***

, 1.4123845 secs] [Times: user=1.40 sys=0.00, real=1.42 secs] 
********************************
********** ROUND   13 **********
********************************

*** PauseDetector detected a 2812 ms pause at Fri Dec 19 23:35:10 EET 2014 ***

[GC (Allocation Failure) [ParNew: 545344K->68096K(613440K), 0.0770956 secs] 1288788K->857448K(2010624K), 0.0771463 secs] [Times: user=0.34 sys=0.00, real=0.07 secs] 
[GC (Allocation Failure) [ParNew: 613440K->23792K(613440K), 0.0411308 secs] 1402792K->875631K(2010624K), 0.0411789 secs] [Times: user=0.13 sys=0.00, real=0.04 secs] 
[GC (Allocation Failure) [ParNew: 569136K->68096K(613440K), 0.0756456 secs] 1420975K->964142K(2010624K), 0.0756918 secs] [Times: user=0.31 sys=0.00, real=0.07 secs] 
[GC (Allocation Failure) [ParNew: 613440K->27284K(613440K), 0.0371447 secs] 1509486K->985891K(2010624K), 0.0371966 secs] [Times: user=0.06 sys=0.00, real=0.03 secs] 
[GC (Allocation Failure) [ParNew: 572628K->68096K(613440K), 0.0695629 secs] 1531235K->1072625K(2010624K), 0.0696142 secs] [Times: user=0.34 sys=0.00, real=0.07 secs] 
[GC (Allocation Failure) [ParNew: 613440K->32858K(613440K), 0.0352058 secs] 1617969K->1097972K(2010624K), 0.0353232 secs] [Times: user=0.14 sys=0.00, real=0.04 secs] 
[GC (Allocation Failure) [ParNew: 578202K->68096K(613440K), 0.0707915 secs] 1643316K->1178365K(2010624K), 0.0708479 secs] [Times: user=0.28 sys=0.00, real=0.07 secs] 
[GC (Allocation Failure) [ParNew: 613440K->26322K(613440K), 0.0342075 secs] 1723709K->1197448K(2010624K), 0.0342537 secs] [Times: user=0.08 sys=0.00, real=0.03 secs] 
[GC (CMS Initial Mark) [1 CMS-initial-mark: 1171125K(1397184K)] 1208519K(2010624K), 0.0033234 secs] [Times: user=0.00 sys=0.00, real=0.00 secs] 
[CMS-concurrent-mark-start]
[CMS-concurrent-mark: 1.162/1.162 secs] [Times: user=3.73 sys=0.00, real=1.16 secs] 
[CMS-concurrent-preclean-start]
[CMS-concurrent-preclean: 0.112/0.118 secs] [Times: user=0.22 sys=0.00, real=0.12 secs] 
[CMS-concurrent-abortable-preclean-start]
[GC (Allocation Failure) [ParNew: 571666K->68096K(613440K), 0.0629181 secs] 1742792K->1281501K(2010624K), 0.0629675 secs] [Times: user=0.33 sys=0.00, real=0.06 secs] 
[CMS-concurrent-abortable-preclean: 0.759/1.327 secs] [Times: user=2.43 sys=0.00, real=1.33 secs] 
[GC (CMS Final Remark) [YG occupancy: 454299 K (613440 K)][Rescan (parallel) , 0.0747693 secs][weak refs processing, 0.0000154 secs][class unloading, 0.0061951 secs][scrub symbol table, 0.0010695 secs][scrub string table, 0.0003541 secs][1 CMS-remark: 1213405K(1397184K)] 1667704K(2010624K), 0.0833644 secs] [Times: user=0.58 sys=0.00, real=0.08 secs] 
[CMS-concurrent-sweep-start]
[GC (Allocation Failure) [ParNew: 613440K->27359K(613440K), 0.0382969 secs] 1826845K->1304230K(2010624K), 0.0383547 secs] [Times: user=0.14 sys=0.00, real=0.03 secs] 
[CMS-concurrent-sweep: 0.625/0.664 secs] [Times: user=1.51 sys=0.00, real=0.66 secs] 
[CMS-concurrent-reset-start]
[CMS-concurrent-reset: 0.003/0.003 secs] [Times: user=0.00 sys=0.00, real=0.00 secs] 
[GC (Allocation Failure) [ParNew: 572703K->68096K(613440K), 0.0688514 secs] 1315841K->853315K(2010624K), 0.0688988 secs] [Times: user=0.25 sys=0.00, real=0.07 secs] 
[GC (Allocation Failure) [ParNew: 613440K->47990K(613440K), 0.0351577 secs] 1398659K->896721K(2010624K), 0.0352828 secs] [Times: user=0.13 sys=0.00, real=0.03 secs] 
[GC (Allocation Failure) [ParNew: 593334K->68096K(613440K), 0.0791916 secs] 1442065K->958040K(2010624K), 0.0792398 secs] [Times: user=0.30 sys=0.00, real=0.08 secs] 
[GC (Allocation Failure) [ParNew (0: promotion failure size = 1854)  (1: promotion failure size = 1854)  (2: promotion failure size = 1854)  (3: promotion failure size = 1854)  (4: promotion failure size = 1854)  (5: promotion failure size = 1854)  (6: promotion failure size = 1854)  (7: promotion failure size = 1854)  (promotion failed): 613440K->572725K(613440K), 0.3382100 secs][CMS: 952920K->745652K(1397184K), 1.7135203 secs] 1503384K->745652K(2010624K), [Metaspace: 9995K->9995K(10240K)], 2.0518169 secs] [Times: user=2.12 sys=0.00, real=2.04 secs] 

*** PauseDetector detected a 2048 ms pause at Fri Dec 19 23:35:34 EET 2014 ***

[GC (Allocation Failure) [ParNew: 545344K->68096K(613440K), 0.0605924 secs] 1290996K->857588K(2010624K), 0.0606385 secs] [Times: user=0.28 sys=0.00, real=0.06 secs] 
[GC (Allocation Failure) [ParNew: 613440K->26596K(613440K), 0.0329231 secs] 1402932K->877807K(2010624K), 0.0329738 secs] [Times: user=0.08 sys=0.00, real=0.03 secs] 
[GC (Allocation Failure) [ParNew: 571940K->68096K(613440K), 0.0604390 secs] 1423151K->963478K(2010624K), 0.0604923 secs] [Times: user=0.26 sys=0.00, real=0.06 secs] 
[GC (Allocation Failure) [ParNew: 613440K->32767K(613440K), 0.0406329 secs] 1508822K->988731K(2010624K), 0.0406804 secs] [Times: user=0.13 sys=0.00, real=0.04 secs] 
[GC (Allocation Failure) [ParNew: 578111K->68096K(613440K), 0.0590609 secs] 1534075K->1066078K(2010624K), 0.0591398 secs] [Times: user=0.28 sys=0.00, real=0.06 secs] 
[GC (Allocation Failure) [ParNew: 613440K->26895K(613440K), 0.0326100 secs] 1611422K->1087317K(2010624K), 0.0326665 secs] [Times: user=0.06 sys=0.00, real=0.02 secs] 
[GC (Allocation Failure) [ParNew: 572239K->68096K(613440K), 0.0581345 secs] 1632661K->1169767K(2010624K), 0.0581967 secs] [Times: user=0.28 sys=0.00, real=0.06 secs] 
[GC (Allocation Failure) [ParNew: 613440K->40785K(613440K), 0.0361201 secs] 1715111K->1205553K(2010624K), 0.0362394 secs] [Times: user=0.13 sys=0.00, real=0.03 secs] 
[GC (CMS Initial Mark) [1 CMS-initial-mark: 1164767K(1397184K)] 1216480K(2010624K), 0.0022789 secs] [Times: user=0.00 sys=0.00, real=0.00 secs] 
[CMS-concurrent-mark-start]
[CMS-concurrent-mark: 1.138/1.138 secs] [Times: user=3.65 sys=0.00, real=1.14 secs] 
[CMS-concurrent-preclean-start]
[CMS-concurrent-preclean: 0.079/0.083 secs] [Times: user=0.16 sys=0.00, real=0.08 secs] 
[CMS-concurrent-abortable-preclean-start]
[GC (Allocation Failure) [ParNew: 586129K->68096K(613440K), 0.0650224 secs] 1750897K->1276915K(2010624K), 0.0650725 secs] [Times: user=0.28 sys=0.00, real=0.07 secs] 
[CMS-concurrent-abortable-preclean: 0.711/1.503 secs] [Times: user=2.47 sys=0.00, real=1.50 secs] 
[GC (CMS Final Remark) [YG occupancy: 432009 K (613440 K)][Rescan (parallel) , 0.0937015 secs][weak refs processing, 0.0000225 secs][class unloading, 0.0064209 secs][scrub symbol table, 0.0012645 secs][scrub string table, 0.0003580 secs][1 CMS-remark: 1208819K(1397184K)] 1640829K(2010624K), 0.1027388 secs] [Times: user=0.39 sys=0.00, real=0.10 secs] 
[CMS-concurrent-sweep-start]
[GC (Allocation Failure) [ParNew: 613440K->39094K(613440K), 0.0284815 secs] 1678417K->1164067K(2010624K), 0.0285302 secs] [Times: user=0.08 sys=0.00, real=0.02 secs] 
[CMS-concurrent-sweep: 0.534/0.563 secs] [Times: user=1.19 sys=0.00, real=0.56 secs] 
[CMS-concurrent-reset-start]
[CMS-concurrent-reset: 0.003/0.003 secs] [Times: user=0.05 sys=0.00, real=0.00 secs] 
[GC (Allocation Failure) [ParNew: 584438K->68096K(613440K), 0.0586362 secs] 1325493K->851551K(2010624K), 0.0586978 secs] [Times: user=0.20 sys=0.00, real=0.06 secs] 
[GC (Allocation Failure) [ParNew: 613440K->26585K(613440K), 0.0288087 secs] 1396895K->871598K(2010624K), 0.0288568 secs] [Times: user=0.13 sys=0.00, real=0.02 secs] 
[GC (Allocation Failure) [ParNew: 571929K->68096K(613440K), 0.0584861 secs] 1416942K->953547K(2010624K), 0.0585329 secs] [Times: user=0.19 sys=0.00, real=0.05 secs] 
[GC (Allocation Failure) [ParNew (0: promotion failure size = 97)  (1: promotion failure size = 1854)  (2: promotion failure size = 97)  (3: promotion failure size = 97)  (4: promotion failure size = 97)  (5: promotion failure size = 97)  (6: promotion failure size = 97)  (7: promotion failure size = 97)  (promotion failed): 613440K->593247K(613440K), 2.9286831 secs][CMS: 893538K->744870K(1397184K), 1.6742969 secs] 1498891K->744870K(2010624K), [Metaspace: 9995K->9995K(10240K)], 4.6030531 secs] [Times: user=4.77 sys=0.45, real=4.60 secs] 

*** PauseDetector detected a 4599 ms pause at Fri Dec 19 23:35:59 EET 2014 ***

[GC (Allocation Failure) [ParNew: 545344K->68096K(613440K), 0.0519016 secs] 1290214K->854542K(2010624K), 0.0519484 secs] [Times: user=0.20 sys=0.00, real=0.05 secs] 
[GC (Allocation Failure) [ParNew: 613440K->26894K(613440K), 0.0416902 secs] 1399886K->875897K(2010624K), 0.0417345 secs] [Times: user=0.13 sys=0.00, real=0.04 secs] 
[GC (Allocation Failure) [ParNew: 572238K->68096K(613440K), 0.0520831 secs] 1421241K->956981K(2010624K), 0.0521396 secs] [Times: user=0.20 sys=0.00, real=0.05 secs] 
[GC (Allocation Failure) [ParNew: 613440K->34241K(613440K), 0.0399837 secs] 1502325K->986614K(2010624K), 0.0400331 secs] [Times: user=0.13 sys=0.00, real=0.04 secs] 
[GC (Allocation Failure) [ParNew: 579585K->68096K(613440K), 0.0517835 secs] 1531958K->1060232K(2010624K), 0.0518483 secs] [Times: user=0.22 sys=0.00, real=0.05 secs] 
[GC (Allocation Failure) [ParNew: 613440K->34222K(613440K), 0.0399625 secs] 1605576K->1089767K(2010624K), 0.0400812 secs] [Times: user=0.13 sys=0.00, real=0.04 secs] 
[GC (Allocation Failure) [ParNew: 579566K->68096K(613440K), 0.0514422 secs] 1635111K->1163985K(2010624K), 0.0514922 secs] [Times: user=0.22 sys=0.00, real=0.05 secs] 
[GC (Allocation Failure) [ParNew: 613440K->27145K(613440K), 0.0274254 secs] 1709329K->1185958K(2010624K), 0.0274729 secs] [Times: user=0.13 sys=0.00, real=0.03 secs] 
[GC (CMS Initial Mark) [1 CMS-initial-mark: 1158812K(1397184K)] 1196885K(2010624K), 0.0028454 secs] [Times: user=0.00 sys=0.00, real=0.00 secs] 
[CMS-concurrent-mark-start]
[CMS-concurrent-mark: 1.137/1.137 secs] [Times: user=3.96 sys=0.00, real=1.14 secs] 
[CMS-concurrent-preclean-start]
[CMS-concurrent-preclean: 0.063/0.066 secs] [Times: user=0.13 sys=0.00, real=0.07 secs] 
[CMS-concurrent-abortable-preclean-start]
[GC (Allocation Failure) [ParNew[CMS-concurrent-abortable-preclean: 0.088/0.490 secs] [Times: user=0.67 sys=0.00, real=0.49 secs] 
: 572489K->68096K(613440K), 0.1769563 secs] 1731302K->1294604K(2010624K), 0.1770076 secs] [Times: user=0.80 sys=0.00, real=0.17 secs] 
[GC (CMS Final Remark) [YG occupancy: 79022 K (613440 K)][Rescan (parallel) , 0.0557420 secs][weak refs processing, 0.0000154 secs][class unloading, 0.0059987 secs][scrub symbol table, 0.0010714 secs][scrub string table, 0.0003535 secs][1 CMS-remark: 1226508K(1397184K)] 1305531K(2010624K), 0.0641300 secs] [Times: user=0.33 sys=0.00, real=0.07 secs] 
[CMS-concurrent-sweep-start]
[CMS-concurrent-sweep: 0.494/0.494 secs] [Times: user=0.98 sys=0.00, real=0.50 secs] 
[CMS-concurrent-reset-start]
[CMS-concurrent-reset: 0.003/0.003 secs] [Times: user=0.00 sys=0.00, real=0.00 secs] 
[GC (Allocation Failure) [ParNew: 613440K->27372K(613440K), 0.0792423 secs] 1316182K->794813K(2010624K), 0.0792943 secs] [Times: user=0.28 sys=0.00, real=0.07 secs] 
[GC (Allocation Failure) [ParNew: 572716K->68096K(613440K), 0.1914809 secs] 1340157K->892669K(2010624K), 0.1915438 secs] [Times: user=0.94 sys=0.00, real=0.19 secs] 
[GC (Allocation Failure) [ParNew: 613440K->27393K(613440K), 0.0719245 secs] 1438013K->915801K(2010624K), 0.0719739 secs] [Times: user=0.26 sys=0.00, real=0.07 secs] 
[GC (Allocation Failure) [ParNew: 572737K->68096K(613440K), 0.1644025 secs] 1461145K->1011651K(2010624K), 0.1644494 secs] [Times: user=0.75 sys=0.00, real=0.16 secs] 
[GC (Allocation Failure) [ParNew (0: promotion failure size = 9372)  (1: promotion failure size = 9372)  (2: promotion failure size = 9372)  (3: promotion failure size = 9372)  (4: promotion failure size = 9372)  (5: promotion failure size = 9372)  (6: promotion failure size = 9372)  (7: promotion failure size = 9372)  (promotion failed): 613440K->572427K(613440K), 0.1910164 secs][CMS: 1002390K->758537K(1397184K), 2.2084281 secs] 1556995K->758537K(2010624K), [Metaspace: 9995K->9995K(10240K)], 2.3995998 secs] [Times: user=2.51 sys=0.01, real=2.39 secs] 

*** PauseDetector detected a 2395 ms pause at Fri Dec 19 23:36:24 EET 2014 ***

[GC (Allocation Failure) [ParNew: 545344K->68096K(613440K), 0.1344820 secs] 1303881K->878765K(2010624K), 0.1345301 secs] [Times: user=0.61 sys=0.00, real=0.13 secs] 
[GC (Allocation Failure) [ParNew: 613440K->41097K(613440K), 0.0784917 secs] 1424109K->916366K(2010624K), 0.0785436 secs] [Times: user=0.30 sys=0.00, real=0.08 secs] 
[GC (Allocation Failure) [ParNew: 586441K->68096K(613440K), 0.1280008 secs] 1461710K->994424K(2010624K), 0.1280515 secs] [Times: user=0.53 sys=0.00, real=0.13 secs] 
[GC (Allocation Failure) [ParNew: 613440K->26682K(613440K), 0.0642352 secs] 1539768K->1015064K(2010624K), 0.0642885 secs] [Times: user=0.26 sys=0.00, real=0.06 secs] 
[GC (Allocation Failure) [ParNew: 572026K->68096K(613440K), 0.1170587 secs] 1560408K->1105880K(2010624K), 0.1171011 secs] [Times: user=0.50 sys=0.00, real=0.12 secs] 
[GC (Allocation Failure) [ParNew: 613440K->32951K(613440K), 0.0508680 secs] 1651224K->1131624K(2010624K), 0.0509135 secs] [Times: user=0.14 sys=0.00, real=0.05 secs] 
[GC (Allocation Failure) [ParNew: 578295K->68096K(613440K), 0.0998504 secs] 1676968K->1212601K(2010624K), 0.0998998 secs] [Times: user=0.50 sys=0.00, real=0.10 secs] 
[GC (Allocation Failure) [ParNew: 613440K->40963K(613440K), 0.0480252 secs] 1757945K->1248963K(2010624K), 0.0480887 secs] [Times: user=0.17 sys=0.00, real=0.05 secs] 
[GC (CMS Initial Mark) [1 CMS-initial-mark: 1207999K(1397184K)] 1259888K(2010624K), 0.0039354 secs] [Times: user=0.00 sys=0.00, real=0.00 secs] 
[CMS-concurrent-mark-start]
[CMS-concurrent-mark: 1.382/1.382 secs] [Times: user=4.63 sys=0.02, real=1.38 secs] 
[CMS-concurrent-preclean-start]
[CMS-concurrent-preclean: 0.150/0.160 secs] [Times: user=0.31 sys=0.00, real=0.16 secs] 
[CMS-concurrent-abortable-preclean-start]
[GC (Allocation Failure) [ParNew: 586307K->68096K(613440K), 0.0968542 secs] 1794307K->1321336K(2010624K), 0.0969242 secs] [Times: user=0.50 sys=0.00, real=0.10 secs] 
[CMS-concurrent-abortable-preclean: 0.793/1.100 secs] [Times: user=2.31 sys=0.00, real=1.10 secs] 
[GC (CMS Final Remark) [YG occupancy: 408846 K (613440 K)][Rescan (parallel) , 0.0728740 secs][weak refs processing, 0.0000205 secs][class unloading, 0.0071690 secs][scrub symbol table, 0.0011234 secs][scrub string table, 0.0003997 secs][1 CMS-remark: 1253240K(1397184K)] 1662087K(2010624K), 0.0828833 secs] [Times: user=0.44 sys=0.00, real=0.08 secs] 
[CMS-concurrent-sweep-start]
[GC (Allocation Failure) [ParNew: 613440K->34221K(613440K), 0.0493359 secs] 1794616K->1278898K(2010624K), 0.0493866 secs] [Times: user=0.17 sys=0.00, real=0.05 secs] 
[CMS-concurrent-sweep: 0.821/0.870 secs] [Times: user=2.04 sys=0.00, real=0.87 secs] 
[CMS-concurrent-reset-start]
[CMS-concurrent-reset: 0.003/0.003 secs] [Times: user=0.00 sys=0.00, real=0.00 secs] 
[GC (Allocation Failure) [ParNew: 579565K->68096K(613440K), 0.0985486 secs] 1327149K->861267K(2010624K), 0.0985974 secs] [Times: user=0.33 sys=0.02, real=0.10 secs] 
[GC (Allocation Failure) [ParNew: 613440K->40603K(613440K), 0.0394781 secs] 1406611K->896472K(2010624K), 0.0395301 secs] [Times: user=0.09 sys=0.00, real=0.03 secs] 
[GC (Allocation Failure) [ParNew (0: promotion failure size = 2779)  (1: promotion failure size = 2779)  (2: promotion failure size = 2779)  (3: promotion failure size = 2779)  (4: promotion failure size = 2779)  (5: promotion failure size = 2779)  (6: promotion failure size = 2779)  (7: promotion failure size = 2779)  (promotion failed): 585947K->613440K(613440K), 0.2938758 secs][CMS: 898804K->746549K(1397184K), 2.1021896 secs] 1441816K->746549K(2010624K), [Metaspace: 9995K->9995K(10240K)], 2.3962058 secs] [Times: user=2.70 sys=0.00, real=2.40 secs] 

*** PauseDetector detected a 2397 ms pause at Fri Dec 19 23:36:47 EET 2014 ***

[GC (Allocation Failure) [ParNew: 545344K->41033K(613440K), 0.0076341 secs] 1291893K->787582K(2010624K), 0.0076912 secs] [Times: user=0.00 sys=0.00, real=0.01 secs] 
[GC (Allocation Failure) [ParNew: 586377K->68096K(613440K), 0.0723800 secs] 1332926K->859659K(2010624K), 0.0724352 secs] [Times: user=0.39 sys=0.00, real=0.07 secs] 
[GC (Allocation Failure) [ParNew: 613440K->20195K(613440K), 0.0390822 secs] 1405003K->874802K(2010624K), 0.0391381 secs] [Times: user=0.14 sys=0.00, real=0.04 secs] 
[GC (Allocation Failure) [ParNew: 565539K->68096K(613440K), 0.0731955 secs] 1420146K->969004K(2010624K), 0.0732449 secs] [Times: user=0.28 sys=0.00, real=0.07 secs] 
[GC (Allocation Failure) [ParNew: 613440K->26113K(613440K), 0.0511952 secs] 1514348K->987137K(2010624K), 0.0512433 secs] [Times: user=0.20 sys=0.00, real=0.05 secs] 
[GC (Allocation Failure) [ParNew: 571457K->68096K(613440K), 0.0689919 secs] 1532481K->1072791K(2010624K), 0.0690470 secs] [Times: user=0.37 sys=0.00, real=0.07 secs] 
[GC (Allocation Failure) [ParNew: 613440K->40359K(613440K), 0.0395487 secs] 1618135K->1107712K(2010624K), 0.0395974 secs] [Times: user=0.14 sys=0.00, real=0.04 secs] 
[GC (Allocation Failure) [ParNew: 585703K->68096K(613440K), 0.0691728 secs] 1653056K->1180009K(2010624K), 0.0692164 secs] [Times: user=0.28 sys=0.00, real=0.07 secs] 
[GC (Allocation Failure) [ParNew: 613440K->33119K(613440K), 0.0344918 secs] 1725353K->1206250K(2010624K), 0.0345399 secs] [Times: user=0.13 sys=0.00, real=0.03 secs] 
[GC (CMS Initial Mark) [1 CMS-initial-mark: 1173131K(1397184K)] 1217175K(2010624K), 0.0030873 secs] [Times: user=0.00 sys=0.00, real=0.00 secs] 
[CMS-concurrent-mark-start]
[GC (Allocation Failure) [ParNew: 578463K->68096K(613440K), 0.0733597 secs] 1751594K->1284887K(2010624K), 0.0734579 secs] [Times: user=0.42 sys=0.00, real=0.07 secs] 
[CMS-concurrent-mark: 1.616/1.690 secs] [Times: user=5.66 sys=0.02, real=1.69 secs] 
[CMS-concurrent-preclean-start]
[CMS-concurrent-preclean: 0.123/0.130 secs] [Times: user=0.27 sys=0.00, real=0.13 secs] 
[CMS-concurrent-abortable-preclean-start]
[CMS-concurrent-abortable-preclean: 0.518/0.817 secs] [Times: user=1.36 sys=0.00, real=0.82 secs] 
[GC (CMS Final Remark) [YG occupancy: 441660 K (613440 K)][Rescan (parallel) , 0.0853886 secs][weak refs processing, 0.0000205 secs][class unloading, 0.0081474 secs][scrub symbol table, 0.0018022 secs][scrub string table, 0.0005800 secs][1 CMS-remark: 1216791K(1397184K)] 1658451K(2010624K), 0.0973585 secs] [Times: user=0.52 sys=0.00, real=0.10 secs] 
[CMS-concurrent-sweep-start]
[GC (Allocation Failure) [ParNew: 613440K->53501K(613440K), 0.0310350 secs] 1830231K->1332193K(2010624K), 0.0310850 secs] [Times: user=0.14 sys=0.00, real=0.03 secs] 
[CMS-concurrent-sweep: 0.655/0.687 secs] [Times: user=1.61 sys=0.00, real=0.69 secs] 
[CMS-concurrent-reset-start]
[CMS-concurrent-reset: 0.003/0.003 secs] [Times: user=0.00 sys=0.00, real=0.00 secs] 
[GC (Allocation Failure) [ParNew: 598845K->68096K(613440K), 0.0636058 secs] 1341764K->852265K(2010624K), 0.0636533 secs] [Times: user=0.23 sys=0.00, real=0.06 secs] 
[GC (Allocation Failure) [ParNew: 613440K->34172K(613440K), 0.0365050 secs] 1397609K->881794K(2010624K), 0.0366821 secs] [Times: user=0.13 sys=0.00, real=0.03 secs] 
[GC (Allocation Failure) [ParNew: 579516K->68096K(613440K), 0.0822173 secs] 1427138K->956770K(2010624K), 0.0822674 secs] [Times: user=0.23 sys=0.00, real=0.07 secs] 
[GC (Allocation Failure) [ParNew (0: promotion failure size = 1854)  (1: promotion failure size = 1854)  (2: promotion failure size = 1854)  (3: promotion failure size = 1854)  (4: promotion failure size = 1854)  (5: promotion failure size = 1854)  (6: promotion failure size = 1854)  (7: promotion failure size = 1854)  (promotion failed): 613440K->579560K(613440K), 2.4233214 secs][CMS: 928880K->745524K(1397184K), 1.6992087 secs] 1502114K->745524K(2010624K), [Metaspace: 9995K->9995K(10240K)], 4.1226019 secs] [Times: user=4.49 sys=0.48, real=4.12 secs] 

*** PauseDetector detected a 4121 ms pause at Fri Dec 19 23:37:14 EET 2014 ***

[GC (Allocation Failure) [ParNew: 545344K->68096K(613440K), 0.0566916 secs] 1290868K->857588K(2010624K), 0.0567416 secs] [Times: user=0.28 sys=0.00, real=0.06 secs] 
[GC (Allocation Failure) [ParNew: 613440K->33068K(613440K), 0.0324875 secs] 1402932K->883850K(2010624K), 0.0325382 secs] [Times: user=0.13 sys=0.00, real=0.03 secs] 
[GC (Allocation Failure) [ParNew: 578412K->68096K(613440K), 0.0579272 secs] 1429194K->960059K(2010624K), 0.0579709 secs] [Times: user=0.19 sys=0.00, real=0.06 secs] 
[GC (Allocation Failure) [ParNew: 613440K->20432K(613440K), 0.0437773 secs] 1505403K->975852K(2010624K), 0.0438671 secs] [Times: user=0.19 sys=0.00, real=0.04 secs] 
[GC (Allocation Failure) [ParNew: 565776K->68096K(613440K), 0.0544384 secs] 1521196K->1064291K(2010624K), 0.0544903 secs] [Times: user=0.25 sys=0.00, real=0.05 secs] 
[GC (Allocation Failure) [ParNew: 613440K->27415K(613440K), 0.0343282 secs] 1609635K->1087073K(2010624K), 0.0343750 secs] [Times: user=0.11 sys=0.00, real=0.03 secs] 
[GC (Allocation Failure) [ParNew: 572759K->68096K(613440K), 0.0570015 secs] 1632417K->1170120K(2010624K), 0.0570489 secs] [Times: user=0.20 sys=0.00, real=0.06 secs] 
[GC (Allocation Failure) [ParNew: 613440K->26773K(613440K), 0.0427553 secs] 1715464K->1190691K(2010624K), 0.0428034 secs] [Times: user=0.19 sys=0.00, real=0.04 secs] 
[GC (CMS Initial Mark) [1 CMS-initial-mark: 1163917K(1397184K)] 1190693K(2010624K), 0.0052757 secs] [Times: user=0.00 sys=0.00, real=0.00 secs] 
[CMS-concurrent-mark-start]
[CMS-concurrent-mark: 1.329/1.329 secs] [Times: user=4.41 sys=0.00, real=1.33 secs] 
[CMS-concurrent-preclean-start]
[CMS-concurrent-preclean: 0.080/0.085 secs] [Times: user=0.16 sys=0.00, real=0.09 secs] 
[CMS-concurrent-abortable-preclean-start]
[GC (Allocation Failure) [ParNew[CMS-concurrent-abortable-preclean: 0.024/0.123 secs] [Times: user=0.25 sys=0.00, real=0.12 secs] 
: 572117K->68096K(613440K), 0.0553616 secs] 1736035K->1272666K(2010624K), 0.0554315 secs] [Times: user=0.34 sys=0.00, real=0.06 secs] 
[GC (CMS Final Remark) [YG occupancy: 79022 K (613440 K)][Rescan (parallel) , 0.0307334 secs][weak refs processing, 0.0000366 secs][class unloading, 0.0105783 secs][scrub symbol table, 0.0019497 secs][scrub string table, 0.0006024 secs][1 CMS-remark: 1204570K(1397184K)] 1283593K(2010624K), 0.0453511 secs] [Times: user=0.22 sys=0.00, real=0.05 secs] 
[CMS-concurrent-sweep-start]
[CMS-concurrent-sweep: 0.622/0.622 secs] [Times: user=1.34 sys=0.00, real=0.62 secs] 
[CMS-concurrent-reset-start]
[CMS-concurrent-reset: 0.003/0.003 secs] [Times: user=0.03 sys=0.00, real=0.00 secs] 
[GC (Allocation Failure) [ParNew: 613440K->41004K(613440K), 0.0377535 secs] 1290816K->781720K(2010624K), 0.0378305 secs] [Times: user=0.16 sys=0.00, real=0.04 secs] 
[GC (Allocation Failure) [ParNew: 586348K->68096K(613440K), 0.0544634 secs] 1327064K->849267K(2010624K), 0.0545115 secs] [Times: user=0.19 sys=0.00, real=0.05 secs] 
[GC (Allocation Failure) [ParNew: 613440K->41065K(613440K), 0.0284128 secs] 1394611K->885655K(2010624K), 0.0284603 secs] [Times: user=0.16 sys=0.00, real=0.03 secs] 
[GC (Allocation Failure) [ParNew: 586409K->68096K(613440K), 0.0577630 secs] 1430999K->952604K(2010624K), 0.0578105 secs] [Times: user=0.23 sys=0.00, real=0.06 secs] 
[GC (Allocation Failure) [ParNew (0: promotion failure size = 101)  (1: promotion failure size = 101)  (2: promotion failure size = 101)  (3: promotion failure size = 101)  (4: promotion failure size = 101)  (5: promotion failure size = 101)  (6: promotion failure size = 1237)  (7: promotion failure size = 101)  (promotion failed): 613440K->579566K(613440K), 0.8844060 secs][CMS: 930898K->744330K(1397184K), 2.2203364 secs] 1497948K->744330K(2010624K), [Metaspace: 9995K->9995K(10240K)], 3.1048835 secs]
*** PauseDetector detected a 3105 ms pause at Fri Dec 19 23:37:38 EET 2014 ***

 [Times: user=3.15 sys=0.08, real=3.11 secs] 
[GC (Allocation Failure) [ParNew: 545344K->68096K(613440K), 0.0516481 secs] 1289674K->852654K(2010624K), 0.0516943 secs] [Times: user=0.28 sys=0.00, real=0.05 secs] 
[GC (Allocation Failure) [ParNew: 613440K->54753K(613440K), 0.0277032 secs] 1397998K->902991K(2010624K), 0.0277533 secs] [Times: user=0.11 sys=0.00, real=0.03 secs] 
[Full GC (System.gc()) [CMS: 848238K->741191K(1397184K), 1.5496445 secs] 1276938K->741191K(2010624K), [Metaspace: 9995K->9995K(10240K)], 1.5498601 secs] [Times: user=1.54 sys=0.00, real=1.55 secs] 
[Full GC (System.gc()) [CMS: 741191K->741114K(1397184K), 1.4261065 secs] 752086K->741114K(2010624K), [Metaspace: 9995K->9995K(10240K)]
*** PauseDetector detected a 1553 ms pause at Fri Dec 19 23:37:44 EET 2014 ***

, 1.4263092 secs] [Times: user=1.44 sys=0.00, real=1.43 secs] 
[Full GC (System.gc()) [CMS: 741114K->738555K(1397184K), 1.4398041 secs] 752008K->738555K(2010624K), [Metaspace: 9995K->9995K(10240K)]
*** PauseDetector detected a 2867 ms pause at Fri Dec 19 23:37:47 EET 2014 ***

, 1.4400467 secs] [Times: user=1.44 sys=0.00, real=1.44 secs] 
[GC (Allocation Failure) [ParNew: 545344K->68096K(613440K), 0.0499255 secs] 1283899K->847546K(2010624K), 0.0499762 secs] [Times: user=0.22 sys=0.00, real=0.05 secs] 
[GC (Allocation Failure) [ParNew: 613440K->20311K(613440K), 0.0406855 secs] 1392890K->862663K(2010624K), 0.0407580 secs] [Times: user=0.13 sys=0.00, real=0.04 secs] 
[GC (Allocation Failure) [ParNew: 565655K->68096K(613440K), 0.1645302 secs] 1408007K->978567K(2010624K), 0.1645790 secs] [Times: user=0.67 sys=0.00, real=0.16 secs] 
[GC (Allocation Failure) [ParNew: 613440K->20533K(613440K), 0.0956500 secs] 1523911K->995503K(2010624K), 0.0957116 secs] [Times: user=0.37 sys=0.00, real=0.10 secs] 
[GC (Allocation Failure) [ParNew: 565877K->68096K(613440K), 0.1897339 secs] 1540847K->1100441K(2010624K), 0.1897955 secs] [Times: user=0.92 sys=0.00, real=0.19 secs] 
[GC (Allocation Failure) [ParNew: 613440K->20502K(613440K), 0.0789023 secs] 1645785K->1116727K(2010624K), 0.0789626 secs] [Times: user=0.36 sys=0.00, real=0.08 secs] 
[Full GC (System.gc()) [CMS: 1096225K->726436K(1397184K), 1.6089409 secs] 1127698K->726436K(2010624K), [Metaspace: 9995K->9995K(10240K)], 1.6091744 secs] [Times: user=1.61 sys=0.00, real=1.61 secs] 
[Full GC (System.gc()) [CMS: 726436K->726436K(1397184K), 1.3640661 secs] 726438K->726436K(2010624K), [Metaspace: 9995K->9995K(10240K)], 1.3643093 secs] [Times: user=1.37 sys=0.00, real=1.36 secs] 
[Full GC (System.gc()) [CMS: 726436K->726436K(1397184K), 1.4427631 secs] 726438K->726436K(2010624K), [Metaspace: 9995K->9995K(10240K)]
*** PauseDetector detected a 2973 ms pause at Fri Dec 19 23:38:00 EET 2014 ***

, 1.4429838 secs] [Times: user=1.43 sys=0.00, real=1.44 secs] 
********************************
********** ROUND   14 **********
********************************

*** PauseDetector detected a 1449 ms pause at Fri Dec 19 23:38:01 EET 2014 ***

[GC (Allocation Failure) [ParNew: 545344K->68096K(613440K), 0.1459483 secs] 1271780K->851159K(2010624K), 0.1459983 secs] [Times: user=0.61 sys=0.00, real=0.14 secs] 
[GC (Allocation Failure) [ParNew: 613440K->34257K(613440K), 0.0659142 secs] 1396503K->881989K(2010624K), 0.0659662 secs] [Times: user=0.30 sys=0.00, real=0.06 secs] 
[GC (Allocation Failure) [ParNew: 579601K->68096K(613440K), 0.1361135 secs] 1427333K->967112K(2010624K), 0.1361572 secs] [Times: user=0.59 sys=0.00, real=0.14 secs] 
[GC (Allocation Failure) [ParNew: 613440K->33763K(613440K), 0.0590603 secs] 1512456K->995774K(2010624K), 0.0591071 secs] [Times: user=0.19 sys=0.00, real=0.06 secs] 
[GC (Allocation Failure) [ParNew: 579107K->68096K(613440K), 0.1272745 secs] 1541118K->1081385K(2010624K), 0.1273239 secs] [Times: user=0.53 sys=0.00, real=0.13 secs] 
[GC (Allocation Failure) [ParNew: 613440K->33115K(613440K), 0.0527735 secs] 1626729K->1107713K(2010624K), 0.0528896 secs] [Times: user=0.14 sys=0.00, real=0.05 secs] 
[GC (Allocation Failure) [ParNew: 578459K->68096K(613440K), 0.1161965 secs] 1653057K->1190013K(2010624K), 0.1162433 secs] [Times: user=0.48 sys=0.00, real=0.11 secs] 
[GC (Allocation Failure) [ParNew: 613440K->27001K(613440K), 0.0586362 secs] 1735357K->1211623K(2010624K), 0.0586830 secs] [Times: user=0.19 sys=0.00, real=0.06 secs] 
[GC (CMS Initial Mark) [1 CMS-initial-mark: 1184622K(1397184K)] 1211775K(2010624K), 0.0060436 secs] [Times: user=0.00 sys=0.02, real=0.01 secs] 
[CMS-concurrent-mark-start]
[CMS-concurrent-mark: 1.232/1.232 secs] [Times: user=4.12 sys=0.00, real=1.23 secs] 
[CMS-concurrent-preclean-start]
[CMS-concurrent-preclean: 0.176/0.188 secs] [Times: user=0.37 sys=0.00, real=0.19 secs] 
[CMS-concurrent-abortable-preclean-start]
[GC (Allocation Failure) [ParNew[CMS-concurrent-abortable-preclean: 0.073/0.371 secs] [Times: user=0.81 sys=0.00, real=0.37 secs] 
: 572345K->68096K(613440K), 0.0933679 secs] 1756967K->1298529K(2010624K), 0.0934141 secs] [Times: user=0.58 sys=0.00, real=0.09 secs] 
[GC (CMS Final Remark) [YG occupancy: 79128 K (613440 K)][Rescan (parallel) , 0.0569841 secs][weak refs processing, 0.0000212 secs][class unloading, 0.0065614 secs][scrub symbol table, 0.0010599 secs][scrub string table, 0.0003593 secs][1 CMS-remark: 1230433K(1397184K)] 1309561K(2010624K), 0.0659559 secs] [Times: user=0.37 sys=0.00, real=0.07 secs] 
[CMS-concurrent-sweep-start]
[CMS-concurrent-sweep: 0.721/0.721 secs] [Times: user=1.43 sys=0.00, real=0.72 secs] 
[CMS-concurrent-reset-start]
[CMS-concurrent-reset: 0.003/0.003 secs] [Times: user=0.00 sys=0.00, real=0.00 secs] 
[GC (Allocation Failure) [ParNew: 613440K->34245K(613440K), 0.0561879 secs] 1298215K->782560K(2010624K), 0.0562341 secs] [Times: user=0.20 sys=0.00, real=0.06 secs] 
[GC (Allocation Failure) [ParNew: 579589K->68096K(613440K), 0.0985191 secs] 1327904K->861631K(2010624K), 0.0985762 secs] [Times: user=0.41 sys=0.00, real=0.09 secs] 
[GC (Allocation Failure) [ParNew: 613440K->34215K(613440K), 0.0429785 secs] 1406975K->891272K(2010624K), 0.0430260 secs] [Times: user=0.14 sys=0.00, real=0.04 secs] 
[GC (Allocation Failure) [ParNew (6: promotion failure size = 4167)  (promotion failed): 579559K->613440K(613440K), 0.2365535 secs][CMS: 901873K->747978K(1397184K), 1.8379129 secs] 1436616K->747978K(2010624K), [Metaspace: 9995K->9995K(10240K)], 2.0745370 secs] [Times: user=2.42 sys=0.03, real=2.07 secs] 

*** PauseDetector detected a 2075 ms pause at Fri Dec 19 23:38:24 EET 2014 ***

[GC (Allocation Failure) [ParNew: 545344K->27346K(613440K), 0.0067462 secs] 1293322K->775325K(2010624K), 0.0067936 secs] [Times: user=0.06 sys=0.00, real=0.01 secs] 
[GC (Allocation Failure) [ParNew: 572690K->68096K(613440K), 0.0782748 secs] 1320669K->860249K(2010624K), 0.0783229 secs] [Times: user=0.30 sys=0.00, real=0.08 secs] 
[GC (Allocation Failure) [ParNew: 613440K->27417K(613440K), 0.0400683 secs] 1405593K->883871K(2010624K), 0.0401171 secs] [Times: user=0.08 sys=0.00, real=0.03 secs] 
[GC (Allocation Failure) [ParNew: 572761K->68096K(613440K), 0.0749085 secs] 1429215K->967715K(2010624K), 0.0749656 secs] [Times: user=0.28 sys=0.00, real=0.08 secs] 
[GC (Allocation Failure) [ParNew: 613440K->27426K(613440K), 0.0398002 secs] 1513059K->990915K(2010624K), 0.0398412 secs] [Times: user=0.14 sys=0.00, real=0.04 secs] 
[GC (Allocation Failure) [ParNew: 572770K->68096K(613440K), 0.0744106 secs] 1536259K->1074339K(2010624K), 0.0744581 secs] [Times: user=0.25 sys=0.00, real=0.08 secs] 
[GC (Allocation Failure) [ParNew: 613440K->27408K(613440K), 0.0345752 secs] 1619683K->1097191K(2010624K), 0.0346246 secs] [Times: user=0.16 sys=0.00, real=0.03 secs] 
[GC (Allocation Failure) [ParNew: 572752K->68096K(613440K), 0.0673251 secs] 1642535K->1180380K(2010624K), 0.0673757 secs] [Times: user=0.33 sys=0.01, real=0.07 secs] 
[GC (Allocation Failure) [ParNew: 613440K->34276K(613440K), 0.0348356 secs] 1725724K->1210152K(2010624K), 0.0349511 secs] [Times: user=0.13 sys=0.00, real=0.03 secs] 
[GC (CMS Initial Mark) [1 CMS-initial-mark: 1175876K(1397184K)] 1210152K(2010624K), 0.0031302 secs] [Times: user=0.00 sys=0.00, real=0.01 secs] 
[CMS-concurrent-mark-start]
[CMS-concurrent-mark: 1.048/1.048 secs] [Times: user=3.48 sys=0.00, real=1.05 secs] 
[CMS-concurrent-preclean-start]
[CMS-concurrent-preclean: 0.098/0.105 secs] [Times: user=0.19 sys=0.00, real=0.11 secs] 
[CMS-concurrent-abortable-preclean-start]
[GC (Allocation Failure) [ParNew: 579620K->68096K(613440K), 0.0717038 secs] 1755496K->1287529K(2010624K), 0.0717526 secs] [Times: user=0.34 sys=0.00, real=0.07 secs] 
[CMS-concurrent-abortable-preclean: 0.812/1.510 secs] [Times: user=2.59 sys=0.00, real=1.51 secs] 
[GC (CMS Final Remark) [YG occupancy: 474947 K (613440 K)][Rescan (parallel) , 0.0928020 secs][weak refs processing, 0.0000218 secs][class unloading, 0.0061842 secs][scrub symbol table, 0.0010657 secs][scrub string table, 0.0003548 secs][1 CMS-remark: 1219433K(1397184K)] 1694380K(2010624K), 0.1014024 secs] [Times: user=0.53 sys=0.00, real=0.10 secs] 
[CMS-concurrent-sweep-start]
[GC (Allocation Failure) [ParNew: 613440K->40358K(613440K), 0.0334357 secs] 1832873K->1321980K(2010624K), 0.0334896 secs] [Times: user=0.19 sys=0.00, real=0.03 secs] 
[CMS-concurrent-sweep: 0.716/0.750 secs] [Times: user=1.72 sys=0.00, real=0.75 secs] 
[CMS-concurrent-reset-start]
[CMS-concurrent-reset: 0.003/0.003 secs] [Times: user=0.00 sys=0.00, real=0.00 secs] 
[GC (Allocation Failure) [ParNew: 585702K->68096K(613440K), 0.0675316 secs] 1329055K->854279K(2010624K), 0.0675778 secs] [Times: user=0.28 sys=0.00, real=0.06 secs] 
[GC (Allocation Failure) [ParNew: 613440K->27076K(613440K), 0.0490235 secs] 1399623K->875990K(2010624K), 0.0490716 secs] [Times: user=0.20 sys=0.00, real=0.05 secs] 
[GC (Allocation Failure) [ParNew: 572420K->68096K(613440K), 0.0920815 secs] 1421334K->958209K(2010624K), 0.0921290 secs] [Times: user=0.28 sys=0.00, real=0.09 secs] 
[GC (Allocation Failure) [ParNew (0: promotion failure size = 1854)  (1: promotion failure size = 1854)  (2: promotion failure size = 1854)  (3: promotion failure size = 1854)  (4: promotion failure size = 1854)  (5: promotion failure size = 1854)  (6: promotion failure size = 1854)  (7: promotion failure size = 1854)  (promotion failed): 613440K->559045K(613440K), 1.5043146 secs][CMS: 936339K->745645K(1397184K), 1.9521943 secs] 1503553K->745645K(2010624K), [Metaspace: 10001K->10001K(10240K)], 3.4566506 secs] [Times: user=3.59 sys=0.23, real=3.46 secs] 

*** PauseDetector detected a 3462 ms pause at Fri Dec 19 23:38:50 EET 2014 ***

[GC (Allocation Failure) [ParNew: 545344K->68096K(613440K), 0.0602838 secs] 1290989K->856861K(2010624K), 0.0603299 secs] [Times: user=0.28 sys=0.00, real=0.06 secs] 
[GC (Allocation Failure) [ParNew: 613440K->26957K(613440K), 0.0325888 secs] 1402205K->878221K(2010624K), 0.0326312 secs] [Times: user=0.13 sys=0.00, real=0.03 secs] 
[GC (Allocation Failure) [ParNew: 572301K->68096K(613440K), 0.0597461 secs] 1423565K->963823K(2010624K), 0.0597994 secs] [Times: user=0.22 sys=0.00, real=0.06 secs] 
[GC (Allocation Failure) [ParNew: 613440K->26136K(613440K), 0.0303735 secs] 1509167K->982062K(2010624K), 0.0304980 secs] [Times: user=0.08 sys=0.00, real=0.03 secs] 
[GC (Allocation Failure) [ParNew: 571480K->68096K(613440K), 0.0587959 secs] 1527406K->1068227K(2010624K), 0.0588415 secs] [Times: user=0.20 sys=0.00, real=0.06 secs] 
[GC (Allocation Failure) [ParNew: 613440K->32571K(613440K), 0.0291269 secs] 1613571K->1092966K(2010624K), 0.0291757 secs] [Times: user=0.06 sys=0.00, real=0.02 secs] 
[GC (Allocation Failure) [ParNew: 577915K->68096K(613440K), 0.0576251 secs] 1638310K->1171648K(2010624K), 0.0576751 secs] [Times: user=0.22 sys=0.00, real=0.06 secs] 
[GC (Allocation Failure) [ParNew: 613440K->26387K(613440K), 0.0316265 secs] 1716992K->1190948K(2010624K), 0.0316714 secs] [Times: user=0.06 sys=0.00, real=0.03 secs] 
[GC (CMS Initial Mark) [1 CMS-initial-mark: 1164560K(1397184K)] 1201842K(2010624K), 0.0034684 secs] [Times: user=0.00 sys=0.00, real=0.00 secs] 
[CMS-concurrent-mark-start]
[CMS-concurrent-mark: 1.109/1.109 secs] [Times: user=3.57 sys=0.00, real=1.12 secs] 
[CMS-concurrent-preclean-start]
[CMS-concurrent-preclean: 0.077/0.082 secs] [Times: user=0.16 sys=0.00, real=0.08 secs] 
[CMS-concurrent-abortable-preclean-start]
[GC (Allocation Failure) [ParNew[CMS-concurrent-abortable-preclean: 0.072/0.392 secs] [Times: user=0.61 sys=0.00, real=0.39 secs] 
: 571731K->68096K(613440K), 0.0601625 secs] 1736292K->1274946K(2010624K), 0.0602074 secs] [Times: user=0.20 sys=0.00, real=0.06 secs] 
[GC (CMS Final Remark) [YG occupancy: 79081 K (613440 K)][Rescan (parallel) , 0.0286457 secs][weak refs processing, 0.0000199 secs][class unloading, 0.0063291 secs][scrub symbol table, 0.0011093 secs][scrub string table, 0.0003554 secs][1 CMS-remark: 1206850K(1397184K)] 1285932K(2010624K), 0.0374424 secs] [Times: user=0.09 sys=0.00, real=0.03 secs] 
[CMS-concurrent-sweep-start]
[CMS-concurrent-sweep: 0.535/0.535 secs] [Times: user=1.08 sys=0.00, real=0.54 secs] 
[CMS-concurrent-reset-start]
[CMS-concurrent-reset: 0.003/0.003 secs] [Times: user=0.00 sys=0.00, real=0.00 secs] 
[GC (Allocation Failure) [ParNew: 613440K->33412K(613440K), 0.0486616 secs] 1292513K->774334K(2010624K), 0.0487084 secs] [Times: user=0.14 sys=0.00, real=0.05 secs] 
[GC (Allocation Failure) [ParNew: 578756K->68096K(613440K), 0.0562855 secs] 1319678K->853142K(2010624K), 0.0563342 secs] [Times: user=0.25 sys=0.00, real=0.05 secs] 
[GC (Allocation Failure) [ParNew: 613440K->25974K(613440K), 0.0288754 secs] 1398486K->870853K(2010624K), 0.0289222 secs] [Times: user=0.13 sys=0.00, real=0.03 secs] 
[GC (Allocation Failure) [ParNew: 571318K->68096K(613440K), 0.0575263 secs] 1416197K->953398K(2010624K), 0.0575744 secs] [Times: user=0.19 sys=0.00, real=0.05 secs] 
[GC (Allocation Failure) [ParNew (0: promotion failure size = 97)  (1: promotion failure size = 97)  (2: promotion failure size = 97)  (3: promotion failure size = 97)  (4: promotion failure size = 97)  (5: promotion failure size = 97)  (6: promotion failure size = 97)  (7: promotion failure size = 97)  (promotion failed): 613440K->572676K(613440K), 1.9361292 secs][CMS: 918500K->744877K(1397184K), 1.9934469 secs] 1498742K->744877K(2010624K), [Metaspace: 10001K->10001K(10240K)], 3.9296474 secs] [Times: user=4.28 sys=0.41, real=3.93 secs] 

*** PauseDetector detected a 3933 ms pause at Fri Dec 19 23:39:15 EET 2014 ***

[GC (Allocation Failure) [ParNew: 545344K->68096K(613440K), 0.0512279 secs] 1290221K->854560K(2010624K), 0.0512747 secs] [Times: user=0.20 sys=0.00, real=0.05 secs] 
[GC (Allocation Failure) [ParNew: 613440K->33648K(613440K), 0.0354901 secs] 1399904K->882596K(2010624K), 0.0355382 secs] [Times: user=0.13 sys=0.00, real=0.04 secs] 
[GC (Allocation Failure) [ParNew: 578992K->68096K(613440K), 0.0517085 secs] 1427940K->961056K(2010624K), 0.0517611 secs] [Times: user=0.19 sys=0.00, real=0.05 secs] 
[GC (Allocation Failure) [ParNew: 613440K->25803K(613440K), 0.0273998 secs] 1506400K->978302K(2010624K), 0.0274530 secs] [Times: user=0.13 sys=0.00, real=0.02 secs] 
[GC (Allocation Failure) [ParNew: 571147K->68096K(613440K), 0.0520742 secs] 1523646K->1062634K(2010624K), 0.0521216 secs] [Times: user=0.20 sys=0.00, real=0.05 secs] 
[GC (Allocation Failure) [ParNew: 613440K->33090K(613440K), 0.0285116 secs] 1607978K->1088856K(2010624K), 0.0285700 secs] [Times: user=0.13 sys=0.00, real=0.03 secs] 
[GC (Allocation Failure) [ParNew: 578434K->68096K(613440K), 0.0525040 secs] 1634200K->1164995K(2010624K), 0.0525502 secs] [Times: user=0.22 sys=0.00, real=0.05 secs] 
[GC (Allocation Failure) [ParNew: 613440K->20080K(613440K), 0.0273979 secs] 1710339K->1179045K(2010624K), 0.0274498 secs] [Times: user=0.06 sys=0.00, real=0.03 secs] 
[GC (CMS Initial Mark) [1 CMS-initial-mark: 1158965K(1397184K)] 1189938K(2010624K), 0.0056574 secs] [Times: user=0.00 sys=0.00, real=0.00 secs] 
[CMS-concurrent-mark-start]
[CMS-concurrent-mark: 1.257/1.257 secs] [Times: user=4.51 sys=0.00, real=1.26 secs] 
[CMS-concurrent-preclean-start]
[CMS-concurrent-preclean: 0.066/0.070 secs] [Times: user=0.16 sys=0.00, real=0.07 secs] 
[CMS-concurrent-abortable-preclean-start]
[GC (Allocation Failure) [ParNew[CMS-concurrent-abortable-preclean: 0.089/0.519 secs] [Times: user=0.98 sys=0.00, real=0.52 secs] 
: 565424K->68096K(613440K), 0.1702236 secs] 1724389K->1294557K(2010624K), 0.1702755 secs] [Times: user=0.76 sys=0.00, real=0.17 secs] 
[GC (CMS Final Remark) [YG occupancy: 68098 K (613440 K)][Rescan (parallel) , 0.0472341 secs][weak refs processing, 0.0000205 secs][class unloading, 0.0063247 secs][scrub symbol table, 0.0010599 secs][scrub string table, 0.0003541 secs][1 CMS-remark: 1226461K(1397184K)] 1294559K(2010624K), 0.0559583 secs] [Times: user=0.28 sys=0.00, real=0.05 secs] 
[CMS-concurrent-sweep-start]
[CMS-concurrent-sweep: 0.532/0.532 secs] [Times: user=1.09 sys=0.00, real=0.54 secs] 
[CMS-concurrent-reset-start]
[CMS-concurrent-reset: 0.003/0.003 secs] [Times: user=0.00 sys=0.00, real=0.00 secs] 
[GC (Allocation Failure) [ParNew: 613440K->41020K(613440K), 0.0791596 secs] 1316153K->808433K(2010624K), 0.0792706 secs] [Times: user=0.31 sys=0.00, real=0.08 secs] 
[GC (Allocation Failure) [ParNew: 586364K->68096K(613440K), 0.1876513 secs] 1353777K->892732K(2010624K), 0.1877078 secs] [Times: user=0.87 sys=0.00, real=0.19 secs] 
[GC (Allocation Failure) [ParNew: 613440K->34197K(613440K), 0.0767498 secs] 1438076K->922537K(2010624K), 0.0767998 secs] [Times: user=0.27 sys=0.00, real=0.08 secs] 
[GC (Allocation Failure) [ParNew: 579541K->68096K(613440K), 0.1616714 secs] 1467881K->1010772K(2010624K), 0.1617888 secs] [Times: user=0.70 sys=0.00, real=0.16 secs] 
[GC (Allocation Failure) [ParNew (0: promotion failure size = 9372)  (1: promotion failure size = 9372)  (2: promotion failure size = 9372)  (3: promotion failure size = 9372)  (4: promotion failure size = 9372)  (5: promotion failure size = 9372)  (6: promotion failure size = 9372)  (7: promotion failure size = 9372)  (promotion failed): 613440K->593195K(613440K), 0.1863034 secs][CMS: 1002029K->758540K(1397184K), 1.7950287 secs] 1556116K->758540K(2010624K), [Metaspace: 10001K->10001K(10240K)], 1.9814039 secs] [Times: user=2.08 sys=0.02, real=1.98 secs] 

*** PauseDetector detected a 1982 ms pause at Fri Dec 19 23:39:39 EET 2014 ***

[GC (Allocation Failure) [ParNew: 545344K->68096K(613440K), 0.1335832 secs] 1303884K->878791K(2010624K), 0.1336422 secs] [Times: user=0.61 sys=0.00, real=0.13 secs] 
[GC (Allocation Failure) [ParNew: 613440K->20529K(613440K), 0.0588858 secs] 1424135K->895753K(2010624K), 0.0589332 secs] [Times: user=0.14 sys=0.00, real=0.06 secs] 
[GC (Allocation Failure) [ParNew: 565873K->68096K(613440K), 0.1241757 secs] 1441097K->992518K(2010624K), 0.1242219 secs] [Times: user=0.48 sys=0.00, real=0.12 secs] 
[GC (Allocation Failure) [ParNew: 613440K->34283K(613440K), 0.0591469 secs] 1537862K->1022619K(2010624K), 0.0593002 secs] [Times: user=0.16 sys=0.00, real=0.06 secs] 
[GC (Allocation Failure) [ParNew: 579627K->68096K(613440K), 0.1199426 secs] 1567963K->1105016K(2010624K), 0.1199920 secs] [Times: user=0.51 sys=0.00, real=0.11 secs] 
[GC (Allocation Failure) [ParNew: 613440K->26635K(613440K), 0.0491672 secs] 1650360K->1125136K(2010624K), 0.0492166 secs] [Times: user=0.20 sys=0.00, real=0.05 secs] 
[GC (Allocation Failure) [ParNew: 571979K->68096K(613440K), 0.1024731 secs] 1670480K->1212382K(2010624K), 0.1025219 secs] [Times: user=0.44 sys=0.00, real=0.10 secs] 
[GC (Allocation Failure) [ParNew: 613440K->27364K(613440K), 0.0466291 secs] 1757726K->1235192K(2010624K), 0.0466888 secs] [Times: user=0.14 sys=0.00, real=0.05 secs] 
[GC (CMS Initial Mark) [1 CMS-initial-mark: 1207828K(1397184K)] 1235195K(2010624K), 0.0046007 secs] [Times: user=0.00 sys=0.00, real=0.00 secs] 
[CMS-concurrent-mark-start]
[CMS-concurrent-mark: 1.186/1.186 secs] [Times: user=3.93 sys=0.00, real=1.19 secs] 
[CMS-concurrent-preclean-start]
[CMS-concurrent-preclean: 0.162/0.173 secs] [Times: user=0.34 sys=0.00, real=0.17 secs] 
[CMS-concurrent-abortable-preclean-start]
[GC (Allocation Failure) [ParNew[CMS-concurrent-abortable-preclean: 0.072/0.430 secs] [Times: user=0.91 sys=0.00, real=0.43 secs] 
: 572708K->68096K(613440K), 0.1109330 secs] 1780536K->1322984K(2010624K), 0.1109830 secs] [Times: user=0.48 sys=0.00, real=0.11 secs] 
[GC (CMS Final Remark) [YG occupancy: 78990 K (613440 K)][Rescan (parallel) , 0.0539328 secs][weak refs processing, 0.0001444 secs][class unloading, 0.0069354 secs][scrub symbol table, 0.0011221 secs][scrub string table, 0.0003593 secs][1 CMS-remark: 1254888K(1397184K)] 1333879K(2010624K), 0.0634820 secs] [Times: user=0.36 sys=0.00, real=0.06 secs] 
[CMS-concurrent-sweep-start]
[CMS-concurrent-sweep: 0.789/0.789 secs] [Times: user=1.61 sys=0.00, real=0.79 secs] 
[CMS-concurrent-reset-start]
[CMS-concurrent-reset: 0.003/0.003 secs] [Times: user=0.00 sys=0.00, real=0.00 secs] 
[GC (Allocation Failure) [ParNew: 613440K->33440K(613440K), 0.0434353 secs] 1299168K->780919K(2010624K), 0.0434879 secs] [Times: user=0.14 sys=0.00, real=0.04 secs] 
[GC (Allocation Failure) [ParNew: 578784K->68096K(613440K), 0.0880332 secs] 1326263K->860383K(2010624K), 0.0880800 secs] [Times: user=0.36 sys=0.00, real=0.09 secs] 
[GC (Allocation Failure) [ParNew: 613440K->34161K(613440K), 0.0425352 secs] 1405727K->890082K(2010624K), 0.0426552 secs] [Times: user=0.13 sys=0.00, real=0.04 secs] 
[GC (Allocation Failure) [ParNew (0: promotion failure size = 2779)  (1: promotion failure size = 2779)  (2: promotion failure size = 2779)  (3: promotion failure size = 2779)  (4: promotion failure size = 2779)  (5: promotion failure size = 2779)  (6: promotion failure size = 2779)  (7: promotion failure size = 2779)  (promotion failed): 579505K->613440K(613440K), 0.2826245 secs][CMS: 898845K->746557K(1397184K), 2.1589203 secs] 1435426K->746557K(2010624K), [Metaspace: 10001K->10001K(10240K)], 2.4416153 secs] [Times: user=2.76 sys=0.00, real=2.44 secs] 

*** PauseDetector detected a 2441 ms pause at Fri Dec 19 23:40:02 EET 2014 ***

[GC (Allocation Failure) [ParNew: 545344K->27369K(613440K), 0.0070631 secs] 1291901K->773927K(2010624K), 0.0071080 secs] [Times: user=0.06 sys=0.00, real=0.01 secs] 
[GC (Allocation Failure) [ParNew: 572713K->68096K(613440K), 0.0746903 secs] 1319271K->859705K(2010624K), 0.0747378 secs] [Times: user=0.28 sys=0.00, real=0.07 secs] 
[GC (Allocation Failure) [ParNew: 613440K->33702K(613440K), 0.0459099 secs] 1405049K->888319K(2010624K), 0.0459606 secs] [Times: user=0.14 sys=0.00, real=0.05 secs] 
[GC (Allocation Failure) [ParNew: 579046K->68096K(613440K), 0.0711957 secs] 1433663K->966479K(2010624K), 0.0712425 secs] [Times: user=0.30 sys=0.00, real=0.07 secs] 
[GC (Allocation Failure) [ParNew: 613440K->27043K(613440K), 0.0609965 secs] 1511823K->988310K(2010624K), 0.0610562 secs] [Times: user=0.23 sys=0.02, real=0.05 secs] 
[GC (Allocation Failure) [ParNew: 572387K->68096K(613440K), 0.0706260 secs] 1533654K->1073256K(2010624K), 0.0707710 secs] [Times: user=0.25 sys=0.00, real=0.07 secs] 
[GC (Allocation Failure) [ParNew: 613440K->33586K(613440K), 0.0484031 secs] 1618600K->1101049K(2010624K), 0.0484505 secs] [Times: user=0.20 sys=0.00, real=0.05 secs] 
[GC (Allocation Failure) [ParNew: 578930K->68096K(613440K), 0.0687506 secs] 1646393K->1177790K(2010624K), 0.0688000 secs] [Times: user=0.27 sys=0.00, real=0.07 secs] 
[GC (Allocation Failure) [ParNew: 613440K->34181K(613440K), 0.0411969 secs] 1723134K->1207540K(2010624K), 0.0413778 secs] [Times: user=0.13 sys=0.00, real=0.04 secs] 
[GC (CMS Initial Mark) [1 CMS-initial-mark: 1173358K(1397184K)] 1207540K(2010624K), 0.0032528 secs] [Times: user=0.00 sys=0.00, real=0.00 secs] 
[CMS-concurrent-mark-start]
[CMS-concurrent-mark: 1.082/1.082 secs] [Times: user=3.60 sys=0.00, real=1.09 secs] 
[CMS-concurrent-preclean-start]
[CMS-concurrent-preclean: 0.090/0.095 secs] [Times: user=0.19 sys=0.00, real=0.10 secs] 
[CMS-concurrent-abortable-preclean-start]
[GC (Allocation Failure) [ParNew[CMS-concurrent-abortable-preclean: 0.057/0.413 secs] [Times: user=0.67 sys=0.00, real=0.41 secs] 
: 579525K->68096K(613440K), 0.0673732 secs] 1752884K->1286766K(2010624K), 0.0674206 secs] [Times: user=0.28 sys=0.00, real=0.06 secs] 
[GC (CMS Final Remark) [YG occupancy: 79062 K (613440 K)][Rescan (parallel) , 0.0340465 secs][weak refs processing, 0.0000154 secs][class unloading, 0.0062919 secs][scrub symbol table, 0.0011613 secs][scrub string table, 0.0003548 secs][1 CMS-remark: 1218670K(1397184K)] 1297733K(2010624K), 0.0428207 secs] [Times: user=0.23 sys=0.00, real=0.04 secs] 
[CMS-concurrent-sweep-start]
[CMS-concurrent-sweep: 0.581/0.581 secs] [Times: user=1.18 sys=0.00, real=0.59 secs] 
[CMS-concurrent-reset-start]
[CMS-concurrent-reset: 0.003/0.003 secs] [Times: user=0.00 sys=0.00, real=0.00 secs] 
[GC (Allocation Failure) [ParNew: 613440K->32644K(613440K), 0.0316367 secs] 1296328K->775781K(2010624K), 0.0317593 secs] [Times: user=0.08 sys=0.00, real=0.03 secs] 
[Full GC (System.gc()) [CMS: 743137K->740069K(1397184K), 1.9868464 secs] 897015K->740069K(2010624K), [Metaspace: 10001K->10001K(10240K)], 1.9871858 secs] [Times: user=1.97 sys=0.00, real=1.98 secs] 
[Full GC (System.gc()) [CMS: 740069K->740070K(1397184K), 1.4436927 secs] 750962K->740070K(2010624K), [Metaspace: 10001K->10001K(10240K)], 1.4439686 secs] [Times: user=1.45 sys=0.00, real=1.44 secs] 
[Full GC (System.gc()) [CMS: 740070K->739993K(1397184K), 1.4066815 secs] 750964K->739993K(2010624K), [Metaspace: 10001K->10001K(10240K)]
*** PauseDetector detected a 3429 ms pause at Fri Dec 19 23:40:23 EET 2014 ***

, 1.4068599 secs] [Times: user=1.40 sys=0.00, real=1.41 secs] 

*** PauseDetector detected a 1424 ms pause at Fri Dec 19 23:40:24 EET 2014 ***

[GC (Allocation Failure) [ParNew: 545344K->7073K(613440K), 0.0111339 secs] 1285337K->747066K(2010624K), 0.0112064 secs] [Times: user=0.06 sys=0.00, real=0.01 secs] 
[GC (Allocation Failure) [ParNew: 552417K->68096K(613440K), 0.0595017 secs] 1292410K->850285K(2010624K), 0.0595485 secs] [Times: user=0.22 sys=0.00, real=0.06 secs] 
[GC (Allocation Failure) [ParNew: 613440K->26327K(613440K), 0.0419007 secs] 1395629K->871913K(2010624K), 0.0419674 secs] [Times: user=0.13 sys=0.00, real=0.04 secs] 
[GC (Allocation Failure) [ParNew: 571671K->68096K(613440K), 0.0710776 secs] 1417257K->955182K(2010624K), 0.0711386 secs] [Times: user=0.31 sys=0.00, real=0.07 secs] 
[GC (Allocation Failure) [ParNew: 613440K->33968K(613440K), 0.0449212 secs] 1500526K->984218K(2010624K), 0.0449822 secs] [Times: user=0.12 sys=0.00, real=0.04 secs] 
[GC (Allocation Failure) [ParNew: 579312K->68096K(613440K), 0.0576443 secs] 1529562K->1059951K(2010624K), 0.0577021 secs] [Times: user=0.28 sys=0.00, real=0.06 secs] 
[Full GC (System.gc()) [CMS: 991855K->743242K(1397184K), 1.6909657 secs] 1410950K->743242K(2010624K), [Metaspace: 10001K->10001K(10240K)], 1.6912435 secs] [Times: user=1.70 sys=0.00, real=1.69 secs] 
[Full GC (System.gc()) [CMS: 743242K->743165K(1397184K), 1.3866008 secs] 754191K->743165K(2010624K), [Metaspace: 10001K->10001K(10240K)], 1.3868889 secs] [Times: user=1.37 sys=0.00, real=1.38 secs] 
[Full GC (System.gc()) [CMS: 743165K->739499K(1397184K), 1.3303558 secs] 754113K->739499K(2010624K), [Metaspace: 10001K->10001K(10240K)]
*** PauseDetector detected a 1692 ms pause at Fri Dec 19 23:40:36 EET 2014 ***

, 1.3306657 secs] [Times: user=1.33 sys=0.00, real=1.33 secs] 
********************************
********** ROUND   15 **********
********************************

*** PauseDetector detected a 2722 ms pause at Fri Dec 19 23:40:38 EET 2014 ***

[GC (Allocation Failure) [ParNew: 545344K->68096K(613440K), 0.0532450 secs] 1284843K->848747K(2010624K), 0.0532944 secs] [Times: user=0.22 sys=0.00, real=0.05 secs] 
[GC (Allocation Failure) [ParNew: 613440K->32316K(613440K), 0.0340536 secs] 1394091K->876796K(2010624K), 0.0341299 secs] [Times: user=0.12 sys=0.00, real=0.03 secs] 
[GC (Allocation Failure) [ParNew: 577660K->68096K(613440K), 0.0552782 secs] 1422140K->955003K(2010624K), 0.0553391 secs] [Times: user=0.19 sys=0.00, real=0.05 secs] 
[GC (Allocation Failure) [ParNew: 613440K->20293K(613440K), 0.0294214 secs] 1500347K->969190K(2010624K), 0.0294663 secs] [Times: user=0.08 sys=0.00, real=0.03 secs] 
[GC (Allocation Failure) [ParNew: 565637K->68096K(613440K), 0.0550113 secs] 1514534K->1060210K(2010624K), 0.0550620 secs] [Times: user=0.27 sys=0.00, real=0.06 secs] 
[GC (Allocation Failure) [ParNew: 613440K->33087K(613440K), 0.0409601 secs] 1605554K->1086252K(2010624K), 0.0410089 secs] [Times: user=0.14 sys=0.00, real=0.04 secs] 
[GC (Allocation Failure) [ParNew: 578431K->68096K(613440K), 0.0534850 secs] 1631596K->1164107K(2010624K), 0.0535331 secs] [Times: user=0.20 sys=0.00, real=0.05 secs] 
[GC (Allocation Failure) [ParNew: 613440K->26413K(613440K), 0.0286367 secs] 1709451K->1183452K(2010624K), 0.0287580 secs] [Times: user=0.13 sys=0.00, real=0.03 secs] 
[GC (Allocation Failure) [ParNew: 571757K->68096K(613440K), 0.0536126 secs] 1728796K->1266672K(2010624K), 0.0536665 secs] [Times: user=0.19 sys=0.00, real=0.05 secs] 
[GC (CMS Initial Mark) [1 CMS-initial-mark: 1198576K(1397184K)] 1277622K(2010624K), 0.0054431 secs] [Times: user=0.00 sys=0.00, real=0.00 secs] 
[CMS-concurrent-mark-start]
[CMS-concurrent-mark: 1.082/1.082 secs] [Times: user=3.31 sys=0.00, real=1.09 secs] 
[CMS-concurrent-preclean-start]
[CMS-concurrent-preclean: 0.005/0.005 secs] [Times: user=0.00 sys=0.00, real=0.01 secs] 
[CMS-concurrent-abortable-preclean-start]
[GC (Allocation Failure) [ParNew: 613440K->53480K(613440K), 0.0280138 secs] 1812016K->1313829K(2010624K), 0.0280625 secs] [Times: user=0.11 sys=0.00, real=0.02 secs] 
[CMS-concurrent-abortable-preclean: 0.505/1.344 secs] [Times: user=2.22 sys=0.00, real=1.34 secs] 
[GC (CMS Final Remark) [YG occupancy: 396755 K (613440 K)][Rescan (parallel) , 0.0669876 secs][weak refs processing, 0.0000218 secs][class unloading, 0.0062990 secs][scrub symbol table, 0.0011587 secs][scrub string table, 0.0003631 secs][1 CMS-remark: 1260348K(1397184K)] 1657104K(2010624K), 0.0758163 secs] [Times: user=0.37 sys=0.00, real=0.08 secs] 
[CMS-concurrent-sweep-start]
[GC (Allocation Failure) [ParNew: 598824K->68096K(613440K), 0.0535164 secs] 1569288K->1082114K(2010624K), 0.0535793 secs] [Times: user=0.26 sys=0.00, real=0.05 secs] 
[CMS-concurrent-sweep: 0.548/0.602 secs] [Times: user=1.36 sys=0.00, real=0.60 secs] 
[CMS-concurrent-reset-start]
[CMS-concurrent-reset: 0.003/0.003 secs] [Times: user=0.00 sys=0.00, real=0.00 secs] 
[GC (Allocation Failure) [ParNew: 613440K->25940K(613440K), 0.0403269 secs] 1397000K->869210K(2010624K), 0.0403750 secs] [Times: user=0.14 sys=0.00, real=0.04 secs] 
[GC (Allocation Failure) [ParNew: 571284K->68096K(613440K), 0.0541381 secs] 1414554K->951105K(2010624K), 0.0541862 secs] [Times: user=0.22 sys=0.00, real=0.05 secs] 
[GC (Allocation Failure) [ParNew: 613440K->47827K(613440K), 0.1373216 secs] 1496449K->994262K(2010624K), 0.1373723 secs] [Times: user=0.19 sys=0.00, real=0.14 secs] 
[GC (Allocation Failure) [ParNew (0: promotion failure size = 1237)  (1: promotion failure size = 113)  (2: promotion failure size = 1237)  (3: promotion failure size = 1237)  (4: promotion failure size = 1237)  (5: promotion failure size = 1237)  (6: promotion failure size = 1237)  (7: promotion failure size = 1237)  (promotion failed): 593171K->613440K(613440K), 1.2560568 secs][CMS: 965026K->742983K(1397184K), 1.6532237 secs] 1539606K->742983K(2010624K), [Metaspace: 10001K->10001K(10240K)], 2.9093485 secs] [Times: user=3.25 sys=0.55, real=2.90 secs] 

*** PauseDetector detected a 2909 ms pause at Fri Dec 19 23:41:04 EET 2014 ***

[GC (Allocation Failure) [ParNew: 545344K->27370K(613440K), 0.0081294 secs] 1288327K->770353K(2010624K), 0.0081788 secs] [Times: user=0.03 sys=0.03, real=0.01 secs] 
[GC (Allocation Failure) [ParNew: 572714K->68096K(613440K), 0.1616906 secs] 1315697K->879740K(2010624K), 0.1617439 secs] [Times: user=0.73 sys=0.00, real=0.16 secs] 
[GC (Allocation Failure) [ParNew: 613440K->27427K(613440K), 0.0793315 secs] 1425084K->904005K(2010624K), 0.0794104 secs] [Times: user=0.30 sys=0.00, real=0.08 secs] 
[GC (Allocation Failure) [ParNew: 572771K->68096K(613440K), 0.1905833 secs] 1449349K->1001648K(2010624K), 0.1906796 secs] [Times: user=0.92 sys=0.00, real=0.19 secs] 
[GC (Allocation Failure) [ParNew: 613440K->34288K(613440K), 0.0741700 secs] 1546992K->1031654K(2010624K), 0.0742194 secs] [Times: user=0.22 sys=0.00, real=0.07 secs] 
[GC (Allocation Failure) [ParNew: 579632K->68096K(613440K), 0.1481335 secs] 1576998K->1119734K(2010624K), 0.1481841 secs] [Times: user=0.78 sys=0.00, real=0.15 secs] 
[GC (Allocation Failure) [ParNew: 613440K->41051K(613440K), 0.0743362 secs] 1665078K->1156357K(2010624K), 0.0743830 secs] [Times: user=0.28 sys=0.00, real=0.07 secs] 
[GC (Allocation Failure) [ParNew: 586395K->68096K(613440K), 0.1408670 secs] 1701701K->1233639K(2010624K), 0.1409132 secs] [Times: user=0.64 sys=0.00, real=0.14 secs] 
[GC (Allocation Failure) [ParNew: 613440K->34206K(613440K), 0.0579709 secs] 1778983K->1263336K(2010624K), 0.0580536 secs] [Times: user=0.19 sys=0.00, real=0.06 secs] 
[GC (CMS Initial Mark) [1 CMS-initial-mark: 1229129K(1397184K)] 1274285K(2010624K), 0.0031739 secs] [Times: user=0.00 sys=0.00, real=0.00 secs] 
[CMS-concurrent-mark-start]
[CMS-concurrent-mark: 1.236/1.236 secs] [Times: user=4.34 sys=0.00, real=1.24 secs] 
[CMS-concurrent-preclean-start]
[CMS-concurrent-preclean: 0.221/0.236 secs] [Times: user=0.48 sys=0.00, real=0.24 secs] 
[CMS-concurrent-abortable-preclean-start]
[GC (Allocation Failure) [ParNew[CMS-concurrent-abortable-preclean: 0.066/0.389 secs] [Times: user=0.87 sys=0.00, real=0.39 secs] 
: 579550K->68096K(613440K), 0.1408997 secs] 1808680K->1346195K(2010624K), 0.1409497 secs] [Times: user=0.56 sys=0.00, real=0.14 secs] 
[GC (CMS Final Remark) [YG occupancy: 79044 K (613440 K)][Rescan (parallel) , 0.0747199 secs][weak refs processing, 0.0000545 secs][class unloading, 0.0084489 secs][scrub symbol table, 0.0018477 secs][scrub string table, 0.0003580 secs][1 CMS-remark: 1278099K(1397184K)] 1357143K(2010624K), 0.0864633 secs] [Times: user=0.50 sys=0.00, real=0.09 secs] 
[CMS-concurrent-sweep-start]
[CMS-concurrent-sweep: 0.815/0.815 secs] [Times: user=1.67 sys=0.00, real=0.81 secs] 
[CMS-concurrent-reset-start]
[CMS-concurrent-reset: 0.003/0.003 secs] [Times: user=0.00 sys=0.00, real=0.00 secs] 
[GC (Allocation Failure) [ParNew: 613440K->27372K(613440K), 0.0527619 secs] 1303135K->780661K(2010624K), 0.0529114 secs] [Times: user=0.20 sys=0.00, real=0.05 secs] 
[GC (Allocation Failure) [ParNew: 572716K->68096K(613440K), 0.1160264 secs] 1326005K->869271K(2010624K), 0.1160739 secs] [Times: user=0.47 sys=0.00, real=0.11 secs] 
[GC (Allocation Failure) [ParNew: 613440K->33620K(613440K), 0.0707325 secs] 1414615K->901273K(2010624K), 0.0708114 secs] [Times: user=0.28 sys=0.00, real=0.07 secs] 
[GC (Allocation Failure) [ParNew: 578964K->68096K(613440K), 0.1205592 secs] 1446617K->981569K(2010624K), 0.1206079 secs] [Times: user=0.42 sys=0.00, real=0.11 secs] 
[GC (Allocation Failure) [ParNew (0: promotion failure size = 4167)  (1: promotion failure size = 4167)  (2: promotion failure size = 4167)  (3: promotion failure size = 4167)  (4: promotion failure size = 4167)  (5: promotion failure size = 4167)  (6: promotion failure size = 4167)  (7: promotion failure size = 4167)  (promotion failed): 613440K->593195K(613440K), 1.2530254 secs][CMS: 969729K->750236K(1397184K), 1.8485907 secs] 1526913K->750236K(2010624K), [Metaspace: 10001K->10001K(10240K)], 3.1016795 secs] [Times: user=3.35 sys=0.39, real=3.10 secs] 

*** PauseDetector detected a 3105 ms pause at Fri Dec 19 23:41:31 EET 2014 ***

[GC (Allocation Failure) [ParNew: 545344K->68096K(613440K), 0.0924684 secs] 1295580K->864654K(2010624K), 0.0925178 secs] [Times: user=0.34 sys=0.00, real=0.09 secs] 
[GC (Allocation Failure) [ParNew: 613440K->34213K(613440K), 0.0453825 secs] 1409998K->895198K(2010624K), 0.0454319 secs] [Times: user=0.14 sys=0.00, real=0.05 secs] 
[GC (Allocation Failure) [ParNew: 579557K->68096K(613440K), 0.0846726 secs] 1440542K->973963K(2010624K), 0.0847182 secs] [Times: user=0.36 sys=0.00, real=0.08 secs] 
[GC (Allocation Failure) [ParNew: 613440K->20528K(613440K), 0.0460215 secs] 1519307K->990114K(2010624K), 0.0460664 secs] [Times: user=0.13 sys=0.00, real=0.04 secs] 
[GC (Allocation Failure) [ParNew: 565872K->68096K(613440K), 0.0805903 secs] 1535458K->1081090K(2010624K), 0.0806557 secs] [Times: user=0.36 sys=0.00, real=0.08 secs] 
[GC (Allocation Failure) [ParNew: 613440K->20547K(613440K), 0.0394037 secs] 1626434K->1097057K(2010624K), 0.0394537 secs] [Times: user=0.13 sys=0.00, real=0.04 secs] 
[GC (Allocation Failure) [ParNew: 565891K->68096K(613440K), 0.0803067 secs] 1642401K->1188404K(2010624K), 0.0803503 secs] [Times: user=0.25 sys=0.00, real=0.08 secs] 
[GC (Allocation Failure) [ParNew: 613440K->27159K(613440K), 0.0389725 secs] 1733748K->1210373K(2010624K), 0.0390219 secs] [Times: user=0.14 sys=0.00, real=0.04 secs] 
[GC (CMS Initial Mark) [1 CMS-initial-mark: 1183213K(1397184K)] 1221322K(2010624K), 0.0044416 secs] [Times: user=0.00 sys=0.00, real=0.00 secs] 
[CMS-concurrent-mark-start]
[CMS-concurrent-mark: 1.044/1.044 secs] [Times: user=3.54 sys=0.00, real=1.05 secs] 
[CMS-concurrent-preclean-start]
[CMS-concurrent-preclean: 0.121/0.129 secs] [Times: user=0.25 sys=0.00, real=0.13 secs] 
[CMS-concurrent-abortable-preclean-start]
[GC (Allocation Failure) [ParNew[CMS-concurrent-abortable-preclean: 0.079/0.477 secs] [Times: user=0.77 sys=0.00, real=0.48 secs] 
: 572503K->68096K(613440K), 0.0770610 secs] 1755717K->1294079K(2010624K), 0.0771072 secs] [Times: user=0.30 sys=0.00, real=0.08 secs] 
[GC (CMS Final Remark) [YG occupancy: 79045 K (613440 K)][Rescan (parallel) , 0.0409537 secs][weak refs processing, 0.0000205 secs][class unloading, 0.0062996 secs][scrub symbol table, 0.0010624 secs][scrub string table, 0.0003522 secs][1 CMS-remark: 1225983K(1397184K)] 1305028K(2010624K), 0.0496516 secs] [Times: user=0.23 sys=0.00, real=0.05 secs] 
[CMS-concurrent-sweep-start]
[CMS-concurrent-sweep: 0.621/0.621 secs] [Times: user=1.30 sys=0.00, real=0.63 secs] 
[CMS-concurrent-reset-start]
[CMS-concurrent-reset: 0.003/0.003 secs] [Times: user=0.00 sys=0.00, real=0.00 secs] 
[GC (Allocation Failure) [ParNew: 613440K->27410K(613440K), 0.0363164 secs] 1294020K->771447K(2010624K), 0.0363806 secs] [Times: user=0.13 sys=0.00, real=0.04 secs] 
[GC (Allocation Failure) [ParNew: 572754K->68096K(613440K), 0.0718315 secs] 1316791K->854653K(2010624K), 0.0718790 secs] [Times: user=0.28 sys=0.00, real=0.07 secs] 
[GC (Allocation Failure) [ParNew: 613440K->41138K(613440K), 0.0341646 secs] 1399997K->891153K(2010624K), 0.0343365 secs] [Times: user=0.12 sys=0.00, real=0.03 secs] 
[GC (Allocation Failure) [ParNew (0: promotion failure size = 2779)  (4: promotion failure size = 2779)  (7: promotion failure size = 2779)  (promotion failed): 586482K->613440K(613440K), 0.1895485 secs][CMS: 892235K->745534K(1397184K), 1.9074110 secs] 1436497K->745534K(2010624K), [Metaspace: 10002K->10002K(10240K)], 2.0970236 secs] [Times: user=2.23 sys=0.00, real=2.10 secs] 

*** PauseDetector detected a 2098 ms pause at Fri Dec 19 23:41:53 EET 2014 ***

[GC (Allocation Failure) [ParNew: 545344K->27381K(613440K), 0.0075218 secs] 1290878K->772915K(2010624K), 0.0075674 secs] [Times: user=0.06 sys=0.00, real=0.01 secs] 
[GC (Allocation Failure) [ParNew: 572725K->68096K(613440K), 0.0641152 secs] 1318259K->858212K(2010624K), 0.0641614 secs] [Times: user=0.27 sys=0.00, real=0.07 secs] 
[GC (Allocation Failure) [ParNew: 613440K->33411K(613440K), 0.0482241 secs] 1403556K->885633K(2010624K), 0.0482773 secs] [Times: user=0.20 sys=0.00, real=0.05 secs] 
[GC (Allocation Failure) [ParNew: 578755K->68096K(613440K), 0.0622046 secs] 1430977K->961752K(2010624K), 0.0622528 secs] [Times: user=0.28 sys=0.00, real=0.06 secs] 
[GC (Allocation Failure) [ParNew: 613440K->27312K(613440K), 0.0326023 secs] 1507096K->984670K(2010624K), 0.0326511 secs] [Times: user=0.13 sys=0.00, real=0.02 secs] 
[GC (Allocation Failure) [ParNew: 572656K->68096K(613440K), 0.0621090 secs] 1530014K->1067988K(2010624K), 0.0621610 secs] [Times: user=0.20 sys=0.00, real=0.06 secs] 
[GC (Allocation Failure) [ParNew: 613440K->26902K(613440K), 0.0319492 secs] 1613332K->1088957K(2010624K), 0.0319947 secs] [Times: user=0.12 sys=0.00, real=0.03 secs] 
[GC (Allocation Failure) [ParNew: 572246K->68096K(613440K), 0.0606206 secs] 1634301K->1171281K(2010624K), 0.0606668 secs] [Times: user=0.20 sys=0.00, real=0.06 secs] 
[GC (Allocation Failure) [ParNew: 613440K->27326K(613440K), 0.0364717 secs] 1716625K->1193914K(2010624K), 0.0365268 secs] [Times: user=0.12 sys=0.00, real=0.03 secs] 
[GC (CMS Initial Mark) [1 CMS-initial-mark: 1166588K(1397184K)] 1193916K(2010624K), 0.0029865 secs] [Times: user=0.00 sys=0.00, real=0.00 secs] 
[CMS-concurrent-mark-start]
[CMS-concurrent-mark: 1.180/1.180 secs] [Times: user=3.81 sys=0.00, real=1.19 secs] 
[CMS-concurrent-preclean-start]
[CMS-concurrent-preclean: 0.081/0.086 secs] [Times: user=0.19 sys=0.00, real=0.09 secs] 
[CMS-concurrent-abortable-preclean-start]
[GC (Allocation Failure) [ParNew[CMS-concurrent-abortable-preclean: 0.059/0.360 secs] [Times: user=0.61 sys=0.00, real=0.36 secs] 
: 572670K->68096K(613440K), 0.0636289 secs] 1739258K->1278394K(2010624K), 0.0636751 secs] [Times: user=0.25 sys=0.00, real=0.06 secs] 
[GC (CMS Final Remark) [YG occupancy: 79045 K (613440 K)][Rescan (parallel) , 0.0289761 secs][weak refs processing, 0.0000205 secs][class unloading, 0.0068039 secs][scrub symbol table, 0.0012549 secs][scrub string table, 0.0003548 secs][1 CMS-remark: 1210298K(1397184K)] 1289343K(2010624K), 0.0383842 secs] [Times: user=0.16 sys=0.02, real=0.04 secs] 
[CMS-concurrent-sweep-start]
[CMS-concurrent-sweep: 0.588/0.588 secs] [Times: user=1.17 sys=0.00, real=0.59 secs] 
[CMS-concurrent-reset-start]
[CMS-concurrent-reset: 0.003/0.003 secs] [Times: user=0.00 sys=0.00, real=0.00 secs] 
[GC (Allocation Failure) [ParNew: 613440K->26347K(613440K), 0.0388262 secs] 1294271K->767763K(2010624K), 0.0388872 secs] [Times: user=0.14 sys=0.00, real=0.04 secs] 
[GC (Allocation Failure) [ParNew: 571691K->68096K(613440K), 0.0581088 secs] 1313107K->851833K(2010624K), 0.0581704 secs] [Times: user=0.19 sys=0.00, real=0.06 secs] 
[GC (Allocation Failure) [ParNew: 613440K->20070K(613440K), 0.0447698 secs] 1397177K->865634K(2010624K), 0.0448192 secs] [Times: user=0.13 sys=0.00, real=0.04 secs] 
[GC (Allocation Failure) [ParNew: 565414K->68096K(613440K), 0.0638188 secs] 1410978K->954298K(2010624K), 0.0638689 secs] [Times: user=0.25 sys=0.00, real=0.06 secs] 
[GC (Allocation Failure) [ParNew (0: promotion failure size = 1854)  (1: promotion failure size = 1854)  (2: promotion failure size = 1854)  (3: promotion failure size = 1854)  (4: promotion failure size = 1854)  (5: promotion failure size = 1854)  (6: promotion failure size = 1854)  (7: promotion failure size = 1854)  (promotion failed): 613440K->600111K(613440K), 0.7195409 secs][CMS: 943440K->745058K(1397184K), 1.6784248 secs] 1499642K->745058K(2010624K), [Metaspace: 10002K->10002K(10240K)], 2.3981216 secs] [Times: user=2.57 sys=0.19, real=2.40 secs] 

*** PauseDetector detected a 2397 ms pause at Fri Dec 19 23:42:18 EET 2014 ***

[GC (Allocation Failure) [ParNew: 545344K->68096K(613440K), 0.0544615 secs] 1290402K->856581K(2010624K), 0.0545160 secs] [Times: user=0.20 sys=0.00, real=0.06 secs] 
[GC (Allocation Failure) [ParNew: 613440K->26466K(613440K), 0.0436387 secs] 1401925K->876300K(2010624K), 0.0436868 secs] [Times: user=0.14 sys=0.00, real=0.04 secs] 
[GC (Allocation Failure) [ParNew: 571810K->68096K(613440K), 0.0533624 secs] 1421644K->962041K(2010624K), 0.0534234 secs] [Times: user=0.20 sys=0.00, real=0.05 secs] 
[GC (Allocation Failure) [ParNew: 613440K->32531K(613440K), 0.0379556 secs] 1507385K->986671K(2010624K), 0.0380288 secs] [Times: user=0.13 sys=0.00, real=0.03 secs] 
[GC (Allocation Failure) [ParNew: 577875K->68096K(613440K), 0.0534388 secs] 1532015K->1064638K(2010624K), 0.0534914 secs] [Times: user=0.28 sys=0.00, real=0.05 secs] 
[GC (Allocation Failure) [ParNew: 613440K->26347K(613440K), 0.0363389 secs] 1609982K->1083990K(2010624K), 0.0363825 secs] [Times: user=0.14 sys=0.00, real=0.04 secs] 
[GC (Allocation Failure) [ParNew: 571691K->68096K(613440K), 0.0520203 secs] 1629334K->1167316K(2010624K), 0.0521486 secs] [Times: user=0.19 sys=0.00, real=0.05 secs] 
[GC (Allocation Failure) [ParNew: 613440K->26705K(613440K), 0.0380942 secs] 1712660K->1187608K(2010624K), 0.0381398 secs] [Times: user=0.13 sys=0.00, real=0.04 secs] 
[GC (Allocation Failure) [ParNew: 572049K->68096K(613440K), 0.0523526 secs] 1732952K->1271678K(2010624K), 0.0523981 secs] [Times: user=0.22 sys=0.00, real=0.05 secs] 
[GC (CMS Initial Mark) [1 CMS-initial-mark: 1203582K(1397184K)] 1282627K(2010624K), 0.0045430 secs] [Times: user=0.00 sys=0.00, real=0.00 secs] 
[CMS-concurrent-mark-start]
[CMS-concurrent-mark: 1.251/1.251 secs] [Times: user=3.81 sys=0.00, real=1.25 secs] 
[CMS-concurrent-preclean-start]
[CMS-concurrent-preclean: 0.005/0.005 secs] [Times: user=0.00 sys=0.00, real=0.01 secs] 
[CMS-concurrent-abortable-preclean-start]
[GC (Allocation Failure) [ParNew: 613440K->52553K(613440K), 0.0273023 secs] 1817022K->1316621K(2010624K), 0.0273529 secs] [Times: user=0.09 sys=0.00, real=0.02 secs] 
[CMS-concurrent-abortable-preclean: 0.429/1.189 secs] [Times: user=1.90 sys=0.00, real=1.19 secs] 
[GC (CMS Final Remark) [YG occupancy: 405317 K (613440 K)][Rescan (parallel) , 0.0590988 secs][weak refs processing, 0.0000173 secs][class unloading, 0.0062855 secs][scrub symbol table, 0.0010580 secs][scrub string table, 0.0003586 secs][1 CMS-remark: 1264068K(1397184K)] 1669386K(2010624K), 0.0677973 secs] [Times: user=0.25 sys=0.00, real=0.07 secs] 
[CMS-concurrent-sweep-start]
[GC (Allocation Failure) [ParNew: 597897K->68096K(613440K), 0.0500481 secs] 1384979K->895201K(2010624K), 0.0500987 secs] [Times: user=0.27 sys=0.00, real=0.05 secs] 
[CMS-concurrent-sweep: 0.473/0.523 secs] [Times: user=1.20 sys=0.00, real=0.52 secs] 
[CMS-concurrent-reset-start]
[CMS-concurrent-reset: 0.003/0.003 secs] [Times: user=0.03 sys=0.00, real=0.00 secs] 
[GC (Allocation Failure) [ParNew: 613440K->27191K(613440K), 0.0269629 secs] 1393292K->870121K(2010624K), 0.0270681 secs] [Times: user=0.11 sys=0.00, real=0.02 secs] 
[GC (Allocation Failure) [ParNew (0: promotion failure size = 14056)  (1: promotion failure size = 14056)  (2: promotion failure size = 14056)  (5: promotion failure size = 14056)  (6: promotion failure size = 14056)  (7: promotion failure size = 14056)  (promotion failed): 572535K->613440K(613440K), 0.2742108 secs][CMS: 909221K->766386K(1397184K), 2.0894581 secs] 1415465K->766386K(2010624K), [Metaspace: 10002K->10002K(10240K)], 2.3637383 secs]
*** PauseDetector detected a 2366 ms pause at Fri Dec 19 23:42:40 EET 2014 ***

 [Times: user=2.92 sys=0.00, real=2.36 secs] 
[GC (Allocation Failure) [ParNew: 545344K->27393K(613440K), 0.0069682 secs] 1311730K->793780K(2010624K), 0.0070163 secs] [Times: user=0.00 sys=0.00, real=0.01 secs] 
[GC (Allocation Failure) [ParNew: 572737K->68096K(613440K), 0.1921116 secs] 1339124K->894332K(2010624K), 0.1921623 secs] [Times: user=0.83 sys=0.00, real=0.18 secs] 
[GC (Allocation Failure) [ParNew: 613440K->20570K(613440K), 0.0711444 secs] 1439676K->911299K(2010624K), 0.0711918 secs] [Times: user=0.22 sys=0.00, real=0.07 secs] 
[GC (Allocation Failure) [ParNew: 565914K->68096K(613440K), 0.1619447 secs] 1456643K->1013409K(2010624K), 0.1619954 secs] [Times: user=0.66 sys=0.00, real=0.16 secs] 
[GC (Allocation Failure) [ParNew: 613440K->20523K(613440K), 0.0604551 secs] 1558753K->1029663K(2010624K), 0.0605025 secs] [Times: user=0.22 sys=0.00, real=0.06 secs] 
[GC (Allocation Failure) [ParNew: 565867K->68096K(613440K), 0.1560454 secs] 1575007K->1129335K(2010624K), 0.1560922 secs] [Times: user=0.69 sys=0.00, real=0.15 secs] 
[GC (Allocation Failure) [ParNew: 613440K->20024K(613440K), 0.0621206 secs] 1674679K->1142985K(2010624K), 0.0621726 secs] [Times: user=0.20 sys=0.00, real=0.06 secs] 
[GC (Allocation Failure) [ParNew: 565368K->68096K(613440K), 0.1318413 secs] 1688329K->1240013K(2010624K), 0.1318875 secs] [Times: user=0.61 sys=0.00, real=0.13 secs] 
[GC (Allocation Failure) [ParNew: 613440K->27385K(613440K), 0.0596037 secs] 1785357K->1266437K(2010624K), 0.0597519 secs] [Times: user=0.22 sys=0.00, real=0.06 secs] 
[GC (CMS Initial Mark) [1 CMS-initial-mark: 1239051K(1397184K)] 1266515K(2010624K), 0.0027190 secs] [Times: user=0.00 sys=0.00, real=0.00 secs] 
[CMS-concurrent-mark-start]
[Full GC (System.gc()) [CMS[CMS-concurrent-mark: 1.079/1.079 secs] [Times: user=2.79 sys=0.00, real=1.09 secs] 
 (concurrent mode interrupted): 1239051K->636195K(1397184K), 2.2960334 secs] 1278251K->636195K(2010624K), [Metaspace: 10002K->10002K(10240K)], 2.2963882 secs] [Times: user=2.93 sys=0.00, real=2.29 secs] 
[Full GC (System.gc()) [CMS: 636195K->636195K(1397184K), 1.5968786 secs] 636197K->636195K(2010624K), [Metaspace: 10002K->10002K(10240K)], 1.5971391 secs] [Times: user=1.61 sys=0.00, real=1.60 secs] 
[Full GC (System.gc()) [CMS: 636195K->636195K(1397184K), 1.4669832 secs] 636197K->636195K(2010624K), [Metaspace: 10002K->10002K(10240K)]
*** PauseDetector detected a 2293 ms pause at Fri Dec 19 23:42:58 EET 2014 ***

, 1.4672110 secs] [Times: user=1.47 sys=0.00, real=1.46 secs] 

*** PauseDetector detected a 3073 ms pause at Fri Dec 19 23:43:01 EET 2014 ***

[GC (Allocation Failure) [ParNew: 545344K->68096K(613440K), 0.0852289 secs] 1181539K->752063K(2010624K), 0.0852905 secs] [Times: user=0.30 sys=0.00, real=0.08 secs] 
[GC (Allocation Failure) [ParNew: 613440K->20561K(613440K), 0.0615939 secs] 1297407K->768706K(2010624K), 0.0616542 secs] [Times: user=0.20 sys=0.00, real=0.06 secs] 
[GC (Allocation Failure) [ParNew: 565905K->68096K(613440K), 0.0984068 secs] 1314050K->862334K(2010624K), 0.0984684 secs] [Times: user=0.36 sys=0.00, real=0.10 secs] 
[GC (Allocation Failure) [ParNew: 613440K->34283K(613440K), 0.0569642 secs] 1407678K->892422K(2010624K), 0.0570252 secs] [Times: user=0.20 sys=0.00, real=0.05 secs] 
[GC (Allocation Failure) [ParNew: 579627K->68096K(613440K), 0.1070251 secs] 1437766K->973139K(2010624K), 0.1070854 secs] [Times: user=0.42 sys=0.00, real=0.10 secs] 
[GC (Allocation Failure) [ParNew: 613440K->26774K(613440K), 0.0490761 secs] 1518483K->993770K(2010624K), 0.0491370 secs] [Times: user=0.16 sys=0.00, real=0.05 secs] 
[Full GC (System.gc()) [CMS: 966996K->744784K(1397184K), 1.8163855 secs] 1234647K->744784K(2010624K), [Metaspace: 10002K->10002K(10240K)], 1.8166466 secs] [Times: user=1.81 sys=0.00, real=1.81 secs] 
[Full GC (System.gc()) [CMS: 744784K->744706K(1397184K), 1.5747725 secs] 755733K->744706K(2010624K), [Metaspace: 10002K->10002K(10240K)], 1.5749996 secs] [Times: user=1.58 sys=0.00, real=1.58 secs] 
[Full GC (System.gc()) [CMS: 744706K->743488K(1397184K), 1.4225611 secs] 755652K->743488K(2010624K), [Metaspace: 10002K->10002K(10240K)]
*** PauseDetector detected a 4812 ms pause at Fri Dec 19 23:43:16 EET 2014 ***

, 1.4228120 secs] [Times: user=1.42 sys=0.00, real=1.42 secs] 
********************************
********** ROUND   16 **********
********************************
[GC (Allocation Failure) [ParNew: 545344K->7626K(613440K), 0.0069027 secs] 1288832K->751114K(2010624K), 0.0070124 secs] [Times: user=0.00 sys=0.00, real=0.01 secs] 
[GC (Allocation Failure) [ParNew: 552970K->68096K(613440K), 0.0812582 secs] 1296458K->861379K(2010624K), 0.0813076 secs] [Times: user=0.34 sys=0.00, real=0.07 secs] 
[GC (Allocation Failure) [ParNew: 613440K->26437K(613440K), 0.0492955 secs] 1406723K->883891K(2010624K), 0.0493449 secs] [Times: user=0.16 sys=0.00, real=0.05 secs] 
[GC (Allocation Failure) [ParNew: 571781K->68096K(613440K), 0.0731865 secs] 1429235K->968532K(2010624K), 0.0732333 secs] [Times: user=0.30 sys=0.00, real=0.07 secs] 
[GC (Allocation Failure) [ParNew: 613440K->27365K(613440K), 0.0399740 secs] 1513876K->991686K(2010624K), 0.0400189 secs] [Times: user=0.14 sys=0.00, real=0.03 secs] 
[GC (Allocation Failure) [ParNew: 572709K->68096K(613440K), 0.0737017 secs] 1537030K->1076359K(2010624K), 0.0738140 secs] [Times: user=0.26 sys=0.00, real=0.07 secs] 
[GC (Allocation Failure) [ParNew: 613440K->33697K(613440K), 0.0395897 secs] 1621703K->1104524K(2010624K), 0.0396404 secs] [Times: user=0.14 sys=0.00, real=0.03 secs] 
[GC (Allocation Failure) [ParNew: 579041K->68096K(613440K), 0.0696918 secs] 1649868K->1182487K(2010624K), 0.0697374 secs] [Times: user=0.28 sys=0.00, real=0.07 secs] 
[GC (Allocation Failure) [ParNew: 613440K->26942K(613440K), 0.0361149 secs] 1727831K->1204928K(2010624K), 0.0361656 secs] [Times: user=0.13 sys=0.00, real=0.03 secs] 
[GC (CMS Initial Mark) [1 CMS-initial-mark: 1177986K(1397184K)] 1215799K(2010624K), 0.0045084 secs] [Times: user=0.02 sys=0.00, real=0.01 secs] 
[CMS-concurrent-mark-start]
[CMS-concurrent-mark: 1.111/1.111 secs] [Times: user=3.62 sys=0.00, real=1.11 secs] 
[CMS-concurrent-preclean-start]
[CMS-concurrent-preclean: 0.095/0.101 secs] [Times: user=0.19 sys=0.00, real=0.10 secs] 
[CMS-concurrent-abortable-preclean-start]
[GC (Allocation Failure) [ParNew: 572286K->68096K(613440K), 0.0710205 secs] 1750272K->1292162K(2010624K), 0.0710693 secs] [Times: user=0.30 sys=0.00, real=0.07 secs] 
[CMS-concurrent-abortable-preclean: 0.676/1.352 secs] [Times: user=2.31 sys=0.00, real=1.35 secs] 
[GC (CMS Final Remark) [YG occupancy: 430626 K (613440 K)][Rescan (parallel) , 0.0879030 secs][weak refs processing, 0.0000173 secs][class unloading, 0.0061117 secs][scrub symbol table, 0.0010599 secs][scrub string table, 0.0003535 secs][1 CMS-remark: 1224066K(1397184K)] 1654693K(2010624K), 0.0964282 secs] [Times: user=0.45 sys=0.00, real=0.09 secs] 
[CMS-concurrent-sweep-start]
[GC (Allocation Failure) [ParNew: 613440K->51939K(613440K), 0.0422856 secs] 1811521K->1309686K(2010624K), 0.0423350 secs] [Times: user=0.27 sys=0.00, real=0.04 secs] 
[CMS-concurrent-sweep: 0.697/0.739 secs] [Times: user=1.76 sys=0.02, real=0.75 secs] 
[CMS-concurrent-reset-start]
[CMS-concurrent-reset: 0.003/0.003 secs] [Times: user=0.05 sys=0.00, real=0.00 secs] 
[GC (Allocation Failure) [ParNew: 597283K->68096K(613440K), 0.0665770 secs] 1340480K->853426K(2010624K), 0.0666289 secs] [Times: user=0.25 sys=0.00, real=0.07 secs] 
[GC (Allocation Failure) [ParNew: 613440K->40905K(613440K), 0.0328557 secs] 1398770K->889664K(2010624K), 0.0329186 secs] [Times: user=0.14 sys=0.00, real=0.03 secs] 
[GC (Allocation Failure) [ParNew: 586249K->68096K(613440K), 0.0886087 secs] 1435008K->958067K(2010624K), 0.0887223 secs] [Times: user=0.26 sys=0.00, real=0.09 secs] 
[GC (Allocation Failure) [ParNew: 613440K->34214K(613440K), 0.1329897 secs] 1503411K->987639K(2010624K), 0.1330423 secs] [Times: user=0.25 sys=0.00, real=0.13 secs] 
[GC (Allocation Failure) [ParNew (0: promotion failure size = 1854)  (1: promotion failure size = 1854)  (2: promotion failure size = 73)  (3: promotion failure size = 73)  (4: promotion failure size = 73)  (5: promotion failure size = 73)  (6: promotion failure size = 73)  (7: promotion failure size = 73)  (promotion failed): 579558K->613440K(613440K), 0.5081788 secs][CMS: 990460K->744324K(1397184K), 1.7524075 secs] 1532983K->744324K(2010624K), [Metaspace: 10002K->10002K(10240K)], 2.2606518 secs] [Times: user=2.43 sys=0.06, real=2.26 secs] 

*** PauseDetector detected a 2260 ms pause at Fri Dec 19 23:43:42 EET 2014 ***

[GC (Allocation Failure) [ParNew: 545344K->27373K(613440K), 0.0075231 secs] 1289668K->771698K(2010624K), 0.0075648 secs] [Times: user=0.00 sys=0.00, real=0.01 secs] 
[GC (Allocation Failure) [ParNew: 572717K->68096K(613440K), 0.0568629 secs] 1317042K->856703K(2010624K), 0.0569136 secs] [Times: user=0.25 sys=0.00, real=0.06 secs] 
[GC (Allocation Failure) [ParNew: 613440K->19778K(613440K), 0.0308418 secs] 1402047K->869573K(2010624K), 0.0309586 secs] [Times: user=0.06 sys=0.00, real=0.02 secs] 
[GC (Allocation Failure) [ParNew: 565122K->68096K(613440K), 0.0581633 secs] 1414917K->959753K(2010624K), 0.0582435 secs] [Times: user=0.25 sys=0.00, real=0.05 secs] 
[GC (Allocation Failure) [ParNew: 613440K->6737K(613440K), 0.0416582 secs] 1505097K->960981K(2010624K), 0.0417724 secs] [Times: user=0.13 sys=0.00, real=0.04 secs] 
[GC (Allocation Failure) [ParNew: 552081K->68096K(613440K), 0.0562540 secs] 1506325K->1064475K(2010624K), 0.0562970 secs] [Times: user=0.28 sys=0.00, real=0.05 secs] 
[GC (Allocation Failure) [ParNew: 613440K->34075K(613440K), 0.0327480 secs] 1609819K->1092635K(2010624K), 0.0327986 secs] [Times: user=0.14 sys=0.00, real=0.03 secs] 
[GC (Allocation Failure) [ParNew: 579419K->68096K(613440K), 0.0564407 secs] 1637979K->1170502K(2010624K), 0.0564901 secs] [Times: user=0.20 sys=0.00, real=0.06 secs] 
[GC (Allocation Failure) [ParNew: 613440K->32673K(613440K), 0.0291628 secs] 1715846K->1195414K(2010624K), 0.0292745 secs] [Times: user=0.06 sys=0.00, real=0.03 secs] 
[GC (CMS Initial Mark) [1 CMS-initial-mark: 1162740K(1397184K)] 1206284K(2010624K), 0.0031084 secs] [Times: user=0.03 sys=0.00, real=0.00 secs] 
[CMS-concurrent-mark-start]
[CMS-concurrent-mark: 1.127/1.127 secs] [Times: user=3.56 sys=0.00, real=1.13 secs] 
[CMS-concurrent-preclean-start]
[CMS-concurrent-preclean: 0.070/0.074 secs] [Times: user=0.16 sys=0.00, real=0.07 secs] 
[CMS-concurrent-abortable-preclean-start]
[GC (Allocation Failure) [ParNew[CMS-concurrent-abortable-preclean: 0.061/0.377 secs] [Times: user=0.64 sys=0.00, real=0.38 secs] 
: 578017K->68096K(613440K), 0.0563182 secs] 1740758K->1272637K(2010624K), 0.0563695 secs] [Times: user=0.26 sys=0.00, real=0.05 secs] 
[GC (CMS Final Remark) [YG occupancy: 79077 K (613440 K)][Rescan (parallel) , 0.0266087 secs][weak refs processing, 0.0000154 secs][class unloading, 0.0060712 secs][scrub symbol table, 0.0010554 secs][scrub string table, 0.0003529 secs][1 CMS-remark: 1204541K(1397184K)] 1283618K(2010624K), 0.0350563 secs] [Times: user=0.16 sys=0.00, real=0.03 secs] 
[CMS-concurrent-sweep-start]
[CMS-concurrent-sweep: 0.520/0.520 secs] [Times: user=1.06 sys=0.00, real=0.53 secs] 
[CMS-concurrent-reset-start]
[CMS-concurrent-reset: 0.003/0.003 secs] [Times: user=0.00 sys=0.00, real=0.00 secs] 
[GC (Allocation Failure) [ParNew: 613440K->26826K(613440K), 0.0289659 secs] 1292011K->767622K(2010624K), 0.0290166 secs] [Times: user=0.13 sys=0.00, real=0.03 secs] 
[GC (Allocation Failure) [ParNew: 572170K->68096K(613440K), 0.0574730 secs] 1312966K->849487K(2010624K), 0.0575224 secs] [Times: user=0.19 sys=0.00, real=0.05 secs] 
[GC (Allocation Failure) [ParNew: 613440K->34165K(613440K), 0.0408921 secs] 1394831K->878875K(2010624K), 0.0409531 secs] [Times: user=0.13 sys=0.00, real=0.04 secs] 
[GC (Allocation Failure) [ParNew: 579509K->68096K(613440K), 0.0683022 secs] 1424219K->952697K(2010624K), 0.0683554 secs] [Times: user=0.22 sys=0.00, real=0.06 secs] 
[GC (Allocation Failure) [ParNew: 613440K->34219K(613440K), 0.1462459 secs] 1498041K->982240K(2010624K), 0.1462941 secs] [Times: user=0.19 sys=0.00, real=0.15 secs] 
[GC (Allocation Failure) [ParNew (0: promotion failure size = 105)  (1: promotion failure size = 1237)  (2: promotion failure size = 1237)  (3: promotion failure size = 1237)  (4: promotion failure size = 1237)  (5: promotion failure size = 1237)  (6: promotion failure size = 1237)  (7: promotion failure size = 1237)  (promotion failed): 579563K->613440K(613440K), 2.0257792 secs][CMS: 956054K->743064K(1397184K), 1.6937931 secs] 1527584K->743064K(2010624K), [Metaspace: 10002K->10002K(10240K)], 3.7196397 secs] [Times: user=3.73 sys=0.53, real=3.72 secs] 

*** PauseDetector detected a 3719 ms pause at Fri Dec 19 23:44:10 EET 2014 ***

[GC (Allocation Failure) [ParNew: 545344K->27372K(613440K), 0.0071356 secs] 1288408K->770437K(2010624K), 0.0071837 secs] [Times: user=0.00 sys=0.00, real=0.01 secs] 
[GC (Allocation Failure) [ParNew: 572716K->68096K(613440K), 0.0508090 secs] 1315781K->854468K(2010624K), 0.0508712 secs] [Times: user=0.19 sys=0.00, real=0.05 secs] 
[GC (Allocation Failure) [ParNew: 613440K->19665K(613440K), 0.0308213 secs] 1399812K->866628K(2010624K), 0.0309830 secs] [Times: user=0.12 sys=0.00, real=0.03 secs] 
[GC (Allocation Failure) [ParNew: 565009K->68096K(613440K), 0.0519215 secs] 1411972K->956586K(2010624K), 0.0520677 secs] [Times: user=0.19 sys=0.00, real=0.05 secs] 
[GC (Allocation Failure) [ParNew: 613440K->20020K(613440K), 0.0269552 secs] 1501930K->970334K(2010624K), 0.0270200 secs] [Times: user=0.06 sys=0.00, real=0.03 secs] 
[GC (Allocation Failure) [ParNew: 565364K->68096K(613440K), 0.1668309 secs] 1515678K->1086311K(2010624K), 0.1668803 secs] [Times: user=0.77 sys=0.00, real=0.17 secs] 
[GC (Allocation Failure) [ParNew: 613440K->27304K(613440K), 0.0841388 secs] 1631655K->1109719K(2010624K), 0.0841870 secs] [Times: user=0.28 sys=0.00, real=0.08 secs] 
[GC (Allocation Failure) [ParNew: 572648K->68096K(613440K), 0.1946176 secs] 1655063K->1207635K(2010624K), 0.1946772 secs] [Times: user=0.89 sys=0.00, real=0.19 secs] 
[GC (Allocation Failure) [ParNew: 613440K->34206K(613440K), 0.0801418 secs] 1752979K->1238051K(2010624K), 0.0801931 secs] [Times: user=0.30 sys=0.00, real=0.08 secs] 
[GC (CMS Initial Mark) [1 CMS-initial-mark: 1203845K(1397184K)] 1238051K(2010624K), 0.0046386 secs] [Times: user=0.00 sys=0.00, real=0.00 secs] 
[CMS-concurrent-mark-start]
[CMS-concurrent-mark: 1.346/1.346 secs] [Times: user=4.73 sys=0.00, real=1.35 secs] 
[CMS-concurrent-preclean-start]
[CMS-concurrent-preclean: 0.294/0.306 secs] [Times: user=0.61 sys=0.00, real=0.31 secs] 
[CMS-concurrent-abortable-preclean-start]
[GC (Allocation Failure) [ParNew: 579550K->68096K(613440K), 0.1714830 secs] 1783395K->1326339K(2010624K), 0.1715324 secs] [Times: user=0.72 sys=0.00, real=0.17 secs] 
[CMS-concurrent-abortable-preclean: 0.804/1.484 secs] [Times: user=2.89 sys=0.00, real=1.49 secs] 
[GC (CMS Final Remark) [YG occupancy: 385807 K (613440 K)][Rescan (parallel) , 0.0792763 secs][weak refs processing, 0.0000225 secs][class unloading, 0.0066454 secs][scrub symbol table, 0.0013486 secs][scrub string table, 0.0003529 secs][1 CMS-remark: 1258243K(1397184K)] 1644050K(2010624K), 0.0886536 secs] [Times: user=0.36 sys=0.00, real=0.09 secs] 
[CMS-concurrent-sweep-start]
[GC (Allocation Failure) [ParNew: 613440K->34147K(613440K), 0.0609670 secs] 1509808K->994055K(2010624K), 0.0610152 secs] [Times: user=0.17 sys=0.00, real=0.05 secs] 
[CMS-concurrent-sweep: 0.749/0.810 secs] [Times: user=1.82 sys=0.00, real=0.81 secs] 
[CMS-concurrent-reset-start]
[CMS-concurrent-reset: 0.003/0.003 secs] [Times: user=0.00 sys=0.00, real=0.00 secs] 
[GC (Allocation Failure) [ParNew: 579491K->68096K(613440K), 0.1417459 secs] 1337976K->876740K(2010624K), 0.1417915 secs] [Times: user=0.66 sys=0.00, real=0.14 secs] 
[GC (Allocation Failure) [ParNew: 613440K->34210K(613440K), 0.0549458 secs] 1422084K->906495K(2010624K), 0.0549952 secs] [Times: user=0.25 sys=0.00, real=0.05 secs] 
[GC (Allocation Failure) [ParNew: 579554K->68096K(613440K), 0.1290568 secs] 1451839K->989380K(2010624K), 0.1291037 secs] [Times: user=0.55 sys=0.00, real=0.12 secs] 
[GC (Allocation Failure) [ParNew (0: promotion failure size = 6249)  (1: promotion failure size = 6249)  (2: promotion failure size = 6249)  (3: promotion failure size = 6249)  (4: promotion failure size = 6249)  (5: promotion failure size = 6249)  (6: promotion failure size = 6249)  (7: promotion failure size = 6249)  (promotion failed): 613440K->572708K(613440K), 0.1891424 secs][CMS: 983871K->753417K(1397184K), 1.9081064 secs] 1534724K->753417K(2010624K), [Metaspace: 10002K->10002K(10240K)], 2.0973104 secs] [Times: user=2.31 sys=0.00, real=2.09 secs] 

*** PauseDetector detected a 2094 ms pause at Fri Dec 19 23:44:36 EET 2014 ***

[GC (Allocation Failure) [ParNew: 545344K->68096K(613440K), 0.1008666 secs] 1298761K->869363K(2010624K), 0.1009186 secs] [Times: user=0.53 sys=0.00, real=0.10 secs] 
[GC (Allocation Failure) [ParNew: 613440K->27425K(613440K), 0.0504022 secs] 1414707K->893089K(2010624K), 0.0504484 secs] [Times: user=0.14 sys=0.00, real=0.05 secs] 
[GC (Allocation Failure) [ParNew: 572769K->68096K(613440K), 0.1039475 secs] 1438433K->981722K(2010624K), 0.1040303 secs] [Times: user=0.41 sys=0.02, real=0.10 secs] 
[GC (Allocation Failure) [ParNew: 613440K->26757K(613440K), 0.0470962 secs] 1527066K->1002650K(2010624K), 0.0471449 secs] [Times: user=0.14 sys=0.00, real=0.05 secs] 
[GC (Allocation Failure) [ParNew: 572101K->68096K(613440K), 0.0927244 secs] 1547994K->1089215K(2010624K), 0.0927751 secs] [Times: user=0.37 sys=0.00, real=0.09 secs] 
[GC (Allocation Failure) [ParNew: 613440K->27387K(613440K), 0.0499614 secs] 1634559K->1112043K(2010624K), 0.0500121 secs] [Times: user=0.13 sys=0.00, real=0.04 secs] 
[GC (Allocation Failure) [ParNew: 572731K->68096K(613440K), 0.0951630 secs] 1657387K->1199384K(2010624K), 0.0952092 secs] [Times: user=0.37 sys=0.00, real=0.10 secs] 
[GC (Allocation Failure) [ParNew: 613440K->26742K(613440K), 0.0396545 secs] 1744728K->1219716K(2010624K), 0.0396982 secs] [Times: user=0.06 sys=0.02, real=0.04 secs] 
[GC (CMS Initial Mark) [1 CMS-initial-mark: 1192973K(1397184K)] 1230678K(2010624K), 0.0029654 secs] [Times: user=0.00 sys=0.00, real=0.00 secs] 
[CMS-concurrent-mark-start]
[CMS-concurrent-mark: 1.130/1.130 secs] [Times: user=3.74 sys=0.00, real=1.13 secs] 
[CMS-concurrent-preclean-start]
[CMS-concurrent-preclean: 0.138/0.147 secs] [Times: user=0.28 sys=0.00, real=0.15 secs] 
[CMS-concurrent-abortable-preclean-start]
[GC (Allocation Failure) [ParNew[CMS-concurrent-abortable-preclean: 0.057/0.385 secs] [Times: user=0.67 sys=0.00, real=0.39 secs] 
: 572086K->68096K(613440K), 0.0890090 secs] 1765060K->1306208K(2010624K), 0.0890552 secs] [Times: user=0.37 sys=0.00, real=0.09 secs] 
[GC (CMS Final Remark) [YG occupancy: 68098 K (613440 K)][Rescan (parallel) , 0.0513312 secs][weak refs processing, 0.0000212 secs][class unloading, 0.0065441 secs][scrub symbol table, 0.0010708 secs][scrub string table, 0.0003593 secs][1 CMS-remark: 1238112K(1397184K)] 1306210K(2010624K), 0.0603101 secs] [Times: user=0.23 sys=0.00, real=0.05 secs] 
[CMS-concurrent-sweep-start]
[CMS-concurrent-sweep: 0.737/0.737 secs] [Times: user=1.50 sys=0.00, real=0.74 secs] 
[CMS-concurrent-reset-start]
[CMS-concurrent-reset: 0.003/0.003 secs] [Times: user=0.00 sys=0.00, real=0.00 secs] 
[GC (Allocation Failure) [ParNew: 613440K->33368K(613440K), 0.0496535 secs] 1296877K->778611K(2010624K), 0.0497022 secs] [Times: user=0.13 sys=0.00, real=0.04 secs] 
[GC (Allocation Failure) [ParNew: 578712K->68096K(613440K), 0.0797094 secs] 1323955K->857768K(2010624K), 0.0797562 secs] [Times: user=0.33 sys=0.00, real=0.08 secs] 
[GC (Allocation Failure) [ParNew: 613440K->26783K(613440K), 0.0428406 secs] 1403112K->878514K(2010624K), 0.0428900 secs] [Times: user=0.20 sys=0.00, real=0.04 secs] 
[GC (Allocation Failure) [ParNew (0: promotion failure size = 2779)  (1: promotion failure size = 2779)  (2: promotion failure size = 2779)  (3: promotion failure size = 53)  (4: promotion failure size = 53)  (5: promotion failure size = 2779)  (6: promotion failure size = 53)  (7: promotion failure size = 2779)  (promotion failed): 572127K->613440K(613440K), 1.0538718 secs][CMS: 884795K->745956K(1397184K), 2.0680661 secs] 1423858K->745956K(2010624K), [Metaspace: 10002K->10002K(10240K)]
*** PauseDetector detected a 3117 ms pause at Fri Dec 19 23:44:59 EET 2014 ***

, 3.1220085 secs] [Times: user=3.45 sys=0.17, real=3.12 secs] 
[GC (Allocation Failure) [ParNew: 545344K->27389K(613440K), 0.0067930 secs] 1291300K->773345K(2010624K), 0.0068309 secs] [Times: user=0.06 sys=0.00, real=0.01 secs] 
[GC (Allocation Failure) [ParNew: 572733K->68094K(613440K), 0.0672410 secs] 1318689K->858581K(2010624K), 0.0672872 secs] [Times: user=0.30 sys=0.00, real=0.07 secs] 
[GC (Allocation Failure) [ParNew: 613438K->33640K(613440K), 0.0443733 secs] 1403925K->886636K(2010624K), 0.0444221 secs] [Times: user=0.20 sys=0.00, real=0.04 secs] 
[GC (Allocation Failure) [ParNew: 578984K->68096K(613440K), 0.0682829 secs] 1431980K->965259K(2010624K), 0.0683310 secs] [Times: user=0.25 sys=0.00, real=0.07 secs] 
[GC (Allocation Failure) [ParNew: 613440K->33421K(613440K), 0.0424877 secs] 1510603K->992658K(2010624K), 0.0425307 secs] [Times: user=0.14 sys=0.00, real=0.04 secs] 
[GC (Allocation Failure) [ParNew: 578765K->68096K(613440K), 0.0656262 secs] 1538002K->1069855K(2010624K), 0.0656762 secs] [Times: user=0.22 sys=0.00, real=0.07 secs] 
[GC (Allocation Failure) [ParNew: 613440K->20389K(613440K), 0.0371293 secs] 1615199K->1085396K(2010624K), 0.0372801 secs] [Times: user=0.13 sys=0.00, real=0.03 secs] 
[GC (Allocation Failure) [ParNew: 565733K->68096K(613440K), 0.0646490 secs] 1630740K->1175358K(2010624K), 0.0646991 secs] [Times: user=0.26 sys=0.00, real=0.07 secs] 
[GC (Allocation Failure) [ParNew: 613440K->20278K(613440K), 0.0413387 secs] 1720702K->1190117K(2010624K), 0.0414567 secs] [Times: user=0.19 sys=0.00, real=0.04 secs] 
[GC (CMS Initial Mark) [1 CMS-initial-mark: 1169839K(1397184K)] 1190199K(2010624K), 0.0044185 secs] [Times: user=0.00 sys=0.00, real=0.00 secs] 
[CMS-concurrent-mark-start]
[CMS-concurrent-mark: 1.107/1.107 secs] [Times: user=3.62 sys=0.00, real=1.11 secs] 
[CMS-concurrent-preclean-start]
[CMS-concurrent-preclean: 0.099/0.105 secs] [Times: user=0.22 sys=0.00, real=0.10 secs] 
[CMS-concurrent-abortable-preclean-start]
[GC (Allocation Failure) [ParNew[CMS-concurrent-abortable-preclean: 0.058/0.359 secs] [Times: user=0.66 sys=0.00, real=0.36 secs] 
: 565622K->68096K(613440K), 0.0635603 secs] 1735461K->1279857K(2010624K), 0.0636110 secs] [Times: user=0.28 sys=0.00, real=0.06 secs] 
[GC (CMS Final Remark) [YG occupancy: 79043 K (613440 K)][Rescan (parallel) , 0.0309246 secs][weak refs processing, 0.0000205 secs][class unloading, 0.0062720 secs][scrub symbol table, 0.0010875 secs][scrub string table, 0.0003554 secs][1 CMS-remark: 1211761K(1397184K)] 1290805K(2010624K), 0.0396417 secs] [Times: user=0.17 sys=0.00, real=0.04 secs] 
[CMS-concurrent-sweep-start]
[CMS-concurrent-sweep: 0.567/0.567 secs] [Times: user=1.12 sys=0.00, real=0.57 secs] 
[CMS-concurrent-reset-start]
[CMS-concurrent-reset: 0.003/0.003 secs] [Times: user=0.03 sys=0.00, real=0.00 secs] 
[GC (Allocation Failure) [ParNew: 613440K->27078K(613440K), 0.0397630 secs] 1292495K->768770K(2010624K), 0.0399099 secs] [Times: user=0.12 sys=0.00, real=0.04 secs] 
[GC (Allocation Failure) [ParNew: 572422K->68096K(613440K), 0.0616445 secs] 1314114K->853747K(2010624K), 0.0616946 secs] [Times: user=0.28 sys=0.00, real=0.06 secs] 
[GC (Allocation Failure) [ParNew: 613440K->13125K(613440K), 0.0309208 secs] 1399091K->859216K(2010624K), 0.0309682 secs] [Times: user=0.06 sys=0.00, real=0.03 secs] 
[GC (Allocation Failure) [ParNew: 558469K->68096K(613440K), 0.0701583 secs] 1404560K->955006K(2010624K), 0.0702102 secs] [Times: user=0.22 sys=0.00, real=0.07 secs] 
[GC (Allocation Failure) [ParNew (0: promotion failure size = 1854)  (1: promotion failure size = 1854)  (2: promotion failure size = 1854)  (3: promotion failure size = 1854)  (4: promotion failure size = 1854)  (5: promotion failure size = 1854)  (6: promotion failure size = 1854)  (7: promotion failure size = 1854)  (promotion failed): 613440K->586510K(613440K), 0.2980749 secs][CMS: 950143K->745181K(1397184K), 1.8213910 secs] 1500350K->745181K(2010624K), [Metaspace: 10002K->10002K(10240K)]
*** PauseDetector detected a 2120 ms pause at Fri Dec 19 23:45:24 EET 2014 ***

, 2.1195327 secs] [Times: user=2.15 sys=0.00, real=2.12 secs] 
[GC (Allocation Failure) [ParNew: 545344K->68096K(613440K), 0.0547502 secs] 1290525K->854689K(2010624K), 0.0548002 secs] [Times: user=0.20 sys=0.00, real=0.05 secs] 
[GC (Allocation Failure) [ParNew: 613440K->40939K(613440K), 0.0414432 secs] 1400033K->891261K(2010624K), 0.0415485 secs] [Times: user=0.13 sys=0.00, real=0.03 secs] 
[GC (Allocation Failure) [ParNew: 586283K->68096K(613440K), 0.0549882 secs] 1436605K->960525K(2010624K), 0.0550395 secs] [Times: user=0.28 sys=0.00, real=0.06 secs] 
[GC (Allocation Failure) [ParNew: 613440K->26831K(613440K), 0.0393652 secs] 1505869K->981400K(2010624K), 0.0394762 secs] [Times: user=0.14 sys=0.00, real=0.04 secs] 
[GC (Allocation Failure) [ParNew: 572175K->68096K(613440K), 0.0558928 secs] 1526744K->1064437K(2010624K), 0.0559512 secs] [Times: user=0.28 sys=0.00, real=0.06 secs] 
[Full GC (System.gc()) [CMS: 996341K->744726K(1397184K), 1.6262891 secs] 1590046K->744726K(2010624K), [Metaspace: 10002K->10002K(10240K)], 1.6266041 secs] [Times: user=1.62 sys=0.00, real=1.62 secs] 
[Full GC (System.gc()) [CMS: 744726K->744727K(1397184K), 1.3567663 secs] 755583K->744727K(2010624K), [Metaspace: 10002K->10002K(10240K)], 1.3569453 secs] [Times: user=1.36 sys=0.00, real=1.36 secs] 
[Full GC (System.gc()) [CMS: 744727K->744727K(1397184K), 1.6596106 secs] 755582K->744727K(2010624K), [Metaspace: 10002K->10002K(10240K)]
*** PauseDetector detected a 1620 ms pause at Fri Dec 19 23:45:34 EET 2014 ***

, 1.6598371 secs] [Times: user=1.67 sys=0.00, real=1.66 secs] 

*** PauseDetector detected a 3033 ms pause at Fri Dec 19 23:45:37 EET 2014 ***

[GC (Allocation Failure) [ParNew: 545344K->68096K(613440K), 0.0683426 secs] 1290071K->858133K(2010624K), 0.0684215 secs] [Times: user=0.25 sys=0.00, real=0.07 secs] 
[GC (Allocation Failure) [ParNew: 613440K->30637K(613440K), 0.0365461 secs] 1403477K->880026K(2010624K), 0.0366045 secs] [Times: user=0.13 sys=0.00, real=0.03 secs] 
[GC (Allocation Failure) [ParNew: 575981K->68096K(613440K), 0.0551852 secs] 1425370K->957439K(2010624K), 0.0552474 secs] [Times: user=0.22 sys=0.00, real=0.06 secs] 
[GC (Allocation Failure) [ParNew: 613440K->34479K(613440K), 0.0448410 secs] 1502783K->987507K(2010624K), 0.0448859 secs] [Times: user=0.13 sys=0.00, real=0.04 secs] 
[GC (Allocation Failure) [ParNew: 579823K->68096K(613440K), 0.0517668 secs] 1532851K->1062574K(2010624K), 0.0518130 secs] [Times: user=0.19 sys=0.00, real=0.05 secs] 
[GC (Allocation Failure) [ParNew: 613440K->20108K(613440K), 0.0382912 secs] 1607918K->1076454K(2010624K), 0.0383534 secs] [Times: user=0.14 sys=0.00, real=0.04 secs] 
[Full GC (System.gc()) [CMS: 1056346K->740580K(1397184K), 1.5205811 secs] 1382547K->740580K(2010624K), [Metaspace: 10002K->10002K(10240K)], 1.5208230 secs] [Times: user=1.51 sys=0.00, real=1.51 secs] 
[Full GC (System.gc()) [CMS: 740580K->740502K(1397184K), 1.4981824 secs] 740582K->740502K(2010624K), [Metaspace: 10002K->10002K(10240K)]
*** PauseDetector detected a 1516 ms pause at Fri Dec 19 23:45:49 EET 2014 ***

, 1.4984102 secs] [Times: user=1.50 sys=0.00, real=1.51 secs] 
[Full GC (System.gc()) [CMS: 740502K->738506K(1397184K), 1.6180974 secs] 751426K->738506K(2010624K), [Metaspace: 10002K->10002K(10240K)]
*** PauseDetector detected a 3125 ms pause at Fri Dec 19 23:45:52 EET 2014 ***

, 1.6183894 secs] [Times: user=1.62 sys=0.00, real=1.62 secs] 
********************************
********** ROUND   17 **********
********************************
[GC (Allocation Failure) [ParNew: 545344K->68096K(613440K), 0.0498934 secs] 1283850K->846728K(2010624K), 0.0499396 secs] [Times: user=0.19 sys=0.00, real=0.05 secs] 
[GC (Allocation Failure) [ParNew: 613440K->41022K(613440K), 0.0288183 secs] 1392072K->883280K(2010624K), 0.0288722 secs] [Times: user=0.08 sys=0.00, real=0.03 secs] 
[GC (Allocation Failure) [ParNew: 586366K->68096K(613440K), 0.1628807 secs] 1428624K->978231K(2010624K), 0.1629282 secs] [Times: user=0.70 sys=0.00, real=0.16 secs] 
[GC (Allocation Failure) [ParNew: 613440K->27379K(613440K), 0.0756951 secs] 1523575K->1002347K(2010624K), 0.0757457 secs] [Times: user=0.34 sys=0.00, real=0.07 secs] 
[GC (Allocation Failure) [ParNew: 572723K->68096K(613440K), 0.1759939 secs] 1547691K->1100106K(2010624K), 0.1760407 secs] [Times: user=0.95 sys=0.00, real=0.18 secs] 
[GC (Allocation Failure) [ParNew: 613440K->41090K(613440K), 0.0773862 secs] 1645450K->1137325K(2010624K), 0.0774472 secs] [Times: user=0.28 sys=0.00, real=0.07 secs] 
[GC (Allocation Failure) [ParNew: 586434K->68096K(613440K), 0.1644090 secs] 1682669K->1218720K(2010624K), 0.1644590 secs] [Times: user=0.73 sys=0.00, real=0.16 secs] 
[GC (Allocation Failure) [ParNew: 613440K->41010K(613440K), 0.0652701 secs] 1764064K->1255254K(2010624K), 0.0654164 secs] [Times: user=0.22 sys=0.00, real=0.07 secs] 
[GC (CMS Initial Mark) [1 CMS-initial-mark: 1214243K(1397184K)] 1266178K(2010624K), 0.0030808 secs] [Times: user=0.00 sys=0.00, real=0.00 secs] 
[CMS-concurrent-mark-start]
[CMS-concurrent-mark: 1.193/1.193 secs] [Times: user=4.20 sys=0.00, real=1.19 secs] 
[CMS-concurrent-preclean-start]
[CMS-concurrent-preclean: 0.246/0.258 secs] [Times: user=0.51 sys=0.00, real=0.26 secs] 
[CMS-concurrent-abortable-preclean-start]
[GC (Allocation Failure) [ParNew: 586354K->68096K(613440K), 0.1480533 secs] 1800598K->1332512K(2010624K), 0.1480988 secs] [Times: user=0.67 sys=0.00, real=0.15 secs] 
[CMS-concurrent-abortable-preclean: 1.091/1.748 secs] [Times: user=3.35 sys=0.00, real=1.75 secs] 
[GC (CMS Final Remark) [YG occupancy: 565047 K (613440 K)][Rescan (parallel) , 0.1192869 secs][weak refs processing, 0.0000199 secs][class unloading, 0.0066974 secs][scrub symbol table, 0.0010637 secs][scrub string table, 0.0003516 secs][1 CMS-remark: 1264416K(1397184K)] 1829464K(2010624K), 0.1283890 secs] [Times: user=0.56 sys=0.00, real=0.12 secs] 
[CMS-concurrent-sweep-start]
[GC (Allocation Failure) [ParNew: 613440K->34217K(613440K), 0.0623791 secs] 1877856K->1362352K(2010624K), 0.0624273 secs] [Times: user=0.25 sys=0.00, real=0.06 secs] 
[CMS-concurrent-sweep: 0.861/0.924 secs] [Times: user=2.40 sys=0.00, real=0.93 secs] 
[CMS-concurrent-reset-start]
[CMS-concurrent-reset: 0.003/0.003 secs] [Times: user=0.00 sys=0.00, real=0.00 secs] 
[GC (Allocation Failure) [ParNew: 579561K->68096K(613440K), 0.1277256 secs] 1334426K->872026K(2010624K), 0.1277750 secs] [Times: user=0.55 sys=0.00, real=0.12 secs] 
[GC (Allocation Failure) [ParNew: 613440K->27338K(613440K), 0.0546616 secs] 1417370K->894765K(2010624K), 0.0547130 secs] [Times: user=0.14 sys=0.00, real=0.05 secs] 
[GC (Allocation Failure) [ParNew: 572682K->68096K(613440K), 0.1190823 secs] 1440109K->982008K(2010624K), 0.1191291 secs] [Times: user=0.42 sys=0.00, real=0.12 secs] 
[GC (Allocation Failure) [ParNew: 613440K->34271K(613440K), 0.0660836 secs] 1527352K->1011723K(2010624K), 0.0661606 secs] [Times: user=0.16 sys=0.02, real=0.07 secs] 
[GC (Allocation Failure) [ParNew (0: promotion failure size = 4167)  (1: promotion failure size = 4167)  (2: promotion failure size = 4167)  (3: promotion failure size = 33)  (4: promotion failure size = 4167)  (5: promotion failure size = 4167)  (6: promotion failure size = 4167)  (7: promotion failure size = 4167)  (promotion failed): 579615K->613440K(613440K), 5.7652012 secs][CMS: 989444K->748976K(1397184K), 2.2862481 secs] 1557067K->748976K(2010624K), [Metaspace: 10002K->10002K(10240K)], 8.0515224 secs] [Times: user=8.33 sys=1.20, real=8.04 secs] 

*** PauseDetector detected a 8045 ms pause at Fri Dec 19 23:46:25 EET 2014 ***

[GC (Allocation Failure) [ParNew: 545344K->27380K(613440K), 0.0070644 secs] 1294320K->776356K(2010624K), 0.0071080 secs] [Times: user=0.06 sys=0.00, real=0.01 secs] 
[GC (Allocation Failure) [ParNew: 572724K->68096K(613440K), 0.0957751 secs] 1321700K->864061K(2010624K), 0.0958303 secs] [Times: user=0.33 sys=0.02, real=0.10 secs] 
[GC (Allocation Failure) [ParNew: 613440K->33953K(613440K), 0.0438915 secs] 1409405K->893785K(2010624K), 0.0439364 secs] [Times: user=0.12 sys=0.00, real=0.04 secs] 
[GC (Allocation Failure) [ParNew: 579297K->68096K(613440K), 0.0849081 secs] 1439129K->972921K(2010624K), 0.0849594 secs] [Times: user=0.36 sys=0.00, real=0.08 secs] 
[GC (Allocation Failure) [ParNew: 613440K->27347K(613440K), 0.0411455 secs] 1518265K->995970K(2010624K), 0.0412283 secs] [Times: user=0.14 sys=0.00, real=0.03 secs] 
[GC (Allocation Failure) [ParNew: 572691K->68096K(613440K), 0.0792904 secs] 1541314K->1080018K(2010624K), 0.0793366 secs] [Times: user=0.30 sys=0.00, real=0.08 secs] 
[GC (Allocation Failure) [ParNew: 613440K->27424K(613440K), 0.0466676 secs] 1625362K->1103161K(2010624K), 0.0467151 secs] [Times: user=0.14 sys=0.00, real=0.04 secs] 
[GC (Allocation Failure) [ParNew: 572768K->68096K(613440K), 0.0780111 secs] 1648505K->1186847K(2010624K), 0.0780612 secs] [Times: user=0.36 sys=0.00, real=0.08 secs] 
[GC (Allocation Failure) [ParNew: 613440K->27428K(613440K), 0.0429169 secs] 1732191K->1209655K(2010624K), 0.0430683 secs] [Times: user=0.14 sys=0.00, real=0.03 secs] 
[GC (CMS Initial Mark) [1 CMS-initial-mark: 1182227K(1397184K)] 1220580K(2010624K), 0.0030071 secs] [Times: user=0.00 sys=0.00, real=0.01 secs] 
[CMS-concurrent-mark-start]
[CMS-concurrent-mark: 1.143/1.143 secs] [Times: user=3.78 sys=0.01, real=1.15 secs] 
[CMS-concurrent-preclean-start]
[CMS-concurrent-preclean: 0.112/0.120 secs] [Times: user=0.25 sys=0.00, real=0.12 secs] 
[CMS-concurrent-abortable-preclean-start]
[GC (Allocation Failure) [ParNew[CMS-concurrent-abortable-preclean: 0.063/0.428 secs] [Times: user=0.72 sys=0.00, real=0.43 secs] 
: 572772K->68096K(613440K), 0.0781247 secs] 1754999K->1293044K(2010624K), 0.0781735 secs] [Times: user=0.30 sys=0.00, real=0.08 secs] 
[GC (CMS Final Remark) [YG occupancy: 68206 K (613440 K)][Rescan (parallel) , 0.0404116 secs][weak refs processing, 0.0000148 secs][class unloading, 0.0063657 secs][scrub symbol table, 0.0012331 secs][scrub string table, 0.0003535 secs][1 CMS-remark: 1224948K(1397184K)] 1293155K(2010624K), 0.0493590 secs] [Times: user=0.17 sys=0.00, real=0.05 secs] 
[CMS-concurrent-sweep-start]
[CMS-concurrent-sweep: 0.659/0.659 secs] [Times: user=1.34 sys=0.00, real=0.66 secs] 
[CMS-concurrent-reset-start]
[CMS-concurrent-reset: 0.003/0.003 secs] [Times: user=0.00 sys=0.00, real=0.00 secs] 
[GC (Allocation Failure) [ParNew: 613440K->34286K(613440K), 0.0381994 secs] 1294221K->778539K(2010624K), 0.0382456 secs] [Times: user=0.14 sys=0.00, real=0.04 secs] 
[GC (Allocation Failure) [ParNew: 579630K->68096K(613440K), 0.0699145 secs] 1323883K->855270K(2010624K), 0.0699639 secs] [Times: user=0.31 sys=0.00, real=0.06 secs] 
[GC (Allocation Failure) [ParNew: 613440K->40834K(613440K), 0.0362080 secs] 1400614K->891042K(2010624K), 0.0362542 secs] [Times: user=0.08 sys=0.00, real=0.04 secs] 
[GC (Allocation Failure) [ParNew: 586178K->68096K(613440K), 0.0924498 secs] 1436386K->960616K(2010624K), 0.0924973 secs] [Times: user=0.38 sys=0.00, real=0.09 secs] 
[GC (Allocation Failure) [ParNew (0: promotion failure size = 2779)  (1: promotion failure size = 2779)  (2: promotion failure size = 2779)  (3: promotion failure size = 2779)  (4: promotion failure size = 2779)  (5: promotion failure size = 2779)  (6: promotion failure size = 2779)  (7: promotion failure size = 2779)  (promotion failed): 613440K->586385K(613440K), 0.3235371 secs][CMS: 954954K->746693K(1397184K), 2.4635181 secs] 1505960K->746693K(2010624K), [Metaspace: 10002K->10002K(10240K)], 2.7871238 secs] [Times: user=2.85 sys=0.02, real=2.79 secs] 

*** PauseDetector detected a 2791 ms pause at Fri Dec 19 23:46:51 EET 2014 ***

[GC (Allocation Failure) [ParNew: 545344K->68096K(613440K), 0.0677555 secs] 1292037K->859513K(2010624K), 0.0678062 secs] [Times: user=0.27 sys=0.00, real=0.07 secs] 
[GC (Allocation Failure) [ParNew: 613440K->26621K(613440K), 0.0432910 secs] 1404857K->880165K(2010624K), 0.0433943 secs] [Times: user=0.19 sys=0.00, real=0.04 secs] 
[GC (Allocation Failure) [ParNew: 571965K->68096K(613440K), 0.0654946 secs] 1425509K->966245K(2010624K), 0.0655415 secs] [Times: user=0.31 sys=0.00, real=0.07 secs] 
[GC (Allocation Failure) [ParNew: 613440K->26173K(613440K), 0.0317631 secs] 1511589K->984661K(2010624K), 0.0318113 secs] [Times: user=0.08 sys=0.00, real=0.03 secs] 
[GC (Allocation Failure) [ParNew: 571517K->68096K(613440K), 0.0639452 secs] 1530005K->1068233K(2010624K), 0.0639889 secs] [Times: user=0.25 sys=0.00, real=0.06 secs] 
[GC (Allocation Failure) [ParNew: 613440K->27135K(613440K), 0.0320859 secs] 1613577K->1090134K(2010624K), 0.0321333 secs] [Times: user=0.11 sys=0.00, real=0.03 secs] 
[GC (Allocation Failure) [ParNew: 572479K->68096K(613440K), 0.0635904 secs] 1635478K->1175058K(2010624K), 0.0636507 secs] [Times: user=0.20 sys=0.00, real=0.06 secs] 
[GC (Allocation Failure) [ParNew: 613440K->52524K(613440K), 0.0322815 secs] 1720402K->1219899K(2010624K), 0.0323425 secs] [Times: user=0.11 sys=0.00, real=0.03 secs] 
[GC (CMS Initial Mark) [1 CMS-initial-mark: 1167375K(1397184K)] 1230824K(2010624K), 0.0046553 secs] [Times: user=0.00 sys=0.00, real=0.01 secs] 
[CMS-concurrent-mark-start]
[CMS-concurrent-mark: 1.590/1.590 secs] [Times: user=5.12 sys=0.00, real=1.59 secs] 
[CMS-concurrent-preclean-start]
[GC (Allocation Failure) [ParNew: 597868K->68096K(613440K), 0.0548464 secs] 1765243K->1276301K(2010624K), 0.0549054 secs] [Times: user=0.39 sys=0.00, real=0.06 secs] 
[CMS-concurrent-preclean: 0.013/0.068 secs] [Times: user=0.39 sys=0.00, real=0.07 secs] 
[CMS-concurrent-abortable-preclean-start]
[CMS-concurrent-abortable-preclean: 0.675/0.883 secs] [Times: user=1.67 sys=0.00, real=0.88 secs] 
[GC (CMS Final Remark) [YG occupancy: 419613 K (613440 K)][Rescan (parallel) , 0.0635462 secs][weak refs processing, 0.0000212 secs][class unloading, 0.0074481 secs][scrub symbol table, 0.0014307 secs][scrub string table, 0.0003888 secs][1 CMS-remark: 1208205K(1397184K)] 1627819K(2010624K), 0.0739577 secs] [Times: user=0.50 sys=0.00, real=0.07 secs] 
[CMS-concurrent-sweep-start]
[GC (Allocation Failure) [ParNew: 613440K->40964K(613440K), 0.0322591 secs] 1821645K->1312596K(2010624K), 0.0323226 secs] [Times: user=0.22 sys=0.00, real=0.03 secs] 
[CMS-concurrent-sweep: 0.816/0.849 secs] [Times: user=2.06 sys=0.00, real=0.85 secs] 
[CMS-concurrent-reset-start]
[CMS-concurrent-reset: 0.003/0.003 secs] [Times: user=0.00 sys=0.00, real=0.00 secs] 
[GC (Allocation Failure) [ParNew: 586308K->68096K(613440K), 0.0552147 secs] 1327307K->851408K(2010624K), 0.0552621 secs] [Times: user=0.28 sys=0.00, real=0.05 secs] 
[GC (Allocation Failure) [ParNew: 613440K->46829K(613440K), 0.0305210 secs] 1396752K->891991K(2010624K), 0.0305814 secs] [Times: user=0.17 sys=0.00, real=0.03 secs] 
[GC (Allocation Failure) [ParNew: 592173K->68096K(613440K), 0.0677896 secs] 1437335K->953897K(2010624K), 0.0678467 secs] [Times: user=0.36 sys=0.00, real=0.07 secs] 
[GC (Allocation Failure) [ParNew (0: promotion failure size = 89)  (1: promotion failure size = 89)  (2: promotion failure size = 89)  (3: promotion failure size = 89)  (4: promotion failure size = 89)  (5: promotion failure size = 89)  (6: promotion failure size = 89)  (7: promotion failure size = 89)  (promotion failed): 613440K->593188K(613440K), 2.8287525 secs][CMS: 900611K->745030K(1397184K), 2.1780065 secs] 1499241K->745030K(2010624K), [Metaspace: 10002K->10002K(10240K)], 5.0068912 secs] [Times: user=4.99 sys=0.42, real=5.01 secs] 

*** PauseDetector detected a 5011 ms pause at Fri Dec 19 23:47:17 EET 2014 ***

[GC (Allocation Failure) [ParNew: 545344K->68096K(613440K), 0.0524084 secs] 1290374K->854094K(2010624K), 0.0524546 secs] [Times: user=0.28 sys=0.00, real=0.05 secs] 
[GC (Allocation Failure) [ParNew: 613440K->27374K(613440K), 0.0407959 secs] 1399438K->877242K(2010624K), 0.0408793 secs] [Times: user=0.13 sys=0.00, real=0.04 secs] 
[GC (Allocation Failure) [ParNew: 572718K->68096K(613440K), 0.0516321 secs] 1422586K->959933K(2010624K), 0.0516809 secs] [Times: user=0.26 sys=0.00, real=0.05 secs] 
[GC (Allocation Failure) [ParNew: 613440K->26871K(613440K), 0.0406246 secs] 1505277K->981004K(2010624K), 0.0406746 secs] [Times: user=0.17 sys=0.00, real=0.04 secs] 
[GC (Allocation Failure) [ParNew: 572215K->68096K(613440K), 0.0530416 secs] 1526348K->1064527K(2010624K), 0.0530955 secs] [Times: user=0.23 sys=0.00, real=0.05 secs] 
[GC (Allocation Failure) [ParNew: 613440K->26501K(613440K), 0.0292398 secs] 1609871K->1084108K(2010624K), 0.0292873 secs] [Times: user=0.14 sys=0.00, real=0.03 secs] 
[GC (Allocation Failure) [ParNew: 571845K->68096K(613440K), 0.0541035 secs] 1629452K->1165524K(2010624K), 0.0541490 secs] [Times: user=0.22 sys=0.00, real=0.06 secs] 
[GC (Allocation Failure) [ParNew: 613440K->47893K(613440K), 0.0301393 secs] 1710868K->1208821K(2010624K), 0.0301849 secs] [Times: user=0.16 sys=0.00, real=0.03 secs] 
[GC (CMS Initial Mark) [1 CMS-initial-mark: 1160928K(1397184K)] 1219746K(2010624K), 0.0034234 secs] [Times: user=0.00 sys=0.00, real=0.00 secs] 
[CMS-concurrent-mark-start]
[CMS-concurrent-mark: 1.191/1.191 secs] [Times: user=3.90 sys=0.00, real=1.19 secs] 
[CMS-concurrent-preclean-start]
[CMS-concurrent-preclean: 0.070/0.074 secs] [Times: user=0.16 sys=0.00, real=0.07 secs] 
[CMS-concurrent-abortable-preclean-start]
[GC (Allocation Failure) [ParNew: 593237K->68096K(613440K), 0.0559621 secs] 1754165K->1269466K(2010624K), 0.0560083 secs] [Times: user=0.25 sys=0.00, real=0.05 secs] 
[CMS-concurrent-abortable-preclean: 0.582/1.164 secs] [Times: user=1.95 sys=0.00, real=1.16 secs] 
[GC (CMS Final Remark) [YG occupancy: 387209 K (613440 K)][Rescan (parallel) , 0.0702295 secs][weak refs processing, 0.0000225 secs][class unloading, 0.0071908 secs][scrub symbol table, 0.0011651 secs][scrub string table, 0.0003567 secs][1 CMS-remark: 1201370K(1397184K)] 1588580K(2010624K), 0.0799487 secs] [Times: user=0.42 sys=0.00, real=0.08 secs] 
[CMS-concurrent-sweep-start]
[CMS-concurrent-sweep: 0.508/0.508 secs] [Times: user=1.05 sys=0.00, real=0.51 secs] 
[CMS-concurrent-reset-start]
[CMS-concurrent-reset: 0.003/0.003 secs] [Times: user=0.00 sys=0.00, real=0.00 secs] 
[GC (Allocation Failure) [ParNew: 613440K->47475K(613440K), 0.0292443 secs] 1290599K->787357K(2010624K), 0.0292911 secs] [Times: user=0.09 sys=0.00, real=0.03 secs] 
[GC (Allocation Failure) [ParNew: 592819K->68096K(613440K), 0.0537005 secs] 1332701K->848665K(2010624K), 0.0537474 secs] [Times: user=0.20 sys=0.00, real=0.05 secs] 
[GC (Allocation Failure) [ParNew: 613440K->33715K(613440K), 0.0294098 secs] 1394009K->876758K(2010624K), 0.0295407 secs] [Times: user=0.06 sys=0.00, real=0.03 secs] 
[GC (Allocation Failure) [ParNew (0: promotion failure size = 14056)  (2: promotion failure size = 14056)  (4: promotion failure size = 14056)  (5: promotion failure size = 14056)  (7: promotion failure size = 14056)  (promotion failed): 579059K->613440K(613440K), 0.2764409 secs][CMS: 909558K->766347K(1397184K), 1.9792720 secs] 1422102K->766347K(2010624K), [Metaspace: 10002K->10002K(10240K)], 2.2557835 secs] [Times: user=2.87 sys=0.00, real=2.25 secs] 

*** PauseDetector detected a 2254 ms pause at Fri Dec 19 23:47:38 EET 2014 ***

[GC (Allocation Failure) [ParNew: 545344K->27357K(613440K), 0.0069508 secs] 1311691K->793705K(2010624K), 0.0069945 secs] [Times: user=0.06 sys=0.00, real=0.01 secs] 
[GC (Allocation Failure) [ParNew: 572701K->68096K(613440K), 0.2012309 secs] 1339049K->894322K(2010624K), 0.2012816 secs] [Times: user=0.84 sys=0.00, real=0.19 secs] 
[GC (Allocation Failure) [ParNew: 613440K->20564K(613440K), 0.0752594 secs] 1439666K->911701K(2010624K), 0.0753082 secs] [Times: user=0.20 sys=0.00, real=0.08 secs] 
[GC (Allocation Failure) [ParNew: 565908K->68096K(613440K), 0.1643910 secs] 1457045K->1013520K(2010624K), 0.1644378 secs] [Times: user=0.75 sys=0.00, real=0.16 secs] 
[GC (Allocation Failure) [ParNew: 613440K->13705K(613440K), 0.0650186 secs] 1558864K->1022957K(2010624K), 0.0650706 secs] [Times: user=0.27 sys=0.00, real=0.06 secs] 
[GC (Allocation Failure) [ParNew: 559049K->68096K(613440K), 0.1460868 secs] 1568301K->1128255K(2010624K), 0.1461337 secs] [Times: user=0.69 sys=0.00, real=0.14 secs] 
[GC (Allocation Failure) [ParNew: 613440K->27255K(613440K), 0.0599508 secs] 1673599K->1150461K(2010624K), 0.0600008 secs] [Times: user=0.30 sys=0.00, real=0.06 secs] 
[GC (Allocation Failure) [ParNew: 572599K->68096K(613440K), 0.1211866 secs] 1695805K->1240281K(2010624K), 0.1212348 secs] [Times: user=0.70 sys=0.00, real=0.12 secs] 
[GC (CMS Initial Mark) [1 CMS-initial-mark: 1172185K(1397184K)] 1251206K(2010624K), 0.0076880 secs] [Times: user=0.09 sys=0.00, real=0.01 secs] 
[CMS-concurrent-mark-start]
[CMS-concurrent-mark: 1.240/1.240 secs] [Times: user=3.71 sys=0.00, real=1.24 secs] 
[CMS-concurrent-preclean-start]
[CMS-concurrent-preclean: 0.005/0.005 secs] [Times: user=0.00 sys=0.00, real=0.00 secs] 
[CMS-concurrent-abortable-preclean-start]
[GC (Allocation Failure) [ParNew: 613440K->47984K(613440K), 0.0724403 secs] 1785625K->1284622K(2010624K), 0.0724955 secs] [Times: user=0.28 sys=0.00, real=0.07 secs] 
[CMS-concurrent-abortable-preclean: 0.592/1.280 secs] [Times: user=2.62 sys=0.00, real=1.28 secs] 
[GC (CMS Final Remark) [YG occupancy: 356144 K (613440 K)][Rescan (parallel) , 0.0611621 secs][weak refs processing, 0.0000327 secs][class unloading, 0.0110351 secs][scrub symbol table, 0.0015128 secs][scrub string table, 0.0006024 secs][1 CMS-remark: 1236637K(1397184K)] 1592782K(2010624K), 0.0758112 secs] [Times: user=0.26 sys=0.00, real=0.07 secs] 
[CMS-concurrent-sweep-start]
[GC (Allocation Failure) [ParNew: 593328K->68096K(613440K), 0.1101105 secs] 1807757K->1329019K(2010624K), 0.1101721 secs] [Times: user=0.75 sys=0.00, real=0.11 secs] 
[CMS-concurrent-sweep: 1.095/1.206 secs] [Times: user=3.00 sys=0.00, real=1.21 secs] 
[CMS-concurrent-reset-start]
[CMS-concurrent-reset: 0.003/0.003 secs] [Times: user=0.00 sys=0.00, real=0.00 secs] 
[GC (Allocation Failure) [ParNew: 613440K->34217K(613440K), 0.0554591 secs] 1413016K->897322K(2010624K), 0.0555091 secs] [Times: user=0.14 sys=0.00, real=0.05 secs] 
[GC (Allocation Failure) [ParNew: 579561K->68096K(613440K), 0.1123926 secs] 1442666K->977617K(2010624K), 0.1124541 secs] [Times: user=0.42 sys=0.00, real=0.11 secs] 
[GC (Allocation Failure) [ParNew (0: promotion failure size = 4167)  (promotion failed): 613440K->579299K(613440K), 0.1948472 secs][CMS: 972424K->750245K(1397184K), 2.6791581 secs] 1522961K->750245K(2010624K), [Metaspace: 10002K->10002K(10240K)], 2.8740747 secs] [Times: user=2.90 sys=0.03, real=2.88 secs] 

*** PauseDetector detected a 2880 ms pause at Fri Dec 19 23:48:03 EET 2014 ***

[GC (Allocation Failure) [ParNew: 545344K->68096K(613440K), 0.0953844 secs] 1295589K->864656K(2010624K), 0.0954274 secs] [Times: user=0.33 sys=0.00, real=0.09 secs] 
[GC (Allocation Failure) [ParNew: 613440K->47894K(613440K), 0.0565908 secs] 1410000K->908784K(2010624K), 0.0566550 secs] [Times: user=0.20 sys=0.00, real=0.06 secs] 
[GC (Allocation Failure) [ParNew: 593238K->68096K(613440K), 0.0836448 secs] 1454128K->974108K(2010624K), 0.0836994 secs] [Times: user=0.42 sys=0.00, real=0.08 secs] 
[GC (Allocation Failure) [ParNew: 613440K->34069K(613440K), 0.0408658 secs] 1519452K->1003529K(2010624K), 0.0409749 secs] [Times: user=0.17 sys=0.00, real=0.04 secs] 
[GC (Allocation Failure) [ParNew: 579413K->68096K(613440K), 0.0827447 secs] 1548873K->1081284K(2010624K), 0.0828576 secs] [Times: user=0.30 sys=0.00, real=0.08 secs] 
[GC (Allocation Failure) [ParNew: 613440K->27228K(613440K), 0.0412694 secs] 1626628K->1103721K(2010624K), 0.0413547 secs] [Times: user=0.16 sys=0.00, real=0.04 secs] 
[GC (Allocation Failure) [ParNew: 572572K->68096K(613440K), 0.0816694 secs] 1649065K->1187617K(2010624K), 0.0817567 secs] [Times: user=0.36 sys=0.00, real=0.08 secs] 
[GC (Allocation Failure) [ParNew: 613440K->34268K(613440K), 0.0390373 secs] 1732961K->1217248K(2010624K), 0.0390867 secs] [Times: user=0.14 sys=0.00, real=0.03 secs] 
[GC (CMS Initial Mark) [1 CMS-initial-mark: 1182980K(1397184K)] 1228173K(2010624K), 0.0028492 secs] [Times: user=0.02 sys=0.00, real=0.01 secs] 
[CMS-concurrent-mark-start]
[CMS-concurrent-mark: 1.235/1.235 secs] [Times: user=4.04 sys=0.00, real=1.23 secs] 
[CMS-concurrent-preclean-start]
[CMS-concurrent-preclean: 0.115/0.122 secs] [Times: user=0.25 sys=0.00, real=0.12 secs] 
[CMS-concurrent-abortable-preclean-start]
[GC (Allocation Failure) [ParNew[CMS-concurrent-abortable-preclean: 0.042/0.268 secs] [Times: user=0.48 sys=0.00, real=0.27 secs] 
: 579612K->68096K(613440K), 0.0819280 secs] 1762592K->1295244K(2010624K), 0.0819819 secs] [Times: user=0.26 sys=0.00, real=0.08 secs] 
[GC (CMS Final Remark) [YG occupancy: 79018 K (613440 K)][Rescan (parallel) , 0.0424229 secs][weak refs processing, 0.0000205 secs][class unloading, 0.0074153 secs][scrub symbol table, 0.0010920 secs][scrub string table, 0.0003663 secs][1 CMS-remark: 1227148K(1397184K)] 1306166K(2010624K), 0.0523462 secs] [Times: user=0.23 sys=0.00, real=0.05 secs] 
[CMS-concurrent-sweep-start]
[CMS-concurrent-sweep: 0.698/0.698 secs] [Times: user=1.42 sys=0.00, real=0.70 secs] 
[CMS-concurrent-reset-start]
[CMS-concurrent-reset: 0.003/0.003 secs] [Times: user=0.00 sys=0.00, real=0.00 secs] 
[GC (Allocation Failure) [ParNew: 613440K->26830K(613440K), 0.0395698 secs] 1295175K->770600K(2010624K), 0.0396237 secs] [Times: user=0.16 sys=0.00, real=0.04 secs] 
[GC (Allocation Failure) [ParNew: 572174K->68096K(613440K), 0.0742034 secs] 1315944K->856096K(2010624K), 0.0742477 secs] [Times: user=0.25 sys=0.00, real=0.07 secs] 
[GC (Allocation Failure) [ParNew: 613440K->46785K(613440K), 0.0354188 secs] 1401440K->896541K(2010624K), 0.0354663 secs] [Times: user=0.06 sys=0.00, real=0.03 secs] 
[GC (Allocation Failure) [ParNew (0: promotion failure size = 61)  (1: promotion failure size = 61)  (2: promotion failure size = 61)  (3: promotion failure size = 61)  (4: promotion failure size = 61)  (5: promotion failure size = 61)  (6: promotion failure size = 2779)  (7: promotion failure size = 2779)  (promotion failed): 592129K->613440K(613440K), 1.1031545 secs][CMS: 881208K->745549K(1397184K), 1.8878801 secs] 1441885K->745549K(2010624K), [Metaspace: 10002K->10002K(10240K)], 2.9911155 secs] [Times: user=3.23 sys=0.37, real=2.98 secs] 

*** PauseDetector detected a 2987 ms pause at Fri Dec 19 23:48:26 EET 2014 ***

[GC (Allocation Failure) [ParNew: 545344K->34169K(613440K), 0.0062124 secs] 1290893K->779719K(2010624K), 0.0062586 secs] [Times: user=0.08 sys=0.00, real=0.01 secs] 
[GC (Allocation Failure) [ParNew: 579513K->68096K(613440K), 0.0640620 secs] 1325063K->857080K(2010624K), 0.0641056 secs] [Times: user=0.28 sys=0.00, real=0.06 secs] 
[GC (Allocation Failure) [ParNew: 613440K->20336K(613440K), 0.0524597 secs] 1402424K->872541K(2010624K), 0.0525136 secs] [Times: user=0.19 sys=0.00, real=0.05 secs] 
[GC (Allocation Failure) [ParNew: 565680K->68096K(613440K), 0.0638208 secs] 1417885K->965091K(2010624K), 0.0638689 secs] [Times: user=0.26 sys=0.00, real=0.06 secs] 
[Full GC (System.gc()) [CMS: 896995K->742887K(1397184K), 1.9712118 secs] 1251059K->742887K(2010624K), [Metaspace: 10002K->10002K(10240K)], 1.9714441 secs] [Times: user=1.95 sys=0.00, real=1.97 secs] 
[Full GC (System.gc()) [CMS: 742887K->742809K(1397184K), 1.5772092 secs] 742887K->742809K(2010624K), [Metaspace: 10002K->10002K(10240K)], 1.5773984 secs] [Times: user=1.58 sys=0.00, real=1.58 secs] 
[Full GC (System.gc()) [CMS: 742809K->739881K(1397184K), 1.5138221 secs] 753701K->739881K(2010624K), [Metaspace: 10002K->10002K(10240K)]
*** PauseDetector detected a 3553 ms pause at Fri Dec 19 23:48:36 EET 2014 ***

, 1.5141083 secs] [Times: user=1.51 sys=0.00, real=1.51 secs] 

*** PauseDetector detected a 1517 ms pause at Fri Dec 19 23:48:38 EET 2014 ***

[GC (Allocation Failure) [ParNew: 545344K->68096K(613440K), 0.0663370 secs] 1285225K->850540K(2010624K), 0.0663973 secs] [Times: user=0.16 sys=0.00, real=0.07 secs] 
[GC (Allocation Failure) [ParNew: 613440K->31736K(613440K), 0.0362112 secs] 1395884K->877202K(2010624K), 0.0362593 secs] [Times: user=0.13 sys=0.00, real=0.03 secs] 
[GC (Allocation Failure) [ParNew: 577080K->68096K(613440K), 0.0620154 secs] 1422546K->957221K(2010624K), 0.0620641 secs] [Times: user=0.20 sys=0.00, real=0.06 secs] 
[GC (Allocation Failure) [ParNew: 613440K->26690K(613440K), 0.0414400 secs] 1502565K->976762K(2010624K), 0.0416056 secs] [Times: user=0.14 sys=0.00, real=0.04 secs] 
[GC (Allocation Failure) [ParNew: 572034K->68096K(613440K), 0.0676099 secs] 1522106K->1059864K(2010624K), 0.0676805 secs] [Times: user=0.20 sys=0.00, real=0.06 secs] 
[GC (Allocation Failure) [ParNew: 613440K->33845K(613440K), 0.0323066 secs] 1605208K->1088264K(2010624K), 0.0323534 secs] [Times: user=0.11 sys=0.00, real=0.03 secs] 
[Full GC (System.gc()) [CMS: 1054418K->741623K(1397184K), 1.7876416 secs] 1406307K->741623K(2010624K), [Metaspace: 10002K->10002K(10240K)], 1.7878738 secs] [Times: user=1.78 sys=0.00, real=1.79 secs] 
[Full GC (System.gc()) [CMS: 741623K->741546K(1397184K), 1.5348350 secs] 752571K->741546K(2010624K), [Metaspace: 10002K->10002K(10240K)]
*** PauseDetector detected a 1791 ms pause at Fri Dec 19 23:48:49 EET 2014 ***

, 1.5350827 secs] [Times: user=1.54 sys=0.00, real=1.54 secs] 
[Full GC (System.gc()) [CMS: 741546K->739507K(1397184K), 1.4854516 secs] 752493K->739507K(2010624K), [Metaspace: 10002K->10002K(10240K)]
*** PauseDetector detected a 3021 ms pause at Fri Dec 19 23:48:52 EET 2014 ***

, 1.4856896 secs] [Times: user=1.48 sys=0.00, real=1.49 secs] 
********************************
********** ROUND   18 **********
********************************
[GC (Allocation Failure) [ParNew: 545344K->68096K(613440K), 0.0528216 secs] 1284851K->851817K(2010624K), 0.0528716 secs] [Times: user=0.23 sys=0.00, real=0.05 secs] 
[GC (Allocation Failure) [ParNew: 613440K->26186K(613440K), 0.0324708 secs] 1397161K->870743K(2010624K), 0.0325792 secs] [Times: user=0.08 sys=0.00, real=0.03 secs] 
[GC (Allocation Failure) [ParNew: 571530K->68096K(613440K), 0.0535434 secs] 1416087K->954121K(2010624K), 0.0536017 secs] [Times: user=0.23 sys=0.00, real=0.05 secs] 
[GC (Allocation Failure) [ParNew: 613440K->20241K(613440K), 0.0421650 secs] 1499465K->968981K(2010624K), 0.0422234 secs] [Times: user=0.11 sys=0.00, real=0.04 secs] 
[GC (Allocation Failure) [ParNew: 565585K->68096K(613440K), 0.0572266 secs] 1514325K->1058840K(2010624K), 0.0572947 secs] [Times: user=0.19 sys=0.00, real=0.05 secs] 
[GC (Allocation Failure) [ParNew: 613440K->26809K(613440K), 0.0288979 secs] 1604184K->1079496K(2010624K), 0.0290140 secs] [Times: user=0.05 sys=0.00, real=0.03 secs] 
[GC (Allocation Failure) [ParNew: 572153K->68096K(613440K), 0.0545936 secs] 1624840K->1162977K(2010624K), 0.0546398 secs] [Times: user=0.25 sys=0.00, real=0.06 secs] 
[GC (Allocation Failure) [ParNew: 613440K->33149K(613440K), 0.0391150 secs] 1708321K->1189185K(2010624K), 0.0391599 secs] [Times: user=0.14 sys=0.00, real=0.04 secs] 
[GC (CMS Initial Mark) [1 CMS-initial-mark: 1156036K(1397184K)] 1200133K(2010624K), 0.0030706 secs] [Times: user=0.06 sys=0.00, real=0.00 secs] 
[CMS-concurrent-mark-start]
[CMS-concurrent-mark: 1.221/1.221 secs] [Times: user=3.85 sys=0.00, real=1.22 secs] 
[CMS-concurrent-preclean-start]
[CMS-concurrent-preclean: 0.065/0.069 secs] [Times: user=0.13 sys=0.00, real=0.07 secs] 
[CMS-concurrent-abortable-preclean-start]
[GC (Allocation Failure) [ParNew[CMS-concurrent-abortable-preclean: 0.072/0.384 secs] [Times: user=0.72 sys=0.00, real=0.38 secs] 
: 578493K->68096K(613440K), 0.0502559 secs] 1734529K->1263944K(2010624K), 0.0503047 secs] [Times: user=0.31 sys=0.00, real=0.05 secs] 
[GC (CMS Final Remark) [YG occupancy: 79172 K (613440 K)][Rescan (parallel) , 0.0241354 secs][weak refs processing, 0.0000481 secs][class unloading, 0.0067782 secs][scrub symbol table, 0.0013929 secs][scrub string table, 0.0003625 secs][1 CMS-remark: 1195848K(1397184K)] 1275020K(2010624K), 0.0337475 secs] [Times: user=0.22 sys=0.00, real=0.03 secs] 
[CMS-concurrent-sweep-start]
[CMS-concurrent-sweep: 0.548/0.548 secs] [Times: user=1.15 sys=0.00, real=0.55 secs] 
[CMS-concurrent-reset-start]
[CMS-concurrent-reset: 0.003/0.003 secs] [Times: user=0.00 sys=0.00, real=0.00 secs] 
[GC (Allocation Failure) [ParNew: 613440K->34153K(613440K), 0.0319171 secs] 1289763K->773913K(2010624K), 0.0319607 secs] [Times: user=0.13 sys=0.00, real=0.03 secs] 
[GC (Allocation Failure) [ParNew: 579497K->68096K(613440K), 0.0524501 secs] 1319257K->850154K(2010624K), 0.0525079 secs] [Times: user=0.22 sys=0.00, real=0.05 secs] 
[GC (Allocation Failure) [ParNew: 613440K->33031K(613440K), 0.0328391 secs] 1395498K->876011K(2010624K), 0.0328846 secs] [Times: user=0.13 sys=0.00, real=0.03 secs] 
[GC (Allocation Failure) [ParNew: 578375K->68096K(613440K), 0.0555772 secs] 1421355K->950762K(2010624K), 0.0556240 secs] [Times: user=0.23 sys=0.00, real=0.06 secs] 
[GC (Allocation Failure) [ParNew: 613440K->40974K(613440K), 0.0571144 secs] 1496106K->987055K(2010624K), 0.0571631 secs] [Times: user=0.16 sys=0.00, real=0.06 secs] 
[GC (Allocation Failure) [ParNew (0: promotion failure size = 14056)  (1: promotion failure size = 14056)  (2: promotion failure size = 14056)  (3: promotion failure size = 14056)  (4: promotion failure size = 14056)  (5: promotion failure size = 14056)  (6: promotion failure size = 14056)  (7: promotion failure size = 14056)  (promotion failed): 586318K->613440K(613440K), 0.4657469 secs][CMS: 998855K->766351K(1397184K), 2.0227298 secs] 1532399K->766351K(2010624K), [Metaspace: 10002K->10002K(10240K)], 2.4885633 secs] [Times: user=3.15 sys=0.06, real=2.49 secs] 

*** PauseDetector detected a 2492 ms pause at Fri Dec 19 23:49:18 EET 2014 ***

[GC (Allocation Failure) [ParNew: 545344K->27358K(613440K), 0.0069361 secs] 1311695K->793709K(2010624K), 0.0069810 secs] [Times: user=0.06 sys=0.00, real=0.01 secs] 
[GC (Allocation Failure) [ParNew: 572702K->68096K(613440K), 0.1906738 secs] 1339053K->894323K(2010624K), 0.1907322 secs] [Times: user=0.95 sys=0.00, real=0.19 secs] 
[GC (Allocation Failure) [ParNew: 613440K->27402K(613440K), 0.0866063 secs] 1439667K->918530K(2010624K), 0.0866512 secs] [Times: user=0.28 sys=0.00, real=0.09 secs] 
[GC (Allocation Failure) [ParNew: 572746K->68096K(613440K), 0.1648061 secs] 1463874K->1014674K(2010624K), 0.1648555 secs] [Times: user=0.78 sys=0.00, real=0.16 secs] 
[GC (Allocation Failure) [ParNew: 613440K->20296K(613440K), 0.0642031 secs] 1560018K->1029946K(2010624K), 0.0642513 secs] [Times: user=0.20 sys=0.00, real=0.06 secs] 
[GC (Allocation Failure) [ParNew: 565640K->68096K(613440K), 0.1472455 secs] 1575290K->1128018K(2010624K), 0.1472988 secs] [Times: user=0.59 sys=0.00, real=0.14 secs] 
[GC (Allocation Failure) [ParNew: 613440K->27372K(613440K), 0.0623406 secs] 1673362K->1150887K(2010624K), 0.0623849 secs] [Times: user=0.22 sys=0.00, real=0.06 secs] 
[GC (Allocation Failure) [ParNew: 572716K->68096K(613440K), 0.1282812 secs] 1696231K->1240598K(2010624K), 0.1283312 secs] [Times: user=0.61 sys=0.00, real=0.13 secs] 
[GC (Allocation Failure) [ParNew: 613440K->47977K(613440K), 0.0547983 secs] 1785942K->1284055K(2010624K), 0.0548464 secs] [Times: user=0.17 sys=0.00, real=0.05 secs] 
[GC (CMS Initial Mark) [1 CMS-initial-mark: 1236077K(1397184K)] 1284055K(2010624K), 0.0020216 secs] [Times: user=0.00 sys=0.00, real=0.00 secs] 
[CMS-concurrent-mark-start]
[CMS-concurrent-mark: 1.279/1.279 secs] [Times: user=4.26 sys=0.00, real=1.28 secs] 
[CMS-concurrent-preclean-start]
[CMS-concurrent-preclean: 0.223/0.238 secs] [Times: user=0.50 sys=0.00, real=0.24 secs] 
[CMS-concurrent-abortable-preclean-start]
[GC (Allocation Failure) [ParNew[CMS-concurrent-abortable-preclean: 0.038/0.281 secs] [Times: user=0.80 sys=0.00, real=0.28 secs] 
: 593321K->68096K(613440K), 0.1178716 secs] 1829399K->1350705K(2010624K), 0.1179217 secs] [Times: user=0.61 sys=0.00, real=0.12 secs] 
[GC (CMS Final Remark) [YG occupancy: 79043 K (613440 K)][Rescan (parallel) , 0.0679769 secs][weak refs processing, 0.0000167 secs][class unloading, 0.0071285 secs][scrub symbol table, 0.0010772 secs][scrub string table, 0.0003535 secs][1 CMS-remark: 1282609K(1397184K)] 1361653K(2010624K), 0.0775235 secs] [Times: user=0.44 sys=0.00, real=0.08 secs] 
[CMS-concurrent-sweep-start]
[CMS-concurrent-sweep: 0.909/0.909 secs] [Times: user=1.82 sys=0.00, real=0.91 secs] 
[CMS-concurrent-reset-start]
[CMS-concurrent-reset: 0.003/0.003 secs] [Times: user=0.00 sys=0.00, real=0.00 secs] 
[GC (Allocation Failure) [ParNew: 613440K->27379K(613440K), 0.0525213 secs] 1299950K->780611K(2010624K), 0.0526349 secs] [Times: user=0.14 sys=0.00, real=0.05 secs] 
[GC (Allocation Failure) [ParNew: 572723K->68096K(613440K), 0.1086464 secs] 1325955K->867147K(2010624K), 0.1086881 secs] [Times: user=0.45 sys=0.00, real=0.11 secs] 
[GC (Allocation Failure) [ParNew (1: promotion failure size = 4167)  (2: promotion failure size = 4167)  (4: promotion failure size = 4167)  (5: promotion failure size = 4167)  (6: promotion failure size = 4167)  (promotion failed): 613440K->579613K(613440K), 0.1810579 secs][CMS: 862397K->750241K(1397184K), 2.1459643 secs] 1412491K->750241K(2010624K), [Metaspace: 10002K->10002K(10240K)]
*** PauseDetector detected a 2331 ms pause at Fri Dec 19 23:49:41 EET 2014 ***

, 2.3270914 secs] [Times: user=2.51 sys=0.00, real=2.33 secs] 
[GC (Allocation Failure) [ParNew: 545344K->68096K(613440K), 0.0987026 secs] 1295585K->864661K(2010624K), 0.0988290 secs] [Times: user=0.41 sys=0.00, real=0.10 secs] 
[GC (Allocation Failure) [ParNew: 613440K->27367K(613440K), 0.0448147 secs] 1410005K->888193K(2010624K), 0.0448988 secs] [Times: user=0.13 sys=0.00, real=0.04 secs] 
[GC (Allocation Failure) [ParNew: 572711K->68096K(613440K), 0.0852212 secs] 1433537K->973714K(2010624K), 0.0852686 secs] [Times: user=0.44 sys=0.00, real=0.09 secs] 
[GC (Allocation Failure) [ParNew: 613440K->34282K(613440K), 0.0440172 secs] 1519058K->1003574K(2010624K), 0.0440673 secs] [Times: user=0.13 sys=0.00, real=0.04 secs] 
[GC (Allocation Failure) [ParNew: 579626K->68096K(613440K), 0.0833272 secs] 1548918K->1080830K(2010624K), 0.0833875 secs] [Times: user=0.41 sys=0.00, real=0.08 secs] 
[GC (Allocation Failure) [ParNew: 613440K->20537K(613440K), 0.0480303 secs] 1626174K->1097079K(2010624K), 0.0480810 secs] [Times: user=0.16 sys=0.00, real=0.04 secs] 
[GC (Allocation Failure) [ParNew: 565881K->68096K(613440K), 0.0808334 secs] 1642423K->1187659K(2010624K), 0.0808892 secs] [Times: user=0.36 sys=0.00, real=0.08 secs] 
[GC (Allocation Failure) [ParNew: 613440K->34282K(613440K), 0.0546706 secs] 1733003K->1217394K(2010624K), 0.0547181 secs] [Times: user=0.19 sys=0.00, real=0.06 secs] 
[GC (CMS Initial Mark) [1 CMS-initial-mark: 1183111K(1397184K)] 1217493K(2010624K), 0.0035376 secs] [Times: user=0.03 sys=0.00, real=0.00 secs] 
[CMS-concurrent-mark-start]
[CMS-concurrent-mark: 1.142/1.142 secs] [Times: user=3.76 sys=0.00, real=1.14 secs] 
[CMS-concurrent-preclean-start]
[CMS-concurrent-preclean: 0.122/0.130 secs] [Times: user=0.25 sys=0.00, real=0.13 secs] 
[CMS-concurrent-abortable-preclean-start]
[GC (Allocation Failure) [ParNew[CMS-concurrent-abortable-preclean: 0.069/0.382 secs] [Times: user=0.75 sys=0.00, real=0.38 secs] 
: 579626K->68096K(613440K), 0.0786906 secs] 1762738K->1293904K(2010624K), 0.0787374 secs] [Times: user=0.37 sys=0.00, real=0.08 secs] 
[GC (CMS Final Remark) [YG occupancy: 68192 K (613440 K)][Rescan (parallel) , 0.0412405 secs][weak refs processing, 0.0000205 secs][class unloading, 0.0080851 secs][scrub symbol table, 0.0011119 secs][scrub string table, 0.0003593 secs][1 CMS-remark: 1225808K(1397184K)] 1294000K(2010624K), 0.0517989 secs] [Times: user=0.25 sys=0.00, real=0.05 secs] 
[CMS-concurrent-sweep-start]
[CMS-concurrent-sweep: 0.643/0.643 secs] [Times: user=1.33 sys=0.00, real=0.64 secs] 
[CMS-concurrent-reset-start]
[CMS-concurrent-reset: 0.002/0.002 secs] [Times: user=0.00 sys=0.00, real=0.00 secs] 
[GC (Allocation Failure) [ParNew: 613440K->47917K(613440K), 0.0433962 secs] 1293840K->792017K(2010624K), 0.0434424 secs] [Times: user=0.14 sys=0.00, real=0.04 secs] 
[GC (Allocation Failure) [ParNew: 593261K->68096K(613440K), 0.0700947 secs] 1337361K->854690K(2010624K), 0.0701435 secs] [Times: user=0.33 sys=0.00, real=0.07 secs] 
[GC (Allocation Failure) [ParNew: 613440K->27379K(613440K), 0.0362811 secs] 1400034K->877434K(2010624K), 0.0363312 secs] [Times: user=0.13 sys=0.00, real=0.04 secs] 
[GC (Allocation Failure) [ParNew (0: promotion failure size = 61)  (1: promotion failure size = 61)  (2: promotion failure size = 61)  (3: promotion failure size = 2779)  (4: promotion failure size = 61)  (5: promotion failure size = 61)  (6: promotion failure size = 2779)  (7: promotion failure size = 61)  (promotion failed): 572723K->613440K(613440K), 1.0830706 secs][CMS: 882000K->745538K(1397184K), 1.9783603 secs] 1422778K->745538K(2010624K), [Metaspace: 10002K->10002K(10240K)]
*** PauseDetector detected a 3060 ms pause at Fri Dec 19 23:50:04 EET 2014 ***

, 3.0614963 secs] [Times: user=3.23 sys=0.25, real=3.06 secs] 
[GC (CMS Initial Mark) [1 CMS-initial-mark: 745538K(1397184K)] 756484K(2010624K), 0.0004061 secs] [Times: user=0.00 sys=0.00, real=0.00 secs] 
[CMS-concurrent-mark-start]
[CMS-concurrent-mark: 1.274/1.275 secs] [Times: user=3.93 sys=0.00, real=1.28 secs] 
[CMS-concurrent-preclean-start]
[CMS-concurrent-preclean: 0.005/0.005 secs] [Times: user=0.00 sys=0.00, real=0.00 secs] 
[CMS-concurrent-abortable-preclean-start]
[GC (Allocation Failure) [ParNew: 545344K->34281K(613440K), 0.0067693 secs] 1290882K->779820K(2010624K), 0.0068155 secs] [Times: user=0.00 sys=0.00, real=0.01 secs] 
[CMS-concurrent-abortable-preclean: 0.359/1.168 secs] [Times: user=1.79 sys=0.00, real=1.17 secs] 
[GC (CMS Final Remark) [YG occupancy: 376810 K (613440 K)][Rescan (parallel) , 0.0666296 secs][weak refs processing, 0.0000205 secs][class unloading, 0.0102575 secs][scrub symbol table, 0.0015930 secs][scrub string table, 0.0003849 secs][1 CMS-remark: 745538K(1397184K)] 1122349K(2010624K), 0.0803144 secs] [Times: user=0.26 sys=0.00, real=0.08 secs] 
[CMS-concurrent-sweep-start]
[CMS-concurrent-sweep: 0.456/0.456 secs] [Times: user=0.91 sys=0.00, real=0.46 secs] 
[CMS-concurrent-reset-start]
[CMS-concurrent-reset: 0.003/0.003 secs] [Times: user=0.00 sys=0.00, real=0.00 secs] 
[GC (Allocation Failure) [ParNew: 579625K->68096K(613440K), 0.0658263 secs] 1325085K->861299K(2010624K), 0.0658725 secs] [Times: user=0.23 sys=0.00, real=0.07 secs] 
[GC (Allocation Failure) [ParNew: 613440K->31907K(613440K), 0.0342403 secs] 1406643K->884115K(2010624K), 0.0342865 secs] [Times: user=0.12 sys=0.00, real=0.03 secs] 
[GC (Allocation Failure) [ParNew: 577251K->68096K(613440K), 0.0623535 secs] 1429459K->962970K(2010624K), 0.0624010 secs] [Times: user=0.25 sys=0.00, real=0.06 secs] 
[GC (Allocation Failure) [ParNew: 613440K->33463K(613440K), 0.0338823 secs] 1508314K->990631K(2010624K), 0.0339336 secs] [Times: user=0.14 sys=0.00, real=0.03 secs] 
[GC (Allocation Failure) [ParNew: 578807K->68096K(613440K), 0.0639504 secs] 1535975K->1068105K(2010624K), 0.0640036 secs] [Times: user=0.20 sys=0.00, real=0.06 secs] 
[GC (Allocation Failure) [ParNew: 613440K->20034K(613440K), 0.0407657 secs] 1613449K->1082169K(2010624K), 0.0408203 secs] [Times: user=0.09 sys=0.00, real=0.04 secs] 
[GC (Allocation Failure) [ParNew: 565378K->68096K(613440K), 0.0633903 secs] 1627513K->1172389K(2010624K), 0.0634403 secs] [Times: user=0.19 sys=0.00, real=0.06 secs] 
[GC (Allocation Failure) [ParNew: 613440K->33662K(613440K), 0.0336705 secs] 1717733K->1200174K(2010624K), 0.0337212 secs] [Times: user=0.09 sys=0.00, real=0.03 secs] 
[GC (CMS Initial Mark) [1 CMS-initial-mark: 1166511K(1397184K)] 1200174K(2010624K), 0.0040086 secs] [Times: user=0.00 sys=0.00, real=0.00 secs] 
[CMS-concurrent-mark-start]
[CMS-concurrent-mark: 1.156/1.156 secs] [Times: user=3.78 sys=0.00, real=1.16 secs] 
[CMS-concurrent-preclean-start]
[CMS-concurrent-preclean: 0.081/0.086 secs] [Times: user=0.19 sys=0.00, real=0.09 secs] 
[CMS-concurrent-abortable-preclean-start]
[GC (Allocation Failure) [ParNew[CMS-concurrent-abortable-preclean: 0.059/0.367 secs] [Times: user=0.55 sys=0.00, real=0.37 secs] 
: 579006K->68096K(613440K), 0.0614822 secs] 1745518K->1276368K(2010624K), 0.0615278 secs] [Times: user=0.25 sys=0.02, real=0.06 secs] 
[GC (CMS Final Remark) [YG occupancy: 79043 K (613440 K)][Rescan (parallel) , 0.0286977 secs][weak refs processing, 0.0000199 secs][class unloading, 0.0072710 secs][scrub symbol table, 0.0010663 secs][scrub string table, 0.0003541 secs][1 CMS-remark: 1208272K(1397184K)] 1287316K(2010624K), 0.0383868 secs] [Times: user=0.19 sys=0.00, real=0.04 secs] 
[CMS-concurrent-sweep-start]
[CMS-concurrent-sweep: 0.592/0.592 secs] [Times: user=1.20 sys=0.00, real=0.59 secs] 
[CMS-concurrent-reset-start]
[CMS-concurrent-reset: 0.003/0.003 secs] [Times: user=0.00 sys=0.00, real=0.00 secs] 
[GC (Allocation Failure) [ParNew: 613440K->40510K(613440K), 0.0300495 secs] 1292320K->781885K(2010624K), 0.0301586 secs] [Times: user=0.16 sys=0.00, real=0.02 secs] 
[GC (Allocation Failure) [ParNew: 585854K->68096K(613440K), 0.0596589 secs] 1327229K->850704K(2010624K), 0.0597673 secs] [Times: user=0.25 sys=0.00, real=0.06 secs] 
[GC (Allocation Failure) [ParNew: 613440K->27165K(613440K), 0.0294066 secs] 1396048K->872688K(2010624K), 0.0294701 secs] [Times: user=0.08 sys=0.00, real=0.03 secs] 
[GC (Allocation Failure) [ParNew: 572509K->68096K(613440K), 0.0623689 secs] 1418032K->954255K(2010624K), 0.0624131 secs] [Times: user=0.19 sys=0.00, real=0.06 secs] 
[GC (Allocation Failure) [ParNew: 613440K->34254K(613440K), 0.1116188 secs] 1499599K->983825K(2010624K), 0.1116682 secs] [Times: user=0.14 sys=0.02, real=0.11 secs] 
[GC (Allocation Failure) [ParNew (0: promotion failure size = 1854)  (1: promotion failure size = 1854)  (2: promotion failure size = 1854)  (3: promotion failure size = 1854)  (4: promotion failure size = 1854)  (5: promotion failure size = 1854)  (6: promotion failure size = 1854)  (7: promotion failure size = 1854)  (promotion failed): 579598K->613440K(613440K), 0.8145730 secs][CMS: 979366K->743811K(1397184K), 2.0983414 secs] 1529169K->743811K(2010624K), [Metaspace: 10002K->10002K(10240K)]
*** PauseDetector detected a 2911 ms pause at Fri Dec 19 23:50:32 EET 2014 ***

, 2.9129997 secs] [Times: user=3.04 sys=0.19, real=2.91 secs] 
[GC (Allocation Failure) [ParNew: 545344K->27379K(613440K), 0.0069078 secs] 1289155K->771190K(2010624K), 0.0069566 secs] [Times: user=0.00 sys=0.00, real=0.01 secs] 
[GC (Allocation Failure) [ParNew: 572723K->68096K(613440K), 0.0546347 secs] 1316534K->854428K(2010624K), 0.0546809 secs] [Times: user=0.22 sys=0.00, real=0.05 secs] 
[GC (Allocation Failure) [ParNew: 613440K->33510K(613440K), 0.0350775 secs] 1399772K->882008K(2010624K), 0.0351244 secs] [Times: user=0.16 sys=0.00, real=0.04 secs] 
[GC (Allocation Failure) [ParNew: 578854K->68096K(613440K), 0.0520440 secs] 1427352K->956471K(2010624K), 0.0520960 secs] [Times: user=0.25 sys=0.00, real=0.05 secs] 
[GC (Allocation Failure) [ParNew: 613440K->34177K(613440K), 0.0423934 secs] 1501815K->986452K(2010624K), 0.0424447 secs] [Times: user=0.14 sys=0.00, real=0.04 secs] 
[GC (Allocation Failure) [ParNew: 579521K->68096K(613440K), 0.0530243 secs] 1531796K->1060214K(2010624K), 0.0530789 secs] [Times: user=0.20 sys=0.00, real=0.05 secs] 
[GC (Allocation Failure) [ParNew: 613440K->34216K(613440K), 0.0392625 secs] 1605558K->1089925K(2010624K), 0.0393074 secs] [Times: user=0.19 sys=0.00, real=0.04 secs] 
[GC (Allocation Failure) [ParNew: 579560K->68096K(613440K), 0.0535870 secs] 1635269K->1165895K(2010624K), 0.0536428 secs] [Times: user=0.20 sys=0.00, real=0.05 secs] 
[GC (Allocation Failure) [ParNew: 613440K->39762K(613440K), 0.0408414 secs] 1711239K->1198766K(2010624K), 0.0408838 secs] [Times: user=0.13 sys=0.00, real=0.04 secs] 
[GC (CMS Initial Mark) [1 CMS-initial-mark: 1159003K(1397184K)] 1198768K(2010624K), 0.0038347 secs] [Times: user=0.00 sys=0.00, real=0.00 secs] 
[CMS-concurrent-mark-start]
[CMS-concurrent-mark: 1.256/1.256 secs] [Times: user=3.96 sys=0.00, real=1.26 secs] 
[CMS-concurrent-preclean-start]
[CMS-concurrent-preclean: 0.063/0.067 secs] [Times: user=0.16 sys=0.00, real=0.07 secs] 
[CMS-concurrent-abortable-preclean-start]
[GC (Allocation Failure) [ParNew[CMS-concurrent-abortable-preclean: 0.045/0.275 secs] [Times: user=0.53 sys=0.00, real=0.28 secs] 
: 585106K->68096K(613440K), 0.0517482 secs] 1744110K->1268243K(2010624K), 0.0517938 secs] [Times: user=0.39 sys=0.00, real=0.05 secs] 
[GC (CMS Final Remark) [YG occupancy: 79043 K (613440 K)][Rescan (parallel) , 0.0216474 secs][weak refs processing, 0.0000199 secs][class unloading, 0.0098713 secs][scrub symbol table, 0.0015719 secs][scrub string table, 0.0003599 secs][1 CMS-remark: 1200147K(1397184K)] 1279191K(2010624K), 0.0344520 secs] [Times: user=0.14 sys=0.00, real=0.04 secs] 
[CMS-concurrent-sweep-start]
[CMS-concurrent-sweep: 0.507/0.507 secs] [Times: user=1.05 sys=0.00, real=0.51 secs] 
[CMS-concurrent-reset-start]
[CMS-concurrent-reset: 0.003/0.003 secs] [Times: user=0.00 sys=0.00, real=0.00 secs] 
[GC (Allocation Failure) [ParNew: 613440K->26778K(613440K), 0.0315771 secs] 1291388K->766684K(2010624K), 0.0316233 secs] [Times: user=0.13 sys=0.00, real=0.03 secs] 
[GC (Allocation Failure) [ParNew: 572122K->68096K(613440K), 0.1672434 secs] 1312028K->875378K(2010624K), 0.1672909 secs] [Times: user=0.67 sys=0.02, real=0.16 secs] 
[GC (Allocation Failure) [ParNew: 613440K->34177K(613440K), 0.0831604 secs] 1420722K->906008K(2010624K), 0.0832118 secs] [Times: user=0.42 sys=0.00, real=0.08 secs] 
[GC (Allocation Failure) [ParNew: 579521K->68096K(613440K), 0.1913808 secs] 1451352K->997164K(2010624K), 0.1914315 secs] [Times: user=0.91 sys=0.00, real=0.19 secs] 
[GC (Allocation Failure) [ParNew (0: promotion failure size = 9372)  (1: promotion failure size = 9372)  (2: promotion failure size = 9372)  (3: promotion failure size = 9372)  (4: promotion failure size = 9372)  (5: promotion failure size = 9372)  (6: promotion failure size = 9372)  (7: promotion failure size = 9372)  (promotion failed): 613440K->572669K(613440K), 0.2127145 secs][CMS: 989716K->760608K(1397184K), 2.1889338 secs] 1542508K->760608K(2010624K), [Metaspace: 10002K->10002K(10240K)]
*** PauseDetector detected a 2402 ms pause at Fri Dec 19 23:50:57 EET 2014 ***

, 2.4017215 secs] [Times: user=2.59 sys=0.00, real=2.40 secs] 
[GC (Allocation Failure) [ParNew: 545344K->68096K(613440K), 0.1579951 secs] 1305952K->885388K(2010624K), 0.1580445 secs] [Times: user=0.72 sys=0.00, real=0.16 secs] 
[GC (Allocation Failure) [ParNew: 613440K->34255K(613440K), 0.0646484 secs] 1430732K->916317K(2010624K), 0.0646907 secs] [Times: user=0.22 sys=0.00, real=0.07 secs] 
[GC (Allocation Failure) [ParNew: 579599K->68096K(613440K), 0.1404859 secs] 1461661K->1001461K(2010624K), 0.1405308 secs] [Times: user=0.67 sys=0.00, real=0.14 secs] 
[GC (Allocation Failure) [ParNew: 613440K->20379K(613440K), 0.0591302 secs] 1546805K->1016806K(2010624K), 0.0591783 secs] [Times: user=0.17 sys=0.00, real=0.06 secs] 
[GC (Allocation Failure) [ParNew: 565723K->68096K(613440K), 0.1302021 secs] 1562150K->1114347K(2010624K), 0.1303131 secs] [Times: user=0.59 sys=0.00, real=0.13 secs] 
[GC (Allocation Failure) [ParNew: 613440K->20339K(613440K), 0.0553269 secs] 1659691K->1129447K(2010624K), 0.0553763 secs] [Times: user=0.19 sys=0.00, real=0.06 secs] 
[GC (Allocation Failure) [ParNew: 565683K->68096K(613440K), 0.1160021 secs] 1674791K->1223729K(2010624K), 0.1160463 secs] [Times: user=0.50 sys=0.00, real=0.11 secs] 
[GC (Allocation Failure) [ParNew: 613440K->34252K(613440K), 0.0501270 secs] 1769073K->1253691K(2010624K), 0.0501738 secs] [Times: user=0.17 sys=0.00, real=0.05 secs] 
[GC (CMS Initial Mark) [1 CMS-initial-mark: 1219439K(1397184K)] 1264637K(2010624K), 0.0059339 secs] [Times: user=0.00 sys=0.00, real=0.01 secs] 
[CMS-concurrent-mark-start]
[CMS-concurrent-mark: 1.189/1.189 secs] [Times: user=4.04 sys=0.00, real=1.19 secs] 
[CMS-concurrent-preclean-start]
[CMS-concurrent-preclean: 0.183/0.195 secs] [Times: user=0.38 sys=0.00, real=0.20 secs] 
[CMS-concurrent-abortable-preclean-start]
[GC (Allocation Failure) [ParNew[CMS-concurrent-abortable-preclean: 0.065/0.364 secs] [Times: user=0.83 sys=0.00, real=0.36 secs] 
: 579596K->68096K(613440K), 0.1183239 secs] 1799035K->1335426K(2010624K), 0.1183701 secs] [Times: user=0.53 sys=0.00, real=0.12 secs] 
[GC (CMS Final Remark) [YG occupancy: 79043 K (613440 K)][Rescan (parallel) , 0.0602594 secs][weak refs processing, 0.0000205 secs][class unloading, 0.0079119 secs][scrub symbol table, 0.0010528 secs][scrub string table, 0.0003535 secs][1 CMS-remark: 1267330K(1397184K)] 1346373K(2010624K), 0.0705810 secs] [Times: user=0.36 sys=0.00, real=0.07 secs] 
[CMS-concurrent-sweep-start]
[CMS-concurrent-sweep: 0.829/0.829 secs] [Times: user=1.65 sys=0.00, real=0.83 secs] 
[CMS-concurrent-reset-start]
[CMS-concurrent-reset: 0.003/0.003 secs] [Times: user=0.03 sys=0.00, real=0.00 secs] 
[GC (Allocation Failure) [ParNew: 613440K->19954K(613440K), 0.0554180 secs] 1300761K->768712K(2010624K), 0.0554649 secs] [Times: user=0.14 sys=0.00, real=0.05 secs] 
[GC (Allocation Failure) [ParNew: 565298K->68096K(613440K), 0.1026618 secs] 1314056K->863854K(2010624K), 0.1027086 secs] [Times: user=0.42 sys=0.00, real=0.10 secs] 
[GC (Allocation Failure) [ParNew: 613440K->33395K(613440K), 0.0454601 secs] 1409198K->890894K(2010624K), 0.0455070 secs] [Times: user=0.14 sys=0.00, real=0.04 secs] 
[GC (Allocation Failure) [ParNew (0: promotion failure size = 4167)  (1: promotion failure size = 4167)  (2: promotion failure size = 4167)  (3: promotion failure size = 4167)  (4: promotion failure size = 4167)  (5: promotion failure size = 4167)  (6: promotion failure size = 4167)  (7: promotion failure size = 4167)  (promotion failed): 578739K->613440K(613440K), 1.7827277 secs][CMS: 889750K->748000K(1397184K), 2.0766414 secs] 1436238K->748000K(2010624K), [Metaspace: 10002K->10002K(10240K)]
*** PauseDetector detected a 3863 ms pause at Fri Dec 19 23:51:22 EET 2014 ***

, 3.8594429 secs] [Times: user=4.12 sys=0.44, real=3.86 secs] 
[GC (Allocation Failure) [ParNew: 545344K->27331K(613440K), 0.0066487 secs] 1293344K->775331K(2010624K), 0.0066942 secs] [Times: user=0.00 sys=0.00, real=0.01 secs] 
[Full GC (System.gc()) [CMS: 748000K->739397K(1397184K), 1.6010931 secs] 786688K->739397K(2010624K), [Metaspace: 10002K->10002K(10240K)], 1.6013376 secs] [Times: user=1.61 sys=0.00, real=1.60 secs] 
[Full GC (System.gc()) [CMS: 739397K->739397K(1397184K), 1.5085554 secs] 750345K->739397K(2010624K), [Metaspace: 10002K->10002K(10240K)]
*** PauseDetector detected a 1604 ms pause at Fri Dec 19 23:51:25 EET 2014 ***

, 1.5087857 secs] [Times: user=1.50 sys=0.00, real=1.50 secs] 
[Full GC (System.gc()) [CMS: 739397K->738383K(1397184K), 1.5276513 secs] 750345K->738383K(2010624K), [Metaspace: 10002K->10002K(10240K)]
*** PauseDetector detected a 3031 ms pause at Fri Dec 19 23:51:28 EET 2014 ***

, 1.5279349 secs] [Times: user=1.53 sys=0.00, real=1.53 secs] 
[GC (Allocation Failure) [ParNew: 545344K->68096K(613440K), 0.0792776 secs] 1283727K->850750K(2010624K), 0.0793296 secs] [Times: user=0.30 sys=0.00, real=0.07 secs] 
[GC (Allocation Failure) [ParNew: 613440K->27422K(613440K), 0.0501937 secs] 1396094K->874389K(2010624K), 0.0504048 secs] [Times: user=0.13 sys=0.00, real=0.04 secs] 
[GC (Allocation Failure) [ParNew: 572766K->68096K(613440K), 0.0916324 secs] 1419733K->960044K(2010624K), 0.0917004 secs] [Times: user=0.34 sys=0.00, real=0.09 secs] 
[GC (Allocation Failure) [ParNew: 613440K->26719K(613440K), 0.0523892 secs] 1505388K->980425K(2010624K), 0.0524437 secs] [Times: user=0.20 sys=0.00, real=0.05 secs] 
[GC (Allocation Failure) [ParNew: 572063K->68096K(613440K), 0.0763706 secs] 1525769K->1064580K(2010624K), 0.0764168 secs] [Times: user=0.34 sys=0.00, real=0.08 secs] 
[GC (Allocation Failure) [ParNew: 613440K->27386K(613440K), 0.0448590 secs] 1609924K->1087306K(2010624K), 0.0449148 secs] [Times: user=0.20 sys=0.00, real=0.04 secs] 
[Full GC (System.gc()) [CMS: 1059920K->742327K(1397184K), 1.7880195 secs] 1306225K->742327K(2010624K), [Metaspace: 10002K->10002K(10240K)], 1.7882767 secs] [Times: user=1.79 sys=0.00, real=1.79 secs] 
[Full GC (System.gc()) [CMS: 742327K->742327K(1397184K), 1.4991717 secs] 742327K->742327K(2010624K), [Metaspace: 10002K->10002K(10240K)]
*** PauseDetector detected a 3286 ms pause at Fri Dec 19 23:51:42 EET 2014 ***

, 1.4993988 secs] [Times: user=1.48 sys=0.00, real=1.49 secs] 
[Full GC (System.gc()) [CMS: 742327K->742255K(1397184K), 1.8558000 secs] 753274K->742255K(2010624K), [Metaspace: 10002K->10002K(10240K)]
*** PauseDetector detected a 1854 ms pause at Fri Dec 19 23:51:43 EET 2014 ***

, 1.8560137 secs] [Times: user=1.86 sys=0.00, real=1.85 secs] 
********************************
********** ROUND   19 **********
********************************
[GC (Allocation Failure) [ParNew: 545344K->7579K(613440K), 0.0068277 secs] 1287599K->749834K(2010624K), 0.0068892 secs] [Times: user=0.00 sys=0.00, real=0.01 secs] 
[GC (Allocation Failure) [ParNew: 552923K->68096K(613440K), 0.0675502 secs] 1295178K->854000K(2010624K), 0.0675945 secs] [Times: user=0.23 sys=0.00, real=0.06 secs] 
[GC (Allocation Failure) [ParNew: 613440K->32844K(613440K), 0.0348664 secs] 1399344K->881967K(2010624K), 0.0349184 secs] [Times: user=0.14 sys=0.00, real=0.04 secs] 
[GC (Allocation Failure) [ParNew: 578188K->68096K(613440K), 0.0615733 secs] 1427311K->959430K(2010624K), 0.0616234 secs] [Times: user=0.34 sys=0.00, real=0.06 secs] 
[GC (Allocation Failure) [ParNew: 613440K->27308K(613440K), 0.0343230 secs] 1504774K->982380K(2010624K), 0.0343827 secs] [Times: user=0.13 sys=0.00, real=0.03 secs] 
[GC (Allocation Failure) [ParNew: 572652K->68096K(613440K), 0.0637977 secs] 1527724K->1065825K(2010624K), 0.0638451 secs] [Times: user=0.28 sys=0.00, real=0.06 secs] 
[GC (Allocation Failure) [ParNew: 613440K->33597K(613440K), 0.0349081 secs] 1611169K->1093478K(2010624K), 0.0349498 secs] [Times: user=0.13 sys=0.00, real=0.03 secs] 
[GC (Allocation Failure) [ParNew: 578941K->68096K(613440K), 0.0656050 secs] 1638822K->1172015K(2010624K), 0.0656570 secs] [Times: user=0.19 sys=0.00, real=0.06 secs] 
[GC (Allocation Failure) [ParNew: 613440K->32820K(613440K), 0.0509674 secs] 1717359K->1197365K(2010624K), 0.0510111 secs] [Times: user=0.14 sys=0.00, real=0.04 secs] 
[GC (CMS Initial Mark) [1 CMS-initial-mark: 1164545K(1397184K)] 1208444K(2010624K), 0.0029269 secs] [Times: user=0.02 sys=0.00, real=0.01 secs] 
[CMS-concurrent-mark-start]
[CMS-concurrent-mark: 1.156/1.156 secs] [Times: user=3.76 sys=0.00, real=1.16 secs] 
[CMS-concurrent-preclean-start]
[CMS-concurrent-preclean: 0.083/0.088 secs] [Times: user=0.16 sys=0.00, real=0.09 secs] 
[CMS-concurrent-abortable-preclean-start]
[GC (Allocation Failure) [ParNew[CMS-concurrent-abortable-preclean: 0.061/0.360 secs] [Times: user=0.58 sys=0.00, real=0.36 secs] 
: 578164K->68096K(613440K), 0.0648537 secs] 1742709K->1274036K(2010624K), 0.0649018 secs] [Times: user=0.20 sys=0.00, real=0.06 secs] 
[GC (CMS Final Remark) [YG occupancy: 68222 K (613440 K)][Rescan (parallel) , 0.0293194 secs][weak refs processing, 0.0000205 secs][class unloading, 0.0077772 secs][scrub symbol table, 0.0011593 secs][scrub string table, 0.0003580 secs][1 CMS-remark: 1205940K(1397184K)] 1274162K(2010624K), 0.0396244 secs] [Times: user=0.19 sys=0.00, real=0.04 secs] 
[CMS-concurrent-sweep-start]
[CMS-concurrent-sweep: 0.585/0.585 secs] [Times: user=1.20 sys=0.00, real=0.59 secs] 
[CMS-concurrent-reset-start]
[CMS-concurrent-reset: 0.003/0.003 secs] [Times: user=0.00 sys=0.00, real=0.00 secs] 
[GC (Allocation Failure) [ParNew: 613440K->27138K(613440K), 0.0385266 secs] 1291822K->768502K(2010624K), 0.0385735 secs] [Times: user=0.13 sys=0.00, real=0.03 secs] 
[GC (Allocation Failure) [ParNew: 572482K->68096K(613440K), 0.0603768 secs] 1313846K->852468K(2010624K), 0.0604249 secs] [Times: user=0.25 sys=0.00, real=0.06 secs] 
[GC (Allocation Failure) [ParNew: 613440K->33241K(613440K), 0.0319980 secs] 1397812K->878916K(2010624K), 0.0320499 secs] [Times: user=0.13 sys=0.00, real=0.03 secs] 
[GC (Allocation Failure) [ParNew: 578585K->68096K(613440K), 0.0649166 secs] 1424260K->954469K(2010624K), 0.0649653 secs] [Times: user=0.26 sys=0.00, real=0.06 secs] 
[GC (Allocation Failure) [ParNew: 613440K->47824K(613440K), 0.0701390 secs] 1499813K->997646K(2010624K), 0.0701846 secs] [Times: user=0.11 sys=0.00, real=0.06 secs] 
[GC (Allocation Failure) [ParNew: 593168K->68096K(613440K), 0.0804600 secs] 1542990K->1058522K(2010624K), 0.0805088 secs] [Times: user=0.30 sys=0.00, real=0.08 secs] 
[GC (Allocation Failure) [ParNew (0: promotion failure size = 1854)  (1: promotion failure size = 1854)  (2: promotion failure size = 89)  (3: promotion failure size = 1854)  (4: promotion failure size = 89)  (5: promotion failure size = 89)  (6: promotion failure size = 89)  (7: promotion failure size = 89)  (promotion failed): 613440K->579558K(613440K), 3.2213873 secs][CMS: 995993K->745049K(1397184K), 1.7787250 secs] 1603866K->745049K(2010624K), [Metaspace: 10002K->10002K(10240K)], 5.0001822 secs] [Times: user=5.01 sys=0.70, real=4.99 secs] 

*** PauseDetector detected a 4996 ms pause at Fri Dec 19 23:52:14 EET 2014 ***

[GC (Allocation Failure) [ParNew: 545344K->68096K(613440K), 0.0555881 secs] 1290393K->857495K(2010624K), 0.0556368 secs] [Times: user=0.19 sys=0.00, real=0.06 secs] 
[GC (Allocation Failure) [ParNew: 613440K->32645K(613440K), 0.0400780 secs] 1402839K->882507K(2010624K), 0.0401216 secs] [Times: user=0.17 sys=0.00, real=0.04 secs] 
[GC (Allocation Failure) [ParNew: 577989K->68096K(613440K), 0.0549497 secs] 1427851K->958578K(2010624K), 0.0550100 secs] [Times: user=0.25 sys=0.02, real=0.06 secs] 
[GC (Allocation Failure) [ParNew: 613440K->27271K(613440K), 0.0401748 secs] 1503922K->981342K(2010624K), 0.0402833 secs] [Times: user=0.13 sys=0.00, real=0.04 secs] 
[GC (Allocation Failure) [ParNew: 572615K->68096K(613440K), 0.0537769 secs] 1526686K->1063614K(2010624K), 0.0538244 secs] [Times: user=0.22 sys=0.00, real=0.05 secs] 
[GC (Allocation Failure) [ParNew: 613440K->26835K(613440K), 0.0292456 secs] 1608958K->1084260K(2010624K), 0.0292969 secs] [Times: user=0.06 sys=0.00, real=0.02 secs] 
[GC (Allocation Failure) [ParNew: 572179K->68096K(613440K), 0.0550139 secs] 1629604K->1166000K(2010624K), 0.0550658 secs] [Times: user=0.20 sys=0.00, real=0.05 secs] 
[GC (Allocation Failure) [ParNew: 613440K->27132K(613440K), 0.0403006 secs] 1711344K->1187842K(2010624K), 0.0404449 secs] [Times: user=0.13 sys=0.00, real=0.04 secs] 
[GC (CMS Initial Mark) [1 CMS-initial-mark: 1160709K(1397184K)] 1187842K(2010624K), 0.0047432 secs] [Times: user=0.00 sys=0.00, real=0.00 secs] 
[CMS-concurrent-mark-start]
[CMS-concurrent-mark: 1.080/1.080 secs] [Times: user=3.43 sys=0.00, real=1.09 secs] 
[CMS-concurrent-preclean-start]
[CMS-concurrent-preclean: 0.070/0.075 secs] [Times: user=0.16 sys=0.00, real=0.08 secs] 
[CMS-concurrent-abortable-preclean-start]
[GC (Allocation Failure) [ParNew: 572476K->68096K(613440K), 0.0541304 secs] 1733186K->1269874K(2010624K), 0.0541875 secs] [Times: user=0.23 sys=0.00, real=0.05 secs] 
[CMS-concurrent-abortable-preclean: 0.657/1.342 secs] [Times: user=2.17 sys=0.02, real=1.34 secs] 
[GC (CMS Final Remark) [YG occupancy: 410038 K (613440 K)][Rescan (parallel) , 0.0660740 secs][weak refs processing, 0.0000237 secs][class unloading, 0.0083867 secs][scrub symbol table, 0.0010708 secs][scrub string table, 0.0003599 secs][1 CMS-remark: 1201778K(1397184K)] 1611816K(2010624K), 0.0769217 secs] [Times: user=0.44 sys=0.00, real=0.08 secs] 
[CMS-concurrent-sweep-start]
[GC (Allocation Failure) [ParNew: 613440K->53856K(613440K), 0.0279772 secs] 1440208K->942812K(2010624K), 0.0280439 secs] [Times: user=0.09 sys=0.00, real=0.03 secs] 
[CMS-concurrent-sweep: 0.534/0.562 secs] [Times: user=1.20 sys=0.00, real=0.56 secs] 
[CMS-concurrent-reset-start]
[CMS-concurrent-reset: 0.003/0.003 secs] [Times: user=0.00 sys=0.00, real=0.00 secs] 
[GC (Allocation Failure) [ParNew: 599200K->68096K(613440K), 0.0530673 secs] 1338935K->847523K(2010624K), 0.0531135 secs] [Times: user=0.17 sys=0.00, real=0.05 secs] 
[GC (Allocation Failure) [ParNew: 613440K->41020K(613440K), 0.0398387 secs] 1392867K->883920K(2010624K), 0.0398906 secs] [Times: user=0.19 sys=0.00, real=0.04 secs] 
[GC (Allocation Failure) [ParNew: 586364K->68096K(613440K), 0.1690803 secs] 1429264K->978366K(2010624K), 0.1691329 secs] [Times: user=0.72 sys=0.00, real=0.16 secs] 
[GC (Allocation Failure) [ParNew (0: promotion failure size = 14056)  (1: promotion failure size = 14056)  (2: promotion failure size = 14056)  (3: promotion failure size = 14056)  (4: promotion failure size = 14056)  (5: promotion failure size = 14056)  (6: promotion failure size = 14056)  (7: promotion failure size = 14056)  (promotion failed): 613440K->565845K(613440K), 0.2312220 secs][CMS: 968528K->767985K(1397184K), 2.0557754 secs] 1523710K->767985K(2010624K), [Metaspace: 10002K->10002K(10240K)], 2.2870674 secs] [Times: user=2.51 sys=0.00, real=2.28 secs] 

*** PauseDetector detected a 2283 ms pause at Fri Dec 19 23:52:37 EET 2014 ***

[GC (Allocation Failure) [ParNew: 545344K->68096K(613440K), 0.1950474 secs] 1313329K->895902K(2010624K), 0.1951000 secs] [Times: user=0.87 sys=0.01, real=0.20 secs] 
[GC (Allocation Failure) [ParNew: 613440K->20569K(613440K), 0.0769339 secs] 1441246K->913027K(2010624K), 0.0769827 secs] [Times: user=0.28 sys=0.00, real=0.08 secs] 
[GC (Allocation Failure) [ParNew: 565913K->68096K(613440K), 0.1653033 secs] 1458371K->1016022K(2010624K), 0.1653566 secs] [Times: user=0.69 sys=0.00, real=0.16 secs] 
[GC (Allocation Failure) [ParNew: 613440K->33926K(613440K), 0.0749431 secs] 1561366K->1044921K(2010624K), 0.0749893 secs] [Times: user=0.28 sys=0.00, real=0.07 secs] 
[GC (Allocation Failure) [ParNew: 579270K->68096K(613440K), 0.1472891 secs] 1590265K->1129327K(2010624K), 0.1473713 secs] [Times: user=0.59 sys=0.00, real=0.15 secs] 
[GC (Allocation Failure) [ParNew: 613440K->27357K(613440K), 0.0606065 secs] 1674671K->1152366K(2010624K), 0.0606572 secs] [Times: user=0.16 sys=0.00, real=0.05 secs] 
[GC (Allocation Failure) [ParNew: 572701K->68096K(613440K), 0.1347957 secs] 1697710K->1242829K(2010624K), 0.1348400 secs] [Times: user=0.58 sys=0.00, real=0.13 secs] 
[GC (CMS Initial Mark) [1 CMS-initial-mark: 1174733K(1397184K)] 1253777K(2010624K), 0.0090135 secs] [Times: user=0.09 sys=0.00, real=0.01 secs] 
[CMS-concurrent-mark-start]
[CMS-concurrent-mark: 1.238/1.238 secs] [Times: user=3.71 sys=0.00, real=1.24 secs] 
[CMS-concurrent-preclean-start]
[CMS-concurrent-preclean: 0.005/0.005 secs] [Times: user=0.00 sys=0.00, real=0.00 secs] 
[CMS-concurrent-abortable-preclean-start]
[GC (Allocation Failure) [ParNew: 613440K->33923K(613440K), 0.0685716 secs] 1788173K->1271684K(2010624K), 0.0686223 secs] [Times: user=0.31 sys=0.00, real=0.07 secs] 
[CMS-concurrent-abortable-preclean: 0.602/1.287 secs] [Times: user=2.54 sys=0.00, real=1.29 secs] 
[GC (CMS Final Remark) [YG occupancy: 354576 K (613440 K)][Rescan (parallel) , 0.0645432 secs][weak refs processing, 0.0000212 secs][class unloading, 0.0071600 secs][scrub symbol table, 0.0012806 secs][scrub string table, 0.0003593 secs][1 CMS-remark: 1237760K(1397184K)] 1592336K(2010624K), 0.0743407 secs] [Times: user=0.28 sys=0.00, real=0.07 secs] 
[CMS-concurrent-sweep-start]
[GC (Allocation Failure) [ParNew: 579267K->68096K(613440K), 0.1154747 secs] 1725332K->1260624K(2010624K), 0.1155222 secs] [Times: user=0.59 sys=0.00, real=0.11 secs] 
[CMS-concurrent-sweep: 0.879/0.994 secs] [Times: user=2.43 sys=0.00, real=1.00 secs] 
[CMS-concurrent-reset-start]
[CMS-concurrent-reset: 0.003/0.003 secs] [Times: user=0.03 sys=0.00, real=0.00 secs] 
[GC (Allocation Failure) [ParNew: 613440K->41046K(613440K), 0.0497311 secs] 1412469K->903637K(2010624K), 0.0498075 secs] [Times: user=0.17 sys=0.00, real=0.05 secs] 
[GC (Allocation Failure) [ParNew: 586390K->68096K(613440K), 0.1160175 secs] 1448981K->977750K(2010624K), 0.1160649 secs] [Times: user=0.47 sys=0.00, real=0.11 secs] 
[GC (Allocation Failure) [ParNew: 613440K->40350K(613440K), 0.0501315 secs] 1523094K->1012269K(2010624K), 0.0501770 secs] [Times: user=0.14 sys=0.00, real=0.04 secs] 
[GC (Allocation Failure) [ParNew (0: promotion failure size = 4167)  (1: promotion failure size = 4167)  (2: promotion failure size = 37)  (3: promotion failure size = 4167)  (4: promotion failure size = 4167)  (5: promotion failure size = 4167)  (6: promotion failure size = 37)  (7: promotion failure size = 37)  (promotion failed): 585694K->613440K(613440K), 4.7815068 secs][CMS: 981179K->748417K(1397184K), 2.0420745 secs] 1557613K->748417K(2010624K), [Metaspace: 10002K->10002K(10240K)], 6.8236526 secs] [Times: user=7.16 sys=1.25, real=6.82 secs] 

*** PauseDetector detected a 6818 ms pause at Fri Dec 19 23:53:06 EET 2014 ***

[GC (Allocation Failure) [ParNew: 545344K->27351K(613440K), 0.0076521 secs] 1293761K->775768K(2010624K), 0.0076989 secs] [Times: user=0.00 sys=0.00, real=0.01 secs] 
[GC (Allocation Failure) [ParNew: 572695K->68096K(613440K), 0.0861091 secs] 1321112K->862929K(2010624K), 0.0861720 secs] [Times: user=0.36 sys=0.00, real=0.08 secs] 
[GC (Allocation Failure) [ParNew: 613440K->27182K(613440K), 0.0434437 secs] 1408273K->885798K(2010624K), 0.0435457 secs] [Times: user=0.12 sys=0.00, real=0.04 secs] 
[GC (Allocation Failure) [ParNew: 572526K->68096K(613440K), 0.0814712 secs] 1431142K->970161K(2010624K), 0.0815193 secs] [Times: user=0.28 sys=0.00, real=0.08 secs] 
[GC (Allocation Failure) [ParNew: 613440K->34266K(613440K), 0.0461081 secs] 1515505K->1000139K(2010624K), 0.0462018 secs] [Times: user=0.16 sys=0.00, real=0.05 secs] 
[GC (Allocation Failure) [ParNew: 579610K->68096K(613440K), 0.0827517 secs] 1545483K->1078290K(2010624K), 0.0828101 secs] [Times: user=0.34 sys=0.00, real=0.08 secs] 
[GC (Allocation Failure) [ParNew: 613440K->26932K(613440K), 0.0473894 secs] 1623634K->1099589K(2010624K), 0.0474407 secs] [Times: user=0.13 sys=0.00, real=0.04 secs] 
[GC (Allocation Failure) [ParNew: 572276K->68096K(613440K), 0.0759273 secs] 1644933K->1183973K(2010624K), 0.0759773 secs] [Times: user=0.33 sys=0.00, real=0.08 secs] 
[GC (Allocation Failure) [ParNew: 613440K->34011K(613440K), 0.0366192 secs] 1729317K->1212889K(2010624K), 0.0366686 secs] [Times: user=0.08 sys=0.00, real=0.04 secs] 
[GC (CMS Initial Mark) [1 CMS-initial-mark: 1178877K(1397184K)] 1212889K(2010624K), 0.0034074 secs] [Times: user=0.00 sys=0.00, real=0.00 secs] 
[CMS-concurrent-mark-start]
[CMS-concurrent-mark: 1.216/1.216 secs] [Times: user=3.98 sys=0.00, real=1.22 secs] 
[CMS-concurrent-preclean-start]
[CMS-concurrent-preclean: 0.110/0.117 secs] [Times: user=0.25 sys=0.00, real=0.12 secs] 
[CMS-concurrent-abortable-preclean-start]
[GC (Allocation Failure) [ParNew: 579355K->68096K(613440K), 0.0757092 secs] 1758233K->1290596K(2010624K), 0.0757566 secs] [Times: user=0.30 sys=0.00, real=0.08 secs] 
[CMS-concurrent-abortable-preclean: 0.739/1.222 secs] [Times: user=2.22 sys=0.00, real=1.22 secs] 
[GC (CMS Final Remark) [YG occupancy: 409719 K (613440 K)][Rescan (parallel) , 0.0777006 secs][weak refs processing, 0.0000411 secs][class unloading, 0.0090462 secs][scrub symbol table, 0.0011189 secs][scrub string table, 0.0003541 secs][1 CMS-remark: 1222500K(1397184K)] 1632219K(2010624K), 0.0892856 secs] [Times: user=0.44 sys=0.00, real=0.09 secs] 
[CMS-concurrent-sweep-start]
[GC (Allocation Failure) [ParNew: 613440K->40427K(613440K), 0.0352636 secs] 1652313K->1141632K(2010624K), 0.0353104 secs] [Times: user=0.14 sys=0.00, real=0.03 secs] 
[CMS-concurrent-sweep: 0.656/0.691 secs] [Times: user=1.51 sys=0.00, real=0.69 secs] 
[CMS-concurrent-reset-start]
[CMS-concurrent-reset: 0.003/0.003 secs] [Times: user=0.00 sys=0.00, real=0.00 secs] 
[GC (Allocation Failure) [ParNew: 585771K->68096K(613440K), 0.0707729 secs] 1329566K->855239K(2010624K), 0.0708165 secs] [Times: user=0.26 sys=0.00, real=0.07 secs] 
[GC (Allocation Failure) [ParNew: 613440K->33690K(613440K), 0.0386864 secs] 1400583K->883382K(2010624K), 0.0387345 secs] [Times: user=0.14 sys=0.00, real=0.04 secs] 
[GC (Allocation Failure) [ParNew: 579034K->68096K(613440K), 0.0737042 secs] 1428726K->959875K(2010624K), 0.0737601 secs] [Times: user=0.26 sys=0.00, real=0.07 secs] 
[GC (Allocation Failure) [ParNew (0: promotion failure size = 2779)  (1: promotion failure size = 2779)  (2: promotion failure size = 2779)  (3: promotion failure size = 2779)  (4: promotion failure size = 2779)  (5: promotion failure size = 2779)  (6: promotion failure size = 2779)  (7: promotion failure size = 2779)  (promotion failed): 613440K->572697K(613440K), 0.3284253 secs][CMS: 954406K->746546K(1397184K), 1.8687085 secs] 1505219K->746546K(2010624K), [Metaspace: 10002K->10002K(10240K)], 2.1973064 secs] [Times: user=2.34 sys=0.00, real=2.19 secs] 

*** PauseDetector detected a 2196 ms pause at Fri Dec 19 23:53:31 EET 2014 ***

[GC (Allocation Failure) [ParNew: 545344K->68096K(613440K), 0.0607374 secs] 1291890K->857427K(2010624K), 0.0608111 secs] [Times: user=0.34 sys=0.00, real=0.06 secs] 
[GC (Allocation Failure) [ParNew: 613440K->27064K(613440K), 0.0496817 secs] 1402771K->879360K(2010624K), 0.0497285 secs] [Times: user=0.16 sys=0.00, real=0.05 secs] 
[GC (Allocation Failure) [ParNew: 572408K->68096K(613440K), 0.0622168 secs] 1424704K->964108K(2010624K), 0.0622945 secs] [Times: user=0.23 sys=0.00, real=0.06 secs] 
[GC (Allocation Failure) [ParNew: 613440K->26474K(613440K), 0.0348081 secs] 1509452K->983668K(2010624K), 0.0348825 secs] [Times: user=0.12 sys=0.00, real=0.03 secs] 
[GC (Allocation Failure) [ParNew: 571818K->68096K(613440K), 0.0619403 secs] 1529012K->1066203K(2010624K), 0.0619865 secs] [Times: user=0.30 sys=0.00, real=0.06 secs] 
[GC (Allocation Failure) [ParNew: 613440K->27368K(613440K), 0.0327525 secs] 1611547K->1089095K(2010624K), 0.0328012 secs] [Times: user=0.13 sys=0.00, real=0.03 secs] 
[GC (Allocation Failure) [ParNew: 572712K->68096K(613440K), 0.0609414 secs] 1634439K->1171269K(2010624K), 0.0609876 secs] [Times: user=0.19 sys=0.00, real=0.05 secs] 
[GC (Allocation Failure) [ParNew: 613440K->20397K(613440K), 0.0345046 secs] 1716613K->1186409K(2010624K), 0.0345553 secs] [Times: user=0.09 sys=0.00, real=0.03 secs] 
[GC (CMS Initial Mark) [1 CMS-initial-mark: 1166012K(1397184K)] 1186411K(2010624K), 0.0037532 secs] [Times: user=0.00 sys=0.00, real=0.00 secs] 
[CMS-concurrent-mark-start]
[CMS-concurrent-mark: 1.163/1.163 secs] [Times: user=3.71 sys=0.00, real=1.17 secs] 
[CMS-concurrent-preclean-start]
[CMS-concurrent-preclean: 0.081/0.086 secs] [Times: user=0.19 sys=0.00, real=0.09 secs] 
[CMS-concurrent-abortable-preclean-start]
[GC (Allocation Failure) [ParNew: 565741K->68096K(613440K), 0.0582204 secs] 1731753K->1276827K(2010624K), 0.0582647 secs] [Times: user=0.31 sys=0.00, real=0.06 secs] 
[CMS-concurrent-abortable-preclean: 0.585/1.150 secs] [Times: user=1.95 sys=0.00, real=1.15 secs] 
[GC (CMS Final Remark) [YG occupancy: 398386 K (613440 K)][Rescan (parallel) , 0.0882154 secs][weak refs processing, 0.0000225 secs][class unloading, 0.0069040 secs][scrub symbol table, 0.0011337 secs][scrub string table, 0.0003740 secs][1 CMS-remark: 1208731K(1397184K)] 1607117K(2010624K), 0.0979340 secs] [Times: user=0.39 sys=0.00, real=0.09 secs] 
[CMS-concurrent-sweep-start]
[GC (Allocation Failure) [ParNew: 613440K->46654K(613440K), 0.0346419 secs] 1647767K->1142476K(2010624K), 0.0346939 secs] [Times: user=0.09 sys=0.00, real=0.03 secs] 
[CMS-concurrent-sweep: 0.639/0.674 secs] [Times: user=1.44 sys=0.00, real=0.68 secs] 
[CMS-concurrent-reset-start]
[CMS-concurrent-reset: 0.003/0.003 secs] [Times: user=0.00 sys=0.00, real=0.00 secs] 
[GC (Allocation Failure) [ParNew: 591998K->68096K(613440K), 0.0583372 secs] 1333025K->851715K(2010624K), 0.0583930 secs] [Times: user=0.28 sys=0.00, real=0.06 secs] 
[GC (Allocation Failure) [ParNew: 613440K->33250K(613440K), 0.0495579 secs] 1397059K->878446K(2010624K), 0.0496086 secs] [Times: user=0.17 sys=0.00, real=0.04 secs] 
[GC (Allocation Failure) [ParNew (0: promotion failure size = 93)  (1: promotion failure size = 93)  (2: promotion failure size = 93)  (3: promotion failure size = 93)  (4: promotion failure size = 93)  (5: promotion failure size = 93)  (6: promotion failure size = 93)  (7: promotion failure size = 93)  (promotion failed): 578594K->613440K(613440K), 0.2177695 secs][CMS: 884340K->743789K(1397184K), 2.0617581 secs] 1423790K->743789K(2010624K), [Metaspace: 10002K->10002K(10240K)], 2.2795956 secs] [Times: user=2.46 sys=0.01, real=2.27 secs] 

*** PauseDetector detected a 2279 ms pause at Fri Dec 19 23:53:53 EET 2014 ***

[GC (Allocation Failure) [ParNew: 545344K->27329K(613440K), 0.0066679 secs] 1289133K->771118K(2010624K), 0.0067218 secs] [Times: user=0.00 sys=0.00, real=0.00 secs] 
[GC (Allocation Failure) [ParNew: 572673K->68096K(613440K), 0.0534875 secs] 1316462K->854408K(2010624K), 0.0535369 secs] [Times: user=0.19 sys=0.00, real=0.05 secs] 
[GC (Allocation Failure) [ParNew: 613440K->26810K(613440K), 0.0452086 secs] 1399752K->875309K(2010624K), 0.0452503 secs] [Times: user=0.22 sys=0.00, real=0.05 secs] 
[GC (Allocation Failure) [ParNew: 572154K->68096K(613440K), 0.0532271 secs] 1420653K->957205K(2010624K), 0.0532758 secs] [Times: user=0.20 sys=0.00, real=0.05 secs] 
[GC (Allocation Failure) [ParNew: 613440K->27142K(613440K), 0.0298358 secs] 1502549K->979248K(2010624K), 0.0298833 secs] [Times: user=0.11 sys=0.00, real=0.03 secs] 
[GC (Allocation Failure) [ParNew: 572486K->68096K(613440K), 0.0532970 secs] 1524592K->1062303K(2010624K), 0.0533586 secs] [Times: user=0.27 sys=0.00, real=0.05 secs] 
[GC (Allocation Failure) [ParNew: 613440K->26551K(613440K), 0.0315604 secs] 1607647K->1082038K(2010624K), 0.0316079 secs] [Times: user=0.08 sys=0.00, real=0.03 secs] 
[GC (Allocation Failure) [ParNew: 571895K->68096K(613440K), 0.0538552 secs] 1627382K->1163873K(2010624K), 0.0539026 secs] [Times: user=0.20 sys=0.00, real=0.05 secs] 
[GC (Allocation Failure) [ParNew: 613440K->20369K(613440K), 0.0332824 secs] 1709217K->1179101K(2010624K), 0.0334293 secs] [Times: user=0.12 sys=0.00, real=0.03 secs] 
[GC (CMS Initial Mark) [1 CMS-initial-mark: 1158732K(1397184K)] 1190047K(2010624K), 0.0044596 secs] [Times: user=0.00 sys=0.00, real=0.00 secs] 
[CMS-concurrent-mark-start]
[CMS-concurrent-mark: 1.137/1.137 secs] [Times: user=3.71 sys=0.00, real=1.14 secs] 
[CMS-concurrent-preclean-start]
[CMS-concurrent-preclean: 0.061/0.065 secs] [Times: user=0.13 sys=0.00, real=0.06 secs] 
[CMS-concurrent-abortable-preclean-start]
[GC (Allocation Failure) [ParNew[CMS-concurrent-abortable-preclean: 0.059/0.375 secs] [Times: user=0.59 sys=0.00, real=0.38 secs] 
: 565713K->68096K(613440K), 0.0548175 secs] 1724445K->1268375K(2010624K), 0.0548663 secs] [Times: user=0.20 sys=0.00, real=0.06 secs] 
[GC (CMS Final Remark) [YG occupancy: 79043 K (613440 K)][Rescan (parallel) , 0.0232706 secs][weak refs processing, 0.0000154 secs][class unloading, 0.0069393 secs][scrub symbol table, 0.0010958 secs][scrub string table, 0.0003535 secs][1 CMS-remark: 1200279K(1397184K)] 1279323K(2010624K), 0.0326517 secs] [Times: user=0.16 sys=0.00, real=0.03 secs] 
[CMS-concurrent-sweep-start]
[CMS-concurrent-sweep: 0.503/0.503 secs] [Times: user=1.01 sys=0.00, real=0.50 secs] 
[CMS-concurrent-reset-start]
[CMS-concurrent-reset: 0.003/0.003 secs] [Times: user=0.03 sys=0.00, real=0.00 secs] 
[GC (Allocation Failure) [ParNew: 613440K->40046K(613440K), 0.0520074 secs] 1291532K->779858K(2010624K), 0.0520549 secs] [Times: user=0.19 sys=0.00, real=0.05 secs] 
[GC (Allocation Failure) [ParNew: 585390K->68096K(613440K), 0.1705283 secs] 1325202K->875081K(2010624K), 0.1705771 secs] [Times: user=0.73 sys=0.00, real=0.17 secs] 
[GC (Allocation Failure) [ParNew: 613440K->20505K(613440K), 0.0765952 secs] 1420425K->891865K(2010624K), 0.0766433 secs] [Times: user=0.42 sys=0.00, real=0.08 secs] 
[GC (Allocation Failure) [ParNew: 565849K->68096K(613440K), 0.1950603 secs] 1437209K->996783K(2010624K), 0.1951103 secs] [Times: user=0.86 sys=0.00, real=0.19 secs] 
[Full GC (System.gc()) [CMS: 928687K->758612K(1397184K), 1.9304455 secs] 1349438K->758612K(2010624K), [Metaspace: 10002K->10002K(10240K)], 1.9307060 secs] [Times: user=1.92 sys=0.00, real=1.92 secs] 
[Full GC (System.gc()) [CMS: 758612K->758534K(1397184K), 1.9482409 secs] 769518K->758534K(2010624K), [Metaspace: 10002K->10002K(10240K)], 1.9484442 secs] [Times: user=1.97 sys=0.00, real=1.96 secs] 
[Full GC (System.gc()) [CMS: 758534K->754860K(1397184K), 1.6055983 secs] 769442K->754860K(2010624K), [Metaspace: 10002K->10002K(10240K)]
*** PauseDetector detected a 3884 ms pause at Fri Dec 19 23:54:19 EET 2014 ***

, 1.6057805 secs] [Times: user=1.59 sys=0.00, real=1.60 secs] 

*** PauseDetector detected a 1613 ms pause at Fri Dec 19 23:54:21 EET 2014 ***

[GC (Allocation Failure) [ParNew: 545344K->68096K(613440K), 0.1691938 secs] 1300204K->879623K(2010624K), 0.1692574 secs] [Times: user=0.76 sys=0.00, real=0.16 secs] 
[GC (Allocation Failure) [ParNew: 613440K->56676K(613440K), 0.0686307 secs] 1424967K->932935K(2010624K), 0.0686788 secs] [Times: user=0.27 sys=0.00, real=0.06 secs] 
[GC (Allocation Failure) [ParNew: 602020K->68096K(613440K), 0.1517892 secs] 1478279K->994720K(2010624K), 0.1518366 secs] [Times: user=0.59 sys=0.00, real=0.15 secs] 
[GC (Allocation Failure) [ParNew: 613440K->27674K(613440K), 0.0719078 secs] 1540064K->1018074K(2010624K), 0.0719675 secs] [Times: user=0.22 sys=0.00, real=0.07 secs] 
[GC (Allocation Failure) [ParNew: 573018K->68096K(613440K), 0.1395152 secs] 1563418K->1107650K(2010624K), 0.1395710 secs] [Times: user=0.59 sys=0.00, real=0.14 secs] 
[GC (Allocation Failure) [ParNew: 613440K->27447K(613440K), 0.0681187 secs] 1652994K->1130543K(2010624K), 0.0681662 secs] [Times: user=0.27 sys=0.00, real=0.07 secs] 
[Full GC (System.gc()) [CMS: 1103096K->753371K(1397184K), 2.0991806 secs] 1141528K->753371K(2010624K), [Metaspace: 10002K->10002K(10240K)], 2.0994468 secs] [Times: user=2.11 sys=0.00, real=2.10 secs] 
[Full GC (System.gc()) [CMS: 753371K->747673K(1397184K), 1.6043876 secs] 764356K->747673K(2010624K), [Metaspace: 10002K->10002K(10240K)], 1.6045717 secs] [Times: user=1.61 sys=0.00, real=1.60 secs] 
[Full GC (System.gc()) [CMS: 747673K->747673K(1397184K), 1.5147511 secs] 747673K->747673K(2010624K), [Metaspace: 10002K->10002K(10240K)]
*** PauseDetector detected a 2102 ms pause at Fri Dec 19 23:54:33 EET 2014 ***

, 1.5149301 secs] [Times: user=1.51 sys=0.00, real=1.52 secs] 
********************************
********** ROUND   20 **********
********************************

*** PauseDetector detected a 3127 ms pause at Fri Dec 19 23:54:36 EET 2014 ***

[GC (Allocation Failure) [ParNew: 545344K->68096K(613440K), 0.1098352 secs] 1293017K->863738K(2010624K), 0.1098872 secs] [Times: user=0.45 sys=0.00, real=0.11 secs] 
[GC (Allocation Failure) [ParNew: 613440K->34205K(613440K), 0.0570618 secs] 1409082K->894189K(2010624K), 0.0571118 secs] [Times: user=0.20 sys=0.00, real=0.06 secs] 
[GC (Allocation Failure) [ParNew: 579549K->68096K(613440K), 0.1001077 secs] 1439533K->973973K(2010624K), 0.1002462 secs] [Times: user=0.42 sys=0.00, real=0.10 secs] 
[GC (Allocation Failure) [ParNew: 613440K->20525K(613440K), 0.0526163 secs] 1519317K->990286K(2010624K), 0.0526644 secs] [Times: user=0.13 sys=0.00, real=0.05 secs] 
[GC (Allocation Failure) [ParNew: 565869K->68096K(613440K), 0.0965976 secs] 1535630K->1084597K(2010624K), 0.0966457 secs] [Times: user=0.36 sys=0.00, real=0.10 secs] 
[GC (Allocation Failure) [ParNew: 613440K->40427K(613440K), 0.0541304 secs] 1629941K->1119298K(2010624K), 0.0541875 secs] [Times: user=0.20 sys=0.00, real=0.05 secs] 
[GC (Allocation Failure) [ParNew: 585771K->68096K(613440K), 0.0924877 secs] 1664642K->1191745K(2010624K), 0.0925313 secs] [Times: user=0.34 sys=0.00, real=0.09 secs] 
[GC (Allocation Failure) [ParNew: 613440K->27341K(613440K), 0.0423164 secs] 1737089K->1214519K(2010624K), 0.0424589 secs] [Times: user=0.11 sys=0.00, real=0.03 secs] 
[GC (CMS Initial Mark) [1 CMS-initial-mark: 1187178K(1397184K)] 1225425K(2010624K), 0.0049151 secs] [Times: user=0.01 sys=0.00, real=0.01 secs] 
[CMS-concurrent-mark-start]
[CMS-concurrent-mark: 1.179/1.179 secs] [Times: user=3.84 sys=0.00, real=1.18 secs] 
[CMS-concurrent-preclean-start]
[CMS-concurrent-preclean: 0.129/0.137 secs] [Times: user=0.28 sys=0.00, real=0.14 secs] 
[CMS-concurrent-abortable-preclean-start]
[GC (Allocation Failure) [ParNew: 572685K->68096K(613440K), 0.0907971 secs] 1759863K->1300453K(2010624K), 0.0908446 secs] [Times: user=0.39 sys=0.00, real=0.09 secs] 
[CMS-concurrent-abortable-preclean: 0.930/1.429 secs] [Times: user=2.71 sys=0.00, real=1.43 secs] 
[GC (CMS Final Remark) [YG occupancy: 497365 K (613440 K)][Rescan (parallel) , 0.1037903 secs][weak refs processing, 0.0000167 secs][class unloading, 0.0078138 secs][scrub symbol table, 0.0011587 secs][scrub string table, 0.0003856 secs][1 CMS-remark: 1232357K(1397184K)] 1729723K(2010624K), 0.1142108 secs] [Times: user=0.53 sys=0.00, real=0.11 secs] 
[CMS-concurrent-sweep-start]
[GC (Allocation Failure) [ParNew: 613440K->33402K(613440K), 0.0404308 secs] 1845797K->1327601K(2010624K), 0.0404796 secs] [Times: user=0.20 sys=0.00, real=0.04 secs] 
[CMS-concurrent-sweep: 0.709/0.750 secs] [Times: user=1.89 sys=0.00, real=0.76 secs] 
[CMS-concurrent-reset-start]
[CMS-concurrent-reset: 0.003/0.003 secs] [Times: user=0.00 sys=0.00, real=0.00 secs] 
[GC (Allocation Failure) [ParNew: 578746K->68096K(613440K), 0.0805986 secs] 1324014K->856388K(2010624K), 0.0806872 secs] [Times: user=0.28 sys=0.00, real=0.08 secs] 
[GC (Allocation Failure) [ParNew: 613440K->34162K(613440K), 0.0533425 secs] 1401732K->886042K(2010624K), 0.0533907 secs] [Times: user=0.16 sys=0.00, real=0.05 secs] 
[GC (Allocation Failure) [ParNew (0: promotion failure size = 2779)  (1: promotion failure size = 2779)  (2: promotion failure size = 2779)  (3: promotion failure size = 2779)  (4: promotion failure size = 2779)  (5: promotion failure size = 2779)  (6: promotion failure size = 2779)  (7: promotion failure size = 2779)  (promotion failed): 579506K->613440K(613440K), 0.2293935 secs][CMS: 894401K->745961K(1397184K), 2.2182596 secs] 1431386K->745961K(2010624K), [Metaspace: 10002K->10002K(10240K)]
*** PauseDetector detected a 2447 ms pause at Fri Dec 19 23:54:59 EET 2014 ***

, 2.4477148 secs] [Times: user=2.64 sys=0.00, real=2.44 secs] 
[GC (Allocation Failure) [ParNew: 545344K->27373K(613440K), 0.0070214 secs] 1291305K->773335K(2010624K), 0.0070670 secs] [Times: user=0.05 sys=0.00, real=0.01 secs] 
[GC (Allocation Failure) [ParNew: 572717K->68096K(613440K), 0.0686082 secs] 1318679K->860716K(2010624K), 0.0686621 secs] [Times: user=0.28 sys=0.00, real=0.06 secs] 
[GC (Allocation Failure) [ParNew: 613440K->26124K(613440K), 0.0351738 secs] 1406060K->879487K(2010624K), 0.0352225 secs] [Times: user=0.11 sys=0.00, real=0.04 secs] 
[GC (Allocation Failure) [ParNew: 571468K->68096K(613440K), 0.0679852 secs] 1424831K->968888K(2010624K), 0.0680436 secs] [Times: user=0.30 sys=0.00, real=0.07 secs] 
[GC (Allocation Failure) [ParNew: 613440K->25485K(613440K), 0.0364742 secs] 1514232K->985034K(2010624K), 0.0365159 secs] [Times: user=0.13 sys=0.00, real=0.04 secs] 
[GC (Allocation Failure) [ParNew: 570829K->68096K(613440K), 0.0665629 secs] 1530378K->1070642K(2010624K), 0.0666123 secs] [Times: user=0.26 sys=0.00, real=0.06 secs] 
[GC (Allocation Failure) [ParNew: 613440K->26969K(613440K), 0.0341864 secs] 1615986K->1092324K(2010624K), 0.0342338 secs] [Times: user=0.13 sys=0.00, real=0.03 secs] 
[GC (Allocation Failure) [ParNew: 572313K->68096K(613440K), 0.0639549 secs] 1637668K->1174649K(2010624K), 0.0640068 secs] [Times: user=0.28 sys=0.00, real=0.06 secs] 
[GC (Allocation Failure) [ParNew: 613440K->27398K(613440K), 0.0358602 secs] 1719993K->1197424K(2010624K), 0.0359045 secs] [Times: user=0.13 sys=0.00, real=0.03 secs] 
[GC (CMS Initial Mark) [1 CMS-initial-mark: 1170026K(1397184K)] 1197536K(2010624K), 0.0036204 secs] [Times: user=0.00 sys=0.00, real=0.00 secs] 
[CMS-concurrent-mark-start]
[CMS-concurrent-mark: 1.192/1.192 secs] [Times: user=3.87 sys=0.00, real=1.19 secs] 
[CMS-concurrent-preclean-start]
[CMS-concurrent-preclean: 0.085/0.090 secs] [Times: user=0.19 sys=0.00, real=0.09 secs] 
[CMS-concurrent-abortable-preclean-start]
[GC (Allocation Failure) [ParNew: 572742K->68096K(613440K), 0.0646150 secs] 1742768K->1281906K(2010624K), 0.0646644 secs] [Times: user=0.25 sys=0.00, real=0.07 secs] 
[CMS-concurrent-abortable-preclean: 0.772/1.348 secs] [Times: user=2.31 sys=0.00, real=1.35 secs] 
[GC (CMS Final Remark) [YG occupancy: 475149 K (613440 K)][Rescan (parallel) , 0.0987206 secs][weak refs processing, 0.0000205 secs][class unloading, 0.0075096 secs][scrub symbol table, 0.0011709 secs][scrub string table, 0.0003548 secs][1 CMS-remark: 1213810K(1397184K)] 1688959K(2010624K), 0.1087516 secs] [Times: user=0.45 sys=0.00, real=0.10 secs] 
[CMS-concurrent-sweep-start]
[GC (Allocation Failure) [ParNew: 613440K->46187K(613440K), 0.0295690 secs] 1827250K->1320725K(2010624K), 0.0297146 secs] [Times: user=0.17 sys=0.00, real=0.03 secs] 
[CMS-concurrent-sweep: 0.605/0.636 secs] [Times: user=1.56 sys=0.00, real=0.64 secs] 
[CMS-concurrent-reset-start]
[CMS-concurrent-reset: 0.003/0.003 secs] [Times: user=0.00 sys=0.00, real=0.00 secs] 
[GC (Allocation Failure) [ParNew: 591531K->68096K(613440K), 0.0636610 secs] 1333334K->852180K(2010624K), 0.0637098 secs] [Times: user=0.22 sys=0.00, real=0.05 secs] 
[GC (Allocation Failure) [ParNew: 613440K->20110K(613440K), 0.0378491 secs] 1397524K->866288K(2010624K), 0.0379114 secs] [Times: user=0.11 sys=0.00, real=0.03 secs] 
[GC (Allocation Failure) [ParNew: 565454K->68096K(613440K), 0.0724403 secs] 1411632K->955097K(2010624K), 0.0724872 secs] [Times: user=0.27 sys=0.00, real=0.07 secs] 
[GC (Allocation Failure) [ParNew (0: promotion failure size = 1854)  (1: promotion failure size = 1854)  (2: promotion failure size = 1854)  (3: promotion failure size = 1854)  (4: promotion failure size = 1854)  (5: promotion failure size = 1854)  (6: promotion failure size = 1854)  (7: promotion failure size = 1854)  (promotion failed): 613440K->586424K(613440K), 1.1687954 secs][CMS: 932296K->745242K(1397184K), 2.7982526 secs] 1500441K->745242K(2010624K), [Metaspace: 10002K->10002K(10240K)]
*** PauseDetector detected a 3968 ms pause at Fri Dec 19 23:55:25 EET 2014 ***

, 3.9671192 secs] [Times: user=3.96 sys=0.11, real=3.97 secs] 
[GC (Allocation Failure) [ParNew: 545344K->68096K(613440K), 0.0586208 secs] 1290586K->856532K(2010624K), 0.0586670 secs] [Times: user=0.19 sys=0.00, real=0.05 secs] 
[GC (Allocation Failure) [ParNew: 613440K->26632K(613440K), 0.0310869 secs] 1401876K->877180K(2010624K), 0.0311305 secs] [Times: user=0.13 sys=0.00, real=0.03 secs] 
[GC (Allocation Failure) [ParNew: 571976K->68096K(613440K), 0.0553135 secs] 1422524K->960321K(2010624K), 0.0553757 secs] [Times: user=0.33 sys=0.00, real=0.06 secs] 
[GC (Allocation Failure) [ParNew: 613440K->33716K(613440K), 0.0305153 secs] 1505665K->988366K(2010624K), 0.0305660 secs] [Times: user=0.09 sys=0.00, real=0.03 secs] 
[GC (Allocation Failure) [ParNew: 579060K->68096K(613440K), 0.0558049 secs] 1533710K->1066258K(2010624K), 0.0558569 secs] [Times: user=0.20 sys=0.00, real=0.06 secs] 
[GC (Allocation Failure) [ParNew: 613440K->19664K(613440K), 0.0602876 secs] 1611602K->1078372K(2010624K), 0.0603351 secs] [Times: user=0.22 sys=0.00, real=0.06 secs] 
[GC (Allocation Failure) [ParNew: 565008K->68096K(613440K), 0.0547944 secs] 1623716K->1167218K(2010624K), 0.0548445 secs] [Times: user=0.30 sys=0.00, real=0.06 secs] 
[GC (Allocation Failure) [ParNew: 613440K->34186K(613440K), 0.0294053 secs] 1712562K->1196781K(2010624K), 0.0294548 secs] [Times: user=0.08 sys=0.00, real=0.03 secs] 
[GC (CMS Initial Mark) [1 CMS-initial-mark: 1162595K(1397184K)] 1196781K(2010624K), 0.0028845 secs] [Times: user=0.00 sys=0.00, real=0.00 secs] 
[CMS-concurrent-mark-start]
[CMS-concurrent-mark: 1.192/1.192 secs] [Times: user=3.77 sys=0.00, real=1.19 secs] 
[CMS-concurrent-preclean-start]
[CMS-concurrent-preclean: 0.073/0.077 secs] [Times: user=0.16 sys=0.00, real=0.08 secs] 
[CMS-concurrent-abortable-preclean-start]
[GC (Allocation Failure) [ParNew: 579530K->68096K(613440K), 0.0567172 secs] 1742125K->1271716K(2010624K), 0.0567679 secs] [Times: user=0.19 sys=0.00, real=0.06 secs] 
[CMS-concurrent-abortable-preclean: 0.645/1.211 secs] [Times: user=2.04 sys=0.00, real=1.21 secs] 
[GC (CMS Final Remark) [YG occupancy: 419670 K (613440 K)][Rescan (parallel) , 0.0858050 secs][weak refs processing, 0.0000212 secs][class unloading, 0.0076392 secs][scrub symbol table, 0.0015051 secs][scrub string table, 0.0005441 secs][1 CMS-remark: 1203620K(1397184K)] 1623290K(2010624K), 0.0969922 secs] [Times: user=0.41 sys=0.00, real=0.10 secs] 
[CMS-concurrent-sweep-start]
[GC (Allocation Failure) [ParNew: 613440K->47157K(613440K), 0.0311164 secs] 1807135K->1303162K(2010624K), 0.0311633 secs] [Times: user=0.22 sys=0.00, real=0.03 secs] 
[CMS-concurrent-sweep: 0.615/0.647 secs] [Times: user=1.51 sys=0.00, real=0.65 secs] 
[CMS-concurrent-reset-start]
[CMS-concurrent-reset: 0.003/0.003 secs] [Times: user=0.00 sys=0.00, real=0.00 secs] 
[GC (Allocation Failure) [ParNew: 592501K->68096K(613440K), 0.0551248 secs] 1332345K->847971K(2010624K), 0.0551736 secs] [Times: user=0.19 sys=0.00, real=0.06 secs] 
[GC (Allocation Failure) [ParNew: 613440K->27276K(613440K), 0.0344238 secs] 1393315K->870368K(2010624K), 0.0344744 secs] [Times: user=0.13 sys=0.00, real=0.04 secs] 
[GC (Allocation Failure) [ParNew: 572620K->68096K(613440K), 0.0563009 secs] 1415712K->950953K(2010624K), 0.0563483 secs] [Times: user=0.22 sys=0.00, real=0.06 secs] 
[GC (Allocation Failure) [ParNew (0: promotion failure size = 1237)  (1: promotion failure size = 109)  (2: promotion failure size = 109)  (3: promotion failure size = 109)  (4: promotion failure size = 109)  (5: promotion failure size = 1237)  (6: promotion failure size = 109)  (7: promotion failure size = 109)  (promotion failed): 613440K->586464K(613440K), 1.9811402 secs][CMS: 913217K->744185K(1397184K), 2.4448071 secs] 1496297K->744185K(2010624K), [Metaspace: 10002K->10002K(10240K)], 4.4260263 secs]
*** PauseDetector detected a 4427 ms pause at Fri Dec 19 23:55:50 EET 2014 ***

 [Times: user=4.54 sys=0.38, real=4.43 secs] 
[GC (Allocation Failure) [ParNew: 545344K->68096K(613440K), 0.0526336 secs] 1289529K->852338K(2010624K), 0.0526843 secs] [Times: user=0.23 sys=0.00, real=0.05 secs] 
[GC (Allocation Failure) [ParNew: 613440K->27378K(613440K), 0.0332240 secs] 1397682K->875428K(2010624K), 0.0332734 secs] [Times: user=0.13 sys=0.00, real=0.03 secs] 
[GC (Allocation Failure) [ParNew: 572722K->68096K(613440K), 0.1559055 secs] 1420772K->984285K(2010624K), 0.1559536 secs] [Times: user=0.84 sys=0.00, real=0.15 secs] 
[GC (Allocation Failure) [ParNew: 613440K->34175K(613440K), 0.0809489 secs] 1529629K->1015210K(2010624K), 0.0809970 secs] [Times: user=0.36 sys=0.00, real=0.08 secs] 
[GC (Allocation Failure) [ParNew: 579519K->68096K(613440K), 0.2135659 secs] 1560554K->1106262K(2010624K), 0.2136178 secs] [Times: user=0.81 sys=0.00, real=0.21 secs] 
[GC (Allocation Failure) [ParNew: 613440K->40938K(613440K), 0.0746172 secs] 1651606K->1142688K(2010624K), 0.0746660 secs] [Times: user=0.25 sys=0.00, real=0.08 secs] 
[GC (Allocation Failure) [ParNew: 586282K->68096K(613440K), 0.1554725 secs] 1688032K->1224263K(2010624K), 0.1555366 secs] [Times: user=1.00 sys=0.00, real=0.15 secs] 
[GC (CMS Initial Mark) [1 CMS-initial-mark: 1156167K(1397184K)] 1224263K(2010624K), 0.0141256 secs] [Times: user=0.06 sys=0.00, real=0.01 secs] 
[CMS-concurrent-mark-start]
[GC (Allocation Failure) [ParNew: 613440K->27314K(613440K), 0.0660419 secs] 1769607K->1247025K(2010624K), 0.0661041 secs] [Times: user=0.36 sys=0.00, real=0.07 secs] 
[CMS-concurrent-mark: 1.935/2.002 secs] [Times: user=6.63 sys=0.02, real=2.00 secs] 
[CMS-concurrent-preclean-start]
[CMS-concurrent-preclean: 0.351/0.366 secs] [Times: user=0.98 sys=0.00, real=0.37 secs] 
[CMS-concurrent-abortable-preclean-start]
[CMS-concurrent-abortable-preclean: 0.078/0.476 secs] [Times: user=0.56 sys=0.00, real=0.48 secs] 
[GC (CMS Final Remark) [YG occupancy: 390575 K (613440 K)][Rescan (parallel) , 0.0705657 secs][weak refs processing, 0.0000199 secs][class unloading, 0.0078215 secs][scrub symbol table, 0.0011131 secs][scrub string table, 0.0004728 secs][1 CMS-remark: 1219710K(1397184K)] 1610286K(2010624K), 0.0810644 secs] [Times: user=0.36 sys=0.00, real=0.08 secs] 
[CMS-concurrent-sweep-start]
[GC (Allocation Failure) [ParNew: 572658K->68096K(613440K), 0.1392496 secs] 1679398K->1225082K(2010624K), 0.1392970 secs] [Times: user=0.75 sys=0.00, real=0.14 secs] 
[CMS-concurrent-sweep: 0.759/0.899 secs] [Times: user=2.25 sys=0.02, real=0.90 secs] 
[CMS-concurrent-reset-start]
[CMS-concurrent-reset: 0.002/0.002 secs] [Times: user=0.03 sys=0.00, real=0.00 secs] 
[GC (Allocation Failure) [ParNew: 613440K->34258K(613440K), 0.0594805 secs] 1422143K->906515K(2010624K), 0.0595241 secs] [Times: user=0.14 sys=0.00, real=0.06 secs] 
[GC (Allocation Failure) [ParNew: 579602K->68096K(613440K), 0.1249424 secs] 1451859K->989528K(2010624K), 0.1249925 secs] [Times: user=0.59 sys=0.00, real=0.13 secs] 
[GC (Allocation Failure) [ParNew: 613440K->27306K(613440K), 0.0562893 secs] 1534872K->1012126K(2010624K), 0.0563323 secs] [Times: user=0.14 sys=0.00, real=0.05 secs] 
[GC (Allocation Failure) [ParNew: 572650K->68096K(613440K), 0.1179351 secs] 1557470K->1099385K(2010624K), 0.1179788 secs] [Times: user=0.51 sys=0.00, real=0.11 secs] 
[GC (Allocation Failure) [ParNew (0: promotion failure size = 4167)  (1: promotion failure size = 4167)  (2: promotion failure size = 4167)  (3: promotion failure size = 4167)  (4: promotion failure size = 4167)  (5: promotion failure size = 4167)  (6: promotion failure size = 4167)  (7: promotion failure size = 4167)  (promotion failed): 613440K->586476K(613440K), 6.1281625 secs][CMS: 1058841K->750857K(1397184K), 2.0754525 secs] 1644729K->750857K(2010624K), [Metaspace: 10002K->10002K(10240K)]
*** PauseDetector detected a 8201 ms pause at Fri Dec 19 23:56:22 EET 2014 ***

, 8.2036817 secs] [Times: user=8.47 sys=1.40, real=8.20 secs] 
[GC (Allocation Failure) [ParNew: 545344K->68096K(613440K), 0.0987199 secs] 1296201K->865941K(2010624K), 0.0987706 secs] [Times: user=0.44 sys=0.00, real=0.10 secs] 
[GC (Allocation Failure) [ParNew: 613440K->27375K(613440K), 0.0496740 secs] 1411285K->889578K(2010624K), 0.0497324 secs] [Times: user=0.13 sys=0.00, real=0.05 secs] 
[GC (Allocation Failure) [ParNew: 572719K->68096K(613440K), 0.0966682 secs] 1434922K->976922K(2010624K), 0.0967137 secs] [Times: user=0.36 sys=0.00, real=0.09 secs] 
[GC (Allocation Failure) [ParNew: 613440K->47108K(613440K), 0.0472431 secs] 1522266K->1018456K(2010624K), 0.0472906 secs] [Times: user=0.16 sys=0.00, real=0.05 secs] 
[GC (Allocation Failure) [ParNew: 592452K->68096K(613440K), 0.0908196 secs] 1563800K->1086823K(2010624K), 0.0908696 secs] [Times: user=0.34 sys=0.00, real=0.08 secs] 
[GC (Allocation Failure) [ParNew: 613440K->19808K(613440K), 0.0411218 secs] 1632167K->1099654K(2010624K), 0.0411686 secs] [Times: user=0.13 sys=0.00, real=0.03 secs] 
[GC (Allocation Failure) [ParNew: 565152K->68096K(613440K), 0.1061558 secs] 1644998K->1191287K(2010624K), 0.1062046 secs] [Times: user=0.45 sys=0.00, real=0.10 secs] 
[GC (Allocation Failure) [ParNew: 613440K->27363K(613440K), 0.0401299 secs] 1736631K->1214018K(2010624K), 0.0401781 secs] [Times: user=0.06 sys=0.00, real=0.04 secs] 
[GC (CMS Initial Mark) [1 CMS-initial-mark: 1186655K(1397184K)] 1224926K(2010624K), 0.0031219 secs] [Times: user=0.00 sys=0.00, real=0.00 secs] 
[CMS-concurrent-mark-start]
[CMS-concurrent-mark: 1.272/1.272 secs] [Times: user=4.27 sys=0.00, real=1.27 secs] 
[CMS-concurrent-preclean-start]
[CMS-concurrent-preclean: 0.125/0.134 secs] [Times: user=0.28 sys=0.00, real=0.13 secs] 
[CMS-concurrent-abortable-preclean-start]
[GC (Allocation Failure) [ParNew[CMS-concurrent-abortable-preclean: 0.045/0.254 secs] [Times: user=0.44 sys=0.00, real=0.25 secs] 
: 572707K->68096K(613440K), 0.0765714 secs] 1759362K->1299354K(2010624K), 0.0766311 secs] [Times: user=0.39 sys=0.00, real=0.08 secs] 
[GC (CMS Final Remark) [YG occupancy: 68173 K (613440 K)][Rescan (parallel) , 0.0448686 secs][weak refs processing, 0.0000205 secs][class unloading, 0.0094222 secs][scrub symbol table, 0.0012998 secs][scrub string table, 0.0003830 secs][1 CMS-remark: 1231258K(1397184K)] 1299432K(2010624K), 0.0570528 secs] [Times: user=0.34 sys=0.00, real=0.05 secs] 
[CMS-concurrent-sweep-start]
[CMS-concurrent-sweep: 0.709/0.709 secs] [Times: user=1.45 sys=0.00, real=0.72 secs] 
[CMS-concurrent-reset-start]
[CMS-concurrent-reset: 0.003/0.003 secs] [Times: user=0.00 sys=0.00, real=0.00 secs] 
[GC (Allocation Failure) [ParNew: 613440K->26835K(613440K), 0.0504266 secs] 1295816K->771280K(2010624K), 0.0504709 secs] [Times: user=0.16 sys=0.00, real=0.05 secs] 
[GC (Allocation Failure) [ParNew: 572179K->68096K(613440K), 0.0733129 secs] 1316624K->855238K(2010624K), 0.0733623 secs] [Times: user=0.31 sys=0.00, real=0.07 secs] 
[GC (Allocation Failure) [ParNew: 613440K->34238K(613440K), 0.0363357 secs] 1400582K->884901K(2010624K), 0.0364858 secs] [Times: user=0.06 sys=0.00, real=0.03 secs] 
[GC (Allocation Failure) [ParNew: 579582K->68096K(613440K), 0.0869605 secs] 1430245K->961257K(2010624K), 0.0870099 secs] [Times: user=0.34 sys=0.00, real=0.09 secs] 
[GC (Allocation Failure) [ParNew (0: promotion failure size = 2779)  (1: promotion failure size = 2779)  (2: promotion failure size = 2779)  (3: promotion failure size = 2779)  (4: promotion failure size = 2779)  (5: promotion failure size = 2779)  (6: promotion failure size = 2779)  (7: promotion failure size = 2779)  (promotion failed): 613440K->586404K(613440K), 0.4927893 secs][CMS: 953409K->746910K(1397184K), 1.9047536 secs] 1506601K->746910K(2010624K), [Metaspace: 10002K->10002K(10240K)], 2.3976783 secs] [Times: user=2.56 sys=0.05, real=2.40 secs] 

*** PauseDetector detected a 2401 ms pause at Fri Dec 19 23:56:46 EET 2014 ***

[GC (Allocation Failure) [ParNew: 545344K->68096K(613440K), 0.0664916 secs] 1292254K->858971K(2010624K), 0.0665366 secs] [Times: user=0.28 sys=0.00, real=0.06 secs] 
[GC (Allocation Failure) [ParNew: 613440K->33752K(613440K), 0.0356960 secs] 1404315K->887539K(2010624K), 0.0357448 secs] [Times: user=0.12 sys=0.00, real=0.04 secs] 
[GC (Allocation Failure) [ParNew: 579096K->68096K(613440K), 0.0664422 secs] 1432883K->967021K(2010624K), 0.0664916 secs] [Times: user=0.26 sys=0.00, real=0.07 secs] 
[GC (Allocation Failure) [ParNew: 613440K->26304K(613440K), 0.0332420 secs] 1512365K->986066K(2010624K), 0.0332907 secs] [Times: user=0.08 sys=0.00, real=0.03 secs] 
[GC (Allocation Failure) [ParNew: 571648K->68096K(613440K), 0.0637476 secs] 1531410K->1069100K(2010624K), 0.0637913 secs] [Times: user=0.30 sys=0.00, real=0.06 secs] 
[GC (Allocation Failure) [ParNew: 613440K->41034K(613440K), 0.0340805 secs] 1614444K->1105508K(2010624K), 0.0341479 secs] [Times: user=0.16 sys=0.00, real=0.03 secs] 
[GC (Allocation Failure) [ParNew: 586378K->68096K(613440K), 0.0632940 secs] 1650852K->1175126K(2010624K), 0.0633415 secs] [Times: user=0.27 sys=0.00, real=0.06 secs] 
[GC (Allocation Failure) [ParNew: 613440K->26810K(613440K), 0.0378215 secs] 1720470K->1196086K(2010624K), 0.0378652 secs] [Times: user=0.13 sys=0.00, real=0.03 secs] 
[GC (CMS Initial Mark) [1 CMS-initial-mark: 1169275K(1397184K)] 1196086K(2010624K), 0.0041581 secs] [Times: user=0.00 sys=0.00, real=0.00 secs] 
[CMS-concurrent-mark-start]
[CMS-concurrent-mark: 1.190/1.190 secs] [Times: user=3.88 sys=0.02, real=1.20 secs] 
[CMS-concurrent-preclean-start]
[CMS-concurrent-preclean: 0.084/0.089 secs] [Times: user=0.19 sys=0.00, real=0.09 secs] 
[CMS-concurrent-abortable-preclean-start]
[GC (Allocation Failure) [ParNew: 572154K->68096K(613440K), 0.0658270 secs] 1741430K->1280099K(2010624K), 0.0658744 secs] [Times: user=0.20 sys=0.00, real=0.07 secs] 
[CMS-concurrent-abortable-preclean: 0.742/1.342 secs] [Times: user=2.20 sys=0.02, real=1.34 secs] 
[GC (CMS Final Remark) [YG occupancy: 462886 K (613440 K)][Rescan (parallel) , 0.0920957 secs][weak refs processing, 0.0000456 secs][class unloading, 0.0075404 secs][scrub symbol table, 0.0010695 secs][scrub string table, 0.0003541 secs][1 CMS-remark: 1212003K(1397184K)] 1674890K(2010624K), 0.1021299 secs] [Times: user=0.45 sys=0.01, real=0.09 secs] 
[CMS-concurrent-sweep-start]
[GC (Allocation Failure) [ParNew: 613440K->33391K(613440K), 0.0307886 secs] 1825443K->1307042K(2010624K), 0.0308566 secs] [Times: user=0.19 sys=0.00, real=0.03 secs] 
[CMS-concurrent-sweep: 0.615/0.646 secs] [Times: user=1.55 sys=0.00, real=0.65 secs] 
[CMS-concurrent-reset-start]
[CMS-concurrent-reset: 0.003/0.003 secs] [Times: user=0.00 sys=0.00, real=0.00 secs] 
[GC (Allocation Failure) [ParNew: 578735K->68096K(613440K), 0.0609856 secs] 1320148K->854539K(2010624K), 0.0610453 secs] [Times: user=0.26 sys=0.00, real=0.06 secs] 
[GC (Allocation Failure) [ParNew: 613440K->32210K(613440K), 0.0322020 secs] 1399883K->877913K(2010624K), 0.0322514 secs] [Times: user=0.09 sys=0.00, real=0.03 secs] 
[GC (Allocation Failure) [ParNew: 577554K->68096K(613440K), 0.0688462 secs] 1423257K->954479K(2010624K), 0.0688924 secs] [Times: user=0.22 sys=0.00, real=0.06 secs] 
[GC (Allocation Failure) [ParNew (0: promotion failure size = 85)  (1: promotion failure size = 85)  (2: promotion failure size = 85)  (3: promotion failure size = 85)  (4: promotion failure size = 85)  (5: promotion failure size = 85)  (6: promotion failure size = 85)  (7: promotion failure size = 85)  (promotion failed): 613440K->572621K(613440K), 2.1595330 secs][CMS: 908743K->745117K(1397184K), 1.8603167 secs] 1499823K->745117K(2010624K), [Metaspace: 10002K->10002K(10240K)]
*** PauseDetector detected a 4018 ms pause at Fri Dec 19 23:57:11 EET 2014 ***

, 4.0199248 secs] [Times: user=3.87 sys=0.28, real=4.02 secs] 
[GC (Allocation Failure) [ParNew: 545344K->68096K(613440K), 0.0554642 secs] 1290461K->858299K(2010624K), 0.0555149 secs] [Times: user=0.23 sys=0.00, real=0.05 secs] 
[GC (Allocation Failure) [ParNew: 613440K->25905K(613440K), 0.0413585 secs] 1403643K->875945K(2010624K), 0.0414080 secs] [Times: user=0.17 sys=0.00, real=0.04 secs] 
[GC (Allocation Failure) [ParNew: 571249K->68096K(613440K), 0.0545295 secs] 1421289K->962191K(2010624K), 0.0545801 secs] [Times: user=0.22 sys=0.00, real=0.06 secs] 
[GC (Allocation Failure) [ParNew: 613440K->39098K(613440K), 0.0458964 secs] 1507535K->993525K(2010624K), 0.0459426 secs] [Times: user=0.14 sys=0.00, real=0.05 secs] 
[Full GC (System.gc()) [CMS: 954427K->741155K(1397184K), 1.7375679 secs] 1301321K->741155K(2010624K), [Metaspace: 10002K->10002K(10240K)], 1.7378277 secs] [Times: user=1.75 sys=0.00, real=1.74 secs] 
[Full GC (System.gc()) [CMS: 741155K->741078K(1397184K), 1.7730560 secs] 752033K->741078K(2010624K), [Metaspace: 10002K->10002K(10240K)], 1.7733036 secs] [Times: user=1.76 sys=0.00, real=1.77 secs] 
[Full GC (System.gc()) [CMS: 741078K->739152K(1397184K), 1.4726746 secs] 751953K->739152K(2010624K), [Metaspace: 10002K->10002K(10240K)]
*** PauseDetector detected a 1742 ms pause at Fri Dec 19 23:57:20 EET 2014 ***

, 1.4729069 secs] [Times: user=1.47 sys=0.00, real=1.48 secs] 

*** PauseDetector detected a 3252 ms pause at Fri Dec 19 23:57:23 EET 2014 ***

[GC (Allocation Failure) [ParNew: 545344K->8828K(613440K), 0.0072537 secs] 1284496K->747980K(2010624K), 0.0074615 secs] [Times: user=0.06 sys=0.00, real=0.01 secs] 
[GC (Allocation Failure) [ParNew: 554172K->68096K(613440K), 0.0674758 secs] 1293324K->853308K(2010624K), 0.0675438 secs] [Times: user=0.25 sys=0.00, real=0.06 secs] 
[GC (Allocation Failure) [ParNew: 613440K->19828K(613440K), 0.0310427 secs] 1398652K->868779K(2010624K), 0.0310908 secs] [Times: user=0.08 sys=0.00, real=0.03 secs] 
[GC (Allocation Failure) [ParNew: 565172K->68096K(613440K), 0.0598597 secs] 1414123K->957853K(2010624K), 0.0599200 secs] [Times: user=0.20 sys=0.00, real=0.06 secs] 
[GC (Allocation Failure) [ParNew: 613440K->27055K(613440K), 0.0402403 secs] 1503197K->979419K(2010624K), 0.0403115 secs] [Times: user=0.11 sys=0.00, real=0.03 secs] 
[GC (Allocation Failure) [ParNew: 572399K->68096K(613440K), 0.0602831 secs] 1524763K->1060309K(2010624K), 0.0603402 secs] [Times: user=0.20 sys=0.00, real=0.06 secs] 
[Full GC (System.gc()) [CMS: 992213K->742594K(1397184K), 2.0113174 secs] 1454673K->742594K(2010624K), [Metaspace: 10002K->10002K(10240K)], 2.0115561 secs] [Times: user=2.00 sys=0.00, real=2.00 secs] 
[Full GC (System.gc()) [CMS: 742594K->742595K(1397184K), 1.4507892 secs] 753532K->742595K(2010624K), [Metaspace: 10002K->10002K(10240K)], 1.4510773 secs] [Times: user=1.45 sys=0.00, real=1.45 secs] 
[Full GC (System.gc()) [CMS: 742595K->742517K(1397184K), 1.4351540 secs] 742597K->742517K(2010624K), [Metaspace: 10002K->10002K(10240K)]
*** PauseDetector detected a 2005 ms pause at Fri Dec 19 23:57:35 EET 2014 ***

, 1.4353490 secs] [Times: user=1.45 sys=0.00, real=1.44 secs] 
********************************
********** ROUND   21 **********
********************************

*** PauseDetector detected a 2900 ms pause at Fri Dec 19 23:57:38 EET 2014 ***

[GC (Allocation Failure) [ParNew: 545344K->68096K(613440K), 0.0523821 secs] 1287861K->854534K(2010624K), 0.0524289 secs] [Times: user=0.25 sys=0.00, real=0.05 secs] 
[GC (Allocation Failure) [ParNew: 613440K->30927K(613440K), 0.0291776 secs] 1399878K->877174K(2010624K), 0.0292251 secs] [Times: user=0.11 sys=0.00, real=0.03 secs] 
[GC (Allocation Failure) [ParNew: 576271K->68096K(613440K), 0.1658416 secs] 1422518K->982470K(2010624K), 0.1658865 secs] [Times: user=0.76 sys=0.00, real=0.16 secs] 
[GC (Allocation Failure) [ParNew: 613440K->27566K(613440K), 0.0970358 secs] 1527814K->1006288K(2010624K), 0.0970826 secs] [Times: user=0.33 sys=0.00, real=0.09 secs] 
[GC (Allocation Failure) [ParNew: 572910K->68096K(613440K), 0.1907264 secs] 1551632K->1103630K(2010624K), 0.1907758 secs] [Times: user=0.78 sys=0.00, real=0.19 secs] 
[GC (Allocation Failure) [ParNew: 613440K->34266K(613440K), 0.0717551 secs] 1648974K->1133611K(2010624K), 0.0718039 secs] [Times: user=0.22 sys=0.00, real=0.07 secs] 
[GC (Allocation Failure) [ParNew: 579610K->68096K(613440K), 0.1627274 secs] 1678955K->1221775K(2010624K), 0.1627794 secs] [Times: user=0.80 sys=0.00, real=0.16 secs] 
[GC (CMS Initial Mark) [1 CMS-initial-mark: 1153679K(1397184K)] 1232636K(2010624K), 0.0102055 secs] [Times: user=0.00 sys=0.00, real=0.01 secs] 
[CMS-concurrent-mark-start]
[CMS-concurrent-mark: 1.280/1.280 secs] [Times: user=3.87 sys=0.00, real=1.28 secs] 
[CMS-concurrent-preclean-start]
[CMS-concurrent-preclean: 0.006/0.006 secs] [Times: user=0.03 sys=0.00, real=0.00 secs] 
[CMS-concurrent-abortable-preclean-start]
[GC (Allocation Failure) [ParNew: 613440K->41012K(613440K), 0.0653246 secs] 1767119K->1258404K(2010624K), 0.0653721 secs] [Times: user=0.34 sys=0.00, real=0.06 secs] 
[CMS-concurrent-abortable-preclean: 0.626/1.402 secs] [Times: user=2.73 sys=0.00, real=1.40 secs] 
[GC (CMS Final Remark) [YG occupancy: 394014 K (613440 K)][Rescan (parallel) , 0.0735451 secs][weak refs processing, 0.0000186 secs][class unloading, 0.0071350 secs][scrub symbol table, 0.0010811 secs][scrub string table, 0.0003561 secs][1 CMS-remark: 1217391K(1397184K)] 1611406K(2010624K), 0.0831142 secs] [Times: user=0.31 sys=0.00, real=0.08 secs] 
[CMS-concurrent-sweep-start]
[GC (Allocation Failure) [ParNew: 586356K->68096K(613440K), 0.1416799 secs] 1670348K->1202225K(2010624K), 0.1417286 secs] [Times: user=0.67 sys=0.00, real=0.14 secs] 
[CMS-concurrent-sweep: 0.781/0.922 secs] [Times: user=2.26 sys=0.00, real=0.92 secs] 
[CMS-concurrent-reset-start]
[CMS-concurrent-reset: 0.003/0.003 secs] [Times: user=0.00 sys=0.00, real=0.00 secs] 
[GC (Allocation Failure) [ParNew: 613440K->47902K(613440K), 0.0587882 secs] 1421384K->919527K(2010624K), 0.0588364 secs] [Times: user=0.19 sys=0.00, real=0.06 secs] 
[GC (Allocation Failure) [ParNew: 593246K->68096K(613440K), 0.1304715 secs] 1464871K->988661K(2010624K), 0.1305145 secs] [Times: user=0.52 sys=0.00, real=0.13 secs] 
[GC (Allocation Failure) [ParNew: 613440K->27369K(613440K), 0.0611659 secs] 1534005K->1011557K(2010624K), 0.0612108 secs] [Times: user=0.17 sys=0.00, real=0.06 secs] 
[GC (Allocation Failure) [ParNew: 572713K->68096K(613440K), 0.1352840 secs] 1556901K->1098751K(2010624K), 0.1353347 secs] [Times: user=0.53 sys=0.00, real=0.13 secs] 
[GC (Allocation Failure) [ParNew (0: promotion failure size = 4167)  (1: promotion failure size = 4167)  (2: promotion failure size = 4167)  (3: promotion failure size = 4167)  (4: promotion failure size = 4167)  (5: promotion failure size = 4167)  (6: promotion failure size = 4167)  (7: promotion failure size = 4167)  (promotion failed): 613440K->586483K(613440K), 1.2656862 secs][CMS: 1086962K->750828K(1397184K), 2.0674925 secs] 1644095K->750828K(2010624K), [Metaspace: 10002K->10002K(10240K)], 3.3332711 secs]
*** PauseDetector detected a 3331 ms pause at Fri Dec 19 23:58:04 EET 2014 ***

 [Times: user=3.50 sys=0.26, real=3.33 secs] 
[GC (Allocation Failure) [ParNew: 545344K->68096K(613440K), 0.0997189 secs] 1296172K->866524K(2010624K), 0.0997663 secs] [Times: user=0.42 sys=0.00, real=0.10 secs] 
[GC (Allocation Failure) [ParNew: 613440K->47497K(613440K), 0.0559788 secs] 1411868K->909826K(2010624K), 0.0560384 secs] [Times: user=0.20 sys=0.00, real=0.05 secs] 
[GC (Allocation Failure) [ParNew: 592841K->68096K(613440K), 0.0968946 secs] 1455170K->975656K(2010624K), 0.0969498 secs] [Times: user=0.34 sys=0.00, real=0.10 secs] 
[GC (Allocation Failure) [ParNew: 613440K->27354K(613440K), 0.0458412 secs] 1521000K->998916K(2010624K), 0.0458932 secs] [Times: user=0.14 sys=0.00, real=0.05 secs] 
[GC (Allocation Failure) [ParNew: 572698K->68096K(613440K), 0.0897071 secs] 1544260K->1084717K(2010624K), 0.0897539 secs] [Times: user=0.34 sys=0.00, real=0.09 secs] 
[GC (Allocation Failure) [ParNew: 613440K->40967K(613440K), 0.0416331 secs] 1630061K->1120814K(2010624K), 0.0416832 secs] [Times: user=0.14 sys=0.00, real=0.03 secs] 
[GC (Allocation Failure) [ParNew: 586311K->68096K(613440K), 0.0838918 secs] 1666158K->1191384K(2010624K), 0.0839387 secs] [Times: user=0.34 sys=0.00, real=0.08 secs] 
[GC (Allocation Failure) [ParNew: 613440K->34217K(613440K), 0.0448455 secs] 1736728K->1221160K(2010624K), 0.0449546 secs] [Times: user=0.14 sys=0.00, real=0.04 secs] 
[GC (CMS Initial Mark) [1 CMS-initial-mark: 1186943K(1397184K)] 1232019K(2010624K), 0.0042998 secs] [Times: user=0.01 sys=0.00, real=0.01 secs] 
[CMS-concurrent-mark-start]
[CMS-concurrent-mark: 1.196/1.196 secs] [Times: user=3.87 sys=0.00, real=1.20 secs] 
[CMS-concurrent-preclean-start]
[CMS-concurrent-preclean: 0.133/0.141 secs] [Times: user=0.28 sys=0.00, real=0.14 secs] 
[CMS-concurrent-abortable-preclean-start]
[GC (Allocation Failure) [ParNew: 579561K->68096K(613440K), 0.0847778 secs] 1766504K->1298093K(2010624K), 0.0849209 secs] [Times: user=0.28 sys=0.00, real=0.09 secs] 
[CMS-concurrent-abortable-preclean: 0.846/1.438 secs] [Times: user=2.50 sys=0.00, real=1.44 secs] 
[GC (CMS Final Remark) [YG occupancy: 495254 K (613440 K)][Rescan (parallel) , 0.1060897 secs][weak refs processing, 0.0002483 secs][class unloading, 0.0107451 secs][scrub symbol table, 0.0016476 secs][scrub string table, 0.0007680 secs][1 CMS-remark: 1229997K(1397184K)] 1725251K(2010624K), 0.1205836 secs] [Times: user=0.44 sys=0.00, real=0.11 secs] 
[CMS-concurrent-sweep-start]
[GC (Allocation Failure) [ParNew: 613440K->34220K(613440K), 0.0379717 secs] 1843437K->1327675K(2010624K), 0.0380211 secs] [Times: user=0.20 sys=0.00, real=0.04 secs] 
[CMS-concurrent-sweep: 0.819/0.858 secs] [Times: user=2.14 sys=0.00, real=0.87 secs] 
[CMS-concurrent-reset-start]
[CMS-concurrent-reset: 0.003/0.003 secs] [Times: user=0.05 sys=0.00, real=0.00 secs] 
[GC (Allocation Failure) [ParNew: 579564K->68096K(613440K), 0.0856966 secs] 1324166K->856328K(2010624K), 0.0857498 secs] [Times: user=0.33 sys=0.00, real=0.09 secs] 
[GC (Allocation Failure) [ParNew: 613440K->33767K(613440K), 0.0371768 secs] 1401672K->884594K(2010624K), 0.0372230 secs] [Times: user=0.14 sys=0.00, real=0.04 secs] 
[GC (Allocation Failure) [ParNew (0: promotion failure size = 2779)  (2: promotion failure size = 2779)  (3: promotion failure size = 2779)  (5: promotion failure size = 2779)  (6: promotion failure size = 2779)  (7: promotion failure size = 2779)  (promotion failed): 579111K->613440K(613440K), 0.2279660 secs][CMS: 893179K->745736K(1397184K), 2.1317585 secs] 1429938K->745736K(2010624K), [Metaspace: 10002K->10002K(10240K)], 2.3598060 secs] [Times: user=2.57 sys=0.00, real=2.36 secs] 

*** PauseDetector detected a 2364 ms pause at Fri Dec 19 23:58:26 EET 2014 ***

[GC (Allocation Failure) [ParNew: 545344K->27357K(613440K), 0.0073056 secs] 1291080K->773093K(2010624K), 0.0073499 secs] [Times: user=0.00 sys=0.00, real=0.01 secs] 
[GC (Allocation Failure) [ParNew: 572701K->68096K(613440K), 0.0668702 secs] 1318437K->859946K(2010624K), 0.0669164 secs] [Times: user=0.26 sys=0.00, real=0.07 secs] 
[GC (Allocation Failure) [ParNew: 613440K->32792K(613440K), 0.0404507 secs] 1405290K->885381K(2010624K), 0.0405380 secs] [Times: user=0.14 sys=0.00, real=0.04 secs] 
[GC (Allocation Failure) [ParNew: 578136K->68096K(613440K), 0.0668804 secs] 1430725K->966010K(2010624K), 0.0669311 secs] [Times: user=0.23 sys=0.00, real=0.06 secs] 
[GC (Allocation Failure) [ParNew: 613440K->32699K(613440K), 0.0333209 secs] 1511354K->991168K(2010624K), 0.0333677 secs] [Times: user=0.13 sys=0.00, real=0.03 secs] 
[GC (Allocation Failure) [ParNew: 578043K->68096K(613440K), 0.0650109 secs] 1536512K->1069849K(2010624K), 0.0650590 secs] [Times: user=0.25 sys=0.00, real=0.07 secs] 
[GC (Allocation Failure) [ParNew: 613440K->26520K(613440K), 0.0343442 secs] 1615193K->1090055K(2010624K), 0.0344578 secs] [Times: user=0.08 sys=0.00, real=0.03 secs] 
[GC (Allocation Failure) [ParNew: 571864K->68096K(613440K), 0.0653528 secs] 1635399K->1172688K(2010624K), 0.0654119 secs] [Times: user=0.23 sys=0.00, real=0.07 secs] 
[GC (Allocation Failure) [ParNew: 613440K->27369K(613440K), 0.0440615 secs] 1718032K->1195549K(2010624K), 0.0441083 secs] [Times: user=0.13 sys=0.00, real=0.04 secs] 
[GC (CMS Initial Mark) [1 CMS-initial-mark: 1168179K(1397184K)] 1206504K(2010624K), 0.0046457 secs] [Times: user=0.01 sys=0.00, real=0.01 secs] 
[CMS-concurrent-mark-start]
[CMS-concurrent-mark: 1.209/1.209 secs] [Times: user=3.85 sys=0.00, real=1.21 secs] 
[CMS-concurrent-preclean-start]
[CMS-concurrent-preclean: 0.081/0.086 secs] [Times: user=0.16 sys=0.00, real=0.09 secs] 
[CMS-concurrent-abortable-preclean-start]
[GC (Allocation Failure) [ParNew: 572713K->68096K(613440K), 0.0645887 secs] 1740893K->1279037K(2010624K), 0.0646304 secs] [Times: user=0.23 sys=0.00, real=0.07 secs] 
[CMS-concurrent-abortable-preclean: 0.708/1.291 secs] [Times: user=2.22 sys=0.00, real=1.29 secs] 
[GC (CMS Final Remark) [YG occupancy: 440141 K (613440 K)][Rescan (parallel) , 0.0854682 secs][weak refs processing, 0.0000212 secs][class unloading, 0.0070586 secs][scrub symbol table, 0.0011529 secs][scrub string table, 0.0003683 secs][1 CMS-remark: 1210941K(1397184K)] 1651082K(2010624K), 0.0950790 secs] [Times: user=0.45 sys=0.00, real=0.09 secs] 
[CMS-concurrent-sweep-start]
[GC (Allocation Failure) [ParNew: 613440K->26739K(613440K), 0.0308906 secs] 1824381K->1299294K(2010624K), 0.0309438 secs] [Times: user=0.09 sys=0.00, real=0.03 secs] 
[CMS-concurrent-sweep: 0.598/0.629 secs] [Times: user=1.36 sys=0.00, real=0.63 secs] 
[CMS-concurrent-reset-start]
[CMS-concurrent-reset: 0.003/0.003 secs] [Times: user=0.05 sys=0.00, real=0.00 secs] 
[GC (Allocation Failure) [ParNew: 572083K->68096K(613440K), 0.0615329 secs] 1313600K->850384K(2010624K), 0.0615874 secs] [Times: user=0.19 sys=0.01, real=0.06 secs] 
[GC (Allocation Failure) [ParNew: 613440K->27378K(613440K), 0.0318305 secs] 1395728K->873151K(2010624K), 0.0318812 secs] [Times: user=0.14 sys=0.00, real=0.03 secs] 
[GC (Allocation Failure) [ParNew: 572722K->68096K(613440K), 0.0697124 secs] 1418495K->954585K(2010624K), 0.0697746 secs] [Times: user=0.22 sys=0.00, real=0.07 secs] 
[GC (Allocation Failure) [ParNew (0: promotion failure size = 1854)  (1: promotion failure size = 1854)  (2: promotion failure size = 1854)  (3: promotion failure size = 1854)  (4: promotion failure size = 1854)  (5: promotion failure size = 1854)  (6: promotion failure size = 1854)  (7: promotion failure size = 1854)  (promotion failed): 613440K->572767K(613440K), 1.8157323 secs][CMS: 929431K->745070K(1397184K), 2.1332630 secs] 1499929K->745070K(2010624K), [Metaspace: 10002K->10002K(10240K)], 3.9491525 secs] [Times: user=4.20 sys=0.23, real=3.94 secs] 

*** PauseDetector detected a 3944 ms pause at Fri Dec 19 23:58:53 EET 2014 ***

[GC (Allocation Failure) [ParNew: 545344K->68096K(613440K), 0.0554989 secs] 1290414K->854234K(2010624K), 0.0555496 secs] [Times: user=0.20 sys=0.00, real=0.05 secs] 
[GC (Allocation Failure) [ParNew: 613440K->27424K(613440K), 0.0314687 secs] 1399578K->877505K(2010624K), 0.0315168 secs] [Times: user=0.05 sys=0.00, real=0.03 secs] 
[GC (Allocation Failure) [ParNew: 572768K->68096K(613440K), 0.0556298 secs] 1422849K->961619K(2010624K), 0.0556779 secs] [Times: user=0.26 sys=0.00, real=0.06 secs] 
[GC (Allocation Failure) [ParNew: 613440K->26372K(613440K), 0.0397315 secs] 1506963K->980716K(2010624K), 0.0397783 secs] [Times: user=0.13 sys=0.00, real=0.04 secs] 
[GC (Allocation Failure) [ParNew: 571716K->68096K(613440K), 0.0557279 secs] 1526060K->1065997K(2010624K), 0.0557793 secs] [Times: user=0.19 sys=0.00, real=0.05 secs] 
[GC (Allocation Failure) [ParNew: 613440K->39274K(613440K), 0.0319704 secs] 1611341K->1097554K(2010624K), 0.0320127 secs] [Times: user=0.11 sys=0.00, real=0.03 secs] 
[GC (Allocation Failure) [ParNew: 584618K->68096K(613440K), 0.0546084 secs] 1642898K->1168140K(2010624K), 0.0546828 secs] [Times: user=0.20 sys=0.00, real=0.05 secs] 
[GC (Allocation Failure) [ParNew: 613440K->26606K(613440K), 0.0295914 secs] 1713484K->1188291K(2010624K), 0.0296434 secs] [Times: user=0.08 sys=0.00, real=0.03 secs] 
[GC (CMS Initial Mark) [1 CMS-initial-mark: 1161684K(1397184K)] 1188291K(2010624K), 0.0041414 secs] [Times: user=0.00 sys=0.00, real=0.00 secs] 
[CMS-concurrent-mark-start]
[CMS-concurrent-mark: 1.224/1.224 secs] [Times: user=3.98 sys=0.00, real=1.23 secs] 
[CMS-concurrent-preclean-start]
[CMS-concurrent-preclean: 0.068/0.072 secs] [Times: user=0.13 sys=0.00, real=0.07 secs] 
[CMS-concurrent-abortable-preclean-start]
[GC (Allocation Failure) [ParNew[CMS-concurrent-abortable-preclean: 0.071/0.379 secs] [Times: user=0.61 sys=0.00, real=0.38 secs] 
: 571950K->68096K(613440K), 0.0573986 secs] 1733635K->1271011K(2010624K), 0.0574583 secs] [Times: user=0.19 sys=0.00, real=0.06 secs] 
[GC (CMS Final Remark) [YG occupancy: 79040 K (613440 K)][Rescan (parallel) , 0.0239603 secs][weak refs processing, 0.0000205 secs][class unloading, 0.0062977 secs][scrub symbol table, 0.0015109 secs][scrub string table, 0.0005761 secs][1 CMS-remark: 1202915K(1397184K)] 1281955K(2010624K), 0.0338290 secs] [Times: user=0.17 sys=0.00, real=0.03 secs] 
[CMS-concurrent-sweep-start]
[CMS-concurrent-sweep: 0.560/0.560 secs] [Times: user=1.12 sys=0.00, real=0.56 secs] 
[CMS-concurrent-reset-start]
[CMS-concurrent-reset: 0.003/0.003 secs] [Times: user=0.03 sys=0.00, real=0.00 secs] 
[GC (Allocation Failure) [ParNew: 613440K->26856K(613440K), 0.0478949 secs] 1291285K->766759K(2010624K), 0.0479424 secs] [Times: user=0.19 sys=0.00, real=0.05 secs] 
[GC (Allocation Failure) [ParNew: 572200K->68096K(613440K), 0.0528594 secs] 1312103K->847765K(2010624K), 0.0529185 secs] [Times: user=0.20 sys=0.00, real=0.05 secs] 
[GC (Allocation Failure) [ParNew: 613440K->41085K(613440K), 0.0443233 secs] 1393109K->884205K(2010624K), 0.0443772 secs] [Times: user=0.13 sys=0.00, real=0.04 secs] 
[GC (Allocation Failure) [ParNew: 586429K->68096K(613440K), 0.0589525 secs] 1429549K->950880K(2010624K), 0.0590006 secs] [Times: user=0.19 sys=0.00, real=0.06 secs] 
[GC (Allocation Failure) [ParNew (0: promotion failure size = 113)  (1: promotion failure size = 113)  (2: promotion failure size = 113)  (3: promotion failure size = 113)  (4: promotion failure size = 113)  (5: promotion failure size = 113)  (6: promotion failure size = 113)  (7: promotion failure size = 113)  (promotion failed): 613440K->572723K(613440K), 1.7608943 secs][CMS: 918729K->744046K(1397184K), 1.8028495 secs] 1496224K->744046K(2010624K), [Metaspace: 10002K->10002K(10240K)]
*** PauseDetector detected a 3562 ms pause at Fri Dec 19 23:59:17 EET 2014 ***

, 3.5638131 secs] [Times: user=3.78 sys=0.27, real=3.56 secs] 
[GC (Allocation Failure) [ParNew: 545344K->68096K(613440K), 0.1673512 secs] 1289390K->881001K(2010624K), 0.1674006 secs] [Times: user=0.67 sys=0.00, real=0.16 secs] 
[GC (Allocation Failure) [ParNew: 613440K->27366K(613440K), 0.0836865 secs] 1426345K->904872K(2010624K), 0.0837359 secs] [Times: user=0.33 sys=0.00, real=0.08 secs] 
[GC (Allocation Failure) [ParNew: 572710K->68096K(613440K), 0.1935917 secs] 1450216K->1002470K(2010624K), 0.1936392 secs] [Times: user=0.84 sys=0.00, real=0.19 secs] 
[GC (Allocation Failure) [ParNew: 613440K->27411K(613440K), 0.0757772 secs] 1547814K->1026127K(2010624K), 0.0758394 secs] [Times: user=0.28 sys=0.00, real=0.07 secs] 
[GC (Allocation Failure) [ParNew: 572755K->68096K(613440K), 0.1682340 secs] 1571471K->1122134K(2010624K), 0.1682770 secs] [Times: user=0.73 sys=0.00, real=0.17 secs] 
[GC (Allocation Failure) [ParNew: 613440K->27017K(613440K), 0.0617844 secs] 1667478K->1143690K(2010624K), 0.0618319 secs] [Times: user=0.22 sys=0.00, real=0.06 secs] 
[GC (Allocation Failure) [ParNew: 572361K->68096K(613440K), 0.1485332 secs] 1689034K->1234940K(2010624K), 0.1485832 secs] [Times: user=0.56 sys=0.00, real=0.15 secs] 
[GC (Allocation Failure) [ParNew: 613440K->20553K(613440K), 0.0567147 secs] 1780284K->1251062K(2010624K), 0.0567634 secs] [Times: user=0.22 sys=0.01, real=0.05 secs] 
[GC (CMS Initial Mark) [1 CMS-initial-mark: 1230508K(1397184K)] 1251062K(2010624K), 0.0040220 secs] [Times: user=0.00 sys=0.00, real=0.00 secs] 
[CMS-concurrent-mark-start]
[CMS-concurrent-mark: 1.275/1.275 secs] [Times: user=4.41 sys=0.00, real=1.28 secs] 
[CMS-concurrent-preclean-start]
[CMS-concurrent-preclean: 0.214/0.228 secs] [Times: user=0.44 sys=0.00, real=0.23 secs] 
[CMS-concurrent-abortable-preclean-start]
[GC (Allocation Failure) [ParNew[CMS-concurrent-abortable-preclean: 0.037/0.312 secs] [Times: user=0.80 sys=0.00, real=0.31 secs] 
: 565897K->68096K(613440K), 0.1300763 secs] 1796406K->1348964K(2010624K), 0.1301225 secs] [Times: user=0.64 sys=0.00, real=0.13 secs] 
[GC (CMS Final Remark) [YG occupancy: 78956 K (613440 K)][Rescan (parallel) , 0.0811767 secs][weak refs processing, 0.0000250 secs][class unloading, 0.0078664 secs][scrub symbol table, 0.0011587 secs][scrub string table, 0.0003541 secs][1 CMS-remark: 1280868K(1397184K)] 1359825K(2010624K), 0.0915734 secs] [Times: user=0.64 sys=0.00, real=0.09 secs] 
[CMS-concurrent-sweep-start]
[CMS-concurrent-sweep: 0.836/0.836 secs] [Times: user=1.67 sys=0.00, real=0.84 secs] 
[CMS-concurrent-reset-start]
[CMS-concurrent-reset: 0.003/0.003 secs] [Times: user=0.00 sys=0.00, real=0.00 secs] 
[GC (Allocation Failure) [ParNew: 613440K->26891K(613440K), 0.0546186 secs] 1304841K->780536K(2010624K), 0.0546706 secs] [Times: user=0.14 sys=0.00, real=0.05 secs] 
[GC (Allocation Failure) [ParNew: 572235K->68096K(613440K), 0.1319176 secs] 1325880K->870231K(2010624K), 0.1319869 secs] [Times: user=0.56 sys=0.00, real=0.13 secs] 
[GC (Allocation Failure) [ParNew: 613440K->33283K(613440K), 0.0505312 secs] 1415575K->897047K(2010624K), 0.0505851 secs] [Times: user=0.17 sys=0.00, real=0.05 secs] 
[GC (Allocation Failure) [ParNew: 578627K->68096K(613440K), 0.1385945 secs] 1442391K->977712K(2010624K), 0.1387049 secs] [Times: user=0.45 sys=0.00, real=0.14 secs] 
[GC (Allocation Failure) [ParNew (0: promotion failure size = 4167)  (1: promotion failure size = 4167)  (2: promotion failure size = 4167)  (3: promotion failure size = 4167)  (4: promotion failure size = 4167)  (5: promotion failure size = 4167)  (6: promotion failure size = 4167)  (7: promotion failure size = 4167)  (promotion failed): 613440K->579485K(613440K), 6.7525993 secs][CMS: 928876K->750250K(1397184K), 2.1054622 secs] 1523056K->750250K(2010624K), [Metaspace: 10002K->10002K(10240K)]
*** PauseDetector detected a 8863 ms pause at Fri Dec 19 23:59:49 EET 2014 ***

, 8.8581270 secs] [Times: user=9.11 sys=1.31, real=8.86 secs] 
[GC (Allocation Failure) [ParNew: 545344K->68096K(613440K), 0.0942988 secs] 1295594K->865592K(2010624K), 0.0943437 secs] [Times: user=0.42 sys=0.00, real=0.09 secs] 
[GC (Allocation Failure) [ParNew: 613440K->27009K(613440K), 0.0471109 secs] 1410936K->887879K(2010624K), 0.0471590 secs] [Times: user=0.16 sys=0.00, real=0.05 secs] 
[GC (Allocation Failure) [ParNew: 572353K->68096K(613440K), 0.0899881 secs] 1433223K->973696K(2010624K), 0.0900375 secs] [Times: user=0.36 sys=0.00, real=0.08 secs] 
[GC (Allocation Failure) [ParNew: 613440K->27403K(613440K), 0.0475504 secs] 1519040K->998160K(2010624K), 0.0475972 secs] [Times: user=0.13 sys=0.00, real=0.05 secs] 
[GC (Allocation Failure) [ParNew: 572747K->68096K(613440K), 0.0822199 secs] 1543504K->1082182K(2010624K), 0.0822699 secs] [Times: user=0.30 sys=0.00, real=0.08 secs] 
[GC (Allocation Failure) [ParNew: 613440K->27419K(613440K), 0.0431511 secs] 1627526K->1105156K(2010624K), 0.0431960 secs] [Times: user=0.13 sys=0.00, real=0.03 secs] 
[GC (Allocation Failure) [ParNew: 572763K->68096K(613440K), 0.0801264 secs] 1650500K->1188859K(2010624K), 0.0801784 secs] [Times: user=0.33 sys=0.00, real=0.07 secs] 
[GC (Allocation Failure) [ParNew: 613440K->27428K(613440K), 0.0500365 secs] 1734203K->1211898K(2010624K), 0.0500872 secs] [Times: user=0.14 sys=0.00, real=0.05 secs] 
[GC (CMS Initial Mark) [1 CMS-initial-mark: 1184470K(1397184K)] 1211898K(2010624K), 0.0049549 secs] [Times: user=0.00 sys=0.00, real=0.00 secs] 
[CMS-concurrent-mark-start]
[CMS-concurrent-mark: 1.204/1.204 secs] [Times: user=4.04 sys=0.00, real=1.21 secs] 
[CMS-concurrent-preclean-start]
[CMS-concurrent-preclean: 0.121/0.129 secs] [Times: user=0.30 sys=0.00, real=0.13 secs] 
[CMS-concurrent-abortable-preclean-start]
[GC (Allocation Failure) [ParNew[CMS-concurrent-abortable-preclean: 0.055/0.294 secs] [Times: user=0.67 sys=0.00, real=0.30 secs] 
: 572772K->68096K(613440K), 0.0725815 secs] 1757242K->1296760K(2010624K), 0.0726296 secs] [Times: user=0.42 sys=0.00, real=0.07 secs] 
[GC (CMS Final Remark) [YG occupancy: 68098 K (613440 K)][Rescan (parallel) , 0.0383855 secs][weak refs processing, 0.0000192 secs][class unloading, 0.0078215 secs][scrub symbol table, 0.0010753 secs][scrub string table, 0.0003593 secs][1 CMS-remark: 1228664K(1397184K)] 1296762K(2010624K), 0.0486578 secs] [Times: user=0.23 sys=0.00, real=0.05 secs] 
[CMS-concurrent-sweep-start]
[CMS-concurrent-sweep: 0.698/0.698 secs] [Times: user=1.45 sys=0.00, real=0.70 secs] 
[CMS-concurrent-reset-start]
[CMS-concurrent-reset: 0.004/0.004 secs] [Times: user=0.00 sys=0.00, real=0.00 secs] 
[GC (Allocation Failure) [ParNew: 613440K->33569K(613440K), 0.0459189 secs] 1295555K->777683K(2010624K), 0.0460324 secs] [Times: user=0.12 sys=0.00, real=0.04 secs] 
[GC (Allocation Failure) [ParNew: 578913K->68096K(613440K), 0.0726488 secs] 1323027K->854712K(2010624K), 0.0727040 secs] [Times: user=0.30 sys=0.00, real=0.07 secs] 
[GC (Allocation Failure) [ParNew: 613440K->27342K(613440K), 0.0354593 secs] 1400056K->877423K(2010624K), 0.0355029 secs] [Times: user=0.08 sys=0.00, real=0.04 secs] 
[GC (Allocation Failure) [ParNew: 572686K->68096K(613440K), 0.0853540 secs] 1422767K->960380K(2010624K), 0.0854015 secs] [Times: user=0.33 sys=0.00, real=0.08 secs] 
[GC (Allocation Failure) [ParNew (0: promotion failure size = 2779)  (1: promotion failure size = 2779)  (2: promotion failure size = 2779)  (3: promotion failure size = 2779)  (4: promotion failure size = 2779)  (5: promotion failure size = 2779)  (6: promotion failure size = 2779)  (7: promotion failure size = 2779)  (promotion failed): 613440K->579621K(613440K), 0.3418207 secs][CMS: 953472K->746644K(1397184K), 1.8556801 secs] 1505724K->746644K(2010624K), [Metaspace: 10002K->10002K(10240K)]
*** PauseDetector detected a 2196 ms pause at Sat Dec 20 00:00:13 EET 2014 ***

, 2.1975970 secs] [Times: user=2.26 sys=0.03, real=2.20 secs] 
[GC (Allocation Failure) [ParNew: 545344K->68096K(613440K), 0.0652528 secs] 1291988K->860261K(2010624K), 0.0653086 secs] [Times: user=0.28 sys=0.00, real=0.07 secs] 
[GC (Allocation Failure) [ParNew: 613440K->19753K(613440K), 0.0333478 secs] 1405605K->873309K(2010624K), 0.0333947 secs] [Times: user=0.08 sys=0.00, real=0.03 secs] 
[Full GC (System.gc()) [CMS: 853556K->746374K(1397184K), 1.7519161 secs] 873518K->746374K(2010624K), [Metaspace: 10002K->10002K(10240K)], 1.7521759 secs] [Times: user=1.75 sys=0.00, real=1.75 secs] 
[Full GC (System.gc()) [CMS: 746374K->740741K(1397184K), 1.4193039 secs] 757235K->740741K(2010624K), [Metaspace: 10002K->10002K(10240K)], 1.4195509 secs] [Times: user=1.42 sys=0.00, real=1.42 secs] 
[Full GC (System.gc()) [CMS: 740741K->740741K(1397184K), 1.4426964 secs] 740743K->740741K(2010624K), [Metaspace: 10002K->10002K(10240K)]
*** PauseDetector detected a 1755 ms pause at Sat Dec 20 00:00:17 EET 2014 ***

, 1.4429280 secs] [Times: user=1.45 sys=0.00, real=1.45 secs] 

*** PauseDetector detected a 2868 ms pause at Sat Dec 20 00:00:20 EET 2014 ***

[GC (Allocation Failure) [ParNew: 545344K->68096K(613440K), 0.0622585 secs] 1286085K->852145K(2010624K), 0.0623054 secs] [Times: user=0.19 sys=0.00, real=0.06 secs] 
[GC (Allocation Failure) [ParNew: 613440K->33528K(613440K), 0.0359546 secs] 1397489K->879925K(2010624K), 0.0360052 secs] [Times: user=0.08 sys=0.00, real=0.03 secs] 
[GC (Allocation Failure) [ParNew: 578872K->68096K(613440K), 0.0768377 secs] 1425269K->956433K(2010624K), 0.0768974 secs] [Times: user=0.26 sys=0.00, real=0.07 secs] 
[GC (Allocation Failure) [ParNew: 613440K->27060K(613440K), 0.0400850 secs] 1501777K->978151K(2010624K), 0.0402127 secs] [Times: user=0.14 sys=0.00, real=0.04 secs] 
[GC (Allocation Failure) [ParNew: 572404K->68096K(613440K), 0.0752934 secs] 1523495K->1062319K(2010624K), 0.0753524 secs] [Times: user=0.28 sys=0.00, real=0.08 secs] 
[GC (Allocation Failure) [ParNew: 613440K->19990K(613440K), 0.0340260 secs] 1607663K->1075688K(2010624K), 0.0341447 secs] [Times: user=0.06 sys=0.02, real=0.03 secs] 
[Full GC (System.gc()) [CMS: 1055698K->741593K(1397184K), 1.6710775 secs] 1381882K->741593K(2010624K), [Metaspace: 10002K->10002K(10240K)], 1.6714278 secs] [Times: user=1.67 sys=0.00, real=1.66 secs] 
[Full GC (System.gc()) [CMS: 741593K->741593K(1397184K), 1.5069200 secs] 741595K->741593K(2010624K), [Metaspace: 10002K->10002K(10240K)], 1.5071484 secs] [Times: user=1.48 sys=0.00, real=1.50 secs] 
[Full GC (System.gc()) [CMS: 741593K->741593K(1397184K), 1.5226232 secs] 752518K->741593K(2010624K), [Metaspace: 10002K->10002K(10240K)]
*** PauseDetector detected a 1676 ms pause at Sat Dec 20 00:00:32 EET 2014 ***

, 1.5228292 secs] [Times: user=1.53 sys=0.00, real=1.52 secs] 
********************************
********** ROUND   22 **********
********************************

*** PauseDetector detected a 3034 ms pause at Sat Dec 20 00:00:35 EET 2014 ***

[GC (Allocation Failure) [ParNew: 545344K->7396K(613440K), 0.0070676 secs] 1286937K->748990K(2010624K), 0.0071132 secs] [Times: user=0.06 sys=0.00, real=0.01 secs] 
[GC (Allocation Failure) [ParNew: 552740K->68096K(613440K), 0.0606437 secs] 1294334K->851807K(2010624K), 0.0607021 secs] [Times: user=0.22 sys=0.00, real=0.06 secs] 
[GC (Allocation Failure) [ParNew: 613440K->26176K(613440K), 0.0318568 secs] 1397151K->872845K(2010624K), 0.0319761 secs] [Times: user=0.13 sys=0.00, real=0.03 secs] 
[GC (Allocation Failure) [ParNew: 571520K->68096K(613440K), 0.0560134 secs] 1418189K->957154K(2010624K), 0.0560673 secs] [Times: user=0.19 sys=0.00, real=0.06 secs] 
[GC (Allocation Failure) [ParNew: 613440K->26677K(613440K), 0.0332240 secs] 1502498K->977667K(2010624K), 0.0332728 secs] [Times: user=0.13 sys=0.00, real=0.03 secs] 
[GC (Allocation Failure) [ParNew: 572021K->68096K(613440K), 0.0554764 secs] 1523011K->1060058K(2010624K), 0.0555226 secs] [Times: user=0.20 sys=0.00, real=0.06 secs] 
[GC (Allocation Failure) [ParNew: 613440K->34047K(613440K), 0.0338989 secs] 1605402K->1089180K(2010624K), 0.0339490 secs] [Times: user=0.11 sys=0.00, real=0.03 secs] 
[GC (Allocation Failure) [ParNew: 579391K->68096K(613440K), 0.0551640 secs] 1634524K->1165841K(2010624K), 0.0552108 secs] [Times: user=0.20 sys=0.00, real=0.06 secs] 
[GC (Allocation Failure) [ParNew: 613440K->39826K(613440K), 0.0389860 secs] 1711185K->1198867K(2010624K), 0.0390335 secs] [Times: user=0.17 sys=0.00, real=0.04 secs] 
[GC (CMS Initial Mark) [1 CMS-initial-mark: 1159041K(1397184K)] 1209794K(2010624K), 0.0032759 secs] [Times: user=0.00 sys=0.00, real=0.00 secs] 
[CMS-concurrent-mark-start]
[CMS-concurrent-mark: 1.215/1.215 secs] [Times: user=3.92 sys=0.00, real=1.21 secs] 
[CMS-concurrent-preclean-start]
[CMS-concurrent-preclean: 0.065/0.069 secs] [Times: user=0.13 sys=0.00, real=0.07 secs] 
[CMS-concurrent-abortable-preclean-start]
[GC (Allocation Failure) [ParNew: 585170K->68096K(613440K), 0.0548689 secs] 1744211K->1267896K(2010624K), 0.0549696 secs] [Times: user=0.23 sys=0.00, real=0.05 secs] 
[CMS-concurrent-abortable-preclean: 0.568/1.230 secs] [Times: user=2.03 sys=0.00, real=1.23 secs] 
[GC (CMS Final Remark) [YG occupancy: 432567 K (613440 K)][Rescan (parallel) , 0.0920155 secs][weak refs processing, 0.0000212 secs][class unloading, 0.0082051 secs][scrub symbol table, 0.0011292 secs][scrub string table, 0.0003856 secs][1 CMS-remark: 1199800K(1397184K)] 1632367K(2010624K), 0.1028164 secs] [Times: user=0.41 sys=0.00, real=0.10 secs] 
[CMS-concurrent-sweep-start]
[GC (Allocation Failure) [ParNew: 613440K->40489K(613440K), 0.0308611 secs] 1595656K->1085268K(2010624K), 0.0309830 secs] [Times: user=0.16 sys=0.00, real=0.03 secs] 
[CMS-concurrent-sweep: 0.499/0.531 secs] [Times: user=1.18 sys=0.00, real=0.54 secs] 
[CMS-concurrent-reset-start]
[CMS-concurrent-reset: 0.003/0.003 secs] [Times: user=0.00 sys=0.00, real=0.00 secs] 
[GC (Allocation Failure) [ParNew: 585833K->68096K(613440K), 0.0539360 secs] 1325758K->848299K(2010624K), 0.0539905 secs] [Times: user=0.28 sys=0.00, real=0.05 secs] 
[GC (Allocation Failure) [ParNew: 613440K->20379K(613440K), 0.0302663 secs] 1393643K->863543K(2010624K), 0.0303170 secs] [Times: user=0.08 sys=0.00, real=0.03 secs] 
[GC (Allocation Failure) [ParNew: 565723K->68096K(613440K), 0.0530513 secs] 1408887K->954152K(2010624K), 0.0531013 secs] [Times: user=0.22 sys=0.00, real=0.05 secs] 
[GC (Allocation Failure) [ParNew: 613440K->39350K(613440K), 0.0604243 secs] 1499496K->985679K(2010624K), 0.0605847 secs] [Times: user=0.11 sys=0.00, real=0.05 secs] 
[GC (Allocation Failure) [ParNew: 584694K->68096K(613440K), 0.0697297 secs] 1531023K->1054117K(2010624K), 0.0697900 secs] [Times: user=0.19 sys=0.00, real=0.07 secs] 
[GC (Allocation Failure) [ParNew (0: promotion failure size = 1237)  (1: promotion failure size = 113)  (2: promotion failure size = 113)  (3: promotion failure size = 113)  (4: promotion failure size = 113)  (5: promotion failure size = 113)  (6: promotion failure size = 1237)  (7: promotion failure size = 1237)  (promotion failed): 613440K->579472K(613440K), 2.2304579 secs][CMS: 995800K->744095K(1397184K), 1.8107126 secs] 1599461K->744095K(2010624K), [Metaspace: 10002K->10002K(10240K)], 4.0412367 secs] [Times: user=4.13 sys=0.37, real=4.04 secs] 

*** PauseDetector detected a 4039 ms pause at Sat Dec 20 00:01:04 EET 2014 ***

[GC (Allocation Failure) [ParNew: 545344K->68096K(613440K), 0.1697167 secs] 1289439K->880956K(2010624K), 0.1697661 secs] [Times: user=0.72 sys=0.00, real=0.17 secs] 
[GC (Allocation Failure) [ParNew: 613440K->20505K(613440K), 0.0814211 secs] 1426300K->897729K(2010624K), 0.0814705 secs] [Times: user=0.30 sys=0.00, real=0.08 secs] 
[GC (Allocation Failure) [ParNew: 565849K->68096K(613440K), 0.1923502 secs] 1443073K->1002675K(2010624K), 0.1923964 secs] [Times: user=0.87 sys=0.00, real=0.19 secs] 
[GC (Allocation Failure) [ParNew: 613440K->41080K(613440K), 0.0836082 secs] 1548019K->1039587K(2010624K), 0.0836557 secs] [Times: user=0.34 sys=0.00, real=0.08 secs] 
[GC (Allocation Failure) [ParNew: 586424K->68096K(613440K), 0.1643089 secs] 1584931K->1120952K(2010624K), 0.1643531 secs] [Times: user=0.70 sys=0.00, real=0.16 secs] 
[GC (Allocation Failure) [ParNew: 613440K->20498K(613440K), 0.0619653 secs] 1666296K->1136941K(2010624K), 0.0620141 secs] [Times: user=0.22 sys=0.00, real=0.06 secs] 
[GC (Allocation Failure) [ParNew: 565842K->68096K(613440K), 0.1452534 secs] 1682285K->1234739K(2010624K), 0.1453009 secs] [Times: user=0.62 sys=0.00, real=0.15 secs] 
[GC (Allocation Failure) [ParNew: 613440K->27414K(613440K), 0.0621341 secs] 1780083K->1257658K(2010624K), 0.0622791 secs] [Times: user=0.22 sys=0.00, real=0.06 secs] 
[GC (CMS Initial Mark) [1 CMS-initial-mark: 1230243K(1397184K)] 1268582K(2010624K), 0.0032432 secs] [Times: user=0.00 sys=0.00, real=0.00 secs] 
[CMS-concurrent-mark-start]
[CMS-concurrent-mark: 1.218/1.218 secs] [Times: user=4.13 sys=0.00, real=1.23 secs] 
[CMS-concurrent-preclean-start]
[CMS-concurrent-preclean: 0.215/0.228 secs] [Times: user=0.44 sys=0.00, real=0.23 secs] 
[CMS-concurrent-abortable-preclean-start]
[GC (Allocation Failure) [ParNew: 572758K->68096K(613440K), 0.1367833 secs] 1803002K->1347551K(2010624K), 0.1368263 secs] [Times: user=0.55 sys=0.00, real=0.14 secs] 
[CMS-concurrent-abortable-preclean: 1.144/1.694 secs] [Times: user=3.28 sys=0.00, real=1.70 secs] 
[GC (CMS Final Remark) [YG occupancy: 585335 K (613440 K)][Rescan (parallel) , 0.1125568 secs][weak refs processing, 0.0000488 secs][class unloading, 0.0082333 secs][scrub symbol table, 0.0012434 secs][scrub string table, 0.0003535 secs][1 CMS-remark: 1279455K(1397184K)] 1864791K(2010624K), 0.1234629 secs] [Times: user=0.59 sys=0.00, real=0.11 secs] 
[CMS-concurrent-sweep-start]
[GC (Allocation Failure) [ParNew: 613440K->41008K(613440K), 0.0544076 secs] 1892895K->1383815K(2010624K), 0.0544563 secs] [Times: user=0.23 sys=0.00, real=0.06 secs] 
[CMS-concurrent-sweep: 0.904/0.959 secs] [Times: user=2.54 sys=0.00, real=0.97 secs] 
[CMS-concurrent-reset-start]
[CMS-concurrent-reset: 0.003/0.003 secs] [Times: user=0.00 sys=0.00, real=0.00 secs] 
[GC (Allocation Failure) [ParNew: 586352K->68096K(613440K), 0.1199741 secs] 1339643K->868078K(2010624K), 0.1200202 secs] [Times: user=0.50 sys=0.00, real=0.12 secs] 
[GC (Allocation Failure) [ParNew: 613440K->34126K(613440K), 0.0601099 secs] 1413422K->897442K(2010624K), 0.0602581 secs] [Times: user=0.14 sys=0.00, real=0.06 secs] 
[GC (Allocation Failure) [ParNew: 579470K->68096K(613440K), 0.1332149 secs] 1442786K->977203K(2010624K), 0.1332649 secs] [Times: user=0.48 sys=0.00, real=0.13 secs] 
[GC (Allocation Failure) [ParNew (0: promotion failure size = 4167)  (1: promotion failure size = 4167)  (2: promotion failure size = 4167)  (3: promotion failure size = 4167)  (4: promotion failure size = 4167)  (5: promotion failure size = 4167)  (6: promotion failure size = 4167)  (7: promotion failure size = 4167)  (promotion failed): 613440K->565869K(613440K), 4.7600859 secs][CMS: 944104K->750244K(1397184K), 2.3391409 secs] 1522547K->750244K(2010624K), [Metaspace: 10002K->10002K(10240K)], 7.0993012 secs] [Times: user=7.22 sys=1.06, real=7.10 secs] 

*** PauseDetector detected a 7103 ms pause at Sat Dec 20 00:01:35 EET 2014 ***

[GC (Allocation Failure) [ParNew: 545344K->68096K(613440K), 0.0927719 secs] 1295588K->864656K(2010624K), 0.0928341 secs] [Times: user=0.44 sys=0.00, real=0.09 secs] 
[GC (Allocation Failure) [ParNew: 613440K->27419K(613440K), 0.0461819 secs] 1410000K->888386K(2010624K), 0.0462288 secs] [Times: user=0.14 sys=0.00, real=0.05 secs] 
[GC (Allocation Failure) [ParNew: 572763K->68096K(613440K), 0.0876957 secs] 1433730K->975504K(2010624K), 0.0877471 secs] [Times: user=0.34 sys=0.00, real=0.09 secs] 
[GC (Allocation Failure) [ParNew: 613440K->20151K(613440K), 0.0483896 secs] 1520848K->990054K(2010624K), 0.0484403 secs] [Times: user=0.12 sys=0.00, real=0.05 secs] 
[GC (Allocation Failure) [ParNew: 565495K->68096K(613440K), 0.0833458 secs] 1535398K->1083071K(2010624K), 0.0833933 secs] [Times: user=0.33 sys=0.00, real=0.08 secs] 
[GC (Allocation Failure) [ParNew: 613440K->46846K(613440K), 0.0466015 secs] 1628415K->1123866K(2010624K), 0.0466516 secs] [Times: user=0.13 sys=0.00, real=0.04 secs] 
[GC (Allocation Failure) [ParNew: 592190K->68096K(613440K), 0.0801880 secs] 1669210K->1189722K(2010624K), 0.0802342 secs] [Times: user=0.30 sys=0.00, real=0.08 secs] 
[GC (Allocation Failure) [ParNew: 613440K->26746K(613440K), 0.0510476 secs] 1735066K->1210383K(2010624K), 0.0511002 secs] [Times: user=0.17 sys=0.00, real=0.04 secs] 
[GC (CMS Initial Mark) [1 CMS-initial-mark: 1183636K(1397184K)] 1210385K(2010624K), 0.0050377 secs] [Times: user=0.02 sys=0.00, real=0.01 secs] 
[CMS-concurrent-mark-start]
[CMS-concurrent-mark: 1.234/1.234 secs] [Times: user=4.01 sys=0.00, real=1.24 secs] 
[CMS-concurrent-preclean-start]
[CMS-concurrent-preclean: 0.120/0.128 secs] [Times: user=0.25 sys=0.00, real=0.13 secs] 
[CMS-concurrent-abortable-preclean-start]
[GC (Allocation Failure) [ParNew[CMS-concurrent-abortable-preclean: 0.044/0.305 secs] [Times: user=0.61 sys=0.00, real=0.31 secs] 
: 572090K->68096K(613440K), 0.0796677 secs] 1755727K->1294470K(2010624K), 0.0797139 secs] [Times: user=0.33 sys=0.00, real=0.08 secs] 
[GC (CMS Final Remark) [YG occupancy: 79110 K (613440 K)][Rescan (parallel) , 0.0417987 secs][weak refs processing, 0.0000212 secs][class unloading, 0.0070612 secs][scrub symbol table, 0.0010580 secs][scrub string table, 0.0004709 secs][1 CMS-remark: 1226374K(1397184K)] 1305484K(2010624K), 0.0514621 secs] [Times: user=0.23 sys=0.00, real=0.04 secs] 
[CMS-concurrent-sweep-start]
[CMS-concurrent-sweep: 0.663/0.663 secs] [Times: user=1.34 sys=0.00, real=0.67 secs] 
[CMS-concurrent-reset-start]
[CMS-concurrent-reset: 0.003/0.003 secs] [Times: user=0.00 sys=0.00, real=0.00 secs] 
[GC (Allocation Failure) [ParNew: 613440K->41080K(613440K), 0.0380884 secs] 1294378K->785495K(2010624K), 0.0381301 secs] [Times: user=0.13 sys=0.00, real=0.03 secs] 
[GC (Allocation Failure) [ParNew: 586424K->68096K(613440K), 0.0745190 secs] 1330839K->855000K(2010624K), 0.0745781 secs] [Times: user=0.28 sys=0.00, real=0.07 secs] 
[GC (Allocation Failure) [ParNew: 613440K->34226K(613440K), 0.0470468 secs] 1400344K->884596K(2010624K), 0.0470955 secs] [Times: user=0.20 sys=0.00, real=0.05 secs] 
[GC (Allocation Failure) [ParNew: 579570K->68096K(613440K), 0.0997869 secs] 1429940K->960752K(2010624K), 0.0998363 secs] [Times: user=0.33 sys=0.02, real=0.10 secs] 
[GC (Allocation Failure) [ParNew (0: promotion failure size = 2779)  (1: promotion failure size = 2779)  (2: promotion failure size = 2779)  (3: promotion failure size = 2779)  (4: promotion failure size = 2779)  (5: promotion failure size = 2779)  (6: promotion failure size = 2779)  (7: promotion failure size = 2779)  (promotion failed): 613440K->579570K(613440K), 1.7410234 secs][CMS: 938817K->746697K(1397184K), 2.0890065 secs] 1506096K->746697K(2010624K), [Metaspace: 10002K->10002K(10240K)], 3.8300902 secs] [Times: user=4.06 sys=0.33, real=3.83 secs] 

*** PauseDetector detected a 3831 ms pause at Sat Dec 20 00:02:00 EET 2014 ***

[GC (Allocation Failure) [ParNew: 545344K->68096K(613440K), 0.0654324 secs] 1292041K->859855K(2010624K), 0.0654805 secs] [Times: user=0.22 sys=0.00, real=0.06 secs] 
[GC (Allocation Failure) [ParNew: 613440K->26511K(613440K), 0.0340459 secs] 1405199K->880019K(2010624K), 0.0341062 secs] [Times: user=0.13 sys=0.00, real=0.03 secs] 
[GC (Allocation Failure) [ParNew: 571855K->68096K(613440K), 0.0630720 secs] 1425363K->965580K(2010624K), 0.0631170 secs] [Times: user=0.22 sys=0.00, real=0.06 secs] 
[GC (Allocation Failure) [ParNew: 613440K->32910K(613440K), 0.0344526 secs] 1510924K->991141K(2010624K), 0.0345027 secs] [Times: user=0.14 sys=0.00, real=0.03 secs] 
[GC (Allocation Failure) [ParNew: 578254K->68096K(613440K), 0.0639818 secs] 1536485K->1067836K(2010624K), 0.0640351 secs] [Times: user=0.26 sys=0.00, real=0.06 secs] 
[GC (Allocation Failure) [ParNew: 613440K->20365K(613440K), 0.0435713 secs] 1613180K->1083360K(2010624K), 0.0436220 secs] [Times: user=0.20 sys=0.00, real=0.04 secs] 
[GC (Allocation Failure) [ParNew: 565709K->68096K(613440K), 0.0627423 secs] 1628704K->1173194K(2010624K), 0.0627917 secs] [Times: user=0.28 sys=0.00, real=0.06 secs] 
[GC (Allocation Failure) [ParNew: 613440K->26963K(613440K), 0.0364672 secs] 1718538K->1194410K(2010624K), 0.0365172 secs] [Times: user=0.14 sys=0.00, real=0.04 secs] 
[GC (CMS Initial Mark) [1 CMS-initial-mark: 1167447K(1397184K)] 1205335K(2010624K), 0.0030237 secs] [Times: user=0.00 sys=0.00, real=0.00 secs] 
[CMS-concurrent-mark-start]
[CMS-concurrent-mark: 1.279/1.279 secs] [Times: user=4.07 sys=0.03, real=1.28 secs] 
[CMS-concurrent-preclean-start]
[CMS-concurrent-preclean: 0.082/0.087 secs] [Times: user=0.16 sys=0.00, real=0.09 secs] 
[CMS-concurrent-abortable-preclean-start]
[GC (Allocation Failure) [ParNew: 572307K->68096K(613440K), 0.0650564 secs] 1739754K->1278366K(2010624K), 0.0651161 secs] [Times: user=0.31 sys=0.00, real=0.06 secs] 
[CMS-concurrent-abortable-preclean: 0.683/1.259 secs] [Times: user=2.23 sys=0.00, real=1.26 secs] 
[GC (CMS Final Remark) [YG occupancy: 431077 K (613440 K)][Rescan (parallel) , 0.0892220 secs][weak refs processing, 0.0000199 secs][class unloading, 0.0100702 secs][scrub symbol table, 0.0017284 secs][scrub string table, 0.0006063 secs][1 CMS-remark: 1210270K(1397184K)] 1641348K(2010624K), 0.1032231 secs] [Times: user=0.42 sys=0.00, real=0.10 secs] 
[CMS-concurrent-sweep-start]
[GC (Allocation Failure) [ParNew: 613440K->33370K(613440K), 0.0313820 secs] 1792764K->1274241K(2010624K), 0.0314314 secs] [Times: user=0.08 sys=0.00, real=0.03 secs] 
[CMS-concurrent-sweep: 0.592/0.624 secs] [Times: user=1.30 sys=0.00, real=0.63 secs] 
[CMS-concurrent-reset-start]
[CMS-concurrent-reset: 0.003/0.003 secs] [Times: user=0.00 sys=0.00, real=0.00 secs] 
[GC (Allocation Failure) [ParNew: 578714K->68096K(613440K), 0.0593849 secs] 1319901K->851235K(2010624K), 0.0594439 secs] [Times: user=0.28 sys=0.00, real=0.06 secs] 
[GC (Allocation Failure) [ParNew: 613440K->26877K(613440K), 0.0297884 secs] 1396579K->872281K(2010624K), 0.0298346 secs] [Times: user=0.11 sys=0.00, real=0.03 secs] 
[GC (Allocation Failure) [ParNew: 572221K->68096K(613440K), 0.0650096 secs] 1417625K->954108K(2010624K), 0.0650686 secs] [Times: user=0.30 sys=0.00, real=0.06 secs] 
[GC (Allocation Failure) [ParNew (0: promotion failure size = 89)  (1: promotion failure size = 89)  (2: promotion failure size = 89)  (3: promotion failure size = 1854)  (4: promotion failure size = 89)  (5: promotion failure size = 1854)  (6: promotion failure size = 89)  (7: promotion failure size = 1854)  (promotion failed): 613440K->593277K(613440K), 1.3600293 secs][CMS: 931514K->745031K(1397184K), 1.7724619 secs] 1499452K->745031K(2010624K), [Metaspace: 10002K->10002K(10240K)], 3.1325522 secs] [Times: user=3.23 sys=0.26, real=3.13 secs] 

*** PauseDetector detected a 3130 ms pause at Sat Dec 20 00:02:25 EET 2014 ***

[GC (Allocation Failure) [ParNew: 545344K->68096K(613440K), 0.0572645 secs] 1290375K->856503K(2010624K), 0.0573235 secs] [Times: user=0.25 sys=0.00, real=0.06 secs] 
[GC (Allocation Failure) [ParNew: 613440K->19863K(613440K), 0.0432435 secs] 1401847K->869858K(2010624K), 0.0433936 secs] [Times: user=0.13 sys=0.00, real=0.04 secs] 
[GC (Allocation Failure) [ParNew: 565207K->68096K(613440K), 0.0548028 secs] 1415202K->959943K(2010624K), 0.0548483 secs] [Times: user=0.25 sys=0.00, real=0.06 secs] 
[GC (Allocation Failure) [ParNew: 613440K->26851K(613440K), 0.0409787 secs] 1505287K->981066K(2010624K), 0.0410249 secs] [Times: user=0.14 sys=0.00, real=0.04 secs] 
[GC (Allocation Failure) [ParNew: 572195K->68096K(613440K), 0.0557074 secs] 1526410K->1063015K(2010624K), 0.0557651 secs] [Times: user=0.30 sys=0.00, real=0.05 secs] 
[GC (Allocation Failure) [ParNew: 613440K->47413K(613440K), 0.0304081 secs] 1608359K->1104995K(2010624K), 0.0305223 secs] [Times: user=0.08 sys=0.00, real=0.03 secs] 
[GC (Allocation Failure) [ParNew: 592757K->68096K(613440K), 0.0508680 secs] 1650339K->1166294K(2010624K), 0.0509135 secs] [Times: user=0.25 sys=0.00, real=0.05 secs] 
[GC (Allocation Failure) [ParNew: 613440K->33829K(613440K), 0.0301361 secs] 1711638K->1194649K(2010624K), 0.0302920 secs] [Times: user=0.13 sys=0.00, real=0.03 secs] 
[GC (CMS Initial Mark) [1 CMS-initial-mark: 1160820K(1397184K)] 1205654K(2010624K), 0.0033298 secs] [Times: user=0.00 sys=0.00, real=0.00 secs] 
[CMS-concurrent-mark-start]
[CMS-concurrent-mark: 1.134/1.134 secs] [Times: user=3.64 sys=0.00, real=1.13 secs] 
[CMS-concurrent-preclean-start]
[CMS-concurrent-preclean: 0.065/0.069 secs] [Times: user=0.16 sys=0.00, real=0.07 secs] 
[CMS-concurrent-abortable-preclean-start]
[GC (Allocation Failure) [ParNew[CMS-concurrent-abortable-preclean: 0.080/0.499 secs] [Times: user=0.65 sys=0.00, real=0.50 secs] 
: 579173K->68096K(613440K), 0.0547476 secs] 1739993K->1269456K(2010624K), 0.0547983 secs] [Times: user=0.27 sys=0.00, real=0.05 secs] 
[GC (CMS Final Remark) [YG occupancy: 79099 K (613440 K)][Rescan (parallel) , 0.0245249 secs][weak refs processing, 0.0000192 secs][class unloading, 0.0093882 secs][scrub symbol table, 0.0011561 secs][scrub string table, 0.0003580 secs][1 CMS-remark: 1201360K(1397184K)] 1280459K(2010624K), 0.0364851 secs] [Times: user=0.16 sys=0.00, real=0.04 secs] 
[CMS-concurrent-sweep-start]
[CMS-concurrent-sweep: 0.581/0.581 secs] [Times: user=1.19 sys=0.00, real=0.58 secs] 
[CMS-concurrent-reset-start]
[CMS-concurrent-reset: 0.003/0.003 secs] [Times: user=0.00 sys=0.00, real=0.00 secs] 
[GC (Allocation Failure) [ParNew: 613440K->33839K(613440K), 0.0291725 secs] 1290588K->773650K(2010624K), 0.0292231 secs] [Times: user=0.11 sys=0.00, real=0.02 secs] 
[GC (Allocation Failure) [ParNew: 579183K->68096K(613440K), 0.0534253 secs] 1318994K->849024K(2010624K), 0.0534715 secs] [Times: user=0.23 sys=0.00, real=0.05 secs] 
[GC (Allocation Failure) [ParNew: 613440K->33523K(613440K), 0.0289485 secs] 1394368K->876460K(2010624K), 0.0290589 secs] [Times: user=0.08 sys=0.00, real=0.03 secs] 
[GC (Allocation Failure) [ParNew (0: promotion failure size = 14056)  (1: promotion failure size = 14056)  (3: promotion failure size = 14056)  (4: promotion failure size = 14056)  (5: promotion failure size = 14056)  (6: promotion failure size = 14056)  (7: promotion failure size = 14056)  (promotion failed): 578867K->613440K(613440K), 0.2871848 secs][CMS: 909044K->766341K(1397184K), 2.2722457 secs] 1421804K->766341K(2010624K), [Metaspace: 10002K->10002K(10240K)], 2.5594933 secs] [Times: user=3.07 sys=0.03, real=2.56 secs] 

*** PauseDetector detected a 2556 ms pause at Sat Dec 20 00:02:47 EET 2014 ***

[GC (Allocation Failure) [ParNew: 545344K->27335K(613440K), 0.0073229 secs] 1311685K->793677K(2010624K), 0.0073730 secs] [Times: user=0.06 sys=0.00, real=0.01 secs] 
[GC (Allocation Failure) [ParNew: 572679K->68096K(613440K), 0.1970851 secs] 1339021K->894389K(2010624K), 0.1972012 secs] [Times: user=0.91 sys=0.00, real=0.20 secs] 
[GC (Allocation Failure) [ParNew: 613440K->34218K(613440K), 0.0755552 secs] 1439733K->924906K(2010624K), 0.0756059 secs] [Times: user=0.22 sys=0.00, real=0.07 secs] 
[GC (Allocation Failure) [ParNew: 579562K->68096K(613440K), 0.1625016 secs] 1470250K->1013213K(2010624K), 0.1625907 secs] [Times: user=0.81 sys=0.00, real=0.16 secs] 
[GC (Allocation Failure) [ParNew: 613440K->27342K(613440K), 0.0685511 secs] 1558557K->1036132K(2010624K), 0.0686044 secs] [Times: user=0.22 sys=0.00, real=0.07 secs] 
[GC (Allocation Failure) [ParNew: 572686K->68096K(613440K), 0.1506369 secs] 1581476K->1127210K(2010624K), 0.1506978 secs] [Times: user=0.66 sys=0.00, real=0.15 secs] 
[GC (Allocation Failure) [ParNew: 613440K->27419K(613440K), 0.0639356 secs] 1672554K->1153533K(2010624K), 0.0639869 secs] [Times: user=0.25 sys=0.00, real=0.06 secs] 
[GC (Allocation Failure) [ParNew: 572763K->68096K(613440K), 0.1336871 secs] 1698877K->1243710K(2010624K), 0.1337301 secs] [Times: user=0.56 sys=0.00, real=0.13 secs] 
[GC (CMS Initial Mark) [1 CMS-initial-mark: 1175614K(1397184K)] 1254637K(2010624K), 0.0083995 secs] [Times: user=0.08 sys=0.00, real=0.01 secs] 
[CMS-concurrent-mark-start]
[CMS-concurrent-mark: 1.263/1.263 secs] [Times: user=3.79 sys=0.00, real=1.27 secs] 
[CMS-concurrent-preclean-start]
[CMS-concurrent-preclean: 0.005/0.006 secs] [Times: user=0.03 sys=0.00, real=0.01 secs] 
[CMS-concurrent-abortable-preclean-start]
[GC (Allocation Failure) [ParNew: 613440K->40853K(613440K), 0.0539520 secs] 1789054K->1279557K(2010624K), 0.0540014 secs] [Times: user=0.22 sys=0.00, real=0.05 secs] 
[CMS-concurrent-abortable-preclean: 0.601/1.271 secs] [Times: user=2.51 sys=0.00, real=1.27 secs] 
[GC (CMS Final Remark) [YG occupancy: 360241 K (613440 K)][Rescan (parallel) , 0.0637970 secs][weak refs processing, 0.0000199 secs][class unloading, 0.0082558 secs][scrub symbol table, 0.0010573 secs][scrub string table, 0.0004722 secs][1 CMS-remark: 1238704K(1397184K)] 1598945K(2010624K), 0.0746551 secs] [Times: user=0.28 sys=0.00, real=0.07 secs] 
[CMS-concurrent-sweep-start]
[GC (Allocation Failure) [ParNew: 586197K->68096K(613440K), 0.1201421 secs] 1690782K->1219185K(2010624K), 0.1201877 secs] [Times: user=0.59 sys=0.00, real=0.12 secs] 
[CMS-concurrent-sweep: 0.919/1.040 secs] [Times: user=2.47 sys=0.00, real=1.05 secs] 
[CMS-concurrent-reset-start]
[CMS-concurrent-reset: 0.003/0.003 secs] [Times: user=0.03 sys=0.00, real=0.00 secs] 
[GC (Allocation Failure) [ParNew: 613440K->20529K(613440K), 0.0520626 secs] 1411883K->882492K(2010624K), 0.0521139 secs] [Times: user=0.16 sys=0.00, real=0.05 secs] 
[GC (Allocation Failure) [ParNew: 565873K->68096K(613440K), 0.1086534 secs] 1427836K->975868K(2010624K), 0.1086996 secs] [Times: user=0.45 sys=0.00, real=0.11 secs] 
[GC (Allocation Failure) [ParNew: 613440K->27423K(613440K), 0.0543729 secs] 1521212K->998749K(2010624K), 0.0544198 secs] [Times: user=0.16 sys=0.00, real=0.05 secs] 
[Full GC (System.gc()) [CMS: 971326K->750053K(1397184K), 1.9613277 secs] 1010028K->750053K(2010624K), [Metaspace: 10002K->10002K(10240K)], 1.9616363 secs] [Times: user=1.95 sys=0.00, real=1.96 secs] 
[Full GC (System.gc()) [CMS: 750053K->744452K(1397184K), 1.8572763 secs] 760977K->744452K(2010624K), [Metaspace: 10002K->10002K(10240K)], 1.8575823 secs] [Times: user=1.86 sys=0.00, real=1.86 secs] 
[Full GC (System.gc()) [CMS: 744452K->744453K(1397184K), 1.5419751 secs] 744454K->744453K(2010624K), [Metaspace: 10002K->10002K(10240K)]
*** PauseDetector detected a 3817 ms pause at Sat Dec 20 00:03:12 EET 2014 ***


*** PauseDetector detected a 1550 ms pause at Sat Dec 20 00:03:14 EET 2014 ***

, 1.5421907 secs] [Times: user=1.54 sys=0.00, real=1.54 secs] 
[GC (Allocation Failure) [ParNew: 545344K->68096K(613440K), 0.1079990 secs] 1289797K->861429K(2010624K), 0.1081383 secs] [Times: user=0.45 sys=0.00, real=0.11 secs] 
[GC (Allocation Failure) [ParNew: 613440K->33127K(613440K), 0.0518849 secs] 1406773K->888256K(2010624K), 0.0520183 secs] [Times: user=0.16 sys=0.00, real=0.05 secs] 
[GC (Allocation Failure) [ParNew: 578471K->68096K(613440K), 0.0906309 secs] 1433600K->968123K(2010624K), 0.0906791 secs] [Times: user=0.37 sys=0.00, real=0.08 secs] 
[GC (Allocation Failure) [ParNew: 613440K->27299K(613440K), 0.0521159 secs] 1513467K->991088K(2010624K), 0.0521768 secs] [Times: user=0.14 sys=0.00, real=0.05 secs] 
[GC (Allocation Failure) [ParNew: 572643K->68096K(613440K), 0.0894286 secs] 1536432K->1077213K(2010624K), 0.0894851 secs] [Times: user=0.36 sys=0.00, real=0.09 secs] 
[GC (Allocation Failure) [ParNew: 613440K->33368K(613440K), 0.0445664 secs] 1622557K->1104113K(2010624K), 0.0446210 secs] [Times: user=0.14 sys=0.00, real=0.05 secs] 
[Full GC (System.gc()) [CMS: 1070744K->742614K(1397184K), 2.0378305 secs] 1300762K->742614K(2010624K), [Metaspace: 10002K->10002K(10240K)], 2.0380474 secs] [Times: user=2.03 sys=0.00, real=2.03 secs] 
[Full GC (System.gc()) [CMS: 742614K->742536K(1397184K), 1.4909955 secs] 753541K->742536K(2010624K), [Metaspace: 10002K->10002K(10240K)], 1.4912457 secs] [Times: user=1.50 sys=0.00, real=1.50 secs] 
[Full GC (System.gc()) [CMS: 742536K->741704K(1397184K), 1.4811319 secs] 753461K->741704K(2010624K), [Metaspace: 10002K->10002K(10240K)]
*** PauseDetector detected a 2035 ms pause at Sat Dec 20 00:03:26 EET 2014 ***

, 1.4814694 secs] [Times: user=1.48 sys=0.00, real=1.48 secs] 
********************************
********** ROUND   23 **********
********************************

*** PauseDetector detected a 2990 ms pause at Sat Dec 20 00:03:29 EET 2014 ***

[GC (Allocation Failure) [ParNew: 545344K->7423K(613440K), 0.0069117 secs] 1287048K->749127K(2010624K), 0.0069592 secs] [Times: user=0.00 sys=0.00, real=0.01 secs] 
[GC (Allocation Failure) [ParNew: 552767K->68096K(613440K), 0.0762269 secs] 1294471K->858906K(2010624K), 0.0762738 secs] [Times: user=0.27 sys=0.00, real=0.08 secs] 
[GC (Allocation Failure) [ParNew: 613440K->26499K(613440K), 0.0492743 secs] 1404250K->881320K(2010624K), 0.0493256 secs] [Times: user=0.14 sys=0.00, real=0.05 secs] 
[GC (Allocation Failure) [ParNew: 571843K->68096K(613440K), 0.0719373 secs] 1426664K->967005K(2010624K), 0.0720060 secs] [Times: user=0.30 sys=0.00, real=0.07 secs] 
[GC (Allocation Failure) [ParNew: 613440K->20085K(613440K), 0.0467728 secs] 1512349K->981433K(2010624K), 0.0468492 secs] [Times: user=0.13 sys=0.00, real=0.04 secs] 
[GC (Allocation Failure) [ParNew: 565429K->68096K(613440K), 0.0632786 secs] 1526777K->1074158K(2010624K), 0.0633268 secs] [Times: user=0.31 sys=0.00, real=0.06 secs] 
[GC (Allocation Failure) [ParNew: 613440K->39708K(613440K), 0.0447583 secs] 1619502K->1107061K(2010624K), 0.0448012 secs] [Times: user=0.14 sys=0.00, real=0.05 secs] 
[GC (Allocation Failure) [ParNew: 585052K->68096K(613440K), 0.0660753 secs] 1652405K->1179086K(2010624K), 0.0661182 secs] [Times: user=0.22 sys=0.00, real=0.07 secs] 
[GC (Allocation Failure) [ParNew: 613440K->20059K(613440K), 0.0413611 secs] 1724430K->1193119K(2010624K), 0.0414657 secs] [Times: user=0.14 sys=0.00, real=0.04 secs] 
[GC (CMS Initial Mark) [1 CMS-initial-mark: 1173060K(1397184K)] 1204183K(2010624K), 0.0042357 secs] [Times: user=0.01 sys=0.00, real=0.00 secs] 
[CMS-concurrent-mark-start]
[CMS-concurrent-mark: 1.171/1.171 secs] [Times: user=3.85 sys=0.00, real=1.17 secs] 
[CMS-concurrent-preclean-start]
[CMS-concurrent-preclean: 0.107/0.113 secs] [Times: user=0.22 sys=0.00, real=0.11 secs] 
[CMS-concurrent-abortable-preclean-start]
[GC (Allocation Failure) [ParNew: 565403K->68096K(613440K), 0.0644354 secs] 1738463K->1283622K(2010624K), 0.0644919 secs] [Times: user=0.34 sys=0.00, real=0.06 secs] 
[CMS-concurrent-abortable-preclean: 0.750/1.233 secs] [Times: user=2.23 sys=0.00, real=1.23 secs] 
[GC (CMS Final Remark) [YG occupancy: 398994 K (613440 K)][Rescan (parallel) , 0.0963737 secs][weak refs processing, 0.0000205 secs][class unloading, 0.0078824 secs][scrub symbol table, 0.0012171 secs][scrub string table, 0.0003631 secs][1 CMS-remark: 1215526K(1397184K)] 1614521K(2010624K), 0.1068583 secs] [Times: user=0.45 sys=0.00, real=0.11 secs] 
[CMS-concurrent-sweep-start]
[GC (Allocation Failure) [ParNew: 613440K->40381K(613440K), 0.0337937 secs] 1709751K->1198894K(2010624K), 0.0338425 secs] [Times: user=0.08 sys=0.00, real=0.03 secs] 
[CMS-concurrent-sweep: 0.637/0.671 secs] [Times: user=1.42 sys=0.00, real=0.67 secs] 
[CMS-concurrent-reset-start]
[CMS-concurrent-reset: 0.003/0.003 secs] [Times: user=0.00 sys=0.00, real=0.00 secs] 
[GC (Allocation Failure) [ParNew: 585725K->68096K(613440K), 0.0646773 secs] 1327901K->852875K(2010624K), 0.0647363 secs] [Times: user=0.20 sys=0.00, real=0.07 secs] 
[GC (Allocation Failure) [ParNew: 613440K->26773K(613440K), 0.0316008 secs] 1398219K->873461K(2010624K), 0.0316489 secs] [Times: user=0.14 sys=0.00, real=0.03 secs] 
[GC (Allocation Failure) [ParNew: 572117K->68096K(613440K), 0.0821884 secs] 1418805K->955726K(2010624K), 0.0822378 secs] [Times: user=0.26 sys=0.00, real=0.08 secs] 
[GC (Allocation Failure) [ParNew: 613440K->47917K(613440K), 0.1010482 secs] 1501070K->998981K(2010624K), 0.1010970 secs] [Times: user=0.16 sys=0.01, real=0.10 secs] 
[GC (Allocation Failure) [ParNew (0: promotion failure size = 81)  (1: promotion failure size = 81)  (2: promotion failure size = 81)  (3: promotion failure size = 81)  (4: promotion failure size = 81)  (5: promotion failure size = 81)  (6: promotion failure size = 81)  (7: promotion failure size = 81)  (promotion failed): 593261K->613440K(613440K), 0.2792908 secs][CMS: 990330K->744087K(1397184K), 1.8219672 secs] 1544325K->744087K(2010624K), [Metaspace: 10002K->10002K(10240K)], 2.1013157 secs] [Times: user=2.22 sys=0.00, real=2.10 secs] 

*** PauseDetector detected a 2104 ms pause at Sat Dec 20 00:03:55 EET 2014 ***

[GC (Allocation Failure) [ParNew: 545344K->27376K(613440K), 0.0071472 secs] 1289431K->771464K(2010624K), 0.0071933 secs] [Times: user=0.06 sys=0.00, real=0.01 secs] 
[GC (Allocation Failure) [ParNew: 572720K->68096K(613440K), 0.0590166 secs] 1316808K->858367K(2010624K), 0.0590789 secs] [Times: user=0.20 sys=0.00, real=0.06 secs] 
[GC (Allocation Failure) [ParNew: 613440K->31961K(613440K), 0.0408575 secs] 1403711K->880987K(2010624K), 0.0409383 secs] [Times: user=0.13 sys=0.00, real=0.04 secs] 
[GC (Allocation Failure) [ParNew: 577305K->68096K(613440K), 0.0570746 secs] 1426331K->959094K(2010624K), 0.0571343 secs] [Times: user=0.19 sys=0.00, real=0.06 secs] 
[GC (Allocation Failure) [ParNew: 613440K->33510K(613440K), 0.0463288 secs] 1504438K->987060K(2010624K), 0.0463757 secs] [Times: user=0.19 sys=0.00, real=0.05 secs] 
[GC (Allocation Failure) [ParNew: 578854K->68096K(613440K), 0.0596377 secs] 1532404K->1063323K(2010624K), 0.0596974 secs] [Times: user=0.20 sys=0.00, real=0.06 secs] 
[GC (Allocation Failure) [ParNew: 613440K->26915K(613440K), 0.0509674 secs] 1608667K->1084482K(2010624K), 0.0510149 secs] [Times: user=0.20 sys=0.00, real=0.05 secs] 
[GC (Allocation Failure) [ParNew: 572259K->68096K(613440K), 0.0562816 secs] 1629826K->1167688K(2010624K), 0.0563336 secs] [Times: user=0.20 sys=0.00, real=0.06 secs] 
[GC (Allocation Failure) [ParNew: 613440K->33491K(613440K), 0.0329622 secs] 1713032K->1195132K(2010624K), 0.0331425 secs] [Times: user=0.08 sys=0.00, real=0.03 secs] 
[GC (CMS Initial Mark) [1 CMS-initial-mark: 1161641K(1397184K)] 1195134K(2010624K), 0.0036987 secs] [Times: user=0.00 sys=0.00, real=0.00 secs] 
[CMS-concurrent-mark-start]
[CMS-concurrent-mark: 1.244/1.244 secs] [Times: user=4.02 sys=0.00, real=1.24 secs] 
[CMS-concurrent-preclean-start]
[CMS-concurrent-preclean: 0.070/0.075 secs] [Times: user=0.16 sys=0.00, real=0.08 secs] 
[CMS-concurrent-abortable-preclean-start]
[GC (Allocation Failure) [ParNew: 578835K->68096K(613440K), 0.0526047 secs] 1740476K->1269677K(2010624K), 0.0526606 secs] [Times: user=0.28 sys=0.00, real=0.05 secs] 
[CMS-concurrent-abortable-preclean: 0.683/1.244 secs] [Times: user=2.14 sys=0.00, real=1.24 secs] 
[GC (CMS Final Remark) [YG occupancy: 431509 K (613440 K)][Rescan (parallel) , 0.0857306 secs][weak refs processing, 0.0000205 secs][class unloading, 0.0079074 secs][scrub symbol table, 0.0013589 secs][scrub string table, 0.0004331 secs][1 CMS-remark: 1201581K(1397184K)] 1633090K(2010624K), 0.0965315 secs] [Times: user=0.37 sys=0.00, real=0.10 secs] 
[CMS-concurrent-sweep-start]
[GC (Allocation Failure) [ParNew: 613440K->47844K(613440K), 0.0295112 secs] 1768059K->1265906K(2010624K), 0.0295625 secs] [Times: user=0.09 sys=0.00, real=0.03 secs] 
[CMS-concurrent-sweep: 0.591/0.620 secs] [Times: user=1.30 sys=0.00, real=0.62 secs] 
[CMS-concurrent-reset-start]
[CMS-concurrent-reset: 0.003/0.003 secs] [Times: user=0.05 sys=0.00, real=0.00 secs] 
[GC (Allocation Failure) [ParNew: 593188K->68096K(613440K), 0.0546796 secs] 1333281K->852500K(2010624K), 0.0547303 secs] [Times: user=0.25 sys=0.00, real=0.06 secs] 
[GC (Allocation Failure) [ParNew: 613440K->32108K(613440K), 0.0505074 secs] 1397844K->875480K(2010624K), 0.0505568 secs] [Times: user=0.19 sys=0.00, real=0.05 secs] 
[GC (Allocation Failure) [ParNew: 577452K->68096K(613440K), 0.0560513 secs] 1420824K->951227K(2010624K), 0.0561052 secs] [Times: user=0.22 sys=0.00, real=0.05 secs] 
[GC (Allocation Failure) [ParNew: 613440K->47724K(613440K), 0.1936019 secs] 1496571K->994261K(2010624K), 0.1936918 secs] [Times: user=0.19 sys=0.03, real=0.19 secs] 
[GC (Allocation Failure) [ParNew (0: promotion failure size = 1237)  (1: promotion failure size = 1237)  (2: promotion failure size = 1237)  (3: promotion failure size = 1237)  (4: promotion failure size = 1237)  (5: promotion failure size = 1237)  (6: promotion failure size = 1237)  (7: promotion failure size = 1237)  (promotion failed): 593068K->613440K(613440K), 1.3846652 secs][CMS: 958758K->742981K(1397184K), 1.8767969 secs] 1539605K->742981K(2010624K), [Metaspace: 10002K->10002K(10240K)], 3.2616032 secs] [Times: user=3.32 sys=0.34, real=3.26 secs] 

*** PauseDetector detected a 3266 ms pause at Sat Dec 20 00:04:22 EET 2014 ***

[GC (Allocation Failure) [ParNew: 545344K->27370K(613440K), 0.0068790 secs] 1288325K->770352K(2010624K), 0.0069207 secs] [Times: user=0.06 sys=0.00, real=0.01 secs] 
[GC (Allocation Failure) [ParNew: 572714K->68096K(613440K), 0.1664761 secs] 1315696K->879707K(2010624K), 0.1665191 secs] [Times: user=0.75 sys=0.00, real=0.17 secs] 
[GC (Allocation Failure) [ParNew: 613440K->20570K(613440K), 0.0904263 secs] 1425051K->897366K(2010624K), 0.0904840 secs] [Times: user=0.34 sys=0.00, real=0.09 secs] 
[GC (Allocation Failure) [ParNew: 565914K->68096K(613440K), 0.1921013 secs] 1442710K->1001761K(2010624K), 0.1921481 secs] [Times: user=0.92 sys=0.00, real=0.19 secs] 
[GC (Allocation Failure) [ParNew: 613440K->27417K(613440K), 0.0725840 secs] 1547105K->1024879K(2010624K), 0.0726309 secs] [Times: user=0.25 sys=0.00, real=0.07 secs] 
[GC (Allocation Failure) [ParNew: 572761K->68096K(613440K), 0.1650602 secs] 1570223K->1119797K(2010624K), 0.1651096 secs] [Times: user=0.75 sys=0.00, real=0.16 secs] 
[GC (Allocation Failure) [ParNew: 613440K->27425K(613440K), 0.0606385 secs] 1665141K->1142836K(2010624K), 0.0606873 secs] [Times: user=0.23 sys=0.00, real=0.06 secs] 
[GC (Allocation Failure) [ParNew: 572769K->68096K(613440K), 0.1549111 secs] 1688180K->1233697K(2010624K), 0.1549605 secs] [Times: user=0.64 sys=0.00, real=0.15 secs] 
[GC (CMS Initial Mark) [1 CMS-initial-mark: 1165601K(1397184K)] 1244624K(2010624K), 0.0112334 secs] [Times: user=0.11 sys=0.00, real=0.01 secs] 
[CMS-concurrent-mark-start]
[CMS-concurrent-mark: 1.324/1.324 secs] [Times: user=4.09 sys=0.00, real=1.33 secs] 
[CMS-concurrent-preclean-start]
[CMS-concurrent-preclean: 0.006/0.006 secs] [Times: user=0.00 sys=0.00, real=0.00 secs] 
[CMS-concurrent-abortable-preclean-start]
[GC (Allocation Failure) [ParNew: 613440K->34288K(613440K), 0.0633004 secs] 1779041K->1263499K(2010624K), 0.0633505 secs] [Times: user=0.25 sys=0.00, real=0.06 secs] 
[CMS-concurrent-abortable-preclean: 0.569/1.246 secs] [Times: user=2.50 sys=0.00, real=1.25 secs] 
[GC (CMS Final Remark) [YG occupancy: 354628 K (613440 K)][Rescan (parallel) , 0.0695539 secs][weak refs processing, 0.0000205 secs][class unloading, 0.0072357 secs][scrub symbol table, 0.0013884 secs][scrub string table, 0.0003638 secs][1 CMS-remark: 1229211K(1397184K)] 1583839K(2010624K), 0.0795554 secs] [Times: user=0.25 sys=0.00, real=0.07 secs] 
[CMS-concurrent-sweep-start]
[GC (Allocation Failure) [ParNew: 579632K->68096K(613440K), 0.1186704 secs] 1639591K->1177049K(2010624K), 0.1187140 secs] [Times: user=0.66 sys=0.00, real=0.12 secs] 
[CMS-concurrent-sweep: 0.833/0.952 secs] [Times: user=2.34 sys=0.00, real=0.96 secs] 
[CMS-concurrent-reset-start]
[CMS-concurrent-reset: 0.003/0.003 secs] [Times: user=0.00 sys=0.00, real=0.00 secs] 
[GC (Allocation Failure) [ParNew: 613440K->34221K(613440K), 0.0549131 secs] 1417024K->901432K(2010624K), 0.0549593 secs] [Times: user=0.16 sys=0.00, real=0.06 secs] 
[GC (Allocation Failure) [ParNew: 579565K->68096K(613440K), 0.1208427 secs] 1446776K->981831K(2010624K), 0.1208909 secs] [Times: user=0.48 sys=0.00, real=0.11 secs] 
[GC (Allocation Failure) [ParNew: 613440K->34221K(613440K), 0.0519644 secs] 1527175K->1011480K(2010624K), 0.0520106 secs] [Times: user=0.11 sys=0.00, real=0.05 secs] 
[GC (Allocation Failure) [ParNew: 579565K->68096K(613440K), 0.1225641 secs] 1556824K->1091157K(2010624K), 0.1226148 secs] [Times: user=0.42 sys=0.00, real=0.12 secs] 
[GC (Allocation Failure) [ParNew (0: promotion failure size = 4167)  (1: promotion failure size = 4167)  (2: promotion failure size = 4167)  (3: promotion failure size = 4167)  (4: promotion failure size = 4167)  (5: promotion failure size = 4167)  (6: promotion failure size = 4167)  (7: promotion failure size = 4167)  (promotion failed): 613440K->572725K(613440K), 0.2511815 secs][CMS: 1085023K->750244K(1397184K), 2.4251274 secs] 1636501K->750244K(2010624K), [Metaspace: 10002K->10002K(10240K)], 2.6763923 secs] [Times: user=2.76 sys=0.00, real=2.68 secs] 

*** PauseDetector detected a 2678 ms pause at Sat Dec 20 00:04:50 EET 2014 ***

[GC (Allocation Failure) [ParNew: 545344K->68096K(613440K), 0.0913546 secs] 1295588K->866246K(2010624K), 0.0914015 secs] [Times: user=0.44 sys=0.00, real=0.09 secs] 
[GC (Allocation Failure) [ParNew: 613440K->26845K(613440K), 0.0485654 secs] 1411590K->887749K(2010624K), 0.0486244 secs] [Times: user=0.26 sys=0.00, real=0.05 secs] 
[GC (Allocation Failure) [ParNew: 572189K->68096K(613440K), 0.0757708 secs] 1433093K->973805K(2010624K), 0.0758202 secs] [Times: user=0.44 sys=0.00, real=0.08 secs] 
[GC (Allocation Failure) [ParNew: 613440K->47920K(613440K), 0.0425442 secs] 1519149K->1017225K(2010624K), 0.0426051 secs] [Times: user=0.23 sys=0.00, real=0.04 secs] 
[GC (Allocation Failure) [ParNew: 593264K->68096K(613440K), 0.0834690 secs] 1562569K->1080726K(2010624K), 0.0835223 secs] [Times: user=0.38 sys=0.00, real=0.08 secs] 
[GC (Allocation Failure) [ParNew: 613440K->34227K(613440K), 0.0406515 secs] 1626070K->1110500K(2010624K), 0.0407362 secs] [Times: user=0.14 sys=0.00, real=0.04 secs] 
[GC (Allocation Failure) [ParNew: 579571K->68096K(613440K), 0.0826735 secs] 1655844K->1187417K(2010624K), 0.0827216 secs] [Times: user=0.28 sys=0.00, real=0.08 secs] 
[GC (Allocation Failure) [ParNew: 613440K->34212K(613440K), 0.0366860 secs] 1732761K->1217102K(2010624K), 0.0367437 secs] [Times: user=0.19 sys=0.00, real=0.04 secs] 
[GC (CMS Initial Mark) [1 CMS-initial-mark: 1182890K(1397184K)] 1217185K(2010624K), 0.0028229 secs] [Times: user=0.00 sys=0.00, real=0.00 secs] 
[CMS-concurrent-mark-start]
[CMS-concurrent-mark: 1.378/1.378 secs] [Times: user=4.56 sys=0.02, real=1.38 secs] 
[CMS-concurrent-preclean-start]
[CMS-concurrent-preclean: 0.150/0.159 secs] [Times: user=0.31 sys=0.00, real=0.16 secs] 
[CMS-concurrent-abortable-preclean-start]
[GC (Allocation Failure) [ParNew[CMS-concurrent-abortable-preclean: 0.022/0.145 secs] [Times: user=0.58 sys=0.00, real=0.14 secs] 
: 579556K->68096K(613440K), 0.0700890 secs] 1762446K->1293731K(2010624K), 0.0701441 secs] [Times: user=0.45 sys=0.00, real=0.07 secs] 
[GC (CMS Final Remark) [YG occupancy: 68169 K (613440 K)][Rescan (parallel) , 0.0393017 secs][weak refs processing, 0.0000218 secs][class unloading, 0.0101568 secs][scrub symbol table, 0.0011439 secs][scrub string table, 0.0003869 secs][1 CMS-remark: 1225635K(1397184K)] 1293804K(2010624K), 0.0521017 secs] [Times: user=0.39 sys=0.00, real=0.05 secs] 
[CMS-concurrent-sweep-start]
[CMS-concurrent-sweep: 0.771/0.771 secs] [Times: user=1.55 sys=0.00, real=0.77 secs] 
[CMS-concurrent-reset-start]
[CMS-concurrent-reset: 0.003/0.003 secs] [Times: user=0.00 sys=0.00, real=0.00 secs] 
[GC (Allocation Failure) [ParNew: 613440K->20535K(613440K), 0.0389449 secs] 1293663K->764207K(2010624K), 0.0389950 secs] [Times: user=0.08 sys=0.00, real=0.04 secs] 
[GC (Allocation Failure) [ParNew: 565879K->68096K(613440K), 0.0738447 secs] 1309551K->854397K(2010624K), 0.0738999 secs] [Times: user=0.30 sys=0.00, real=0.07 secs] 
[GC (Allocation Failure) [ParNew: 613440K->27373K(613440K), 0.0464591 secs] 1399741K->877074K(2010624K), 0.0465143 secs] [Times: user=0.20 sys=0.00, real=0.05 secs] 
[GC (Allocation Failure) [ParNew (0: promotion failure size = 2779)  (3: promotion failure size = 2779)  (4: promotion failure size = 2779)  (5: promotion failure size = 2779)  (6: promotion failure size = 2779)  (7: promotion failure size = 2779)  (promotion failed): 572717K->613440K(613440K), 0.1903832 secs][CMS: 891865K->745546K(1397184K), 1.8469989 secs] 1422418K->745546K(2010624K), [Metaspace: 10002K->10002K(10240K)], 2.0374507 secs] [Times: user=2.28 sys=0.02, real=2.04 secs] 

*** PauseDetector detected a 2036 ms pause at Sat Dec 20 00:05:12 EET 2014 ***

[GC (Allocation Failure) [ParNew: 545344K->27421K(613440K), 0.0073672 secs] 1290890K->772967K(2010624K), 0.0074096 secs] [Times: user=0.00 sys=0.00, real=0.01 secs] 
[GC (Allocation Failure) [ParNew: 572765K->68096K(613440K), 0.0623265 secs] 1318311K->858218K(2010624K), 0.0623747 secs] [Times: user=0.30 sys=0.00, real=0.06 secs] 
[GC (Allocation Failure) [ParNew: 613440K->20056K(613440K), 0.0422535 secs] 1403562K->872412K(2010624K), 0.0422997 secs] [Times: user=0.13 sys=0.00, real=0.04 secs] 
[GC (Allocation Failure) [ParNew: 565400K->68096K(613440K), 0.0641274 secs] 1417756K->964045K(2010624K), 0.0641762 secs] [Times: user=0.19 sys=0.00, real=0.06 secs] 
[GC (Allocation Failure) [ParNew: 613440K->19876K(613440K), 0.0481464 secs] 1509389K->977197K(2010624K), 0.0481913 secs] [Times: user=0.20 sys=0.00, real=0.05 secs] 
[GC (Allocation Failure) [ParNew: 565220K->68096K(613440K), 0.0599970 secs] 1522541K->1066923K(2010624K), 0.0600477 secs] [Times: user=0.34 sys=0.00, real=0.06 secs] 
[GC (Allocation Failure) [ParNew: 613440K->34038K(613440K), 0.0495534 secs] 1612267K->1096083K(2010624K), 0.0496009 secs] [Times: user=0.19 sys=0.00, real=0.05 secs] 
[GC (Allocation Failure) [ParNew: 579382K->68096K(613440K), 0.0600874 secs] 1641427K->1173087K(2010624K), 0.0601734 secs] [Times: user=0.26 sys=0.00, real=0.06 secs] 
[GC (Allocation Failure) [ParNew: 613440K->19978K(613440K), 0.0315469 secs] 1718431K->1186553K(2010624K), 0.0315963 secs] [Times: user=0.08 sys=0.00, real=0.03 secs] 
[GC (CMS Initial Mark) [1 CMS-initial-mark: 1166574K(1397184K)] 1186555K(2010624K), 0.0028255 secs] [Times: user=0.00 sys=0.00, real=0.00 secs] 
[CMS-concurrent-mark-start]
[CMS-concurrent-mark: 1.170/1.170 secs] [Times: user=3.70 sys=0.00, real=1.17 secs] 
[CMS-concurrent-preclean-start]
[CMS-concurrent-preclean: 0.081/0.086 secs] [Times: user=0.19 sys=0.00, real=0.09 secs] 
[CMS-concurrent-abortable-preclean-start]
[GC (Allocation Failure) [ParNew: 565322K->68096K(613440K), 0.0634756 secs] 1731897K->1278147K(2010624K), 0.0635263 secs] [Times: user=0.25 sys=0.00, real=0.06 secs] 
[CMS-concurrent-abortable-preclean: 0.766/1.359 secs] [Times: user=2.40 sys=0.02, real=1.36 secs] 
[GC (CMS Final Remark) [YG occupancy: 474538 K (613440 K)][Rescan (parallel) , 0.0720528 secs][weak refs processing, 0.0000160 secs][class unloading, 0.0073101 secs][scrub symbol table, 0.0011536 secs][scrub string table, 0.0003689 secs][1 CMS-remark: 1210051K(1397184K)] 1684590K(2010624K), 0.0819267 secs] [Times: user=0.45 sys=0.00, real=0.08 secs] 
[CMS-concurrent-sweep-start]
[GC (Allocation Failure) [ParNew: 613440K->46177K(613440K), 0.0410095 secs] 1823491K->1317082K(2010624K), 0.0410602 secs] [Times: user=0.22 sys=0.00, real=0.04 secs] 
[CMS-concurrent-sweep: 0.584/0.626 secs] [Times: user=1.53 sys=0.00, real=0.63 secs] 
[CMS-concurrent-reset-start]
[CMS-concurrent-reset: 0.003/0.003 secs] [Times: user=0.00 sys=0.00, real=0.00 secs] 
[GC (Allocation Failure) [ParNew: 591521K->68096K(613440K), 0.0583237 secs] 1332948K->850427K(2010624K), 0.0583757 secs] [Times: user=0.27 sys=0.00, real=0.06 secs] 
[GC (Allocation Failure) [ParNew: 613440K->27260K(613440K), 0.0319332 secs] 1395771K->872858K(2010624K), 0.0320474 secs] [Times: user=0.08 sys=0.00, real=0.03 secs] 
[GC (Allocation Failure) [ParNew: 572604K->68096K(613440K), 0.0792789 secs] 1418202K->954305K(2010624K), 0.0793354 secs] [Times: user=0.23 sys=0.00, real=0.08 secs] 
[GC (Allocation Failure) [ParNew (0: promotion failure size = 1854)  (1: promotion failure size = 1854)  (2: promotion failure size = 1854)  (3: promotion failure size = 1854)  (4: promotion failure size = 1854)  (5: promotion failure size = 1854)  (6: promotion failure size = 1854)  (7: promotion failure size = 1854)  (promotion failed): 613440K->572759K(613440K), 0.5927501 secs][CMS: 942126K->745068K(1397184K), 1.8804378 secs] 1499649K->745068K(2010624K), [Metaspace: 10002K->10002K(10240K)], 2.4732559 secs] [Times: user=2.53 sys=0.03, real=2.47 secs] 

*** PauseDetector detected a 2478 ms pause at Sat Dec 20 00:05:37 EET 2014 ***

[GC (Allocation Failure) [ParNew: 545344K->68096K(613440K), 0.0550523 secs] 1290412K->855649K(2010624K), 0.0551024 secs] [Times: user=0.25 sys=0.00, real=0.06 secs] 
[GC (Allocation Failure) [ParNew: 613440K->33580K(613440K), 0.0298416 secs] 1400993K->883475K(2010624K), 0.0298827 secs] [Times: user=0.12 sys=0.00, real=0.03 secs] 
[GC (Allocation Failure) [ParNew: 578924K->68096K(613440K), 0.0555342 secs] 1428819K->961586K(2010624K), 0.0555836 secs] [Times: user=0.27 sys=0.00, real=0.06 secs] 
[GC (Allocation Failure) [ParNew: 613440K->32716K(613440K), 0.0438710 secs] 1506930K->986735K(2010624K), 0.0439293 secs] [Times: user=0.19 sys=0.00, real=0.04 secs] 
[GC (Allocation Failure) [ParNew: 578060K->68096K(613440K), 0.0543023 secs] 1532079K->1061974K(2010624K), 0.0543550 secs] [Times: user=0.22 sys=0.00, real=0.06 secs] 
[GC (Allocation Failure) [ParNew: 613440K->27303K(613440K), 0.0308361 secs] 1607318K->1084760K(2010624K), 0.0308893 secs] [Times: user=0.11 sys=0.00, real=0.03 secs] 
[GC (Allocation Failure) [ParNew: 572647K->68096K(613440K), 0.0530949 secs] 1630104K->1167260K(2010624K), 0.0531417 secs] [Times: user=0.22 sys=0.00, real=0.05 secs] 
[GC (Allocation Failure) [ParNew: 613440K->33405K(613440K), 0.0387563 secs] 1712604K->1194301K(2010624K), 0.0388064 secs] [Times: user=0.14 sys=0.00, real=0.04 secs] 
[GC (CMS Initial Mark) [1 CMS-initial-mark: 1160896K(1397184K)] 1194303K(2010624K), 0.0027312 secs] [Times: user=0.00 sys=0.00, real=0.00 secs] 
[CMS-concurrent-mark-start]
[CMS-concurrent-mark: 1.196/1.196 secs] [Times: user=3.81 sys=0.00, real=1.20 secs] 
[CMS-concurrent-preclean-start]
[CMS-concurrent-preclean: 0.077/0.081 secs] [Times: user=0.19 sys=0.00, real=0.08 secs] 
[CMS-concurrent-abortable-preclean-start]
[GC (Allocation Failure) [ParNew: 578749K->68096K(613440K), 0.0552512 secs] 1739645K->1272769K(2010624K), 0.0553032 secs] [Times: user=0.19 sys=0.00, real=0.06 secs] 
[CMS-concurrent-abortable-preclean: 0.528/1.193 secs] [Times: user=1.87 sys=0.00, real=1.19 secs] 
[GC (CMS Final Remark) [YG occupancy: 419802 K (613440 K)][Rescan (parallel) , 0.0860661 secs][weak refs processing, 0.0000192 secs][class unloading, 0.0073967 secs][scrub symbol table, 0.0012305 secs][scrub string table, 0.0003535 secs][1 CMS-remark: 1204673K(1397184K)] 1624476K(2010624K), 0.0960452 secs] [Times: user=0.41 sys=0.00, real=0.09 secs] 
[CMS-concurrent-sweep-start]
[GC (Allocation Failure) [ParNew: 613440K->45204K(613440K), 0.0281934 secs] 1668378K->1159576K(2010624K), 0.0282428 secs] [Times: user=0.14 sys=0.00, real=0.03 secs] 
[CMS-concurrent-sweep: 0.541/0.569 secs] [Times: user=1.23 sys=0.00, real=0.58 secs] 
[CMS-concurrent-reset-start]
[CMS-concurrent-reset: 0.003/0.003 secs] [Times: user=0.00 sys=0.00, real=0.00 secs] 
[GC (Allocation Failure) [ParNew: 590548K->68096K(613440K), 0.0532168 secs] 1330406K->849648K(2010624K), 0.0532668 secs] [Times: user=0.27 sys=0.00, real=0.05 secs] 
[GC (Allocation Failure) [ParNew: 613440K->39799K(613440K), 0.0274870 secs] 1394992K->882758K(2010624K), 0.0275339 secs] [Times: user=0.08 sys=0.05, real=0.03 secs] 
[Full GC (System.gc()) [CMS: 842959K->766126K(1397184K), 2.0339246 secs] 1411255K->766126K(2010624K), [Metaspace: 10002K->10002K(10240K)]
*** PauseDetector detected a 2035 ms pause at Sat Dec 20 00:05:58 EET 2014 ***

, 2.0341896 secs] [Times: user=2.03 sys=0.00, real=2.03 secs] 
[Full GC (System.gc()) [CMS: 766126K->766126K(1397184K), 1.8397972 secs] 766128K->766126K(2010624K), [Metaspace: 10002K->10002K(10240K)], 1.8400288 secs] [Times: user=1.83 sys=0.00, real=1.83 secs] 
[Full GC (System.gc()) [CMS: 766126K->766001K(1397184K), 1.9552244 secs] 766128K->766001K(2010624K), [Metaspace: 10002K->10002K(10240K)]
*** PauseDetector detected a 1832 ms pause at Sat Dec 20 00:06:00 EET 2014 ***


*** PauseDetector detected a 1970 ms pause at Sat Dec 20 00:06:02 EET 2014 ***

, 1.9555266 secs] [Times: user=1.97 sys=0.00, real=1.96 secs] 
[GC (Allocation Failure) [ParNew: 545344K->7174K(613440K), 0.0113488 secs] 1311345K->773175K(2010624K), 0.0114207 secs] [Times: user=0.00 sys=0.00, real=0.01 secs] 
[GC (Allocation Failure) [ParNew: 552518K->68096K(613440K), 0.2057803 secs] 1318519K->894186K(2010624K), 0.2058560 secs] [Times: user=0.97 sys=0.00, real=0.21 secs] 
[GC (Allocation Failure) [ParNew: 613440K->19849K(613440K), 0.0725577 secs] 1439530K->910844K(2010624K), 0.0726148 secs] [Times: user=0.22 sys=0.00, real=0.07 secs] 
[GC (Allocation Failure) [ParNew: 565193K->68096K(613440K), 0.1595837 secs] 1456188K->1013616K(2010624K), 0.1596440 secs] [Times: user=0.97 sys=0.00, real=0.16 secs] 
[GC (Allocation Failure) [ParNew: 613440K->27336K(613440K), 0.0697579 secs] 1558960K->1036877K(2010624K), 0.0698150 secs] [Times: user=0.25 sys=0.00, real=0.07 secs] 
[Full GC (System.gc()) [CMS: 1009540K->752704K(1397184K), 2.1762448 secs] 1519444K->752704K(2010624K), [Metaspace: 10002K->10002K(10240K)], 2.1765219 secs] [Times: user=2.17 sys=0.00, real=2.17 secs] 
[Full GC (System.gc()) [CMS: 752704K->752705K(1397184K), 1.6792679 secs] 752706K->752705K(2010624K), [Metaspace: 10002K->10002K(10240K)]
*** PauseDetector detected a 2171 ms pause at Sat Dec 20 00:06:14 EET 2014 ***

, 1.6795553 secs] [Times: user=1.67 sys=0.00, real=1.69 secs] 
[Full GC (System.gc()) [CMS: 752705K->752637K(1397184K), 1.6002802 secs] 763651K->752637K(2010624K), [Metaspace: 10002K->10002K(10240K)]
*** PauseDetector detected a 3279 ms pause at Sat Dec 20 00:06:18 EET 2014 ***

, 1.6005215 secs] [Times: user=1.59 sys=0.00, real=1.59 secs] 
********************************
********** ROUND   24 **********
********************************
[GC (Allocation Failure) [ParNew: 545344K->7567K(613440K), 0.0072954 secs] 1297981K->760204K(2010624K), 0.0074173 secs] [Times: user=0.00 sys=0.00, real=0.01 secs] 
[GC (Allocation Failure) [ParNew: 552911K->68096K(613440K), 0.1181841 secs] 1305548K->871378K(2010624K), 0.1182322 secs] [Times: user=0.61 sys=0.00, real=0.12 secs] 
[GC (Allocation Failure) [ParNew: 613440K->39790K(613440K), 0.0643667 secs] 1416722K->907383K(2010624K), 0.0644251 secs] [Times: user=0.22 sys=0.00, real=0.06 secs] 
[GC (Allocation Failure) [ParNew: 585134K->68096K(613440K), 0.1151905 secs] 1452727K->982439K(2010624K), 0.1152533 secs] [Times: user=0.48 sys=0.00, real=0.12 secs] 
[GC (Allocation Failure) [ParNew: 613440K->27322K(613440K), 0.0528742 secs] 1527783K->1005878K(2010624K), 0.0529223 secs] [Times: user=0.20 sys=0.00, real=0.05 secs] 
[GC (Allocation Failure) [ParNew: 572666K->68096K(613440K), 0.0899797 secs] 1551222K->1092488K(2010624K), 0.0900259 secs] [Times: user=0.53 sys=0.00, real=0.09 secs] 
[GC (Allocation Failure) [ParNew: 613440K->27404K(613440K), 0.0610947 secs] 1637832K->1115287K(2010624K), 0.0611730 secs] [Times: user=0.20 sys=0.00, real=0.06 secs] 
[GC (Allocation Failure) [ParNew: 572748K->68096K(613440K), 0.0995424 secs] 1660631K->1201206K(2010624K), 0.0995899 secs] [Times: user=0.39 sys=0.00, real=0.09 secs] 
[GC (Allocation Failure) [ParNew: 613440K->20562K(613440K), 0.0439204 secs] 1746550K->1217187K(2010624K), 0.0441006 secs] [Times: user=0.14 sys=0.00, real=0.04 secs] 
[GC (CMS Initial Mark) [1 CMS-initial-mark: 1196625K(1397184K)] 1228274K(2010624K), 0.0027248 secs] [Times: user=0.00 sys=0.00, real=0.00 secs] 
[CMS-concurrent-mark-start]
[CMS-concurrent-mark: 1.282/1.282 secs] [Times: user=4.23 sys=0.00, real=1.28 secs] 
[CMS-concurrent-preclean-start]
[CMS-concurrent-preclean: 0.148/0.158 secs] [Times: user=0.34 sys=0.00, real=0.16 secs] 
[CMS-concurrent-abortable-preclean-start]
[GC (Allocation Failure) [ParNew[CMS-concurrent-abortable-preclean: 0.050/0.277 secs] [Times: user=0.67 sys=0.00, real=0.28 secs] 
: 565906K->68096K(613440K), 0.0850204 secs] 1762531K->1309480K(2010624K), 0.0850781 secs] [Times: user=0.55 sys=0.00, real=0.08 secs] 
[GC (CMS Final Remark) [YG occupancy: 79171 K (613440 K)][Rescan (parallel) , 0.0471257 secs][weak refs processing, 0.0000205 secs][class unloading, 0.0078490 secs][scrub symbol table, 0.0011279 secs][scrub string table, 0.0003593 secs][1 CMS-remark: 1241384K(1397184K)] 1320555K(2010624K), 0.0575160 secs] [Times: user=0.37 sys=0.00, real=0.06 secs] 
[CMS-concurrent-sweep-start]
[CMS-concurrent-sweep: 0.745/0.745 secs] [Times: user=1.51 sys=0.00, real=0.75 secs] 
[CMS-concurrent-reset-start]
[CMS-concurrent-reset: 0.003/0.003 secs] [Times: user=0.00 sys=0.00, real=0.00 secs] 
[GC (Allocation Failure) [ParNew: 613440K->20567K(613440K), 0.0535010 secs] 1296626K->767345K(2010624K), 0.0535517 secs] [Times: user=0.19 sys=0.00, real=0.05 secs] 
[GC (Allocation Failure) [ParNew: 565911K->68096K(613440K), 0.0840939 secs] 1312689K->859917K(2010624K), 0.0841395 secs] [Times: user=0.33 sys=0.00, real=0.08 secs] 
[GC (Allocation Failure) [ParNew: 613440K->33475K(613440K), 0.0388609 secs] 1405261K->887063K(2010624K), 0.0389052 secs] [Times: user=0.14 sys=0.00, real=0.04 secs] 
[GC (Allocation Failure) [ParNew (0: promotion failure size = 2779)  (1: promotion failure size = 2779)  (2: promotion failure size = 2779)  (3: promotion failure size = 2779)  (4: promotion failure size = 2779)  (5: promotion failure size = 2779)  (6: promotion failure size = 2779)  (7: promotion failure size = 2779)  (promotion failed): 578819K->613440K(613440K), 0.2465923 secs][CMS: 896288K->746238K(1397184K), 2.1237934 secs] 1432407K->746238K(2010624K), [Metaspace: 10002K->10002K(10240K)], 2.3704517 secs] [Times: user=2.57 sys=0.03, real=2.36 secs] 

*** PauseDetector detected a 2366 ms pause at Sat Dec 20 00:06:42 EET 2014 ***

[GC (Allocation Failure) [ParNew: 545344K->27342K(613440K), 0.0069143 secs] 1291582K->773581K(2010624K), 0.0069598 secs] [Times: user=0.00 sys=0.00, real=0.01 secs] 
[GC (Allocation Failure) [ParNew: 572686K->68096K(613440K), 0.0722690 secs] 1318925K->859369K(2010624K), 0.0723204 secs] [Times: user=0.28 sys=0.00, real=0.07 secs] 
[GC (Allocation Failure) [ParNew: 613440K->33553K(613440K), 0.0397187 secs] 1404713K->887340K(2010624K), 0.0397649 secs] [Times: user=0.14 sys=0.00, real=0.03 secs] 
[GC (Allocation Failure) [ParNew: 578897K->68096K(613440K), 0.0709577 secs] 1432684K->965581K(2010624K), 0.0710667 secs] [Times: user=0.27 sys=0.00, real=0.07 secs] 
[GC (Allocation Failure) [ParNew: 613440K->33629K(613440K), 0.0786405 secs] 1510925K->993663K(2010624K), 0.0786874 secs] [Times: user=0.28 sys=0.00, real=0.07 secs] 
[GC (Allocation Failure) [ParNew: 578973K->68096K(613440K), 0.0706298 secs] 1539007K->1071421K(2010624K), 0.0706728 secs] [Times: user=0.31 sys=0.00, real=0.07 secs] 
[GC (Allocation Failure) [ParNew: 613440K->33748K(613440K), 0.0423235 secs] 1616765K->1099703K(2010624K), 0.0423735 secs] [Times: user=0.13 sys=0.00, real=0.04 secs] 
[GC (Allocation Failure) [ParNew: 579092K->68096K(613440K), 0.0680199 secs] 1645047K->1178589K(2010624K), 0.0680635 secs] [Times: user=0.26 sys=0.00, real=0.07 secs] 
[GC (Allocation Failure) [ParNew: 613440K->26488K(613440K), 0.0323149 secs] 1723933K->1198306K(2010624K), 0.0324323 secs] [Times: user=0.13 sys=0.00, real=0.03 secs] 
[GC (CMS Initial Mark) [1 CMS-initial-mark: 1171817K(1397184K)] 1198308K(2010624K), 0.0037372 secs] [Times: user=0.00 sys=0.00, real=0.00 secs] 
[CMS-concurrent-mark-start]
[CMS-concurrent-mark: 1.202/1.202 secs] [Times: user=3.88 sys=0.00, real=1.21 secs] 
[CMS-concurrent-preclean-start]
[CMS-concurrent-preclean: 0.100/0.105 secs] [Times: user=0.19 sys=0.00, real=0.11 secs] 
[CMS-concurrent-abortable-preclean-start]
[GC (Allocation Failure) [ParNew[CMS-concurrent-abortable-preclean: 0.047/0.293 secs] [Times: user=0.58 sys=0.00, real=0.29 secs] 
: 571832K->68096K(613440K), 0.0620237 secs] 1743650K->1281161K(2010624K), 0.0620738 secs] [Times: user=0.30 sys=0.00, real=0.06 secs] 
[GC (CMS Final Remark) [YG occupancy: 79148 K (613440 K)][Rescan (parallel) , 0.0320095 secs][weak refs processing, 0.0000244 secs][class unloading, 0.0074590 secs][scrub symbol table, 0.0010791 secs][scrub string table, 0.0003561 secs][1 CMS-remark: 1213065K(1397184K)] 1292214K(2010624K), 0.0419032 secs] [Times: user=0.25 sys=0.00, real=0.04 secs] 
[CMS-concurrent-sweep-start]
[CMS-concurrent-sweep: 0.589/0.589 secs] [Times: user=1.20 sys=0.00, real=0.59 secs] 
[CMS-concurrent-reset-start]
[CMS-concurrent-reset: 0.003/0.003 secs] [Times: user=0.00 sys=0.00, real=0.00 secs] 
[GC (Allocation Failure) [ParNew: 613440K->34203K(613440K), 0.0355292 secs] 1291978K->776160K(2010624K), 0.0355760 secs] [Times: user=0.13 sys=0.00, real=0.04 secs] 
[GC (Allocation Failure) [ParNew: 579547K->68096K(613440K), 0.0623939 secs] 1321504K->851245K(2010624K), 0.0624452 secs] [Times: user=0.25 sys=0.00, real=0.06 secs] 
[GC (Allocation Failure) [ParNew: 613440K->27336K(613440K), 0.0436323 secs] 1396589K->873942K(2010624K), 0.0437433 secs] [Times: user=0.13 sys=0.00, real=0.04 secs] 
[GC (Allocation Failure) [ParNew: 572680K->68096K(613440K), 0.0800257 secs] 1419286K->955675K(2010624K), 0.0800757 secs] [Times: user=0.26 sys=0.00, real=0.08 secs] 
[GC (Allocation Failure) [ParNew (0: promotion failure size = 1854)  (1: promotion failure size = 1854)  (2: promotion failure size = 1854)  (3: promotion failure size = 1854)  (4: promotion failure size = 1854)  (5: promotion failure size = 1854)  (6: promotion failure size = 1854)  (7: promotion failure size = 1854)  (promotion failed): 613440K->586471K(613440K), 0.6986659 secs][CMS: 943028K->745374K(1397184K), 2.0517373 secs] 1501019K->745374K(2010624K), [Metaspace: 10002K->10002K(10240K)]
*** PauseDetector detected a 2753 ms pause at Sat Dec 20 00:07:08 EET 2014 ***

, 2.7504770 secs] [Times: user=2.81 sys=0.06, real=2.75 secs] 
[GC (Allocation Failure) [ParNew: 545344K->68096K(613440K), 0.0595196 secs] 1290718K->855891K(2010624K), 0.0595678 secs] [Times: user=0.28 sys=0.00, real=0.06 secs] 
[GC (Allocation Failure) [ParNew: 613440K->20221K(613440K), 0.0308200 secs] 1401235K->870732K(2010624K), 0.0309657 secs] [Times: user=0.09 sys=0.00, real=0.03 secs] 
[GC (Allocation Failure) [ParNew: 565565K->68096K(613440K), 0.0571753 secs] 1416076K->963399K(2010624K), 0.0572401 secs] [Times: user=0.30 sys=0.00, real=0.06 secs] 
[GC (Allocation Failure) [ParNew: 613440K->32441K(613440K), 0.0331214 secs] 1508743K->987529K(2010624K), 0.0331714 secs] [Times: user=0.13 sys=0.00, real=0.03 secs] 
[GC (Allocation Failure) [ParNew: 577785K->68096K(613440K), 0.0579202 secs] 1532873K->1065654K(2010624K), 0.0579831 secs] [Times: user=0.22 sys=0.00, real=0.06 secs] 
[GC (Allocation Failure) [ParNew: 613440K->33244K(613440K), 0.0695032 secs] 1610998K->1092567K(2010624K), 0.0695661 secs] [Times: user=0.28 sys=0.00, real=0.07 secs] 
[GC (Allocation Failure) [ParNew: 578588K->68096K(613440K), 0.0552467 secs] 1637911K->1170910K(2010624K), 0.0553071 secs] [Times: user=0.27 sys=0.00, real=0.06 secs] 
[GC (Allocation Failure) [ParNew: 613440K->45883K(613440K), 0.0406689 secs] 1716254K->1209313K(2010624K), 0.0407183 secs] [Times: user=0.14 sys=0.00, real=0.04 secs] 
[GC (CMS Initial Mark) [1 CMS-initial-mark: 1163429K(1397184K)] 1220259K(2010624K), 0.0028691 secs] [Times: user=0.02 sys=0.00, real=0.00 secs] 
[CMS-concurrent-mark-start]
[CMS-concurrent-mark: 1.157/1.157 secs] [Times: user=3.74 sys=0.00, real=1.16 secs] 
[CMS-concurrent-preclean-start]
[CMS-concurrent-preclean: 0.073/0.077 secs] [Times: user=0.16 sys=0.00, real=0.08 secs] 
[CMS-concurrent-abortable-preclean-start]
[GC (Allocation Failure) [ParNew: 591227K->68096K(613440K), 0.0585400 secs] 1754657K->1272442K(2010624K), 0.0585861 secs] [Times: user=0.19 sys=0.00, real=0.06 secs] 
[CMS-concurrent-abortable-preclean: 0.611/1.216 secs] [Times: user=1.98 sys=0.00, real=1.22 secs] 
[GC (CMS Final Remark) [YG occupancy: 399012 K (613440 K)][Rescan (parallel) , 0.0862567 secs][weak refs processing, 0.0000205 secs][class unloading, 0.0080832 secs][scrub symbol table, 0.0012004 secs][scrub string table, 0.0003888 secs][1 CMS-remark: 1204346K(1397184K)] 1603358K(2010624K), 0.0970095 secs] [Times: user=0.33 sys=0.00, real=0.09 secs] 
[CMS-concurrent-sweep-start]
[GC (Allocation Failure) [ParNew: 613440K->33919K(613440K), 0.0305955 secs] 1404093K->887529K(2010624K), 0.0306449 secs] [Times: user=0.09 sys=0.00, real=0.03 secs] 
[CMS-concurrent-sweep: 0.540/0.571 secs] [Times: user=1.20 sys=0.00, real=0.58 secs] 
[CMS-concurrent-reset-start]
[CMS-concurrent-reset: 0.002/0.002 secs] [Times: user=0.03 sys=0.00, real=0.00 secs] 
[GC (Allocation Failure) [ParNew: 579263K->68096K(613440K), 0.0556413 secs] 1319965K->848711K(2010624K), 0.0556888 secs] [Times: user=0.20 sys=0.00, real=0.06 secs] 
[GC (Allocation Failure) [ParNew: 613440K->27359K(613440K), 0.0332054 secs] 1394055K->871420K(2010624K), 0.0332567 secs] [Times: user=0.14 sys=0.00, real=0.03 secs] 
[GC (Allocation Failure) [ParNew: 572703K->68096K(613440K), 0.0568532 secs] 1416764K->951960K(2010624K), 0.0569020 secs] [Times: user=0.20 sys=0.00, real=0.05 secs] 
[GC (Allocation Failure) [ParNew (0: promotion failure size = 105)  (1: promotion failure size = 105)  (2: promotion failure size = 105)  (3: promotion failure size = 105)  (4: promotion failure size = 105)  (5: promotion failure size = 105)  (6: promotion failure size = 105)  (7: promotion failure size = 105)  (promotion failed): 613440K->593332K(613440K), 1.8770227 secs][CMS: 914955K->744250K(1397184K), 2.0699401 secs] 1497304K->744250K(2010624K), [Metaspace: 10002K->10002K(10240K)]
*** PauseDetector detected a 3945 ms pause at Sat Dec 20 00:07:33 EET 2014 ***

, 3.9470360 secs] [Times: user=3.90 sys=0.53, real=3.94 secs] 
[GC (Allocation Failure) [ParNew: 545344K->68096K(613440K), 0.0516026 secs] 1289594K->855155K(2010624K), 0.0516526 secs] [Times: user=0.22 sys=0.00, real=0.05 secs] 
[GC (Allocation Failure) [ParNew: 613440K->32964K(613440K), 0.0340927 secs] 1400499K->881048K(2010624K), 0.0341402 secs] [Times: user=0.13 sys=0.00, real=0.03 secs] 
[GC (Allocation Failure) [ParNew: 578308K->68096K(613440K), 0.0530153 secs] 1426392K->959685K(2010624K), 0.0530724 secs] [Times: user=0.19 sys=0.00, real=0.05 secs] 
[GC (Allocation Failure) [ParNew: 613440K->19426K(613440K), 0.0281370 secs] 1505029K->971086K(2010624K), 0.0281870 secs] [Times: user=0.06 sys=0.00, real=0.03 secs] 
[GC (Allocation Failure) [ParNew: 564770K->68096K(613440K), 0.1705604 secs] 1516430K->1087250K(2010624K), 0.1707105 secs] [Times: user=0.72 sys=0.00, real=0.17 secs] 
[GC (Allocation Failure) [ParNew: 613440K->20501K(613440K), 0.0851179 secs] 1632594K->1104960K(2010624K), 0.0851686 secs] [Times: user=0.31 sys=0.00, real=0.08 secs] 
[GC (Allocation Failure) [ParNew: 565845K->68096K(613440K), 0.1968964 secs] 1650304K->1209653K(2010624K), 0.1969490 secs] [Times: user=0.86 sys=0.00, real=0.20 secs] 
[GC (Allocation Failure) [ParNew: 613440K->41077K(613440K), 0.0663479 secs] 1754997K->1246300K(2010624K), 0.0663948 secs] [Times: user=0.36 sys=0.00, real=0.07 secs] 
[GC (CMS Initial Mark) [1 CMS-initial-mark: 1205222K(1397184K)] 1257246K(2010624K), 0.0024463 secs] [Times: user=0.00 sys=0.00, real=0.00 secs] 
[CMS-concurrent-mark-start]
[CMS-concurrent-mark: 1.249/1.249 secs] [Times: user=4.43 sys=0.00, real=1.25 secs] 
[CMS-concurrent-preclean-start]
[CMS-concurrent-preclean: 0.296/0.306 secs] [Times: user=0.58 sys=0.00, real=0.31 secs] 
[CMS-concurrent-abortable-preclean-start]
[GC (Allocation Failure) [ParNew[CMS-concurrent-abortable-preclean: 0.081/0.533 secs] [Times: user=1.12 sys=0.00, real=0.53 secs] 
: 586421K->68096K(613440K), 0.1855726 secs] 1791644K->1329825K(2010624K), 0.1856220 secs] [Times: user=0.87 sys=0.00, real=0.19 secs] 
[GC (CMS Final Remark) [YG occupancy: 79041 K (613440 K)][Rescan (parallel) , 0.0999184 secs][weak refs processing, 0.0000218 secs][class unloading, 0.0085291 secs][scrub symbol table, 0.0012447 secs][scrub string table, 0.0003529 secs][1 CMS-remark: 1261729K(1397184K)] 1340771K(2010624K), 0.1110671 secs] [Times: user=0.65 sys=0.00, real=0.11 secs] 
[CMS-concurrent-sweep-start]
[CMS-concurrent-sweep: 0.695/0.695 secs] [Times: user=1.39 sys=0.00, real=0.69 secs] 
[CMS-concurrent-reset-start]
[CMS-concurrent-reset: 0.003/0.003 secs] [Times: user=0.03 sys=0.00, real=0.00 secs] 
[GC (Allocation Failure) [ParNew: 613440K->39828K(613440K), 0.0691125 secs] 1310709K->798593K(2010624K), 0.0691593 secs] [Times: user=0.22 sys=0.00, real=0.06 secs] 
[GC (Allocation Failure) [ParNew: 585172K->68096K(613440K), 0.1460066 secs] 1343937K->877117K(2010624K), 0.1460554 secs] [Times: user=0.64 sys=0.00, real=0.15 secs] 
[GC (Allocation Failure) [ParNew: 613440K->13656K(613440K), 0.0591462 secs] 1422461K->886245K(2010624K), 0.0591931 secs] [Times: user=0.19 sys=0.00, real=0.06 secs] 
[GC (Allocation Failure) [ParNew: 559000K->68096K(613440K), 0.1389923 secs] 1431589K->989623K(2010624K), 0.1390391 secs] [Times: user=0.45 sys=0.00, real=0.13 secs] 
[GC (Allocation Failure) [ParNew: 613440K->27513K(613440K), 0.0548233 secs] 1534967K->1012664K(2010624K), 0.0548701 secs] [Times: user=0.20 sys=0.00, real=0.05 secs] 
[GC (Allocation Failure) [ParNew (0: promotion failure size = 4167)  (1: promotion failure size = 4167)  (2: promotion failure size = 4167)  (3: promotion failure size = 4167)  (4: promotion failure size = 4167)  (5: promotion failure size = 4167)  (6: promotion failure size = 4167)  (7: promotion failure size = 4167)  (promotion failed): 572857K->613440K(613440K), 2.7534507 secs][CMS: 1014754K->749655K(1397184K), 1.9633840 secs] 1558008K->749655K(2010624K), [Metaspace: 10002K->10002K(10240K)], 4.7169001 secs] [Times: user=5.12 sys=0.61, real=4.71 secs] 

*** PauseDetector detected a 4715 ms pause at Sat Dec 20 00:08:02 EET 2014 ***

[GC (Allocation Failure) [ParNew: 545344K->27423K(613440K), 0.0070644 secs] 1294999K->777078K(2010624K), 0.0071176 secs] [Times: user=0.00 sys=0.00, real=0.01 secs] 
[GC (Allocation Failure) [ParNew: 572767K->68096K(613440K), 0.0925929 secs] 1322422K->864774K(2010624K), 0.0926410 secs] [Times: user=0.44 sys=0.00, real=0.09 secs] 
[GC (Allocation Failure) [ParNew: 613440K->20572K(613440K), 0.0501340 secs] 1410118K->881810K(2010624K), 0.0501815 secs] [Times: user=0.14 sys=0.00, real=0.05 secs] 
[GC (Allocation Failure) [ParNew: 565916K->68096K(613440K), 0.0937522 secs] 1427154K->976700K(2010624K), 0.0938003 secs] [Times: user=0.45 sys=0.00, real=0.09 secs] 
[GC (Allocation Failure) [ParNew: 613440K->33312K(613440K), 0.0439922 secs] 1522044K->1003833K(2010624K), 0.0440346 secs] [Times: user=0.14 sys=0.00, real=0.04 secs] 
[GC (Allocation Failure) [ParNew: 578656K->68096K(613440K), 0.0800931 secs] 1549177K->1084212K(2010624K), 0.0801495 secs] [Times: user=0.45 sys=0.00, real=0.08 secs] 
[GC (Allocation Failure) [ParNew: 613440K->20271K(613440K), 0.0521210 secs] 1629556K->1099114K(2010624K), 0.0521704 secs] [Times: user=0.20 sys=0.00, real=0.05 secs] 
[GC (Allocation Failure) [ParNew: 565615K->68096K(613440K), 0.0849248 secs] 1644458K->1191143K(2010624K), 0.0849735 secs] [Times: user=0.36 sys=0.00, real=0.09 secs] 
[GC (Allocation Failure) [ParNew: 613440K->33850K(613440K), 0.0443213 secs] 1736487K->1219512K(2010624K), 0.0443688 secs] [Times: user=0.14 sys=0.00, real=0.05 secs] 
[GC (CMS Initial Mark) [1 CMS-initial-mark: 1185661K(1397184K)] 1219514K(2010624K), 0.0044108 secs] [Times: user=0.00 sys=0.00, real=0.00 secs] 
[CMS-concurrent-mark-start]
[CMS-concurrent-mark: 1.242/1.242 secs] [Times: user=4.04 sys=0.00, real=1.24 secs] 
[CMS-concurrent-preclean-start]
[CMS-concurrent-preclean: 0.136/0.145 secs] [Times: user=0.28 sys=0.00, real=0.14 secs] 
[CMS-concurrent-abortable-preclean-start]
[GC (Allocation Failure) [ParNew[CMS-concurrent-abortable-preclean: 0.047/0.256 secs] [Times: user=0.42 sys=0.00, real=0.26 secs] 
: 579194K->68096K(613440K), 0.0749521 secs] 1764856K->1296779K(2010624K), 0.0750021 secs] [Times: user=0.41 sys=0.00, real=0.08 secs] 
[GC (CMS Final Remark) [YG occupancy: 79041 K (613440 K)][Rescan (parallel) , 0.0429792 secs][weak refs processing, 0.0000186 secs][class unloading, 0.0077214 secs][scrub symbol table, 0.0011811 secs][scrub string table, 0.0003728 secs][1 CMS-remark: 1228683K(1397184K)] 1307725K(2010624K), 0.0533194 secs] [Times: user=0.34 sys=0.00, real=0.05 secs] 
[CMS-concurrent-sweep-start]
[CMS-concurrent-sweep: 0.699/0.699 secs] [Times: user=1.43 sys=0.00, real=0.70 secs] 
[CMS-concurrent-reset-start]
[CMS-concurrent-reset: 0.003/0.003 secs] [Times: user=0.00 sys=0.00, real=0.00 secs] 
[GC (Allocation Failure) [ParNew: 613440K->34193K(613440K), 0.0389777 secs] 1294443K->778720K(2010624K), 0.0390271 secs] [Times: user=0.13 sys=0.00, real=0.03 secs] 
[GC (Allocation Failure) [ParNew: 579537K->68096K(613440K), 0.0772162 secs] 1324064K->857269K(2010624K), 0.0772618 secs] [Times: user=0.26 sys=0.00, real=0.07 secs] 
[GC (Allocation Failure) [ParNew: 613440K->33309K(613440K), 0.0368027 secs] 1402613K->884029K(2010624K), 0.0369464 secs] [Times: user=0.08 sys=0.00, real=0.03 secs] 
[GC (Allocation Failure) [ParNew: 578653K->68096K(613440K), 0.1105326 secs] 1429373K->961337K(2010624K), 0.1105820 secs] [Times: user=0.28 sys=0.00, real=0.11 secs] 
[GC (Allocation Failure) [ParNew (0: promotion failure size = 2779)  (1: promotion failure size = 2779)  (2: promotion failure size = 2779)  (3: promotion failure size = 2779)  (4: promotion failure size = 2779)  (5: promotion failure size = 2779)  (6: promotion failure size = 2779)  (7: promotion failure size = 2779)  (promotion failed): 613440K->586333K(613440K), 0.3716181 secs][CMS: 956623K->746950K(1397184K), 1.9507424 secs] 1506681K->746950K(2010624K), [Metaspace: 10002K->10002K(10240K)]
*** PauseDetector detected a 2325 ms pause at Sat Dec 20 00:08:27 EET 2014 ***

, 2.3224445 secs] [Times: user=2.43 sys=0.02, real=2.32 secs] 
[GC (Allocation Failure) [ParNew: 545344K->68096K(613440K), 0.0667098 secs] 1292294K->860788K(2010624K), 0.0667598 secs] [Times: user=0.28 sys=0.00, real=0.07 secs] 
[GC (Allocation Failure) [ParNew: 613440K->32919K(613440K), 0.0347837 secs] 1406132K->886915K(2010624K), 0.0348337 secs] [Times: user=0.17 sys=0.00, real=0.04 secs] 
[GC (Allocation Failure) [ParNew: 578263K->68096K(613440K), 0.0665366 secs] 1432259K->966047K(2010624K), 0.0665872 secs] [Times: user=0.27 sys=0.00, real=0.06 secs] 
[GC (Allocation Failure) [ParNew: 613440K->13312K(613440K), 0.0413893 secs] 1511391K->973242K(2010624K), 0.0414400 secs] [Times: user=0.13 sys=0.00, real=0.04 secs] 
[GC (Allocation Failure) [ParNew: 558656K->68096K(613440K), 0.0649737 secs] 1518586K->1072069K(2010624K), 0.0650205 secs] [Times: user=0.28 sys=0.00, real=0.06 secs] 
[GC (Allocation Failure) [ParNew: 613440K->26417K(613440K), 0.0388673 secs] 1617413K->1091239K(2010624K), 0.0389161 secs] [Times: user=0.13 sys=0.00, real=0.04 secs] 
[GC (Allocation Failure) [ParNew: 571761K->68096K(613440K), 0.0651546 secs] 1636583K->1178149K(2010624K), 0.0652040 secs] [Times: user=0.25 sys=0.00, real=0.06 secs] 
[GC (Allocation Failure) [ParNew: 613440K->19350K(613440K), 0.0456590 secs] 1723493K->1188683K(2010624K), 0.0457046 secs] [Times: user=0.20 sys=0.00, real=0.05 secs] 
[GC (CMS Initial Mark) [1 CMS-initial-mark: 1169333K(1397184K)] 1199701K(2010624K), 0.0030699 secs] [Times: user=0.00 sys=0.00, real=0.00 secs] 
[CMS-concurrent-mark-start]
[CMS-concurrent-mark: 1.176/1.176 secs] [Times: user=3.85 sys=0.00, real=1.18 secs] 
[CMS-concurrent-preclean-start]
[CMS-concurrent-preclean: 0.084/0.090 secs] [Times: user=0.14 sys=0.01, real=0.09 secs] 
[CMS-concurrent-abortable-preclean-start]
[GC (Allocation Failure) [ParNew[CMS-concurrent-abortable-preclean: 0.067/0.385 secs] [Times: user=0.67 sys=0.00, real=0.38 secs] 
: 564694K->68096K(613440K), 0.0675381 secs] 1734027K->1278356K(2010624K), 0.0675894 secs] [Times: user=0.25 sys=0.02, real=0.07 secs] 
[GC (CMS Final Remark) [YG occupancy: 68164 K (613440 K)][Rescan (parallel) , 0.0313699 secs][weak refs processing, 0.0000154 secs][class unloading, 0.0075911 secs][scrub symbol table, 0.0010900 secs][scrub string table, 0.0004703 secs][1 CMS-remark: 1210260K(1397184K)] 1278425K(2010624K), 0.0418327 secs] [Times: user=0.16 sys=0.00, real=0.04 secs] 
[CMS-concurrent-sweep-start]
[CMS-concurrent-sweep: 0.591/0.591 secs] [Times: user=1.18 sys=0.00, real=0.59 secs] 
[CMS-concurrent-reset-start]
[CMS-concurrent-reset: 0.003/0.003 secs] [Times: user=0.00 sys=0.00, real=0.00 secs] 
[GC (Allocation Failure) [ParNew: 613440K->40982K(613440K), 0.0323746 secs] 1291424K->782416K(2010624K), 0.0325298 secs] [Times: user=0.11 sys=0.00, real=0.03 secs] 
[GC (Allocation Failure) [ParNew: 586326K->68096K(613440K), 0.0612147 secs] 1327760K->850601K(2010624K), 0.0612692 secs] [Times: user=0.19 sys=0.00, real=0.06 secs] 
[GC (Allocation Failure) [ParNew: 613440K->27291K(613440K), 0.0310940 secs] 1395945K->872980K(2010624K), 0.0311498 secs] [Times: user=0.13 sys=0.00, real=0.03 secs] 
[Full GC (System.gc()) [CMS: 845689K->637138K(1397184K), 1.7383955 secs] 884600K->637138K(2010624K), [Metaspace: 10002K->10002K(10240K)], 1.7387201 secs] [Times: user=1.73 sys=0.00, real=1.74 secs] 
[Full GC (System.gc()) [CMS: 637138K->637138K(1397184K), 1.4230224 secs] 637140K->637138K(2010624K), [Metaspace: 10002K->10002K(10240K)], 1.4233464 secs] [Times: user=1.42 sys=0.00, real=1.42 secs] 
[Full GC (System.gc()) [CMS: 637138K->637138K(1397184K), 1.7897774 secs] 637140K->637138K(2010624K), [Metaspace: 10002K->10002K(10240K)]
*** PauseDetector detected a 1742 ms pause at Sat Dec 20 00:08:47 EET 2014 ***


*** PauseDetector detected a 3223 ms pause at Sat Dec 20 00:08:51 EET 2014 ***

, 1.7900051 secs] [Times: user=1.79 sys=0.00, real=1.79 secs] 
[GC (Allocation Failure) [ParNew: 545344K->68096K(613440K), 0.0496131 secs] 1182482K->746436K(2010624K), 0.0496708 secs] [Times: user=0.19 sys=0.00, real=0.05 secs] 
[GC (Allocation Failure) [ParNew: 613440K->34273K(613440K), 0.0400273 secs] 1291780K->776323K(2010624K), 0.0401562 secs] [Times: user=0.13 sys=0.00, real=0.03 secs] 
[GC (Allocation Failure) [ParNew: 579617K->68096K(613440K), 0.0642192 secs] 1321667K->854758K(2010624K), 0.0642827 secs] [Times: user=0.26 sys=0.00, real=0.06 secs] 
[GC (Allocation Failure) [ParNew: 613440K->25999K(613440K), 0.0393023 secs] 1400102K->872672K(2010624K), 0.0393504 secs] [Times: user=0.14 sys=0.00, real=0.04 secs] 
[GC (Allocation Failure) [ParNew: 571343K->68096K(613440K), 0.0640973 secs] 1418016K->955360K(2010624K), 0.0641608 secs] [Times: user=0.28 sys=0.00, real=0.06 secs] 
[GC (Allocation Failure) [ParNew: 613440K->27336K(613440K), 0.0363921 secs] 1500704K->978024K(2010624K), 0.0365564 secs] [Times: user=0.14 sys=0.00, real=0.04 secs] 
[Full GC (System.gc()) [CMS: 950687K->742102K(1397184K), 1.7013028 secs] 1372009K->742102K(2010624K), [Metaspace: 10002K->10002K(10240K)]
*** PauseDetector detected a 1696 ms pause at Sat Dec 20 00:09:02 EET 2014 ***

, 1.7015568 secs] [Times: user=1.70 sys=0.00, real=1.70 secs] 
[Full GC (System.gc()) [CMS: 742102K->742102K(1397184K), 1.7361525 secs] 742104K->742102K(2010624K), [Metaspace: 10002K->10002K(10240K)], 1.7364457 secs] [Times: user=1.73 sys=0.00, real=1.74 secs] 
[Full GC (System.gc()) [CMS: 742102K->741999K(1397184K), 1.4710996 secs] 742104K->741999K(2010624K), [Metaspace: 10002K->10002K(10240K)]
*** PauseDetector detected a 3211 ms pause at Sat Dec 20 00:09:05 EET 2014 ***

, 1.4713992 secs] [Times: user=1.48 sys=0.00, real=1.48 secs] 
********************************
********** ROUND   25 **********
********************************
[GC (Allocation Failure) [ParNew: 545344K->7567K(613440K), 0.0069560 secs] 1287343K->749566K(2010624K), 0.0070015 secs] [Times: user=0.00 sys=0.00, real=0.01 secs] 
[GC (Allocation Failure) [ParNew: 552911K->68096K(613440K), 0.0518284 secs] 1294910K->850360K(2010624K), 0.0518791 secs] [Times: user=0.22 sys=0.02, real=0.05 secs] 
[GC (Allocation Failure) [ParNew: 613440K->39814K(613440K), 0.0381834 secs] 1395704K->885861K(2010624K), 0.0382302 secs] [Times: user=0.16 sys=0.00, real=0.04 secs] 
[GC (Allocation Failure) [ParNew: 585158K->68096K(613440K), 0.0517283 secs] 1431205K->954238K(2010624K), 0.0517842 secs] [Times: user=0.19 sys=0.00, real=0.05 secs] 
[GC (Allocation Failure) [ParNew: 613440K->34056K(613440K), 0.0401864 secs] 1499582K->983732K(2010624K), 0.0403455 secs] [Times: user=0.16 sys=0.00, real=0.04 secs] 
[GC (Allocation Failure) [ParNew: 579400K->68096K(613440K), 0.0509713 secs] 1529076K->1057544K(2010624K), 0.0510136 secs] [Times: user=0.20 sys=0.00, real=0.05 secs] 
[GC (Allocation Failure) [ParNew: 613440K->34211K(613440K), 0.0298018 secs] 1602888K->1087212K(2010624K), 0.0298525 secs] [Times: user=0.08 sys=0.00, real=0.03 secs] 
[GC (Allocation Failure) [ParNew: 579555K->68096K(613440K), 0.0522422 secs] 1632556K->1162630K(2010624K), 0.0522910 secs] [Times: user=0.20 sys=0.00, real=0.05 secs] 
[GC (Allocation Failure) [ParNew: 613440K->20012K(613440K), 0.0292167 secs] 1707974K->1176149K(2010624K), 0.0292648 secs] [Times: user=0.06 sys=0.00, real=0.03 secs] 
[GC (Allocation Failure) [ParNew: 565356K->68096K(613440K), 0.1748679 secs] 1721493K->1291741K(2010624K), 0.1749199 secs] [Times: user=0.64 sys=0.00, real=0.17 secs] 
[GC (CMS Initial Mark) [1 CMS-initial-mark: 1223645K(1397184K)] 1291744K(2010624K), 0.0133409 secs] [Times: user=0.08 sys=0.00, real=0.01 secs] 
[CMS-concurrent-mark-start]
[CMS-concurrent-mark: 1.301/1.301 secs] [Times: user=3.96 sys=0.00, real=1.30 secs] 
[CMS-concurrent-preclean-start]
[CMS-concurrent-preclean: 0.005/0.005 secs] [Times: user=0.00 sys=0.00, real=0.01 secs] 
[CMS-concurrent-abortable-preclean-start]
[GC (Allocation Failure) [ParNew: 613440K->40982K(613440K), 0.0825227 secs] 1837085K->1328954K(2010624K), 0.0825727 secs] [Times: user=0.45 sys=0.00, real=0.08 secs] 
[CMS-concurrent-abortable-preclean: 0.876/1.666 secs] [Times: user=3.81 sys=0.00, real=1.67 secs] 
[GC (CMS Final Remark) [YG occupancy: 363558 K (613440 K)][Rescan (parallel) , 0.0777019 secs][weak refs processing, 0.0000218 secs][class unloading, 0.0074416 secs][scrub symbol table, 0.0016232 secs][scrub string table, 0.0004619 secs][1 CMS-remark: 1287972K(1397184K)] 1651530K(2010624K), 0.0883290 secs] [Times: user=0.31 sys=0.00, real=0.09 secs] 
[CMS-concurrent-sweep-start]
[GC (Allocation Failure) [ParNew: 586326K->68096K(613440K), 0.1971505 secs] 1464195K->1002848K(2010624K), 0.1972018 secs] [Times: user=1.03 sys=0.00, real=0.20 secs] 
[CMS-concurrent-sweep: 0.601/0.798 secs] [Times: user=2.26 sys=0.00, real=0.80 secs] 
[CMS-concurrent-reset-start]
[CMS-concurrent-reset: 0.003/0.003 secs] [Times: user=0.00 sys=0.00, real=0.00 secs] 
[GC (Allocation Failure) [ParNew: 613440K->27332K(613440K), 0.0754910 secs] 1437424K->915561K(2010624K), 0.0755391 secs] [Times: user=0.31 sys=0.00, real=0.08 secs] 
[GC (Allocation Failure) [ParNew (0: promotion failure size = 9372)  (1: promotion failure size = 9372)  (2: promotion failure size = 9372)  (3: promotion failure size = 9372)  (4: promotion failure size = 9372)  (5: promotion failure size = 9372)  (6: promotion failure size = 9372)  (7: promotion failure size = 9372)  (promotion failed): 572676K->613440K(613440K), 0.2802301 secs][CMS: 941062K->757090K(1397184K), 2.3088700 secs] 1460905K->757090K(2010624K), [Metaspace: 10002K->10002K(10240K)], 2.5892336 secs] [Times: user=3.17 sys=0.00, real=2.59 secs] 

*** PauseDetector detected a 2592 ms pause at Sat Dec 20 00:09:30 EET 2014 ***

[GC (Allocation Failure) [ParNew: 545344K->27400K(613440K), 0.0071241 secs] 1302434K->784491K(2010624K), 0.0072062 secs] [Times: user=0.06 sys=0.00, real=0.01 secs] 
[GC (Allocation Failure) [ParNew: 572744K->68096K(613440K), 0.1381332 secs] 1329835K->877376K(2010624K), 0.1381813 secs] [Times: user=0.59 sys=0.00, real=0.14 secs] 
[GC (Allocation Failure) [ParNew: 613440K->20542K(613440K), 0.0622502 secs] 1422720K->894362K(2010624K), 0.0622983 secs] [Times: user=0.22 sys=0.00, real=0.06 secs] 
[GC (Allocation Failure) [ParNew: 565886K->68096K(613440K), 0.1271546 secs] 1439706K->991110K(2010624K), 0.1272065 secs] [Times: user=0.53 sys=0.00, real=0.13 secs] 
[GC (Allocation Failure) [ParNew: 613440K->34264K(613440K), 0.0660926 secs] 1536454K->1021230K(2010624K), 0.0661407 secs] [Times: user=0.20 sys=0.00, real=0.06 secs] 
[GC (Allocation Failure) [ParNew: 579608K->68096K(613440K), 0.1218584 secs] 1566574K->1105039K(2010624K), 0.1220027 secs] [Times: user=0.51 sys=0.00, real=0.11 secs] 
[GC (Allocation Failure) [ParNew: 613440K->26061K(613440K), 0.0576944 secs] 1650383K->1123060K(2010624K), 0.0577405 secs] [Times: user=0.14 sys=0.00, real=0.06 secs] 
[GC (Allocation Failure) [ParNew: 571405K->68096K(613440K), 0.1049740 secs] 1668404K->1211492K(2010624K), 0.1050208 secs] [Times: user=0.44 sys=0.02, real=0.11 secs] 
[GC (Allocation Failure) [ParNew: 613440K->33891K(613440K), 0.0543152 secs] 1756836K->1240372K(2010624K), 0.0543627 secs] [Times: user=0.19 sys=0.00, real=0.06 secs] 
[GC (CMS Initial Mark) [1 CMS-initial-mark: 1206481K(1397184K)] 1251305K(2010624K), 0.0035158 secs] [Times: user=0.03 sys=0.00, real=0.00 secs] 
[CMS-concurrent-mark-start]
[CMS-concurrent-mark: 1.203/1.203 secs] [Times: user=3.99 sys=0.00, real=1.20 secs] 
[CMS-concurrent-preclean-start]
[CMS-concurrent-preclean: 0.161/0.172 secs] [Times: user=0.34 sys=0.00, real=0.17 secs] 
[CMS-concurrent-abortable-preclean-start]
[GC (Allocation Failure) [ParNew: 579235K->68096K(613440K), 0.0989130 secs] 1785716K->1320346K(2010624K), 0.0989605 secs] [Times: user=0.50 sys=0.00, real=0.09 secs] 
[CMS-concurrent-abortable-preclean: 0.764/1.273 secs] [Times: user=2.47 sys=0.00, real=1.27 secs] 
[GC (CMS Final Remark) [YG occupancy: 420937 K (613440 K)][Rescan (parallel) , 0.0900234 secs][weak refs processing, 0.0000218 secs][class unloading, 0.0090315 secs][scrub symbol table, 0.0012485 secs][scrub string table, 0.0003779 secs][1 CMS-remark: 1252250K(1397184K)] 1673187K(2010624K), 0.1017033 secs] [Times: user=0.38 sys=0.00, real=0.10 secs] 
[CMS-concurrent-sweep-start]
[GC (Allocation Failure) [ParNew: 613440K->33950K(613440K), 0.0482439 secs] 1820690K->1304173K(2010624K), 0.0482901 secs] [Times: user=0.12 sys=0.00, real=0.05 secs] 
[CMS-concurrent-sweep: 0.845/0.893 secs] [Times: user=2.07 sys=0.01, real=0.90 secs] 
[CMS-concurrent-reset-start]
[CMS-concurrent-reset: 0.003/0.003 secs] [Times: user=0.00 sys=0.00, real=0.00 secs] 
[GC (Allocation Failure) [ParNew: 579294K->68096K(613440K), 0.0938728 secs] 1326831K->860423K(2010624K), 0.0939235 secs] [Times: user=0.41 sys=0.00, real=0.09 secs] 
[GC (Allocation Failure) [ParNew: 613440K->34201K(613440K), 0.0493924 secs] 1405767K->890023K(2010624K), 0.0495335 secs] [Times: user=0.14 sys=0.00, real=0.05 secs] 
[GC (Allocation Failure) [ParNew (0: promotion failure size = 45)  (1: promotion failure size = 45)  (2: promotion failure size = 2779)  (3: promotion failure size = 45)  (4: promotion failure size = 2779)  (5: promotion failure size = 45)  (6: promotion failure size = 45)  (7: promotion failure size = 45)  (promotion failed): 579545K->613440K(613440K), 2.5016700 secs][CMS: 876644K->746546K(1397184K), 2.2220558 secs] 1435367K->746546K(2010624K), [Metaspace: 10002K->10002K(10240K)], 4.7237977 secs] [Times: user=4.93 sys=0.56, real=4.72 secs] 

*** PauseDetector detected a 4726 ms pause at Sat Dec 20 00:09:57 EET 2014 ***

[GC (Allocation Failure) [ParNew: 545344K->27374K(613440K), 0.0068264 secs] 1291890K->773921K(2010624K), 0.0068706 secs] [Times: user=0.00 sys=0.00, real=0.01 secs] 
[GC (Allocation Failure) [ParNew: 572718K->68096K(613440K), 0.0813428 secs] 1319265K->859122K(2010624K), 0.0813935 secs] [Times: user=0.33 sys=0.00, real=0.08 secs] 
[GC (Allocation Failure) [ParNew: 613440K->33977K(613440K), 0.0434360 secs] 1404466K->888608K(2010624K), 0.0434931 secs] [Times: user=0.17 sys=0.00, real=0.04 secs] 
[GC (Allocation Failure) [ParNew: 579321K->68096K(613440K), 0.0737119 secs] 1433952K->967490K(2010624K), 0.0737652 secs] [Times: user=0.31 sys=0.00, real=0.07 secs] 
[GC (Allocation Failure) [ParNew: 613440K->39967K(613440K), 0.0363093 secs] 1512834K->1001027K(2010624K), 0.0363575 secs] [Times: user=0.12 sys=0.00, real=0.03 secs] 
[GC (Allocation Failure) [ParNew: 585311K->68096K(613440K), 0.0721349 secs] 1546371K->1074269K(2010624K), 0.0721837 secs] [Times: user=0.25 sys=0.00, real=0.07 secs] 
[GC (Allocation Failure) [ParNew: 613440K->32948K(613440K), 0.0417364 secs] 1619613K->1100252K(2010624K), 0.0417858 secs] [Times: user=0.13 sys=0.00, real=0.04 secs] 
[GC (Allocation Failure) [ParNew: 578292K->68096K(613440K), 0.0704149 secs] 1645596K->1182308K(2010624K), 0.0705272 secs] [Times: user=0.26 sys=0.00, real=0.07 secs] 
[GC (Allocation Failure) [ParNew: 613440K->25581K(613440K), 0.0438126 secs] 1727652K->1198861K(2010624K), 0.0438889 secs] [Times: user=0.14 sys=0.00, real=0.04 secs] 
[GC (CMS Initial Mark) [1 CMS-initial-mark: 1173279K(1397184K)] 1198863K(2010624K), 0.0045584 secs] [Times: user=0.00 sys=0.00, real=0.01 secs] 
[CMS-concurrent-mark-start]
[CMS-concurrent-mark: 1.176/1.176 secs] [Times: user=3.88 sys=0.00, real=1.17 secs] 
[CMS-concurrent-preclean-start]
[CMS-concurrent-preclean: 0.098/0.105 secs] [Times: user=0.19 sys=0.00, real=0.11 secs] 
[CMS-concurrent-abortable-preclean-start]
[GC (Allocation Failure) [ParNew[CMS-concurrent-abortable-preclean: 0.063/0.362 secs] [Times: user=0.62 sys=0.00, real=0.36 secs] 
: 570925K->68096K(613440K), 0.0716660 secs] 1744205K->1286092K(2010624K), 0.0717154 secs] [Times: user=0.27 sys=0.00, real=0.07 secs] 
[GC (CMS Final Remark) [YG occupancy: 79123 K (613440 K)][Rescan (parallel) , 0.0350345 secs][weak refs processing, 0.0000160 secs][class unloading, 0.0068110 secs][scrub symbol table, 0.0011613 secs][scrub string table, 0.0003631 secs][1 CMS-remark: 1217996K(1397184K)] 1297119K(2010624K), 0.0443913 secs] [Times: user=0.16 sys=0.00, real=0.04 secs] 
[CMS-concurrent-sweep-start]
[CMS-concurrent-sweep: 0.649/0.649 secs] [Times: user=1.26 sys=0.00, real=0.65 secs] 
[CMS-concurrent-reset-start]
[CMS-concurrent-reset: 0.003/0.003 secs] [Times: user=0.00 sys=0.00, real=0.00 secs] 
[GC (Allocation Failure) [ParNew: 613440K->32914K(613440K), 0.0408684 secs] 1295641K->775978K(2010624K), 0.0409152 secs] [Times: user=0.13 sys=0.00, real=0.04 secs] 
[GC (Allocation Failure) [ParNew: 578258K->68096K(613440K), 0.0664974 secs] 1321322K->855674K(2010624K), 0.0665443 secs] [Times: user=0.28 sys=0.00, real=0.06 secs] 
[GC (Allocation Failure) [ParNew: 613440K->26085K(613440K), 0.0358930 secs] 1401018K->873826K(2010624K), 0.0359975 secs] [Times: user=0.13 sys=0.00, real=0.03 secs] 
[GC (Allocation Failure) [ParNew: 571429K->68096K(613440K), 0.0767626 secs] 1419170K->956905K(2010624K), 0.0768704 secs] [Times: user=0.30 sys=0.00, real=0.08 secs] 
[GC (Allocation Failure) [ParNew (0: promotion failure size = 1854)  (1: promotion failure size = 1854)  (2: promotion failure size = 1854)  (3: promotion failure size = 1854)  (4: promotion failure size = 1854)  (5: promotion failure size = 1854)  (6: promotion failure size = 1854)  (7: promotion failure size = 1854)  (promotion failed): 613440K->586359K(613440K), 0.2974654 secs][CMS: 951905K->745514K(1397184K), 2.1262718 secs] 1502249K->745514K(2010624K), [Metaspace: 10002K->10002K(10240K)]
*** PauseDetector detected a 2425 ms pause at Sat Dec 20 00:10:22 EET 2014 ***

, 2.4238045 secs] [Times: user=2.53 sys=0.00, real=2.42 secs] 
[GC (Allocation Failure) [ParNew: 545344K->68096K(613440K), 0.0603505 secs] 1290858K->857250K(2010624K), 0.0603967 secs] [Times: user=0.22 sys=0.00, real=0.06 secs] 
[GC (Allocation Failure) [ParNew: 613440K->19917K(613440K), 0.0311806 secs] 1402594K->870833K(2010624K), 0.0312242 secs] [Times: user=0.13 sys=0.00, real=0.03 secs] 
[GC (Allocation Failure) [ParNew: 565261K->68096K(613440K), 0.0604531 secs] 1416177K->961257K(2010624K), 0.0605038 secs] [Times: user=0.20 sys=0.00, real=0.06 secs] 
[GC (Allocation Failure) [ParNew: 613440K->40280K(613440K), 0.0414535 secs] 1506601K->995925K(2010624K), 0.0415016 secs] [Times: user=0.14 sys=0.00, real=0.04 secs] 
[GC (Allocation Failure) [ParNew: 585624K->68096K(613440K), 0.0591886 secs] 1541269K->1067688K(2010624K), 0.0592380 secs] [Times: user=0.25 sys=0.00, real=0.06 secs] 
[GC (Allocation Failure) [ParNew: 613440K->19611K(613440K), 0.0409159 secs] 1613032K->1079489K(2010624K), 0.0409621 secs] [Times: user=0.16 sys=0.00, real=0.04 secs] 
[GC (Allocation Failure) [ParNew: 564955K->68096K(613440K), 0.0584322 secs] 1624833K->1170005K(2010624K), 0.0584796 secs] [Times: user=0.28 sys=0.00, real=0.06 secs] 
[GC (Allocation Failure) [ParNew: 613440K->40230K(613440K), 0.0286015 secs] 1715349K->1204306K(2010624K), 0.0286496 secs] [Times: user=0.16 sys=0.00, real=0.03 secs] 
[GC (CMS Initial Mark) [1 CMS-initial-mark: 1164076K(1397184K)] 1215238K(2010624K), 0.0041702 secs] [Times: user=0.00 sys=0.00, real=0.00 secs] 
[CMS-concurrent-mark-start]
[CMS-concurrent-mark: 1.246/1.246 secs] [Times: user=3.99 sys=0.01, real=1.25 secs] 
[CMS-concurrent-preclean-start]
[CMS-concurrent-preclean: 0.098/0.104 secs] [Times: user=0.22 sys=0.00, real=0.10 secs] 
[CMS-concurrent-abortable-preclean-start]
[GC (Allocation Failure) [ParNew: 585574K->68096K(613440K), 0.0596050 secs] 1749650K->1273433K(2010624K), 0.0596550 secs] [Times: user=0.20 sys=0.00, real=0.06 secs] 
[CMS-concurrent-abortable-preclean: 0.670/1.159 secs] [Times: user=2.04 sys=0.00, real=1.16 secs] 
[GC (CMS Final Remark) [YG occupancy: 442181 K (613440 K)][Rescan (parallel) , 0.0896282 secs][weak refs processing, 0.0000192 secs][class unloading, 0.0087325 secs][scrub symbol table, 0.0011279 secs][scrub string table, 0.0004061 secs][1 CMS-remark: 1205337K(1397184K)] 1647519K(2010624K), 0.1009090 secs] [Times: user=0.39 sys=0.00, real=0.10 secs] 
[CMS-concurrent-sweep-start]
[GC (Allocation Failure) [ParNew: 613440K->27067K(613440K), 0.0339349 secs] 1806306K->1282703K(2010624K), 0.0339836 secs] [Times: user=0.16 sys=0.00, real=0.03 secs] 
[CMS-concurrent-sweep: 0.554/0.588 secs] [Times: user=1.23 sys=0.00, real=0.59 secs] 
[CMS-concurrent-reset-start]
[CMS-concurrent-reset: 0.003/0.003 secs] [Times: user=0.03 sys=0.00, real=0.00 secs] 
[GC (Allocation Failure) [ParNew: 572411K->68096K(613440K), 0.0552673 secs] 1313359K->851710K(2010624K), 0.0553148 secs] [Times: user=0.19 sys=0.00, real=0.06 secs] 
[GC (Allocation Failure) [ParNew: 613440K->33209K(613440K), 0.0326395 secs] 1397054K->878030K(2010624K), 0.0327050 secs] [Times: user=0.16 sys=0.00, real=0.03 secs] 
[GC (Allocation Failure) [ParNew: 578553K->68096K(613440K), 0.0600291 secs] 1423374K->952829K(2010624K), 0.0601760 secs] [Times: user=0.22 sys=0.01, real=0.06 secs] 
[GC (Allocation Failure) [ParNew (0: promotion failure size = 101)  (1: promotion failure size = 101)  (2: promotion failure size = 101)  (3: promotion failure size = 101)  (4: promotion failure size = 101)  (5: promotion failure size = 101)  (6: promotion failure size = 101)  (7: promotion failure size = 101)  (promotion failed): 613440K->586334K(613440K), 2.9531310 secs][CMS: 901061K->744320K(1397184K), 2.0450008 secs] 1498173K->744320K(2010624K), [Metaspace: 10002K->10002K(10240K)], 4.9982357 secs] [Times: user=4.91 sys=0.47, real=5.00 secs] 

*** PauseDetector detected a 4997 ms pause at Sat Dec 20 00:10:48 EET 2014 ***

[GC (Allocation Failure) [ParNew: 545344K->68096K(613440K), 0.0521242 secs] 1289664K->853665K(2010624K), 0.0521890 secs] [Times: user=0.20 sys=0.00, real=0.05 secs] 
[GC (Allocation Failure) [ParNew: 613440K->26984K(613440K), 0.0405386 secs] 1399009K->875343K(2010624K), 0.0405893 secs] [Times: user=0.14 sys=0.00, real=0.04 secs] 
[GC (Allocation Failure) [ParNew: 572328K->68096K(613440K), 0.0527112 secs] 1420687K->957528K(2010624K), 0.0527709 secs] [Times: user=0.22 sys=0.00, real=0.05 secs] 
[GC (Allocation Failure) [ParNew: 613440K->26974K(613440K), 0.0323868 secs] 1502872K->978801K(2010624K), 0.0324477 secs] [Times: user=0.13 sys=0.00, real=0.03 secs] 
[GC (Allocation Failure) [ParNew: 572318K->68096K(613440K), 0.0526683 secs] 1524145K->1062270K(2010624K), 0.0527337 secs] [Times: user=0.20 sys=0.00, real=0.05 secs] 
[GC (Allocation Failure) [ParNew: 613440K->26408K(613440K), 0.0298006 secs] 1607614K->1081504K(2010624K), 0.0298545 secs] [Times: user=0.06 sys=0.00, real=0.03 secs] 
[GC (Allocation Failure) [ParNew: 571752K->68096K(613440K), 0.1713149 secs] 1626848K->1190776K(2010624K), 0.1713662 secs] [Times: user=0.69 sys=0.00, real=0.16 secs] 
[GC (CMS Initial Mark) [1 CMS-initial-mark: 1122680K(1397184K)] 1201792K(2010624K), 0.0126313 secs] [Times: user=0.11 sys=0.00, real=0.02 secs] 
[CMS-concurrent-mark-start]
[GC (Allocation Failure) [ParNew: 613440K->40954K(613440K), 0.0871651 secs] 1736120K->1228369K(2010624K), 0.0872158 secs] [Times: user=0.41 sys=0.00, real=0.09 secs] 
[CMS-concurrent-mark: 1.512/1.600 secs] [Times: user=4.96 sys=0.00, real=1.60 secs] 
[CMS-concurrent-preclean-start]
[CMS-concurrent-preclean: 0.169/0.172 secs] [Times: user=0.48 sys=0.00, real=0.17 secs] 
[CMS-concurrent-abortable-preclean-start]
[CMS-concurrent-abortable-preclean: 0.568/1.174 secs] [Times: user=2.42 sys=0.00, real=1.17 secs] 
[GC (CMS Final Remark) [YG occupancy: 361461 K (613440 K)][Rescan (parallel) , 0.0719200 secs][weak refs processing, 0.0000212 secs][class unloading, 0.0092688 secs][scrub symbol table, 0.0011119 secs][scrub string table, 0.0003548 secs][1 CMS-remark: 1187414K(1397184K)] 1548875K(2010624K), 0.0836981 secs] [Times: user=0.34 sys=0.00, real=0.08 secs] 
[CMS-concurrent-sweep-start]
[CMS-concurrent-sweep: 0.498/0.498 secs] [Times: user=0.98 sys=0.00, real=0.50 secs] 
[CMS-concurrent-reset-start]
[CMS-concurrent-reset: 0.003/0.003 secs] [Times: user=0.00 sys=0.00, real=0.00 secs] 
[GC (Allocation Failure) [ParNew: 586298K->68096K(613440K), 0.2032301 secs] 1353832K->892521K(2010624K), 0.2032782 secs] [Times: user=0.80 sys=0.00, real=0.20 secs] 
[GC (Allocation Failure) [ParNew: 613440K->20504K(613440K), 0.0926519 secs] 1437865K->908817K(2010624K), 0.0927000 secs] [Times: user=0.30 sys=0.00, real=0.09 secs] 
[GC (Allocation Failure) [ParNew: 565848K->68096K(613440K), 0.1607045 secs] 1454161K->1010732K(2010624K), 0.1607616 secs] [Times: user=0.78 sys=0.00, real=0.16 secs] 
[GC (Allocation Failure) [ParNew: 613440K->34232K(613440K), 0.0638272 secs] 1556076K->1040506K(2010624K), 0.0638785 secs] [Times: user=0.23 sys=0.00, real=0.06 secs] 
[GC (Allocation Failure) [ParNew: 579576K->68096K(613440K), 0.1509384 secs] 1585850K->1124550K(2010624K), 0.1509878 secs] [Times: user=0.66 sys=0.00, real=0.15 secs] 
[GC (Allocation Failure) [ParNew (1: promotion failure size = 6249)  (2: promotion failure size = 6249)  (3: promotion failure size = 6249)  (4: promotion failure size = 6249)  (5: promotion failure size = 6249)  (6: promotion failure size = 6249)  (promotion failed): 613440K->565881K(613440K), 0.1826605 secs][CMS: 1119783K->754599K(1397184K), 2.1959148 secs] 1669894K->754599K(2010624K), [Metaspace: 10002K->10002K(10240K)]
*** PauseDetector detected a 2383 ms pause at Sat Dec 20 00:11:13 EET 2014 ***

, 2.3786600 secs] [Times: user=2.50 sys=0.00, real=2.38 secs] 
[GC (Allocation Failure) [ParNew: 545344K->68096K(613440K), 0.1232878 secs] 1299943K->873333K(2010624K), 0.1233333 secs] [Times: user=0.51 sys=0.00, real=0.12 secs] 
[GC (Allocation Failure) [ParNew: 613440K->27410K(613440K), 0.0546238 secs] 1418677K->897144K(2010624K), 0.0546732 secs] [Times: user=0.16 sys=0.00, real=0.05 secs] 
[GC (Allocation Failure) [ParNew: 572754K->68096K(613440K), 0.1150185 secs] 1442488K->984412K(2010624K), 0.1150801 secs] [Times: user=0.39 sys=0.00, real=0.12 secs] 
[GC (Allocation Failure) [ParNew: 613440K->20567K(613440K), 0.0515044 secs] 1529756K->1000667K(2010624K), 0.0515538 secs] [Times: user=0.19 sys=0.00, real=0.05 secs] 
[GC (Allocation Failure) [ParNew: 565911K->68096K(613440K), 0.1021697 secs] 1546011K->1094327K(2010624K), 0.1022178 secs] [Times: user=0.42 sys=0.00, real=0.09 secs] 
[GC (Allocation Failure) [ParNew: 613440K->27310K(613440K), 0.0478057 secs] 1639671K->1117002K(2010624K), 0.0478590 secs] [Times: user=0.14 sys=0.00, real=0.05 secs] 
[GC (Allocation Failure) [ParNew: 572654K->68096K(613440K), 0.0997362 secs] 1662346K->1202994K(2010624K), 0.0997862 secs] [Times: user=0.42 sys=0.00, real=0.09 secs] 
[GC (Allocation Failure) [ParNew: 613440K->27421K(613440K), 0.0441590 secs] 1748338K->1225855K(2010624K), 0.0442097 secs] [Times: user=0.16 sys=0.00, real=0.04 secs] 
[GC (CMS Initial Mark) [1 CMS-initial-mark: 1198433K(1397184K)] 1236788K(2010624K), 0.0056093 secs] [Times: user=0.00 sys=0.00, real=0.01 secs] 
[CMS-concurrent-mark-start]
[CMS-concurrent-mark: 1.342/1.342 secs] [Times: user=4.42 sys=0.00, real=1.34 secs] 
[CMS-concurrent-preclean-start]
[CMS-concurrent-preclean: 0.153/0.163 secs] [Times: user=0.34 sys=0.00, real=0.16 secs] 
[CMS-concurrent-abortable-preclean-start]
[GC (Allocation Failure) [ParNew: 572765K->68096K(613440K), 0.0887973 secs] 1771199K->1311323K(2010624K), 0.0888467 secs] [Times: user=0.44 sys=0.00, real=0.08 secs] 
[CMS-concurrent-abortable-preclean: 0.931/1.329 secs] [Times: user=2.62 sys=0.00, real=1.33 secs] 
[GC (CMS Final Remark) [YG occupancy: 496895 K (613440 K)][Rescan (parallel) , 0.1183919 secs][weak refs processing, 0.0000212 secs][class unloading, 0.0082994 secs][scrub symbol table, 0.0010592 secs][scrub string table, 0.0003522 secs][1 CMS-remark: 1243227K(1397184K)] 1740122K(2010624K), 0.1290973 secs] [Times: user=0.48 sys=0.00, real=0.12 secs] 
[CMS-concurrent-sweep-start]
[GC (Allocation Failure) [ParNew: 613440K->34287K(613440K), 0.0425557 secs] 1856667K->1341006K(2010624K), 0.0427033 secs] [Times: user=0.17 sys=0.00, real=0.04 secs] 
[CMS-concurrent-sweep: 0.798/0.841 secs] [Times: user=2.07 sys=0.00, real=0.85 secs] 
[CMS-concurrent-reset-start]
[CMS-concurrent-reset: 0.003/0.003 secs] [Times: user=0.00 sys=0.00, real=0.00 secs] 
[GC (Allocation Failure) [ParNew: 579631K->68096K(613440K), 0.0866525 secs] 1326214K->857974K(2010624K), 0.0866994 secs] [Times: user=0.30 sys=0.00, real=0.08 secs] 
[GC (Allocation Failure) [ParNew: 613440K->34230K(613440K), 0.0407407 secs] 1403318K->887626K(2010624K), 0.0407914 secs] [Times: user=0.08 sys=0.00, real=0.04 secs] 
[GC (Allocation Failure) [ParNew (0: promotion failure size = 2779)  (1: promotion failure size = 2779)  (2: promotion failure size = 2779)  (3: promotion failure size = 2779)  (4: promotion failure size = 2779)  (5: promotion failure size = 2779)  (6: promotion failure size = 2779)  (7: promotion failure size = 2779)  (promotion failed): 579574K->613440K(613440K), 1.1928885 secs][CMS: 887105K->746207K(1397184K), 2.0512189 secs] 1432970K->746207K(2010624K), [Metaspace: 10002K->10002K(10240K)], 3.2441690 secs] [Times: user=3.59 sys=0.23, real=3.24 secs] 

*** PauseDetector detected a 3246 ms pause at Sat Dec 20 00:11:37 EET 2014 ***

[Full GC (System.gc()) [CMS: 746207K->746417K(1397184K), 1.8818410 secs] 1197464K->746417K(2010624K), [Metaspace: 10002K->10002K(10240K)], 1.8822086 secs] [Times: user=1.89 sys=0.00, real=1.88 secs] 
[Full GC (System.gc()) [CMS: 746417K->746339K(1397184K), 1.5343519 secs] 757315K->746339K(2010624K), [Metaspace: 10002K->10002K(10240K)]
*** PauseDetector detected a 1886 ms pause at Sat Dec 20 00:11:40 EET 2014 ***

, 1.5346047 secs] [Times: user=1.53 sys=0.00, real=1.53 secs] 
[Full GC (System.gc()) [CMS: 746339K->741631K(1397184K), 1.4985982 secs] 757237K->741631K(2010624K), [Metaspace: 10002K->10002K(10240K)]
*** PauseDetector detected a 3035 ms pause at Sat Dec 20 00:11:43 EET 2014 ***

, 1.4988266 secs] [Times: user=1.50 sys=0.00, real=1.50 secs] 
[GC (Allocation Failure) [ParNew: 545344K->68096K(613440K), 0.0799686 secs] 1286975K->855092K(2010624K), 0.0800366 secs] [Times: user=0.34 sys=0.00, real=0.07 secs] 
[GC (Allocation Failure) [ParNew: 613440K->39625K(613440K), 0.0501674 secs] 1400436K->888768K(2010624K), 0.0502155 secs] [Times: user=0.16 sys=0.00, real=0.04 secs] 
[GC (Allocation Failure) [ParNew: 584969K->68096K(613440K), 0.0901998 secs] 1434112K->961820K(2010624K), 0.0902582 secs] [Times: user=0.41 sys=0.00, real=0.09 secs] 
[GC (Allocation Failure) [ParNew: 613440K->26886K(613440K), 0.0441667 secs] 1507164K->982317K(2010624K), 0.0442238 secs] [Times: user=0.14 sys=0.00, real=0.04 secs] 
[GC (Allocation Failure) [ParNew: 572230K->68096K(613440K), 0.0743580 secs] 1527661K->1067142K(2010624K), 0.0744190 secs] [Times: user=0.30 sys=0.00, real=0.07 secs] 
[GC (Allocation Failure) [ParNew: 613440K->26963K(613440K), 0.0384407 secs] 1612486K->1090069K(2010624K), 0.0384894 secs] [Times: user=0.08 sys=0.00, real=0.03 secs] 
[Full GC (System.gc()) [CMS: 1063105K->742580K(1397184K), 1.7360351 secs] 1375361K->742580K(2010624K), [Metaspace: 10002K->10002K(10240K)], 1.7363001 secs] [Times: user=1.73 sys=0.00, real=1.74 secs] 
[Full GC (System.gc()) [CMS: 742580K->742502K(1397184K), 1.5092778 secs] 753531K->742502K(2010624K), [Metaspace: 10002K->10002K(10240K)], 1.5095075 secs] [Times: user=1.51 sys=0.00, real=1.51 secs] 
[Full GC (System.gc()) [CMS: 742502K->740809K(1397184K), 1.5049838 secs] 753453K->740809K(2010624K), [Metaspace: 10002K->10002K(10240K)]
*** PauseDetector detected a 1740 ms pause at Sat Dec 20 00:11:55 EET 2014 ***

, 1.5051852 secs] [Times: user=1.50 sys=0.00, real=1.50 secs] 
********************************
********** ROUND   26 **********
********************************

*** PauseDetector detected a 3020 ms pause at Sat Dec 20 00:11:58 EET 2014 ***

[GC (Allocation Failure) [ParNew: 545344K->9541K(613440K), 0.0068405 secs] 1286153K->750351K(2010624K), 0.0068905 secs] [Times: user=0.08 sys=0.00, real=0.01 secs] 
[GC (Allocation Failure) [ParNew: 554885K->68096K(613440K), 0.0672769 secs] 1295695K->856599K(2010624K), 0.0673340 secs] [Times: user=0.25 sys=0.00, real=0.07 secs] 
[GC (Allocation Failure) [ParNew: 613440K->26124K(613440K), 0.0445016 secs] 1401943K->878264K(2010624K), 0.0445504 secs] [Times: user=0.19 sys=0.00, real=0.04 secs] 
[GC (Allocation Failure) [ParNew: 571468K->68096K(613440K), 0.0617125 secs] 1423608K->962659K(2010624K), 0.0617908 secs] [Times: user=0.20 sys=0.00, real=0.06 secs] 
[GC (Allocation Failure) [ParNew: 613440K->46961K(613440K), 0.0413849 secs] 1508003K->1004001K(2010624K), 0.0414355 secs] [Times: user=0.14 sys=0.00, real=0.04 secs] 
[GC (Allocation Failure) [ParNew: 592305K->68096K(613440K), 0.0616343 secs] 1549345K->1068845K(2010624K), 0.0616798 secs] [Times: user=0.25 sys=0.00, real=0.06 secs] 
[GC (Allocation Failure) [ParNew: 613440K->46096K(613440K), 0.0339381 secs] 1614189K->1107719K(2010624K), 0.0339843 secs] [Times: user=0.11 sys=0.00, real=0.03 secs] 
[GC (Allocation Failure) [ParNew: 591440K->68096K(613440K), 0.0592014 secs] 1653063K->1170523K(2010624K), 0.0592752 secs] [Times: user=0.22 sys=0.00, real=0.06 secs] 
[GC (Allocation Failure) [ParNew: 613440K->40970K(613440K), 0.0313243 secs] 1715867K->1206910K(2010624K), 0.0313718 secs] [Times: user=0.16 sys=0.00, real=0.03 secs] 
[GC (CMS Initial Mark) [1 CMS-initial-mark: 1165940K(1397184K)] 1206912K(2010624K), 0.0030982 secs] [Times: user=0.00 sys=0.00, real=0.00 secs] 
[CMS-concurrent-mark-start]
[CMS-concurrent-mark: 1.261/1.261 secs] [Times: user=4.15 sys=0.00, real=1.27 secs] 
[CMS-concurrent-preclean-start]
[CMS-concurrent-preclean: 0.083/0.088 secs] [Times: user=0.19 sys=0.00, real=0.09 secs] 
[CMS-concurrent-abortable-preclean-start]
[GC (Allocation Failure) [ParNew[CMS-concurrent-abortable-preclean: 0.039/0.257 secs] [Times: user=0.42 sys=0.00, real=0.26 secs] 
: 586314K->68096K(613440K), 0.0610800 secs] 1752254K->1277301K(2010624K), 0.0611313 secs] [Times: user=0.19 sys=0.00, real=0.06 secs] 
[GC (CMS Final Remark) [YG occupancy: 79170 K (613440 K)][Rescan (parallel) , 0.0277167 secs][weak refs processing, 0.0000205 secs][class unloading, 0.0072286 secs][scrub symbol table, 0.0013364 secs][scrub string table, 0.0003529 secs][1 CMS-remark: 1209205K(1397184K)] 1288376K(2010624K), 0.0376387 secs] [Times: user=0.19 sys=0.00, real=0.04 secs] 
[CMS-concurrent-sweep-start]
[CMS-concurrent-sweep: 0.558/0.558 secs] [Times: user=1.12 sys=0.00, real=0.56 secs] 
[CMS-concurrent-reset-start]
[CMS-concurrent-reset: 0.003/0.003 secs] [Times: user=0.00 sys=0.00, real=0.00 secs] 
[GC (Allocation Failure) [ParNew: 613440K->33016K(613440K), 0.0305031 secs] 1293645K->774116K(2010624K), 0.0306583 secs] [Times: user=0.12 sys=0.00, real=0.03 secs] 
[GC (Allocation Failure) [ParNew: 578360K->68096K(613440K), 0.0577341 secs] 1319460K->849801K(2010624K), 0.0577912 secs] [Times: user=0.28 sys=0.00, real=0.06 secs] 
[GC (Allocation Failure) [ParNew: 613440K->27317K(613440K), 0.0317817 secs] 1395145K->872466K(2010624K), 0.0318311 secs] [Times: user=0.08 sys=0.00, real=0.03 secs] 
[GC (Allocation Failure) [ParNew: 572661K->68096K(613440K), 0.0665904 secs] 1417810K->953776K(2010624K), 0.0666379 secs] [Times: user=0.23 sys=0.00, real=0.07 secs] 
[GC (Allocation Failure) [ParNew: 613440K->41128K(613440K), 0.0719624 secs] 1499120K->990235K(2010624K), 0.0720130 secs] [Times: user=0.11 sys=0.02, real=0.06 secs] 
[GC (Allocation Failure) [ParNew (0: promotion failure size = 97)  (1: promotion failure size = 97)  (2: promotion failure size = 97)  (3: promotion failure size = 97)  (4: promotion failure size = 97)  (5: promotion failure size = 1854)  (6: promotion failure size = 97)  (7: promotion failure size = 97)  (promotion failed): 586472K->613440K(613440K), 0.2998225 secs][CMS: 987037K->743709K(1397184K), 2.3520070 secs] 1535579K->743709K(2010624K), [Metaspace: 10004K->10004K(10240K)]
*** PauseDetector detected a 2652 ms pause at Sat Dec 20 00:12:24 EET 2014 ***

, 2.6520041 secs] [Times: user=2.81 sys=0.06, real=2.65 secs] 
[GC (Allocation Failure) [ParNew: 545344K->27380K(613440K), 0.0072421 secs] 1289053K->771090K(2010624K), 0.0072870 secs] [Times: user=0.00 sys=0.00, real=0.01 secs] 
[GC (Allocation Failure) [ParNew: 572724K->68096K(613440K), 0.0497574 secs] 1316434K->852992K(2010624K), 0.0498062 secs] [Times: user=0.28 sys=0.00, real=0.05 secs] 
[GC (Allocation Failure) [ParNew: 613440K->40634K(613440K), 0.0302862 secs] 1398336K->888475K(2010624K), 0.0304158 secs] [Times: user=0.16 sys=0.00, real=0.03 secs] 
[GC (Allocation Failure) [ParNew: 585978K->68096K(613440K), 0.0539431 secs] 1433819K->956444K(2010624K), 0.0539931 secs] [Times: user=0.20 sys=0.00, real=0.05 secs] 
[GC (Allocation Failure) [ParNew: 613440K->27104K(613440K), 0.0300899 secs] 1501788K->978367K(2010624K), 0.0301374 secs] [Times: user=0.13 sys=0.00, real=0.03 secs] 
[GC (Allocation Failure) [ParNew: 572448K->68096K(613440K), 0.0527831 secs] 1523711K->1061332K(2010624K), 0.0528338 secs] [Times: user=0.20 sys=0.00, real=0.05 secs] 
[GC (Allocation Failure) [ParNew: 613440K->26580K(613440K), 0.0300097 secs] 1606676K->1081059K(2010624K), 0.0300578 secs] [Times: user=0.13 sys=0.00, real=0.03 secs] 
[GC (Allocation Failure) [ParNew: 571924K->68096K(613440K), 0.0588479 secs] 1626403K->1164435K(2010624K), 0.0589371 secs] [Times: user=0.28 sys=0.00, real=0.06 secs] 
[GC (Allocation Failure) [ParNew: 613440K->26563K(613440K), 0.0283910 secs] 1709779K->1184214K(2010624K), 0.0284411 secs] [Times: user=0.14 sys=0.00, real=0.03 secs] 
[GC (CMS Initial Mark) [1 CMS-initial-mark: 1157650K(1397184K)] 1195163K(2010624K), 0.0023231 secs] [Times: user=0.00 sys=0.00, real=0.00 secs] 
[CMS-concurrent-mark-start]
[CMS-concurrent-mark: 1.379/1.379 secs] [Times: user=4.90 sys=0.00, real=1.38 secs] 
[CMS-concurrent-preclean-start]
[CMS-concurrent-preclean: 0.063/0.067 secs] [Times: user=0.14 sys=0.00, real=0.07 secs] 
[CMS-concurrent-abortable-preclean-start]
[GC (Allocation Failure) [ParNew[CMS-concurrent-abortable-preclean: 0.066/0.432 secs] [Times: user=0.81 sys=0.00, real=0.43 secs] 
: 571907K->68096K(613440K), 0.1889711 secs] 1729558K->1293340K(2010624K), 0.1890185 secs] [Times: user=0.77 sys=0.00, real=0.19 secs] 
[GC (CMS Final Remark) [YG occupancy: 79142 K (613440 K)][Rescan (parallel) , 0.0521659 secs][weak refs processing, 0.0000225 secs][class unloading, 0.0092092 secs][scrub symbol table, 0.0011619 secs][scrub string table, 0.0004003 secs][1 CMS-remark: 1225244K(1397184K)] 1304386K(2010624K), 0.0640075 secs] [Times: user=0.31 sys=0.00, real=0.06 secs] 
[CMS-concurrent-sweep-start]
[CMS-concurrent-sweep: 0.546/0.546 secs] [Times: user=1.12 sys=0.00, real=0.55 secs] 
[CMS-concurrent-reset-start]
[CMS-concurrent-reset: 0.003/0.003 secs] [Times: user=0.00 sys=0.00, real=0.00 secs] 
[GC (Allocation Failure) [ParNew: 613440K->34208K(613440K), 0.0804581 secs] 1316104K->802135K(2010624K), 0.0805088 secs] [Times: user=0.28 sys=0.00, real=0.07 secs] 
[GC (Allocation Failure) [ParNew: 579552K->68096K(613440K), 0.2103419 secs] 1347479K->893009K(2010624K), 0.2104491 secs] [Times: user=0.95 sys=0.00, real=0.21 secs] 
[GC (Allocation Failure) [ParNew: 613440K->27365K(613440K), 0.0807577 secs] 1438353K->916002K(2010624K), 0.0808065 secs] [Times: user=0.26 sys=0.00, real=0.08 secs] 
[GC (Allocation Failure) [ParNew: 572709K->68096K(613440K), 0.1755903 secs] 1461346K->1010952K(2010624K), 0.1756462 secs] [Times: user=0.81 sys=0.00, real=0.18 secs] 
[GC (Allocation Failure) [ParNew (0: promotion failure size = 9372)  (1: promotion failure size = 9372)  (2: promotion failure size = 9372)  (3: promotion failure size = 9372)  (4: promotion failure size = 9372)  (5: promotion failure size = 9372)  (6: promotion failure size = 9372)  (7: promotion failure size = 9372)  (promotion failed): 613440K->572768K(613440K), 0.2146752 secs][CMS: 1002644K->758547K(1397184K), 2.3593999 secs] 1556296K->758547K(2010624K), [Metaspace: 10004K->10004K(10240K)], 2.5741533 secs] [Times: user=2.85 sys=0.00, real=2.57 secs] 

*** PauseDetector detected a 2576 ms pause at Sat Dec 20 00:12:51 EET 2014 ***

[GC (Allocation Failure) [ParNew: 545344K->68096K(613440K), 0.1399591 secs] 1303891K->879219K(2010624K), 0.1400073 secs] [Times: user=0.59 sys=0.02, real=0.14 secs] 
[GC (Allocation Failure) [ParNew: 613440K->34069K(613440K), 0.0602812 secs] 1424563K->909290K(2010624K), 0.0603274 secs] [Times: user=0.23 sys=0.00, real=0.06 secs] 
[GC (Allocation Failure) [ParNew: 579413K->68096K(613440K), 0.1281022 secs] 1454634K->993287K(2010624K), 0.1281452 secs] [Times: user=0.59 sys=0.00, real=0.13 secs] 
[GC (Allocation Failure) [ParNew: 613440K->40712K(613440K), 0.0569694 secs] 1538631K->1029116K(2010624K), 0.0570207 secs] [Times: user=0.19 sys=0.00, real=0.06 secs] 
[GC (Allocation Failure) [ParNew: 586056K->68096K(613440K), 0.1152675 secs] 1574460K->1103012K(2010624K), 0.1153149 secs] [Times: user=0.51 sys=0.00, real=0.12 secs] 
[GC (Allocation Failure) [ParNew: 613440K->27357K(613440K), 0.0523212 secs] 1648356K->1126085K(2010624K), 0.0523686 secs] [Times: user=0.17 sys=0.00, real=0.05 secs] 
[GC (Allocation Failure) [ParNew: 572701K->68096K(613440K), 0.1037544 secs] 1671429K->1212628K(2010624K), 0.1038038 secs] [Times: user=0.44 sys=0.00, real=0.10 secs] 
[GC (Allocation Failure) [ParNew: 613440K->47992K(613440K), 0.0457078 secs] 1757972K->1256046K(2010624K), 0.0457643 secs] [Times: user=0.22 sys=0.00, real=0.05 secs] 
[GC (CMS Initial Mark) [1 CMS-initial-mark: 1208054K(1397184K)] 1256049K(2010624K), 0.0048362 secs] [Times: user=0.00 sys=0.00, real=0.00 secs] 
[CMS-concurrent-mark-start]
[CMS-concurrent-mark: 1.398/1.398 secs] [Times: user=4.74 sys=0.02, real=1.40 secs] 
[CMS-concurrent-preclean-start]
[CMS-concurrent-preclean: 0.234/0.248 secs] [Times: user=0.47 sys=0.00, real=0.25 secs] 
[CMS-concurrent-abortable-preclean-start]
[GC (Allocation Failure) [ParNew[CMS-concurrent-abortable-preclean: 0.026/0.130 secs] [Times: user=0.69 sys=0.00, real=0.13 secs] 
: 593336K->68096K(613440K), 0.0900792 secs] 1801390K->1321398K(2010624K), 0.0901267 secs] [Times: user=0.59 sys=0.00, real=0.09 secs] 
[GC (CMS Final Remark) [YG occupancy: 79047 K (613440 K)][Rescan (parallel) , 0.0608817 secs][weak refs processing, 0.0000218 secs][class unloading, 0.0069964 secs][scrub symbol table, 0.0011831 secs][scrub string table, 0.0003875 secs][1 CMS-remark: 1253302K(1397184K)] 1332350K(2010624K), 0.0705791 secs] [Times: user=0.42 sys=0.00, real=0.07 secs] 
[CMS-concurrent-sweep-start]
[CMS-concurrent-sweep: 0.812/0.812 secs] [Times: user=1.62 sys=0.00, real=0.81 secs] 
[CMS-concurrent-reset-start]
[CMS-concurrent-reset: 0.003/0.003 secs] [Times: user=0.00 sys=0.00, real=0.00 secs] 
[GC (Allocation Failure) [ParNew: 613440K->20535K(613440K), 0.0469852 secs] 1297600K->768189K(2010624K), 0.0470442 secs] [Times: user=0.19 sys=0.00, real=0.05 secs] 
[GC (Allocation Failure) [ParNew: 565879K->68096K(613440K), 0.0953863 secs] 1313533K->860497K(2010624K), 0.0954370 secs] [Times: user=0.42 sys=0.00, real=0.10 secs] 
[GC (Allocation Failure) [ParNew: 613440K->34277K(613440K), 0.0465508 secs] 1405841K->890216K(2010624K), 0.0466060 secs] [Times: user=0.16 sys=0.00, real=0.05 secs] 
[GC (Allocation Failure) [ParNew (0: promotion failure size = 2779)  (1: promotion failure size = 2779)  (2: promotion failure size = 2779)  (3: promotion failure size = 2779)  (4: promotion failure size = 2779)  (5: promotion failure size = 2779)  (6: promotion failure size = 2779)  (7: promotion failure size = 2779)  (promotion failed): 579621K->613440K(613440K), 0.7015485 secs][CMS: 894698K->746518K(1397184K), 2.3716527 secs] 1435560K->746518K(2010624K), [Metaspace: 10004K->10004K(10240K)], 3.0732660 secs] [Times: user=3.21 sys=0.11, real=3.07 secs] 

*** PauseDetector detected a 3074 ms pause at Sat Dec 20 00:13:15 EET 2014 ***

[GC (Allocation Failure) [ParNew: 545344K->54767K(613440K), 0.0061707 secs] 1291862K->801285K(2010624K), 0.0062393 secs] [Times: user=0.00 sys=0.00, real=0.01 secs] 
[GC (Allocation Failure) [ParNew: 600111K->68096K(613440K), 0.0708178 secs] 1346629K->858459K(2010624K), 0.0708877 secs] [Times: user=0.39 sys=0.00, real=0.07 secs] 
[GC (Allocation Failure) [ParNew: 613440K->34223K(613440K), 0.0361984 secs] 1403803K->888607K(2010624K), 0.0362490 secs] [Times: user=0.13 sys=0.00, real=0.04 secs] 
[GC (Allocation Failure) [ParNew: 579567K->68096K(613440K), 0.0732571 secs] 1433951K->967990K(2010624K), 0.0733045 secs] [Times: user=0.33 sys=0.00, real=0.07 secs] 
[GC (Allocation Failure) [ParNew: 613440K->19762K(613440K), 0.0398008 secs] 1513334K->980767K(2010624K), 0.0398502 secs] [Times: user=0.09 sys=0.00, real=0.04 secs] 
[GC (Allocation Failure) [ParNew: 565106K->68096K(613440K), 0.0736138 secs] 1526111K->1074427K(2010624K), 0.0736651 secs] [Times: user=0.28 sys=0.00, real=0.07 secs] 
[GC (Allocation Failure) [ParNew: 613440K->32880K(613440K), 0.0353521 secs] 1619771K->1099910K(2010624K), 0.0353977 secs] [Times: user=0.06 sys=0.00, real=0.03 secs] 
[GC (Allocation Failure) [ParNew: 578224K->68096K(613440K), 0.0713888 secs] 1645254K->1177420K(2010624K), 0.0714478 secs] [Times: user=0.25 sys=0.00, real=0.07 secs] 
[GC (Allocation Failure) [ParNew: 613440K->34137K(613440K), 0.0418275 secs] 1722764K->1207133K(2010624K), 0.0419713 secs] [Times: user=0.11 sys=0.00, real=0.04 secs] 
[GC (CMS Initial Mark) [1 CMS-initial-mark: 1172996K(1397184K)] 1218085K(2010624K), 0.0039662 secs] [Times: user=0.00 sys=0.00, real=0.01 secs] 
[CMS-concurrent-mark-start]
[CMS-concurrent-mark: 1.208/1.208 secs] [Times: user=3.98 sys=0.00, real=1.21 secs] 
[CMS-concurrent-preclean-start]
[CMS-concurrent-preclean: 0.105/0.112 secs] [Times: user=0.22 sys=0.00, real=0.11 secs] 
[CMS-concurrent-abortable-preclean-start]
[GC (Allocation Failure) [ParNew[CMS-concurrent-abortable-preclean: 0.051/0.266 secs] [Times: user=0.45 sys=0.00, real=0.27 secs] 
: 579481K->68096K(613440K), 0.0672474 secs] 1752477K->1283211K(2010624K), 0.0673135 secs] [Times: user=0.44 sys=0.00, real=0.07 secs] 
[GC (CMS Final Remark) [YG occupancy: 79047 K (613440 K)][Rescan (parallel) , 0.0336654 secs][weak refs processing, 0.0000212 secs][class unloading, 0.0079536 secs][scrub symbol table, 0.0012030 secs][scrub string table, 0.0005428 secs][1 CMS-remark: 1215115K(1397184K)] 1294163K(2010624K), 0.0447916 secs] [Times: user=0.25 sys=0.00, real=0.05 secs] 
[CMS-concurrent-sweep-start]
[CMS-concurrent-sweep: 0.620/0.620 secs] [Times: user=1.25 sys=0.00, real=0.62 secs] 
[CMS-concurrent-reset-start]
[CMS-concurrent-reset: 0.003/0.003 secs] [Times: user=0.00 sys=0.00, real=0.00 secs] 
[GC (Allocation Failure) [ParNew: 613440K->47907K(613440K), 0.0344026 secs] 1292812K->790721K(2010624K), 0.0344456 secs] [Times: user=0.11 sys=0.00, real=0.03 secs] 
[GC (Allocation Failure) [ParNew: 593251K->68096K(613440K), 0.0661452 secs] 1336065K->852156K(2010624K), 0.0661927 secs] [Times: user=0.28 sys=0.00, real=0.07 secs] 
[GC (Allocation Failure) [ParNew: 613440K->41063K(613440K), 0.0444625 secs] 1397500K->888675K(2010624K), 0.0445690 secs] [Times: user=0.14 sys=0.00, real=0.04 secs] 
[GC (Allocation Failure) [ParNew: 586407K->68096K(613440K), 0.0746114 secs] 1434019K->956794K(2010624K), 0.0746788 secs] [Times: user=0.30 sys=0.00, real=0.08 secs] 
[GC (Allocation Failure) [ParNew (0: promotion failure size = 1854)  (1: promotion failure size = 1854)  (2: promotion failure size = 1854)  (3: promotion failure size = 1854)  (4: promotion failure size = 1854)  (5: promotion failure size = 1854)  (6: promotion failure size = 1854)  (7: promotion failure size = 1854)  (promotion failed): 613440K->572723K(613440K), 0.4146159 secs][CMS: 951602K->745522K(1397184K), 1.8449792 secs] 1502138K->745522K(2010624K), [Metaspace: 10004K->10004K(10240K)], 2.2597478 secs] [Times: user=2.31 sys=0.13, real=2.25 secs] 

*** PauseDetector detected a 2253 ms pause at Sat Dec 20 00:13:40 EET 2014 ***

[GC (Allocation Failure) [ParNew: 545344K->68096K(613440K), 0.0606738 secs] 1290866K->855047K(2010624K), 0.0607252 secs] [Times: user=0.27 sys=0.01, real=0.06 secs] 
[GC (Allocation Failure) [ParNew: 613440K->47994K(613440K), 0.0340183 secs] 1400391K->898969K(2010624K), 0.0340690 secs] [Times: user=0.13 sys=0.00, real=0.03 secs] 
[GC (Allocation Failure) [ParNew: 593338K->68096K(613440K), 0.0585906 secs] 1444313K->961378K(2010624K), 0.0586400 secs] [Times: user=0.28 sys=0.00, real=0.06 secs] 
[GC (Allocation Failure) [ParNew: 613440K->33529K(613440K), 0.0362381 secs] 1506722K->989094K(2010624K), 0.0363453 secs] [Times: user=0.13 sys=0.00, real=0.04 secs] 
[GC (Allocation Failure) [ParNew: 578873K->68096K(613440K), 0.0578169 secs] 1534438K->1064884K(2010624K), 0.0578689 secs] [Times: user=0.28 sys=0.00, real=0.06 secs] 
[GC (Allocation Failure) [ParNew: 613440K->40782K(613440K), 0.0404642 secs] 1610228K->1100713K(2010624K), 0.0405162 secs] [Times: user=0.14 sys=0.00, real=0.04 secs] 
[GC (Allocation Failure) [ParNew: 586126K->68096K(613440K), 0.0622893 secs] 1646057K->1171804K(2010624K), 0.0623426 secs] [Times: user=0.26 sys=0.00, real=0.06 secs] 
[GC (Allocation Failure) [ParNew: 613440K->26172K(613440K), 0.0298865 secs] 1717148K->1190187K(2010624K), 0.0299379 secs] [Times: user=0.13 sys=0.00, real=0.03 secs] 
[GC (CMS Initial Mark) [1 CMS-initial-mark: 1164014K(1397184K)] 1201136K(2010624K), 0.0034498 secs] [Times: user=0.01 sys=0.00, real=0.00 secs] 
[CMS-concurrent-mark-start]
[CMS-concurrent-mark: 1.118/1.118 secs] [Times: user=3.59 sys=0.00, real=1.12 secs] 
[CMS-concurrent-preclean-start]
[CMS-concurrent-preclean: 0.074/0.079 secs] [Times: user=0.16 sys=0.00, real=0.08 secs] 
[CMS-concurrent-abortable-preclean-start]
[GC (Allocation Failure) [ParNew[CMS-concurrent-abortable-preclean: 0.062/0.374 secs] [Times: user=0.53 sys=0.00, real=0.37 secs] 
: 571516K->68096K(613440K), 0.0585342 secs] 1735531K->1273230K(2010624K), 0.0585842 secs] [Times: user=0.27 sys=0.00, real=0.06 secs] 
[GC (CMS Final Remark) [YG occupancy: 68174 K (613440 K)][Rescan (parallel) , 0.0268281 secs][weak refs processing, 0.0000205 secs][class unloading, 0.0079440 secs][scrub symbol table, 0.0013358 secs][scrub string table, 0.0004003 secs][1 CMS-remark: 1205134K(1397184K)] 1273308K(2010624K), 0.0375367 secs] [Times: user=0.16 sys=0.00, real=0.04 secs] 
[CMS-concurrent-sweep-start]
[CMS-concurrent-sweep: 0.536/0.536 secs] [Times: user=1.09 sys=0.00, real=0.54 secs] 
[CMS-concurrent-reset-start]
[CMS-concurrent-reset: 0.003/0.003 secs] [Times: user=0.00 sys=0.00, real=0.00 secs] 
[GC (Allocation Failure) [ParNew: 613440K->33919K(613440K), 0.0321917 secs] 1291406K->774751K(2010624K), 0.0322373 secs] [Times: user=0.12 sys=0.00, real=0.03 secs] 
[GC (Allocation Failure) [ParNew: 579263K->68096K(613440K), 0.0559454 secs] 1320095K->849955K(2010624K), 0.0559980 secs] [Times: user=0.20 sys=0.00, real=0.05 secs] 
[GC (Allocation Failure) [ParNew: 613440K->27148K(613440K), 0.0457598 secs] 1395299K->871955K(2010624K), 0.0458047 secs] [Times: user=0.20 sys=0.00, real=0.04 secs] 
[GC (Allocation Failure) [ParNew: 572492K->68096K(613440K), 0.0614829 secs] 1417299K->952813K(2010624K), 0.0615265 secs] [Times: user=0.20 sys=0.00, real=0.05 secs] 
[GC (Allocation Failure) [ParNew (0: promotion failure size = 101)  (1: promotion failure size = 101)  (2: promotion failure size = 101)  (3: promotion failure size = 101)  (4: promotion failure size = 101)  (5: promotion failure size = 101)  (6: promotion failure size = 101)  (7: promotion failure size = 101)  (promotion failed): 613440K->593306K(613440K), 1.9905188 secs][CMS: 905399K->744325K(1397184K), 1.8470522 secs] 1498157K->744325K(2010624K), [Metaspace: 10004K->10004K(10240K)], 3.8376396 secs] [Times: user=3.95 sys=0.31, real=3.84 secs] 

*** PauseDetector detected a 3839 ms pause at Sat Dec 20 00:14:05 EET 2014 ***

[GC (Allocation Failure) [ParNew: 545344K->68096K(613440K), 0.0523282 secs] 1289669K->853390K(2010624K), 0.0523840 secs] [Times: user=0.17 sys=0.00, real=0.05 secs] 
[GC (Allocation Failure) [ParNew: 613440K->33877K(613440K), 0.0394082 secs] 1398734K->882240K(2010624K), 0.0394556 secs] [Times: user=0.14 sys=0.00, real=0.04 secs] 
[GC (Allocation Failure) [ParNew: 579221K->68096K(613440K), 0.0526926 secs] 1427584K->957292K(2010624K), 0.0527382 secs] [Times: user=0.20 sys=0.00, real=0.05 secs] 
[GC (Allocation Failure) [ParNew: 613440K->20243K(613440K), 0.0293662 secs] 1502636K->971937K(2010624K), 0.0294753 secs] [Times: user=0.13 sys=0.00, real=0.03 secs] 
[GC (Allocation Failure) [ParNew: 565587K->68096K(613440K), 0.0527677 secs] 1517281K->1060705K(2010624K), 0.0528120 secs] [Times: user=0.19 sys=0.00, real=0.05 secs] 
[GC (Allocation Failure) [ParNew: 613440K->20222K(613440K), 0.0284334 secs] 1606049K->1075144K(2010624K), 0.0284847 secs] [Times: user=0.11 sys=0.00, real=0.02 secs] 
[GC (Allocation Failure) [ParNew: 565566K->68096K(613440K), 0.1548751 secs] 1620488K->1190827K(2010624K), 0.1549239 secs] [Times: user=0.73 sys=0.00, real=0.15 secs] 
[GC (Allocation Failure) [ParNew: 613440K->27331K(613440K), 0.0872415 secs] 1736171K->1215129K(2010624K), 0.0873814 secs] [Times: user=0.31 sys=0.00, real=0.09 secs] 
[GC (CMS Initial Mark) [1 CMS-initial-mark: 1187797K(1397184K)] 1215129K(2010624K), 0.0025451 secs] [Times: user=0.00 sys=0.00, real=0.00 secs] 
[CMS-concurrent-mark-start]
[CMS-concurrent-mark: 1.275/1.275 secs] [Times: user=4.66 sys=0.00, real=1.27 secs] 
[CMS-concurrent-preclean-start]
[CMS-concurrent-preclean: 0.379/0.387 secs] [Times: user=0.78 sys=0.00, real=0.39 secs] 
[CMS-concurrent-abortable-preclean-start]
[GC (Allocation Failure) [ParNew: 572675K->68096K(613440K), 0.2028669 secs] 1760473K->1312954K(2010624K), 0.2029279 secs] [Times: user=0.95 sys=0.00, real=0.20 secs] 
[CMS-concurrent-abortable-preclean: 1.049/1.758 secs] [Times: user=3.54 sys=0.00, real=1.76 secs] 
[GC (CMS Final Remark) [YG occupancy: 486636 K (613440 K)][Rescan (parallel) , 0.1039231 secs][weak refs processing, 0.0000205 secs][class unloading, 0.0092567 secs][scrub symbol table, 0.0014352 secs][scrub string table, 0.0003574 secs][1 CMS-remark: 1244858K(1397184K)] 1731495K(2010624K), 0.1159937 secs] [Times: user=0.53 sys=0.00, real=0.12 secs] 
[CMS-concurrent-sweep-start]
[GC (Allocation Failure) [ParNew: 613440K->27424K(613440K), 0.0728125 secs] 1858298K->1336003K(2010624K), 0.0728619 secs] [Times: user=0.33 sys=0.00, real=0.07 secs] 
[CMS-concurrent-sweep: 0.779/0.852 secs] [Times: user=2.17 sys=0.00, real=0.85 secs] 
[CMS-concurrent-reset-start]
[CMS-concurrent-reset: 0.003/0.003 secs] [Times: user=0.05 sys=0.00, real=0.00 secs] 
[GC (Allocation Failure) [ParNew: 572768K->68096K(613440K), 0.1633067 secs] 1333596K->883269K(2010624K), 0.1634209 secs] [Times: user=0.76 sys=0.00, real=0.16 secs] 
[GC (Allocation Failure) [ParNew: 613440K->27395K(613440K), 0.0703494 secs] 1428613K->906323K(2010624K), 0.0703976 secs] [Times: user=0.27 sys=0.00, real=0.07 secs] 
[GC (Allocation Failure) [ParNew: 572739K->68096K(613440K), 0.1480635 secs] 1451667K->997305K(2010624K), 0.1481771 secs] [Times: user=0.58 sys=0.00, real=0.14 secs] 
[GC (Allocation Failure) [ParNew: 613440K->27397K(613440K), 0.0603761 secs] 1542649K->1020126K(2010624K), 0.0604262 secs] [Times: user=0.19 sys=0.00, real=0.06 secs] 
[GC (Allocation Failure) [ParNew: 572741K->68096K(613440K), 0.1333220 secs] 1565470K->1109806K(2010624K), 0.1333657 secs] [Times: user=0.48 sys=0.00, real=0.13 secs] 
[Full GC (System.gc()) [CMS: 1041710K->753371K(1397184K), 1.9815335 secs] 1650110K->753371K(2010624K), [Metaspace: 10004K->10004K(10240K)], 1.9817619 secs] [Times: user=1.97 sys=0.00, real=1.98 secs] 
[Full GC (System.gc()) [CMS: 753371K->753371K(1397184K), 1.7172492 secs] 753373K->753371K(2010624K), [Metaspace: 10004K->10004K(10240K)], 1.7174827 secs] [Times: user=1.73 sys=0.00, real=1.72 secs] 
[Full GC (System.gc()) [CMS: 753371K->753294K(1397184K), 1.7087393 secs] 764281K->753294K(2010624K), [Metaspace: 10004K->10004K(10240K)]
*** PauseDetector detected a 3701 ms pause at Sat Dec 20 00:14:34 EET 2014 ***

, 1.7089613 secs] [Times: user=1.70 sys=0.00, real=1.70 secs] 

*** PauseDetector detected a 1712 ms pause at Sat Dec 20 00:14:36 EET 2014 ***

[GC (Allocation Failure) [ParNew: 545344K->68096K(613440K), 0.1202942 secs] 1298638K->869307K(2010624K), 0.1203532 secs] [Times: user=0.51 sys=0.00, real=0.12 secs] 
[GC (Allocation Failure) [ParNew: 613440K->32390K(613440K), 0.0648832 secs] 1414651K->897940K(2010624K), 0.0649410 secs] [Times: user=0.22 sys=0.00, real=0.07 secs] 
[GC (Allocation Failure) [ParNew: 577734K->68096K(613440K), 0.1011342 secs] 1443284K->979533K(2010624K), 0.1011778 secs] [Times: user=0.44 sys=0.00, real=0.10 secs] 
[GC (Allocation Failure) [ParNew: 613440K->20762K(613440K), 0.0593605 secs] 1524877K->995915K(2010624K), 0.0594183 secs] [Times: user=0.17 sys=0.00, real=0.06 secs] 
[GC (Allocation Failure) [ParNew: 566106K->68096K(613440K), 0.0982009 secs] 1541259K->1088732K(2010624K), 0.0982593 secs] [Times: user=0.41 sys=0.00, real=0.09 secs] 
[GC (Allocation Failure) [ParNew: 613440K->13715K(613440K), 0.0590879 secs] 1634076K->1097797K(2010624K), 0.0591494 secs] [Times: user=0.20 sys=0.00, real=0.06 secs] 
[Full GC (System.gc()) [CMS: 1084082K->734504K(1397184K), 1.8825730 secs] 1206895K->734504K(2010624K), [Metaspace: 10004K->10004K(10240K)], 1.8828207 secs] [Times: user=1.87 sys=0.00, real=1.88 secs] 
[Full GC (System.gc()) [CMS: 734504K->734520K(1397184K), 1.6732249 secs] 745413K->734520K(2010624K), [Metaspace: 10004K->10004K(10240K)], 1.6734738 secs] [Times: user=1.69 sys=0.00, real=1.68 secs] 
[Full GC (System.gc()) [CMS: 734520K->734520K(1397184K), 1.4519472 secs] 745427K->734520K(2010624K), [Metaspace: 10004K->10004K(10240K)]
*** PauseDetector detected a 1880 ms pause at Sat Dec 20 00:14:48 EET 2014 ***

, 1.4521846 secs] [Times: user=1.45 sys=0.00, real=1.45 secs] 
********************************
********** ROUND   27 **********
********************************

*** PauseDetector detected a 3138 ms pause at Sat Dec 20 00:14:51 EET 2014 ***

[GC (Allocation Failure) [ParNew: 545344K->19893K(613440K), 0.0113097 secs] 1279864K->754413K(2010624K), 0.0113533 secs] [Times: user=0.06 sys=0.00, real=0.01 secs] 
[GC (Allocation Failure) [ParNew: 565237K->20713K(613440K), 0.0106681 secs] 1299757K->755233K(2010624K), 0.0107214 secs] [Times: user=0.06 sys=0.00, real=0.01 secs] 
[GC (Allocation Failure) [ParNew: 566057K->68096K(613440K), 0.0887640 secs] 1300577K->858176K(2010624K), 0.0888076 secs] [Times: user=0.34 sys=0.00, real=0.08 secs] 
[GC (Allocation Failure) [ParNew: 613440K->41435K(613440K), 0.0888557 secs] 1403520K->895395K(2010624K), 0.0888980 secs] [Times: user=0.33 sys=0.00, real=0.08 secs] 
[GC (Allocation Failure) [ParNew: 586779K->68096K(613440K), 0.0762122 secs] 1440739K->965179K(2010624K), 0.0762558 secs] [Times: user=0.28 sys=0.00, real=0.07 secs] 
[GC (Allocation Failure) [ParNew: 613440K->27391K(613440K), 0.0405874 secs] 1510523K->988232K(2010624K), 0.0406381 secs] [Times: user=0.14 sys=0.00, real=0.04 secs] 
[GC (Allocation Failure) [ParNew: 572735K->68096K(613440K), 0.0717346 secs] 1533576K->1073141K(2010624K), 0.0717802 secs] [Times: user=0.28 sys=0.00, real=0.07 secs] 
[GC (Allocation Failure) [ParNew: 613440K->26868K(613440K), 0.0384099 secs] 1618485K->1094470K(2010624K), 0.0384606 secs] [Times: user=0.13 sys=0.00, real=0.03 secs] 
[GC (Allocation Failure) [ParNew: 572212K->68096K(613440K), 0.0717109 secs] 1639814K->1178180K(2010624K), 0.0717532 secs] [Times: user=0.28 sys=0.00, real=0.07 secs] 
[GC (Allocation Failure) [ParNew: 613440K->27386K(613440K), 0.0366032 secs] 1723524K->1200942K(2010624K), 0.0366545 secs] [Times: user=0.08 sys=0.00, real=0.04 secs] 
[GC (CMS Initial Mark) [1 CMS-initial-mark: 1173556K(1397184K)] 1211992K(2010624K), 0.0029692 secs] [Times: user=0.00 sys=0.00, real=0.00 secs] 
[CMS-concurrent-mark-start]
[CMS-concurrent-mark: 1.161/1.161 secs] [Times: user=3.85 sys=0.00, real=1.16 secs] 
[CMS-concurrent-preclean-start]
[CMS-concurrent-preclean: 0.120/0.126 secs] [Times: user=0.25 sys=0.00, real=0.13 secs] 
[CMS-concurrent-abortable-preclean-start]
[GC (Allocation Failure) [ParNew: 572730K->68096K(613440K), 0.0625171 secs] 1746286K->1283916K(2010624K), 0.0625825 secs] [Times: user=0.47 sys=0.00, real=0.06 secs] 
[CMS-concurrent-abortable-preclean: 0.755/1.221 secs] [Times: user=2.42 sys=0.00, real=1.22 secs] 
[GC (CMS Final Remark) [YG occupancy: 420410 K (613440 K)][Rescan (parallel) , 0.0797113 secs][weak refs processing, 0.0000218 secs][class unloading, 0.0074930 secs][scrub symbol table, 0.0010952 secs][scrub string table, 0.0003606 secs][1 CMS-remark: 1215820K(1397184K)] 1636230K(2010624K), 0.0896731 secs] [Times: user=0.42 sys=0.00, real=0.08 secs] 
[CMS-concurrent-sweep-start]
[GC (Allocation Failure) [ParNew: 613440K->47979K(613440K), 0.0358057 secs] 1750059K->1248079K(2010624K), 0.0358538 secs] [Times: user=0.09 sys=0.00, real=0.03 secs] 
[CMS-concurrent-sweep: 0.666/0.702 secs] [Times: user=1.58 sys=0.02, real=0.71 secs] 
[CMS-concurrent-reset-start]
[CMS-concurrent-reset: 0.003/0.003 secs] [Times: user=0.00 sys=0.00, real=0.00 secs] 
[GC (Allocation Failure) [ParNew: 593323K->68096K(613440K), 0.0685562 secs] 1336348K->853211K(2010624K), 0.0686050 secs] [Times: user=0.26 sys=0.00, real=0.06 secs] 
[GC (Allocation Failure) [ParNew: 613440K->27380K(613440K), 0.0338861 secs] 1398555K->876011K(2010624K), 0.0340003 secs] [Times: user=0.13 sys=0.00, real=0.03 secs] 
[GC (Allocation Failure) [ParNew: 572724K->68096K(613440K), 0.0726335 secs] 1421355K->957955K(2010624K), 0.0726848 secs] [Times: user=0.22 sys=0.00, real=0.07 secs] 
[GC (Allocation Failure) [ParNew: 613440K->20565K(613440K), 0.1343915 secs] 1503299K->973864K(2010624K), 0.1344673 secs] [Times: user=0.20 sys=0.02, real=0.13 secs] 
[GC (Allocation Failure) [ParNew (0: promotion failure size = 73)  (1: promotion failure size = 73)  (2: promotion failure size = 73)  (3: promotion failure size = 73)  (4: promotion failure size = 1854)  (5: promotion failure size = 73)  (6: promotion failure size = 1854)  (7: promotion failure size = 1854)  (promotion failed): 565909K->613440K(613440K), 0.4861163 secs][CMS: 990637K->744298K(1397184K), 1.8937351 secs] 1519208K->744298K(2010624K), [Metaspace: 10004K->10004K(10240K)]
*** PauseDetector detected a 2375 ms pause at Sat Dec 20 00:15:19 EET 2014 ***

, 2.3799162 secs] [Times: user=2.65 sys=0.09, real=2.37 secs] 
[GC (Allocation Failure) [ParNew: 545344K->27427K(613440K), 0.0069964 secs] 1289642K->771725K(2010624K), 0.0070445 secs] [Times: user=0.06 sys=0.00, real=0.01 secs] 
[GC (Allocation Failure) [ParNew: 572771K->68096K(613440K), 0.0607271 secs] 1317069K->853950K(2010624K), 0.0607752 secs] [Times: user=0.28 sys=0.00, real=0.06 secs] 
[GC (Allocation Failure) [ParNew: 613440K->27387K(613440K), 0.0394755 secs] 1399294K->877168K(2010624K), 0.0395243 secs] [Times: user=0.13 sys=0.00, real=0.04 secs] 
[GC (Allocation Failure) [ParNew: 572731K->68096K(613440K), 0.0589891 secs] 1422512K->958779K(2010624K), 0.0590333 secs] [Times: user=0.30 sys=0.00, real=0.06 secs] 
[GC (Allocation Failure) [ParNew: 613440K->27425K(613440K), 0.0356229 secs] 1504123K->981869K(2010624K), 0.0356735 secs] [Times: user=0.14 sys=0.00, real=0.04 secs] 
[GC (Allocation Failure) [ParNew: 572769K->68096K(613440K), 0.0581909 secs] 1527213K->1064618K(2010624K), 0.0582397 secs] [Times: user=0.19 sys=0.00, real=0.06 secs] 
[GC (Allocation Failure) [ParNew: 613440K->47130K(613440K), 0.0414458 secs] 1609962K->1105872K(2010624K), 0.0414939 secs] [Times: user=0.13 sys=0.00, real=0.04 secs] 
[GC (Allocation Failure) [ParNew: 592474K->68096K(613440K), 0.0578066 secs] 1651216K->1168962K(2010624K), 0.0578503 secs] [Times: user=0.22 sys=0.00, real=0.06 secs] 
[GC (Allocation Failure) [ParNew: 613440K->33465K(613440K), 0.0418263 secs] 1714306K->1196603K(2010624K), 0.0419847 secs] [Times: user=0.14 sys=0.00, real=0.04 secs] 
[GC (CMS Initial Mark) [1 CMS-initial-mark: 1163138K(1397184K)] 1196606K(2010624K), 0.0032104 secs] [Times: user=0.00 sys=0.00, real=0.00 secs] 
[CMS-concurrent-mark-start]
[CMS-concurrent-mark: 1.242/1.242 secs] [Times: user=4.06 sys=0.00, real=1.24 secs] 
[CMS-concurrent-preclean-start]
[CMS-concurrent-preclean: 0.075/0.080 secs] [Times: user=0.16 sys=0.00, real=0.08 secs] 
[CMS-concurrent-abortable-preclean-start]
[GC (Allocation Failure) [ParNew: 578809K->68096K(613440K), 0.0539905 secs] 1741947K->1271957K(2010624K), 0.0540502 secs] [Times: user=0.30 sys=0.00, real=0.05 secs] 
[CMS-concurrent-abortable-preclean: 0.709/1.374 secs] [Times: user=2.43 sys=0.00, real=1.38 secs] 
[GC (CMS Final Remark) [YG occupancy: 442263 K (613440 K)][Rescan (parallel) , 0.0926051 secs][weak refs processing, 0.0000212 secs][class unloading, 0.0071080 secs][scrub symbol table, 0.0010657 secs][scrub string table, 0.0003529 secs][1 CMS-remark: 1203861K(1397184K)] 1646125K(2010624K), 0.1022332 secs] [Times: user=0.39 sys=0.00, real=0.10 secs] 
[CMS-concurrent-sweep-start]
[GC (Allocation Failure) [ParNew: 613440K->34091K(613440K), 0.0304030 secs] 1817301K->1301199K(2010624K), 0.0304537 secs] [Times: user=0.16 sys=0.00, real=0.03 secs] 
[CMS-concurrent-sweep: 0.586/0.617 secs] [Times: user=1.37 sys=0.01, real=0.62 secs] 
[CMS-concurrent-reset-start]
[CMS-concurrent-reset: 0.003/0.003 secs] [Times: user=0.00 sys=0.00, real=0.00 secs] 
[GC (Allocation Failure) [ParNew: 579435K->68096K(613440K), 0.0561751 secs] 1320600K->850436K(2010624K), 0.0562187 secs] [Times: user=0.26 sys=0.00, real=0.06 secs] 
[GC (Allocation Failure) [ParNew: 613440K->33872K(613440K), 0.0304081 secs] 1395780K->878910K(2010624K), 0.0304588 secs] [Times: user=0.08 sys=0.00, real=0.03 secs] 
[GC (Allocation Failure) [ParNew: 579216K->68096K(613440K), 0.0601246 secs] 1424254K->953039K(2010624K), 0.0601702 secs] [Times: user=0.20 sys=0.00, real=0.06 secs] 
[GC (Allocation Failure) [ParNew: 613440K->41039K(613440K), 0.1741558 secs] 1498383K->989387K(2010624K), 0.1743072 secs] [Times: user=0.23 sys=0.02, real=0.17 secs] 
[GC (Allocation Failure) [ParNew (0: promotion failure size = 1237)  (1: promotion failure size = 1237)  (2: promotion failure size = 1237)  (3: promotion failure size = 1237)  (4: promotion failure size = 1237)  (5: promotion failure size = 1237)  (6: promotion failure size = 1237)  (7: promotion failure size = 1237)  (promotion failed): 586383K->613440K(613440K), 2.0610440 secs][CMS: 954227K->743076K(1397184K), 2.1226122 secs] 1534731K->743076K(2010624K), [Metaspace: 10004K->10004K(10240K)], 4.1837249 secs] [Times: user=4.23 sys=0.45, real=4.18 secs] 

*** PauseDetector detected a 4188 ms pause at Sat Dec 20 00:15:48 EET 2014 ***

[GC (Allocation Failure) [ParNew: 545344K->27374K(613440K), 0.0070644 secs] 1288420K->770451K(2010624K), 0.0071099 secs] [Times: user=0.00 sys=0.00, real=0.01 secs] 
[GC (Allocation Failure) [ParNew: 572718K->68096K(613440K), 0.0523122 secs] 1315795K->851255K(2010624K), 0.0523590 secs] [Times: user=0.20 sys=0.00, real=0.05 secs] 
[GC (Allocation Failure) [ParNew: 613440K->27421K(613440K), 0.0293977 secs] 1396599K->874362K(2010624K), 0.0294438 secs] [Times: user=0.06 sys=0.00, real=0.02 secs] 
[GC (Allocation Failure) [ParNew: 572765K->68096K(613440K), 0.0529095 secs] 1419706K->957447K(2010624K), 0.0529589 secs] [Times: user=0.19 sys=0.00, real=0.05 secs] 
[GC (Allocation Failure) [ParNew: 613440K->39670K(613440K), 0.0277045 secs] 1502791K->989951K(2010624K), 0.0277462 secs] [Times: user=0.06 sys=0.00, real=0.03 secs] 
[GC (Allocation Failure) [ParNew: 585014K->68096K(613440K), 0.1744021 secs] 1535295K->1086338K(2010624K), 0.1744496 secs] [Times: user=0.69 sys=0.00, real=0.17 secs] 
[GC (Allocation Failure) [ParNew: 613440K->27244K(613440K), 0.0910531 secs] 1631682K->1110150K(2010624K), 0.0911230 secs] [Times: user=0.33 sys=0.00, real=0.09 secs] 
[GC (Allocation Failure) [ParNew: 572588K->68096K(613440K), 0.1855585 secs] 1655494K->1208001K(2010624K), 0.1856098 secs] [Times: user=1.20 sys=0.00, real=0.19 secs] 
[GC (CMS Initial Mark) [1 CMS-initial-mark: 1139905K(1397184K)] 1219014K(2010624K), 0.0100099 secs] [Times: user=0.00 sys=0.00, real=0.01 secs] 
[CMS-concurrent-mark-start]
[CMS-concurrent-mark: 1.294/1.294 secs] [Times: user=3.98 sys=0.00, real=1.29 secs] 
[CMS-concurrent-preclean-start]
[CMS-concurrent-preclean: 0.006/0.006 secs] [Times: user=0.03 sys=0.00, real=0.01 secs] 
[CMS-concurrent-abortable-preclean-start]
[GC (Allocation Failure) [ParNew: 613440K->27359K(613440K), 0.0761544 secs] 1753345K->1231330K(2010624K), 0.0762070 secs] [Times: user=0.31 sys=0.00, real=0.08 secs] 
[CMS-concurrent-abortable-preclean: 0.682/1.469 secs] [Times: user=3.03 sys=0.00, real=1.47 secs] 
[GC (CMS Final Remark) [YG occupancy: 369475 K (613440 K)][Rescan (parallel) , 0.0844327 secs][weak refs processing, 0.0000218 secs][class unloading, 0.0070945 secs][scrub symbol table, 0.0011619 secs][scrub string table, 0.0003728 secs][1 CMS-remark: 1203971K(1397184K)] 1573446K(2010624K), 0.0941410 secs] [Times: user=0.37 sys=0.00, real=0.09 secs] 
[CMS-concurrent-sweep-start]
[GC (Allocation Failure) [ParNew: 572703K->68096K(613440K), 0.1571444 secs] 1546716K->1096412K(2010624K), 0.1571944 secs] [Times: user=0.87 sys=0.00, real=0.15 secs] 
[CMS-concurrent-sweep: 0.670/0.827 secs] [Times: user=2.23 sys=0.00, real=0.83 secs] 
[CMS-concurrent-reset-start]
[CMS-concurrent-reset: 0.002/0.002 secs] [Times: user=0.00 sys=0.00, real=0.00 secs] 
[GC (Allocation Failure) [ParNew: 613440K->13691K(613440K), 0.0624792 secs] 1428419K->892303K(2010624K), 0.0625415 secs] [Times: user=0.19 sys=0.00, real=0.05 secs] 
[GC (Allocation Failure) [ParNew: 559035K->68096K(613440K), 0.1580182 secs] 1437647K->998602K(2010624K), 0.1580702 secs] [Times: user=0.61 sys=0.00, real=0.15 secs] 
[GC (Allocation Failure) [ParNew: 613440K->20155K(613440K), 0.0575680 secs] 1543946K->1012663K(2010624K), 0.0576129 secs] [Times: user=0.22 sys=0.00, real=0.06 secs] 
[GC (Allocation Failure) [ParNew: 565499K->68096K(613440K), 0.1345032 secs] 1558007K->1109790K(2010624K), 0.1345513 secs] [Times: user=0.58 sys=0.00, real=0.13 secs] 
[GC (Allocation Failure) [ParNew (0: promotion failure size = 6249)  (1: promotion failure size = 6249)  (2: promotion failure size = 6249)  (3: promotion failure size = 6249)  (4: promotion failure size = 6249)  (5: promotion failure size = 6249)  (6: promotion failure size = 6249)  (7: promotion failure size = 6249)  (promotion failed): 613440K->572656K(613440K), 0.1917844 secs][CMS: 1104046K->753450K(1397184K), 2.3516779 secs] 1655134K->753450K(2010624K), [Metaspace: 10004K->10004K(10240K)]
*** PauseDetector detected a 2544 ms pause at Sat Dec 20 00:16:14 EET 2014 ***

, 2.5435354 secs] [Times: user=2.67 sys=0.00, real=2.54 secs] 
[GC (Allocation Failure) [ParNew: 545344K->68096K(613440K), 0.1096094 secs] 1298794K->869438K(2010624K), 0.1096569 secs] [Times: user=0.44 sys=0.00, real=0.10 secs] 
[GC (Allocation Failure) [ParNew: 613440K->27413K(613440K), 0.0518855 secs] 1414782K->893053K(2010624K), 0.0519356 secs] [Times: user=0.20 sys=0.00, real=0.05 secs] 
[GC (Allocation Failure) [ParNew: 572757K->68096K(613440K), 0.1233564 secs] 1438397K->981662K(2010624K), 0.1234148 secs] [Times: user=0.44 sys=0.00, real=0.12 secs] 
[GC (Allocation Failure) [ParNew: 613440K->40067K(613440K), 0.0519324 secs] 1527006K->1015658K(2010624K), 0.0519760 secs] [Times: user=0.19 sys=0.00, real=0.05 secs] 
[GC (Allocation Failure) [ParNew: 585411K->68096K(613440K), 0.0963968 secs] 1561002K->1088913K(2010624K), 0.0964789 secs] [Times: user=0.44 sys=0.00, real=0.09 secs] 
[GC (Allocation Failure) [ParNew: 613440K->34174K(613440K), 0.0448545 secs] 1634257K->1118783K(2010624K), 0.0449013 secs] [Times: user=0.13 sys=0.00, real=0.05 secs] 
[GC (Allocation Failure) [ParNew: 579518K->68096K(613440K), 0.0957109 secs] 1664127K->1199356K(2010624K), 0.0957597 secs] [Times: user=0.33 sys=0.02, real=0.09 secs] 
[GC (Allocation Failure) [ParNew: 613440K->13341K(613440K), 0.0417153 secs] 1744700K->1206253K(2010624K), 0.0417666 secs] [Times: user=0.14 sys=0.00, real=0.04 secs] 
[GC (CMS Initial Mark) [1 CMS-initial-mark: 1192912K(1397184K)] 1206336K(2010624K), 0.0054912 secs] [Times: user=0.02 sys=0.00, real=0.01 secs] 
[CMS-concurrent-mark-start]
[CMS-concurrent-mark: 1.155/1.155 secs] [Times: user=3.88 sys=0.00, real=1.15 secs] 
[CMS-concurrent-preclean-start]
[CMS-concurrent-preclean: 0.133/0.141 secs] [Times: user=0.28 sys=0.00, real=0.14 secs] 
[CMS-concurrent-abortable-preclean-start]
[GC (Allocation Failure) [ParNew[CMS-concurrent-abortable-preclean: 0.057/0.400 secs] [Times: user=0.70 sys=0.00, real=0.40 secs] 
: 558685K->68096K(613440K), 0.0880922 secs] 1751597K->1304354K(2010624K), 0.0881410 secs] [Times: user=0.36 sys=0.00, real=0.09 secs] 
[GC (CMS Final Remark) [YG occupancy: 79085 K (613440 K)][Rescan (parallel) , 0.0471379 secs][weak refs processing, 0.0000212 secs][class unloading, 0.0080441 secs][scrub symbol table, 0.0016270 secs][scrub string table, 0.0003574 secs][1 CMS-remark: 1236258K(1397184K)] 1315343K(2010624K), 0.0582217 secs] [Times: user=0.23 sys=0.00, real=0.06 secs] 
[CMS-concurrent-sweep-start]
[CMS-concurrent-sweep: 0.732/0.732 secs] [Times: user=1.48 sys=0.00, real=0.73 secs] 
[CMS-concurrent-reset-start]
[CMS-concurrent-reset: 0.003/0.003 secs] [Times: user=0.00 sys=0.00, real=0.00 secs] 
[GC (Allocation Failure) [ParNew: 613440K->27467K(613440K), 0.0416633 secs] 1294966K->772456K(2010624K), 0.0417217 secs] [Times: user=0.13 sys=0.00, real=0.04 secs] 
[GC (Allocation Failure) [ParNew: 572811K->68096K(613440K), 0.0804427 secs] 1317800K->856108K(2010624K), 0.0804972 secs] [Times: user=0.31 sys=0.00, real=0.08 secs] 
[GC (Allocation Failure) [ParNew: 613440K->41146K(613440K), 0.0372839 secs] 1401452K->892627K(2010624K), 0.0373320 secs] [Times: user=0.09 sys=0.00, real=0.03 secs] 
[GC (Allocation Failure) [ParNew (0: promotion failure size = 2779)  (1: promotion failure size = 2779)  (2: promotion failure size = 2779)  (3: promotion failure size = 2779)  (4: promotion failure size = 2779)  (5: promotion failure size = 2779)  (6: promotion failure size = 2779)  (7: promotion failure size = 2779)  (promotion failed): 586490K->613440K(613440K), 0.2173967 secs][CMS: 894037K->745982K(1397184K), 1.9675305 secs] 1437971K->745982K(2010624K), [Metaspace: 10004K->10004K(10240K)], 2.1849914 secs] [Times: user=2.36 sys=0.00, real=2.18 secs] 

*** PauseDetector detected a 2178 ms pause at Sat Dec 20 00:16:37 EET 2014 ***

[GC (Allocation Failure) [ParNew: 545344K->27383K(613440K), 0.0067128 secs] 1291326K->773366K(2010624K), 0.0067571 secs] [Times: user=0.00 sys=0.00, real=0.01 secs] 
[GC (Allocation Failure) [ParNew: 572727K->68096K(613440K), 0.0699908 secs] 1318710K->859159K(2010624K), 0.0700408 secs] [Times: user=0.30 sys=0.00, real=0.06 secs] 
[GC (Allocation Failure) [ParNew: 613440K->33406K(613440K), 0.0351314 secs] 1404503K->886567K(2010624K), 0.0352880 secs] [Times: user=0.06 sys=0.00, real=0.03 secs] 
[GC (Allocation Failure) [ParNew: 578750K->68096K(613440K), 0.0676118 secs] 1431911K->963846K(2010624K), 0.0676644 secs] [Times: user=0.30 sys=0.00, real=0.07 secs] 
[GC (Allocation Failure) [ParNew: 613440K->27253K(613440K), 0.0351269 secs] 1509190K->986448K(2010624K), 0.0352277 secs] [Times: user=0.14 sys=0.00, real=0.03 secs] 
[GC (Allocation Failure) [ParNew: 572597K->68096K(613440K), 0.0667707 secs] 1531792K->1069633K(2010624K), 0.0668253 secs] [Times: user=0.28 sys=0.00, real=0.07 secs] 
[GC (Allocation Failure) [ParNew: 613440K->20499K(613440K), 0.0342377 secs] 1614977K->1085420K(2010624K), 0.0342980 secs] [Times: user=0.13 sys=0.00, real=0.03 secs] 
[GC (Allocation Failure) [ParNew: 565843K->68096K(613440K), 0.0658052 secs] 1630764K->1178484K(2010624K), 0.0658661 secs] [Times: user=0.28 sys=0.00, real=0.07 secs] 
[GC (Allocation Failure) [ParNew: 613440K->32385K(613440K), 0.0414490 secs] 1723828K->1202274K(2010624K), 0.0414920 secs] [Times: user=0.14 sys=0.00, real=0.04 secs] 
[GC (CMS Initial Mark) [1 CMS-initial-mark: 1169889K(1397184K)] 1213182K(2010624K), 0.0028351 secs] [Times: user=0.00 sys=0.00, real=0.00 secs] 
[CMS-concurrent-mark-start]
[CMS-concurrent-mark: 1.220/1.220 secs] [Times: user=3.84 sys=0.00, real=1.22 secs] 
[CMS-concurrent-preclean-start]
[CMS-concurrent-preclean: 0.093/0.099 secs] [Times: user=0.22 sys=0.00, real=0.10 secs] 
[CMS-concurrent-abortable-preclean-start]
[GC (Allocation Failure) [ParNew: 577729K->68096K(613440K), 0.0682977 secs] 1747618K->1280486K(2010624K), 0.0683644 secs] [Times: user=0.28 sys=0.00, real=0.07 secs] 
[CMS-concurrent-abortable-preclean: 0.653/1.128 secs] [Times: user=2.06 sys=0.00, real=1.13 secs] 
[GC (CMS Final Remark) [YG occupancy: 375192 K (613440 K)][Rescan (parallel) , 0.0698137 secs][weak refs processing, 0.0000276 secs][class unloading, 0.0076027 secs][scrub symbol table, 0.0013467 secs][scrub string table, 0.0004671 secs][1 CMS-remark: 1212390K(1397184K)] 1587583K(2010624K), 0.0803176 secs] [Times: user=0.34 sys=0.00, real=0.07 secs] 
[CMS-concurrent-sweep-start]
[GC (Allocation Failure) [ParNew: 613440K->33425K(613440K), 0.0325773 secs] 1492445K->974441K(2010624K), 0.0326254 secs] [Times: user=0.13 sys=0.00, real=0.03 secs] 
[CMS-concurrent-sweep: 0.616/0.649 secs] [Times: user=1.36 sys=0.00, real=0.66 secs] 
[CMS-concurrent-reset-start]
[CMS-concurrent-reset: 0.003/0.003 secs] [Times: user=0.00 sys=0.00, real=0.00 secs] 
[GC (Allocation Failure) [ParNew: 578769K->68096K(613440K), 0.0634339 secs] 1320439K->850665K(2010624K), 0.0634839 secs] [Times: user=0.28 sys=0.00, real=0.06 secs] 
[GC (Allocation Failure) [ParNew: 613440K->27338K(613440K), 0.0320826 secs] 1396009K->873383K(2010624K), 0.0321320 secs] [Times: user=0.14 sys=0.00, real=0.02 secs] 
[GC (Allocation Failure) [ParNew: 572682K->68096K(613440K), 0.0677100 secs] 1418727K->954974K(2010624K), 0.0677703 secs] [Times: user=0.20 sys=0.00, real=0.07 secs] 
[GC (Allocation Failure) [ParNew (0: promotion failure size = 1854)  (1: promotion failure size = 1854)  (2: promotion failure size = 1854)  (3: promotion failure size = 1854)  (4: promotion failure size = 1854)  (5: promotion failure size = 1854)  (6: promotion failure size = 1854)  (7: promotion failure size = 1854)  (promotion failed): 613440K->579617K(613440K), 0.5024912 secs][CMS: 946672K->745279K(1397184K), 1.8596052 secs] 1500318K->745279K(2010624K), [Metaspace: 10004K->10004K(10240K)]
*** PauseDetector detected a 2357 ms pause at Sat Dec 20 00:17:02 EET 2014 ***

, 2.3621632 secs] [Times: user=2.31 sys=0.08, real=2.35 secs] 
[GC (Allocation Failure) [ParNew: 545344K->68096K(613440K), 0.0539989 secs] 1290623K->856082K(2010624K), 0.0540438 secs] [Times: user=0.25 sys=0.00, real=0.06 secs] 
[GC (Allocation Failure) [ParNew: 613440K->26808K(613440K), 0.0332144 secs] 1401426K->877233K(2010624K), 0.0332619 secs] [Times: user=0.06 sys=0.00, real=0.03 secs] 
[GC (Allocation Failure) [ParNew: 572152K->68096K(613440K), 0.0579382 secs] 1422577K->960799K(2010624K), 0.0579818 secs] [Times: user=0.19 sys=0.00, real=0.06 secs] 
[GC (Allocation Failure) [ParNew: 613440K->40184K(613440K), 0.0406047 secs] 1506143K->994809K(2010624K), 0.0406483 secs] [Times: user=0.13 sys=0.00, real=0.04 secs] 
[GC (Allocation Failure) [ParNew: 585528K->68096K(613440K), 0.0568892 secs] 1540153K->1064613K(2010624K), 0.0569347 secs] [Times: user=0.19 sys=0.00, real=0.06 secs] 
[GC (Allocation Failure) [ParNew: 613440K->26843K(613440K), 0.0298596 secs] 1609957K->1085530K(2010624K), 0.0299577 secs] [Times: user=0.06 sys=0.00, real=0.03 secs] 
[GC (Allocation Failure) [ParNew: 572187K->68096K(613440K), 0.0516013 secs] 1630874K->1167265K(2010624K), 0.0516655 secs] [Times: user=0.28 sys=0.00, real=0.04 secs] 
[GC (Allocation Failure) [ParNew: 613440K->27385K(613440K), 0.0370626 secs] 1712609K->1189985K(2010624K), 0.0371126 secs] [Times: user=0.09 sys=0.00, real=0.03 secs] 
[GC (CMS Initial Mark) [1 CMS-initial-mark: 1162599K(1397184K)] 1200895K(2010624K), 0.0046944 secs] [Times: user=0.00 sys=0.00, real=0.00 secs] 
[CMS-concurrent-mark-start]
[CMS-concurrent-mark: 1.111/1.111 secs] [Times: user=3.60 sys=0.00, real=1.12 secs] 
[CMS-concurrent-preclean-start]
[CMS-concurrent-preclean: 0.069/0.073 secs] [Times: user=0.11 sys=0.00, real=0.07 secs] 
[CMS-concurrent-abortable-preclean-start]
[GC (Allocation Failure) [ParNew[CMS-concurrent-abortable-preclean: 0.060/0.381 secs] [Times: user=0.61 sys=0.00, real=0.38 secs] 
: 572729K->68096K(613440K), 0.0560827 secs] 1735329K->1272352K(2010624K), 0.0561360 secs] [Times: user=0.20 sys=0.00, real=0.05 secs] 
[GC (CMS Final Remark) [YG occupancy: 79072 K (613440 K)][Rescan (parallel) , 0.0257221 secs][weak refs processing, 0.0000212 secs][class unloading, 0.0076784 secs][scrub symbol table, 0.0010984 secs][scrub string table, 0.0003548 secs][1 CMS-remark: 1204256K(1397184K)] 1283329K(2010624K), 0.0358686 secs] [Times: user=0.16 sys=0.00, real=0.04 secs] 
[CMS-concurrent-sweep-start]
[CMS-concurrent-sweep: 0.487/0.487 secs] [Times: user=1.03 sys=0.00, real=0.49 secs] 
[CMS-concurrent-reset-start]
[CMS-concurrent-reset: 0.003/0.003 secs] [Times: user=0.00 sys=0.00, real=0.00 secs] 
[Full GC (System.gc()) [CMS: 678133K->744221K(1397184K), 1.8798739 secs] 1284000K->744221K(2010624K), [Metaspace: 10004K->10004K(10240K)], 1.8801280 secs] [Times: user=1.87 sys=0.00, real=1.87 secs] 
[Full GC (System.gc()) [CMS: 744221K->744221K(1397184K), 1.5136014 secs] 755105K->744221K(2010624K), [Metaspace: 10004K->10004K(10240K)], 1.5138394 secs] [Times: user=1.53 sys=0.00, real=1.52 secs] 
[Full GC (System.gc()) [CMS: 744221K->744144K(1397184K), 1.4496036 secs] 755107K->744144K(2010624K), [Metaspace: 10004K->10004K(10240K)], 1.4498384 secs] [Times: user=1.45 sys=0.00, real=1.45 secs] 

*** PauseDetector detected a 3399 ms pause at Sat Dec 20 00:17:20 EET 2014 ***


*** PauseDetector detected a 1464 ms pause at Sat Dec 20 00:17:21 EET 2014 ***

[GC (Allocation Failure) [ParNew: 545344K->68096K(613440K), 0.0647555 secs] 1289488K->860008K(2010624K), 0.0648197 secs] [Times: user=0.25 sys=0.00, real=0.06 secs] 
[GC (Allocation Failure) [ParNew: 613440K->22081K(613440K), 0.0278893 secs] 1405352K->870216K(2010624K), 0.0279381 secs] [Times: user=0.06 sys=0.00, real=0.02 secs] 
[GC (Allocation Failure) [ParNew: 567425K->68096K(613440K), 0.0543023 secs] 1415560K->956129K(2010624K), 0.0543652 secs] [Times: user=0.14 sys=0.00, real=0.05 secs] 
[GC (Allocation Failure) [ParNew: 613440K->20665K(613440K), 0.0302375 secs] 1501473K->972209K(2010624K), 0.0302888 secs] [Times: user=0.11 sys=0.00, real=0.03 secs] 
[GC (Allocation Failure) [ParNew: 566009K->68096K(613440K), 0.0601253 secs] 1517553K->1059733K(2010624K), 0.0601914 secs] [Times: user=0.17 sys=0.00, real=0.06 secs] 
[GC (Allocation Failure) [ParNew: 613440K->34134K(613440K), 0.0349300 secs] 1605077K->1088902K(2010624K), 0.0349948 secs] [Times: user=0.13 sys=0.00, real=0.04 secs] 
[Full GC (System.gc()) [CMS: 1054768K->764129K(1397184K), 2.0126852 secs] 1417897K->764129K(2010624K), [Metaspace: 10004K->10004K(10240K)]
*** PauseDetector detected a 2014 ms pause at Sat Dec 20 00:17:33 EET 2014 ***

, 2.0129611 secs] [Times: user=2.01 sys=0.00, real=2.01 secs] 
[Full GC (System.gc()) [CMS: 764129K->764051K(1397184K), 1.6995455 secs] 775070K->764051K(2010624K), [Metaspace: 10004K->10004K(10240K)]
*** PauseDetector detected a 1700 ms pause at Sat Dec 20 00:17:35 EET 2014 ***

, 1.6998522 secs] [Times: user=1.70 sys=0.00, real=1.70 secs] 
[Full GC (System.gc()) [CMS: 764051K->762333K(1397184K), 1.7048289 secs] 774992K->762333K(2010624K), [Metaspace: 10004K->10004K(10240K)]
*** PauseDetector detected a 1700 ms pause at Sat Dec 20 00:17:37 EET 2014 ***

, 1.7050566 secs] [Times: user=1.70 sys=0.00, real=1.70 secs] 
********************************
********** ROUND   28 **********
********************************
[GC (Allocation Failure) [ParNew: 545344K->68096K(613440K), 0.1907001 secs] 1307677K->890242K(2010624K), 0.1907489 secs] [Times: user=0.92 sys=0.00, real=0.19 secs] 
[GC (Allocation Failure) [ParNew: 613440K->34217K(613440K), 0.0739583 secs] 1435586K->921089K(2010624K), 0.0740231 secs] [Times: user=0.27 sys=0.00, real=0.07 secs] 
[GC (Allocation Failure) [ParNew: 579561K->68096K(613440K), 0.1608694 secs] 1466433K->1009851K(2010624K), 0.1609169 secs] [Times: user=0.72 sys=0.00, real=0.15 secs] 
[GC (Allocation Failure) [ParNew: 613440K->27330K(613440K), 0.0619211 secs] 1555195K->1033017K(2010624K), 0.0620224 secs] [Times: user=0.23 sys=0.00, real=0.06 secs] 
[GC (Allocation Failure) [ParNew: 572674K->68096K(613440K), 0.1509179 secs] 1578361K->1123951K(2010624K), 0.1509724 secs] [Times: user=0.67 sys=0.00, real=0.15 secs] 
[GC (Allocation Failure) [ParNew: 613440K->34279K(613440K), 0.0695565 secs] 1669295K->1153774K(2010624K), 0.0695994 secs] [Times: user=0.22 sys=0.00, real=0.07 secs] 
[GC (Allocation Failure) [ParNew: 579623K->68096K(613440K), 0.1346867 secs] 1699118K->1236542K(2010624K), 0.1347309 secs] [Times: user=0.58 sys=0.00, real=0.13 secs] 
[GC (Allocation Failure) [ParNew: 613440K->27379K(613440K), 0.0579702 secs] 1781886K->1259437K(2010624K), 0.0580414 secs] [Times: user=0.16 sys=0.02, real=0.06 secs] 
[GC (CMS Initial Mark) [1 CMS-initial-mark: 1232058K(1397184K)] 1259439K(2010624K), 0.0032695 secs] [Times: user=0.00 sys=0.00, real=0.00 secs] 
[CMS-concurrent-mark-start]
[CMS-concurrent-mark: 1.320/1.320 secs] [Times: user=4.51 sys=0.00, real=1.32 secs] 
[CMS-concurrent-preclean-start]
[CMS-concurrent-preclean: 0.213/0.229 secs] [Times: user=0.47 sys=0.00, real=0.23 secs] 
[CMS-concurrent-abortable-preclean-start]
[GC (Allocation Failure) [ParNew: 572723K->68096K(613440K), 0.1197264 secs] 1804781K->1346659K(2010624K), 0.1198836 secs] [Times: user=0.61 sys=0.00, real=0.12 secs] 
[CMS-concurrent-abortable-preclean: 0.904/1.338 secs] [Times: user=2.75 sys=0.00, real=1.34 secs] 
[GC (CMS Final Remark) [YG occupancy: 499171 K (613440 K)][Rescan (parallel) , 0.1071971 secs][weak refs processing, 0.0000225 secs][class unloading, 0.0074660 secs][scrub symbol table, 0.0010881 secs][scrub string table, 0.0003535 secs][1 CMS-remark: 1278563K(1397184K)] 1777734K(2010624K), 0.1171274 secs] [Times: user=0.44 sys=0.00, real=0.12 secs] 
[CMS-concurrent-sweep-start]
[GC (Allocation Failure) [ParNew: 613440K->27414K(613440K), 0.0585791 secs] 1892003K->1369520K(2010624K), 0.0586298 secs] [Times: user=0.25 sys=0.00, real=0.06 secs] 
[CMS-concurrent-sweep: 0.967/1.025 secs] [Times: user=2.68 sys=0.00, real=1.02 secs] 
[CMS-concurrent-reset-start]
[CMS-concurrent-reset: 0.003/0.003 secs] [Times: user=0.00 sys=0.00, real=0.00 secs] 
[GC (Allocation Failure) [ParNew: 572758K->68096K(613440K), 0.1111197 secs] 1322783K->863950K(2010624K), 0.1111697 secs] [Times: user=0.41 sys=0.00, real=0.11 secs] 
[GC (Allocation Failure) [ParNew (0: promotion failure size = 4167)  (1: promotion failure size = 4167)  (2: promotion failure size = 4167)  (5: promotion failure size = 4167)  (6: promotion failure size = 4167)  (7: promotion failure size = 4167)  (promotion failed): 613440K->586462K(613440K), 0.2039512 secs][CMS: 859157K->750223K(1397184K), 2.3171072 secs] 1409294K->750223K(2010624K), [Metaspace: 10004K->10004K(10240K)], 2.5211220 secs] [Times: user=2.70 sys=0.00, real=2.52 secs] 

*** PauseDetector detected a 2524 ms pause at Sat Dec 20 00:17:59 EET 2014 ***

[GC (Allocation Failure) [ParNew: 545344K->68096K(613440K), 0.0944188 secs] 1295567K->866023K(2010624K), 0.0944785 secs] [Times: user=0.36 sys=0.00, real=0.10 secs] 
[GC (Allocation Failure) [ParNew: 613440K->26862K(613440K), 0.0448102 secs] 1411367K->887786K(2010624K), 0.0448891 secs] [Times: user=0.14 sys=0.00, real=0.05 secs] 
[GC (Allocation Failure) [ParNew: 572206K->68096K(613440K), 0.0830732 secs] 1433130K->973901K(2010624K), 0.0831194 secs] [Times: user=0.34 sys=0.00, real=0.08 secs] 
[GC (Allocation Failure) [ParNew: 613440K->20535K(613440K), 0.0431158 secs] 1519245K->990253K(2010624K), 0.0431697 secs] [Times: user=0.14 sys=0.00, real=0.04 secs] 
[GC (Allocation Failure) [ParNew: 565879K->68096K(613440K), 0.0836410 secs] 1535597K->1081136K(2010624K), 0.0836872 secs] [Times: user=0.28 sys=0.00, real=0.08 secs] 
[GC (Allocation Failure) [ParNew: 613440K->34282K(613440K), 0.0468466 secs] 1626480K->1111013K(2010624K), 0.0468896 secs] [Times: user=0.20 sys=0.00, real=0.05 secs] 
[GC (Allocation Failure) [ParNew: 579626K->68096K(613440K), 0.0806275 secs] 1656357K->1188857K(2010624K), 0.0806743 secs] [Times: user=0.36 sys=0.00, real=0.08 secs] 
[GC (Allocation Failure) [ParNew: 613440K->40511K(613440K), 0.0383970 secs] 1734201K->1223750K(2010624K), 0.0384471 secs] [Times: user=0.13 sys=0.00, real=0.03 secs] 
[GC (CMS Initial Mark) [1 CMS-initial-mark: 1183239K(1397184K)] 1234692K(2010624K), 0.0032746 secs] [Times: user=0.03 sys=0.00, real=0.01 secs] 
[CMS-concurrent-mark-start]
[CMS-concurrent-mark: 1.298/1.298 secs] [Times: user=4.27 sys=0.00, real=1.30 secs] 
[CMS-concurrent-preclean-start]
[CMS-concurrent-preclean: 0.154/0.162 secs] [Times: user=0.34 sys=0.00, real=0.16 secs] 
[CMS-concurrent-abortable-preclean-start]
[GC (Allocation Failure) [ParNew: 585855K->68096K(613440K), 0.0685665 secs] 1769094K->1294072K(2010624K), 0.0686210 secs] [Times: user=0.45 sys=0.00, real=0.06 secs] 
[CMS-concurrent-abortable-preclean: 0.763/1.238 secs] [Times: user=2.40 sys=0.00, real=1.24 secs] 
[GC (CMS Final Remark) [YG occupancy: 476512 K (613440 K)][Rescan (parallel) , 0.0951354 secs][weak refs processing, 0.0000212 secs][class unloading, 0.0077951 secs][scrub symbol table, 0.0012094 secs][scrub string table, 0.0005030 secs][1 CMS-remark: 1225976K(1397184K)] 1702489K(2010624K), 0.1058523 secs] [Times: user=0.48 sys=0.00, real=0.11 secs] 
[CMS-concurrent-sweep-start]
[GC (Allocation Failure) [ParNew: 613440K->34196K(613440K), 0.0480502 secs] 1839416K->1323628K(2010624K), 0.0480996 secs] [Times: user=0.22 sys=0.00, real=0.04 secs] 
[CMS-concurrent-sweep: 0.650/0.698 secs] [Times: user=1.73 sys=0.00, real=0.70 secs] 
[CMS-concurrent-reset-start]
[CMS-concurrent-reset: 0.003/0.003 secs] [Times: user=0.00 sys=0.00, real=0.00 secs] 
[GC (Allocation Failure) [ParNew: 579540K->68096K(613440K), 0.0726033 secs] 1323582K->856358K(2010624K), 0.0726527 secs] [Times: user=0.30 sys=0.00, real=0.07 secs] 
[GC (Allocation Failure) [ParNew: 613440K->40105K(613440K), 0.0360052 secs] 1401702K->890144K(2010624K), 0.0360514 secs] [Times: user=0.11 sys=0.00, real=0.03 secs] 
[GC (Allocation Failure) [ParNew (0: promotion failure size = 2779)  (1: promotion failure size = 61)  (2: promotion failure size = 61)  (3: promotion failure size = 61)  (4: promotion failure size = 61)  (5: promotion failure size = 61)  (6: promotion failure size = 61)  (7: promotion failure size = 61)  (promotion failed): 585449K->613440K(613440K), 1.2203813 secs][CMS: 880387K->745503K(1397184K), 1.8872187 secs] 1435488K->745503K(2010624K), [Metaspace: 10004K->10004K(10240K)], 3.1076744 secs] [Times: user=3.28 sys=0.39, real=3.11 secs] 

*** PauseDetector detected a 3108 ms pause at Sat Dec 20 00:18:23 EET 2014 ***

[GC (Allocation Failure) [ParNew: 545344K->34165K(613440K), 0.0074448 secs] 1290847K->779668K(2010624K), 0.0074981 secs] [Times: user=0.02 sys=0.00, real=0.01 secs] 
[GC (Allocation Failure) [ParNew: 579509K->68096K(613440K), 0.0658180 secs] 1325012K->858160K(2010624K), 0.0658995 secs] [Times: user=0.26 sys=0.00, real=0.06 secs] 
[GC (Allocation Failure) [ParNew: 613440K->33363K(613440K), 0.0341851 secs] 1403504K->885704K(2010624K), 0.0342358 secs] [Times: user=0.13 sys=0.00, real=0.03 secs] 
[GC (Allocation Failure) [ParNew: 578707K->68096K(613440K), 0.0633543 secs] 1431048K->963524K(2010624K), 0.0634256 secs] [Times: user=0.28 sys=0.00, real=0.05 secs] 
[GC (Allocation Failure) [ParNew: 613440K->26641K(613440K), 0.0333312 secs] 1508868K->983920K(2010624K), 0.0333870 secs] [Times: user=0.14 sys=0.00, real=0.03 secs] 
[GC (Allocation Failure) [ParNew: 571985K->68096K(613440K), 0.0631465 secs] 1529264K->1068432K(2010624K), 0.0631939 secs] [Times: user=0.28 sys=0.00, real=0.06 secs] 
[GC (Allocation Failure) [ParNew: 613440K->26635K(613440K), 0.0469743 secs] 1613776K->1088642K(2010624K), 0.0470249 secs] [Times: user=0.19 sys=0.00, real=0.04 secs] 
[GC (Allocation Failure) [ParNew: 571979K->68096K(613440K), 0.0637823 secs] 1633986K->1172837K(2010624K), 0.0638419 secs] [Times: user=0.27 sys=0.00, real=0.06 secs] 
[GC (Allocation Failure) [ParNew: 613440K->26715K(613440K), 0.0329706 secs] 1718181K->1193316K(2010624K), 0.0330232 secs] [Times: user=0.14 sys=0.00, real=0.03 secs] 
[GC (CMS Initial Mark) [1 CMS-initial-mark: 1166601K(1397184K)] 1204256K(2010624K), 0.0052173 secs] [Times: user=0.02 sys=0.00, real=0.01 secs] 
[CMS-concurrent-mark-start]
[CMS-concurrent-mark: 1.273/1.273 secs] [Times: user=4.20 sys=0.00, real=1.27 secs] 
[CMS-concurrent-preclean-start]
[CMS-concurrent-preclean: 0.083/0.088 secs] [Times: user=0.19 sys=0.00, real=0.09 secs] 
[CMS-concurrent-abortable-preclean-start]
[GC (Allocation Failure) [ParNew[CMS-concurrent-abortable-preclean: 0.039/0.259 secs] [Times: user=0.45 sys=0.00, real=0.26 secs] 
: 572059K->68096K(613440K), 0.0625941 secs] 1738660K->1277725K(2010624K), 0.0626518 secs] [Times: user=0.22 sys=0.00, real=0.06 secs] 
[GC (CMS Final Remark) [YG occupancy: 68190 K (613440 K)][Rescan (parallel) , 0.0299430 secs][weak refs processing, 0.0000218 secs][class unloading, 0.0078080 secs][scrub symbol table, 0.0013608 secs][scrub string table, 0.0003574 secs][1 CMS-remark: 1209629K(1397184K)] 1277819K(2010624K), 0.0404886 secs] [Times: user=0.16 sys=0.00, real=0.04 secs] 
[CMS-concurrent-sweep-start]
[CMS-concurrent-sweep: 0.550/0.550 secs] [Times: user=1.12 sys=0.00, real=0.55 secs] 
[CMS-concurrent-reset-start]
[CMS-concurrent-reset: 0.003/0.003 secs] [Times: user=0.00 sys=0.00, real=0.00 secs] 
[GC (Allocation Failure) [ParNew: 613440K->33181K(613440K), 0.0482324 secs] 1293633K->774714K(2010624K), 0.0482786 secs] [Times: user=0.13 sys=0.00, real=0.04 secs] 
[GC (Allocation Failure) [ParNew: 578525K->68096K(613440K), 0.0596678 secs] 1320058K->851791K(2010624K), 0.0597551 secs] [Times: user=0.20 sys=0.00, real=0.06 secs] 
[GC (Allocation Failure) [ParNew: 613440K->33481K(613440K), 0.0304479 secs] 1397135K->879162K(2010624K), 0.0305069 secs] [Times: user=0.08 sys=0.00, real=0.03 secs] 
[GC (Allocation Failure) [ParNew: 578825K->68096K(613440K), 0.0656852 secs] 1424506K->954413K(2010624K), 0.0657339 secs] [Times: user=0.23 sys=0.00, real=0.06 secs] 
[GC (Allocation Failure) [ParNew (0: promotion failure size = 1854)  (1: promotion failure size = 1854)  (2: promotion failure size = 1854)  (3: promotion failure size = 1854)  (4: promotion failure size = 1854)  (5: promotion failure size = 1854)  (6: promotion failure size = 1854)  (7: promotion failure size = 1854)  (promotion failed): 613440K->586353K(613440K), 0.3752905 secs][CMS: 949569K->745051K(1397184K), 1.8650978 secs] 1499757K->745051K(2010624K), [Metaspace: 10004K->10004K(10240K)], 2.2404588 secs] [Times: user=2.26 sys=0.03, real=2.23 secs] 

*** PauseDetector detected a 2234 ms pause at Sat Dec 20 00:18:47 EET 2014 ***

[GC (Allocation Failure) [ParNew: 545344K->68096K(613440K), 0.0549561 secs] 1290395K->854298K(2010624K), 0.0550074 secs] [Times: user=0.25 sys=0.00, real=0.05 secs] 
[GC (Allocation Failure) [ParNew: 613440K->34134K(613440K), 0.0351160 secs] 1399642K->883992K(2010624K), 0.0352321 secs] [Times: user=0.14 sys=0.00, real=0.04 secs] 
[GC (Allocation Failure) [ParNew: 579478K->68096K(613440K), 0.0552602 secs] 1429336K->963218K(2010624K), 0.0553180 secs] [Times: user=0.20 sys=0.00, real=0.06 secs] 
[GC (Allocation Failure) [ParNew: 613440K->19225K(613440K), 0.0289293 secs] 1508562K->973180K(2010624K), 0.0290448 secs] [Times: user=0.12 sys=0.00, real=0.03 secs] 
[GC (Allocation Failure) [ParNew: 564569K->68096K(613440K), 0.0540515 secs] 1518524K->1063231K(2010624K), 0.0541086 secs] [Times: user=0.20 sys=0.00, real=0.05 secs] 
[GC (Allocation Failure) [ParNew: 613440K->26836K(613440K), 0.0287137 secs] 1608575K->1084203K(2010624K), 0.0287618 secs] [Times: user=0.08 sys=0.00, real=0.03 secs] 
[GC (Allocation Failure) [ParNew: 572180K->68096K(613440K), 0.0540958 secs] 1629547K->1167237K(2010624K), 0.0541477 secs] [Times: user=0.20 sys=0.00, real=0.05 secs] 
[GC (Allocation Failure) [ParNew: 613440K->26703K(613440K), 0.0292527 secs] 1712581K->1187416K(2010624K), 0.0293008 secs] [Times: user=0.08 sys=0.00, real=0.03 secs] 
[GC (CMS Initial Mark) [1 CMS-initial-mark: 1160713K(1397184K)] 1187416K(2010624K), 0.0028242 secs] [Times: user=0.00 sys=0.00, real=0.00 secs] 
[CMS-concurrent-mark-start]
[CMS-concurrent-mark: 1.200/1.200 secs] [Times: user=3.85 sys=0.00, real=1.20 secs] 
[CMS-concurrent-preclean-start]
[CMS-concurrent-preclean: 0.069/0.073 secs] [Times: user=0.16 sys=0.00, real=0.07 secs] 
[CMS-concurrent-abortable-preclean-start]
[GC (Allocation Failure) [ParNew: 572047K->68096K(613440K), 0.0553443 secs] 1732760K->1269902K(2010624K), 0.0553930 secs] [Times: user=0.19 sys=0.00, real=0.06 secs] 
[CMS-concurrent-abortable-preclean: 0.591/1.165 secs] [Times: user=1.92 sys=0.00, real=1.16 secs] 
[GC (CMS Final Remark) [YG occupancy: 398568 K (613440 K)][Rescan (parallel) , 0.0766824 secs][weak refs processing, 0.0000526 secs][class unloading, 0.0086613 secs][scrub symbol table, 0.0013633 secs][scrub string table, 0.0003541 secs][1 CMS-remark: 1201806K(1397184K)] 1600374K(2010624K), 0.0881500 secs] [Times: user=0.42 sys=0.00, real=0.08 secs] 
[CMS-concurrent-sweep-start]
[GC (Allocation Failure) [ParNew: 613440K->53733K(613440K), 0.0281729 secs] 1701810K->1204176K(2010624K), 0.0282229 secs] [Times: user=0.11 sys=0.00, real=0.03 secs] 
[CMS-concurrent-sweep: 0.596/0.625 secs] [Times: user=1.39 sys=0.00, real=0.63 secs] 
[CMS-concurrent-reset-start]
[CMS-concurrent-reset: 0.003/0.003 secs] [Times: user=0.00 sys=0.00, real=0.00 secs] 
[GC (Allocation Failure) [ParNew: 599077K->68096K(613440K), 0.0532579 secs] 1338700K->847546K(2010624K), 0.0533041 secs] [Times: user=0.26 sys=0.00, real=0.05 secs] 
[GC (Allocation Failure) [ParNew: 613440K->40939K(613440K), 0.0290358 secs] 1392890K->883688K(2010624K), 0.0291378 secs] [Times: user=0.06 sys=0.00, real=0.03 secs] 
[GC (Allocation Failure) [ParNew (0: promotion failure size = 14056)  (1: promotion failure size = 14056)  (3: promotion failure size = 14056)  (4: promotion failure size = 14056)  (5: promotion failure size = 14056)  (6: promotion failure size = 14056)  (7: promotion failure size = 14056)  (promotion failed): 586283K->613440K(613440K), 0.2912658 secs][CMS: 909339K->766350K(1397184K), 2.1577212 secs] 1429032K->766350K(2010624K), [Metaspace: 10004K->10004K(10240K)]
*** PauseDetector detected a 2453 ms pause at Sat Dec 20 00:19:09 EET 2014 ***

, 2.4490544 secs] [Times: user=3.00 sys=0.00, real=2.45 secs] 
[GC (Allocation Failure) [ParNew: 545344K->27376K(613440K), 0.0067911 secs] 1311694K->793726K(2010624K), 0.0069008 secs] [Times: user=0.06 sys=0.00, real=0.01 secs] 
[GC (Allocation Failure) [ParNew: 572720K->68096K(613440K), 0.1937765 secs] 1339070K->894268K(2010624K), 0.1938265 secs] [Times: user=0.73 sys=0.00, real=0.18 secs] 
[GC (Allocation Failure) [ParNew: 613440K->34284K(613440K), 0.0787060 secs] 1439612K->925038K(2010624K), 0.0788061 secs] [Times: user=0.28 sys=0.00, real=0.07 secs] 
[GC (Allocation Failure) [ParNew: 579628K->68096K(613440K), 0.1664370 secs] 1470382K->1013245K(2010624K), 0.1664877 secs] [Times: user=0.75 sys=0.00, real=0.16 secs] 
[GC (Allocation Failure) [ParNew: 613440K->34169K(613440K), 0.0693948 secs] 1558589K->1043056K(2010624K), 0.0694455 secs] [Times: user=0.26 sys=0.00, real=0.07 secs] 
[GC (Allocation Failure) [ParNew: 579513K->68096K(613440K), 0.1485492 secs] 1588400K->1127305K(2010624K), 0.1485928 secs] [Times: user=0.59 sys=0.00, real=0.15 secs] 
[GC (Allocation Failure) [ParNew: 613440K->41034K(613440K), 0.0619486 secs] 1672649K->1163959K(2010624K), 0.0619993 secs] [Times: user=0.14 sys=0.00, real=0.06 secs] 
[GC (Allocation Failure) [ParNew: 586378K->68096K(613440K), 0.1381711 secs] 1709303K->1240069K(2010624K), 0.1382185 secs] [Times: user=0.55 sys=0.00, real=0.14 secs] 
[GC (CMS Initial Mark) [1 CMS-initial-mark: 1171973K(1397184K)] 1251011K(2010624K), 0.0095325 secs] [Times: user=0.01 sys=0.00, real=0.01 secs] 
[CMS-concurrent-mark-start]
[CMS-concurrent-mark: 1.285/1.285 secs] [Times: user=3.90 sys=0.00, real=1.28 secs] 
[CMS-concurrent-preclean-start]
[CMS-concurrent-preclean: 0.005/0.005 secs] [Times: user=0.00 sys=0.00, real=0.01 secs] 
[CMS-concurrent-abortable-preclean-start]
[GC (Allocation Failure) [ParNew: 613440K->34203K(613440K), 0.0603428 secs] 1785413K->1269819K(2010624K), 0.0603980 secs] [Times: user=0.25 sys=0.00, real=0.06 secs] 
[CMS-concurrent-abortable-preclean: 0.575/1.251 secs] [Times: user=2.39 sys=0.00, real=1.25 secs] 
[GC (CMS Final Remark) [YG occupancy: 354318 K (613440 K)][Rescan (parallel) , 0.0702288 secs][weak refs processing, 0.0000218 secs][class unloading, 0.0077708 secs][scrub symbol table, 0.0013582 secs][scrub string table, 0.0003612 secs][1 CMS-remark: 1235615K(1397184K)] 1589933K(2010624K), 0.0807314 secs] [Times: user=0.36 sys=0.00, real=0.08 secs] 
[CMS-concurrent-sweep-start]
[GC (Allocation Failure) [ParNew: 579547K->68096K(613440K), 0.1175919 secs] 1705115K->1240197K(2010624K), 0.1176439 secs] [Times: user=0.62 sys=0.00, real=0.12 secs] 
[CMS-concurrent-sweep: 0.903/1.021 secs] [Times: user=2.43 sys=0.00, real=1.02 secs] 
[CMS-concurrent-reset-start]
[CMS-concurrent-reset: 0.003/0.003 secs] [Times: user=0.00 sys=0.00, real=0.00 secs] 
[GC (Allocation Failure) [ParNew: 613440K->34209K(613440K), 0.0513986 secs] 1412031K->896290K(2010624K), 0.0514493 secs] [Times: user=0.14 sys=0.00, real=0.05 secs] 
[GC (Allocation Failure) [ParNew: 579553K->68096K(613440K), 0.1121718 secs] 1441634K->975963K(2010624K), 0.1122168 secs] [Times: user=0.47 sys=0.00, real=0.11 secs] 
[GC (Allocation Failure) [ParNew: 613440K->27380K(613440K), 0.0509392 secs] 1521307K->998789K(2010624K), 0.0509848 secs] [Times: user=0.13 sys=0.01, real=0.05 secs] 
[GC (Allocation Failure) [ParNew (0: promotion failure size = 4167)  (1: promotion failure size = 4167)  (2: promotion failure size = 4167)  (3: promotion failure size = 4167)  (4: promotion failure size = 4167)  (5: promotion failure size = 4167)  (6: promotion failure size = 4167)  (7: promotion failure size = 4167)  (promotion failed): 572724K->613440K(613440K), 3.0931735 secs][CMS: 992925K->748448K(1397184K), 2.0724891 secs] 1544133K->748448K(2010624K), [Metaspace: 10004K->10004K(10240K)], 5.1657935 secs] [Times: user=5.68 sys=0.50, real=5.16 secs] 

*** PauseDetector detected a 5162 ms pause at Sat Dec 20 00:19:38 EET 2014 ***

[GC (Allocation Failure) [ParNew: 545344K->27417K(613440K), 0.0076521 secs] 1293792K->775865K(2010624K), 0.0077124 secs] [Times: user=0.06 sys=0.00, real=0.01 secs] 
[GC (Allocation Failure) [ParNew: 572761K->68096K(613440K), 0.0857999 secs] 1321209K->862281K(2010624K), 0.0858506 secs] [Times: user=0.36 sys=0.00, real=0.08 secs] 
[GC (Allocation Failure) [ParNew: 613440K->20567K(613440K), 0.0441302 secs] 1407625K->880800K(2010624K), 0.0441783 secs] [Times: user=0.11 sys=0.02, real=0.04 secs] 
[GC (Allocation Failure) [ParNew: 565911K->68096K(613440K), 0.0822109 secs] 1426144K->972741K(2010624K), 0.0822590 secs] [Times: user=0.34 sys=0.00, real=0.08 secs] 
[GC (Allocation Failure) [ParNew: 613440K->27114K(613440K), 0.0436163 secs] 1518085K->994629K(2010624K), 0.0436663 secs] [Times: user=0.12 sys=0.00, real=0.04 secs] 
[GC (Allocation Failure) [ParNew: 572458K->68096K(613440K), 0.0818786 secs] 1539973K->1079693K(2010624K), 0.0820255 secs] [Times: user=0.34 sys=0.00, real=0.08 secs] 
[GC (Allocation Failure) [ParNew: 613440K->33801K(613440K), 0.0370433 secs] 1625037K->1108085K(2010624K), 0.0370927 secs] [Times: user=0.14 sys=0.00, real=0.03 secs] 
[GC (Allocation Failure) [ParNew: 579145K->68096K(613440K), 0.0760723 secs] 1653429K->1185068K(2010624K), 0.0761217 secs] [Times: user=0.30 sys=0.00, real=0.08 secs] 
[GC (Allocation Failure) [ParNew: 613440K->34199K(613440K), 0.0421997 secs] 1730412K->1214732K(2010624K), 0.0422824 secs] [Times: user=0.14 sys=0.00, real=0.04 secs] 
[GC (CMS Initial Mark) [1 CMS-initial-mark: 1180532K(1397184K)] 1225674K(2010624K), 0.0038905 secs] [Times: user=0.00 sys=0.00, real=0.00 secs] 
[CMS-concurrent-mark-start]
[CMS-concurrent-mark: 1.140/1.140 secs] [Times: user=3.70 sys=0.00, real=1.14 secs] 
[CMS-concurrent-preclean-start]
[CMS-concurrent-preclean: 0.121/0.129 secs] [Times: user=0.28 sys=0.00, real=0.13 secs] 
[CMS-concurrent-abortable-preclean-start]
[GC (Allocation Failure) [ParNew[CMS-concurrent-abortable-preclean: 0.066/0.376 secs] [Times: user=0.70 sys=0.00, real=0.38 secs] 
: 579543K->68096K(613440K), 0.0762025 secs] 1760076K->1291243K(2010624K), 0.0762603 secs] [Times: user=0.34 sys=0.00, real=0.08 secs] 
[GC (CMS Final Remark) [YG occupancy: 79108 K (613440 K)][Rescan (parallel) , 0.0396205 secs][weak refs processing, 0.0000192 secs][class unloading, 0.0088383 secs][scrub symbol table, 0.0012472 secs][scrub string table, 0.0003849 secs][1 CMS-remark: 1223147K(1397184K)] 1302255K(2010624K), 0.0511278 secs] [Times: user=0.25 sys=0.00, real=0.05 secs] 
[CMS-concurrent-sweep-start]
[CMS-concurrent-sweep: 0.697/0.697 secs] [Times: user=1.42 sys=0.00, real=0.70 secs] 
[CMS-concurrent-reset-start]
[CMS-concurrent-reset: 0.003/0.003 secs] [Times: user=0.00 sys=0.00, real=0.00 secs] 
[GC (Allocation Failure) [ParNew: 613440K->54679K(613440K), 0.0351821 secs] 1293627K->798207K(2010624K), 0.0352321 secs] [Times: user=0.13 sys=0.00, real=0.03 secs] 
[GC (Allocation Failure) [ParNew: 600023K->68096K(613440K), 0.0737023 secs] 1343551K->857023K(2010624K), 0.0738101 secs] [Times: user=0.27 sys=0.00, real=0.07 secs] 
[GC (Allocation Failure) [ParNew: 613440K->19649K(613440K), 0.0330906 secs] 1402367K->868922K(2010624K), 0.0331316 secs] [Times: user=0.06 sys=0.00, real=0.03 secs] 
[GC (Allocation Failure) [ParNew: 564993K->68096K(613440K), 0.1001891 secs] 1414266K->959447K(2010624K), 0.1002379 secs] [Times: user=0.30 sys=0.00, real=0.10 secs] 
[GC (Allocation Failure) [ParNew (0: promotion failure size = 2779)  (1: promotion failure size = 2779)  (2: promotion failure size = 2779)  (3: promotion failure size = 2779)  (4: promotion failure size = 2779)  (5: promotion failure size = 2779)  (6: promotion failure size = 2779)  (7: promotion failure size = 2779)  (promotion failed): 613440K->600046K(613440K), 0.5760992 secs][CMS: 953769K->746496K(1397184K), 1.8645588 secs] 1504791K->746496K(2010624K), [Metaspace: 10004K->10004K(10240K)], 2.4407274 secs] [Times: user=2.54 sys=0.03, real=2.44 secs] 

*** PauseDetector detected a 2439 ms pause at Sat Dec 20 00:20:03 EET 2014 ***

[GC (Allocation Failure) [ParNew: 545344K->68096K(613440K), 0.0649544 secs] 1291840K->856384K(2010624K), 0.0650019 secs] [Times: user=0.26 sys=0.00, real=0.06 secs] 
[GC (Allocation Failure) [ParNew: 613440K->34214K(613440K), 0.0354246 secs] 1401728K->886379K(2010624K), 0.0354714 secs] [Times: user=0.13 sys=0.00, real=0.03 secs] 
[GC (Allocation Failure) [ParNew: 579558K->68096K(613440K), 0.0598654 secs] 1431723K->963148K(2010624K), 0.0599277 secs] [Times: user=0.28 sys=0.00, real=0.06 secs] 
[Full GC (System.gc()) [CMS: 895052K->740596K(1397184K), 1.7043811 secs] 1040410K->740596K(2010624K), [Metaspace: 10007K->10007K(10240K)], 1.7046345 secs] [Times: user=1.72 sys=0.00, real=1.70 secs] 
[Full GC (System.gc()) [CMS: 740596K->740597K(1397184K), 1.5170864 secs] 751537K->740597K(2010624K), [Metaspace: 10007K->10007K(10240K)], 1.5173720 secs] [Times: user=1.51 sys=0.00, real=1.52 secs] 
[Full GC (System.gc()) [CMS: 740597K->740597K(1397184K), 1.4883028 secs] 751536K->740597K(2010624K), [Metaspace: 10007K->10007K(10240K)]
*** PauseDetector detected a 1703 ms pause at Sat Dec 20 00:20:09 EET 2014 ***

, 1.4885479 secs] [Times: user=1.48 sys=0.00, real=1.48 secs] 

*** PauseDetector detected a 3021 ms pause at Sat Dec 20 00:20:12 EET 2014 ***

[GC (Allocation Failure) [ParNew: 545344K->68096K(613440K), 0.0628180 secs] 1285941K->864966K(2010624K), 0.0628648 secs] [Times: user=0.23 sys=0.00, real=0.06 secs] 
[GC (Allocation Failure) [ParNew: 613440K->26758K(613440K), 0.0431094 secs] 1410310K->872861K(2010624K), 0.0431697 secs] [Times: user=0.19 sys=0.00, real=0.04 secs] 
[GC (Allocation Failure) [ParNew: 572102K->68096K(613440K), 0.0722973 secs] 1418205K->956755K(2010624K), 0.0723685 secs] [Times: user=0.28 sys=0.00, real=0.07 secs] 
[GC (Allocation Failure) [ParNew: 613440K->20075K(613440K), 0.0348337 secs] 1502099K->970938K(2010624K), 0.0348889 secs] [Times: user=0.13 sys=0.00, real=0.04 secs] 
[GC (Allocation Failure) [ParNew: 565419K->68096K(613440K), 0.0580139 secs] 1516282K->1063566K(2010624K), 0.0580819 secs] [Times: user=0.19 sys=0.00, real=0.06 secs] 
[GC (Allocation Failure) [ParNew: 613440K->25949K(613440K), 0.0363203 secs] 1608910K->1081049K(2010624K), 0.0363748 secs] [Times: user=0.11 sys=0.01, real=0.04 secs] 
[Full GC (System.gc()) [CMS: 1055100K->741219K(1397184K), 1.6876879 secs] 1365484K->741219K(2010624K), [Metaspace: 10007K->10007K(10240K)]
*** PauseDetector detected a 1683 ms pause at Sat Dec 20 00:20:24 EET 2014 ***

, 1.6879471 secs] [Times: user=1.68 sys=0.00, real=1.68 secs] 
[Full GC (System.gc()) [CMS: 741219K->741219K(1397184K), 1.4968268 secs] 741221K->741219K(2010624K), [Metaspace: 10007K->10007K(10240K)], 1.4970590 secs] [Times: user=1.48 sys=0.00, real=1.49 secs] 
[Full GC (System.gc()) [CMS
*** PauseDetector detected a 1493 ms pause at Sat Dec 20 00:20:26 EET 2014 ***

: 741219K->741117K(1397184K), 1.7887323 secs] 741221K->741117K(2010624K), [Metaspace: 10007K->10007K(10240K)]
*** PauseDetector detected a 1799 ms pause at Sat Dec 20 00:20:27 EET 2014 ***

, 1.7889542 secs] [Times: user=1.79 sys=0.00, real=1.79 secs] 
********************************
********** ROUND   29 **********
********************************
[GC (Allocation Failure) [ParNew: 545344K->7220K(613440K), 0.0071022 secs] 1286461K->748337K(2010624K), 0.0071484 secs] [Times: user=0.06 sys=0.00, real=0.01 secs] 
[GC (Allocation Failure) [ParNew: 552564K->68096K(613440K), 0.0546738 secs] 1293681K->850898K(2010624K), 0.0547348 secs] [Times: user=0.20 sys=0.00, real=0.06 secs] 
[GC (Allocation Failure) [ParNew: 613440K->26244K(613440K), 0.0444805 secs] 1396242K->872166K(2010624K), 0.0445267 secs] [Times: user=0.11 sys=0.00, real=0.04 secs] 
[GC (Allocation Failure) [ParNew: 571588K->68096K(613440K), 0.0556561 secs] 1417510K->956464K(2010624K), 0.0557119 secs] [Times: user=0.25 sys=0.00, real=0.05 secs] 
[GC (Allocation Failure) [ParNew: 613440K->26600K(613440K), 0.0303523 secs] 1501808K->976664K(2010624K), 0.0303953 secs] [Times: user=0.08 sys=0.00, real=0.03 secs] 
[GC (Allocation Failure) [ParNew: 571944K->68096K(613440K), 0.0542818 secs] 1522008K->1059208K(2010624K), 0.0543992 secs] [Times: user=0.23 sys=0.00, real=0.05 secs] 
[GC (Allocation Failure) [ParNew: 613440K->26936K(613440K), 0.0449366 secs] 1604552K->1080560K(2010624K), 0.0449841 secs] [Times: user=0.20 sys=0.00, real=0.04 secs] 
[GC (Allocation Failure) [ParNew: 572280K->68096K(613440K), 0.0513209 secs] 1625904K->1162663K(2010624K), 0.0513768 secs] [Times: user=0.26 sys=0.00, real=0.05 secs] 
[GC (Allocation Failure) [ParNew: 613440K->26976K(613440K), 0.0405412 secs] 1708007K->1183851K(2010624K), 0.0405867 secs] [Times: user=0.12 sys=0.00, real=0.04 secs] 
[GC (CMS Initial Mark) [1 CMS-initial-mark: 1156874K(1397184K)] 1194781K(2010624K), 0.0033708 secs] [Times: user=0.03 sys=0.00, real=0.00 secs] 
[CMS-concurrent-mark-start]
[CMS-concurrent-mark: 1.222/1.222 secs] [Times: user=3.87 sys=0.00, real=1.22 secs] 
[CMS-concurrent-preclean-start]
[CMS-concurrent-preclean: 0.084/0.088 secs] [Times: user=0.19 sys=0.00, real=0.09 secs] 
[CMS-concurrent-abortable-preclean-start]
[GC (Allocation Failure) [ParNew[CMS-concurrent-abortable-preclean: 0.043/0.254 secs] [Times: user=0.51 sys=0.00, real=0.25 secs] 
: 572320K->68096K(613440K), 0.0513171 secs] 1729195K->1266480K(2010624K), 0.0513774 secs] [Times: user=0.26 sys=0.00, real=0.05 secs] 
[GC (CMS Final Remark) [YG occupancy: 79026 K (613440 K)][Rescan (parallel) , 0.0240379 secs][weak refs processing, 0.0000199 secs][class unloading, 0.0076739 secs][scrub symbol table, 0.0013518 secs][scrub string table, 0.0003586 secs][1 CMS-remark: 1198384K(1397184K)] 1277410K(2010624K), 0.0344340 secs] [Times: user=0.19 sys=0.00, real=0.03 secs] 
[CMS-concurrent-sweep-start]
[CMS-concurrent-sweep: 0.514/0.514 secs] [Times: user=1.06 sys=0.00, real=0.51 secs] 
[CMS-concurrent-reset-start]
[CMS-concurrent-reset: 0.003/0.003 secs] [Times: user=0.03 sys=0.00, real=0.00 secs] 
[GC (Allocation Failure) [ParNew: 613440K->40088K(613440K), 0.0398970 secs] 1291526K->779858K(2010624K), 0.0399368 secs] [Times: user=0.11 sys=0.00, real=0.04 secs] 
[GC (Allocation Failure) [ParNew: 585432K->68096K(613440K), 0.0530256 secs] 1325202K->849244K(2010624K), 0.0530757 secs] [Times: user=0.17 sys=0.00, real=0.05 secs] 
[GC (Allocation Failure) [ParNew: 613440K->40050K(613440K), 0.0305865 secs] 1394588K->882957K(2010624K), 0.0306359 secs] [Times: user=0.09 sys=0.00, real=0.03 secs] 
[GC (Allocation Failure) [ParNew (0: promotion failure size = 14056)  (1: promotion failure size = 14056)  (2: promotion failure size = 14056)  (3: promotion failure size = 14056)  (4: promotion failure size = 14056)  (5: promotion failure size = 14056)  (6: promotion failure size = 14056)  (7: promotion failure size = 14056)  (promotion failed): 585394K->613440K(613440K), 0.2758622 secs][CMS: 909469K->766363K(1397184K), 2.0040143 secs] 1428301K->766363K(2010624K), [Metaspace: 10007K->10007K(10240K)], 2.2799452 secs] [Times: user=2.85 sys=0.02, real=2.28 secs] 

*** PauseDetector detected a 2282 ms pause at Sat Dec 20 00:20:50 EET 2014 ***

[GC (Allocation Failure) [ParNew: 545344K->27222K(613440K), 0.0067507 secs] 1311707K->793585K(2010624K), 0.0067956 secs] [Times: user=0.00 sys=0.00, real=0.01 secs] 
[GC (Allocation Failure) [ParNew: 572566K->68096K(613440K), 0.2037998 secs] 1338929K->894295K(2010624K), 0.2038556 secs] [Times: user=0.86 sys=0.00, real=0.20 secs] 
[GC (Allocation Failure) [ParNew: 613440K->27411K(613440K), 0.0710609 secs] 1439639K->918404K(2010624K), 0.0711110 secs] [Times: user=0.22 sys=0.00, real=0.06 secs] 
[GC (Allocation Failure) [ParNew: 572755K->68096K(613440K), 0.1650685 secs] 1463748K->1013372K(2010624K), 0.1651173 secs] [Times: user=0.80 sys=0.00, real=0.16 secs] 
[GC (Allocation Failure) [ParNew: 613440K->34253K(613440K), 0.0669728 secs] 1558716K->1043877K(2010624K), 0.0670222 secs] [Times: user=0.22 sys=0.00, real=0.07 secs] 
[GC (Allocation Failure) [ParNew: 579597K->68096K(613440K), 0.1453670 secs] 1589221K->1127969K(2010624K), 0.1454196 secs] [Times: user=0.67 sys=0.00, real=0.15 secs] 
[GC (Allocation Failure) [ParNew: 613440K->13682K(613440K), 0.0589595 secs] 1673313K->1137206K(2010624K), 0.0590045 secs] [Times: user=0.20 sys=0.00, real=0.05 secs] 
[GC (Allocation Failure) [ParNew: 559026K->68096K(613440K), 0.1374307 secs] 1682550K->1240647K(2010624K), 0.1374916 secs] [Times: user=0.52 sys=0.00, real=0.13 secs] 
[GC (Allocation Failure) [ParNew: 613440K->48106K(613440K), 0.0629123 secs] 1785991K->1284324K(2010624K), 0.0629585 secs] [Times: user=0.22 sys=0.00, real=0.06 secs] 
[GC (CMS Initial Mark) [1 CMS-initial-mark: 1236217K(1397184K)] 1284324K(2010624K), 0.0041888 secs] [Times: user=0.00 sys=0.00, real=0.00 secs] 
[CMS-concurrent-mark-start]
[CMS-concurrent-mark: 1.311/1.311 secs] [Times: user=4.46 sys=0.00, real=1.32 secs] 
[CMS-concurrent-preclean-start]
[CMS-concurrent-preclean: 0.216/0.232 secs] [Times: user=0.48 sys=0.00, real=0.23 secs] 
[CMS-concurrent-abortable-preclean-start]
[GC (Allocation Failure) [ParNew[CMS-concurrent-abortable-preclean: 0.038/0.300 secs] [Times: user=0.67 sys=0.00, real=0.30 secs] 
: 593450K->68096K(613440K), 0.1271065 secs] 1829668K->1350804K(2010624K), 0.1271539 secs] [Times: user=0.59 sys=0.00, real=0.13 secs] 
[GC (CMS Final Remark) [YG occupancy: 79024 K (613440 K)][Rescan (parallel) , 0.0705496 secs][weak refs processing, 0.0000205 secs][class unloading, 0.0078689 secs][scrub symbol table, 0.0010612 secs][scrub string table, 0.0003548 secs][1 CMS-remark: 1282708K(1397184K)] 1361733K(2010624K), 0.0808456 secs] [Times: user=0.47 sys=0.00, real=0.07 secs] 
[CMS-concurrent-sweep-start]
[CMS-concurrent-sweep: 0.938/0.938 secs] [Times: user=1.92 sys=0.00, real=0.95 secs] 
[CMS-concurrent-reset-start]
[CMS-concurrent-reset: 0.003/0.003 secs] [Times: user=0.00 sys=0.00, real=0.00 secs] 
[GC (Allocation Failure) [ParNew: 613440K->27388K(613440K), 0.0537686 secs] 1300014K->777496K(2010624K), 0.0538212 secs] [Times: user=0.09 sys=0.00, real=0.05 secs] 
[GC (Allocation Failure) [ParNew: 572732K->68096K(613440K), 0.1103613 secs] 1322840K->865054K(2010624K), 0.1104082 secs] [Times: user=0.44 sys=0.00, real=0.11 secs] 
[GC (Allocation Failure) [ParNew: 613440K->33788K(613440K), 0.0549394 secs] 1410398K->893223K(2010624K), 0.0549869 secs] [Times: user=0.14 sys=0.00, real=0.05 secs] 
[GC (Allocation Failure) [ParNew (0: promotion failure size = 4167)  (1: promotion failure size = 4167)  (2: promotion failure size = 4167)  (3: promotion failure size = 4167)  (4: promotion failure size = 4167)  (5: promotion failure size = 4167)  (6: promotion failure size = 4167)  (7: promotion failure size = 4167)  (promotion failed): 579132K->613440K(613440K), 1.8387123 secs][CMS: 893965K->748434K(1397184K), 2.0989509 secs] 1438567K->748434K(2010624K), [Metaspace: 10007K->10007K(10240K)]
*** PauseDetector detected a 3933 ms pause at Sat Dec 20 00:21:18 EET 2014 ***

, 3.9377312 secs] [Times: user=4.46 sys=0.33, real=3.93 secs] 
[GC (Allocation Failure) [ParNew: 545344K->27359K(613440K), 0.0076335 secs] 1293778K->775793K(2010624K), 0.0076771 secs] [Times: user=0.00 sys=0.00, real=0.01 secs] 
[GC (Allocation Failure) [ParNew: 572703K->68096K(613440K), 0.0867327 secs] 1321137K->862270K(2010624K), 0.0867796 secs] [Times: user=0.33 sys=0.00, real=0.09 secs] 
[GC (Allocation Failure) [ParNew: 613440K->34281K(613440K), 0.0431133 secs] 1407614K->892644K(2010624K), 0.0431575 secs] [Times: user=0.14 sys=0.00, real=0.04 secs] 
[GC (Allocation Failure) [ParNew: 579625K->68096K(613440K), 0.0831001 secs] 1437988K->971454K(2010624K), 0.0831489 secs] [Times: user=0.28 sys=0.00, real=0.08 secs] 
[GC (Allocation Failure) [ParNew: 613440K->40138K(613440K), 0.0406355 secs] 1516798K->1005335K(2010624K), 0.0406836 secs] [Times: user=0.14 sys=0.00, real=0.03 secs] 
[GC (Allocation Failure) [ParNew: 585482K->68096K(613440K), 0.0802220 secs] 1550679K->1077550K(2010624K), 0.0802650 secs] [Times: user=0.28 sys=0.00, real=0.08 secs] 
[GC (Allocation Failure) [ParNew: 613440K->33581K(613440K), 0.0469030 secs] 1622894K->1105598K(2010624K), 0.0469499 secs] [Times: user=0.16 sys=0.00, real=0.04 secs] 
[GC (Allocation Failure) [ParNew: 578925K->68096K(613440K), 0.0778046 secs] 1650942K->1182870K(2010624K), 0.0778540 secs] [Times: user=0.28 sys=0.00, real=0.08 secs] 
[GC (Allocation Failure) [ParNew: 613440K->41015K(613440K), 0.0429015 secs] 1728214K->1219318K(2010624K), 0.0429497 secs] [Times: user=0.17 sys=0.00, real=0.04 secs] 
[GC (CMS Initial Mark) [1 CMS-initial-mark: 1178302K(1397184K)] 1230246K(2010624K), 0.0022859 secs] [Times: user=0.09 sys=0.00, real=0.00 secs] 
[CMS-concurrent-mark-start]
[CMS-concurrent-mark: 1.232/1.232 secs] [Times: user=3.99 sys=0.00, real=1.23 secs] 
[CMS-concurrent-preclean-start]
[CMS-concurrent-preclean: 0.142/0.151 secs] [Times: user=0.28 sys=0.00, real=0.15 secs] 
[CMS-concurrent-abortable-preclean-start]
[GC (Allocation Failure) [ParNew: 586359K->68096K(613440K), 0.0772002 secs] 1764662K->1289606K(2010624K), 0.0772457 secs] [Times: user=0.30 sys=0.00, real=0.07 secs] 
[CMS-concurrent-abortable-preclean: 0.822/1.405 secs] [Times: user=2.48 sys=0.00, real=1.41 secs] 
[GC (CMS Final Remark) [YG occupancy: 431435 K (613440 K)][Rescan (parallel) , 0.0816919 secs][weak refs processing, 0.0000231 secs][class unloading, 0.0075969 secs][scrub symbol table, 0.0010836 secs][scrub string table, 0.0003541 secs][1 CMS-remark: 1221510K(1397184K)] 1652945K(2010624K), 0.0917344 secs] [Times: user=0.48 sys=0.00, real=0.08 secs] 
[CMS-concurrent-sweep-start]
[GC (Allocation Failure) [ParNew: 613440K->40668K(613440K), 0.0361323 secs] 1824215K->1314190K(2010624K), 0.0362580 secs] [Times: user=0.16 sys=0.00, real=0.03 secs] 
[CMS-concurrent-sweep: 0.673/0.709 secs] [Times: user=1.68 sys=0.00, real=0.71 secs] 
[CMS-concurrent-reset-start]
[CMS-concurrent-reset: 0.003/0.003 secs] [Times: user=0.00 sys=0.00, real=0.00 secs] 
[GC (Allocation Failure) [ParNew: 586012K->68096K(613440K), 0.0786264 secs] 1329216K->854883K(2010624K), 0.0786822 secs] [Times: user=0.31 sys=0.00, real=0.08 secs] 
[GC (Allocation Failure) [ParNew: 613440K->26875K(613440K), 0.0362080 secs] 1400227K->875824K(2010624K), 0.0362522 secs] [Times: user=0.05 sys=0.00, real=0.03 secs] 
[GC (Allocation Failure) [ParNew: 572219K->68096K(613440K), 0.0843396 secs] 1421168K->959146K(2010624K), 0.0844269 secs] [Times: user=0.25 sys=0.00, real=0.09 secs] 
[GC (Allocation Failure) [ParNew (0: promotion failure size = 2779)  (1: promotion failure size = 2779)  (2: promotion failure size = 2779)  (3: promotion failure size = 2779)  (4: promotion failure size = 2779)  (5: promotion failure size = 2779)  (6: promotion failure size = 2779)  (7: promotion failure size = 2779)  (promotion failed): 613440K->593284K(613440K), 0.4061054 secs][CMS: 953316K->746522K(1397184K), 1.8639012 secs] 1504490K->746522K(2010624K), [Metaspace: 10007K->10007K(10240K)], 2.2700810 secs] [Times: user=2.40 sys=0.00, real=2.27 secs] 

*** PauseDetector detected a 2272 ms pause at Sat Dec 20 00:21:43 EET 2014 ***

[GC (Allocation Failure) [ParNew: 545344K->68096K(613440K), 0.0637123 secs] 1291866K->857949K(2010624K), 0.0637566 secs] [Times: user=0.28 sys=0.00, real=0.06 secs] 
[GC (Allocation Failure) [ParNew: 613440K->26826K(613440K), 0.0342242 secs] 1403293K->879157K(2010624K), 0.0343044 secs] [Times: user=0.09 sys=0.00, real=0.03 secs] 
[GC (Allocation Failure) [ParNew: 572170K->68096K(613440K), 0.0655735 secs] 1424501K->964525K(2010624K), 0.0656236 secs] [Times: user=0.28 sys=0.00, real=0.07 secs] 
[GC (Allocation Failure) [ParNew: 613440K->39468K(613440K), 0.0318632 secs] 1509869K->996574K(2010624K), 0.0319146 secs] [Times: user=0.08 sys=0.00, real=0.03 secs] 
[GC (Allocation Failure) [ParNew: 584812K->68096K(613440K), 0.0624138 secs] 1541918K->1066605K(2010624K), 0.0624632 secs] [Times: user=0.27 sys=0.00, real=0.06 secs] 
[GC (Allocation Failure) [ParNew: 613440K->33930K(613440K), 0.0313962 secs] 1611949K->1095516K(2010624K), 0.0314520 secs] [Times: user=0.16 sys=0.00, real=0.03 secs] 
[GC (Allocation Failure) [ParNew: 579274K->68096K(613440K), 0.0612602 secs] 1640860K->1174053K(2010624K), 0.0613084 secs] [Times: user=0.22 sys=0.00, real=0.06 secs] 
[GC (Allocation Failure) [ParNew: 613440K->32538K(613440K), 0.0301592 secs] 1719397K->1198385K(2010624K), 0.0302195 secs] [Times: user=0.11 sys=0.00, real=0.02 secs] 
[GC (CMS Initial Mark) [1 CMS-initial-mark: 1165846K(1397184K)] 1209405K(2010624K), 0.0041831 secs] [Times: user=0.00 sys=0.00, real=0.00 secs] 
[CMS-concurrent-mark-start]
[CMS-concurrent-mark: 1.261/1.261 secs] [Times: user=3.99 sys=0.00, real=1.27 secs] 
[CMS-concurrent-preclean-start]
[CMS-concurrent-preclean: 0.094/0.100 secs] [Times: user=0.22 sys=0.00, real=0.10 secs] 
[CMS-concurrent-abortable-preclean-start]
[GC (Allocation Failure) [ParNew: 577882K->68096K(613440K), 0.0568205 secs] 1743729K->1274697K(2010624K), 0.0568706 secs] [Times: user=0.38 sys=0.00, real=0.05 secs] 
[CMS-concurrent-abortable-preclean: 0.610/1.175 secs] [Times: user=2.11 sys=0.00, real=1.18 secs] 
[GC (CMS Final Remark) [YG occupancy: 398083 K (613440 K)][Rescan (parallel) , 0.0640832 secs][weak refs processing, 0.0000218 secs][class unloading, 0.0067975 secs][scrub symbol table, 0.0010695 secs][scrub string table, 0.0003535 secs][1 CMS-remark: 1206601K(1397184K)] 1604685K(2010624K), 0.0733122 secs] [Times: user=0.42 sys=0.00, real=0.07 secs] 
[CMS-concurrent-sweep-start]
[GC (Allocation Failure) [ParNew: 613440K->47753K(613440K), 0.0300161 secs] 1502326K->1000032K(2010624K), 0.0300675 secs] [Times: user=0.19 sys=0.00, real=0.02 secs] 
[CMS-concurrent-sweep: 0.567/0.597 secs] [Times: user=1.34 sys=0.00, real=0.60 secs] 
[CMS-concurrent-reset-start]
[CMS-concurrent-reset: 0.003/0.003 secs] [Times: user=0.00 sys=0.00, real=0.00 secs] 
[GC (Allocation Failure) [ParNew: 593097K->68096K(613440K), 0.0588062 secs] 1333912K->851151K(2010624K), 0.0588678 secs] [Times: user=0.28 sys=0.00, real=0.06 secs] 
[GC (Allocation Failure) [ParNew: 613440K->20075K(613440K), 0.0309669 secs] 1396495K->864938K(2010624K), 0.0310163 secs] [Times: user=0.13 sys=0.00, real=0.03 secs] 
[GC (Allocation Failure) [ParNew (0: promotion failure size = 93)  (1: promotion failure size = 93)  (2: promotion failure size = 93)  (3: promotion failure size = 93)  (4: promotion failure size = 93)  (5: promotion failure size = 93)  (6: promotion failure size = 93)  (7: promotion failure size = 93)  (promotion failed): 565419K->613440K(613440K), 0.2855969 secs][CMS: 882717K->743813K(1397184K), 2.0215403 secs] 1410282K->743813K(2010624K), [Metaspace: 10007K->10007K(10240K)], 2.3072135 secs] [Times: user=2.53 sys=0.03, real=2.31 secs] 

*** PauseDetector detected a 2310 ms pause at Sat Dec 20 00:22:05 EET 2014 ***

[GC (Allocation Failure) [ParNew: 545344K->27385K(613440K), 0.0068989 secs] 1289157K->771199K(2010624K), 0.0069431 secs] [Times: user=0.06 sys=0.00, real=0.01 secs] 
[GC (Allocation Failure) [ParNew: 572729K->68096K(613440K), 0.0556041 secs] 1316543K->854056K(2010624K), 0.0556586 secs] [Times: user=0.20 sys=0.00, real=0.05 secs] 
[GC (Allocation Failure) [ParNew: 613440K->33663K(613440K), 0.0296504 secs] 1399400K->882133K(2010624K), 0.0297037 secs] [Times: user=0.08 sys=0.00, real=0.03 secs] 
[GC (Allocation Failure) [ParNew: 579007K->68096K(613440K), 0.0531751 secs] 1427477K->957005K(2010624K), 0.0532296 secs] [Times: user=0.22 sys=0.00, real=0.05 secs] 
[GC (Allocation Failure) [ParNew: 613440K->20365K(613440K), 0.0317907 secs] 1502349K->972458K(2010624K), 0.0318401 secs] [Times: user=0.13 sys=0.00, real=0.03 secs] 
[GC (Allocation Failure) [ParNew: 565709K->68096K(613440K), 0.0524706 secs] 1517802K->1061149K(2010624K), 0.0525181 secs] [Times: user=0.19 sys=0.00, real=0.05 secs] 
[GC (Allocation Failure) [ParNew: 613440K->26997K(613440K), 0.0297852 secs] 1606493K->1082487K(2010624K), 0.0298872 secs] [Times: user=0.12 sys=0.00, real=0.03 secs] 
[GC (Allocation Failure) [ParNew: 572341K->68096K(613440K), 0.0540746 secs] 1627831K->1164654K(2010624K), 0.0541349 secs] [Times: user=0.17 sys=0.00, real=0.05 secs] 
[GC (Allocation Failure) [ParNew: 613440K->33643K(613440K), 0.0409896 secs] 1709998K->1192389K(2010624K), 0.0410423 secs] [Times: user=0.19 sys=0.00, real=0.04 secs] 
[GC (CMS Initial Mark) [1 CMS-initial-mark: 1158746K(1397184K)] 1192391K(2010624K), 0.0025535 secs] [Times: user=0.00 sys=0.00, real=0.00 secs] 
[CMS-concurrent-mark-start]
[CMS-concurrent-mark: 1.162/1.162 secs] [Times: user=3.76 sys=0.00, real=1.16 secs] 
[CMS-concurrent-preclean-start]
[CMS-concurrent-preclean: 0.063/0.066 secs] [Times: user=0.12 sys=0.00, real=0.07 secs] 
[CMS-concurrent-abortable-preclean-start]
[GC (Allocation Failure) [ParNew: 578987K->68096K(613440K), 0.0548791 secs] 1737733K->1267143K(2010624K), 0.0549375 secs] [Times: user=0.17 sys=0.00, real=0.05 secs] 
[CMS-concurrent-abortable-preclean: 0.576/1.176 secs] [Times: user=1.89 sys=0.00, real=1.18 secs] 
[GC (CMS Final Remark) [YG occupancy: 398010 K (613440 K)][Rescan (parallel) , 0.0775466 secs][weak refs processing, 0.0000212 secs][class unloading, 0.0074442 secs][scrub symbol table, 0.0013383 secs][scrub string table, 0.0003580 secs][1 CMS-remark: 1199047K(1397184K)] 1597057K(2010624K), 0.0876964 secs] [Times: user=0.34 sys=0.00, real=0.09 secs] 
[CMS-concurrent-sweep-start]
[GC (Allocation Failure) [ParNew: 613440K->33903K(613440K), 0.0321481 secs] 1384588K->867868K(2010624K), 0.0321994 secs] [Times: user=0.13 sys=0.00, real=0.03 secs] 
[CMS-concurrent-sweep: 0.544/0.576 secs] [Times: user=1.20 sys=0.00, real=0.58 secs] 
[CMS-concurrent-reset-start]
[CMS-concurrent-reset: 0.003/0.003 secs] [Times: user=0.00 sys=0.00, real=0.00 secs] 
[GC (Allocation Failure) [ParNew: 579247K->68096K(613440K), 0.1730253 secs] 1318910K->875141K(2010624K), 0.1730779 secs] [Times: user=0.73 sys=0.00, real=0.17 secs] 
[GC (Allocation Failure) [ParNew: 613440K->27345K(613440K), 0.0850807 secs] 1420485K->899066K(2010624K), 0.0851313 secs] [Times: user=0.30 sys=0.00, real=0.09 secs] 
[GC (Allocation Failure) [ParNew: 572689K->68096K(613440K), 0.1990861 secs] 1444410K->999016K(2010624K), 0.1991817 secs] [Times: user=0.86 sys=0.00, real=0.19 secs] 
[GC (Allocation Failure) [ParNew (0: promotion failure size = 9372)  (1: promotion failure size = 9372)  (2: promotion failure size = 9372)  (3: promotion failure size = 9372)  (4: promotion failure size = 9372)  (5: promotion failure size = 9372)  (6: promotion failure size = 9372)  (7: promotion failure size = 9372)  (promotion failed): 613440K->572025K(613440K), 0.2021593 secs][CMS: 989819K->760634K(1397184K), 2.2675949 secs] 1544360K->760634K(2010624K), [Metaspace: 10007K->10007K(10240K)], 2.4698209 secs] [Times: user=2.65 sys=0.00, real=2.47 secs] 

*** PauseDetector detected a 2473 ms pause at Sat Dec 20 00:22:31 EET 2014 ***

[GC (Allocation Failure) [ParNew: 545344K->68096K(613440K), 0.1575043 secs] 1305978K->885549K(2010624K), 0.1575556 secs] [Times: user=0.70 sys=0.00, real=0.16 secs] 
[GC (Allocation Failure) [ParNew: 613440K->34144K(613440K), 0.0742829 secs] 1430893K->916003K(2010624K), 0.0743323 secs] [Times: user=0.28 sys=0.00, real=0.07 secs] 
[GC (Allocation Failure) [ParNew: 579488K->68096K(613440K), 0.1415541 secs] 1461347K->1001861K(2010624K), 0.1416061 secs] [Times: user=0.59 sys=0.00, real=0.14 secs] 
[GC (Allocation Failure) [ParNew: 613440K->33511K(613440K), 0.0567525 secs] 1547205K->1029589K(2010624K), 0.0568154 secs] [Times: user=0.22 sys=0.00, real=0.06 secs] 
[GC (Allocation Failure) [ParNew: 578855K->68096K(613440K), 0.1347258 secs] 1574933K->1113171K(2010624K), 0.1347836 secs] [Times: user=0.48 sys=0.00, real=0.13 secs] 
[GC (Allocation Failure) [ParNew: 613440K->20503K(613440K), 0.0556740 secs] 1658515K->1129226K(2010624K), 0.0557183 secs] [Times: user=0.13 sys=0.00, real=0.06 secs] 
[GC (Allocation Failure) [ParNew: 565847K->68096K(613440K), 0.1104781 secs] 1674570K->1223703K(2010624K), 0.1105474 secs] [Times: user=0.51 sys=0.00, real=0.11 secs] 
[GC (Allocation Failure) [ParNew: 613440K->27288K(613440K), 0.0524578 secs] 1769047K->1246239K(2010624K), 0.0525149 secs] [Times: user=0.19 sys=0.00, real=0.05 secs] 
[GC (CMS Initial Mark) [1 CMS-initial-mark: 1218951K(1397184K)] 1246240K(2010624K), 0.0064709 secs] [Times: user=0.00 sys=0.00, real=0.01 secs] 
[CMS-concurrent-mark-start]
[CMS-concurrent-mark: 1.275/1.275 secs] [Times: user=4.34 sys=0.00, real=1.28 secs] 
[CMS-concurrent-preclean-start]
[CMS-concurrent-preclean: 0.196/0.210 secs] [Times: user=0.44 sys=0.00, real=0.21 secs] 
[CMS-concurrent-abortable-preclean-start]
[GC (Allocation Failure) [ParNew[CMS-concurrent-abortable-preclean: 0.098/0.600 secs] [Times: user=1.06 sys=0.01, real=0.60 secs] 
: 572632K->68096K(613440K), 0.1124278 secs] 1791583K->1333943K(2010624K), 0.1124772 secs] [Times: user=0.50 sys=0.01, real=0.11 secs] 
[GC (CMS Final Remark) [YG occupancy: 79098 K (613440 K)][Rescan (parallel) , 0.0608490 secs][weak refs processing, 0.0000205 secs][class unloading, 0.0082385 secs][scrub symbol table, 0.0013319 secs][scrub string table, 0.0003554 secs][1 CMS-remark: 1265847K(1397184K)] 1344946K(2010624K), 0.0718219 secs] [Times: user=0.36 sys=0.00, real=0.06 secs] 
[CMS-concurrent-sweep-start]
[CMS-concurrent-sweep: 0.872/0.872 secs] [Times: user=1.75 sys=0.00, real=0.88 secs] 
[CMS-concurrent-reset-start]
[CMS-concurrent-reset: 0.003/0.003 secs] [Times: user=0.00 sys=0.00, real=0.00 secs] 
[GC (Allocation Failure) [ParNew: 613440K->27003K(613440K), 0.0556625 secs] 1299395K->775400K(2010624K), 0.0557138 secs] [Times: user=0.14 sys=0.00, real=0.06 secs] 
[GC (Allocation Failure) [ParNew: 572347K->68096K(613440K), 0.1007184 secs] 1320744K->861687K(2010624K), 0.1007691 secs] [Times: user=0.44 sys=0.00, real=0.10 secs] 
[GC (Allocation Failure) [ParNew: 613440K->41105K(613440K), 0.0452722 secs] 1407031K->898244K(2010624K), 0.0453318 secs] [Times: user=0.13 sys=0.00, real=0.04 secs] 
[GC (Allocation Failure) [ParNew (0: promotion failure size = 4167)  (1: promotion failure size = 4167)  (2: promotion failure size = 4167)  (3: promotion failure size = 4167)  (4: promotion failure size = 4167)  (5: promotion failure size = 4167)  (6: promotion failure size = 4167)  (7: promotion failure size = 4167)  (promotion failed): 586449K->613440K(613440K), 2.8190012 secs][CMS
*** PauseDetector detected a 5100 ms pause at Sat Dec 20 00:22:57 EET 2014 ***

: 881930K->747991K(1397184K), 2.2892776 secs] 1443588K->747991K(2010624K), [Metaspace: 10008K->10008K(10240K)], 5.1083442 secs] [Times: user=5.30 sys=0.98, real=5.10 secs] 
[GC (Allocation Failure) [ParNew: 545344K->27368K(613440K), 0.0069739 secs] 1293335K->775360K(2010624K), 0.0070163 secs] [Times: user=0.00 sys=0.00, real=0.01 secs] 
[Full GC (System.gc()) [CMS: 747991K->683948K(1397184K), 1.5639074 secs] 831078K->683948K(2010624K), [Metaspace: 10008K->10008K(10240K)], 1.5641550 secs] [Times: user=1.56 sys=0.00, real=1.56 secs] 
[Full GC (System.gc()) [CMS: 683948K->683953K(1397184K), 1.5937522 secs] 694878K->683953K(2010624K), [Metaspace: 10008K->10008K(10240K)], 1.5939915 secs] [Times: user=1.59 sys=0.00, real=1.59 secs] 
[Full GC (System.gc()) [CMS: 683953K->683961K(1397184K), 1.6245119 secs] 694883K->683961K(2010624K), [Metaspace: 10008K->10008K(10240K)]
*** PauseDetector detected a 1557 ms pause at Sat Dec 20 00:23:00 EET 2014 ***


*** PauseDetector detected a 3230 ms pause at Sat Dec 20 00:23:04 EET 2014 ***

, 1.6247583 secs] [Times: user=1.61 sys=0.00, real=1.63 secs] 
[GC (Allocation Failure) [ParNew: 545344K->68076K(613440K), 0.0413451 secs] 1229305K->752037K(2010624K), 0.0414022 secs] [Times: user=0.13 sys=0.00, real=0.04 secs] 
[GC (Allocation Failure) [ParNew: 613420K->19488K(613440K), 0.0486366 secs] 1297381K->763629K(2010624K), 0.0486950 secs] [Times: user=0.19 sys=0.00, real=0.05 secs] 
[GC (Allocation Failure) [ParNew: 564832K->68096K(613440K), 0.0778559 secs] 1308973K->858557K(2010624K), 0.0779066 secs] [Times: user=0.23 sys=0.02, real=0.07 secs] 
[GC (Allocation Failure) [ParNew: 613440K->32874K(613440K), 0.0609093 secs] 1403901K->884326K(2010624K), 0.0609587 secs] [Times: user=0.20 sys=0.00, real=0.05 secs] 
[GC (Allocation Failure) [ParNew: 578218K->68096K(613440K), 0.0784352 secs] 1429670K->962980K(2010624K), 0.0785000 secs] [Times: user=0.34 sys=0.00, real=0.08 secs] 
[GC (Allocation Failure) [ParNew: 613440K->27068K(613440K), 0.0482465 secs] 1508324K->984933K(2010624K), 0.0483017 secs] [Times: user=0.16 sys=0.01, real=0.04 secs] 
[Full GC (System.gc()) [CMS: 957864K->743450K(1397184K), 1.9013616 secs] 1312778K->743450K(2010624K), [Metaspace: 10008K->10008K(10240K)], 1.9016175 secs] [Times: user=1.89 sys=0.00, real=1.90 secs] 
[Full GC (System.gc()) [CMS: 743450K->743450K(1397184K), 1.6215876 secs] 743450K->743450K(2010624K), [Metaspace: 10008K->10008K(10240K)], 1.6218096 secs] [Times: user=1.62 sys=0.00, real=1.61 secs] 
[Full GC (System.gc()) [CMS: 743450K->743373K(1397184K), 1.5161722 secs] 743452K->743373K(2010624K), [Metaspace: 10008K->10008K(10240K)]
*** PauseDetector detected a 3520 ms pause at Sat Dec 20 00:23:17 EET 2014 ***

, 1.5164045 secs] [Times: user=1.50 sys=0.00, real=1.52 secs] 
********************************
********** ROUND   30 **********
********************************

*** PauseDetector detected a 1527 ms pause at Sat Dec 20 00:23:19 EET 2014 ***

[GC (Allocation Failure) [ParNew: 545344K->7500K(613440K), 0.0069521 secs] 1288717K->750873K(2010624K), 0.0069990 secs] [Times: user=0.00 sys=0.00, real=0.01 secs] 
[GC (Allocation Failure) [ParNew: 552844K->68096K(613440K), 0.0677183 secs] 1296217K->854413K(2010624K), 0.0677658 secs] [Times: user=0.30 sys=0.00, real=0.07 secs] 
[GC (Allocation Failure) [ParNew: 613440K->46446K(613440K), 0.0451734 secs] 1399757K->896881K(2010624K), 0.0452176 secs] [Times: user=0.13 sys=0.00, real=0.04 secs] 
[GC (Allocation Failure) [ParNew: 591790K->68096K(613440K), 0.0652117 secs] 1442225K->960922K(2010624K), 0.0652566 secs] [Times: user=0.25 sys=0.00, real=0.06 secs] 
[GC (Allocation Failure) [ParNew: 613440K->34026K(613440K), 0.0348966 secs] 1506266K->990520K(2010624K), 0.0349466 secs] [Times: user=0.13 sys=0.00, real=0.03 secs] 
[GC (Allocation Failure) [ParNew: 579370K->68096K(613440K), 0.0668368 secs] 1535864K->1067835K(2010624K), 0.0668798 secs] [Times: user=0.28 sys=0.00, real=0.07 secs] 
[GC (Allocation Failure) [ParNew: 613440K->26634K(613440K), 0.0423953 secs] 1613179K->1087930K(2010624K), 0.0424441 secs] [Times: user=0.20 sys=0.00, real=0.04 secs] 
[GC (Allocation Failure) [ParNew: 571978K->68096K(613440K), 0.0640562 secs] 1633274K->1174208K(2010624K), 0.0641075 secs] [Times: user=0.25 sys=0.00, real=0.07 secs] 
[GC (Allocation Failure) [ParNew: 613440K->32465K(613440K), 0.0436092 secs] 1719552K->1198445K(2010624K), 0.0436573 secs] [Times: user=0.14 sys=0.00, real=0.04 secs] 
[GC (CMS Initial Mark) [1 CMS-initial-mark: 1165980K(1397184K)] 1209367K(2010624K), 0.0051544 secs] [Times: user=0.00 sys=0.00, real=0.01 secs] 
[CMS-concurrent-mark-start]
[CMS-concurrent-mark: 1.225/1.225 secs] [Times: user=3.98 sys=0.00, real=1.22 secs] 
[CMS-concurrent-preclean-start]
[CMS-concurrent-preclean: 0.088/0.093 secs] [Times: user=0.19 sys=0.00, real=0.09 secs] 
[CMS-concurrent-abortable-preclean-start]
[GC (Allocation Failure) [ParNew[CMS-concurrent-abortable-preclean: 0.062/0.361 secs] [Times: user=0.61 sys=0.00, real=0.36 secs] 
: 577809K->68096K(613440K), 0.0645688 secs] 1743789K->1275955K(2010624K), 0.0646478 secs] [Times: user=0.27 sys=0.00, real=0.07 secs] 
[GC (CMS Final Remark) [YG occupancy: 68098 K (613440 K)][Rescan (parallel) , 0.0302599 secs][weak refs processing, 0.0000218 secs][class unloading, 0.0083944 secs][scrub symbol table, 0.0011696 secs][scrub string table, 0.0003599 secs][1 CMS-remark: 1207859K(1397184K)] 1275957K(2010624K), 0.0412110 secs] [Times: user=0.17 sys=0.00, real=0.04 secs] 
[CMS-concurrent-sweep-start]
[CMS-concurrent-sweep: 0.656/0.656 secs] [Times: user=1.33 sys=0.00, real=0.66 secs] 
[CMS-concurrent-reset-start]
[CMS-concurrent-reset: 0.003/0.003 secs] [Times: user=0.00 sys=0.00, real=0.00 secs] 
[GC (Allocation Failure) [ParNew: 613440K->33672K(613440K), 0.0334569 secs] 1292600K->775333K(2010624K), 0.0335050 secs] [Times: user=0.08 sys=0.00, real=0.03 secs] 
[GC (Allocation Failure) [ParNew: 579016K->68096K(613440K), 0.0611204 secs] 1320677K->850564K(2010624K), 0.0612256 secs] [Times: user=0.27 sys=0.00, real=0.06 secs] 
[GC (Allocation Failure) [ParNew: 613440K->27351K(613440K), 0.0397488 secs] 1395908K->873268K(2010624K), 0.0398643 secs] [Times: user=0.13 sys=0.00, real=0.03 secs] 
[GC (Allocation Failure) [ParNew: 572695K->68096K(613440K), 0.0627737 secs] 1418612K->954701K(2010624K), 0.0628173 secs] [Times: user=0.23 sys=0.00, real=0.06 secs] 
[GC (Allocation Failure) [ParNew: 613440K->34278K(613440K), 0.0621539 secs] 1500045K->984342K(2010624K), 0.0622008 secs] [Times: user=0.08 sys=0.01, real=0.06 secs] 
[GC (Allocation Failure) [ParNew: 579622K->68096K(613440K), 0.0718988 secs] 1529686K->1058773K(2010624K), 0.0719482 secs] [Times: user=0.30 sys=0.00, real=0.07 secs] 
[GC (Allocation Failure) [ParNew (0: promotion failure size = 1854)  (1: promotion failure size = 1854)  (2: promotion failure size = 89)  (3: promotion failure size = 89)  (4: promotion failure size = 1854)  (5: promotion failure size = 1854)  (6: promotion failure size = 89)  (7: promotion failure size = 1854)  (promotion failed): 613440K->593260K(613440K), 3.4330663 secs][CMS: 997849K->745041K(1397184K), 2.0368431 secs] 1604117K->745041K(2010624K), [Metaspace: 10008K->10008K(10240K)], 5.4699742 secs] [Times: user=5.40 sys=0.70, real=5.46 secs] 

*** PauseDetector detected a 5464 ms pause at Sat Dec 20 00:23:50 EET 2014 ***

[GC (Allocation Failure) [ParNew: 545344K->68096K(613440K), 0.0544595 secs] 1290385K->854087K(2010624K), 0.0545038 secs] [Times: user=0.22 sys=0.00, real=0.05 secs] 
[GC (Allocation Failure) [ParNew: 613440K->34220K(613440K), 0.0307225 secs] 1399431K->884042K(2010624K), 0.0307687 secs] [Times: user=0.06 sys=0.00, real=0.03 secs] 
[GC (Allocation Failure) [ParNew: 579564K->68096K(613440K), 0.0554334 secs] 1429386K->959369K(2010624K), 0.0555027 secs] [Times: user=0.30 sys=0.00, real=0.05 secs] 
[GC (Allocation Failure) [ParNew: 613440K->47330K(613440K), 0.0467824 secs] 1504713K->1001344K(2010624K), 0.0468325 secs] [Times: user=0.20 sys=0.00, real=0.05 secs] 
[GC (Allocation Failure) [ParNew: 592674K->68096K(613440K), 0.0543184 secs] 1546688K->1062017K(2010624K), 0.0543710 secs] [Times: user=0.20 sys=0.00, real=0.05 secs] 
[GC (Allocation Failure) [ParNew: 613440K->41031K(613440K), 0.0395057 secs] 1607361K->1098460K(2010624K), 0.0395647 secs] [Times: user=0.12 sys=0.00, real=0.04 secs] 
[GC (Allocation Failure) [ParNew: 586375K->68096K(613440K), 0.0535690 secs] 1643804K->1165351K(2010624K), 0.0536268 secs] [Times: user=0.23 sys=0.00, real=0.05 secs] 
[GC (Allocation Failure) [ParNew: 613440K->41063K(613440K), 0.0538186 secs] 1710695K->1201748K(2010624K), 0.0538661 secs] [Times: user=0.20 sys=0.00, real=0.05 secs] 
[GC (CMS Initial Mark) [1 CMS-initial-mark: 1160685K(1397184K)] 1212669K(2010624K), 0.0034594 secs] [Times: user=0.00 sys=0.00, real=0.01 secs] 
[CMS-concurrent-mark-start]
[CMS-concurrent-mark: 1.208/1.208 secs] [Times: user=3.92 sys=0.00, real=1.21 secs] 
[CMS-concurrent-preclean-start]
[CMS-concurrent-preclean: 0.067/0.071 secs] [Times: user=0.16 sys=0.00, real=0.07 secs] 
[CMS-concurrent-abortable-preclean-start]
[GC (Allocation Failure) [ParNew[CMS-concurrent-abortable-preclean: 0.048/0.286 secs] [Times: user=0.50 sys=0.00, real=0.29 secs] 
: 586407K->68096K(613440K), 0.0525046 secs] 1747092K->1268498K(2010624K), 0.0525540 secs] [Times: user=0.25 sys=0.00, real=0.05 secs] 
[GC (CMS Final Remark) [YG occupancy: 79118 K (613440 K)][Rescan (parallel) , 0.0234291 secs][weak refs processing, 0.0000199 secs][class unloading, 0.0081230 secs][scrub symbol table, 0.0010721 secs][scrub string table, 0.0003554 secs][1 CMS-remark: 1200402K(1397184K)] 1279521K(2010624K), 0.0339894 secs] [Times: user=0.11 sys=0.00, real=0.04 secs] 
[CMS-concurrent-sweep-start]
[CMS-concurrent-sweep: 0.518/0.518 secs] [Times: user=1.05 sys=0.00, real=0.52 secs] 
[CMS-concurrent-reset-start]
[CMS-concurrent-reset: 0.003/0.003 secs] [Times: user=0.00 sys=0.00, real=0.00 secs] 
[GC (Allocation Failure) [ParNew: 613440K->27377K(613440K), 0.0382424 secs] 1289620K->767032K(2010624K), 0.0383271 secs] [Times: user=0.12 sys=0.00, real=0.04 secs] 
[GC (Allocation Failure) [ParNew: 572721K->68096K(613440K), 0.0550838 secs] 1312376K->851184K(2010624K), 0.0551268 secs] [Times: user=0.19 sys=0.00, real=0.05 secs] 
[GC (Allocation Failure) [ParNew: 613440K->19518K(613440K), 0.0340369 secs] 1396528K->862412K(2010624K), 0.0340863 secs] [Times: user=0.13 sys=0.00, real=0.03 secs] 
[GC (Allocation Failure) [ParNew (0: promotion failure size = 14056)  (2: promotion failure size = 14056)  (3: promotion failure size = 14056)  (4: promotion failure size = 14056)  (5: promotion failure size = 14056)  (6: promotion failure size = 14056)  (7: promotion failure size = 14056)  (promotion failed): 564862K->613440K(613440K), 0.2938289 secs][CMS: 909268K->766362K(1397184K), 1.9987861 secs] 1407756K->766362K(2010624K), [Metaspace: 10008K->10008K(10240K)], 2.2926889 secs] [Times: user=2.93 sys=0.02, real=2.29 secs] 

*** PauseDetector detected a 2293 ms pause at Sat Dec 20 00:24:11 EET 2014 ***

[GC (Allocation Failure) [ParNew: 545344K->27332K(613440K), 0.0074827 secs] 1311706K->793694K(2010624K), 0.0075719 secs] [Times: user=0.06 sys=0.00, real=0.01 secs] 
[GC (Allocation Failure) [ParNew: 572676K->68096K(613440K), 0.1922521 secs] 1339038K->894273K(2010624K), 0.1922976 secs] [Times: user=0.92 sys=0.00, real=0.18 secs] 
[GC (Allocation Failure) [ParNew: 613440K->27425K(613440K), 0.0738075 secs] 1439617K->918251K(2010624K), 0.0738524 secs] [Times: user=0.20 sys=0.00, real=0.07 secs] 
[GC (Allocation Failure) [ParNew: 572769K->68096K(613440K), 0.1628172 secs] 1463595K->1013778K(2010624K), 0.1628615 secs] [Times: user=0.80 sys=0.00, real=0.16 secs] 
[GC (Allocation Failure) [ParNew: 613440K->41069K(613440K), 0.0618903 secs] 1559122K->1050660K(2010624K), 0.0619474 secs] [Times: user=0.27 sys=0.00, real=0.06 secs] 
[GC (Allocation Failure) [ParNew: 586413K->68096K(613440K), 0.1450173 secs] 1596004K->1127936K(2010624K), 0.1450597 secs] [Times: user=0.69 sys=0.00, real=0.14 secs] 
[GC (Allocation Failure) [ParNew: 613440K->34198K(613440K), 0.0698727 secs] 1673280K->1157590K(2010624K), 0.0699818 secs] [Times: user=0.22 sys=0.00, real=0.07 secs] 
[GC (Allocation Failure) [ParNew: 579542K->68096K(613440K), 0.1361463 secs] 1702934K->1240547K(2010624K), 0.1362573 secs] [Times: user=0.58 sys=0.00, real=0.14 secs] 
[GC (Allocation Failure) [ParNew: 613440K->20501K(613440K), 0.0561283 secs] 1785891K->1256517K(2010624K), 0.0561764 secs] [Times: user=0.19 sys=0.00, real=0.05 secs] 
[GC (CMS Initial Mark) [1 CMS-initial-mark: 1236016K(1397184K)] 1256618K(2010624K), 0.0054572 secs] [Times: user=0.00 sys=0.00, real=0.00 secs] 
[CMS-concurrent-mark-start]
[CMS-concurrent-mark: 1.297/1.297 secs] [Times: user=4.43 sys=0.01, real=1.31 secs] 
[CMS-concurrent-preclean-start]
[CMS-concurrent-preclean: 0.202/0.217 secs] [Times: user=0.44 sys=0.00, real=0.22 secs] 
[CMS-concurrent-abortable-preclean-start]
[GC (Allocation Failure) [ParNew[CMS-concurrent-abortable-preclean: 0.084/0.484 secs] [Times: user=0.92 sys=0.00, real=0.48 secs] 
: 565845K->68096K(613440K), 0.1272604 secs] 1801861K->1352257K(2010624K), 0.1273073 secs] [Times: user=0.59 sys=0.00, real=0.12 secs] 
[GC (CMS Final Remark) [YG occupancy: 68195 K (613440 K)][Rescan (parallel) , 0.0708877 secs][weak refs processing, 0.0000199 secs][class unloading, 0.0090610 secs][scrub symbol table, 0.0010997 secs][scrub string table, 0.0003631 secs][1 CMS-remark: 1284161K(1397184K)] 1352356K(2010624K), 0.0824425 secs] [Times: user=0.45 sys=0.00, real=0.08 secs] 
[CMS-concurrent-sweep-start]
[CMS-concurrent-sweep: 0.901/0.901 secs] [Times: user=1.79 sys=0.00, real=0.90 secs] 
[CMS-concurrent-reset-start]
[CMS-concurrent-reset: 0.003/0.003 secs] [Times: user=0.03 sys=0.00, real=0.00 secs] 
[GC (Allocation Failure) [ParNew: 613440K->20088K(613440K), 0.0494764 secs] 1301393K->769920K(2010624K), 0.0495220 secs] [Times: user=0.14 sys=0.00, real=0.04 secs] 
[GC (Allocation Failure) [ParNew: 565432K->68096K(613440K), 0.1174424 secs] 1315264K->863718K(2010624K), 0.1174886 secs] [Times: user=0.50 sys=0.00, real=0.12 secs] 
[GC (Allocation Failure) [ParNew: 613440K->41083K(613440K), 0.0729562 secs] 1409062K->900242K(2010624K), 0.0730043 secs] [Times: user=0.20 sys=0.00, real=0.07 secs] 
[GC (Allocation Failure) [ParNew (0: promotion failure size = 4167)  (1: promotion failure size = 4167)  (2: promotion failure size = 4167)  (3: promotion failure size = 4167)  (4: promotion failure size = 4167)  (5: promotion failure size = 4167)  (6: promotion failure size = 4167)  (7: promotion failure size = 4167)  (promotion failed): 586427K->613440K(613440K), 2.4985956 secs][CMS: 888954K->748390K(1397184K), 2.2327939 secs] 1445586K->748390K(2010624K), [Metaspace: 10008K->10008K(10240K)], 4.7315409 secs] [Times: user=5.13 sys=0.55, real=4.73 secs] 

*** PauseDetector detected a 4734 ms pause at Sat Dec 20 00:24:39 EET 2014 ***

[GC (Allocation Failure) [ParNew: 545344K->27372K(613440K), 0.0076380 secs] 1293734K->775763K(2010624K), 0.0076874 secs] [Times: user=0.00 sys=0.00, real=0.01 secs] 
[GC (Allocation Failure) [ParNew: 572716K->68096K(613440K), 0.0865633 secs] 1321107K->862226K(2010624K), 0.0866089 secs] [Times: user=0.34 sys=0.00, real=0.09 secs] 
[GC (Allocation Failure) [ParNew: 613440K->27416K(613440K), 0.0538661 secs] 1407570K->885783K(2010624K), 0.0539155 secs] [Times: user=0.14 sys=0.00, real=0.05 secs] 
[GC (Allocation Failure) [ParNew: 572760K->68096K(613440K), 0.0845109 secs] 1431127K->970776K(2010624K), 0.0845642 secs] [Times: user=0.33 sys=0.00, real=0.09 secs] 
[GC (Allocation Failure) [ParNew: 613440K->40679K(613440K), 0.0466233 secs] 1516120K->1006423K(2010624K), 0.0466779 secs] [Times: user=0.13 sys=0.00, real=0.04 secs] 
[GC (Allocation Failure) [ParNew: 586023K->68096K(613440K), 0.0786219 secs] 1551767K->1077094K(2010624K), 0.0786681 secs] [Times: user=0.36 sys=0.00, real=0.07 secs] 
[GC (Allocation Failure) [ParNew: 613440K->20451K(613440K), 0.0394781 secs] 1622438K->1092920K(2010624K), 0.0395269 secs] [Times: user=0.13 sys=0.00, real=0.03 secs] 
[GC (Allocation Failure) [ParNew: 565795K->68096K(613440K), 0.0759645 secs] 1638264K->1183658K(2010624K), 0.0760158 secs] [Times: user=0.28 sys=0.00, real=0.07 secs] 
[GC (Allocation Failure) [ParNew: 613440K->27280K(613440K), 0.0418545 secs] 1729002K->1205971K(2010624K), 0.0419116 secs] [Times: user=0.14 sys=0.00, real=0.04 secs] 
[GC (CMS Initial Mark) [1 CMS-initial-mark: 1178691K(1397184K)] 1216894K(2010624K), 0.0039810 secs] [Times: user=0.00 sys=0.00, real=0.00 secs] 
[CMS-concurrent-mark-start]
[CMS-concurrent-mark: 1.200/1.200 secs] [Times: user=3.92 sys=0.00, real=1.20 secs] 
[CMS-concurrent-preclean-start]
[CMS-concurrent-preclean: 0.107/0.115 secs] [Times: user=0.22 sys=0.00, real=0.12 secs] 
[CMS-concurrent-abortable-preclean-start]
[GC (Allocation Failure) [ParNew: 572624K->68096K(613440K), 0.0725969 secs] 1751315K->1290786K(2010624K), 0.0726405 secs] [Times: user=0.39 sys=0.00, real=0.07 secs] 
[CMS-concurrent-abortable-preclean: 0.730/1.223 secs] [Times: user=2.31 sys=0.00, real=1.22 secs] 
[GC (CMS Final Remark) [YG occupancy: 419804 K (613440 K)][Rescan (parallel) , 0.0935610 secs][weak refs processing, 0.0000225 secs][class unloading, 0.0074448 secs][scrub symbol table, 0.0013332 secs][scrub string table, 0.0003548 secs][1 CMS-remark: 1222690K(1397184K)] 1642494K(2010624K), 0.1037152 secs] [Times: user=0.38 sys=0.00, real=0.10 secs] 
[CMS-concurrent-sweep-start]
[GC (Allocation Failure) [ParNew: 613440K->33575K(613440K), 0.0356504 secs] 1750054K->1232160K(2010624K), 0.0356979 secs] [Times: user=0.09 sys=0.00, real=0.04 secs] 
[CMS-concurrent-sweep: 0.674/0.710 secs] [Times: user=1.56 sys=0.00, real=0.72 secs] 
[CMS-concurrent-reset-start]
[CMS-concurrent-reset: 0.003/0.003 secs] [Times: user=0.00 sys=0.00, real=0.00 secs] 
[GC (Allocation Failure) [ParNew: 578919K->68096K(613440K), 0.0722177 secs] 1322545K->853959K(2010624K), 0.0722633 secs] [Times: user=0.27 sys=0.00, real=0.07 secs] 
[GC (Allocation Failure) [ParNew: 613440K->54695K(613440K), 0.0367110 secs] 1399303K->904146K(2010624K), 0.0367591 secs] [Times: user=0.08 sys=0.00, real=0.03 secs] 
[GC (Allocation Failure) [ParNew: 600039K->68096K(613440K), 0.0863985 secs] 1449490K->959643K(2010624K), 0.0864568 secs] [Times: user=0.30 sys=0.00, real=0.09 secs] 
[GC (Allocation Failure) [ParNew (0: promotion failure size = 2779)  (1: promotion failure size = 2779)  (2: promotion failure size = 2779)  (3: promotion failure size = 2779)  (4: promotion failure size = 2779)  (5: promotion failure size = 2779)  (6: promotion failure size = 2779)  (7: promotion failure size = 2779)  (promotion failed): 613440K->552188K(613440K), 0.4442111 secs][CMS: 953991K->746505K(1397184K), 1.9701539 secs] 1504987K->746505K(2010624K), [Metaspace: 10010K->10010K(10240K)]
*** PauseDetector detected a 2414 ms pause at Sat Dec 20 00:25:05 EET 2014 ***

, 2.4144356 secs] [Times: user=2.48 sys=0.03, real=2.41 secs] 
[GC (Allocation Failure) [ParNew: 545344K->68096K(613440K), 0.0637880 secs] 1291849K->858997K(2010624K), 0.0638368 secs] [Times: user=0.28 sys=0.00, real=0.06 secs] 
[GC (Allocation Failure) [ParNew: 613440K->26830K(613440K), 0.0340901 secs] 1404341K->879114K(2010624K), 0.0341325 secs] [Times: user=0.08 sys=0.00, real=0.03 secs] 
[GC (Allocation Failure) [ParNew: 572174K->68096K(613440K), 0.0623105 secs] 1424458K->961529K(2010624K), 0.0623740 secs] [Times: user=0.28 sys=0.00, real=0.06 secs] 
[GC (Allocation Failure) [ParNew: 613440K->27355K(613440K), 0.0330328 secs] 1506873K->984425K(2010624K), 0.0330764 secs] [Times: user=0.08 sys=0.00, real=0.03 secs] 
[GC (Allocation Failure) [ParNew: 572699K->68096K(613440K), 0.0590654 secs] 1529769K->1067070K(2010624K), 0.0591154 secs] [Times: user=0.34 sys=0.00, real=0.06 secs] 
[GC (Allocation Failure) [ParNew: 613440K->33835K(613440K), 0.0318157 secs] 1612414K->1095281K(2010624K), 0.0318594 secs] [Times: user=0.13 sys=0.00, real=0.03 secs] 
[GC (Allocation Failure) [ParNew: 579179K->68096K(613440K), 0.0575904 secs] 1640625K->1171392K(2010624K), 0.0576417 secs] [Times: user=0.25 sys=0.00, real=0.05 secs] 
[GC (Allocation Failure) [ParNew: 613440K->47213K(613440K), 0.0429574 secs] 1716736K->1213015K(2010624K), 0.0431107 secs] [Times: user=0.13 sys=0.00, real=0.04 secs] 
[GC (CMS Initial Mark) [1 CMS-initial-mark: 1165802K(1397184K)] 1224019K(2010624K), 0.0032502 secs] [Times: user=0.00 sys=0.00, real=0.00 secs] 
[CMS-concurrent-mark-start]
[CMS-concurrent-mark: 1.272/1.272 secs] [Times: user=4.09 sys=0.00, real=1.27 secs] 
[CMS-concurrent-preclean-start]
[CMS-concurrent-preclean: 0.079/0.084 secs] [Times: user=0.20 sys=0.00, real=0.08 secs] 
[CMS-concurrent-abortable-preclean-start]
[GC (Allocation Failure) [ParNew: 592557K->68096K(613440K), 0.0585720 secs] 1758359K->1274853K(2010624K), 0.0586240 secs] [Times: user=0.28 sys=0.00, real=0.06 secs] 
[CMS-concurrent-abortable-preclean: 0.675/1.181 secs] [Times: user=2.04 sys=0.00, real=1.18 secs] 
[GC (CMS Final Remark) [YG occupancy: 430539 K (613440 K)][Rescan (parallel) , 0.0873589 secs][weak refs processing, 0.0000205 secs][class unloading, 0.0069829 secs][scrub symbol table, 0.0010663 secs][scrub string table, 0.0003580 secs][1 CMS-remark: 1206757K(1397184K)] 1637296K(2010624K), 0.0967933 secs] [Times: user=0.40 sys=0.00, real=0.09 secs] 
[CMS-concurrent-sweep-start]
[GC (Allocation Failure) [ParNew: 613440K->27300K(613440K), 0.0310221 secs] 1755591K->1232763K(2010624K), 0.0310709 secs] [Times: user=0.14 sys=0.00, real=0.03 secs] 
[CMS-concurrent-sweep: 0.573/0.604 secs] [Times: user=1.37 sys=0.00, real=0.61 secs] 
[CMS-concurrent-reset-start]
[CMS-concurrent-reset: 0.003/0.003 secs] [Times: user=0.05 sys=0.00, real=0.00 secs] 
[GC (Allocation Failure) [ParNew: 572644K->68096K(613440K), 0.0592906 secs] 1313579K->849611K(2010624K), 0.0593342 secs] [Times: user=0.20 sys=0.00, real=0.06 secs] 
[GC (Allocation Failure) [ParNew: 613440K->34275K(613440K), 0.0311216 secs] 1394955K->879271K(2010624K), 0.0311620 secs] [Times: user=0.13 sys=0.00, real=0.03 secs] 
[GC (Allocation Failure) [ParNew (0: promotion failure size = 93)  (1: promotion failure size = 93)  (2: promotion failure size = 93)  (3: promotion failure size = 93)  (4: promotion failure size = 93)  (5: promotion failure size = 93)  (6: promotion failure size = 93)  (7: promotion failure size = 93)  (promotion failed): 579619K->613440K(613440K), 0.2643209 secs][CMS: 883132K->743817K(1397184K), 1.9916775 secs] 1424615K->743817K(2010624K), [Metaspace: 10010K->10010K(10240K)], 2.2560594 secs] [Times: user=2.45 sys=0.03, real=2.25 secs] 

*** PauseDetector detected a 2250 ms pause at Sat Dec 20 00:25:26 EET 2014 ***

[GC (Allocation Failure) [ParNew: 545344K->27378K(613440K), 0.0075180 secs] 1289161K->771196K(2010624K), 0.0076636 secs] [Times: user=0.06 sys=0.00, real=0.01 secs] 
[GC (Allocation Failure) [ParNew: 572722K->68096K(613440K), 0.0541535 secs] 1316540K->855242K(2010624K), 0.0542023 secs] [Times: user=0.20 sys=0.00, real=0.05 secs] 
[GC (Allocation Failure) [ParNew: 613440K->33136K(613440K), 0.0384336 secs] 1400586K->881651K(2010624K), 0.0384817 secs] [Times: user=0.14 sys=0.00, real=0.04 secs] 
[GC (Allocation Failure) [ParNew: 578480K->68096K(613440K), 0.0550530 secs] 1426995K->958627K(2010624K), 0.0551531 secs] [Times: user=0.19 sys=0.00, real=0.05 secs] 
[GC (Allocation Failure) [ParNew: 613440K->26538K(613440K), 0.0289498 secs] 1503971K->978691K(2010624K), 0.0289973 secs] [Times: user=0.08 sys=0.00, real=0.03 secs] 
[GC (Allocation Failure) [ParNew: 571882K->68096K(613440K), 0.0545641 secs] 1524035K->1063477K(2010624K), 0.0546154 secs] [Times: user=0.19 sys=0.00, real=0.05 secs] 
[GC (Allocation Failure) [ParNew: 613440K->45661K(613440K), 0.0315841 secs] 1608821K->1101155K(2010624K), 0.0316939 secs] [Times: user=0.13 sys=0.00, real=0.03 secs] 
[GC (Allocation Failure) [ParNew: 591005K->68096K(613440K), 0.0537634 secs] 1646499K->1167582K(2010624K), 0.0538135 secs] [Times: user=0.19 sys=0.00, real=0.05 secs] 
[GC (Allocation Failure) [ParNew: 613440K->32124K(613440K), 0.0383617 secs] 1712926K->1190872K(2010624K), 0.0384041 secs] [Times: user=0.12 sys=0.00, real=0.04 secs] 
[GC (CMS Initial Mark) [1 CMS-initial-mark: 1158747K(1397184K)] 1201794K(2010624K), 0.0043986 secs] [Times: user=0.00 sys=0.00, real=0.00 secs] 
[CMS-concurrent-mark-start]
[CMS-concurrent-mark: 1.144/1.144 secs] [Times: user=3.71 sys=0.00, real=1.15 secs] 
[CMS-concurrent-preclean-start]
[CMS-concurrent-preclean: 0.069/0.072 secs] [Times: user=0.16 sys=0.00, real=0.07 secs] 
[CMS-concurrent-abortable-preclean-start]
[GC (Allocation Failure) [ParNew[CMS-concurrent-abortable-preclean: 0.060/0.359 secs] [Times: user=0.55 sys=0.00, real=0.36 secs] 
: 577468K->68096K(613440K), 0.0546437 secs] 1736216K->1269348K(2010624K), 0.0546988 secs] [Times: user=0.20 sys=0.00, real=0.05 secs] 
[GC (CMS Final Remark) [YG occupancy: 79087 K (613440 K)][Rescan (parallel) , 0.0245236 secs][weak refs processing, 0.0000148 secs][class unloading, 0.0070188 secs][scrub symbol table, 0.0010766 secs][scrub string table, 0.0003541 secs][1 CMS-remark: 1201252K(1397184K)] 1280339K(2010624K), 0.0339772 secs] [Times: user=0.05 sys=0.02, real=0.04 secs] 
[CMS-concurrent-sweep-start]
[CMS-concurrent-sweep: 0.515/0.515 secs] [Times: user=1.03 sys=0.00, real=0.51 secs] 
[CMS-concurrent-reset-start]
[CMS-concurrent-reset: 0.003/0.003 secs] [Times: user=0.00 sys=0.00, real=0.00 secs] 
[GC (Allocation Failure) [ParNew: 613440K->26205K(613440K), 0.0459670 secs] 1292487K->765899K(2010624K), 0.0460844 secs] [Times: user=0.19 sys=0.00, real=0.04 secs] 
[GC (Allocation Failure) [ParNew: 571549K->68096K(613440K), 0.1679832 secs] 1311243K->875046K(2010624K), 0.1680448 secs] [Times: user=0.78 sys=0.00, real=0.17 secs] 
[GC (Allocation Failure) [ParNew: 613440K->27354K(613440K), 0.0854938 secs] 1420390K->899304K(2010624K), 0.0855432 secs] [Times: user=0.28 sys=0.00, real=0.08 secs] 
[Full GC (System.gc()) [CMS: 871950K->756813K(1397184K), 1.9745192 secs] 1219579K->756813K(2010624K), [Metaspace: 10010K->10010K(10240K)], 1.9748278 secs] [Times: user=1.97 sys=0.00, real=1.97 secs] 
[Full GC (System.gc()) [CMS: 756813K->756735K(1397184K), 1.9917282 secs] 767688K->756735K(2010624K), [Metaspace: 10010K->10010K(10240K)], 1.9919437 secs] [Times: user=1.98 sys=0.02, real=2.00 secs] 
[Full GC (System.gc()) [CMS: 756735K->754895K(1397184K), 1.6765771 secs] 767610K->754895K(2010624K), [Metaspace: 10010K->10010K(10240K)]
*** PauseDetector detected a 1968 ms pause at Sat Dec 20 00:25:49 EET 2014 ***

, 1.6767529 secs] [Times: user=1.67 sys=0.00, real=1.67 secs] 

*** PauseDetector detected a 3680 ms pause at Sat Dec 20 00:25:53 EET 2014 ***

[GC (Allocation Failure) [ParNew: 545344K->9458K(613440K), 0.0105789 secs] 1300239K->764354K(2010624K), 0.0106508 secs] [Times: user=0.06 sys=0.00, real=0.01 secs] 
[GC (Allocation Failure) [ParNew: 554802K->68096K(613440K), 0.1708254 secs] 1309698K->885648K(2010624K), 0.1708844 secs] [Times: user=0.73 sys=0.00, real=0.17 secs] 
[GC (Allocation Failure) [ParNew: 613440K->33077K(613440K), 0.0679224 secs] 1430992K->914890K(2010624K), 0.0679686 secs] [Times: user=0.28 sys=0.00, real=0.07 secs] 
[GC (Allocation Failure) [ParNew: 578421K->68096K(613440K), 0.1510353 secs] 1460234K->1000414K(2010624K), 0.1510931 secs] [Times: user=0.62 sys=0.00, real=0.15 secs] 
[GC (Allocation Failure) [ParNew: 613440K->40961K(613440K), 0.0595973 secs] 1545758K->1037175K(2010624K), 0.0596486 secs] [Times: user=0.22 sys=0.00, real=0.06 secs] 
[GC (Allocation Failure) [ParNew: 586305K->68096K(613440K), 0.1413263 secs] 1582519K->1113354K(2010624K), 0.1413847 secs] [Times: user=0.59 sys=0.00, real=0.14 secs] 
[Full GC (System.gc()) [CMS: 1045258K->748041K(1397184K), 2.0902858 secs] 1146204K->748041K(2010624K), [Metaspace: 10010K->10010K(10240K)], 2.0905488 secs] [Times: user=2.09 sys=0.00, real=2.09 secs] 
[Full GC (System.gc()) [CMS: 748041K->748041K(1397184K), 1.5162569 secs] 748041K->748041K(2010624K), [Metaspace: 10010K->10010K(10240K)], 1.5164648 secs] [Times: user=1.51 sys=0.00, real=1.52 secs] 
[Full GC (System.gc()) [CMS: 748041K->747964K(1397184K), 1.5428765 secs] 758992K->747964K(2010624K), [Metaspace: 10010K->10010K(10240K)]
*** PauseDetector detected a 3608 ms pause at Sat Dec 20 00:26:07 EET 2014 ***

, 1.5431197 secs] [Times: user=1.54 sys=0.00, real=1.54 secs] 
********************************
********** ROUND   31 **********
********************************

*** PauseDetector detected a 1549 ms pause at Sat Dec 20 00:26:08 EET 2014 ***

[GC (Allocation Failure) [ParNew: 545344K->68096K(613440K), 0.1103459 secs] 1293308K->863885K(2010624K), 0.1103928 secs] [Times: user=0.47 sys=0.00, real=0.11 secs] 
[GC (Allocation Failure) [ParNew: 613440K->32378K(613440K), 0.0518053 secs] 1409229K->892410K(2010624K), 0.0518560 secs] [Times: user=0.14 sys=0.00, real=0.05 secs] 
[GC (Allocation Failure) [ParNew: 577722K->68096K(613440K), 0.0999883 secs] 1437754K->974144K(2010624K), 0.1000384 secs] [Times: user=0.42 sys=0.00, real=0.10 secs] 
[GC (Allocation Failure) [ParNew: 613440K->20770K(613440K), 0.0483209 secs] 1519488K->990696K(2010624K), 0.0483787 secs] [Times: user=0.17 sys=0.00, real=0.05 secs] 
[GC (Allocation Failure) [ParNew: 566114K->68096K(613440K), 0.0969235 secs] 1536040K->1085191K(2010624K), 0.0969684 secs] [Times: user=0.38 sys=0.00, real=0.10 secs] 
[GC (Allocation Failure) [ParNew: 613440K->26727K(613440K), 0.0444246 secs] 1630535K->1105566K(2010624K), 0.0444734 secs] [Times: user=0.13 sys=0.00, real=0.04 secs] 
[GC (Allocation Failure) [ParNew: 572071K->68096K(613440K), 0.0947396 secs] 1650910K->1194884K(2010624K), 0.0947884 secs] [Times: user=0.39 sys=0.00, real=0.09 secs] 
[GC (Allocation Failure) [ParNew: 613440K->32758K(613440K), 0.0480418 secs] 1740228K->1219999K(2010624K), 0.0480900 secs] [Times: user=0.19 sys=0.00, real=0.05 secs] 
[GC (CMS Initial Mark) [1 CMS-initial-mark: 1187241K(1397184K)] 1220139K(2010624K), 0.0036666 secs] [Times: user=0.03 sys=0.00, real=0.00 secs] 
[CMS-concurrent-mark-start]
[CMS-concurrent-mark: 1.179/1.179 secs] [Times: user=3.90 sys=0.00, real=1.18 secs] 
[CMS-concurrent-preclean-start]
[CMS-concurrent-preclean: 0.149/0.158 secs] [Times: user=0.33 sys=0.00, real=0.16 secs] 
[CMS-concurrent-abortable-preclean-start]
[GC (Allocation Failure) [ParNew[CMS-concurrent-abortable-preclean: 0.081/0.506 secs] [Times: user=0.94 sys=0.00, real=0.51 secs] 
: 578102K->68096K(613440K), 0.0874776 secs] 1765343K->1298762K(2010624K), 0.0875302 secs] [Times: user=0.38 sys=0.00, real=0.08 secs] 
[GC (CMS Final Remark) [YG occupancy: 68098 K (613440 K)][Rescan (parallel) , 0.0467792 secs][weak refs processing, 0.0000205 secs][class unloading, 0.0082622 secs][scrub symbol table, 0.0010855 secs][scrub string table, 0.0003779 secs][1 CMS-remark: 1230666K(1397184K)] 1298764K(2010624K), 0.0575314 secs] [Times: user=0.25 sys=0.00, real=0.06 secs] 
[CMS-concurrent-sweep-start]
[CMS-concurrent-sweep: 0.754/0.754 secs] [Times: user=1.50 sys=0.00, real=0.76 secs] 
[CMS-concurrent-reset-start]
[CMS-concurrent-reset: 0.003/0.003 secs] [Times: user=0.03 sys=0.00, real=0.00 secs] 
[GC (Allocation Failure) [ParNew: 613440K->40940K(613440K), 0.0413829 secs] 1294883K->785839K(2010624K), 0.0414336 secs] [Times: user=0.17 sys=0.00, real=0.03 secs] 
[GC (Allocation Failure) [ParNew: 586284K->68096K(613440K), 0.0806961 secs] 1331183K->855992K(2010624K), 0.0807455 secs] [Times: user=0.34 sys=0.02, real=0.08 secs] 
[GC (Allocation Failure) [ParNew: 613440K->27375K(613440K), 0.0505613 secs] 1401336K->878762K(2010624K), 0.0506069 secs] [Times: user=0.20 sys=0.00, real=0.05 secs] 
[GC (Allocation Failure) [ParNew (1: promotion failure size = 2779)  (3: promotion failure size = 2779)  (4: promotion failure size = 2779)  (6: promotion failure size = 2779)  (7: promotion failure size = 2779)  (promotion failed): 572719K->613440K(613440K), 0.2152962 secs][CMS: 893986K->745960K(1397184K), 2.2523222 secs] 1424106K->745960K(2010624K), [Metaspace: 10010K->10010K(10240K)], 2.4676832 secs] [Times: user=2.72 sys=0.00, real=2.47 secs] 

*** PauseDetector detected a 2469 ms pause at Sat Dec 20 00:26:31 EET 2014 ***

[GC (Allocation Failure) [ParNew: 545344K->27424K(613440K), 0.0070727 secs] 1291304K->773385K(2010624K), 0.0071176 secs] [Times: user=0.03 sys=0.03, real=0.01 secs] 
[GC (Allocation Failure) [ParNew: 572768K->68096K(613440K), 0.0705560 secs] 1318729K->859017K(2010624K), 0.0706048 secs] [Times: user=0.28 sys=0.00, real=0.07 secs] 
[GC (Allocation Failure) [ParNew: 613440K->20075K(613440K), 0.0456449 secs] 1404361K->873366K(2010624K), 0.0456873 secs] [Times: user=0.13 sys=0.00, real=0.05 secs] 
[GC (Allocation Failure) [ParNew: 565419K->68096K(613440K), 0.0649198 secs] 1418710K->965126K(2010624K), 0.0649679 secs] [Times: user=0.25 sys=0.00, real=0.07 secs] 
[GC (Allocation Failure) [ParNew: 613440K->26866K(613440K), 0.0405316 secs] 1510470K->986287K(2010624K), 0.0406843 secs] [Times: user=0.17 sys=0.00, real=0.04 secs] 
[GC (Allocation Failure) [ParNew: 572210K->68096K(613440K), 0.0664410 secs] 1531631K->1072477K(2010624K), 0.0664981 secs] [Times: user=0.28 sys=0.00, real=0.07 secs] 
[GC (Allocation Failure) [ParNew: 613440K->26334K(613440K), 0.0411449 secs] 1617821K->1091604K(2010624K), 0.0412501 secs] [Times: user=0.13 sys=0.00, real=0.04 secs] 
[GC (Allocation Failure) [ParNew: 571678K->68096K(613440K), 0.0630688 secs] 1636948K->1174833K(2010624K), 0.0631137 secs] [Times: user=0.34 sys=0.00, real=0.06 secs] 
[GC (Allocation Failure) [ParNew: 613440K->34087K(613440K), 0.0430376 secs] 1720177K->1204227K(2010624K), 0.0430793 secs] [Times: user=0.19 sys=0.00, real=0.04 secs] 
[GC (CMS Initial Mark) [1 CMS-initial-mark: 1170139K(1397184K)] 1215177K(2010624K), 0.0047085 secs] [Times: user=0.00 sys=0.00, real=0.00 secs] 
[CMS-concurrent-mark-start]
[CMS-concurrent-mark: 1.123/1.123 secs] [Times: user=3.65 sys=0.01, real=1.12 secs] 
[CMS-concurrent-preclean-start]
[CMS-concurrent-preclean: 0.090/0.095 secs] [Times: user=0.22 sys=0.00, real=0.10 secs] 
[CMS-concurrent-abortable-preclean-start]
[GC (Allocation Failure) [ParNew[CMS-concurrent-abortable-preclean: 0.066/0.397 secs] [Times: user=0.66 sys=0.00, real=0.40 secs] 
: 579431K->68096K(613440K), 0.0684234 secs] 1749571K->1280923K(2010624K), 0.0685383 secs] [Times: user=0.25 sys=0.00, real=0.07 secs] 
[GC (CMS Final Remark) [YG occupancy: 79047 K (613440 K)][Rescan (parallel) , 0.0309721 secs][weak refs processing, 0.0000199 secs][class unloading, 0.0070156 secs][scrub symbol table, 0.0010612 secs][scrub string table, 0.0003599 secs][1 CMS-remark: 1212827K(1397184K)] 1291874K(2010624K), 0.0404328 secs] [Times: user=0.20 sys=0.00, real=0.04 secs] 
[CMS-concurrent-sweep-start]
[CMS-concurrent-sweep: 0.591/0.591 secs] [Times: user=1.19 sys=0.00, real=0.59 secs] 
[CMS-concurrent-reset-start]
[CMS-concurrent-reset: 0.003/0.003 secs] [Times: user=0.00 sys=0.00, real=0.00 secs] 
[GC (Allocation Failure) [ParNew: 613440K->33463K(613440K), 0.0356825 secs] 1293557K->775452K(2010624K), 0.0357409 secs] [Times: user=0.16 sys=0.00, real=0.03 secs] 
[GC (Allocation Failure) [ParNew: 578807K->68096K(613440K), 0.0616368 secs] 1320796K->851027K(2010624K), 0.0616952 secs] [Times: user=0.23 sys=0.00, real=0.06 secs] 
[GC (Allocation Failure) [ParNew: 613440K->41010K(613440K), 0.0513107 secs] 1396371K->887375K(2010624K), 0.0513556 secs] [Times: user=0.16 sys=0.02, real=0.04 secs] 
[GC (Allocation Failure) [ParNew: 586354K->68096K(613440K), 0.0719559 secs] 1432719K->955280K(2010624K), 0.0720028 secs] [Times: user=0.22 sys=0.00, real=0.07 secs] 
[GC (Allocation Failure) [ParNew (0: promotion failure size = 1854)  (1: promotion failure size = 1854)  (2: promotion failure size = 1854)  (3: promotion failure size = 1854)  (4: promotion failure size = 1854)  (5: promotion failure size = 1854)  (6: promotion failure size = 1854)  (7: promotion failure size = 1854)  (promotion failed): 613440K->586408K(613440K), 0.6015121 secs][CMS: 946646K->745255K(1397184K), 1.9715281 secs] 1500624K->745255K(2010624K), [Metaspace: 10010K->10010K(10240K)]
*** PauseDetector detected a 2577 ms pause at Sat Dec 20 00:26:56 EET 2014 ***

, 2.5731210 secs] [Times: user=2.51 sys=0.19, real=2.57 secs] 
[GC (Allocation Failure) [ParNew: 545344K->68096K(613440K), 0.0575571 secs] 1290599K->857150K(2010624K), 0.0576065 secs] [Times: user=0.19 sys=0.00, real=0.06 secs] 
[GC (Allocation Failure) [ParNew: 613440K->19806K(613440K), 0.0306115 secs] 1402494K->870222K(2010624K), 0.0306603 secs] [Times: user=0.08 sys=0.00, real=0.03 secs] 
[GC (Allocation Failure) [ParNew: 565150K->68096K(613440K), 0.0572209 secs] 1415566K->961919K(2010624K), 0.0573678 secs] [Times: user=0.25 sys=0.00, real=0.06 secs] 
[GC (Allocation Failure) [ParNew: 613440K->26317K(613440K), 0.0297114 secs] 1507263K->980804K(2010624K), 0.0297736 secs] [Times: user=0.16 sys=0.00, real=0.03 secs] 
[GC (Allocation Failure) [ParNew: 571661K->68096K(613440K), 0.0557388 secs] 1526148K->1064818K(2010624K), 0.0557889 secs] [Times: user=0.25 sys=0.00, real=0.06 secs] 
[GC (Allocation Failure) [ParNew: 613440K->33400K(613440K), 0.0301483 secs] 1610162K->1092036K(2010624K), 0.0301900 secs] [Times: user=0.13 sys=0.00, real=0.03 secs] 
[GC (Allocation Failure) [ParNew: 578744K->68096K(613440K), 0.0563599 secs] 1637380K->1167482K(2010624K), 0.0564138 secs] [Times: user=0.20 sys=0.00, real=0.06 secs] 
[GC (Allocation Failure) [ParNew: 613440K->34029K(613440K), 0.0412392 secs] 1712826K->1196574K(2010624K), 0.0412963 secs] [Times: user=0.19 sys=0.00, real=0.04 secs] 
[GC (CMS Initial Mark) [1 CMS-initial-mark: 1162545K(1397184K)] 1196574K(2010624K), 0.0047105 secs] [Times: user=0.00 sys=0.00, real=0.00 secs] 
[CMS-concurrent-mark-start]
[CMS-concurrent-mark: 1.254/1.254 secs] [Times: user=4.10 sys=0.02, real=1.25 secs] 
[CMS-concurrent-preclean-start]
[CMS-concurrent-preclean: 0.081/0.086 secs] [Times: user=0.16 sys=0.00, real=0.09 secs] 
[CMS-concurrent-abortable-preclean-start]
[GC (Allocation Failure) [ParNew[CMS-concurrent-abortable-preclean: 0.044/0.251 secs] [Times: user=0.50 sys=0.00, real=0.25 secs] 
: 579373K->68096K(613440K), 0.0549952 secs] 1741918K->1272411K(2010624K), 0.0550440 secs] [Times: user=0.25 sys=0.00, real=0.06 secs] 
[GC (CMS Final Remark) [YG occupancy: 68096 K (613440 K)][Rescan (parallel) , 0.0259274 secs][weak refs processing, 0.0000205 secs][class unloading, 0.0108298 secs][scrub symbol table, 0.0018798 secs][scrub string table, 0.0006390 secs][1 CMS-remark: 1204315K(1397184K)] 1272411K(2010624K), 0.0408029 secs] [Times: user=0.09 sys=0.00, real=0.04 secs] 
[CMS-concurrent-sweep-start]
[CMS-concurrent-sweep: 0.528/0.528 secs] [Times: user=1.08 sys=0.00, real=0.53 secs] 
[CMS-concurrent-reset-start]
[CMS-concurrent-reset: 0.003/0.003 secs] [Times: user=0.00 sys=0.00, real=0.00 secs] 
[GC (Allocation Failure) [ParNew: 613440K->33384K(613440K), 0.0316996 secs] 1291656K->773322K(2010624K), 0.0317561 secs] [Times: user=0.13 sys=0.00, real=0.03 secs] 
[GC (Allocation Failure) [ParNew: 578728K->68096K(613440K), 0.0543363 secs] 1318666K->847863K(2010624K), 0.0543832 secs] [Times: user=0.20 sys=0.00, real=0.05 secs] 
[GC (Allocation Failure) [ParNew: 613440K->27336K(613440K), 0.0296498 secs] 1393207K->870512K(2010624K), 0.0297178 secs] [Times: user=0.13 sys=0.00, real=0.03 secs] 
[GC (Allocation Failure) [ParNew: 572680K->68096K(613440K), 0.0554623 secs] 1415856K->951496K(2010624K), 0.0555104 secs] [Times: user=0.19 sys=0.00, real=0.06 secs] 
[GC (Allocation Failure) [ParNew (0: promotion failure size = 109)  (1: promotion failure size = 109)  (2: promotion failure size = 109)  (3: promotion failure size = 109)  (4: promotion failure size = 109)  (5: promotion failure size = 109)  (6: promotion failure size = 109)  (7: promotion failure size = 109)  (promotion failed): 613440K->593027K(613440K), 1.7811238 secs][CMS: 912985K->744190K(1397184K), 1.7700213 secs] 1496840K->744190K(2010624K), [Metaspace: 10010K->10010K(10240K)], 3.5512151 secs] [Times: user=3.56 sys=0.33, real=3.55 secs] 

*** PauseDetector detected a 3548 ms pause at Sat Dec 20 00:27:21 EET 2014 ***

[GC (Allocation Failure) [ParNew: 545344K->68096K(613440K), 0.0519600 secs] 1289534K->853765K(2010624K), 0.0520164 secs] [Times: user=0.20 sys=0.00, real=0.05 secs] 
[GC (Allocation Failure) [ParNew: 613440K->20123K(613440K), 0.0398951 secs] 1399109K->868217K(2010624K), 0.0399439 secs] [Times: user=0.20 sys=0.00, real=0.04 secs] 
[GC (Allocation Failure) [ParNew: 565467K->68096K(613440K), 0.1696911 secs] 1413561K->984319K(2010624K), 0.1697385 secs] [Times: user=0.75 sys=0.00, real=0.17 secs] 
[GC (Allocation Failure) [ParNew: 613440K->27291K(613440K), 0.0849068 secs] 1529663K->1008399K(2010624K), 0.0849633 secs] [Times: user=0.30 sys=0.00, real=0.09 secs] 
[GC (Allocation Failure) [ParNew: 572635K->68096K(613440K), 0.1917978 secs] 1553743K->1106446K(2010624K), 0.1918460 secs] [Times: user=0.97 sys=0.00, real=0.19 secs] 
[GC (Allocation Failure) [ParNew: 613440K->34181K(613440K), 0.0707190 secs] 1651790K->1136271K(2010624K), 0.0707761 secs] [Times: user=0.28 sys=0.00, real=0.07 secs] 
[GC (Allocation Failure) [ParNew: 579525K->68096K(613440K), 0.1690803 secs] 1681615K->1224546K(2010624K), 0.1691303 secs] [Times: user=0.70 sys=0.00, real=0.17 secs] 
[GC (Allocation Failure) [ParNew: 613440K->27332K(613440K), 0.0625780 secs] 1769890K->1247359K(2010624K), 0.0626332 secs] [Times: user=0.20 sys=0.00, real=0.06 secs] 
[GC (CMS Initial Mark) [1 CMS-initial-mark: 1220026K(1397184K)] 1258309K(2010624K), 0.0050511 secs] [Times: user=0.00 sys=0.00, real=0.00 secs] 
[CMS-concurrent-mark-start]
[CMS-concurrent-mark: 1.341/1.341 secs] [Times: user=4.65 sys=0.00, real=1.35 secs] 
[CMS-concurrent-preclean-start]
[CMS-concurrent-preclean: 0.260/0.273 secs] [Times: user=0.53 sys=0.00, real=0.27 secs] 
[CMS-concurrent-abortable-preclean-start]
[GC (Allocation Failure) [ParNew: 572676K->68096K(613440K), 0.1278250 secs] 1792703K->1338346K(2010624K), 0.1278738 secs] [Times: user=0.81 sys=0.00, real=0.13 secs] 
[CMS-concurrent-abortable-preclean: 1.171/1.710 secs] [Times: user=3.59 sys=0.00, real=1.71 secs] 
[GC (CMS Final Remark) [YG occupancy: 597177 K (613440 K)][Rescan (parallel) , 0.1351088 secs][weak refs processing, 0.0000205 secs][class unloading, 0.0077502 secs][scrub symbol table, 0.0016508 secs][scrub string table, 0.0005639 secs][1 CMS-remark: 1270250K(1397184K)] 1867427K(2010624K), 0.1463268 secs] [Times: user=0.58 sys=0.00, real=0.15 secs] 
[CMS-concurrent-sweep-start]
[GC (Allocation Failure) [ParNew: 613440K->34272K(613440K), 0.0573274 secs] 1883690K->1368099K(2010624K), 0.0573729 secs] [Times: user=0.19 sys=0.00, real=0.06 secs] 
[CMS-concurrent-sweep: 0.886/0.943 secs] [Times: user=2.45 sys=0.00, real=0.94 secs] 
[CMS-concurrent-reset-start]
[CMS-concurrent-reset: 0.003/0.003 secs] [Times: user=0.00 sys=0.00, real=0.00 secs] 
[GC (Allocation Failure) [ParNew: 579616K->68096K(613440K), 0.1300968 secs] 1334489K->871938K(2010624K), 0.1301417 secs] [Times: user=0.56 sys=0.00, real=0.13 secs] 
[GC (Allocation Failure) [ParNew: 613440K->34230K(613440K), 0.0607945 secs] 1417282K->901666K(2010624K), 0.0608432 secs] [Times: user=0.17 sys=0.00, real=0.06 secs] 
[GC (Allocation Failure) [ParNew: 579574K->68096K(613440K), 0.1181308 secs] 1447010K->982031K(2010624K), 0.1181783 secs] [Times: user=0.50 sys=0.00, real=0.12 secs] 
[GC (Allocation Failure) [ParNew (0: promotion failure size = 4167)  (1: promotion failure size = 4167)  (2: promotion failure size = 4167)  (3: promotion failure size = 4167)  (4: promotion failure size = 4167)  (5: promotion failure size = 4167)  (6: promotion failure size = 4167)  (7: promotion failure size = 4167)  (promotion failed): 613440K->572725K(613440K), 7.3169295 secs][CMS: 935650K->750869K(1397184K), 2.0640068 secs] 1527375K->750869K(2010624K), [Metaspace: 10010K->10010K(10240K)]
*** PauseDetector detected a 9386 ms pause at Sat Dec 20 00:27:54 EET 2014 ***

, 9.3810108 secs] [Times: user=9.52 sys=1.40, real=9.38 secs] 
[GC (Allocation Failure) [ParNew: 545344K->68096K(613440K), 0.1021562 secs] 1296213K->867849K(2010624K), 0.1022050 secs] [Times: user=0.38 sys=0.00, real=0.10 secs] 
[GC (Allocation Failure) [ParNew: 613440K->26745K(613440K), 0.0476569 secs] 1413193K->889083K(2010624K), 0.0477082 secs] [Times: user=0.14 sys=0.00, real=0.05 secs] 
[GC (Allocation Failure) [ParNew: 572089K->68096K(613440K), 0.0975170 secs] 1434427K->975830K(2010624K), 0.0975625 secs] [Times: user=0.33 sys=0.00, real=0.10 secs] 
[GC (Allocation Failure) [ParNew: 613440K->27371K(613440K), 0.0448160 secs] 1521174K->998898K(2010624K), 0.0448590 secs] [Times: user=0.14 sys=0.00, real=0.05 secs] 
[GC (Allocation Failure) [ParNew: 572715K->68096K(613440K), 0.0893170 secs] 1544242K->1084414K(2010624K), 0.0893670 secs] [Times: user=0.34 sys=0.00, real=0.09 secs] 
[GC (Allocation Failure) [ParNew: 613440K->34275K(613440K), 0.0429593 secs] 1629758K->1114457K(2010624K), 0.0430016 secs] [Times: user=0.14 sys=0.00, real=0.04 secs] 
[GC (Allocation Failure) [ParNew: 579619K->68096K(613440K), 0.0850338 secs] 1659801K->1191621K(2010624K), 0.0850826 secs] [Times: user=0.33 sys=0.00, real=0.09 secs] 
[GC (Allocation Failure) [ParNew: 613440K->20537K(613440K), 0.0518220 secs] 1736965K->1207546K(2010624K), 0.0518727 secs] [Times: user=0.14 sys=0.00, real=0.05 secs] 
[GC (CMS Initial Mark) [1 CMS-initial-mark: 1187008K(1397184K)] 1218579K(2010624K), 0.0032162 secs] [Times: user=0.00 sys=0.00, real=0.00 secs] 
[CMS-concurrent-mark-start]
[CMS-concurrent-mark: 1.203/1.203 secs] [Times: user=3.93 sys=0.00, real=1.20 secs] 
[CMS-concurrent-preclean-start]
[CMS-concurrent-preclean: 0.137/0.146 secs] [Times: user=0.33 sys=0.00, real=0.15 secs] 
[CMS-concurrent-abortable-preclean-start]
[GC (Allocation Failure) [ParNew[CMS-concurrent-abortable-preclean: 0.071/0.372 secs] [Times: user=0.55 sys=0.00, real=0.37 secs] 
: 565881K->68096K(613440K), 0.0796350 secs] 1752890K->1298108K(2010624K), 0.0796934 secs] [Times: user=0.44 sys=0.00, real=0.07 secs] 
[GC (CMS Final Remark) [YG occupancy: 79124 K (613440 K)][Rescan (parallel) , 0.0450296 secs][weak refs processing, 0.0000327 secs][class unloading, 0.0090122 secs][scrub symbol table, 0.0013428 secs][scrub string table, 0.0003599 secs][1 CMS-remark: 1230012K(1397184K)] 1309137K(2010624K), 0.0567974 secs] [Times: user=0.25 sys=0.00, real=0.06 secs] 
[CMS-concurrent-sweep-start]
[CMS-concurrent-sweep: 0.710/0.710 secs] [Times: user=1.43 sys=0.00, real=0.71 secs] 
[CMS-concurrent-reset-start]
[CMS-concurrent-reset: 0.003/0.003 secs] [Times: user=0.00 sys=0.00, real=0.00 secs] 
[GC (Allocation Failure) [ParNew: 613440K->41137K(613440K), 0.0495720 secs] 1294534K->785715K(2010624K), 0.0496208 secs] [Times: user=0.19 sys=0.00, real=0.04 secs] 
[GC (Allocation Failure) [ParNew: 586481K->68096K(613440K), 0.0805191 secs] 1331059K->857041K(2010624K), 0.0805762 secs] [Times: user=0.33 sys=0.00, real=0.08 secs] 
[GC (Allocation Failure) [ParNew: 613440K->33463K(613440K), 0.0392343 secs] 1402385K->884235K(2010624K), 0.0393703 secs] [Times: user=0.13 sys=0.00, real=0.03 secs] 
[GC (Allocation Failure) [ParNew: 578807K->68096K(613440K), 0.0945965 secs] 1429579K->961368K(2010624K), 0.0946466 secs] [Times: user=0.28 sys=0.00, real=0.09 secs] 
[GC (Allocation Failure) [ParNew (0: promotion failure size = 2779)  (1: promotion failure size = 2779)  (2: promotion failure size = 2779)  (3: promotion failure size = 2779)  (4: promotion failure size = 2779)  (5: promotion failure size = 2779)  (6: promotion failure size = 2779)  (7: promotion failure size = 2779)  (promotion failed): 613440K->593192K(613440K), 0.4379782 secs][CMS: 953220K->746940K(1397184K), 2.0639202 secs] 1506712K->746940K(2010624K), [Metaspace: 10010K->10010K(10240K)]
*** PauseDetector detected a 2501 ms pause at Sat Dec 20 00:28:18 EET 2014 ***

, 2.5019632 secs] [Times: user=2.56 sys=0.05, real=2.50 secs] 
[GC (Allocation Failure) [ParNew: 545344K->68096K(613440K), 0.0668490 secs] 1292284K->861146K(2010624K), 0.0668997 secs] [Times: user=0.28 sys=0.00, real=0.07 secs] 
[GC (Allocation Failure) [ParNew: 613440K->32759K(613440K), 0.0346573 secs] 1406490K->886800K(2010624K), 0.0347054 secs] [Times: user=0.06 sys=0.00, real=0.03 secs] 
[GC (Allocation Failure) [ParNew: 578103K->68096K(613440K), 0.0664018 secs] 1432144K->967701K(2010624K), 0.0664628 secs] [Times: user=0.19 sys=0.00, real=0.07 secs] 
[GC (Allocation Failure) [ParNew: 613440K->19537K(613440K), 0.0330296 secs] 1513045K->979454K(2010624K), 0.0330732 secs] [Times: user=0.14 sys=0.00, real=0.03 secs] 
[GC (Allocation Failure) [ParNew: 564881K->68096K(613440K), 0.0654805 secs] 1524798K->1069309K(2010624K), 0.0655351 secs] [Times: user=0.20 sys=0.00, real=0.06 secs] 
[GC (Allocation Failure) [ParNew: 613440K->34137K(613440K), 0.0337937 secs] 1614653K->1098833K(2010624K), 0.0338418 secs] [Times: user=0.09 sys=0.00, real=0.03 secs] 
[GC (Allocation Failure) [ParNew: 579481K->68096K(613440K), 0.0638516 secs] 1644177K->1174778K(2010624K), 0.0638971 secs] [Times: user=0.25 sys=0.00, real=0.06 secs] 
[GC (Allocation Failure) [ParNew: 613440K->33802K(613440K), 0.0435521 secs] 1720122K->1203121K(2010624K), 0.0436207 secs] [Times: user=0.14 sys=0.00, real=0.04 secs] 
[GC (CMS Initial Mark) [1 CMS-initial-mark: 1169318K(1397184K)] 1203123K(2010624K), 0.0054091 secs] [Times: user=0.00 sys=0.00, real=0.00 secs] 
[CMS-concurrent-mark-start]
[CMS-concurrent-mark: 1.176/1.176 secs] [Times: user=3.78 sys=0.00, real=1.18 secs] 
[CMS-concurrent-preclean-start]
[CMS-concurrent-preclean: 0.085/0.090 secs] [Times: user=0.16 sys=0.00, real=0.09 secs] 
[CMS-concurrent-abortable-preclean-start]
[GC (Allocation Failure) [ParNew: 579146K->68096K(613440K), 0.0643995 secs] 1748465K->1280818K(2010624K), 0.0644495 secs] [Times: user=0.22 sys=0.00, real=0.07 secs] 
[CMS-concurrent-abortable-preclean: 0.718/1.314 secs] [Times: user=2.18 sys=0.00, real=1.32 secs] 
[GC (CMS Final Remark) [YG occupancy: 442643 K (613440 K)][Rescan (parallel) , 0.0914592 secs][weak refs processing, 0.0000225 secs][class unloading, 0.0074436 secs][scrub symbol table, 0.0010650 secs][scrub string table, 0.0003529 secs][1 CMS-remark: 1212722K(1397184K)] 1655365K(2010624K), 0.1015846 secs] [Times: user=0.37 sys=0.00, real=0.10 secs] 
[CMS-concurrent-sweep-start]
[GC (Allocation Failure) [ParNew: 613440K->19833K(613440K), 0.0313025 secs] 1823868K->1291233K(2010624K), 0.0313532 secs] [Times: user=0.08 sys=0.00, real=0.03 secs] 
[CMS-concurrent-sweep: 0.608/0.640 secs] [Times: user=1.45 sys=0.00, real=0.64 secs] 
[CMS-concurrent-reset-start]
[CMS-concurrent-reset: 0.003/0.003 secs] [Times: user=0.00 sys=0.00, real=0.00 secs] 
[GC (Allocation Failure) [ParNew: 565177K->68096K(613440K), 0.0600477 secs] 1306629K->851758K(2010624K), 0.0600945 secs] [Times: user=0.25 sys=0.00, real=0.06 secs] 
[GC (Allocation Failure) [ParNew: 613440K->20139K(613440K), 0.0344712 secs] 1397102K->865882K(2010624K), 0.0345142 secs] [Times: user=0.13 sys=0.00, real=0.03 secs] 
[GC (Allocation Failure) [ParNew: 565483K->68096K(613440K), 0.0690945 secs] 1411226K->954570K(2010624K), 0.0691414 secs] [Times: user=0.23 sys=0.00, real=0.07 secs] 
[GC (Allocation Failure) [ParNew (0: promotion failure size = 85)  (1: promotion failure size = 85)  (2: promotion failure size = 85)  (3: promotion failure size = 85)  (4: promotion failure size = 85)  (5: promotion failure size = 85)  (6: promotion failure size = 85)  (7: promotion failure size = 1854)  (promotion failed): 613440K->565887K(613440K), 2.3921235 secs][CMS: 906948K->745144K(1397184K), 1.8068209 secs] 1499914K->745144K(2010624K), [Metaspace: 10010K->10010K(10240K)]
*** PauseDetector detected a 4203 ms pause at Sat Dec 20 00:28:43 EET 2014 ***

, 4.1990117 secs] [Times: user=4.34 sys=0.44, real=4.20 secs] 
[Full GC (System.gc()) [CMS: 745144K->742793K(1397184K), 1.6997367 secs] 1186443K->742793K(2010624K), [Metaspace: 10010K->10010K(10240K)], 1.7000491 secs] [Times: user=1.70 sys=0.00, real=1.70 secs] 
[Full GC (System.gc()) [CMS: 742793K->742716K(1397184K), 1.7493934 secs] 753701K->742716K(2010624K), [Metaspace: 10010K->10010K(10240K)]
*** PauseDetector detected a 1702 ms pause at Sat Dec 20 00:28:46 EET 2014 ***

, 1.7496237 secs] [Times: user=1.75 sys=0.00, real=1.75 secs] 
[Full GC (System.gc()) [CMS: 742716K->739380K(1397184K), 1.4614535 secs] 753623K->739380K(2010624K), [Metaspace: 10010K->10010K(10240K)]
*** PauseDetector detected a 3206 ms pause at Sat Dec 20 00:28:49 EET 2014 ***

, 1.4617005 secs] [Times: user=1.47 sys=0.00, real=1.46 secs] 
[GC (Allocation Failure) [ParNew: 545344K->68096K(613440K), 0.0611107 secs] 1284724K->851092K(2010624K), 0.0611730 secs] [Times: user=0.19 sys=0.00, real=0.06 secs] 
[GC (Allocation Failure) [ParNew: 613440K->26456K(613440K), 0.0325747 secs] 1396436K->870679K(2010624K), 0.0326325 secs] [Times: user=0.06 sys=0.00, real=0.03 secs] 
[GC (Allocation Failure) [ParNew: 571800K->68096K(613440K), 0.0540008 secs] 1416023K->954600K(2010624K), 0.0540496 secs] [Times: user=0.19 sys=0.00, real=0.05 secs] 
[GC (Allocation Failure) [ParNew: 613440K->26700K(613440K), 0.0350487 secs] 1499944K->975066K(2010624K), 0.0351231 secs] [Times: user=0.14 sys=0.00, real=0.03 secs] 
[GC (Allocation Failure) [ParNew: 572044K->68096K(613440K), 0.0535138 secs] 1520410K->1057696K(2010624K), 0.0535645 secs] [Times: user=0.22 sys=0.00, real=0.05 secs] 
[GC (Allocation Failure) [ParNew: 613440K->33628K(613440K), 0.0328237 secs] 1603040K->1085304K(2010624K), 0.0329501 secs] [Times: user=0.13 sys=0.00, real=0.03 secs] 
[Full GC (System.gc()) [CMS: 1051676K->740379K(1397184K), 1.8886641 secs] 1370846K->740379K(2010624K), [Metaspace: 10010K->10010K(10240K)], 1.8889079 secs] [Times: user=1.89 sys=0.00, real=1.89 secs] 
[Full GC (System.gc()) [CMS: 740379K->740301K(1397184K), 1.4550980 secs] 740381K->740301K(2010624K), [Metaspace: 10010K->10010K(10240K)], 1.4553431 secs] [Times: user=1.45 sys=0.00, real=1.45 secs] 
[Full GC (System.gc()) [CMS: 740301K->738601K(1397184K), 1.4845457 secs] 751256K->738601K(2010624K), [Metaspace: 10010K->10010K(10240K)]
*** PauseDetector detected a 1891 ms pause at Sat Dec 20 00:29:01 EET 2014 ***

, 1.4848620 secs] [Times: user=1.48 sys=0.00, real=1.48 secs] 
********************************
********** ROUND   32 **********
********************************

*** PauseDetector detected a 2947 ms pause at Sat Dec 20 00:29:04 EET 2014 ***

[GC (Allocation Failure) [ParNew: 545344K->68096K(613440K), 0.0511913 secs] 1283945K->849094K(2010624K), 0.0512414 secs] [Times: user=0.20 sys=0.00, real=0.05 secs] 
[GC (Allocation Failure) [ParNew: 613440K->26491K(613440K), 0.0438864 secs] 1394438K->868982K(2010624K), 0.0439396 secs] [Times: user=0.19 sys=0.00, real=0.04 secs] 
[GC (Allocation Failure) [ParNew: 571835K->68096K(613440K), 0.0509097 secs] 1414326K->950386K(2010624K), 0.0509565 secs] [Times: user=0.22 sys=0.00, real=0.05 secs] 
[GC (Allocation Failure) [ParNew: 613440K->20522K(613440K), 0.0290602 secs] 1495730K->966510K(2010624K), 0.0291000 secs] [Times: user=0.06 sys=0.00, real=0.03 secs] 
[GC (Allocation Failure) [ParNew: 565866K->68096K(613440K), 0.1674622 secs] 1511854K->1081830K(2010624K), 0.1675129 secs] [Times: user=0.80 sys=0.00, real=0.17 secs] 
[GC (Allocation Failure) [ParNew: 613440K->34187K(613440K), 0.0781491 secs] 1627174K->1112231K(2010624K), 0.0781998 secs] [Times: user=0.36 sys=0.00, real=0.07 secs] 
[GC (Allocation Failure) [ParNew: 579531K->68096K(613440K), 0.1943738 secs] 1657575K->1203113K(2010624K), 0.1944232 secs] [Times: user=0.92 sys=0.00, real=0.19 secs] 
[GC (Allocation Failure) [ParNew: 613440K->20507K(613440K), 0.0801040 secs] 1748457K->1219801K(2010624K), 0.0801514 secs] [Times: user=0.30 sys=0.00, real=0.08 secs] 
[GC (CMS Initial Mark) [1 CMS-initial-mark: 1199294K(1397184K)] 1219949K(2010624K), 0.0030635 secs] [Times: user=0.00 sys=0.00, real=0.00 secs] 
[CMS-concurrent-mark-start]
[CMS-concurrent-mark: 1.269/1.269 secs] [Times: user=4.48 sys=0.00, real=1.27 secs] 
[CMS-concurrent-preclean-start]
[CMS-concurrent-preclean: 0.269/0.278 secs] [Times: user=0.56 sys=0.00, real=0.28 secs] 
[CMS-concurrent-abortable-preclean-start]
[GC (Allocation Failure) [ParNew[CMS-concurrent-abortable-preclean: 0.070/0.388 secs] [Times: user=0.70 sys=0.00, real=0.39 secs] 
: 565851K->68096K(613440K), 0.1709935 secs] 1765145K->1321699K(2010624K), 0.1710512 secs] [Times: user=0.78 sys=0.00, real=0.17 secs] 
[GC (CMS Final Remark) [YG occupancy: 68096 K (613440 K)][Rescan (parallel) , 0.1096755 secs][weak refs processing, 0.0000205 secs][class unloading, 0.0110858 secs][scrub symbol table, 0.0017470 secs][scrub string table, 0.0003837 secs][1 CMS-remark: 1253603K(1397184K)] 1321699K(2010624K), 0.1240821 secs] [Times: user=0.73 sys=0.00, real=0.13 secs] 
[CMS-concurrent-sweep-start]
[CMS-concurrent-sweep: 0.819/0.819 secs] [Times: user=1.70 sys=0.00, real=0.82 secs] 
[CMS-concurrent-reset-start]
[CMS-concurrent-reset: 0.003/0.003 secs] [Times: user=0.03 sys=0.00, real=0.00 secs] 
[GC (Allocation Failure) [ParNew: 613440K->34240K(613440K), 0.0612840 secs] 1308209K->792636K(2010624K), 0.0613308 secs] [Times: user=0.25 sys=0.00, real=0.05 secs] 
[GC (Allocation Failure) [ParNew: 579584K->68096K(613440K), 0.1466213 secs] 1337980K->877350K(2010624K), 0.1466694 secs] [Times: user=0.56 sys=0.00, real=0.14 secs] 
[GC (Allocation Failure) [ParNew: 613440K->27131K(613440K), 0.0573691 secs] 1422694K->899346K(2010624K), 0.0574146 secs] [Times: user=0.16 sys=0.00, real=0.05 secs] 
[GC (Allocation Failure) [ParNew: 572475K->68096K(613440K), 0.1324963 secs] 1444690K->989277K(2010624K), 0.1325438 secs] [Times: user=0.55 sys=0.00, real=0.13 secs] 
[GC (Allocation Failure) [ParNew (0: promotion failure size = 6249)  (1: promotion failure size = 6249)  (2: promotion failure size = 6249)  (3: promotion failure size = 6249)  (4: promotion failure size = 6249)  (5: promotion failure size = 6249)  (6: promotion failure size = 6249)  (7: promotion failure size = 6249)  (promotion failed): 613440K->593301K(613440K), 0.1832014 secs][CMS: 982483K->753445K(1397184K), 2.0281273 secs] 1534621K->753445K(2010624K), [Metaspace: 10010K->10010K(10240K)], 2.2114025 secs] [Times: user=2.31 sys=0.00, real=2.20 secs] 

*** PauseDetector detected a 2208 ms pause at Sat Dec 20 00:29:29 EET 2014 ***

[GC (Allocation Failure) [ParNew: 545344K->68096K(613440K), 0.1137360 secs] 1298789K->872036K(2010624K), 0.1138464 secs] [Times: user=0.53 sys=0.00, real=0.11 secs] 
[GC (Allocation Failure) [ParNew: 613440K->19812K(613440K), 0.0511811 secs] 1417380K->885912K(2010624K), 0.0512292 secs] [Times: user=0.16 sys=0.00, real=0.05 secs] 
[GC (Allocation Failure) [ParNew: 565156K->68096K(613440K), 0.1013517 secs] 1431256K->980129K(2010624K), 0.1013991 secs] [Times: user=0.45 sys=0.00, real=0.10 secs] 
[GC (Allocation Failure) [ParNew: 613440K->34193K(613440K), 0.0516712 secs] 1525473K->1010015K(2010624K), 0.0517508 secs] [Times: user=0.20 sys=0.00, real=0.05 secs] 
[GC (Allocation Failure) [ParNew: 579537K->68096K(613440K), 0.1004426 secs] 1555359K->1090924K(2010624K), 0.1004939 secs] [Times: user=0.42 sys=0.00, real=0.09 secs] 
[GC (Allocation Failure) [ParNew: 613440K->26708K(613440K), 0.0471776 secs] 1636268K->1111296K(2010624K), 0.0472251 secs] [Times: user=0.16 sys=0.00, real=0.05 secs] 
[GC (Allocation Failure) [ParNew: 572052K->68096K(613440K), 0.0952606 secs] 1656640K->1199276K(2010624K), 0.0953106 secs] [Times: user=0.31 sys=0.00, real=0.09 secs] 
[GC (Allocation Failure) [ParNew: 613440K->26674K(613440K), 0.0461903 secs] 1744620K->1219859K(2010624K), 0.0462397 secs] [Times: user=0.13 sys=0.00, real=0.05 secs] 
[GC (CMS Initial Mark) [1 CMS-initial-mark: 1193185K(1397184K)] 1230854K(2010624K), 0.0052693 secs] [Times: user=0.00 sys=0.00, real=0.01 secs] 
[CMS-concurrent-mark-start]
[CMS-concurrent-mark: 1.152/1.152 secs] [Times: user=3.84 sys=0.00, real=1.15 secs] 
[CMS-concurrent-preclean-start]
[CMS-concurrent-preclean: 0.135/0.144 secs] [Times: user=0.28 sys=0.00, real=0.14 secs] 
[CMS-concurrent-abortable-preclean-start]
[GC (Allocation Failure) [ParNew[CMS-concurrent-abortable-preclean: 0.058/0.367 secs] [Times: user=0.86 sys=0.00, real=0.37 secs] 
: 572018K->68096K(613440K), 0.0801367 secs] 1765203K->1304592K(2010624K), 0.0801810 secs] [Times: user=0.51 sys=0.00, real=0.08 secs] 
[GC (CMS Final Remark) [YG occupancy: 79084 K (613440 K)][Rescan (parallel) , 0.0444657 secs][weak refs processing, 0.0000205 secs][class unloading, 0.0074044 secs][scrub symbol table, 0.0012767 secs][scrub string table, 0.0003657 secs][1 CMS-remark: 1236496K(1397184K)] 1315581K(2010624K), 0.0545878 secs] [Times: user=0.26 sys=0.00, real=0.05 secs] 
[CMS-concurrent-sweep-start]
[CMS-concurrent-sweep: 0.667/0.667 secs] [Times: user=1.36 sys=0.00, real=0.67 secs] 
[CMS-concurrent-reset-start]
[CMS-concurrent-reset: 0.003/0.003 secs] [Times: user=0.00 sys=0.00, real=0.00 secs] 
[GC (Allocation Failure) [ParNew: 613440K->41058K(613440K), 0.0543659 secs] 1295208K->786326K(2010624K), 0.0544242 secs] [Times: user=0.14 sys=0.00, real=0.05 secs] 
[GC (Allocation Failure) [ParNew: 586402K->68096K(613440K), 0.0802278 secs] 1331670K->856381K(2010624K), 0.0802708 secs] [Times: user=0.34 sys=0.00, real=0.08 secs] 
[GC (Allocation Failure) [ParNew: 613440K->41070K(613440K), 0.0568417 secs] 1401725K->892982K(2010624K), 0.0569168 secs] [Times: user=0.19 sys=0.00, real=0.06 secs] 
[GC (Allocation Failure) [ParNew (0: promotion failure size = 2779)  (1: promotion failure size = 2779)  (2: promotion failure size = 2779)  (3: promotion failure size = 2779)  (4: promotion failure size = 2779)  (5: promotion failure size = 2779)  (6: promotion failure size = 2779)  (7: promotion failure size = 2779)  (promotion failed): 586414K->613440K(613440K), 0.2403914 secs][CMS: 894390K->745971K(1397184K), 2.0087742 secs] 1438326K->745971K(2010624K), [Metaspace: 10010K->10010K(10240K)]
*** PauseDetector detected a 2253 ms pause at Sat Dec 20 00:29:52 EET 2014 ***

, 2.2493299 secs] [Times: user=2.48 sys=0.00, real=2.25 secs] 
[GC (Allocation Failure) [ParNew: 545344K->27379K(613440K), 0.0068963 secs] 1291315K->773351K(2010624K), 0.0069399 secs] [Times: user=0.00 sys=0.00, real=0.01 secs] 
[GC (Allocation Failure) [ParNew: 572723K->68096K(613440K), 0.0694378 secs] 1318695K->857581K(2010624K), 0.0694904 secs] [Times: user=0.25 sys=0.00, real=0.07 secs] 
[GC (Allocation Failure) [ParNew: 613440K->27300K(613440K), 0.0365005 secs] 1402925K->880292K(2010624K), 0.0365506 secs] [Times: user=0.13 sys=0.00, real=0.03 secs] 
[GC (Allocation Failure) [ParNew: 572644K->68096K(613440K), 0.0681078 secs] 1425636K->964494K(2010624K), 0.0681546 secs] [Times: user=0.28 sys=0.00, real=0.07 secs] 
[GC (Allocation Failure) [ParNew: 613440K->40622K(613440K), 0.0362574 secs] 1509838K->999868K(2010624K), 0.0363119 secs] [Times: user=0.09 sys=0.00, real=0.04 secs] 
[GC (Allocation Failure) [ParNew: 585966K->68096K(613440K), 0.0684177 secs] 1545212K->1070821K(2010624K), 0.0684651 secs] [Times: user=0.25 sys=0.00, real=0.07 secs] 
[GC (Allocation Failure) [ParNew: 613440K->13412K(613440K), 0.0462743 secs] 1616165K->1078606K(2010624K), 0.0463250 secs] [Times: user=0.13 sys=0.00, real=0.05 secs] 
[GC (Allocation Failure) [ParNew: 558756K->68096K(613440K), 0.0673963 secs] 1623950K->1177519K(2010624K), 0.0674502 secs] [Times: user=0.26 sys=0.00, real=0.07 secs] 
[GC (Allocation Failure) [ParNew: 613440K->32957K(613440K), 0.0325882 secs] 1722863K->1202848K(2010624K), 0.0326350 secs] [Times: user=0.09 sys=0.00, real=0.03 secs] 
[GC (CMS Initial Mark) [1 CMS-initial-mark: 1169891K(1397184K)] 1213729K(2010624K), 0.0022340 secs] [Times: user=0.00 sys=0.00, real=0.00 secs] 
[CMS-concurrent-mark-start]
[CMS-concurrent-mark: 1.261/1.261 secs] [Times: user=4.07 sys=0.00, real=1.26 secs] 
[CMS-concurrent-preclean-start]
[CMS-concurrent-preclean: 0.092/0.098 secs] [Times: user=0.19 sys=0.00, real=0.10 secs] 
[CMS-concurrent-abortable-preclean-start]
[GC (Allocation Failure) [ParNew[CMS-concurrent-abortable-preclean: 0.040/0.266 secs] [Times: user=0.41 sys=0.00, real=0.27 secs] 
: 578301K->68096K(613440K), 0.0671967 secs] 1748192K->1279078K(2010624K), 0.0672481 secs] [Times: user=0.31 sys=0.00, real=0.07 secs] 
[GC (CMS Final Remark) [YG occupancy: 68098 K (613440 K)][Rescan (parallel) , 0.0308309 secs][weak refs processing, 0.0000212 secs][class unloading, 0.0075571 secs][scrub symbol table, 0.0010875 secs][scrub string table, 0.0004870 secs][1 CMS-remark: 1210982K(1397184K)] 1279080K(2010624K), 0.0410641 secs] [Times: user=0.20 sys=0.00, real=0.04 secs] 
[CMS-concurrent-sweep-start]
[CMS-concurrent-sweep: 0.583/0.583 secs] [Times: user=1.18 sys=0.00, real=0.58 secs] 
[CMS-concurrent-reset-start]
[CMS-concurrent-reset: 0.003/0.003 secs] [Times: user=0.03 sys=0.00, real=0.00 secs] 
[GC (Allocation Failure) [ParNew: 613440K->47801K(613440K), 0.0341485 secs] 1291701K->789493K(2010624K), 0.0342345 secs] [Times: user=0.06 sys=0.00, real=0.03 secs] 
[GC (Allocation Failure) [ParNew: 593145K->68096K(613440K), 0.0666514 secs] 1334837K->850700K(2010624K), 0.0667021 secs] [Times: user=0.22 sys=0.00, real=0.06 secs] 
[GC (Allocation Failure) [ParNew: 613440K->41063K(613440K), 0.0398656 secs] 1396044K->887233K(2010624K), 0.0399137 secs] [Times: user=0.13 sys=0.00, real=0.04 secs] 
[GC (Allocation Failure) [ParNew: 586407K->68096K(613440K), 0.0698387 secs] 1432577K->955089K(2010624K), 0.0698914 secs] [Times: user=0.23 sys=0.00, real=0.07 secs] 
[GC (Allocation Failure) [ParNew (0: promotion failure size = 1854)  (1: promotion failure size = 1854)  (2: promotion failure size = 1854)  (3: promotion failure size = 1854)  (4: promotion failure size = 1854)  (5: promotion failure size = 1854)  (6: promotion failure size = 1854)  (7: promotion failure size = 1854)  (promotion failed): 613440K->579567K(613440K), 0.5954203 secs][CMS: 947409K->745243K(1397184K), 1.8222995 secs] 1500433K->745243K(2010624K), [Metaspace: 10010K->10010K(10240K)], 2.4178520 secs] [Times: user=2.47 sys=0.05, real=2.42 secs] 

*** PauseDetector detected a 2422 ms pause at Sat Dec 20 00:30:17 EET 2014 ***

[GC (Allocation Failure) [ParNew: 545344K->68096K(613440K), 0.0606398 secs] 1290587K->854512K(2010624K), 0.0606892 secs] [Times: user=0.20 sys=0.00, real=0.06 secs] 
[GC (Allocation Failure) [ParNew: 613440K->20534K(613440K), 0.0400799 secs] 1399856K->870866K(2010624K), 0.0401242 secs] [Times: user=0.14 sys=0.00, real=0.04 secs] 
[GC (Allocation Failure) [ParNew: 565878K->68096K(613440K), 0.0564953 secs] 1416210K->960390K(2010624K), 0.0566775 secs] [Times: user=0.22 sys=0.00, real=0.05 secs] 
[GC (Allocation Failure) [ParNew: 613440K->33684K(613440K), 0.0301406 secs] 1505734K->988313K(2010624K), 0.0301874 secs] [Times: user=0.06 sys=0.00, real=0.03 secs] 
[GC (Allocation Failure) [ParNew: 579028K->68096K(613440K), 0.0552981 secs] 1533657K->1063261K(2010624K), 0.0553436 secs] [Times: user=0.25 sys=0.00, real=0.05 secs] 
[GC (Allocation Failure) [ParNew: 613440K->27351K(613440K), 0.0298063 secs] 1608605K->1086023K(2010624K), 0.0298480 secs] [Times: user=0.13 sys=0.00, real=0.03 secs] 
[GC (Allocation Failure) [ParNew: 572695K->68096K(613440K), 0.0718924 secs] 1631367K->1168859K(2010624K), 0.0719418 secs] [Times: user=0.28 sys=0.00, real=0.07 secs] 
[GC (Allocation Failure) [ParNew: 613440K->20088K(613440K), 0.0303581 secs] 1714203K->1182633K(2010624K), 0.0304736 secs] [Times: user=0.14 sys=0.00, real=0.03 secs] 
[GC (CMS Initial Mark) [1 CMS-initial-mark: 1162545K(1397184K)] 1182635K(2010624K), 0.0030321 secs] [Times: user=0.00 sys=0.00, real=0.00 secs] 
[CMS-concurrent-mark-start]
[CMS-concurrent-mark: 1.162/1.162 secs] [Times: user=3.79 sys=0.00, real=1.16 secs] 
[CMS-concurrent-preclean-start]
[CMS-concurrent-preclean: 0.079/0.083 secs] [Times: user=0.16 sys=0.00, real=0.08 secs] 
[CMS-concurrent-abortable-preclean-start]
[GC (Allocation Failure) [ParNew[CMS-concurrent-abortable-preclean: 0.065/0.406 secs] [Times: user=0.62 sys=0.00, real=0.41 secs] 
: 565432K->68096K(613440K), 0.0569341 secs] 1727977K->1271849K(2010624K), 0.0569848 secs] [Times: user=0.20 sys=0.00, real=0.06 secs] 
[GC (CMS Final Remark) [YG occupancy: 78974 K (613440 K)][Rescan (parallel) , 0.0256245 secs][weak refs processing, 0.0000212 secs][class unloading, 0.0082904 secs][scrub symbol table, 0.0011330 secs][scrub string table, 0.0003702 secs][1 CMS-remark: 1203753K(1397184K)] 1282728K(2010624K), 0.0364948 secs] [Times: user=0.16 sys=0.02, real=0.04 secs] 
[CMS-concurrent-sweep-start]
[CMS-concurrent-sweep: 0.562/0.562 secs] [Times: user=1.14 sys=0.00, real=0.56 secs] 
[CMS-concurrent-reset-start]
[CMS-concurrent-reset: 0.003/0.003 secs] [Times: user=0.00 sys=0.00, real=0.00 secs] 
[GC (Allocation Failure) [ParNew: 613440K->26877K(613440K), 0.0296491 secs] 1291106K->766652K(2010624K), 0.0297005 secs] [Times: user=0.13 sys=0.00, real=0.03 secs] 
[GC (Allocation Failure) [ParNew: 572221K->68096K(613440K), 0.0531058 secs] 1311996K->848963K(2010624K), 0.0531488 secs] [Times: user=0.17 sys=0.00, real=0.05 secs] 
[GC (Allocation Failure) [ParNew: 613440K->33616K(613440K), 0.0323585 secs] 1394307K->876653K(2010624K), 0.0324028 secs] [Times: user=0.13 sys=0.00, real=0.03 secs] 
[GC (Allocation Failure) [ParNew: 578960K->68096K(613440K), 0.0594048 secs] 1421997K->950899K(2010624K), 0.0594548 secs] [Times: user=0.19 sys=0.00, real=0.06 secs] 
[GC (Allocation Failure) [ParNew (0: promotion failure size = 109)  (1: promotion failure size = 109)  (2: promotion failure size = 109)  (3: promotion failure size = 1237)  (4: promotion failure size = 1237)  (5: promotion failure size = 109)  (6: promotion failure size = 1237)  (7: promotion failure size = 109)  (promotion failed): 613440K->586365K(613440K), 1.1524032 secs][CMS: 907644K->744194K(1397184K), 1.8329086 secs] 1496243K->744194K(2010624K), [Metaspace: 10010K->10010K(10240K)], 2.9854888 secs] [Times: user=3.09 sys=0.19, real=2.98 secs] 

*** PauseDetector detected a 2981 ms pause at Sat Dec 20 00:30:41 EET 2014 ***

[GC (Allocation Failure) [ParNew: 545344K->68096K(613440K), 0.0525675 secs] 1289538K->852544K(2010624K), 0.0526233 secs] [Times: user=0.19 sys=0.00, real=0.05 secs] 
[GC (Allocation Failure) [ParNew: 613440K->34123K(613440K), 0.0291879 secs] 1397888K->882119K(2010624K), 0.0292366 secs] [Times: user=0.06 sys=0.00, real=0.02 secs] 
[GC (Allocation Failure) [ParNew: 579467K->68096K(613440K), 0.1663972 secs] 1427463K->984255K(2010624K), 0.1664466 secs] [Times: user=0.77 sys=0.00, real=0.17 secs] 
[GC (Allocation Failure) [ParNew: 613440K->34145K(613440K), 0.0846033 secs] 1529599K->1015059K(2010624K), 0.0846502 secs] [Times: user=0.27 sys=0.00, real=0.08 secs] 
[GC (Allocation Failure) [ParNew: 579489K->68096K(613440K), 0.1921488 secs] 1560403K->1105919K(2010624K), 0.1921975 secs] [Times: user=0.94 sys=0.00, real=0.19 secs] 
[GC (Allocation Failure) [ParNew: 613440K->34175K(613440K), 0.0730781 secs] 1651263K->1135950K(2010624K), 0.0731249 secs] [Times: user=0.22 sys=0.00, real=0.07 secs] 
[GC (Allocation Failure) [ParNew: 579519K->68096K(613440K), 0.1635942 secs] 1681294K->1224224K(2010624K), 0.1636416 secs] [Times: user=0.75 sys=0.00, real=0.16 secs] 
[GC (Allocation Failure) [ParNew: 613440K->34172K(613440K), 0.0701018 secs] 1769568K->1253884K(2010624K), 0.0701499 secs] [Times: user=0.22 sys=0.00, real=0.07 secs] 
[GC (CMS Initial Mark) [1 CMS-initial-mark: 1219712K(1397184K)] 1264849K(2010624K), 0.0033445 secs] [Times: user=0.00 sys=0.00, real=0.00 secs] 
[CMS-concurrent-mark-start]
[CMS-concurrent-mark: 1.229/1.229 secs] [Times: user=4.27 sys=0.00, real=1.24 secs] 
[CMS-concurrent-preclean-start]
[CMS-concurrent-preclean: 0.242/0.253 secs] [Times: user=0.50 sys=0.00, real=0.25 secs] 
[CMS-concurrent-abortable-preclean-start]
[GC (Allocation Failure) [ParNew[CMS-concurrent-abortable-preclean: 0.060/0.366 secs] [Times: user=0.53 sys=0.00, real=0.37 secs] 
: 579516K->68096K(613440K), 0.1523339 secs] 1799228K->1337969K(2010624K), 0.1524314 secs] [Times: user=0.64 sys=0.00, real=0.15 secs] 
[GC (CMS Final Remark) [YG occupancy: 78976 K (613440 K)][Rescan (parallel) , 0.0850556 secs][weak refs processing, 0.0000231 secs][class unloading, 0.0078279 secs][scrub symbol table, 0.0010663 secs][scrub string table, 0.0003689 secs][1 CMS-remark: 1269873K(1397184K)] 1348850K(2010624K), 0.0953484 secs] [Times: user=0.58 sys=0.00, real=0.10 secs] 
[CMS-concurrent-sweep-start]
[CMS-concurrent-sweep: 0.868/0.868 secs] [Times: user=1.70 sys=0.00, real=0.87 secs] 
[CMS-concurrent-reset-start]
[CMS-concurrent-reset: 0.003/0.003 secs] [Times: user=0.00 sys=0.00, real=0.00 secs] 
[GC (Allocation Failure) [ParNew: 613440K->41067K(613440K), 0.0578849 secs] 1304355K->795625K(2010624K), 0.0579324 secs] [Times: user=0.20 sys=0.00, real=0.06 secs] 
[GC (Allocation Failure) [ParNew: 586411K->68096K(613440K), 0.1287694 secs] 1340969K->871577K(2010624K), 0.1288188 secs] [Times: user=0.61 sys=0.00, real=0.13 secs] 
[GC (Allocation Failure) [ParNew: 613440K->27381K(613440K), 0.0583885 secs] 1416921K->894618K(2010624K), 0.0584335 secs] [Times: user=0.17 sys=0.00, real=0.05 secs] 
[GC (Allocation Failure) [ParNew: 572725K->68096K(613440K), 0.1175239 secs] 1439962K->981878K(2010624K), 0.1175701 secs] [Times: user=0.53 sys=0.00, real=0.12 secs] 
[GC (Allocation Failure) [ParNew (0: promotion failure size = 4167)  (1: promotion failure size = 4167)  (2: promotion failure size = 4167)  (3: promotion failure size = 4167)  (4: promotion failure size = 4167)  (5: promotion failure size = 4167)  (6: promotion failure size = 4167)  (7: promotion failure size = 4167)  (promotion failed): 613440K->572760K(613440K), 5.6920461 secs][CMS: 945671K->750924K(1397184K), 2.3109276 secs] 1527222K->750924K(2010624K), [Metaspace: 10010K->10010K(10240K)]
*** PauseDetector detected a 8008 ms pause at Sat Dec 20 00:31:12 EET 2014 ***

, 8.0031232 secs] [Times: user=8.50 sys=1.33, real=8.00 secs] 
[GC (Allocation Failure) [ParNew: 545344K->68096K(613440K), 0.1008281 secs] 1296268K->867660K(2010624K), 0.1009032 secs] [Times: user=0.44 sys=0.00, real=0.10 secs] 
[GC (Allocation Failure) [ParNew: 613440K->13417K(613440K), 0.0479097 secs] 1413004K->876309K(2010624K), 0.0479514 secs] [Times: user=0.16 sys=0.00, real=0.05 secs] 
[GC (Allocation Failure) [ParNew: 558761K->68096K(613440K), 0.0922695 secs] 1421653K->976171K(2010624K), 0.0923228 secs] [Times: user=0.44 sys=0.00, real=0.09 secs] 
[GC (Allocation Failure) [ParNew: 613440K->20612K(613440K), 0.0450957 secs] 1521515K->992396K(2010624K), 0.0451458 secs] [Times: user=0.13 sys=0.00, real=0.04 secs] 
[GC (Allocation Failure) [ParNew: 565956K->68096K(613440K), 0.0904211 secs] 1537740K->1084679K(2010624K), 0.0904802 secs] [Times: user=0.41 sys=0.00, real=0.09 secs] 
[GC (Allocation Failure) [ParNew: 613440K->48008K(613440K), 0.0494386 secs] 1630023K->1128176K(2010624K), 0.0494886 secs] [Times: user=0.19 sys=0.00, real=0.05 secs] 
[GC (Allocation Failure) [ParNew: 593352K->68096K(613440K), 0.0826953 secs] 1673520K->1191641K(2010624K), 0.0827428 secs] [Times: user=0.30 sys=0.00, real=0.08 secs] 
[GC (Allocation Failure) [ParNew: 613440K->34216K(613440K), 0.0439736 secs] 1736985K->1221222K(2010624K), 0.0440275 secs] [Times: user=0.16 sys=0.00, real=0.04 secs] 
[GC (CMS Initial Mark) [1 CMS-initial-mark: 1187006K(1397184K)] 1221224K(2010624K), 0.0030648 secs] [Times: user=0.00 sys=0.00, real=0.01 secs] 
[CMS-concurrent-mark-start]
[CMS-concurrent-mark: 1.202/1.202 secs] [Times: user=3.90 sys=0.02, real=1.20 secs] 
[CMS-concurrent-preclean-start]
[CMS-concurrent-preclean: 0.123/0.131 secs] [Times: user=0.30 sys=0.00, real=0.13 secs] 
[CMS-concurrent-abortable-preclean-start]
[GC (Allocation Failure) [ParNew: 579560K->68096K(613440K), 0.0848895 secs] 1766566K->1299181K(2010624K), 0.0849389 secs] [Times: user=0.33 sys=0.00, real=0.09 secs] 
[CMS-concurrent-abortable-preclean: 0.797/1.295 secs] [Times: user=2.36 sys=0.00, real=1.30 secs] 
[GC (CMS Final Remark) [YG occupancy: 440151 K (613440 K)][Rescan (parallel) , 0.1001128 secs][weak refs processing, 0.0000218 secs][class unloading, 0.0080685 secs][scrub symbol table, 0.0012427 secs][scrub string table, 0.0003548 secs][1 CMS-remark: 1231085K(1397184K)] 1671236K(2010624K), 0.1107950 secs] [Times: user=0.41 sys=0.00, real=0.10 secs] 
[CMS-concurrent-sweep-start]
[GC (Allocation Failure) [ParNew: 613440K->40437K(613440K), 0.0400414 secs] 1834110K->1326934K(2010624K), 0.0400921 secs] [Times: user=0.16 sys=0.00, real=0.04 secs] 
[CMS-concurrent-sweep: 0.687/0.728 secs] [Times: user=1.79 sys=0.00, real=0.74 secs] 
[CMS-concurrent-reset-start]
[CMS-concurrent-reset: 0.003/0.003 secs] [Times: user=0.00 sys=0.00, real=0.00 secs] 
[GC (Allocation Failure) [ParNew: 585781K->68096K(613440K), 0.0772489 secs] 1333744K->858786K(2010624K), 0.0773028 secs] [Times: user=0.30 sys=0.00, real=0.08 secs] 
[GC (Allocation Failure) [ParNew: 613440K->34193K(613440K), 0.0402339 secs] 1404130K->888374K(2010624K), 0.0402775 secs] [Times: user=0.16 sys=0.00, real=0.03 secs] 
[GC (Allocation Failure) [ParNew (0: promotion failure size = 2779)  (promotion failed): 579537K->613440K(613440K), 0.2102342 secs][CMS: 896661K->745755K(1397184K), 1.8714949 secs] 1433718K->745755K(2010624K), [Metaspace: 10010K->10010K(10240K)], 2.0818644 secs] [Times: user=2.28 sys=0.00, real=2.08 secs] 

*** PauseDetector detected a 2082 ms pause at Sat Dec 20 00:31:34 EET 2014 ***

[GC (Allocation Failure) [ParNew: 545344K->27378K(613440K), 0.0072434 secs] 1291099K->773133K(2010624K), 0.0072922 secs] [Times: user=0.00 sys=0.00, real=0.01 secs] 
[GC (Allocation Failure) [ParNew: 572722K->68096K(613440K), 0.0670184 secs] 1318477K->856967K(2010624K), 0.0670678 secs] [Times: user=0.30 sys=0.00, real=0.07 secs] 
[Full GC (System.gc()) [CMS: 788871K->742197K(1397184K), 1.5932890 secs] 977547K->742197K(2010624K), [Metaspace: 10010K->10010K(10240K)], 1.5935424 secs] [Times: user=1.59 sys=0.00, real=1.59 secs] 

*** PauseDetector detected a 1592 ms pause at Sat Dec 20 00:31:39 EET 2014 ***

[Full GC (System.gc()) [CMS: 742197K->742148K(1397184K), 1.4775750 secs] 753077K->742148K(2010624K), [Metaspace: 10010K->10010K(10240K)], 1.4778874 secs] [Times: user=1.48 sys=0.00, real=1.47 secs] 
[Full GC (System.gc()) [CMS: 742148K->742149K(1397184K), 1.5731249 secs] 742150K->742149K(2010624K), [Metaspace: 10010K->10010K(10240K)]
*** PauseDetector detected a 1473 ms pause at Sat Dec 20 00:31:40 EET 2014 ***

, 1.5733514 secs] [Times: user=1.58 sys=0.00, real=1.57 secs] 

*** PauseDetector detected a 1583 ms pause at Sat Dec 20 00:31:42 EET 2014 ***

[GC (Allocation Failure) [ParNew: 545344K->68096K(613440K), 0.0770732 secs] 1287493K->863938K(2010624K), 0.0771296 secs] [Times: user=0.31 sys=0.00, real=0.08 secs] 
[GC (Allocation Failure) [ParNew: 613440K->21246K(613440K), 0.0490036 secs] 1409282K->870522K(2010624K), 0.0490639 secs] [Times: user=0.19 sys=0.00, real=0.05 secs] 
[GC (Allocation Failure) [ParNew: 566590K->68096K(613440K), 0.0788798 secs] 1415866K->960308K(2010624K), 0.0789401 secs] [Times: user=0.33 sys=0.00, real=0.08 secs] 
[GC (Allocation Failure) [ParNew: 613440K->20179K(613440K), 0.0385459 secs] 1505652K->974501K(2010624K), 0.0386036 secs] [Times: user=0.13 sys=0.00, real=0.04 secs] 
[GC (Allocation Failure) [ParNew: 565523K->68096K(613440K), 0.0636771 secs] 1519845K->1067797K(2010624K), 0.0637239 secs] [Times: user=0.20 sys=0.00, real=0.06 secs] 
[GC (Allocation Failure) [ParNew: 613440K->19359K(613440K), 0.0451971 secs] 1613141K->1078385K(2010624K), 0.0452503 secs] [Times: user=0.13 sys=0.00, real=0.04 secs] 
[Full GC (System.gc()) [CMS: 1059025K->741440K(1397184K), 1.6666269 secs] 1352265K->741440K(2010624K), [Metaspace: 10010K->10010K(10240K)], 1.6668906 secs] [Times: user=1.67 sys=0.00, real=1.66 secs] 
[Full GC (System.gc()) [CMS: 741440K->741442K(1397184K), 1.6000762 secs] 752380K->741442K(2010624K), [Metaspace: 10010K->10010K(10240K)], 1.6003823 secs] [Times: user=1.61 sys=0.00, real=1.61 secs] 
[Full GC (System.gc()) [CMS: 741442K->741444K(1397184K), 1.7203005 secs] 752380K->741444K(2010624K), [Metaspace: 10010K->10010K(10240K)]
*** PauseDetector detected a 1663 ms pause at Sat Dec 20 00:31:54 EET 2014 ***

, 1.7205295 secs] [Times: user=1.72 sys=0.00, real=1.72 secs] 
********************************
********** ROUND   33 **********
********************************

*** PauseDetector detected a 3331 ms pause at Sat Dec 20 00:31:57 EET 2014 ***

[GC (Allocation Failure) [ParNew: 545344K->8982K(613440K), 0.0061688 secs] 1286788K->750426K(2010624K), 0.0062271 secs] [Times: user=0.00 sys=0.00, real=0.01 secs] 
[GC (Allocation Failure) [ParNew: 554326K->68096K(613440K), 0.0572376 secs] 1295770K->851995K(2010624K), 0.0572818 secs] [Times: user=0.22 sys=0.00, real=0.06 secs] 
[GC (Allocation Failure) [ParNew: 613440K->26088K(613440K), 0.0324535 secs] 1397339K->872845K(2010624K), 0.0325619 secs] [Times: user=0.13 sys=0.00, real=0.03 secs] 
[GC (Allocation Failure) [ParNew: 571432K->68096K(613440K), 0.0574012 secs] 1418189K->956026K(2010624K), 0.0574570 secs] [Times: user=0.19 sys=0.00, real=0.06 secs] 
[GC (Allocation Failure) [ParNew: 613440K->47577K(613440K), 0.0444965 secs] 1501370K->998805K(2010624K), 0.0445465 secs] [Times: user=0.19 sys=0.00, real=0.04 secs] 
[GC (Allocation Failure) [ParNew: 592921K->68096K(613440K), 0.0567731 secs] 1544149K->1061135K(2010624K), 0.0568192 secs] [Times: user=0.28 sys=0.00, real=0.06 secs] 
[GC (Allocation Failure) [ParNew: 613440K->33638K(613440K), 0.0338438 secs] 1606479K->1089080K(2010624K), 0.0339605 secs] [Times: user=0.14 sys=0.00, real=0.03 secs] 
[GC (Allocation Failure) [ParNew: 578982K->68096K(613440K), 0.0565581 secs] 1634424K->1166722K(2010624K), 0.0566062 secs] [Times: user=0.22 sys=0.00, real=0.06 secs] 
[GC (Allocation Failure) [ParNew: 613440K->32944K(613440K), 0.0296472 secs] 1712066K->1192382K(2010624K), 0.0296902 secs] [Times: user=0.05 sys=0.00, real=0.03 secs] 
[GC (CMS Initial Mark) [1 CMS-initial-mark: 1159438K(1397184K)] 1203320K(2010624K), 0.0041921 secs] [Times: user=0.02 sys=0.00, real=0.00 secs] 
[CMS-concurrent-mark-start]
[CMS-concurrent-mark: 1.134/1.134 secs] [Times: user=3.57 sys=0.00, real=1.13 secs] 
[CMS-concurrent-preclean-start]
[CMS-concurrent-preclean: 0.067/0.071 secs] [Times: user=0.16 sys=0.00, real=0.07 secs] 
[CMS-concurrent-abortable-preclean-start]
[GC (Allocation Failure) [ParNew: 578288K->68096K(613440K), 0.0559608 secs] 1737726K->1268349K(2010624K), 0.0560064 secs] [Times: user=0.25 sys=0.00, real=0.06 secs] 
[CMS-concurrent-abortable-preclean: 0.619/1.223 secs] [Times: user=2.06 sys=0.00, real=1.22 secs] 
[GC (CMS Final Remark) [YG occupancy: 410882 K (613440 K)][Rescan (parallel) , 0.0863292 secs][weak refs processing, 0.0000205 secs][class unloading, 0.0089057 secs][scrub symbol table, 0.0011574 secs][scrub string table, 0.0003574 secs][1 CMS-remark: 1200253K(1397184K)] 1611136K(2010624K), 0.0977775 secs] [Times: user=0.44 sys=0.00, real=0.09 secs] 
[CMS-concurrent-sweep-start]
[GC (Allocation Failure) [ParNew: 613440K->47577K(613440K), 0.0298820 secs] 1582437K->1079669K(2010624K), 0.0300033 secs] [Times: user=0.11 sys=0.00, real=0.03 secs] 
[CMS-concurrent-sweep: 0.550/0.581 secs] [Times: user=1.25 sys=0.00, real=0.59 secs] 
[CMS-concurrent-reset-start]
[CMS-concurrent-reset: 0.003/0.003 secs] [Times: user=0.00 sys=0.00, real=0.00 secs] 
[GC (Allocation Failure) [ParNew: 592921K->68096K(613440K), 0.0536306 secs] 1333598K->849313K(2010624K), 0.0536839 secs] [Times: user=0.20 sys=0.00, real=0.05 secs] 
[GC (Allocation Failure) [ParNew: 613440K->27123K(613440K), 0.0304736 secs] 1394657K->871137K(2010624K), 0.0305416 secs] [Times: user=0.08 sys=0.00, real=0.03 secs] 
[GC (Allocation Failure) [ParNew: 572467K->68096K(613440K), 0.0535402 secs] 1416481K->952258K(2010624K), 0.0535889 secs] [Times: user=0.20 sys=0.00, real=0.05 secs] 
[GC (Allocation Failure) [ParNew: 613440K->27282K(613440K), 0.0822994 secs] 1497602K->974534K(2010624K), 0.0823424 secs] [Times: user=0.13 sys=0.00, real=0.07 secs] 
[GC (Allocation Failure) [ParNew: 572626K->68096K(613440K), 0.0716621 secs] 1519878K->1055094K(2010624K), 0.0717096 secs] [Times: user=0.19 sys=0.00, real=0.06 secs] 
[GC (Allocation Failure) [ParNew (0: promotion failure size = 109)  (1: promotion failure size = 109)  (2: promotion failure size = 109)  (3: promotion failure size = 109)  (4: promotion failure size = 109)  (5: promotion failure size = 109)  (6: promotion failure size = 1237)  (7: promotion failure size = 109)  (promotion failed): 613440K->593323K(613440K), 2.6676438 secs][CMS: 999933K->744153K(1397184K), 1.7969983 secs] 1600438K->744153K(2010624K), [Metaspace: 10010K->10010K(10240K)], 4.4647050 secs] [Times: user=4.59 sys=0.45, real=4.46 secs] 

*** PauseDetector detected a 4465 ms pause at Sat Dec 20 00:32:27 EET 2014 ***

[GC (Allocation Failure) [ParNew: 545344K->68096K(613440K), 0.0499319 secs] 1289497K->852296K(2010624K), 0.0499813 secs] [Times: user=0.23 sys=0.00, real=0.05 secs] 
[GC (Allocation Failure) [ParNew: 613440K->27379K(613440K), 0.0337392 secs] 1397640K->875457K(2010624K), 0.0337835 secs] [Times: user=0.13 sys=0.00, real=0.03 secs] 
[GC (Allocation Failure) [ParNew: 572723K->68096K(613440K), 0.1648292 secs] 1420801K->984050K(2010624K), 0.1648786 secs] [Times: user=0.76 sys=0.00, real=0.17 secs] 
[GC (Allocation Failure) [ParNew: 613440K->20558K(613440K), 0.0963140 secs] 1529394K->1001405K(2010624K), 0.0963724 secs] [Times: user=0.36 sys=0.00, real=0.10 secs] 
[GC (Allocation Failure) [ParNew: 565902K->68096K(613440K), 0.1945329 secs] 1546749K->1106236K(2010624K), 0.1945797 secs] [Times: user=0.89 sys=0.00, real=0.19 secs] 
[GC (Allocation Failure) [ParNew: 613440K->34221K(613440K), 0.0721651 secs] 1651580K->1136361K(2010624K), 0.0722248 secs] [Times: user=0.30 sys=0.00, real=0.07 secs] 
[GC (Allocation Failure) [ParNew: 579565K->68096K(613440K), 0.1659673 secs] 1681705K->1226149K(2010624K), 0.1660135 secs] [Times: user=0.78 sys=0.00, real=0.17 secs] 
[GC (CMS Initial Mark) [1 CMS-initial-mark: 1158053K(1397184K)] 1237089K(2010624K), 0.0096711 secs] [Times: user=0.00 sys=0.00, real=0.01 secs] 
[CMS-concurrent-mark-start]
[CMS-concurrent-mark: 1.206/1.206 secs] [Times: user=3.68 sys=0.00, real=1.21 secs] 
[CMS-concurrent-preclean-start]
[CMS-concurrent-preclean: 0.006/0.006 secs] [Times: user=0.00 sys=0.00, real=0.01 secs] 
[CMS-concurrent-abortable-preclean-start]
[GC (Allocation Failure) [ParNew: 613440K->26746K(613440K), 0.0628481 secs] 1771493K->1246823K(2010624K), 0.0629084 secs] [Times: user=0.34 sys=0.00, real=0.06 secs] 
[CMS-concurrent-abortable-preclean: 0.764/1.438 secs] [Times: user=3.12 sys=0.00, real=1.44 secs] 
[GC (CMS Final Remark) [YG occupancy: 336514 K (613440 K)][Rescan (parallel) , 0.0593419 secs][weak refs processing, 0.0000212 secs][class unloading, 0.0090886 secs][scrub symbol table, 0.0013293 secs][scrub string table, 0.0004748 secs][1 CMS-remark: 1220076K(1397184K)] 1556591K(2010624K), 0.0713253 secs] [Times: user=0.34 sys=0.00, real=0.07 secs] 
[CMS-concurrent-sweep-start]
[GC (Allocation Failure) [ParNew: 572090K->68096K(613440K), 0.1378124 secs] 1477363K->1023528K(2010624K), 0.1378605 secs] [Times: user=0.75 sys=0.00, real=0.14 secs] 
[CMS-concurrent-sweep: 0.724/0.862 secs] [Times: user=2.20 sys=0.00, real=0.87 secs] 
[CMS-concurrent-reset-start]
[CMS-concurrent-reset: 0.003/0.003 secs] [Times: user=0.00 sys=0.00, real=0.00 secs] 
[GC (Allocation Failure) [ParNew: 613440K->41064K(613440K), 0.0651585 secs] 1422479K->913743K(2010624K), 0.0652046 secs] [Times: user=0.17 sys=0.00, real=0.06 secs] 
[GC (Allocation Failure) [ParNew: 586408K->68096K(613440K), 0.1409959 secs] 1459087K->989734K(2010624K), 0.1410453 secs] [Times: user=0.48 sys=0.00, real=0.13 secs] 
[GC (Allocation Failure) [ParNew: 613440K->20535K(613440K), 0.0554238 secs] 1535078K->1005777K(2010624K), 0.0554707 secs] [Times: user=0.16 sys=0.00, real=0.06 secs] 
[GC (Allocation Failure) [ParNew: 565879K->68096K(613440K), 0.1113776 secs] 1551121K->1099855K(2010624K), 0.1114302 secs] [Times: user=0.62 sys=0.00, real=0.11 secs] 
[GC (Allocation Failure) [ParNew (0: promotion failure size = 4167)  (1: promotion failure size = 4167)  (2: promotion failure size = 4167)  (3: promotion failure size = 4167)  (4: promotion failure size = 4167)  (5: promotion failure size = 4167)  (6: promotion failure size = 4167)  (7: promotion failure size = 4167)  (promotion failed): 613440K->579614K(613440K), 1.6878015 secs][CMS: 1085748K->750903K(1397184K), 2.0865332 secs] 1645199K->750903K(2010624K), [Metaspace: 10010K->10010K(10240K)]
*** PauseDetector detected a 3779 ms pause at Sat Dec 20 00:32:54 EET 2014 ***

, 3.7744989 secs] [Times: user=3.88 sys=0.44, real=3.78 secs] 
[GC (Allocation Failure) [ParNew: 545344K->68096K(613440K), 0.0998780 secs] 1296247K->866024K(2010624K), 0.0999267 secs] [Times: user=0.44 sys=0.00, real=0.09 secs] 
[GC (Allocation Failure) [ParNew: 613440K->41068K(613440K), 0.0802117 secs] 1411368K->903599K(2010624K), 0.0802586 secs] [Times: user=0.33 sys=0.00, real=0.08 secs] 
[GC (Allocation Failure) [ParNew: 586412K->68096K(613440K), 0.0943348 secs] 1448943K->976132K(2010624K), 0.0943777 secs] [Times: user=0.44 sys=0.00, real=0.09 secs] 
[GC (Allocation Failure) [ParNew: 613440K->27300K(613440K), 0.0496047 secs] 1521476K->998820K(2010624K), 0.0496509 secs] [Times: user=0.14 sys=0.00, real=0.05 secs] 
[GC (Allocation Failure) [ParNew: 572644K->68096K(613440K), 0.0895589 secs] 1544164K->1084507K(2010624K), 0.0896025 secs] [Times: user=0.36 sys=0.00, real=0.08 secs] 
[GC (Allocation Failure) [ParNew: 613440K->27422K(613440K), 0.0423344 secs] 1629851K->1107495K(2010624K), 0.0423806 secs] [Times: user=0.13 sys=0.00, real=0.04 secs] 
[GC (Allocation Failure) [ParNew: 572766K->68096K(613440K), 0.0850107 secs] 1652839K->1193016K(2010624K), 0.0850589 secs] [Times: user=0.31 sys=0.00, real=0.08 secs] 
[GC (Allocation Failure) [ParNew: 613440K->33568K(613440K), 0.0434122 secs] 1738360K->1220451K(2010624K), 0.0434591 secs] [Times: user=0.14 sys=0.00, real=0.04 secs] 
[GC (CMS Initial Mark) [1 CMS-initial-mark: 1186882K(1397184K)] 1231391K(2010624K), 0.0036031 secs] [Times: user=0.00 sys=0.00, real=0.01 secs] 
[CMS-concurrent-mark-start]
[CMS-concurrent-mark: 1.360/1.360 secs] [Times: user=4.52 sys=0.00, real=1.36 secs] 
[CMS-concurrent-preclean-start]
[CMS-concurrent-preclean: 0.130/0.139 secs] [Times: user=0.28 sys=0.00, real=0.14 secs] 
[CMS-concurrent-abortable-preclean-start]
[GC (Allocation Failure) [ParNew[CMS-concurrent-abortable-preclean: 0.022/0.153 secs] [Times: user=0.34 sys=0.00, real=0.15 secs] 
: 578912K->68096K(613440K), 0.0732449 secs] 1765795K->1298000K(2010624K), 0.0732988 secs] [Times: user=0.47 sys=0.00, real=0.07 secs] 
[GC (CMS Final Remark) [YG occupancy: 79035 K (613440 K)][Rescan (parallel) , 0.0410596 secs][weak refs processing, 0.0000205 secs][class unloading, 0.0076861 secs][scrub symbol table, 0.0010631 secs][scrub string table, 0.0003554 secs][1 CMS-remark: 1229904K(1397184K)] 1308940K(2010624K), 0.0511894 secs] [Times: user=0.27 sys=0.00, real=0.05 secs] 
[CMS-concurrent-sweep-start]
[CMS-concurrent-sweep: 0.657/0.657 secs] [Times: user=1.34 sys=0.00, real=0.66 secs] 
[CMS-concurrent-reset-start]
[CMS-concurrent-reset: 0.003/0.003 secs] [Times: user=0.00 sys=0.00, real=0.00 secs] 
[GC (Allocation Failure) [ParNew: 613440K->27347K(613440K), 0.0403628 secs] 1294416K->771836K(2010624K), 0.0404142 secs] [Times: user=0.08 sys=0.00, real=0.03 secs] 
[GC (Allocation Failure) [ParNew: 572691K->68096K(613440K), 0.0773227 secs] 1317180K->857692K(2010624K), 0.0773734 secs] [Times: user=0.26 sys=0.00, real=0.08 secs] 
[GC (Allocation Failure) [ParNew: 613440K->33163K(613440K), 0.0380211 secs] 1403036K->883872K(2010624K), 0.0380711 secs] [Times: user=0.13 sys=0.00, real=0.04 secs] 
[GC (Allocation Failure) [ParNew (3: promotion failure size = 2779)  (4: promotion failure size = 2779)  (promotion failed): 578507K->613440K(613440K), 0.2058092 secs][CMS: 893137K->745710K(1397184K), 1.9026819 secs] 1429216K->745710K(2010624K), [Metaspace: 10010K->10010K(10240K)], 2.1085611 secs] [Times: user=2.32 sys=0.00, real=2.11 secs] 

*** PauseDetector detected a 2106 ms pause at Sat Dec 20 00:33:16 EET 2014 ***

[GC (Allocation Failure) [ParNew: 545344K->27321K(613440K), 0.0069932 secs] 1291054K->773032K(2010624K), 0.0070374 secs] [Times: user=0.00 sys=0.00, real=0.01 secs] 
[GC (Allocation Failure) [ParNew: 572665K->68096K(613440K), 0.0663871 secs] 1318376K->856952K(2010624K), 0.0664429 secs] [Times: user=0.28 sys=0.00, real=0.06 secs] 
[GC (Allocation Failure) [ParNew: 613440K->41022K(613440K), 0.0492596 secs] 1402296K->893840K(2010624K), 0.0493083 secs] [Times: user=0.23 sys=0.00, real=0.05 secs] 
[GC (Allocation Failure) [ParNew: 586366K->68096K(613440K), 0.0654812 secs] 1439184K->963207K(2010624K), 0.0656287 secs] [Times: user=0.20 sys=0.00, real=0.07 secs] 
[GC (Allocation Failure) [ParNew: 613440K->20534K(613440K), 0.0338906 secs] 1508551K->979248K(2010624K), 0.0339406 secs] [Times: user=0.12 sys=0.00, real=0.03 secs] 
[GC (Allocation Failure) [ParNew: 565878K->68096K(613440K), 0.0649243 secs] 1524592K->1069716K(2010624K), 0.0649730 secs] [Times: user=0.27 sys=0.00, real=0.07 secs] 
[GC (Allocation Failure) [ParNew: 613440K->26799K(613440K), 0.0413464 secs] 1615060K->1090274K(2010624K), 0.0413964 secs] [Times: user=0.11 sys=0.00, real=0.04 secs] 
[GC (Allocation Failure) [ParNew: 572143K->68096K(613440K), 0.0649884 secs] 1635618K->1175920K(2010624K), 0.0650378 secs] [Times: user=0.28 sys=0.00, real=0.07 secs] 
[GC (Allocation Failure) [ParNew: 613440K->26165K(613440K), 0.0307129 secs] 1721264K->1194152K(2010624K), 0.0308688 secs] [Times: user=0.06 sys=0.00, real=0.03 secs] 
[GC (CMS Initial Mark) [1 CMS-initial-mark: 1167987K(1397184K)] 1205093K(2010624K), 0.0033542 secs] [Times: user=0.00 sys=0.00, real=0.00 secs] 
[CMS-concurrent-mark-start]
[CMS-concurrent-mark: 1.180/1.180 secs] [Times: user=3.96 sys=0.00, real=1.19 secs] 
[CMS-concurrent-preclean-start]
[CMS-concurrent-preclean: 0.093/0.098 secs] [Times: user=0.19 sys=0.00, real=0.10 secs] 
[CMS-concurrent-abortable-preclean-start]
[GC (Allocation Failure) [ParNew[CMS-concurrent-abortable-preclean: 0.060/0.409 secs] [Times: user=0.67 sys=0.00, real=0.41 secs] 
: 571509K->68096K(613440K), 0.0662318 secs] 1739496K->1278356K(2010624K), 0.0663024 secs] [Times: user=0.28 sys=0.00, real=0.06 secs] 
[GC (CMS Final Remark) [YG occupancy: 79036 K (613440 K)][Rescan (parallel) , 0.0348998 secs][weak refs processing, 0.0000154 secs][class unloading, 0.0073685 secs][scrub symbol table, 0.0015000 secs][scrub string table, 0.0003862 secs][1 CMS-remark: 1210260K(1397184K)] 1289296K(2010624K), 0.0452933 secs] [Times: user=0.19 sys=0.00, real=0.04 secs] 
[CMS-concurrent-sweep-start]
[CMS-concurrent-sweep: 0.578/0.578 secs] [Times: user=1.20 sys=0.00, real=0.59 secs] 
[CMS-concurrent-reset-start]
[CMS-concurrent-reset: 0.003/0.003 secs] [Times: user=0.00 sys=0.00, real=0.00 secs] 
[GC (Allocation Failure) [ParNew: 613440K->46995K(613440K), 0.0319453 secs] 1292676K->788335K(2010624K), 0.0319928 secs] [Times: user=0.14 sys=0.00, real=0.03 secs] 
[GC (Allocation Failure) [ParNew: 592339K->68096K(613440K), 0.0612756 secs] 1333679K->854038K(2010624K), 0.0613218 secs] [Times: user=0.25 sys=0.00, real=0.06 secs] 
[GC (Allocation Failure) [ParNew: 613440K->19446K(613440K), 0.0291378 secs] 1399382K->865110K(2010624K), 0.0292417 secs] [Times: user=0.06 sys=0.00, real=0.03 secs] 
[GC (Allocation Failure) [ParNew: 564790K->68096K(613440K), 0.0655222 secs] 1410454K->954527K(2010624K), 0.0655735 secs] [Times: user=0.19 sys=0.00, real=0.06 secs] 
[GC (Allocation Failure) [ParNew (0: promotion failure size = 1854)  (1: promotion failure size = 1854)  (2: promotion failure size = 1854)  (3: promotion failure size = 1854)  (4: promotion failure size = 1854)  (5: promotion failure size = 1854)  (6: promotion failure size = 1854)  (7: promotion failure size = 1854)  (promotion failed): 613440K->572670K(613440K), 0.3806656 secs][CMS: 947075K->745106K(1397184K), 2.4579062 secs] 1499871K->745106K(2010624K), [Metaspace: 10010K->10010K(10240K)], 2.8386385 secs] [Times: user=2.93 sys=0.02, real=2.84 secs] 

*** PauseDetector detected a 2843 ms pause at Sat Dec 20 00:33:41 EET 2014 ***

[GC (Allocation Failure) [ParNew: 545344K->68096K(613440K), 0.0558428 secs] 1290450K->855091K(2010624K), 0.0558954 secs] [Times: user=0.20 sys=0.00, real=0.06 secs] 
[GC (Allocation Failure) [ParNew: 613440K->33897K(613440K), 0.0475042 secs] 1400435K->883961K(2010624K), 0.0475510 secs] [Times: user=0.13 sys=0.00, real=0.04 secs] 
[GC (Allocation Failure) [ParNew: 579241K->68096K(613440K), 0.0518708 secs] 1429305K->960380K(2010624K), 0.0519189 secs] [Times: user=0.25 sys=0.00, real=0.05 secs] 
[GC (Allocation Failure) [ParNew: 613440K->20059K(613440K), 0.0397674 secs] 1505724K->974477K(2010624K), 0.0398124 secs] [Times: user=0.19 sys=0.00, real=0.04 secs] 
[GC (Allocation Failure) [ParNew: 565403K->68096K(613440K), 0.0550947 secs] 1519821K->1064438K(2010624K), 0.0551717 secs] [Times: user=0.22 sys=0.00, real=0.06 secs] 
[GC (Allocation Failure) [ParNew: 613440K->33542K(613440K), 0.0289428 secs] 1609782K->1091995K(2010624K), 0.0289896 secs] [Times: user=0.13 sys=0.00, real=0.03 secs] 
[GC (Allocation Failure) [ParNew: 578886K->68096K(613440K), 0.0510438 secs] 1637339K->1166466K(2010624K), 0.0510913 secs] [Times: user=0.26 sys=0.00, real=0.05 secs] 
[GC (Allocation Failure) [ParNew: 613440K->34180K(613440K), 0.0329597 secs] 1711810K->1196054K(2010624K), 0.0330059 secs] [Times: user=0.13 sys=0.00, real=0.03 secs] 
[GC (CMS Initial Mark) [1 CMS-initial-mark: 1161874K(1397184K)] 1196054K(2010624K), 0.0025291 secs] [Times: user=0.00 sys=0.00, real=0.00 secs] 
[CMS-concurrent-mark-start]
[CMS-concurrent-mark: 1.155/1.155 secs] [Times: user=3.73 sys=0.00, real=1.15 secs] 
[CMS-concurrent-preclean-start]
[CMS-concurrent-preclean: 0.068/0.072 secs] [Times: user=0.16 sys=0.00, real=0.07 secs] 
[CMS-concurrent-abortable-preclean-start]
[GC (Allocation Failure) [ParNew[CMS-concurrent-abortable-preclean: 0.059/0.360 secs] [Times: user=0.56 sys=0.00, real=0.36 secs] 
: 579524K->68096K(613440K), 0.0564523 secs] 1741398K->1273554K(2010624K), 0.0564946 secs] [Times: user=0.19 sys=0.00, real=0.06 secs] 
[GC (CMS Final Remark) [YG occupancy: 79106 K (613440 K)][Rescan (parallel) , 0.0283461 secs][weak refs processing, 0.0000148 secs][class unloading, 0.0075283 secs][scrub symbol table, 0.0010650 secs][scrub string table, 0.0003541 secs][1 CMS-remark: 1205458K(1397184K)] 1284565K(2010624K), 0.0383072 secs] [Times: user=0.08 sys=0.00, real=0.04 secs] 
[CMS-concurrent-sweep-start]
[CMS-concurrent-sweep: 0.567/0.567 secs] [Times: user=1.12 sys=0.00, real=0.57 secs] 
[CMS-concurrent-reset-start]
[CMS-concurrent-reset: 0.003/0.003 secs] [Times: user=0.00 sys=0.00, real=0.00 secs] 
[GC (Allocation Failure) [ParNew: 613440K->25966K(613440K), 0.0362651 secs] 1293792K->765971K(2010624K), 0.0363132 secs] [Times: user=0.13 sys=0.00, real=0.04 secs] 
[GC (Allocation Failure) [ParNew: 571310K->68096K(613440K), 0.0590462 secs] 1311315K->847878K(2010624K), 0.0590949 secs] [Times: user=0.20 sys=0.00, real=0.06 secs] 
[GC (Allocation Failure) [ParNew: 613440K->54667K(613440K), 0.0290198 secs] 1393222K->897838K(2010624K), 0.0290743 secs] [Times: user=0.13 sys=0.00, real=0.03 secs] 
[GC (Allocation Failure) [ParNew: 600011K->68096K(613440K), 0.0625235 secs] 1443182K->950974K(2010624K), 0.0626005 secs] [Times: user=0.23 sys=0.00, real=0.06 secs] 
[GC (Allocation Failure) [ParNew (0: promotion failure size = 113)  (1: promotion failure size = 113)  (2: promotion failure size = 113)  (3: promotion failure size = 113)  (4: promotion failure size = 113)  (5: promotion failure size = 113)  (6: promotion failure size = 113)  (7: promotion failure size = 1237)  (promotion failed): 613440K->572719K(613440K), 2.5557446 secs][CMS: 900517K->744131K(1397184K), 1.9479092 secs] 1496318K->744131K(2010624K), [Metaspace: 10010K->10010K(10240K)], 4.5037968 secs] [Times: user=4.45 sys=0.44, real=4.50 secs] 

*** PauseDetector detected a 4501 ms pause at Sat Dec 20 00:34:07 EET 2014 ***

[GC (Allocation Failure) [ParNew: 545344K->68096K(613440K), 0.1700054 secs] 1289475K->881014K(2010624K), 0.1700523 secs] [Times: user=0.75 sys=0.00, real=0.17 secs] 
[GC (Allocation Failure) [ParNew: 613440K->20540K(613440K), 0.0953901 secs] 1426358K->898301K(2010624K), 0.0954363 secs] [Times: user=0.36 sys=0.00, real=0.09 secs] 
[GC (Allocation Failure) [ParNew: 565884K->68096K(613440K), 0.1897448 secs] 1443645K->1002745K(2010624K), 0.1897948 secs] [Times: user=0.92 sys=0.00, real=0.19 secs] 
[GC (Allocation Failure) [ParNew: 613440K->34238K(613440K), 0.0749066 secs] 1548089K->1032669K(2010624K), 0.0749579 secs] [Times: user=0.28 sys=0.00, real=0.08 secs] 
[GC (Allocation Failure) [ParNew: 579582K->68096K(613440K), 0.1726737 secs] 1578013K->1121361K(2010624K), 0.1727219 secs] [Times: user=0.67 sys=0.00, real=0.17 secs] 
[GC (Allocation Failure) [ParNew: 613440K->40840K(613440K), 0.0731878 secs] 1666705K->1159934K(2010624K), 0.0732429 secs] [Times: user=0.28 sys=0.00, real=0.07 secs] 
[GC (Allocation Failure) [ParNew: 586184K->68096K(613440K), 0.1323071 secs] 1705278K->1237504K(2010624K), 0.1323533 secs] [Times: user=0.76 sys=0.00, real=0.13 secs] 
[GC (Allocation Failure) [ParNew: 613440K->34165K(613440K), 0.0582358 secs] 1782848K->1267059K(2010624K), 0.0582852 secs] [Times: user=0.16 sys=0.00, real=0.06 secs] 
[GC (CMS Initial Mark) [1 CMS-initial-mark: 1232894K(1397184K)] 1278075K(2010624K), 0.0028743 secs] [Times: user=0.03 sys=0.00, real=0.00 secs] 
[CMS-concurrent-mark-start]
[CMS-concurrent-mark: 1.240/1.240 secs] [Times: user=4.21 sys=0.00, real=1.24 secs] 
[CMS-concurrent-preclean-start]
[CMS-concurrent-preclean: 0.208/0.220 secs] [Times: user=0.44 sys=0.00, real=0.22 secs] 
[CMS-concurrent-abortable-preclean-start]
[GC (Allocation Failure) [ParNew: 579509K->68096K(613440K), 0.1454215 secs] 1812403K->1350079K(2010624K), 0.1454754 secs] [Times: user=0.64 sys=0.00, real=0.15 secs] 
[CMS-concurrent-abortable-preclean: 1.186/1.746 secs] [Times: user=3.39 sys=0.00, real=1.75 secs] 
[GC (CMS Final Remark) [YG occupancy: 595576 K (613440 K)][Rescan (parallel) , 0.1286263 secs][weak refs processing, 0.0000180 secs][class unloading, 0.0084066 secs][scrub symbol table, 0.0011382 secs][scrub string table, 0.0003926 secs][1 CMS-remark: 1281983K(1397184K)] 1877559K(2010624K), 0.1397230 secs] [Times: user=0.64 sys=0.00, real=0.14 secs] 
[CMS-concurrent-sweep-start]
[GC (Allocation Failure) [ParNew: 613440K->27349K(613440K), 0.0560930 secs] 1895423K->1372831K(2010624K), 0.0561520 secs] [Times: user=0.25 sys=0.00, real=0.06 secs] 
[CMS-concurrent-sweep: 1.152/1.209 secs] [Times: user=3.26 sys=0.00, real=1.21 secs] 
[CMS-concurrent-reset-start]
[CMS-concurrent-reset: 0.003/0.003 secs] [Times: user=0.00 sys=0.00, real=0.00 secs] 
[GC (Allocation Failure) [ParNew: 572693K->68096K(613440K), 0.1186806 secs] 1326062K->869313K(2010624K), 0.1187288 secs] [Times: user=0.44 sys=0.00, real=0.12 secs] 
[GC (Allocation Failure) [ParNew: 613440K->20193K(613440K), 0.0701146 secs] 1414657K->883586K(2010624K), 0.0701666 secs] [Times: user=0.22 sys=0.00, real=0.07 secs] 
[Full GC (System.gc()) [CMS: 863393K->740611K(1397184K), 1.8001895 secs] 1005377K->740611K(2010624K), [Metaspace: 10010K->10010K(10240K)], 1.8004250 secs] [Times: user=1.79 sys=0.00, real=1.80 secs] 
[Full GC (System.gc()) [CMS: 740611K->740617K(1397184K), 1.5170723 secs] 751550K->740617K(2010624K), [Metaspace: 10010K->10010K(10240K)], 1.5172866 secs] [Times: user=1.53 sys=0.00, real=1.52 secs] 
[Full GC (System.gc()) [CMS: 740617K->740617K(1397184K), 1.6655510 secs] 740617K->740617K(2010624K), [Metaspace: 10010K->10010K(10240K)]
*** PauseDetector detected a 1801 ms pause at Sat Dec 20 00:34:29 EET 2014 ***

, 1.6657697 secs] [Times: user=1.65 sys=0.00, real=1.66 secs] 

*** PauseDetector detected a 3193 ms pause at Sat Dec 20 00:34:33 EET 2014 ***

[GC (Allocation Failure) [ParNew: 545344K->14913K(613440K), 0.0132036 secs] 1285961K->755531K(2010624K), 0.0132761 secs] [Times: user=0.00 sys=0.00, real=0.01 secs] 
[GC (Allocation Failure) [ParNew: 560257K->10944K(613440K), 0.0133890 secs] 1300875K->751561K(2010624K), 0.0134628 secs] [Times: user=0.06 sys=0.00, real=0.01 secs] 
[GC (Allocation Failure) [ParNew: 556288K->68096K(613440K), 0.1028741 secs] 1296905K->859769K(2010624K), 0.1029383 secs] [Times: user=0.41 sys=0.00, real=0.10 secs] 
[GC (Allocation Failure) [ParNew: 613440K->39777K(613440K), 0.0852090 secs] 1405113K->894736K(2010624K), 0.0852629 secs] [Times: user=0.34 sys=0.00, real=0.09 secs] 
[GC (Allocation Failure) [ParNew: 585121K->68096K(613440K), 0.0967330 secs] 1440080K->968042K(2010624K), 0.0968170 secs] [Times: user=0.36 sys=0.00, real=0.09 secs] 
[GC (Allocation Failure) [ParNew: 613440K->27327K(613440K), 0.0525149 secs] 1513386K->991132K(2010624K), 0.0525727 secs] [Times: user=0.14 sys=0.00, real=0.05 secs] 
[Full GC (System.gc()) [CMS: 963805K->744012K(1397184K), 1.7070552 secs] 1297402K->744012K(2010624K), [Metaspace: 10010K->10010K(10240K)], 1.7073304 secs] [Times: user=1.70 sys=0.00, real=1.70 secs] 
[Full GC (System.gc()) [CMS: 744012K->743934K(1397184K), 1.6558580 secs] 754941K->743934K(2010624K), [Metaspace: 10010K->10010K(10240K)], 1.6560569 secs] [Times: user=1.65 sys=0.00, real=1.66 secs] 
[Full GC (System.gc()) [CMS: 743934K->742025K(1397184K), 1.3851265 secs] 754861K->742025K(2010624K), [Metaspace: 10010K->10010K(10240K)]
*** PauseDetector detected a 1704 ms pause at Sat Dec 20 00:34:44 EET 2014 ***

, 1.3853388 secs] [Times: user=1.39 sys=0.00, real=1.39 secs] 
********************************
********** ROUND   34 **********
********************************

*** PauseDetector detected a 3057 ms pause at Sat Dec 20 00:34:47 EET 2014 ***

[GC (Allocation Failure) [ParNew: 545344K->7564K(613440K), 0.0071715 secs] 1287369K->749589K(2010624K), 0.0073262 secs] [Times: user=0.06 sys=0.00, real=0.01 secs] 
[GC (Allocation Failure) [ParNew: 552908K->68096K(613440K), 0.0794188 secs] 1294933K->859811K(2010624K), 0.0794688 secs] [Times: user=0.31 sys=0.00, real=0.07 secs] 
[GC (Allocation Failure) [ParNew: 613440K->26380K(613440K), 0.0407343 secs] 1405155K->881853K(2010624K), 0.0407843 secs] [Times: user=0.13 sys=0.00, real=0.03 secs] 
[GC (Allocation Failure) [ParNew: 571724K->68096K(613440K), 0.0714895 secs] 1427197K->968337K(2010624K), 0.0715389 secs] [Times: user=0.28 sys=0.00, real=0.07 secs] 
[GC (Allocation Failure) [ParNew: 613440K->33329K(613440K), 0.0413573 secs] 1513681K->995417K(2010624K), 0.0414837 secs] [Times: user=0.14 sys=0.00, real=0.04 secs] 
[GC (Allocation Failure) [ParNew: 578673K->68096K(613440K), 0.0687885 secs] 1540761K->1074371K(2010624K), 0.0688398 secs] [Times: user=0.27 sys=0.00, real=0.06 secs] 
[GC (Allocation Failure) [ParNew: 613440K->26687K(613440K), 0.0354195 secs] 1619715K->1094781K(2010624K), 0.0354676 secs] [Times: user=0.13 sys=0.00, real=0.03 secs] 
[GC (Allocation Failure) [ParNew: 572031K->68096K(613440K), 0.0671845 secs] 1640125K->1178864K(2010624K), 0.0672910 secs] [Times: user=0.30 sys=0.00, real=0.07 secs] 
[GC (Allocation Failure) [ParNew: 613440K->27227K(613440K), 0.0333889 secs] 1724208K->1201188K(2010624K), 0.0335448 secs] [Times: user=0.08 sys=0.00, real=0.03 secs] 
[GC (CMS Initial Mark) [1 CMS-initial-mark: 1173960K(1397184K)] 1201190K(2010624K), 0.0038578 secs] [Times: user=0.00 sys=0.00, real=0.00 secs] 
[CMS-concurrent-mark-start]
[CMS-concurrent-mark: 1.250/1.250 secs] [Times: user=4.12 sys=0.00, real=1.25 secs] 
[CMS-concurrent-preclean-start]
[CMS-concurrent-preclean: 0.102/0.108 secs] [Times: user=0.22 sys=0.00, real=0.11 secs] 
[CMS-concurrent-abortable-preclean-start]
[GC (Allocation Failure) [ParNew[CMS-concurrent-abortable-preclean: 0.049/0.251 secs] [Times: user=0.59 sys=0.00, real=0.25 secs] 
: 572571K->68096K(613440K), 0.0654959 secs] 1746532K->1284396K(2010624K), 0.0655485 secs] [Times: user=0.34 sys=0.00, real=0.07 secs] 
[GC (CMS Final Remark) [YG occupancy: 79025 K (613440 K)][Rescan (parallel) , 0.0336269 secs][weak refs processing, 0.0000205 secs][class unloading, 0.0072735 secs][scrub symbol table, 0.0010605 secs][scrub string table, 0.0003535 secs][1 CMS-remark: 1216300K(1397184K)] 1295325K(2010624K), 0.0433423 secs] [Times: user=0.25 sys=0.00, real=0.04 secs] 
[CMS-concurrent-sweep-start]
[CMS-concurrent-sweep: 0.587/0.587 secs] [Times: user=1.18 sys=0.00, real=0.59 secs] 
[CMS-concurrent-reset-start]
[CMS-concurrent-reset: 0.003/0.003 secs] [Times: user=0.03 sys=0.00, real=0.00 secs] 
[GC (Allocation Failure) [ParNew: 613440K->20506K(613440K), 0.0353188 secs] 1292931K->763259K(2010624K), 0.0353694 secs] [Times: user=0.06 sys=0.00, real=0.03 secs] 
[GC (Allocation Failure) [ParNew: 565850K->68096K(613440K), 0.0644059 secs] 1308603K->852076K(2010624K), 0.0644559 secs] [Times: user=0.25 sys=0.00, real=0.06 secs] 
[GC (Allocation Failure) [ParNew: 613440K->20564K(613440K), 0.0340003 secs] 1397420K->867986K(2010624K), 0.0341190 secs] [Times: user=0.11 sys=0.00, real=0.03 secs] 
[GC (Allocation Failure) [ParNew: 565908K->68096K(613440K), 0.0725000 secs] 1413330K->956599K(2010624K), 0.0725481 secs] [Times: user=0.22 sys=0.00, real=0.07 secs] 
[GC (Allocation Failure) [ParNew: 613440K->27427K(613440K), 0.1069456 secs] 1501943K->979403K(2010624K), 0.1070341 secs] [Times: user=0.17 sys=0.02, real=0.11 secs] 
[GC (Allocation Failure) [ParNew: 572771K->68096K(613440K), 0.0894357 secs] 1524747K->1061019K(2010624K), 0.0895486 secs] [Times: user=0.28 sys=0.02, real=0.09 secs] 
[GC (Allocation Failure) [ParNew (0: promotion failure size = 77)  (1: promotion failure size = 77)  (2: promotion failure size = 77)  (3: promotion failure size = 77)  (4: promotion failure size = 77)  (5: promotion failure size = 77)  (6: promotion failure size = 77)  (7: promotion failure size = 77)  (promotion failed): 613440K->565912K(613440K), 4.3206590 secs][CMS: 998032K->745356K(1397184K), 1.8673946 secs] 1606363K->745356K(2010624K), [Metaspace: 10010K->10010K(10240K)], 6.1881967 secs] [Times: user=6.19 sys=0.87, real=6.18 secs] 

*** PauseDetector detected a 6187 ms pause at Sat Dec 20 00:35:19 EET 2014 ***

[GC (Allocation Failure) [ParNew: 545344K->68096K(613440K), 0.0637598 secs] 1290700K->856529K(2010624K), 0.0638105 secs] [Times: user=0.23 sys=0.00, real=0.06 secs] 
[GC (Allocation Failure) [ParNew: 613440K->26763K(613440K), 0.0305153 secs] 1401873K->877304K(2010624K), 0.0305602 secs] [Times: user=0.12 sys=0.00, real=0.03 secs] 
[GC (Allocation Failure) [ParNew: 572107K->68096K(613440K), 0.0585554 secs] 1422648K->962421K(2010624K), 0.0586073 secs] [Times: user=0.19 sys=0.00, real=0.06 secs] 
[GC (Allocation Failure) [ParNew: 613440K->19699K(613440K), 0.0351391 secs] 1507765K->974717K(2010624K), 0.0351911 secs] [Times: user=0.09 sys=0.00, real=0.03 secs] 
[GC (Allocation Failure) [ParNew: 565043K->68096K(613440K), 0.0563060 secs] 1520061K->1065064K(2010624K), 0.0563599 secs] [Times: user=0.19 sys=0.00, real=0.06 secs] 
[GC (Allocation Failure) [ParNew: 613440K->40307K(613440K), 0.0446255 secs] 1610408K->1099501K(2010624K), 0.0446832 secs] [Times: user=0.14 sys=0.00, real=0.05 secs] 
[GC (Allocation Failure) [ParNew: 585651K->68096K(613440K), 0.0554091 secs] 1644845K->1169626K(2010624K), 0.0554617 secs] [Times: user=0.22 sys=0.00, real=0.05 secs] 
[GC (Allocation Failure) [ParNew: 613440K->26653K(613440K), 0.0320461 secs] 1714970K->1190001K(2010624K), 0.0320974 secs] [Times: user=0.12 sys=0.00, real=0.03 secs] 
[GC (CMS Initial Mark) [1 CMS-initial-mark: 1163347K(1397184K)] 1200930K(2010624K), 0.0032842 secs] [Times: user=0.00 sys=0.00, real=0.00 secs] 
[CMS-concurrent-mark-start]
[CMS-concurrent-mark: 1.224/1.224 secs] [Times: user=3.87 sys=0.00, real=1.23 secs] 
[CMS-concurrent-preclean-start]
[CMS-concurrent-preclean: 0.072/0.077 secs] [Times: user=0.16 sys=0.00, real=0.08 secs] 
[CMS-concurrent-abortable-preclean-start]
[GC (Allocation Failure) [ParNew: 571997K->68096K(613440K), 0.0564195 secs] 1735345K->1272564K(2010624K), 0.0564664 secs] [Times: user=0.20 sys=0.00, real=0.06 secs] 
[CMS-concurrent-abortable-preclean: 0.573/1.236 secs] [Times: user=1.93 sys=0.00, real=1.24 secs] 
[GC (CMS Final Remark) [YG occupancy: 410283 K (613440 K)][Rescan (parallel) , 0.0867885 secs][weak refs processing, 0.0000218 secs][class unloading, 0.0076040 secs][scrub symbol table, 0.0013691 secs][scrub string table, 0.0003631 secs][1 CMS-remark: 1204468K(1397184K)] 1614752K(2010624K), 0.0971628 secs] [Times: user=0.37 sys=0.00, real=0.10 secs] 
[CMS-concurrent-sweep-start]
[GC (Allocation Failure) [ParNew: 613440K->33908K(613440K), 0.0296588 secs] 1586001K->1069236K(2010624K), 0.0297428 secs] [Times: user=0.14 sys=0.00, real=0.03 secs] 
[CMS-concurrent-sweep: 0.559/0.589 secs] [Times: user=1.28 sys=0.00, real=0.59 secs] 
[CMS-concurrent-reset-start]
[CMS-concurrent-reset: 0.003/0.003 secs] [Times: user=0.00 sys=0.00, real=0.00 secs] 
[GC (Allocation Failure) [ParNew: 579252K->68096K(613440K), 0.0544621 secs] 1319905K->850017K(2010624K), 0.0545076 secs] [Times: user=0.19 sys=0.00, real=0.05 secs] 
[GC (Allocation Failure) [ParNew: 613440K->26845K(613440K), 0.0453678 secs] 1395361K->870900K(2010624K), 0.0454165 secs] [Times: user=0.17 sys=0.02, real=0.04 secs] 
[GC (Allocation Failure) [ParNew: 572189K->68096K(613440K), 0.0547540 secs] 1416244K->951979K(2010624K), 0.0548034 secs] [Times: user=0.20 sys=0.00, real=0.05 secs] 
[GC (Allocation Failure) [ParNew: 613440K->41084K(613440K), 0.1309014 secs] 1497323K->988385K(2010624K), 0.1309809 secs] [Times: user=0.17 sys=0.00, real=0.13 secs] 
[GC (Allocation Failure) [ParNew (0: promotion failure size = 109)  (1: promotion failure size = 109)  (2: promotion failure size = 1237)  (3: promotion failure size = 1237)  (4: promotion failure size = 109)  (5: promotion failure size = 109)  (6: promotion failure size = 1237)  (7: promotion failure size = 1237)  (promotion failed): 586428K->613440K(613440K), 1.1644128 secs][CMS: 964954K->743017K(1397184K), 1.9508656 secs] 1533729K->743017K(2010624K), [Metaspace: 10010K->10010K(10240K)], 3.1154163 secs] [Times: user=3.10 sys=0.31, real=3.11 secs] 

*** PauseDetector detected a 3113 ms pause at Sat Dec 20 00:35:45 EET 2014 ***

[GC (Allocation Failure) [ParNew: 545344K->27376K(613440K), 0.0069232 secs] 1288361K->770393K(2010624K), 0.0069694 secs] [Times: user=0.06 sys=0.00, real=0.01 secs] 
[GC (Allocation Failure) [ParNew: 572720K->68096K(613440K), 0.0509668 secs] 1315737K->852172K(2010624K), 0.0510143 secs] [Times: user=0.19 sys=0.00, real=0.05 secs] 
[GC (Allocation Failure) [ParNew: 613440K->20271K(613440K), 0.0282024 secs] 1397516K->867060K(2010624K), 0.0282531 secs] [Times: user=0.08 sys=0.00, real=0.03 secs] 
[GC (Allocation Failure) [ParNew: 565615K->68096K(613440K), 0.1644077 secs] 1412404K->983039K(2010624K), 0.1644552 secs] [Times: user=0.75 sys=0.00, real=0.16 secs] 
[GC (Allocation Failure) [ParNew: 613440K->27352K(613440K), 0.0820043 secs] 1528383K->1007211K(2010624K), 0.0820511 secs] [Times: user=0.31 sys=0.00, real=0.08 secs] 
[GC (Allocation Failure) [ParNew: 572696K->68096K(613440K), 0.1935866 secs] 1552555K->1104757K(2010624K), 0.1936449 secs] [Times: user=0.95 sys=0.00, real=0.19 secs] 
[GC (Allocation Failure) [ParNew: 613440K->34265K(613440K), 0.0851166 secs] 1650101K->1134802K(2010624K), 0.0851801 secs] [Times: user=0.28 sys=0.00, real=0.08 secs] 
[GC (Allocation Failure) [ParNew: 579609K->68096K(613440K), 0.1674802 secs] 1680146K->1222953K(2010624K), 0.1675463 secs] [Times: user=0.69 sys=0.00, real=0.17 secs] 
[GC (Allocation Failure) [ParNew: 613440K->27352K(613440K), 0.0697919 secs] 1768297K->1246133K(2010624K), 0.0698400 secs] [Times: user=0.23 sys=0.00, real=0.07 secs] 
[GC (CMS Initial Mark) [1 CMS-initial-mark: 1218780K(1397184K)] 1246232K(2010624K), 0.0059731 secs] [Times: user=0.01 sys=0.00, real=0.01 secs] 
[CMS-concurrent-mark-start]
[CMS-concurrent-mark: 1.229/1.229 secs] [Times: user=4.31 sys=0.00, real=1.23 secs] 
[CMS-concurrent-preclean-start]
[CMS-concurrent-preclean: 0.230/0.243 secs] [Times: user=0.47 sys=0.00, real=0.24 secs] 
[CMS-concurrent-abortable-preclean-start]
[GC (Allocation Failure) [ParNew[CMS-concurrent-abortable-preclean: 0.100/0.629 secs] [Times: user=1.03 sys=0.00, real=0.63 secs] 
: 572696K->68096K(613440K), 0.1507588 secs] 1791477K->1337083K(2010624K), 0.1508172 secs] [Times: user=0.67 sys=0.00, real=0.15 secs] 
[GC (CMS Final Remark) [YG occupancy: 79128 K (613440 K)][Rescan (parallel) , 0.0847515 secs][weak refs processing, 0.0000218 secs][class unloading, 0.0078401 secs][scrub symbol table, 0.0011119 secs][scrub string table, 0.0003670 secs][1 CMS-remark: 1268987K(1397184K)] 1348115K(2010624K), 0.0951284 secs] [Times: user=0.56 sys=0.00, real=0.10 secs] 
[CMS-concurrent-sweep-start]
[CMS-concurrent-sweep: 0.841/0.841 secs] [Times: user=1.68 sys=0.00, real=0.84 secs] 
[CMS-concurrent-reset-start]
[CMS-concurrent-reset: 0.003/0.003 secs] [Times: user=0.00 sys=0.00, real=0.00 secs] 
[GC (Allocation Failure) [ParNew: 613440K->34278K(613440K), 0.0571561 secs] 1304670K->789126K(2010624K), 0.0572074 secs] [Times: user=0.20 sys=0.00, real=0.06 secs] 
[GC (Allocation Failure) [ParNew: 579622K->68096K(613440K), 0.1235951 secs] 1334470K->871948K(2010624K), 0.1236426 secs] [Times: user=0.64 sys=0.00, real=0.12 secs] 
[GC (Allocation Failure) [ParNew: 613440K->47898K(613440K), 0.0516334 secs] 1417292K->915309K(2010624K), 0.0516815 secs] [Times: user=0.25 sys=0.00, real=0.05 secs] 
[GC (Allocation Failure) [ParNew: 593242K->68096K(613440K), 0.1283216 secs] 1460653K->982041K(2010624K), 0.1283761 secs] [Times: user=0.47 sys=0.00, real=0.13 secs] 
[GC (Allocation Failure) [ParNew (0: promotion failure size = 4167)  (1: promotion failure size = 4167)  (2: promotion failure size = 4167)  (3: promotion failure size = 4167)  (4: promotion failure size = 4167)  (5: promotion failure size = 4167)  (6: promotion failure size = 4167)  (7: promotion failure size = 4167)  (promotion failed): 613440K->579548K(613440K), 0.2378527 secs][CMS: 975937K->750917K(1397184K), 2.0559031 secs] 1527385K->750917K(2010624K), [Metaspace: 10010K->10010K(10240K)], 2.2938244 secs] [Times: user=2.40 sys=0.00, real=2.29 secs] 

*** PauseDetector detected a 2290 ms pause at Sat Dec 20 00:36:12 EET 2014 ***

[GC (Allocation Failure) [ParNew: 545344K->68096K(613440K), 0.1018611 secs] 1296261K->866065K(2010624K), 0.1019240 secs] [Times: user=0.48 sys=0.00, real=0.10 secs] 
[GC (Allocation Failure) [ParNew: 613440K->34192K(613440K), 0.0613751 secs] 1411409K->896549K(2010624K), 0.0614258 secs] [Times: user=0.27 sys=0.00, real=0.06 secs] 
[GC (Allocation Failure) [ParNew: 579536K->68096K(613440K), 0.1014049 secs] 1441893K->977658K(2010624K), 0.1014575 secs] [Times: user=0.36 sys=0.02, real=0.10 secs] 
[GC (Allocation Failure) [ParNew: 613440K->26694K(613440K), 0.0481631 secs] 1523002K->998103K(2010624K), 0.0482112 secs] [Times: user=0.14 sys=0.00, real=0.05 secs] 
[GC (Allocation Failure) [ParNew: 572038K->68096K(613440K), 0.0899720 secs] 1543447K->1084277K(2010624K), 0.0900375 secs] [Times: user=0.36 sys=0.00, real=0.09 secs] 
[GC (Allocation Failure) [ParNew: 613440K->34227K(613440K), 0.0404745 secs] 1629621K->1114062K(2010624K), 0.0405200 secs] [Times: user=0.16 sys=0.00, real=0.04 secs] 
[GC (Allocation Failure) [ParNew: 579571K->68096K(613440K), 0.0835935 secs] 1659406K->1194576K(2010624K), 0.0836512 secs] [Times: user=0.38 sys=0.00, real=0.08 secs] 
[GC (Allocation Failure) [ParNew: 613440K->26135K(613440K), 0.0384644 secs] 1739920K->1212834K(2010624K), 0.0385279 secs] [Times: user=0.08 sys=0.00, real=0.04 secs] 
[GC (CMS Initial Mark) [1 CMS-initial-mark: 1186699K(1397184K)] 1212917K(2010624K), 0.0027344 secs] [Times: user=0.00 sys=0.00, real=0.00 secs] 
[CMS-concurrent-mark-start]
[CMS-concurrent-mark: 1.240/1.240 secs] [Times: user=4.10 sys=0.00, real=1.24 secs] 
[CMS-concurrent-preclean-start]
[CMS-concurrent-preclean: 0.117/0.125 secs] [Times: user=0.25 sys=0.00, real=0.13 secs] 
[CMS-concurrent-abortable-preclean-start]
[GC (Allocation Failure) [ParNew[CMS-concurrent-abortable-preclean: 0.044/0.297 secs] [Times: user=0.55 sys=0.00, real=0.30 secs] 
: 571479K->68096K(613440K), 0.0846457 secs] 1758178K->1299557K(2010624K), 0.0846912 secs] [Times: user=0.34 sys=0.00, real=0.08 secs] 
[GC (CMS Final Remark) [YG occupancy: 79025 K (613440 K)][Rescan (parallel) , 0.0435181 secs][weak refs processing, 0.0000154 secs][class unloading, 0.0063484 secs][scrub symbol table, 0.0010823 secs][scrub string table, 0.0003554 secs][1 CMS-remark: 1231461K(1397184K)] 1310486K(2010624K), 0.0523006 secs] [Times: user=0.23 sys=0.00, real=0.05 secs] 
[CMS-concurrent-sweep-start]
[CMS-concurrent-sweep: 0.639/0.639 secs] [Times: user=1.30 sys=0.00, real=0.65 secs] 
[CMS-concurrent-reset-start]
[CMS-concurrent-reset: 0.003/0.003 secs] [Times: user=0.03 sys=0.00, real=0.00 secs] 
[GC (Allocation Failure) [ParNew: 613440K->33373K(613440K), 0.0374911 secs] 1295958K->777618K(2010624K), 0.0375303 secs] [Times: user=0.16 sys=0.00, real=0.04 secs] 
[GC (Allocation Failure) [ParNew: 578717K->68096K(613440K), 0.0760915 secs] 1322962K->855863K(2010624K), 0.0761416 secs] [Times: user=0.42 sys=0.00, real=0.08 secs] 
[GC (Allocation Failure) [ParNew: 613440K->40567K(613440K), 0.0339509 secs] 1401207K->891005K(2010624K), 0.0339997 secs] [Times: user=0.19 sys=0.00, real=0.03 secs] 
[GC (Allocation Failure) [ParNew (0: promotion failure size = 2779)  (1: promotion failure size = 2779)  (2: promotion failure size = 2779)  (3: promotion failure size = 2779)  (5: promotion failure size = 2779)  (7: promotion failure size = 2779)  (promotion failed): 585911K->613440K(613440K), 0.2140547 secs][CMS: 892794K->745737K(1397184K), 2.0900529 secs] 1436349K->745737K(2010624K), [Metaspace: 10010K->10010K(10240K)], 2.3041731 secs] [Times: user=2.57 sys=0.00, real=2.30 secs] 

*** PauseDetector detected a 2308 ms pause at Sat Dec 20 00:36:34 EET 2014 ***

[GC (Allocation Failure) [ParNew: 545344K->41037K(613440K), 0.0060597 secs] 1291081K->786774K(2010624K), 0.0061091 secs] [Times: user=0.09 sys=0.00, real=0.01 secs] 
[GC (Allocation Failure) [ParNew: 586381K->68096K(613440K), 0.0658116 secs] 1332118K->856993K(2010624K), 0.0658552 secs] [Times: user=0.25 sys=0.00, real=0.07 secs] 
[GC (Allocation Failure) [ParNew: 613440K->27290K(613440K), 0.0347195 secs] 1402337K->880052K(2010624K), 0.0347651 secs] [Times: user=0.08 sys=0.00, real=0.04 secs] 
[GC (Allocation Failure) [ParNew: 572634K->68096K(613440K), 0.0599713 secs] 1425396K->964045K(2010624K), 0.0600214 secs] [Times: user=0.26 sys=0.00, real=0.06 secs] 
[GC (Allocation Failure) [ParNew: 613440K->40598K(613440K), 0.0313006 secs] 1509389K->999244K(2010624K), 0.0313506 secs] [Times: user=0.19 sys=0.00, real=0.03 secs] 
[GC (Allocation Failure) [ParNew: 585942K->68096K(613440K), 0.0629623 secs] 1544588K->1068407K(2010624K), 0.0630137 secs] [Times: user=0.28 sys=0.00, real=0.06 secs] 
[GC (Allocation Failure) [ParNew: 613440K->27201K(613440K), 0.0328776 secs] 1613751K->1090745K(2010624K), 0.0329218 secs] [Times: user=0.08 sys=0.00, real=0.03 secs] 
[GC (Allocation Failure) [ParNew: 572545K->68096K(613440K), 0.0643648 secs] 1636089K->1174839K(2010624K), 0.0644136 secs] [Times: user=0.28 sys=0.00, real=0.07 secs] 
[GC (Allocation Failure) [ParNew: 613440K->26625K(613440K), 0.0431992 secs] 1720183K->1194832K(2010624K), 0.0432493 secs] [Times: user=0.14 sys=0.00, real=0.04 secs] 
[GC (CMS Initial Mark) [1 CMS-initial-mark: 1168206K(1397184K)] 1194834K(2010624K), 0.0052885 secs] [Times: user=0.00 sys=0.00, real=0.01 secs] 
[CMS-concurrent-mark-start]
[CMS-concurrent-mark: 1.300/1.300 secs] [Times: user=4.21 sys=0.00, real=1.29 secs] 
[CMS-concurrent-preclean-start]
[CMS-concurrent-preclean: 0.093/0.099 secs] [Times: user=0.22 sys=0.00, real=0.11 secs] 
[CMS-concurrent-abortable-preclean-start]
[GC (Allocation Failure) [ParNew: 571969K->68096K(613440K), 0.0545019 secs] 1740176K->1277290K(2010624K), 0.0545455 secs] [Times: user=0.34 sys=0.00, real=0.05 secs] 
[CMS-concurrent-abortable-preclean: 0.686/1.161 secs] [Times: user=2.17 sys=0.00, real=1.16 secs] 
[GC (CMS Final Remark) [YG occupancy: 430991 K (613440 K)][Rescan (parallel) , 0.0919834 secs][weak refs processing, 0.0000212 secs][class unloading, 0.0069637 secs][scrub symbol table, 0.0010888 secs][scrub string table, 0.0003586 secs][1 CMS-remark: 1209194K(1397184K)] 1640185K(2010624K), 0.1014216 secs] [Times: user=0.44 sys=0.00, real=0.10 secs] 
[CMS-concurrent-sweep-start]
[GC (Allocation Failure) [ParNew: 613440K->27370K(613440K), 0.0336744 secs] 1797259K->1274578K(2010624K), 0.0337232 secs] [Times: user=0.16 sys=0.00, real=0.03 secs] 
[CMS-concurrent-sweep: 0.596/0.630 secs] [Times: user=1.43 sys=0.00, real=0.63 secs] 
[CMS-concurrent-reset-start]
[CMS-concurrent-reset: 0.003/0.003 secs] [Times: user=0.00 sys=0.00, real=0.00 secs] 
[GC (Allocation Failure) [ParNew: 572714K->68096K(613440K), 0.0632241 secs] 1314234K->851655K(2010624K), 0.0632754 secs] [Times: user=0.22 sys=0.00, real=0.06 secs] 
[GC (Allocation Failure) [ParNew: 613440K->33716K(613440K), 0.0314699 secs] 1396999K->879492K(2010624K), 0.0315225 secs] [Times: user=0.12 sys=0.00, real=0.03 secs] 
[GC (Allocation Failure) [ParNew: 579060K->68096K(613440K), 0.0625126 secs] 1424836K->954609K(2010624K), 0.0625626 secs] [Times: user=0.25 sys=0.00, real=0.06 secs] 
[GC (Allocation Failure) [ParNew (0: promotion failure size = 1854)  (1: promotion failure size = 1854)  (2: promotion failure size = 1854)  (3: promotion failure size = 1854)  (4: promotion failure size = 1854)  (5: promotion failure size = 1854)  (6: promotion failure size = 1854)  (7: promotion failure size = 1854)  (promotion failed): 613440K->572696K(613440K), 0.6388710 secs][CMS: 944610K->745161K(1397184K), 1.7107327 secs] 1499953K->745161K(2010624K), [Metaspace: 10010K->10010K(10240K)], 2.3496679 secs] [Times: user=2.50 sys=0.09, real=2.35 secs] 

*** PauseDetector detected a 2349 ms pause at Sat Dec 20 00:36:59 EET 2014 ***

[GC (Allocation Failure) [ParNew: 545344K->68096K(613440K), 0.0576648 secs] 1290505K->855298K(2010624K), 0.0577296 secs] [Times: user=0.19 sys=0.00, real=0.06 secs] 
[GC (Allocation Failure) [ParNew: 613440K->27056K(613440K), 0.0322873 secs] 1400642K->877280K(2010624K), 0.0323380 secs] [Times: user=0.13 sys=0.00, real=0.03 secs] 
[GC (Allocation Failure) [ParNew: 572400K->68096K(613440K), 0.0575269 secs] 1422624K->960639K(2010624K), 0.0575725 secs] [Times: user=0.17 sys=0.00, real=0.06 secs] 
[GC (Allocation Failure) [ParNew: 613440K->26769K(613440K), 0.0387441 secs] 1505983K->981138K(2010624K), 0.0387948 secs] [Times: user=0.13 sys=0.00, real=0.03 secs] 
[GC (Allocation Failure) [ParNew: 572113K->68096K(613440K), 0.0571599 secs] 1526482K->1064996K(2010624K), 0.0572594 secs] [Times: user=0.25 sys=0.00, real=0.06 secs] 
[GC (Allocation Failure) [ParNew: 613440K->19961K(613440K), 0.0285925 secs] 1610340K->1078267K(2010624K), 0.0286438 secs] [Times: user=0.06 sys=0.00, real=0.03 secs] 
[GC (Allocation Failure) [ParNew: 565305K->68096K(613440K), 0.0536203 secs] 1623611K->1168263K(2010624K), 0.0536672 secs] [Times: user=0.19 sys=0.00, real=0.05 secs] 
[GC (Allocation Failure) [ParNew: 613440K->33316K(613440K), 0.0310811 secs] 1713607K->1194959K(2010624K), 0.0312396 secs] [Times: user=0.14 sys=0.00, real=0.03 secs] 
[GC (CMS Initial Mark) [1 CMS-initial-mark: 1161642K(1397184K)] 1205888K(2010624K), 0.0032432 secs] [Times: user=0.00 sys=0.00, real=0.00 secs] 
[CMS-concurrent-mark-start]
[CMS-concurrent-mark: 1.151/1.151 secs] [Times: user=3.63 sys=0.00, real=1.16 secs] 
[CMS-concurrent-preclean-start]
[CMS-concurrent-preclean: 0.066/0.071 secs] [Times: user=0.16 sys=0.00, real=0.07 secs] 
[CMS-concurrent-abortable-preclean-start]
[Full GC (System.gc()) [CMS[CMS-concurrent-abortable-preclean: 0.021/0.088 secs] [Times: user=0.09 sys=0.00, real=0.09 secs] 
 (concurrent mode interrupted): 1161642K->742202K(1397184K), 1.7099455 secs] 1656557K->742202K(2010624K), [Metaspace: 10010K->10010K(10240K)], 1.7101950 secs] [Times: user=1.72 sys=0.00, real=1.71 secs] 
[Full GC (System.gc()) [CMS: 742202K->742202K(1397184K), 1.7027848 secs] 742202K->742202K(2010624K), [Metaspace: 10010K->10010K(10240K)], 1.7029664 secs] [Times: user=1.70 sys=0.00, real=1.70 secs] 
[Full GC (System.gc()) [CMS: 742202K->742124K(1397184K), 1.4005692 secs] 742204K->742124K(2010624K), [Metaspace: 10010K->10010K(10240K)]
*** PauseDetector detected a 3408 ms pause at Sat Dec 20 00:37:16 EET 2014 ***

, 1.4007700 secs] [Times: user=1.39 sys=0.00, real=1.40 secs] 

*** PauseDetector detected a 1412 ms pause at Sat Dec 20 00:37:17 EET 2014 ***

[GC (Allocation Failure) [ParNew: 545344K->7205K(613440K), 0.0106822 secs] 1287468K->749330K(2010624K), 0.0107547 secs] [Times: user=0.06 sys=0.00, real=0.01 secs] 
[GC (Allocation Failure) [ParNew: 552549K->68096K(613440K), 0.0589486 secs] 1294674K->850903K(2010624K), 0.0590096 secs] [Times: user=0.20 sys=0.00, real=0.06 secs] 
[GC (Allocation Failure) [ParNew: 613440K->26341K(613440K), 0.0292206 secs] 1396247K->872413K(2010624K), 0.0292719 secs] [Times: user=0.13 sys=0.00, real=0.03 secs] 
[GC (Allocation Failure) [ParNew: 571685K->68096K(613440K), 0.0536505 secs] 1417757K->955476K(2010624K), 0.0537204 secs] [Times: user=0.20 sys=0.00, real=0.05 secs] 
[GC (Allocation Failure) [ParNew: 613440K->26797K(613440K), 0.0429734 secs] 1500820K->976137K(2010624K), 0.0430363 secs] [Times: user=0.12 sys=0.00, real=0.04 secs] 
[GC (Allocation Failure) [ParNew: 572141K->68096K(613440K), 0.1814030 secs] 1521481K->1085328K(2010624K), 0.1815422 secs] [Times: user=0.76 sys=0.00, real=0.18 secs] 
[Full GC (System.gc()) [CMS: 1017232K->766067K(1397184K), 2.0091502 secs] 1447482K->766067K(2010624K), [Metaspace: 10010K->10010K(10240K)], 2.0093567 secs] [Times: user=2.00 sys=0.00, real=2.00 secs] 
[Full GC (System.gc()) [CMS: 766067K->765989K(1397184K), 1.4842917 secs] 766069K->765989K(2010624K), [Metaspace: 10010K->10010K(10240K)]
*** PauseDetector detected a 2004 ms pause at Sat Dec 20 00:37:29 EET 2014 ***
, 1.4844636 secs] [Times: user=1.48 sys=0.00, real=1.49 secs] 
[Full GC (System.gc()) [CMS
: 765989K->762218K(1397184K), 1.5075558 secs] 776942K->762218K(2010624K), [Metaspace: 10010K->10010K(10240K)]
*** PauseDetector detected a 2995 ms pause at Sat Dec 20 00:37:32 EET 2014 ***

, 1.5078587 secs] [Times: user=1.51 sys=0.00, real=1.51 secs] 
********************************
********** ROUND   35 **********
********************************
[GC (Allocation Failure) [ParNew: 545344K->68096K(613440K), 0.1750007 secs] 1307562K->890068K(2010624K), 0.1750675 secs] [Times: user=0.97 sys=0.00, real=0.17 secs] 
[GC (Allocation Failure) [ParNew: 613440K->40467K(613440K), 0.0694281 secs] 1435412K->927160K(2010624K), 0.0694769 secs] [Times: user=0.28 sys=0.00, real=0.07 secs] 
[GC (Allocation Failure) [ParNew: 585811K->68096K(613440K), 0.1580048 secs] 1472504K->1008998K(2010624K), 0.1580561 secs] [Times: user=0.70 sys=0.00, real=0.16 secs] 
[GC (Allocation Failure) [ParNew: 613440K->20770K(613440K), 0.0685299 secs] 1554342K->1025661K(2010624K), 0.0685800 secs] [Times: user=0.23 sys=0.00, real=0.07 secs] 
[GC (Allocation Failure) [ParNew: 566114K->68096K(613440K), 0.1432998 secs] 1571005K->1123202K(2010624K), 0.1433505 secs] [Times: user=0.61 sys=0.00, real=0.14 secs] 
[GC (Allocation Failure) [ParNew: 613440K->27437K(613440K), 0.0583674 secs] 1668546K->1146468K(2010624K), 0.0584450 secs] [Times: user=0.14 sys=0.00, real=0.06 secs] 
[GC (Allocation Failure) [ParNew: 572781K->68096K(613440K), 0.1329146 secs] 1691812K->1236111K(2010624K), 0.1329685 secs] [Times: user=0.59 sys=0.00, real=0.13 secs] 
[GC (CMS Initial Mark) [1 CMS-initial-mark: 1168015K(1397184K)] 1236267K(2010624K), 0.0091206 secs] [Times: user=0.00 sys=0.00, real=0.00 secs] 
[CMS-concurrent-mark-start]
[CMS-concurrent-mark: 1.276/1.276 secs] [Times: user=3.84 sys=0.00, real=1.28 secs] 
[CMS-concurrent-preclean-start]
[CMS-concurrent-preclean: 0.005/0.005 secs] [Times: user=0.00 sys=0.00, real=0.01 secs] 
[CMS-concurrent-abortable-preclean-start]
[GC (Allocation Failure) [ParNew: 613440K->34262K(613440K), 0.0600605 secs] 1781455K->1265856K(2010624K), 0.0601131 secs] [Times: user=0.22 sys=0.00, real=0.06 secs] 
[CMS-concurrent-abortable-preclean: 0.553/1.328 secs] [Times: user=2.45 sys=0.00, real=1.33 secs] 
[GC (CMS Final Remark) [YG occupancy: 387502 K (613440 K)][Rescan (parallel) , 0.0730890 secs][weak refs processing, 0.0000154 secs][class unloading, 0.0069399 secs][scrub symbol table, 0.0013364 secs][scrub string table, 0.0003554 secs][1 CMS-remark: 1231594K(1397184K)] 1619097K(2010624K), 0.0827158 secs] [Times: user=0.30 sys=0.00, real=0.08 secs] 
[CMS-concurrent-sweep-start]
[GC (Allocation Failure) [ParNew: 579606K->68096K(613440K), 0.1162157 secs] 1754118K->1289041K(2010624K), 0.1162657 secs] [Times: user=0.56 sys=0.00, real=0.11 secs] 
[CMS-concurrent-sweep: 0.897/1.013 secs] [Times: user=2.40 sys=0.00, real=1.02 secs] 
[CMS-concurrent-reset-start]
[CMS-concurrent-reset: 0.003/0.003 secs] [Times: user=0.00 sys=0.00, real=0.00 secs] 
[GC (Allocation Failure) [ParNew: 613440K->34229K(613440K), 0.0493019 secs] 1412042K->896421K(2010624K), 0.0493526 secs] [Times: user=0.17 sys=0.00, real=0.05 secs] 
[GC (Allocation Failure) [ParNew: 579573K->68096K(613440K), 0.1106693 secs] 1441765K->977894K(2010624K), 0.1107187 secs] [Times: user=0.42 sys=0.00, real=0.11 secs] 
[GC (Allocation Failure) [ParNew: 613440K->20016K(613440K), 0.0481099 secs] 1523238K->991535K(2010624K), 0.0482670 secs] [Times: user=0.13 sys=0.00, real=0.04 secs] 
[GC (Allocation Failure) [ParNew (0: promotion failure size = 4167)  (1: promotion failure size = 4167)  (2: promotion failure size = 4167)  (3: promotion failure size = 4167)  (5: promotion failure size = 4167)  (6: promotion failure size = 4167)  (7: promotion failure size = 4167)  (promotion failed): 565360K->613440K(613440K), 0.5822128 secs][CMS: 1015612K->748417K(1397184K), 2.2193324 secs] 1536879K->748417K(2010624K), [Metaspace: 10010K->10010K(10240K)], 2.8016324 secs] [Times: user=3.17 sys=0.02, real=2.80 secs] 

*** PauseDetector detected a 2797 ms pause at Sat Dec 20 00:37:56 EET 2014 ***

[GC (Allocation Failure) [ParNew: 545344K->27382K(613440K), 0.0071715 secs] 1293761K->775800K(2010624K), 0.0072338 secs] [Times: user=0.03 sys=0.00, real=0.01 secs] 
[GC (Allocation Failure) [ParNew: 572726K->68096K(613440K), 0.0846239 secs] 1321144K->862734K(2010624K), 0.0846720 secs] [Times: user=0.36 sys=0.00, real=0.08 secs] 
[GC (Allocation Failure) [ParNew: 613440K->47678K(613440K), 0.0540566 secs] 1408078K->906031K(2010624K), 0.0541054 secs] [Times: user=0.22 sys=0.00, real=0.05 secs] 
[GC (Allocation Failure) [ParNew: 593022K->68096K(613440K), 0.0833311 secs] 1451375K->970930K(2010624K), 0.0833779 secs] [Times: user=0.33 sys=0.00, real=0.08 secs] 
[GC (Allocation Failure) [ParNew: 613440K->26943K(613440K), 0.0493911 secs] 1516274K->992722K(2010624K), 0.0494584 secs] [Times: user=0.11 sys=0.00, real=0.05 secs] 
[GC (Allocation Failure) [ParNew: 572287K->68096K(613440K), 0.0756585 secs] 1538066K->1076977K(2010624K), 0.0757034 secs] [Times: user=0.42 sys=0.00, real=0.08 secs] 
[GC (Allocation Failure) [ParNew: 613440K->34247K(613440K), 0.0369477 secs] 1622321K->1106784K(2010624K), 0.0370003 secs] [Times: user=0.17 sys=0.00, real=0.04 secs] 
[GC (Allocation Failure) [ParNew: 579591K->68096K(613440K), 0.0802637 secs] 1652128K->1184506K(2010624K), 0.0803285 secs] [Times: user=0.40 sys=0.00, real=0.08 secs] 
[GC (Allocation Failure) [ParNew: 613440K->47144K(613440K), 0.0348684 secs] 1729850K->1225911K(2010624K), 0.0349203 secs] [Times: user=0.17 sys=0.00, real=0.04 secs] 
[GC (CMS Initial Mark) [1 CMS-initial-mark: 1178767K(1397184K)] 1236787K(2010624K), 0.0021095 secs] [Times: user=0.00 sys=0.00, real=0.00 secs] 
[CMS-concurrent-mark-start]
[CMS-concurrent-mark: 1.111/1.111 secs] [Times: user=3.64 sys=0.00, real=1.11 secs] 
[CMS-concurrent-preclean-start]
[CMS-concurrent-preclean: 0.120/0.129 secs] [Times: user=0.25 sys=0.00, real=0.13 secs] 
[CMS-concurrent-abortable-preclean-start]
[GC (Allocation Failure) [ParNew[CMS-concurrent-abortable-preclean: 0.066/0.407 secs] [Times: user=0.70 sys=0.00, real=0.41 secs] 
: 592488K->68096K(613440K), 0.0780612 secs] 1771255K->1292187K(2010624K), 0.0781125 secs] [Times: user=0.30 sys=0.00, real=0.07 secs] 
[GC (CMS Final Remark) [YG occupancy: 68200 K (613440 K)][Rescan (parallel) , 0.0397540 secs][weak refs processing, 0.0000212 secs][class unloading, 0.0085734 secs][scrub symbol table, 0.0010727 secs][scrub string table, 0.0003541 secs][1 CMS-remark: 1224091K(1397184K)] 1292291K(2010624K), 0.0507807 secs] [Times: user=0.17 sys=0.00, real=0.05 secs] 
[CMS-concurrent-sweep-start]
[CMS-concurrent-sweep: 0.616/0.616 secs] [Times: user=1.25 sys=0.00, real=0.63 secs] 
[CMS-concurrent-reset-start]
[CMS-concurrent-reset: 0.003/0.003 secs] [Times: user=0.00 sys=0.00, real=0.00 secs] 
[GC (Allocation Failure) [ParNew: 613440K->32860K(613440K), 0.0364499 secs] 1296494K->776569K(2010624K), 0.0364980 secs] [Times: user=0.13 sys=0.00, real=0.04 secs] 
[GC (Allocation Failure) [ParNew: 578204K->68096K(613440K), 0.0672660 secs] 1321913K->854107K(2010624K), 0.0673174 secs] [Times: user=0.39 sys=0.00, real=0.07 secs] 
[GC (Allocation Failure) [ParNew: 613440K->34132K(613440K), 0.0357159 secs] 1399451K->883587K(2010624K), 0.0357653 secs] [Times: user=0.06 sys=0.00, real=0.04 secs] 
[GC (Allocation Failure) [ParNew (0: promotion failure size = 2779)  (7: promotion failure size = 2779)  (promotion failed): 579476K->613440K(613440K), 0.2091743 secs][CMS: 891522K->745343K(1397184K), 1.9254848 secs] 1428931K->745343K(2010624K), [Metaspace: 10010K->10010K(10240K)], 2.1348028 secs] [Times: user=2.29 sys=0.00, real=2.13 secs] 

*** PauseDetector detected a 2131 ms pause at Sat Dec 20 00:38:20 EET 2014 ***

[GC (Allocation Failure) [ParNew: 545344K->27367K(613440K), 0.0075886 secs] 1290687K->772710K(2010624K), 0.0076386 secs] [Times: user=0.00 sys=0.00, real=0.01 secs] 
[GC (Allocation Failure) [ParNew: 572711K->68096K(613440K), 0.0628712 secs] 1318054K->855401K(2010624K), 0.0629161 secs] [Times: user=0.25 sys=0.00, real=0.06 secs] 
[GC (Allocation Failure) [ParNew: 613440K->27344K(613440K), 0.0497099 secs] 1400745K->878568K(2010624K), 0.0497600 secs] [Times: user=0.19 sys=0.00, real=0.04 secs] 
[GC (Allocation Failure) [ParNew: 572688K->68096K(613440K), 0.0621084 secs] 1423912K->962480K(2010624K), 0.0621604 secs] [Times: user=0.19 sys=0.00, real=0.06 secs] 
[GC (Allocation Failure) [ParNew: 613440K->13325K(613440K), 0.0355933 secs] 1507824K->969440K(2010624K), 0.0356460 secs] [Times: user=0.13 sys=0.00, real=0.03 secs] 
[GC (Allocation Failure) [ParNew: 558669K->68096K(613440K), 0.0602645 secs] 1514784K->1066103K(2010624K), 0.0603113 secs] [Times: user=0.20 sys=0.00, real=0.06 secs] 
[GC (Allocation Failure) [ParNew: 613440K->20319K(613440K), 0.0306462 secs] 1611447K->1080887K(2010624K), 0.0308027 secs] [Times: user=0.12 sys=0.00, real=0.03 secs] 
[GC (Allocation Failure) [ParNew: 565663K->68096K(613440K), 0.0595126 secs] 1626231K->1170803K(2010624K), 0.0595594 secs] [Times: user=0.27 sys=0.00, real=0.06 secs] 
[GC (Allocation Failure) [ParNew: 613440K->13454K(613440K), 0.0330303 secs] 1716147K->1178327K(2010624K), 0.0330752 secs] [Times: user=0.08 sys=0.00, real=0.03 secs] 
[GC (CMS Initial Mark) [1 CMS-initial-mark: 1164873K(1397184K)] 1189203K(2010624K), 0.0042004 secs] [Times: user=0.00 sys=0.00, real=0.00 secs] 
[CMS-concurrent-mark-start]
[CMS-concurrent-mark: 1.172/1.172 secs] [Times: user=3.71 sys=0.00, real=1.18 secs] 
[CMS-concurrent-preclean-start]
[CMS-concurrent-preclean: 0.094/0.100 secs] [Times: user=0.23 sys=0.00, real=0.10 secs] 
[CMS-concurrent-abortable-preclean-start]
[GC (Allocation Failure) [ParNew: 558798K->68096K(613440K), 0.0590122 secs] 1723671K->1277062K(2010624K), 0.0590628 secs] [Times: user=0.30 sys=0.00, real=0.05 secs] 
[CMS-concurrent-abortable-preclean: 0.679/1.285 secs] [Times: user=2.22 sys=0.00, real=1.29 secs] 
[GC (CMS Final Remark) [YG occupancy: 429896 K (613440 K)][Rescan (parallel) , 0.0888531 secs][weak refs processing, 0.0000205 secs][class unloading, 0.0065312 secs][scrub symbol table, 0.0010791 secs][scrub string table, 0.0003695 secs][1 CMS-remark: 1208966K(1397184K)] 1638862K(2010624K), 0.0978872 secs] [Times: user=0.44 sys=0.00, real=0.10 secs] 
[CMS-concurrent-sweep-start]
[GC (Allocation Failure) [ParNew: 613440K->39365K(613440K), 0.0391862 secs] 1575368K->1061574K(2010624K), 0.0392362 secs] [Times: user=0.16 sys=0.00, real=0.03 secs] 
[CMS-concurrent-sweep: 0.557/0.597 secs] [Times: user=1.30 sys=0.00, real=0.60 secs] 
[CMS-concurrent-reset-start]
[CMS-concurrent-reset: 0.003/0.003 secs] [Times: user=0.00 sys=0.00, real=0.00 secs] 
[GC (Allocation Failure) [ParNew: 584709K->68096K(613440K), 0.0570772 secs] 1325986K->854109K(2010624K), 0.0571227 secs] [Times: user=0.20 sys=0.00, real=0.05 secs] 
[GC (Allocation Failure) [ParNew: 613440K->25764K(613440K), 0.0285161 secs] 1399453K->871090K(2010624K), 0.0285604 secs] [Times: user=0.11 sys=0.00, real=0.02 secs] 
[GC (Allocation Failure) [ParNew: 571108K->68096K(613440K), 0.0595761 secs] 1416434K->953943K(2010624K), 0.0596281 secs] [Times: user=0.20 sys=0.00, real=0.05 secs] 
[GC (Allocation Failure) [ParNew (0: promotion failure size = 1854)  (1: promotion failure size = 1854)  (2: promotion failure size = 1854)  (3: promotion failure size = 1854)  (4: promotion failure size = 1854)  (5: promotion failure size = 1854)  (6: promotion failure size = 1854)  (7: promotion failure size = 1854)  (promotion failed): 613440K->586317K(613440K), 0.6711468 secs][CMS: 943851K->744948K(1397184K), 1.6647715 secs] 1499287K->744948K(2010624K), [Metaspace: 10010K->10010K(10240K)], 2.3359824 secs] [Times: user=2.42 sys=0.16, real=2.34 secs] 

*** PauseDetector detected a 2337 ms pause at Sat Dec 20 00:38:44 EET 2014 ***

[GC (Allocation Failure) [ParNew: 545344K->68096K(613440K), 0.0530936 secs] 1290292K->857346K(2010624K), 0.0531417 secs] [Times: user=0.19 sys=0.00, real=0.05 secs] 
[GC (Allocation Failure) [ParNew: 613440K->32593K(613440K), 0.0337026 secs] 1402690K->882234K(2010624K), 0.0337514 secs] [Times: user=0.13 sys=0.00, real=0.03 secs] 
[GC (Allocation Failure) [ParNew: 577937K->68096K(613440K), 0.0524495 secs] 1427578K->958307K(2010624K), 0.0524982 secs] [Times: user=0.27 sys=0.00, real=0.05 secs] 
[GC (Allocation Failure) [ParNew: 613440K->27117K(613440K), 0.0291102 secs] 1503651K->980439K(2010624K), 0.0292308 secs] [Times: user=0.13 sys=0.00, real=0.03 secs] 
[GC (Allocation Failure) [ParNew: 572461K->68096K(613440K), 0.0527183 secs] 1525783K->1062302K(2010624K), 0.0527658 secs] [Times: user=0.20 sys=0.00, real=0.05 secs] 
[GC (Allocation Failure) [ParNew: 613440K->33777K(613440K), 0.0319723 secs] 1607646K->1090375K(2010624K), 0.0320223 secs] [Times: user=0.08 sys=0.00, real=0.03 secs] 
[GC (Allocation Failure) [ParNew: 579121K->68096K(613440K), 0.0521146 secs] 1635719K->1166893K(2010624K), 0.0521620 secs] [Times: user=0.20 sys=0.00, real=0.05 secs] 
[GC (Allocation Failure) [ParNew: 613440K->26426K(613440K), 0.0275685 secs] 1712237K->1186308K(2010624K), 0.0276186 secs] [Times: user=0.08 sys=0.00, real=0.03 secs] 
[GC (CMS Initial Mark) [1 CMS-initial-mark: 1159882K(1397184K)] 1197185K(2010624K), 0.0034093 secs] [Times: user=0.00 sys=0.00, real=0.00 secs] 
[CMS-concurrent-mark-start]
[CMS-concurrent-mark: 1.087/1.087 secs] [Times: user=3.51 sys=0.00, real=1.09 secs] 
[CMS-concurrent-preclean-start]
[CMS-concurrent-preclean: 0.077/0.080 secs] [Times: user=0.16 sys=0.00, real=0.08 secs] 
[CMS-concurrent-abortable-preclean-start]
[GC (Allocation Failure) [ParNew: 571770K->68096K(613440K), 0.0540925 secs] 1731652K->1268896K(2010624K), 0.0541426 secs] [Times: user=0.20 sys=0.00, real=0.05 secs] 
[CMS-concurrent-abortable-preclean: 0.655/1.439 secs] [Times: user=2.23 sys=0.00, real=1.44 secs] 
[GC (CMS Final Remark) [YG occupancy: 462578 K (613440 K)][Rescan (parallel) , 0.0939902 secs][weak refs processing, 0.0000218 secs][class unloading, 0.0065935 secs][scrub symbol table, 0.0010612 secs][scrub string table, 0.0003535 secs][1 CMS-remark: 1200800K(1397184K)] 1663378K(2010624K), 0.1030583 secs] [Times: user=0.42 sys=0.00, real=0.10 secs] 
[CMS-concurrent-sweep-start]
[GC (Allocation Failure) [ParNew: 613440K->40351K(613440K), 0.0292263 secs] 1814240K->1303335K(2010624K), 0.0292879 secs] [Times: user=0.16 sys=0.00, real=0.03 secs] 
[CMS-concurrent-sweep: 0.553/0.582 secs] [Times: user=1.39 sys=0.00, real=0.59 secs] 
[CMS-concurrent-reset-start]
[CMS-concurrent-reset: 0.003/0.003 secs] [Times: user=0.00 sys=0.00, real=0.00 secs] 
[GC (Allocation Failure) [ParNew: 585695K->68096K(613440K), 0.1509673 secs] 1325344K->875338K(2010624K), 0.1510154 secs] [Times: user=0.73 sys=0.00, real=0.14 secs] 
[GC (Allocation Failure) [ParNew: 613440K->34080K(613440K), 0.0808912 secs] 1420682K->905631K(2010624K), 0.0809457 secs] [Times: user=0.30 sys=0.00, real=0.08 secs] 
[GC (Allocation Failure) [ParNew: 579424K->68096K(613440K), 0.1934935 secs] 1450975K->996559K(2010624K), 0.1935448 secs] [Times: user=0.84 sys=0.00, real=0.19 secs] 
[GC (Allocation Failure) [ParNew (0: promotion failure size = 9372)  (1: promotion failure size = 9372)  (2: promotion failure size = 9372)  (3: promotion failure size = 9372)  (4: promotion failure size = 9372)  (5: promotion failure size = 9372)  (6: promotion failure size = 9372)  (7: promotion failure size = 9372)  (promotion failed): 613440K->586318K(613440K), 8.5224930 secs][CMS: 964863K->760628K(1397184K), 1.8191231 secs] 1541903K->760628K(2010624K), [Metaspace: 10010K->10010K(10240K)], 10.3416815 secs]
*** PauseDetector detected a 10341 ms pause at Sat Dec 20 00:39:16 EET 2014 ***

 [Times: user=10.89 sys=1.20, real=10.34 secs] 
[GC (Allocation Failure) [ParNew: 545344K->68096K(613440K), 0.1633241 secs] 1305972K->885465K(2010624K), 0.1633767 secs] [Times: user=0.72 sys=0.00, real=0.16 secs] 
[GC (Allocation Failure) [ParNew: 613440K->34165K(613440K), 0.0706837 secs] 1430809K->915815K(2010624K), 0.0707350 secs] [Times: user=0.26 sys=0.00, real=0.07 secs] 
[GC (Allocation Failure) [ParNew: 579509K->68096K(613440K), 0.1375167 secs] 1461159K->1000093K(2010624K), 0.1375641 secs] [Times: user=0.61 sys=0.00, real=0.14 secs] 
[GC (Allocation Failure) [ParNew: 613440K->27368K(613440K), 0.0579574 secs] 1545437K->1023227K(2010624K), 0.0580036 secs] [Times: user=0.17 sys=0.02, real=0.06 secs] 
[GC (Allocation Failure) [ParNew: 572712K->68096K(613440K), 0.1272778 secs] 1568571K->1114399K(2010624K), 0.1273272 secs] [Times: user=0.56 sys=0.00, real=0.13 secs] 
[GC (Allocation Failure) [ParNew: 613440K->26875K(613440K), 0.0661420 secs] 1659743K->1135562K(2010624K), 0.0662036 secs] [Times: user=0.22 sys=0.00, real=0.07 secs] 
[GC (Allocation Failure) [ParNew: 572219K->68096K(613440K), 0.1141678 secs] 1680906K->1223431K(2010624K), 0.1142166 secs] [Times: user=0.53 sys=0.00, real=0.12 secs] 
[GC (Allocation Failure) [ParNew: 613440K->27314K(613440K), 0.0523975 secs] 1768775K->1246161K(2010624K), 0.0524463 secs] [Times: user=0.22 sys=0.00, real=0.05 secs] 
[GC (CMS Initial Mark) [1 CMS-initial-mark: 1218846K(1397184K)] 1246163K(2010624K), 0.0045545 secs] [Times: user=0.00 sys=0.00, real=0.00 secs] 
[CMS-concurrent-mark-start]
[CMS-concurrent-mark: 1.139/1.139 secs] [Times: user=3.74 sys=0.00, real=1.14 secs] 
[CMS-concurrent-preclean-start]
[CMS-concurrent-preclean: 0.167/0.179 secs] [Times: user=0.34 sys=0.00, real=0.18 secs] 
[CMS-concurrent-abortable-preclean-start]
[GC (Allocation Failure) [ParNew[CMS-concurrent-abortable-preclean: 0.116/0.724 secs] [Times: user=1.11 sys=0.00, real=0.72 secs] 
: 572658K->68096K(613440K), 0.1194249 secs] 1791505K->1334682K(2010624K), 0.1195108 secs] [Times: user=0.48 sys=0.00, real=0.12 secs] 
[GC (CMS Final Remark) [YG occupancy: 78972 K (613440 K)][Rescan (parallel) , 0.0597185 secs][weak refs processing, 0.0000160 secs][class unloading, 0.0063708 secs][scrub symbol table, 0.0010522 secs][scrub string table, 0.0003541 secs][1 CMS-remark: 1266586K(1397184K)] 1345558K(2010624K), 0.0684959 secs] [Times: user=0.34 sys=0.00, real=0.06 secs] 
[CMS-concurrent-sweep-start]
[CMS-concurrent-sweep: 0.816/0.816 secs] [Times: user=1.65 sys=0.00, real=0.82 secs] 
[CMS-concurrent-reset-start]
[CMS-concurrent-reset: 0.003/0.003 secs] [Times: user=0.00 sys=0.00, real=0.00 secs] 
[GC (Allocation Failure) [ParNew: 613440K->40043K(613440K), 0.0453671 secs] 1300141K->788332K(2010624K), 0.0454178 secs] [Times: user=0.14 sys=0.00, real=0.05 secs] 
[GC (Allocation Failure) [ParNew: 585387K->68096K(613440K), 0.1027509 secs] 1333676K->863344K(2010624K), 0.1028074 secs] [Times: user=0.37 sys=0.00, real=0.10 secs] 
[GC (Allocation Failure) [ParNew: 613440K->39993K(613440K), 0.0551576 secs] 1408688K->897030K(2010624K), 0.0552025 secs] [Times: user=0.19 sys=0.00, real=0.05 secs] 
[GC (Allocation Failure) [ParNew (0: promotion failure size = 4167)  (1: promotion failure size = 4167)  (2: promotion failure size = 4167)  (3: promotion failure size = 4167)  (4: promotion failure size = 4167)  (5: promotion failure size = 4167)  (6: promotion failure size = 4167)  (7: promotion failure size = 4167)  (promotion failed): 585337K->613440K(613440K), 0.3583516 secs][CMS: 900966K->747996K(1397184K), 2.1168842 secs] 1442374K->747996K(2010624K), [Metaspace: 10010K->10010K(10240K)]
*** PauseDetector detected a 2476 ms pause at Sat Dec 20 00:39:40 EET 2014 ***

, 2.4752961 secs] [Times: user=2.79 sys=0.00, real=2.47 secs] 
[GC (Allocation Failure) [ParNew: 545344K->27323K(613440K), 0.0069200 secs] 1293340K->775320K(2010624K), 0.0070657 secs] [Times: user=0.00 sys=0.00, real=0.01 secs] 
[GC (Allocation Failure) [ParNew: 572667K->68096K(613440K), 0.0776018 secs] 1320664K->861185K(2010624K), 0.0777500 secs] [Times: user=0.34 sys=0.00, real=0.07 secs] 
[GC (Allocation Failure) [ParNew: 613440K->27094K(613440K), 0.0500481 secs] 1406529K->883413K(2010624K), 0.0500994 secs] [Times: user=0.14 sys=0.00, real=0.04 secs] 
[GC (Allocation Failure) [ParNew: 572438K->68096K(613440K), 0.0794393 secs] 1428757K->969314K(2010624K), 0.0794983 secs] [Times: user=0.28 sys=0.00, real=0.07 secs] 
[GC (Allocation Failure) [ParNew: 613440K->26765K(613440K), 0.0368457 secs] 1514658K->990115K(2010624K), 0.0368925 secs] [Times: user=0.13 sys=0.00, real=0.03 secs] 
[GC (Allocation Failure) [ParNew: 572109K->68096K(613440K), 0.0730120 secs] 1535459K->1074232K(2010624K), 0.0730646 secs] [Times: user=0.25 sys=0.00, real=0.07 secs] 
[GC (Allocation Failure) [ParNew: 613440K->34230K(613440K), 0.0435361 secs] 1619576K->1103995K(2010624K), 0.0435790 secs] [Times: user=0.19 sys=0.00, real=0.04 secs] 
[GC (Allocation Failure) [ParNew: 579574K->68096K(613440K), 0.0736844 secs] 1649339K->1181564K(2010624K), 0.0737344 secs] [Times: user=0.30 sys=0.00, real=0.07 secs] 
[GC (Allocation Failure) [ParNew: 613440K->20177K(613440K), 0.0346412 secs] 1726908K->1196050K(2010624K), 0.0348671 secs] [Times: user=0.12 sys=0.00, real=0.03 secs] 
[GC (CMS Initial Mark) [1 CMS-initial-mark: 1175873K(1397184K)] 1206926K(2010624K), 0.0027607 secs] [Times: user=0.00 sys=0.00, real=0.00 secs] 
[CMS-concurrent-mark-start]
[CMS-concurrent-mark: 1.118/1.118 secs] [Times: user=3.53 sys=0.00, real=1.13 secs] 
[CMS-concurrent-preclean-start]
[CMS-concurrent-preclean: 0.098/0.105 secs] [Times: user=0.22 sys=0.00, real=0.11 secs] 
[CMS-concurrent-abortable-preclean-start]
[GC (Allocation Failure) [ParNew[CMS-concurrent-abortable-preclean: 0.053/0.365 secs] [Times: user=0.52 sys=0.00, real=0.37 secs] 
: 565521K->68096K(613440K), 0.0711751 secs] 1741394K->1287167K(2010624K), 0.0712310 secs] [Times: user=0.28 sys=0.00, real=0.07 secs] 
[GC (CMS Final Remark) [YG occupancy: 79042 K (613440 K)][Rescan (parallel) , 0.0353046 secs][weak refs processing, 0.0000205 secs][class unloading, 0.0105244 secs][scrub symbol table, 0.0020229 secs][scrub string table, 0.0005826 secs][1 CMS-remark: 1219071K(1397184K)] 1298113K(2010624K), 0.0499852 secs] [Times: user=0.17 sys=0.00, real=0.05 secs] 
[CMS-concurrent-sweep-start]
[CMS-concurrent-sweep: 0.615/0.615 secs] [Times: user=1.22 sys=0.00, real=0.62 secs] 
[CMS-concurrent-reset-start]
[CMS-concurrent-reset: 0.003/0.003 secs] [Times: user=0.03 sys=0.00, real=0.00 secs] 
[GC (Allocation Failure) [ParNew: 613440K->20271K(613440K), 0.0564279 secs] 1294203K->763678K(2010624K), 0.0564792 secs] [Times: user=0.16 sys=0.00, real=0.06 secs] 
[GC (Allocation Failure) [ParNew: 565615K->68096K(613440K), 0.0712271 secs] 1309022K->853931K(2010624K), 0.0712861 secs] [Times: user=0.26 sys=0.00, real=0.07 secs] 
[Full GC (System.gc()) [CMS: 785835K->745255K(1397184K), 1.9197895 secs] 865093K->745255K(2010624K), [Metaspace: 10010K->10010K(10240K)], 1.9201713 secs] [Times: user=1.92 sys=0.00, real=1.92 secs] 
[Full GC (System.gc()) [CMS: 745255K->740855K(1397184K), 1.3494959 secs] 756131K->740855K(2010624K), [Metaspace: 10010K->10010K(10240K)], 1.3498347 secs] [Times: user=1.34 sys=0.00, real=1.35 secs] 
[Full GC (System.gc()) [CMS: 740855K->740855K(1397184K), 1.3207103 secs] 740855K->740855K(2010624K), [Metaspace: 10010K->10010K(10240K)]
*** PauseDetector detected a 1919 ms pause at Sat Dec 20 00:40:00 EET 2014 ***


*** PauseDetector detected a 2676 ms pause at Sat Dec 20 00:40:03 EET 2014 ***

, 1.3210324 secs] [Times: user=1.33 sys=0.00, real=1.31 secs] 
[GC (Allocation Failure) [ParNew: 545344K->27267K(613440K), 0.0103691 secs] 1286199K->768122K(2010624K), 0.0104410 secs] [Times: user=0.05 sys=0.00, real=0.00 secs] 
[GC (Allocation Failure) [ParNew: 572611K->68096K(613440K), 0.0648120 secs] 1313466K->857563K(2010624K), 0.0648633 secs] [Times: user=0.26 sys=0.00, real=0.06 secs] 
[GC (Allocation Failure) [ParNew: 613440K->20220K(613440K), 0.0460780 secs] 1402907K->872361K(2010624K), 0.0461473 secs] [Times: user=0.14 sys=0.00, real=0.05 secs] 
[GC (Allocation Failure) [ParNew: 565564K->68096K(613440K), 0.0739641 secs] 1417705K->962310K(2010624K), 0.0740270 secs] [Times: user=0.34 sys=0.00, real=0.07 secs] 
[GC (Allocation Failure) [ParNew: 613440K->27101K(613440K), 0.0444003 secs] 1507654K->984129K(2010624K), 0.0444465 secs] [Times: user=0.12 sys=0.00, real=0.04 secs] 
[GC (Allocation Failure) [ParNew: 572445K->68096K(613440K), 0.0613558 secs] 1529473K->1067911K(2010624K), 0.0614078 secs] [Times: user=0.28 sys=0.00, real=0.06 secs] 
[Full GC (System.gc()) [CMS: 999815K->743712K(1397184K), 1.6178594 secs] 1451168K->743712K(2010624K), [Metaspace: 10010K->10010K(10240K)], 1.6181533 secs] [Times: user=1.62 sys=0.00, real=1.61 secs] 
[Full GC (System.gc()) [CMS: 743712K->743633K(1397184K), 1.3255074 secs] 743714K->743633K(2010624K), [Metaspace: 10010K->10010K(10240K)]
*** PauseDetector detected a 2943 ms pause at Sat Dec 20 00:40:16 EET 2014 ***

, 1.3256832 secs] [Times: user=1.33 sys=0.00, real=1.33 secs] 
[Full GC (System.gc()) [CMS: 743633K->739624K(1397184K), 1.3334045 secs] 754570K->739624K(2010624K), [Metaspace: 10010K->10010K(10240K)]
*** PauseDetector detected a 1332 ms pause at Sat Dec 20 00:40:17 EET 2014 ***

, 1.3336214 secs] [Times: user=1.31 sys=0.00, real=1.33 secs] 
********************************
********** ROUND   36 **********
********************************
[GC (Allocation Failure) [ParNew: 545344K->68096K(613440K), 0.0583712 secs] 1284968K->853093K(2010624K), 0.0584829 secs] [Times: user=0.22 sys=0.00, real=0.05 secs] 
[GC (Allocation Failure) [ParNew: 613440K->30700K(613440K), 0.0339541 secs] 1398437K->875666K(2010624K), 0.0340048 secs] [Times: user=0.06 sys=0.00, real=0.03 secs] 
[GC (Allocation Failure) [ParNew: 576044K->68096K(613440K), 0.0557305 secs] 1421010K->956570K(2010624K), 0.0557850 secs] [Times: user=0.19 sys=0.00, real=0.05 secs] 
[GC (Allocation Failure) [ParNew: 613440K->19912K(613440K), 0.0293001 secs] 1501914K->969248K(2010624K), 0.0294207 secs] [Times: user=0.12 sys=0.00, real=0.03 secs] 
[GC (Allocation Failure) [ParNew: 565256K->68096K(613440K), 0.0555528 secs] 1514592K->1059808K(2010624K), 0.0556003 secs] [Times: user=0.20 sys=0.00, real=0.06 secs] 
[GC (Allocation Failure) [ParNew: 613440K->33399K(613440K), 0.0398925 secs] 1605152K->1087007K(2010624K), 0.0399439 secs] [Times: user=0.13 sys=0.00, real=0.04 secs] 
[GC (Allocation Failure) [ParNew: 578743K->68096K(613440K), 0.0549112 secs] 1632351K->1164555K(2010624K), 0.0549580 secs] [Times: user=0.20 sys=0.00, real=0.05 secs] 
[GC (Allocation Failure) [ParNew: 613440K->26459K(613440K), 0.0393158 secs] 1709899K->1184157K(2010624K), 0.0394640 secs] [Times: user=0.13 sys=0.00, real=0.04 secs] 
[GC (CMS Initial Mark) [1 CMS-initial-mark: 1157698K(1397184K)] 1195094K(2010624K), 0.0030603 secs] [Times: user=0.00 sys=0.00, real=0.00 secs] 
[CMS-concurrent-mark-start]
[CMS-concurrent-mark: 1.108/1.108 secs] [Times: user=3.56 sys=0.00, real=1.12 secs] 
[CMS-concurrent-preclean-start]
[CMS-concurrent-preclean: 0.064/0.067 secs] [Times: user=0.16 sys=0.00, real=0.07 secs] 
[CMS-concurrent-abortable-preclean-start]
[GC (Allocation Failure) [ParNew[CMS-concurrent-abortable-preclean: 0.059/0.375 secs] [Times: user=0.53 sys=0.00, real=0.37 secs] 
: 571803K->68096K(613440K), 0.0556869 secs] 1729501K->1268801K(2010624K), 0.0557363 secs] [Times: user=0.20 sys=0.00, real=0.06 secs] 
[GC (CMS Final Remark) [YG occupancy: 79167 K (613440 K)][Rescan (parallel) , 0.0249855 secs][weak refs processing, 0.0000199 secs][class unloading, 0.0061976 secs][scrub symbol table, 0.0010541 secs][scrub string table, 0.0003529 secs][1 CMS-remark: 1200705K(1397184K)] 1279872K(2010624K), 0.0335968 secs] [Times: user=0.16 sys=0.00, real=0.03 secs] 
[CMS-concurrent-sweep-start]
[CMS-concurrent-sweep: 0.538/0.538 secs] [Times: user=1.11 sys=0.00, real=0.54 secs] 
[CMS-concurrent-reset-start]
[CMS-concurrent-reset: 0.003/0.003 secs] [Times: user=0.00 sys=0.00, real=0.00 secs] 
[GC (Allocation Failure) [ParNew: 613440K->33003K(613440K), 0.0427957 secs] 1293294K->773769K(2010624K), 0.0428476 secs] [Times: user=0.13 sys=0.00, real=0.04 secs] 
[GC (Allocation Failure) [ParNew: 578347K->68096K(613440K), 0.0542151 secs] 1319113K->848764K(2010624K), 0.0542805 secs] [Times: user=0.13 sys=0.00, real=0.05 secs] 
[GC (Allocation Failure) [ParNew: 613440K->34136K(613440K), 0.0281260 secs] 1394108K->878211K(2010624K), 0.0281985 secs] [Times: user=0.06 sys=0.00, real=0.03 secs] 
[GC (Allocation Failure) [ParNew: 579480K->68096K(613440K), 0.0543729 secs] 1423555K->951979K(2010624K), 0.0544204 secs] [Times: user=0.17 sys=0.00, real=0.05 secs] 
[GC (Allocation Failure) [ParNew: 613440K->47903K(613440K), 0.1531390 secs] 1497323K->995217K(2010624K), 0.1531961 secs] [Times: user=0.14 sys=0.00, real=0.15 secs] 
[GC (Allocation Failure) [ParNew (0: promotion failure size = 1237)  (1: promotion failure size = 109)  (2: promotion failure size = 1237)  (3: promotion failure size = 109)  (4: promotion failure size = 109)  (5: promotion failure size = 1237)  (6: promotion failure size = 1237)  (7: promotion failure size = 1237)  (promotion failed): 593247K->613440K(613440K), 1.4230199 secs][CMS: 963236K->743044K(1397184K), 1.6364985 secs] 1540561K->743044K(2010624K), [Metaspace: 10010K->10010K(10240K)], 3.0596954 secs] [Times: user=3.17 sys=0.42, real=3.05 secs] 

*** PauseDetector detected a 3053 ms pause at Sat Dec 20 00:40:43 EET 2014 ***

[GC (Allocation Failure) [ParNew: 545344K->27377K(613440K), 0.0070612 secs] 1288388K->770421K(2010624K), 0.0071119 secs] [Times: user=0.06 sys=0.00, real=0.01 secs] 
[GC (Allocation Failure) [ParNew: 572721K->68096K(613440K), 0.0504292 secs] 1315765K->852110K(2010624K), 0.0504805 secs] [Times: user=0.19 sys=0.00, real=0.05 secs] 
[GC (Allocation Failure) [ParNew: 613440K->33843K(613440K), 0.0282569 secs] 1397454K->880724K(2010624K), 0.0282999 secs] [Times: user=0.06 sys=0.00, real=0.03 secs] 
[GC (Allocation Failure) [ParNew: 579187K->68096K(613440K), 0.1669304 secs] 1426068K->982998K(2010624K), 0.1670067 secs] [Times: user=0.70 sys=0.00, real=0.16 secs] 
[GC (Allocation Failure) [ParNew: 613440K->27326K(613440K), 0.0816482 secs] 1528342K->1007378K(2010624K), 0.0817041 secs] [Times: user=0.33 sys=0.00, real=0.08 secs] 
[GC (Allocation Failure) [ParNew: 572670K->68096K(613440K), 0.1900438 secs] 1552722K->1105213K(2010624K), 0.1901054 secs] [Times: user=0.89 sys=0.00, real=0.19 secs] 
[GC (Allocation Failure) [ParNew: 613440K->34228K(613440K), 0.0700177 secs] 1650557K->1134984K(2010624K), 0.0700665 secs] [Times: user=0.26 sys=0.00, real=0.07 secs] 
[GC (Allocation Failure) [ParNew: 579572K->68096K(613440K), 0.1618279 secs] 1680328K->1223161K(2010624K), 0.1618754 secs] [Times: user=0.69 sys=0.00, real=0.16 secs] 
[GC (Allocation Failure) [ParNew: 613440K->27346K(613440K), 0.0633030 secs] 1768505K->1246123K(2010624K), 0.0633627 secs] [Times: user=0.22 sys=0.00, real=0.06 secs] 
[GC (CMS Initial Mark) [1 CMS-initial-mark: 1218776K(1397184K)] 1246125K(2010624K), 0.0053328 secs] [Times: user=0.00 sys=0.00, real=0.01 secs] 
[CMS-concurrent-mark-start]
[CMS-concurrent-mark: 1.136/1.136 secs] [Times: user=4.04 sys=0.00, real=1.14 secs] 
[CMS-concurrent-preclean-start]
[CMS-concurrent-preclean: 0.246/0.259 secs] [Times: user=0.53 sys=0.00, real=0.26 secs] 
[CMS-concurrent-abortable-preclean-start]
[GC (Allocation Failure) [ParNew[CMS-concurrent-abortable-preclean: 0.086/0.548 secs] [Times: user=0.98 sys=0.00, real=0.55 secs] 
: 572690K->68096K(613440K), 0.1489733 secs] 1791467K->1337114K(2010624K), 0.1490233 secs] [Times: user=0.62 sys=0.00, real=0.15 secs] 
[GC (CMS Final Remark) [YG occupancy: 79033 K (613440 K)][Rescan (parallel) , 0.0838707 secs][weak refs processing, 0.0000173 secs][class unloading, 0.0067398 secs][scrub symbol table, 0.0011138 secs][scrub string table, 0.0003541 secs][1 CMS-remark: 1269018K(1397184K)] 1348051K(2010624K), 0.0930959 secs] [Times: user=0.61 sys=0.00, real=0.09 secs] 
[CMS-concurrent-sweep-start]
[CMS-concurrent-sweep: 0.830/0.830 secs] [Times: user=1.68 sys=0.00, real=0.84 secs] 
[CMS-concurrent-reset-start]
[CMS-concurrent-reset: 0.003/0.003 secs] [Times: user=0.03 sys=0.00, real=0.00 secs] 
[GC (Allocation Failure) [ParNew: 613440K->41109K(613440K), 0.0584578 secs] 1304650K->795878K(2010624K), 0.0585047 secs] [Times: user=0.14 sys=0.00, real=0.05 secs] 
[GC (Allocation Failure) [ParNew: 586453K->68096K(613440K), 0.1270461 secs] 1341222K->871836K(2010624K), 0.1270923 secs] [Times: user=0.53 sys=0.00, real=0.13 secs] 
[GC (Allocation Failure) [ParNew: 613440K->20527K(613440K), 0.0536229 secs] 1417180K->887859K(2010624K), 0.0536730 secs] [Times: user=0.19 sys=0.00, real=0.05 secs] 
[GC (Allocation Failure) [ParNew: 565871K->68096K(613440K), 0.1232313 secs] 1433203K->981968K(2010624K), 0.1232820 secs] [Times: user=0.44 sys=0.00, real=0.12 secs] 
[GC (Allocation Failure) [ParNew (0: promotion failure size = 4167)  (1: promotion failure size = 4167)  (2: promotion failure size = 4167)  (3: promotion failure size = 4167)  (4: promotion failure size = 4167)  (5: promotion failure size = 4167)  (6: promotion failure size = 4167)  (7: promotion failure size = 4167)  (promotion failed): 613440K->579599K(613440K), 0.2456633 secs][CMS: 975890K->750885K(1397184K), 1.8777522 secs] 1527312K->750885K(2010624K), [Metaspace: 10010K->10010K(10240K)], 2.1234854 secs]
*** PauseDetector detected a 2128 ms pause at Sat Dec 20 00:41:09 EET 2014 ***

 [Times: user=2.22 sys=0.00, real=2.11 secs] 
[GC (Allocation Failure) [ParNew: 545344K->68096K(613440K), 0.0987603 secs] 1296229K->867838K(2010624K), 0.0988065 secs] [Times: user=0.36 sys=0.00, real=0.09 secs] 
[GC (Allocation Failure) [ParNew: 613440K->26697K(613440K), 0.0496721 secs] 1413182K->888943K(2010624K), 0.0497234 secs] [Times: user=0.19 sys=0.00, real=0.05 secs] 
[GC (Allocation Failure) [ParNew: 572041K->68096K(613440K), 0.0943752 secs] 1434287K->976698K(2010624K), 0.0944265 secs] [Times: user=0.34 sys=0.00, real=0.09 secs] 
[GC (Allocation Failure) [ParNew: 613440K->27038K(613440K), 0.0608528 secs] 1522042K->998670K(2010624K), 0.0608997 secs] [Times: user=0.19 sys=0.00, real=0.05 secs] 
[GC (Allocation Failure) [ParNew: 572382K->68096K(613440K), 0.0901279 secs] 1544014K->1084513K(2010624K), 0.0901767 secs] [Times: user=0.33 sys=0.00, real=0.09 secs] 
[GC (Allocation Failure) [ParNew: 613440K->20554K(613440K), 0.0423491 secs] 1629857K->1100771K(2010624K), 0.0423992 secs] [Times: user=0.14 sys=0.00, real=0.04 secs] 
[GC (Allocation Failure) [ParNew: 565898K->68096K(613440K), 0.0812607 secs] 1646115K->1191688K(2010624K), 0.0813076 secs] [Times: user=0.34 sys=0.00, real=0.08 secs] 
[GC (Allocation Failure) [ParNew: 613440K->27426K(613440K), 0.0588774 secs] 1737032K->1214570K(2010624K), 0.0589230 secs] [Times: user=0.20 sys=0.00, real=0.05 secs] 
[GC (CMS Initial Mark) [1 CMS-initial-mark: 1187144K(1397184K)] 1214570K(2010624K), 0.0043428 secs] [Times: user=0.02 sys=0.00, real=0.01 secs] 
[CMS-concurrent-mark-start]
[CMS-concurrent-mark: 1.100/1.100 secs] [Times: user=3.62 sys=0.00, real=1.10 secs] 
[CMS-concurrent-preclean-start]
[CMS-concurrent-preclean: 0.121/0.128 secs] [Times: user=0.25 sys=0.00, real=0.13 secs] 
[CMS-concurrent-abortable-preclean-start]
[GC (Allocation Failure) [ParNew[CMS-concurrent-abortable-preclean: 0.078/0.487 secs] [Times: user=0.76 sys=0.00, real=0.49 secs] 
: 572770K->68096K(613440K), 0.0812011 secs] 1759914K->1298951K(2010624K), 0.0812524 secs] [Times: user=0.36 sys=0.00, real=0.08 secs] 
[GC (CMS Final Remark) [YG occupancy: 79033 K (613440 K)][Rescan (parallel) , 0.0430658 secs][weak refs processing, 0.0000154 secs][class unloading, 0.0063189 secs][scrub symbol table, 0.0010592 secs][scrub string table, 0.0003529 secs][1 CMS-remark: 1230855K(1397184K)] 1309888K(2010624K), 0.0517925 secs] [Times: user=0.25 sys=0.00, real=0.05 secs] 
[CMS-concurrent-sweep-start]
[CMS-concurrent-sweep: 0.611/0.611 secs] [Times: user=1.25 sys=0.00, real=0.62 secs] 
[CMS-concurrent-reset-start]
[CMS-concurrent-reset: 0.003/0.003 secs] [Times: user=0.00 sys=0.00, real=0.00 secs] 
[GC (Allocation Failure) [ParNew: 613440K->20376K(613440K), 0.0393504 secs] 1295360K->765073K(2010624K), 0.0395012 secs] [Times: user=0.13 sys=0.00, real=0.04 secs] 
[GC (Allocation Failure) [ParNew: 565720K->68096K(613440K), 0.0739833 secs] 1310417K->855496K(2010624K), 0.0740308 secs] [Times: user=0.28 sys=0.00, real=0.07 secs] 
[GC (Allocation Failure) [ParNew: 613440K->34257K(613440K), 0.0477005 secs] 1400840K->885269K(2010624K), 0.0478532 secs] [Times: user=0.20 sys=0.00, real=0.04 secs] 
[GC (Allocation Failure) [ParNew (0: promotion failure size = 2779)  (1: promotion failure size = 2779)  (3: promotion failure size = 2779)  (5: promotion failure size = 2779)  (6: promotion failure size = 2779)  (7: promotion failure size = 2779)  (promotion failed): 579601K->613440K(613440K), 0.2089023 secs][CMS: 893344K->745715K(1397184K), 1.7087489 secs]
*** PauseDetector detected a 1919 ms pause at Sat Dec 20 00:41:31 EET 2014 ***

 1430613K->745715K(2010624K), [Metaspace: 10010K->10010K(10240K)], 1.9178385 secs] [Times: user=2.09 sys=0.00, real=1.91 secs] 
[GC (Allocation Failure) [ParNew: 545344K->34227K(613440K), 0.0062105 secs] 1291059K->779942K(2010624K), 0.0062586 secs] [Times: user=0.06 sys=0.02, real=0.01 secs] 
[GC (Allocation Failure) [ParNew: 579571K->68096K(613440K), 0.0650122 secs] 1325286K->857763K(2010624K), 0.0650590 secs] [Times: user=0.27 sys=0.00, real=0.06 secs] 
[GC (Allocation Failure) [ParNew: 613440K->33753K(613440K), 0.0339188 secs] 1403107K->886479K(2010624K), 0.0340786 secs] [Times: user=0.12 sys=0.00, real=0.03 secs] 
[GC (Allocation Failure) [ParNew: 579097K->68096K(613440K), 0.0638945 secs] 1431823K->963274K(2010624K), 0.0640023 secs] [Times: user=0.28 sys=0.00, real=0.06 secs] 
[GC (Allocation Failure) [ParNew: 613440K->34040K(613440K), 0.0331111 secs] 1508618K->992667K(2010624K), 0.0331618 secs] [Times: user=0.13 sys=0.00, real=0.03 secs] 
[GC (Allocation Failure) [ParNew: 579384K->68096K(613440K), 0.0632658 secs] 1538011K->1071799K(2010624K), 0.0633216 secs] [Times: user=0.23 sys=0.00, real=0.06 secs] 
[GC (Allocation Failure) [ParNew: 613440K->19445K(613440K), 0.0376810 secs] 1617143K->1082894K(2010624K), 0.0377240 secs] [Times: user=0.12 sys=0.00, real=0.03 secs] 
[GC (Allocation Failure) [ParNew: 564789K->68096K(613440K), 0.0634910 secs] 1628238K->1174980K(2010624K), 0.0635391 secs] [Times: user=0.25 sys=0.00, real=0.06 secs] 
[GC (Allocation Failure) [ParNew: 613440K->33077K(613440K), 0.0313410 secs] 1720324K->1201087K(2010624K), 0.0313897 secs] [Times: user=0.13 sys=0.00, real=0.03 secs] 
[GC (CMS Initial Mark) [1 CMS-initial-mark: 1168009K(1397184K)] 1212024K(2010624K), 0.0027331 secs] [Times: user=0.00 sys=0.00, real=0.00 secs] 
[CMS-concurrent-mark-start]
[CMS-concurrent-mark: 1.234/1.234 secs] [Times: user=3.99 sys=0.00, real=1.23 secs] 
[CMS-concurrent-preclean-start]
[CMS-concurrent-preclean: 0.081/0.086 secs] [Times: user=0.19 sys=0.00, real=0.09 secs] 
[CMS-concurrent-abortable-preclean-start]
[GC (Allocation Failure) [ParNew[CMS-concurrent-abortable-preclean: 0.042/0.249 secs] [Times: user=0.41 sys=0.00, real=0.25 secs] 
: 578421K->68096K(613440K), 0.0606469 secs] 1746431K->1277580K(2010624K), 0.0607078 secs] [Times: user=0.27 sys=0.00, real=0.06 secs] 
[GC (CMS Final Remark) [YG occupancy: 68179 K (613440 K)][Rescan (parallel) , 0.0355318 secs][weak refs processing, 0.0000212 secs][class unloading, 0.0095774 secs][scrub symbol table, 0.0015526 secs][scrub string table, 0.0005235 secs][1 CMS-remark: 1209484K(1397184K)] 1277664K(2010624K), 0.0486263 secs] [Times: user=0.17 sys=0.00, real=0.05 secs] 
[CMS-concurrent-sweep-start]
[CMS-concurrent-sweep: 0.543/0.543 secs] [Times: user=1.11 sys=0.00, real=0.54 secs] 
[CMS-concurrent-reset-start]
[CMS-concurrent-reset: 0.003/0.003 secs] [Times: user=0.00 sys=0.00, real=0.00 secs] 
[GC (Allocation Failure) [ParNew: 613440K->33848K(613440K), 0.0319101 secs] 1291907K->775216K(2010624K), 0.0319627 secs] [Times: user=0.13 sys=0.00, real=0.03 secs] 
[GC (Allocation Failure) [ParNew: 579192K->68096K(613440K), 0.0602600 secs] 1320560K->850251K(2010624K), 0.0603158 secs] [Times: user=0.19 sys=0.00, real=0.06 secs] 
[GC (Allocation Failure) [ParNew: 613440K->41041K(613440K), 0.0308033 secs] 1395595K->886665K(2010624K), 0.0308521 secs] [Times: user=0.14 sys=0.00, real=0.03 secs] 
[GC (Allocation Failure) [ParNew: 586385K->68096K(613440K), 0.0656756 secs] 1432009K->954419K(2010624K), 0.0657288 secs] [Times: user=0.28 sys=0.00, real=0.07 secs] 
[GC (Allocation Failure) [ParNew (0: promotion failure size = 1854)  (1: promotion failure size = 1854)  (2: promotion failure size = 1854)  (3: promotion failure size = 1854)  (4: promotion failure size = 1854)  (5: promotion failure size = 1854)  (6: promotion failure size = 1854)  (7: promotion failure size = 1854)  (promotion failed): 613440K->593255K(613440K), 0.5820858 secs][CMS: 946053K->745156K(1397184K), 1.6700683 secs] 1499763K->745156K(2010624K), [Metaspace: 10010K->10010K(10240K)], 2.2523363 secs] [Times: user=2.32 sys=0.08, real=2.25 secs] 

*** PauseDetector detected a 2248 ms pause at Sat Dec 20 00:41:56 EET 2014 ***

[GC (Allocation Failure) [ParNew: 545344K->68096K(613440K), 0.0541368 secs] 1290500K->854288K(2010624K), 0.0541830 secs] [Times: user=0.28 sys=0.00, real=0.05 secs] 
[GC (Allocation Failure) [ParNew: 613440K->27375K(613440K), 0.0304171 secs] 1399632K->877375K(2010624K), 0.0305223 secs] [Times: user=0.06 sys=0.00, real=0.03 secs] 
[GC (Allocation Failure) [ParNew: 572719K->68096K(613440K), 0.0538532 secs] 1422719K->961205K(2010624K), 0.0539001 secs] [Times: user=0.20 sys=0.00, real=0.05 secs] 
[GC (Allocation Failure) [ParNew: 613440K->33178K(613440K), 0.0326877 secs] 1506549K->987608K(2010624K), 0.0327428 secs] [Times: user=0.12 sys=0.00, real=0.03 secs] 
[GC (Allocation Failure) [ParNew: 578522K->68096K(613440K), 0.0534779 secs] 1532952K->1063730K(2010624K), 0.0535344 secs] [Times: user=0.19 sys=0.00, real=0.05 secs] 
[GC (Allocation Failure) [ParNew: 613440K->27039K(613440K), 0.0392632 secs] 1609074K->1085461K(2010624K), 0.0393126 secs] [Times: user=0.13 sys=0.00, real=0.04 secs] 
[GC (Allocation Failure) [ParNew: 572383K->68096K(613440K), 0.0539366 secs] 1630805K->1166840K(2010624K), 0.0539873 secs] [Times: user=0.19 sys=0.00, real=0.05 secs] 
[GC (Allocation Failure) [ParNew: 613440K->20437K(613440K), 0.0413849 secs] 1712184K->1182201K(2010624K), 0.0415016 secs] [Times: user=0.13 sys=0.00, real=0.04 secs] 
[GC (CMS Initial Mark) [1 CMS-initial-mark: 1161764K(1397184K)] 1182286K(2010624K), 0.0039900 secs] [Times: user=0.00 sys=0.00, real=0.00 secs] 
[CMS-concurrent-mark-start]
[CMS-concurrent-mark: 1.089/1.089 secs] [Times: user=3.51 sys=0.00, real=1.10 secs] 
[CMS-concurrent-preclean-start]
[CMS-concurrent-preclean: 0.063/0.068 secs] [Times: user=0.13 sys=0.00, real=0.07 secs] 
[CMS-concurrent-abortable-preclean-start]
[GC (Allocation Failure) [ParNew[CMS-concurrent-abortable-preclean: 0.064/0.400 secs] [Times: user=0.67 sys=0.00, real=0.40 secs] 
: 565781K->68096K(613440K), 0.0535940 secs] 1727545K->1273479K(2010624K), 0.0536441 secs] [Times: user=0.26 sys=0.00, real=0.05 secs] 
[GC (CMS Final Remark) [YG occupancy: 79032 K (613440 K)][Rescan (parallel) , 0.0256322 secs][weak refs processing, 0.0000205 secs][class unloading, 0.0075424 secs][scrub symbol table, 0.0011657 secs][scrub string table, 0.0003689 secs][1 CMS-remark: 1205383K(1397184K)] 1284416K(2010624K), 0.0357262 secs] [Times: user=0.09 sys=0.00, real=0.04 secs] 
[CMS-concurrent-sweep-start]
[CMS-concurrent-sweep: 0.518/0.518 secs] [Times: user=1.03 sys=0.00, real=0.52 secs] 
[CMS-concurrent-reset-start]
[CMS-concurrent-reset: 0.003/0.003 secs] [Times: user=0.00 sys=0.00, real=0.00 secs] 
[GC (Allocation Failure) [ParNew: 613440K->32496K(613440K), 0.0274781 secs] 1293666K->772342K(2010624K), 0.0275275 secs] [Times: user=0.06 sys=0.00, real=0.02 secs] 
[GC (Allocation Failure) [ParNew: 577840K->68096K(613440K), 0.0515397 secs] 1317686K->848959K(2010624K), 0.0515866 secs] [Times: user=0.19 sys=0.00, real=0.05 secs] 
[GC (Allocation Failure) [ParNew: 613440K->26826K(613440K), 0.0396250 secs] 1394303K->869932K(2010624K), 0.0396738 secs] [Times: user=0.14 sys=0.00, real=0.04 secs] 
[GC (Allocation Failure) [ParNew: 572170K->68096K(613440K), 0.0598000 secs] 1415276K->950864K(2010624K), 0.0598501 secs] [Times: user=0.22 sys=0.00, real=0.06 secs] 
[GC (Allocation Failure) [ParNew (0: promotion failure size = 113)  (1: promotion failure size = 113)  (2: promotion failure size = 113)  (3: promotion failure size = 113)  (4: promotion failure size = 113)  (5: promotion failure size = 1237)  (6: promotion failure size = 113)  (7: promotion failure size = 113)  (promotion failed): 613440K->572729K(613440K), 1.8282771 secs][CMS: 907362K->744126K(1397184K), 1.6674718 secs] 1496208K->744126K(2010624K), [Metaspace: 10010K->10010K(10240K)], 3.4958317 secs] [Times: user=3.59 sys=0.47, real=3.49 secs] 

*** PauseDetector detected a 3493 ms pause at Sat Dec 20 00:42:20 EET 2014 ***

[GC (Allocation Failure) [ParNew: 545344K->68096K(613440K), 0.1617548 secs] 1289470K->881185K(2010624K), 0.1618042 secs] [Times: user=0.69 sys=0.00, real=0.16 secs] 
[GC (Allocation Failure) [ParNew: 613440K->40973K(613440K), 0.0860231 secs] 1426529K->918767K(2010624K), 0.0860719 secs] [Times: user=0.33 sys=0.00, real=0.08 secs] 
[GC (Allocation Failure) [ParNew: 586317K->68096K(613440K), 0.1865420 secs] 1464111K->1003423K(2010624K), 0.1865889 secs] [Times: user=0.87 sys=0.00, real=0.18 secs] 
[GC (Allocation Failure) [ParNew: 613440K->34091K(613440K), 0.0748764 secs] 1548767K->1032860K(2010624K), 0.0749989 secs] [Times: user=0.22 sys=0.00, real=0.07 secs] 
[GC (Allocation Failure) [ParNew: 579435K->68096K(613440K), 0.1646046 secs] 1578204K->1122050K(2010624K), 0.1646560 secs] [Times: user=0.65 sys=0.00, real=0.16 secs] 
[GC (Allocation Failure) [ParNew: 613440K->20256K(613440K), 0.0585682 secs] 1667394K->1137091K(2010624K), 0.0586259 secs] [Times: user=0.25 sys=0.00, real=0.06 secs] 
[GC (Allocation Failure) [ParNew: 565600K->68096K(613440K), 0.1426210 secs] 1682435K->1235134K(2010624K), 0.1427744 secs] [Times: user=0.62 sys=0.00, real=0.13 secs] 
[Full GC (System.gc()) [CMS: 1167038K->753037K(1397184K), 1.7928486 secs] 1631695K->753037K(2010624K), [Metaspace: 10010K->10010K(10240K)], 1.7930693 secs] [Times: user=1.78 sys=0.00, real=1.79 secs] 
[Full GC (System.gc()) [CMS: 753037K->752959K(1397184K), 1.4315888 secs] 763936K->752959K(2010624K), [Metaspace: 10010K->10010K(10240K)], 1.4317825 secs] [Times: user=1.43 sys=0.00, real=1.44 secs] 
[Full GC (System.gc()) [CMS: 752959K->748887K(1397184K), 1.8219556 secs] 763856K->748887K(2010624K), [Metaspace: 10010K->10010K(10240K)]
*** PauseDetector detected a 1789 ms pause at Sat Dec 20 00:42:35 EET 2014 ***

, 1.8221481 secs] [Times: user=1.83 sys=0.00, real=1.82 secs] 

*** PauseDetector detected a 3267 ms pause at Sat Dec 20 00:42:38 EET 2014 ***

[GC (Allocation Failure) [ParNew: 545344K->68096K(613440K), 0.1284486 secs] 1294231K->869815K(2010624K), 0.1285089 secs] [Times: user=0.51 sys=0.00, real=0.13 secs] 
[GC (Allocation Failure) [ParNew: 613440K->31588K(613440K), 0.0695776 secs] 1415159K->895368K(2010624K), 0.0696399 secs] [Times: user=0.22 sys=0.00, real=0.07 secs] 
[GC (Allocation Failure) [ParNew: 576932K->68096K(613440K), 0.1236997 secs] 1440712K->980244K(2010624K), 0.1237709 secs] [Times: user=0.53 sys=0.00, real=0.12 secs] 
[GC (Allocation Failure) [ParNew: 613440K->13495K(613440K), 0.0628584 secs] 1525588K->987623K(2010624K), 0.0629078 secs] [Times: user=0.20 sys=0.00, real=0.06 secs] 
[GC (Allocation Failure) [ParNew: 558839K->68096K(613440K), 0.1103883 secs] 1532967K->1088114K(2010624K), 0.1104492 secs] [Times: user=0.44 sys=0.00, real=0.11 secs] 
[GC (Allocation Failure) [ParNew: 613440K->20619K(613440K), 0.0584335 secs] 1633458K->1104250K(2010624K), 0.0584957 secs] [Times: user=0.19 sys=0.00, real=0.05 secs] 
[Full GC (System.gc()) [CMS: 1083631K->668448K(1397184K), 1.5121771 secs] 1148146K->668448K(2010624K), [Metaspace: 10010K->10010K(10240K)], 1.5124588 secs] [Times: user=1.51 sys=0.00, real=1.51 secs] 
[Full GC (System.gc()) [CMS: 668448K->668459K(1397184K), 1.6788489 secs] 679421K->668459K(2010624K), [Metaspace: 10010K->10010K(10240K)], 1.6792294 secs] [Times: user=1.67 sys=0.00, real=1.68 secs] 
[Full GC (System.gc()) [CMS: 668459K->668463K(1397184K), 1.3133810 secs] 679434K->668463K(2010624K), [Metaspace: 10010K->10010K(10240K)]
*** PauseDetector detected a 3189 ms pause at Sat Dec 20 00:42:51 EET 2014 ***

, 1.3135953 secs] [Times: user=1.31 sys=0.00, real=1.31 secs] 
********************************
********** ROUND   37 **********
********************************

*** PauseDetector detected a 1321 ms pause at Sat Dec 20 00:42:53 EET 2014 ***

[GC (Allocation Failure) [ParNew: 545344K->68096K(613440K), 0.0428958 secs] 1213807K->750522K(2010624K), 0.0429426 secs] [Times: user=0.19 sys=0.00, real=0.04 secs] 
[GC (Allocation Failure) [ParNew: 613440K->34129K(613440K), 0.0432698 secs] 1295866K->780659K(2010624K), 0.0434045 secs] [Times: user=0.14 sys=0.00, real=0.04 secs] 
[GC (Allocation Failure) [ParNew: 579473K->68094K(613440K), 0.0823893 secs] 1326003K->859762K(2010624K), 0.0824483 secs] [Times: user=0.37 sys=0.00, real=0.08 secs] 
[GC (Allocation Failure) [ParNew: 613438K->27373K(613440K), 0.0485282 secs] 1405106K->884936K(2010624K), 0.0485833 secs] [Times: user=0.19 sys=0.00, real=0.04 secs] 
[GC (Allocation Failure) [ParNew: 572717K->68096K(613440K), 0.0813897 secs] 1430280K->968990K(2010624K), 0.0814513 secs] [Times: user=0.31 sys=0.00, real=0.08 secs] 
[GC (Allocation Failure) [ParNew: 613440K->34276K(613440K), 0.0429060 secs] 1514334K->998865K(2010624K), 0.0430202 secs] [Times: user=0.13 sys=0.00, real=0.04 secs] 
[GC (Allocation Failure) [ParNew: 579620K->68096K(613440K), 0.0828865 secs] 1544209K->1075672K(2010624K), 0.0829391 secs] [Times: user=0.30 sys=0.00, real=0.08 secs] 
[GC (Allocation Failure) [ParNew: 613440K->27382K(613440K), 0.0374866 secs] 1621016K->1098724K(2010624K), 0.0376541 secs] [Times: user=0.13 sys=0.00, real=0.03 secs] 
[GC (Allocation Failure) [ParNew: 572726K->68096K(613440K), 0.0735496 secs] 1644068K->1182601K(2010624K), 0.0735952 secs] [Times: user=0.28 sys=0.00, real=0.07 secs] 
[GC (Allocation Failure) [ParNew: 613440K->34064K(613440K), 0.0459407 secs] 1727945K->1211599K(2010624K), 0.0459894 secs] [Times: user=0.14 sys=0.00, real=0.04 secs] 
[GC (CMS Initial Mark) [1 CMS-initial-mark: 1177535K(1397184K)] 1211601K(2010624K), 0.0044326 secs] [Times: user=0.01 sys=0.00, real=0.01 secs] 
[CMS-concurrent-mark-start]
[CMS-concurrent-mark: 1.161/1.161 secs] [Times: user=3.78 sys=0.00, real=1.16 secs] 
[CMS-concurrent-preclean-start]
[CMS-concurrent-preclean: 0.105/0.112 secs] [Times: user=0.22 sys=0.00, real=0.11 secs] 
[CMS-concurrent-abortable-preclean-start]
[GC (Allocation Failure) [ParNew[CMS-concurrent-abortable-preclean: 0.062/0.399 secs] [Times: user=0.67 sys=0.00, real=0.40 secs] 
: 579408K->68096K(613440K), 0.0753050 secs] 1756943K->1289488K(2010624K), 0.0753518 secs] [Times: user=0.27 sys=0.00, real=0.07 secs] 
[GC (CMS Final Remark) [YG occupancy: 79129 K (613440 K)][Rescan (parallel) , 0.0376496 secs][weak refs processing, 0.0000212 secs][class unloading, 0.0076213 secs][scrub symbol table, 0.0011151 secs][scrub string table, 0.0003586 secs][1 CMS-remark: 1221392K(1397184K)] 1300522K(2010624K), 0.0477724 secs] [Times: user=0.23 sys=0.00, real=0.05 secs] 
[CMS-concurrent-sweep-start]
[CMS-concurrent-sweep: 0.658/0.658 secs] [Times: user=1.33 sys=0.02, real=0.66 secs] 
[CMS-concurrent-reset-start]
[CMS-concurrent-reset: 0.003/0.003 secs] [Times: user=0.00 sys=0.00, real=0.00 secs] 
[GC (Allocation Failure) [ParNew: 613440K->26856K(613440K), 0.0399811 secs] 1295318K->770832K(2010624K), 0.0400485 secs] [Times: user=0.08 sys=0.00, real=0.04 secs] 
[GC (Allocation Failure) [ParNew: 572200K->68096K(613440K), 0.0687866 secs] 1316176K->854850K(2010624K), 0.0688372 secs] [Times: user=0.27 sys=0.00, real=0.07 secs] 
[GC (Allocation Failure) [ParNew: 613440K->33997K(613440K), 0.0364409 secs] 1400194K->883718K(2010624K), 0.0365955 secs] [Times: user=0.14 sys=0.00, real=0.03 secs] 
[GC (Allocation Failure) [ParNew (3: promotion failure size = 2779)  (promotion failed): 579341K->613440K(613440K), 0.1798126 secs][CMS: 891811K->745336K(1397184K), 2.0040965 secs] 1429062K->745336K(2010624K), [Metaspace: 10010K->10010K(10240K)], 2.1839777 secs] [Times: user=2.39 sys=0.00, real=2.18 secs] 

*** PauseDetector detected a 2186 ms pause at Sat Dec 20 00:43:17 EET 2014 ***

[GC (Allocation Failure) [ParNew: 545344K->27357K(613440K), 0.0069842 secs] 1290680K->772693K(2010624K), 0.0070522 secs] [Times: user=0.00 sys=0.00, real=0.01 secs] 
[GC (Allocation Failure) [ParNew: 572701K->68096K(613440K), 0.0643879 secs] 1318037K->855419K(2010624K), 0.0644315 secs] [Times: user=0.26 sys=0.00, real=0.06 secs] 
[GC (Allocation Failure) [ParNew: 613440K->20512K(613440K), 0.0401973 secs] 1400763K->871675K(2010624K), 0.0402441 secs] [Times: user=0.14 sys=0.00, real=0.04 secs] 
[GC (Allocation Failure) [ParNew: 565856K->68096K(613440K), 0.0600663 secs] 1417019K->963308K(2010624K), 0.0601195 secs] [Times: user=0.26 sys=0.00, real=0.06 secs] 
[GC (Allocation Failure) [ParNew: 613440K->26421K(613440K), 0.0334126 secs] 1508652K->982509K(2010624K), 0.0335294 secs] [Times: user=0.13 sys=0.00, real=0.03 secs] 
[GC (Allocation Failure) [ParNew: 571765K->68096K(613440K), 0.0588216 secs] 1527853K->1067200K(2010624K), 0.0588742 secs] [Times: user=0.20 sys=0.00, real=0.06 secs] 
[GC (Allocation Failure) [ParNew: 613440K->33240K(613440K), 0.0306545 secs] 1612544K->1093827K(2010624K), 0.0307020 secs] [Times: user=0.08 sys=0.00, real=0.03 secs] 
[GC (Allocation Failure) [ParNew: 578584K->68096K(613440K), 0.0590128 secs] 1639171K->1170016K(2010624K), 0.0590641 secs] [Times: user=0.26 sys=0.00, real=0.06 secs] 
[GC (Allocation Failure) [ParNew: 613440K->40703K(613440K), 0.0319428 secs] 1715360K->1205638K(2010624K), 0.0319935 secs] [Times: user=0.13 sys=0.00, real=0.03 secs] 
[GC (CMS Initial Mark) [1 CMS-initial-mark: 1164935K(1397184K)] 1205753K(2010624K), 0.0026619 secs] [Times: user=0.00 sys=0.00, real=0.00 secs] 
[CMS-concurrent-mark-start]
[CMS-concurrent-mark: 1.142/1.142 secs] [Times: user=3.60 sys=0.00, real=1.15 secs] 
[CMS-concurrent-preclean-start]
[CMS-concurrent-preclean: 0.074/0.079 secs] [Times: user=0.16 sys=0.00, real=0.08 secs] 
[CMS-concurrent-abortable-preclean-start]
[GC (Allocation Failure) [ParNew[CMS-concurrent-abortable-preclean: 0.060/0.365 secs] [Times: user=0.51 sys=0.00, real=0.37 secs] 
: 586047K->68096K(613440K), 0.0590179 secs] 1750982K->1276519K(2010624K), 0.0590693 secs] [Times: user=0.28 sys=0.00, real=0.06 secs] 
[GC (CMS Final Remark) [YG occupancy: 79102 K (613440 K)][Rescan (parallel) , 0.0277238 secs][weak refs processing, 0.0000199 secs][class unloading, 0.0062194 secs][scrub symbol table, 0.0010573 secs][scrub string table, 0.0003548 secs][1 CMS-remark: 1208423K(1397184K)] 1287525K(2010624K), 0.0363632 secs] [Times: user=0.16 sys=0.00, real=0.03 secs] 
[CMS-concurrent-sweep-start]
[CMS-concurrent-sweep: 0.534/0.534 secs] [Times: user=1.09 sys=0.00, real=0.54 secs] 
[CMS-concurrent-reset-start]
[CMS-concurrent-reset: 0.002/0.002 secs] [Times: user=0.00 sys=0.00, real=0.00 secs] 
[GC (Allocation Failure) [ParNew: 613440K->19745K(613440K), 0.0343821 secs] 1293890K->760854K(2010624K), 0.0344347 secs] [Times: user=0.12 sys=0.00, real=0.03 secs] 
[GC (Allocation Failure) [ParNew: 565089K->68096K(613440K), 0.0554431 secs] 1306198K->851572K(2010624K), 0.0554893 secs] [Times: user=0.20 sys=0.00, real=0.05 secs] 
[GC (Allocation Failure) [ParNew: 613440K->40020K(613440K), 0.0406868 secs] 1396916K->885252K(2010624K), 0.0407381 secs] [Times: user=0.14 sys=0.00, real=0.04 secs] 
[GC (Allocation Failure) [ParNew: 585364K->68096K(613440K), 0.0640453 secs] 1430596K->953864K(2010624K), 0.0640909 secs] [Times: user=0.25 sys=0.00, real=0.06 secs] 
[GC (Allocation Failure) [ParNew (0: promotion failure size = 1854)  (1: promotion failure size = 1854)  (2: promotion failure size = 1854)  (3: promotion failure size = 1854)  (4: promotion failure size = 1854)  (5: promotion failure size = 93)  (6: promotion failure size = 1854)  (7: promotion failure size = 1854)  (promotion failed): 613440K->593172K(613440K), 0.9518298 secs][CMS: 938670K->744955K(1397184K), 1.6712899 secs] 1499208K->744955K(2010624K), [Metaspace: 10010K->10010K(10240K)], 2.6232641 secs] [Times: user=2.67 sys=0.28, real=2.62 secs] 

*** PauseDetector detected a 2622 ms pause at Sat Dec 20 00:43:42 EET 2014 ***

[GC (Allocation Failure) [ParNew: 545344K->68096K(613440K), 0.0537480 secs] 1290299K->856698K(2010624K), 0.0537981 secs] [Times: user=0.19 sys=0.00, real=0.05 secs] 
[GC (Allocation Failure) [ParNew: 613440K->46083K(613440K), 0.0380114 secs] 1402042K->895600K(2010624K), 0.0380602 secs] [Times: user=0.14 sys=0.00, real=0.03 secs] 
[GC (Allocation Failure) [ParNew: 591427K->68096K(613440K), 0.0524963 secs] 1440944K->959426K(2010624K), 0.0525438 secs] [Times: user=0.22 sys=0.00, real=0.05 secs] 
[GC (Allocation Failure) [ParNew: 613440K->33260K(613440K), 0.0382989 secs] 1504770K->986462K(2010624K), 0.0385638 secs] [Times: user=0.17 sys=0.00, real=0.04 secs] 
[GC (Allocation Failure) [ParNew: 578604K->68096K(613440K), 0.0519471 secs] 1531806K->1063672K(2010624K), 0.0519972 secs] [Times: user=0.20 sys=0.00, real=0.05 secs] 
[GC (Allocation Failure) [ParNew: 613440K->39559K(613440K), 0.0319967 secs] 1609016K->1096201K(2010624K), 0.0320486 secs] [Times: user=0.17 sys=0.00, real=0.03 secs] 
[GC (Allocation Failure) [ParNew: 584903K->68096K(613440K), 0.0527889 secs] 1641545K->1165493K(2010624K), 0.0528344 secs] [Times: user=0.20 sys=0.00, real=0.05 secs] 
[GC (Allocation Failure) [ParNew: 613440K->33651K(613440K), 0.0441449 secs] 1710837K->1193489K(2010624K), 0.0441975 secs] [Times: user=0.13 sys=0.00, real=0.04 secs] 
[GC (Allocation Failure) [ParNew: 578995K->68096K(613440K), 0.0528973 secs] 1738833K->1269947K(2010624K), 0.0529473 secs] [Times: user=0.20 sys=0.00, real=0.05 secs] 
[GC (CMS Initial Mark) [1 CMS-initial-mark: 1201851K(1397184K)] 1269949K(2010624K), 0.0034805 secs] [Times: user=0.00 sys=0.00, real=0.00 secs] 
[CMS-concurrent-mark-start]
[CMS-concurrent-mark: 1.203/1.203 secs] [Times: user=3.71 sys=0.00, real=1.21 secs] 
[CMS-concurrent-preclean-start]
[CMS-concurrent-preclean: 0.005/0.005 secs] [Times: user=0.00 sys=0.00, real=0.01 secs] 
[CMS-concurrent-abortable-preclean-start]
[GC (Allocation Failure) [ParNew[CMS-concurrent-abortable-preclean: 0.112/0.211 secs] [Times: user=0.42 sys=0.00, real=0.21 secs] 
: 613440K->33100K(613440K), 0.0293521 secs] 1815291K->1296155K(2010624K), 0.0294092 secs] [Times: user=0.12 sys=0.00, real=0.03 secs] 
[GC (CMS Final Remark) [YG occupancy: 43998 K (613440 K)][Rescan (parallel) , 0.0068315 secs][weak refs processing, 0.0000154 secs][class unloading, 0.0056722 secs][scrub symbol table, 0.0010695 secs][scrub string table, 0.0004587 secs][1 CMS-remark: 1263054K(1397184K)] 1307053K(2010624K), 0.0149192 secs] [Times: user=0.00 sys=0.00, real=0.01 secs] 
[CMS-concurrent-sweep-start]
[CMS-concurrent-sweep: 0.528/0.528 secs] [Times: user=1.50 sys=0.00, real=0.53 secs] 
[CMS-concurrent-reset-start]
[CMS-concurrent-reset: 0.003/0.003 secs] [Times: user=0.00 sys=0.00, real=0.00 secs] 
[GC (Allocation Failure) [ParNew: 578444K->68096K(613440K), 0.1638822 secs] 1318156K->875342K(2010624K), 0.1639336 secs] [Times: user=0.73 sys=0.00, real=0.16 secs] 
[GC (Allocation Failure) [ParNew: 613440K->27236K(613440K), 0.0825041 secs] 1420686K->898906K(2010624K), 0.0825567 secs] [Times: user=0.28 sys=0.00, real=0.08 secs] 
[GC (Allocation Failure) [ParNew: 572580K->68096K(613440K), 0.1962959 secs] 1444250K->997060K(2010624K), 0.1963492 secs] [Times: user=0.87 sys=0.00, real=0.19 secs] 
[GC (Allocation Failure) [ParNew (0: promotion failure size = 9372)  (1: promotion failure size = 9372)  (2: promotion failure size = 9372)  (3: promotion failure size = 9372)  (4: promotion failure size = 9372)  (5: promotion failure size = 9372)  (6: promotion failure size = 9372)  (7: promotion failure size = 9372)  (promotion failed): 613440K->565854K(613440K), 3.6272925 secs][CMS: 982744K->760558K(1397184K), 1.9104302 secs] 1542404K->760558K(2010624K), [Metaspace: 10010K->10010K(10240K)]
*** PauseDetector detected a 5532 ms pause at Sat Dec 20 00:44:09 EET 2014 ***

, 5.5377946 secs] [Times: user=5.71 sys=0.62, real=5.53 secs] 
[GC (Allocation Failure) [ParNew: 545344K->68096K(613440K), 0.1535028 secs] 1305902K->885385K(2010624K), 0.1536709 secs] [Times: user=0.70 sys=0.00, real=0.14 secs] 
[GC (Allocation Failure) [ParNew: 613440K->27384K(613440K), 0.0601336 secs] 1430729K->909085K(2010624K), 0.0601805 secs] [Times: user=0.20 sys=0.00, real=0.06 secs] 
[GC (Allocation Failure) [ParNew: 572728K->68096K(613440K), 0.1364170 secs] 1454429K->1000071K(2010624K), 0.1364670 secs] [Times: user=0.55 sys=0.00, real=0.13 secs] 
[GC (Allocation Failure) [ParNew: 613440K->41123K(613440K), 0.0594317 secs] 1545415K->1037277K(2010624K), 0.0594863 secs] [Times: user=0.16 sys=0.00, real=0.05 secs] 
[GC (Allocation Failure) [ParNew: 586467K->68096K(613440K), 0.1274349 secs] 1582621K->1113301K(2010624K), 0.1275498 secs] [Times: user=0.51 sys=0.01, real=0.13 secs] 
[GC (Allocation Failure) [ParNew: 613440K->41055K(613440K), 0.0580004 secs] 1658645K->1149881K(2010624K), 0.0581563 secs] [Times: user=0.19 sys=0.00, real=0.06 secs] 
[GC (Allocation Failure) [ParNew: 586399K->68096K(613440K), 0.1153823 secs] 1695225K->1223435K(2010624K), 0.1154388 secs] [Times: user=0.51 sys=0.00, real=0.12 secs] 
[GC (Allocation Failure) [ParNew: 613440K->20529K(613440K), 0.0500519 secs] 1768779K->1239378K(2010624K), 0.0501103 secs] [Times: user=0.22 sys=0.00, real=0.05 secs] 
[GC (CMS Initial Mark) [1 CMS-initial-mark: 1218849K(1397184K)] 1239381K(2010624K), 0.0053681 secs] [Times: user=0.00 sys=0.00, real=0.01 secs] 
[CMS-concurrent-mark-start]
[CMS-concurrent-mark: 1.201/1.201 secs] [Times: user=4.04 sys=0.00, real=1.20 secs] 
[CMS-concurrent-preclean-start]
[CMS-concurrent-preclean: 0.167/0.179 secs] [Times: user=0.34 sys=0.00, real=0.18 secs] 
[CMS-concurrent-abortable-preclean-start]
[GC (Allocation Failure) [ParNew[CMS-concurrent-abortable-preclean: 0.076/0.492 secs] [Times: user=0.66 sys=0.00, real=0.49 secs] 
: 565873K->68096K(613440K), 0.1239031 secs] 1784722K->1333362K(2010624K), 0.1239499 secs] [Times: user=0.51 sys=0.00, real=0.12 secs] 
[GC (CMS Final Remark) [YG occupancy: 68098 K (613440 K)][Rescan (parallel) , 