[GC (Allocation Failure) [DefNew: 1024K->127K(1152K), 0.0020101 secs] 1024K->560K(130944K), 0.0020595 secs] [Times: user=0.00 sys=0.00, real=0.00 secs] 
[Full GC (System.gc()) [Tenured: 433K->742K(129792K), 0.0026369 secs] 1376K->742K(130944K), [Metaspace: 2923K->2923K(8192K)], 0.0028236 secs] [Times: user=0.00 sys=0.00, real=0.00 secs] 
[GC (Allocation Failure) [DefNew: 52032K->6463K(58496K), 0.0792648 secs] 52774K->30430K(188288K), 0.0794149 secs] [Times: user=0.05 sys=0.03, real=0.08 secs] 
[GC (Allocation Failure) [DefNew: 58495K->139K(58496K), 0.0398059 secs] 82462K->30549K(188288K), 0.0398695 secs] [Times: user=0.05 sys=0.00, real=0.04 secs] 

*********************************************************************
* Jillegal by Serkan OZAL (https://github.com/serkan-ozal/jillegal) *
*********************************************************************

JVM Name                   : Java HotSpot(TM) 64-Bit Server VM
JVM Version                : 25.5-b02
JVM Vendor                 : Oracle Corporation
Java Version               : 1.8.0_05
Java Specification Version : 1.8
Java Runtime Version       : 1.8.0_05-b13
Java Vendor                : Oracle Corporation
Word Size                  : 8 byte
Running 64-bit HotSpot VM.
Objects are 8 bytes aligned.

[GC (Allocation Failure) [DefNew: 52171K->6043K(58496K), 0.0147043 secs] 82581K->44645K(188288K), 0.0147466 secs] [Times: user=0.03 sys=0.00, real=0.02 secs] 
[GC (Allocation Failure) [DefNew: 58075K->5852K(58496K), 0.0163737 secs] 96677K->47034K(188288K), 0.0164192 secs] [Times: user=0.05 sys=0.00, real=0.02 secs] 
[GC (Allocation Failure) [DefNew: 57884K->5530K(58496K), 0.0103762 secs] 99066K->47419K(188288K), 0.0104205 secs] [Times: user=0.00 sys=0.00, real=0.01 secs] 
[GC (Allocation Failure) [DefNew: 57562K->5567K(58496K), 0.0093401 secs] 99451K->47722K(188288K), 0.0093920 secs] [Times: user=0.00 sys=0.00, real=0.01 secs] 
[GC (Allocation Failure) [DefNew: 57599K->5737K(58496K), 0.0069258 secs] 99754K->48101K(188288K), 0.0069765 secs] [Times: user=0.00 sys=0.00, real=0.01 secs] 
[GC (Allocation Failure) [DefNew: 57769K->5895K(58496K), 0.0057915 secs] 100133K->48511K(188288K), 0.0058281 secs] [Times: user=0.03 sys=0.00, real=0.01 secs] 
[GC (Allocation Failure) [DefNew: 57927K->5215K(58496K), 0.0068052 secs] 100543K->48055K(188288K), 0.0068514 secs] [Times: user=0.00 sys=0.00, real=0.01 secs] 
[GC (Allocation Failure) [DefNew: 57247K->2921K(58496K), 0.0044359 secs] 100087K->46059K(188288K), 0.0044756 secs] [Times: user=0.03 sys=0.00, real=0.01 secs] 
[GC (Allocation Failure) [DefNew: 54953K->920K(58496K), 0.0039104 secs] 98091K->44058K(188288K), 0.0039508 secs] [Times: user=0.02 sys=0.00, real=0.00 secs] 
[GC (Allocation Failure) [DefNew: 52952K->1779K(58496K), 0.0062297 secs] 96090K->44917K(188288K), 0.0062759 secs] [Times: user=0.00 sys=0.00, real=0.01 secs] 
[GC (Allocation Failure) [DefNew: 53811K->1503K(58496K), 0.0041016 secs] 96949K->44641K(188288K), 0.0041388 secs] [Times: user=0.00 sys=0.00, real=0.00 secs] 
[GC (Allocation Failure) [DefNew: 53535K->6464K(58496K), 0.0072376 secs] 96673K->51067K(188288K), 0.0072761 secs] [Times: user=0.00 sys=0.00, real=0.01 secs] 
[GC (Allocation Failure) [DefNew: 58496K->6203K(58496K), 0.0073826 secs] 103099K->52243K(188288K), 0.0074237 secs] [Times: user=0.00 sys=0.00, real=0.01 secs] 
[GC (Allocation Failure) [DefNew: 58235K->5956K(58496K), 0.0055022 secs] 104275K->52191K(188288K), 0.0056054 secs] [Times: user=0.00 sys=0.00, real=0.01 secs] 
[GC (Allocation Failure) [DefNew: 57988K->5290K(58496K), 0.0063882 secs] 104223K->51700K(188288K), 0.0064260 secs] [Times: user=0.00 sys=0.00, real=0.01 secs] 
[GC (Allocation Failure) [DefNew: 57322K->6464K(58496K), 0.0400010 secs] 103732K->64560K(188288K), 0.0400517 secs] [Times: user=0.03 sys=0.00, real=0.04 secs] 
[GC (Allocation Failure) [DefNew: 58496K->6463K(58496K), 0.1581305 secs] 116592K->112291K(188288K), 0.1581716 secs] [Times: user=0.13 sys=0.05, real=0.16 secs] 
[GC (GCLocker Initiated GC) [DefNew: 58495K->6463K(58496K), 0.1513458 secs] 164323K->158508K(210560K), 0.1513850 secs] [Times: user=0.11 sys=0.03, real=0.15 secs] 
[GC (Allocation Failure) [DefNew: 58495K->6463K(58496K), 0.1548719 secs][Tenured: 198657K->169214K(198720K), 0.4566506 secs] 210540K->169214K(257216K), [Metaspace: 8665K->8665K(10240K)], 0.6120358 secs] [Times: user=0.55 sys=0.08, real=0.61 secs] 
[GC (Allocation Failure) [DefNew: 112896K->14080K(126976K), 0.2759277 secs] 282110K->270745K(409000K), 0.2759707 secs] [Times: user=0.26 sys=0.03, real=0.28 secs] 
[GC (Allocation Failure) [DefNew: 126976K->14080K(126976K), 0.3404882 secs][Tenured: 363218K->363240K(363240K), 0.8965927 secs] 383641K->377298K(490216K), [Metaspace: 8692K->8692K(10240K)], 1.2380394 secs] [Times: user=1.14 sys=0.09, real=1.24 secs] 
[GC (Allocation Failure) [DefNew: 242176K->30272K(272448K), 1.0994873 secs] 605416K->575469K(877848K), 1.0995501 secs] [Times: user=1.00 sys=0.11, real=1.10 secs] 
[GC (Allocation Failure) [DefNew: 272448K->30272K(272448K), 0.7303970 secs][Tenured: 764641K->322651K(764760K), 1.1840341 secs] 817645K->322651K(1037208K), [Metaspace: 8696K->8696K(10240K)], 1.9311916 secs] [Times: user=1.87 sys=0.06, real=1.93 secs] 
[GC (Allocation Failure) [DefNew: 242176K->30272K(272448K), 0.4917134 secs] 564827K->537538K(877848K), 0.4918629 secs] [Times: user=0.51 sys=0.00, real=0.50 secs] 
[Full GC (System.gc()) [Tenured: 507266K->605400K(605400K), 1.6753145 secs] 623194K->613755K(877848K), [Metaspace: 8697K->8697K(10240K)], 1.6764545 secs] [Times: user=1.67 sys=0.00, real=1.67 secs] 
[GC (Allocation Failure) [DefNew: 403648K->50432K(454080K), 1.2297759 secs] 1009048K->761695K(1463080K), 1.2298176 secs] [Times: user=1.22 sys=0.01, real=1.23 secs] 

*** PauseDetector detected a 1235 ms pause at Sun Dec 21 23:26:09 EET 2014 ***

2014-12-21 23:26:09,742 main INFO [common.provider.annotation.AnnotationBasedCommonConfigProvider] Scanning started for Jillegal-Aware classes ...
2014-12-21 23:26:09,752 main INFO [common.provider.annotation.AnnotationBasedCommonConfigProvider] Scanning finished for Jillegal-Aware classes in 10 milliseconds
2014-12-21 23:26:09,753 main INFO [jillegal.config.common.CommonConfigServiceImpl] Found Jillegal-Aware classes: [class tr.com.serkanozal.jillegal.offheap.pool.SampleOffHeapWrapperClass]
2014-12-21 23:26:09,771 main INFO [serkanozal.jillegal.util.JillegalUtil] Class tr.com.serkanozal.jillegal.offheap.pool.SampleOffHeapWrapperClass will be maked Jillegal-Aware ...
[INFO] : Class tr.com.serkanozal.jillegal.offheap.pool.SampleOffHeapWrapperClass is being instrumented ...
2014-12-21 23:26:09,873 main INFO [serkanozal.jillegal.util.JillegalUtil] Class tr.com.serkanozal.jillegal.offheap.pool.SampleOffHeapWrapperClass has been maked Jillegal-Aware ...
2014-12-21 23:26:10,019 main INFO [jillegal.offheap.service.OffHeapServiceImpl] Instrumented class java.sql.Date for non-primitive field assignment
2014-12-21 23:26:10,076 main INFO [jillegal.offheap.service.OffHeapServiceImpl] Instrumented class tr.com.serkanozal.jillegal.offheap.collection.map.OffHeapJudyHashMap$JudyTree for non-primitive field assignment
********** ROUND    1 **********
********************************
2014-12-21 23:26:10,128 main INFO [jillegal.offheap.service.OffHeapServiceImpl] Instrumented class java.lang.Integer for non-primitive field assignment
2014-12-21 23:26:10,143 main INFO [jillegal.offheap.service.OffHeapServiceImpl] Instrumented class tr.com.serkanozal.jillegal.offheap.collection.Person for non-primitive field assignment
2014-12-21 23:26:10,167 main INFO [jillegal.offheap.service.OffHeapServiceImpl] Instrumented class tr.com.serkanozal.jillegal.offheap.collection.map.OffHeapJudyHashMap$JudyIntermediateNode for non-primitive field assignment
2014-12-21 23:26:10,183 main INFO [jillegal.offheap.service.OffHeapServiceImpl] Instrumented class tr.com.serkanozal.jillegal.offheap.collection.map.OffHeapJudyHashMap$JudyLeafNode for non-primitive field assignment
[GC (Allocation Failure) [DefNew: 454080K->5359K(454080K), 0.1285314 secs] 1165343K->766929K(1463080K), 0.1285769 secs] [Times: user=0.09 sys=0.03, real=0.13 secs] 
[GC (Allocation Failure) [DefNew: 409007K->8705K(454080K), 0.0149012 secs] 1170577K->770274K(1463080K), 0.0149423 secs] [Times: user=0.02 sys=0.00, real=0.01 secs] 
[GC (Allocation Failure) [DefNew: 412353K->12867K(454080K), 0.0228805 secs] 1173922K->774436K(1463080K), 0.0229222 secs] [Times: user=0.02 sys=0.00, real=0.02 secs] 
[GC (Allocation Failure) [DefNew: 416515K->17013K(454080K), 0.0234336 secs] 1178084K->778583K(1463080K), 0.0234765 secs] [Times: user=0.02 sys=0.00, real=0.02 secs] 
[GC (Allocation Failure) [DefNew: 420661K->21017K(454080K), 0.0328570 secs] 1182231K->782586K(1463080K), 0.0328968 secs] [Times: user=0.06 sys=0.00, real=0.03 secs] 
[GC (Allocation Failure) [DefNew: 424665K->25216K(454080K), 0.0321096 secs] 1186234K->786786K(1463080K), 0.0321494 secs] [Times: user=0.03 sys=0.00, real=0.03 secs] 
[GC (Allocation Failure) [DefNew: 428864K->24888K(454080K), 0.0421278 secs] 1190434K->790758K(1463080K), 0.0421676 secs] [Times: user=0.02 sys=0.02, real=0.04 secs] 
[GC (Allocation Failure) [DefNew: 428536K->29222K(454080K), 0.0396160 secs] 1194406K->795092K(1463080K), 0.0396584 secs] [Times: user=0.05 sys=0.00, real=0.04 secs] 
[GC (Allocation Failure) [DefNew: 432870K->29079K(454080K), 0.0492493 secs] 1198740K->799069K(1463080K), 0.0492897 secs] [Times: user=0.05 sys=0.00, real=0.05 secs] 
[GC (Allocation Failure) [DefNew: 432727K->50432K(454080K), 0.5702442 secs] 1202717K->922424K(1463080K), 0.5702827 secs] [Times: user=0.48 sys=0.06, real=0.57 secs] 

*** PauseDetector detected a 572 ms pause at Sun Dec 21 23:26:21 EET 2014 ***

[GC (Allocation Failure) [DefNew: 454080K->4336K(454080K), 0.1097666 secs] 1326072K->926551K(1463080K), 0.1098070 secs] [Times: user=0.09 sys=0.02, real=0.11 secs] 
[GC (Allocation Failure) [DefNew: 407984K->8636K(454080K), 0.0130067 secs] 1330199K->930850K(1463080K), 0.0130497 secs] [Times: user=0.02 sys=0.00, real=0.01 secs] 
[GC (Allocation Failure) [DefNew: 412284K->12782K(454080K), 0.0197747 secs] 1334498K->934997K(1463080K), 0.0198151 secs] [Times: user=0.02 sys=0.00, real=0.02 secs] 
[GC (Allocation Failure) [DefNew: 416430K->16876K(454080K), 0.0315970 secs] 1338645K->939091K(1463080K), 0.0316367 secs] [Times: user=0.02 sys=0.00, real=0.03 secs] 
[GC (Allocation Failure) [DefNew: 420524K->20876K(454080K), 0.0272715 secs] 1342739K->943091K(1463080K), 0.0273106 secs] [Times: user=0.03 sys=0.00, real=0.03 secs] 
[GC (Allocation Failure) [DefNew: 424524K->25086K(454080K), 0.0259113 secs] 1346739K->947300K(1463080K), 0.0259524 secs] [Times: user=0.02 sys=0.00, real=0.03 secs] 
[GC (Allocation Failure) [DefNew: 428734K->29061K(454080K), 0.0402024 secs] 1350948K->951276K(1463080K), 0.0402756 secs] [Times: user=0.03 sys=0.00, real=0.04 secs] 
[GC (Allocation Failure) [DefNew: 432709K->29159K(454080K), 0.0379800 secs] 1354924K->955565K(1463080K), 0.0380256 secs] [Times: user=0.03 sys=0.00, real=0.04 secs] 
[GC (Allocation Failure) [DefNew: 432807K->29062K(454080K), 0.0359866 secs] 1359213K->959619K(1463080K), 0.0360283 secs] [Times: user=0.03 sys=0.00, real=0.04 secs] 
[GC (Allocation Failure) [DefNew: 432710K->50432K(454080K), 0.5356812 secs][Tenured: 1030006K->804810K(1030120K), 2.2386771 secs] 1363267K->804810K(1484200K), [Metaspace: 10385K->10385K(12288K)], 2.7755581 secs] [Times: user=2.73 sys=0.05, real=2.78 secs] 

*** PauseDetector detected a 2781 ms pause at Sun Dec 21 23:26:34 EET 2014 ***

[GC (Allocation Failure) [DefNew: 536576K->5787K(603648K), 0.0201442 secs] 1341386K->810597K(1945000K), 0.0201885 secs] [Times: user=0.02 sys=0.00, real=0.02 secs] 
[GC (Allocation Failure) [DefNew: 542363K->11409K(603648K), 0.0235535 secs] 1347173K->816220K(1945000K), 0.0235959 secs] [Times: user=0.02 sys=0.00, real=0.02 secs] 
[GC (Allocation Failure) [DefNew: 547985K->16803K(603648K), 0.0339702 secs] 1352796K->821613K(1945000K), 0.0340196 secs] [Times: user=0.02 sys=0.02, real=0.03 secs] 
********************************
[Full GC (System.gc()) [Tenured: 804810K->801411K(1341352K), 2.4809535 secs] 1327468K->801411K(1945000K), [Metaspace: 10385K->10385K(12288K)], 2.4810023 secs] [Times: user=2.48 sys=0.00, real=2.48 secs] 
[Full GC (System.gc()) [Tenured: 801411K->749459K(1341352K), 2.5538641 secs] 802593K->749459K(1945000K), [Metaspace: 10385K->10385K(12288K)], 2.5539809 secs] [Times: user=2.56 sys=0.00, real=2.55 secs] 
[Full GC (System.gc()) [Tenured: 749459K->749460K(1341352K), 1.9884818 secs] 761170K->749460K(1945000K), [Metaspace: 10385K->10385K(12288K)], 1.9885261 secs] [Times: user=2.00 sys=0.00, real=1.99 secs] 

*** PauseDetector detected a 2482 ms pause at Sun Dec 21 23:26:45 EET 2014 ***


*** PauseDetector detected a 4551 ms pause at Sun Dec 21 23:26:47 EET 2014 ***

[Full GC (System.gc()) [Tenured: 749460K->751368K(1341352K), 2.4679437 secs] 891485K->751368K(1945000K), [Metaspace: 10407K->10407K(12288K)], 2.4680097 secs] [Times: user=2.48 sys=0.00, real=2.47 secs] 
[Full GC (System.gc()) [Tenured: 751368K->751455K(1341352K), 2.2952532 secs] 761898K->751455K(1945000K), [Metaspace: 10407K->10407K(12288K)], 2.2953091 secs] [Times: user=2.29 sys=0.00, real=2.29 secs] 

*** PauseDetector detected a 4766 ms pause at Sun Dec 21 23:26:52 EET 2014 ***

[Full GC (System.gc()) [Tenured: 751455K->750778K(1341352K), 2.1372754 secs] 763167K->750778K(1945000K), [Metaspace: 10407K->10407K(12288K)], 2.1373210 secs] [Times: user=2.14 sys=0.00, real=2.14 secs] 

*** PauseDetector detected a 2137 ms pause at Sun Dec 21 23:26:54 EET 2014 ***

********** ROUND [GC (Allocation Failure) [DefNew: 536576K->5592K(603648K), 0.0124639 secs] 1287354K->756371K(1945000K), 0.0125030 secs] [Times: user=0.02 sys=0.00, real=0.01 secs] 
   2 **********
********************************
[GC (Allocation Failure) [DefNew: 542168K->67072K(603648K), 0.3772941 secs] 1292947K->874594K(1945000K), 0.3773390 secs] [Times: user=0.37 sys=0.00, real=0.38 secs] 

*** PauseDetector detected a 382 ms pause at Sun Dec 21 23:26:57 EET 2014 ***

[GC (Allocation Failure) [DefNew: 603648K->6000K(603648K), 0.0934160 secs] 1411170K->880239K(1945000K), 0.0934584 secs] [Times: user=0.09 sys=0.00, real=0.09 secs] 
[GC (Allocation Failure) [DefNew: 542576K->11699K(603648K), 0.0198882 secs] 1416815K->885939K(1945000K), 0.0199357 secs] [Times: user=0.02 sys=0.00, real=0.02 secs] 
[GC (Allocation Failure) [DefNew: 548275K->17029K(603648K), 0.0301117 secs] 1422515K->891269K(1945000K), 0.0301509 secs] [Times: user=0.03 sys=0.00, real=0.03 secs] 
[GC (Allocation Failure) [DefNew: 553605K->22598K(603648K), 0.0275461 secs] 1427845K->896838K(1945000K), 0.0276461 secs] [Times: user=0.03 sys=0.00, real=0.03 secs] 
[GC (Allocation Failure) [DefNew: 559174K->28342K(603648K), 0.0372287 secs] 1433414K->902581K(1945000K), 0.0372653 secs] [Times: user=0.02 sys=0.02, real=0.04 secs] 
[GC (Allocation Failure) [DefNew: 564918K->33922K(603648K), 0.0422279 secs] 1439157K->908162K(1945000K), 0.0422747 secs] [Times: user=0.05 sys=0.00, real=0.04 secs] 
[GC (Allocation Failure) [DefNew: 570498K->33581K(603648K), 0.0507474 secs] 1444738K->913405K(1945000K), 0.0507871 secs] [Times: user=0.06 sys=0.00, real=0.05 secs] 
[GC (Allocation Failure) [DefNew: 570157K->34359K(603648K), 0.0473419 secs] 1449981K->919559K(1945000K), 0.0473785 secs] [Times: user=0.05 sys=0.00, real=0.05 secs] 
[GC (Allocation Failure) [DefNew: 570935K->67071K(603648K), 0.3772293 secs] 1456135K->1036390K(1945000K), 0.3772697 secs] [Times: user=0.37 sys=0.00, real=0.38 secs] 

*** PauseDetector detected a 382 ms pause at Sun Dec 21 23:27:10 EET 2014 ***

[GC (Allocation Failure) [DefNew: 603647K->5728K(603648K), 0.0996515 secs] 1572966K->1041838K(1945000K), 0.0996970 secs] [Times: user=0.11 sys=0.00, real=0.10 secs] 
[GC (Allocation Failure) [DefNew: 542304K->11304K(603648K), 0.0165738 secs] 1578414K->1047414K(1945000K), 0.0166893 secs] [Times: user=0.01 sys=0.00, real=0.02 secs] 
[GC (Allocation Failure) [DefNew: 547880K->18527K(603648K), 0.0232449 secs] 1583990K->1054637K(1945000K), 0.0232963 secs] [Times: user=0.02 sys=0.00, real=0.02 secs] 
[GC (Allocation Failure) [DefNew: 555103K->23908K(603648K), 0.0285136 secs] 1591213K->1060018K(1945000K), 0.0286804 secs] [Times: user=0.03 sys=0.00, real=0.03 secs] 
[GC (Allocation Failure) [DefNew: 560484K->29376K(603648K), 0.0365166 secs] 1596594K->1065486K(1945000K), 0.0365602 secs] [Times: user=0.02 sys=0.00, real=0.04 secs] 
[GC (Allocation Failure) [DefNew: 565952K->34940K(603648K), 0.0473637 secs] 1602062K->1071050K(1945000K), 0.0474105 secs] [Times: user=0.05 sys=0.00, real=0.05 secs] 
[GC (Allocation Failure) [DefNew: 571516K->34615K(603648K), 0.0611640 secs] 1607626K->1076285K(1945000K), 0.0612051 secs] [Times: user=0.06 sys=0.00, real=0.06 secs] 
[GC (Allocation Failure) [DefNew: 571191K->34989K(603648K), 0.0450001 secs] 1612861K->1082035K(1945000K), 0.0450444 secs] [Times: user=0.05 sys=0.00, real=0.05 secs] 
[GC (Allocation Failure) [DefNew: 571565K->67072K(603648K), 0.2927999 secs] 1618611K->1197327K(1945000K), 0.2928403 secs] [Times: user=0.28 sys=0.02, real=0.29 secs] 
[GC (Allocation Failure) [DefNew: 603648K->5703K(603648K), 0.1288791 secs] 1733903K->1202749K(1945000K), 0.1289228 secs] [Times: user=0.06 sys=0.06, real=0.13 secs] 
[GC (Allocation Failure) [DefNew: 542279K->11287K(603648K), 0.0196983 secs] 1739325K->1208333K(1945000K), 0.0197419 secs] [Times: user=0.02 sys=0.00, real=0.02 secs] 
[GC (Allocation Failure) [DefNew: 547863K->16624K(603648K), 0.0210103 secs] 1744909K->1213670K(1945000K), 0.0211168 secs] [Times: user=0.02 sys=0.00, real=0.02 secs] 
[GC (Allocation Failure) [DefNew: 553200K->22015K(603648K), 0.0283314 secs] 1750246K->1219061K(1945000K), 0.0283711 secs] [Times: user=0.03 sys=0.00, real=0.03 secs] 
[GC (Allocation Failure) [DefNew: 558591K->27471K(603648K), 0.0463006 secs] 1755637K->1224517K(1945000K), 0.0463519 secs] [Times: user=0.05 sys=0.00, real=0.05 secs] 
[GC (Allocation Failure) [DefNew: 564047K->33049K(603648K), 0.0328269 secs] 1761093K->1230095K(1945000K), 0.0328801 secs] [Times: user=0.03 sys=0.00, real=0.03 secs] 
[GC (Allocation Failure) [DefNew: 569625K->38291K(603648K), 0.0505523 secs] 1766671K->1235337K(1945000K), 0.0505934 secs] [Times: user=0.06 sys=0.00, real=0.05 secs] 
[GC (Allocation Failure) [DefNew: 574867K->38480K(603648K), 0.0603409 secs] 1771913K->1241062K(1945000K), 0.0604782 secs] [Times: user=0.06 sys=0.00, real=0.06 secs] 
[GC (Allocation Failure) [DefNew: 575056K->38331K(603648K), 0.0615085 secs] 1777638K->1246296K(1945000K), 0.0615509 secs] [Times: user=0.06 sys=0.00, real=0.06 secs] 
[GC (Allocation Failure) [DefNew: 574907K->67072K(603648K), 0.3458088 secs] 1782872K->1359946K(1945000K), 0.3458511 secs] [Times: user=0.31 sys=0.03, real=0.35 secs] 

*** PauseDetector detected a 351 ms pause at Sun Dec 21 23:27:37 EET 2014 ***

[GC (Allocation Failure) [DefNew: 603648K->603648K(603648K), 0.0000192 secs][Tenured: 1292874K->814722K(1341352K), 3.0553269 secs] 1896522K->814722K(1945000K), [Metaspace: 10541K->10541K(12288K)], 3.0554970 secs] [Times: user=3.03 sys=0.00, real=3.05 secs] 

*** PauseDetector detected a 3049 ms pause at Sun Dec 21 23:27:42 EET 2014 ***

[GC (Allocation Failure) [DefNew: 543296K->5974K(611136K), 0.0120218 secs] 1358018K->820697K(1969008K), 0.0121322 secs] [Times: user=0.00 sys=0.00, real=0.00 secs] 
[GC (Allocation Failure) [DefNew: 549270K->11613K(611136K), 0.0173848 secs] 1363993K->826336K(1969008K), 0.0174265 secs] [Times: user=0.02 sys=0.00, real=0.01 secs] 
[GC (Allocation Failure) [DefNew: 554909K->17157K(611136K), 0.0235856 secs] 1369632K->831880K(1969008K), 0.0236267 secs] [Times: user=0.00 sys=0.00, real=0.01 secs] 
[GC (Allocation Failure) [DefNew: 560453K->22678K(611136K), 0.0279926 secs] 1375176K->837401K(1969008K), 0.0281139 secs] [Times: user=0.03 sys=0.00, real=0.03 secs] 
[GC (Allocation Failure) [DefNew: 565974K->27974K(611136K), 0.0376073 secs] 1380697K->842697K(1969008K), 0.0376534 secs] [Times: user=0.03 sys=0.00, real=0.04 secs] 
[GC (Allocation Failure) [DefNew: 571270K->33604K(611136K), 0.0326286 secs] 1385993K->848327K(1969008K), 0.0327775 secs] [Times: user=0.03 sys=0.00, real=0.03 secs] 
[GC (Allocation Failure) [DefNew: 576900K->38917K(611136K), 0.0507865 secs] 1391623K->853640K(1969008K), 0.0510117 secs] [Times: user=0.03 sys=0.01, real=0.05 secs] 
[GC (Allocation Failure) [DefNew: 582213K->38916K(611136K), 0.0431550 secs] 1396936K->859443K(1969008K), 0.0432615 secs] [Times: user=0.03 sys=0.00, real=0.03 secs] 
[GC (Allocation Failure) [DefNew: 582212K->38777K(611136K), 0.0414561 secs] 1402739K->864743K(1969008K), 0.0415299 secs] [Times: user=0.05 sys=0.00, real=0.03 secs] 
[GC (Allocation Failure) [DefNew: 582073K->67840K(611136K), 0.2185220 secs] 1408039K->977900K(1969008K), 0.2185856 secs] [Times: user=0.22 sys=0.00, real=0.22 secs] 
[GC (Allocation Failure) [DefNew: 611136K->5765K(611136K), 0.0727996 secs] 1521196K->983383K(1969008K), 0.0728413 secs] [Times: user=0.06 sys=0.00, real=0.07 secs] 
[GC (Allocation Failure) [DefNew: 549061K->11411K(611136K), 0.0172950 secs] 1526679K->989029K(1969008K), 0.0174072 secs] [Times: user=0.01 sys=0.00, real=0.02 secs] 
[GC (Allocation Failure) [DefNew: 554707K->16958K(611136K), 0.0221023 secs] 1532325K->994576K(1969008K), 0.0222999 secs] [Times: user=0.03 sys=0.00, real=0.02 secs] 
[GC (Allocation Failure) [DefNew: 560254K->22487K(611136K), 0.0342845 secs] 1537872K->1000105K(1969008K), 0.0343314 secs] [Times: user=0.03 sys=0.00, real=0.03 secs] 
[GC (Allocation Failure) [DefNew: 565783K->27802K(611136K), 0.0275416 secs] 1543401K->1005420K(1969008K), 0.0275769 secs] [Times: user=0.02 sys=0.00, real=0.02 secs] 
[GC (Allocation Failure) [DefNew: 571098K->33438K(611136K), 0.0415831 secs] 1548716K->1011056K(1969008K), 0.0416235 secs] [Times: user=0.05 sys=0.00, real=0.04 secs] 
[GC (Allocation Failure) [DefNew: 576734K->45065K(611136K), 0.0466496 secs] 1554352K->1022683K(1969008K), 0.0467613 secs] [Times: user=0.03 sys=0.00, real=0.04 secs] 
[GC (Allocation Failure) [DefNew: 588361K->34521K(611136K), 0.0486841 secs] 1565979K->1028477K(1969008K), 0.0487816 secs] [Times: user=0.05 sys=0.00, real=0.04 secs] 
[GC (Allocation Failure) [DefNew: 577817K->67840K(611136K), 0.2233878 secs] 1571773K->1141176K(1969008K), 0.2234269 secs] [Times: user=0.22 sys=0.00, real=0.22 secs] 
[GC (Allocation Failure) [DefNew: 611136K->5773K(611136K), 0.0686621 secs] 1684472K->1146667K(1969008K), 0.0687070 secs] [Times: user=0.08 sys=0.00, real=0.07 secs] 
[GC (Allocation Failure) [DefNew: 549069K->11424K(611136K), 0.0174663 secs] 1689963K->1152317K(1969008K), 0.0175080 secs] [Times: user=0.02 sys=0.00, real=0.02 secs] 
[GC (Allocation Failure) [DefNew: 554720K->16974K(611136K), 0.0202411 secs] 1695613K->1157867K(1969008K), 0.0202789 secs] [Times: user=0.02 sys=0.00, real=0.01 secs] 
[GC (Allocation Failure) [DefNew: 560270K->22504K(611136K), 0.0258825 secs] 1701163K->1163397K(1969008K), 0.0260204 secs] [Times: user=0.01 sys=0.00, real=0.02 secs] 
[GC (Allocation Failure) [DefNew: 565800K->27804K(611136K), 0.0351956 secs] 1706693K->1168697K(1969008K), 0.0352353 secs] [Times: user=0.03 sys=0.00, real=0.03 secs] 
[GC (Allocation Failure) [DefNew: 571100K->33442K(611136K), 0.0439210 secs] 1711993K->1174335K(1969008K), 0.0439980 secs] [Times: user=0.05 sys=0.00, real=0.04 secs] 
[GC (Allocation Failure) [DefNew: 576738K->38742K(611136K), 0.0478885 secs] 1717631K->1179636K(1969008K), 0.0479456 secs] [Times: user=0.03 sys=0.00, real=0.04 secs] 
[GC (Allocation Failure) [DefNew: 582038K->38932K(611136K), 0.0459599 secs] 1722932K->1185430K(1969008K), 0.0460138 secs] [Times: user=0.05 sys=0.00, real=0.05 secs] 
[GC (Allocation Failure) [DefNew: 582228K->38779K(611136K), 0.0419456 secs] 1728726K->1190727K(1969008K), 0.0420482 secs] [Times: user=0.03 sys=0.00, real=0.04 secs] 
[GC (Allocation Failure) [DefNew: 582075K->67839K(611136K), 0.1988796 secs] 1734023K->1301979K(1969008K), 0.1989411 secs] [Times: user=0.20 sys=0.00, real=0.19 secs] 
[GC (Allocation Failure) [DefNew: 611135K->5765K(611136K), 0.0855298 secs] 1845275K->1307460K(1969008K), 0.0855715 secs] [Times: user=0.06 sys=0.01, real=0.09 secs] 
[GC (Allocation Failure) [DefNew: 549061K->549061K(611136K), 0.0000154 secs][Tenured: 1301695K->817160K(1357872K), 2.1714214 secs] 1850756K->817160K(1969008K), [Metaspace: 10541K->10541K(12288K)]
*** PauseDetector detected a 2170 ms pause at Sun Dec 21 23:28:28 EET 2014 ***

, 2.1715240 secs] [Times: user=2.17 sys=0.00, real=2.16 secs] 
[GC (Allocation Failure) [DefNew: 544832K->5958K(612928K), 0.0120597 secs] 1361992K->823119K(1974864K), 0.0121559 secs] [Times: user=0.00 sys=0.00, real=0.01 secs] 
[GC (Allocation Failure) [DefNew: 550790K->68096K(612928K), 0.1893682 secs] 1367951K->934072K(1974864K), 0.1894092 secs] [Times: user=0.17 sys=0.00, real=0.18 secs] 
[GC (Allocation Failure) [DefNew: 612928K->5786K(612928K), 0.0646657 secs] 1478904K->939575K(1974864K), 0.0647767 secs] [Times: user=0.06 sys=0.00, real=0.07 secs] 
[GC (Allocation Failure) [DefNew: 550618K->11436K(612928K), 0.0210700 secs] 1484407K->945225K(1974864K), 0.0211111 secs] [Times: user=0.03 sys=0.00, real=0.02 secs] 
[GC (Allocation Failure) [DefNew: 556268K->17003K(612928K), 0.0226508 secs] 1490057K->950792K(1974864K), 0.0227528 secs] [Times: user=0.02 sys=0.00, real=0.02 secs] 
[GC (Allocation Failure) [DefNew: 561835K->22533K(612928K), 0.0301964 secs] 1495624K->956321K(1974864K), 0.0302375 secs] [Times: user=0.03 sys=0.00, real=0.03 secs] 
[GC (Allocation Failure) [DefNew: 567365K->27854K(612928K), 0.0375733 secs] 1501153K->961643K(1974864K), 0.0376143 secs] [Times: user=0.03 sys=0.00, real=0.03 secs] 
[GC (Allocation Failure) [DefNew: 572686K->33508K(612928K), 0.0323309 secs] 1506475K->967297K(1974864K), 0.0323919 secs] [Times: user=0.02 sys=0.00, real=0.03 secs] 
[GC (Allocation Failure) [DefNew: 578340K->38825K(612928K), 0.0399477 secs] 1512129K->972614K(1974864K), 0.0399837 secs] [Times: user=0.03 sys=0.00, real=0.04 secs] 
[GC (Allocation Failure) [DefNew: 583657K->39010K(612928K), 0.0506871 secs] 1517446K->978416K(1974864K), 0.0507288 secs] [Times: user=0.03 sys=0.00, real=0.04 secs] 
[GC (Allocation Failure) [DefNew: 583842K->38874K(612928K), 0.0627198 secs] 1523248K->983729K(1974864K), 0.0627615 secs] [Times: user=0.06 sys=0.00, real=0.06 secs] 
[GC (Allocation Failure) [DefNew: 583706K->68096K(612928K), 0.1952938 secs] 1528561K->1094390K(1974864K), 0.1953413 secs] [Times: user=0.20 sys=0.00, real=0.20 secs] 
[GC (Allocation Failure) [DefNew: 612928K->5777K(612928K), 0.0786630 secs] 1639222K->1099883K(1974864K), 0.0787034 secs] [Times: user=0.08 sys=0.00, real=0.08 secs] 
[GC (Allocation Failure) [DefNew: 550609K->11424K(612928K), 0.0176350 secs] 1644715K->1105530K(1974864K), 0.0176748 secs] [Times: user=0.01 sys=0.00, real=0.02 secs] 
[GC (Allocation Failure) [DefNew: 556256K->16987K(612928K), 0.0212868 secs] 1650362K->1111093K(1974864K), 0.0213228 secs] [Times: user=0.02 sys=0.00, real=0.02 secs] 
[GC (Allocation Failure) [DefNew: 561819K->32012K(612928K), 0.0401755 secs] 1655925K->1126118K(1974864K), 0.0402608 secs] [Times: user=0.05 sys=0.00, real=0.04 secs] 
[GC (Allocation Failure) [DefNew: 576844K->37342K(612928K), 0.0407157 secs] 1670950K->1131448K(1974864K), 0.0407568 secs] [Times: user=0.05 sys=0.00, real=0.04 secs] 
[GC (Allocation Failure) [DefNew: 582174K->37396K(612928K), 0.0604679 secs] 1676280K->1137110K(1974864K), 0.0605166 secs] [Times: user=0.06 sys=0.00, real=0.06 secs] 
[GC (Allocation Failure) [DefNew: 582228K->37269K(612928K), 0.0460267 secs] 1681942K->1142429K(1974864K), 0.0461280 secs] [Times: user=0.05 sys=0.00, real=0.05 secs] 
[GC (Allocation Failure) [DefNew: 582101K->68095K(612928K), 0.2210986 secs] 1687261K->1252944K(1974864K), 0.2211525 secs] [Times: user=0.22 sys=0.00, real=0.22 secs] 
[GC (Allocation Failure) [DefNew: 612927K->5787K(612928K), 0.0782351 secs] 1797776K->1258446K(1974864K), 0.0782774 secs] [Times: user=0.08 sys=0.00, real=0.08 secs] 
[GC (Allocation Failure) [DefNew: 550619K->11448K(612928K), 0.0215191 secs] 1803278K->1264108K(1974864K), 0.0215704 secs] [Times: user=0.03 sys=0.00, real=0.02 secs] 
[GC (Allocation Failure) [DefNew: 556280K->17003K(612928K), 0.0229582 secs] 1808940K->1269662K(1974864K), 0.0230801 secs] [Times: user=0.03 sys=0.00, real=0.02 secs] 
[GC (Allocation Failure) [DefNew: 561835K->22537K(612928K), 0.0331676 secs] 1814494K->1275196K(1974864K), 0.0332086 secs] [Times: user=0.03 sys=0.00, real=0.03 secs] 
[GC (Allocation Failure) [DefNew: 567369K->27849K(612928K), 0.0421791 secs] 1820028K->1280509K(1974864K), 0.0422202 secs] [Times: user=0.05 sys=0.00, real=0.04 secs] 
[GC (Allocation Failure) [DefNew: 572681K->33508K(612928K), 0.0429689 secs] 1825341K->1286167K(1974864K), 0.0430170 secs] [Times: user=0.05 sys=0.00, real=0.04 secs] 
[GC (Allocation Failure) [DefNew: 578340K->38833K(612928K), 0.0492365 secs] 1830999K->1291492K(1974864K), 0.0492750 secs] [Times: user=0.05 sys=0.00, real=0.05 secs] 
[GC (Allocation Failure) [DefNew: 583665K->39034K(612928K), 0.0499223 secs] 1836324K->1297311K(1974864K), 0.0499627 secs] [Times: user=0.05 sys=0.00, real=0.04 secs] 
[GC (Allocation Failure) [DefNew: 583866K->38886K(612928K), 0.0519105 secs] 1842143K->1302624K(1974864K), 0.0519523 secs] [Times: user=0.03 sys=0.00, real=0.04 secs] 
[GC (Allocation Failure) [DefNew: 583718K->68095K(612928K), 0.1739024 secs] 1847456K->1412849K(1974864K), 0.1739434 secs] [Times: user=0.17 sys=0.00, real=0.17 secs] 
[GC (Allocation Failure) [DefNew: 612927K->612927K(612928K), 0.0000180 secs][Tenured: 1344753K->831709K(1361936K), 2.1606718 secs] 1957681K->831709K(1974864K), [Metaspace: 10541K->10541K(12288K)], 2.1608533 secs] [Times: user=2.15 sys=0.00, real=2.15 secs] 

*** PauseDetector detected a 2157 ms pause at Sun Dec 21 23:29:14 EET 2014 ***

[GC (Allocation Failure) [DefNew: 554368K->6062K(623616K), 0.0127776 secs] 1386077K->837771K(2009472K), 0.0128206 secs] [Times: user=0.02 sys=0.00, real=0.01 secs] 
[GC (Allocation Failure) [DefNew: 560430K->11805K(623616K), 0.0181463 secs] 1392139K->843514K(2009472K), 0.0181868 secs] [Times: user=0.02 sys=0.00, real=0.01 secs] 
[GC (Allocation Failure) [DefNew: 566173K->17454K(623616K), 0.0242702 secs] 1397882K->849163K(2009472K), 0.0243112 secs] [Times: user=0.03 sys=0.00, real=0.02 secs] 
[GC (Allocation Failure) [DefNew: 571822K->23086K(623616K), 0.0250734 secs] 1403531K->854795K(2009472K), 0.0251325 secs] [Times: user=0.03 sys=0.00, real=0.02 secs] 
[GC (Allocation Failure) [DefNew: 577454K->28497K(623616K), 0.0366693 secs] 1409163K->860206K(2009472K), 0.0367097 secs] [Times: user=0.03 sys=0.00, real=0.04 secs] 
[GC (Allocation Failure) [DefNew: 582865K->34246K(623616K), 0.0400529 secs] 1414574K->865955K(2009472K), 0.0400934 secs] [Times: user=0.03 sys=0.00, real=0.03 secs] 
[GC (Allocation Failure) [DefNew: 588614K->39656K(623616K), 0.0432037 secs] 1420323K->871366K(2009472K), 0.0432403 secs] [Times: user=0.05 sys=0.00, real=0.04 secs] 
[GC (Allocation Failure) [DefNew: 594024K->39679K(623616K), 0.0541535 secs] 1425734K->877279K(2009472K), 0.0541939 secs] [Times: user=0.05 sys=0.00, real=0.05 secs] 
[GC (Allocation Failure) [DefNew: 594047K->39547K(623616K), 0.0425461 secs] 1431647K->882690K(2009472K), 0.0426096 secs] [Times: user=0.05 sys=0.00, real=0.03 secs] 
[Full GC (System.gc()) [Tenured: 843142K->756721K(1385856K), 2.4732719 secs] 1104985K->756721K(2009472K), [Metaspace: 10541K->10541K(12288K)], 2.4733348 secs] [Times: user=2.47 sys=0.00, real=2.47 secs] 
[Full GC (System.gc()) [Tenured: 756721K->756721K(1385856K), 1.8904163 secs] 756721K->756721K(2009472K), [Metaspace: 10541K->10541K(12288K)], 1.8904580 secs] [Times: user=1.89 sys=0.00, real=1.89 secs] 
[Full GC (System.gc()) [Tenured: 756721K->756722K(1385856K), 1.8873835 secs] 767818K->756722K(2009472K), [Metaspace: 10541K->10541K(12288K)], 1.8874477 secs] [Times: user=1.89 sys=0.00, real=1.88 secs] 

*** PauseDetector detected a 2468 ms pause at Sun Dec 21 23:29:32 EET 2014 ***

[Full GC (System.gc()) [Tenured: 756722K->756820K(1385856K), 2.0000924 secs] 767818K->756820K(2009472K), [Metaspace: 10541K->10541K(12288K)], 2.0002143 secs] [Times: user=1.98 sys=0.00, real=2.00 secs] 
[Full GC (System.gc()) [Tenured: 756820K->756645K(1385856K), 1.9560097 secs] 756820K->756645K(2009472K), [Metaspace: 10541K->10541K(12288K)], 1.9560469 secs] [Times: user=1.95 sys=0.00, real=1.95 secs] 
[Full GC (System.gc()) [Tenured: 756645K->756645K(1385856K), 1.8770895 secs] 756709K->756645K(2009472K), [Metaspace: 10541K->10541K(12288K)], 1.8771530 secs] [Times: user=1.89 sys=0.00, real=1.88 secs] 

*** PauseDetector detected a 7742 ms pause at Sun Dec 21 23:29:38 EET 2014 ***


*** PauseDetector detected a 1891 ms pause at Sun Dec 21 23:29:40 EET 2014 ***

[GC (Allocation Failure) [DefNew: 554368K->5909K(623616K), 0.0183696 secs] 1311013K->762555K(2009472K), 0.0184306 secs] [Times: user=0.02 sys=0.00, real=0.02 secs] 
[GC (Allocation Failure) [DefNew: 560277K->11696K(623616K), 0.0176555 secs] 1316923K->768342K(2009472K), 0.0176940 secs] [Times: user=0.02 sys=0.00, real=0.01 secs] 
[GC (Allocation Failure) [DefNew: 566064K->17384K(623616K), 0.0297050 secs] 1322710K->774030K(2009472K), 0.0297781 secs] [Times: user=0.01 sys=0.00, real=0.02 secs] 
[GC (Allocation Failure) [DefNew: 571752K->23062K(623616K), 0.0279304 secs] 1328398K->779707K(2009472K), 0.0279701 secs] [Times: user=0.03 sys=0.00, real=0.02 secs] 
[GC (Allocation Failure) [DefNew: 577430K->28522K(623616K), 0.0442424 secs] 1334075K->785167K(2009472K), 0.0442931 secs] [Times: user=0.05 sys=0.00, real=0.04 secs] 
[GC (Allocation Failure) [DefNew: 582890K->34290K(623616K), 0.0420649 secs] 1339535K->790936K(2009472K), 0.0421047 secs] [Times: user=0.05 sys=0.00, real=0.04 secs] 
[GC (Allocation Failure) [DefNew: 588658K->39738K(623616K), 0.0441135 secs] 1345304K->796384K(2009472K), 0.0442829 secs] [Times: user=0.03 sys=0.00, real=0.04 secs] 
[Full GC (System.gc()) [Tenured: 756645K->790569K(1385856K), 2.1251933 secs] 796384K->790569K(2009472K), [Metaspace: 10541K->10541K(12288K)], 2.1253107 secs] [Times: user=2.07 sys=0.02, real=2.13 secs] 
[Full GC (System.gc()) [Tenured: 790569K->790569K(1385856K), 2.0947980 secs] 790569K->790569K(2009472K), [Metaspace: 10541K->10541K(12288K)], 2.0948576 secs] [Times: user=2.04 sys=0.00, real=2.10 secs] 
[Full GC (System.gc()) [Tenured: 790569K->789282K(1385856K), 2.3103399 secs] 790612K->789282K(2009472K), [Metaspace: 10541K->10541K(12288K)], 2.3104592 secs] [Times: user=2.29 sys=0.00, real=2.31 secs] 

*** PauseDetector detected a 4221 ms pause at Sun Dec 21 23:29:56 EET 2014 ***


*** PauseDetector detected a 2318 ms pause at Sun Dec 21 23:29:56 EET 2014 ***

********************************
********** ROUND    3 **********
********************************
[GC (Allocation Failure) [DefNew: 554368K->7160K(623616K), 0.0161273 secs] 1343650K->796442K(2009472K), 0.0161773 secs] [Times: user=0.02 sys=0.00, real=0.02 secs] 
[GC (Allocation Failure) [DefNew: 561528K->69248K(623616K), 0.1458860 secs] 1350810K->905740K(2009472K), 0.1459258 secs] [Times: user=0.16 sys=0.00, real=0.15 secs] 
[GC (Allocation Failure) [DefNew: 623616K->5927K(623616K), 0.0641396 secs] 1460108K->911381K(2009472K), 0.0642769 secs] [Times: user=0.06 sys=0.00, real=0.06 secs] 
[GC (Allocation Failure) [DefNew: 560295K->11713K(623616K), 0.0193563 secs] 1465749K->917166K(2009472K), 0.0193948 secs] [Times: user=0.02 sys=0.00, real=0.02 secs] 
[GC (Allocation Failure) [DefNew: 566081K->17415K(623616K), 0.0240790 secs] 1471534K->922869K(2009472K), 0.0241200 secs] [Times: user=0.03 sys=0.00, real=0.02 secs] 
[GC (Allocation Failure) [DefNew: 571783K->23083K(623616K), 0.0272522 secs] 1477237K->928537K(2009472K), 0.0274011 secs] [Times: user=0.02 sys=0.00, real=0.03 secs] 
[GC (Allocation Failure) [DefNew: 577451K->28531K(623616K), 0.0366577 secs] 1482905K->933985K(2009472K), 0.0366975 secs] [Times: user=0.03 sys=0.00, real=0.04 secs] 
[GC (Allocation Failure) [DefNew: 582899K->34317K(623616K), 0.0387088 secs] 1488353K->939771K(2009472K), 0.0387486 secs] [Times: user=0.05 sys=0.00, real=0.04 secs] 
[GC (Allocation Failure) [DefNew: 588685K->39773K(623616K), 0.0477089 secs] 1494139K->945227K(2009472K), 0.0477486 secs] [Times: user=0.05 sys=0.00, real=0.05 secs] 
[GC (Allocation Failure) [DefNew: 594141K->39963K(623616K), 0.0563740 secs] 1499595K->951173K(2009472K), 0.0564183 secs] [Times: user=0.05 sys=0.00, real=0.06 secs] 
[GC (Allocation Failure) [DefNew: 594331K->39826K(623616K), 0.0529730 secs] 1505541K->956621K(2009472K), 0.0530128 secs] [Times: user=0.05 sys=0.00, real=0.05 secs] 
[GC (Allocation Failure) [DefNew: 594194K->69247K(623616K), 0.1596016 secs] 1510989K->1065759K(2009472K), 0.1597524 secs] [Times: user=0.16 sys=0.00, real=0.16 secs] 
[GC (Allocation Failure) [DefNew: 623615K->5923K(623616K), 0.0985326 secs] 1620127K->1071396K(2009472K), 0.0985858 secs] [Times: user=0.11 sys=0.00, real=0.10 secs] 
[GC (Allocation Failure) [DefNew: 560291K->11712K(623616K), 0.0175407 secs] 1625764K->1077185K(2009472K), 0.0175792 secs] [Times: user=0.02 sys=0.00, real=0.02 secs] 
[GC (Allocation Failure) [DefNew: 566080K->17407K(623616K), 0.0219303 secs] 1631553K->1082879K(2009472K), 0.0220721 secs] [Times: user=0.02 sys=0.00, real=0.02 secs] 
[GC (Allocation Failure) [DefNew: 571775K->23084K(623616K), 0.0303530 secs] 1637247K->1088557K(2009472K), 0.0303927 secs] [Times: user=0.03 sys=0.00, real=0.03 secs] 
[GC (Allocation Failure) [DefNew: 577452K->28544K(623616K), 0.0378280 secs] 1642925K->1094017K(2009472K), 0.0378684 secs] [Times: user=0.05 sys=0.00, real=0.03 secs] 
[GC (Allocation Failure) [DefNew: 582912K->34325K(623616K), 0.0372063 secs] 1648385K->1099798K(2009472K), 0.0372467 secs] [Times: user=0.03 sys=0.00, real=0.04 secs] 
[GC (Allocation Failure) [DefNew: 588693K->39781K(623616K), 0.0490799 secs] 1654166K->1105254K(2009472K), 0.0491184 secs] [Times: user=0.05 sys=0.00, real=0.05 secs] 
[GC (Allocation Failure) [DefNew: 594149K->39984K(623616K), 0.0571298 secs] 1659622K->1111209K(2009472K), 0.0571728 secs] [Times: user=0.05 sys=0.00, real=0.06 secs] 
[GC (Allocation Failure) [DefNew: 594352K->39851K(623616K), 0.0498723 secs] 1665577K->1116665K(2009472K), 0.0499120 secs] [Times: user=0.05 sys=0.00, real=0.05 secs] 
[GC (Allocation Failure) [DefNew: 594219K->69247K(623616K), 0.1884296 secs] 1671033K->1225663K(2009472K), 0.1884706 secs] [Times: user=0.19 sys=0.00, real=0.19 secs] 
[GC (Allocation Failure) [DefNew: 623615K->5924K(623616K), 0.0687429 secs] 1780031K->1231301K(2009472K), 0.0687808 secs] [Times: user=0.06 sys=0.00, real=0.06 secs] 
[GC (Allocation Failure) [DefNew: 560292K->11709K(623616K), 0.0185557 secs] 1785669K->1237086K(2009472K), 0.0185954 secs] [Times: user=0.02 sys=0.00, real=0.02 secs] 
[GC (Allocation Failure) [DefNew: 566077K->17407K(623616K), 0.0253596 secs] 1791454K->1242784K(2009472K), 0.0254077 secs] [Times: user=0.03 sys=0.00, real=0.03 secs] 
[GC (Allocation Failure) [DefNew: 571775K->23076K(623616K), 0.0339747 secs] 1797152K->1248452K(2009472K), 0.0340298 secs] [Times: user=0.03 sys=0.00, real=0.03 secs] 
[GC (Allocation Failure) [DefNew: 577444K->28524K(623616K), 0.0375681 secs] 1802820K->1253900K(2009472K), 0.0376073 secs] [Times: user=0.03 sys=0.00, real=0.04 secs] 
[GC (Allocation Failure) [DefNew: 582892K->34301K(623616K), 0.0376310 secs] 1808268K->1259678K(2009472K), 0.0376733 secs] [Times: user=0.03 sys=0.00, real=0.04 secs] 
[GC (Allocation Failure) [DefNew: 588669K->39744K(623616K), 0.0478288 secs] 1814046K->1265121K(2009472K), 0.0478712 secs] [Times: user=0.06 sys=0.00, real=0.05 secs] 
[GC (Allocation Failure) [DefNew: 594112K->39945K(623616K), 0.0532078 secs] 1819489K->1271075K(2009472K), 0.0532566 secs] [Times: user=0.06 sys=0.00, real=0.05 secs] 
[GC (Allocation Failure) [DefNew: 594313K->39818K(623616K), 0.0546167 secs] 1825443K->1276532K(2009472K), 0.0546603 secs] [Times: user=0.06 sys=0.00, real=0.05 secs] 
[GC (Allocation Failure) [DefNew: 594186K->69248K(623616K), 0.1784806 secs] 1830900K->1385411K(2009472K), 0.1785256 secs] [Times: user=0.17 sys=0.00, real=0.18 secs] 
[GC (Allocation Failure) [DefNew: 623616K->623616K(623616K), 0.0000815 secs][Tenured: 1316163K->841620K(1385856K), 2.4965830 secs] 1939779K->841620K(2009472K), [Metaspace: 10541K->10541K(12288K)], 2.4967273 secs] [Times: user=2.48 sys=0.00, real=2.50 secs] 

*** PauseDetector detected a 2502 ms pause at Sun Dec 21 23:30:47 EET 2014 ***

[GC (Allocation Failure) [DefNew: 554368K->6119K(623616K), 0.0128784 secs] 1395988K->847739K(2009472K), 0.0129194 secs] [Times: user=0.00 sys=0.00, real=0.01 secs] 
[GC (Allocation Failure) [DefNew: 560487K->11908K(623616K), 0.0177011 secs] 1402107K->853528K(2009472K), 0.0177389 secs] [Times: user=0.02 sys=0.00, real=0.02 secs] 
[GC (Allocation Failure) [DefNew: 566276K->17610K(623616K), 0.0220067 secs] 1407896K->859231K(2009472K), 0.0220401 secs] [Times: user=0.03 sys=0.00, real=0.02 secs] 
[GC (Allocation Failure) [DefNew: 571978K->23275K(623616K), 0.0268358 secs] 1413599K->864895K(2009472K), 0.0268820 secs] [Times: user=0.02 sys=0.00, real=0.03 secs] 
[GC (Allocation Failure) [DefNew: 577643K->28719K(623616K), 0.0382360 secs] 1419263K->870339K(2009472K), 0.0382751 secs] [Times: user=0.03 sys=0.00, real=0.04 secs] 
[GC (Allocation Failure) [DefNew: 583087K->34492K(623616K), 0.0371389 secs] 1424707K->876112K(2009472K), 0.0372499 secs] [Times: user=0.03 sys=0.00, real=0.04 secs] 
[GC (Allocation Failure) [DefNew: 588860K->39952K(623616K), 0.0505620 secs] 1430480K->881572K(2009472K), 0.0506056 secs] [Times: user=0.05 sys=0.00, real=0.05 secs] 
[GC (Allocation Failure) [DefNew: 594320K->39944K(623616K), 0.0474522 secs] 1435940K->887512K(2009472K), 0.0474894 secs] [Times: user=0.05 sys=0.00, real=0.05 secs] 
[GC (Allocation Failure) [DefNew: 594312K->39800K(623616K), 0.0527901 secs] 1441880K->892956K(2009472K), 0.0528312 secs] [Times: user=0.05 sys=0.00, real=0.05 secs] 
[GC (Allocation Failure) [DefNew: 594168K->69247K(623616K), 0.1706842 secs] 1447324K->1001741K(2009472K), 0.1707285 secs] [Times: user=0.17 sys=0.00, real=0.17 secs] 
[GC (Allocation Failure) [DefNew: 623615K->5917K(623616K), 0.0787361 secs] 1556109K->1007371K(2009472K), 0.0787778 secs] [Times: user=0.08 sys=0.00, real=0.08 secs] 
[GC (Allocation Failure) [DefNew: 560285K->11709K(623616K), 0.0157411 secs] 1561739K->1013163K(2009472K), 0.0157821 secs] [Times: user=0.02 sys=0.00, real=0.01 secs] 
[GC (Allocation Failure) [DefNew: 566077K->17396K(623616K), 0.0235259 secs] 1567531K->1018850K(2009472K), 0.0235676 secs] [Times: user=0.02 sys=0.00, real=0.02 secs] 
[GC (Allocation Failure) [DefNew: 571764K->23063K(623616K), 0.0286714 secs] 1573218K->1024518K(2009472K), 0.0287811 secs] [Times: user=0.03 sys=0.00, real=0.03 secs] 
[GC (Allocation Failure) [DefNew: 577431K->28515K(623616K), 0.0327261 secs] 1578886K->1029970K(2009472K), 0.0327646 secs] [Times: user=0.03 sys=0.00, real=0.03 secs] 
[GC (Allocation Failure) [DefNew: 582883K->34298K(623616K), 0.0392709 secs] 1584338K->1035753K(2009472K), 0.0393106 secs] [Times: user=0.05 sys=0.00, real=0.04 secs] 
[GC (Allocation Failure) [DefNew: 588666K->39745K(623616K), 0.0454281 secs] 1590121K->1041199K(2009472K), 0.0454717 secs] [Times: user=0.03 sys=0.00, real=0.05 secs] 
[GC (Allocation Failure) [DefNew: 594113K->39941K(623616K), 0.0601227 secs] 1595567K->1047141K(2009472K), 0.0601651 secs] [Times: user=0.06 sys=0.00, real=0.06 secs] 
[GC (Allocation Failure) [DefNew: 594309K->39798K(623616K), 0.0498331 secs] 1601509K->1052589K(2009472K), 0.0498755 secs] [Times: user=0.05 sys=0.00, real=0.05 secs] 
[GC (Allocation Failure) [DefNew: 594166K->69247K(623616K), 0.1603401 secs] 1606957K->1161276K(2009472K), 0.1603844 secs] [Times: user=0.17 sys=0.00, real=0.16 secs] 
[GC (Allocation Failure) [DefNew: 623615K->5917K(623616K), 0.0656056 secs] 1715644K->1166906K(2009472K), 0.0657205 secs] [Times: user=0.08 sys=0.00, real=0.07 secs] 
[GC (Allocation Failure) [DefNew: 560285K->11616K(623616K), 0.0175125 secs] 1721274K->1172605K(2009472K), 0.0175529 secs] [Times: user=0.02 sys=0.00, real=0.02 secs] 
[GC (Allocation Failure) [DefNew: 565984K->69248K(623616K), 0.1456820 secs] 1726973K->1275404K(2009472K), 0.1457243 secs] [Times: user=0.13 sys=0.01, real=0.14 secs] 
[GC (Allocation Failure) [DefNew: 623616K->5871K(623616K), 0.0499954 secs] 1829772K->1276609K(2009472K), 0.0500410 secs] [Times: user=0.05 sys=0.00, real=0.05 secs] 
[GC (Allocation Failure) [DefNew: 560239K->560239K(623616K), 0.0000186 secs][Tenured: 1270738K->843316K(1385856K), 2.4195502 secs] 1830977K->843316K(2009472K), [Metaspace: 10541K->10541K(12288K)], 2.4196259 secs] [Times: user=2.42 sys=0.00, real=2.42 secs] 

*** PauseDetector detected a 2421 ms pause at Sun Dec 21 23:31:25 EET 2014 ***

[GC (Allocation Failure) [DefNew: 554368K->5918K(623616K), 0.0120552 secs] 1397684K->849234K(2009472K), 0.0121059 secs] [Times: user=0.00 sys=0.00, real=0.01 secs] 
[GC (Allocation Failure) [DefNew: 560286K->69247K(623616K), 0.1134524 secs] 1403602K->951351K(2009472K), 0.1134973 secs] [Times: user=0.11 sys=0.00, real=0.11 secs] 
[GC (Allocation Failure) [DefNew: 623615K->5868K(623616K), 0.0427533 secs] 1505719K->952541K(2009472K), 0.0428541 secs] [Times: user=0.03 sys=0.00, real=0.04 secs] 
[GC (Allocation Failure) [DefNew: 560236K->69247K(623616K), 0.1118793 secs] 1506909K->1054646K(2009472K), 0.1119204 secs] [Times: user=0.13 sys=0.00, real=0.11 secs] 
[GC (Allocation Failure) [DefNew: 623615K->5854K(623616K), 0.0454864 secs] 1609014K->1055811K(2009472K), 0.0455294 secs] [Times: user=0.03 sys=0.00, real=0.05 secs] 
[GC (Allocation Failure) [DefNew: 560222K->69247K(623616K), 0.1174385 secs] 1610179K->1157847K(2009472K), 0.1174822 secs] [Times: user=0.11 sys=0.00, real=0.12 secs] 
[GC (Allocation Failure) [DefNew: 623615K->5854K(623616K), 0.0429465 secs] 1712215K->1159023K(2009472K), 0.0429882 secs] [Times: user=0.05 sys=0.00, real=0.04 secs] 
[GC (Allocation Failure) [DefNew: 560222K->69248K(623616K), 0.1166770 secs] 1713391K->1261008K(2009472K), 0.1167193 secs] [Times: user=0.11 sys=0.00, real=0.12 secs] 
[GC (Allocation Failure) [DefNew: 623616K->5862K(623616K), 0.0462377 secs] 1815376K->1262179K(2009472K), 0.0462801 secs] [Times: user=0.05 sys=0.00, real=0.05 secs] 
[GC (Allocation Failure) [DefNew: 560230K->69248K(623616K), 0.3127253 secs] 1816547K->1388804K(2009472K), 0.3127663 secs] [Times: user=0.31 sys=0.00, real=0.31 secs] 
[GC (Allocation Failure) [DefNew: 623616K->623616K(623616K), 0.0000212 secs][Tenured: 1319556K->877258K(1385856K), 2.5007846 secs] 1943172K->877258K(2009472K), [Metaspace: 10541K->10541K(12288K)], 2.5008706 secs] [Times: user=2.51 sys=0.00, real=2.50 secs] 

*** PauseDetector detected a 2506 ms pause at Sun Dec 21 23:31:45 EET 2014 ***

[GC (Allocation Failure) [DefNew: 554368K->69247K(623616K), 0.4255477 secs] 1431626K->1002223K(2009472K), 0.4255900 secs] [Times: user=0.42 sys=0.00, real=0.42 secs] 

*** PauseDetector detected a 450 ms pause at Sun Dec 21 23:31:47 EET 2014 ***

[GC (Allocation Failure) [DefNew: 623615K->5900K(623616K), 0.0780740 secs] 1556591K->1003739K(2009472K), 0.0781074 secs] [Times: user=0.08 sys=0.00, real=0.08 secs] 
[GC (Allocation Failure) [DefNew: 560268K->69247K(623616K), 0.3779331 secs] 1558107K->1120213K(2009472K), 0.3779710 secs] [Times: user=0.39 sys=0.00, real=0.38 secs] 

*** PauseDetector detected a 383 ms pause at Sun Dec 21 23:31:51 EET 2014 ***

[GC (Allocation Failure) [DefNew: 623615K->5866K(623616K), 0.0927058 secs] 1674581K->1121689K(2009472K), 0.0927520 secs] [Times: user=0.09 sys=0.00, real=0.09 secs] 
[GC (Allocation Failure) [DefNew: 560234K->69247K(623616K), 0.3508118 secs] 1676057K->1234163K(2009472K), 0.3509170 secs] [Times: user=0.34 sys=0.00, real=0.35 secs] 

*** PauseDetector detected a 356 ms pause at Sun Dec 21 23:31:55 EET 2014 ***

[GC (Allocation Failure) [DefNew: 623615K->5871K(623616K), 0.0692299 secs] 1788531K->1235540K(2009472K), 0.0692735 secs] [Times: user=0.08 sys=0.00, real=0.07 secs] 
[GC (Allocation Failure) [DefNew: 560239K->69248K(623616K), 0.3511813 secs] 1789908K->1346746K(2009472K), 0.3512185 secs] [Times: user=0.36 sys=0.00, real=0.35 secs] 

*** PauseDetector detected a 356 ms pause at Sun Dec 21 23:31:58 EET 2014 ***

[GC (Allocation Failure) [DefNew: 623616K->5866K(623616K), 0.0843364 secs] 1901114K->1348145K(2009472K), 0.0844417 secs] [Times: user=0.08 sys=0.00, real=0.08 secs] 
[GC (Allocation Failure) [DefNew: 560234K->560234K(623616K), 0.0000186 secs][Tenured: 1342278K->789652K(1385856K), 2.6454581 secs] 1902513K->789652K(2009472K), [Metaspace: 10541K->10541K(12288K)], 2.6455338 secs] [Times: user=2.65 sys=0.00, real=2.65 secs] 

*** PauseDetector detected a 2651 ms pause at Sun Dec 21 23:32:04 EET 2014 ***

[GC (Allocation Failure) [DefNew: 554368K->5870K(623616K), 0.0130041 secs] 1344020K->795523K(2009472K), 0.0130445 secs] [Times: user=0.02 sys=0.00, real=0.01 secs] 
[GC (Allocation Failure) [DefNew: 560238K->69248K(623616K), 0.2124495 secs] 1349891K->903601K(2009472K), 0.2124880 secs] [Times: user=0.20 sys=0.00, real=0.21 secs] 
[GC (Allocation Failure) [DefNew: 623616K->5861K(623616K), 0.0660361 secs] 1457969K->904887K(2009472K), 0.0660778 secs] [Times: user=0.06 sys=0.00, real=0.07 secs] 
[GC (Allocation Failure) [DefNew: 560229K->69248K(623616K), 0.2020213 secs] 1459255K->1012412K(2009472K), 0.2021574 secs] [Times: user=0.20 sys=0.00, real=0.20 secs] 
[GC (Allocation Failure) [DefNew: 623616K->5858K(623616K), 0.0636674 secs] 1566780K->1013696K(2009472K), 0.0637168 secs] [Times: user=0.06 sys=0.00, real=0.06 secs] 
[GC (Allocation Failure) [DefNew: 560226K->69248K(623616K), 0.2201940 secs] 1568064K->1120756K(2009472K), 0.2202344 secs] [Times: user=0.22 sys=0.00, real=0.22 secs] 
[GC (Allocation Failure) [DefNew: 623616K->5866K(623616K), 0.0560936 secs] 1675124K->1122036K(2009472K), 0.0561328 secs] [Times: user=0.06 sys=0.00, real=0.06 secs] 
[GC (Allocation Failure) [DefNew: 560234K->69247K(623616K), 0.2169117 secs] 1676404K->1227637K(2009472K), 0.2169527 secs] [Times: user=0.22 sys=0.00, real=0.22 secs] 
[GC (Allocation Failure) [DefNew: 623615K->5858K(623616K), 0.0698150 secs] 1782005K->1228884K(2009472K), 0.0698554 secs] [Times: user=0.06 sys=0.00, real=0.07 secs] 
[GC (Allocation Failure) [DefNew: 560226K->69247K(623616K), 0.2098178 secs] 1783252K->1334180K(2009472K), 0.2098595 secs] [Times: user=0.22 sys=0.00, real=0.21 secs] 
[GC (Allocation Failure) [DefNew: 623615K->5862K(623616K), 0.0580511 secs] 1888548K->1335422K(2009472K), 0.0580908 secs] [Times: user=0.05 sys=0.00, real=0.06 secs] 
[GC (Allocation Failure) [DefNew: 560230K->560230K(623616K), 0.0000186 secs][Tenured: 1329560K->855257K(1385856K), 2.6572888 secs] 1889790K->855257K(2009472K), [Metaspace: 10543K->10543K(12288K)], 2.6573670 secs] [Times: user=2.67 sys=0.00, real=2.66 secs] 

*** PauseDetector detected a 2662 ms pause at Sun Dec 21 23:32:26 EET 2014 ***

[GC (Allocation Failure) [DefNew: 554368K->5866K(623616K), 0.0126127 secs] 1409625K->861124K(2009472K), 0.0126532 secs] [Times: user=0.01 sys=0.00, real=0.01 secs] 
[GC (Allocation Failure) [DefNew: 560234K->69248K(623616K), 0.1723202 secs] 1415492K->965883K(2009472K), 0.1724351 secs] [Times: user=0.17 sys=0.00, real=0.17 secs] 
[GC (Allocation Failure) [DefNew: 623616K->5924K(623616K), 0.0532777 secs] 1520251K->967182K(2009472K), 0.0533265 secs] [Times: user=0.05 sys=0.00, real=0.05 secs] 
[GC (Allocation Failure) [DefNew: 560292K->69248K(623616K), 0.1658307 secs] 1521550K->1071742K(2009472K), 0.1658718 secs] [Times: user=0.17 sys=0.00, real=0.17 secs] 
[GC (Allocation Failure) [DefNew: 623616K->5882K(623616K), 0.0540072 secs] 1626110K->1072932K(2009472K), 0.0540592 secs] [Times: user=0.05 sys=0.00, real=0.06 secs] 
[Full GC (System.gc()) [Tenured: 1067050K->850392K(1385856K), 2.5065980 secs] 1218440K->850392K(2009472K), [Metaspace: 10543K->10543K(12288K)], 2.5066756 secs] [Times: user=2.51 sys=0.00, real=2.51 secs] 
[Full GC (System.gc()) [Tenured: 850392K->850392K(1385856K), 2.3791726 secs] 850392K->850392K(2009472K), [Metaspace: 10543K->10543K(12288K)], 2.3792182 secs] [Times: user=2.35 sys=0.00, real=2.38 secs] 
[Full GC (System.gc()) [Tenured: 850392K->781102K(1385856K), 2.2541411 secs] 850394K->781102K(2009472K), [Metaspace: 10543K->10543K(12288K)], 2.2542546 secs] [Times: user=2.26 sys=0.00, real=2.25 secs] 
[Full GC (System.gc()) [Tenured: 781102K->781103K(1385856K), 2.1570828 secs] 781105K->781103K(2009472K), [Metaspace: 10543K->10543K(12288K)], 2.1571316 secs] [Times: user=2.15 sys=0.00, real=2.16 secs] 
[Full GC (System.gc()) [Tenured: 781103K->781237K(1385856K), 2.2129423 secs] 792212K->781237K(2009472K), [Metaspace: 10543K->10543K(12288K)], 2.2129897 secs] [Times: user=2.22 sys=0.00, real=2.21 secs] 

*** PauseDetector detected a 4889 ms pause at Sun Dec 21 23:32:41 EET 2014 ***

[Full GC (System.gc()) [Tenured: 781237K->781361K(1385856K), 2.1510501 secs] 803458K->781361K(2009472K), [Metaspace: 10543K->10543K(12288K)], 2.1511020 secs] [Times: user=2.14 sys=0.00, real=2.15 secs] 

*** PauseDetector detected a 8808 ms pause at Sun Dec 21 23:32:47 EET 2014 ***

[GC (Allocation Failure) [DefNew: 554368K->69247K(623616K), 0.1367763 secs] 1335729K->890824K(2009472K), 0.1368886 secs] [Times: user=0.13 sys=0.00, real=0.14 secs] 
[GC (Allocation Failure) [DefNew: 623615K->5954K(623616K), 0.0634743 secs] 1445192K->892030K(2009472K), 0.0635211 secs] [Times: user=0.06 sys=0.00, real=0.06 secs] 
[GC (Allocation Failure) [DefNew: 560322K->69247K(623616K), 0.1527278 secs] 1446398K->995383K(2009472K), 0.1527804 secs] [Times: user=0.16 sys=0.00, real=0.15 secs] 
[GC (Allocation Failure) [DefNew: 623615K->5954K(623616K), 0.0495605 secs] 1549751K->996588K(2009472K), 0.0497382 secs] [Times: user=0.05 sys=0.00, real=0.05 secs] 
[GC (Allocation Failure) [DefNew: 560322K->69248K(623616K), 0.1369835 secs] 1550956K->1099807K(2009472K), 0.1370227 secs] [Times: user=0.14 sys=0.00, real=0.14 secs] 
[GC (Allocation Failure) [DefNew: 623616K->5954K(623616K), 0.0518368 secs] 1654175K->1101010K(2009472K), 0.0519471 secs] [Times: user=0.06 sys=0.00, real=0.05 secs] 
[Full GC (System.gc()) [Tenured: 1095055K->779862K(1385856K), 2.2678701 secs] 1245437K->779862K(2009472K), [Metaspace: 10543K->10543K(12288K)], 2.2679202 secs] [Times: user=2.26 sys=0.00, real=2.27 secs] 
[Full GC (System.gc()) [Tenured: 779862K->779863K(1385856K), 2.1241007 secs] 779864K->779863K(2009472K), [Metaspace: 10543K->10543K(12288K)], 2.1242328 secs] [Times: user=2.14 sys=0.00, real=2.12 secs] 
[Full GC (System.gc()) [Tenured: 779863K->779863K(1385856K), 2.2705288 secs] 779863K->779863K(2009472K), [Metaspace: 10543K->10543K(12288K)], 2.2705680 secs] [Times: user=2.26 sys=0.00, real=2.27 secs] 

*** PauseDetector detected a 2268 ms pause at Sun Dec 21 23:33:00 EET 2014 ***

********************************
********** ROUND    4 **********
********************************

*** PauseDetector detected a 4400 ms pause at Sun Dec 21 23:33:04 EET 2014 ***

[GC (Allocation Failure) [DefNew: 554368K->5862K(623616K), 0.0117389 secs] 1334231K->785726K(2009472K), 0.0117800 secs] [Times: user=0.02 sys=0.00, real=0.01 secs] 
[GC (Allocation Failure) [DefNew: 560230K->69247K(623616K), 0.1284916 secs] 1340094K->888748K(2009472K), 0.1285943 secs] [Times: user=0.13 sys=0.00, real=0.13 secs] 
[GC (Allocation Failure) [DefNew: 623615K->5862K(623616K), 0.0524610 secs] 1443116K->889920K(2009472K), 0.0525053 secs] [Times: user=0.05 sys=0.00, real=0.05 secs] 
[GC (Allocation Failure) [DefNew: 560230K->69247K(623616K), 0.1326561 secs] 1444288K->992851K(2009472K), 0.1326978 secs] [Times: user=0.13 sys=0.00, real=0.13 secs] 
[GC (Allocation Failure) [DefNew: 623615K->5903K(623616K), 0.0533586 secs] 1547219K->994054K(2009472K), 0.0533990 secs] [Times: user=0.05 sys=0.00, real=0.05 secs] 
[GC (Allocation Failure) [DefNew: 560271K->69247K(623616K), 0.1232602 secs] 1548422K->1096852K(2009472K), 0.1233019 secs] [Times: user=0.13 sys=0.00, real=0.12 secs] 
[GC (Allocation Failure) [DefNew: 623615K->5854K(623616K), 0.0465463 secs] 1651220K->1098009K(2009472K), 0.0465803 secs] [Times: user=0.05 sys=0.00, real=0.05 secs] 
[GC (Allocation Failure) [DefNew: 560222K->69248K(623616K), 0.1456236 secs] 1652377K->1200737K(2009472K), 0.1456737 secs] [Times: user=0.16 sys=0.00, real=0.14 secs] 
[GC (Allocation Failure) [DefNew: 623616K->5875K(623616K), 0.0525983 secs] 1755105K->1201950K(2009472K), 0.0526387 secs] [Times: user=0.05 sys=0.00, real=0.05 secs] 
[GC (Allocation Failure) [DefNew: 560243K->69247K(623616K), 0.1274497 secs] 1756318K->1304150K(2009472K), 0.1274908 secs] [Times: user=0.14 sys=0.00, real=0.13 secs] 
[GC (Allocation Failure) [DefNew: 623615K->5904K(623616K), 0.0522865 secs] 1858518K->1305336K(2009472K), 0.0523276 secs] [Times: user=0.05 sys=0.00, real=0.05 secs] 
[GC (Allocation Failure) [DefNew: 560272K->69248K(623616K), 0.1420250 secs] 1859704K->1407400K(2009472K), 0.1420654 secs] [Times: user=0.14 sys=0.00, real=0.14 secs] 
[GC (Allocation Failure) [DefNew: 623616K->623616K(623616K), 0.0000802 secs][Tenured: 1338152K->853533K(1385856K), 2.5931273 secs] 1961768K->853533K(2009472K), [Metaspace: 10544K->10544K(12288K)], 2.5933794 secs] [Times: user=2.59 sys=0.00, real=2.59 secs] 

*** PauseDetector detected a 2595 ms pause at Sun Dec 21 23:33:27 EET 2014 ***

[GC (Allocation Failure) [DefNew: 554368K->69247K(623616K), 0.1093598 secs] 1407901K->961432K(2009472K), 0.1095074 secs] [Times: user=0.09 sys=0.00, real=0.11 secs] 
[GC (Allocation Failure) [DefNew: 623615K->5910K(623616K), 0.0478244 secs] 1515800K->962656K(2009472K), 0.0478686 secs] [Times: user=0.05 sys=0.00, real=0.05 secs] 
[GC (Allocation Failure) [DefNew: 560278K->69248K(623616K), 0.1092212 secs] 1517024K->1064617K(2009472K), 0.1094034 secs] [Times: user=0.11 sys=0.00, real=0.11 secs] 
[GC (Allocation Failure) [DefNew: 623616K->5874K(623616K), 0.0439897 secs] 1618985K->1065767K(2009472K), 0.0441372 secs] [Times: user=0.05 sys=0.00, real=0.04 secs] 
[GC (Allocation Failure) [DefNew: 560242K->69248K(623616K), 0.3788474 secs] 1620135K->1192380K(2009472K), 0.3788871 secs] [Times: user=0.37 sys=0.00, real=0.38 secs] 

*** PauseDetector detected a 383 ms pause at Sun Dec 21 23:33:35 EET 2014 ***

[GC (Allocation Failure) [DefNew: 623616K->5886K(623616K), 0.1343877 secs] 1746748K->1194037K(2009472K), 0.1344275 secs] [Times: user=0.14 sys=0.00, real=0.13 secs] 
[GC (Allocation Failure) [DefNew: 560254K->69247K(623616K), 0.5312415 secs] 1748405K->1313124K(2009472K), 0.5313910 secs] [Times: user=0.53 sys=0.00, real=0.53 secs] 

*** PauseDetector detected a 533 ms pause at Sun Dec 21 23:33:39 EET 2014 ***

[GC (Allocation Failure) [DefNew: 623615K->5898K(623616K), 0.0881750 secs] 1867492K->1314630K(2009472K), 0.0882808 secs] [Times: user=0.09 sys=0.00, real=0.09 secs] 
[GC (Allocation Failure) [DefNew: 560266K->560266K(623616K), 0.0000192 secs][Tenured: 1308731K->797155K(1385856K), 2.9092581 secs] 1868998K->797155K(2009472K), [Metaspace: 10546K->10546K(12288K)], 2.9093363 secs] [Times: user=2.90 sys=0.00, real=2.91 secs] 

*** PauseDetector detected a 2912 ms pause at Sun Dec 21 23:33:45 EET 2014 ***

[GC (Allocation Failure) [DefNew: 554368K->5883K(623616K), 0.0142796 secs] 1351523K->803038K(2009472K), 0.0143219 secs] [Times: user=0.01 sys=0.00, real=0.01 secs] 
[GC (Allocation Failure) [DefNew: 560251K->69248K(623616K), 0.3761720 secs] 1357406K->915497K(2009472K), 0.3762156 secs] [Times: user=0.38 sys=0.00, real=0.38 secs] 

*** PauseDetector detected a 382 ms pause at Sun Dec 21 23:33:48 EET 2014 ***

[GC (Allocation Failure) [DefNew: 623616K->5902K(623616K), 0.0729465 secs] 1469865K->916904K(2009472K), 0.0729882 secs] [Times: user=0.08 sys=0.00, real=0.07 secs] 
[GC (Allocation Failure) [DefNew: 560270K->69248K(623616K), 0.3559290 secs] 1471272K->1028155K(2009472K), 0.3560746 secs] [Times: user=0.36 sys=0.00, real=0.36 secs] 

*** PauseDetector detected a 359 ms pause at Sun Dec 21 23:33:52 EET 2014 ***

[GC (Allocation Failure) [DefNew: 623616K->5890K(623616K), 0.0875007 secs] 1582523K->1029501K(2009472K), 0.0875450 secs] [Times: user=0.09 sys=0.00, real=0.09 secs] 
[GC (Allocation Failure) [DefNew: 560258K->69247K(623616K), 0.3115044 secs] 1583869K->1138288K(2009472K), 0.3115435 secs] [Times: user=0.30 sys=0.00, real=0.31 secs] 
[GC (Allocation Failure) [DefNew: 623615K->5896K(623616K), 0.0684074 secs] 1692656K->1139578K(2009472K), 0.0684478 secs] [Times: user=0.06 sys=0.00, real=0.07 secs] 
[GC (Allocation Failure) [DefNew: 560264K->69247K(623616K), 0.2743918 secs] 1693946K->1247671K(2009472K), 0.2744302 secs] [Times: user=0.28 sys=0.00, real=0.27 secs] 
[GC (Allocation Failure) [DefNew: 623615K->5913K(623616K), 0.0642089 secs] 1802039K->1248968K(2009472K), 0.0642474 secs] [Times: user=0.06 sys=0.00, real=0.06 secs] 
[GC (Allocation Failure) [DefNew: 560281K->69248K(623616K), 0.2631007 secs] 1803336K->1356459K(2009472K), 0.2631404 secs] [Times: user=0.26 sys=0.00, real=0.26 secs] 
[GC (Allocation Failure) [DefNew: 623616K->5915K(623616K), 0.0693486 secs] 1910827K->1357782K(2009472K), 0.0693884 secs] [Times: user=0.06 sys=0.02, real=0.07 secs] 
[GC (Allocation Failure) [DefNew: 560283K->560283K(623616K), 0.0000186 secs][Tenured: 1351867K->857321K(1385856K), 2.9159965 secs] 1912150K->857321K(2009472K), [Metaspace: 10546K->10546K(12288K)]
*** PauseDetector detected a 2920 ms pause at Sun Dec 21 23:34:08 EET 2014 ***

, 2.9160755 secs] [Times: user=2.92 sys=0.00, real=2.92 secs] 
[GC (Allocation Failure) [DefNew: 554368K->5915K(623616K), 0.0133300 secs] 1411689K->863237K(2009472K), 0.0133788 secs] [Times: user=0.02 sys=0.00, real=0.01 secs] 
[GC (Allocation Failure) [DefNew: 560283K->69248K(623616K), 0.2063879 secs] 1417605K->968843K(2009472K), 0.2064264 secs] [Times: user=0.22 sys=0.00, real=0.21 secs] 
[GC (Allocation Failure) [DefNew: 623616K->5864K(623616K), 0.0583917 secs] 1523211K->970042K(2009472K), 0.0584386 secs] [Times: user=0.05 sys=0.00, real=0.06 secs] 
[GC (Allocation Failure) [DefNew: 560232K->69248K(623616K), 0.2078501 secs] 1524410K->1075383K(2009472K), 0.2078963 secs] [Times: user=0.20 sys=0.00, real=0.21 secs] 
[GC (Allocation Failure) [DefNew: 623616K->5915K(623616K), 0.0550870 secs] 1629751K->1076628K(2009472K), 0.0551261 secs] [Times: user=0.06 sys=0.00, real=0.06 secs] 
[GC (Allocation Failure) [DefNew: 560283K->69248K(623616K), 0.1867775 secs] 1630996K->1181627K(2009472K), 0.1868237 secs] [Times: user=0.19 sys=0.00, real=0.19 secs] 
[GC (Allocation Failure) [DefNew: 623616K->5913K(623616K), 0.0535305 secs] 1735995K->1182866K(2009472K), 0.0535703 secs] [Times: user=0.05 sys=0.00, real=0.05 secs] 
[GC (Allocation Failure) [DefNew: 560281K->69248K(623616K), 0.2083800 secs] 1737234K->1287633K(2009472K), 0.2084256 secs] [Times: user=0.22 sys=0.00, real=0.21 secs] 
[GC (Allocation Failure) [DefNew: 623616K->5916K(623616K), 0.0604057 secs] 1842001K->1288870K(2009472K), 0.0604589 secs] [Times: user=0.06 sys=0.00, real=0.06 secs] 
[GC (Allocation Failure) [DefNew: 560284K->69248K(623616K), 0.1695101 secs] 1843238K->1393428K(2009472K), 0.1696205 secs] [Times: user=0.17 sys=0.00, real=0.17 secs] 
[GC (Allocation Failure) [DefNew: 623616K->623616K(623616K), 0.0000212 secs][Tenured: 1324180K->856017K(1385856K), 2.8940880 secs] 1947796K->856017K(2009472K), [Metaspace: 10546K->10546K(12288K)], 2.8941701 secs] [Times: user=2.89 sys=0.00, real=2.89 secs] 

*** PauseDetector detected a 2899 ms pause at Sun Dec 21 23:34:29 EET 2014 ***

[GC (Allocation Failure) [DefNew: 554368K->69248K(623616K), 0.1505169 secs] 1410385K->966257K(2009472K), 0.1505573 secs] [Times: user=0.16 sys=0.00, real=0.15 secs] 
[GC (Allocation Failure) [DefNew: 623616K->5917K(623616K), 0.0503772 secs] 1520625K->967542K(2009472K), 0.0504202 secs] [Times: user=0.05 sys=0.00, real=0.05 secs] 
[GC (Allocation Failure) [DefNew: 560285K->69248K(623616K), 0.1668983 secs] 1521910K->1071007K(2009472K), 0.1669445 secs] [Times: user=0.17 sys=0.00, real=0.17 secs] 
[GC (Allocation Failure) [DefNew: 623616K->5921K(623616K), 0.0481522 secs] 1625375K->1072259K(2009472K), 0.0481945 secs] [Times: user=0.05 sys=0.00, real=0.05 secs] 
[GC (Allocation Failure) [DefNew: 560289K->69247K(623616K), 0.1497977 secs] 1626627K->1175561K(2009472K), 0.1498548 secs] [Times: user=0.16 sys=0.00, real=0.15 secs] 
[GC (Allocation Failure) [DefNew: 623615K->5866K(623616K), 0.0517386 secs] 1729929K->1176762K(2009472K), 0.0517797 secs] [Times: user=0.06 sys=0.00, real=0.05 secs] 
[GC (Allocation Failure) [DefNew: 560234K->69247K(623616K), 0.1586810 secs] 1731130K->1280026K(2009472K), 0.1587220 secs] [Times: user=0.16 sys=0.00, real=0.16 secs] 
[GC (Allocation Failure) [DefNew: 623615K->5887K(623616K), 0.0496753 secs] 1834394K->1281205K(2009472K), 0.0497164 secs] [Times: user=0.05 sys=0.00, real=0.05 secs] 
[GC (Allocation Failure) [DefNew: 560255K->69247K(623616K), 0.1438432 secs] 1835573K->1384332K(2009472K), 0.1439632 secs] [Times: user=0.14 sys=0.00, real=0.14 secs] 
[GC (Allocation Failure) [DefNew: 623615K->623615K(623616K), 0.0000930 secs][Tenured: 1315084K->854600K(1385856K), 2.6524262 secs] 1938700K->854600K(2009472K), [Metaspace: 10546K->10546K(12288K)], 2.6525802 secs] [Times: user=2.65 sys=0.00, real=2.65 secs] 

*** PauseDetector detected a 2654 ms pause at Sun Dec 21 23:34:47 EET 2014 ***

[GC (Allocation Failure) [DefNew: 554368K->69247K(623616K), 0.1382878 secs] 1408968K->963488K(2009472K), 0.1383295 secs] [Times: user=0.14 sys=0.00, real=0.14 secs] 
[GC (Allocation Failure) [DefNew: 623615K->5870K(623616K), 0.0475696 secs] 1517856K->964665K(2009472K), 0.0476139 secs] [Times: user=0.05 sys=0.00, real=0.05 secs] 
[GC (Allocation Failure) [DefNew: 560238K->69247K(623616K), 0.1369636 secs] 1519033K->1067605K(2009472K), 0.1370034 secs] [Times: user=0.14 sys=0.00, real=0.14 secs] 
[GC (Allocation Failure) [DefNew: 623615K->5892K(623616K), 0.0575327 secs] 1621973K->1068781K(2009472K), 0.0575763 secs] [Times: user=0.06 sys=0.00, real=0.06 secs] 
[GC (Allocation Failure) [DefNew: 560260K->69247K(623616K), 0.1299833 secs] 1623149K->1171571K(2009472K), 0.1300558 secs] [Times: user=0.14 sys=0.00, real=0.13 secs] 
[GC (Allocation Failure) [DefNew: 623615K->5914K(623616K), 0.0472392 secs] 1725939K->1172807K(2009472K), 0.0473913 secs] [Times: user=0.05 sys=0.00, real=0.05 secs] 
[GC (Allocation Failure) [DefNew: 560282K->69248K(623616K), 0.1303682 secs] 1727175K->1275532K(2009472K), 0.1304151 secs] [Times: user=0.14 sys=0.00, real=0.13 secs] 
[GC (Allocation Failure) [DefNew: 623616K->5921K(623616K), 0.0610966 secs] 1829900K->1276734K(2009472K), 0.0611428 secs] [Times: user=0.06 sys=0.00, real=0.06 secs] 
[GC (Allocation Failure) [DefNew: 560289K->69248K(623616K), 0.1396987 secs] 1831102K->1378869K(2009472K), 0.1397384 secs] [Times: user=0.14 sys=0.00, real=0.14 secs] 
[GC (Allocation Failure) [DefNew: 623616K->623616K(623616K), 0.0000199 secs][Tenured: 1309621K->784323K(1385856K), 2.5813281 secs] 1933237K->784323K(2009472K), [Metaspace: 10546K->10546K(12288K)], 2.5814166 secs] [Times: user=2.59 sys=0.00, real=2.58 secs] 

*** PauseDetector detected a 2582 ms pause at Sun Dec 21 23:35:05 EET 2014 ***

[GC (Allocation Failure) [DefNew: 554368K->69248K(623616K), 0.1236740 secs] 1338691K->892295K(2009472K), 0.1237132 secs] [Times: user=0.11 sys=0.00, real=0.12 secs] 
[GC (Allocation Failure) [DefNew: 623616K->5866K(623616K), 0.0449142 secs] 1446663K->893474K(2009472K), 0.0449533 secs] [Times: user=0.05 sys=0.00, real=0.04 secs] 
[GC (Allocation Failure) [DefNew: 560234K->69248K(623616K), 0.1184016 secs] 1447842K->995542K(2009472K), 0.1184413 secs] [Times: user=0.13 sys=0.00, real=0.12 secs] 
[GC (Allocation Failure) [DefNew: 623616K->5905K(623616K), 0.0468152 secs] 1549910K->996725K(2009472K), 0.0469274 secs] [Times: user=0.05 sys=0.00, real=0.05 secs] 
[GC (Allocation Failure) [DefNew: 560273K->69248K(623616K), 0.1256956 secs] 1551093K->1098707K(2009472K), 0.1257418 secs] [Times: user=0.13 sys=0.00, real=0.13 secs] 
[GC (Allocation Failure) [DefNew: 623616K->5921K(623616K), 0.0471956 secs] 1653075K->1099888K(2009472K), 0.0472373 secs] [Times: user=0.05 sys=0.00, real=0.05 secs] 
[GC (Allocation Failure) [DefNew: 560289K->69247K(623616K), 0.3408423 secs] 1654256K->1226484K(2009472K), 0.3408795 secs] [Times: user=0.33 sys=0.00, real=0.34 secs] 
[GC (Allocation Failure) [DefNew: 623615K->5891K(623616K), 0.1151956 secs] 1780852K->1228117K(2009472K), 0.1152476 secs] [Times: user=0.13 sys=0.00, real=0.12 secs] 
[GC (Allocation Failure) [DefNew: 560259K->69248K(623616K), 0.5135790 secs] 1782485K->1347217K(2009472K), 0.5136245 secs] [Times: user=0.51 sys=0.00, real=0.51 secs] 

*** PauseDetector detected a 519 ms pause at Sun Dec 21 23:35:20 EET 2014 ***

[GC (Allocation Failure) [DefNew: 623616K->5859K(623616K), 0.0936451 secs] 1901585K->1348665K(2009472K), 0.0936874 secs] [Times: user=0.09 sys=0.00, real=0.09 secs] 
[GC (Allocation Failure) [DefNew: 560227K->560227K(623616K), 0.0000192 secs][Tenured: 1342805K->866447K(1385856K), 3.0312794 secs] 1903033K->866447K(2009472K), [Metaspace: 10546K->10546K(12288K)], 3.0313987 secs] [Times: user=3.03 sys=0.00, real=3.03 secs] 

*** PauseDetector detected a 3034 ms pause at Sun Dec 21 23:35:27 EET 2014 ***

[GC (Allocation Failure) [DefNew: 554368K->5864K(623616K), 0.0119891 secs] 1420815K->872312K(2009472K), 0.0120302 secs] [Times: user=0.00 sys=0.00, real=0.01 secs] 
[GC (Allocation Failure) [DefNew: 560232K->69247K(623616K), 0.3299933 secs] 1426680K->984832K(2009472K), 0.3300318 secs] [Times: user=0.33 sys=0.00, real=0.33 secs] 
[GC (Allocation Failure) [DefNew: 623615K->5922K(623616K), 0.0980514 secs] 1539200K->986217K(2009472K), 0.0981034 secs] [Times: user=0.09 sys=0.00, real=0.10 secs] 
[GC (Allocation Failure) [DefNew: 560290K->69248K(623616K), 0.3340070 secs] 1540585K->1097416K(2009472K), 0.3340480 secs] [Times: user=0.33 sys=0.00, real=0.33 secs] 
[GC (Allocation Failure) [DefNew: 623616K->5921K(623616K), 0.0778264 secs] 1651784K->1098826K(2009472K), 0.0778681 secs] [Times: user=0.08 sys=0.00, real=0.08 secs] 
[GC (Allocation Failure) [DefNew: 560289K->69248K(623616K), 0.2802282 secs] 1653194K->1207552K(2009472K), 0.2802673 secs] [Times: user=0.28 sys=0.00, real=0.28 secs] 
[GC (Allocation Failure) [DefNew: 623616K->5899K(623616K), 0.0799500 secs] 1761920K->1208874K(2009472K), 0.0799904 secs] [Times: user=0.08 sys=0.00, real=0.08 secs] 
[GC (Allocation Failure) [DefNew: 560267K->69247K(623616K), 0.2592358 secs] 1763242K->1316964K(2009472K), 0.2592737 secs] [Times: user=0.27 sys=0.00, real=0.26 secs] 
[GC (Allocation Failure) [DefNew: 623615K->5916K(623616K), 0.0642814 secs] 1871332K->1318265K(2009472K), 0.0643199 secs] [Times: user=0.06 sys=0.00, real=0.06 secs] 
[GC (Allocation Failure) [DefNew: 560284K->560284K(623616K), 0.0000295 secs][Tenured: 1312348K->857762K(1385856K), 2.8368088 secs] 1872633K->857762K(2009472K), [Metaspace: 10546K->10546K(12288K)], 2.8369050 secs] [Times: user=2.82 sys=0.00, real=2.84 secs] 

*** PauseDetector detected a 2838 ms pause at Sun Dec 21 23:35:46 EET 2014 ***

[GC (Allocation Failure) [DefNew: 554368K->5870K(623616K), 0.0119224 secs] 1412130K->863633K(2009472K), 0.0119635 secs] [Times: user=0.02 sys=0.00, real=0.01 secs] 
[GC (Allocation Failure) [DefNew: 560238K->69247K(623616K), 0.1951244 secs] 1418001K->970698K(2009472K), 0.1951661 secs] [Times: user=0.19 sys=0.00, real=0.19 secs] 
[GC (Allocation Failure) [DefNew: 623615K->5921K(623616K), 0.0607560 secs] 1525066K->972039K(2009472K), 0.0607964 secs] [Times: user=0.06 sys=0.00, real=0.06 secs] 
[GC (Allocation Failure) [DefNew: 560289K->69248K(623616K), 0.2022671 secs] 1526407K->1077623K(2009472K), 0.2023145 secs] [Times: user=0.20 sys=0.00, real=0.20 secs] 
[GC (Allocation Failure) [DefNew: 623616K->5923K(623616K), 0.0538635 secs] 1631991K->1078898K(2009472K), 0.0539649 secs] [Times: user=0.05 sys=0.00, real=0.05 secs] 
[GC (Allocation Failure) [DefNew: 560291K->69247K(623616K), 0.1813453 secs] 1633266K->1184191K(2009472K), 0.1813857 secs] [Times: user=0.17 sys=0.00, real=0.18 secs] 
[GC (Allocation Failure) [DefNew: 623615K->5903K(623616K), 0.0667784 secs] 1738559K->1185412K(2009472K), 0.0668265 secs] [Times: user=0.06 sys=0.00, real=0.07 secs] 
[GC (Allocation Failure) [DefNew: 560271K->69247K(623616K), 0.1710191 secs] 1739780K->1290397K(2009472K), 0.1710737 secs] [Times: user=0.17 sys=0.00, real=0.17 secs] 
[GC (Allocation Failure) [DefNew: 623615K->5924K(623616K), 0.0540759 secs] 1844765K->1291673K(2009472K), 0.0541176 secs] [Times: user=0.05 sys=0.00, real=0.05 secs] 
[GC (Allocation Failure) [DefNew: 560292K->69248K(623616K), 0.1667886 secs] 1846041K->1396419K(2009472K), 0.1668348 secs] [Times: user=0.17 sys=0.00, real=0.17 secs] 
[GC (Allocation Failure) [DefNew: 623616K->623616K(623616K), 0.0000199 secs][Tenured: 1327171K->856179K(1385856K), 2.8766859 secs] 1950787K->856179K(2009472K), [Metaspace: 10546K->10546K(12288K)]
*** PauseDetector detected a 2877 ms pause at Sun Dec 21 23:36:07 EET 2014 ***

, 2.8767693 secs] [Times: user=2.85 sys=0.00, real=2.88 secs] 
[GC (Allocation Failure) [DefNew: 554368K->69247K(623616K), 0.1630642 secs] 1410547K->966663K(2009472K), 0.1631059 secs] [Times: user=0.16 sys=0.00, real=0.16 secs] 
[GC (Allocation Failure) [DefNew: 623615K->5858K(623616K), 0.0499685 secs] 1521031K->967830K(2009472K), 0.0500096 secs] [Times: user=0.05 sys=0.00, real=0.05 secs] 
[GC (Allocation Failure) [DefNew: 560226K->69248K(623616K), 0.1759977 secs] 1522198K->1072274K(2009472K), 0.1760427 secs] [Times: user=0.17 sys=0.00, real=0.18 secs] 
[GC (Allocation Failure) [DefNew: 623616K->5925K(623616K), 0.0537923 secs] 1626642K->1073504K(2009472K), 0.0538334 secs] [Times: user=0.06 sys=0.00, real=0.05 secs] 
[GC (Allocation Failure) [DefNew: 560293K->69248K(623616K), 0.1471839 secs] 1627872K->1176980K(2009472K), 0.1472295 secs] [Times: user=0.14 sys=0.00, real=0.15 secs] 
[GC (Allocation Failure) [DefNew: 623616K->5926K(623616K), 0.0490838 secs] 1731348K->1178218K(2009472K), 0.0491229 secs] [Times: user=0.05 sys=0.00, real=0.05 secs] 
[GC (Allocation Failure) [DefNew: 560294K->69248K(623616K), 0.1518475 secs] 1732586K->1281531K(2009472K), 0.1518931 secs] [Times: user=0.16 sys=0.00, real=0.15 secs] 
[GC (Allocation Failure) [DefNew: 623616K->5912K(623616K), 0.0473015 secs] 1835899K->1282762K(2009472K), 0.0474003 secs] [Times: user=0.05 sys=0.00, real=0.05 secs] 
[Full GC (System.gc()) [Tenured: 1276850K->780467K(1385856K), 2.5101600 secs] 1472950K->780467K(2009472K), [Metaspace: 10546K->10546K(12288K)], 2.5102139 secs] [Times: user=2.48 sys=0.00, real=2.51 secs] 
[Full GC (System.gc()) [Tenured: 780467K->780467K(1385856K), 2.4829155 secs] 780467K->780467K(2009472K), [Metaspace: 10546K->10546K(12288K)]
*** PauseDetector detected a 4995 ms pause at Sun Dec 21 23:36:25 EET 2014 ***

, 2.4829674 secs] [Times: user=2.47 sys=0.00, real=2.48 secs] 
[Full GC (System.gc()) [Tenured: 780467K->780471K(1385856K), 2.3580731 secs] 791578K->780471K(2009472K), [Metaspace: 10546K->10546K(12288K)], 2.3581880 secs] [Times: user=2.36 sys=0.00, real=2.36 secs] 

*** PauseDetector detected a 2360 ms pause at Sun Dec 21 23:36:27 EET 2014 ***

[Full GC (System.gc()) [Tenured: 780471K->780616K(1385856K), 2.3174062 secs] 791582K->780616K(2009472K), [Metaspace: 10546K->10546K(12288K)], 2.3174563 secs] [Times: user=2.32 sys=0.00, real=2.32 secs] 
[Full GC (System.gc()) [Tenured: 780616K->779582K(1385856K), 2.4339915 secs] 780618K->779582K(2009472K), [Metaspace: 10546K->10546K(12288K)], 2.4340531 secs] [Times: user=2.42 sys=0.00, real=2.43 secs] 
[Full GC (System.gc()) [Tenured: 779582K->779582K(1385856K), 2.3270870 secs] 790691K->779582K(2009472K), [Metaspace: 10546K->10546K(12288K)]
*** PauseDetector detected a 2319 ms pause at Sun Dec 21 23:36:30 EET 2014 ***

, 2.3271408 secs] [Times: user=2.29 sys=0.00, real=2.33 secs] 

*** PauseDetector detected a 4767 ms pause at Sun Dec 21 23:36:34 EET 2014 ***

[GC (Allocation Failure) [DefNew: 554368K->69247K(623616K), 0.1207010 secs] 1333950K->888638K(2009472K), 0.1208087 secs] [Times: user=0.13 sys=0.00, real=0.12 secs] 
[GC (Allocation Failure) [DefNew: 623615K->5954K(623616K), 0.0530583 secs] 1443006K->889839K(2009472K), 0.0531218 secs] [Times: user=0.05 sys=0.00, real=0.05 secs] 
[GC (Allocation Failure) [DefNew: 560322K->69247K(623616K), 0.1317662 secs] 1444207K->992833K(2009472K), 0.1318131 secs] [Times: user=0.13 sys=0.00, real=0.13 secs] 
[GC (Allocation Failure) [DefNew: 623615K->5954K(623616K), 0.0531995 secs] 1547201K->994034K(2009472K), 0.0532412 secs] [Times: user=0.05 sys=0.00, real=0.05 secs] 
[GC (Allocation Failure) [DefNew: 560322K->69247K(623616K), 0.1310772 secs] 1548402K->1096929K(2009472K), 0.1311176 secs] [Times: user=0.13 sys=0.00, real=0.13 secs] 
[GC (Allocation Failure) [DefNew: 623615K->5954K(623616K), 0.0443323 secs] 1651297K->1098128K(2009472K), 0.0443720 secs] [Times: user=0.05 sys=0.00, real=0.04 secs] 
[Full GC (System.gc()) [Tenured: 1092173K->849563K(1385856K), 2.4050545 secs] 1309220K->849563K(2009472K), [Metaspace: 10546K->10546K(12288K)], 2.4051096 secs] [Times: user=2.39 sys=0.00, real=2.40 secs] 
[Full GC (System.gc()) [Tenured: 849563K->849563K(1385856K), 2.3666407 secs] 849563K->849563K(2009472K), [Metaspace: 10546K->10546K(12288K)], 2.3666818 secs] [Times: user=2.35 sys=0.00, real=2.37 secs] 

*** PauseDetector detected a 4775 ms pause at Sun Dec 21 23:36:49 EET 2014 ***

[Full GC (System.gc()) [Tenured: 849563K->780202K(1385856K), 2.4421767 secs] 860674K->780202K(2009472K), [Metaspace: 10546K->10546K(12288K)], 2.4422222 secs] [Times: user=2.45 sys=0.00, real=2.44 secs] 

*** PauseDetector detected a 2442 ms pause at Sun Dec 21 23:36:52 EET 2014 ***

********************************
********** ROUND    5 **********
********************************
[GC (Allocation Failure) [DefNew: 554368K->5874K(623616K), 0.0113803 secs] 1334570K->786077K(2009472K), 0.0114194 secs] [Times: user=0.02 sys=0.00, real=0.01 secs] 
[GC (Allocation Failure) [DefNew: 560242K->69248K(623616K), 0.1253774 secs] 1340445K->888796K(2009472K), 0.1254191 secs] [Times: user=0.13 sys=0.00, real=0.13 secs] 
[GC (Allocation Failure) [DefNew: 623616K->5902K(623616K), 0.0522544 secs] 1443164K->890024K(2009472K), 0.0522987 secs] [Times: user=0.05 sys=0.00, real=0.05 secs] 
[GC (Allocation Failure) [DefNew: 560270K->69247K(623616K), 0.1372138 secs] 1444392K->992192K(2009472K), 0.1372620 secs] [Times: user=0.14 sys=0.00, real=0.14 secs] 
[GC (Allocation Failure) [DefNew: 623615K->5899K(623616K), 0.0456520 secs] 1546560K->993378K(2009472K), 0.0456911 secs] [Times: user=0.05 sys=0.00, real=0.05 secs] 
[GC (Allocation Failure) [DefNew: 560267K->69247K(623616K), 0.1191631 secs] 1547746K->1095481K(2009472K), 0.1192074 secs] [Times: user=0.11 sys=0.00, real=0.12 secs] 
[GC (Allocation Failure) [DefNew: 623615K->5898K(623616K), 0.0605834 secs] 1649849K->1096661K(2009472K), 0.0606308 secs] [Times: user=0.06 sys=0.00, real=0.06 secs] 
[GC (Allocation Failure) [DefNew: 560266K->69248K(623616K), 0.1222433 secs] 1651029K->1198694K(2009472K), 0.1223524 secs] [Times: user=0.13 sys=0.00, real=0.12 secs] 
[GC (Allocation Failure) [DefNew: 623616K->5904K(623616K), 0.0520857 secs] 1753062K->1199879K(2009472K), 0.0521261 secs] [Times: user=0.05 sys=0.00, real=0.05 secs] 
[GC (Allocation Failure) [DefNew: 560272K->69248K(623616K), 0.1229208 secs] 1754247K->1301844K(2009472K), 0.1229593 secs] [Times: user=0.12 sys=0.00, real=0.12 secs] 
[GC (Allocation Failure) [DefNew: 623616K->5908K(623616K), 0.0606976 secs] 1856212K->1303031K(2009472K), 0.0607412 secs] [Times: user=0.06 sys=0.00, real=0.06 secs] 
[GC (Allocation Failure) [DefNew: 560276K->69248K(623616K), 0.3564160 secs] 1857399K->1429636K(2009472K), 0.3564602 secs] [Times: user=0.34 sys=0.00, real=0.36 secs] 

*** PauseDetector detected a 360 ms pause at Sun Dec 21 23:37:10 EET 2014 ***

[GC (Allocation Failure) [DefNew: 623616K->623616K(623616K), 0.0000199 secs][Tenured: 1360388K->877267K(1385856K), 2.9745333 secs] 1984004K->877267K(2009472K), [Metaspace: 10546K->10546K(12288K)]
*** PauseDetector detected a 2979 ms pause at Sun Dec 21 23:37:15 EET 2014 ***

, 2.9746141 secs] [Times: user=2.95 sys=0.00, real=2.97 secs] 
[GC (Allocation Failure) [DefNew: 554368K->69248K(623616K), 0.4586004 secs] 1431635K->1002244K(2009472K), 0.4586979 secs] [Times: user=0.47 sys=0.00, real=0.46 secs] 

*** PauseDetector detected a 460 ms pause at Sun Dec 21 23:37:17 EET 2014 ***

[GC (Allocation Failure) [DefNew: 623616K->5879K(623616K), 0.0864626 secs] 1556612K->1003727K(2009472K), 0.0865024 secs] [Times: user=0.08 sys=0.00, real=0.09 secs] 
[GC (Allocation Failure) [DefNew: 560247K->69248K(623616K), 0.4899125 secs] 1558095K->1120226K(2009472K), 0.4899529 secs] [Times: user=0.48 sys=0.00, real=0.49 secs] 

*** PauseDetector detected a 492 ms pause at Sun Dec 21 23:37:21 EET 2014 ***

[GC (Allocation Failure) [DefNew: 623616K->5911K(623616K), 0.1155055 secs] 1674594K->1121742K(2009472K), 0.1156030 secs] [Times: user=0.09 sys=0.00, real=0.12 secs] 
[GC (Allocation Failure) [DefNew: 560279K->69247K(623616K), 0.3886757 secs] 1676110K->1234201K(2009472K), 0.3887321 secs] [Times: user=0.39 sys=0.00, real=0.39 secs] 

*** PauseDetector detected a 393 ms pause at Sun Dec 21 23:37:25 EET 2014 ***

[GC (Allocation Failure) [DefNew: 623615K->5857K(623616K), 0.0720483 secs] 1788569K->1235536K(2009472K), 0.0720888 secs] [Times: user=0.08 sys=0.00, real=0.07 secs] 
[GC (Allocation Failure) [DefNew: 560225K->69247K(623616K), 0.3990621 secs] 1789904K->1346833K(2009472K), 0.3991115 secs] [Times: user=0.41 sys=0.00, real=0.40 secs] 

*** PauseDetector detected a 400 ms pause at Sun Dec 21 23:37:28 EET 2014 ***

[GC (Allocation Failure) [DefNew: 623615K->5908K(623616K), 0.0730845 secs] 1901201K->1348195K(2009472K), 0.0731743 secs] [Times: user=0.08 sys=0.00, real=0.07 secs] 
[GC (Allocation Failure) [DefNew: 560276K->560276K(623616K), 0.0000199 secs][Tenured: 1342287K->858922K(1385856K), 2.8896072 secs] 1902563K->858922K(2009472K), [Metaspace: 10546K->10546K(12288K)], 2.8896926 secs] [Times: user=2.87 sys=0.00, real=2.89 secs] 

*** PauseDetector detected a 2894 ms pause at Sun Dec 21 23:37:34 EET 2014 ***

[GC (Allocation Failure) [DefNew: 554368K->5914K(623616K), 0.0129444 secs] 1413290K->864836K(2009472K), 0.0129810 secs] [Times: user=0.01 sys=0.00, real=0.01 secs] 
[GC (Allocation Failure) [DefNew: 560282K->69248K(623616K), 0.2616622 secs] 1419204K->972902K(2009472K), 0.2617065 secs] [Times: user=0.25 sys=0.00, real=0.26 secs] 
[GC (Allocation Failure) [DefNew: 623616K->5887K(623616K), 0.0658963 secs] 1527270K->974183K(2009472K), 0.0659771 secs] [Times: user=0.06 sys=0.00, real=0.07 secs] 
[GC (Allocation Failure) [DefNew: 560255K->69247K(623616K), 0.2550482 secs] 1528551K->1081705K(2009472K), 0.2550887 secs] [Times: user=0.25 sys=0.00, real=0.26 secs] 
[GC (Allocation Failure) [DefNew: 623615K->5913K(623616K), 0.0656473 secs] 1636073K->1082997K(2009472K), 0.0656884 secs] [Times: user=0.06 sys=0.00, real=0.07 secs] 
[GC (Allocation Failure) [DefNew: 560281K->69247K(623616K), 0.2071347 secs] 1637365K->1190065K(2009472K), 0.2071738 secs] [Times: user=0.20 sys=0.00, real=0.21 secs] 
[GC (Allocation Failure) [DefNew: 623615K->5888K(623616K), 0.0631150 secs] 1744433K->1191327K(2009472K), 0.0631574 secs] [Times: user=0.06 sys=0.00, real=0.06 secs] 
[GC (Allocation Failure) [DefNew: 560256K->69248K(623616K), 0.2434267 secs] 1745695K->1296961K(2009472K), 0.2434665 secs] [Times: user=0.23 sys=0.00, real=0.24 secs] 
[GC (Allocation Failure) [DefNew: 623616K->5883K(623616K), 0.0583346 secs] 1851329K->1298178K(2009472K), 0.0583776 secs] [Times: user=0.05 sys=0.00, real=0.06 secs] 
[GC (Allocation Failure) [DefNew: 560251K->69248K(623616K), 0.2018058 secs] 1852546K->1403497K(2009472K), 0.2019123 secs] [Times: user=0.20 sys=0.00, real=0.20 secs] 
[GC (Allocation Failure) [DefNew: 623616K->623616K(623616K), 0.0000205 secs][Tenured: 1334249K->856733K(1385856K), 2.9585651 secs] 1957865K->856733K(2009472K), [Metaspace: 10546K->10546K(12288K)], 2.9586453 secs] [Times: user=2.95 sys=0.00, real=2.96 secs] 

*** PauseDetector detected a 2963 ms pause at Sun Dec 21 23:37:55 EET 2014 ***

[GC (Allocation Failure) [DefNew: 554368K->69248K(623616K), 0.1693908 secs] 1411101K->967598K(2009472K), 0.1694299 secs] [Times: user=0.17 sys=0.00, real=0.17 secs] 
[GC (Allocation Failure) [DefNew: 623616K->5879K(623616K), 0.0535536 secs] 1521966K->968853K(2009472K), 0.0536569 secs] [Times: user=0.05 sys=0.00, real=0.05 secs] 
[GC (Allocation Failure) [DefNew: 560247K->69248K(623616K), 0.1778198 secs] 1523221K->1073640K(2009472K), 0.1778609 secs] [Times: user=0.19 sys=0.00, real=0.18 secs] 
[GC (Allocation Failure) [DefNew: 623616K->5916K(623616K), 0.0605584 secs] 1628008K->1074891K(2009472K), 0.0605981 secs] [Times: user=0.05 sys=0.00, real=0.06 secs] 
[GC (Allocation Failure) [DefNew: 560284K->69248K(623616K), 0.1495199 secs] 1629259K->1179389K(2009472K), 0.1495546 secs] [Times: user=0.14 sys=0.00, real=0.15 secs] 
[GC (Allocation Failure) [DefNew: 623616K->5912K(623616K), 0.0594760 secs] 1733757K->1180679K(2009472K), 0.0595254 secs] [Times: user=0.05 sys=0.00, real=0.06 secs] 
[GC (Allocation Failure) [DefNew: 560280K->69247K(623616K), 0.1768716 secs] 1735047K->1285028K(2009472K), 0.1769242 secs] [Times: user=0.17 sys=0.00, real=0.18 secs] 
[GC (Allocation Failure) [DefNew: 623615K->5858K(623616K), 0.0489259 secs] 1839396K->1286233K(2009472K), 0.0490151 secs] [Times: user=0.05 sys=0.00, real=0.05 secs] 
[GC (Allocation Failure) [DefNew: 560226K->69248K(623616K), 0.1620531 secs] 1840601K->1389737K(2009472K), 0.1620948 secs] [Times: user=0.17 sys=0.00, real=0.16 secs] 
[GC (Allocation Failure) [DefNew: 623616K->623616K(623616K), 0.0000192 secs][Tenured: 1320489K->785656K(1385856K), 2.7593199 secs] 1944105K->785656K(2009472K), [Metaspace: 10546K->10546K(12288K)]
*** PauseDetector detected a 2764 ms pause at Sun Dec 21 23:38:14 EET 2014 ***

, 2.7594135 secs] [Times: user=2.76 sys=0.00, real=2.76 secs] 
[GC (Allocation Failure) [DefNew: 554368K->69247K(623616K), 0.1248122 secs] 1340024K->894921K(2009472K), 0.1248520 secs] [Times: user=0.13 sys=0.00, real=0.13 secs] 
[GC (Allocation Failure) [DefNew: 623615K->5913K(623616K), 0.0477903 secs] 1449289K->896128K(2009472K), 0.0478782 secs] [Times: user=0.05 sys=0.00, real=0.05 secs] 
[GC (Allocation Failure) [DefNew: 560281K->69247K(623616K), 0.1349234 secs] 1450496K->999311K(2009472K), 0.1349651 secs] [Times: user=0.13 sys=0.00, real=0.13 secs] 
[GC (Allocation Failure) [DefNew: 623615K->5913K(623616K), 0.0514082 secs] 1553679K->1000550K(2009472K), 0.0514480 secs] [Times: user=0.06 sys=0.00, real=0.05 secs] 
[GC (Allocation Failure) [DefNew: 560281K->69247K(623616K), 0.1578386 secs] 1554918K->1103619K(2009472K), 0.1578925 secs] [Times: user=0.16 sys=0.00, real=0.16 secs] 
[GC (Allocation Failure) [DefNew: 623615K->5854K(623616K), 0.0476434 secs] 1657987K->1104793K(2009472K), 0.0476826 secs] [Times: user=0.05 sys=0.00, real=0.05 secs] 
[GC (Allocation Failure) [DefNew: 560222K->69247K(623616K), 0.1377021 secs] 1659161K->1207845K(2009472K), 0.1377489 secs] [Times: user=0.14 sys=0.00, real=0.14 secs] 
[GC (Allocation Failure) [DefNew: 623615K->5887K(623616K), 0.0506967 secs] 1762213K->1209020K(2009472K), 0.0507628 secs] [Times: user=0.05 sys=0.00, real=0.05 secs] 
[GC (Allocation Failure) [DefNew: 560255K->69248K(623616K), 0.1398834 secs] 1763388K->1311923K(2009472K), 0.1399296 secs] [Times: user=0.14 sys=0.00, real=0.14 secs] 
[GC (Allocation Failure) [DefNew: 623616K->5875K(623616K), 0.0463622 secs] 1866291K->1313102K(2009472K), 0.0464796 secs] [Times: user=0.03 sys=0.00, real=0.05 secs] 
[GC (Allocation Failure) [DefNew: 560243K->560243K(623616K), 0.0000192 secs][Tenured: 1307227K->853118K(1385856K), 2.7220578 secs] 1867470K->853118K(2009472K), [Metaspace: 10546K->10546K(12288K)], 2.7221412 secs] [Times: user=2.71 sys=0.00, real=2.72 secs] 

*** PauseDetector detected a 2724 ms pause at Sun Dec 21 23:38:33 EET 2014 ***

[GC (Allocation Failure) [DefNew: 554368K->5875K(623616K), 0.0121752 secs] 1407486K->858993K(2009472K), 0.0122188 secs] [Times: user=0.01 sys=0.00, real=0.01 secs] 
[GC (Allocation Failure) [DefNew: 560243K->69248K(623616K), 0.1152918 secs] 1413361K->961700K(2009472K), 0.1153297 secs] [Times: user=0.11 sys=0.00, real=0.12 secs] 
[GC (Allocation Failure) [DefNew: 623616K->5916K(623616K), 0.0467978 secs] 1516068K->962955K(2009472K), 0.0468382 secs] [Times: user=0.05 sys=0.00, real=0.05 secs] 
[GC (Allocation Failure) [DefNew: 560284K->69247K(623616K), 0.1434679 secs] 1517323K->1065132K(2009472K), 0.1435096 secs] [Times: user=0.14 sys=0.00, real=0.14 secs] 
[GC (Allocation Failure) [DefNew: 623615K->5916K(623616K), 0.0445003 secs] 1619500K->1066310K(2009472K), 0.0445401 secs] [Times: user=0.05 sys=0.00, real=0.04 secs] 
[GC (Allocation Failure) [DefNew: 560284K->69248K(623616K), 0.1180904 secs] 1620678K->1168410K(2009472K), 0.1181475 secs] [Times: user=0.13 sys=0.00, real=0.12 secs] 
[GC (Allocation Failure) [DefNew: 623616K->5897K(623616K), 0.0465816 secs] 1722778K->1169575K(2009472K), 0.0466759 secs] [Times: user=0.05 sys=0.00, real=0.05 secs] 
[GC (Allocation Failure) [DefNew: 560265K->69247K(623616K), 0.1306601 secs] 1723943K->1271631K(2009472K), 0.1307076 secs] [Times: user=0.13 sys=0.00, real=0.13 secs] 
[GC (Allocation Failure) [DefNew: 623615K->5916K(623616K), 0.0453447 secs] 1825999K->1272806K(2009472K), 0.0453857 secs] [Times: user=0.05 sys=0.00, real=0.05 secs] 
[GC (Allocation Failure) [DefNew: 560284K->69248K(623616K), 0.1196956 secs] 1827174K->1374714K(2009472K), 0.1197457 secs] [Times: user=0.13 sys=0.00, real=0.12 secs] 
[GC (Allocation Failure) [DefNew: 623616K->5916K(623616K), 0.0476325 secs] 1929082K->1375954K(2009472K), 0.0477198 secs] [Times: user=0.06 sys=0.00, real=0.05 secs] 
[GC (Allocation Failure) [DefNew: 560284K->560284K(623616K), 0.0000186 secs][Tenured: 1370037K->870668K(1385856K), 2.4955937 secs] 1930322K->870668K(2009472K), [Metaspace: 10546K->10546K(12288K)], 2.4956739 secs] [Times: user=2.50 sys=0.00, real=2.49 secs] 

*** PauseDetector detected a 2492 ms pause at Sun Dec 21 23:38:54 EET 2014 ***

[GC (Allocation Failure) [DefNew: 554368K->5873K(623616K), 0.0118210 secs] 1425036K->876542K(2009472K), 0.0119147 secs] [Times: user=0.02 sys=0.00, real=0.01 secs] 
[GC (Allocation Failure) [DefNew: 560241K->69248K(623616K), 0.4612058 secs] 1430910K->995648K(2009472K), 0.4612482 secs] [Times: user=0.47 sys=0.00, real=0.46 secs] 

*** PauseDetector detected a 459 ms pause at Sun Dec 21 23:38:58 EET 2014 ***

[GC (Allocation Failure) [DefNew: 623616K->5896K(623616K), 0.0885336 secs] 1550016K->997145K(2009472K), 0.0885978 secs] [Times: user=0.08 sys=0.00, real=0.08 secs] 
[GC (Allocation Failure) [DefNew: 560264K->69247K(623616K), 0.3637485 secs] 1551513K->1113623K(2009472K), 0.3637857 secs] [Times: user=0.36 sys=0.00, real=0.36 secs] 

*** PauseDetector detected a 358 ms pause at Sun Dec 21 23:39:02 EET 2014 ***

[GC (Allocation Failure) [DefNew: 623615K->5858K(623616K), 0.0701114 secs] 1667991K->1115090K(2009472K), 0.0701486 secs] [Times: user=0.06 sys=0.00, real=0.07 secs] 
[GC (Allocation Failure) [DefNew
*** PauseDetector detected a 369 ms pause at Sun Dec 21 23:39:05 EET 2014 ***

: 560226K->69247K(623616K), 0.3746361 secs] 1669458K->1227616K(2009472K), 0.3746784 secs] [Times: user=0.37 sys=0.00, real=0.37 secs] 
[GC (Allocation Failure) [DefNew: 623615K->5918K(623616K), 0.0619910 secs] 1781984K->1228997K(2009472K), 0.0620288 secs] [Times: user=0.05 sys=0.00, real=0.05 secs] 
[GC (Allocation Failure) [DefNew: 560286K->69247K(623616K), 0.3049430 secs] 1783365K->1340242K(2009472K), 0.3050482 secs] [Times: user=0.30 sys=0.00, real=0.30 secs] 
[GC (Allocation Failure) [DefNew: 623615K->5894K(623616K), 0.0632927 secs] 1894610K->1341583K(2009472K), 0.0634390 secs] [Times: user=0.05 sys=0.00, real=0.06 secs] 
[GC (Allocation Failure) [DefNew: 560262K->560262K(623616K), 0.0000199 secs][Tenured: 1335688K->858939K(1385856K), 2.3704530 secs] 1895951K->858939K(2009472K), [Metaspace: 10546K->10546K(12288K)], 2.3705576 secs] [Times: user=2.37 sys=0.00, real=2.36 secs] 

*** PauseDetector detected a 2364 ms pause at Sun Dec 21 23:39:14 EET 2014 ***

[GC (Allocation Failure) [DefNew: 554368K->5916K(623616K), 0.0119667 secs] 1413307K->864856K(2009472K), 0.0120058 secs] [Times: user=0.00 sys=0.00, real=0.00 secs] 
[GC (Allocation Failure) [DefNew: 560284K->69247K(623616K), 0.2746522 secs] 1419224K->972924K(2009472K), 0.2746952 secs] [Times: user=0.27 sys=0.00, real=0.27 secs] 
[GC (Allocation Failure) [DefNew: 623615K->5914K(623616K), 0.0530987 secs] 1527292K->974227K(2009472K), 0.0532309 secs] [Times: user=0.05 sys=0.00, real=0.05 secs] 
[GC (Allocation Failure) [DefNew: 560282K->69248K(623616K), 0.1855303 secs] 1528595K->1081728K(2009472K), 0.1856323 secs] [Times: user=0.17 sys=0.00, real=0.18 secs] 
[GC (Allocation Failure) [DefNew: 623616K->5900K(623616K), 0.0570233 secs] 1636096K->1083001K(2009472K), 0.0571805 secs] [Times: user=0.05 sys=0.00, real=0.06 secs] 
[GC (Allocation Failure) [DefNew: 560268K->69248K(623616K), 0.1987108 secs] 1637369K->1190091K(2009472K), 0.1987718 secs] [Times: user=0.19 sys=0.00, real=0.19 secs] 
[GC (Allocation Failure) [DefNew: 623616K->5923K(623616K), 0.0572844 secs] 1744459K->1191380K(2009472K), 0.0574300 secs] [Times: user=0.05 sys=0.00, real=0.05 secs] 
[GC (Allocation Failure) [DefNew: 560291K->69248K(623616K), 0.1663561 secs] 1745748K->1296955K(2009472K), 0.1663946 secs] [Times: user=0.16 sys=0.00, real=0.16 secs] 
[GC (Allocation Failure) [DefNew: 623616K->5883K(623616K), 0.0463750 secs] 1851323K->1298196K(2009472K), 0.0464379 secs] [Times: user=0.05 sys=0.00, real=0.05 secs] 
[GC (Allocation Failure) [DefNew: 560251K->69248K(623616K), 0.2128165 secs] 1852564K->1403510K(2009472K), 0.2128595 secs] [Times: user=0.20 sys=0.00, real=0.21 secs] 
[GC (Allocation Failure) [DefNew: 623616K->623616K(623616K), 0.0000199 secs][Tenured: 1334262K->787463K(1385856K), 2.2387464 secs] 1957878K->787463K(2009472K), [Metaspace: 10546K->10546K(12288K)], 2.2389383 secs] [Times: user=2.23 sys=0.00, real=2.23 secs] 

*** PauseDetector detected a 2232 ms pause at Sun Dec 21 23:39:34 EET 2014 ***

[GC (Allocation Failure) [DefNew: 554368K->69248K(623616K), 0.1407797 secs] 1341831K->898382K(2009472K), 0.1408407 secs] [Times: user=0.14 sys=0.00, real=0.14 secs] 
[GC (Allocation Failure) [DefNew: 623616K->5872K(623616K), 0.0535100 secs] 1452750K->899575K(2009472K), 0.0535536 secs] [Times: user=0.05 sys=0.00, real=0.05 secs] 
[GC (Allocation Failure) [DefNew: 560240K->69247K(623616K), 0.1379683 secs] 1453943K->1004388K(2009472K), 0.1380107 secs] [Times: user=0.14 sys=0.00, real=0.14 secs] 
[GC (Allocation Failure) [DefNew: 623615K->5916K(623616K), 0.0593028 secs] 1558756K->1005620K(2009472K), 0.0593483 secs] [Times: user=0.06 sys=0.00, real=0.05 secs] 
[GC (Allocation Failure) [DefNew: 560284K->69247K(623616K), 0.1372517 secs] 1559988K->1110179K(2009472K), 0.1373146 secs] [Times: user=0.13 sys=0.00, real=0.13 secs] 
[GC (Allocation Failure) [DefNew: 623615K->5922K(623616K), 0.0510431 secs] 1664547K->1111419K(2009472K), 0.0510855 secs] [Times: user=0.05 sys=0.00, real=0.04 secs] 
[GC (Allocation Failure) [DefNew: 560290K->69248K(623616K), 0.1259157 secs] 1665787K->1215743K(2009472K), 0.1260568 secs] [Times: user=0.13 sys=0.00, real=0.13 secs] 
[GC (Allocation Failure) [DefNew: 623616K->5904K(623616K), 0.0458778 secs] 1770111K->1217007K(2009472K), 0.0459381 secs] [Times: user=0.05 sys=0.00, real=0.04 secs] 
[GC (Allocation Failure) [DefNew: 560272K->69248K(623616K), 0.1226206 secs] 1771375K->1320478K(2009472K), 0.1226655 secs] [Times: user=0.13 sys=0.00, real=0.12 secs] 
[GC (Allocation Failure) [DefNew: 623616K->5922K(623616K), 0.0485551 secs] 1874846K->1321738K(2009472K), 0.0485936 secs] [Times: user=0.05 sys=0.00, real=0.04 secs] 
[GC (Allocation Failure) [DefNew: 560290K->560290K(623616K), 0.0000212 secs][Tenured: 1315816K->853637K(1385856K), 2.1546974 secs] 1876106K->853637K(2009472K), [Metaspace: 10546K->10546K(12288K)], 2.1547763 secs] [Times: user=2.15 sys=0.00, real=2.15 secs] 

*** PauseDetector detected a 2155 ms pause at Sun Dec 21 23:39:53 EET 2014 ***

[GC (Allocation Failure) [DefNew: 554368K->5875K(623616K), 0.0119962 secs] 1408005K->859512K(2009472K), 0.0120366 secs] [Times: user=0.00 sys=0.00, real=0.01 secs] 
[Full GC (System.gc()) [Tenured: 853637K->854735K(1385856K), 2.1580022 secs] 859715K->854735K(2009472K), [Metaspace: 10546K->10546K(12288K)], 2.1580503 secs] [Times: user=2.15 sys=0.00, real=2.15 secs] 
[Full GC (System.gc()) [Tenured: 854735K->849032K(1385856K), 1.9548183 secs] 865846K->849032K(2009472K), [Metaspace: 10546K->10546K(12288K)], 1.9548844 secs] [Times: user=1.97 sys=0.00, real=1.95 secs] 
[Full GC (System.gc()) [Tenured: 849032K->779741K(1385856K), 1.9693070 secs] 849032K->779741K(2009472K), [Metaspace: 10546K->10546K(12288K)], 1.9693705 secs] [Times: user=1.97 sys=0.00, real=1.97 secs] 

*** PauseDetector detected a 2163 ms pause at Sun Dec 21 23:39:57 EET 2014 ***

[Full GC (System.gc()) [Tenured: 779741K->779742K(1385856K), 2.0571522 secs] 790852K->779742K(2009472K), [Metaspace: 10546K->10546K(12288K)], 2.0572183 secs] [Times: user=2.06 sys=0.00, real=2.06 secs] 
[Full GC (System.gc()) [Tenured: 779742K->779742K(1385856K), 2.1229715 secs] 779744K->779742K(2009472K), [Metaspace: 10546K->10546K(12288K)], 2.1230094 secs] [Times: user=2.12 sys=0.00, real=2.12 secs] 
[Full GC (System.gc()) [Tenured: 779742K->779742K(1385856K), 1.9283777 secs] 779742K->779742K(2009472K), [Metaspace: 10546K->10546K(12288K)], 1.9285246 secs] [Times: user=1.93 sys=0.00, real=1.93 secs] 

*** PauseDetector detected a 5984 ms pause at Sun Dec 21 23:40:03 EET 2014 ***


*** PauseDetector detected a 4060 ms pause at Sun Dec 21 23:40:07 EET 2014 ***

[GC (Allocation Failure) [DefNew: 554368K->69247K(623616K), 0.1197181 secs] 1334110K->888916K(2009472K), 0.1197598 secs] [Times: user=0.13 sys=0.00, real=0.12 secs] 
[GC (Allocation Failure) [DefNew: 623615K->5954K(623616K), 0.0521659 secs] 1443284K->890119K(2009472K), 0.0522127 secs] [Times: user=0.05 sys=0.00, real=0.05 secs] 
[GC (Allocation Failure) [DefNew: 560322K->69248K(623616K), 0.1120775 secs] 1444487K->993220K(2009472K), 0.1121385 secs] [Times: user=0.11 sys=0.00, real=0.11 secs] 
[GC (Allocation Failure) [DefNew: 623616K->5954K(623616K), 0.0610363 secs] 1547588K->994421K(2009472K), 0.0610883 secs] [Times: user=0.06 sys=0.00, real=0.06 secs] 
[GC (Allocation Failure) [DefNew: 560322K->69248K(623616K), 0.1178113 secs] 1548789K->1097413K(2009472K), 0.1178658 secs] [Times: user=0.13 sys=0.00, real=0.12 secs] 
[GC (Allocation Failure) [DefNew: 623616K->5954K(623616K), 0.0474343 secs] 1651781K->1098615K(2009472K), 0.0474715 secs] [Times: user=0.05 sys=0.00, real=0.04 secs] 
[Full GC (System.gc()) [Tenured: 1092660K->780623K(1385856K), 2.0488688 secs] 1331915K->780623K(2009472K), [Metaspace: 10546K->10546K(12288K)], 2.0489234 secs] [Times: user=2.04 sys=0.00, real=2.05 secs] 
[Full GC (System.gc()) [Tenured: 780623K->780623K(1385856K), 1.8583567 secs] 791732K->780623K(2009472K), [Metaspace: 10546K->10546K(12288K)], 1.8583997 secs] [Times: user=1.86 sys=0.00, real=1.86 secs] 

*** PauseDetector detected a 3910 ms pause at Sun Dec 21 23:40:21 EET 2014 ***

[Full GC (System.gc()) [Tenured
*** PauseDetector detected a 1964 ms pause at Sun Dec 21 23:40:23 EET 2014 ***
: 780623K->780678K(1385856K), 1.9674362 secs] 791734K->780678K(2009472K), [Metaspace: 10546K->10546K(12288K)], 1.9674824 secs] [Times: user=1.97 sys=0.00, real=1.96 secs] 

********************************
********** ROUND    6 **********
********************************
[GC (Allocation Failure) [DefNew: 554368K->5832K(623616K), 0.0109382 secs] 1335046K->786510K(2009472K), 0.0109780 secs] [Times: user=0.02 sys=0.00, real=0.01 secs] 
[GC (Allocation Failure) [DefNew: 560200K->69248K(623616K), 0.1091783 secs] 1340878K->895025K(2009472K), 0.1092937 secs] [Times: user=0.11 sys=0.00, real=0.11 secs] 
[GC (Allocation Failure) [DefNew: 623616K->5887K(623616K), 0.0444298 secs] 1449393K->896229K(2009472K), 0.0444708 secs] [Times: user=0.03 sys=0.00, real=0.04 secs] 
[GC (Allocation Failure) [DefNew: 560255K->69248K(623616K), 0.0974637 secs] 1450597K->998949K(2009472K), 0.0975292 secs] [Times: user=0.09 sys=0.00, real=0.09 secs] 
[GC (Allocation Failure) [DefNew: 623616K->5903K(623616K), 0.0448827 secs] 1553317K->1000165K(2009472K), 0.0449251 secs] [Times: user=0.05 sys=0.00, real=0.04 secs] 
[GC (Allocation Failure) [DefNew: 560271K->69247K(623616K), 0.1002860 secs] 1554533K->1102307K(2009472K), 0.1003906 secs] [Times: user=0.09 sys=0.00, real=0.09 secs] 
[GC (Allocation Failure) [DefNew: 623615K->5891K(623616K), 0.0411096 secs] 1656675K->1103510K(2009472K), 0.0411552 secs] [Times: user=0.03 sys=0.00, real=0.04 secs] 
[GC (Allocation Failure) [DefNew: 560259K->69247K(623616K), 0.0919981 secs] 1657878K->1205615K(2009472K), 0.0920976 secs] [Times: user=0.08 sys=0.00, real=0.09 secs] 
[GC (Allocation Failure) [DefNew: 623615K->5897K(623616K), 0.0489638 secs] 1759983K->1206800K(2009472K), 0.0490177 secs] [Times: user=0.05 sys=0.00, real=0.05 secs] 
[GC (Allocation Failure) [DefNew: 560265K->69248K(623616K), 0.0932787 secs] 1761168K->1308827K(2009472K), 0.0933172 secs] [Times: user=0.09 sys=0.00, real=0.09 secs] 
[GC (Allocation Failure) [DefNew: 623616K->5892K(623616K), 0.0416864 secs] 1863195K->1310008K(2009472K), 0.0417897 secs] [Times: user=0.03 sys=0.00, real=0.04 secs] 
[GC (Allocation Failure) [DefNew: 560260K->560260K(623616K), 0.0000821 secs][Tenured: 1304115K->852293K(1385856K), 2.3316069 secs] 1864376K->852293K(2009472K), [Metaspace: 10546K->10546K(12288K)], 2.3317525 secs] [Times: user=2.31 sys=0.00, real=2.32 secs] 

*** PauseDetector detected a 2326 ms pause at Sun Dec 21 23:40:43 EET 2014 ***

[GC (Allocation Failure) [DefNew: 554368K->5879K(623616K), 0.0114720 secs] 1406661K->858173K(2009472K), 0.0116112 secs] [Times: user=0.02 sys=0.00, real=0.00 secs] 
[GC (Allocation Failure) [DefNew: 560247K->69247K(623616K), 0.3126772 secs] 1412541K->984802K(2009472K), 0.3127875 secs] [Times: user=0.31 sys=0.00, real=0.31 secs] 
[GC (Allocation Failure) [DefNew: 623615K->5875K(623616K), 0.0820736 secs] 1539170K->986427K(2009472K), 0.0823315 secs] [Times: user=0.08 sys=0.00, real=0.08 secs] 
[GC (Allocation Failure) [DefNew
*** PauseDetector detected a 395 ms pause at Sun Dec 21 23:40:50 EET 2014 ***
: 560243K->69248K(623616K), 0.3938378 secs] 1540795K->1105526K(2009472K), 0.3938776 secs] [Times: user=0.39 sys=0.00, real=0.39 secs] 

[GC (Allocation Failure) [DefNew: 623616K->5900K(623616K), 0.0693601 secs] 1659894K->1107033K(2009472K), 0.0694243 secs] [Times: user=0.06 sys=0.00, real=0.06 secs] 
[GC (Allocation Failure) [DefNew: 560268K->69248K(623616K), 0.3369364 secs] 1661401K->1223536K(2009472K), 0.3370814 secs] [Times: user=0.34 sys=0.00, real=0.34 secs] 
[GC (Allocation Failure) [DefNew: 623616K->5902K(623616K), 0.0877002 secs] 1777904K->1225018K(2009472K), 0.0877503 secs] [Times: user=0.08 sys=0.00, real=0.08 secs] 
[GC (Allocation Failure) [DefNew: 560270K->69248K(623616K), 0.3095508 secs] 1779386K->1337483K(2009472K), 0.3096611 secs] [Times: user=0.30 sys=0.00, real=0.30 secs] 
[GC (Allocation Failure) [DefNew: 623616K->5900K(623616K), 0.0666893 secs] 1891851K->1338862K(2009472K), 0.0668394 secs] [Times: user=0.06 sys=0.00, real=0.07 secs] 
[GC (Allocation Failure) [DefNew: 560268K->560268K(623616K), 0.0000808 secs][Tenured: 1332962K->792165K(1385856K), 2.5904750 secs] 1893230K->792165K(2009472K), [Metaspace: 10546K->10546K(12288K)], 2.5906938 secs] [Times: user=2.59 sys=0.00, real=2.59 secs] 

*** PauseDetector detected a 2593 ms pause at Sun Dec 21 23:41:03 EET 2014 ***

[GC (Allocation Failure) [DefNew: 554368K->5856K(623616K), 0.0125826 secs] 1346533K->798022K(2009472K), 0.0126249 secs] [Times: user=0.00 sys=0.00, real=0.01 secs] 
[GC (Allocation Failure) [DefNew: 560224K->69247K(623616K), 0.2716157 secs] 1352390K->906834K(2009472K), 0.2716580 secs] [Times: user=0.27 sys=0.00, real=0.27 secs] 
[GC (Allocation Failure) [DefNew: 623615K->5872K(623616K), 0.0658931 secs] 1461202K->908108K(2009472K), 0.0660028 secs] [Times: user=0.06 sys=0.00, real=0.06 secs] 
[GC (Allocation Failure) [DefNew: 560240K->69247K(623616K), 0.1978729 secs] 1462476K->1016225K(2009472K), 0.1980115 secs] [Times: user=0.19 sys=0.00, real=0.19 secs] 
[GC (Allocation Failure) [DefNew: 623615K->5867K(623616K), 0.0581723 secs] 1570593K->1017477K(2009472K), 0.0582127 secs] [Times: user=0.05 sys=0.00, real=0.05 secs] 
[GC (Allocation Failure) [DefNew: 560235K->69248K(623616K), 0.1997681 secs] 1571845K->1124859K(2009472K), 0.1998098 secs] [Times: user=0.20 sys=0.00, real=0.20 secs] 
[GC (Allocation Failure) [DefNew: 623616K->5906K(623616K), 0.0690971 secs] 1679227K->1126303K(2009472K), 0.0691458 secs] [Times: user=0.06 sys=0.00, real=0.07 secs] 
[GC (Allocation Failure) [DefNew: 560274K->69247K(623616K), 0.1873440 secs] 1680671K->1233365K(2009472K), 0.1873851 secs] [Times: user=0.19 sys=0.00, real=0.18 secs] 
[GC (Allocation Failure) [DefNew: 623615K->5895K(623616K), 0.0532354 secs] 1787733K->1234648K(2009472K), 0.0532758 secs] [Times: user=0.05 sys=0.00, real=0.05 secs] 
[GC (Allocation Failure) [DefNew: 560263K->69247K(623616K), 0.2128114 secs] 1789016K->1340265K(2009472K), 0.2129243 secs] [Times: user=0.20 sys=0.00, real=0.20 secs] 
[GC (Allocation Failure) [DefNew: 623615K->5904K(623616K), 0.0550536 secs] 1894633K->1341514K(2009472K), 0.0550947 secs] [Times: user=0.05 sys=0.00, real=0.05 secs] 
[GC (Allocation Failure) [DefNew: 560272K->560272K(623616K), 0.0000186 secs][Tenured: 1335609K->855588K(1385856K), 2.2260086 secs] 1895882K->855588K(2009472K), [Metaspace: 10546K->10546K(12288K)], 2.2261600 secs] [Times: user=2.22 sys=0.00, real=2.22 secs] 

*** PauseDetector detected a 2221 ms pause at Sun Dec 21 23:41:25 EET 2014 ***

[GC (Allocation Failure) [DefNew: 554368K->5904K(623616K), 0.0116067 secs] 1409956K->861493K(2009472K), 0.0117177 secs] [Times: user=0.00 sys=0.00, real=0.01 secs] 
[GC (Allocation Failure) [DefNew: 560272K->69248K(623616K), 0.1721701 secs] 1415861K->966479K(2009472K), 0.1722914 secs] [Times: user=0.16 sys=0.00, real=0.17 secs] 
[GC (Allocation Failure) [DefNew: 623616K->5900K(623616K), 0.0515121 secs] 1520847K->967728K(2009472K), 0.0516744 secs] [Times: user=0.05 sys=0.00, real=0.05 secs] 
[GC (Allocation Failure) [DefNew: 560268K->69248K(623616K), 0.1369200 secs] 1522096K->1072497K(2009472K), 0.1369636 secs] [Times: user=0.14 sys=0.00, real=0.13 secs] 
[GC (Allocation Failure) [DefNew: 623616K->5908K(623616K), 0.0487880 secs] 1626865K->1073737K(2009472K), 0.0488336 secs] [Times: user=0.05 sys=0.00, real=0.05 secs] 
[GC (Allocation Failure) [DefNew: 560276K->69247K(623616K), 0.1579913 secs] 1628105K->1178294K(2009472K), 0.1580997 secs] [Times: user=0.16 sys=0.00, real=0.16 secs] 
[GC (Allocation Failure) [DefNew: 623615K->5866K(623616K), 0.0452767 secs] 1732662K->1179487K(2009472K), 0.0453787 secs] [Times: user=0.05 sys=0.00, real=0.04 secs] 
[GC (Allocation Failure) [DefNew: 560234K->69248K(623616K), 0.1476074 secs] 1733855K->1283905K(2009472K), 0.1476536 secs] [Times: user=0.14 sys=0.00, real=0.14 secs] 
[GC (Allocation Failure) [DefNew: 623616K->5868K(623616K), 0.0430927 secs] 1838273K->1285096K(2009472K), 0.0432409 secs] [Times: user=0.03 sys=0.00, real=0.04 secs] 
[GC (Allocation Failure) [DefNew: 560236K->69248K(623616K), 0.1685875 secs] 1839464K->1388616K(2009472K), 0.1686369 secs] [Times: user=0.17 sys=0.00, real=0.16 secs] 
[GC (Allocation Failure) [DefNew: 623616K->623616K(623616K), 0.0000205 secs][Tenured: 1319368K->854931K(1385856K), 2.1748326 secs] 1942984K->854931K(2009472K), [Metaspace: 10546K->10546K(12288K)], 2.1749103 secs] [Times: user=2.17 sys=0.00, real=2.17 secs] 

*** PauseDetector detected a 2177 ms pause at Sun Dec 21 23:41:44 EET 2014 ***

[GC (Allocation Failure) [DefNew: 554368K->69248K(623616K), 0.1225076 secs] 1409299K->964168K(2009472K), 0.1226430 secs] [Times: user=0.12 sys=0.00, real=0.12 secs] 
[GC (Allocation Failure) [DefNew: 623616K->5912K(623616K), 0.0566659 secs] 1518536K->965402K(2009472K), 0.0567153 secs] [Times: user=0.05 sys=0.00, real=0.06 secs] 
[GC (Allocation Failure) [DefNew: 560280K->69248K(623616K), 0.1115976 secs] 1519770K->1068591K(2009472K), 0.1117478 secs] [Times: user=0.11 sys=0.00, real=0.11 secs] 
[GC (Allocation Failure) [DefNew: 623616K->5879K(623616K), 0.0425974 secs] 1622959K->1069791K(2009472K), 0.0427578 secs] [Times: user=0.03 sys=0.00, real=0.03 secs] 
[GC (Allocation Failure) [DefNew: 560247K->69248K(623616K), 0.1103100 secs] 1624159K->1172923K(2009472K), 0.1103517 secs] [Times: user=0.11 sys=0.00, real=0.10 secs] 
[GC (Allocation Failure) [DefNew: 623616K->5903K(623616K), 0.0411911 secs] 1727291K->1174117K(2009472K), 0.0412540 secs] [Times: user=0.05 sys=0.00, real=0.04 secs] 
[GC (Allocation Failure) [DefNew: 560271K->69248K(623616K), 0.1058004 secs] 1728485K->1277125K(2009472K), 0.1058620 secs] [Times: user=0.09 sys=0.00, real=0.10 secs] 
[GC (Allocation Failure) [DefNew: 623616K->5911K(623616K), 0.0486045 secs] 1831493K->1278319K(2009472K), 0.0486494 secs] [Times: user=0.03 sys=0.00, real=0.04 secs] 
[GC (Allocation Failure) [DefNew: 560279K->69247K(623616K), 0.1088029 secs] 1832687K->1381193K(2009472K), 0.1088645 secs] [Times: user=0.11 sys=0.00, real=0.11 secs] 
[GC (Allocation Failure) [DefNew: 623615K->623615K(623616K), 0.0000186 secs][Tenured: 1311945K->854390K(1385856K), 2.4422704 secs] 1935561K->854390K(2009472K), [Metaspace: 10546K->10546K(12288K)], 2.4424494 secs] [Times: user=2.43 sys=0.00, real=2.44 secs] 

*** PauseDetector detected a 2435 ms pause at Sun Dec 21 23:42:02 EET 2014 ***

[GC (Allocation Failure) [DefNew: 554368K->69248K(623616K), 0.1197809 secs] 1408758K->963106K(2009472K), 0.1198233 secs] [Times: user=0.11 sys=0.00, real=0.12 secs] 
[GC (Allocation Failure) [DefNew: 623616K->5870K(623616K), 0.0415228 secs] 1517474K->964264K(2009472K), 0.0416736 secs] [Times: user=0.03 sys=0.00, real=0.04 secs] 
[GC (Allocation Failure) [DefNew: 560238K->69248K(623616K), 0.1532680 secs] 1518632K->1067028K(2009472K), 0.1533315 secs] [Times: user=0.16 sys=0.00, real=0.15 secs] 
[GC (Allocation Failure) [DefNew: 623616K->5869K(623616K), 0.0484813 secs] 1621396K->1068183K(2009472K), 0.0485256 secs] [Times: user=0.06 sys=0.00, real=0.05 secs] 
[GC (Allocation Failure) [DefNew: 560237K->69248K(623616K), 0.1170376 secs] 1622551K->1170401K(2009472K), 0.1170805 secs] [Times: user=0.11 sys=0.00, real=0.11 secs] 
[GC (Allocation Failure) [DefNew: 623616K->5882K(623616K), 0.0407555 secs] 1724769K->1171553K(2009472K), 0.0408196 secs] [Times: user=0.05 sys=0.00, real=0.04 secs] 
[GC (Allocation Failure) [DefNew: 560250K->69247K(623616K), 0.1115091 secs] 1725921K->1273685K(2009472K), 0.1115874 secs] [Times: user=0.11 sys=0.00, real=0.11 secs] 
[GC (Allocation Failure) [DefNew: 623615K->5921K(623616K), 0.0463340 secs] 1828053K->1274876K(2009472K), 0.0463763 secs] [Times: user=0.05 sys=0.00, real=0.05 secs] 
[GC (Allocation Failure) [DefNew: 560289K->69248K(623616K), 0.1044383 secs] 1829244K->1376845K(2009472K), 0.1045852 secs] [Times: user=0.09 sys=0.00, real=0.10 secs] 
[GC (Allocation Failure) [DefNew: 623616K->623616K(623616K), 0.0000160 secs][Tenured: 1307597K->784235K(1385856K), 2.0731961 secs] 1931213K->784235K(2009472K), [Metaspace: 10546K->10546K(12288K)], 2.0732923 secs] [Times: user=2.07 sys=0.00, real=2.07 secs] 

*** PauseDetector detected a 2071 ms pause at Sun Dec 21 23:42:19 EET 2014 ***

[GC (Allocation Failure) [DefNew: 554368K->69247K(623616K), 0.1106038 secs] 1338603K->892081K(2009472K), 0.1107315 secs] [Times: user=0.11 sys=0.00, real=0.11 secs] 
[GC (Allocation Failure) [DefNew: 623615K->5900K(623616K), 0.0395102 secs] 1446449K->893289K(2009472K), 0.0396051 secs] [Times: user=0.05 sys=0.00, real=0.03 secs] 
[GC (Allocation Failure) [DefNew: 560268K->69247K(623616K), 0.2854147 secs] 1447657K->1019906K(2009472K), 0.2855199 secs] [Times: user=0.28 sys=0.00, real=0.28 secs] 
[GC (Allocation Failure) [DefNew: 623615K->5915K(623616K), 0.1088485 secs] 1574274K->1021563K(2009472K), 0.1088908 secs] [Times: user=0.11 sys=0.00, real=0.11 secs] 
[GC (Allocation Failure) [DefNew: 560283K->69247K(623616K), 0.4221839 secs] 1575931K->1140603K(2009472K), 0.4222288 secs] [Times: user=0.42 sys=0.00, real=0.42 secs] 

*** PauseDetector detected a 417 ms pause at Sun Dec 21 23:42:28 EET 2014 ***

[GC (Allocation Failure) [DefNew: 623615K->5908K(623616K), 0.0941031 secs] 1694971K->1142136K(2009472K), 0.0941448 secs] [Times: user=0.09 sys=0.00, real=0.09 secs] 
[GC (Allocation Failure) [DefNew: 560276K->69248K(623616K), 0.3981485 secs] 1696504K->1258654K(2009472K), 0.3982114 secs] [Times: user=0.40 sys=0.00, real=0.40 secs] 

*** PauseDetector detected a 399 ms pause at Sun Dec 21 23:42:32 EET 2014 ***

[GC (Allocation Failure) [DefNew: 623616K->5920K(623616K), 0.0811177 secs] 1813022K->1260132K(2009472K), 0.0811613 secs] [Times: user=0.08 sys=0.00, real=0.07 secs] 
[GC (Allocation Failure) [DefNew: 560288K->69248K(623616K), 0.3033512 secs] 1814500K->1372598K(2009472K), 0.3034154 secs] [Times: user=0.30 sys=0.00, real=0.30 secs] 
[GC (Allocation Failure) [DefNew: 623616K->623616K(623616K), 0.0000205 secs][Tenured: 1303350K->863900K(1385856K), 2.4897418 secs] 1926966K->863900K(2009472K), [Metaspace: 10546K->10546K(12288K)], 2.4899003 secs] [Times: user=2.48 sys=0.00, real=2.49 secs] 

*** PauseDetector detected a 2493 ms pause at Sun Dec 21 23:42:39 EET 2014 ***

[GC (Allocation Failure) [DefNew: 554368K->69248K(623616K), 0.2458628 secs] 1418268K->981004K(2009472K), 0.2459026 secs] [Times: user=0.23 sys=0.00, real=0.24 secs] 
[GC (Allocation Failure) [DefNew: 623616K->5918K(623616K), 0.0710982 secs] 1535372K->982429K(2009472K), 0.0711386 secs] [Times: user=0.06 sys=0.00, real=0.07 secs] 
[GC (Allocation Failure) [DefNew: 560286K->69248K(623616K), 0.2334676 secs] 1536797K->1091195K(2009472K), 0.2335035 secs] [Times: user=0.23 sys=0.00, real=0.23 secs] 
[GC (Allocation Failure) [DefNew: 623616K->5868K(623616K), 0.0655280 secs] 1645563K->1092449K(2009472K), 0.0655710 secs] [Times: user=0.06 sys=0.00, real=0.07 secs] 
[GC (Allocation Failure) [DefNew: 560236K->69247K(623616K), 0.2444526 secs] 1646817K->1200580K(2009472K), 0.2444917 secs] [Times: user=0.25 sys=0.00, real=0.24 secs] 
[GC (Allocation Failure) [DefNew: 623615K->5866K(623616K), 0.0514223 secs] 1754948K->1201822K(2009472K), 0.0514634 secs] [Times: user=0.05 sys=0.00, real=0.05 secs] 
[GC (Allocation Failure) [DefNew: 560234K->69247K(623616K), 0.1976573 secs] 1756190K->1309360K(2009472K), 0.1977696 secs] [Times: user=0.19 sys=0.00, real=0.19 secs] 
[GC (Allocation Failure) [DefNew: 623615K->5923K(623616K), 0.0719117 secs] 1863728K->1310666K(2009472K), 0.0719572 secs] [Times: user=0.08 sys=0.00, real=0.07 secs] 
[GC (Allocation Failure) [DefNew: 560291K->560291K(623616K), 0.0000167 secs][Tenured: 1304743K->857285K(1385856K), 2.2082562 secs] 1865034K->857285K(2009472K), [Metaspace: 10546K->10546K(12288K)], 2.2084384 secs] [Times: user=2.20 sys=0.00, real=2.20 secs] 

*** PauseDetector detected a 2205 ms pause at Sun Dec 21 23:42:56 EET 2014 ***

[GC (Allocation Failure) [DefNew: 554368K->5921K(623616K), 0.0119577 secs] 1411653K->863206K(2009472K), 0.0119994 secs] [Times: user=0.01 sys=0.00, real=0.01 secs] 
[GC (Allocation Failure) [DefNew: 560289K->69248K(623616K), 0.1924689 secs] 1417574K->968789K(2009472K), 0.1925170 secs] [Times: user=0.19 sys=0.00, real=0.18 secs] 
[GC (Allocation Failure) [DefNew: 623616K->5922K(623616K), 0.0522538 secs] 1523157K->970088K(2009472K), 0.0523231 secs] [Times: user=0.05 sys=0.00, real=0.05 secs] 
[GC (Allocation Failure) [DefNew: 560290K->69247K(623616K), 0.1822993 secs] 1524456K->1075373K(2009472K), 0.1824077 secs] [Times: user=0.19 sys=0.00, real=0.18 secs] 
[GC (Allocation Failure) [DefNew: 623615K->5866K(623616K), 0.0452292 secs] 1629741K->1076566K(2009472K), 0.0452901 secs] [Times: user=0.05 sys=0.00, real=0.05 secs] 
[GC (Allocation Failure) [DefNew: 560234K->69248K(623616K), 0.1807088 secs] 1630934K->1181565K(2009472K), 0.1807512 secs] [Times: user=0.19 sys=0.00, real=0.18 secs] 
[Full GC (System.gc()) [Tenured: 1112317K->850655K(1385856K), 2.1559190 secs] 1550320K->850655K(2009472K), [Metaspace: 10546K->10546K(12288K)], 2.1559979 secs] [Times: user=2.15 sys=0.00, real=2.15 secs] 
[Full GC (System.gc()) [Tenured: 850655K->785276K(1385856K), 1.9825998 secs] 861736K->785276K(2009472K), [Metaspace: 10546K->10546K(12288K)], 1.9826659 secs] [Times: user=2.00 sys=0.00, real=1.98 secs] 
[Full GC (System.gc()) [Tenured: 785276K->785277K(1385856K), 2.1557977 secs] 796357K->785277K(2009472K), [Metaspace: 10546K->10546K(12288K)], 2.1559126 secs] [Times: user=2.15 sys=0.00, real=2.16 secs] 

*** PauseDetector detected a 2158 ms pause at Sun Dec 21 23:43:09 EET 2014 ***

[Full GC (System.gc()) [Tenured: 785277K->785277K(1385856K), 1.9149302 secs] 796358K->785277K(2009472K), [Metaspace: 10546K->10546K(12288K)], 1.9149771 secs] [Times: user=1.90 sys=0.00, real=1.91 secs] 
[Full GC (System.gc()) [Tenured: 785277K->785277K(1385856K), 1.9083105 secs] 796355K->785277K(2009472K), [Metaspace: 10546K->10546K(12288K)], 1.9083733 secs] [Times: user=1.92 sys=0.00, real=1.91 secs] 
[Full GC (System.gc()) [Tenured: 785277K->781323K(1385856K), 2.0687487 secs] 796357K->781323K(2009472K), [Metaspace: 10546K->10546K(12288K)], 2.0688661 secs] [Times: user=2.06 sys=0.00, real=2.06 secs] 

*** PauseDetector detected a 7965 ms pause at Sun Dec 21 23:43:17 EET 2014 ***


*** PauseDetector detected a 2083 ms pause at Sun Dec 21 23:43:19 EET 2014 ***

[GC (Allocation Failure) [DefNew: 554368K->69247K(623616K), 0.1746601 secs] 1335691K->892045K(2009472K), 0.1747178 secs] [Times: user=0.17 sys=0.00, real=0.17 secs] 
[GC (Allocation Failure) [DefNew: 623615K->5954K(623616K), 0.0620545 secs] 1446413K->893279K(2009472K), 0.0621078 secs] [Times: user=0.06 sys=0.00, real=0.06 secs] 
[GC (Allocation Failure) [DefNew: 560322K->69247K(623616K), 0.1352724 secs] 1447647K->997839K(2009472K), 0.1353757 secs] [Times: user=0.13 sys=0.00, real=0.13 secs] 
[GC (Allocation Failure) [DefNew: 623615K->5954K(623616K), 0.0549895 secs] 1552207K->999071K(2009472K), 0.0550876 secs] [Times: user=0.06 sys=0.00, real=0.06 secs] 
[GC (Allocation Failure) [DefNew: 560322K->69247K(623616K), 0.1366287 secs] 1553439K->1103447K(2009472K), 0.1366820 secs] [Times: user=0.13 sys=0.00, real=0.13 secs] 
[GC (Allocation Failure) [DefNew: 623615K->5954K(623616K), 0.0539700 secs] 1657815K->1104677K(2009472K), 0.0540688 secs] [Times: user=0.05 sys=0.00, real=0.05 secs] 
[Full GC (System.gc()) [Tenured: 1098723K->849712K(1385856K), 2.0970114 secs] 1272037K->849712K(2009472K), [Metaspace: 10546K->10546K(12288K)], 2.0970717 secs] [Times: user=2.09 sys=0.00, real=2.09 secs] 
[Full GC (System.gc()) [Tenured: 849712K->849712K(1385856K), 2.1855669 secs] 849712K->849712K(2009472K), [Metaspace: 10546K->10546K(12288K)], 2.1856823 secs] [Times: user=2.18 sys=0.00, real=2.19 secs] 
[Full GC (System.gc()) [Tenured: 849712K->849635K(1385856K), 1.8690293 secs] 860869K->849635K(2009472K), [Metaspace: 10546K->10546K(12288K)], 1.8690941 secs] [Times: user=1.87 sys=0.00, real=1.87 secs] 

*** PauseDetector detected a 6154 ms pause at Sun Dec 21 23:43:35 EET 2014 ***

********************************
********** ROUND    7 **********
********************************
[GC (Allocation Failure) [DefNew: 554368K->5891K(623616K), 0.0112686 secs] 1404003K->855526K(2009472K), 0.0113148 secs] [Times: user=0.00 sys=0.00, real=0.00 secs] 
[GC (Allocation Failure) [DefNew: 560259K->69247K(623616K), 0.1442237 secs] 1409894K->958876K(2009472K), 0.1442680 secs] [Times: user=0.14 sys=0.00, real=0.14 secs] 
[GC (Allocation Failure) [DefNew: 623615K->5900K(623616K), 0.0489696 secs] 1513244K->960094K(2009472K), 0.0490119 secs] [Times: user=0.05 sys=0.00, real=0.05 secs] 
[GC (Allocation Failure) [DefNew: 560268K->69247K(623616K), 0.1121192 secs] 1514462K->1063299K(2009472K), 0.1121603 secs] [Times: user=0.09 sys=0.00, real=0.10 secs] 
[GC (Allocation Failure) [DefNew: 623615K->5889K(623616K), 0.0448603 secs] 1617667K->1064505K(2009472K), 0.0450175 secs] [Times: user=0.03 sys=0.00, real=0.05 secs] 
[GC (Allocation Failure) [DefNew: 560257K->69247K(623616K), 0.1014582 secs] 1618873K->1167603K(2009472K), 0.1015704 secs] [Times: user=0.09 sys=0.00, real=0.10 secs] 
[GC (Allocation Failure) [DefNew: 623615K->5904K(623616K), 0.0514820 secs] 1721971K->1168822K(2009472K), 0.0515262 secs] [Times: user=0.05 sys=0.00, real=0.05 secs] 
[GC (Allocation Failure) [DefNew: 560272K->69247K(623616K), 0.1198098 secs] 1723190K->1271799K(2009472K), 0.1198509 secs] [Times: user=0.13 sys=0.00, real=0.11 secs] 
[GC (Allocation Failure) [DefNew: 623615K->5897K(623616K), 0.0449392 secs] 1826167K->1273009K(2009472K), 0.0450033 secs] [Times: user=0.05 sys=0.00, real=0.04 secs] 
[GC (Allocation Failure) [DefNew: 560265K->69247K(623616K), 0.1085521 secs] 1827377K->1375895K(2009472K), 0.1086156 secs] [Times: user=0.11 sys=0.00, real=0.11 secs] 
[GC (Allocation Failure) [DefNew: 623615K->623615K(623616K), 0.0000186 secs][Tenured: 1306647K->785092K(1385856K), 2.1992440 secs] 1930263K->785092K(2009472K), [Metaspace: 10546K->10546K(12288K)], 2.1993203 secs] [Times: user=2.18 sys=0.00, real=2.19 secs] 

*** PauseDetector detected a 2195 ms pause at Sun Dec 21 23:43:54 EET 2014 ***

[GC (Allocation Failure) [DefNew: 554368K->69247K(623616K), 0.1346937 secs] 1339460K->893788K(2009472K), 0.1348374 secs] [Times: user=0.13 sys=0.00, real=0.13 secs] 
[GC (Allocation Failure) [DefNew: 623615K->5893K(623616K), 0.0430626 secs] 1448156K->894989K(2009472K), 0.0431043 secs] [Times: user=0.03 sys=0.00, real=0.04 secs] 
[GC (Allocation Failure) [DefNew: 560261K->69248K(623616K), 0.1202769 secs] 1449357K->997721K(2009472K), 0.1203404 secs] [Times: user=0.11 sys=0.00, real=0.12 secs] 
[GC (Allocation Failure) [DefNew: 623616K->5894K(623616K), 0.0481445 secs] 1552089K->998910K(2009472K), 0.0481881 secs] [Times: user=0.05 sys=0.00, real=0.05 secs] 
[GC (Allocation Failure) [DefNew: 560262K->69248K(623616K), 0.1211565 secs] 1553278K->1101072K(2009472K), 0.1211950 secs] [Times: user=0.11 sys=0.00, real=0.12 secs] 
[GC (Allocation Failure) [DefNew: 623616K->5903K(623616K), 0.0450527 secs] 1655440K->1102276K(2009472K), 0.0450906 secs] [Times: user=0.05 sys=0.00, real=0.05 secs] 
[GC (Allocation Failure) [DefNew: 560271K->69248K(623616K), 0.1237863 secs] 1656644K->1204385K(2009472K), 0.1238383 secs] [Times: user=0.13 sys=0.00, real=0.12 secs] 
[GC (Allocation Failure) [DefNew: 623616K->5896K(623616K), 0.0456744 secs] 1758753K->1205552K(2009472K), 0.0457745 secs] [Times: user=0.05 sys=0.00, real=0.04 secs] 
[GC (Allocation Failure) [DefNew: 560264K->69247K(623616K), 0.1036280 secs] 1759920K->1307581K(2009472K), 0.1036703 secs] [Times: user=0.11 sys=0.00, real=0.10 secs] 
[GC (Allocation Failure) [DefNew: 623615K->5904K(623616K), 0.0425917 secs] 1861949K->1308772K(2009472K), 0.0426353 secs] [Times: user=0.03 sys=0.00, real=0.04 secs] 
[GC (Allocation Failure) [DefNew: 560272K->560272K(623616K), 0.0000192 secs][Tenured: 1302868K->852295K(1385856K), 2.6529620 secs] 1863140K->852295K(2009472K), [Metaspace: 10546K->10546K(12288K)], 2.6530428 secs] [Times: user=2.64 sys=0.00, real=2.64 secs] 

*** PauseDetector detected a 2646 ms pause at Sun Dec 21 23:44:13 EET 2014 ***

[GC (Allocation Failure) [DefNew: 554368K->5905K(623616K), 0.0127539 secs] 1406663K->858201K(2009472K), 0.0127917 secs] [Times: user=0.02 sys=0.00, real=0.01 secs] 
[GC (Allocation Failure) [DefNew: 560273K->69247K(623616K), 0.3801793 secs] 1412569K->984810K(2009472K), 0.3802191 secs] [Times: user=0.38 sys=0.00, real=0.38 secs] 

*** PauseDetector detected a 382 ms pause at Sun Dec 21 23:44:17 EET 2014 ***

[GC (Allocation Failure) [DefNew: 623615K->5911K(623616K), 0.1094362 secs] 1539178K->986465K(2009472K), 0.1095395 secs] [Times: user=0.11 sys=0.00, real=0.11 secs] 
[GC (Allocation Failure) [DefNew: 560279K->69247K(623616K), 0.4924730 secs] 1540833K->1105535K(2009472K), 0.4925821 secs] [Times: user=0.50 sys=0.00, real=0.49 secs] 

*** PauseDetector detected a 493 ms pause at Sun Dec 21 23:44:21 EET 2014 ***

[GC (Allocation Failure) [DefNew: 623615K->5906K(623616K), 0.0794496 secs] 1659903K->1107040K(2009472K), 0.0794861 secs] [Times: user=0.08 sys=0.00, real=0.08 secs] 
[GC (Allocation Failure) [DefNew: 560274K->69248K(623616K), 0.4501560 secs] 1661408K->1223547K(2009472K), 0.4501990 secs] [Times: user=0.45 sys=0.00, real=0.45 secs] 

*** PauseDetector detected a 454 ms pause at Sun Dec 21 23:44:24 EET 2014 ***

[GC (Allocation Failure) [DefNew: 623616K->5887K(623616K), 0.0811722 secs] 1777915K->1225005K(2009472K), 0.0812132 secs] [Times: user=0.08 sys=0.00, real=0.08 secs] 
[GC (Allocation Failure) [DefNew: 560255K->69247K(623616K), 0.3410913 secs] 1779373K->1337493K(2009472K), 0.3411689 secs] [Times: user=0.34 sys=0.00, real=0.34 secs] 
[GC (Allocation Failure) [DefNew: 623615K->5899K(623616K), 0.0819203 secs] 1891861K->1338864K(2009472K), 0.0819607 secs] [Times: user=0.08 sys=0.00, real=0.08 secs] 
[GC (Allocation Failure) [DefNew: 560267K->560267K(623616K), 0.0000199 secs][Tenured: 1332964K->861360K(1385856K), 2.7191726 secs] 1893232K->861360K(2009472K), [Metaspace: 10546K->10546K(12288K)], 2.7192566 secs] [Times: user=2.70 sys=0.00, real=2.72 secs] 

*** PauseDetector detected a 2724 ms pause at Sun Dec 21 23:44:34 EET 2014 ***

[GC (Allocation Failure) [DefNew: 554368K->5913K(623616K), 0.0139260 secs] 1415728K->867273K(2009472K), 0.0139748 secs] [Times: user=0.02 sys=0.00, real=0.01 secs] 
[GC (Allocation Failure) [DefNew: 560281K->69248K(623616K), 0.2810879 secs] 1421641K->976041K(2009472K), 0.2811277 secs] [Times: user=0.28 sys=0.00, real=0.28 secs] 
[GC (Allocation Failure) [DefNew: 623616K->5911K(623616K), 0.0664827 secs] 1530409K->977342K(2009472K), 0.0665244 secs] [Times: user=0.06 sys=0.00, real=0.07 secs] 
[GC (Allocation Failure) [DefNew: 560279K->69247K(623616K), 0.2573695 secs] 1531710K->1085394K(2009472K), 0.2574740 secs] [Times: user=0.26 sys=0.00, real=0.26 secs] 
[GC (Allocation Failure) [DefNew: 623615K->5913K(623616K), 0.0605737 secs] 1639762K->1086717K(2009472K), 0.0606803 secs] [Times: user=0.06 sys=0.00, real=0.06 secs] 
[GC (Allocation Failure) [DefNew: 560281K->69248K(623616K), 0.2506573 secs] 1641085K->1194219K(2009472K), 0.2506977 secs] [Times: user=0.25 sys=0.00, real=0.25 secs] 
[GC (Allocation Failure) [DefNew: 623616K->5909K(623616K), 0.0643372 secs] 1748587K->1195501K(2009472K), 0.0643789 secs] [Times: user=0.06 sys=0.00, real=0.07 secs] 
[GC (Allocation Failure) [DefNew: 560277K->69248K(623616K), 0.1988462 secs] 1749869K->1302550K(2009472K), 0.1988885 secs] [Times: user=0.20 sys=0.00, real=0.20 secs] 
[GC (Allocation Failure) [DefNew: 623616K->5912K(623616K), 0.0581954 secs] 1856918K->1303836K(2009472K), 0.0582365 secs] [Times: user=0.06 sys=0.00, real=0.06 secs] 
[GC (Allocation Failure) [DefNew: 560280K->69248K(623616K), 0.2142774 secs] 1858204K->1409473K(2009472K), 0.2143210 secs] [Times: user=0.22 sys=0.00, real=0.21 secs] 
[GC (Allocation Failure) [DefNew: 623616K->623616K(623616K), 0.0000192 secs][Tenured: 1340225K->857084K(1385856K), 2.6023063 secs] 1963841K->857084K(2009472K), [Metaspace: 10546K->10546K(12288K)], 2.6024590 secs] [Times: user=2.57 sys=0.00, real=2.60 secs] 

*** PauseDetector detected a 2607 ms pause at Sun Dec 21 23:44:55 EET 2014 ***

[GC (Allocation Failure) [DefNew: 554368K->69248K(623616K), 0.2067074 secs] 1411452K->968290K(2009472K), 0.2067549 secs] [Times: user=0.22 sys=0.00, real=0.21 secs] 
[GC (Allocation Failure) [DefNew: 623616K->5914K(623616K), 0.0522185 secs] 1522658K->969533K(2009472K), 0.0522570 secs] [Times: user=0.06 sys=0.00, real=0.05 secs] 
[GC (Allocation Failure) [DefNew: 560282K->69247K(623616K), 0.1824591 secs] 1523901K->1074532K(2009472K), 0.1825027 secs] [Times: user=0.17 sys=0.00, real=0.18 secs] 
[GC (Allocation Failure) [DefNew: 623615K->5911K(623616K), 0.0497433 secs] 1628900K->1075770K(2009472K), 0.0497863 secs] [Times: user=0.05 sys=0.00, real=0.05 secs] 
[GC (Allocation Failure) [DefNew: 560279K->69248K(623616K), 0.1850157 secs] 1630138K->1180532K(2009472K), 0.1850549 secs] [Times: user=0.19 sys=0.00, real=0.18 secs] 
[GC (Allocation Failure) [DefNew: 623616K->5920K(623616K), 0.0590641 secs] 1734900K->1181779K(2009472K), 0.0592001 secs] [Times: user=0.06 sys=0.00, real=0.06 secs] 
[GC (Allocation Failure) [DefNew: 560288K->69248K(623616K), 0.1517481 secs] 1736147K->1286336K(2009472K), 0.1517892 secs] [Times: user=0.16 sys=0.00, real=0.15 secs] 
[GC (Allocation Failure) [DefNew: 623616K->5915K(623616K), 0.0528440 secs] 1840704K->1287567K(2009472K), 0.0528845 secs] [Times: user=0.05 sys=0.00, real=0.05 secs] 
[GC (Allocation Failure) [DefNew: 560283K->69247K(623616K), 0.1783305 secs] 1841935K->1391945K(2009472K), 0.1783703 secs] [Times: user=0.17 sys=0.00, real=0.18 secs] 
[GC (Allocation Failure) [DefNew: 623615K->623615K(623616K), 0.0000192 secs][Tenured: 1322697K->786592K(1385856K), 2.4994001 secs] 1946313K->786592K(2009472K), [Metaspace: 10546K->10546K(12288K)], 2.4995881 secs] [Times: user=2.50 sys=0.00, real=2.50 secs] 

*** PauseDetector detected a 2500 ms pause at Sun Dec 21 23:45:13 EET 2014 ***

[GC (Allocation Failure) [DefNew: 554368K->69247K(623616K), 0.1606185 secs] 1340960K->896013K(2009472K), 0.1606596 secs] [Times: user=0.16 sys=0.00, real=0.16 secs] 
[GC (Allocation Failure) [DefNew: 623615K->5905K(623616K), 0.0456635 secs] 1450381K->897211K(2009472K), 0.0456975 secs] [Times: user=0.05 sys=0.00, real=0.05 secs] 
[GC (Allocation Failure) [DefNew: 560273K->69248K(623616K), 0.1285128 secs] 1451579K->1000568K(2009472K), 0.1286109 secs] [Times: user=0.14 sys=0.00, real=0.13 secs] 
[GC (Allocation Failure) [DefNew: 623616K->5914K(623616K), 0.0524418 secs] 1554936K->1001779K(2009472K), 0.0524835 secs] [Times: user=0.05 sys=0.00, real=0.05 secs] 
[GC (Allocation Failure) [DefNew: 560282K->69248K(623616K), 0.1248366 secs] 1556147K->1104988K(2009472K), 0.1249039 secs] [Times: user=0.13 sys=0.00, real=0.13 secs] 
[GC (Allocation Failure) [DefNew: 623616K->5923K(623616K), 0.0571971 secs] 1659356K->1106210K(2009472K), 0.0572420 secs] [Times: user=0.06 sys=0.00, real=0.06 secs] 
[GC (Allocation Failure) [DefNew: 560291K->69247K(623616K), 0.1403691 secs] 1660578K->1209302K(2009472K), 0.1404095 secs] [Times: user=0.14 sys=0.00, real=0.14 secs] 
[GC (Allocation Failure) [DefNew: 623615K->5880K(623616K), 0.0472001 secs] 1763670K->1210470K(2009472K), 0.0472405 secs] [Times: user=0.05 sys=0.00, real=0.05 secs] 
[GC (Allocation Failure) [DefNew: 560248K->69248K(623616K), 0.1222587 secs] 1764838K->1313479K(2009472K), 0.1222966 secs] [Times: user=0.13 sys=0.00, real=0.12 secs] 
[GC (Allocation Failure) [DefNew: 623616K->5923K(623616K), 0.0517258 secs] 1867847K->1314706K(2009472K), 0.0517893 secs] [Times: user=0.05 sys=0.00, real=0.05 secs] 
[GC (Allocation Failure) [DefNew: 560291K->560291K(623616K), 0.0000199 secs][Tenured: 1308783K->853219K(1385856K), 2.4403431 secs] 1869074K->853219K(2009472K), [Metaspace: 10546K->10546K(12288K)], 2.4404926 secs] [Times: user=2.45 sys=0.00, real=2.44 secs] 

*** PauseDetector detected a 2442 ms pause at Sun Dec 21 23:45:33 EET 2014 ***

[GC (Allocation Failure) [DefNew: 554368K->5918K(623616K), 0.0135013 secs] 1407587K->859137K(2009472K), 0.0135443 secs] [Times: user=0.02 sys=0.00, real=0.01 secs] 
[GC (Allocation Failure) [DefNew: 560286K->69247K(623616K), 0.1171890 secs] 1413505K->961945K(2009472K), 0.1172288 secs] [Times: user=0.11 sys=0.00, real=0.12 secs] 
[GC (Allocation Failure) [DefNew: 623615K->5919K(623616K), 0.0446447 secs] 1516313K->963141K(2009472K), 0.0446864 secs] [Times: user=0.05 sys=0.00, real=0.05 secs] 
[GC (Allocation Failure) [DefNew: 560287K->69247K(623616K), 0.1111530 secs] 1517509K->1065862K(2009472K), 0.1112602 secs] [Times: user=0.11 sys=0.00, real=0.11 secs] 
[GC (Allocation Failure) [DefNew: 623615K->5879K(623616K), 0.0442822 secs] 1620230K->1067021K(2009472K), 0.0443226 secs] [Times: user=0.05 sys=0.00, real=0.04 secs] 
[GC (Allocation Failure) [DefNew: 560247K->69247K(623616K), 0.1097428 secs] 1621389K->1169239K(2009472K), 0.1097794 secs] [Times: user=0.11 sys=0.00, real=0.11 secs] 
[GC (Allocation Failure) [DefNew: 623615K->5918K(623616K), 0.0474452 secs] 1723607K->1170416K(2009472K), 0.0474920 secs] [Times: user=0.05 sys=0.00, real=0.05 secs] 
[GC (Allocation Failure) [DefNew: 560286K->69248K(623616K), 0.1151603 secs] 1724784K->1272503K(2009472K), 0.1152052 secs] [Times: user=0.13 sys=0.00, real=0.12 secs] 
[GC (Allocation Failure) [DefNew: 623616K->5923K(623616K), 0.0567743 secs] 1826871K->1273706K(2009472K), 0.0568173 secs] [Times: user=0.06 sys=0.00, real=0.06 secs] 
[GC (Allocation Failure) [DefNew: 560291K->69248K(623616K), 0.1254929 secs] 1828074K->1375737K(2009472K), 0.1255340 secs] [Times: user=0.13 sys=0.00, real=0.13 secs] 
[GC (Allocation Failure) [DefNew: 623616K->623616K(623616K), 0.0000199 secs][Tenured: 1306489K->852101K(1385856K), 2.4301555 secs] 1930105K->852101K(2009472K), [Metaspace: 10546K->10546K(12288K)]
*** PauseDetector detected a 2433 ms pause at Sun Dec 21 23:45:52 EET 2014 ***
, 2.4302363 secs] [Times: user=2.42 sys=0.00, real=2.43 secs] 

[GC (Allocation Failure) [DefNew: 554368K->69247K(623616K), 0.1293064 secs] 1406469K->959989K(2009472K), 0.1293533 secs] [Times: user=0.14 sys=0.00, real=0.13 secs] 
[GC (Allocation Failure) [DefNew: 623615K->5914K(623616K), 0.0433757 secs] 1514357K->961162K(2009472K), 0.0434148 secs] [Times: user=0.03 sys=0.00, real=0.04 secs] 
[GC (Allocation Failure) [DefNew: 560282K->69248K(623616K), 0.3145692 secs] 1515530K->1087777K(2009472K), 0.3146160 secs] [Times: user=0.33 sys=0.00, real=0.31 secs] 
[GC (Allocation Failure) [DefNew: 623616K->5916K(623616K), 0.1168958 secs] 1642145K->1089423K(2009472K), 0.1169362 secs] [Times: user=0.11 sys=0.00, real=0.12 secs] 
[GC (Allocation Failure) [DefNew: 560284K->69247K(623616K), 0.5384548 secs] 1643791K->1208505K(2009472K), 0.5384946 secs] [Times: user=0.55 sys=0.00, real=0.54 secs] 

*** PauseDetector detected a 540 ms pause at Sun Dec 21 23:46:01 EET 2014 ***

[GC (Allocation Failure) [DefNew: 623615K->5881K(623616K), 0.0977665 secs] 1762873K->1209968K(2009472K), 0.0978140 secs] [Times: user=0.09 sys=0.00, real=0.10 secs] 
[GC (Allocation Failure) [DefNew: 560249K->69247K(623616K), 0.4460788 secs] 1764336K->1326519K(2009472K), 0.4461192 secs] [Times: user=0.44 sys=0.00, real=0.45 secs] 

*** PauseDetector detected a 447 ms pause at Sun Dec 21 23:46:05 EET 2014 ***

[GC (Allocation Failure) [DefNew: 623615K->5921K(623616K), 0.0946029 secs] 1880887K->1327992K(2009472K), 0.0946517 secs] [Times: user=0.09 sys=0.00, real=0.09 secs] 
[GC (Allocation Failure) [DefNew: 560289K->560289K(623616K), 0.0000192 secs][Tenured: 1322070K->862355K(1385856K), 2.6549579 secs] 1882360K->862355K(2009472K), [Metaspace: 10546K->10546K(12288K)], 2.6550420 secs] [Times: user=2.65 sys=0.00, real=2.66 secs] 

*** PauseDetector detected a 2658 ms pause at Sun Dec 21 23:46:11 EET 2014 ***

[GC (Allocation Failure) [DefNew: 554368K->5920K(623616K), 0.0130259 secs] 1416723K->868275K(2009472K), 0.0130676 secs] [Times: user=0.02 sys=0.00, real=0.01 secs] 
[GC (Allocation Failure) [DefNew: 560288K->69247K(623616K), 0.2680825 secs] 1422643K->979528K(2009472K), 0.2681884 secs] [Times: user=0.27 sys=0.00, real=0.27 secs] 
[GC (Allocation Failure) [DefNew: 623615K->5920K(623616K), 0.0751279 secs] 1533896K->980885K(2009472K), 0.0752748 secs] [Times: user=0.08 sys=0.00, real=0.08 secs] 
[GC (Allocation Failure) [DefNew: 560288K->69247K(623616K), 0.2918195 secs] 1535253K->1089654K(2009472K), 0.2918599 secs] [Times: user=0.28 sys=0.00, real=0.29 secs] 
[GC (Allocation Failure) [DefNew: 623615K->5922K(623616K), 0.0717744 secs] 1644022K->1090957K(2009472K), 0.0718135 secs] [Times: user=0.08 sys=0.00, real=0.07 secs] 
[GC (Allocation Failure) [DefNew: 560290K->69248K(623616K), 0.2351607 secs] 1645325K->1199008K(2009472K), 0.2352037 secs] [Times: user=0.23 sys=0.00, real=0.23 secs] 
[GC (Allocation Failure) [DefNew: 623616K->5921K(623616K), 0.0680103 secs] 1753376K->1200330K(2009472K), 0.0680507 secs] [Times: user=0.06 sys=0.00, real=0.07 secs] 
[GC (Allocation Failure) [DefNew: 560289K->69247K(623616K), 0.2222753 secs] 1754698K->1307804K(2009472K), 0.2223792 secs] [Times: user=0.22 sys=0.00, real=0.22 secs] 
[GC (Allocation Failure) [DefNew: 623615K->5922K(623616K), 0.0661099 secs] 1862172K->1309119K(2009472K), 0.0661914 secs] [Times: user=0.06 sys=0.00, real=0.07 secs] 
[GC (Allocation Failure) [DefNew: 560290K->69247K(623616K), 0.2416201 secs] 1863487K->1416168K(2009472K), 0.2416560 secs] [Times: user=0.23 sys=0.00, real=0.24 secs] 
[GC (Allocation Failure) [DefNew: 623615K->623615K(623616K), 0.0000205 secs][Tenured: 1346920K->788966K(1385856K), 2.9598835 secs] 1970536K->788966K(2009472K), [Metaspace: 10546K->10546K(12288K)]
*** PauseDetector detected a 2964 ms pause at Sun Dec 21 23:46:32 EET 2014 ***

, 2.9599746 secs] [Times: user=2.95 sys=0.00, real=2.96 secs] 
[GC (Allocation Failure) [DefNew: 554368K->69248K(623616K), 0.1845596 secs] 1343334K->900525K(2009472K), 0.1846013 secs] [Times: user=0.19 sys=0.00, real=0.18 secs] 
[GC (Allocation Failure) [DefNew: 623616K->5919K(623616K), 0.0552076 secs] 1454893K->901770K(2009472K), 0.0553180 secs] [Times: user=0.06 sys=0.00, real=0.06 secs] 
[GC (Allocation Failure) [DefNew: 560287K->69248K(623616K), 0.1633407 secs] 1456138K->1007064K(2009472K), 0.1634440 secs] [Times: user=0.16 sys=0.00, real=0.16 secs] 
[Full GC (System.gc()) [Tenured: 937816K->852064K(1385856K), 2.5127526 secs] 1142095K->852064K(2009472K), [Metaspace: 10542K->10542K(12288K)], 2.5128091 secs] [Times: user=2.51 sys=0.00, real=2.51 secs] 
[Full GC (System.gc()) [Tenured: 852064K->852065K(1385856K), 2.1880228 secs] 852066K->852065K(2009472K), [Metaspace: 10542K->10542K(12288K)]
*** PauseDetector detected a 2516 ms pause at Sun Dec 21 23:46:40 EET 2014 ***

, 2.1880651 secs] [Times: user=2.18 sys=0.00, real=2.19 secs] 
[Full GC (System.gc()) [Tenured: 852065K->852072K(1385856K), 2.1818188 secs] 863223K->852072K(2009472K), [Metaspace: 10542K->10542K(12288K)]
*** PauseDetector detected a 4371 ms pause at Sun Dec 21 23:46:44 EET 2014 ***

, 2.1818643 secs] [Times: user=2.17 sys=0.00, real=2.18 secs] 
[Full GC (System.gc()) [Tenured: 852072K->782694K(1385856K), 2.4844071 secs] 863230K->782694K(2009472K), [Metaspace: 10542K->10542K(12288K)], 2.4845650 secs] [Times: user=2.46 sys=0.00, real=2.49 secs] 
[Full GC (System.gc()) [Tenured: 782694K->782695K(1385856K), 2.1963793 secs] 793852K->782695K(2009472K), [Metaspace: 10542K->10542K(12288K)], 2.1964210 secs] [Times: user=2.20 sys=0.00, real=2.20 secs] 
[Full GC (System.gc()) [Tenured: 782695K->782695K(1385856K), 2.1602734 secs] 782697K->782695K(2009472K), [Metaspace: 10542K->10542K(12288K)], 2.1603157 secs] [Times: user=2.17 sys=0.00, real=2.16 secs] 

*** PauseDetector detected a 2487 ms pause at Sun Dec 21 23:46:47 EET 2014 ***


*** PauseDetector detected a 4363 ms pause at Sun Dec 21 23:46:51 EET 2014 ***

[GC (Allocation Failure) [DefNew: 554368K->69248K(623616K), 0.1808776 secs] 1337063K->893653K(2009472K), 0.1809225 secs] [Times: user=0.17 sys=0.00, real=0.18 secs] 
[GC (Allocation Failure) [DefNew: 623616K->5954K(623616K), 0.0494398 secs] 1448021K->894890K(2009472K), 0.0494828 secs] [Times: user=0.05 sys=0.00, real=0.05 secs] 
[GC (Allocation Failure) [DefNew: 560322K->69247K(623616K), 0.1447755 secs] 1449258K->999656K(2009472K), 0.1448178 secs] [Times: user=0.14 sys=0.00, real=0.14 secs] 
[GC (Allocation Failure) [DefNew: 623615K->5954K(623616K), 0.0549555 secs] 1554024K->1000890K(2009472K), 0.0549991 secs] [Times: user=0.05 sys=0.00, real=0.06 secs] 
[GC (Allocation Failure) [DefNew: 560322K->69247K(623616K), 0.1604953 secs] 1555258K->1105450K(2009472K), 0.1605338 secs] [Times: user=0.17 sys=0.00, real=0.16 secs] 
[GC (Allocation Failure) [DefNew: 623615K->5954K(623616K), 0.0518733 secs] 1659818K->1106682K(2009472K), 0.0519125 secs] [Times: user=0.06 sys=0.00, real=0.05 secs] 
[Full GC (System.gc()) [Tenured: 1100727K->849913K(1385856K), 2.2786050 secs] 1240565K->849913K(2009472K), [Metaspace: 10543K->10543K(12288K)], 2.2786582 secs] [Times: user=2.28 sys=0.00, real=2.28 secs] 
[Full GC (System.gc()) [Tenured
*** PauseDetector detected a 2284 ms pause at Sun Dec 21 23:47:03 EET 2014 ***

: 849913K->780630K(1385856K), 2.7551220 secs] 861071K->780630K(2009472K), [Metaspace: 10543K->10543K(12288K)], 2.7552728 secs] [Times: user=2.74 sys=0.00, real=2.75 secs] 

*** PauseDetector detected a 2755 ms pause at Sun Dec 21 23:47:06 EET 2014 ***

[Full GC (System.gc()) [Tenured: 780630K->780630K(1385856K), 2.1991978 secs] 780632K->780630K(2009472K), [Metaspace: 10543K->10543K(12288K)], 2.1992472 secs] [Times: user=2.20 sys=0.00, real=2.20 secs] 
********************************
********** ROUND    8 **********
********************************

*** PauseDetector detected a 2201 ms pause at Sun Dec 21 23:47:08 EET 2014 ***

[GC (Allocation Failure) [DefNew: 554368K->5887K(623616K), 0.0112892 secs] 1334998K->786517K(2009472K), 0.0113315 secs] [Times: user=0.00 sys=0.00, real=0.01 secs] 
[GC (Allocation Failure) [DefNew: 560255K->69248K(623616K), 0.1693792 secs] 1340885K->890020K(2009472K), 0.1694190 secs] [Times: user=0.14 sys=0.00, real=0.17 secs] 
[GC (Allocation Failure) [DefNew: 623616K->5885K(623616K), 0.0469499 secs] 1444388K->891229K(2009472K), 0.0469897 secs] [Times: user=0.05 sys=0.00, real=0.05 secs] 
[GC (Allocation Failure) [DefNew: 560253K->69247K(623616K), 0.1560409 secs] 1445597K->994577K(2009472K), 0.1560794 secs] [Times: user=0.16 sys=0.00, real=0.16 secs] 
[GC (Allocation Failure) [DefNew: 623615K->5887K(623616K), 0.0458021 secs] 1548945K->995789K(2009472K), 0.0458400 secs] [Times: user=0.05 sys=0.00, real=0.05 secs] 
[GC (Allocation Failure) [DefNew: 560255K->69248K(623616K), 0.1521157 secs] 1550157K->1099008K(2009472K), 0.1521664 secs] [Times: user=0.16 sys=0.00, real=0.15 secs] 
[GC (Allocation Failure) [DefNew: 623616K->5893K(623616K), 0.0473868 secs] 1653376K->1100217K(2009472K), 0.0474266 secs] [Times: user=0.05 sys=0.00, real=0.05 secs] 
[GC (Allocation Failure) [DefNew: 560261K->69248K(623616K), 0.1291820 secs] 1654585K->1203315K(2009472K), 0.1292301 secs] [Times: user=0.12 sys=0.00, real=0.13 secs] 
[GC (Allocation Failure) [DefNew: 623616K->5886K(623616K), 0.0448481 secs] 1757683K->1204512K(2009472K), 0.0448904 secs] [Times: user=0.05 sys=0.00, real=0.04 secs] 
[GC (Allocation Failure) [DefNew: 560254K->69248K(623616K), 0.1481482 secs] 1758880K->1307512K(2009472K), 0.1482021 secs] [Times: user=0.16 sys=0.00, real=0.15 secs] 
[GC (Allocation Failure) [DefNew: 623616K->5901K(623616K), 0.0470198 secs] 1861880K->1308721K(2009472K), 0.0470596 secs] [Times: user=0.05 sys=0.00, real=0.05 secs] 
[GC (Allocation Failure) [DefNew: 560269K->560269K(623616K), 0.0000212 secs][Tenured: 1302819K->852885K(1385856K), 2.4251339 secs] 1863089K->852885K(2009472K), [Metaspace: 10543K->10543K(12288K)], 2.4252192 secs] [Times: user=2.43 sys=0.00, real=2.43 secs] 

*** PauseDetector detected a 2428 ms pause at Sun Dec 21 23:47:29 EET 2014 ***

[GC (Allocation Failure) [DefNew: 554368K->5904K(623616K), 0.0133961 secs] 1407253K->858790K(2009472K), 0.0134384 secs] [Times: user=0.02 sys=0.00, real=0.01 secs] 
[GC (Allocation Failure) [DefNew: 560272K->69248K(623616K), 0.1184696 secs] 1413158K->961586K(2009472K), 0.1185170 secs] [Times: user=0.13 sys=0.00, real=0.12 secs] 
[GC (Allocation Failure) [DefNew: 623616K->5896K(623616K), 0.0431229 secs] 1515954K->962785K(2009472K), 0.0432923 secs] [Times: user=0.05 sys=0.00, real=0.04 secs] 
[GC (Allocation Failure) [DefNew: 560264K->69247K(623616K), 0.1294142 secs] 1517153K->1065502K(2009472K), 0.1294546 secs] [Times: user=0.13 sys=0.00, real=0.13 secs] 
[GC (Allocation Failure) [DefNew: 623615K->5902K(623616K), 0.0510951 secs] 1619870K->1066711K(2009472K), 0.0511362 secs] [Times: user=0.05 sys=0.00, real=0.05 secs] 
[GC (Allocation Failure) [DefNew: 560270K->69248K(623616K), 0.1337898 secs] 1621079K->1168878K(2009472K), 0.1339142 secs] [Times: user=0.13 sys=0.00, real=0.13 secs] 
[GC (Allocation Failure) [DefNew: 623616K->5896K(623616K), 0.0474805 secs] 1723246K->1170061K(2009472K), 0.0476184 secs] [Times: user=0.05 sys=0.00, real=0.05 secs] 
[GC (Allocation Failure) [DefNew: 560264K->69248K(623616K), 0.1200549 secs] 1724429K->1272166K(2009472K), 0.1200934 secs] [Times: user=0.13 sys=0.00, real=0.12 secs] 
[GC (Allocation Failure) [DefNew: 623616K->5903K(623616K), 0.0539508 secs] 1826534K->1273352K(2009472K), 0.0539944 secs] [Times: user=0.06 sys=0.00, real=0.05 secs] 
[GC (Allocation Failure) [DefNew: 560271K->69248K(623616K), 0.1143846 secs] 1827720K->1375369K(2009472K), 0.1144199 secs] [Times: user=0.11 sys=0.00, real=0.11 secs] 
[GC (Allocation Failure) [DefNew: 623616K->623616K(623616K), 0.0000192 secs][Tenured: 1306121K->853179K(1385856K), 2.4170840 secs] 1929737K->853179K(2009472K), [Metaspace: 10543K->10543K(12288K)], 2.4171623 secs] [Times: user=2.42 sys=0.00, real=2.42 secs] 

*** PauseDetector detected a 2419 ms pause at Sun Dec 21 23:47:49 EET 2014 ***

[GC (Allocation Failure) [DefNew: 554368K->69248K(623616K), 0.1182161 secs] 1407547K->961052K(2009472K), 0.1182553 secs] [Times: user=0.11 sys=0.00, real=0.12 secs] 
[GC (Allocation Failure) [DefNew: 623616K->5907K(623616K), 0.0477871 secs] 1515420K->962234K(2009472K), 0.0478359 secs] [Times: user=0.05 sys=0.00, real=0.05 secs] 
[GC (Allocation Failure) [DefNew: 560275K->69248K(623616K), 0.3481704 secs] 1516602K->1088838K(2009472K), 0.3482147 secs] [Times: user=0.34 sys=0.00, real=0.35 secs] 
[GC (Allocation Failure) [DefNew: 623616K->5902K(623616K), 0.0966528 secs] 1643206K->1090488K(2009472K), 0.0966932 secs] [Times: user=0.09 sys=0.00, real=0.10 secs] 
[GC (Allocation Failure) [DefNew: 560270K->69248K(623616K), 0.4850930 secs] 1644856K->1209565K(2009472K), 0.4851283 secs] [Times: user=0.48 sys=0.00, real=0.48 secs] 

*** PauseDetector detected a 488 ms pause at Sun Dec 21 23:47:58 EET 2014 ***

[GC (Allocation Failure) [DefNew: 623616K->5883K(623616K), 0.0789113 secs] 1763933K->1211050K(2009472K), 0.0789530 secs] [Times: user=0.08 sys=0.00, real=0.08 secs] 
[GC (Allocation Failure) [DefNew: 560251K->69247K(623616K), 0.3933393 secs] 1765418K->1327577K(2009472K), 0.3934426 secs] [Times: user=0.41 sys=0.00, real=0.39 secs] 

*** PauseDetector detected a 397 ms pause at Sun Dec 21 23:48:01 EET 2014 ***

[GC (Allocation Failure) [DefNew: 623615K->5911K(623616K), 0.0885862 secs] 1881945K->1329060K(2009472K), 0.0886260 secs] [Times: user=0.09 sys=0.00, real=0.09 secs] 
[GC (Allocation Failure) [DefNew: 560279K->560279K(623616K), 0.0000192 secs][Tenured: 1323149K->793030K(1385856K), 2.6433569 secs] 1883428K->793030K(2009472K), [Metaspace: 10543K->10543K(12288K)], 2.6435443 secs] [Times: user=2.64 sys=0.00, real=2.64 secs] 

*** PauseDetector detected a 2644 ms pause at Sun Dec 21 23:48:07 EET 2014 ***

[GC (Allocation Failure) [DefNew: 554368K->5895K(623616K), 0.0126224 secs] 1347398K->798925K(2009472K), 0.0126621 secs] [Times: user=0.00 sys=0.00, real=0.01 secs] 
[GC (Allocation Failure) [DefNew: 560263K->69248K(623616K), 0.3070371 secs] 1353293K->910167K(2009472K), 0.3071391 secs] [Times: user=0.31 sys=0.00, real=0.31 secs] 
[GC (Allocation Failure) [DefNew: 623616K->5908K(623616K), 0.0708659 secs] 1464535K->911547K(2009472K), 0.0709050 secs] [Times: user=0.08 sys=0.00, real=0.07 secs] 
[GC (Allocation Failure) [DefNew: 560276K->69248K(623616K), 0.2600102 secs] 1465915K->1020312K(2009472K), 0.2600500 secs] [Times: user=0.27 sys=0.00, real=0.26 secs] 
[GC (Allocation Failure) [DefNew: 623616K->5909K(623616K), 0.0790325 secs] 1574680K->1021620K(2009472K), 0.0790762 secs] [Times: user=0.09 sys=0.00, real=0.08 secs] 
[GC (Allocation Failure) [DefNew: 560277K->69248K(623616K), 0.2476040 secs] 1575988K->1129697K(2009472K), 0.2476528 secs] [Times: user=0.23 sys=0.00, real=0.25 secs] 
[GC (Allocation Failure) [DefNew: 623616K->5908K(623616K), 0.0621103 secs] 1684065K->1130993K(2009472K), 0.0622232 secs] [Times: user=0.06 sys=0.00, real=0.06 secs] 
[GC (Allocation Failure) [DefNew: 560276K->69248K(623616K), 0.2442569 secs] 1685361K->1238490K(2009472K), 0.2442986 secs] [Times: user=0.23 sys=0.00, real=0.24 secs] 
[GC (Allocation Failure) [DefNew: 623616K->5913K(623616K), 0.0651501 secs] 1792858K->1239785K(2009472K), 0.0651931 secs] [Times: user=0.06 sys=0.00, real=0.07 secs] 
[GC (Allocation Failure) [DefNew: 560281K->69248K(623616K), 0.2164587 secs] 1794153K->1346832K(2009472K), 0.2165004 secs] [Times: user=0.22 sys=0.00, real=0.22 secs] 
[GC (Allocation Failure) [DefNew: 623616K->5904K(623616K), 0.0649256 secs] 1901200K->1348107K(2009472K), 0.0649666 secs] [Times: user=0.08 sys=0.00, real=0.07 secs] 
[GC (Allocation Failure) [DefNew: 560272K->560272K(623616K), 0.0000205 secs][Tenured: 1342203K->855566K(1385856K), 2.8013906 secs] 1902475K->855566K(2009472K), [Metaspace: 10543K->10543K(12288K)], 2.8014740 secs] [Times: user=2.78 sys=0.00, real=2.80 secs] 

*** PauseDetector detected a 2806 ms pause at Sun Dec 21 23:48:30 EET 2014 ***

[GC (Allocation Failure) [DefNew: 554368K->5903K(623616K), 0.0120661 secs] 1409934K->861470K(2009472K), 0.0121784 secs] [Times: user=0.02 sys=0.00, real=0.01 secs] 
[GC (Allocation Failure) [DefNew: 560271K->69248K(623616K), 0.1590127 secs] 1415838K->966791K(2009472K), 0.1590524 secs] [Times: user=0.16 sys=0.00, real=0.16 secs] 
[GC (Allocation Failure) [DefNew: 623616K->5913K(623616K), 0.0607579 secs] 1521159K->968038K(2009472K), 0.0608060 secs] [Times: user=0.06 sys=0.00, real=0.06 secs] 
[GC (Allocation Failure) [DefNew: 560281K->69247K(623616K), 0.1582370 secs] 1522406K->1073013K(2009472K), 0.1582781 secs] [Times: user=0.16 sys=0.00, real=0.16 secs] 
[GC (Allocation Failure) [DefNew: 623615K->5914K(623616K), 0.0529480 secs] 1627381K->1074279K(2009472K), 0.0529878 secs] [Times: user=0.05 sys=0.00, real=0.05 secs] 
[GC (Allocation Failure) [DefNew: 560282K->69248K(623616K), 0.1640401 secs] 1628647K->1179041K(2009472K), 0.1640792 secs] [Times: user=0.17 sys=0.00, real=0.16 secs] 
[GC (Allocation Failure) [DefNew: 623616K->5913K(623616K), 0.0569553 secs] 1733409K->1180279K(2009472K), 0.0569950 secs] [Times: user=0.05 sys=0.00, real=0.06 secs] 
[GC (Allocation Failure) [DefNew: 560281K->69248K(623616K), 0.1625535 secs] 1734647K->1284839K(2009472K), 0.1625939 secs] [Times: user=0.16 sys=0.00, real=0.16 secs] 
[GC (Allocation Failure) [DefNew: 623616K->5902K(623616K), 0.0496176 secs] 1839207K->1286060K(2009472K), 0.0497619 secs] [Times: user=0.05 sys=0.00, real=0.05 secs] 
[GC (Allocation Failure) [DefNew: 560270K->69248K(623616K), 0.1662715 secs] 1840428K->1390444K(2009472K), 0.1663754 secs] [Times: user=0.17 sys=0.00, real=0.17 secs] 
[GC (Allocation Failure) [DefNew: 623616K->623616K(623616K), 0.0000295 secs][Tenured: 1321196K->855543K(1385856K), 2.7040263 secs] 1944812K->855543K(2009472K), [Metaspace: 10543K->10543K(12288K)], 2.7041276 secs] [Times: user=2.68 sys=0.00, real=2.70 secs] 

*** PauseDetector detected a 2705 ms pause at Sun Dec 21 23:48:50 EET 2014 ***

[GC (Allocation Failure) [DefNew: 554368K->69248K(623616K), 0.1467785 secs] 1409911K->964961K(2009472K), 0.1468176 secs] [Times: user=0.16 sys=0.00, real=0.15 secs] 
[GC (Allocation Failure) [DefNew: 623616K->5914K(623616K), 0.0466965 secs] 1519329K->966171K(2009472K), 0.0467407 secs] [Times: user=0.05 sys=0.00, real=0.05 secs] 
[GC (Allocation Failure) [DefNew: 560282K->69248K(623616K), 0.1502564 secs] 1520539K->1069529K(2009472K), 0.1502956 secs] [Times: user=0.16 sys=0.00, real=0.15 secs] 
[GC (Allocation Failure) [DefNew: 623616K->5888K(623616K), 0.0471205 secs] 1623897K->1070703K(2009472K), 0.0472745 secs] [Times: user=0.05 sys=0.00, real=0.05 secs] 
[GC (Allocation Failure) [DefNew: 560256K->69247K(623616K), 0.1427019 secs] 1625071K->1173922K(2009472K), 0.1427436 secs] [Times: user=0.14 sys=0.00, real=0.14 secs] 
[GC (Allocation Failure) [DefNew: 623615K->5915K(623616K), 0.0451625 secs] 1728290K->1175153K(2009472K), 0.0452074 secs] [Times: user=0.05 sys=0.00, real=0.05 secs] 
[GC (Allocation Failure) [DefNew: 560283K->69248K(623616K), 0.1510796 secs] 1729521K->1278257K(2009472K), 0.1511194 secs] [Times: user=0.16 sys=0.00, real=0.15 secs] 
[GC (Allocation Failure) [DefNew: 623616K->5916K(623616K), 0.0504991 secs] 1832625K->1279456K(2009472K), 0.0505414 secs] [Times: user=0.05 sys=0.00, real=0.05 secs] 
[GC (Allocation Failure) [DefNew: 560284K->69247K(623616K), 0.1230543 secs] 1833824K->1382446K(2009472K), 0.1231531 secs] [Times: user=0.13 sys=0.00, real=0.12 secs] 
[GC (Allocation Failure) [DefNew: 623615K->623615K(623616K), 0.0000199 secs][Tenured: 1313198K->854171K(1385856K), 2.6224627 secs] 1936814K->854171K(2009472K), [Metaspace: 10543K->10543K(12288K)], 2.6226590 secs] [Times: user=2.62 sys=0.00, real=2.62 secs] 

*** PauseDetector detected a 2625 ms pause at Sun Dec 21 23:49:08 EET 2014 ***

[GC (Allocation Failure) [DefNew: 554368K->69247K(623616K), 0.1258265 secs] 1408539K->962982K(2009472K), 0.1258656 secs] [Times: user=0.12 sys=0.00, real=0.13 secs] 
[GC (Allocation Failure) [DefNew: 623615K->5917K(623616K), 0.0461357 secs] 1517350K->964183K(2009472K), 0.0461736 secs] [Times: user=0.05 sys=0.00, real=0.05 secs] 
[GC (Allocation Failure) [DefNew: 560285K->69247K(623616K), 0.1340631 secs] 1518551K->1066987K(2009472K), 0.1341048 secs] [Times: user=0.13 sys=0.00, real=0.13 secs] 
[GC (Allocation Failure) [DefNew: 623615K->5922K(623616K), 0.0450508 secs] 1621355K->1068192K(2009472K), 0.0450893 secs] [Times: user=0.05 sys=0.00, real=0.05 secs] 
[GC (Allocation Failure) [DefNew: 560290K->69248K(623616K), 0.1130925 secs] 1622560K->1170909K(2009472K), 0.1131310 secs] [Times: user=0.11 sys=0.00, real=0.11 secs] 
[GC (Allocation Failure) [DefNew: 623616K->5918K(623616K), 0.0555566 secs] 1725277K->1172108K(2009472K), 0.0556003 secs] [Times: user=0.06 sys=0.00, real=0.06 secs] 
[GC (Allocation Failure) [DefNew: 560286K->69248K(623616K), 0.1175527 secs] 1726476K->1274280K(2009472K), 0.1176541 secs] [Times: user=0.11 sys=0.00, real=0.12 secs] 
[GC (Allocation Failure) [DefNew: 623616K->5925K(623616K), 0.0463750 secs] 1828648K->1275472K(2009472K), 0.0464167 secs] [Times: user=0.05 sys=0.00, real=0.05 secs] 
[GC (Allocation Failure) [DefNew: 560293K->69248K(623616K), 0.1155087 secs] 1829840K->1377527K(2009472K), 0.1156126 secs] [Times: user=0.11 sys=0.00, real=0.12 secs] 
[GC (Allocation Failure) [DefNew: 623616K->623616K(623616K), 0.0000289 secs][Tenured: 1308279K->783985K(1385856K), 2.5743830 secs] 1931895K->783985K(2009472K), [Metaspace: 10543K->10543K(12288K)], 2.5744773 secs] [Times: user=2.57 sys=0.00, real=2.58 secs] 

*** PauseDetector detected a 2579 ms pause at Sun Dec 21 23:49:26 EET 2014 ***

[GC (Allocation Failure) [DefNew: 554368K->69247K(623616K), 0.0991883 secs] 1338353K->891936K(2009472K), 0.0992306 secs] [Times: user=0.11 sys=0.00, real=0.10 secs] 
[GC (Allocation Failure) [DefNew: 623615K->5892K(623616K), 0.0431351 secs] 1446304K->893089K(2009472K), 0.0432435 secs] [Times: user=0.05 sys=0.00, real=0.04 secs] 
[GC (Allocation Failure) [DefNew: 560260K->69247K(623616K), 0.0993403 secs] 1447457K->995081K(2009472K), 0.0993808 secs] [Times: user=0.09 sys=0.00, real=0.10 secs] 
[GC (Allocation Failure) [DefNew: 623615K->5919K(623616K), 0.0456738 secs] 1549449K->996264K(2009472K), 0.0457142 secs] [Times: user=0.05 sys=0.00, real=0.05 secs] 
[GC (Allocation Failure) [DefNew: 560287K->69248K(623616K), 0.3195895 secs] 1550632K->1122863K(2009472K), 0.3196280 secs] [Times: user=0.31 sys=0.00, real=0.32 secs] 
[GC (Allocation Failure) [DefNew: 623616K->5904K(623616K), 0.0924158 secs] 1677231K->1124507K(2009472K), 0.0924601 secs] [Times: user=0.09 sys=0.00, real=0.09 secs] 
[GC (Allocation Failure) [DefNew: 560272K->69248K(623616K), 0.4467004 secs] 1678875K->1243561K(2009472K), 0.4467364 secs] [Times: user=0.45 sys=0.00, real=0.45 secs] 

*** PauseDetector detected a 451 ms pause at Sun Dec 21 23:49:38 EET 2014 ***

[GC (Allocation Failure) [DefNew: 623616K->5925K(623616K), 0.1025007 secs] 1797929K->1245108K(2009472K), 0.1025476 secs] [Times: user=0.09 sys=0.00, real=0.10 secs] 
[GC (Allocation Failure) [DefNew: 560293K->69248K(623616K), 0.4044161 secs] 1799476K->1361611K(2009472K), 0.4044578 secs] [Times: user=0.41 sys=0.00, real=0.40 secs] 

*** PauseDetector detected a 409 ms pause at Sun Dec 21 23:49:42 EET 2014 ***

[GC (Allocation Failure) [DefNew: 623616K->5909K(623616K), 0.0908779 secs] 1915979K->1363076K(2009472K), 0.0909171 secs] [Times: user=0.09 sys=0.00, real=0.09 secs] 
[GC (Allocation Failure) [DefNew: 560277K->560277K(623616K), 0.0000199 secs][Tenured: 1357166K->862331K(1385856K), 2.7510692 secs] 1917444K->862331K(2009472K), [Metaspace: 10543K->10543K(12288K)], 2.7512597 secs] [Times: user=2.73 sys=0.00, real=2.75 secs] 

*** PauseDetector detected a 2754 ms pause at Sun Dec 21 23:49:48 EET 2014 ***

[GC (Allocation Failure) [DefNew: 554368K->5890K(623616K), 0.0119250 secs] 1416699K->868222K(2009472K), 0.0119609 secs] [Times: user=0.00 sys=0.00, real=0.01 secs] 
[GC (Allocation Failure) [DefNew: 560258K->69248K(623616K), 0.2775489 secs] 1422590K->979498K(2009472K), 0.2776965 secs] [Times: user=0.28 sys=0.00, real=0.28 secs] 
[GC (Allocation Failure) [DefNew: 623616K->5926K(623616K), 0.0816123 secs] 1533866K->980867K(2009472K), 0.0816591 secs] [Times: user=0.08 sys=0.00, real=0.08 secs] 
[Full GC (System.gc()) [Tenured: 974940K->858507K(1385856K), 2.5482144 secs] 1531403K->858507K(2009472K), [Metaspace: 10543K->10543K(12288K)], 2.5482658 secs] [Times: user=2.53 sys=0.00, real=2.55 secs] 
[Full GC (System.gc()) [Tenured: 858507K->858429K(1385856K), 2.5062528 secs] 869612K->858429K(2009472K), [Metaspace: 10543K->10543K(12288K)], 2.5063028 secs] [Times: user=2.50 sys=0.00, real=2.51 secs] 
[Full GC (System.gc()) [Tenured: 858429K->784852K(1385856K), 2.3583805 secs] 869536K->784852K(2009472K), [Metaspace: 10543K->10543K(12288K)], 2.3584998 secs] [Times: user=2.36 sys=0.00, real=2.36 secs] 

*** PauseDetector detected a 5058 ms pause at Sun Dec 21 23:49:59 EET 2014 ***

[Full GC (System.gc()) [Tenured: 784852K->784963K(1385856K), 2.2190789 secs] 795959K->784963K(2009472K), [Metaspace: 10543K->10543K(12288K)], 2.2192040 secs] [Times: user=2.22 sys=0.00, real=2.22 secs] 
[Full GC (System.gc()) [Tenured: 784963K->784964K(1385856K), 2.5117325 secs] 784965K->784964K(2009472K), [Metaspace: 10543K->10543K(12288K)], 2.5117755 secs] [Times: user=2.48 sys=0.00, real=2.51 secs] 
[Full GC (System.gc()) [Tenured: 784964K->784966K(1385856K), 2.4295280 secs] 796069K->784966K(2009472K), [Metaspace: 10543K->10543K(12288K)], 2.4297198 secs] [Times: user=2.43 sys=0.00, real=2.43 secs] 

*** PauseDetector detected a 4581 ms pause at Sun Dec 21 23:50:04 EET 2014 ***


*** PauseDetector detected a 4947 ms pause at Sun Dec 21 23:50:09 EET 2014 ***

[GC (Allocation Failure) [DefNew: 554368K->69248K(623616K), 0.2396209 secs] 1339334K->899003K(2009472K), 0.2396581 secs] [Times: user=0.25 sys=0.00, real=0.24 secs] 
[GC (Allocation Failure) [DefNew: 623616K->5954K(623616K), 0.0684170 secs] 1453371K->900295K(2009472K), 0.0684632 secs] [Times: user=0.06 sys=0.00, real=0.07 secs] 
[GC (Allocation Failure) [DefNew: 560322K->69248K(623616K), 0.2163022 secs] 1454663K->1007797K(2009472K), 0.2164138 secs] [Times: user=0.22 sys=0.00, real=0.22 secs] 
[GC (Allocation Failure) [DefNew: 623616K->5954K(623616K), 0.0635398 secs] 1562165K->1009083K(2009472K), 0.0635808 secs] [Times: user=0.06 sys=0.00, real=0.06 secs] 
[GC (Allocation Failure) [DefNew: 560322K->69247K(623616K), 0.1991381 secs] 1563451K->1116134K(2009472K), 0.1991753 secs] [Times: user=0.20 sys=0.00, real=0.20 secs] 
[GC (Allocation Failure) [DefNew: 623615K->5954K(623616K), 0.0624144 secs] 1670502K->1117415K(2009472K), 0.0624568 secs] [Times: user=0.06 sys=0.00, real=0.06 secs] 
[Full GC (System.gc()) [Tenured: 1111460K->766843K(1385856K), 2.3341783 secs] 1128522K->766843K(2009472K), [Metaspace: 10543K->10543K(12288K)], 2.3342976 secs] [Times: user=2.34 sys=0.00, real=2.33 secs] 
[Full GC (System.gc()) [Tenured: 766843K->766844K(1385856K), 2.2054788 secs] 766845K->766844K(2009472K), [Metaspace: 10543K->10543K(12288K)], 2.2055205 secs] [Times: user=2.20 sys=0.00, real=2.21 secs] 
[Full GC (System.gc()) [Tenured: 766844K->766844K(1385856K), 2.3481717 secs] 777949K->766844K(2009472K), [Metaspace: 10543K->10543K(12288K)], 2.3482108 secs]
*** PauseDetector detected a 2336 ms pause at Sun Dec 21 23:50:21 EET 2014 ***

 [Times: user=2.36 sys=0.00, real=2.35 secs] 
********************************
********** ROUND    9 **********
********************************

*** PauseDetector detected a 4560 ms pause at Sun Dec 21 23:50:26 EET 2014 ***

[GC (Allocation Failure) [DefNew: 554368K->69247K(623616K), 0.1917478 secs] 1321212K->878310K(2009472K), 0.1917933 secs] [Times: user=0.19 sys=0.00, real=0.19 secs] 
[GC (Allocation Failure) [DefNew: 623615K->5884K(623616K), 0.0560083 secs] 1432678K->879574K(2009472K), 0.0560487 secs] [Times: user=0.05 sys=0.00, real=0.06 secs] 
[GC (Allocation Failure) [DefNew: 560252K->69247K(623616K), 0.1838564 secs] 1433942K->984882K(2009472K), 0.1839007 secs] [Times: user=0.19 sys=0.00, real=0.18 secs] 
[GC (Allocation Failure) [DefNew: 623615K->5897K(623616K), 0.0530256 secs] 1539250K->986146K(2009472K), 0.0530641 secs] [Times: user=0.06 sys=0.00, real=0.05 secs] 
[GC (Allocation Failure) [DefNew: 560265K->69248K(623616K), 0.1547212 secs] 1540514K->1091103K(2009472K), 0.1547609 secs] [Times: user=0.16 sys=0.00, real=0.15 secs] 
[GC (Allocation Failure) [DefNew: 623616K->5889K(623616K), 0.0501789 secs] 1645471K->1092377K(2009472K), 0.0503291 secs] [Times: user=0.05 sys=0.00, real=0.05 secs] 
[GC (Allocation Failure) [DefNew: 560257K->69248K(623616K), 0.1578873 secs] 1646745K->1197140K(2009472K), 0.1579316 secs] [Times: user=0.16 sys=0.00, real=0.16 secs] 
[GC (Allocation Failure) [DefNew: 623616K->5900K(623616K), 0.0551364 secs] 1751508K->1198389K(2009472K), 0.0551755 secs] [Times: user=0.06 sys=0.00, real=0.05 secs] 
[GC (Allocation Failure) [DefNew: 560268K->69247K(623616K), 0.1518520 secs] 1752757K->1302935K(2009472K), 0.1518912 secs] [Times: user=0.16 sys=0.00, real=0.15 secs] 
[GC (Allocation Failure) [DefNew: 623615K->5884K(623616K), 0.0543678 secs] 1857303K->1304166K(2009472K), 0.0544743 secs] [Times: user=0.06 sys=0.00, real=0.05 secs] 
[GC (Allocation Failure) [DefNew: 560252K->69248K(623616K), 0.1491908 secs] 1858534K->1408537K(2009472K), 0.1492299 secs] [Times: user=0.14 sys=0.00, real=0.15 secs] 
[GC (Allocation Failure) [DefNew: 623616K->623616K(623616K), 0.0000205 secs][Tenured: 1339289K->855546K(1385856K), 2.5639754 secs] 1962905K->855546K(2009472K), [Metaspace: 10543K->10543K(12288K)], 2.5640748 secs] [Times: user=2.56 sys=0.00, real=2.56 secs] 

*** PauseDetector detected a 2567 ms pause at Sun Dec 21 23:50:47 EET 2014 ***

[GC (Allocation Failure) [DefNew: 554368K->69247K(623616K), 0.1366903 secs] 1409914K->964947K(2009472K), 0.1367327 secs] [Times: user=0.13 sys=0.00, real=0.14 secs] 
[GC (Allocation Failure) [DefNew: 623615K->5898K(623616K), 0.0578689 secs] 1519315K->966158K(2009472K), 0.0579221 secs] [Times: user=0.05 sys=0.00, real=0.06 secs] 
[GC (Allocation Failure) [DefNew: 560266K->69248K(623616K), 0.1273657 secs] 1520526K->1069478K(2009472K), 0.1274074 secs] [Times: user=0.13 sys=0.00, real=0.13 secs] 
[GC (Allocation Failure) [DefNew: 623616K->5896K(623616K), 0.0524277 secs] 1623846K->1070714K(2009472K), 0.0524732 secs] [Times: user=0.05 sys=0.00, real=0.05 secs] 
[GC (Allocation Failure) [DefNew: 560264K->69248K(623616K), 0.1328633 secs] 1625082K->1173926K(2009472K), 0.1329769 secs] [Times: user=0.12 sys=0.00, real=0.13 secs] 
[GC (Allocation Failure) [DefNew: 623616K->5894K(623616K), 0.0570181 secs] 1728294K->1175133K(2009472K), 0.0570624 secs] [Times: user=0.06 sys=0.00, real=0.06 secs] 
[GC (Allocation Failure) [DefNew: 560262K->69248K(623616K), 0.1239108 secs] 1729501K->1278193K(2009472K), 0.1239505 secs] [Times: user=0.12 sys=0.00, real=0.12 secs] 
[GC (Allocation Failure) [DefNew: 623616K->5858K(623616K), 0.0453832 secs] 1832561K->1279400K(2009472K), 0.0454223 secs] [Times: user=0.05 sys=0.00, real=0.05 secs] 
[GC (Allocation Failure) [DefNew: 560226K->69248K(623616K), 0.1266298 secs] 1833768K->1382432K(2009472K), 0.1266683 secs] [Times: user=0.13 sys=0.00, real=0.13 secs] 
[GC (Allocation Failure) [DefNew: 623616K->623616K(623616K), 0.0000192 secs][Tenured: 1313184K->784844K(1385856K), 2.6250547 secs] 1936800K->784844K(2009472K), [Metaspace: 10543K->10543K(12288K)], 2.6251381 secs] [Times: user=2.61 sys=0.00, real=2.63 secs] 

*** PauseDetector detected a 2632 ms pause at Sun Dec 21 23:51:05 EET 2014 ***

[GC (Allocation Failure) [DefNew: 554368K->69247K(623616K), 0.1089293 secs] 1339212K->893640K(2009472K), 0.1089665 secs] [Times: user=0.11 sys=0.00, real=0.11 secs] 
[GC (Allocation Failure) [DefNew: 623615K->5901K(623616K), 0.0519798 secs] 1448008K->894840K(2009472K), 0.0520235 secs] [Times: user=0.05 sys=0.00, real=0.05 secs] 
[GC (Allocation Failure) [DefNew: 560269K->69248K(623616K), 0.1220919 secs] 1449208K->997646K(2009472K), 0.1222003 secs] [Times: user=0.13 sys=0.00, real=0.12 secs] 
[GC (Allocation Failure) [DefNew: 623616K->5897K(623616K), 0.0524174 secs] 1552014K->998839K(2009472K), 0.0524610 secs] [Times: user=0.05 sys=0.00, real=0.05 secs] 
[GC (Allocation Failure) [DefNew: 560265K->69247K(623616K), 0.1217839 secs] 1553207K->1101565K(2009472K), 0.1218263 secs] [Times: user=0.13 sys=0.00, real=0.12 secs] 
[GC (Allocation Failure) [DefNew: 623615K->5906K(623616K), 0.0469589 secs] 1655933K->1102768K(2009472K), 0.0469999 secs] [Times: user=0.05 sys=0.00, real=0.05 secs] 
[GC (Allocation Failure) [DefNew: 560274K->69247K(623616K), 0.1191477 secs] 1657136K->1204896K(2009472K), 0.1191856 secs] [Times: user=0.11 sys=0.00, real=0.12 secs] 
[GC (Allocation Failure) [DefNew: 623615K->5912K(623616K), 0.0456629 secs] 1759264K->1206130K(2009472K), 0.0457052 secs] [Times: user=0.03 sys=0.00, real=0.05 secs] 
[GC (Allocation Failure) [DefNew: 560280K->69248K(623616K), 0.1133196 secs] 1760498K->1308222K(2009472K), 0.1133613 secs] [Times: user=0.11 sys=0.00, real=0.11 secs] 
[GC (Allocation Failure) [DefNew: 623616K->5876K(623616K), 0.0438633 secs] 1862590K->1309378K(2009472K), 0.0439075 secs] [Times: user=0.05 sys=0.00, real=0.04 secs] 
[GC (Allocation Failure) [DefNew: 560244K->560244K(623616K), 0.0000199 secs][Tenured: 1303502K->852033K(1385856K), 2.5890225 secs] 1863746K->852033K(2009472K), [Metaspace: 10543K->10543K(12288K)], 2.5891765 secs] [Times: user=2.54 sys=0.00, real=2.59 secs] 

*** PauseDetector detected a 2591 ms pause at Sun Dec 21 23:51:25 EET 2014 ***

[GC (Allocation Failure) [DefNew: 554368K->5906K(623616K), 0.0119301 secs] 1406401K->857939K(2009472K), 0.0120347 secs] [Times: user=0.01 sys=0.00, real=0.01 secs] 
[GC (Allocation Failure) [DefNew: 560274K->69248K(623616K), 0.1002533 secs] 1412307K->959906K(2009472K), 0.1003078 secs] [Times: user=0.09 sys=0.00, real=0.10 secs] 
[GC (Allocation Failure) [DefNew: 623616K->5911K(623616K), 0.0495823 secs] 1514274K->961092K(2009472K), 0.0496310 secs] [Times: user=0.03 sys=0.00, real=0.05 secs] 
[GC (Allocation Failure) [DefNew: 560279K->69248K(623616K), 0.3137884 secs] 1515460K->1087685K(2009472K), 0.3138949 secs] [Times: user=0.31 sys=0.00, real=0.31 secs] 
[GC (Allocation Failure) [DefNew: 623616K->5908K(623616K), 0.1183149 secs] 1642053K->1089347K(2009472K), 0.1183554 secs] [Times: user=0.11 sys=0.00, real=0.12 secs] 
[GC (Allocation Failure) [DefNew: 560276K->69248K(623616K), 0.4832318 secs] 1643715K->1208395K(2009472K), 0.4832741 secs] [Times: user=0.48 sys=0.00, real=0.48 secs] 

*** PauseDetector detected a 486 ms pause at Sun Dec 21 23:51:35 EET 2014 ***

[GC (Allocation Failure) [DefNew: 623616K->5915K(623616K), 0.0794823 secs] 1762763K->1209910K(2009472K), 0.0795169 secs] [Times: user=0.08 sys=0.00, real=0.08 secs] 
[GC (Allocation Failure) [DefNew: 560283K->69248K(623616K), 0.3802883 secs] 1764278K->1326434K(2009472K), 0.3803249 secs] [Times: user=0.38 sys=0.00, real=0.38 secs] 

*** PauseDetector detected a 384 ms pause at Sun Dec 21 23:51:39 EET 2014 ***

[GC (Allocation Failure) [DefNew: 623616K->5909K(623616K), 0.0895691 secs] 1880802K->1327912K(2009472K), 0.0896198 secs] [Times: user=0.09 sys=0.00, real=0.09 secs] 
[GC (Allocation Failure) [DefNew: 560277K->560277K(623616K), 0.0000186 secs][Tenured: 1322003K->862330K(1385856K), 2.7539717 secs] 1882280K->862330K(2009472K), [Metaspace: 10543K->10543K(12288K)], 2.7541231 secs] [Times: user=2.75 sys=0.00, real=2.75 secs] 

*** PauseDetector detected a 2757 ms pause at Sun Dec 21 23:51:45 EET 2014 ***

[GC (Allocation Failure) [DefNew: 554368K->5908K(623616K), 0.0124389 secs] 1416698K->868239K(2009472K), 0.0124825 secs] [Times: user=0.02 sys=0.00, real=0.01 secs] 
[GC (Allocation Failure) [DefNew: 560276K->69247K(623616K), 0.3408994 secs] 1422607K->979487K(2009472K), 0.3409456 secs] [Times: user=0.34 sys=0.00, real=0.34 secs] 
[GC (Allocation Failure) [DefNew: 623615K->5916K(623616K), 0.0671525 secs] 1533855K->980857K(2009472K), 0.0671916 secs] [Times: user=0.06 sys=0.00, real=0.07 secs] 
[GC (Allocation Failure) [DefNew: 560284K->69248K(623616K), 0.2659043 secs] 1535225K->1089618K(2009472K), 0.2659454 secs] [Times: user=0.28 sys=0.00, real=0.27 secs] 
[GC (Allocation Failure) [DefNew: 623616K->5909K(623616K), 0.0679140 secs] 1643986K->1090920K(2009472K), 0.0679544 secs] [Times: user=0.06 sys=0.00, real=0.07 secs] 
[GC (Allocation Failure) [DefNew: 560277K->69247K(623616K), 0.2842188 secs] 1645288K->1199003K(2009472K), 0.2842566 secs] [Times: user=0.28 sys=0.00, real=0.28 secs] 
[GC (Allocation Failure) [DefNew: 623615K->5890K(623616K), 0.0656082 secs] 1753371K->1200275K(2009472K), 0.0656544 secs] [Times: user=0.06 sys=0.00, real=0.07 secs] 
[GC (Allocation Failure) [DefNew: 560258K->69247K(623616K), 0.2607743 secs] 1754643K->1307763K(2009472K), 0.2608134 secs] [Times: user=0.27 sys=0.00, real=0.26 secs] 
[GC (Allocation Failure) [DefNew: 623615K->5912K(623616K), 0.0560256 secs] 1862131K->1309085K(2009472K), 0.0561174 secs] [Times: user=0.06 sys=0.00, real=0.06 secs] 
[GC (Allocation Failure) [DefNew: 560280K->560280K(623616K), 0.0000263 secs][Tenured: 1303172K->857010K(1385856K), 2.6918588 secs] 1863453K->857010K(2009472K), [Metaspace: 10543K->10543K(12288K)], 2.6919467 secs] [Times: user=2.68 sys=0.00, real=2.69 secs] 

*** PauseDetector detected a 2693 ms pause at Sun Dec 21 23:52:04 EET 2014 ***

[GC (Allocation Failure) [DefNew: 554368K->5914K(623616K), 0.0119340 secs] 1411378K->862925K(2009472K), 0.0120328 secs] [Times: user=0.02 sys=0.00, real=0.01 secs] 
[GC (Allocation Failure) [DefNew: 560282K->69247K(623616K), 0.2066811 secs] 1417293K->968484K(2009472K), 0.2067299 secs] [Times: user=0.20 sys=0.00, real=0.21 secs] 
[GC (Allocation Failure) [DefNew: 623615K->5886K(623616K), 0.0520440 secs] 1522852K->969752K(2009472K), 0.0520838 secs] [Times: user=0.05 sys=0.00, real=0.05 secs] 
[GC (Allocation Failure) [DefNew: 560254K->69247K(623616K), 0.1646739 secs] 1524120K->1075073K(2009472K), 0.1647131 secs] [Times: user=0.16 sys=0.00, real=0.16 secs] 
[GC (Allocation Failure) [DefNew: 623615K->5914K(623616K), 0.0559794 secs] 1629441K->1076339K(2009472K), 0.0560218 secs] [Times: user=0.05 sys=0.00, real=0.06 secs] 
[GC (Allocation Failure) [DefNew: 560282K->69247K(623616K), 0.1712828 secs] 1630707K->1181341K(2009472K), 0.1713251 secs] [Times: user=0.17 sys=0.00, real=0.17 secs] 
[GC (Allocation Failure) [DefNew: 623615K->5908K(623616K), 0.0514403 secs] 1735709K->1182573K(2009472K), 0.0514903 secs] [Times: user=0.05 sys=0.00, real=0.05 secs] 
[GC (Allocation Failure) [DefNew: 560276K->69248K(623616K), 0.1611812 secs] 1736941K->1287346K(2009472K), 0.1613172 secs] [Times: user=0.16 sys=0.00, real=0.16 secs] 
[GC (Allocation Failure) [DefNew: 623616K->5915K(623616K), 0.0570938 secs] 1841714K->1288581K(2009472K), 0.0571432 secs] [Times: user=0.06 sys=0.00, real=0.06 secs] 
[GC (Allocation Failure) [DefNew: 560283K->69247K(623616K), 0.1715709 secs] 1842949K->1393096K(2009472K), 0.1716113 secs] [Times: user=0.17 sys=0.00, real=0.17 secs] 
[GC (Allocation Failure) [DefNew: 623615K->623615K(623616K), 0.0000212 secs][Tenured: 1323848K->786462K(1385856K), 2.4780684 secs] 1947464K->786462K(2009472K), [Metaspace: 10543K->10543K(12288K)], 2.4781441 secs] [Times: user=2.48 sys=0.00, real=2.48 secs] 

*** PauseDetector detected a 2479 ms pause at Sun Dec 21 23:52:24 EET 2014 ***

[GC (Allocation Failure) [DefNew: 554368K->69248K(623616K), 0.1406559 secs] 1340830K->896733K(2009472K), 0.1406944 secs] [Times: user=0.14 sys=0.00, real=0.14 secs] 
[GC (Allocation Failure) [DefNew: 623616K->5920K(623616K), 0.0561385 secs] 1451101K->897990K(2009472K), 0.0561777 secs] [Times: user=0.05 sys=0.00, real=0.06 secs] 
[GC (Allocation Failure) [DefNew: 560288K->69248K(623616K), 0.1283595 secs] 1452358K->1001433K(2009472K), 0.1284769 secs] [Times: user=0.14 sys=0.00, real=0.13 secs] 
[GC (Allocation Failure) [DefNew: 623616K->5858K(623616K), 0.0507307 secs] 1555801K->1002641K(2009472K), 0.0507711 secs] [Times: user=0.06 sys=0.00, real=0.05 secs] 
[GC (Allocation Failure) [DefNew: 560226K->69248K(623616K), 0.1233372 secs] 1557009K->1105990K(2009472K), 0.1233744 secs] [Times: user=0.13 sys=0.00, real=0.12 secs] 
[GC (Allocation Failure) [DefNew: 623616K->5871K(623616K), 0.0573793 secs] 1660358K->1107211K(2009472K), 0.0574275 secs] [Times: user=0.06 sys=0.00, real=0.06 secs] 
[GC (Allocation Failure) [DefNew: 560239K->69248K(623616K), 0.1288047 secs] 1661579K->1210464K(2009472K), 0.1289183 secs] [Times: user=0.14 sys=0.00, real=0.13 secs] 
[GC (Allocation Failure) [DefNew: 623616K->5920K(623616K), 0.0487559 secs] 1764832K->1211683K(2009472K), 0.0487976 secs] [Times: user=0.05 sys=0.00, real=0.05 secs] 
[GC (Allocation Failure) [DefNew: 560288K->69247K(623616K), 0.1288284 secs] 1766051K->1314780K(2009472K), 0.1288689 secs] [Times: user=0.14 sys=0.00, real=0.13 secs] 
[GC (Allocation Failure) [DefNew: 623615K->5919K(623616K), 0.0509321 secs] 1869148K->1315984K(2009472K), 0.0509732 secs] [Times: user=0.05 sys=0.00, real=0.05 secs] 
[GC (Allocation Failure) [DefNew: 560287K->560287K(623616K), 0.0000199 secs][Tenured: 1310065K->852992K(1385856K), 2.4475178 secs] 1870352K->852992K(2009472K), [Metaspace: 10543K->10543K(12288K)], 2.4475967 secs] [Times: user=2.43 sys=0.00, real=2.45 secs] 

*** PauseDetector detected a 2451 ms pause at Sun Dec 21 23:52:44 EET 2014 ***

[GC (Allocation Failure) [DefNew: 554368K->5873K(623616K), 0.0122355 secs] 1407360K->858866K(2009472K), 0.0123369 secs] [Times: user=0.02 sys=0.00, real=0.01 secs] 
[GC (Allocation Failure) [DefNew: 560241K->69247K(623616K), 0.1292352 secs] 1413234K->961809K(2009472K), 0.1292833 secs] [Times: user=0.14 sys=0.00, real=0.13 secs] 
[GC (Allocation Failure) [DefNew: 623615K->5896K(623616K), 0.0447711 secs] 1516177K->962983K(2009472K), 0.0448770 secs] [Times: user=0.05 sys=0.00, real=0.04 secs] 
[GC (Allocation Failure) [DefNew: 560264K->69247K(623616K), 0.1084469 secs] 1517351K->1065806K(2009472K), 0.1084860 secs] [Times: user=0.11 sys=0.00, real=0.11 secs] 
[GC (Allocation Failure) [DefNew: 623615K->5919K(623616K), 0.0449225 secs] 1620174K->1067010K(2009472K), 0.0450348 secs] [Times: user=0.03 sys=0.00, real=0.04 secs] 
[GC (Allocation Failure) [DefNew: 560287K->69247K(623616K), 0.1218423 secs] 1621378K->1169729K(2009472K), 0.1218827 secs] [Times: user=0.11 sys=0.00, real=0.12 secs] 
[GC (Allocation Failure) [DefNew: 623615K->5866K(623616K), 0.0494771 secs] 1724097K->1170877K(2009472K), 0.0495175 secs] [Times: user=0.05 sys=0.00, real=0.05 secs] 
[GC (Allocation Failure) [DefNew: 560234K->69247K(623616K), 0.1074922 secs] 1725245K->1273100K(2009472K), 0.1075352 secs] [Times: user=0.11 sys=0.00, real=0.11 secs] 
[GC (Allocation Failure) [DefNew: 623615K->5887K(623616K), 0.0468973 secs] 1827468K->1274255K(2009472K), 0.0469383 secs] [Times: user=0.05 sys=0.00, real=0.05 secs] 
[GC (Allocation Failure) [DefNew: 560255K->69247K(623616K), 0.1198971 secs] 1828623K->1376326K(2009472K), 0.1199368 secs] [Times: user=0.13 sys=0.00, real=0.12 secs] 
[GC (Allocation Failure) [DefNew: 623615K->623615K(623616K), 0.0000205 secs][Tenured: 1307078K->852063K(1385856K), 2.4114952 secs] 1930694K->852063K(2009472K), [Metaspace: 10543K->10543K(12288K)], 2.4115690 secs]
*** PauseDetector detected a 2414 ms pause at Sun Dec 21 23:53:03 EET 2014 ***

 [Times: user=2.40 sys=0.00, real=2.41 secs] 
[GC (Allocation Failure) [DefNew: 554368K->69248K(623616K), 0.1146220 secs] 1406431K->960011K(2009472K), 0.1146714 secs] [Times: user=0.13 sys=0.00, real=0.12 secs] 
[GC (Allocation Failure) [DefNew: 623616K->5923K(623616K), 0.0507788 secs] 1514379K->961199K(2009472K), 0.0508186 secs] [Times: user=0.06 sys=0.00, real=0.05 secs] 
[GC (Allocation Failure) [DefNew: 560291K->69248K(623616K), 0.1196905 secs] 1515567K->1063157K(2009472K), 0.1197347 secs] [Times: user=0.13 sys=0.00, real=0.12 secs] 
[GC (Allocation Failure) [DefNew: 623616K->5921K(623616K), 0.0434725 secs] 1617525K->1064345K(2009472K), 0.0435746 secs] [Times: user=0.05 sys=0.00, real=0.04 secs] 
[GC (Allocation Failure) [DefNew: 560289K->69248K(623616K), 0.3293184 secs] 1618713K->1190957K(2009472K), 0.3293594 secs] [Times: user=0.33 sys=0.00, real=0.33 secs] 
[Full GC (System.gc()) [Tenured: 1121709K->871408K(1385856K), 2.6149544 secs] 1213576K->871408K(2009472K), [Metaspace: 10543K->10543K(12288K)], 2.6150076 secs] [Times: user=2.60 sys=0.00, real=2.62 secs] 
[Full GC (System.gc()) [Tenured: 871408K->802051K(1385856K), 2.3075619 secs] 882515K->802051K(2009472K), [Metaspace: 10543K->10543K(12288K)], 2.3076068 secs] [Times: user=2.31 sys=0.00, real=2.31 secs] 

*** PauseDetector detected a 2615 ms pause at Sun Dec 21 23:53:14 EET 2014 ***

[Full GC (System.gc()) [Tenured: 802051K->802051K(1385856K), 2.2810173 secs] 813158K->802051K(2009472K), [Metaspace: 10543K->10543K(12288K)], 2.2810776 secs] [Times: user=2.28 sys=0.00, real=2.28 secs] 

*** PauseDetector detected a 4590 ms pause at Sun Dec 21 23:53:18 EET 2014 ***

[Full GC (System.gc()) [Tenured: 802051K->802052K(1385856K), 2.3740432 secs] 813158K->802052K(2009472K), [Metaspace: 10543K->10543K(12288K)], 2.3741093 secs] [Times: user=2.37 sys=0.00, real=2.37 secs] 
[Full GC (System.gc()) [Tenured: 802052K->802052K(1385856K), 2.2259188 secs] 802054K->802052K(2009472K), [Metaspace: 10543K->10543K(12288K)], 2.2259592 secs] [Times: user=2.23 sys=0.00, real=2.22 secs] 
[Full GC (System.gc()) [Tenured: 802052K->801798K(1385856K), 2.3289648 secs] 802052K->801798K(2009472K), [Metaspace: 10543K->10543K(12288K)], 2.3290758 secs] [Times: user=2.31 sys=0.02, real=2.33 secs] 

*** PauseDetector detected a 6931 ms pause at Sun Dec 21 23:53:25 EET 2014 ***

[GC (Allocation Failure) [DefNew: 554368K->69248K(623616K), 0.4985385 secs] 1356166K->926817K(2009472K), 0.4985866 secs] [Times: user=0.50 sys=0.00, real=0.50 secs] 

*** PauseDetector detected a 499 ms pause at Sun Dec 21 23:53:28 EET 2014 ***

[GC (Allocation Failure) [DefNew: 623616K->5890K(623616K), 0.0783082 secs] 1481185K->928245K(2009472K), 0.0783582 secs] [Times: user=0.08 sys=0.00, real=0.08 secs] 
[GC (Allocation Failure) [DefNew: 560258K->69248K(623616K), 0.3889933 secs] 1482613K->1044852K(2009472K), 0.3890330 secs] [Times: user=0.39 sys=0.00, real=0.39 secs] 

*** PauseDetector detected a 391 ms pause at Sun Dec 21 23:53:31 EET 2014 ***

[GC (Allocation Failure) [DefNew: 623616K->5884K(623616K), 0.0912578 secs] 1599220K->1046246K(2009472K), 0.0913117 secs] [Times: user=0.09 sys=0.00, real=0.09 secs] 
[GC (Allocation Failure) [DefNew: 560252K->69247K(623616K), 0.3801985 secs] 1600614K->1158741K(2009472K), 0.3802428 secs] [Times: user=0.38 sys=0.00, real=0.38 secs] 

*** PauseDetector detected a 385 ms pause at Sun Dec 21 23:53:35 EET 2014 ***

[Full GC (System.gc()) [Tenured: 1089493K->857790K(1385856K), 2.4393230 secs] 1303110K->857790K(2009472K), [Metaspace: 10543K->10543K(12288K)], 2.4393743 secs] [Times: user=2.43 sys=0.00, real=2.44 secs] 
[Full GC (System.gc()) [Tenured: 857790K->857791K(1385856K), 2.3720563 secs] 868897K->857791K(2009472K), [Metaspace: 10543K->10543K(12288K)], 2.3720999 secs] [Times: user=2.37 sys=0.00, real=2.37 secs] 
[Full GC (System.gc()) [Tenured: 857791K->857773K(1385856K), 2.1871015 secs] 868898K->857773K(2009472K), [Metaspace: 10543K->10543K(12288K)], 2.1871637 secs] [Times: user=2.17 sys=0.00, real=2.19 secs] 

*** PauseDetector detected a 2440 ms pause at Sun Dec 21 23:53:38 EET 2014 ***

********************************
********** ROUND   10 **********
********************************

*** PauseDetector detected a 4565 ms pause at Sun Dec 21 23:53:42 EET 2014 ***

[GC (Allocation Failure) [DefNew: 554368K->69247K(623616K), 0.2923013 secs] 1412141K->974902K(2009472K), 0.2923392 secs] [Times: user=0.30 sys=0.00, real=0.29 secs] 
[GC (Allocation Failure) [DefNew: 623615K->5871K(623616K), 0.0852526 secs] 1529270K->976254K(2009472K), 0.0852982 secs] [Times: user=0.08 sys=0.00, real=0.09 secs] 
[GC (Allocation Failure) [DefNew: 560239K->69247K(623616K), 0.2694535 secs] 1530622K->1085028K(2009472K), 0.2694952 secs] [Times: user=0.28 sys=0.00, real=0.27 secs] 
[GC (Allocation Failure) [DefNew: 623615K->5889K(623616K), 0.0620936 secs] 1639396K->1086343K(2009472K), 0.0621963 secs] [Times: user=0.06 sys=0.00, real=0.06 secs] 
[GC (Allocation Failure) [DefNew: 560257K->69247K(623616K), 0.2921730 secs] 1640711K->1194414K(2009472K), 0.2922160 secs] [Times: user=0.28 sys=0.00, real=0.29 secs] 
[GC (Allocation Failure) [DefNew: 623615K->5889K(623616K), 0.0612096 secs] 1748782K->1195717K(2009472K), 0.0612474 secs] [Times: user=0.06 sys=0.00, real=0.06 secs] 
[GC (Allocation Failure) [DefNew: 560257K->69248K(623616K), 0.2299382 secs] 1750085K->1303214K(2009472K), 0.2300364 secs] [Times: user=0.23 sys=0.00, real=0.23 secs] 
[GC (Allocation Failure) [DefNew: 623616K->5859K(623616K), 0.0712906 secs] 1857582K->1304474K(2009472K), 0.0713311 secs] [Times: user=0.08 sys=0.00, real=0.07 secs] 
[GC (Allocation Failure) [DefNew: 560227K->69248K(623616K), 0.2544978 secs] 1858842K->1411552K(2009472K), 0.2545375 secs] [Times: user=0.25 sys=0.00, real=0.26 secs] 
[GC (Allocation Failure) [DefNew: 623616K->623616K(623616K), 0.0000321 secs][Tenured: 1342304K->788941K(1385856K), 2.6118459 secs] 1965920K->788941K(2009472K), [Metaspace: 10543K->10543K(12288K)], 2.6120352 secs] [Times: user=2.57 sys=0.00, real=2.61 secs] 

*** PauseDetector detected a 2614 ms pause at Sun Dec 21 23:54:01 EET 2014 ***

[GC (Allocation Failure) [DefNew: 554368K->69248K(623616K), 0.1835837 secs] 1343309K->900442K(2009472K), 0.1836248 secs] [Times: user=0.19 sys=0.00, real=0.18 secs] 
[GC (Allocation Failure) [DefNew: 623616K->5874K(623616K), 0.0626056 secs] 1454810K->901672K(2009472K), 0.0626460 secs] [Times: user=0.06 sys=0.00, real=0.06 secs] 
[GC (Allocation Failure) [DefNew: 560242K->69247K(623616K), 0.1663067 secs] 1456040K->1006973K(2009472K), 0.1664088 secs] [Times: user=0.16 sys=0.00, real=0.17 secs] 
[GC (Allocation Failure) [DefNew: 623615K->5862K(623616K), 0.0551563 secs] 1561341K->1008194K(2009472K), 0.0552589 secs] [Times: user=0.05 sys=0.00, real=0.05 secs] 
[GC (Allocation Failure) [DefNew: 560230K->69248K(623616K), 0.1864676 secs] 1562562K->1113252K(2009472K), 0.1865087 secs] [Times: user=0.19 sys=0.00, real=0.19 secs] 
[GC (Allocation Failure) [DefNew: 623616K->5904K(623616K), 0.0628340 secs] 1667620K->1114500K(2009472K), 0.0628751 secs] [Times: user=0.06 sys=0.00, real=0.06 secs] 
[GC (Allocation Failure) [DefNew: 560272K->69248K(623616K), 0.1639823 secs] 1668868K->1219259K(2009472K), 0.1640234 secs] [Times: user=0.17 sys=0.00, real=0.16 secs] 
[GC (Allocation Failure) [DefNew: 623616K->5891K(623616K), 0.0526836 secs] 1773627K->1220488K(2009472K), 0.0527209 secs] [Times: user=0.06 sys=0.00, real=0.05 secs] 
[GC (Allocation Failure) [DefNew: 560259K->69248K(623616K), 0.1589094 secs] 1774856K->1325053K(2009472K), 0.1590518 secs] [Times: user=0.16 sys=0.00, real=0.16 secs] 
[GC (Allocation Failure) [DefNew: 623616K->5906K(623616K), 0.0666328 secs] 1879421K->1326295K(2009472K), 0.0666886 secs] [Times: user=0.06 sys=0.00, real=0.07 secs] 
[GC (Allocation Failure) [DefNew: 560274K->560274K(623616K), 0.0000199 secs][Tenured: 1320389K->854345K(1385856K), 2.4466600 secs] 1880663K->854345K(2009472K), [Metaspace: 10543K->10543K(12288K)], 2.4467614 secs] [Times: user=2.43 sys=0.00, real=2.45 secs] 

*** PauseDetector detected a 2453 ms pause at Sun Dec 21 23:54:21 EET 2014 ***

[GC (Allocation Failure) [DefNew: 554368K->5903K(623616K), 0.0120443 secs] 1408713K->860248K(2009472K), 0.0120828 secs] [Times: user=0.00 sys=0.00, real=0.01 secs] 
[GC (Allocation Failure) [DefNew: 560271K->69248K(623616K), 0.1473835 secs] 1414616K->963755K(2009472K), 0.1474277 secs] [Times: user=0.14 sys=0.00, real=0.15 secs] 
[GC (Allocation Failure) [DefNew: 623616K->5901K(623616K), 0.0460780 secs] 1518123K->964960K(2009472K), 0.0462127 secs] [Times: user=0.05 sys=0.00, real=0.05 secs] 
[GC (Allocation Failure) [DefNew: 560269K->69247K(623616K), 0.1451675 secs] 1519328K->1068311K(2009472K), 0.1452695 secs] [Times: user=0.14 sys=0.00, real=0.14 secs] 
[GC (Allocation Failure) [DefNew: 623615K->5901K(623616K), 0.0498851 secs] 1622679K->1069518K(2009472K), 0.0499281 secs] [Times: user=0.05 sys=0.00, real=0.05 secs] 
[GC (Allocation Failure) [DefNew: 560269K->69248K(623616K), 0.1302361 secs] 1623886K->1172708K(2009472K), 0.1303413 secs] [Times: user=0.13 sys=0.00, real=0.13 secs] 
[GC (Allocation Failure) [DefNew: 623616K->5854K(623616K), 0.0471321 secs] 1727076K->1173893K(2009472K), 0.0472347 secs] [Times: user=0.05 sys=0.00, real=0.05 secs] 
[GC (Allocation Failure) [DefNew: 560222K->69248K(623616K), 0.1306582 secs] 1728261K->1277041K(2009472K), 0.1307634 secs] [Times: user=0.13 sys=0.00, real=0.13 secs] 
[GC (Allocation Failure) [DefNew: 623616K->5903K(623616K), 0.0482613 secs] 1831409K->1278244K(2009472K), 0.0482998 secs] [Times: user=0.06 sys=0.00, real=0.05 secs] 
[GC (Allocation Failure) [DefNew: 560271K->69248K(623616K), 0.1202974 secs] 1832612K->1381243K(2009472K), 0.1203378 secs] [Times: user=0.13 sys=0.00, real=0.12 secs] 
[GC (Allocation Failure) [DefNew: 623616K->623616K(623616K), 0.0000199 secs][Tenured: 1311995K->849754K(1385856K), 2.4507642 secs] 1935611K->849754K(2009472K), [Metaspace: 10543K->10543K(12288K)], 2.4509156 secs] [Times: user=2.45 sys=0.00, real=2.45 secs] 

*** PauseDetector detected a 2455 ms pause at Sun Dec 21 23:54:41 EET 2014 ***

[GC (Allocation Failure) [DefNew: 554368K->69248K(623616K), 0.1537011 secs] 1404122K->958549K(2009472K), 0.1537883 secs] [Times: user=0.16 sys=0.00, real=0.15 secs] 
[GC (Allocation Failure) [DefNew: 623616K->5878K(623616K), 0.0455198 secs] 1512917K->959727K(2009472K), 0.0456302 secs] [Times: user=0.05 sys=0.00, real=0.05 secs] 
[GC (Allocation Failure) [DefNew: 560246K->69247K(623616K), 0.1254307 secs] 1514095K->1062559K(2009472K), 0.1254711 secs] [Times: user=0.12 sys=0.00, real=0.13 secs] 
[GC (Allocation Failure) [DefNew: 623615K->5872K(623616K), 0.0440891 secs] 1616927K->1063724K(2009472K), 0.0441308 secs] [Times: user=0.05 sys=0.00, real=0.04 secs] 
[GC (Allocation Failure) [DefNew: 560240K->69248K(623616K), 0.1338552 secs] 1618092K->1166481K(2009472K), 0.1339078 secs] [Times: user=0.13 sys=0.00, real=0.13 secs] 
[GC (Allocation Failure) [DefNew: 623616K->5912K(623616K), 0.0447063 secs] 1720849K->1167685K(2009472K), 0.0447499 secs] [Times: user=0.05 sys=0.00, real=0.05 secs] 
[GC (Allocation Failure) [DefNew: 560280K->69247K(623616K), 0.1106751 secs] 1722053K->1269834K(2009472K), 0.1107803 secs] [Times: user=0.11 sys=0.00, real=0.11 secs] 
[GC (Allocation Failure) [DefNew: 623615K->5900K(623616K), 0.0430517 secs] 1824202K->1271028K(2009472K), 0.0431601 secs] [Times: user=0.05 sys=0.00, real=0.04 secs] 
[GC (Allocation Failure) [DefNew: 560268K->69248K(623616K), 0.1202377 secs] 1825396K->1373140K(2009472K), 0.1202782 secs] [Times: user=0.13 sys=0.00, real=0.12 secs] 
[GC (Allocation Failure) [DefNew: 623616K->5914K(623616K), 0.0541009 secs] 1927508K->1374327K(2009472K), 0.0541452 secs] [Times: user=0.05 sys=0.00, real=0.05 secs] 
[GC (Allocation Failure) [DefNew: 560282K->560282K(623616K), 0.0000186 secs][Tenured: 1368412K->852067K(1385856K), 2.4078132 secs] 1928695K->852067K(2009472K), [Metaspace: 10543K->10543K(12288K)], 2.4078909 secs] [Times: user=2.40 sys=0.00, real=2.41 secs] 

*** PauseDetector detected a 2412 ms pause at Sun Dec 21 23:55:00 EET 2014 ***

[GC (Allocation Failure) [DefNew: 554368K->5875K(623616K), 0.0126108 secs] 1406435K->857942K(2009472K), 0.0126602 secs] [Times: user=0.02 sys=0.00, real=0.01 secs] 
[GC (Allocation Failure) [DefNew: 560243K->69247K(623616K), 0.1017289 secs] 1412310K->959881K(2009472K), 0.1017725 secs] [Times: user=0.09 sys=0.00, real=0.10 secs] 
[GC (Allocation Failure) [DefNew: 623615K->5913K(623616K), 0.0448224 secs] 1514249K->961128K(2009472K), 0.0448616 secs] [Times: user=0.03 sys=0.00, real=0.05 secs] 
[GC (Allocation Failure) [DefNew: 560281K->69248K(623616K), 0.4113881 secs] 1515496K->1087743K(2009472K), 0.4114330 secs] [Times: user=0.41 sys=0.00, real=0.41 secs] 

*** PauseDetector detected a 413 ms pause at Sun Dec 21 23:55:07 EET 2014 ***

[GC (Allocation Failure) [DefNew: 623616K->5896K(623616K), 0.1140324 secs] 1642111K->1089369K(2009472K), 0.1140773 secs] [Times: user=0.13 sys=0.00, real=0.11 secs] 
[GC (Allocation Failure) [DefNew: 560264K->69248K(623616K), 0.5237037 secs] 1643737K->1208438K(2009472K), 0.5237434 secs] [Times: user=0.53 sys=0.00, real=0.52 secs] 

*** PauseDetector detected a 527 ms pause at Sun Dec 21 23:55:11 EET 2014 ***

[GC (Allocation Failure) [DefNew: 623616K->5891K(623616K), 0.0843666 secs] 1762806K->1209921K(2009472K), 0.0844083 secs] [Times: user=0.09 sys=0.00, real=0.08 secs] 
[GC (Allocation Failure) [DefNew: 560259K->69248K(623616K), 0.4630613 secs] 1764289K->1326432K(2009472K), 0.4631004 secs] [Times: user=0.45 sys=0.00, real=0.46 secs] 

*** PauseDetector detected a 468 ms pause at Sun Dec 21 23:55:15 EET 2014 ***

[GC (Allocation Failure) [DefNew: 623616K->5904K(623616K), 0.0788041 secs] 1880800K->1327941K(2009472K), 0.0789068 secs] [Times: user=0.08 sys=0.00, real=0.08 secs] 
[GC (Allocation Failure) [DefNew: 560272K->560272K(623616K), 0.0000719 secs][Tenured: 1322037K->793037K(1385856K), 2.6763744 secs] 1882309K->793037K(2009472K), [Metaspace: 10543K->10543K(12288K)]
*** PauseDetector detected a 2681 ms pause at Sun Dec 21 23:55:20 EET 2014 ***

, 2.6765296 secs] [Times: user=2.65 sys=0.00, real=2.68 secs] 
[GC (Allocation Failure) [DefNew: 554368K->5895K(623616K), 0.0124466 secs] 1347405K->798933K(2009472K), 0.0124921 secs] [Times: user=0.00 sys=0.00, real=0.01 secs] 
[GC (Allocation Failure) [DefNew: 560263K->69247K(623616K), 0.2928473 secs] 1353301K->910169K(2009472K), 0.2929590 secs] [Times: user=0.30 sys=0.00, real=0.29 secs] 
[GC (Allocation Failure) [DefNew: 623615K->5915K(623616K), 0.0665218 secs] 1464537K->911564K(2009472K), 0.0665635 secs] [Times: user=0.06 sys=0.00, real=0.07 secs] 
[GC (Allocation Failure) [DefNew: 560283K->69247K(623616K), 0.2736116 secs] 1465932K->1020332K(2009472K), 0.2736514 secs] [Times: user=0.26 sys=0.00, real=0.27 secs] 
[GC (Allocation Failure) [DefNew: 623615K->5857K(623616K), 0.0701031 secs] 1574700K->1021577K(2009472K), 0.0701441 secs] [Times: user=0.06 sys=0.00, real=0.07 secs] 
[GC (Allocation Failure) [DefNew: 560225K->69248K(623616K), 0.2787763 secs] 1575945K->1129712K(2009472K), 0.2788173 secs] [Times: user=0.28 sys=0.00, real=0.28 secs] 
[GC (Allocation Failure) [DefNew: 623616K->5852K(623616K), 0.0614444 secs] 1684080K->1130946K(2009472K), 0.0614829 secs] [Times: user=0.06 sys=0.00, real=0.06 secs] 
[GC (Allocation Failure) [DefNew: 560220K->69248K(623616K), 0.2694195 secs] 1685314K->1238509K(2009472K), 0.2694593 secs] [Times: user=0.26 sys=0.00, real=0.27 secs] 
[GC (Allocation Failure) [DefNew: 623616K->5878K(623616K), 0.0627891 secs] 1792877K->1239760K(2009472K), 0.0628315 secs] [Times: user=0.06 sys=0.00, real=0.06 secs] 
[GC (Allocation Failure) [DefNew: 560246K->69247K(623616K), 0.2139104 secs] 1794128K->1346844K(2009472K), 0.2139521 secs] [Times: user=0.20 sys=0.00, real=0.21 secs] 
[GC (Allocation Failure) [DefNew: 623615K->5903K(623616K), 0.0567929 secs] 1901212K->1348116K(2009472K), 0.0568314 secs] [Times: user=0.06 sys=0.00, real=0.06 secs] 
[GC (Allocation Failure) [DefNew: 560271K->560271K(623616K), 0.0000205 secs][Tenured: 1342213K->855505K(1385856K), 2.7552568 secs] 1902484K->855505K(2009472K), [Metaspace: 10543K->10543K(12288K)], 2.7553369 secs] [Times: user=2.74 sys=0.00, real=2.76 secs] 

*** PauseDetector detected a 2758 ms pause at Sun Dec 21 23:55:43 EET 2014 ***

[GC (Allocation Failure) [DefNew: 554368K->5918K(623616K), 0.0120148 secs] 1409873K->861423K(2009472K), 0.0120533 secs] [Times: user=0.00 sys=0.00, real=0.01 secs] 
[GC (Allocation Failure) [DefNew: 560286K->69247K(623616K), 0.1772649 secs] 1415791K->966715K(2009472K), 0.1773021 secs] [Times: user=0.17 sys=0.00, real=0.18 secs] 
[GC (Allocation Failure) [DefNew: 623615K->5924K(623616K), 0.0563284 secs] 1521083K->967964K(2009472K), 0.0563778 secs] [Times: user=0.06 sys=0.00, real=0.06 secs] 
[GC (Allocation Failure) [DefNew: 560292K->69248K(623616K), 0.1629051 secs] 1522332K->1072981K(2009472K), 0.1629449 secs] [Times: user=0.14 sys=0.00, real=0.16 secs] 
[GC (Allocation Failure) [DefNew: 623616K->5905K(623616K), 0.0529063 secs] 1627349K->1074209K(2009472K), 0.0529557 secs] [Times: user=0.03 sys=0.00, real=0.05 secs] 
[GC (Allocation Failure) [DefNew: 560273K->69248K(623616K), 0.1969343 secs] 1628577K->1178988K(2009472K), 0.1969792 secs] [Times: user=0.19 sys=0.00, real=0.20 secs] 
[GC (Allocation Failure) [DefNew: 623616K->5923K(623616K), 0.0502444 secs] 1733356K->1180229K(2009472K), 0.0503618 secs] [Times: user=0.06 sys=0.00, real=0.05 secs] 
[GC (Allocation Failure) [DefNew: 560291K->69247K(623616K), 0.1565535 secs] 1734597K->1284780K(2009472K), 0.1565965 secs] [Times: user=0.16 sys=0.00, real=0.16 secs] 
[GC (Allocation Failure) [DefNew: 623615K->5877K(623616K), 0.0493090 secs] 1839148K->1285974K(2009472K), 0.0493500 secs] [Times: user=0.05 sys=0.00, real=0.05 secs] 
[GC (Allocation Failure) [DefNew: 560245K->69248K(623616K), 0.1506189 secs] 1840342K->1390391K(2009472K), 0.1506581 secs] [Times: user=0.16 sys=0.00, real=0.15 secs] 
[GC (Allocation Failure) [DefNew: 623616K->623616K(623616K), 0.0000302 secs][Tenured: 1321143K->855563K(1385856K), 2.5533143 secs] 1944759K->855563K(2009472K), [Metaspace: 10543K->10543K(12288K)], 2.5534106 secs] [Times: user=2.56 sys=0.00, real=2.55 secs] 

*** PauseDetector detected a 2555 ms pause at Sun Dec 21 23:56:03 EET 2014 ***

[GC (Allocation Failure) [DefNew: 554368K->69248K(623616K), 0.1614474 secs] 1409931K->964987K(2009472K), 0.1614936 secs] [Times: user=0.16 sys=0.00, real=0.16 secs] 
[GC (Allocation Failure) [DefNew: 623616K->5905K(623616K), 0.0526830 secs] 1519355K->966182K(2009472K), 0.0527234 secs] [Times: user=0.06 sys=0.00, real=0.05 secs] 
[GC (Allocation Failure) [DefNew: 560273K->69247K(623616K), 0.1388357 secs] 1520550K->1069550K(2009472K), 0.1388787 secs] [Times: user=0.14 sys=0.00, real=0.14 secs] 
[GC (Allocation Failure) [DefNew: 623615K->5917K(623616K), 0.0480784 secs] 1623918K->1070751K(2009472K), 0.0481240 secs] [Times: user=0.06 sys=0.00, real=0.05 secs] 
[GC (Allocation Failure) [DefNew: 560285K->69248K(623616K), 0.1325695 secs] 1625119K->1173972K(2009472K), 0.1326125 secs] [Times: user=0.12 sys=0.00, real=0.13 secs] 
[GC (Allocation Failure) [DefNew: 623616K->5922K(623616K), 0.0609317 secs] 1728340K->1175178K(2009472K), 0.0609735 secs] [Times: user=0.05 sys=0.00, real=0.06 secs] 
[GC (Allocation Failure) [DefNew: 560290K->69248K(623616K), 0.1442417 secs] 1729546K->1278270K(2009472K), 0.1442821 secs] [Times: user=0.14 sys=0.00, real=0.14 secs] 
[GC (Allocation Failure) [DefNew: 623616K->5900K(623616K), 0.0533746 secs] 1832638K->1279459K(2009472K), 0.0534157 secs] [Times: user=0.06 sys=0.00, real=0.05 secs] 
[GC (Allocation Failure) [DefNew: 560268K->69248K(623616K), 0.1333945 secs] 1833827K->1382456K(2009472K), 0.1334940 secs] [Times: user=0.13 sys=0.00, real=0.13 secs] 
[GC (Allocation Failure) [DefNew: 623616K->623616K(623616K), 0.0000192 secs][Tenured: 1313208K->854177K(1385856K), 2.6242444 secs] 1936824K->854177K(2009472K), [Metaspace: 10543K->10543K(12288K)], 2.6243246 secs] [Times: user=2.61 sys=0.00, real=2.62 secs] 

*** PauseDetector detected a 2628 ms pause at Sun Dec 21 23:56:21 EET 2014 ***

[GC (Allocation Failure) [DefNew: 554368K->69248K(623616K), 0.1199003 secs] 1408545K->962962K(2009472K), 0.1199420 secs] [Times: user=0.12 sys=0.00, real=0.12 secs] 
[GC (Allocation Failure) [DefNew: 623616K->5879K(623616K), 0.0455314 secs] 1517330K->964152K(2009472K), 0.0455776 secs] [Times: user=0.05 sys=0.00, real=0.05 secs] 
[GC (Allocation Failure) [DefNew: 560247K->69248K(623616K), 0.1327235 secs] 1518520K->1067002K(2009472K), 0.1328312 secs] [Times: user=0.14 sys=0.00, real=0.13 secs] 
[GC (Allocation Failure) [DefNew: 623616K->5899K(623616K), 0.0498010 secs] 1621370K->1068176K(2009472K), 0.0498440 secs] [Times: user=0.05 sys=0.00, real=0.05 secs] 
[GC (Allocation Failure) [DefNew: 560267K->69247K(623616K), 0.1168586 secs] 1622544K->1170895K(2009472K), 0.1170048 secs] [Times: user=0.11 sys=0.00, real=0.12 secs] 
[Full GC (System.gc()) [Tenured: 1101647K->783144K(1385856K), 2.5806037 secs] 1595338K->783144K(2009472K), [Metaspace: 10543K->10543K(12288K)], 2.5806564 secs] [Times: user=2.54 sys=0.00, real=2.58 secs] 
[Full GC (System.gc()) [Tenured: 783144K->783144K(1385856K), 2.1663420 secs] 794222K->783144K(2009472K), [Metaspace: 10543K->10543K(12288K)], 2.1663857 secs] [Times: user=2.17 sys=0.00, real=2.17 secs] 
[Full GC (System.gc()) [Tenured: 783144K->783145K(1385856K), 2.1397320 secs] 794221K->783145K(2009472K), [Metaspace: 10543K->10543K(12288K)], 2.1397712 secs] [Times: user=2.14 sys=0.00, real=2.14 secs] 

*** PauseDetector detected a 2584 ms pause at Sun Dec 21 23:56:33 EET 2014 ***

[Full GC (System.gc()) [Tenured: 783145K->783147K(1385856K), 2.2984297 secs] 794223K->783147K(2009472K), [Metaspace: 10543K->10543K(12288K)], 2.2984829 secs] [Times: user=2.26 sys=0.00, real=2.30 secs] 
[Full GC (System.gc()) [Tenured: 783147K->771873K(1385856K), 2.1654753 secs] 783149K->771873K(2009472K), [Metaspace: 10543K->10543K(12288K)], 2.1655176 secs] [Times: user=2.15 sys=0.00, real=2.17 secs] 
[Full GC (System.gc()) [Tenured: 771873K->771874K(1385856K), 2.1597787 secs] 771875K->771874K(2009472K), [Metaspace: 10543K->10543K(12288K)]
*** PauseDetector detected a 6608 ms pause at Sun Dec 21 23:56:39 EET 2014 ***

, 2.1598275 secs] [Times: user=2.15 sys=0.00, real=2.16 secs] 

*** PauseDetector detected a 4331 ms pause at Sun Dec 21 23:56:44 EET 2014 ***

[GC (Allocation Failure) [DefNew: 554368K->69247K(623616K), 0.1187666 secs] 1326242K->880000K(2009472K), 0.1188102 secs] [Times: user=0.12 sys=0.00, real=0.12 secs] 
[GC (Allocation Failure) [DefNew: 623615K->5954K(623616K), 0.0462993 secs] 1434368K->881182K(2009472K), 0.0463365 secs] [Times: user=0.05 sys=0.00, real=0.05 secs] 
[GC (Allocation Failure) [DefNew: 560322K->69248K(623616K), 0.1053910 secs] 1435550K->983285K(2009472K), 0.1054282 secs] [Times: user=0.11 sys=0.00, real=0.11 secs] 
[GC (Allocation Failure) [DefNew: 623616K->5954K(623616K), 0.0460664 secs] 1537653K->984466K(2009472K), 0.0461062 secs] [Times: user=0.05 sys=0.00, real=0.05 secs] 
[GC (Allocation Failure) [DefNew: 560322K->69247K(623616K), 0.1171152 secs] 1538834K->1086498K(2009472K), 0.1171537 secs] [Times: user=0.11 sys=0.00, real=0.12 secs] 
[GC (Allocation Failure) [DefNew: 623615K->5954K(623616K), 0.0430863 secs] 1640866K->1087678K(2009472K), 0.0431299 secs] [Times: user=0.03 sys=0.00, real=0.04 secs] 
[Full GC (System.gc()) [Tenured: 1081723K->848898K(1385856K), 2.2852402 secs] 1344227K->848898K(2009472K), [Metaspace: 10543K->10543K(12288K)], 2.2852876 secs] [Times: user=2.29 sys=0.00, real=2.28 secs] 
[Full GC (System.gc()) [Tenured: 848898K->848898K(1385856K), 2.3012924 secs] 848898K->848898K(2009472K), [Metaspace: 10543K->10543K(12288K)], 2.3013315 secs] [Times: user=2.26 sys=0.00, real=2.30 secs] 
[Full GC (System.gc()) [Tenured: 848898K->779615K(1385856K), 2.3218767 secs] 848900K->779615K(2009472K), [Metaspace: 10543K->10543K(12288K)], 2.3219191 secs] [Times: user=2.31 sys=0.00, real=2.32 secs] 

*** PauseDetector detected a 4589 ms pause at Sun Dec 21 23:56:58 EET 2014 ***

********************************
********** ROUND   11 **********
********************************

*** PauseDetector detected a 2327 ms pause at Sun Dec 21 23:57:01 EET 2014 ***

[GC (Allocation Failure) [DefNew: 554368K->5883K(623616K), 0.0115124 secs] 1333983K->785499K(2009472K), 0.0115529 secs] [Times: user=0.00 sys=0.00, real=0.01 secs] 
[GC (Allocation Failure) [DefNew: 560251K->69248K(623616K), 0.3442343 secs] 1339867K->912013K(2009472K), 0.3442748 secs] [Times: user=0.34 sys=0.00, real=0.34 secs] 
[GC (Allocation Failure) [DefNew: 623616K->5823K(623616K), 0.1072073 secs] 1466381K->913698K(2009472K), 0.1072516 secs] [Times: user=0.11 sys=0.00, real=0.11 secs] 
[GC (Allocation Failure) [DefNew: 560191K->69248K(623616K), 0.5232167 secs] 1468066K->1032792K(2009472K), 0.5232648 secs] [Times: user=0.53 sys=0.00, real=0.52 secs] 

*** PauseDetector detected a 528 ms pause at Sun Dec 21 23:57:08 EET 2014 ***

[GC (Allocation Failure) [DefNew: 623616K->5842K(623616K), 0.0873653 secs] 1587160K->1034272K(2009472K), 0.0874686 secs] [Times: user=0.09 sys=0.00, real=0.09 secs] 
[GC (Allocation Failure) [DefNew: 560210K->69248K(623616K), 0.4515860 secs] 1588640K->1150855K(2009472K), 0.4516348 secs] [Times: user=0.45 sys=0.00, real=0.45 secs] 

*** PauseDetector detected a 456 ms pause at Sun Dec 21 23:57:12 EET 2014 ***

[GC (Allocation Failure) [DefNew: 623616K->5885K(623616K), 0.0882347 secs] 1705223K->1152323K(2009472K), 0.0882731 secs] [Times: user=0.09 sys=0.00, real=0.09 secs] 
[GC (Allocation Failure) [DefNew: 560253K->69248K(623616K), 0.3371777 secs] 1706691K->1264796K(2009472K), 0.3372803 secs] [Times: user=0.33 sys=0.00, real=0.34 secs] 
[GC (Allocation Failure) [DefNew: 623616K->5893K(623616K), 0.0919571 secs] 1819164K->1266178K(2009472K), 0.0919962 secs] [Times: user=0.08 sys=0.00, real=0.09 secs] 
[GC (Allocation Failure) [DefNew: 560261K->69248K(623616K), 0.3347461 secs] 1820546K->1377427K(2009472K), 0.3347923 secs] [Times: user=0.33 sys=0.00, real=0.34 secs] 
[GC (Allocation Failure) [DefNew: 623616K->623616K(623616K), 0.0000199 secs][Tenured: 1308179K->862424K(1385856K), 2.7117047 secs] 1931795K->862424K(2009472K), [Metaspace: 10543K->10543K(12288K)], 2.7117868 secs] [Times: user=2.70 sys=0.00, real=2.71 secs] 

*** PauseDetector detected a 2712 ms pause at Sun Dec 21 23:57:23 EET 2014 ***

[GC (Allocation Failure) [DefNew: 554368K->69248K(623616K), 0.2889350 secs] 1416792K->977091K(2009472K), 0.2890402 secs] [Times: user=0.28 sys=0.00, real=0.29 secs] 
[GC (Allocation Failure) [DefNew: 623616K->5872K(623616K), 0.0692010 secs] 1531459K->978367K(2009472K), 0.0692408 secs] [Times: user=0.08 sys=0.00, real=0.07 secs] 
[GC (Allocation Failure) [DefNew: 560240K->69247K(623616K), 0.2357913 secs] 1532735K->1086423K(2009472K), 0.2358350 secs] [Times: user=0.23 sys=0.00, real=0.24 secs] 
[GC (Allocation Failure) [DefNew: 623615K->5896K(623616K), 0.0663466 secs] 1640791K->1087764K(2009472K), 0.0663877 secs] [Times: user=0.06 sys=0.00, real=0.07 secs] 
[GC (Allocation Failure) [DefNew: 560264K->69248K(623616K), 0.2228283 secs] 1642132K->1195269K(2009472K), 0.2229322 secs] [Times: user=0.22 sys=0.00, real=0.22 secs] 
[GC (Allocation Failure) [DefNew: 623616K->5836K(623616K), 0.0596095 secs] 1749637K->1196492K(2009472K), 0.0597172 secs] [Times: user=0.05 sys=0.00, real=0.06 secs] 
[GC (Allocation Failure) [DefNew: 560204K->69247K(623616K), 0.2311303 secs] 1750860K->1303599K(2009472K), 0.2312522 secs] [Times: user=0.23 sys=0.00, real=0.23 secs] 
[GC (Allocation Failure) [DefNew: 623615K->5854K(623616K), 0.0627371 secs] 1857967K->1304842K(2009472K), 0.0627763 secs] [Times: user=0.06 sys=0.00, real=0.06 secs] 
[GC (Allocation Failure) [DefNew: 560222K->69247K(623616K), 0.2077731 secs] 1859210K->1410435K(2009472K), 0.2078096 secs] [Times: user=0.20 sys=0.00, real=0.21 secs] 
[GC (Allocation Failure) [DefNew: 623615K->623615K(623616K), 0.0000192 secs][Tenured: 1341187K->856735K(1385856K), 2.5665256 secs] 1964803K->856735K(2009472K), [Metaspace: 10543K->10543K(12288K)], 2.5666065 secs] [Times: user=2.57 sys=0.00, real=2.57 secs] 

*** PauseDetector detected a 2569 ms pause at Sun Dec 21 23:57:42 EET 2014 ***

[GC (Allocation Failure) [DefNew: 554368K->69248K(623616K), 0.2030581 secs] 1411103K->967932K(2009472K), 0.2031056 secs] [Times: user=0.20 sys=0.00, real=0.20 secs] 
[GC (Allocation Failure) [DefNew: 623616K->5902K(623616K), 0.0492172 secs] 1522300K->969172K(2009472K), 0.0492576 secs] [Times: user=0.05 sys=0.00, real=0.05 secs] 
[GC (Allocation Failure) [DefNew: 560270K->69248K(623616K), 0.1531512 secs] 1523540K->1074169K(2009472K), 0.1531872 secs] [Times: user=0.14 sys=0.00, real=0.15 secs] 
[GC (Allocation Failure) [DefNew: 623616K->5899K(623616K), 0.0482927 secs] 1628537K->1075409K(2009472K), 0.0483338 secs] [Times: user=0.05 sys=0.00, real=0.05 secs] 
[GC (Allocation Failure) [DefNew: 560267K->69248K(623616K), 0.1708850 secs] 1629777K->1180139K(2009472K), 0.1709299 secs] [Times: user=0.17 sys=0.00, real=0.17 secs] 
[GC (Allocation Failure) [DefNew: 623616K->5870K(623616K), 0.0501302 secs] 1734507K->1181406K(2009472K), 0.0501687 secs] [Times: user=0.05 sys=0.00, real=0.05 secs] 
[GC (Allocation Failure) [DefNew: 560238K->69248K(623616K), 0.1412128 secs] 1735774K->1285943K(2009472K), 0.1412571 secs] [Times: user=0.14 sys=0.00, real=0.14 secs] 
[GC (Allocation Failure) [DefNew: 623616K->5903K(623616K), 0.0508019 secs] 1840311K->1287230K(2009472K), 0.0508430 secs] [Times: user=0.06 sys=0.00, real=0.05 secs] 
[GC (Allocation Failure) [DefNew: 560271K->69247K(623616K), 0.1665384 secs] 1841598K->1391572K(2009472K), 0.1665801 secs] [Times: user=0.16 sys=0.00, real=0.17 secs] 
[GC (Allocation Failure) [DefNew: 623615K->623615K(623616K), 0.0000192 secs][Tenured: 1322324K->855542K(1385856K), 2.4284425 secs] 1945940K->855542K(2009472K), [Metaspace: 10543K->10543K(12288K)], 2.4285201 secs] [Times: user=2.42 sys=0.00, real=2.43 secs] 

*** PauseDetector detected a 2433 ms pause at Sun Dec 21 23:58:00 EET 2014 ***

[GC (Allocation Failure) [DefNew: 554368K->69248K(623616K), 0.1512336 secs] 1409910K->964930K(2009472K), 0.1512746 secs] [Times: user=0.13 sys=0.00, real=0.15 secs] 
[GC (Allocation Failure) [DefNew: 623616K->5911K(623616K), 0.0480829 secs] 1519298K->966166K(2009472K), 0.0481830 secs] [Times: user=0.05 sys=0.00, real=0.05 secs] 
[GC (Allocation Failure) [DefNew: 560279K->69248K(623616K), 0.1253832 secs] 1520534K->1069511K(2009472K), 0.1254230 secs] [Times: user=0.13 sys=0.00, real=0.13 secs] 
[GC (Allocation Failure) [DefNew: 623616K->5870K(623616K), 0.0478840 secs] 1623879K->1070683K(2009472K), 0.0479225 secs] [Times: user=0.05 sys=0.00, real=0.05 secs] 
[GC (Allocation Failure) [DefNew: 560238K->69248K(623616K), 0.1265130 secs] 1625051K->1173933K(2009472K), 0.1266144 secs] [Times: user=0.13 sys=0.00, real=0.13 secs] 
[GC (Allocation Failure) [DefNew: 623616K->5916K(623616K), 0.0558704 secs] 1728301K->1175152K(2009472K), 0.0559165 secs] [Times: user=0.05 sys=0.00, real=0.06 secs] 
[GC (Allocation Failure) [DefNew: 560284K->69247K(623616K), 0.1295829 secs] 1729520K->1278233K(2009472K), 0.1296189 secs] [Times: user=0.14 sys=0.00, real=0.13 secs] 
[GC (Allocation Failure) [DefNew: 623615K->5850K(623616K), 0.0518554 secs] 1832601K->1279389K(2009472K), 0.0518964 secs] [Times: user=0.05 sys=0.00, real=0.05 secs] 
[GC (Allocation Failure) [DefNew: 560218K->69248K(623616K), 0.1264989 secs] 1833757K->1382432K(2009472K), 0.1266381 secs] [Times: user=0.14 sys=0.00, real=0.13 secs] 
[GC (Allocation Failure) [DefNew: 623616K->623616K(623616K), 0.0000192 secs][Tenured: 1313184K->784883K(1385856K), 2.4422838 secs] 1936800K->784883K(2009472K), [Metaspace: 10543K->10543K(12288K)], 2.4423801 secs] [Times: user=2.45 sys=0.00, real=2.44 secs] 

*** PauseDetector detected a 2444 ms pause at Sun Dec 21 23:58:18 EET 2014 ***

[GC (Allocation Failure) [DefNew: 554368K->69247K(623616K), 0.1280996 secs] 1339251K->893684K(2009472K), 0.1281407 secs] [Times: user=0.13 sys=0.00, real=0.13 secs] 
[GC (Allocation Failure) [DefNew: 623615K->5910K(623616K), 0.0481772 secs] 1448052K->894888K(2009472K), 0.0482170 secs] [Times: user=0.05 sys=0.00, real=0.05 secs] 
[GC (Allocation Failure) [DefNew: 560278K->69247K(623616K), 0.1190694 secs] 1449256K->997696K(2009472K), 0.1191176 secs] [Times: user=0.13 sys=0.00, real=0.12 secs] 
[GC (Allocation Failure) [DefNew: 623615K->5882K(623616K), 0.0443213 secs] 1552064K->998864K(2009472K), 0.0443669 secs] [Times: user=0.05 sys=0.00, real=0.04 secs] 
[GC (Allocation Failure) [DefNew: 560250K->69248K(623616K), 0.1083577 secs] 1553232K->1101597K(2009472K), 0.1083955 secs] [Times: user=0.11 sys=0.00, real=0.11 secs] 
[GC (Allocation Failure) [DefNew: 623616K->5912K(623616K), 0.0451432 secs] 1655965K->1102814K(2009472K), 0.0452471 secs] [Times: user=0.05 sys=0.00, real=0.05 secs] 
[GC (Allocation Failure) [DefNew: 560280K->69247K(623616K), 0.1083731 secs] 1657182K->1204967K(2009472K), 0.1084173 secs] [Times: user=0.11 sys=0.00, real=0.11 secs] 
[GC (Allocation Failure) [DefNew: 623615K->5871K(623616K), 0.0476036 secs] 1759335K->1206129K(2009472K), 0.0476434 secs] [Times: user=0.05 sys=0.00, real=0.05 secs] 
[GC (Allocation Failure) [DefNew: 560239K->69248K(623616K), 0.1137995 secs] 1760497K->1308205K(2009472K), 0.1138393 secs] [Times: user=0.11 sys=0.00, real=0.11 secs] 
[GC (Allocation Failure) [DefNew: 623616K->5911K(623616K), 0.0475863 secs] 1862573K->1309454K(2009472K), 0.0477198 secs] [Times: user=0.06 sys=0.00, real=0.05 secs] 
[GC (Allocation Failure) [DefNew: 560279K->560279K(623616K), 0.0000199 secs][Tenured: 1303543K->851998K(1385856K), 2.4130549 secs] 1863822K->851998K(2009472K), [Metaspace: 10543K->10543K(12288K)], 2.4131325 secs] [Times: user=2.40 sys=0.00, real=2.41 secs] 

*** PauseDetector detected a 2415 ms pause at Sun Dec 21 23:58:37 EET 2014 ***

[GC (Allocation Failure) [DefNew: 554368K->5842K(623616K), 0.0146420 secs] 1406366K->857840K(2009472K), 0.0146870 secs] [Times: user=0.00 sys=0.00, real=0.01 secs] 
[GC (Allocation Failure) [DefNew: 560210K->69248K(623616K), 0.1131592 secs] 1412208K->959868K(2009472K), 0.1132099 secs] [Times: user=0.11 sys=0.00, real=0.11 secs] 
[GC (Allocation Failure) [DefNew: 623616K->5837K(623616K), 0.0432884 secs] 1514236K->960984K(2009472K), 0.0433275 secs] [Times: user=0.03 sys=0.00, real=0.04 secs] 
[GC (Allocation Failure) [DefNew: 560205K->69248K(623616K), 0.3466223 secs] 1515352K->1087674K(2009472K), 0.3466672 secs] [Times: user=0.34 sys=0.00, real=0.35 secs] 
[GC (Allocation Failure) [DefNew: 623616K->5877K(623616K), 0.0951419 secs] 1642042K->1089282K(2009472K), 0.0952330 secs] [Times: user=0.09 sys=0.00, real=0.10 secs] 
[GC (Allocation Failure) [DefNew: 560245K->69248K(623616K), 0.5297646 secs] 1643650K->1208352K(2009472K), 0.5298057 secs] [Times: user=0.53 sys=0.00, real=0.53 secs] 

*** PauseDetector detected a 533 ms pause at Sun Dec 21 23:58:48 EET 2014 ***

[GC (Allocation Failure) [DefNew: 623616K->5841K(623616K), 0.0891810 secs] 1762720K->1209803K(2009472K), 0.0892208 secs] [Times: user=0.08 sys=0.00, real=0.09 secs] 
[GC (Allocation Failure) [DefNew: 560209K->69248K(623616K), 0.3803884 secs] 1764171K->1326410K(2009472K), 0.3804314 secs] [Times: user=0.37 sys=0.00, real=0.38 secs] 

*** PauseDetector detected a 383 ms pause at Sun Dec 21 23:58:51 EET 2014 ***

[GC (Allocation Failure) [DefNew: 623616K->5891K(623616K), 0.0747346 secs] 1880778K->1327860K(2009472K), 0.0747750 secs] [Times: user=0.08 sys=0.00, real=0.07 secs] 
[GC (Allocation Failure) [DefNew: 560259K->560259K(623616K), 0.0000205 secs][Tenured: 1321969K->862300K(1385856K), 2.6267382 secs] 1882228K->862300K(2009472K), [Metaspace: 10543K->10543K(12288K)], 2.6268928 secs] [Times: user=2.59 sys=0.00, real=2.63 secs] 

*** PauseDetector detected a 2630 ms pause at Sun Dec 21 23:58:57 EET 2014 ***

[GC (Allocation Failure) [DefNew: 554368K->5895K(623616K), 0.0126082 secs] 1416668K->868195K(2009472K), 0.0126480 secs] [Times: user=0.00 sys=0.00, real=0.01 secs] 
[GC (Allocation Failure) [DefNew: 560263K->69247K(623616K), 0.3511531 secs] 1422563K->979388K(2009472K), 0.3511935 secs] [Times: user=0.36 sys=0.00, real=0.35 secs] 

*** PauseDetector detected a 353 ms pause at Sun Dec 21 23:59:01 EET 2014 ***

[GC (Allocation Failure) [DefNew: 623615K->5850K(623616K), 0.0697521 secs] 1533756K->980759K(2009472K), 0.0697919 secs] [Times: user=0.06 sys=0.00, real=0.07 secs] 
[GC (Allocation Failure) [DefNew: 560218K->69247K(623616K), 0.2542135 secs] 1535127K->1089597K(2009472K), 0.2543207 secs] [Times: user=0.27 sys=0.00, real=0.25 secs] 
[GC (Allocation Failure) [DefNew: 623615K->5853K(623616K), 0.0718186 secs] 1643965K->1090834K(2009472K), 0.0718693 secs] [Times: user=0.06 sys=0.00, real=0.07 secs] 
[GC (Allocation Failure) [DefNew: 560221K->69247K(623616K), 0.2826899 secs] 1645202K->1198980K(2009472K), 0.2827290 secs] [Times: user=0.28 sys=0.00, real=0.28 secs] 
[GC (Allocation Failure) [DefNew: 623615K->5848K(623616K), 0.0616728 secs] 1753348K->1200202K(2009472K), 0.0617138 secs] [Times: user=0.06 sys=0.00, real=0.06 secs] 
[GC (Allocation Failure) [DefNew: 560216K->69248K(623616K), 0.2498072 secs] 1754570K->1307758K(2009472K), 0.2498508 secs] [Times: user=0.25 sys=0.00, real=0.25 secs] 
[GC (Allocation Failure) [DefNew: 623616K->5919K(623616K), 0.0559647 secs] 1862126K->1309060K(2009472K), 0.0560019 secs] [Times: user=0.05 sys=0.00, real=0.06 secs] 
[GC (Allocation Failure) [DefNew: 560287K->560287K(623616K), 0.0000212 secs][Tenured: 1303141K->856966K(1385856K), 2.6502507 secs] 1863428K->856966K(2009472K), [Metaspace: 10543K->10543K(12288K)], 2.6503456 secs] [Times: user=2.64 sys=0.00, real=2.65 secs] 

*** PauseDetector detected a 2655 ms pause at Sun Dec 21 23:59:16 EET 2014 ***

[GC (Allocation Failure) [DefNew: 554368K->5885K(623616K), 0.0115086 secs] 1411334K->862852K(2009472K), 0.0116106 secs] [Times: user=0.02 sys=0.00, real=0.01 secs] 
[GC (Allocation Failure) [DefNew: 560253K->69248K(623616K), 0.2168969 secs] 1417220K->968492K(2009472K), 0.2169457 secs] [Times: user=0.22 sys=0.00, real=0.22 secs] 
[GC (Allocation Failure) [DefNew: 623616K->5850K(623616K), 0.0544833 secs] 1522860K->969673K(2009472K), 0.0545891 secs] [Times: user=0.05 sys=0.00, real=0.05 secs] 
[GC (Allocation Failure) [DefNew: 560218K->69248K(623616K), 0.1720328 secs] 1524041K->1075034K(2009472K), 0.1720790 secs] [Times: user=0.17 sys=0.00, real=0.17 secs] 
[GC (Allocation Failure) [DefNew: 623616K->5864K(623616K), 0.0539726 secs] 1629402K->1076222K(2009472K), 0.0540175 secs] [Times: user=0.06 sys=0.00, real=0.05 secs] 
[GC (Allocation Failure) [DefNew: 560232K->69247K(623616K), 0.1775407 secs] 1630590K->1181279K(2009472K), 0.1775799 secs] [Times: user=0.17 sys=0.00, real=0.18 secs] 
[GC (Allocation Failure) [DefNew: 623615K->5874K(623616K), 0.0565754 secs] 1735647K->1182472K(2009472K), 0.0566223 secs] [Times: user=0.05 sys=0.00, real=0.06 secs] 
[GC (Allocation Failure) [DefNew: 560242K->69248K(623616K), 0.1545082 secs] 1736840K->1287288K(2009472K), 0.1546192 secs] [Times: user=0.14 sys=0.00, real=0.15 secs] 
[GC (Allocation Failure) [DefNew: 623616K->5921K(623616K), 0.0522743 secs] 1841656K->1288543K(2009472K), 0.0523147 secs] [Times: user=0.05 sys=0.00, real=0.05 secs] 
[GC (Allocation Failure) [DefNew: 560289K->69247K(623616K), 0.1848438 secs] 1842911K->1393055K(2009472K), 0.1848829 secs] [Times: user=0.17 sys=0.00, real=0.18 secs] 
[GC (Allocation Failure) [DefNew: 623615K->623615K(623616K), 0.0000199 secs][Tenured: 1323807K->786436K(1385856K), 2.5315386 secs] 1947423K->786436K(2009472K), [Metaspace: 10543K->10543K(12288K)], 2.5316342 secs] [Times: user=2.54 sys=0.00, real=2.53 secs] 

*** PauseDetector detected a 2536 ms pause at Sun Dec 21 23:59:36 EET 2014 ***

[GC (Allocation Failure) [DefNew: 554368K->69248K(623616K), 0.1402074 secs] 1340804K->896718K(2009472K), 0.1402466 secs] [Times: user=0.14 sys=0.00, real=0.14 secs] 
[GC (Allocation Failure) [DefNew: 623616K->5868K(623616K), 0.0603274 secs] 1451086K->897919K(2009472K), 0.0603761 secs] [Times: user=0.06 sys=0.00, real=0.06 secs] 
[GC (Allocation Failure) [DefNew: 560236K->69248K(623616K), 0.1331719 secs] 1452287K->1001477K(2009472K), 0.1332162 secs] [Times: user=0.12 sys=0.00, real=0.13 secs] 
[GC (Allocation Failure) [DefNew: 623616K->5920K(623616K), 0.0538571 secs] 1555845K->1002685K(2009472K), 0.0539039 secs] [Times: user=0.06 sys=0.00, real=0.05 secs] 
[GC (Allocation Failure) [DefNew: 560288K->69248K(623616K), 0.1335241 secs] 1557053K->1105962K(2009472K), 0.1335678 secs] [Times: user=0.13 sys=0.00, real=0.13 secs] 
[GC (Allocation Failure) [DefNew: 623616K->5870K(623616K), 0.0519709 secs] 1660330K->1107193K(2009472K), 0.0520171 secs] [Times: user=0.05 sys=0.00, real=0.05 secs] 
[Full GC (System.gc()) [Tenured: 1101322K->852681K(1385856K), 2.4082136 secs] 1608765K->852681K(2009472K), [Metaspace: 10543K->10543K(12288K)], 2.4082630 secs] [Times: user=2.39 sys=0.02, real=2.41 secs] 
[Full GC (System.gc()) [Tenured: 852681K->852603K(1385856K), 2.3315761 secs] 863738K->852603K(2009472K), [Metaspace: 10543K->10543K(12288K)], 2.3316415 secs] [Times: user=2.34 sys=0.00, real=2.33 secs] 
[Full GC (System.gc()) [Tenured: 852603K->848603K(1385856K), 2.2943050 secs] 863658K->848603K(2009472K), [Metaspace: 10543K->10543K(12288K)], 2.2943486 secs] [Times: user=2.28 sys=0.00, real=2.29 secs] 

*** PauseDetector detected a 2410 ms pause at Sun Dec 21 23:59:49 EET 2014 ***

[Full GC (System.gc()) [Tenured: 848603K->779394K(1385856K), 2.2303533 secs] 859660K->779394K(2009472K), [Metaspace: 10543K->10543K(12288K)], 2.2304021 secs] [Times: user=2.23 sys=0.00, real=2.23 secs] 
[Full GC (System.gc()) [Tenured: 779394K->779394K(1385856K), 2.3455675 secs] 779394K->779394K(2009472K), [Metaspace: 10543K->10543K(12288K)], 2.3456195 secs] [Times: user=2.33 sys=0.00, real=2.35 secs] 
[Full GC (System.gc()) [Tenured: 779394K->779394K(1385856K), 2.2372067 secs] 790451K->779394K(2009472K), [Metaspace: 10543K->10543K(12288K)], 2.2372490 secs] [Times: user=2.25 sys=0.00, real=2.24 secs] 

*** PauseDetector detected a 9206 ms pause at Sun Dec 21 23:59:59 EET 2014 ***


*** PauseDetector detected a 2243 ms pause at Mon Dec 22 00:00:01 EET 2014 ***

[GC (Allocation Failure) [DefNew: 554368K->69248K(623616K), 0.1307378 secs] 1333762K->888450K(2009472K), 0.1307737 secs] [Times: user=0.13 sys=0.00, real=0.13 secs] 
[GC (Allocation Failure) [DefNew: 623616K->5954K(623616K), 0.0475773 secs] 1442818K->889652K(2009472K), 0.0476101 secs] [Times: user=0.05 sys=0.00, real=0.05 secs] 
[GC (Allocation Failure) [DefNew: 560322K->69247K(623616K), 0.1481123 secs] 1444020K->992645K(2009472K), 0.1481598 secs] [Times: user=0.16 sys=0.00, real=0.15 secs] 
[GC (Allocation Failure) [DefNew: 623615K->5954K(623616K), 0.0485089 secs] 1547013K->993845K(2009472K), 0.0485493 secs] [Times: user=0.05 sys=0.00, real=0.05 secs] 
[GC (Allocation Failure) [DefNew: 560322K->69247K(623616K), 0.1312664 secs] 1548213K->1096741K(2009472K), 0.1313094 secs] [Times: user=0.13 sys=0.00, real=0.13 secs] 
[GC (Allocation Failure) [DefNew: 623615K->5954K(623616K), 0.0441558 secs] 1651109K->1097941K(2009472K), 0.0442014 secs] [Times: user=0.05 sys=0.00, real=0.04 secs] 
[Full GC (System.gc()) [Tenured: 1091986K->849258K(1385856K), 2.4361889 secs] 1309473K->849258K(2009472K), [Metaspace: 10543K->10543K(12288K)], 2.4362415 secs] [Times: user=2.42 sys=0.00, real=2.44 secs] 
[Full GC (System.gc()) [Tenured: 849258K->779893K(1385856K), 2.2573111 secs] 849260K->779893K(2009472K), [Metaspace: 10543K->10543K(12288K)], 2.2573566 secs] [Times: user=2.26 sys=0.00, real=2.26 secs] 
[Full GC (System.gc()) [Tenured: 779893K->780054K(1385856K), 2.2474327 secs] 791026K->780054K(2009472K), [Metaspace: 10543K->10543K(12288K)], 2.2474892 secs] [Times: user=2.23 sys=0.00, real=2.25 secs] 

*** PauseDetector detected a 2436 ms pause at Mon Dec 22 00:00:13 EET 2014 ***

********************************
********** ROUND   12 **********
********************************

*** PauseDetector detected a 4512 ms pause at Mon Dec 22 00:00:18 EET 2014 ***

[GC (Allocation Failure) [DefNew: 554368K->69247K(623616K), 0.1246306 secs] 1334422K->888655K(2009472K), 0.1246730 secs] [Times: user=0.12 sys=0.00, real=0.13 secs] 
[GC (Allocation Failure) [DefNew: 623615K->5886K(623616K), 0.0468941 secs] 1443023K->889861K(2009472K), 0.0470455 secs] [Times: user=0.05 sys=0.00, real=0.05 secs] 
[GC (Allocation Failure) [DefNew: 560254K->69248K(623616K), 0.1301110 secs] 1444229K->992027K(2009472K), 0.1302149 secs] [Times: user=0.13 sys=0.00, real=0.13 secs] 
[GC (Allocation Failure) [DefNew: 623616K->5891K(623616K), 0.0481785 secs] 1546395K->993221K(2009472K), 0.0482202 secs] [Times: user=0.05 sys=0.00, real=0.05 secs] 
[GC (Allocation Failure) [DefNew: 560259K->69247K(623616K), 0.1210968 secs] 1547589K->1095326K(2009472K), 0.1211430 secs] [Times: user=0.13 sys=0.00, real=0.12 secs] 
[GC (Allocation Failure) [DefNew: 623615K->5875K(623616K), 0.0487097 secs] 1649694K->1096490K(2009472K), 0.0487514 secs] [Times: user=0.05 sys=0.00, real=0.05 secs] 
[GC (Allocation Failure) [DefNew: 560243K->69248K(623616K), 0.1305735 secs] 1650858K->1198532K(2009472K), 0.1306120 secs] [Times: user=0.12 sys=0.00, real=0.13 secs] 
[GC (Allocation Failure) [DefNew: 623616K->5892K(623616K), 0.0533451 secs] 1752900K->1199718K(2009472K), 0.0534497 secs] [Times: user=0.05 sys=0.00, real=0.05 secs] 
[GC (Allocation Failure) [DefNew: 560260K->69247K(623616K), 0.1191612 secs] 1754086K->1301692K(2009472K), 0.1191984 secs] [Times: user=0.13 sys=0.00, real=0.12 secs] 
[GC (Allocation Failure) [DefNew: 623615K->5890K(623616K), 0.0502829 secs] 1856060K->1302864K(2009472K), 0.0503233 secs] [Times: user=0.05 sys=0.00, real=0.05 secs] 
[GC (Allocation Failure) [DefNew: 560258K->69247K(623616K), 0.3474923 secs] 1857232K->1429478K(2009472K), 0.3475320 secs] [Times: user=0.34 sys=0.00, real=0.35 secs] 
[GC (Allocation Failure) [DefNew: 623615K->623615K(623616K), 0.0000295 secs][Tenured: 1360230K->876958K(1385856K), 2.7231420 secs] 1983846K->876958K(2009472K), [Metaspace: 10543K->10543K(12288K)]
*** PauseDetector detected a 2724 ms pause at Mon Dec 22 00:00:39 EET 2014 ***

, 2.7232479 secs] [Times: user=2.70 sys=0.00, real=2.72 secs] 
[GC (Allocation Failure) [DefNew: 554368K->69247K(623616K), 0.5229896 secs] 1431326K->1001895K(2009472K), 0.5230903 secs] [Times: user=0.53 sys=0.00, real=0.52 secs] 

*** PauseDetector detected a 527 ms pause at Mon Dec 22 00:00:42 EET 2014 ***

[GC (Allocation Failure) [DefNew: 623615K->5894K(623616K), 0.0948352 secs] 1556263K->1003410K(2009472K), 0.0948788 secs] [Times: user=0.09 sys=0.00, real=0.10 secs] 
[GC (Allocation Failure) [DefNew: 560262K->69248K(623616K), 0.4037392 secs] 1557778K->1119945K(2009472K), 0.4038419 secs] [Times: user=0.41 sys=0.00, real=0.40 secs] 

*** PauseDetector detected a 407 ms pause at Mon Dec 22 00:00:46 EET 2014 ***

[GC (Allocation Failure) [DefNew: 623616K->5890K(623616K), 0.0753146 secs] 1674313K->1121413K(2009472K), 0.0754256 secs] [Times: user=0.08 sys=0.00, real=0.08 secs] 
[GC (Allocation Failure) [DefNew: 560258K->69248K(623616K), 0.3413729 secs] 1675781K->1233884K(2009472K), 0.3414833 secs] [Times: user=0.34 sys=0.00, real=0.34 secs] 
[GC (Allocation Failure) [DefNew: 623616K->5906K(623616K), 0.0948718 secs] 1788252K->1235276K(2009472K), 0.0949167 secs] [Times: user=0.09 sys=0.00, real=0.10 secs] 
[GC (Allocation Failure) [DefNew: 560274K->69247K(623616K), 0.3438757 secs] 1789644K->1346511K(2009472K), 0.3439136 secs] [Times: user=0.34 sys=0.00, real=0.34 secs] 
[GC (Allocation Failure) [DefNew: 623615K->5891K(623616K), 0.0662972 secs] 1900879K->1347870K(2009472K), 0.0663896 secs] [Times: user=0.08 sys=0.00, real=0.07 secs] 
[GC (Allocation Failure) [DefNew: 560259K->560259K(623616K), 0.0000808 secs][Tenured: 1341978K->858630K(1385856K), 2.7650536 secs] 1902238K->858630K(2009472K), [Metaspace: 10543K->10543K(12288K)]
*** PauseDetector detected a 2769 ms pause at Mon Dec 22 00:00:59 EET 2014 ***

, 2.7651999 secs] [Times: user=2.73 sys=0.00, real=2.76 secs] 
[GC (Allocation Failure) [DefNew: 554368K->5902K(623616K), 0.0120167 secs] 1412998K->864532K(2009472K), 0.0121174 secs] [Times: user=0.02 sys=0.00, real=0.01 secs] 
[GC (Allocation Failure) [DefNew: 560270K->69247K(623616K), 0.2415437 secs] 1418900K->972608K(2009472K), 0.2415790 secs] [Times: user=0.25 sys=0.00, real=0.24 secs] 
[GC (Allocation Failure) [DefNew: 623615K->5881K(623616K), 0.0666443 secs] 1526976K->973885K(2009472K), 0.0666822 secs] [Times: user=0.06 sys=0.00, real=0.07 secs] 
[GC (Allocation Failure) [DefNew: 560249K->69248K(623616K), 0.2133606 secs] 1528253K->1081403K(2009472K), 0.2134029 secs] [Times: user=0.22 sys=0.00, real=0.21 secs] 
[GC (Allocation Failure) [DefNew: 623616K->5874K(623616K), 0.0642551 secs] 1635771K->1082666K(2009472K), 0.0642955 secs] [Times: user=0.06 sys=0.00, real=0.07 secs] 
[GC (Allocation Failure) [DefNew: 560242K->69247K(623616K), 0.2083877 secs] 1637034K->1189743K(2009472K), 0.2084288 secs] [Times: user=0.20 sys=0.00, real=0.21 secs] 
[GC (Allocation Failure) [DefNew: 623615K->5871K(623616K), 0.0695532 secs] 1744111K->1190995K(2009472K), 0.0695962 secs] [Times: user=0.06 sys=0.00, real=0.07 secs] 
[GC (Allocation Failure) [DefNew: 560239K->69248K(623616K), 0.2161501 secs] 1745363K->1296638K(2009472K), 0.2162072 secs] [Times: user=0.22 sys=0.00, real=0.22 secs] 
[GC (Allocation Failure) [DefNew: 623616K->5905K(623616K), 0.0546533 secs] 1851006K->1297885K(2009472K), 0.0546924 secs] [Times: user=0.05 sys=0.00, real=0.06 secs] 
[GC (Allocation Failure) [DefNew: 560273K->69248K(623616K), 0.1806242 secs] 1852253K->1403176K(2009472K), 0.1807249 secs] [Times: user=0.19 sys=0.00, real=0.18 secs] 
[GC (Allocation Failure) [DefNew: 623616K->623616K(623616K), 0.0000192 secs][Tenured: 1333928K->787150K(1385856K), 2.6355733 secs] 1957544K->787150K(2009472K), [Metaspace: 10543K->10543K(12288K)], 2.6357613 secs] [Times: user=2.64 sys=0.00, real=2.64 secs] 

*** PauseDetector detected a 2675 ms pause at Mon Dec 22 00:01:19 EET 2014 ***

[GC (Allocation Failure) [DefNew: 554368K->69248K(623616K), 0.1733358 secs] 1341518K->898059K(2009472K), 0.1733750 secs] [Times: user=0.17 sys=0.00, real=0.17 secs] 
[GC (Allocation Failure) [DefNew: 623616K->5893K(623616K), 0.0571362 secs] 1452427K->899283K(2009472K), 0.0571798 secs] [Times: user=0.06 sys=0.00, real=0.06 secs] 
[GC (Allocation Failure) [DefNew: 560261K->69248K(623616K), 0.1537242 secs] 1453651K->1004089K(2009472K), 0.1537671 secs] [Times: user=0.16 sys=0.00, real=0.15 secs] 
[GC (Allocation Failure) [DefNew: 623616K->5900K(623616K), 0.0480232 secs] 1558457K->1005315K(2009472K), 0.0480585 secs] [Times: user=0.06 sys=0.00, real=0.05 secs] 
[GC (Allocation Failure) [DefNew: 560268K->69248K(623616K), 0.1458777 secs] 1559683K->1109881K(2009472K), 0.1459175 secs] [Times: user=0.16 sys=0.00, real=0.15 secs] 
[GC (Allocation Failure) [DefNew: 623616K->5913K(623616K), 0.0596351 secs] 1664249K->1111121K(2009472K), 0.0596864 secs] [Times: user=0.06 sys=0.00, real=0.06 secs] 
[GC (Allocation Failure) [DefNew: 560281K->69248K(623616K), 0.1495443 secs] 1665489K->1215460K(2009472K), 0.1495853 secs] [Times: user=0.16 sys=0.00, real=0.15 secs] 
[GC (Allocation Failure) [DefNew: 623616K->5801K(623616K), 0.0515372 secs] 1769828K->1216615K(2009472K), 0.0515840 secs] [Times: user=0.05 sys=0.00, real=0.05 secs] 
[GC (Allocation Failure) [DefNew: 560169K->69248K(623616K), 0.1532680 secs] 1770983K->1320231K(2009472K), 0.1534168 secs] [Times: user=0.16 sys=0.00, real=0.15 secs] 
[GC (Allocation Failure) [DefNew: 623616K->5915K(623616K), 0.0645573 secs] 1874599K->1321443K(2009472K), 0.0646061 secs] [Times: user=0.06 sys=0.00, real=0.06 secs] 
[GC (Allocation Failure) [DefNew: 560283K->560283K(623616K), 0.0000205 secs][Tenured: 1315527K->853337K(1385856K), 2.5654536 secs] 1875811K->853337K(2009472K), [Metaspace: 10543K->10543K(12288K)], 2.5655389 secs]
*** PauseDetector detected a 2567 ms pause at Mon Dec 22 00:01:39 EET 2014 ***
 [Times: user=2.57 sys=0.00, real=2.57 secs] 

[GC (Allocation Failure) [DefNew: 554368K->5899K(623616K), 0.0127301 secs] 1407705K->859237K(2009472K), 0.0127686 secs] [Times: user=0.01 sys=0.00, real=0.01 secs] 
[GC (Allocation Failure) [DefNew: 560267K->69247K(623616K), 0.1351031 secs] 1413605K->962449K(2009472K), 0.1351422 secs] [Times: user=0.13 sys=0.00, real=0.14 secs] 
[GC (Allocation Failure) [DefNew: 623615K->5917K(623616K), 0.0529101 secs] 1516817K->963686K(2009472K), 0.0529768 secs] [Times: user=0.05 sys=0.00, real=0.05 secs] 
[GC (Allocation Failure) [DefNew: 560285K->69247K(623616K), 0.1193030 secs] 1518054K->1066781K(2009472K), 0.1193427 secs] [Times: user=0.11 sys=0.00, real=0.12 secs] 
[GC (Allocation Failure) [DefNew: 623615K->5914K(623616K), 0.0500153 secs] 1621149K->1067985K(2009472K), 0.0500570 secs] [Times: user=0.05 sys=0.00, real=0.05 secs] 
[GC (Allocation Failure) [DefNew: 560282K->69248K(623616K), 0.1479083 secs] 1622353K->1170980K(2009472K), 0.1479493 secs] [Times: user=0.14 sys=0.00, real=0.15 secs] 
[GC (Allocation Failure) [DefNew: 623616K->5919K(623616K), 0.0482542 secs] 1725348K->1172183K(2009472K), 0.0482985 secs] [Times: user=0.05 sys=0.00, real=0.05 secs] 
[GC (Allocation Failure) [DefNew: 560287K->69247K(623616K), 0.1299185 secs] 1726551K->1275074K(2009472K), 0.1299570 secs] [Times: user=0.13 sys=0.00, real=0.13 secs] 
[GC (Allocation Failure) [DefNew: 623615K->5906K(623616K), 0.0477679 secs] 1829442K->1276265K(2009472K), 0.0478154 secs] [Times: user=0.05 sys=0.00, real=0.05 secs] 
[GC (Allocation Failure) [DefNew: 560274K->69248K(623616K), 0.1594663 secs] 1830633K->1379081K(2009472K), 0.1595118 secs] [Times: user=0.14 sys=0.00, real=0.16 secs] 
[GC (Allocation Failure) [DefNew: 623616K->623616K(623616K), 0.0000199 secs][Tenured: 1309833K->853647K(1385856K), 2.7254241 secs] 1933449K->853647K(2009472K), [Metaspace: 10543K->10543K(12288K)]
*** PauseDetector detected a 2726 ms pause at Mon Dec 22 00:01:59 EET 2014 ***

, 2.7255261 secs] [Times: user=2.68 sys=0.00, real=2.73 secs] 
[GC (Allocation Failure) [DefNew: 554368K->69248K(623616K), 0.1245851 secs] 1408015K->962272K(2009472K), 0.1246499 secs] [Times: user=0.13 sys=0.00, real=0.12 secs] 
[GC (Allocation Failure) [DefNew: 623616K->5905K(623616K), 0.0580216 secs] 1516640K->963473K(2009472K), 0.0580671 secs] [Times: user=0.06 sys=0.00, real=0.06 secs] 
[GC (Allocation Failure) [DefNew: 560273K->69248K(623616K), 0.1307634 secs] 1517841K->1065660K(2009472K), 0.1308103 secs] [Times: user=0.12 sys=0.00, real=0.13 secs] 
[GC (Allocation Failure) [DefNew: 623616K->5918K(623616K), 0.0573479 secs] 1620028K->1066841K(2009472K), 0.0573941 secs] [Times: user=0.06 sys=0.00, real=0.06 secs] 
[GC (Allocation Failure) [DefNew: 560286K->69248K(623616K), 0.1323205 secs] 1621209K->1168918K(2009472K), 0.1323642 secs] [Times: user=0.13 sys=0.00, real=0.13 secs] 
[GC (Allocation Failure) [DefNew: 623616K->5925K(623616K), 0.0539668 secs] 1723286K->1170132K(2009472K), 0.0540066 secs] [Times: user=0.06 sys=0.00, real=0.05 secs] 
[GC (Allocation Failure) [DefNew: 560293K->69247K(623616K), 0.1321403 secs] 1724500K->1272136K(2009472K), 0.1321890 secs] [Times: user=0.14 sys=0.00, real=0.13 secs] 
[GC (Allocation Failure) [DefNew: 623615K->5904K(623616K), 0.0529217 secs] 1826504K->1273323K(2009472K), 0.0529685 secs] [Times: user=0.05 sys=0.00, real=0.05 secs] 
[GC (Allocation Failure) [DefNew: 560272K->69248K(623616K), 0.1280419 secs] 1827691K->1375307K(2009472K), 0.1280829 secs] [Times: user=0.13 sys=0.00, real=0.13 secs] 
[GC (Allocation Failure) [DefNew: 623616K->623616K(623616K), 0.0000302 secs][Tenured: 1306059K->853147K(1385856K), 2.5835005 secs] 1929675K->853147K(2009472K), [Metaspace: 10543K->10543K(12288K)], 2.5835961 secs] [Times: user=2.59 sys=0.00, real=2.58 secs] 

*** PauseDetector detected a 2585 ms pause at Mon Dec 22 00:02:17 EET 2014 ***

[GC (Allocation Failure) [DefNew: 554368K->69247K(623616K), 0.3583394 secs] 1407515K->985680K(2009472K), 0.3583837 secs] [Times: user=0.36 sys=0.00, real=0.36 secs] 

*** PauseDetector detected a 360 ms pause at Mon Dec 22 00:02:19 EET 2014 ***

[GC (Allocation Failure) [DefNew: 623615K->5873K(623616K), 0.1093502 secs] 1540048K->987281K(2009472K), 0.1093900 secs] [Times: user=0.11 sys=0.00, real=0.11 secs] 
[GC (Allocation Failure) [DefNew: 560241K->69247K(623616K), 0.5160939 secs] 1541649K->1106369K(2009472K), 0.5161421 secs] [Times: user=0.51 sys=0.00, real=0.52 secs] 

*** PauseDetector detected a 520 ms pause at Mon Dec 22 00:02:23 EET 2014 ***

[GC (Allocation Failure) [DefNew: 623615K->5886K(623616K), 0.0876944 secs] 1660737K->1107850K(2009472K), 0.0877387 secs] [Times: user=0.09 sys=0.00, real=0.09 secs] 
[GC (Allocation Failure) [DefNew: 560254K->69247K(623616K), 0.4394410 secs] 1662218K->1224381K(2009472K), 0.4394904 secs] [Times: user=0.44 sys=0.00, real=0.44 secs] 

*** PauseDetector detected a 440 ms pause at Mon Dec 22 00:02:26 EET 2014 ***

[GC (Allocation Failure) [DefNew: 623615K->5882K(623616K), 0.0888217 secs] 1778749K->1225853K(2009472K), 0.0888615 secs] [Times: user=0.09 sys=0.00, real=0.09 secs] 
[GC (Allocation Failure) [DefNew: 560250K->69247K(623616K), 0.3659594 secs] 1780221K->1338357K(2009472K), 0.3659947 secs] [Times: user=0.36 sys=0.00, real=0.37 secs] 

*** PauseDetector detected a 367 ms pause at Mon Dec 22 00:02:30 EET 2014 ***

[GC (Allocation Failure) [DefNew: 623615K->5921K(623616K), 0.0786675 secs] 1892725K->1339739K(2009472K), 0.0787188 secs] [Times: user=0.08 sys=0.00, real=0.08 secs] 
[GC (Allocation Failure) [DefNew: 560289K->560289K(623616K), 0.0000192 secs][Tenured: 1333818K->791870K(1385856K), 2.9245924 secs] 1894107K->791870K(2009472K), [Metaspace: 10543K->10543K(12288K)], 2.9246764 secs] [Times: user=2.90 sys=0.00, real=2.92 secs] 

*** PauseDetector detected a 2926 ms pause at Mon Dec 22 00:02:36 EET 2014 ***

[GC (Allocation Failure) [DefNew: 554368K->5911K(623616K), 0.0120520 secs] 1346238K->797781K(2009472K), 0.0120943 secs] [Times: user=0.01 sys=0.00, real=0.01 secs] 
[GC (Allocation Failure) [DefNew: 560279K->69247K(623616K), 0.3271139 secs] 1352149K->906518K(2009472K), 0.3271627 secs] [Times: user=0.33 sys=0.00, real=0.33 secs] 
[GC (Allocation Failure) [DefNew: 623615K->5887K(623616K), 0.0689874 secs] 1460886K->907828K(2009472K), 0.0690323 secs] [Times: user=0.08 sys=0.00, real=0.07 secs] 
[GC (Allocation Failure) [DefNew: 560255K->69248K(623616K), 0.2450352 secs] 1462196K->1015939K(2009472K), 0.2450775 secs] [Times: user=0.23 sys=0.00, real=0.25 secs] 
[GC (Allocation Failure) [DefNew: 623616K->5879K(623616K), 0.0666623 secs] 1570307K->1017193K(2009472K), 0.0667040 secs] [Times: user=0.06 sys=0.00, real=0.07 secs] 
[GC (Allocation Failure) [DefNew: 560247K->69247K(623616K), 0.2611977 secs] 1571561K->1124710K(2009472K), 0.2612414 secs] [Times: user=0.26 sys=0.00, real=0.26 secs] 
[GC (Allocation Failure) [DefNew: 623615K->5899K(623616K), 0.0644315 secs] 1679078K->1126002K(2009472K), 0.0644797 secs] [Times: user=0.06 sys=0.00, real=0.07 secs] 
[GC (Allocation Failure) [DefNew: 560267K->69248K(623616K), 0.2264314 secs] 1680370K->1233055K(2009472K), 0.2264744 secs] [Times: user=0.23 sys=0.00, real=0.23 secs] 
[GC (Allocation Failure) [DefNew: 623616K->5911K(623616K), 0.0637374 secs] 1787423K->1234346K(2009472K), 0.0637791 secs] [Times: user=0.06 sys=0.00, real=0.06 secs] 
[GC (Allocation Failure) [DefNew: 560279K->69247K(623616K), 0.2350279 secs] 1788714K->1339968K(2009472K), 0.2350766 secs] [Times: user=0.25 sys=0.00, real=0.23 secs] 
[GC (Allocation Failure) [DefNew: 623615K->5923K(623616K), 0.0630156 secs] 1894336K->1341213K(2009472K), 0.0630566 secs] [Times: user=0.06 sys=0.00, real=0.06 secs] 
[GC (Allocation Failure) [DefNew: 560291K->560291K(623616K), 0.0000180 secs][Tenured: 1335290K->855276K(1385856K), 2.8258006 secs] 1895581K->855276K(2009472K), [Metaspace: 10543K->10543K(12288K)]
*** PauseDetector detected a 2826 ms pause at Mon Dec 22 00:02:59 EET 2014 ***
, 2.8258878 secs] [Times: user=2.82 sys=0.00, real=2.83 secs] 

[GC (Allocation Failure) [DefNew: 554368K->5899K(623616K), 0.0124985 secs] 1409644K->861175K(2009472K), 0.0125415 secs] [Times: user=0.00 sys=0.00, real=0.01 secs] 
[GC (Allocation Failure) [DefNew: 560267K->69248K(623616K), 0.1747569 secs] 1415543K->966163K(2009472K), 0.1747999 secs] [Times: user=0.17 sys=0.00, real=0.17 secs] 
[GC (Allocation Failure) [DefNew: 623616K->5895K(623616K), 0.0565222 secs] 1520531K->967412K(2009472K), 0.0565658 secs] [Times: user=0.06 sys=0.00, real=0.06 secs] 
[GC (Allocation Failure) [DefNew: 560263K->69247K(623616K), 0.1755621 secs] 1521780K->1072203K(2009472K), 0.1756013 secs] [Times: user=0.19 sys=0.00, real=0.18 secs] 
[GC (Allocation Failure) [DefNew: 623615K->5919K(623616K), 0.0561097 secs] 1626571K->1073436K(2009472K), 0.0561514 secs] [Times: user=0.05 sys=0.00, real=0.06 secs] 
[GC (Allocation Failure) [DefNew: 560287K->69248K(623616K), 0.1512721 secs] 1627804K->1178022K(2009472K), 0.1513144 secs] [Times: user=0.16 sys=0.00, real=0.15 secs] 
[GC (Allocation Failure) [DefNew: 623616K->5921K(623616K), 0.0517899 secs] 1732390K->1179254K(2009472K), 0.0518297 secs] [Times: user=0.05 sys=0.00, real=0.05 secs] 
[GC (Allocation Failure) [DefNew: 560289K->69247K(623616K), 0.1766464 secs] 1733622K->1283630K(2009472K), 0.1766900 secs] [Times: user=0.17 sys=0.00, real=0.18 secs] 
[GC (Allocation Failure) [DefNew: 623615K->5928K(623616K), 0.0510643 secs] 1837998K->1284868K(2009472K), 0.0511067 secs] [Times: user=0.06 sys=0.00, real=0.05 secs] 
[GC (Allocation Failure) [DefNew: 560296K->69247K(623616K), 0.1699573 secs] 1839236K->1388368K(2009472K), 0.1699952 secs] [Times: user=0.17 sys=0.00, real=0.17 secs] 
[Full GC (System.gc()) [Tenured: 1319120K->850955K(1385856K), 2.6820100 secs] 1590069K->850955K(2009472K), [Metaspace: 10543K->10543K(12288K)], 2.6820632 secs] [Times: user=2.67 sys=0.00, real=2.68 secs] 
[Full GC (System.gc()) [Tenured: 850955K->850877K(1385856K), 2.4565044 secs] 850957K->850877K(2009472K), [Metaspace: 10543K->10543K(12288K)], 2.4565627 secs] [Times: user=2.47 sys=0.00, real=2.46 secs] 
[Full GC (System.gc()) [Tenured: 850877K->781590K(1385856K), 2.4168473 secs] 850877K->781590K(2009472K), [Metaspace: 10543K->10543K(12288K)], 2.4168858 secs] [Times: user=2.42 sys=0.00, real=2.42 secs] 

*** PauseDetector detected a 2686 ms pause at Mon Dec 22 00:03:18 EET 2014 ***

[Full GC (System.gc()) [Tenured: 781590K->781592K(1385856K), 2.3943408 secs] 792724K->781592K(2009472K), [Metaspace: 10543K->10543K(12288K)], 2.3944101 secs] [Times: user=2.37 sys=0.00, real=2.39 secs] 
[Full GC (System.gc()) [Tenured: 781592K->781592K(1385856K), 2.3108211 secs] 781592K->781592K(2009472K), [Metaspace: 10543K->10543K(12288K)]
*** PauseDetector detected a 9583 ms pause at Mon Dec 22 00:03:27 EET 2014 ***

, 2.3108846 secs] [Times: user=2.32 sys=0.00, real=2.31 secs] 
[Full GC (System.gc()) [Tenured: 781592K->781592K(1385856K), 2.2888227 secs] 792726K->781592K(2009472K), [Metaspace: 10543K->10543K(12288K)]
*** PauseDetector detected a 2289 ms pause at Mon Dec 22 00:03:30 EET 2014 ***

, 2.2888683 secs] [Times: user=2.28 sys=0.00, real=2.29 secs] 
[GC (Allocation Failure) [DefNew: 554368K->69247K(623616K), 0.1480398 secs] 1335960K->890877K(2009472K), 0.1480809 secs] [Times: user=0.14 sys=0.00, real=0.15 secs] 
[GC (Allocation Failure) [DefNew: 623615K->5954K(623616K), 0.0481182 secs] 1445245K->892103K(2009472K), 0.0481631 secs] [Times: user=0.05 sys=0.00, real=0.05 secs] 
[GC (Allocation Failure) [DefNew: 560322K->69248K(623616K), 0.1507331 secs] 1446471K->995322K(2009472K), 0.1507710 secs] [Times: user=0.16 sys=0.00, real=0.15 secs] 
[GC (Allocation Failure) [DefNew: 623616K->5954K(623616K), 0.0448808 secs] 1549690K->996525K(2009472K), 0.0449847 secs] [Times: user=0.03 sys=0.00, real=0.04 secs] 
[GC (Allocation Failure) [DefNew: 560322K->69248K(623616K), 0.1597563 secs] 1550893K->1099626K(2009472K), 0.1598024 secs] [Times: user=0.16 sys=0.00, real=0.16 secs] 
[GC (Allocation Failure) [DefNew: 623616K->5954K(623616K), 0.0476948 secs] 1653994K->1100828K(2009472K), 0.0477358 secs] [Times: user=0.05 sys=0.00, real=0.05 secs] 
[Full GC (System.gc()) [Tenured: 1094873K->780089K(1385856K), 2.4459787 secs] 1312359K->780089K(2009472K), [Metaspace: 10544K->10544K(12288K)], 2.4460306 secs] [Times: user=2.45 sys=0.00, real=2.45 secs] 
[Full GC (System.gc()) [Tenured: 780089K->780089K(1385856K), 2.3853472 secs] 780089K->780089K(2009472K), [Metaspace: 10544K->10544K(12288K)], 2.3853972 secs] [Times: user=2.39 sys=0.00, real=2.38 secs] 

*** PauseDetector detected a 4833 ms pause at Mon Dec 22 00:03:45 EET 2014 ***

[Full GC (System.gc()) [Tenured: 780089K->780108K(1385856K), 2.3744956 secs] 791224K->780108K(2009472K), [Metaspace: 10544K->10544K(12288K)], 2.3746611 secs] [Times: user=2.35 sys=0.00, real=2.37 secs] 
********************************
********** ROUND   13 **********
********************************

*** PauseDetector detected a 2376 ms pause at Mon Dec 22 00:03:47 EET 2014 ***

[GC (Allocation Failure) [DefNew: 554368K->5866K(623616K), 0.0126115 secs] 1334476K->785975K(2009472K), 0.0126500 secs] [Times: user=0.02 sys=0.00, real=0.01 secs] 
[GC (Allocation Failure) [DefNew: 560234K->69248K(623616K), 0.1167367 secs] 1340343K->888890K(2009472K), 0.1167784 secs] [Times: user=0.11 sys=0.00, real=0.12 secs] 
[GC (Allocation Failure) [DefNew: 623616K->5896K(623616K), 0.0637829 secs] 1443258K->890099K(2009472K), 0.0638368 secs] [Times: user=0.06 sys=0.00, real=0.06 secs] 
[GC (Allocation Failure) [DefNew: 560264K->69248K(623616K), 0.1238922 secs] 1444467K->992895K(2009472K), 0.1239326 secs] [Times: user=0.13 sys=0.00, real=0.12 secs] 
[GC (Allocation Failure) [DefNew: 623616K->5895K(623616K), 0.0576077 secs] 1547263K->994102K(2009472K), 0.0576623 secs] [Times: user=0.06 sys=0.00, real=0.06 secs] 
[GC (Allocation Failure) [DefNew: 560263K->69247K(623616K), 0.1254595 secs] 1548470K->1096821K(2009472K), 0.1254993 secs] [Times: user=0.13 sys=0.00, real=0.13 secs] 
[GC (Allocation Failure) [DefNew: 623615K->5901K(623616K), 0.0554758 secs] 1651189K->1098028K(2009472K), 0.0555284 secs] [Times: user=0.05 sys=0.00, real=0.06 secs] 
[GC (Allocation Failure) [DefNew: 560269K->69248K(623616K), 0.1161278 secs] 1652396K->1200192K(2009472K), 0.1162279 secs] [Times: user=0.11 sys=0.00, real=0.12 secs] 
[GC (Allocation Failure) [DefNew: 623616K->5898K(623616K), 0.0452016 secs] 1754560K->1201382K(2009472K), 0.0452484 secs] [Times: user=0.05 sys=0.00, real=0.05 secs] 
[GC (Allocation Failure) [DefNew: 560266K->69248K(623616K), 0.1400663 secs] 1755750K->1303479K(2009472K), 0.1401112 secs] [Times: user=0.14 sys=0.00, real=0.14 secs] 
[GC (Allocation Failure) [DefNew: 623616K->5902K(623616K), 0.0535517 secs] 1857847K->1304669K(2009472K), 0.0536005 secs] [Times: user=0.06 sys=0.00, real=0.05 secs] 
[GC (Allocation Failure) [DefNew: 560270K->69247K(623616K), 0.1369585 secs] 1859037K->1406689K(2009472K), 0.1370162 secs] [Times: user=0.14 sys=0.00, real=0.14 secs] 
[GC (Allocation Failure) [DefNew: 623615K->623615K(623616K), 0.0000205 secs][Tenured: 1337441K->853176K(1385856K), 2.6414296 secs] 1961057K->853176K(2009472K), [Metaspace: 10544K->10544K(12288K)], 2.6415207 secs] [Times: user=2.65 sys=0.00, real=2.64 secs] 

*** PauseDetector detected a 2643 ms pause at Mon Dec 22 00:04:10 EET 2014 ***

[GC (Allocation Failure) [DefNew: 554368K->69248K(623616K), 0.1084141 secs] 1407544K->961032K(2009472K), 0.1084552 secs] [Times: user=0.11 sys=0.00, real=0.11 secs] 
[GC (Allocation Failure) [DefNew: 623616K->5891K(623616K), 0.0545372 secs] 1515400K->962215K(2009472K), 0.0545776 secs] [Times: user=0.05 sys=0.00, real=0.05 secs] 
[GC (Allocation Failure) [DefNew: 560259K->69248K(623616K), 0.3956971 secs] 1516583K->1088835K(2009472K), 0.3957375 secs] [Times: user=0.39 sys=0.00, real=0.40 secs] 

*** PauseDetector detected a 399 ms pause at Mon Dec 22 00:04:15 EET 2014 ***

[GC (Allocation Failure) [DefNew: 623616K->5866K(623616K), 0.1166321 secs] 1643203K->1090449K(2009472K), 0.1166783 secs] [Times: user=0.13 sys=0.00, real=0.12 secs] 
[GC (Allocation Failure) [DefNew: 560234K->69248K(623616K), 0.5419443 secs] 1644817K->1209535K(2009472K), 0.5419841 secs] [Times: user=0.53 sys=0.00, real=0.54 secs] 

*** PauseDetector detected a 544 ms pause at Mon Dec 22 00:04:19 EET 2014 ***

[GC (Allocation Failure) [DefNew: 623616K->5870K(623616K), 0.0916170 secs] 1763903K->1211009K(2009472K), 0.0916575 secs] [Times: user=0.09 sys=0.00, real=0.09 secs] 
[GC (Allocation Failure) [DefNew: 560238K->69247K(623616K), 0.4445293 secs] 1765377K->1327575K(2009472K), 0.4445768 secs] [Times: user=0.45 sys=0.00, real=0.44 secs] 

*** PauseDetector detected a 448 ms pause at Mon Dec 22 00:04:22 EET 2014 ***

[GC (Allocation Failure) [DefNew: 623615K->5866K(623616K), 0.0843653 secs] 1881943K->1329012K(2009472K), 0.0844898 secs] [Times: user=0.09 sys=0.00, real=0.09 secs] 
[GC (Allocation Failure) [DefNew: 560234K->560234K(623616K), 0.0000186 secs][Tenured: 1323146K->793025K(1385856K), 2.7899962 secs] 1883380K->793025K(2009472K), [Metaspace: 10544K->10544K(12288K)]
*** PauseDetector detected a 2791 ms pause at Mon Dec 22 00:04:28 EET 2014 ***

, 2.7900744 secs] [Times: user=2.78 sys=0.00, real=2.79 secs] 
[GC (Allocation Failure) [DefNew: 554368K->5910K(623616K), 0.0154934 secs] 1347393K->798935K(2009472K), 0.0155428 secs] [Times: user=0.02 sys=0.00, real=0.02 secs] 
[GC (Allocation Failure) [DefNew: 560278K->69247K(623616K), 0.2968347 secs] 1353303K->910165K(2009472K), 0.2968771 secs] [Times: user=0.30 sys=0.00, real=0.30 secs] 
[GC (Allocation Failure) [DefNew: 623615K->5883K(623616K), 0.0682951 secs] 1464533K->911518K(2009472K), 0.0683888 secs] [Times: user=0.08 sys=0.00, real=0.07 secs] 
[GC (Allocation Failure) [DefNew: 560251K->69248K(623616K), 0.2886566 secs] 1465886K->1020307K(2009472K), 0.2887002 secs] [Times: user=0.28 sys=0.00, real=0.29 secs] 
[GC (Allocation Failure) [DefNew: 623616K->5910K(623616K), 0.0676388 secs] 1574675K->1021616K(2009472K), 0.0677023 secs] [Times: user=0.06 sys=0.00, real=0.07 secs] 
[GC (Allocation Failure) [DefNew: 560278K->69248K(623616K), 0.2736302 secs] 1575984K->1129687K(2009472K), 0.2736725 secs] [Times: user=0.26 sys=0.00, real=0.27 secs] 
[GC (Allocation Failure) [DefNew: 623616K->5906K(623616K), 0.0623118 secs] 1684055K->1130985K(2009472K), 0.0623535 secs] [Times: user=0.06 sys=0.00, real=0.06 secs] 
[GC (Allocation Failure) [DefNew: 560274K->69248K(623616K), 0.2703023 secs] 1685353K->1238483K(2009472K), 0.2703460 secs] [Times: user=0.28 sys=0.00, real=0.27 secs] 
[GC (Allocation Failure) [DefNew: 623616K->5912K(623616K), 0.0694769 secs] 1792851K->1239778K(2009472K), 0.0695186 secs] [Times: user=0.08 sys=0.00, real=0.07 secs] 
[GC (Allocation Failure) [DefNew: 560280K->69248K(623616K), 0.2298067 secs] 1794146K->1346819K(2009472K), 0.2298478 secs] [Times: user=0.23 sys=0.00, real=0.23 secs] 
[GC (Allocation Failure) [DefNew: 623616K->5879K(623616K), 0.0557023 secs] 1901187K->1348077K(2009472K), 0.0557921 secs] [Times: user=0.05 sys=0.00, real=0.06 secs] 
[GC (Allocation Failure) [DefNew: 560247K->560247K(623616K), 0.0000244 secs][Tenured: 1342198K->855532K(1385856K), 2.9004826 secs] 1902445K->855532K(2009472K), [Metaspace: 10544K->10544K(12288K)], 2.9005731 secs] [Times: user=2.90 sys=0.00, real=2.90 secs] 

*** PauseDetector detected a 2905 ms pause at Mon Dec 22 00:04:51 EET 2014 ***

[GC (Allocation Failure) [DefNew: 554368K->5912K(623616K), 0.0131786 secs] 1409900K->861445K(2009472K), 0.0132203 secs] [Times: user=0.00 sys=0.00, real=0.01 secs] 
[GC (Allocation Failure) [DefNew: 560280K->69247K(623616K), 0.1926980 secs] 1415813K->966733K(2009472K), 0.1927358 secs] [Times: user=0.19 sys=0.00, real=0.19 secs] 
[GC (Allocation Failure) [DefNew: 623615K->5916K(623616K), 0.0604782 secs] 1521101K->967983K(2009472K), 0.0605269 secs] [Times: user=0.06 sys=0.00, real=0.06 secs] 
[GC (Allocation Failure) [DefNew: 560284K->69247K(623616K), 0.1867255 secs] 1522351K->1072944K(2009472K), 0.1867775 secs] [Times: user=0.19 sys=0.00, real=0.19 secs] 
[GC (Allocation Failure) [DefNew: 623615K->5879K(623616K), 0.0519888 secs] 1627312K->1074186K(2009472K), 0.0520908 secs] [Times: user=0.05 sys=0.00, real=0.05 secs] 
[GC (Allocation Failure) [DefNew: 560247K->69247K(623616K), 0.1601059 secs] 1628554K->1178957K(2009472K), 0.1601476 secs] [Times: user=0.16 sys=0.00, real=0.16 secs] 
[GC (Allocation Failure) [DefNew: 623615K->5916K(623616K), 0.0585246 secs] 1733325K->1180224K(2009472K), 0.0585663 secs] [Times: user=0.06 sys=0.00, real=0.06 secs] 
[GC (Allocation Failure) [DefNew: 560284K->69248K(623616K), 0.1562071 secs] 1734592K->1284801K(2009472K), 0.1562468 secs] [Times: user=0.17 sys=0.00, real=0.16 secs] 
[GC (Allocation Failure) [DefNew: 623616K->5890K(623616K), 0.0546135 secs] 1839169K->1286014K(2009472K), 0.0546552 secs] [Times: user=0.06 sys=0.00, real=0.06 secs] 
[GC (Allocation Failure) [DefNew: 560258K->69248K(623616K), 0.1472949 secs] 1840382K->1390365K(2009472K), 0.1473353 secs] [Times: user=0.16 sys=0.00, real=0.15 secs] 
[GC (Allocation Failure) [DefNew: 623616K->623616K(623616K), 0.0000295 secs][Tenured: 1321117K->855564K(1385856K), 3.0902922 secs] 1944733K->855564K(2009472K), [Metaspace: 10544K->10544K(12288K)], 3.0903929 secs] [Times: user=3.09 sys=0.00, real=3.09 secs] 

*** PauseDetector detected a 3091 ms pause at Mon Dec 22 00:05:12 EET 2014 ***

[GC (Allocation Failure) [DefNew: 554368K->69248K(623616K), 0.1344833 secs] 1409932K->964981K(2009472K), 0.1345179 secs] [Times: user=0.14 sys=0.00, real=0.13 secs] 
[GC (Allocation Failure) [DefNew: 623616K->5915K(623616K), 0.0516007 secs] 1519349K->966192K(2009472K), 0.0516411 secs] [Times: user=0.06 sys=0.00, real=0.05 secs] 
[GC (Allocation Failure) [DefNew: 560283K->69248K(623616K), 0.1509949 secs] 1520560K->1069536K(2009472K), 0.1510315 secs] [Times: user=0.16 sys=0.00, real=0.15 secs] 
[GC (Allocation Failure) [DefNew: 623616K->5914K(623616K), 0.0500513 secs] 1623904K->1070750K(2009472K), 0.0501520 secs] [Times: user=0.05 sys=0.00, real=0.05 secs] 
[GC (Allocation Failure) [DefNew: 560282K->69248K(623616K), 0.1454870 secs] 1625118K->1173966K(2009472K), 0.1455325 secs] [Times: user=0.16 sys=0.00, real=0.15 secs] 
[GC (Allocation Failure) [DefNew: 623616K->5917K(623616K), 0.0512420 secs] 1728334K->1175175K(2009472K), 0.0512824 secs] [Times: user=0.06 sys=0.00, real=0.05 secs] 
[GC (Allocation Failure) [DefNew: 560285K->69247K(623616K), 0.1390058 secs] 1729543K->1278272K(2009472K), 0.1390475 secs] [Times: user=0.14 sys=0.00, real=0.14 secs] 
[GC (Allocation Failure) [DefNew: 623615K->5885K(623616K), 0.0472752 secs] 1832640K->1279445K(2009472K), 0.0473162 secs] [Times: user=0.05 sys=0.00, real=0.05 secs] 
[GC (Allocation Failure) [DefNew: 560253K->69247K(623616K), 0.1358081 secs] 1833813K->1382446K(2009472K), 0.1358492 secs] [Times: user=0.14 sys=0.00, real=0.14 secs] 
[GC (Allocation Failure) [DefNew: 623615K->623615K(623616K), 0.0000199 secs][Tenured: 1313198K->854133K(1385856K), 2.6915912 secs] 1936814K->854133K(2009472K), [Metaspace: 10544K->10544K(12288K)], 2.6917542 secs] [Times: user=2.68 sys=0.00, real=2.69 secs] 

*** PauseDetector detected a 2694 ms pause at Mon Dec 22 00:05:30 EET 2014 ***

[GC (Allocation Failure) [DefNew: 554368K->69248K(623616K), 0.1339688 secs] 1408501K->962944K(2009472K), 0.1340194 secs] [Times: user=0.12 sys=0.00, real=0.13 secs] 
[GC (Allocation Failure) [DefNew: 623616K->5879K(623616K), 0.0468158 secs] 1517312K->964108K(2009472K), 0.0468646 secs] [Times: user=0.05 sys=0.00, real=0.05 secs] 
[GC (Allocation Failure) [DefNew: 560247K->69247K(623616K), 0.1287771 secs] 1518476K->1066927K(2009472K), 0.1288182 secs] [Times: user=0.13 sys=0.00, real=0.13 secs] 
[GC (Allocation Failure) [DefNew: 623615K->5908K(623616K), 0.0469300 secs] 1621295K->1068140K(2009472K), 0.0469736 secs] [Times: user=0.05 sys=0.00, real=0.05 secs] 
[GC (Allocation Failure) [DefNew: 560276K->69248K(623616K), 0.1288509 secs] 1622508K->1170869K(2009472K), 0.1288920 secs] [Times: user=0.13 sys=0.00, real=0.13 secs] 
[GC (Allocation Failure) [DefNew: 623616K->5916K(623616K), 0.0484172 secs] 1725237K->1172068K(2009472K), 0.0484576 secs] [Times: user=0.06 sys=0.00, real=0.05 secs] 
[GC (Allocation Failure) [DefNew: 560284K->69248K(623616K), 0.1322731 secs] 1726436K->1274245K(2009472K), 0.1323148 secs] [Times: user=0.14 sys=0.00, real=0.13 secs] 
[GC (Allocation Failure) [DefNew: 623616K->5920K(623616K), 0.0485634 secs] 1828613K->1275427K(2009472K), 0.0486039 secs] [Times: user=0.05 sys=0.00, real=0.05 secs] 
[GC (Allocation Failure) [DefNew: 560288K->69248K(623616K), 0.1231601 secs] 1829795K->1377487K(2009472K), 0.1231999 secs] [Times: user=0.12 sys=0.00, real=0.12 secs] 
[GC (Allocation Failure) [DefNew: 623616K->623616K(623616K), 0.0000205 secs][Tenured: 1308239K->783935K(1385856K), 2.7653051 secs] 1931855K->783935K(2009472K), [Metaspace: 10544K->10544K(12288K)], 2.7653866 secs] [Times: user=2.76 sys=0.00, real=2.77 secs] 

*** PauseDetector detected a 2767 ms pause at Mon Dec 22 00:05:48 EET 2014 ***

[GC (Allocation Failure) [DefNew: 554368K->69247K(623616K), 0.1112602 secs] 1338303K->891843K(2009472K), 0.1113038 secs] [Times: user=0.11 sys=0.00, real=0.11 secs] 
[GC (Allocation Failure) [DefNew: 623615K->5887K(623616K), 0.0452163 secs] 1446211K->893035K(2009472K), 0.0452568 secs] [Times: user=0.05 sys=0.00, real=0.04 secs] 
[GC (Allocation Failure) [DefNew: 560255K->69248K(623616K), 0.1154413 secs] 1447403K->995034K(2009472K), 0.1154811 secs] [Times: user=0.13 sys=0.00, real=0.12 secs] 
[GC (Allocation Failure) [DefNew: 623616K->5894K(623616K), 0.0480553 secs] 1549402K->996189K(2009472K), 0.0481734 secs] [Times: user=0.05 sys=0.00, real=0.05 secs] 
[GC (Allocation Failure) [DefNew: 560262K->69247K(623616K), 0.3452480 secs] 1550557K->1122794K(2009472K), 0.3452885 secs] [Times: user=0.33 sys=0.00, real=0.35 secs] 
[GC (Allocation Failure) [DefNew: 623615K->5916K(623616K), 0.1074011 secs] 1677162K->1124470K(2009472K), 0.1075140 secs] [Times: user=0.09 sys=0.00, real=0.11 secs] 
[GC (Allocation Failure) [DefNew: 560284K->69247K(623616K), 0.5601394 secs] 1678838K->1243522K(2009472K), 0.5601830 secs] [Times: user=0.56 sys=0.00, real=0.56 secs] 

*** PauseDetector detected a 564 ms pause at Mon Dec 22 00:06:00 EET 2014 ***

[GC (Allocation Failure) [DefNew: 623615K->5921K(623616K), 0.0875655 secs] 1797890K->1245031K(2009472K), 0.0876110 secs] [Times: user=0.09 sys=0.00, real=0.09 secs] 
[GC (Allocation Failure) [DefNew: 560289K->69247K(623616K), 0.4301253 secs] 1799399K->1361564K(2009472K), 0.4302305 secs] [Times: user=0.44 sys=0.00, real=0.43 secs] 

*** PauseDetector detected a 430 ms pause at Mon Dec 22 00:06:04 EET 2014 ***

[GC (Allocation Failure) [DefNew: 623615K->5921K(623616K), 0.1108675 secs] 1915932K->1363039K(2009472K), 0.1109073 secs] [Times: user=0.13 sys=0.00, real=0.11 secs] 
[GC (Allocation Failure) [DefNew: 560289K->560289K(623616K), 0.0000205 secs][Tenured: 1357117K->862314K(1385856K), 2.8412651 secs] 1917407K->862314K(2009472K), [Metaspace: 10544K->10544K(12288K)], 2.8414114 secs] [Times: user=2.82 sys=0.00, real=2.84 secs] 

*** PauseDetector detected a 2841 ms pause at Mon Dec 22 00:06:10 EET 2014 ***

[GC (Allocation Failure) [DefNew: 554368K->5897K(623616K), 0.0120090 secs] 1416682K->868211K(2009472K), 0.0120526 secs] [Times: user=0.02 sys=0.00, real=0.01 secs] 
[GC (Allocation Failure) [DefNew: 560265K->69248K(623616K), 0.3211626 secs] 1422579K->979476K(2009472K), 0.3211998 secs] [Times: user=0.33 sys=0.00, real=0.32 secs] 
[GC (Allocation Failure) [DefNew: 623616K->5921K(623616K), 0.0772470 secs] 1533844K->980845K(2009472K), 0.0772881 secs] [Times: user=0.08 sys=0.00, real=0.08 secs] 
[GC (Allocation Failure) [DefNew: 560289K->69247K(623616K), 0.2830312 secs] 1535213K->1089612K(2009472K), 0.2830704 secs] [Times: user=0.28 sys=0.00, real=0.28 secs] 
[GC (Allocation Failure) [DefNew: 623615K->5865K(623616K), 0.0791345 secs] 1643980K->1090859K(2009472K), 0.0791820 secs] [Times: user=0.08 sys=0.00, real=0.08 secs] 
[GC (Allocation Failure) [DefNew: 560233K->69247K(623616K), 0.2695029 secs] 1645227K->1198963K(2009472K), 0.2695466 secs] [Times: user=0.26 sys=0.00, real=0.27 secs] 
[GC (Allocation Failure) [DefNew: 623615K->5874K(623616K), 0.0661298 secs] 1753331K->1200242K(2009472K), 0.0661689 secs] [Times: user=0.06 sys=0.00, real=0.07 secs] 
[GC (Allocation Failure) [DefNew: 560242K->69248K(623616K), 0.2360839 secs] 1754610K->1307786K(2009472K), 0.2361237 secs] [Times: user=0.23 sys=0.00, real=0.24 secs] 
[GC (Allocation Failure) [DefNew: 623616K->5923K(623616K), 0.0664467 secs] 1862154K->1309079K(2009472K), 0.0664878 secs] [Times: user=0.06 sys=0.00, real=0.07 secs] 
[GC (Allocation Failure) [DefNew: 560291K->69247K(623616K), 0.2304169 secs] 1863447K->1416129K(2009472K), 0.2304547 secs] [Times: user=0.23 sys=0.00, real=0.23 secs] 
[GC (Allocation Failure) [DefNew: 623615K->623615K(623616K), 0.0000199 secs][Tenured: 1346881K->858256K(1385856K), 2.8156047 secs] 1970497K->858256K(2009472K), [Metaspace: 10544K->10544K(12288K)]
*** PauseDetector detected a 2817 ms pause at Mon Dec 22 00:06:31 EET 2014 ***

, 2.8156887 secs] [Times: user=2.79 sys=0.00, real=2.82 secs] 
[GC (Allocation Failure) [DefNew: 554368K->69248K(623616K), 0.1946118 secs] 1412624K->969760K(2009472K), 0.1947433 secs] [Times: user=0.20 sys=0.00, real=0.19 secs] 
[GC (Allocation Failure) [DefNew: 623616K->5887K(623616K), 0.0619435 secs] 1524128K->971000K(2009472K), 0.0620584 secs] [Times: user=0.06 sys=0.00, real=0.06 secs] 
[GC (Allocation Failure) [DefNew: 560255K->69248K(623616K), 0.1808429 secs] 1525368K->1076326K(2009472K), 0.1808885 secs] [Times: user=0.17 sys=0.00, real=0.18 secs] 
[GC (Allocation Failure) [DefNew: 623616K->5924K(623616K), 0.0657179 secs] 1630694K->1077572K(2009472K), 0.0657635 secs] [Times: user=0.08 sys=0.00, real=0.07 secs] 
[GC (Allocation Failure) [DefNew: 560292K->69247K(623616K), 0.1940613 secs] 1631940K->1182563K(2009472K), 0.1940998 secs] [Times: user=0.19 sys=0.00, real=0.19 secs] 
[GC (Allocation Failure) [DefNew: 623615K->5871K(623616K), 0.0562919 secs] 1736931K->1183758K(2009472K), 0.0563336 secs] [Times: user=0.06 sys=0.00, real=0.06 secs] 
[GC (Allocation Failure) [DefNew: 560239K->69248K(623616K), 0.1760523 secs] 1738126K->1288534K(2009472K), 0.1761575 secs] [Times: user=0.17 sys=0.00, real=0.18 secs] 
[GC (Allocation Failure) [DefNew: 623616K->5924K(623616K), 0.0634057 secs] 1842902K->1289813K(2009472K), 0.0634525 secs] [Times: user=0.06 sys=0.00, real=0.06 secs] 
[GC (Allocation Failure) [DefNew: 560292K->69247K(623616K), 0.1561294 secs] 1844181K->1394314K(2009472K), 0.1561698 secs] [Times: user=0.16 sys=0.00, real=0.16 secs] 
[GC (Allocation Failure) [DefNew: 623615K->623615K(623616K), 0.0000295 secs][Tenured: 1325066K->855708K(1385856K), 2.6653149 secs] 1948682K->855708K(2009472K), [Metaspace: 10544K->10544K(12288K)], 2.6654162 secs] [Times: user=2.64 sys=0.00, real=2.67 secs] 

*** PauseDetector detected a 2668 ms pause at Mon Dec 22 00:06:50 EET 2014 ***

[GC (Allocation Failure) [DefNew: 554368K->69248K(623616K), 0.1660014 secs] 1410076K->966034K(2009472K), 0.1660591 secs] [Times: user=0.17 sys=0.00, real=0.17 secs] 
[Full GC (System.gc()) [Tenured: 896786K->781711K(1385856K), 2.4122286 secs] 1089329K->781711K(2009472K), [Metaspace: 10544K->10544K(12288K)], 2.4122844 secs] [Times: user=2.40 sys=0.00, real=2.41 secs] 
[Full GC (System.gc()) [Tenured: 781711K->781712K(1385856K), 2.3289668 secs] 792844K->781712K(2009472K), [Metaspace: 10544K->10544K(12288K)], 2.3290098 secs] [Times: user=2.34 sys=0.00, real=2.33 secs] 
[Full GC (System.gc()) [Tenured: 781712K->781713K(1385856K), 2.3932668 secs] 792847K->781713K(2009472K), [Metaspace: 10544K->10544K(12288K)], 2.3933123 secs] [Times: user=2.37 sys=0.00, real=2.39 secs] 

*** PauseDetector detected a 4746 ms pause at Mon Dec 22 00:06:57 EET 2014 ***

[Full GC (System.gc()) [Tenured: 781713K->781713K(1385856K), 2.3492207 secs] 792848K->781713K(2009472K), [Metaspace: 10544K->10544K(12288K)], 2.3492726 secs] [Times: user=2.34 sys=0.00, real=2.35 secs] 
[Full GC (System.gc()) [Tenured: 781713K->780376K(1385856K), 2.4948244 secs] 781713K->780376K(2009472K), [Metaspace: 10544K->10544K(12288K)], 2.4948802 secs] [Times: user=2.50 sys=0.00, real=2.50 secs] 
[Full GC (System.gc()) [Tenured: 780376K->780377K(1385856K), 2.3851586 secs] 791511K->780377K(2009472K), [Metaspace: 10544K->10544K(12288K)], 2.3852092 secs] [Times: user=2.39 sys=0.00, real=2.38 secs] 

*** PauseDetector detected a 7241 ms pause at Mon Dec 22 00:07:04 EET 2014 ***


*** PauseDetector detected a 2393 ms pause at Mon Dec 22 00:07:07 EET 2014 ***

[GC (Allocation Failure) [DefNew: 554368K->69248K(623616K), 0.1335844 secs] 1334745K->889838K(2009472K), 0.1336261 secs] [Times: user=0.14 sys=0.00, real=0.13 secs] 
[GC (Allocation Failure) [DefNew: 623616K->5954K(623616K), 0.0516424 secs] 1444206K->891045K(2009472K), 0.0516834 secs] [Times: user=0.05 sys=0.00, real=0.05 secs] 
[GC (Allocation Failure) [DefNew: 560322K->69247K(623616K), 0.1487192 secs] 1445413K->994398K(2009472K), 0.1487603 secs] [Times: user=0.14 sys=0.00, real=0.15 secs] 
[GC (Allocation Failure) [DefNew: 623615K->5954K(623616K), 0.0476986 secs] 1548766K->995603K(2009472K), 0.0477429 secs] [Times: user=0.05 sys=0.00, real=0.05 secs] 
[GC (Allocation Failure) [DefNew: 560322K->69248K(623616K), 0.1251599 secs] 1549971K->1098822K(2009472K), 0.1251978 secs] [Times: user=0.13 sys=0.00, real=0.13 secs] 
[GC (Allocation Failure) [DefNew: 623616K->5954K(623616K), 0.0465733 secs] 1653190K->1100024K(2009472K), 0.0466111 secs] [Times: user=0.05 sys=0.00, real=0.05 secs] 
[Full GC (System.gc()) [Tenured: 1094070K->849489K(1385856K), 2.5664390 secs] 1311556K->849489K(2009472K), [Metaspace: 10544K->10544K(12288K)], 2.5665256 secs] [Times: user=2.54 sys=0.00, real=2.57 secs] 
[Full GC (System.gc()) [Tenured: 849489K->849489K(1385856K), 2.2966326 secs] 849489K->849489K(2009472K), [Metaspace: 10544K->10544K(12288K)], 2.2966737 secs] [Times: user=2.31 sys=0.00, real=2.30 secs] 

*** PauseDetector detected a 4870 ms pause at Mon Dec 22 00:07:21 EET 2014 ***

[Full GC (System.gc()) [Tenured: 849489K->780138K(1385856K), 2.5174926 secs] 849491K->780138K(2009472K), [Metaspace: 10544K->10544K(12288K)], 2.5175484 secs] [Times: user=2.51 sys=0.00, real=2.52 secs] 

*** PauseDetector detected a 2520 ms pause at Mon Dec 22 00:07:24 EET 2014 ***

********************************
********** ROUND   14 **********
********************************
[GC (Allocation Failure) [DefNew: 554368K->5883K(623616K), 0.0112250 secs] 1334506K->786021K(2009472K), 0.0112667 secs] [Times: user=0.00 sys=0.00, real=0.01 secs] 
[GC (Allocation Failure) [DefNew: 560251K->69247K(623616K), 0.1192946 secs] 1340389K->889012K(2009472K), 0.1193357 secs] [Times: user=0.11 sys=0.00, real=0.12 secs] 
[GC (Allocation Failure) [DefNew: 623615K->5889K(623616K), 0.0471956 secs] 1443380K->890221K(2009472K), 0.0472367 secs] [Times: user=0.05 sys=0.00, real=0.05 secs] 
[GC (Allocation Failure) [DefNew: 560257K->69247K(623616K), 0.1371009 secs] 1444589K->993112K(2009472K), 0.1371394 secs] [Times: user=0.14 sys=0.00, real=0.14 secs] 
[GC (Allocation Failure) [DefNew: 623615K->5897K(623616K), 0.0524116 secs] 1547480K->994324K(2009472K), 0.0525066 secs] [Times: user=0.05 sys=0.00, real=0.05 secs] 
[GC (Allocation Failure) [DefNew: 560265K->69247K(623616K), 0.1185093 secs] 1548692K->1097123K(2009472K), 0.1186768 secs] [Times: user=0.13 sys=0.00, real=0.12 secs] 
[GC (Allocation Failure) [DefNew: 623615K->5895K(623616K), 0.0498229 secs] 1651491K->1098326K(2009472K), 0.0498761 secs] [Times: user=0.05 sys=0.00, real=0.05 secs] 
[GC (Allocation Failure) [DefNew: 560263K->69247K(623616K), 0.1506561 secs] 1652694K->1201048K(2009472K), 0.1507043 secs] [Times: user=0.16 sys=0.00, real=0.15 secs] 
[GC (Allocation Failure) [DefNew: 623615K->5880K(623616K), 0.0521043 secs] 1755416K->1202230K(2009472K), 0.0521563 secs] [Times: user=0.05 sys=0.00, real=0.05 secs] 
[GC (Allocation Failure) [DefNew: 560248K->69247K(623616K), 0.1235958 secs] 1756598K->1304393K(2009472K), 0.1236368 secs] [Times: user=0.13 sys=0.00, real=0.12 secs] 
[GC (Allocation Failure) [DefNew: 623615K->5896K(623616K), 0.0507974 secs] 1858761K->1305602K(2009472K), 0.0508378 secs] [Times: user=0.05 sys=0.00, real=0.05 secs] 
[GC (Allocation Failure) [DefNew: 560264K->69248K(623616K), 0.1216787 secs] 1859970K->1407702K(2009472K), 0.1218147 secs] [Times: user=0.13 sys=0.00, real=0.12 secs] 
[GC (Allocation Failure) [DefNew: 623616K->623616K(623616K), 0.0000212 secs][Tenured: 1338454K->853261K(1385856K), 2.5019870 secs] 1962070K->853261K(2009472K), [Metaspace: 10544K->10544K(12288K)], 2.5020935 secs] [Times: user=2.47 sys=0.00, real=2.50 secs] 

*** PauseDetector detected a 2502 ms pause at Mon Dec 22 00:07:46 EET 2014 ***

[GC (Allocation Failure) [DefNew: 554368K->69247K(623616K), 0.1048778 secs] 1407629K->961164K(2009472K), 0.1049246 secs] [Times: user=0.11 sys=0.00, real=0.11 secs] 
[GC (Allocation Failure) [DefNew: 623615K->5900K(623616K), 0.0485634 secs] 1515532K->962373K(2009472K), 0.0486173 secs] [Times: user=0.05 sys=0.00, real=0.05 secs] 
[GC (Allocation Failure) [DefNew: 560268K->69248K(623616K), 0.1055142 secs] 1516741K->1064342K(2009472K), 0.1055540 secs] [Times: user=0.11 sys=0.00, real=0.11 secs] 
[GC (Allocation Failure) [DefNew: 623616K->5899K(623616K), 0.0447409 secs] 1618710K->1065520K(2009472K), 0.0447820 secs] [Times: user=0.05 sys=0.00, real=0.05 secs] 
[GC (Allocation Failure) [DefNew: 560267K->69247K(623616K), 0.3173177 secs] 1619888K->1192134K(2009472K), 0.3173626 secs] [Times: user=0.33 sys=0.00, real=0.32 secs] 
[GC (Allocation Failure) [DefNew: 623615K->5902K(623616K), 0.1144033 secs] 1746502K->1193781K(2009472K), 0.1144450 secs] [Times: user=0.11 sys=0.00, real=0.11 secs] 
[GC (Allocation Failure) [DefNew: 560270K->69248K(623616K), 0.5129868 secs] 1748149K->1312828K(2009472K), 0.5130304 secs] [Times: user=0.51 sys=0.00, real=0.51 secs] 

*** PauseDetector detected a 518 ms pause at Mon Dec 22 00:07:58 EET 2014 ***

[GC (Allocation Failure) [DefNew: 623616K->5901K(623616K), 0.1035709 secs] 1867196K->1314337K(2009472K), 0.1036158 secs] [Times: user=0.11 sys=0.00, real=0.10 secs] 
[GC (Allocation Failure) [DefNew: 560269K->560269K(623616K), 0.0000205 secs][Tenured: 1308435K->866096K(1385856K), 3.0011548 secs] 1868705K->866096K(2009472K), [Metaspace: 10544K->10544K(12288K)], 3.0012389 secs] [Times: user=2.96 sys=0.00, real=3.00 secs] 

*** PauseDetector detected a 3005 ms pause at Mon Dec 22 00:08:05 EET 2014 ***

[GC (Allocation Failure) [DefNew: 554368K->5880K(623616K), 0.0122220 secs] 1420464K->871976K(2009472K), 0.0122624 secs] [Times: user=0.02 sys=0.00, real=0.01 secs] 
[GC (Allocation Failure) [DefNew: 560248K->69247K(623616K), 0.3334302 secs] 1426344K->984435K(2009472K), 0.3334706 secs] [Times: user=0.33 sys=0.00, real=0.33 secs] 
[GC (Allocation Failure) [DefNew: 623615K->5913K(623616K), 0.0830700 secs] 1538803K->985880K(2009472K), 0.0831085 secs] [Times: user=0.08 sys=0.00, real=0.08 secs] 
[GC (Allocation Failure) [DefNew: 560281K->69248K(623616K), 0.3366002 secs] 1540248K->1097115K(2009472K), 0.3366400 secs] [Times: user=0.33 sys=0.00, real=0.34 secs] 
[GC (Allocation Failure) [DefNew: 623616K->5879K(623616K), 0.0702763 secs] 1651483K->1098455K(2009472K), 0.0703180 secs] [Times: user=0.06 sys=0.00, real=0.07 secs] 
[GC (Allocation Failure) [DefNew: 560247K->69248K(623616K), 0.3205108 secs] 1652823K->1207249K(2009472K), 0.3205499 secs] [Times: user=0.33 sys=0.00, real=0.32 secs] 
[GC (Allocation Failure) [DefNew: 623616K->5910K(623616K), 0.0767652 secs] 1761617K->1208557K(2009472K), 0.0768069 secs] [Times: user=0.08 sys=0.00, real=0.08 secs] 
[GC (Allocation Failure) [DefNew: 560278K->69248K(623616K), 0.2913800 secs] 1762925K->1316630K(2009472K), 0.2914192 secs] [Times: user=0.30 sys=0.00, real=0.29 secs] 
[GC (Allocation Failure) [DefNew: 623616K->5908K(623616K), 0.0609792 secs] 1870998K->1317929K(2009472K), 0.0610203 secs] [Times: user=0.06 sys=0.00, real=0.06 secs] 
[GC (Allocation Failure) [DefNew: 560276K->560276K(623616K), 0.0000789 secs][Tenured: 1312020K->857429K(1385856K), 2.8916917 secs] 1872297K->857429K(2009472K), [Metaspace: 10544K->10544K(12288K)], 2.8918919 secs] [Times: user=2.85 sys=0.00, real=2.89 secs] 

*** PauseDetector detected a 2895 ms pause at Mon Dec 22 00:08:25 EET 2014 ***

[GC (Allocation Failure) [DefNew: 554368K->5882K(623616K), 0.0141269 secs] 1411797K->863311K(2009472K), 0.0141679 secs] [Times: user=0.02 sys=0.00, real=0.01 secs] 
[GC (Allocation Failure) [DefNew: 560250K->69247K(623616K), 0.2271872 secs] 1417679K->970371K(2009472K), 0.2272417 secs] [Times: user=0.23 sys=0.00, real=0.23 secs] 
[GC (Allocation Failure) [DefNew: 623615K->5902K(623616K), 0.0557279 secs] 1524739K->971663K(2009472K), 0.0558710 secs] [Times: user=0.06 sys=0.00, real=0.06 secs] 
[GC (Allocation Failure) [DefNew: 560270K->69248K(623616K), 0.1935256 secs] 1526031K->1077279K(2009472K), 0.1936167 secs] [Times: user=0.19 sys=0.00, real=0.19 secs] 
[GC (Allocation Failure) [DefNew: 623616K->5910K(623616K), 0.0605648 secs] 1631647K->1078528K(2009472K), 0.0606090 secs] [Times: user=0.06 sys=0.00, real=0.06 secs] 
[GC (Allocation Failure) [DefNew: 560278K->69247K(623616K), 0.1974976 secs] 1632896K->1183804K(2009472K), 0.1975425 secs] [Times: user=0.20 sys=0.00, real=0.20 secs] 
[GC (Allocation Failure) [DefNew: 623615K->5916K(623616K), 0.0547816 secs] 1738172K->1185067K(2009472K), 0.0548169 secs] [Times: user=0.05 sys=0.00, real=0.05 secs] 
[GC (Allocation Failure) [DefNew: 560284K->69248K(623616K), 0.1884308 secs] 1739435K->1290062K(2009472K), 0.1884700 secs] [Times: user=0.19 sys=0.00, real=0.19 secs] 
[GC (Allocation Failure) [DefNew: 623616K->5912K(623616K), 0.0533830 secs] 1844430K->1291304K(2009472K), 0.0534426 secs] [Times: user=0.05 sys=0.00, real=0.05 secs] 
[GC (Allocation Failure) [DefNew: 560280K->69248K(623616K), 0.2117746 secs] 1845672K->1396043K(2009472K), 0.2118336 secs] [Times: user=0.22 sys=0.00, real=0.21 secs] 
[GC (Allocation Failure) [DefNew: 623616K->623616K(623616K), 0.0000192 secs][Tenured: 1326795K->786668K(1385856K), 2.6671774 secs] 1950411K->786668K(2009472K), [Metaspace: 10544K->10544K(12288K)], 2.6672569 secs] [Times: user=2.67 sys=0.00, real=2.67 secs] 

*** PauseDetector detected a 2669 ms pause at Mon Dec 22 00:08:45 EET 2014 ***

[GC (Allocation Failure) [DefNew: 554368K->69247K(623616K), 0.1589216 secs] 1341036K->897138K(2009472K), 0.1589652 secs] [Times: user=0.16 sys=0.00, real=0.16 secs] 
[GC (Allocation Failure) [DefNew: 623615K->5917K(623616K), 0.0579715 secs] 1451506K->898377K(2009472K), 0.0580107 secs] [Times: user=0.06 sys=0.00, real=0.06 secs] 
[GC (Allocation Failure) [DefNew: 560285K->69247K(623616K), 0.1515043 secs] 1452745K->1002772K(2009472K), 0.1515601 secs] [Times: user=0.16 sys=0.00, real=0.15 secs] 
[GC (Allocation Failure) [DefNew: 623615K->5879K(623616K), 0.0511599 secs] 1557140K->1003971K(2009472K), 0.0512638 secs] [Times: user=0.05 sys=0.00, real=0.05 secs] 
[GC (Allocation Failure) [DefNew: 560247K->69248K(623616K), 0.1393541 secs] 1558339K->1107510K(2009472K), 0.1393926 secs] [Times: user=0.14 sys=0.00, real=0.14 secs] 
[GC (Allocation Failure) [DefNew: 623616K->5906K(623616K), 0.0623349 secs] 1661878K->1108711K(2009472K), 0.0623753 secs] [Times: user=0.08 sys=0.00, real=0.06 secs] 
[GC (Allocation Failure) [DefNew: 560274K->69248K(623616K), 0.1381916 secs] 1663079K->1212071K(2009472K), 0.1382327 secs] [Times: user=0.14 sys=0.00, real=0.14 secs] 
[GC (Allocation Failure) [DefNew: 623616K->5915K(623616K), 0.0561109 secs] 1766439K->1213278K(2009472K), 0.0561552 secs] [Times: user=0.05 sys=0.00, real=0.06 secs] 
[GC (Allocation Failure) [DefNew: 560283K->69248K(623616K), 0.1410068 secs] 1767646K->1316460K(2009472K), 0.1411133 secs] [Times: user=0.14 sys=0.00, real=0.14 secs] 
[GC (Allocation Failure) [DefNew: 623616K->5920K(623616K), 0.0580511 secs] 1870828K->1317705K(2009472K), 0.0580960 secs] [Times: user=0.06 sys=0.00, real=0.06 secs] 
[GC (Allocation Failure) [DefNew: 560288K->560288K(623616K), 0.0000192 secs][Tenured: 1311784K->853110K(1385856K), 2.6186139 secs] 1872073K->853110K(2009472K), [Metaspace: 10544K->10544K(12288K)], 2.6187685 secs] [Times: user=2.62 sys=0.00, real=2.62 secs] 

*** PauseDetector detected a 2622 ms pause at Mon Dec 22 00:09:05 EET 2014 ***

[GC (Allocation Failure) [DefNew: 554368K->5875K(623616K), 0.0130214 secs] 1407478K->858986K(2009472K), 0.0130676 secs] [Times: user=0.01 sys=0.00, real=0.01 secs] 
[GC (Allocation Failure) [DefNew: 560243K->69247K(623616K), 0.1287162 secs] 1413354K->962024K(2009472K), 0.1287592 secs] [Times: user=0.13 sys=0.00, real=0.13 secs] 
[GC (Allocation Failure) [DefNew: 623615K->5915K(623616K), 0.0483684 secs] 1516392K->963220K(2009472K), 0.0484088 secs] [Times: user=0.05 sys=0.00, real=0.05 secs] 
[GC (Allocation Failure) [DefNew: 560283K->69247K(623616K), 0.1222529 secs] 1517588K->1066114K(2009472K), 0.1222914 secs] [Times: user=0.13 sys=0.00, real=0.12 secs] 
[GC (Allocation Failure) [DefNew: 623615K->5877K(623616K), 0.0499069 secs] 1620482K->1067276K(2009472K), 0.0499486 secs] [Times: user=0.05 sys=0.00, real=0.05 secs] 
[GC (Allocation Failure) [DefNew: 560245K->69247K(623616K), 0.1339861 secs] 1621644K->1170124K(2009472K), 0.1340233 secs] [Times: user=0.14 sys=0.00, real=0.13 secs] 
[GC (Allocation Failure) [DefNew: 623615K->5865K(623616K), 0.0475992 secs] 1724492K->1171268K(2009472K), 0.0476498 secs] [Times: user=0.05 sys=0.00, real=0.05 secs] 
[GC (Allocation Failure) [DefNew: 560233K->69247K(623616K), 0.1322590 secs] 1725636K->1274005K(2009472K), 0.1323000 secs] [Times: user=0.13 sys=0.00, real=0.13 secs] 
[GC (Allocation Failure) [DefNew: 623615K->5907K(623616K), 0.0489445 secs] 1828373K->1275230K(2009472K), 0.0489850 secs] [Times: user=0.05 sys=0.00, real=0.05 secs] 
[GC (Allocation Failure) [DefNew: 560275K->69248K(623616K), 0.1329025 secs] 1829598K->1377416K(2009472K), 0.1329448 secs] [Times: user=0.14 sys=0.00, real=0.13 secs] 
[GC (Allocation Failure) [DefNew: 623616K->623616K(623616K), 0.0000199 secs][Tenured: 1308168K->852370K(1385856K), 2.5966316 secs] 1931784K->852370K(2009472K), [Metaspace: 10544K->10544K(12288K)], 2.5967169 secs] [Times: user=2.60 sys=0.00, real=2.60 secs] 

*** PauseDetector detected a 2602 ms pause at Mon Dec 22 00:09:24 EET 2014 ***

[GC (Allocation Failure) [DefNew: 554368K->69247K(623616K), 0.1431773 secs] 1406738K->960354K(2009472K), 0.1432177 secs] [Times: user=0.14 sys=0.00, real=0.14 secs] 
[GC (Allocation Failure) [DefNew: 623615K->5921K(623616K), 0.0515898 secs] 1514722K->961599K(2009472K), 0.0516437 secs] [Times: user=0.06 sys=0.00, real=0.05 secs] 
[GC (Allocation Failure) [DefNew: 560289K->69248K(623616K), 0.1094971 secs] 1515967K->1063617K(2009472K), 0.1095395 secs] [Times: user=0.11 sys=0.00, real=0.11 secs] 
[GC (Allocation Failure) [DefNew: 623616K->5917K(623616K), 0.0488400 secs] 1617985K->1064806K(2009472K), 0.0488823 secs] [Times: user=0.06 sys=0.00, real=0.05 secs] 
[GC (Allocation Failure) [DefNew: 560285K->69247K(623616K), 0.1237279 secs] 1619174K->1166741K(2009472K), 0.1237799 secs] [Times: user=0.13 sys=0.00, real=0.12 secs] 
[GC (Allocation Failure) [DefNew: 623615K->5908K(623616K), 0.0453357 secs] 1721109K->1167945K(2009472K), 0.0453838 secs] [Times: user=0.05 sys=0.00, real=0.05 secs] 
[GC (Allocation Failure) [DefNew: 560276K->69248K(623616K), 0.3658054 secs] 1722313K->1294570K(2009472K), 0.3658452 secs] [Times: user=0.36 sys=0.00, real=0.37 secs] 

*** PauseDetector detected a 369 ms pause at Mon Dec 22 00:09:35 EET 2014 ***

[GC (Allocation Failure) [DefNew: 623616K->5883K(623616K), 0.1034631 secs] 1848938K->1296179K(2009472K), 0.1035054 secs] [Times: user=0.11 sys=0.00, real=0.10 secs] 
[GC (Allocation Failure) [DefNew: 560251K->69248K(623616K), 0.5651238 secs] 1850547K->1415269K(2009472K), 0.5651687 secs] [Times: user=0.56 sys=0.00, real=0.57 secs] 

*** PauseDetector detected a 567 ms pause at Mon Dec 22 00:09:40 EET 2014 ***

[GC (Allocation Failure) [DefNew: 623616K->623616K(623616K), 0.0000205 secs][Tenured: 1346021K->869597K(1385856K), 2.6857125 secs] 1969637K->869597K(2009472K), [Metaspace: 10544K->10544K(12288K)], 2.6857972 secs] [Times: user=2.68 sys=0.00, real=2.69 secs] 

*** PauseDetector detected a 2691 ms pause at Mon Dec 22 00:09:44 EET 2014 ***

[GC (Allocation Failure) [DefNew: 554368K->69248K(623616K), 0.4493392 secs] 1423965K->992031K(2009472K), 0.4494111 secs] [Times: user=0.44 sys=0.00, real=0.45 secs] 

*** PauseDetector detected a 454 ms pause at Mon Dec 22 00:09:46 EET 2014 ***

[GC (Allocation Failure) [DefNew: 623616K->5883K(623616K), 0.1013581 secs] 1546399K->993469K(2009472K), 0.1013991 secs] [Times: user=0.09 sys=0.00, real=0.10 secs] 
[GC (Allocation Failure) [DefNew: 560251K->69248K(623616K), 0.3486426 secs] 1547837K->1105998K(2009472K), 0.3486901 secs] [Times: user=0.34 sys=0.00, real=0.35 secs] 

*** PauseDetector detected a 351 ms pause at Mon Dec 22 00:09:50 EET 2014 ***

[GC (Allocation Failure) [DefNew: 623616K->5886K(623616K), 0.0825131 secs] 1660366K->1107342K(2009472K), 0.0825606 secs] [Times: user=0.09 sys=0.00, real=0.08 secs] 
[GC (Allocation Failure) [DefNew: 560254K->69247K(623616K), 0.3309589 secs] 1661710K->1218585K(2009472K), 0.3309986 secs] [Times: user=0.33 sys=0.00, real=0.33 secs] 
[GC (Allocation Failure) [DefNew: 623615K->5887K(623616K), 0.0760377 secs] 1772953K->1219953K(2009472K), 0.0760864 secs] [Times: user=0.08 sys=0.00, real=0.08 secs] 
[GC (Allocation Failure) [DefNew: 560255K->69248K(623616K), 0.3007958 secs] 1774321K->1328709K(2009472K), 0.3008349 secs] [Times: user=0.30 sys=0.00, real=0.30 secs] 
[GC (Allocation Failure) [DefNew: 623616K->5912K(623616K), 0.0752492 secs] 1883077K->1330049K(2009472K), 0.0752986 secs] [Times: user=0.08 sys=0.00, real=0.08 secs] 
[GC (Allocation Failure) [DefNew: 560280K->560280K(623616K), 0.0000192 secs][Tenured: 1324136K->788681K(1385856K), 2.7210851 secs] 1884417K->788681K(2009472K), [Metaspace: 10544K->10544K(12288K)], 2.7211640 secs]
*** PauseDetector detected a 2721 ms pause at Mon Dec 22 00:10:02 EET 2014 ***
 [Times: user=2.71 sys=0.00, real=2.72 secs] 

[GC (Allocation Failure) [DefNew: 554368K->5870K(623616K), 0.0126461 secs] 1343049K->794552K(2009472K), 0.0126852 secs] [Times: user=0.02 sys=0.00, real=0.01 secs] 
[GC (Allocation Failure) [DefNew: 560238K->69247K(623616K), 0.2525852 secs] 1348920K->902104K(2009472K), 0.2526321 secs] [Times: user=0.25 sys=0.00, real=0.25 secs] 
[GC (Allocation Failure) [DefNew: 623615K->5922K(623616K), 0.0636995 secs] 1456472K->903391K(2009472K), 0.0637393 secs] [Times: user=0.08 sys=0.00, real=0.06 secs] 
[GC (Allocation Failure) [DefNew: 560290K->69248K(623616K), 0.2134780 secs] 1457759K->1010438K(2009472K), 0.2135306 secs] [Times: user=0.22 sys=0.00, real=0.21 secs] 
[GC (Allocation Failure) [DefNew: 623616K->5882K(623616K), 0.0595042 secs] 1564806K->1011682K(2009472K), 0.0595453 secs] [Times: user=0.06 sys=0.00, real=0.06 secs] 
[GC (Allocation Failure) [DefNew: 560250K->69247K(623616K), 0.2061646 secs] 1566050K->1117285K(2009472K), 0.2062083 secs] [Times: user=0.20 sys=0.00, real=0.21 secs] 
[GC (Allocation Failure) [DefNew: 623615K->5923K(623616K), 0.0606867 secs] 1671653K->1118580K(2009472K), 0.0607277 secs] [Times: user=0.05 sys=0.00, real=0.06 secs] 
[GC (Allocation Failure) [DefNew: 560291K->69248K(623616K), 0.1999394 secs] 1672948K->1223870K(2009472K), 0.1999824 secs] [Times: user=0.20 sys=0.00, real=0.20 secs] 
[GC (Allocation Failure) [DefNew: 623616K->5923K(623616K), 0.0544024 secs] 1778238K->1225115K(2009472K), 0.0544403 secs] [Times: user=0.05 sys=0.00, real=0.05 secs] 
[GC (Allocation Failure) [DefNew: 560291K->69247K(623616K), 0.2006208 secs] 1779483K->1330079K(2009472K), 0.2006702 secs] [Times: user=0.20 sys=0.00, real=0.20 secs] 
[GC (Allocation Failure) [DefNew: 623615K->5926K(623616K), 0.0673251 secs] 1884447K->1331358K(2009472K), 0.0673706 secs] [Times: user=0.08 sys=0.00, real=0.07 secs] 
[GC (Allocation Failure) [DefNew: 560294K->560294K(623616K), 0.0000218 secs][Tenured: 1325431K->854717K(1385856K), 2.7157081 secs] 1885726K->854717K(2009472K), [Metaspace: 10544K->10544K(12288K)], 2.7157960 secs] [Times: user=2.71 sys=0.00, real=2.72 secs] 

*** PauseDetector detected a 2720 ms pause at Mon Dec 22 00:10:24 EET 2014 ***

[GC (Allocation Failure) [DefNew: 554368K->5891K(623616K), 0.0122689 secs] 1409085K->860609K(2009472K), 0.0123170 secs] [Times: user=0.02 sys=0.00, real=0.01 secs] 
[GC (Allocation Failure) [DefNew: 560259K->69247K(623616K), 0.1535426 secs] 1414977K->965163K(2009472K), 0.1535849 secs] [Times: user=0.14 sys=0.00, real=0.15 secs] 
[Full GC (System.gc()) [Tenured: 895915K->854369K(1385856K), 2.4157014 secs] 965476K->854369K(2009472K), [Metaspace: 10544K->10544K(12288K)], 2.4157630 secs] [Times: user=2.42 sys=0.00, real=2.42 secs] 
[Full GC (System.gc()) [Tenured
*** PauseDetector detected a 4891 ms pause at Mon Dec 22 00:10:32 EET 2014 ***

: 854369K->854369K(1385856K), 2.4721947 secs] 854369K->854369K(2009472K), [Metaspace: 10544K->10544K(12288K)], 2.4722429 secs] [Times: user=2.47 sys=0.00, real=2.47 secs] 
[Full GC (System.gc()) [Tenured: 854369K->785087K(1385856K), 2.4065853 secs] 854371K->785087K(2009472K), [Metaspace: 10544K->10544K(12288K)], 2.4066289 secs] [Times: user=2.37 sys=0.00, real=2.41 secs] 

*** PauseDetector detected a 2407 ms pause at Mon Dec 22 00:10:35 EET 2014 ***

[Full GC (System.gc()) [Tenured: 785087K->785307K(1385856K), 2.3535603 secs] 796222K->785307K(2009472K), [Metaspace: 10544K->10544K(12288K)], 2.3536206 secs] [Times: user=2.36 sys=0.00, real=2.35 secs] 
[Full GC (System.gc()) [Tenured: 785307K->785307K(1385856K), 2.3632795 secs] 796441K->785307K(2009472K), [Metaspace: 10544K->10544K(12288K)], 2.3633206 secs] [Times: user=2.36 sys=0.00, real=2.36 secs] 
[Full GC (System.gc()) [Tenured: 785307K->785307K(1385856K), 2.3102276 secs] 785309K->785307K(2009472K), [Metaspace: 10544K->10544K(12288K)], 2.3102693 secs] [Times: user=2.29 sys=0.00, real=2.31 secs] 

*** PauseDetector detected a 2358 ms pause at Mon Dec 22 00:10:37 EET 2014 ***


*** PauseDetector detected a 4680 ms pause at Mon Dec 22 00:10:42 EET 2014 ***

[GC (Allocation Failure) [DefNew: 554368K->69247K(623616K), 0.1636012 secs] 1339675K->895639K(2009472K), 0.1636397 secs] [Times: user=0.16 sys=0.00, real=0.16 secs] 
[GC (Allocation Failure) [DefNew: 623615K->5954K(623616K), 0.0515891 secs] 1450007K->896869K(2009472K), 0.0516295 secs] [Times: user=0.05 sys=0.00, real=0.05 secs] 
[GC (Allocation Failure) [DefNew: 560322K->69248K(623616K), 0.1416670 secs] 1451237K->1000400K(2009472K), 0.1418223 secs] [Times: user=0.14 sys=0.00, real=0.14 secs] 
[GC (Allocation Failure) [DefNew: 623616K->5954K(623616K), 0.0543979 secs] 1554768K->1001607K(2009472K), 0.0544371 secs] [Times: user=0.05 sys=0.00, real=0.05 secs] 
[GC (Allocation Failure) [DefNew: 560322K->69247K(623616K), 0.1620069 secs] 1555975K->1104960K(2009472K), 0.1620563 secs] [Times: user=0.17 sys=0.00, real=0.16 secs] 
[GC (Allocation Failure) [DefNew: 623615K->5952K(623616K), 0.0485134 secs] 1659328K->1106162K(2009472K), 0.0485513 secs] [Times: user=0.05 sys=0.00, real=0.05 secs] 
[Full GC (System.gc()) [Tenured: 1100210K->779426K(1385856K), 2.5199075 secs] 1228641K->779426K(2009472K), [Metaspace: 10544K->10544K(12288K)], 2.5199614 secs] [Times: user=2.51 sys=0.00, real=2.52 secs] 
[Full GC (System.gc()) [Tenured: 779426K->779426K(1385856K), 2.4284187 secs] 779426K->779426K(2009472K), [Metaspace: 10544K->10544K(12288K)], 2.4284617 secs] [Times: user=2.40 sys=0.00, real=2.43 secs] 
[Full GC (System.gc()) [Tenured: 779426K->779427K(1385856K), 2.3530721 secs] 790561K->779427K(2009472K), [Metaspace: 10544K->10544K(12288K)]
*** PauseDetector detected a 4952 ms pause at Mon Dec 22 00:10:57 EET 2014 ***

, 2.3531150 secs] [Times: user=2.36 sys=0.00, real=2.35 secs] 
********************************
********** ROUND   15 **********
********************************

*** PauseDetector detected a 2359 ms pause at Mon Dec 22 00:10:59 EET 2014 ***

[GC (Allocation Failure) [DefNew: 554368K->5873K(623616K), 0.0113232 secs] 1333795K->785301K(2009472K), 0.0113623 secs] [Times: user=0.01 sys=0.00, real=0.01 secs] 
[GC (Allocation Failure) [DefNew: 560241K->69247K(623616K), 0.1289080 secs] 1339669K->888396K(2009472K), 0.1290440 secs] [Times: user=0.13 sys=0.00, real=0.13 secs] 
[GC (Allocation Failure) [DefNew: 623615K->5879K(623616K), 0.0592662 secs] 1442764K->889609K(2009472K), 0.0593169 secs] [Times: user=0.06 sys=0.00, real=0.06 secs] 
[GC (Allocation Failure) [DefNew: 560247K->69247K(623616K), 0.1254505 secs] 1443977K->992609K(2009472K), 0.1254942 secs] [Times: user=0.13 sys=0.00, real=0.13 secs] 
[GC (Allocation Failure) [DefNew: 623615K->5894K(623616K), 0.0560320 secs] 1546977K->993818K(2009472K), 0.0560769 secs] [Times: user=0.06 sys=0.00, real=0.06 secs] 
[GC (Allocation Failure) [DefNew: 560262K->69247K(623616K), 0.1245915 secs] 1548186K->1096710K(2009472K), 0.1246338 secs] [Times: user=0.12 sys=0.00, real=0.12 secs] 
[GC (Allocation Failure) [DefNew: 623615K->5898K(623616K), 0.0521697 secs] 1651078K->1097917K(2009472K), 0.0522114 secs] [Times: user=0.06 sys=0.00, real=0.05 secs] 
[GC (Allocation Failure) [DefNew: 560266K->69247K(623616K), 0.1298152 secs] 1652285K->1200719K(2009472K), 0.1298556 secs] [Times: user=0.14 sys=0.00, real=0.13 secs] 
[GC (Allocation Failure) [DefNew: 623615K->5871K(623616K), 0.0515429 secs] 1755087K->1201893K(2009472K), 0.0515827 secs] [Times: user=0.05 sys=0.00, real=0.05 secs] 
[GC (Allocation Failure) [DefNew: 560239K->69247K(623616K), 0.1367352 secs] 1756261K->1304636K(2009472K), 0.1367782 secs] [Times: user=0.14 sys=0.00, real=0.14 secs] 
[GC (Allocation Failure) [DefNew: 623615K->5900K(623616K), 0.0561090 secs] 1859004K->1305842K(2009472K), 0.0561488 secs] [Times: user=0.06 sys=0.00, real=0.06 secs] 
[GC (Allocation Failure) [DefNew: 560268K->69247K(623616K), 0.1418204 secs] 1860210K->1408014K(2009472K), 0.1418653 secs] [Times: user=0.14 sys=0.00, real=0.14 secs] 
[GC (Allocation Failure) [DefNew: 623615K->623615K(623616K), 0.0000199 secs][Tenured: 1338766K->853295K(1385856K), 2.6260029 secs] 1962382K->853295K(2009472K), [Metaspace: 10544K->10544K(12288K)], 2.6260992 secs] [Times: user=2.64 sys=0.00, real=2.63 secs] 

*** PauseDetector detected a 2626 ms pause at Mon Dec 22 00:11:22 EET 2014 ***

[GC (Allocation Failure) [DefNew: 554368K->69248K(623616K), 0.1222395 secs] 1407663K->961300K(2009472K), 0.1222780 secs] [Times: user=0.12 sys=0.00, real=0.12 secs] 
[GC (Allocation Failure) [DefNew: 623616K->5868K(623616K), 0.0437016 secs] 1515668K->962448K(2009472K), 0.0437394 secs] [Times: user=0.05 sys=0.00, real=0.04 secs] 
[GC (Allocation Failure) [DefNew: 560236K->69247K(623616K), 0.1194929 secs] 1516816K->1064511K(2009472K), 0.1195333 secs] [Times: user=0.13 sys=0.00, real=0.12 secs] 
[GC (Allocation Failure) [DefNew: 623615K->5903K(623616K), 0.0462474 secs] 1618879K->1065695K(2009472K), 0.0462891 secs] [Times: user=0.05 sys=0.00, real=0.05 secs] 
[GC (Allocation Failure) [DefNew: 560271K->69248K(623616K), 0.1461112 secs] 1620063K->1167663K(2009472K), 0.1461664 secs] [Times: user=0.14 sys=0.00, real=0.15 secs] 
[GC (Allocation Failure) [DefNew: 623616K->5874K(623616K), 0.0480220 secs] 1722031K->1168814K(2009472K), 0.0480611 secs] [Times: user=0.05 sys=0.00, real=0.05 secs] 
[GC (Allocation Failure) [DefNew: 560242K->69247K(623616K), 0.3516830 secs] 1723182K->1295447K(2009472K), 0.3517337 secs] [Times: user=0.36 sys=0.00, real=0.35 secs] 

*** PauseDetector detected a 354 ms pause at Mon Dec 22 00:11:33 EET 2014 ***

[GC (Allocation Failure) [DefNew: 623615K->5883K(623616K), 0.1179621 secs] 1849815K->1297082K(2009472K), 0.1180031 secs] [Times: user=0.11 sys=0.00, real=0.12 secs] 
[GC (Allocation Failure) [DefNew: 560251K->69247K(623616K), 0.4965836 secs] 1851450K->1416148K(2009472K), 0.4966292 secs] [Times: user=0.50 sys=0.00, real=0.50 secs] 

*** PauseDetector detected a 501 ms pause at Mon Dec 22 00:11:37 EET 2014 ***

[GC (Allocation Failure) [DefNew: 623615K->623615K(623616K), 0.0000199 secs][Tenured: 1346900K->800317K(1385856K), 2.7388067 secs] 1970516K->800317K(2009472K), [Metaspace: 10546K->10546K(12288K)], 2.7388825 secs] [Times: user=2.73 sys=0.00, real=2.74 secs] 

*** PauseDetector detected a 2739 ms pause at Mon Dec 22 00:11:41 EET 2014 ***

[GC (Allocation Failure) [DefNew: 554368K->69247K(623616K), 0.4176518 secs] 1354685K->922735K(2009472K), 0.4176916 secs] [Times: user=0.41 sys=0.00, real=0.42 secs] 

*** PauseDetector detected a 421 ms pause at Mon Dec 22 00:11:43 EET 2014 ***

[GC (Allocation Failure) [DefNew: 623615K->5890K(623616K), 0.0852975 secs] 1477103K->924191K(2009472K), 0.0853360 secs] [Times: user=0.09 sys=0.00, real=0.09 secs] 
[GC (Allocation Failure) [DefNew: 560258K->69248K(623616K), 0.3240985 secs] 1478559K->1036696K(2009472K), 0.3241408 secs] [Times: user=0.33 sys=0.00, real=0.32 secs] 
[GC (Allocation Failure) [DefNew: 623616K->5904K(623616K), 0.0803458 secs] 1591064K->1038076K(2009472K), 0.0803882 secs] [Times: user=0.08 sys=0.00, real=0.08 secs] 
[GC (Allocation Failure) [DefNew: 560272K->69248K(623616K), 0.3529052 secs] 1592444K->1149324K(2009472K), 0.3529540 secs] [Times: user=0.34 sys=0.00, real=0.35 secs] 

*** PauseDetector detected a 354 ms pause at Mon Dec 22 00:11:51 EET 2014 ***

[GC (Allocation Failure) [DefNew: 623616K->5909K(623616K), 0.0747045 secs] 1703692K->1150690K(2009472K), 0.0747423 secs] [Times: user=0.08 sys=0.00, real=0.08 secs] 
[GC (Allocation Failure) [DefNew: 560277K->69247K(623616K), 0.2922070 secs] 1705058K->1259455K(2009472K), 0.2923046 secs] [Times: user=0.28 sys=0.00, real=0.29 secs] 
[GC (Allocation Failure) [DefNew: 623615K->5913K(623616K), 0.0870856 secs] 1813823K->1260765K(2009472K), 0.0871299 secs] [Times: user=0.08 sys=0.00, real=0.09 secs] 
[GC (Allocation Failure) [DefNew: 560281K->69247K(623616K), 0.2884121 secs] 1815133K->1368835K(2009472K), 0.2884525 secs] [Times: user=0.30 sys=0.00, real=0.29 secs] 
[GC (Allocation Failure) [DefNew: 623615K->5910K(623616K), 0.0744273 secs] 1923203K->1370136K(2009472K), 0.0744728 secs] [Times: user=0.08 sys=0.00, real=0.07 secs] 
[GC (Allocation Failure) [DefNew: 560278K->560278K(623616K), 0.0000346 secs][Tenured: 1364225K->855063K(1385856K), 3.0182451 secs] 1924504K->855063K(2009472K), [Metaspace: 10546K->10546K(12288K)], 3.0183568 secs] [Times: user=3.03 sys=0.00, real=3.02 secs] 

*** PauseDetector detected a 3020 ms pause at Mon Dec 22 00:12:04 EET 2014 ***

[GC (Allocation Failure) [DefNew: 554368K->5902K(623616K), 0.0122952 secs] 1409431K->860965K(2009472K), 0.0123343 secs] [Times: user=0.01 sys=0.00, real=0.01 secs] 
[GC (Allocation Failure) [DefNew: 560270K->69247K(623616K), 0.2170195 secs] 1415333K->968021K(2009472K), 0.2171183 secs] [Times: user=0.22 sys=0.00, real=0.22 secs] 
[GC (Allocation Failure) [DefNew: 623615K->5885K(623616K), 0.0648851 secs] 1522389K->969280K(2009472K), 0.0649320 secs] [Times: user=0.06 sys=0.00, real=0.07 secs] 
[GC (Allocation Failure) [DefNew: 560253K->69248K(623616K), 0.1945868 secs] 1523648K->1074896K(2009472K), 0.1946368 secs] [Times: user=0.19 sys=0.00, real=0.19 secs] 
[GC (Allocation Failure) [DefNew: 623616K->5887K(623616K), 0.0589230 secs] 1629264K->1076138K(2009472K), 0.0589679 secs] [Times: user=0.06 sys=0.00, real=0.06 secs] 
[GC (Allocation Failure) [DefNew: 560255K->69248K(623616K), 0.1881697 secs] 1630506K->1181423K(2009472K), 0.1882121 secs] [Times: user=0.19 sys=0.00, real=0.19 secs] 
[GC (Allocation Failure) [DefNew: 623616K->5918K(623616K), 0.0688360 secs] 1735791K->1182703K(2009472K), 0.0689181 secs] [Times: user=0.06 sys=0.00, real=0.07 secs] 
[GC (Allocation Failure) [DefNew: 560286K->69247K(623616K), 0.1828928 secs] 1737071K->1287695K(2009472K), 0.1829396 secs] [Times: user=0.19 sys=0.00, real=0.18 secs] 
[GC (Allocation Failure) [DefNew: 623615K->5911K(623616K), 0.0525913 secs] 1842063K->1288937K(2009472K), 0.0526304 secs] [Times: user=0.06 sys=0.00, real=0.05 secs] 
[GC (Allocation Failure) [DefNew: 560279K->69248K(623616K), 0.1920243 secs] 1843305K->1393700K(2009472K), 0.1920731 secs] [Times: user=0.19 sys=0.00, real=0.19 secs] 
[GC (Allocation Failure) [DefNew: 623616K->623616K(623616K), 0.0000205 secs][Tenured: 1324452K->855929K(1385856K), 2.7316724 secs] 1948068K->855929K(2009472K), [Metaspace: 10546K->10546K(12288K)], 2.7318270 secs] [Times: user=2.73 sys=0.00, real=2.73 secs] 

*** PauseDetector detected a 2737 ms pause at Mon Dec 22 00:12:24 EET 2014 ***

[GC (Allocation Failure) [DefNew: 554368K->69248K(623616K), 0.1584243 secs] 1410297K->966392K(2009472K), 0.1584667 secs] [Times: user=0.16 sys=0.00, real=0.16 secs] 
[GC (Allocation Failure) [DefNew: 623616K->5916K(623616K), 0.0564337 secs] 1520760K->967638K(2009472K), 0.0564741 secs] [Times: user=0.06 sys=0.00, real=0.06 secs] 
[GC (Allocation Failure) [DefNew: 560284K->69248K(623616K), 0.1466174 secs] 1522006K->1072012K(2009472K), 0.1466636 secs] [Times: user=0.16 sys=0.00, real=0.15 secs] 
[GC (Allocation Failure) [DefNew: 623616K->5914K(623616K), 0.0645053 secs] 1626380K->1073243K(2009472K), 0.0645701 secs] [Times: user=0.06 sys=0.00, real=0.07 secs] 
[GC (Allocation Failure) [DefNew: 560282K->69248K(623616K), 0.1630058 secs] 1627611K->1176774K(2009472K), 0.1630527 secs] [Times: user=0.17 sys=0.00, real=0.16 secs] 
[GC (Allocation Failure) [DefNew: 623616K->5897K(623616K), 0.0563830 secs] 1731142K->1177963K(2009472K), 0.0564253 secs] [Times: user=0.05 sys=0.00, real=0.06 secs] 
[GC (Allocation Failure) [DefNew: 560265K->69247K(623616K), 0.1372972 secs] 1732331K->1281336K(2009472K), 0.1373364 secs] [Times: user=0.14 sys=0.00, real=0.14 secs] 
[GC (Allocation Failure) [DefNew: 623615K->5875K(623616K), 0.0618447 secs] 1835704K->1282499K(2009472K), 0.0618877 secs] [Times: user=0.06 sys=0.00, real=0.06 secs] 
[GC (Allocation Failure) [DefNew: 560243K->69247K(623616K), 0.1412654 secs] 1836867K->1385756K(2009472K), 0.1413084 secs] [Times: user=0.14 sys=0.00, real=0.14 secs] 
[GC (Allocation Failure) [DefNew: 623615K->623615K(623616K), 0.0000289 secs][Tenured: 1316508K->854402K(1385856K), 2.7730951 secs] 1940124K->854402K(2009472K), [Metaspace: 10546K->10546K(12288K)]
*** PauseDetector detected a 2775 ms pause at Mon Dec 22 00:12:42 EET 2014 ***

, 2.7731926 secs] [Times: user=2.75 sys=0.00, real=2.77 secs] 
[GC (Allocation Failure) [DefNew: 554368K->69247K(623616K), 0.1289240 secs] 1408770K->963418K(2009472K), 0.1289645 secs] [Times: user=0.13 sys=0.00, real=0.13 secs] 
[GC (Allocation Failure) [DefNew: 623615K->5917K(623616K), 0.0533515 secs] 1517786K->964622K(2009472K), 0.0533913 secs] [Times: user=0.06 sys=0.00, real=0.05 secs] 
[GC (Allocation Failure) [DefNew: 560285K->69247K(623616K), 0.1398308 secs] 1518990K->1067616K(2009472K), 0.1398796 secs] [Times: user=0.14 sys=0.00, real=0.14 secs] 
[GC (Allocation Failure) [DefNew: 623615K->5918K(623616K), 0.0477243 secs] 1621984K->1068817K(2009472K), 0.0477673 secs] [Times: user=0.05 sys=0.00, real=0.05 secs] 
[GC (Allocation Failure) [DefNew: 560286K->69247K(623616K), 0.1244914 secs] 1623185K->1171709K(2009472K), 0.1245331 secs] [Times: user=0.13 sys=0.00, real=0.13 secs] 
[GC (Allocation Failure) [DefNew: 623615K->5875K(623616K), 0.0496330 secs] 1726077K->1172869K(2009472K), 0.0496721 secs] [Times: user=0.06 sys=0.00, real=0.05 secs] 
[GC (Allocation Failure) [DefNew: 560243K->69247K(623616K), 0.1448473 secs] 1727237K->1275717K(2009472K), 0.1448858 secs] [Times: user=0.16 sys=0.00, real=0.14 secs] 
[GC (Allocation Failure) [DefNew: 623615K->5918K(623616K), 0.0495431 secs] 1830085K->1276916K(2009472K), 0.0495900 secs] [Times: user=0.05 sys=0.00, real=0.05 secs] 
[GC (Allocation Failure) [DefNew: 560286K->69248K(623616K), 0.1507549 secs] 1831284K->1379635K(2009472K), 0.1507954 secs] [Times: user=0.16 sys=0.00, real=0.15 secs] 
[GC (Allocation Failure) [DefNew: 623616K->623616K(623616K), 0.0000186 secs][Tenured: 1310387K->784613K(1385856K), 2.8005116 secs] 1934003K->784613K(2009472K), [Metaspace: 10546K->10546K(12288K)], 2.8005886 secs] [Times: user=2.79 sys=0.00, real=2.80 secs] 

*** PauseDetector detected a 2806 ms pause at Mon Dec 22 00:13:01 EET 2014 ***

[GC (Allocation Failure) [DefNew: 554368K->69248K(623616K), 0.1171935 secs] 1338981K->892664K(2009472K), 0.1172332 secs] [Times: user=0.11 sys=0.00, real=0.12 secs] 
[GC (Allocation Failure) [DefNew: 623616K->5913K(623616K), 0.0459933 secs] 1447032K->893883K(2009472K), 0.0460408 secs] [Times: user=0.05 sys=0.00, real=0.05 secs] 
[GC (Allocation Failure) [DefNew: 560281K->69248K(623616K), 0.1539365 secs] 1448251K->995990K(2009472K), 0.1539846 secs] [Times: user=0.16 sys=0.00, real=0.15 secs] 
[GC (Allocation Failure) [DefNew: 623616K->5923K(623616K), 0.0467010 secs] 1550358K->997176K(2009472K), 0.0468049 secs] [Times: user=0.05 sys=0.00, real=0.05 secs] 
[GC (Allocation Failure) [DefNew: 560291K->69247K(623616K), 0.1167687 secs] 1551544K->1099202K(2009472K), 0.1168079 secs] [Times: user=0.13 sys=0.00, real=0.12 secs] 
[GC (Allocation Failure) [DefNew: 623615K->5919K(623616K), 0.0472700 secs] 1653570K->1100384K(2009472K), 0.0473111 secs] [Times: user=0.05 sys=0.00, real=0.05 secs] 
[GC (Allocation Failure) [DefNew: 560287K->69247K(623616K), 0.1206086 secs] 1654752K->1202352K(2009472K), 0.1206490 secs] [Times: user=0.11 sys=0.00, real=0.12 secs] 
[GC (Allocation Failure) [DefNew: 623615K->5907K(623616K), 0.0508276 secs] 1756720K->1203521K(2009472K), 0.0508673 secs] [Times: user=0.06 sys=0.00, real=0.05 secs] 
[GC (Allocation Failure) [DefNew: 560275K->69248K(623616K), 0.3389747 secs] 1757889K->1330130K(2009472K), 0.3390183 secs] [Times: user=0.33 sys=0.00, real=0.34 secs] 
[GC (Allocation Failure) [DefNew: 623616K->5904K(623616K), 0.1104165 secs] 1884498K->1331776K(2009472K), 0.1104582 secs] [Times: user=0.11 sys=0.00, real=0.11 secs] 
[GC (Allocation Failure) [DefNew: 560272K->560272K(623616K), 0.0000295 secs][Tenured: 1325872K->868141K(1385856K), 2.9008220 secs] 1886144K->868141K(2009472K), [Metaspace: 10546K->10546K(12288K)]
*** PauseDetector detected a 2905 ms pause at Mon Dec 22 00:13:22 EET 2014 ***

, 2.9009169 secs] [Times: user=2.90 sys=0.00, real=2.90 secs] 
[GC (Allocation Failure) [DefNew: 554368K->5921K(623616K), 0.0146023 secs] 1422509K->874062K(2009472K), 0.0146433 secs] [Times: user=0.02 sys=0.00, real=0.02 secs] 
[GC (Allocation Failure) [DefNew: 560289K->69248K(623616K), 0.4872346 secs] 1428430K->990573K(2009472K), 0.4872769 secs] [Times: user=0.48 sys=0.00, real=0.49 secs] 

*** PauseDetector detected a 489 ms pause at Mon Dec 22 00:13:25 EET 2014 ***

[GC (Allocation Failure) [DefNew: 623616K->5881K(623616K), 0.0828024 secs] 1544941K->992006K(2009472K), 0.0828461 secs] [Times: user=0.09 sys=0.00, real=0.08 secs] 
[GC (Allocation Failure) [DefNew: 560249K->69248K(623616K), 0.3524690 secs] 1546374K->1104537K(2009472K), 0.3525184 secs] [Times: user=0.36 sys=0.00, real=0.35 secs] 

*** PauseDetector detected a 353 ms pause at Mon Dec 22 00:13:29 EET 2014 ***

[GC (Allocation Failure) [DefNew: 623616K->5921K(623616K), 0.0788888 secs] 1658905K->1105917K(2009472K), 0.0789299 secs] [Times: user=0.08 sys=0.00, real=0.08 secs] 
[GC (Allocation Failure) [DefNew: 560289K->69248K(623616K), 0.3546677 secs] 1660285K->1217164K(2009472K), 0.3547087 secs] [Times: user=0.36 sys=0.00, real=0.36 secs] 

*** PauseDetector detected a 357 ms pause at Mon Dec 22 00:13:32 EET 2014 ***

[GC (Allocation Failure) [DefNew: 623616K->5877K(623616K), 0.0754808 secs] 1771532K->1218483K(2009472K), 0.0755212 secs] [Times: user=0.08 sys=0.00, real=0.07 secs] 
[GC (Allocation Failure) [DefNew: 560245K->69247K(623616K), 0.3025011 secs] 1772851K->1327295K(2009472K), 0.3025595 secs] [Times: user=0.30 sys=0.00, real=0.30 secs] 
[GC (Allocation Failure) [DefNew: 623615K->5921K(623616K), 0.0693819 secs] 1881663K->1328597K(2009472K), 0.0694236 secs] [Times: user=0.06 sys=0.00, real=0.07 secs] 
[GC (Allocation Failure) [DefNew: 560289K->560289K(623616K), 0.0000199 secs][Tenured: 1322675K->857973K(1385856K), 2.9253886 secs] 1882965K->857973K(2009472K), [Metaspace: 10546K->10546K(12288K)]
*** PauseDetector detected a 2926 ms pause at Mon Dec 22 00:13:42 EET 2014 ***

, 2.9254739 secs] [Times: user=2.92 sys=0.00, real=2.93 secs] 
[GC (Allocation Failure) [DefNew: 554368K->5921K(623616K), 0.0122310 secs] 1412341K->863894K(2009472K), 0.0122721 secs] [Times: user=0.02 sys=0.00, real=0.01 secs] 
[GC (Allocation Failure) [DefNew: 560289K->69248K(623616K), 0.2363726 secs] 1418262K->971342K(2009472K), 0.2364124 secs] [Times: user=0.23 sys=0.00, real=0.24 secs] 
[GC (Allocation Failure) [DefNew: 623616K->5925K(623616K), 0.0709217 secs] 1525710K->972686K(2009472K), 0.0709666 secs] [Times: user=0.08 sys=0.00, real=0.07 secs] 
[GC (Allocation Failure) [DefNew: 560293K->69248K(623616K), 0.2133439 secs] 1527054K->1079732K(2009472K), 0.2133830 secs] [Times: user=0.22 sys=0.00, real=0.21 secs] 
[GC (Allocation Failure) [DefNew: 623616K->5919K(623616K), 0.0593131 secs] 1634100K->1081012K(2009472K), 0.0594606 secs] [Times: user=0.06 sys=0.00, real=0.06 secs] 
[GC (Allocation Failure) [DefNew: 560287K->69248K(623616K), 0.2272892 secs] 1635380K->1186604K(2009472K), 0.2273354 secs] [Times: user=0.23 sys=0.00, real=0.23 secs] 
[GC (Allocation Failure) [DefNew: 623616K->5910K(623616K), 0.0588595 secs] 1740972K->1187859K(2009472K), 0.0588973 secs] [Times: user=0.05 sys=0.00, real=0.06 secs] 
[GC (Allocation Failure) [DefNew: 560278K->69247K(623616K), 0.1801815 secs] 1742227K->1293149K(2009472K), 0.1803354 secs] [Times: user=0.19 sys=0.00, real=0.18 secs] 
[GC (Allocation Failure) [DefNew: 623615K->5925K(623616K), 0.0623804 secs] 1847517K->1294409K(2009472K), 0.0624215 secs] [Times: user=0.03 sys=0.00, real=0.06 secs] 
[GC (Allocation Failure) [DefNew: 560293K->69247K(623616K), 0.2157164 secs] 1848777K->1399411K(2009472K), 0.2157678 secs] [Times: user=0.22 sys=0.00, real=0.22 secs] 
[GC (Allocation Failure) [DefNew: 623615K->623615K(623616K), 0.0000192 secs][Tenured: 1330163K->856144K(1385856K), 2.7775092 secs] 1953779K->856144K(2009472K), [Metaspace: 10546K->10546K(12288K)], 2.7776016 secs] [Times: user=2.78 sys=0.00, real=2.78 secs] 

*** PauseDetector detected a 2795 ms pause at Mon Dec 22 00:14:02 EET 2014 ***

[GC (Allocation Failure) [DefNew: 554368K->69248K(623616K), 0.1884065 secs] 1410512K->966827K(2009472K), 0.1884482 secs] [Times: user=0.20 sys=0.00, real=0.19 secs] 
[Full GC (System.gc()) [Tenured: 897579K->782048K(1385856K), 2.5103897 secs] 1089955K->782048K(2009472K), [Metaspace: 10546K->10546K(12288K)], 2.5105167 secs] [Times: user=2.48 sys=0.00, real=2.51 secs] 
[Full GC (System.gc()) [Tenured: 782048K->782048K(1385856K), 2.3131307 secs] 782048K->782048K(2009472K), [Metaspace: 10546K->10546K(12288K)], 2.3131692 secs] [Times: user=2.32 sys=0.00, real=2.31 secs] 

*** PauseDetector detected a 4826 ms pause at Mon Dec 22 00:14:09 EET 2014 ***

[Full GC (System.gc()) [Tenured: 782048K->782048K(1385856K), 2.5276712 secs] 793183K->782048K(2009472K), [Metaspace: 10546K->10546K(12288K)], 2.5277180 secs] [Times: user=2.51 sys=0.00, real=2.53 secs] 
[Full GC (System.gc()) [Tenured: 782048K->782050K(1385856K), 2.2571148 secs] 793181K->782050K(2009472K), [Metaspace: 10546K->10546K(12288K)], 2.2571622 secs] [Times: user=2.26 sys=0.00, real=2.26 secs] 
[Full GC (System.gc()) [Tenured: 782050K->777793K(1385856K), 2.2816172 secs] 782050K->777793K(2009472K), [Metaspace: 10547K->10547K(12288K)], 2.2816608 secs] [Times: user=2.26 sys=0.00, real=2.28 secs] 

*** PauseDetector detected a 7070 ms pause at Mon Dec 22 00:14:16 EET 2014 ***

[Full GC (System.gc()) [Tenured: 777793K->777794K(1385856K), 2.4855305 secs] 788928K->777794K(2009472K), [Metaspace: 10549K->10549K(12288K)], 2.4855703 secs] [Times: user=2.46 sys=0.00, real=2.49 secs] 

*** PauseDetector detected a 2486 ms pause at Mon Dec 22 00:14:19 EET 2014 ***

[GC (Allocation Failure) [DefNew: 554368K->69247K(623616K), 0.1520317 secs] 1332162K->888237K(2009472K), 0.1520740 secs] [Times: user=0.16 sys=0.00, real=0.15 secs] 
[GC (Allocation Failure) [DefNew: 623615K->5954K(623616K), 0.0489997 secs] 1442605K->889539K(2009472K), 0.0490915 secs] [Times: user=0.05 sys=0.00, real=0.05 secs] 
[GC (Allocation Failure) [DefNew: 560322K->69248K(623616K), 0.1726744 secs] 1443907K->993915K(2009472K), 0.1727206 secs] [Times: user=0.17 sys=0.00, real=0.17 secs] 
[GC (Allocation Failure) [DefNew: 623616K->5954K(623616K), 0.0472880 secs] 1548283K->995145K(2009472K), 0.0473483 secs] [Times: user=0.05 sys=0.00, real=0.05 secs] 
[GC (Allocation Failure) [DefNew: 560322K->69248K(623616K), 0.1355432 secs] 1549513K->1098652K(2009472K), 0.1355855 secs] [Times: user=0.14 sys=0.00, real=0.13 secs] 
[GC (Allocation Failure) [DefNew: 623616K->5954K(623616K), 0.0476454 secs] 1653020K->1099859K(2009472K), 0.0476864 secs] [Times: user=0.05 sys=0.00, real=0.05 secs] 
[Full GC (System.gc()) [Tenured: 1093904K->849478K(1385856K), 2.6157063 secs] 1289123K->849478K(2009472K), [Metaspace: 10549K->10549K(12288K)], 2.6157858 secs] [Times: user=2.60 sys=0.00, real=2.62 secs] 
[Full GC (System.gc()) [Tenured: 849478K->849400K(1385856K), 2.2882748 secs] 860611K->849400K(2009472K), [Metaspace: 10549K->10549K(12288K)]
*** PauseDetector detected a 4908 ms pause at Mon Dec 22 00:14:34 EET 2014 ***

, 2.2883281 secs] [Times: user=2.29 sys=0.00, real=2.29 secs] 
[Full GC (System.gc()) [Tenured: 849400K->779504K(1385856K), 2.4485379 secs] 860535K->779504K(2009472K), [Metaspace: 10550K->10550K(12288K)], 2.4485931 secs] [Times: user=2.45 sys=0.00, real=2.45 secs] 

*** PauseDetector detected a 2452 ms pause at Mon Dec 22 00:14:36 EET 2014 ***

********************************
********** ROUND   16 **********
********************************
[GC (Allocation Failure) [DefNew: 554368K->69248K(623616K), 0.1287142 secs] 1333872K->888612K(2009472K), 0.1288079 secs] [Times: user=0.11 sys=0.00, real=0.13 secs] 
[GC (Allocation Failure) [DefNew: 623616K->5871K(623616K), 0.0478949 secs] 1442980K->889797K(2009472K), 0.0479366 secs] [Times: user=0.05 sys=0.00, real=0.05 secs] 
[GC (Allocation Failure) [DefNew: 560239K->69247K(623616K), 0.1271321 secs] 1444165K->992895K(2009472K), 0.1272450 secs] [Times: user=0.12 sys=0.00, real=0.13 secs] 
[GC (Allocation Failure) [DefNew: 623615K->5894K(623616K), 0.0481150 secs] 1547263K->994122K(2009472K), 0.0481560 secs] [Times: user=0.05 sys=0.00, real=0.05 secs] 
[GC (Allocation Failure) [DefNew: 560262K->69247K(623616K), 0.1621962 secs] 1548490K->1097118K(2009472K), 0.1622436 secs] [Times: user=0.16 sys=0.00, real=0.16 secs] 
[GC (Allocation Failure) [DefNew: 623615K->5893K(623616K), 0.0536556 secs] 1651486K->1098315K(2009472K), 0.0536948 secs] [Times: user=0.06 sys=0.00, real=0.05 secs] 
[GC (Allocation Failure) [DefNew: 560261K->69247K(623616K), 0.1249918 secs] 1652683K->1201183K(2009472K), 0.1251060 secs] [Times: user=0.13 sys=0.00, real=0.13 secs] 
[GC (Allocation Failure) [DefNew: 623615K->5896K(623616K), 0.0552756 secs] 1755551K->1202413K(2009472K), 0.0553173 secs] [Times: user=0.05 sys=0.00, real=0.06 secs] 
[GC (Allocation Failure) [DefNew: 560264K->69248K(623616K), 0.1379972 secs] 1756781K->1305219K(2009472K), 0.1380357 secs] [Times: user=0.14 sys=0.00, real=0.14 secs] 
[GC (Allocation Failure) [DefNew: 623616K->5896K(623616K), 0.0481272 secs] 1859587K->1306416K(2009472K), 0.0481689 secs] [Times: user=0.05 sys=0.00, real=0.05 secs] 
[GC (Allocation Failure) [DefNew: 560264K->69247K(623616K), 0.1237690 secs] 1860784K->1409137K(2009472K), 0.1238075 secs] [Times: user=0.13 sys=0.00, real=0.12 secs] 
[GC (Allocation Failure) [DefNew: 623615K->623615K(623616K), 0.0000205 secs][Tenured: 1339889K->853828K(1385856K), 2.7962894 secs] 1963505K->853828K(2009472K), [Metaspace: 10550K->10550K(12288K)], 2.7963734 secs] [Times: user=2.76 sys=0.00, real=2.80 secs] 

*** PauseDetector detected a 2798 ms pause at Mon Dec 22 00:14:58 EET 2014 ***

[GC (Allocation Failure) [DefNew: 554368K->69248K(623616K), 0.1141595 secs] 1408196K->961897K(2009472K), 0.1141986 secs] [Times: user=0.11 sys=0.00, real=0.11 secs] 
[GC (Allocation Failure) [DefNew: 623616K->5899K(623616K), 0.0487136 secs] 1516265K->963083K(2009472K), 0.0487553 secs] [Times: user=0.06 sys=0.00, real=0.05 secs] 
[GC (Allocation Failure) [DefNew: 560267K->69248K(623616K), 0.1439408 secs] 1517451K->1065185K(2009472K), 0.1439818 secs] [Times: user=0.16 sys=0.00, real=0.14 secs] 
[GC (Allocation Failure) [DefNew: 623616K->5907K(623616K), 0.0534362 secs] 1619553K->1066375K(2009472K), 0.0534792 secs] [Times: user=0.06 sys=0.00, real=0.05 secs] 
[GC (Allocation Failure) [DefNew: 560275K->69247K(623616K), 0.1216043 secs] 1620743K->1168395K(2009472K), 0.1216473 secs] [Times: user=0.12 sys=0.00, real=0.12 secs] 
[GC (Allocation Failure) [DefNew: 623615K->5904K(623616K), 0.0458759 secs] 1722763K->1169584K(2009472K), 0.0459862 secs] [Times: user=0.05 sys=0.00, real=0.05 secs] 
[GC (Allocation Failure) [DefNew: 560272K->69248K(623616K), 0.1409164 secs] 1723952K->1271547K(2009472K), 0.1409703 secs] [Times: user=0.14 sys=0.00, real=0.14 secs] 
[GC (Allocation Failure) [DefNew: 623616K->5910K(623616K), 0.0517412 secs] 1825915K->1272737K(2009472K), 0.0517861 secs] [Times: user=0.05 sys=0.00, real=0.05 secs] 
[GC (Allocation Failure) [DefNew: 560278K->69247K(623616K), 0.3963047 secs] 1827105K->1399318K(2009472K), 0.3963470 secs] [Times: user=0.39 sys=0.00, real=0.40 secs] 

*** PauseDetector detected a 399 ms pause at Mon Dec 22 00:15:12 EET 2014 ***

[GC (Allocation Failure) [DefNew: 623615K->623615K(623616K), 0.0000282 secs][Tenured: 1330070K->876984K(1385856K), 3.0887556 secs] 1953686K->876984K(2009472K), [Metaspace: 10550K->10550K(12288K)], 3.0888544 secs] [Times: user=3.09 sys=0.00, real=3.09 secs] 

*** PauseDetector detected a 3092 ms pause at Mon Dec 22 00:15:17 EET 2014 ***

[GC (Allocation Failure) [DefNew: 554368K->69248K(623616K), 0.4928432 secs] 1431352K->1001930K(2009472K), 0.4928824 secs] [Times: user=0.47 sys=0.00, real=0.49 secs] 

*** PauseDetector detected a 495 ms pause at Mon Dec 22 00:15:19 EET 2014 ***

[GC (Allocation Failure) [DefNew: 623616K->5906K(623616K), 0.0976703 secs] 1556298K->1003447K(2009472K), 0.0977287 secs] [Times: user=0.09 sys=0.00, real=0.10 secs] 
[GC (Allocation Failure) [DefNew: 560274K->69247K(623616K), 0.4861612 secs] 1557815K->1119952K(2009472K), 0.4862061 secs] [Times: user=0.48 sys=0.00, real=0.49 secs] 

*** PauseDetector detected a 488 ms pause at Mon Dec 22 00:15:23 EET 2014 ***

[GC (Allocation Failure) [DefNew: 623615K->5868K(623616K), 0.0896660 secs] 1674320K->1121393K(2009472K), 0.0897045 secs] [Times: user=0.09 sys=0.00, real=0.09 secs] 
[GC (Allocation Failure) [DefNew: 560236K->69247K(623616K), 0.3738796 secs] 1675761K->1233921K(2009472K), 0.3739169 secs] [Times: user=0.36 sys=0.00, real=0.37 secs] 

*** PauseDetector detected a 377 ms pause at Mon Dec 22 00:15:26 EET 2014 ***

[GC (Allocation Failure) [DefNew: 623615K->5898K(623616K), 0.0746929 secs] 1788289K->1235294K(2009472K), 0.0747359 secs] [Times: user=0.08 sys=0.00, real=0.07 secs] 
[GC (Allocation Failure) [DefNew: 560266K->69247K(623616K), 0.3384063 secs] 1789662K->1346552K(2009472K), 0.3384525 secs] [Times: user=0.34 sys=0.00, real=0.34 secs] 
[GC (Allocation Failure) [DefNew: 623615K->5877K(623616K), 0.0967118 secs] 1900920K->1347882K(2009472K), 0.0967529 secs] [Times: user=0.08 sys=0.00, real=0.10 secs] 
[GC (Allocation Failure) [DefNew: 560245K->560245K(623616K), 0.0000192 secs][Tenured: 1342005K->858644K(1385856K), 2.9991108 secs] 1902250K->858644K(2009472K), [Metaspace: 10550K->10550K(12288K)]
*** PauseDetector detected a 3000 ms pause at Mon Dec 22 00:15:36 EET 2014 ***

, 2.9991923 secs] [Times: user=2.98 sys=0.00, real=3.00 secs] 
[GC (Allocation Failure) [DefNew: 554368K->5865K(623616K), 0.0153208 secs] 1413012K->864509K(2009472K), 0.0153715 secs] [Times: user=0.02 sys=0.00, real=0.01 secs] 
[GC (Allocation Failure) [DefNew: 560233K->69247K(623616K), 0.2530966 secs] 1418877K->972555K(2009472K), 0.2532063 secs] [Times: user=0.25 sys=0.00, real=0.25 secs] 
[GC (Allocation Failure) [DefNew: 623615K->5886K(623616K), 0.0639844 secs] 1526923K->973904K(2009472K), 0.0640954 secs] [Times: user=0.06 sys=0.00, real=0.06 secs] 
[GC (Allocation Failure) [DefNew: 560254K->69247K(623616K), 0.2494133 secs] 1528272K->1081413K(2009472K), 0.2494582 secs] [Times: user=0.25 sys=0.00, real=0.25 secs] 
[GC (Allocation Failure) [DefNew: 623615K->5910K(623616K), 0.0636482 secs] 1635781K->1082715K(2009472K), 0.0636912 secs] [Times: user=0.06 sys=0.00, real=0.06 secs] 
[GC (Allocation Failure) [DefNew: 560278K->69247K(623616K), 0.2143916 secs] 1637083K->1189760K(2009472K), 0.2144339 secs] [Times: user=0.22 sys=0.00, real=0.21 secs] 
[GC (Allocation Failure) [DefNew: 623615K->5911K(623616K), 0.0738781 secs] 1744128K->1191048K(2009472K), 0.0739314 secs] [Times: user=0.08 sys=0.00, real=0.07 secs] 
[GC (Allocation Failure) [DefNew: 560279K->69247K(623616K), 0.2068575 secs] 1745416K->1296661K(2009472K), 0.2070019 secs] [Times: user=0.20 sys=0.00, real=0.21 secs] 
[GC (Allocation Failure) [DefNew: 623615K->5890K(623616K), 0.0596101 secs] 1851029K->1297883K(2009472K), 0.0596518 secs] [Times: user=0.06 sys=0.00, real=0.06 secs] 
[GC (Allocation Failure) [DefNew: 560258K->69247K(623616K), 0.2025346 secs] 1852251K->1403195K(2009472K), 0.2025808 secs] [Times: user=0.20 sys=0.00, real=0.20 secs] 
[GC (Allocation Failure) [DefNew: 623615K->623615K(623616K), 0.0000212 secs][Tenured: 1333947K->787154K(1385856K), 2.9259904 secs] 1957563K->787154K(2009472K), [Metaspace: 10550K->10550K(12288K)], 2.9260725 secs] [Times: user=2.93 sys=0.00, real=2.93 secs] 

*** PauseDetector detected a 2927 ms pause at Mon Dec 22 00:15:57 EET 2014 ***

[GC (Allocation Failure) [DefNew: 554368K->69247K(623616K), 0.1808134 secs] 1341522K->898061K(2009472K), 0.1808577 secs] [Times: user=0.17 sys=0.00, real=0.18 secs] 
[GC (Allocation Failure) [DefNew: 623615K->5913K(623616K), 0.0544967 secs] 1452429K->899309K(2009472K), 0.0545397 secs] [Times: user=0.06 sys=0.00, real=0.06 secs] 
[GC (Allocation Failure) [DefNew: 560281K->69248K(623616K), 0.1804015 secs] 1453677K->1004041K(2009472K), 0.1805074 secs] [Times: user=0.17 sys=0.00, real=0.18 secs] 
[GC (Allocation Failure) [DefNew: 623616K->5913K(623616K), 0.0527080 secs] 1558409K->1005311K(2009472K), 0.0527472 secs] [Times: user=0.05 sys=0.00, real=0.05 secs] 
[GC (Allocation Failure) [DefNew: 560281K->69248K(623616K), 0.1580420 secs] 1559679K->1109869K(2009472K), 0.1582793 secs] [Times: user=0.16 sys=0.00, real=0.16 secs] 
[GC (Allocation Failure) [DefNew: 623616K->5897K(623616K), 0.0597833 secs] 1664237K->1111086K(2009472K), 0.0598327 secs] [Times: user=0.06 sys=0.00, real=0.06 secs] 
[GC (Allocation Failure) [DefNew: 560265K->69248K(623616K), 0.1682488 secs] 1665454K->1215437K(2009472K), 0.1682886 secs] [Times: user=0.17 sys=0.00, real=0.17 secs] 
[GC (Allocation Failure) [DefNew: 623616K->5916K(623616K), 0.0557145 secs] 1769805K->1216712K(2009472K), 0.0557645 secs] [Times: user=0.05 sys=0.00, real=0.06 secs] 
[GC (Allocation Failure) [DefNew: 560284K->69248K(623616K), 0.1486146 secs] 1771080K->1320215K(2009472K), 0.1487539 secs] [Times: user=0.14 sys=0.00, real=0.15 secs] 
[GC (Allocation Failure) [DefNew: 623616K->5873K(623616K), 0.0485185 secs] 1874583K->1321382K(2009472K), 0.0486161 secs] [Times: user=0.06 sys=0.00, real=0.05 secs] 
[GC (Allocation Failure) [DefNew: 560241K->560241K(623616K), 0.0000199 secs][Tenured: 1315509K->853344K(1385856K), 2.6294110 secs] 1875750K->853344K(2009472K), [Metaspace: 10550K->10550K(12288K)]
*** PauseDetector detected a 2630 ms pause at Mon Dec 22 00:16:17 EET 2014 ***

, 2.6294918 secs] [Times: user=2.62 sys=0.00, real=2.63 secs] 
[GC (Allocation Failure) [DefNew: 554368K->5904K(623616K), 0.0126737 secs] 1407712K->859249K(2009472K), 0.0127160 secs] [Times: user=0.00 sys=0.00, real=0.01 secs] 
[GC (Allocation Failure) [DefNew: 560272K->69248K(623616K), 0.1391706 secs] 1413617K->962466K(2009472K), 0.1392168 secs] [Times: user=0.14 sys=0.00, real=0.14 secs] 
[GC (Allocation Failure) [DefNew: 623616K->5878K(623616K), 0.0501655 secs] 1516834K->963645K(2009472K), 0.0502046 secs] [Times: user=0.05 sys=0.00, real=0.05 secs] 
[GC (Allocation Failure) [DefNew: 560246K->69247K(623616K), 0.1403357 secs] 1518013K->1066783K(2009472K), 0.1403839 secs] [Times: user=0.14 sys=0.00, real=0.14 secs] 
[GC (Allocation Failure) [DefNew: 623615K->5906K(623616K), 0.0510175 secs] 1621151K->1067975K(2009472K), 0.0510579 secs] [Times: user=0.06 sys=0.00, real=0.05 secs] 
[GC (Allocation Failure) [DefNew: 560274K->69248K(623616K), 0.1444399 secs] 1622343K->1170977K(2009472K), 0.1444823 secs] [Times: user=0.14 sys=0.00, real=0.14 secs] 
[GC (Allocation Failure) [DefNew: 623616K->5921K(623616K), 0.0539187 secs] 1725345K->1172185K(2009472K), 0.0539630 secs] [Times: user=0.05 sys=0.00, real=0.05 secs] 
[GC (Allocation Failure) [DefNew: 560289K->69248K(623616K), 0.1261601 secs] 1726553K->1275063K(2009472K), 0.1262115 secs] [Times: user=0.13 sys=0.00, real=0.13 secs] 
[GC (Allocation Failure) [DefNew: 623616K->5919K(623616K), 0.0467888 secs] 1829431K->1276277K(2009472K), 0.0468293 secs] [Times: user=0.05 sys=0.00, real=0.05 secs] 
[GC (Allocation Failure) [DefNew: 560287K->69248K(623616K), 0.1639823 secs] 1830645K->1379079K(2009472K), 0.1640272 secs] [Times: user=0.16 sys=0.00, real=0.16 secs] 
[GC (Allocation Failure) [DefNew: 623616K->623616K(623616K), 0.0000160 secs][Tenured: 1309831K->853659K(1385856K), 2.5957969 secs] 1933447K->853659K(2009472K), [Metaspace: 10550K->10550K(12288K)], 2.5958688 secs] [Times: user=2.60 sys=0.00, real=2.60 secs] 

*** PauseDetector detected a 2600 ms pause at Mon Dec 22 00:16:37 EET 2014 ***

[GC (Allocation Failure) [DefNew: 554368K->69247K(623616K), 0.1190816 secs] 1408027K->962277K(2009472K), 0.1192298 secs] [Times: user=0.13 sys=0.00, real=0.12 secs] 
[GC (Allocation Failure) [DefNew: 623615K->5912K(623616K), 0.0549792 secs] 1516645K->963492K(2009472K), 0.0550286 secs] [Times: user=0.06 sys=0.00, real=0.05 secs] 
[GC (Allocation Failure) [DefNew: 560280K->69248K(623616K), 0.1162824 secs] 1517860K->1065624K(2009472K), 0.1163228 secs] [Times: user=0.11 sys=0.00, real=0.12 secs] 
[GC (Allocation Failure) [DefNew: 623616K->5910K(623616K), 0.0493006 secs] 1619992K->1066845K(2009472K), 0.0493449 secs] [Times: user=0.05 sys=0.00, real=0.05 secs] 
[GC (Allocation Failure) [DefNew: 560278K->69248K(623616K), 0.1160412 secs] 1621213K->1168942K(2009472K), 0.1160803 secs] [Times: user=0.11 sys=0.00, real=0.12 secs] 
[GC (Allocation Failure) [DefNew: 623616K->5904K(623616K), 0.0578432 secs] 1723310K->1170123K(2009472K), 0.0578907 secs] [Times: user=0.06 sys=0.00, real=0.06 secs] 
[GC (Allocation Failure) [DefNew: 560272K->69248K(623616K), 0.1150692 secs] 1724491K->1272171K(2009472K), 0.1151103 secs] [Times: user=0.12 sys=0.00, real=0.12 secs] 
[GC (Allocation Failure) [DefNew: 623616K->5900K(623616K), 0.0450502 secs] 1826539K->1273331K(2009472K), 0.0450970 secs] [Times: user=0.05 sys=0.00, real=0.05 secs] 
[GC (Allocation Failure) [DefNew: 560268K->69247K(623616K), 0.1201165 secs] 1827699K->1375274K(2009472K), 0.1201563 secs] [Times: user=0.13 sys=0.00, real=0.12 secs] 
[GC (Allocation Failure) [DefNew: 623615K->623615K(623616K), 0.0000199 secs][Tenured: 1306026K->853100K(1385856K), 2.6813786 secs] 1929642K->853100K(2009472K), [Metaspace: 10550K->10550K(12288K)]
*** PauseDetector detected a 2684 ms pause at Mon Dec 22 00:16:55 EET 2014 ***
, 2.6814672 secs] [Times: user=2.68 sys=0.00, real=2.68 secs] 

[GC (Allocation Failure) [DefNew: 554368K->69247K(623616K), 0.3340115 secs] 1407468K->985635K(2009472K), 0.3340609 secs] [Times: user=0.33 sys=0.00, real=0.33 secs] 
[GC (Allocation Failure) [DefNew: 623615K->5919K(623616K), 0.1007056 secs] 1540003K->987278K(2009472K), 0.1007499 secs] [Times: user=0.09 sys=0.00, real=0.10 secs] 
[GC (Allocation Failure) [DefNew: 560287K->69248K(623616K), 0.4922652 secs] 1541646K->1106333K(2009472K), 0.4923062 secs] [Times: user=0.50 sys=0.00, real=0.49 secs] 

*** PauseDetector detected a 493 ms pause at Mon Dec 22 00:17:01 EET 2014 ***

[GC (Allocation Failure) [DefNew: 623616K->5878K(623616K), 0.0876669 secs] 1660701K->1107793K(2009472K), 0.0877073 secs] [Times: user=0.08 sys=0.00, real=0.09 secs] 
[GC (Allocation Failure) [DefNew: 560246K->69248K(623616K), 0.4245834 secs] 1662161K->1224343K(2009472K), 0.4246257 secs] [Times: user=0.42 sys=0.00, real=0.42 secs] 

*** PauseDetector detected a 430 ms pause at Mon Dec 22 00:17:04 EET 2014 ***

[GC (Allocation Failure) [DefNew: 623616K->5925K(623616K), 0.0945439 secs] 1778711K->1225824K(2009472K), 0.0945927 secs] [Times: user=0.09 sys=0.00, real=0.10 secs] 
[GC (Allocation Failure) [DefNew: 560293K->69247K(623616K), 0.3686822 secs] 1780192K->1338312K(2009472K), 0.3687246 secs] [Times: user=0.37 sys=0.00, real=0.37 secs] 

*** PauseDetector detected a 370 ms pause at Mon Dec 22 00:17:08 EET 2014 ***

[GC (Allocation Failure) [DefNew: 623615K->5908K(623616K), 0.0752992 secs] 1892680K->1339677K(2009472K), 0.0753403 secs] [Times: user=0.06 sys=0.00, real=0.08 secs] 
[GC (Allocation Failure) [DefNew: 560276K->560276K(623616K), 0.0000231 secs][Tenured: 1333769K->791868K(1385856K), 2.9625891 secs] 1894045K->791868K(2009472K), [Metaspace: 10550K->10550K(12288K)], 2.9626757 secs] [Times: user=2.96 sys=0.00, real=2.96 secs] 

*** PauseDetector detected a 2966 ms pause at Mon Dec 22 00:17:14 EET 2014 ***

[GC (Allocation Failure) [DefNew: 554368K->5925K(623616K), 0.0173508 secs] 1346236K->797793K(2009472K), 0.0174079 secs] [Times: user=0.02 sys=0.00, real=0.02 secs] 
[GC (Allocation Failure) [DefNew: 560293K->69247K(623616K), 0.2751655 secs] 1352161K->906513K(2009472K), 0.2752066 secs] [Times: user=0.27 sys=0.00, real=0.28 secs] 
[GC (Allocation Failure) [DefNew: 623615K->5926K(623616K), 0.0738762 secs] 1460881K->907869K(2009472K), 0.0739185 secs] [Times: user=0.08 sys=0.00, real=0.07 secs] 
[GC (Allocation Failure) [DefNew: 560294K->69247K(623616K), 0.2588765 secs] 1462237K->1015942K(2009472K), 0.2590241 secs] [Times: user=0.25 sys=0.00, real=0.26 secs] 
[GC (Allocation Failure) [DefNew: 623615K->5884K(623616K), 0.0686268 secs] 1570310K->1017200K(2009472K), 0.0686717 secs] [Times: user=0.06 sys=0.00, real=0.07 secs] 
[GC (Allocation Failure) [DefNew: 560252K->69247K(623616K), 0.2623449 secs] 1571568K->1124707K(2009472K), 0.2623847 secs] [Times: user=0.26 sys=0.00, real=0.26 secs] 
[GC (Allocation Failure) [DefNew: 623615K->5912K(623616K), 0.0635924 secs] 1679075K->1126016K(2009472K), 0.0636315 secs] [Times: user=0.06 sys=0.00, real=0.06 secs] 
[GC (Allocation Failure) [DefNew: 560280K->69248K(623616K), 0.2218242 secs] 1680384K->1233064K(2009472K), 0.2218659 secs] [Times: user=0.20 sys=0.00, real=0.22 secs] 
[GC (Allocation Failure) [DefNew: 623616K->5924K(623616K), 0.0695167 secs] 1787432K->1234360K(2009472K), 0.0695648 secs] [Times: user=0.06 sys=0.00, real=0.07 secs] 
[GC (Allocation Failure) [DefNew: 560292K->69247K(623616K), 0.2493286 secs] 1788728K->1339969K(2009472K), 0.2493697 secs] [Times: user=0.25 sys=0.00, real=0.25 secs] 
[GC (Allocation Failure) [DefNew: 623615K->5926K(623616K), 0.0567275 secs] 1894337K->1341218K(2009472K), 0.0567666 secs] [Times: user=0.06 sys=0.00, real=0.06 secs] 
[GC (Allocation Failure) [DefNew: 560294K->560294K(623616K), 0.0000808 secs][Tenured: 1335291K->855252K(1385856K), 2.7978106 secs] 1895586K->855252K(2009472K), [Metaspace: 10550K->10550K(12288K)]
*** PauseDetector detected a 2801 ms pause at Mon Dec 22 00:17:37 EET 2014 ***
, 2.7979684 secs] [Times: user=2.79 sys=0.00, real=2.80 secs] 

[GC (Allocation Failure) [DefNew: 554368K->5900K(623616K), 0.0130272 secs] 1409620K->861152K(2009472K), 0.0130683 secs] [Times: user=0.02 sys=0.00, real=0.01 secs] 
[GC (Allocation Failure) [DefNew: 560268K->69248K(623616K), 0.1883430 secs] 1415520K->966121K(2009472K), 0.1883821 secs] [Times: user=0.19 sys=0.00, real=0.19 secs] 
[GC (Allocation Failure) [DefNew: 623616K->5920K(623616K), 0.0534298 secs] 1520489K->967413K(2009472K), 0.0534721 secs] [Times: user=0.05 sys=0.00, real=0.05 secs] 
[Full GC (System.gc()) [Tenured: 961492K->785738K(1385856K), 2.5468017 secs] 1012675K->785738K(2009472K), [Metaspace: 10550K->10550K(12288K)], 2.5468793 secs] [Times: user=2.54 sys=0.00, real=2.55 secs] 
[Full GC (System.gc()) [Tenured: 785738K->785748K(1385856K), 2.3754175 secs] 796871K->785748K(2009472K), [Metaspace: 10550K->10550K(12288K)], 2.3754611 secs] [Times: user=2.36 sys=0.00, real=2.38 secs] 

*** PauseDetector detected a 4925 ms pause at Mon Dec 22 00:17:46 EET 2014 ***

[Full GC (System.gc()) [Tenured: 785748K->716554K(1385856K), 2.3868600 secs] 796883K->716554K(2009472K), [Metaspace: 10550K->10550K(12288K)], 2.3869113 secs] [Times: user=2.37 sys=0.00, real=2.39 secs] 

*** PauseDetector detected a 2388 ms pause at Mon Dec 22 00:17:49 EET 2014 ***

[Full GC (System.gc()) [Tenured: 716554K->717576K(1385856K), 2.4528422 secs] 727689K->717576K(2009472K), [Metaspace: 10550K->10550K(12288K)], 2.4528936 secs] [Times: user=2.47 sys=0.00, real=2.45 secs] 

*** PauseDetector detected a 2455 ms pause at Mon Dec 22 00:17:51 EET 2014 ***

[Full GC (System.gc()) [Tenured: 717576K->717817K(1385856K), 2.3071397 secs] 728710K->717817K(2009472K), [Metaspace: 10550K->10550K(12288K)], 2.3071968 secs] [Times: user=2.31 sys=0.00, real=2.31 secs] 
[Full GC (System.gc()) [Tenured: 717817K->717817K(1385856K), 2.2540865 secs] 717817K->717817K(2009472K), [Metaspace: 10550K->10550K(12288K)], 2.2541988 secs] [Times: user=2.25 sys=0.00, real=2.26 secs] 

*** PauseDetector detected a 4563 ms pause at Mon Dec 22 00:17:56 EET 2014 ***

[GC (Allocation Failure) [DefNew: 554368K->69248K(623616K), 0.0769205 secs] 1272185K->787109K(2009472K), 0.0769609 secs] [Times: user=0.08 sys=0.00, real=0.08 secs] 
[GC (Allocation Failure) [DefNew: 623616K->5954K(623616K), 0.0524617 secs] 1341477K->787819K(2009472K), 0.0524989 secs] [Times: user=0.05 sys=0.00, real=0.05 secs] 
[GC (Allocation Failure) [DefNew: 560322K->69247K(623616K), 0.1470915 secs] 1342187K->892380K(2009472K), 0.1471300 secs] [Times: user=0.13 sys=0.00, real=0.15 secs] 
[GC (Allocation Failure) [DefNew: 623615K->5954K(623616K), 0.0513171 secs] 1446748K->893611K(2009472K), 0.0513614 secs] [Times: user=0.05 sys=0.00, real=0.05 secs] 
[GC (Allocation Failure) [DefNew: 560322K->69247K(623616K), 0.1705168 secs] 1447979K->997988K(2009472K), 0.1705559 secs] [Times: user=0.16 sys=0.00, real=0.17 secs] 
[GC (Allocation Failure) [DefNew: 623615K->5953K(623616K), 0.0515602 secs] 1552356K->999217K(2009472K), 0.0516013 secs] [Times: user=0.05 sys=0.00, real=0.05 secs] 
[Full GC (System.gc()) [Tenured: 993264K->780921K(1385856K), 2.4733521 secs] 1244146K->780921K(2009472K), [Metaspace: 10550K->10550K(12288K)], 2.4733983 secs] [Times: user=2.48 sys=0.00, real=2.47 secs] 
[Full GC (System.gc()) [Tenured: 780921K->780921K(1385856K), 2.5233290 secs] 780921K->780921K(2009472K), [Metaspace: 10550K->10550K(12288K)], 2.5233733 secs] [Times: user=2.53 sys=0.00, real=2.52 secs] 

*** PauseDetector detected a 4999 ms pause at Mon Dec 22 00:18:11 EET 2014 ***

[Full GC (System.gc()) [Tenured: 780921K->780921K(1385856K), 2.3150497 secs] 780923K->780921K(2009472K), [Metaspace: 10550K->10550K(12288K)], 2.3150920 secs] [Times: user=2.29 sys=0.00, real=2.32 secs] 

*** PauseDetector detected a 2316 ms pause at Mon Dec 22 00:18:13 EET 2014 ***

********************************
********** ROUND   17 **********
********************************
[GC (Allocation Failure) [DefNew: 554368K->5871K(623616K), 0.0120687 secs] 1335289K->786792K(2009472K), 0.0121187 secs] [Times: user=0.01 sys=0.00, real=0.01 secs] 
[GC (Allocation Failure) [DefNew: 560239K->69248K(623616K), 0.1443007 secs] 1341160K->890161K(2009472K), 0.1443648 secs] [Times: user=0.14 sys=0.00, real=0.14 secs] 
[GC (Allocation Failure) [DefNew: 623616K->5871K(623616K), 0.0503836 secs] 1444529K->891350K(2009472K), 0.0504317 secs] [Times: user=0.05 sys=0.00, real=0.05 secs] 
[GC (Allocation Failure) [DefNew: 560239K->69247K(623616K), 0.1275498 secs] 1445718K->994611K(2009472K), 0.1275908 secs] [Times: user=0.13 sys=0.00, real=0.13 secs] 
[GC (Allocation Failure) [DefNew: 623615K->5868K(623616K), 0.0488862 secs] 1548979K->995793K(2009472K), 0.0489272 secs] [Times: user=0.05 sys=0.00, real=0.05 secs] 
[GC (Allocation Failure) [DefNew: 560236K->69247K(623616K), 0.1500345 secs] 1550161K->1098915K(2009472K), 0.1500755 secs] [Times: user=0.16 sys=0.00, real=0.15 secs] 
[GC (Allocation Failure) [DefNew: 623615K->5875K(623616K), 0.0472944 secs] 1653283K->1100103K(2009472K), 0.0473983 secs] [Times: user=0.05 sys=0.00, real=0.05 secs] 
[GC (Allocation Failure) [DefNew: 560243K->69248K(623616K), 0.1343524 secs] 1654471K->1203112K(2009472K), 0.1343928 secs] [Times: user=0.13 sys=0.00, real=0.13 secs] 
[GC (Allocation Failure) [DefNew: 623616K->5873K(623616K), 0.0483723 secs] 1757480K->1204295K(2009472K), 0.0484101 secs] [Times: user=0.05 sys=0.00, real=0.05 secs] 
[GC (Allocation Failure) [DefNew: 560241K->69247K(623616K), 0.1552100 secs] 1758663K->1307210K(2009472K), 0.1552562 secs] [Times: user=0.16 sys=0.00, real=0.15 secs] 
[GC (Allocation Failure) [DefNew: 623615K->5902K(623616K), 0.0503996 secs] 1861578K->1308418K(2009472K), 0.0504368 secs] [Times: user=0.06 sys=0.00, real=0.05 secs] 
[GC (Allocation Failure) [DefNew: 560270K->560270K(623616K), 0.0000192 secs][Tenured: 1302516K->852800K(1385856K), 2.6541014 secs] 1862786K->852800K(2009472K), [Metaspace: 10550K->10550K(12288K)]
*** PauseDetector detected a 2655 ms pause at Mon Dec 22 00:18:34 EET 2014 ***

, 2.6541810 secs] [Times: user=2.65 sys=0.00, real=2.65 secs] 
[GC (Allocation Failure) [DefNew: 554368K->5901K(623616K), 0.0158444 secs] 1407168K->858702K(2009472K), 0.0158854 secs] [Times: user=0.02 sys=0.00, real=0.02 secs] 
[GC (Allocation Failure) [DefNew: 560269K->69247K(623616K), 0.1176374 secs] 1413070K->961415K(2009472K), 0.1176740 secs] [Times: user=0.12 sys=0.00, real=0.12 secs] 
[GC (Allocation Failure) [DefNew: 623615K->5901K(623616K), 0.0534388 secs] 1515783K->962622K(2009472K), 0.0535421 secs] [Times: user=0.05 sys=0.00, real=0.05 secs] 
[GC (Allocation Failure) [DefNew: 560269K->69248K(623616K), 0.1210500 secs] 1516990K->1064779K(2009472K), 0.1210885 secs] [Times: user=0.13 sys=0.00, real=0.12 secs] 
[GC (Allocation Failure) [DefNew: 623616K->5906K(623616K), 0.0456956 secs] 1619147K->1065982K(2009472K), 0.0457392 secs] [Times: user=0.05 sys=0.00, real=0.05 secs] 
[GC (Allocation Failure) [DefNew: 560274K->69248K(623616K), 0.1188725 secs] 1620350K->1168080K(2009472K), 0.1189135 secs] [Times: user=0.13 sys=0.00, real=0.12 secs] 
[GC (Allocation Failure) [DefNew: 623616K->5904K(623616K), 0.0443849 secs] 1722448K->1169265K(2009472K), 0.0444291 secs] [Times: user=0.05 sys=0.00, real=0.05 secs] 
[GC (Allocation Failure) [DefNew: 560272K->69247K(623616K), 0.1221426 secs] 1723633K->1271292K(2009472K), 0.1221824 secs] [Times: user=0.12 sys=0.00, real=0.12 secs] 
[GC (Allocation Failure) [DefNew: 623615K->5904K(623616K), 0.0501090 secs] 1825660K->1272477K(2009472K), 0.0501520 secs] [Times: user=0.06 sys=0.00, real=0.05 secs] 
[GC (Allocation Failure) [DefNew: 560272K->69247K(623616K), 0.1309309 secs] 1826845K->1374443K(2009472K), 0.1309700 secs] [Times: user=0.14 sys=0.00, real=0.13 secs] 
[GC (Allocation Failure) [DefNew: 623615K->623615K(623616K), 0.0000192 secs][Tenured: 1305195K->783842K(1385856K), 2.6330661 secs] 1928811K->783842K(2009472K), [Metaspace: 10550K->10550K(12288K)], 2.6331430 secs] [Times: user=2.64 sys=0.00, real=2.63 secs] 

*** PauseDetector detected a 2636 ms pause at Mon Dec 22 00:18:54 EET 2014 ***

[GC (Allocation Failure) [DefNew: 554368K->69248K(623616K), 0.3866630 secs] 1338210K->916364K(2009472K), 0.3867612 secs] [Times: user=0.37 sys=0.00, real=0.39 secs] 

*** PauseDetector detected a 389 ms pause at Mon Dec 22 00:18:56 EET 2014 ***

[GC (Allocation Failure) [DefNew: 623616K->5877K(623616K), 0.1031410 secs] 1470732K->917978K(2009472K), 0.1032905 secs] [Times: user=0.11 sys=0.00, real=0.10 secs] 
[GC (Allocation Failure) [DefNew: 560245K->69248K(623616K), 0.5122515 secs] 1472346K->1037055K(2009472K), 0.5122926 secs] [Times: user=0.50 sys=0.00, real=0.51 secs] 

*** PauseDetector detected a 515 ms pause at Mon Dec 22 00:19:00 EET 2014 ***

[GC (Allocation Failure) [DefNew: 623616K->5909K(623616K), 0.1119319 secs] 1591423K->1038567K(2009472K), 0.1119730 secs] [Times: user=0.11 sys=0.00, real=0.11 secs] 
[GC (Allocation Failure) [DefNew
*** PauseDetector detected a 471 ms pause at Mon Dec 22 00:19:04 EET 2014 ***

: 560277K->69248K(623616K), 0.4693532 secs] 1592935K->1155053K(2009472K), 0.4693923 secs] [Times: user=0.47 sys=0.00, real=0.47 secs] 
[GC (Allocation Failure) [DefNew: 623616K->5852K(623616K), 0.0873358 secs] 1709421K->1156493K(2009472K), 0.0873826 secs] [Times: user=0.08 sys=0.00, real=0.09 secs] 
[GC (Allocation Failure) [DefNew: 560220K->69248K(623616K), 0.3864680 secs] 1710861K->1269016K(2009472K), 0.3865071 secs] [Times: user=0.37 sys=0.00, real=0.39 secs] 

*** PauseDetector detected a 388 ms pause at Mon Dec 22 00:19:07 EET 2014 ***

[GC (Allocation Failure) [DefNew: 623616K->5887K(623616K), 0.0849010 secs] 1823384K->1270375K(2009472K), 0.0849414 secs] [Times: user=0.08 sys=0.00, real=0.09 secs] 
[GC (Allocation Failure) [DefNew: 560255K->69247K(623616K), 0.3518499 secs] 1824743K->1381646K(2009472K), 0.3518890 secs] [Times: user=0.34 sys=0.00, real=0.35 secs] 

*** PauseDetector detected a 353 ms pause at Mon Dec 22 00:19:11 EET 2014 ***

[GC (Allocation Failure) [DefNew: 623615K->623615K(623616K), 0.0000257 secs][Tenured: 1312398K->862405K(1385856K), 3.0020075 secs] 1936014K->862405K(2009472K), [Metaspace: 10551K->10551K(12288K)], 3.0021024 secs] [Times: user=2.98 sys=0.00, real=3.00 secs] 

*** PauseDetector detected a 3003 ms pause at Mon Dec 22 00:19:15 EET 2014 ***

[GC (Allocation Failure) [DefNew: 554368K->69247K(623616K), 0.2637422 secs] 1416773K->977081K(2009472K), 0.2637814 secs] [Times: user=0.27 sys=0.00, real=0.26 secs] 
[GC (Allocation Failure) [DefNew: 623615K->5907K(623616K), 0.0859410 secs] 1531449K->978383K(2009472K), 0.0859879 secs] [Times: user=0.09 sys=0.00, real=0.09 secs] 
[GC (Allocation Failure) [DefNew: 560275K->69248K(623616K), 0.3062781 secs] 1532751K->1086463K(2009472K), 0.3063288 secs] [Times: user=0.30 sys=0.00, real=0.31 secs] 
[GC (Allocation Failure) [DefNew: 623616K->5914K(623616K), 0.0684266 secs] 1640831K->1087764K(2009472K), 0.0684671 secs] [Times: user=0.08 sys=0.00, real=0.07 secs] 
[GC (Allocation Failure) [DefNew: 560282K->69248K(623616K), 0.2491079 secs] 1642132K->1195257K(2009472K), 0.2492593 secs] [Times: user=0.25 sys=0.00, real=0.25 secs] 
[GC (Allocation Failure) [DefNew: 623616K->5910K(623616K), 0.0653041 secs] 1749625K->1196548K(2009472K), 0.0653451 secs] [Times: user=0.08 sys=0.00, real=0.07 secs] 
[GC (Allocation Failure) [DefNew: 560278K->69248K(623616K), 0.2521945 secs] 1750916K->1303596K(2009472K), 0.2522349 secs] [Times: user=0.25 sys=0.00, real=0.25 secs] 
[GC (Allocation Failure) [DefNew: 623616K->5869K(623616K), 0.0612776 secs] 1857964K->1304838K(2009472K), 0.0613199 secs] [Times: user=0.06 sys=0.00, real=0.06 secs] 
[GC (Allocation Failure) [DefNew: 560237K->69247K(623616K), 0.2234160 secs] 1859206K->1410490K(2009472K), 0.2234564 secs] [Times: user=0.23 sys=0.00, real=0.22 secs] 
[GC (Allocation Failure) [DefNew: 623615K->623615K(623616K), 0.0000231 secs][Tenured: 1341242K->856773K(1385856K), 2.8678674 secs] 1964858K->856773K(2009472K), [Metaspace: 10551K->10551K(12288K)], 2.8679695 secs] [Times: user=2.86 sys=0.00, real=2.87 secs] 

*** PauseDetector detected a 2872 ms pause at Mon Dec 22 00:19:35 EET 2014 ***

[GC (Allocation Failure) [DefNew: 554368K->69247K(623616K), 0.1921334 secs] 1411141K->967977K(2009472K), 0.1921738 secs] [Times: user=0.20 sys=0.00, real=0.19 secs] 
[GC (Allocation Failure) [DefNew: 623615K->5913K(623616K), 0.0565196 secs] 1522345K->969236K(2009472K), 0.0565600 secs] [Times: user=0.06 sys=0.00, real=0.06 secs] 
[GC (Allocation Failure) [DefNew: 560281K->69248K(623616K), 0.2008979 secs] 1523604K->1074195K(2009472K), 0.2009403 secs] [Times: user=0.20 sys=0.00, real=0.20 secs] 
[GC (Allocation Failure) [DefNew: 623616K->5917K(623616K), 0.0517733 secs] 1628563K->1075480K(2009472K), 0.0518721 secs] [Times: user=0.05 sys=0.00, real=0.05 secs] 
[GC (Allocation Failure) [DefNew: 560285K->69247K(623616K), 0.1613236 secs] 1629848K->1180229K(2009472K), 0.1613634 secs] [Times: user=0.16 sys=0.00, real=0.16 secs] 
[GC (Allocation Failure) [DefNew: 623615K->5910K(623616K), 0.0579580 secs] 1734597K->1181473K(2009472K), 0.0579985 secs] [Times: user=0.06 sys=0.00, real=0.06 secs] 
[GC (Allocation Failure) [DefNew: 560278K->69248K(623616K), 0.1824494 secs] 1735841K->1286029K(2009472K), 0.1824931 secs] [Times: user=0.19 sys=0.00, real=0.18 secs] 
[GC (Allocation Failure) [DefNew: 623616K->5916K(623616K), 0.0598725 secs] 1840397K->1287272K(2009472K), 0.0599225 secs] [Times: user=0.05 sys=0.00, real=0.06 secs] 
[GC (Allocation Failure) [DefNew: 560284K->69248K(623616K), 0.1607751 secs] 1841640K->1391645K(2009472K), 0.1608149 secs] [Times: user=0.16 sys=0.00, real=0.16 secs] 
[GC (Allocation Failure) [DefNew: 623616K->623616K(623616K), 0.0000199 secs][Tenured: 1322397K->855558K(1385856K), 2.6984080 secs] 1946013K->855558K(2009472K), [Metaspace: 10551K->10551K(12288K)], 2.6985113 secs] [Times: user=2.67 sys=0.00, real=2.70 secs] 

*** PauseDetector detected a 2701 ms pause at Mon Dec 22 00:19:53 EET 2014 ***

[GC (Allocation Failure) [DefNew: 554368K->69247K(623616K), 0.1398905 secs] 1409926K->964978K(2009472K), 0.1399316 secs] [Times: user=0.13 sys=0.00, real=0.14 secs] 
[GC (Allocation Failure) [DefNew: 623615K->5916K(623616K), 0.0597711 secs] 1519346K->966189K(2009472K), 0.0598160 secs] [Times: user=0.06 sys=0.00, real=0.06 secs] 
[GC (Allocation Failure) [DefNew: 560284K->69247K(623616K), 0.1314897 secs] 1520557K->1069524K(2009472K), 0.1315333 secs] [Times: user=0.13 sys=0.00, real=0.13 secs] 
[GC (Allocation Failure) [DefNew: 623615K->5904K(623616K), 0.0548701 secs] 1623892K->1070734K(2009472K), 0.0549112 secs] [Times: user=0.05 sys=0.00, real=0.05 secs] 
[GC (Allocation Failure) [DefNew: 560272K->69247K(623616K), 0.1340451 secs] 1625102K->1173989K(2009472K), 0.1340855 secs] [Times: user=0.13 sys=0.00, real=0.13 secs] 
[GC (Allocation Failure) [DefNew: 623615K->5917K(623616K), 0.0480001 secs] 1728357K->1175193K(2009472K), 0.0480418 secs] [Times: user=0.05 sys=0.00, real=0.05 secs] 
[GC (Allocation Failure) [DefNew: 560285K->69248K(623616K), 0.1380819 secs] 1729561K->1278256K(2009472K), 0.1381242 secs] [Times: user=0.14 sys=0.00, real=0.14 secs] 
[GC (Allocation Failure) [DefNew: 623616K->5921K(623616K), 0.0539963 secs] 1832624K->1279499K(2009472K), 0.0540380 secs] [Times: user=0.06 sys=0.00, real=0.05 secs] 
[GC (Allocation Failure) [DefNew: 560289K->69248K(623616K), 0.1397410 secs] 1833867K->1382468K(2009472K), 0.1397904 secs] [Times: user=0.14 sys=0.00, real=0.14 secs] 
[GC (Allocation Failure) [DefNew: 623616K->623616K(623616K), 0.0000815 secs][Tenured: 1313220K->784847K(1385856K), 2.5807885 secs] 1936836K->784847K(2009472K), [Metaspace: 10551K->10551K(12288K)], 2.5809303 secs] [Times: user=2.57 sys=0.00, real=2.58 secs] 

*** PauseDetector detected a 2582 ms pause at Mon Dec 22 00:20:12 EET 2014 ***

[GC (Allocation Failure) [DefNew: 554368K->69248K(623616K), 0.1213438 secs] 1339215K->893659K(2009472K), 0.1213874 secs] [Times: user=0.13 sys=0.00, real=0.12 secs] 
[GC (Allocation Failure) [DefNew: 623616K->5891K(623616K), 0.0497350 secs] 1448027K->894834K(2009472K), 0.0497940 secs] [Times: user=0.05 sys=0.00, real=0.05 secs] 
[GC (Allocation Failure) [DefNew: 560259K->69247K(623616K), 0.1200055 secs] 1449202K->997664K(2009472K), 0.1200440 secs] [Times: user=0.13 sys=0.00, real=0.12 secs] 
[GC (Allocation Failure) [DefNew: 623615K->5914K(623616K), 0.0490113 secs] 1552032K->998859K(2009472K), 0.0490607 secs] [Times: user=0.05 sys=0.00, real=0.05 secs] 
[GC (Allocation Failure) [DefNew: 560282K->69247K(623616K), 0.1308173 secs] 1553227K->1101582K(2009472K), 0.1308577 secs] [Times: user=0.13 sys=0.00, real=0.13 secs] 
[GC (Allocation Failure) [DefNew: 623615K->5920K(623616K), 0.0482850 secs] 1655950K->1102786K(2009472K), 0.0483222 secs] [Times: user=0.05 sys=0.00, real=0.05 secs] 
[GC (Allocation Failure) [DefNew: 560288K->69247K(623616K), 0.1194569 secs] 1657154K->1204933K(2009472K), 0.1194980 secs] [Times: user=0.13 sys=0.00, real=0.12 secs] 
[GC (Allocation Failure) [DefNew: 623615K->5921K(623616K), 0.0491781 secs] 1759301K->1206142K(2009472K), 0.0492249 secs] [Times: user=0.05 sys=0.00, real=0.05 secs] 
[GC (Allocation Failure) [DefNew: 560289K->69248K(623616K), 0.1559402 secs] 1760510K->1308237K(2009472K), 0.1559793 secs] [Times: user=0.16 sys=0.00, real=0.16 secs] 
[GC (Allocation Failure) [DefNew: 623616K->5921K(623616K), 0.0448648 secs] 1862605K->1309426K(2009472K), 0.0449071 secs] [Times: user=0.05 sys=0.00, real=0.05 secs] 
[GC (Allocation Failure) [DefNew: 560289K->560289K(623616K), 0.0000199 secs][Tenured: 1303505K->852031K(1385856K)
*** PauseDetector detected a 2538 ms pause at Mon Dec 22 00:20:31 EET 2014 ***

, 2.5368066 secs] 1863794K->852031K(2009472K), [Metaspace: 10551K->10551K(12288K)], 2.5369644 secs] [Times: user=2.53 sys=0.00, real=2.54 secs] 
[GC (Allocation Failure) [DefNew: 554368K->5917K(623616K), 0.0171904 secs] 1406399K->857949K(2009472K), 0.0172398 secs] [Times: user=0.02 sys=0.00, real=0.02 secs] 
[GC (Allocation Failure) [DefNew: 560285K->69247K(623616K), 0.1130405 secs] 1412317K->959922K(2009472K), 0.1130803 secs] [Times: user=0.11 sys=0.00, real=0.11 secs] 
[GC (Allocation Failure) [DefNew: 623615K->5922K(623616K), 0.0498691 secs] 1514290K->961103K(2009472K), 0.0499152 secs] [Times: user=0.05 sys=0.00, real=0.05 secs] 
[GC (Allocation Failure) [DefNew
*** PauseDetector detected a 354 ms pause at Mon Dec 22 00:20:38 EET 2014 ***

: 560290K->69247K(623616K), 0.3504480 secs] 1515471K->1087715K(2009472K), 0.3504891 secs] [Times: user=0.36 sys=0.00, real=0.35 secs] 
[GC (Allocation Failure) [DefNew: 623615K->5880K(623616K), 0.1019137 secs] 1642083K->1089320K(2009472K), 0.1019586 secs] [Times: user=0.11 sys=0.00, real=0.10 secs] 
[GC (Allocation Failure) [DefNew: 560248K->69247K(623616K), 0.4721203 secs] 1643688K->1208374K(2009472K), 0.4721595 secs] [Times: user=0.47 sys=0.00, real=0.47 secs] 

*** PauseDetector detected a 476 ms pause at Mon Dec 22 00:20:42 EET 2014 ***

[GC (Allocation Failure) [DefNew: 623615K->5922K(623616K), 0.0850306 secs] 1762742K->1209918K(2009472K), 0.0850710 secs] [Times: user=0.08 sys=0.00, real=0.09 secs] 
[GC (Allocation Failure) [DefNew: 560290K->69247K(623616K), 0.4599856 secs] 1764286K->1326431K(2009472K), 0.4600292 secs] [Times: user=0.45 sys=0.00, real=0.46 secs] 

*** PauseDetector detected a 463 ms pause at Mon Dec 22 00:20:45 EET 2014 ***

[GC (Allocation Failure) [DefNew: 623615K->5923K(623616K), 0.0821686 secs] 1880799K->1327903K(2009472K), 0.0822629 secs] [Times: user=0.09 sys=0.00, real=0.08 secs] 
[GC (Allocation Failure) [DefNew: 560291K->560291K(623616K), 0.0000212 secs][Tenured: 1321979K->862327K(1385856K), 2.9535262 secs] 1882271K->862327K(2009472K), [Metaspace: 10551K->10551K(12288K)]
*** PauseDetector detected a 2958 ms pause at Mon Dec 22 00:20:52 EET 2014 ***

, 2.9536295 secs] [Times: user=2.93 sys=0.00, real=2.95 secs] 
[GC (Allocation Failure) [DefNew: 554368K->5923K(623616K), 0.0125698 secs] 1416695K->868250K(2009472K), 0.0126147 secs] [Times: user=0.02 sys=0.00, real=0.01 secs] 
[GC (Allocation Failure) [DefNew: 560291K->69247K(623616K), 0.2930385 secs] 1422618K->979499K(2009472K), 0.2930789 secs] [Times: user=0.30 sys=0.00, real=0.29 secs] 
[GC (Allocation Failure) [DefNew: 623615K->5887K(623616K), 0.0784160 secs] 1533867K->980848K(2009472K), 0.0784577 secs] [Times: user=0.08 sys=0.00, real=0.08 secs] 
[GC (Allocation Failure) [DefNew: 560255K->69248K(623616K), 0.2861634 secs] 1535216K->1089654K(2009472K), 0.2862038 secs] [Times: user=0.28 sys=0.00, real=0.29 secs] 
[GC (Allocation Failure) [DefNew: 623616K->5923K(623616K), 0.0704239 secs] 1644022K->1090955K(2009472K), 0.0704649 secs] [Times: user=0.08 sys=0.00, real=0.07 secs] 
[GC (Allocation Failure) [DefNew: 560291K->69248K(623616K), 0.2672433 secs] 1645323K->1198991K(2009472K), 0.2672825 secs] [Times: user=0.26 sys=0.00, real=0.27 secs] 
[GC (Allocation Failure) [DefNew: 623616K->5921K(623616K), 0.0727714 secs] 1753359K->1200325K(2009472K), 0.0728157 secs] [Times: user=0.08 sys=0.00, real=0.07 secs] 
[GC (Allocation Failure) [DefNew: 560289K->69247K(623616K), 0.2432728 secs] 1754693K->1307825K(2009472K), 0.2433074 secs] [Times: user=0.23 sys=0.00, real=0.24 secs] 
[GC (Allocation Failure) [DefNew: 623615K->5923K(623616K), 0.0635134 secs] 1862193K->1309116K(2009472K), 0.0635545 secs] [Times: user=0.06 sys=0.00, real=0.06 secs] 
[GC (Allocation Failure) [DefNew: 560291K->560291K(623616K), 0.0000199 secs][Tenured: 1303192K->857002K(1385856K), 2.9081045 secs] 1863484K->857002K(2009472K), [Metaspace: 10551K->10551K(12288K)], 2.9081828 secs] [Times: user=2.90 sys=0.00, real=2.91 secs] 

*** PauseDetector detected a 2909 ms pause at Mon Dec 22 00:21:11 EET 2014 ***

[GC (Allocation Failure) [DefNew: 554368K->5925K(623616K), 0.0123997 secs] 1411370K->862927K(2009472K), 0.0124414 secs] [Times: user=0.02 sys=0.00, real=0.01 secs] 
[GC (Allocation Failure) [DefNew: 560293K->69247K(623616K), 0.1913808 secs] 1417295K->968492K(2009472K), 0.1914193 secs] [Times: user=0.17 sys=0.00, real=0.19 secs] 
[GC (Allocation Failure) [DefNew: 623615K->5872K(623616K), 0.0596447 secs] 1522860K->969731K(2009472K), 0.0596864 secs] [Times: user=0.06 sys=0.00, real=0.06 secs] 
[GC (Allocation Failure) [DefNew: 560240K->69248K(623616K), 0.2238202 secs] 1524099K->1075076K(2009472K), 0.2238580 secs] [Times: user=0.22 sys=0.00, real=0.22 secs] 
[Full GC (System.gc()) [Tenured: 1005828K->783894K(1385856K), 2.4940366 secs] 1321533K->783894K(2009472K), [Metaspace: 10551K->10551K(12288K)], 2.4940872 secs] [Times: user=2.50 sys=0.00, real=2.49 secs] 
[Full GC (System.gc()) [Tenured: 783894K->783899K(1385856K), 2.4281082 secs] 795026K->783899K(2009472K), [Metaspace: 10551K->10551K(12288K)], 2.4281518 secs] [Times: user=2.42 sys=0.00, real=2.43 secs] 

*** PauseDetector detected a 4926 ms pause at Mon Dec 22 00:21:23 EET 2014 ***

[Full GC (System.gc()) [Tenured: 783899K->783900K(1385856K), 2.4326191 secs] 795034K->783900K(2009472K), [Metaspace: 10551K->10551K(12288K)]
*** PauseDetector detected a 2435 ms pause at Mon Dec 22 00:21:26 EET 2014 ***

, 2.4326628 secs] [Times: user=2.43 sys=0.00, real=2.43 secs] 
[Full GC (System.gc()) [Tenured: 783900K->783901K(1385856K), 2.3210119 secs] 795035K->783901K(2009472K), [Metaspace: 10551K->10551K(12288K)], 2.3210670 secs] [Times: user=2.28 sys=0.00, real=2.32 secs] 
[Full GC (System.gc()) [Tenured: 783901K->780268K(1385856K), 2.4284328 secs] 783901K->780268K(2009472K), [Metaspace: 10551K->10551K(12288K)], 2.4284752 secs] [Times: user=2.42 sys=0.00, real=2.43 secs] 
[Full GC (System.gc()) [Tenured: 780268K->780269K(1385856K), 2.3455060 secs] 780270K->780269K(2009472K), [Metaspace: 10551K->10551K(12288K)], 2.3455483 secs] [Times: user=2.32 sys=0.00, real=2.35 secs] 

*** PauseDetector detected a 4751 ms pause at Mon Dec 22 00:21:30 EET 2014 ***


*** PauseDetector detected a 2351 ms pause at Mon Dec 22 00:21:33 EET 2014 ***

[GC (Allocation Failure) [DefNew: 554368K->69248K(623616K), 0.1657082 secs] 1334637K->891226K(2009472K), 0.1657672 secs] [Times: user=0.17 sys=0.00, real=0.17 secs] 
[GC (Allocation Failure) [DefNew: 623616K->5954K(623616K), 0.0542895 secs] 1445594K->892462K(2009472K), 0.0543338 secs] [Times: user=0.06 sys=0.00, real=0.05 secs] 
[GC (Allocation Failure) [DefNew: 560322K->69247K(623616K), 0.1590268 secs] 1446830K->997229K(2009472K), 0.1590621 secs] [Times: user=0.16 sys=0.00, real=0.16 secs] 
[GC (Allocation Failure) [DefNew: 623615K->5954K(623616K), 0.0522596 secs] 1551597K->998463K(2009472K), 0.0523661 secs] [Times: user=0.06 sys=0.00, real=0.05 secs] 
[GC (Allocation Failure) [DefNew: 560322K->69247K(623616K), 0.1828357 secs] 1552831K->1103023K(2009472K), 0.1828851 secs] [Times: user=0.19 sys=0.00, real=0.18 secs] 
[GC (Allocation Failure) [DefNew: 623615K->5954K(623616K), 0.0518336 secs] 1657391K->1104255K(2009472K), 0.0519388 secs] [Times: user=0.05 sys=0.00, real=0.05 secs] 
[Full GC (System.gc()) [Tenured: 1098300K->849878K(1385856K), 2.5504516 secs] 1226723K->849878K(2009472K), [Metaspace: 10551K->10551K(12288K)], 2.5505061 secs] [Times: user=2.56 sys=0.00, real=2.55 secs] 
[Full GC (System.gc()) [Tenured: 849878K->849802K(1385856K), 2.3022714 secs] 861013K->849802K(2009472K), [Metaspace: 10551K->10551K(12288K)], 2.3023170 secs] [Times: user=2.31 sys=0.00, real=2.30 secs] 
[Full GC (System.gc()) [Tenured: 849802K->780504K(1385856K), 2.5711219 secs] 860935K->780504K(2009472K), [Metaspace: 10551K->10551K(12288K)]
*** PauseDetector detected a 2551 ms pause at Mon Dec 22 00:21:45 EET 2014 ***

, 2.5711771 secs] [Times: user=2.56 sys=0.00, real=2.57 secs] 
********************************
********** ROUND   18 **********
********************************

*** PauseDetector detected a 4881 ms pause at Mon Dec 22 00:21:50 EET 2014 ***

[GC (Allocation Failure) [DefNew: 554368K->69247K(623616K), 0.1420096 secs] 1334872K->889898K(2009472K), 0.1420520 secs] [Times: user=0.14 sys=0.00, real=0.14 secs] 
[GC (Allocation Failure) [DefNew: 623615K->5891K(623616K), 0.0489638 secs] 1444266K->891109K(2009472K), 0.0490042 secs] [Times: user=0.05 sys=0.00, real=0.05 secs] 
[GC (Allocation Failure) [DefNew: 560259K->69247K(623616K), 0.1451360 secs] 1445477K->994460K(2009472K), 0.1451758 secs] [Times: user=0.14 sys=0.00, real=0.15 secs] 
[GC (Allocation Failure) [DefNew: 623615K->5900K(623616K), 0.0498588 secs] 1548828K->995676K(2009472K), 0.0498973 secs] [Times: user=0.06 sys=0.00, real=0.05 secs] 
[GC (Allocation Failure) [DefNew: 560268K->69248K(623616K), 0.1306082 secs] 1550044K->1098887K(2009472K), 0.1306557 secs] [Times: user=0.14 sys=0.00, real=0.13 secs] 
[GC (Allocation Failure) [DefNew: 623616K->5873K(623616K), 0.0487649 secs] 1653255K->1100071K(2009472K), 0.0488143 secs] [Times: user=0.05 sys=0.00, real=0.05 secs] 
[GC (Allocation Failure) [DefNew: 560241K->69247K(623616K), 0.1316828 secs] 1654439K->1203214K(2009472K), 0.1317194 secs] [Times: user=0.13 sys=0.00, real=0.13 secs] 
[GC (Allocation Failure) [DefNew: 623615K->5901K(623616K), 0.0666200 secs] 1757582K->1204426K(2009472K), 0.0666745 secs] [Times: user=0.06 sys=0.00, real=0.07 secs] 
[GC (Allocation Failure) [DefNew: 560269K->69248K(623616K), 0.1308924 secs] 1758794K->1307412K(2009472K), 0.1309309 secs] [Times: user=0.13 sys=0.00, real=0.13 secs] 
[GC (Allocation Failure) [DefNew: 623616K->5895K(623616K), 0.0638528 secs] 1861780K->1308614K(2009472K), 0.0638990 secs] [Times: user=0.06 sys=0.00, real=0.06 secs] 
[GC (Allocation Failure) [DefNew: 560263K->560263K(623616K), 0.0000205 secs][Tenured: 1302718K->852853K(1385856K), 2.8063506 secs] 1862982K->852853K(2009472K), [Metaspace: 10551K->10551K(12288K)], 2.8064378 secs] [Times: user=2.81 sys=0.00, real=2.81 secs] 

*** PauseDetector detected a 2811 ms pause at Mon Dec 22 00:22:10 EET 2014 ***

[GC (Allocation Failure) [DefNew: 554368K->5898K(623616K), 0.0161517 secs] 1407221K->858752K(2009472K), 0.0162036 secs] [Times: user=0.02 sys=0.00, real=0.02 secs] 
[GC (Allocation Failure) [DefNew: 560266K->69247K(623616K), 0.1267857 secs] 1413120K->961555K(2009472K), 0.1268267 secs] [Times: user=0.12 sys=0.00, real=0.13 secs] 
[GC (Allocation Failure) [DefNew: 623615K->5866K(623616K), 0.0541368 secs] 1515923K->962723K(2009472K), 0.0541792 secs] [Times: user=0.05 sys=0.00, real=0.06 secs] 
[GC (Allocation Failure) [DefNew: 560234K->69248K(623616K), 0.1258573 secs] 1517091K->1065484K(2009472K), 0.1258926 secs] [Times: user=0.13 sys=0.00, real=0.13 secs] 
[GC (Allocation Failure) [DefNew: 623616K->5904K(623616K), 0.0502617 secs] 1619852K->1066681K(2009472K), 0.0503105 secs] [Times: user=0.05 sys=0.00, real=0.05 secs] 
[GC (Allocation Failure) [DefNew: 560272K->69248K(623616K), 0.1138207 secs] 1621049K->1168842K(2009472K), 0.1138605 secs] [Times: user=0.11 sys=0.00, real=0.11 secs] 
[GC (Allocation Failure) [DefNew: 623616K->5879K(623616K), 0.0463365 secs] 1723210K->1170013K(2009472K), 0.0464360 secs] [Times: user=0.05 sys=0.00, real=0.05 secs] 
[GC (Allocation Failure) [DefNew: 560247K->69248K(623616K), 0.1310566 secs] 1724381K->1272142K(2009472K), 0.1310977 secs] [Times: user=0.13 sys=0.00, real=0.13 secs] 
[GC (Allocation Failure) [DefNew: 623616K->5880K(623616K), 0.0445870 secs] 1826510K->1273297K(2009472K), 0.0446293 secs] [Times: user=0.05 sys=0.00, real=0.04 secs] 
[GC (Allocation Failure) [DefNew: 560248K->69248K(623616K), 0.1216178 secs] 1827665K->1375348K(2009472K), 0.1216608 secs] [Times: user=0.11 sys=0.00, real=0.12 secs] 
[GC (Allocation Failure) [DefNew: 623616K->623616K(623616K), 0.0000160 secs][Tenured: 1306100K->853159K(1385856K), 2.8313130 secs] 1929716K->853159K(2009472K), [Metaspace: 10551K->10551K(12288K)]
*** PauseDetector detected a 2835 ms pause at Mon Dec 22 00:22:30 EET 2014 ***

, 2.8313842 secs] [Times: user=2.82 sys=0.00, real=2.83 secs] 
[GC (Allocation Failure) [DefNew: 554368K->69248K(623616K), 0.1108739 secs] 1407527K->961005K(2009472K), 0.1109137 secs] [Times: user=0.11 sys=0.00, real=0.11 secs] 
[GC (Allocation Failure) [DefNew: 623616K->5891K(623616K), 0.0450476 secs] 1515373K->962199K(2009472K), 0.0450893 secs] [Times: user=0.05 sys=0.00, real=0.04 secs] 
[GC (Allocation Failure) [DefNew: 560259K->69248K(623616K), 0.4056415 secs] 1516567K->1088827K(2009472K), 0.4056819 secs] [Times: user=0.41 sys=0.00, real=0.41 secs] 

*** PauseDetector detected a 408 ms pause at Mon Dec 22 00:22:35 EET 2014 ***

[GC (Allocation Failure) [DefNew: 623616K->5902K(623616K), 0.1082576 secs] 1643195K->1090468K(2009472K), 0.1082987 secs] [Times: user=0.09 sys=0.00, real=0.11 secs] 
[GC (Allocation Failure) [DefNew: 560270K->69247K(623616K), 0.5104493 secs] 1644836K->1209519K(2009472K), 0.5104962 secs] [Times: user=0.51 sys=0.00, real=0.51 secs] 

*** PauseDetector detected a 511 ms pause at Mon Dec 22 00:22:39 EET 2014 ***

[GC (Allocation Failure) [DefNew: 623615K->5880K(623616K), 0.0817823 secs] 1763887K->1211002K(2009472K), 0.0818773 secs] [Times: user=0.08 sys=0.00, real=0.08 secs] 
[GC (Allocation Failure) [DefNew: 560248K->69248K(623616K), 0.4643553 secs] 1765370K->1327541K(2009472K), 0.4644009 secs] [Times: user=0.45 sys=0.00, real=0.46 secs] 

*** PauseDetector detected a 468 ms pause at Mon Dec 22 00:22:43 EET 2014 ***

[GC (Allocation Failure) [DefNew: 623616K->5881K(623616K), 0.0852815 secs] 1881909K->1328987K(2009472K), 0.0853238 secs] [Times: user=0.08 sys=0.00, real=0.08 secs] 
[GC (Allocation Failure) [DefNew: 560249K->560249K(623616K), 0.0000205 secs][Tenured: 1323105K->862307K(1385856K), 2.9584438 secs] 1883355K->862307K(2009472K), [Metaspace: 10551K->10551K(12288K)]
*** PauseDetector detected a 2962 ms pause at Mon Dec 22 00:22:49 EET 2014 ***

, 2.9585452 secs] [Times: user=2.95 sys=0.00, real=2.96 secs] 
[GC (Allocation Failure) [DefNew: 554368K->5876K(623616K), 0.0126788 secs] 1416675K->868184K(2009472K), 0.0127205 secs] [Times: user=0.01 sys=0.00, real=0.01 secs] 
[GC (Allocation Failure) [DefNew: 560244K->69247K(623616K), 0.2849476 secs] 1422552K->979474K(2009472K), 0.2849855 secs] [Times: user=0.28 sys=0.00, real=0.29 secs] 
[GC (Allocation Failure) [DefNew: 623615K->5912K(623616K), 0.0750516 secs] 1533842K->980853K(2009472K), 0.0750913 secs] [Times: user=0.08 sys=0.00, real=0.08 secs] 
[GC (Allocation Failure) [DefNew: 560280K->69248K(623616K), 0.3035610 secs] 1535221K->1089617K(2009472K), 0.3036014 secs] [Times: user=0.30 sys=0.00, real=0.30 secs] 
[GC (Allocation Failure) [DefNew: 623616K->5911K(623616K), 0.0767196 secs] 1643985K->1090923K(2009472K), 0.0767594 secs] [Times: user=0.08 sys=0.00, real=0.08 secs] 
[GC (Allocation Failure) [DefNew: 560279K->69248K(623616K), 0.2627087 secs] 1645291K->1198998K(2009472K), 0.2627523 secs] [Times: user=0.27 sys=0.00, real=0.26 secs] 
[GC (Allocation Failure) [DefNew: 623616K->5914K(623616K), 0.0737793 secs] 1753366K->1200300K(2009472K), 0.0738524 secs] [Times: user=0.08 sys=0.00, real=0.07 secs] 
[GC (Allocation Failure) [DefNew: 560282K->69247K(623616K), 0.2464672 secs] 1754668K->1307796K(2009472K), 0.2465089 secs] [Times: user=0.25 sys=0.00, real=0.25 secs] 
[GC (Allocation Failure) [DefNew: 623615K->5896K(623616K), 0.0638528 secs] 1862164K->1309069K(2009472K), 0.0639895 secs] [Times: user=0.06 sys=0.00, real=0.06 secs] 
[GC (Allocation Failure) [DefNew: 560264K->69247K(623616K), 0.2420024 secs] 1863437K->1416094K(2009472K), 0.2420480 secs] [Times: user=0.25 sys=0.00, real=0.24 secs] 
[GC (Allocation Failure) [DefNew: 623615K->623615K(623616K), 0.0000269 secs][Tenured: 1346846K->788959K(1385856K), 2.7918574 secs] 1970462K->788959K(2009472K), [Metaspace: 10551K->10551K(12288K)], 2.7920268 secs] [Times: user=2.79 sys=0.00, real=2.79 secs] 

*** PauseDetector detected a 2794 ms pause at Mon Dec 22 00:23:10 EET 2014 ***

[GC (Allocation Failure) [DefNew: 554368K->69247K(623616K), 0.1979287 secs] 1343327K->900478K(2009472K), 0.1979743 secs] [Times: user=0.19 sys=0.00, real=0.20 secs] 
[GC (Allocation Failure) [DefNew: 623615K->5915K(623616K), 0.0653002 secs] 1454846K->901731K(2009472K), 0.0653451 secs] [Times: user=0.06 sys=0.00, real=0.07 secs] 
[GC (Allocation Failure) [DefNew: 560283K->69248K(623616K), 0.1797991 secs] 1456099K->1006980K(2009472K), 0.1799011 secs] [Times: user=0.17 sys=0.00, real=0.18 secs] 
[GC (Allocation Failure) [DefNew: 623616K->5913K(623616K), 0.0510393 secs] 1561348K->1008264K(2009472K), 0.0510771 secs] [Times: user=0.06 sys=0.00, real=0.05 secs] 
[GC (Allocation Failure) [DefNew: 560281K->69247K(623616K), 0.1899565 secs] 1562632K->1113265K(2009472K), 0.1899969 secs] [Times: user=0.19 sys=0.00, real=0.19 secs] 
[GC (Allocation Failure) [DefNew: 623615K->5916K(623616K), 0.0688706 secs] 1667633K->1114507K(2009472K), 0.0689187 secs] [Times: user=0.06 sys=0.00, real=0.07 secs] 
[GC (Allocation Failure) [DefNew: 560284K->69248K(623616K), 0.1746761 secs] 1668875K->1219269K(2009472K), 0.1747152 secs] [Times: user=0.17 sys=0.00, real=0.17 secs] 
[GC (Allocation Failure) [DefNew: 623616K->5896K(623616K), 0.0524662 secs] 1773637K->1220488K(2009472K), 0.0525079 secs] [Times: user=0.05 sys=0.00, real=0.05 secs] 
[GC (Allocation Failure) [DefNew: 560264K->69248K(623616K), 0.1777133 secs] 1774856K->1325062K(2009472K), 0.1777531 secs] [Times: user=0.17 sys=0.00, real=0.18 secs] 
[GC (Allocation Failure) [DefNew: 623616K->5875K(623616K), 0.0550369 secs] 1879430K->1326259K(2009472K), 0.0550761 secs] [Times: user=0.06 sys=0.00, real=0.06 secs] 
[GC (Allocation Failure) [DefNew: 560243K->560243K(623616K), 0.0000199 secs][Tenured: 1320383K->854355K(1385856K), 2.7094187 secs] 1880627K->854355K(2009472K), [Metaspace: 10551K->10551K(12288K)], 2.7095053 secs] [Times: user=2.72 sys=0.00, real=2.71 secs] 

*** PauseDetector detected a 2710 ms pause at Mon Dec 22 00:23:30 EET 2014 ***

[GC (Allocation Failure) [DefNew: 554368K->5918K(623616K), 0.0123946 secs] 1408723K->860273K(2009472K), 0.0124363 secs] [Times: user=0.01 sys=0.00, real=0.01 secs] 
[GC (Allocation Failure) [DefNew: 560286K->69248K(623616K), 0.1429117 secs] 1414641K->963762K(2009472K), 0.1430124 secs] [Times: user=0.14 sys=0.00, real=0.14 secs] 
[GC (Allocation Failure) [DefNew: 623616K->5917K(623616K), 0.0520851 secs] 1518130K->964986K(2009472K), 0.0521319 secs] [Times: user=0.05 sys=0.00, real=0.05 secs] 
[GC (Allocation Failure) [DefNew: 560285K->69248K(623616K), 0.1438766 secs] 1519354K->1068304K(2009472K), 0.1439260 secs] [Times: user=0.14 sys=0.00, real=0.14 secs] 
[GC (Allocation Failure) [DefNew: 623616K->5866K(623616K), 0.0494264 secs] 1622672K->1069493K(2009472K), 0.0494687 secs] [Times: user=0.05 sys=0.00, real=0.05 secs] 
[GC (Allocation Failure) [DefNew: 560234K->69247K(623616K), 0.1580760 secs] 1623861K->1172752K(2009472K), 0.1581190 secs] [Times: user=0.16 sys=0.00, real=0.16 secs] 
[GC (Allocation Failure) [DefNew: 623615K->5918K(623616K), 0.0474439 secs] 1727120K->1173966K(2009472K), 0.0475472 secs] [Times: user=0.05 sys=0.00, real=0.05 secs] 
[GC (Allocation Failure) [DefNew: 560286K->69247K(623616K), 0.1329730 secs] 1728334K->1277088K(2009472K), 0.1330109 secs] [Times: user=0.13 sys=0.00, real=0.13 secs] 
[GC (Allocation Failure) [DefNew: 623615K->5916K(623616K), 0.0530025 secs] 1831456K->1278291K(2009472K), 0.0531417 secs] [Times: user=0.06 sys=0.00, real=0.05 secs] 
[GC (Allocation Failure) [DefNew: 560284K->69247K(623616K), 0.1449750 secs] 1832659K->1381288K(2009472K), 0.1450160 secs] [Times: user=0.14 sys=0.00, real=0.14 secs] 
[GC (Allocation Failure) [DefNew: 623615K->623615K(623616K), 0.0000186 secs][Tenured: 1312040K->849761K(1385856K), 2.6212072 secs] 1935656K->849761K(2009472K), [Metaspace: 10551K->10551K(12288K)], 2.6213477 secs] [Times: user=2.62 sys=0.00, real=2.62 secs] 

*** PauseDetector detected a 2625 ms pause at Mon Dec 22 00:23:50 EET 2014 ***

[GC (Allocation Failure) [DefNew: 554368K->69248K(623616K), 0.1431157 secs] 1404129K->958558K(2009472K), 0.1431561 secs] [Times: user=0.16 sys=0.00, real=0.14 secs] 
[GC (Allocation Failure) [DefNew: 623616K->5916K(623616K), 0.0479251 secs] 1512926K->959773K(2009472K), 0.0479661 secs] [Times: user=0.05 sys=0.00, real=0.05 secs] 
[GC (Allocation Failure) [DefNew: 560284K->69248K(623616K), 0.1257354 secs] 1514141K->1062580K(2009472K), 0.1257739 secs] [Times: user=0.13 sys=0.00, real=0.13 secs] 
[GC (Allocation Failure) [DefNew: 623616K->5919K(623616K), 0.0463430 secs] 1616948K->1063779K(2009472K), 0.0463840 secs] [Times: user=0.05 sys=0.00, real=0.05 secs] 
[GC (Allocation Failure) [DefNew: 560287K->69247K(623616K), 0.1354636 secs] 1618147K->1166478K(2009472K), 0.1355092 secs] [Times: user=0.13 sys=0.00, real=0.13 secs] 
[GC (Allocation Failure) [DefNew: 623615K->5923K(623616K), 0.0503098 secs] 1720846K->1167703K(2009472K), 0.0503457 secs] [Times: user=0.05 sys=0.00, real=0.05 secs] 
[GC (Allocation Failure) [DefNew: 560291K->69248K(623616K), 0.1336127 secs] 1722071K->1269843K(2009472K), 0.1336544 secs] [Times: user=0.14 sys=0.00, real=0.13 secs] 
[GC (Allocation Failure) [DefNew: 623616K->5899K(623616K), 0.0516488 secs] 1824211K->1271035K(2009472K), 0.0516918 secs] [Times: user=0.06 sys=0.00, real=0.05 secs] 
[GC (Allocation Failure) [DefNew: 560267K->69247K(623616K), 0.1340753 secs] 1825403K->1373128K(2009472K), 0.1341503 secs] [Times: user=0.13 sys=0.00, real=0.13 secs] 
[GC (Allocation Failure) [DefNew: 623615K->5916K(623616K), 0.0629155 secs] 1927496K->1374337K(2009472K), 0.0629572 secs] [Times: user=0.06 sys=0.00, real=0.06 secs] 
[GC (Allocation Failure) [DefNew: 560284K->560284K(623616K), 0.0000180 secs][Tenured: 1368420K->852071K(1385856K), 2.6668206 secs] 1928705K->852071K(2009472K), [Metaspace: 10551K->10551K(12288K)]
*** PauseDetector detected a 2669 ms pause at Mon Dec 22 00:24:10 EET 2014 ***

, 2.6669098 secs] [Times: user=2.67 sys=0.00, real=2.67 secs] 
[GC (Allocation Failure) [DefNew: 554368K->5903K(623616K), 0.0136213 secs] 1406439K->857974K(2009472K), 0.0136656 secs] [Times: user=0.01 sys=0.00, real=0.01 secs] 
[GC (Allocation Failure) [DefNew: 560271K->69247K(623616K), 0.1108643 secs] 1412342K->959961K(2009472K), 0.1109041 secs] [Times: user=0.11 sys=0.00, real=0.11 secs] 
[GC (Allocation Failure) [DefNew: 623615K->5916K(623616K), 0.0455711 secs] 1514329K->961135K(2009472K), 0.0456135 secs] [Times: user=0.05 sys=0.00, real=0.05 secs] 
[GC (Allocation Failure) [DefNew: 560284K->69248K(623616K), 0.3355256 secs] 1515503K->1087741K(2009472K), 0.3355699 secs] [Times: user=0.33 sys=0.00, real=0.34 secs] 
[GC (Allocation Failure) [DefNew: 623616K->5923K(623616K), 0.1220451 secs] 1642109K->1089401K(2009472K), 0.1220893 secs] [Times: user=0.11 sys=0.00, real=0.12 secs] 
[GC (Allocation Failure) [DefNew: 560291K->69247K(623616K), 0.4808464 secs] 1643769K->1208451K(2009472K), 0.4808855 secs] [Times: user=0.48 sys=0.00, real=0.48 secs] 

*** PauseDetector detected a 486 ms pause at Mon Dec 22 00:24:20 EET 2014 ***

[GC (Allocation Failure) [DefNew: 623615K->5881K(623616K), 0.0959361 secs] 1762819K->1209914K(2009472K), 0.0959842 secs] [Times: user=0.09 sys=0.00, real=0.10 secs] 
[GC (Allocation Failure) [DefNew: 560249K->69248K(623616K), 0.4829540 secs] 1764282K->1326458K(2009472K), 0.4830194 secs] [Times: user=0.48 sys=0.00, real=0.48 secs] 

*** PauseDetector detected a 487 ms pause at Mon Dec 22 00:24:24 EET 2014 ***

[GC (Allocation Failure) [DefNew: 623616K->5870K(623616K), 0.1044883 secs] 1880826K->1327887K(2009472K), 0.1045589 secs] [Times: user=0.11 sys=0.00, real=0.11 secs] 
[GC (Allocation Failure) [DefNew: 560238K->560238K(623616K), 0.0000205 secs][Tenured: 1322017K->793021K(1385856K), 2.9112399 secs] 1882255K->793021K(2009472K), [Metaspace: 10551K->10551K(12288K)], 2.9113220 secs] [Times: user=2.90 sys=0.00, real=2.91 secs] 

*** PauseDetector detected a 2912 ms pause at Mon Dec 22 00:24:30 EET 2014 ***

[GC (Allocation Failure) [DefNew: 554368K->5908K(623616K), 0.0139812 secs] 1347389K->798929K(2009472K), 0.0140332 secs] [Times: user=0.02 sys=0.00, real=0.01 secs] 
[GC (Allocation Failure) [DefNew: 560276K->69247K(623616K), 0.2939810 secs] 1353297K->910212K(2009472K), 0.2940240 secs] [Times: user=0.30 sys=0.00, real=0.29 secs] 
[GC (Allocation Failure) [DefNew: 623615K->5923K(623616K), 0.0677729 secs] 1464580K->911577K(2009472K), 0.0678364 secs] [Times: user=0.06 sys=0.00, real=0.07 secs] 
[GC (Allocation Failure) [DefNew: 560291K->69247K(623616K), 0.2992220 secs] 1465945K->1020346K(2009472K), 0.2992708 secs] [Times: user=0.31 sys=0.00, real=0.30 secs] 
[GC (Allocation Failure) [DefNew: 623615K->5879K(623616K), 0.0760749 secs] 1574714K->1021604K(2009472K), 0.0761198 secs] [Times: user=0.06 sys=0.00, real=0.08 secs] 
[GC (Allocation Failure) [DefNew: 560247K->69248K(623616K), 0.2600025 secs] 1575972K->1129726K(2009472K), 0.2601225 secs] [Times: user=0.27 sys=0.00, real=0.26 secs] 
[GC (Allocation Failure) [DefNew: 623616K->5925K(623616K), 0.0730184 secs] 1684094K->1131024K(2009472K), 0.0730620 secs] [Times: user=0.08 sys=0.00, real=0.07 secs] 
[GC (Allocation Failure) [DefNew: 560293K->69248K(623616K), 0.2641548 secs] 1685392K->1238524K(2009472K), 0.2641933 secs] [Times: user=0.27 sys=0.00, real=0.26 secs] 
[GC (Allocation Failure) [DefNew: 623616K->5922K(623616K), 0.0559878 secs] 1792892K->1239809K(2009472K), 0.0560282 secs] [Times: user=0.06 sys=0.00, real=0.06 secs] 
[GC (Allocation Failure) [DefNew: 560290K->69248K(623616K), 0.2171818 secs] 1794177K->1346858K(2009472K), 0.2172235 secs] [Times: user=0.22 sys=0.00, real=0.22 secs] 
[GC (Allocation Failure) [DefNew: 623616K->5915K(623616K), 0.0672372 secs] 1901226K->1348134K(2009472K), 0.0672769 secs] [Times: user=0.06 sys=0.00, real=0.07 secs] 
[GC (Allocation Failure) [DefNew: 560283K->560283K(623616K), 0.0000276 secs][Tenured: 1342218K->855570K(1385856K), 2.8343977 secs] 1902502K->855570K(2009472K), [Metaspace: 10551K->10551K(12288K)], 2.8344959 secs] [Times: user=2.81 sys=0.00, real=2.83 secs] 

*** PauseDetector detected a 2839 ms pause at Mon Dec 22 00:24:53 EET 2014 ***

[GC (Allocation Failure) [DefNew: 554368K->5925K(623616K), 0.0125492 secs] 1409938K->861495K(2009472K), 0.0126018 secs] [Times: user=0.02 sys=0.00, real=0.01 secs] 
[Full GC (System.gc()) [Tenured: 855570K->850792K(1385856K), 2.6846532 secs] 985046K->850792K(2009472K), [Metaspace: 10551K->10551K(12288K)], 2.6847033 secs] [Times: user=2.68 sys=0.00, real=2.69 secs] 
[Full GC (System.gc()) [Tenured: 850792K->850714K(1385856K), 2.3448932 secs] 861927K->850714K(2009472K), [Metaspace: 10551K->10551K(12288K)], 2.3450068 secs] [Times: user=2.33 sys=0.00, real=2.35 secs] 

*** PauseDetector detected a 2687 ms pause at Mon Dec 22 00:24:58 EET 2014 ***
[Full GC (System.gc()) [Tenured
: 850714K->781403K(1385856K), 2.5030937 secs] 861849K->781403K(2009472K), [Metaspace: 10551K->10551K(12288K)], 2.5031476 secs] [Times: user=2.51 sys=0.00, real=2.50 secs] 
[Full GC (System.gc()) [Tenured: 781403K->781403K(1385856K), 2.4836020 secs] 792538K->781403K(2009472K), [Metaspace: 10551K->10551K(12288K)], 2.4836533 secs] [Times: user=2.48 sys=0.00, real=2.48 secs] 
[Full GC (System.gc()) [Tenured: 781403K->781403K(1385856K), 2.3312084 secs] 792536K->781403K(2009472K), [Metaspace: 10551K->10551K(12288K)], 2.3312566 secs] [Times: user=2.32 sys=0.00, real=2.33 secs] 
[Full GC (System.gc()) [Tenured: 781403K->781403K(1385856K), 2.5372711 secs] 781405K->781403K(2009472K), [Metaspace: 10551K->10551K(12288K)]
*** PauseDetector detected a 4851 ms pause at Mon Dec 22 00:25:02 EET 2014 ***

, 2.5373141 secs] [Times: user=2.53 sys=0.00, real=2.54 secs] 

*** PauseDetector detected a 7358 ms pause at Mon Dec 22 00:25:10 EET 2014 ***

[GC (Allocation Failure) [DefNew: 554368K->69248K(623616K), 0.1586431 secs] 1335771K->892362K(2009472K), 0.1586861 secs] [Times: user=0.16 sys=0.00, real=0.16 secs] 
[GC (Allocation Failure) [DefNew: 623616K->5954K(623616K), 0.0509046 secs] 1446730K->893598K(2009472K), 0.0509437 secs] [Times: user=0.05 sys=0.00, real=0.05 secs] 
[GC (Allocation Failure) [DefNew: 560322K->69247K(623616K), 0.2004027 secs] 1447966K->998365K(2009472K), 0.2004540 secs] [Times: user=0.20 sys=0.00, real=0.20 secs] 
[GC (Allocation Failure) [DefNew: 623615K->5953K(623616K), 0.0614303 secs] 1552733K->999598K(2009472K), 0.0614764 secs] [Times: user=0.06 sys=0.00, real=0.06 secs] 
[GC (Allocation Failure) [DefNew: 560321K->69247K(623616K), 0.1536927 secs] 1553966K->1104159K(2009472K), 0.1537299 secs] [Times: user=0.16 sys=0.00, real=0.15 secs] 
[GC (Allocation Failure) [DefNew: 623615K->5954K(623616K), 0.0494771 secs] 1658527K->1105391K(2009472K), 0.0495130 secs] [Times: user=0.05 sys=0.00, real=0.05 secs] 
[Full GC (System.gc()) [Tenured: 1099436K->769671K(1385856K), 2.6111922 secs] 1205593K->769671K(2009472K), [Metaspace: 10551K->10551K(12288K)], 2.6112493 secs] [Times: user=2.62 sys=0.00, real=2.61 secs] 
[Full GC (System.gc()) [Tenured: 769671K->769671K(1385856K), 2.4435760 secs] 769671K->769671K(2009472K), [Metaspace: 10551K->10551K(12288K)], 2.4436273 secs] [Times: user=2.42 sys=0.00, real=2.44 secs] 
[Full GC (System.gc()) [Tenured: 769671K->769695K(1385856K), 2.2819033 secs] 780805K->769695K(2009472K), [Metaspace: 10551K->10551K(12288K)], 2.2819489 secs] [Times: user=2.28 sys=0.00, real=2.28 secs] 

*** PauseDetector detected a 5057 ms pause at Mon Dec 22 00:25:25 EET 2014 ***

********************************
********** ROUND   19 **********
********************************

*** PauseDetector detected a 2287 ms pause at Mon Dec 22 00:25:27 EET 2014 ***

[GC (Allocation Failure) [DefNew: 554368K->17970K(623616K), 0.0312672 secs] 1324063K->787665K(2009472K), 0.0313153 secs] [Times: user=0.03 sys=0.00, real=0.03 secs] 
[GC (Allocation Failure) [DefNew: 572338K->18105K(623616K), 0.0190721 secs] 1342033K->787801K(2009472K), 0.0192184 secs] [Times: user=0.01 sys=0.00, real=0.02 secs] 
[GC (Allocation Failure) [DefNew: 572473K->69247K(623616K), 0.1636750 secs] 1342169K->891308K(2009472K), 0.1637154 secs] [Times: user=0.17 sys=0.00, real=0.16 secs] 
[GC (Allocation Failure) [DefNew: 623615K->5865K(623616K), 0.0651989 secs] 1445676K->892493K(2009472K), 0.0653419 secs] [Times: user=0.06 sys=0.00, real=0.06 secs] 
[GC (Allocation Failure) [DefNew: 560233K->69248K(623616K), 0.1689237 secs] 1446861K->995871K(2009472K), 0.1689635 secs] [Times: user=0.17 sys=0.00, real=0.17 secs] 
[GC (Allocation Failure) [DefNew: 623616K->5898K(623616K), 0.0473425 secs] 1550239K->997084K(2009472K), 0.0474413 secs] [Times: user=0.05 sys=0.00, real=0.05 secs] 
[GC (Allocation Failure) [DefNew: 560266K->69247K(623616K), 0.1276941 secs] 1551452K->1100294K(2009472K), 0.1277692 secs] [Times: user=0.14 sys=0.00, real=0.13 secs] 
[GC (Allocation Failure) [DefNew: 623615K->5894K(623616K), 0.0490863 secs] 1654662K->1101503K(2009472K), 0.0491287 secs] [Times: user=0.03 sys=0.00, real=0.05 secs] 
[GC (Allocation Failure) [DefNew: 560262K->69248K(623616K), 0.1498202 secs] 1655871K->1204602K(2009472K), 0.1498587 secs] [Times: user=0.14 sys=0.00, real=0.15 secs] 
[GC (Allocation Failure) [DefNew: 623616K->5890K(623616K), 0.0489016 secs] 1758970K->1205800K(2009472K), 0.0489407 secs] [Times: user=0.05 sys=0.00, real=0.05 secs] 
[GC (Allocation Failure) [DefNew: 560258K->69248K(623616K), 0.1259484 secs] 1760168K->1308795K(2009472K), 0.1259901 secs] [Times: user=0.14 sys=0.00, real=0.13 secs] 
[GC (Allocation Failure) [DefNew: 623616K->5900K(623616K), 0.0488753 secs] 1863163K->1310028K(2009472K), 0.0489163 secs] [Times: user=0.05 sys=0.00, real=0.05 secs] 
[GC (Allocation Failure) [DefNew: 560268K->560268K(623616K), 0.0000693 secs][Tenured: 1304128K->852880K(1385856K), 2.8107614 secs] 1864396K->852880K(2009472K), [Metaspace: 10551K->10551K(12288K)], 2.8108955 secs] [Times: user=2.81 sys=0.00, real=2.81 secs] 

*** PauseDetector detected a 2812 ms pause at Mon Dec 22 00:25:50 EET 2014 ***

[GC (Allocation Failure) [DefNew: 554368K->5887K(623616K), 0.0124171 secs] 1407248K->858768K(2009472K), 0.0124600 secs] [Times: user=0.01 sys=0.00, real=0.01 secs] 
[GC (Allocation Failure) [DefNew: 560255K->69247K(623616K), 0.1209557 secs] 1413136K->961582K(2009472K), 0.1210545 secs] [Times: user=0.13 sys=0.00, real=0.12 secs] 
[GC (Allocation Failure) [DefNew: 623615K->5872K(623616K), 0.0644232 secs] 1515950K->962756K(2009472K), 0.0644739 secs] [Times: user=0.06 sys=0.00, real=0.06 secs] 
[GC (Allocation Failure) [DefNew: 560240K->69247K(623616K), 0.1172384 secs] 1517124K->1065509K(2009472K), 0.1173276 secs] [Times: user=0.12 sys=0.00, real=0.12 secs] 
[GC (Allocation Failure) [DefNew: 623615K->5890K(623616K), 0.0532720 secs] 1619877K->1066693K(2009472K), 0.0533175 secs] [Times: user=0.05 sys=0.00, real=0.05 secs] 
[GC (Allocation Failure) [DefNew: 560258K->69247K(623616K), 0.1238062 secs] 1621061K->1168875K(2009472K), 0.1238472 secs] [Times: user=0.13 sys=0.00, real=0.12 secs] 
[GC (Allocation Failure) [DefNew: 623615K->5883K(623616K), 0.0520818 secs] 1723243K->1170043K(2009472K), 0.0521236 secs] [Times: user=0.06 sys=0.00, real=0.05 secs] 
[GC (Allocation Failure) [DefNew: 560251K->69248K(623616K), 0.1173385 secs] 1724411K->1272167K(2009472K), 0.1173744 secs] [Times: user=0.13 sys=0.00, real=0.12 secs] 
[GC (Allocation Failure) [DefNew: 623616K->5897K(623616K), 0.0540431 secs] 1826535K->1273342K(2009472K), 0.0540861 secs] [Times: user=0.06 sys=0.00, real=0.05 secs] 
[GC (Allocation Failure) [DefNew: 560265K->69248K(623616K), 0.1182155 secs] 1827710K->1375378K(2009472K), 0.1182610 secs] [Times: user=0.11 sys=0.00, real=0.12 secs] 
[GC (Allocation Failure) [DefNew: 623616K->623616K(623616K), 0.0000205 secs][Tenured: 1306130K->783872K(1385856K), 2.7245278 secs] 1929746K->783872K(2009472K), [Metaspace: 10551K->10551K(12288K)], 2.7246080 secs] [Times: user=2.70 sys=0.00, real=2.72 secs] 

*** PauseDetector detected a 2727 ms pause at Mon Dec 22 00:26:09 EET 2014 ***

[GC (Allocation Failure) [DefNew: 554368K->69247K(623616K), 0.1164762 secs] 1338240K->891742K(2009472K), 0.1165160 secs] [Times: user=0.11 sys=0.00, real=0.12 secs] 
[GC (Allocation Failure) [DefNew: 623615K->5907K(623616K), 0.0467882 secs] 1446110K->892927K(2009472K), 0.0468350 secs] [Times: user=0.05 sys=0.00, real=0.05 secs] 
[GC (Allocation Failure) [DefNew: 560275K->69247K(623616K), 0.3975820 secs] 1447295K->1019543K(2009472K), 0.3976359 secs] [Times: user=0.39 sys=0.00, real=0.40 secs] 

*** PauseDetector detected a 399 ms pause at Mon Dec 22 00:26:15 EET 2014 ***

[GC (Allocation Failure) [DefNew: 623615K->5906K(623616K), 0.1217223 secs] 1573911K->1021185K(2009472K), 0.1217634 secs] [Times: user=0.13 sys=0.00, real=0.12 secs] 
[GC (Allocation Failure) [DefNew: 560274K->69247K(623616K), 0.4954217 secs] 1575553K->1140229K(2009472K), 0.4954621 secs] [Times: user=0.48 sys=0.00, real=0.50 secs] 

*** PauseDetector detected a 497 ms pause at Mon Dec 22 00:26:19 EET 2014 ***

[GC (Allocation Failure) [DefNew: 623615K->5880K(623616K), 0.1033200 secs] 1694597K->1141715K(2009472K), 0.1033662 secs] [Times: user=0.09 sys=0.00, real=0.10 secs] 
[GC (Allocation Failure) [DefNew: 560248K->69247K(623616K), 0.4656321 secs] 1696083K->1258235K(2009472K), 0.4656718 secs] [Times: user=0.47 sys=0.00, real=0.47 secs] 

*** PauseDetector detected a 471 ms pause at Mon Dec 22 00:26:22 EET 2014 ***

[GC (Allocation Failure) [DefNew: 623615K->5909K(623616K), 0.0839528 secs] 1812603K->1259728K(2009472K), 0.0840554 secs] [Times: user=0.09 sys=0.00, real=0.08 secs] 
[GC (Allocation Failure) [DefNew: 560277K->69248K(623616K), 0.3863698 secs] 1814096K->1372194K(2009472K), 0.3864090 secs] [Times: user=0.39 sys=0.00, real=0.39 secs] 

*** PauseDetector detected a 387 ms pause at Mon Dec 22 00:26:26 EET 2014 ***

[GC (Allocation Failure) [DefNew: 623616K->623616K(623616K), 0.0000212 secs][Tenured: 1302946K->863643K(1385856K), 2.7474449 secs] 1926562K->863643K(2009472K), [Metaspace: 10551K->10551K(12288K)]
*** PauseDetector detected a 2752 ms pause at Mon Dec 22 00:26:30 EET 2014 ***

, 2.7475315 secs] [Times: user=2.75 sys=0.00, real=2.75 secs] 
[GC (Allocation Failure) [DefNew: 554368K->69247K(623616K), 0.2929763 secs] 1418011K->980820K(2009472K), 0.2930777 secs] [Times: user=0.30 sys=0.00, real=0.29 secs] 
[GC (Allocation Failure) [DefNew: 623615K->5908K(623616K), 0.0854573 secs] 1535188K->982185K(2009472K), 0.0855003 secs] [Times: user=0.08 sys=0.00, real=0.09 secs] 
[GC (Allocation Failure) [DefNew: 560276K->69248K(623616K), 0.2945680 secs] 1536553K->1090932K(2009472K), 0.2946065 secs] [Times: user=0.30 sys=0.00, real=0.29 secs] 
[GC (Allocation Failure) [DefNew: 623616K->5911K(623616K), 0.0694089 secs] 1645300K->1092259K(2009472K), 0.0694519 secs] [Times: user=0.08 sys=0.00, real=0.07 secs] 
[GC (Allocation Failure) [DefNew: 560279K->69247K(623616K), 0.2738791 secs] 1646627K->1200336K(2009472K), 0.2739266 secs] [Times: user=0.28 sys=0.00, real=0.27 secs] 
[GC (Allocation Failure) [DefNew: 623615K->5916K(623616K), 0.0763232 secs] 1754704K->1201637K(2009472K), 0.0763687 secs] [Times: user=0.08 sys=0.00, real=0.08 secs] 
[GC (Allocation Failure) [DefNew: 560284K->69248K(623616K), 0.2471864 secs] 1756005K->1309131K(2009472K), 0.2472255 secs] [Times: user=0.25 sys=0.00, real=0.25 secs] 
[GC (Allocation Failure) [DefNew: 623616K->5879K(623616K), 0.0651244 secs] 1863499K->1310388K(2009472K), 0.0651629 secs] [Times: user=0.06 sys=0.00, real=0.07 secs] 
[GC (Allocation Failure) [DefNew: 560247K->560247K(623616K), 0.0000302 secs][Tenured: 1304508K->857010K(1385856K), 2.9121362 secs] 1864756K->857010K(2009472K), [Metaspace: 10551K->10551K(12288K)]
*** PauseDetector detected a 2916 ms pause at Mon Dec 22 00:26:48 EET 2014 ***

, 2.9122318 secs] [Times: user=2.90 sys=0.00, real=2.91 secs] 
[GC (Allocation Failure) [DefNew: 554368K->5913K(623616K), 0.0119654 secs] 1411378K->862923K(2009472K), 0.0120058 secs] [Times: user=0.00 sys=0.00, real=0.01 secs] 
[GC (Allocation Failure) [DefNew: 560281K->69247K(623616K), 0.2021952 secs] 1417291K->968532K(2009472K), 0.2022363 secs] [Times: user=0.20 sys=0.00, real=0.20 secs] 
[GC (Allocation Failure) [DefNew: 623615K->5898K(623616K), 0.0687789 secs] 1522900K->969764K(2009472K), 0.0688238 secs] [Times: user=0.06 sys=0.00, real=0.07 secs] 
[GC (Allocation Failure) [DefNew: 560266K->69247K(623616K), 0.1934063 secs] 1524132K->1075028K(2009472K), 0.1934563 secs] [Times: user=0.19 sys=0.00, real=0.19 secs] 
[GC (Allocation Failure) [DefNew: 623615K->5912K(623616K), 0.0511888 secs] 1629396K->1076313K(2009472K), 0.0512279 secs] [Times: user=0.05 sys=0.00, real=0.05 secs] 
[GC (Allocation Failure) [DefNew: 560280K->69248K(623616K), 0.1767548 secs] 1630681K->1181307K(2009472K), 0.1767927 secs] [Times: user=0.17 sys=0.00, real=0.18 secs] 
[GC (Allocation Failure) [DefNew: 623616K->5912K(623616K), 0.0679108 secs] 1735675K->1182553K(2009472K), 0.0679621 secs] [Times: user=0.06 sys=0.00, real=0.07 secs] 
[GC (Allocation Failure) [DefNew: 560280K->69248K(623616K), 0.1766688 secs] 1736921K->1287321K(2009472K), 0.1767105 secs] [Times: user=0.17 sys=0.00, real=0.18 secs] 
[GC (Allocation Failure) [DefNew: 623616K->5915K(623616K), 0.0546796 secs] 1841689K->1288557K(2009472K), 0.0547194 secs] [Times: user=0.06 sys=0.00, real=0.06 secs] 
[GC (Allocation Failure) [DefNew: 560283K->69247K(623616K), 0.1763987 secs] 1842925K->1393114K(2009472K), 0.1764468 secs] [Times: user=0.19 sys=0.00, real=0.18 secs] 
[GC (Allocation Failure) [DefNew: 623615K->623615K(623616K), 0.0000186 secs][Tenured: 1323866K->855681K(1385856K), 2.7077872 secs] 1947482K->855681K(2009472K), [Metaspace: 10551K->10551K(12288K)], 2.7078642 secs] [Times: user=2.70 sys=0.00, real=2.71 secs] 

*** PauseDetector detected a 2713 ms pause at Mon Dec 22 00:27:09 EET 2014 ***

[GC (Allocation Failure) [DefNew: 554368K->69247K(623616K), 0.1510571 secs] 1410049K->965946K(2009472K), 0.1510943 secs] [Times: user=0.16 sys=0.00, real=0.15 secs] 
[GC (Allocation Failure) [DefNew: 623615K->5919K(623616K), 0.0516116 secs] 1520314K->967229K(2009472K), 0.0516584 secs] [Times: user=0.05 sys=0.00, real=0.05 secs] 
[GC (Allocation Failure) [DefNew: 560287K->69247K(623616K), 0.1427917 secs] 1521597K->1070732K(2009472K), 0.1428321 secs] [Times: user=0.16 sys=0.00, real=0.14 secs] 
[GC (Allocation Failure) [DefNew: 623615K->5919K(623616K), 0.0497850 secs] 1625100K->1071941K(2009472K), 0.0498280 secs] [Times: user=0.05 sys=0.00, real=0.05 secs] 
[GC (Allocation Failure) [DefNew: 560287K->69247K(623616K), 0.1499652 secs] 1626309K->1175261K(2009472K), 0.1500139 secs] [Times: user=0.16 sys=0.00, real=0.15 secs] 
[GC (Allocation Failure) [DefNew: 623615K->5919K(623616K), 0.0545801 secs] 1729629K->1176500K(2009472K), 0.0546244 secs] [Times: user=0.05 sys=0.00, real=0.06 secs] 
[GC (Allocation Failure) [DefNew: 560287K->69248K(623616K), 0.1511938 secs] 1730868K->1279699K(2009472K), 0.1512361 secs] [Times: user=0.16 sys=0.00, real=0.15 secs] 
[GC (Allocation Failure) [DefNew: 623616K->5875K(623616K), 0.0492621 secs] 1834067K->1280877K(2009472K), 0.0493077 secs] [Times: user=0.05 sys=0.00, real=0.05 secs] 
[GC (Allocation Failure) [DefNew: 560243K->69248K(623616K), 0.1445592 secs] 1835245K->1383971K(2009472K), 0.1446016 secs] [Times: user=0.14 sys=0.00, real=0.14 secs] 
[GC (Allocation Failure) [DefNew: 623616K->623616K(623616K), 0.0000314 secs][Tenured: 1314723K->784996K(1385856K), 2.7457435 secs] 1938339K->784996K(2009472K), [Metaspace: 10551K->10551K(12288K)], 2.7459032 secs] [Times: user=2.71 sys=0.02, real=2.75 secs] 

*** PauseDetector detected a 2750 ms pause at Mon Dec 22 00:27:27 EET 2014 ***

[GC (Allocation Failure) [DefNew: 554368K->69248K(623616K), 0.1435334 secs] 1339364K->893854K(2009472K), 0.1435860 secs] [Times: user=0.14 sys=0.00, real=0.14 secs] 
[GC (Allocation Failure) [DefNew: 623616K->5922K(623616K), 0.0521620 secs] 1448222K->895112K(2009472K), 0.0522031 secs] [Times: user=0.06 sys=0.00, real=0.05 secs] 
[GC (Allocation Failure) [DefNew: 560290K->69247K(623616K), 0.1340701 secs] 1449480K->998023K(2009472K), 0.1341163 secs] [Times: user=0.13 sys=0.00, real=0.13 secs] 
[GC (Allocation Failure) [DefNew: 623615K->5875K(623616K), 0.0450598 secs] 1552391K->999183K(2009472K), 0.0451509 secs] [Times: user=0.05 sys=0.00, real=0.05 secs] 
[GC (Allocation Failure) [DefNew: 560243K->69248K(623616K), 0.1244279 secs] 1553551K->1102031K(2009472K), 0.1244734 secs] [Times: user=0.11 sys=0.00, real=0.12 secs] 
[GC (Allocation Failure) [DefNew: 623616K->5917K(623616K), 0.0476223 secs] 1656399K->1103229K(2009472K), 0.0476684 secs] [Times: user=0.05 sys=0.00, real=0.05 secs] 
[GC (Allocation Failure) [DefNew: 560285K->69247K(623616K), 0.1396050 secs] 1657597K->1205942K(2009472K), 0.1396505 secs] [Times: user=0.14 sys=0.00, real=0.14 secs] 
[GC (Allocation Failure) [DefNew: 623615K->5908K(623616K), 0.0476627 secs] 1760310K->1207139K(2009472K), 0.0477018 secs] [Times: user=0.05 sys=0.00, real=0.05 secs] 
[GC (Allocation Failure) [DefNew: 560276K->69247K(623616K), 0.1293128 secs] 1761507K->1309323K(2009472K), 0.1293513 secs] [Times: user=0.12 sys=0.00, real=0.13 secs] 
[GC (Allocation Failure) [DefNew: 623615K->5920K(623616K), 0.0456013 secs] 1863691K->1310508K(2009472K), 0.0456430 secs] [Times: user=0.05 sys=0.00, real=0.05 secs] 
[GC (Allocation Failure) [DefNew: 560288K->560288K(623616K), 0.0000205 secs][Tenured: 1304587K->852118K(1385856K), 2.6665557 secs] 1864876K->852118K(2009472K), [Metaspace: 10551K->10551K(12288K)], 2.6666410 secs] [Times: user=2.67 sys=0.00, real=2.67 secs] 

*** PauseDetector detected a 2668 ms pause at Mon Dec 22 00:27:47 EET 2014 ***

[GC (Allocation Failure) [DefNew: 554368K->5883K(623616K), 0.0137496 secs] 1406486K->858002K(2009472K), 0.0137939 secs] [Times: user=0.02 sys=0.00, real=0.01 secs] 
[GC (Allocation Failure) [DefNew: 560251K->69248K(623616K), 0.1179871 secs] 1412370K->960059K(2009472K), 0.1180307 secs] [Times: user=0.11 sys=0.00, real=0.12 secs] 
[GC (Allocation Failure) [DefNew: 623616K->5923K(623616K), 0.0510322 secs] 1514427K->961259K(2009472K), 0.0510810 secs] [Times: user=0.05 sys=0.00, real=0.05 secs] 
[GC (Allocation Failure) [DefNew: 560291K->69248K(623616K), 0.1183047 secs] 1515627K->1063223K(2009472K), 0.1183502 secs] [Times: user=0.11 sys=0.00, real=0.12 secs] 
[GC (Allocation Failure) [DefNew: 623616K->5880K(623616K), 0.0509437 secs] 1617591K->1064364K(2009472K), 0.0509828 secs] [Times: user=0.05 sys=0.00, real=0.05 secs] 
[GC (Allocation Failure) [DefNew: 560248K->69247K(623616K), 0.3350803 secs] 1618732K->1191018K(2009472K), 0.3351734 secs] [Times: user=0.33 sys=0.00, real=0.34 secs] 
[GC (Allocation Failure) [DefNew: 623615K->5924K(623616K), 0.1225365 secs] 1745386K->1192667K(2009472K), 0.1225769 secs] [Times: user=0.13 sys=0.00, real=0.12 secs] 
[GC (Allocation Failure) [DefNew: 560292K->69248K(623616K), 0.4890015 secs] 1747035K->1311716K(2009472K), 0.4890444 secs] [Times: user=0.50 sys=0.00, real=0.49 secs] 

*** PauseDetector detected a 493 ms pause at Mon Dec 22 00:28:00 EET 2014 ***

[GC (Allocation Failure) [DefNew: 623616K->5922K(623616K), 0.1067197 secs] 1866084K->1313221K(2009472K), 0.1068115 secs] [Times: user=0.09 sys=0.00, real=0.11 secs] 
[GC (Allocation Failure) [DefNew: 560290K->560290K(623616K), 0.0000231 secs][Tenured: 1307299K->866129K(1385856K), 2.9375362 secs] 1867589K->866129K(2009472K), [Metaspace: 10551K->10551K(12288K)], 2.9376330 secs] [Times: user=2.93 sys=0.00, real=2.94 secs] 

*** PauseDetector detected a 2942 ms pause at Mon Dec 22 00:28:07 EET 2014 ***

[GC (Allocation Failure) [DefNew: 554368K->5885K(623616K), 0.0123721 secs] 1420497K->872014K(2009472K), 0.0124132 secs] [Times: user=0.01 sys=0.00, real=0.01 secs] 
[GC (Allocation Failure) [DefNew: 560253K->69247K(623616K), 0.3786915 secs] 1426382K->984491K(2009472K), 0.3787813 secs] [Times: user=0.39 sys=0.00, real=0.38 secs] 

*** PauseDetector detected a 383 ms pause at Mon Dec 22 00:28:10 EET 2014 ***

[GC (Allocation Failure) [DefNew: 623615K->5911K(623616K), 0.0834588 secs] 1538859K->985887K(2009472K), 0.0834973 secs] [Times: user=0.08 sys=0.00, real=0.08 secs] 
[GC (Allocation Failure) [DefNew: 560279K->69247K(623616K), 0.3236552 secs] 1540255K->1097167K(2009472K), 0.3236956 secs] [Times: user=0.31 sys=0.00, real=0.32 secs] 
[GC (Allocation Failure) [DefNew: 623615K->5909K(623616K), 0.0735881 secs] 1651535K->1098518K(2009472K), 0.0736876 secs] [Times: user=0.08 sys=0.00, real=0.07 secs] 
[GC (Allocation Failure) [DefNew: 560277K->69247K(623616K), 0.3076870 secs] 1652886K->1207283K(2009472K), 0.3077325 secs] [Times: user=0.31 sys=0.00, real=0.31 secs] 
[GC (Allocation Failure) [DefNew: 623615K->5875K(623616K), 0.0817008 secs] 1761651K->1208555K(2009472K), 0.0817425 secs] [Times: user=0.08 sys=0.00, real=0.08 secs] 
[GC (Allocation Failure) [DefNew: 560243K->69248K(623616K), 0.2672613 secs] 1762923K->1316657K(2009472K), 0.2672972 secs] [Times: user=0.27 sys=0.00, real=0.27 secs] 
[GC (Allocation Failure) [DefNew: 623616K->5921K(623616K), 0.0699356 secs] 1871025K->1317974K(2009472K), 0.0700325 secs] [Times: user=0.08 sys=0.00, real=0.07 secs] 
[GC (Allocation Failure) [DefNew: 560289K->560289K(623616K), 0.0000366 secs][Tenured: 1312053K->857451K(1385856K), 2.8211639 secs] 1872342K->857451K(2009472K), [Metaspace: 10551K->10551K(12288K)], 2.8213378 secs] [Times: user=2.79 sys=0.00, real=2.82 secs] 

*** PauseDetector detected a 2818 ms pause at Mon Dec 22 00:28:26 EET 2014 ***

[GC (Allocation Failure) [DefNew: 554368K->5900K(623616K), 0.0138394 secs] 1411819K->863351K(2009472K), 0.0138824 secs] [Times: user=0.02 sys=0.00, real=0.01 secs] 
[GC (Allocation Failure) [DefNew: 560268K->69248K(623616K), 0.2367710 secs] 1417719K->970370K(2009472K), 0.2368140 secs] [Times: user=0.23 sys=0.00, real=0.24 secs] 
[GC (Allocation Failure) [DefNew: 623616K->5926K(623616K), 0.0594491 secs] 1524738K->971709K(2009472K), 0.0594895 secs] [Times: user=0.06 sys=0.00, real=0.06 secs] 
[Full GC (System.gc()) [Tenured: 965783K->782146K(1385856K), 2.5046970 secs] 1128983K->782146K(2009472K), [Metaspace: 10551K->10551K(12288K)], 2.5047534 secs] [Times: user=2.51 sys=0.00, real=2.51 secs] 
[Full GC (System.gc()) [Tenured: 782146K->782146K(1385856K), 2.3433265 secs] 782146K->782146K(2009472K), [Metaspace: 10551K->10551K(12288K)], 2.3433689 secs] [Times: user=2.34 sys=0.00, real=2.34 secs] 
[Full GC (System.gc()) [Tenured: 782146K->782147K(1385856K), 2.2694086 secs] 782148K->782147K(2009472K), [Metaspace: 10551K->10551K(12288K)], 2.2695216 secs] [Times: user=2.25 sys=0.00, real=2.27 secs] 

*** PauseDetector detected a 4849 ms pause at Mon Dec 22 00:28:36 EET 2014 ***

[Full GC (System.gc()) [Tenured: 782147K->782334K(1385856K), 2.1773528 secs] 793281K->782334K(2009472K), [Metaspace: 10551K->10551K(12288K)], 2.1775119 secs] [Times: user=2.18 sys=0.00, real=2.18 secs] 
[Full GC (System.gc()) [Tenured: 782334K->781675K(1385856K), 2.4106150 secs] 793468K->781675K(2009472K), [Metaspace: 10551K->10551K(12288K)], 2.4106670 secs] [Times: user=2.42 sys=0.00, real=2.41 secs] 
[Full GC (System.gc()) [Tenured: 781675K->781675K(1385856K), 2.2665414 secs] 792808K->781675K(2009472K), [Metaspace: 10551K->10551K(12288K)]
*** PauseDetector detected a 4450 ms pause at Mon Dec 22 00:28:41 EET 2014 ***

, 2.2665883 secs] [Times: user=2.25 sys=0.00, real=2.27 secs] 

*** PauseDetector detected a 4683 ms pause at Mon Dec 22 00:28:46 EET 2014 ***

[GC (Allocation Failure) [DefNew: 554368K->69247K(623616K), 0.1772514 secs] 1336043K->892924K(2009472K), 0.1772892 secs] [Times: user=0.17 sys=0.00, real=0.18 secs] 
[GC (Allocation Failure) [DefNew: 623615K->5954K(623616K), 0.0663640 secs] 1447292K->894165K(2009472K), 0.0664147 secs] [Times: user=0.06 sys=0.00, real=0.07 secs] 
[GC (Allocation Failure) [DefNew: 560322K->69248K(623616K), 0.1795732 secs] 1448533K->999168K(2009472K), 0.1796169 secs] [Times: user=0.19 sys=0.00, real=0.18 secs] 
[GC (Allocation Failure) [DefNew: 623616K->5954K(623616K), 0.0553058 secs] 1553536K->1000405K(2009472K), 0.0553481 secs] [Times: user=0.06 sys=0.00, real=0.06 secs] 
[GC (Allocation Failure) [DefNew: 560322K->69247K(623616K), 0.1683136 secs] 1554773K->1105171K(2009472K), 0.1683598 secs] [Times: user=0.16 sys=0.00, real=0.17 secs] 
[GC (Allocation Failure) [DefNew: 623615K->5954K(623616K), 0.0527876 secs] 1659539K->1106406K(2009472K), 0.0528306 secs] [Times: user=0.05 sys=0.00, real=0.05 secs] 
[Full GC (System.gc()) [Tenured: 1100451K->812767K(1385856K), 2.4239335 secs] 1184339K->812767K(2009472K), [Metaspace: 10551K->10551K(12288K)], 2.4239899 secs] [Times: user=2.42 sys=0.00, real=2.42 secs] 
[Full GC (System.gc()) [Tenured: 812767K->812767K(1385856K), 2.1751919 secs] 823900K->812767K(2009472K), [Metaspace: 10551K->10551K(12288K)], 2.1752336 secs] [Times: user=2.18 sys=0.00, real=2.17 secs] 
[Full GC (System.gc()) [Tenured: 812767K->743485K(1385856K), 2.3033435 secs] 812769K->743485K(2009472K), [Metaspace: 10551K->10551K(12288K)], 2.3034057 secs] [Times: user=2.31 sys=0.00, real=2.30 secs] 

*** PauseDetector detected a 4598 ms pause at Mon Dec 22 00:29:00 EET 2014 ***

********************************
********** ROUND   20 **********
********************************

*** PauseDetector detected a 2366 ms pause at Mon Dec 22 00:29:03 EET 2014 ***

[GC (Allocation Failure) [DefNew: 554368K->44104K(623616K), 0.0425429 secs] 1297853K->787590K(2009472K), 0.0426892 secs] [Times: user=0.05 sys=0.00, real=0.04 secs] 
[GC (Allocation Failure) [DefNew: 598472K->5886K(623616K), 0.0344546 secs] 1341958K->787985K(2009472K), 0.0344982 secs] [Times: user=0.05 sys=0.00, real=0.04 secs] 
[GC (Allocation Failure) [DefNew: 560254K->69248K(623616K), 0.1239242 secs] 1342353K->892359K(2009472K), 0.1240327 secs] [Times: user=0.11 sys=0.00, real=0.12 secs] 
[GC (Allocation Failure) [DefNew: 623616K->5888K(623616K), 0.0491293 secs] 1446727K->893595K(2009472K), 0.0491729 secs] [Times: user=0.05 sys=0.00, real=0.05 secs] 
[GC (Allocation Failure) [DefNew: 560256K->69248K(623616K), 0.1192677 secs] 1447963K->997104K(2009472K), 0.1194172 secs] [Times: user=0.13 sys=0.00, real=0.12 secs] 
[GC (Allocation Failure) [DefNew: 623616K->5868K(623616K), 0.0511541 secs] 1551472K->998287K(2009472K), 0.0511939 secs] [Times: user=0.05 sys=0.00, real=0.05 secs] 
[GC (Allocation Failure) [DefNew: 560236K->69248K(623616K), 0.1353430 secs] 1552655K->1101649K(2009472K), 0.1354001 secs] [Times: user=0.12 sys=0.00, real=0.13 secs] 
[GC (Allocation Failure) [DefNew: 623616K->5889K(623616K), 0.0524912 secs] 1656017K->1102867K(2009472K), 0.0525393 secs] [Times: user=0.05 sys=0.00, real=0.05 secs] 
[GC (Allocation Failure) [DefNew: 560257K->69248K(623616K), 0.1317393 secs] 1657235K->1206091K(2009472K), 0.1317855 secs] [Times: user=0.14 sys=0.00, real=0.13 secs] 
[GC (Allocation Failure) [DefNew: 623616K->5890K(623616K), 0.0460318 secs] 1760459K->1207290K(2009472K), 0.0460722 secs] [Times: user=0.05 sys=0.00, real=0.05 secs] 
[GC (Allocation Failure) [DefNew: 560258K->69248K(623616K), 0.1291409 secs] 1761658K->1310370K(2009472K), 0.1292031 secs] [Times: user=0.13 sys=0.00, real=0.12 secs] 
[GC (Allocation Failure) [DefNew: 623616K->5896K(623616K), 0.0420944 secs] 1864738K->1311599K(2009472K), 0.0422458 secs] [Times: user=0.03 sys=0.00, real=0.03 secs] 
[GC (Allocation Failure) [DefNew: 560264K->560264K(623616K), 0.0000192 secs][Tenured: 1305702K->852982K(1385856K), 2.3774160 secs] 1865967K->852982K(2009472K), [Metaspace: 10551K->10551K(12288K)], 2.3774981 secs] [Times: user=2.37 sys=0.00, real=2.37 secs] 

*** PauseDetector detected a 2375 ms pause at Mon Dec 22 00:29:25 EET 2014 ***

[GC (Allocation Failure) [DefNew: 554368K->5896K(623616K), 0.0122156 secs] 1407350K->858878K(2009472K), 0.0122586 secs] [Times: user=0.01 sys=0.00, real=0.01 secs] 
[GC (Allocation Failure) [DefNew: 560264K->69247K(623616K), 0.1248853 secs] 1413246K->961794K(2009472K), 0.1249322 secs] [Times: user=0.13 sys=0.00, real=0.12 secs] 
[GC (Allocation Failure) [DefNew: 623615K->5901K(623616K), 0.0424633 secs] 1516162K->963003K(2009472K), 0.0424999 secs] [Times: user=0.03 sys=0.00, real=0.03 secs] 
[GC (Allocation Failure) [DefNew: 560269K->69248K(623616K), 0.0978615 secs] 1517371K->1065801K(2009472K), 0.0979263 secs] [Times: user=0.09 sys=0.00, real=0.10 secs] 
[GC (Allocation Failure) [DefNew: 623616K->5866K(623616K), 0.0481477 secs] 1620169K->1066970K(2009472K), 0.0481939 secs] [Times: user=0.05 sys=0.00, real=0.04 secs] 
[GC (Allocation Failure) [DefNew: 560234K->69248K(623616K), 0.1208447 secs] 1621338K->1169727K(2009472K), 0.1208877 secs] [Times: user=0.13 sys=0.00, real=0.12 secs] 
[GC (Allocation Failure) [DefNew: 623616K->5906K(623616K), 0.0421798 secs] 1724095K->1170931K(2009472K), 0.0422163 secs] [Times: user=0.03 sys=0.00, real=0.03 secs] 
[GC (Allocation Failure) [DefNew: 560274K->69247K(623616K), 0.0990375 secs] 1725299K->1273094K(2009472K), 0.0990811 secs] [Times: user=0.09 sys=0.00, real=0.10 secs] 
[GC (Allocation Failure) [DefNew: 623615K->5885K(623616K), 0.0542728 secs] 1827462K->1274266K(2009472K), 0.0543177 secs] [Times: user=0.05 sys=0.00, real=0.05 secs] 
[GC (Allocation Failure) [DefNew: 560253K->69247K(623616K), 0.1000429 secs] 1828634K->1376382K(2009472K), 0.1000820 secs] [Times: user=0.08 sys=0.00, real=0.09 secs] 
[GC (Allocation Failure) [DefNew: 623615K->623615K(623616K), 0.0000327 secs][Tenured: 1307134K->853262K(1385856K), 2.3176417 secs] 1930750K->853262K(2009472K), [Metaspace: 10551K->10551K(12288K)], 2.3177629 secs] [Times: user=2.32 sys=0.00, real=2.31 secs] 

*** PauseDetector detected a 2319 ms pause at Mon Dec 22 00:29:44 EET 2014 ***

[GC (Allocation Failure) [DefNew: 554368K->69247K(623616K), 0.1010816 secs] 1407630K->961193K(2009472K), 0.1011201 secs] [Times: user=0.11 sys=0.00, real=0.10 secs] 
[GC (Allocation Failure) [DefNew: 623615K->5907K(623616K), 0.0479751 secs] 1515561K->962382K(2009472K), 0.0480816 secs] [Times: user=0.05 sys=0.00, real=0.05 secs] 
[GC (Allocation Failure) [DefNew: 560275K->69248K(623616K), 0.1055213 secs] 1516750K->1064352K(2009472K), 0.1055643 secs] [Times: user=0.09 sys=0.00, real=0.10 secs] 
[GC (Allocation Failure) [DefNew: 623616K->5906K(623616K), 0.0463449 secs] 1618720K->1065529K(2009472K), 0.0463879 secs] [Times: user=0.05 sys=0.00, real=0.05 secs] 
[GC (Allocation Failure) [DefNew: 560274K->69248K(623616K), 0.3233921 secs] 1619897K->1192140K(2009472K), 0.3235583 secs] [Times: user=0.33 sys=0.00, real=0.32 secs] 
[GC (Allocation Failure) [DefNew: 623616K->5903K(623616K), 0.1088100 secs] 1746508K->1193784K(2009472K), 0.1088806 secs] [Times: user=0.11 sys=0.00, real=0.11 secs] 
[GC (Allocation Failure) [DefNew
*** PauseDetector detected a 505 ms pause at Mon Dec 22 00:29:56 EET 2014 ***

: 560271K->69248K(623616K), 0.5041901 secs] 1748152K->1312838K(2009472K), 0.5043396 secs] [Times: user=0.50 sys=0.00, real=0.50 secs] 
[GC (Allocation Failure) [DefNew: 623616K->5907K(623616K), 0.0968067 secs] 1867206K->1314344K(2009472K), 0.0968510 secs] [Times: user=0.09 sys=0.00, real=0.10 secs] 
[GC (Allocation Failure) [DefNew: 560275K->560275K(623616K), 0.0000212 secs][Tenured: 1308437K->866096K(1385856K), 2.8266853 secs] 1868712K->866096K(2009472K), [Metaspace: 10551K->10551K(12288K)], 2.8267707 secs] [Times: user=2.81 sys=0.00, real=2.83 secs] 

*** PauseDetector detected a 2829 ms pause at Mon Dec 22 00:30:02 EET 2014 ***

[GC (Allocation Failure) [DefNew: 554368K->5883K(623616K), 0.0119596 secs] 1420464K->871980K(2009472K), 0.0119936 secs] [Times: user=0.02 sys=0.00, real=0.01 secs] 
[GC (Allocation Failure) [DefNew: 560251K->69247K(623616K), 0.3200444 secs] 1426348K->984473K(2009472K), 0.3201862 secs] [Times: user=0.31 sys=0.00, real=0.31 secs] 
[GC (Allocation Failure) [DefNew: 623615K->5911K(623616K), 0.0843063 secs] 1538841K->985854K(2009472K), 0.0843473 secs] [Times: user=0.06 sys=0.00, real=0.08 secs] 
[GC (Allocation Failure) [DefNew: 560279K->69247K(623616K), 0.3016401 secs] 1540222K->1097060K(2009472K), 0.3016927 secs] [Times: user=0.30 sys=0.00, real=0.30 secs] 
[GC (Allocation Failure) [DefNew: 623615K->5910K(623616K), 0.0786797 secs] 1651428K->1098462K(2009472K), 0.0787194 secs] [Times: user=0.08 sys=0.00, real=0.08 secs] 
[GC (Allocation Failure) [DefNew: 560278K->69248K(623616K), 0.2533359 secs] 1652830K->1207245K(2009472K), 0.2533776 secs] [Times: user=0.25 sys=0.00, real=0.25 secs] 
[GC (Allocation Failure) [DefNew: 623616K->5903K(623616K), 0.0843371 secs] 1761613K->1208551K(2009472K), 0.0843865 secs] [Times: user=0.08 sys=0.00, real=0.09 secs] 
[GC (Allocation Failure) [DefNew: 560271K->69248K(623616K), 0.2401810 secs] 1762919K->1316634K(2009472K), 0.2402233 secs] [Times: user=0.25 sys=0.00, real=0.24 secs] 
[GC (Allocation Failure) [DefNew: 623616K->5910K(623616K), 0.0721349 secs] 1871002K->1317932K(2009472K), 0.0721779 secs] [Times: user=0.06 sys=0.00, real=0.07 secs] 
[GC (Allocation Failure) [DefNew: 560278K->560278K(623616K), 0.0000186 secs][Tenured: 1312021K->788167K(1385856K), 2.7118432 secs] 1872300K->788167K(2009472K), [Metaspace: 10551K->10551K(12288K)], 2.7120306 secs] [Times: user=2.70 sys=0.00, real=2.71 secs] 

*** PauseDetector detected a 2706 ms pause at Mon Dec 22 00:30:22 EET 2014 ***

[GC (Allocation Failure) [DefNew: 554368K->5872K(623616K), 0.0109209 secs] 1342535K->794039K(2009472K), 0.0110255 secs] [Times: user=0.02 sys=0.00, real=0.00 secs] 
[GC (Allocation Failure) [DefNew: 560240K->69248K(623616K), 0.1945637 secs] 1348407K->901130K(2009472K), 0.1946034 secs] [Times: user=0.20 sys=0.00, real=0.19 secs] 
[GC (Allocation Failure) [DefNew: 623616K->5912K(623616K), 0.0595748 secs] 1455498K->902411K(2009472K), 0.0596165 secs] [Times: user=0.06 sys=0.00, real=0.05 secs] 
[GC (Allocation Failure) [DefNew: 560280K->69248K(623616K), 0.1960541 secs] 1456779K->1007986K(2009472K), 0.1961676 secs] [Times: user=0.20 sys=0.00, real=0.20 secs] 
[GC (Allocation Failure) [DefNew: 623616K->5910K(623616K), 0.0584719 secs] 1562354K->1009265K(2009472K), 0.0585181 secs] [Times: user=0.06 sys=0.00, real=0.05 secs] 
[GC (Allocation Failure) [DefNew: 560278K->69248K(623616K), 0.1774528 secs] 1563633K->1114554K(2009472K), 0.1774984 secs] [Times: user=0.17 sys=0.00, real=0.17 secs] 
[GC (Allocation Failure) [DefNew: 623616K->5913K(623616K), 0.0525540 secs] 1668922K->1115802K(2009472K), 0.0525977 secs] [Times: user=0.05 sys=0.00, real=0.05 secs] 
[GC (Allocation Failure) [DefNew: 560281K->69248K(623616K), 0.1786507 secs] 1670170K->1220803K(2009472K), 0.1786969 secs] [Times: user=0.17 sys=0.00, real=0.18 secs] 
[GC (Allocation Failure) [DefNew: 623616K->5912K(623616K), 0.0545275 secs] 1775171K->1222041K(2009472K), 0.0545699 secs] [Times: user=0.06 sys=0.00, real=0.05 secs] 
[GC (Allocation Failure) [DefNew: 560280K->69247K(623616K), 0.1618946 secs] 1776409K->1326776K(2009472K), 0.1620364 secs] [Times: user=0.16 sys=0.00, real=0.16 secs] 
[GC (Allocation Failure) [DefNew: 623615K->5914K(623616K), 0.0565819 secs] 1881144K->1328045K(2009472K), 0.0566242 secs] [Times: user=0.05 sys=0.00, real=0.05 secs] 
[GC (Allocation Failure) [DefNew: 560282K->560282K(623616K), 0.0000167 secs][Tenured: 1322130K->854554K(1385856K), 2.2299626 secs] 1882413K->854554K(2009472K), [Metaspace: 10551K->10551K(12288K)]
*** PauseDetector detected a 2229 ms pause at Mon Dec 22 00:30:43 EET 2014 ***

, 2.2300370 secs] [Times: user=2.22 sys=0.00, real=2.23 secs] 
[GC (Allocation Failure) [DefNew: 554368K->5910K(623616K), 0.0115298 secs] 1408922K->860464K(2009472K), 0.0115702 secs] [Times: user=0.00 sys=0.00, real=0.00 secs] 
[GC (Allocation Failure) [DefNew: 560278K->69247K(623616K), 0.1457911 secs] 1414832K->964807K(2009472K), 0.1458353 secs] [Times: user=0.13 sys=0.00, real=0.14 secs] 
[GC (Allocation Failure) [DefNew: 623615K->5911K(623616K), 0.0472174 secs] 1519175K->966072K(2009472K), 0.0472610 secs] [Times: user=0.05 sys=0.00, real=0.05 secs] 
[GC (Allocation Failure) [DefNew: 560279K->69248K(623616K), 0.1429495 secs] 1520440K->1069580K(2009472K), 0.1430586 secs] [Times: user=0.14 sys=0.00, real=0.14 secs] 
[GC (Allocation Failure) [DefNew: 623616K->5894K(623616K), 0.0454627 secs] 1623948K->1070768K(2009472K), 0.0456064 secs] [Times: user=0.03 sys=0.00, real=0.04 secs] 
[GC (Allocation Failure) [DefNew: 560262K->69247K(623616K), 0.1466585 secs] 1625136K->1174133K(2009472K), 0.1467008 secs] [Times: user=0.14 sys=0.00, real=0.15 secs] 
[GC (Allocation Failure) [DefNew: 623615K->5903K(623616K), 0.0432480 secs] 1728501K->1175335K(2009472K), 0.0433102 secs] [Times: user=0.05 sys=0.00, real=0.03 secs] 
[GC (Allocation Failure) [DefNew: 560271K->69248K(623616K), 0.1119935 secs] 1729703K->1278518K(2009472K), 0.1121455 secs] [Times: user=0.11 sys=0.00, real=0.11 secs] 
[GC (Allocation Failure) [DefNew: 623616K->5887K(623616K), 0.0414253 secs] 1832886K->1279742K(2009472K), 0.0414663 secs] [Times: user=0.03 sys=0.00, real=0.04 secs] 
[GC (Allocation Failure) [DefNew: 560255K->69247K(623616K), 0.1221689 secs] 1834110K->1382866K(2009472K), 0.1222080 secs] [Times: user=0.12 sys=0.00, real=0.12 secs] 
[GC (Allocation Failure) [DefNew: 623615K->623615K(623616K), 0.0000192 secs][Tenured: 1313618K->854286K(1385856K), 2.2212815 secs] 1937234K->854286K(2009472K), [Metaspace: 10551K->10551K(12288K)], 2.2213552 secs] [Times: user=2.23 sys=0.00, real=2.22 secs] 

*** PauseDetector detected a 2224 ms pause at Mon Dec 22 00:31:02 EET 2014 ***

[GC (Allocation Failure) [DefNew: 554368K->69247K(623616K), 0.1042471 secs] 1408654K->963192K(2009472K), 0.1042882 secs] [Times: user=0.09 sys=0.00, real=0.10 secs] 
[GC (Allocation Failure) [DefNew: 623615K->5917K(623616K), 0.0463436 secs] 1517560K->964397K(2009472K), 0.0463885 secs] [Times: user=0.05 sys=0.00, real=0.05 secs] 
[GC (Allocation Failure) [DefNew: 560285K->69247K(623616K), 0.0991344 secs] 1518765K->1067294K(2009472K), 0.0992762 secs] [Times: user=0.09 sys=0.00, real=0.10 secs] 
[GC (Allocation Failure) [DefNew: 623615K->5915K(623616K), 0.0431325 secs] 1621662K->1068490K(2009472K), 0.0431742 secs] [Times: user=0.05 sys=0.00, real=0.04 secs] 
[GC (Allocation Failure) [DefNew: 560283K->69247K(623616K), 0.1012118 secs] 1622858K->1171315K(2009472K), 0.1013542 secs] [Times: user=0.11 sys=0.00, real=0.10 secs] 
[GC (Allocation Failure) [DefNew: 623615K->5918K(623616K), 0.0461409 secs] 1725683K->1172520K(2009472K), 0.0462467 secs] [Times: user=0.05 sys=0.00, real=0.04 secs] 
[GC (Allocation Failure) [DefNew: 560286K->69248K(623616K), 0.1138021 secs] 1726888K->1275245K(2009472K), 0.1138419 secs] [Times: user=0.11 sys=0.00, real=0.11 secs] 
[GC (Allocation Failure) [DefNew: 623616K->5917K(623616K), 0.0409967 secs] 1829613K->1276440K(2009472K), 0.0410352 secs] [Times: user=0.05 sys=0.00, real=0.04 secs] 
[GC (Allocation Failure) [DefNew: 560285K->69248K(623616K), 0.1103190 secs] 1830808K->1378610K(2009472K), 0.1103568 secs] [Times: user=0.11 sys=0.00, real=0.11 secs] 
[GC (Allocation Failure) [DefNew: 623616K->623616K(623616K), 0.0000186 secs][Tenured: 1309362K->853291K(1385856K), 2.4885601 secs] 1932978K->853291K(2009472K), [Metaspace: 10551K->10551K(12288K)], 2.4887474 secs] [Times: user=2.48 sys=0.00, real=2.48 secs] 

*** PauseDetector detected a 2483 ms pause at Mon Dec 22 00:31:20 EET 2014 ***

[GC (Allocation Failure) [DefNew: 554368K->69248K(623616K), 0.1086246 secs] 1407659K->961310K(2009472K), 0.1086688 secs] [Times: user=0.09 sys=0.00, real=0.10 secs] 
[GC (Allocation Failure) [DefNew: 623616K->5916K(623616K), 0.0389449 secs] 1515678K->962492K(2009472K), 0.0390970 secs] [Times: user=0.03 sys=0.00, real=0.04 secs] 
[GC (Allocation Failure) [DefNew: 560284K->69247K(623616K), 0.1115271 secs] 1516860K->1064488K(2009472K), 0.1115675 secs] [Times: user=0.11 sys=0.00, real=0.11 secs] 
[GC (Allocation Failure) [DefNew: 623615K->5924K(623616K), 0.0461582 secs] 1618856K->1065711K(2009472K), 0.0462018 secs] [Times: user=0.05 sys=0.00, real=0.04 secs] 
[GC (Allocation Failure) [DefNew: 560292K->69247K(623616K), 0.1088421 secs] 1620079K->1167672K(2009472K), 0.1089499 secs] [Times: user=0.09 sys=0.00, real=0.11 secs] 
[GC (Allocation Failure) [DefNew: 623615K->5905K(623616K), 0.0387120 secs] 1722040K->1168839K(2009472K), 0.0388564 secs] [Times: user=0.05 sys=0.00, real=0.04 secs] 
[GC (Allocation Failure) [DefNew: 560273K->69248K(623616K), 0.3073360 secs] 1723207K->1295467K(2009472K), 0.3075375 secs] [Times: user=0.30 sys=0.00, real=0.30 secs] 
[GC (Allocation Failure) [DefNew: 623616K->5924K(623616K), 0.1292929 secs] 1849835K->1297117K(2009472K), 0.1293346 secs] [Times: user=0.13 sys=0.00, real=0.13 secs] 
[GC (Allocation Failure) [DefNew: 560292K->69248K(623616K), 0.5144015 secs] 1851485K->1416165K(2009472K), 0.5144451 secs] [Times: user=0.51 sys=0.00, real=0.51 secs] 

*** PauseDetector detected a 509 ms pause at Mon Dec 22 00:31:35 EET 2014 ***

[GC (Allocation Failure) [DefNew: 623616K->623616K(623616K), 0.0000212 secs][Tenured: 1346917K->800349K(1385856K), 2.8512224 secs] 1970533K->800349K(2009472K), [Metaspace: 10551K->10551K(12288K)], 2.8513039 secs] [Times: user=2.84 sys=0.00, real=2.85 secs] 

*** PauseDetector detected a 2846 ms pause at Mon Dec 22 00:31:39 EET 2014 ***

[GC (Allocation Failure) [DefNew: 554368K->69248K(623616K), 0.4346658 secs] 1354717K->922786K(2009472K), 0.4347107 secs] [Times: user=0.42 sys=0.00, real=0.43 secs] 

*** PauseDetector detected a 435 ms pause at Mon Dec 22 00:31:42 EET 2014 ***

[GC (Allocation Failure) [DefNew: 623616K->5925K(623616K), 0.0854817 secs] 1477154K->924258K(2009472K), 0.0855234 secs] [Times: user=0.08 sys=0.00, real=0.08 secs] 
[GC (Allocation Failure) [DefNew: 560293K->69247K(623616K), 0.3857834 secs] 1478626K->1036683K(2009472K), 0.3858713 secs] [Times: user=0.38 sys=0.00, real=0.38 secs] 

*** PauseDetector detected a 388 ms pause at Mon Dec 22 00:31:45 EET 2014 ***

[GC (Allocation Failure) [DefNew: 623615K->5900K(623616K), 0.0855291 secs] 1591051K->1038079K(2009472K), 0.0855856 secs] [Times: user=0.08 sys=0.00, real=0.08 secs] 
[Full GC (System.gc()) [Tenured: 1032179K->821202K(1385856K), 2.5908837 secs] 1128403K->821202K(2009472K), [Metaspace: 10551K->10551K(12288K)], 2.5909383 secs] [Times: user=2.59 sys=0.00, real=2.59 secs] 
[Full GC (System.gc()) [Tenured: 821202K->821209K(1385856K), 2.4888180 secs] 832337K->821209K(2009472K), [Metaspace: 10551K->10551K(12288K)], 2.4889335 secs] [Times: user=2.50 sys=0.00, real=2.49 secs] 
[Full GC (System.gc()) [Tenured: 821209K->821231K(1385856K), 2.4703701 secs] 832343K->821231K(2009472K), [Metaspace: 10551K->10551K(12288K)]
*** PauseDetector detected a 2598 ms pause at Mon Dec 22 00:31:50 EET 2014 ***

, 2.4704189 secs] [Times: user=2.47 sys=0.00, real=2.47 secs] 
[Full GC (System.gc()) [Tenured: 821231K->755053K(1385856K), 2.6872279 secs] 832366K->755053K(2009472K), [Metaspace: 10551K->10551K(12288K)], 2.6872831 secs] [Times: user=2.68 sys=0.00, real=2.68 secs] 
[Full GC (System.gc()) [Tenured: 755053K->755053K(1385856K), 2.5301752 secs] 755053K->755053K(2009472K), [Metaspace: 10551K->10551K(12288K)], 2.5302221 secs] [Times: user=2.53 sys=0.00, real=2.53 secs] 

*** PauseDetector detected a 10177 ms pause at Mon Dec 22 00:32:00 EET 2014 ***

[Full GC (System.gc()) [Tenured: 755053K->755055K(1385856K), 2.3947161 secs] 766188K->755055K(2009472K), [Metaspace: 10551K->10551K(12288K)], 2.3947623 secs] [Times: user=2.39 sys=0.00, real=2.39 secs] 

*** PauseDetector detected a 2401 ms pause at Mon Dec 22 00:32:02 EET 2014 ***

[GC (Allocation Failure) [DefNew: 554368K->41182K(623616K), 0.0674431 secs] 1309423K->796238K(2009472K), 0.0674861 secs] [Times: user=0.06 sys=0.00, real=0.07 secs] 
[GC (Allocation Failure) [DefNew: 595550K->5953K(623616K), 0.0447422 secs] 1350606K->796599K(2009472K), 0.0447858 secs] [Times: user=0.05 sys=0.00, real=0.05 secs] 
[GC (Allocation Failure) [DefNew: 560321K->69248K(623616K), 0.2742185 secs] 1350967K->905389K(2009472K), 0.2742622 secs] [Times: user=0.28 sys=0.00, real=0.27 secs] 
[GC (Allocation Failure) [DefNew: 623616K->5954K(623616K), 0.0850216 secs] 1459757K->906695K(2009472K), 0.0850633 secs] [Times: user=0.06 sys=0.00, real=0.08 secs] 
[GC (Allocation Failure) [DefNew: 560322K->69248K(623616K), 0.2916168 secs] 1461063K->1014777K(2009472K), 0.2916604 secs] [Times: user=0.30 sys=0.00, real=0.29 secs] 
[GC (Allocation Failure) [DefNew: 623616K->5947K(623616K), 0.0664846 secs] 1569145K->1016061K(2009472K), 0.0665327 secs] [Times: user=0.08 sys=0.00, real=0.06 secs] 
[Full GC (System.gc()) [Tenured: 1010114K->745763K(1385856K), 2.4096700 secs] 1027196K->745763K(2009472K), [Metaspace: 10551K->10551K(12288K)], 2.4097277 secs] [Times: user=2.42 sys=0.00, real=2.40 secs] 
[Full GC (System.gc()) [Tenured: 745763K->677067K(1385856K), 2.3035398 secs] 745765K->677067K(2009472K), [Metaspace: 10551K->10551K(12288K)], 2.3035841 secs] [Times: user=2.31 sys=0.00, real=2.31 secs] 
[Full GC (System.gc()) [Tenured: 677067K->677067K(1385856K), 2.3772447 secs] 677067K->677067K(2009472K), [Metaspace: 10551K->10551K(12288K)], 2.3772935 secs] [Times: user=2.37 sys=0.00, real=2.37 secs] 

*** PauseDetector detected a 2405 ms pause at Mon Dec 22 00:32:15 EET 2014 ***

********************************
********** ROUND   21 **********
********************************

*** PauseDetector detected a 4690 ms pause at Mon Dec 22 00:32:20 EET 2014 ***

[GC (Allocation Failure) [DefNew: 554368K->69247K(623616K), 0.1511745 secs] 1231435K->790383K(2009472K), 0.1513452 secs] [Times: user=0.14 sys=0.00, real=0.15 secs] 
[GC (Allocation Failure) [DefNew: 623615K->5896K(623616K), 0.0623426 secs] 1344751K->791684K(2009472K), 0.0623862 secs] [Times: user=0.06 sys=0.00, real=0.06 secs] 
[GC (Allocation Failure) [DefNew: 560264K->69248K(623616K), 0.2301615 secs] 1346052K->898718K(2009472K), 0.2302154 secs] [Times: user=0.23 sys=0.00, real=0.23 secs] 
[GC (Allocation Failure) [DefNew: 623616K->5901K(623616K), 0.0674611 secs] 1453086K->900020K(2009472K), 0.0675041 secs] [Times: user=0.06 sys=0.00, real=0.06 secs] 
[GC (Allocation Failure) [DefNew: 560269K->69247K(623616K), 0.2090011 secs] 1454388K->1005626K(2009472K), 0.2090447 secs] [Times: user=0.20 sys=0.00, real=0.21 secs] 
[GC (Allocation Failure) [DefNew: 623615K->5899K(623616K), 0.0578586 secs] 1559994K->1006874K(2009472K), 0.0579080 secs] [Times: user=0.05 sys=0.00, real=0.06 secs] 
[GC (Allocation Failure) [DefNew: 560267K->69247K(623616K), 0.2174788 secs] 1561242K->1112163K(2009472K), 0.2175199 secs] [Times: user=0.20 sys=0.00, real=0.21 secs] 
[GC (Allocation Failure) [DefNew: 623615K->5899K(623616K), 0.0618075 secs] 1666531K->1113410K(2009472K), 0.0618486 secs] [Times: user=0.05 sys=0.00, real=0.05 secs] 
[GC (Allocation Failure) [DefNew: 560267K->69248K(623616K), 0.1887298 secs] 1667778K->1218390K(2009472K), 0.1887747 secs] [Times: user=0.19 sys=0.00, real=0.19 secs] 
[GC (Allocation Failure) [DefNew: 623616K->5867K(623616K), 0.0590583 secs] 1772758K->1219618K(2009472K), 0.0590994 secs] [Times: user=0.06 sys=0.00, real=0.06 secs] 
[GC (Allocation Failure) [DefNew: 560235K->69248K(623616K), 0.1995301 secs] 1773986K->1324414K(2009472K), 0.1995789 secs] [Times: user=0.19 sys=0.00, real=0.20 secs] 
[GC (Allocation Failure) [DefNew: 623616K->5906K(623616K), 0.0593310 secs] 1878782K->1325657K(2009472K), 0.0593759 secs] [Times: user=0.05 sys=0.00, real=0.05 secs] 
[GC (Allocation Failure) [DefNew: 560274K->560274K(623616K), 0.0000263 secs][Tenured: 1319751K->854544K(1385856K), 2.7502473 secs] 1880025K->854544K(2009472K), [Metaspace: 10551K->10551K(12288K)]
*** PauseDetector detected a 2747 ms pause at Mon Dec 22 00:32:43 EET 2014 ***

, 2.7503577 secs] [Times: user=2.73 sys=0.00, real=2.74 secs] 
[GC (Allocation Failure) [DefNew: 554368K->5881K(623616K), 0.0123080 secs] 1408912K->860425K(2009472K), 0.0123523 secs] [Times: user=0.02 sys=0.00, real=0.00 secs] 
[GC (Allocation Failure) [DefNew: 560249K->69247K(623616K), 0.1618889 secs] 1414793K->964826K(2009472K), 0.1619370 secs] [Times: user=0.16 sys=0.00, real=0.15 secs] 
[GC (Allocation Failure) [DefNew: 623615K->5906K(623616K), 0.0567788 secs] 1519194K->966065K(2009472K), 0.0568250 secs] [Times: user=0.05 sys=0.00, real=0.05 secs] 
[GC (Allocation Failure) [DefNew: 560274K->69247K(623616K), 0.1380043 secs] 1520433K->1069564K(2009472K), 0.1380460 secs] [Times: user=0.14 sys=0.00, real=0.13 secs] 
[GC (Allocation Failure) [DefNew: 623615K->5897K(623616K), 0.0672288 secs] 1623932K->1070768K(2009472K), 0.0672801 secs] [Times: user=0.08 sys=0.00, real=0.07 secs] 
[GC (Allocation Failure) [DefNew: 560265K->69247K(623616K), 0.1404031 secs] 1625136K->1174125K(2009472K), 0.1405167 secs] [Times: user=0.13 sys=0.00, real=0.13 secs] 
[GC (Allocation Failure) [DefNew: 623615K->5905K(623616K), 0.0510739 secs] 1728493K->1175335K(2009472K), 0.0511221 secs] [Times: user=0.05 sys=0.00, real=0.05 secs] 
[GC (Allocation Failure) [DefNew: 560273K->69248K(623616K), 0.1602439 secs] 1729703K->1278548K(2009472K), 0.1602888 secs] [Times: user=0.16 sys=0.00, real=0.15 secs] 
[GC (Allocation Failure) [DefNew: 623616K->5910K(623616K), 0.0582051 secs] 1832916K->1279762K(2009472K), 0.0582468 secs] [Times: user=0.05 sys=0.00, real=0.05 secs] 
[GC (Allocation Failure) [DefNew: 560278K->69248K(623616K), 0.1334170 secs] 1834130K->1382832K(2009472K), 0.1334593 secs] [Times: user=0.13 sys=0.00, real=0.13 secs] 
[GC (Allocation Failure) [DefNew: 623616K->623616K(623616K), 0.0000225 secs][Tenured: 1313584K->852571K(1385856K), 2.6563347 secs] 1937200K->852571K(2009472K), [Metaspace: 10551K->10551K(12288K)], 2.6564387 secs] [Times: user=2.65 sys=0.00, real=2.66 secs] 

*** PauseDetector detected a 2658 ms pause at Mon Dec 22 00:33:03 EET 2014 ***

[GC (Allocation Failure) [DefNew: 554368K->69247K(623616K), 0.1352359 secs] 1406939K->961473K(2009472K), 0.1352808 secs] [Times: user=0.14 sys=0.00, real=0.13 secs] 
[GC (Allocation Failure) [DefNew: 623615K->5867K(623616K), 0.0547540 secs] 1515841K->962632K(2009472K), 0.0547976 secs] [Times: user=0.05 sys=0.00, real=0.05 secs] 
[GC (Allocation Failure) [DefNew: 560235K->69247K(623616K), 0.1078207 secs] 1517000K->1065566K(2009472K), 0.1078630 secs] [Times: user=0.11 sys=0.00, real=0.10 secs] 
[GC (Allocation Failure) [DefNew: 623615K->5909K(623616K), 0.0476563 secs] 1619934K->1066770K(2009472K), 0.0476973 secs] [Times: user=0.05 sys=0.00, real=0.05 secs] 
[GC (Allocation Failure) [DefNew: 560277K->69248K(623616K), 0.1294277 secs] 1621138K->1169586K(2009472K), 0.1294713 secs] [Times: user=0.13 sys=0.00, real=0.13 secs] 
[GC (Allocation Failure) [DefNew: 623616K->5910K(623616K), 0.0467176 secs] 1723954K->1170784K(2009472K), 0.0467574 secs] [Times: user=0.03 sys=0.00, real=0.04 secs] 
[GC (Allocation Failure) [DefNew: 560278K->69247K(623616K), 0.1242168 secs] 1725152K->1273519K(2009472K), 0.1242604 secs] [Times: user=0.13 sys=0.00, real=0.12 secs] 
[GC (Allocation Failure) [DefNew: 623615K->5886K(623616K), 0.0520273 secs] 1827887K->1274693K(2009472K), 0.0520793 secs] [Times: user=0.05 sys=0.00, real=0.04 secs] 
[GC (Allocation Failure) [DefNew: 560254K->69247K(623616K), 0.1246877 secs] 1829061K->1376894K(2009472K), 0.1247301 secs] [Times: user=0.11 sys=0.00, real=0.12 secs] 
[GC (Allocation Failure) [DefNew: 623615K->623615K(623616K), 0.0000327 secs][Tenured: 1307646K->784033K(1385856K), 2.5648993 secs] 1931262K->784033K(2009472K), [Metaspace: 10551K->10551K(12288K)], 2.5649981 secs] [Times: user=2.56 sys=0.00, real=2.56 secs] 

*** PauseDetector detected a 2562 ms pause at Mon Dec 22 00:33:21 EET 2014 ***

[GC (Allocation Failure) [DefNew: 554368K->69248K(623616K), 0.1317168 secs] 1338401K->892047K(2009472K), 0.1317611 secs] [Times: user=0.13 sys=0.00, real=0.13 secs] 
[GC (Allocation Failure) [DefNew: 623616K->5891K(623616K), 0.0482568 secs] 1446415K->893209K(2009472K), 0.0483043 secs] [Times: user=0.05 sys=0.00, real=0.05 secs] 
[GC (Allocation Failure) [DefNew: 560259K->69247K(623616K), 0.1126145 secs] 1447577K->995260K(2009472K), 0.1126556 secs] [Times: user=0.11 sys=0.00, real=0.11 secs] 
[GC (Allocation Failure) [DefNew: 623615K->5915K(623616K), 0.0588409 secs] 1549628K->996444K(2009472K), 0.0588954 secs] [Times: user=0.06 sys=0.00, real=0.06 secs] 
[GC (Allocation Failure) [DefNew: 560283K->69248K(623616K), 0.1320158 secs] 1550812K->1098405K(2009472K), 0.1320883 secs] [Times: user=0.13 sys=0.00, real=0.13 secs] 
[GC (Allocation Failure) [DefNew: 623616K->5918K(623616K), 0.0415606 secs] 1652773K->1099595K(2009472K), 0.0417089 secs] [Times: user=0.05 sys=0.00, real=0.03 secs] 
[GC (Allocation Failure) [DefNew: 560286K->69248K(623616K), 0.3659947 secs] 1653963K->1226203K(2009472K), 0.3660345 secs] [Times: user=0.36 sys=0.00, real=0.36 secs] 

*** PauseDetector detected a 366 ms pause at Mon Dec 22 00:33:32 EET 2014 ***

[GC (Allocation Failure) [DefNew: 623616K->5914K(623616K), 0.1144700 secs] 1780571K->1227849K(2009472K), 0.1145117 secs] [Times: user=0.11 sys=0.00, real=0.11 secs] 
[GC (Allocation Failure) [DefNew: 560282K->69247K(623616K), 0.5637553 secs] 1782217K->1346898K(2009472K), 0.5638188 secs] [Times: user=0.56 sys=0.00, real=0.56 secs] 

*** PauseDetector detected a 566 ms pause at Mon Dec 22 00:33:36 EET 2014 ***

[GC (Allocation Failure) [DefNew: 623615K->5916K(623616K), 0.1102766 secs] 1901266K->1348407K(2009472K), 0.1103248 secs] [Times: user=0.11 sys=0.00, real=0.10 secs] 
[GC (Allocation Failure) [DefNew: 560284K->560284K(623616K), 0.0000199 secs][Tenured: 1342491K->866125K(1385856K), 2.8785497 secs] 1902775K->866125K(2009472K), [Metaspace: 10551K->10551K(12288K)], 2.8786344 secs] [Times: user=2.87 sys=0.00, real=2.87 secs] 

*** PauseDetector detected a 2871 ms pause at Mon Dec 22 00:33:42 EET 2014 ***

[GC (Allocation Failure) [DefNew: 554368K->5910K(623616K), 0.0119763 secs] 1420493K->872035K(2009472K), 0.0120206 secs] [Times: user=0.02 sys=0.00, real=0.01 secs] 
[GC (Allocation Failure) [DefNew: 560278K->69247K(623616K), 0.3877839 secs] 1426403K->984484K(2009472K), 0.3878994 secs] [Times: user=0.38 sys=0.00, real=0.38 secs] 

*** PauseDetector detected a 390 ms pause at Mon Dec 22 00:33:46 EET 2014 ***

[GC (Allocation Failure) [DefNew: 623615K->5916K(623616K), 0.0751940 secs] 1538852K->985888K(2009472K), 0.0752363 secs] [Times: user=0.08 sys=0.00, real=0.07 secs] 
[GC (Allocation Failure) [DefNew: 560284K->69248K(623616K), 0.3284388 secs] 1540256K->1097134K(2009472K), 0.3285914 secs] [Times: user=0.33 sys=0.00, real=0.33 secs] 
[GC (Allocation Failure) [DefNew: 623616K->5875K(623616K), 0.0825676 secs] 1651502K->1098457K(2009472K), 0.0826125 secs] [Times: user=0.08 sys=0.00, real=0.08 secs] 
[GC (Allocation Failure) [DefNew: 560243K->69247K(623616K), 0.2941517 secs] 1652825K->1207287K(2009472K), 0.2941991 secs] [Times: user=0.28 sys=0.01, real=0.29 secs] 
[GC (Allocation Failure) [DefNew: 623615K->5917K(623616K), 0.0807147 secs] 1761655K->1208593K(2009472K), 0.0807597 secs] [Times: user=0.06 sys=0.00, real=0.08 secs] 
[GC (Allocation Failure) [DefNew: 560285K->69247K(623616K), 0.2807478 secs] 1762961K->1316658K(2009472K), 0.2807928 secs] [Times: user=0.26 sys=0.00, real=0.28 secs] 
[GC (Allocation Failure) [DefNew: 623615K->5900K(623616K), 0.0668400 secs] 1871026K->1317949K(2009472K), 0.0668804 secs] [Times: user=0.08 sys=0.00, real=0.07 secs] 
[GC (Allocation Failure) [DefNew: 560268K->560268K(623616K), 0.0000180 secs][Tenured: 1312049K->857419K(1385856K), 2.9373206 secs] 1872317K->857419K(2009472K), [Metaspace: 10551K->10551K(12288K)], 2.9374111 secs] [Times: user=2.93 sys=0.00, real=2.94 secs] 

*** PauseDetector detected a 2936 ms pause at Mon Dec 22 00:34:02 EET 2014 ***

[GC (Allocation Failure) [DefNew: 554368K->5920K(623616K), 0.0127334 secs] 1411787K->863339K(2009472K), 0.0127840 secs] [Times: user=0.02 sys=0.00, real=0.01 secs] 
[GC (Allocation Failure) [DefNew: 560288K->69248K(623616K), 0.2091191 secs] 1417707K->970384K(2009472K), 0.2091602 secs] [Times: user=0.20 sys=0.00, real=0.21 secs] 
[GC (Allocation Failure) [DefNew: 623616K->5916K(623616K), 0.0768448 secs] 1524752K->971667K(2009472K), 0.0768916 secs] [Times: user=0.06 sys=0.00, real=0.07 secs] 
[GC (Allocation Failure) [DefNew: 560284K->69248K(623616K), 0.2170856 secs] 1526035K->1077272K(2009472K), 0.2171311 secs] [Times: user=0.22 sys=0.00, real=0.21 secs] 
[GC (Allocation Failure) [DefNew: 623616K->5920K(623616K), 0.0579555 secs] 1631640K->1078526K(2009472K), 0.0581146 secs] [Times: user=0.06 sys=0.00, real=0.06 secs] 
[GC (Allocation Failure) [DefNew: 560288K->69247K(623616K), 0.1813414 secs] 1632894K->1183789K(2009472K), 0.1813799 secs] [Times: user=0.19 sys=0.00, real=0.18 secs] 
[GC (Allocation Failure) [DefNew: 623615K->5908K(623616K), 0.0650686 secs] 1738157K->1185050K(2009472K), 0.0651219 secs] [Times: user=0.06 sys=0.00, real=0.06 secs] 
[GC (Allocation Failure) [DefNew: 560276K->69247K(623616K), 0.1850902 secs] 1739418K->1290027K(2009472K), 0.1851306 secs] [Times: user=0.17 sys=0.00, real=0.18 secs] 
[GC (Allocation Failure) [DefNew: 623615K->5889K(623616K), 0.0524026 secs] 1844395K->1291270K(2009472K), 0.0524463 secs] [Times: user=0.05 sys=0.00, real=0.05 secs] 
[GC (Allocation Failure) [DefNew: 560257K->69247K(623616K), 0.1809084 secs] 1845638K->1396064K(2009472K), 0.1809520 secs] [Times: user=0.17 sys=0.00, real=0.17 secs] 
[GC (Allocation Failure) [DefNew: 623615K->623615K(623616K), 0.0000225 secs][Tenured: 1326816K->855924K(1385856K), 2.9212645 secs] 1950432K->855924K(2009472K), [Metaspace: 10551K->10551K(12288K)], 2.9214583 secs] [Times: user=2.90 sys=0.00, real=2.92 secs] 

*** PauseDetector detected a 2917 ms pause at Mon Dec 22 00:34:23 EET 2014 ***

[GC (Allocation Failure) [DefNew: 554368K->69247K(623616K), 0.1614442 secs] 1410292K->966400K(2009472K), 0.1614847 secs] [Times: user=0.16 sys=0.00, real=0.15 secs] 
[GC (Allocation Failure) [DefNew: 623615K->5920K(623616K), 0.0503727 secs] 1520768K->967636K(2009472K), 0.0504182 secs] [Times: user=0.05 sys=0.00, real=0.04 secs] 
[GC (Allocation Failure) [DefNew: 560288K->69248K(623616K), 0.1643737 secs] 1522004K->1071987K(2009472K), 0.1644192 secs] [Times: user=0.17 sys=0.00, real=0.16 secs] 
[GC (Allocation Failure) [DefNew: 623616K->5908K(623616K), 0.0629495 secs] 1626355K->1073232K(2009472K), 0.0629970 secs] [Times: user=0.05 sys=0.00, real=0.05 secs] 
[GC (Allocation Failure) [DefNew: 560276K->69247K(623616K), 0.1674654 secs] 1627600K->1176745K(2009472K), 0.1675174 secs] [Times: user=0.16 sys=0.00, real=0.16 secs] 
[GC (Allocation Failure) [DefNew: 623615K->5923K(623616K), 0.0459644 secs] 1731113K->1177960K(2009472K), 0.0460061 secs] [Times: user=0.05 sys=0.00, real=0.05 secs] 
[GC (Allocation Failure) [DefNew: 560291K->69247K(623616K), 0.1690103 secs] 1732328K->1281311K(2009472K), 0.1690546 secs] [Times: user=0.16 sys=0.00, real=0.16 secs] 
[GC (Allocation Failure) [DefNew: 623615K->5925K(623616K), 0.0521524 secs] 1835679K->1282520K(2009472K), 0.0521948 secs] [Times: user=0.05 sys=0.00, real=0.05 secs] 
[GC (Allocation Failure) [DefNew: 560293K->69248K(623616K), 0.1401709 secs] 1836888K->1385706K(2009472K), 0.1402139 secs] [Times: user=0.14 sys=0.00, real=0.14 secs] 
[GC (Allocation Failure) [DefNew: 623616K->623616K(623616K), 0.0000218 secs][Tenured: 1316458K->785118K(1385856K), 2.6237927 secs] 1940074K->785118K(2009472K), [Metaspace: 10551K->10551K(12288K)], 2.6238857 secs] [Times: user=2.62 sys=0.00, real=2.62 secs] 

*** PauseDetector detected a 2619 ms pause at Mon Dec 22 00:34:41 EET 2014 ***

[GC (Allocation Failure) [DefNew: 554368K->69248K(623616K), 0.1500261 secs] 1339486K->894140K(2009472K), 0.1500691 secs] [Times: user=0.14 sys=0.00, real=0.14 secs] 
[GC (Allocation Failure) [DefNew: 623616K->5922K(623616K), 0.0481439 secs] 1448508K->895343K(2009472K), 0.0481868 secs] [Times: user=0.05 sys=0.00, real=0.04 secs] 
[GC (Allocation Failure) [DefNew: 560290K->69247K(623616K), 0.1219860 secs] 1449711K->998333K(2009472K), 0.1220284 secs] [Times: user=0.11 sys=0.00, real=0.12 secs] 
[GC (Allocation Failure) [DefNew: 623615K->5904K(623616K), 0.0577444 secs] 1552701K->999519K(2009472K), 0.0577976 secs] [Times: user=0.05 sys=0.00, real=0.06 secs] 
[GC (Allocation Failure) [DefNew: 560272K->69248K(623616K), 0.1227745 secs] 1553887K->1102377K(2009472K), 0.1228169 secs] [Times: user=0.12 sys=0.00, real=0.12 secs] 
[GC (Allocation Failure) [DefNew: 623616K->5878K(623616K), 0.0466477 secs] 1656745K->1103588K(2009472K), 0.0466913 secs] [Times: user=0.05 sys=0.00, real=0.05 secs] 
[GC (Allocation Failure) [DefNew: 560246K->69247K(623616K), 0.1170530 secs] 1657956K->1206435K(2009472K), 0.1170934 secs] [Times: user=0.11 sys=0.00, real=0.12 secs] 
[GC (Allocation Failure) [DefNew: 623615K->5925K(623616K), 0.0540829 secs] 1760803K->1207638K(2009472K), 0.0541298 secs] [Times: user=0.03 sys=0.00, real=0.05 secs] 
[GC (Allocation Failure) [DefNew: 560293K->69248K(623616K), 0.1471365 secs] 1762006K->1310386K(2009472K), 0.1471903 secs] [Times: user=0.14 sys=0.00, real=0.14 secs] 
[GC (Allocation Failure) [DefNew: 623616K->5876K(623616K), 0.0503990 secs] 1864754K->1311533K(2009472K), 0.0504401 secs] [Times: user=0.05 sys=0.00, real=0.05 secs] 
[GC (Allocation Failure) [DefNew: 560244K->560244K(623616K), 0.0000199 secs][Tenured: 1305656K->852196K(1385856K), 2.6135859 secs] 1865901K->852196K(2009472K), [Metaspace: 10551K->10551K(12288K)], 2.6136648 secs] [Times: user=2.60 sys=0.00, real=2.61 secs] 

*** PauseDetector detected a 2612 ms pause at Mon Dec 22 00:35:01 EET 2014 ***

[GC (Allocation Failure) [DefNew: 554368K->5924K(623616K), 0.0119628 secs] 1406564K->858120K(2009472K), 0.0120020 secs] [Times: user=0.00 sys=0.00, real=0.00 secs] 
[GC (Allocation Failure) [DefNew: 560292K->69248K(623616K), 0.1115393 secs] 1412488K->960173K(2009472K), 0.1115803 secs] [Times: user=0.11 sys=0.00, real=0.11 secs] 
[GC (Allocation Failure) [DefNew: 623616K->5879K(623616K), 0.0546469 secs] 1514541K->961359K(2009472K), 0.0546892 secs] [Times: user=0.05 sys=0.00, real=0.05 secs] 
[GC (Allocation Failure) [DefNew: 560247K->69248K(623616K), 0.1258644 secs] 1515727K->1063412K(2009472K), 0.1259067 secs] [Times: user=0.13 sys=0.00, real=0.13 secs] 
[GC (Allocation Failure) [DefNew: 623616K->5927K(623616K), 0.0490523 secs] 1617780K->1064620K(2009472K), 0.0490902 secs] [Times: user=0.05 sys=0.00, real=0.05 secs] 
[GC (Allocation Failure) [DefNew: 560295K->69247K(623616K), 0.1161297 secs] 1618988K->1166574K(2009472K), 0.1162343 secs] [Times: user=0.11 sys=0.00, real=0.12 secs] 
[GC (Allocation Failure) [DefNew: 623615K->5908K(623616K), 0.0523712 secs] 1720942K->1167748K(2009472K), 0.0524123 secs] [Times: user=0.06 sys=0.00, real=0.05 secs] 
[GC (Allocation Failure) [DefNew: 560276K->69247K(623616K), 0.3766654 secs] 1722116K->1294378K(2009472K), 0.3769002 secs] [Times: user=0.38 sys=0.00, real=0.38 secs] 

*** PauseDetector detected a 377 ms pause at Mon Dec 22 00:35:13 EET 2014 ***

[GC (Allocation Failure) [DefNew: 623615K->5865K(623616K), 0.1092790 secs] 1848746K->1295963K(2009472K), 0.1093207 secs] [Times: user=0.11 sys=0.00, real=0.11 secs] 
[GC (Allocation Failure) [DefNew
*** PauseDetector detected a 625 ms pause at Mon Dec 22 00:35:18 EET 2014 ***

: 560233K->69248K(623616K), 0.6232134 secs] 1850331K->1415077K(2009472K), 0.6232608 secs] [Times: user=0.61 sys=0.00, real=0.62 secs] 
[GC (Allocation Failure) [DefNew: 623616K->623616K(623616K), 0.0000282 secs][Tenured: 1345829K->868175K(1385856K), 3.1765944 secs] 1969445K->868175K(2009472K), [Metaspace: 10551K->10551K(12288K)], 3.1767093 secs] [Times: user=3.15 sys=0.00, real=3.18 secs] 

*** PauseDetector detected a 3177 ms pause at Mon Dec 22 00:35:22 EET 2014 ***

[GC (Allocation Failure) [DefNew: 554368K->69247K(623616K), 0.4713447 secs] 1422543K->990575K(2009472K), 0.4713934 secs] [Times: user=0.47 sys=0.00, real=0.47 secs] 

*** PauseDetector detected a 476 ms pause at Mon Dec 22 00:35:24 EET 2014 ***

[GC (Allocation Failure) [DefNew: 623615K->5921K(623616K), 0.1077578 secs] 1544943K->992080K(2009472K), 0.1078014 secs] [Times: user=0.11 sys=0.00, real=0.11 secs] 
[GC (Allocation Failure) [DefNew: 560289K->69247K(623616K), 0.3935600 secs] 1546448K->1104543K(2009472K), 0.3936036 secs] [Times: user=0.39 sys=0.00, real=0.39 secs] 

*** PauseDetector detected a 398 ms pause at Mon Dec 22 00:35:28 EET 2014 ***

[GC (Allocation Failure) [DefNew: 623615K->5928K(623616K), 0.0846495 secs] 1658911K->1105934K(2009472K), 0.0847028 secs] [Times: user=0.09 sys=0.00, real=0.08 secs] 
[GC (Allocation Failure) [DefNew: 560296K->69247K(623616K), 0.3972247 secs] 1660302K->1217146K(2009472K), 0.3972651 secs] [Times: user=0.41 sys=0.00, real=0.40 secs] 

*** PauseDetector detected a 402 ms pause at Mon Dec 22 00:35:32 EET 2014 ***

[GC (Allocation Failure) [DefNew: 623615K->5895K(623616K), 0.1080414 secs] 1771514K->1218510K(2009472K), 0.1080908 secs] [Times: user=0.11 sys=0.00, real=0.11 secs] 
[Full GC (System.gc()) [Tenured: 1212615K->759585K(1385856K), 2.6976253 secs] 1241615K->759585K(2009472K), [Metaspace: 10551K->10551K(12288K)], 2.6976779 secs] [Times: user=2.68 sys=0.00, real=2.70 secs] 
[Full GC (System.gc()) [Tenured: 759585K->690308K(1385856K), 2.4677544 secs] 759587K->690308K(2009472K), [Metaspace: 10551K->10551K(12288K)], 2.4678006 secs] [Times: user=2.47 sys=0.00, real=2.47 secs] 
[Full GC (System.gc()) [Tenured: 690308K->690315K(1385856K), 2.5743586 secs] 701441K->690315K(2009472K), [Metaspace: 10551K->10551K(12288K)], 2.5744074 secs] [Times: user=2.56 sys=0.00, real=2.58 secs] 

*** PauseDetector detected a 2699 ms pause at Mon Dec 22 00:35:36 EET 2014 ***

[Full GC (System.gc()) [Tenured: 690315K->690934K(1385856K), 2.4673573 secs] 701450K->690934K(2009472K), [Metaspace: 10551K->10551K(12288K)], 2.4674201 secs] [Times: user=2.43 sys=0.00, real=2.46 secs] 
[Full GC (System.gc()) [Tenured: 690934K->690941K(1385856K), 2.4796351 secs] 702068K->690941K(2009472K), [Metaspace: 10551K->10551K(12288K)], 2.4796762 secs] [Times: user=2.50 sys=0.00, real=2.49 secs] 
[Full GC (System.gc()) [Tenured: 690941K->690941K(1385856K), 2.4536590 secs] 690941K->690941K(2009472K), [Metaspace: 10551K->10551K(12288K)], 2.4536981 secs] [Times: user=2.45 sys=0.00, real=2.45 secs] 

*** PauseDetector detected a 7507 ms pause at Mon Dec 22 00:35:44 EET 2014 ***


*** PauseDetector detected a 4946 ms pause at Mon Dec 22 00:35:49 EET 2014 ***

[GC (Allocation Failure) [DefNew: 554368K->69248K(623616K), 0.1526425 secs] 1245309K->790352K(2009472K), 0.1527015 secs] [Times: user=0.16 sys=0.00, real=0.15 secs] 
[GC (Allocation Failure) [DefNew: 623616K->5953K(623616K), 0.0699536 secs] 1344720K->791471K(2009472K), 0.0699946 secs] [Times: user=0.06 sys=0.00, real=0.07 secs] 
[GC (Allocation Failure) [DefNew: 560321K->69248K(623616K), 0.3245790 secs] 1345839K->899554K(2009472K), 0.3246342 secs] [Times: user=0.33 sys=0.00, real=0.32 secs] 
[GC (Allocation Failure) [DefNew: 623616K->5954K(623616K), 0.0654099 secs] 1453922K->900846K(2009472K), 0.0655184 secs] [Times: user=0.06 sys=0.00, real=0.06 secs] 
[GC (Allocation Failure) [DefNew: 560322K->69248K(623616K), 0.2350272 secs] 1455214K->1008348K(2009472K), 0.2350805 secs] [Times: user=0.23 sys=0.00, real=0.24 secs] 
[GC (Allocation Failure) [DefNew: 623616K->5954K(623616K), 0.0651347 secs] 1562716K->1009634K(2009472K), 0.0651751 secs] [Times: user=0.06 sys=0.00, real=0.07 secs] 
[Full GC (System.gc()) [Tenured: 1003679K->774497K(1385856K), 2.5650025 secs] 1020769K->774497K(2009472K), [Metaspace: 10551K->10551K(12288K)], 2.5650526 secs] [Times: user=2.56 sys=0.00, real=2.56 secs] 
[Full GC (System.gc()) [Tenured: 774497K->774497K(1385856K), 2.2311758 secs] 774497K->774497K(2009472K), [Metaspace: 10551K->10551K(12288K)], 2.2312163 secs] [Times: user=2.22 sys=0.00, real=2.23 secs] 
[Full GC (System.gc()) [Tenured: 774497K->773404K(1385856K), 2.4300477 secs] 785632K->773404K(2009472K), [Metaspace: 10551K->10551K(12288K)], 2.4300939 secs] [Times: user=2.43 sys=0.00, real=2.43 secs] 

*** PauseDetector detected a 4795 ms pause at Mon Dec 22 00:36:04 EET 2014 ***

********************************
********** ROUND   22 **********
********************************

*** PauseDetector detected a 2438 ms pause at Mon Dec 22 00:36:06 EET 2014 ***

[GC (Allocation Failure) [DefNew: 554368K->69247K(623616K), 0.1642620 secs] 1327772K->886305K(2009472K), 0.1643050 secs] [Times: user=0.16 sys=0.00, real=0.16 secs] 
[GC (Allocation Failure) [DefNew: 623615K->5896K(623616K), 0.0686826 secs] 1440673K->887582K(2009472K), 0.0687230 secs] [Times: user=0.06 sys=0.00, real=0.06 secs] 
[GC (Allocation Failure) [DefNew: 560264K->69247K(623616K), 0.2096869 secs] 1441950K->993188K(2009472K), 0.2097401 secs] [Times: user=0.20 sys=0.00, real=0.20 secs] 
[GC (Allocation Failure) [DefNew: 623615K->5899K(623616K), 0.0722248 secs] 1547556K->994441K(2009472K), 0.0722671 secs] [Times: user=0.08 sys=0.00, real=0.07 secs] 
[GC (Allocation Failure) [DefNew: 560267K->69248K(623616K), 0.1905153 secs] 1548809K->1099722K(2009472K), 0.1905570 secs] [Times: user=0.19 sys=0.00, real=0.19 secs] 
[GC (Allocation Failure) [DefNew: 623616K->5894K(623616K), 0.0561976 secs] 1654090K->1100970K(2009472K), 0.0562380 secs] [Times: user=0.06 sys=0.00, real=0.06 secs] 
[GC (Allocation Failure) [DefNew: 560262K->69247K(623616K), 0.1594701 secs] 1655338K->1205964K(2009472K), 0.1596157 secs] [Times: user=0.16 sys=0.00, real=0.16 secs] 
[GC (Allocation Failure) [DefNew: 623615K->5889K(623616K), 0.0606360 secs] 1760332K->1207205K(2009472K), 0.0606764 secs] [Times: user=0.06 sys=0.00, real=0.05 secs] 
[GC (Allocation Failure) [DefNew: 560257K->69248K(623616K), 0.1599840 secs] 1761573K->1311972K(2009472K), 0.1600918 secs] [Times: user=0.16 sys=0.00, real=0.16 secs] 
[GC (Allocation Failure) [DefNew: 623616K->5891K(623616K), 0.0464244 secs] 1866340K->1313209K(2009472K), 0.0464668 secs] [Times: user=0.05 sys=0.00, real=0.04 secs] 
[GC (Allocation Failure) [DefNew: 560259K->560259K(623616K), 0.0000218 secs][Tenured: 1307317K->785243K(1385856K), 2.5579734 secs] 1867577K->785243K(2009472K), [Metaspace: 10551K->10551K(12288K)], 2.5580543 secs] [Times: user=2.56 sys=0.00, real=2.56 secs] 

*** PauseDetector detected a 2561 ms pause at Mon Dec 22 00:36:26 EET 2014 ***

[GC (Allocation Failure) [DefNew: 554368K->5898K(623616K), 0.0117755 secs] 1339611K->791142K(2009472K), 0.0118114 secs] [Times: user=0.02 sys=0.00, real=0.01 secs] 
[GC (Allocation Failure) [DefNew: 560266K->69247K(623616K), 0.1230478 secs] 1345510K->895509K(2009472K), 0.1230902 secs] [Times: user=0.11 sys=0.00, real=0.11 secs] 
[GC (Allocation Failure) [DefNew: 623615K->5893K(623616K), 0.0498479 secs] 1449877K->896743K(2009472K), 0.0498883 secs] [Times: user=0.03 sys=0.00, real=0.05 secs] 
[GC (Allocation Failure) [DefNew: 560261K->69247K(623616K), 0.1600546 secs] 1451111K->1000253K(2009472K), 0.1600963 secs] [Times: user=0.16 sys=0.00, real=0.15 secs] 
[GC (Allocation Failure) [DefNew: 623615K->5899K(623616K), 0.0466849 secs] 1554621K->1001463K(2009472K), 0.0467253 secs] [Times: user=0.03 sys=0.00, real=0.04 secs] 
[GC (Allocation Failure) [DefNew: 560267K->69248K(623616K), 0.1306852 secs] 1555831K->1104807K(2009472K), 0.1307275 secs] [Times: user=0.13 sys=0.00, real=0.13 secs] 
[GC (Allocation Failure) [DefNew: 623616K->5896K(623616K), 0.0499396 secs] 1659175K->1106017K(2009472K), 0.0499781 secs] [Times: user=0.05 sys=0.00, real=0.05 secs] 
[GC (Allocation Failure) [DefNew: 560264K->69248K(623616K), 0.1435751 secs] 1660385K->1209237K(2009472K), 0.1436322 secs] [Times: user=0.14 sys=0.00, real=0.14 secs] 
[GC (Allocation Failure) [DefNew: 623616K->5908K(623616K), 0.0492717 secs] 1763605K->1210452K(2009472K), 0.0493141 secs] [Times: user=0.03 sys=0.00, real=0.04 secs] 
[GC (Allocation Failure) [DefNew: 560276K->69247K(623616K), 0.1347361 secs] 1764820K->1313543K(2009472K), 0.1347778 secs] [Times: user=0.12 sys=0.00, real=0.13 secs] 
[GC (Allocation Failure) [DefNew: 623615K->5890K(623616K), 0.0457193 secs] 1867911K->1314736K(2009472K), 0.0458188 secs] [Times: user=0.05 sys=0.00, real=0.05 secs] 
[GC (Allocation Failure) [DefNew: 560258K->560258K(623616K), 0.0000295 secs][Tenured: 1308846K->852985K(1385856K), 2.4611378 secs] 1869104K->852985K(2009472K), [Metaspace: 10552K->10552K(12288K)]
*** PauseDetector detected a 2457 ms pause at Mon Dec 22 00:36:47 EET 2014 ***

, 2.4612379 secs] [Times: user=2.45 sys=0.00, real=2.45 secs] 
[GC (Allocation Failure) [DefNew: 554368K->5901K(623616K), 0.0114573 secs] 1407353K->858887K(2009472K), 0.0115650 secs] [Times: user=0.00 sys=0.00, real=0.00 secs] 
[GC (Allocation Failure) [DefNew: 560269K->69248K(623616K), 0.1143564 secs] 1413255K->961759K(2009472K), 0.1144129 secs] [Times: user=0.11 sys=0.00, real=0.11 secs] 
[GC (Allocation Failure) [DefNew: 623616K->5907K(623616K), 0.0516167 secs] 1516127K->962988K(2009472K), 0.0516629 secs] [Times: user=0.05 sys=0.00, real=0.05 secs] 
[GC (Allocation Failure) [DefNew: 560275K->69248K(623616K), 0.1022287 secs] 1517356K->1065773K(2009472K), 0.1022711 secs] [Times: user=0.09 sys=0.00, real=0.10 secs] 
[GC (Allocation Failure) [DefNew: 623616K->5902K(623616K), 0.0459112 secs] 1620141K->1066987K(2009472K), 0.0459529 secs] [Times: user=0.05 sys=0.00, real=0.04 secs] 
[GC (Allocation Failure) [DefNew: 560270K->69248K(623616K), 0.1022178 secs] 1621355K->1169707K(2009472K), 0.1022685 secs] [Times: user=0.11 sys=0.00, real=0.10 secs] 
[GC (Allocation Failure) [DefNew: 623616K->5904K(623616K), 0.0469544 secs] 1724075K->1170909K(2009472K), 0.0469974 secs] [Times: user=0.05 sys=0.00, real=0.04 secs] 
[GC (Allocation Failure) [DefNew: 560272K->69247K(623616K), 0.1043825 secs] 1725277K->1273063K(2009472K), 0.1044280 secs] [Times: user=0.11 sys=0.00, real=0.10 secs] 
[GC (Allocation Failure) [DefNew: 623615K->5902K(623616K), 0.0437645 secs] 1827431K->1274287K(2009472K), 0.0438678 secs] [Times: user=0.05 sys=0.00, real=0.04 secs] 
[GC (Allocation Failure) [DefNew: 560270K->69248K(623616K), 0.1004451 secs] 1828655K->1376391K(2009472K), 0.1004868 secs] [Times: user=0.09 sys=0.00, real=0.10 secs] 
[GC (Allocation Failure) [DefNew: 623616K->623616K(623616K), 0.0000205 secs][Tenured: 1307143K->853257K(1385856K), 2.5187064 secs] 1930759K->853257K(2009472K), [Metaspace: 10557K->10557K(12288K)], 2.5187879 secs] [Times: user=2.50 sys=0.00, real=2.52 secs] 

*** PauseDetector detected a 2519 ms pause at Mon Dec 22 00:37:06 EET 2014 ***

[GC (Allocation Failure) [DefNew: 554368K->69248K(623616K), 0.1304670 secs] 1407625K->961196K(2009472K), 0.1305164 secs] [Times: user=0.13 sys=0.00, real=0.12 secs] 
[GC (Allocation Failure) [DefNew: 623616K->5870K(623616K), 0.0404533 secs] 1515564K->962340K(2009472K), 0.0405919 secs] [Times: user=0.03 sys=0.00, real=0.04 secs] 
[GC (Allocation Failure) [DefNew: 560238K->69248K(623616K), 0.1065953 secs] 1516708K->1064341K(2009472K), 0.1066376 secs] [Times: user=0.11 sys=0.00, real=0.11 secs] 
[GC (Allocation Failure) [DefNew: 623616K->5897K(623616K), 0.0432666 secs] 1618709K->1065515K(2009472K), 0.0433051 secs] [Times: user=0.03 sys=0.00, real=0.04 secs] 
[GC (Allocation Failure) [DefNew: 560265K->69247K(623616K), 0.3378872 secs] 1619883K->1192136K(2009472K), 0.3379245 secs] [Times: user=0.33 sys=0.00, real=0.34 secs] 
[GC (Allocation Failure) [DefNew: 623615K->5908K(623616K), 0.0980918 secs] 1746504K->1193783K(2009472K), 0.0981303 secs] [Times: user=0.09 sys=0.00, real=0.10 secs] 
[GC (Allocation Failure) [DefNew: 560276K->69248K(623616K), 0.5261340 secs] 1748151K->1312836K(2009472K), 0.5261763 secs] [Times: user=0.53 sys=0.00, real=0.52 secs] 

*** PauseDetector detected a 527 ms pause at Mon Dec 22 00:37:18 EET 2014 ***

[GC (Allocation Failure) [DefNew: 623616K->5909K(623616K), 0.0713798 secs] 1867204K->1314340K(2009472K), 0.0714356 secs] [Times: user=0.06 sys=0.00, real=0.07 secs] 
[GC (Allocation Failure) [DefNew: 560277K->560277K(623616K), 0.0000205 secs][Tenured: 1308431K->866111K(1385856K), 2.6313883 secs] 1868708K->866111K(2009472K), [Metaspace: 10561K->10561K(12288K)], 2.6314685 secs] [Times: user=2.59 sys=0.00, real=2.63 secs] 

*** PauseDetector detected a 2630 ms pause at Mon Dec 22 00:37:24 EET 2014 ***

[GC (Allocation Failure) [DefNew: 554368K->5901K(623616K), 0.0134911 secs] 1420479K->872013K(2009472K), 0.0135950 secs] [Times: user=0.02 sys=0.00, real=0.01 secs] 
[GC (Allocation Failure) [DefNew: 560269K->69248K(623616K), 0.3011448 secs] 1426381K->984488K(2009472K), 0.3011878 secs] [Times: user=0.30 sys=0.00, real=0.30 secs] 
[GC (Allocation Failure) [DefNew: 623616K->5906K(623616K), 0.0717628 secs] 1538856K->985867K(2009472K), 0.0718732 secs] [Times: user=0.06 sys=0.00, real=0.07 secs] 
[GC (Allocation Failure) [DefNew: 560274K->69248K(623616K), 0.3303051 secs] 1540235K->1097120K(2009472K), 0.3303468 secs] [Times: user=0.33 sys=0.00, real=0.33 secs] 
[GC (Allocation Failure) [DefNew: 623616K->5913K(623616K), 0.0653631 secs] 1651488K->1098483K(2009472K), 0.0654074 secs] [Times: user=0.06 sys=0.00, real=0.06 secs] 
[GC (Allocation Failure) [DefNew: 560281K->69247K(623616K), 0.2597625 secs] 1652851K->1207269K(2009472K), 0.2598004 secs] [Times: user=0.25 sys=0.00, real=0.26 secs] 
[GC (Allocation Failure) [DefNew: 623615K->5908K(623616K), 0.0571631 secs] 1761637K->1208573K(2009472K), 0.0572677 secs] [Times: user=0.06 sys=0.00, real=0.06 secs] 
[GC (Allocation Failure) [DefNew: 560276K->69248K(623616K), 0.2989109 secs] 1762941K->1316632K(2009472K), 0.2989834 secs] [Times: user=0.30 sys=0.00, real=0.30 secs] 
[GC (Allocation Failure) [DefNew: 623616K->5910K(623616K), 0.0669812 secs] 1871000K->1317949K(2009472K), 0.0670582 secs] [Times: user=0.08 sys=0.00, real=0.07 secs] 
[GC (Allocation Failure) [DefNew: 560278K->560278K(623616K), 0.0000218 secs][Tenured: 1312039K->788165K(1385856K), 2.4985629 secs] 1872317K->788165K(2009472K), [Metaspace: 10561K->10561K(12288K)], 2.4986508 secs] [Times: user=2.48 sys=0.00, real=2.49 secs] 

*** PauseDetector detected a 2491 ms pause at Mon Dec 22 00:37:44 EET 2014 ***

[GC (Allocation Failure) [DefNew: 554368K->5918K(623616K), 0.0111147 secs] 1342533K->794083K(2009472K), 0.0112224 secs] [Times: user=0.02 sys=0.00, real=0.01 secs] 
[GC (Allocation Failure) [DefNew: 560286K->69247K(623616K), 0.2010192 secs] 1348451K->901130K(2009472K), 0.2010590 secs] [Times: user=0.19 sys=0.00, real=0.20 secs] 
[GC (Allocation Failure) [DefNew: 623615K->5894K(623616K), 0.0532386 secs] 1455498K->902391K(2009472K), 0.0533445 secs] [Times: user=0.05 sys=0.00, real=0.05 secs] 
[GC (Allocation Failure) [DefNew: 560262K->69247K(623616K), 0.1986556 secs] 1456759K->1008015K(2009472K), 0.1986986 secs] [Times: user=0.20 sys=0.00, real=0.19 secs] 
[GC (Allocation Failure) [DefNew: 623615K->5920K(623616K), 0.0558832 secs] 1562383K->1009273K(2009472K), 0.0559852 secs] [Times: user=0.06 sys=0.00, real=0.06 secs] 
[GC (Allocation Failure) [DefNew: 560288K->69248K(623616K), 0.1684272 secs] 1563641K->1114558K(2009472K), 0.1684663 secs] [Times: user=0.17 sys=0.00, real=0.16 secs] 
[GC (Allocation Failure) [DefNew: 623616K->5881K(623616K), 0.0498947 secs] 1668926K->1115769K(2009472K), 0.0499339 secs] [Times: user=0.05 sys=0.00, real=0.04 secs] 
[GC (Allocation Failure) [DefNew: 560249K->69248K(623616K), 0.1835748 secs] 1670137K->1220802K(2009472K), 0.1836165 secs] [Times: user=0.19 sys=0.00, real=0.18 secs] 
[GC (Allocation Failure) [DefNew: 623616K->5864K(623616K), 0.0462608 secs] 1775170K->1221992K(2009472K), 0.0463057 secs] [Times: user=0.05 sys=0.00, real=0.04 secs] 
[GC (Allocation Failure) [DefNew: 560232K->69248K(623616K), 0.1574748 secs] 1776360K->1326804K(2009472K), 0.1575326 secs] [Times: user=0.16 sys=0.00, real=0.15 secs] 
[GC (Allocation Failure) [DefNew: 623616K->5899K(623616K), 0.0513209 secs] 1881172K->1328028K(2009472K), 0.0513633 secs] [Times: user=0.05 sys=0.00, real=0.05 secs] 
[GC (Allocation Failure) [DefNew: 560267K->560267K(623616K), 0.0000417 secs][Tenured: 1322128K->854552K(1385856K), 2.5138535 secs] 1882396K->854552K(2009472K), [Metaspace: 10561K->10561K(12288K)], 2.5140127 secs] [Times: user=2.51 sys=0.00, real=2.51 secs] 

*** PauseDetector detected a 2513 ms pause at Mon Dec 22 00:38:05 EET 2014 ***

[GC (Allocation Failure) [DefNew: 554368K->5913K(623616K), 0.0128052 secs] 1408920K->860466K(2009472K), 0.0129091 secs] [Times: user=0.00 sys=0.00, real=0.01 secs] 
[GC (Allocation Failure) [DefNew: 560281K->69247K(623616K), 0.1311516 secs] 1414834K->964841K(2009472K), 0.1311927 secs] [Times: user=0.14 sys=0.00, real=0.13 secs] 
[GC (Allocation Failure) [DefNew: 623615K->5901K(623616K), 0.0624356 secs] 1519209K->966061K(2009472K), 0.0624754 secs] [Times: user=0.06 sys=0.00, real=0.06 secs] 
[GC (Allocation Failure) [DefNew: 560269K->69247K(623616K), 0.1396133 secs] 1520429K->1069584K(2009472K), 0.1397173 secs] [Times: user=0.13 sys=0.00, real=0.14 secs] 
[GC (Allocation Failure) [DefNew: 623615K->5867K(623616K), 0.0403044 secs] 1623952K->1070740K(2009472K), 0.0403680 secs] [Times: user=0.05 sys=0.00, real=0.03 secs] 
[GC (Allocation Failure) [DefNew: 560235K->69248K(623616K), 0.1352185 secs] 1625108K->1174143K(2009472K), 0.1352602 secs] [Times: user=0.12 sys=0.00, real=0.13 secs] 
[GC (Allocation Failure) [DefNew: 623616K->5904K(623616K), 0.0474311 secs] 1728511K->1175335K(2009472K), 0.0474734 secs] [Times: user=0.05 sys=0.00, real=0.05 secs] 
[GC (Allocation Failure) [DefNew: 560272K->69247K(623616K), 0.1267337 secs] 1729703K->1278519K(2009472K), 0.1267748 secs] [Times: user=0.11 sys=0.00, real=0.12 secs] 
[GC (Allocation Failure) [DefNew: 623615K->5918K(623616K), 0.0460260 secs] 1832887K->1279771K(2009472K), 0.0460696 secs] [Times: user=0.05 sys=0.00, real=0.04 secs] 
[GC (Allocation Failure) [DefNew: 560286K->69248K(623616K), 0.1164730 secs] 1834139K->1382824K(2009472K), 0.1165095 secs] [Times: user=0.11 sys=0.00, real=0.11 secs] 
[GC (Allocation Failure) [DefNew: 623616K->623616K(623616K), 0.0000199 secs][Tenured: 1313576K->854283K(1385856K), 2.4643399 secs] 1937192K->854283K(2009472K), [Metaspace: 10561K->10561K(12288K)], 2.4644913 secs] [Times: user=2.45 sys=0.00, real=2.46 secs] 

*** PauseDetector detected a 2461 ms pause at Mon Dec 22 00:38:25 EET 2014 ***

[GC (Allocation Failure) [DefNew: 554368K->69248K(623616K), 0.1234309 secs] 1408651K->963190K(2009472K), 0.1234726 secs] [Times: user=0.12 sys=0.00, real=0.12 secs] 
[GC (Allocation Failure) [DefNew: 623616K->5918K(623616K), 0.0453145 secs] 1517558K->964396K(2009472K), 0.0454133 secs] [Times: user=0.05 sys=0.00, real=0.05 secs] 
[GC (Allocation Failure) [DefNew: 560286K->69248K(623616K), 0.1454953 secs] 1518764K->1067268K(2009472K), 0.1455460 secs] [Times: user=0.14 sys=0.00, real=0.14 secs] 
[GC (Allocation Failure) [DefNew: 623616K->5900K(623616K), 0.0441577 secs] 1621636K->1068473K(2009472K), 0.0441994 secs] [Times: user=0.03 sys=0.00, real=0.04 secs] 
[GC (Allocation Failure) [DefNew: 560268K->69247K(623616K), 0.1277384 secs] 1622841K->1171295K(2009472K), 0.1277750 secs] [Times: user=0.14 sys=0.00, real=0.13 secs] 
[GC (Allocation Failure) [DefNew: 623615K->5918K(623616K), 0.0462332 secs] 1725663K->1172495K(2009472K), 0.0462743 secs] [Times: user=0.05 sys=0.00, real=0.04 secs] 
[GC (Allocation Failure) [DefNew: 560286K->69247K(623616K), 0.1239384 secs] 1726863K->1275167K(2009472K), 0.1239807 secs] [Times: user=0.11 sys=0.00, real=0.12 secs] 
[GC (Allocation Failure) [DefNew: 623615K->5891K(623616K), 0.0407580 secs] 1829535K->1276388K(2009472K), 0.0408196 secs] [Times: user=0.03 sys=0.00, real=0.03 secs] 
[GC (Allocation Failure) [DefNew: 560259K->69247K(623616K), 0.1336890 secs] 1830756K->1378587K(2009472K), 0.1337256 secs] [Times: user=0.13 sys=0.00, real=0.13 secs] 
[GC (Allocation Failure) [DefNew: 623615K->623615K(623616K), 0.0000205 secs][Tenured: 1309339K->853312K(1385856K), 2.3443518 secs] 1932955K->853312K(2009472K), [Metaspace: 10561K->10561K(12288K)], 2.3444345 secs] [Times: user=2.32 sys=0.00, real=2.34 secs] 

*** PauseDetector detected a 2339 ms pause at Mon Dec 22 00:38:42 EET 2014 ***

[GC (Allocation Failure) [DefNew: 554368K->69248K(623616K), 0.1102195 secs] 1407680K->961340K(2009472K), 0.1102593 secs] [Times: user=0.11 sys=0.00, real=0.11 secs] 
[GC (Allocation Failure) [DefNew: 623616K->5887K(623616K), 0.0408209 secs] 1515708K->962508K(2009472K), 0.0408940 secs] [Times: user=0.03 sys=0.00, real=0.04 secs] 
[GC (Allocation Failure) [DefNew: 560255K->69247K(623616K), 0.0962813 secs] 1516876K->1064572K(2009472K), 0.0963929 secs] [Times: user=0.09 sys=0.00, real=0.10 secs] 
[Full GC (System.gc()) [Tenured: 995324K->782261K(1385856K), 2.4686398 secs] 1468054K->782261K(2009472K), [Metaspace: 10561K->10561K(12288K)], 2.4686962 secs] [Times: user=2.46 sys=0.00, real=2.47 secs] 
[Full GC (System.gc()) [Tenured: 782261K->782261K(1385856K), 2.0040772 secs] 782261K->782261K(2009472K), [Metaspace: 10561K->10561K(12288K)], 2.0041208 secs] [Times: user=2.00 sys=0.00, real=2.00 secs] 

*** PauseDetector detected a 4471 ms pause at Mon Dec 22 00:38:52 EET 2014 ***

[Full GC (System.gc()) [Tenured: 782261K->782266K(1385856K), 2.1130617 secs] 793354K->782266K(2009472K), [Metaspace: 10561K->10561K(12288K)], 2.1132183 secs] [Times: user=2.12 sys=0.00, real=2.12 secs] 

*** PauseDetector detected a 2117 ms pause at Mon Dec 22 00:38:55 EET 2014 ***

[Full GC (System.gc()) [Tenured: 782266K->782276K(1385856K), 2.3952364 secs] 793359K->782276K(2009472K), [Metaspace: 10561K->10561K(12288K)], 2.3952852 secs] [Times: user=2.34 sys=0.00, real=2.40 secs] 

*** PauseDetector detected a 2396 ms pause at Mon Dec 22 00:38:57 EET 2014 ***

[Full GC (System.gc()) [Tenured: 782276K->778070K(1385856K), 2.1102702 secs] 793369K->778070K(2009472K), [Metaspace: 10561K->10561K(12288K)], 2.1103171 secs] [Times: user=2.12 sys=0.00, real=2.11 secs] 
[Full GC (System.gc()) [Tenured: 778070K->778070K(1385856K), 2.0697233 secs] 778070K->778070K(2009472K), [Metaspace: 10561K->10561K(12288K)], 2.0698362 secs] [Times: user=2.06 sys=0.00, real=2.07 secs] 

*** PauseDetector detected a 4180 ms pause at Mon Dec 22 00:39:01 EET 2014 ***

[GC (Allocation Failure) [DefNew: 554368K->69248K(623616K), 0.1054622 secs] 1332438K->885992K(2009472K), 0.1055732 secs] [Times: user=0.09 sys=0.00, real=0.11 secs] 
[GC (Allocation Failure) [DefNew: 623616K->5954K(623616K), 0.0669696 secs] 1440360K->887172K(2009472K), 0.0670389 secs] [Times: user=0.06 sys=0.00, real=0.07 secs] 
[GC (Allocation Failure) [DefNew: 560322K->69247K(623616K), 0.3236738 secs] 1441540K->1013787K(2009472K), 0.3237251 secs] [Times: user=0.31 sys=0.00, real=0.32 secs] 
[GC (Allocation Failure) [DefNew: 623615K->5954K(623616K), 0.1199542 secs] 1568155K->1015430K(2009472K), 0.1200100 secs] [Times: user=0.13 sys=0.00, real=0.12 secs] 
[GC (Allocation Failure) [DefNew: 560322K->69247K(623616K), 0.4894390 secs] 1569798K->1134493K(2009472K), 0.4895013 secs] [Times: user=0.48 sys=0.00, real=0.49 secs] 

*** PauseDetector detected a 491 ms pause at Mon Dec 22 00:39:10 EET 2014 ***

[Full GC (System.gc()) [Tenured: 1065245K->868201K(1385856K), 2.2039544 secs] 1555957K->868201K(2009472K), [Metaspace: 10561K->10561K(12288K)], 2.2041212 secs] [Times: user=2.20 sys=0.00, real=2.19 secs] 
[Full GC (System.gc()) [Tenured: 868201K->868201K(1385856K), 2.2120030 secs] 868201K->868201K(2009472K), [Metaspace: 10561K->10561K(12288K)], 2.2120473 secs] [Times: user=2.22 sys=0.00, real=2.21 secs] 
[Full GC (System.gc()) [Tenured: 868201K->798856K(1385856K), 2.1445163 secs] 868201K->798856K(2009472K), [Metaspace: 10561K->10561K(12288K)], 2.1446356 secs] [Times: user=2.15 sys=0.00, real=2.15 secs] 

*** PauseDetector detected a 6561 ms pause at Mon Dec 22 00:39:18 EET 2014 ***

********************************
********** ROUND   23 **********
********************************
[GC (Allocation Failure) [DefNew: 554368K->69248K(623616K), 0.3707898 secs] 1353224K->921235K(2009472K), 0.3708521 secs] [Times: user=0.38 sys=0.00, real=0.37 secs] 

*** PauseDetector detected a 367 ms pause at Mon Dec 22 00:39:20 EET 2014 ***

[GC (Allocation Failure) [DefNew: 623616K->5876K(623616K), 0.0820191 secs] 1475603K->922717K(2009472K), 0.0821313 secs] [Times: user=0.08 sys=0.00, real=0.08 secs] 
[GC (Allocation Failure) [DefNew: 560244K->69247K(623616K), 0.3051797 secs] 1477085K->1035187K(2009472K), 0.3052214 secs] [Times: user=0.31 sys=0.00, real=0.31 secs] 
[GC (Allocation Failure) [DefNew: 623615K->5883K(623616K), 0.0636392 secs] 1589555K->1036570K(2009472K), 0.0637771 secs] [Times: user=0.06 sys=0.00, real=0.06 secs] 
[GC (Allocation Failure) [DefNew: 560251K->69247K(623616K), 0.3092165 secs] 1590938K->1147814K(2009472K), 0.3092601 secs] [Times: user=0.31 sys=0.00, real=0.31 secs] 
[GC (Allocation Failure) [DefNew: 623615K->5848K(623616K), 0.0811555 secs] 1702182K->1149145K(2009472K), 0.0811978 secs] [Times: user=0.08 sys=0.00, real=0.07 secs] 
[GC (Allocation Failure) [DefNew: 560216K->69247K(623616K), 0.2444821 secs] 1703513K->1257953K(2009472K), 0.2445193 secs] [Times: user=0.25 sys=0.00, real=0.24 secs] 
[GC (Allocation Failure) [DefNew: 623615K->5883K(623616K), 0.0763764 secs] 1812321K->1259251K(2009472K), 0.0764168 secs] [Times: user=0.06 sys=0.00, real=0.07 secs] 
[GC (Allocation Failure) [DefNew: 560251K->69247K(623616K), 0.2391173 secs] 1813619K->1367355K(2009472K), 0.2391821 secs] [Times: user=0.23 sys=0.00, real=0.24 secs] 
[GC (Allocation Failure) [DefNew: 623615K->5860K(623616K), 0.0679467 secs] 1921723K->1368625K(2009472K), 0.0679904 secs] [Times: user=0.06 sys=0.00, real=0.07 secs] 
[GC (Allocation Failure) [DefNew: 560228K->560228K(623616K), 0.0000205 secs][Tenured: 1362764K->855111K(1385856K), 2.2605087 secs] 1922993K->855111K(2009472K), [Metaspace: 10561K->10561K(12288K)], 2.2606133 secs] [Times: user=2.26 sys=0.00, real=2.26 secs] 

*** PauseDetector detected a 2264 ms pause at Mon Dec 22 00:39:39 EET 2014 ***

[GC (Allocation Failure) [DefNew: 554368K->5888K(623616K), 0.0119070 secs] 1409479K->860999K(2009472K), 0.0119449 secs] [Times: user=0.02 sys=0.00, real=0.01 secs] 
[GC (Allocation Failure) [DefNew: 560256K->69247K(623616K), 0.2080868 secs] 1415367K->968023K(2009472K), 0.2081349 secs] [Times: user=0.20 sys=0.00, real=0.20 secs] 
[GC (Allocation Failure) [DefNew: 623615K->5894K(623616K), 0.0535305 secs] 1522391K->969337K(2009472K), 0.0535729 secs] [Times: user=0.05 sys=0.00, real=0.05 secs] 
[GC (Allocation Failure) [DefNew: 560262K->69247K(623616K), 0.1711686 secs] 1523705K->1074943K(2009472K), 0.1713194 secs] [Times: user=0.16 sys=0.00, real=0.16 secs] 
[GC (Allocation Failure) [DefNew: 623615K->5890K(623616K), 0.0488425 secs] 1629311K->1076189K(2009472K), 0.0489073 secs] [Times: user=0.03 sys=0.00, real=0.04 secs] 
[GC (Allocation Failure) [DefNew: 560258K->69248K(623616K), 0.1851736 secs] 1630557K->1181487K(2009472K), 0.1852159 secs] [Times: user=0.17 sys=0.00, real=0.18 secs] 
[GC (Allocation Failure) [DefNew: 623616K->5898K(623616K), 0.0462454 secs] 1735855K->1182731K(2009472K), 0.0463083 secs] [Times: user=0.05 sys=0.00, real=0.05 secs] 
[GC (Allocation Failure) [DefNew: 560266K->69247K(623616K), 0.1515659 secs] 1737099K->1287721K(2009472K), 0.1516082 secs] [Times: user=0.16 sys=0.00, real=0.15 secs] 
[GC (Allocation Failure) [DefNew: 623615K->5894K(623616K), 0.0504734 secs] 1842089K->1288968K(2009472K), 0.0506248 secs] [Times: user=0.05 sys=0.00, real=0.05 secs] 
[GC (Allocation Failure) [DefNew: 560262K->69247K(623616K), 0.1725788 secs] 1843336K->1393742K(2009472K), 0.1726224 secs] [Times: user=0.17 sys=0.00, real=0.16 secs] 
[GC (Allocation Failure) [DefNew: 623615K->623615K(623616K), 0.0000173 secs][Tenured: 1324494K->855941K(1385856K), 2.2001133 secs] 1948110K->855941K(2009472K), [Metaspace: 10561K->10561K(12288K)], 2.2001916 secs] [Times: user=2.20 sys=0.00, real=2.20 secs] 

*** PauseDetector detected a 2202 ms pause at Mon Dec 22 00:39:58 EET 2014 ***

[GC (Allocation Failure) [DefNew: 554368K->69248K(623616K), 0.1459669 secs] 1410309K->966396K(2009472K), 0.1460073 secs] [Times: user=0.14 sys=0.00, real=0.15 secs] 
[GC (Allocation Failure) [DefNew: 623616K->5906K(623616K), 0.0491460 secs] 1520764K->967640K(2009472K), 0.0491948 secs] [Times: user=0.05 sys=0.00, real=0.04 secs] 
[GC (Allocation Failure) [DefNew: 560274K->69248K(623616K), 0.1184465 secs] 1522008K->1072001K(2009472K), 0.1184920 secs] [Times: user=0.13 sys=0.00, real=0.12 secs] 
[GC (Allocation Failure) [DefNew: 623616K->5899K(623616K), 0.0573351 secs] 1626369K->1073239K(2009472K), 0.0573774 secs] [Times: user=0.06 sys=0.00, real=0.06 secs] 
[GC (Allocation Failure) [DefNew: 560267K->69247K(623616K), 0.1201075 secs] 1627607K->1176744K(2009472K), 0.1201704 secs] [Times: user=0.11 sys=0.00, real=0.11 secs] 
[GC (Allocation Failure) [DefNew: 623615K->5911K(623616K), 0.0606328 secs] 1731112K->1177965K(2009472K), 0.0606751 secs] [Times: user=0.06 sys=0.00, real=0.06 secs] 
[GC (Allocation Failure) [DefNew: 560279K->69248K(623616K), 0.1442391 secs] 1732333K->1281254K(2009472K), 0.1443501 secs] [Times: user=0.14 sys=0.00, real=0.14 secs] 
[GC (Allocation Failure) [DefNew: 623616K->5905K(623616K), 0.0456764 secs] 1835622K->1282517K(2009472K), 0.0457168 secs] [Times: user=0.05 sys=0.00, real=0.05 secs] 
[GC (Allocation Failure) [DefNew: 560273K->69247K(623616K), 0.1220547 secs] 1836885K->1385730K(2009472K), 0.1221221 secs] [Times: user=0.11 sys=0.00, real=0.12 secs] 
[GC (Allocation Failure) [DefNew: 623615K->623615K(623616K), 0.0000218 secs][Tenured: 1316482K->854383K(1385856K), 2.3226729 secs] 1940098K->854383K(2009472K), [Metaspace: 10561K->10561K(12288K)], 2.3228673 secs] [Times: user=2.32 sys=0.00, real=2.32 secs] 

*** PauseDetector detected a 2326 ms pause at Mon Dec 22 00:40:16 EET 2014 ***

[GC (Allocation Failure) [DefNew: 554368K->69247K(623616K), 0.1019817 secs] 1408751K->963348K(2009472K), 0.1020234 secs] [Times: user=0.11 sys=0.00, real=0.10 secs] 
[GC (Allocation Failure) [DefNew: 623615K->5904K(623616K), 0.0429458 secs] 1517716K->964590K(2009472K), 0.0429869 secs] [Times: user=0.03 sys=0.00, real=0.04 secs] 
[GC (Allocation Failure) [DefNew: 560272K->69247K(623616K), 0.1221214 secs] 1518958K->1067587K(2009472K), 0.1221625 secs] [Times: user=0.13 sys=0.00, real=0.12 secs] 
[GC (Allocation Failure) [DefNew: 623615K->5896K(623616K), 0.0407433 secs] 1621955K->1068775K(2009472K), 0.0408806 secs] [Times: user=0.03 sys=0.00, real=0.03 secs] 
[GC (Allocation Failure) [DefNew: 560264K->69248K(623616K), 0.1129937 secs] 1623143K->1171677K(2009472K), 0.1130361 secs] [Times: user=0.11 sys=0.00, real=0.11 secs] 
[GC (Allocation Failure) [DefNew: 623616K->5867K(623616K), 0.0406753 secs] 1726045K->1172841K(2009472K), 0.0408196 secs] [Times: user=0.03 sys=0.00, real=0.04 secs] 
[GC (Allocation Failure) [DefNew: 560235K->69247K(623616K), 0.1254852 secs] 1727209K->1275687K(2009472K), 0.1255263 secs] [Times: user=0.12 sys=0.00, real=0.12 secs] 
[GC (Allocation Failure) [DefNew: 623615K->5909K(623616K), 0.0408889 secs] 1830055K->1276887K(2009472K), 0.0410596 secs] [Times: user=0.03 sys=0.00, real=0.04 secs] 
[GC (Allocation Failure) [DefNew: 560277K->69247K(623616K), 0.0990234 secs] 1831255K->1379551K(2009472K), 0.0990664 secs] [Times: user=0.09 sys=0.00, real=0.10 secs] 
[GC (Allocation Failure) [DefNew: 623615K->623615K(623616K), 0.0000192 secs][Tenured: 1310303K->784603K(1385856K), 2.3042847 secs] 1933919K->784603K(2009472K), [Metaspace: 10561K->10561K(12288K)], 2.3043681 secs] [Times: user=2.29 sys=0.00, real=2.30 secs] 

*** PauseDetector detected a 2298 ms pause at Mon Dec 22 00:40:34 EET 2014 ***

[GC (Allocation Failure) [DefNew: 554368K->69247K(623616K), 0.0992954 secs] 1338971K->892682K(2009472K), 0.0993602 secs] [Times: user=0.09 sys=0.00, real=0.10 secs] 
[GC (Allocation Failure) [DefNew: 623615K->5908K(623616K), 0.0401697 secs] 1447050K->893868K(2009472K), 0.0402756 secs] [Times: user=0.03 sys=0.00, real=0.03 secs] 
[GC (Allocation Failure) [DefNew: 560276K->69247K(623616K), 0.1002219 secs] 1448236K->995960K(2009472K), 0.1002681 secs] [Times: user=0.09 sys=0.00, real=0.10 secs] 
[GC (Allocation Failure) [DefNew: 623615K->5916K(623616K), 0.0543152 secs] 1550328K->997184K(2009472K), 0.0543671 secs] [Times: user=0.05 sys=0.00, real=0.05 secs] 
[GC (Allocation Failure) [DefNew: 560284K->69247K(623616K), 0.1116772 secs] 1551552K->1099196K(2009472K), 0.1117195 secs] [Times: user=0.11 sys=0.00, real=0.11 secs] 
[GC (Allocation Failure) [DefNew: 623615K->5914K(623616K), 0.0601606 secs] 1653564K->1100393K(2009472K), 0.0602125 secs] [Times: user=0.05 sys=0.00, real=0.05 secs] 
[GC (Allocation Failure) [DefNew: 560282K->69248K(623616K), 0.1231441 secs] 1654761K->1202321K(2009472K), 0.1231954 secs] [Times: user=0.13 sys=0.00, real=0.12 secs] 
[GC (Allocation Failure) [DefNew: 623616K->5921K(623616K), 0.0546321 secs] 1756689K->1203548K(2009472K), 0.0546886 secs] [Times: user=0.05 sys=0.00, real=0.05 secs] 
[GC (Allocation Failure) [DefNew: 560289K->69248K(623616K), 0.4321976 secs] 1757916K->1330164K(2009472K), 0.4322451 secs] [Times: user=0.44 sys=0.00, real=0.43 secs] 

*** PauseDetector detected a 434 ms pause at Mon Dec 22 00:40:48 EET 2014 ***

[GC (Allocation Failure) [DefNew: 623616K->5916K(623616K), 0.1127736 secs] 1884532K->1331801K(2009472K), 0.1128134 secs] [Times: user=0.11 sys=0.00, real=0.11 secs] 
[GC (Allocation Failure) [DefNew: 560284K->560284K(623616K), 0.0000199 secs][Tenured: 1325885K->868120K(1385856K), 2.7386117 secs] 1886169K->868120K(2009472K), [Metaspace: 10561K->10561K(12288K)], 2.7386925 secs] [Times: user=2.73 sys=0.00, real=2.73 secs] 

*** PauseDetector detected a 2736 ms pause at Mon Dec 22 00:40:54 EET 2014 ***

[GC (Allocation Failure) [DefNew: 554368K->5921K(623616K), 0.0123715 secs] 1422488K->874041K(2009472K), 0.0124126 secs] [Times: user=0.00 sys=0.00, real=0.00 secs] 
[GC (Allocation Failure) [DefNew: 560289K->69247K(623616K), 0.4076233 secs] 1428409K->990515K(2009472K), 0.4077728 secs] [Times: user=0.39 sys=0.00, real=0.40 secs] 

*** PauseDetector detected a 402 ms pause at Mon Dec 22 00:40:58 EET 2014 ***

[GC (Allocation Failure) [DefNew: 623615K->5919K(623616K), 0.0910845 secs] 1544883K->992023K(2009472K), 0.0911384 secs] [Times: user=0.08 sys=0.00, real=0.09 secs] 
[GC (Allocation Failure) [DefNew: 560287K->69248K(623616K), 0.4167100 secs] 1546391K->1104486K(2009472K), 0.4167530 secs] [Times: user=0.42 sys=0.00, real=0.42 secs] 

*** PauseDetector detected a 422 ms pause at Mon Dec 22 00:41:02 EET 2014 ***

[GC (Allocation Failure) [DefNew: 623616K->5894K(623616K), 0.0838655 secs] 1658854K->1105844K(2009472K), 0.0839104 secs] [Times: user=0.09 sys=0.00, real=0.08 secs] 
[GC (Allocation Failure) [DefNew: 560262K->69247K(623616K), 0.3961282 secs] 1660212K->1217116K(2009472K), 0.3961686 secs] [Times: user=0.41 sys=0.00, real=0.40 secs] 

*** PauseDetector detected a 399 ms pause at Mon Dec 22 00:41:05 EET 2014 ***

[GC (Allocation Failure) [DefNew: 623615K->5860K(623616K), 0.1029864 secs] 1771484K->1218419K(2009472K), 0.1030441 secs] [Times: user=0.09 sys=0.00, real=0.10 secs] 
[GC (Allocation Failure) [DefNew: 560228K->69247K(623616K), 0.3186053 secs] 1772787K->1327251K(2009472K), 0.3186566 secs] [Times: user=0.31 sys=0.00, real=0.32 secs] 
[GC (Allocation Failure) [DefNew: 623615K->5870K(623616K), 0.0629957 secs] 1881619K->1328501K(2009472K), 0.0630374 secs] [Times: user=0.06 sys=0.00, real=0.06 secs] 
[GC (Allocation Failure) [DefNew: 560238K->560238K(623616K), 0.0001039 secs][Tenured: 1322630K->857974K(1385856K), 2.6487263 secs] 1882869K->857974K(2009472K), [Metaspace: 10561K->10561K(12288K)], 2.6488944 secs] [Times: user=2.65 sys=0.00, real=2.65 secs] 

*** PauseDetector detected a 2650 ms pause at Mon Dec 22 00:41:14 EET 2014 ***

[GC (Allocation Failure) [DefNew: 554368K->5900K(623616K), 0.0124369 secs] 1412342K->863874K(2009472K), 0.0124735 secs] [Times: user=0.00 sys=0.00, real=0.01 secs] 
[GC (Allocation Failure) [DefNew: 560268K->69247K(623616K), 0.2189083 secs] 1418242K->971393K(2009472K), 0.2189564 secs] [Times: user=0.22 sys=0.00, real=0.22 secs] 
[GC (Allocation Failure) [DefNew: 623615K->5917K(623616K), 0.0658443 secs] 1525761K->972684K(2009472K), 0.0658860 secs] [Times: user=0.06 sys=0.00, real=0.06 secs] 
[GC (Allocation Failure) [DefNew: 560285K->69248K(623616K), 0.1890589 secs] 1527052K->1079733K(2009472K), 0.1890994 secs] [Times: user=0.19 sys=0.00, real=0.18 secs] 
[GC (Allocation Failure) [DefNew: 623616K->5918K(623616K), 0.0614181 secs] 1634101K->1081016K(2009472K), 0.0614598 secs] [Times: user=0.05 sys=0.00, real=0.06 secs] 
[GC (Allocation Failure) [DefNew: 560286K->69248K(623616K), 0.2115885 secs] 1635384K->1186632K(2009472K), 0.2116309 secs] [Times: user=0.22 sys=0.00, real=0.21 secs] 
[GC (Allocation Failure) [DefNew: 623616K->5929K(623616K), 0.0775935 secs] 1741000K->1187883K(2009472K), 0.0776410 secs] [Times: user=0.08 sys=0.00, real=0.08 secs] 
[GC (Allocation Failure) [DefNew: 560297K->69248K(623616K), 0.2357105 secs] 1742251K->1293155K(2009472K), 0.2357528 secs] [Times: user=0.23 sys=0.00, real=0.23 secs] 
[GC (Allocation Failure) [DefNew: 623616K->5887K(623616K), 0.0582410 secs] 1847523K->1294376K(2009472K), 0.0582808 secs] [Times: user=0.06 sys=0.00, real=0.06 secs] 
[GC (Allocation Failure) [DefNew: 560255K->69248K(623616K), 0.1793295 secs] 1848744K->1399387K(2009472K), 0.1793718 secs] [Times: user=0.17 sys=0.00, real=0.17 secs] 
[GC (Allocation Failure) [DefNew: 623616K->623616K(623616K), 0.0000192 secs][Tenured: 1330139K->856135K(1385856K), 2.7303450 secs] 1953755K->856135K(2009472K), [Metaspace: 10561K->10561K(12288K)], 2.7304239 secs] [Times: user=2.73 sys=0.00, real=2.73 secs] 

*** PauseDetector detected a 2731 ms pause at Mon Dec 22 00:41:35 EET 2014 ***

[GC (Allocation Failure) [DefNew: 554368K->69248K(623616K), 0.1573805 secs] 1410503K->966819K(2009472K), 0.1574209 secs] [Times: user=0.16 sys=0.00, real=0.15 secs] 
[GC (Allocation Failure) [DefNew: 623616K->5878K(623616K), 0.0518239 secs] 1521187K->968015K(2009472K), 0.0518631 secs] [Times: user=0.05 sys=0.00, real=0.05 secs] 
[GC (Allocation Failure) [DefNew: 560246K->69248K(623616K), 0.1633516 secs] 1522383K->1072612K(2009472K), 0.1633966 secs] [Times: user=0.16 sys=0.00, real=0.16 secs] 
[GC (Allocation Failure) [DefNew: 623616K->5878K(623616K), 0.0485140 secs] 1626980K->1073807K(2009472K), 0.0485609 secs] [Times: user=0.05 sys=0.00, real=0.04 secs] 
[GC (Allocation Failure) [DefNew: 560246K->69247K(623616K), 0.1333573 secs] 1628175K->1178222K(2009472K), 0.1334606 secs] [Times: user=0.13 sys=0.00, real=0.13 secs] 
[GC (Allocation Failure) [DefNew: 623615K->5860K(623616K), 0.0440929 secs] 1732590K->1179396K(2009472K), 0.0441610 secs] [Times: user=0.05 sys=0.00, real=0.04 secs] 
[GC (Allocation Failure) [DefNew: 560228K->69247K(623616K), 0.1561538 secs] 1733764K->1282966K(2009472K), 0.1561994 secs] [Times: user=0.16 sys=0.00, real=0.16 secs] 
[GC (Allocation Failure) [DefNew: 623615K->5887K(623616K), 0.0525111 secs] 1837334K->1284136K(2009472K), 0.0525534 secs] [Times: user=0.05 sys=0.00, real=0.05 secs] 
[GC (Allocation Failure) [DefNew: 560255K->69248K(623616K), 0.1528798 secs] 1838504K->1387501K(2009472K), 0.1529511 secs] [Times: user=0.16 sys=0.00, real=0.15 secs] 
[GC (Allocation Failure) [DefNew: 623616K->623616K(623616K), 0.0000199 secs][Tenured: 1318253K->785250K(1385856K), 2.6983361 secs] 1941869K->785250K(2009472K), [Metaspace: 10561K->10561K(12288K)], 2.6984920 secs] [Times: user=2.68 sys=0.00, real=2.70 secs] 

*** PauseDetector detected a 2700 ms pause at Mon Dec 22 00:41:53 EET 2014 ***

[GC (Allocation Failure) [DefNew: 554368K->69248K(623616K), 0.1277621 secs] 1339618K->894315K(2009472K), 0.1278038 secs] [Times: user=0.12 sys=0.00, real=0.13 secs] 
[GC (Allocation Failure) [DefNew: 623616K->5891K(623616K), 0.0490145 secs] 1448683K->895564K(2009472K), 0.0490543 secs] [Times: user=0.05 sys=0.00, real=0.05 secs] 
[GC (Allocation Failure) [DefNew: 560259K->69247K(623616K), 0.1418948 secs] 1449932K->998620K(2009472K), 0.1419378 secs] [Times: user=0.14 sys=0.00, real=0.14 secs] 
[GC (Allocation Failure) [DefNew: 623615K->5926K(623616K), 0.0610254 secs] 1552988K->999900K(2009472K), 0.0610697 secs] [Times: user=0.06 sys=0.00, real=0.05 secs] 
[GC (Allocation Failure) [DefNew: 560294K->69248K(623616K), 0.1240109 secs] 1554268K->1102889K(2009472K), 0.1240538 secs] [Times: user=0.12 sys=0.00, real=0.12 secs] 
[GC (Allocation Failure) [DefNew: 623616K->5870K(623616K), 0.0535973 secs] 1657257K->1104039K(2009472K), 0.0536486 secs] [Times: user=0.06 sys=0.00, real=0.05 secs] 
[Full GC (System.gc()) [Tenured: 1098168K->852682K(1385856K), 2.6136930 secs] 1639430K->852682K(2009472K), [Metaspace: 10561K->10561K(12288K)], 2.6138201 secs] [Times: user=2.60 sys=0.02, real=2.61 secs] 
[Full GC (System.gc()) [Tenured: 852682K->852683K(1385856K), 2.3423802 secs] 863748K->852683K(2009472K), [Metaspace: 10561K->10561K(12288K)], 2.3424264 secs] [Times: user=2.34 sys=0.00, real=2.34 secs] 
[Full GC (System.gc()) [Tenured: 852683K->852683K(1385856K), 2.2866613 secs] 852683K->852683K(2009472K), [Metaspace: 10561K->10561K(12288K)]
*** PauseDetector detected a 7243 ms pause at Mon Dec 22 00:42:11 EET 2014 ***

, 2.2867042 secs] [Times: user=2.26 sys=0.00, real=2.29 secs] 
[Full GC (System.gc()) [Tenured: 852683K->783253K(1385856K), 2.6073504 secs] 863751K->783253K(2009472K), [Metaspace: 10561K->10561K(12288K)], 2.6074043 secs] [Times: user=2.62 sys=0.00, real=2.61 secs] 
[Full GC (System.gc()) [Tenured: 783253K->783309K(1385856K), 2.4813192 secs] 794320K->783309K(2009472K), [Metaspace: 10561K->10561K(12288K)]
*** PauseDetector detected a 5086 ms pause at Mon Dec 22 00:42:16 EET 2014 ***

, 2.4813622 secs] [Times: user=2.47 sys=0.00, real=2.48 secs] 
[Full GC (System.gc()) [Tenured: 783309K->783394K(1385856K), 2.4011274 secs] 794377K->783394K(2009472K), [Metaspace: 10561K->10561K(12288K)], 2.4011691 secs] [Times: user=2.40 sys=0.00, real=2.40 secs] 

*** PauseDetector detected a 2398 ms pause at Mon Dec 22 00:42:19 EET 2014 ***

[GC (Allocation Failure) [DefNew: 554368K->69248K(623616K), 0.1284852 secs] 1337762K->892154K(2009472K), 0.1285269 secs] [Times: user=0.13 sys=0.00, real=0.12 secs] 
[GC (Allocation Failure) [DefNew: 623616K->5954K(623616K), 0.0489060 secs] 1446522K->893352K(2009472K), 0.0489529 secs] [Times: user=0.05 sys=0.00, real=0.05 secs] 
[GC (Allocation Failure) [DefNew: 560322K->69248K(623616K), 0.1349125 secs] 1447720K->996075K(2009472K), 0.1349613 secs] [Times: user=0.13 sys=0.00, real=0.13 secs] 
[GC (Allocation Failure) [DefNew: 623616K->5954K(623616K), 0.0486828 secs] 1550443K->997272K(2009472K), 0.0487277 secs] [Times: user=0.06 sys=0.00, real=0.05 secs] 
[GC (Allocation Failure) [DefNew: 560322K->69247K(623616K), 0.1070803 secs] 1551640K->1099447K(2009472K), 0.1071226 secs] [Times: user=0.09 sys=0.00, real=0.10 secs] 
[GC (Allocation Failure) [DefNew: 623615K->5954K(623616K), 0.0428919 secs] 1653815K->1100628K(2009472K), 0.0429349 secs] [Times: user=0.05 sys=0.00, real=0.04 secs] 
[Full GC (System.gc()) [Tenured: 1094674K->848375K(1385856K), 2.2997616 secs] 1301228K->848375K(2009472K), [Metaspace: 10562K->10562K(12288K)], 2.2998373 secs] [Times: user=2.29 sys=0.00, real=2.29 secs] 
[Full GC (System.gc()) [Tenured: 848375K->779111K(1385856K), 2.3457305 secs] 848375K->779111K(2009472K), [Metaspace: 10562K->10562K(12288K)], 2.3457735 secs] [Times: user=2.34 sys=0.00, real=2.35 secs] 
[Full GC (System.gc()) [Tenured: 779111K->779113K(1385856K), 1.9755027 secs] 790257K->779113K(2009472K), [Metaspace: 10562K->10562K(12288K)], 1.9755457 secs] [Times: user=1.98 sys=0.00, real=1.98 secs] 

*** PauseDetector detected a 4643 ms pause at Mon Dec 22 00:42:33 EET 2014 ***


*** PauseDetector detected a 1987 ms pause at Mon Dec 22 00:42:35 EET 2014 ***

********************************
********** ROUND   24 **********
********************************
[GC (Allocation Failure) [DefNew: 554368K->5888K(623616K), 0.0130266 secs] 1333481K->785002K(2009472K), 0.0130676 secs] [Times: user=0.02 sys=0.00, real=0.01 secs] 
[GC (Allocation Failure) [DefNew: 560256K->69247K(623616K), 0.1100964 secs] 1339370K->887055K(2009472K), 0.1101387 secs] [Times: user=0.11 sys=0.00, real=0.11 secs] 
[GC (Allocation Failure) [DefNew: 623615K->5881K(623616K), 0.0417140 secs] 1441423K->888231K(2009472K), 0.0418263 secs] [Times: user=0.03 sys=0.00, real=0.03 secs] 
[GC (Allocation Failure) [DefNew: 560249K->69248K(623616K), 0.0935597 secs] 1442599K->990197K(2009472K), 0.0936046 secs] [Times: user=0.08 sys=0.00, real=0.09 secs] 
[GC (Allocation Failure) [DefNew: 623616K->5886K(623616K), 0.0446556 secs] 1544565K->991383K(2009472K), 0.0447018 secs] [Times: user=0.03 sys=0.00, real=0.04 secs] 
[GC (Allocation Failure) [DefNew: 560254K->69248K(623616K), 0.3809132 secs] 1545751K->1117975K(2009472K), 0.3810351 secs] [Times: user=0.37 sys=0.00, real=0.38 secs] 

*** PauseDetector detected a 376 ms pause at Mon Dec 22 00:42:45 EET 2014 ***

[GC (Allocation Failure) [DefNew: 623616K->5887K(623616K), 0.0934378 secs] 1672343K->1119642K(2009472K), 0.0934795 secs] [Times: user=0.09 sys=0.00, real=0.09 secs] 
[GC (Allocation Failure) [DefNew: 560255K->69247K(623616K), 0.4566077 secs] 1674010K->1238678K(2009472K), 0.4566455 secs] [Times: user=0.45 sys=0.00, real=0.45 secs] 

*** PauseDetector detected a 453 ms pause at Mon Dec 22 00:42:49 EET 2014 ***

[GC (Allocation Failure) [DefNew: 623615K->5855K(623616K), 0.0944663 secs] 1793046K->1240167K(2009472K), 0.0945080 secs] [Times: user=0.09 sys=0.00, real=0.09 secs] 
[GC (Allocation Failure) [DefNew: 560223K->69247K(623616K), 0.3875593 secs] 1794535K->1356715K(2009472K), 0.3876645 secs] [Times: user=0.39 sys=0.00, real=0.39 secs] 

*** PauseDetector detected a 391 ms pause at Mon Dec 22 00:42:52 EET 2014 ***

[GC (Allocation Failure) [DefNew: 623615K->5894K(623616K), 0.0809836 secs] 1911083K->1358189K(2009472K), 0.0810265 secs] [Times: user=0.08 sys=0.00, real=0.08 secs] 
[GC (Allocation Failure) [DefNew: 560262K->560262K(623616K), 0.0000199 secs][Tenured: 1352295K->862266K(1385856K), 2.8870518 secs] 1912557K->862266K(2009472K), [Metaspace: 10562K->10562K(12288K)]
*** PauseDetector detected a 2890 ms pause at Mon Dec 22 00:42:59 EET 2014 ***

, 2.8871301 secs] [Times: user=2.89 sys=0.00, real=2.89 secs] 
[GC (Allocation Failure) [DefNew: 554368K->5875K(623616K), 0.0121694 secs] 1416634K->868141K(2009472K), 0.0122079 secs] [Times: user=0.00 sys=0.00, real=0.01 secs] 
[GC (Allocation Failure) [DefNew: 560243K->69247K(623616K), 0.3086314 secs] 1422509K->979404K(2009472K), 0.3086705 secs] [Times: user=0.31 sys=0.00, real=0.31 secs] 
[GC (Allocation Failure) [DefNew: 623615K->5854K(623616K), 0.0817682 secs] 1533772K->980730K(2009472K), 0.0818381 secs] [Times: user=0.09 sys=0.00, real=0.08 secs] 
[GC (Allocation Failure) [DefNew: 560222K->69247K(623616K), 0.2632938 secs] 1535098K->1089492K(2009472K), 0.2633393 secs] [Times: user=0.27 sys=0.00, real=0.26 secs] 
[GC (Allocation Failure) [DefNew: 623615K->5899K(623616K), 0.0707812 secs] 1643860K->1090846K(2009472K), 0.0708268 secs] [Times: user=0.08 sys=0.00, real=0.07 secs] 
[GC (Allocation Failure) [DefNew: 560267K->69248K(623616K), 0.2534911 secs] 1645214K->1198945K(2009472K), 0.2535335 secs] [Times: user=0.25 sys=0.00, real=0.25 secs] 
[GC (Allocation Failure) [DefNew: 623616K->5891K(623616K), 0.0768095 secs] 1753313K->1200236K(2009472K), 0.0768505 secs] [Times: user=0.08 sys=0.00, real=0.08 secs] 
[GC (Allocation Failure) [DefNew: 560259K->69248K(623616K), 0.2577531 secs] 1754604K->1307727K(2009472K), 0.2578109 secs] [Times: user=0.25 sys=0.00, real=0.26 secs] 
[GC (Allocation Failure) [DefNew: 623616K->5846K(623616K), 0.0642121 secs] 1862095K->1308978K(2009472K), 0.0642525 secs] [Times: user=0.06 sys=0.00, real=0.07 secs] 
[GC (Allocation Failure) [DefNew: 560214K->69248K(623616K), 0.2172857 secs] 1863346K->1416075K(2009472K), 0.2173403 secs] [Times: user=0.22 sys=0.00, real=0.22 secs] 
[GC (Allocation Failure) [DefNew: 623616K->623616K(623616K), 0.0000186 secs][Tenured: 1346827K->858184K(1385856K), 2.8633764 secs] 1970443K->858184K(2009472K), [Metaspace: 10562K->10562K(12288K)], 2.8634682 secs] [Times: user=2.84 sys=0.00, real=2.86 secs] 

*** PauseDetector detected a 2867 ms pause at Mon Dec 22 00:43:20 EET 2014 ***

[GC (Allocation Failure) [DefNew: 554368K->69248K(623616K), 0.1987423 secs] 1412552K->969700K(2009472K), 0.1988494 secs] [Times: user=0.20 sys=0.00, real=0.20 secs] 
[GC (Allocation Failure) [DefNew: 623616K->5890K(623616K), 0.0579786 secs] 1524068K->970932K(2009472K), 0.0580184 secs] [Times: user=0.05 sys=0.00, real=0.06 secs] 
[GC (Allocation Failure) [DefNew: 560258K->69248K(623616K), 0.1840938 secs] 1525300K->1076196K(2009472K), 0.1841496 secs] [Times: user=0.19 sys=0.00, real=0.18 secs] 
[GC (Allocation Failure) [DefNew: 623616K->5899K(623616K), 0.0500987 secs] 1630564K->1077475K(2009472K), 0.0501424 secs] [Times: user=0.05 sys=0.00, real=0.05 secs] 
[GC (Allocation Failure) [DefNew: 560267K->69247K(623616K), 0.1785377 secs] 1631843K->1182479K(2009472K), 0.1785794 secs] [Times: user=0.17 sys=0.00, real=0.18 secs] 
[GC (Allocation Failure) [DefNew: 623615K->5906K(623616K), 0.0538231 secs] 1736847K->1183723K(2009472K), 0.0538661 secs] [Times: user=0.05 sys=0.00, real=0.05 secs] 
[GC (Allocation Failure) [DefNew: 560274K->69248K(623616K), 0.1594278 secs] 1738091K->1288489K(2009472K), 0.1594688 secs] [Times: user=0.16 sys=0.00, real=0.16 secs] 
[GC (Allocation Failure) [DefNew: 623616K->5850K(623616K), 0.0486051 secs] 1842857K->1289668K(2009472K), 0.0486513 secs] [Times: user=0.05 sys=0.00, real=0.05 secs] 
[GC (Allocation Failure) [DefNew: 560218K->69247K(623616K), 0.1545787 secs] 1844036K->1394280K(2009472K), 0.1547359 secs] [Times: user=0.16 sys=0.00, real=0.16 secs] 
[GC (Allocation Failure) [DefNew: 623615K->623615K(623616K), 0.0000205 secs][Tenured: 1325032K->786449K(1385856K), 2.5140210 secs] 1948648K->786449K(2009472K), [Metaspace: 10562K->10562K(12288K)], 2.5141025 secs] [Times: user=2.51 sys=0.00, real=2.52 secs] 

*** PauseDetector detected a 2515 ms pause at Mon Dec 22 00:43:38 EET 2014 ***

[GC (Allocation Failure) [DefNew: 554368K->69247K(623616K), 0.1440511 secs] 1340817K->896729K(2009472K), 0.1440922 secs] [Times: user=0.14 sys=0.00, real=0.14 secs] 
[GC (Allocation Failure) [DefNew: 623615K->5904K(623616K), 0.0509796 secs] 1451097K->897977K(2009472K), 0.0510771 secs] [Times: user=0.05 sys=0.00, real=0.05 secs] 
[GC (Allocation Failure) [DefNew: 560272K->69247K(623616K), 0.1734719 secs] 1452345K->1001460K(2009472K), 0.1735206 secs] [Times: user=0.19 sys=0.00, real=0.17 secs] 
[GC (Allocation Failure) [DefNew: 623615K->5850K(623616K), 0.0486340 secs] 1555828K->1002637K(2009472K), 0.0486712 secs] [Times: user=0.05 sys=0.00, real=0.05 secs] 
[GC (Allocation Failure) [DefNew: 560218K->69247K(623616K), 0.1475195 secs] 1557005K->1106039K(2009472K), 0.1475580 secs] [Times: user=0.14 sys=0.00, real=0.15 secs] 
[GC (Allocation Failure) [DefNew: 623615K->5914K(623616K), 0.0646343 secs] 1660407K->1107259K(2009472K), 0.0647119 secs] [Times: user=0.08 sys=0.00, real=0.07 secs] 
[GC (Allocation Failure) [DefNew: 560282K->69248K(623616K), 0.1427558 secs] 1661627K->1210416K(2009472K), 0.1427956 secs] [Times: user=0.14 sys=0.00, real=0.14 secs] 
[GC (Allocation Failure) [DefNew: 623616K->5896K(623616K), 0.0510720 secs] 1764784K->1211662K(2009472K), 0.0511118 secs] [Times: user=0.05 sys=0.00, real=0.05 secs] 
[GC (Allocation Failure) [DefNew: 560264K->69248K(623616K), 0.1547128 secs] 1766030K->1314774K(2009472K), 0.1547558 secs] [Times: user=0.16 sys=0.00, real=0.15 secs] 
[GC (Allocation Failure) [DefNew: 623616K->5877K(623616K), 0.0464828 secs] 1869142K->1315946K(2009472K), 0.0465912 secs] [Times: user=0.05 sys=0.00, real=0.05 secs] 
[GC (Allocation Failure) [DefNew: 560245K->560245K(623616K), 0.0000199 secs][Tenured: 1310069K->852942K(1385856K), 2.6067024 secs] 1870314K->852942K(2009472K), [Metaspace: 10562K->10562K(12288K)], 2.6067826 secs] [Times: user=2.59 sys=0.00, real=2.61 secs] 

*** PauseDetector detected a 2611 ms pause at Mon Dec 22 00:43:58 EET 2014 ***

[GC (Allocation Failure) [DefNew: 554368K->5866K(623616K), 0.0124017 secs] 1407310K->858808K(2009472K), 0.0124466 secs] [Times: user=0.02 sys=0.00, real=0.01 secs] 
[GC (Allocation Failure) [DefNew: 560234K->69248K(623616K), 0.1168483 secs] 1413176K->961750K(2009472K), 0.1168900 secs] [Times: user=0.12 sys=0.00, real=0.12 secs] 
[GC (Allocation Failure) [DefNew: 623616K->5835K(623616K), 0.0548323 secs] 1516118K->962872K(2009472K), 0.0548791 secs] [Times: user=0.06 sys=0.00, real=0.05 secs] 
[GC (Allocation Failure) [DefNew: 560203K->69247K(623616K), 0.1031609 secs] 1517240K->1065694K(2009472K), 0.1032026 secs] [Times: user=0.09 sys=0.00, real=0.10 secs] 
[GC (Allocation Failure) [DefNew: 623615K->5874K(623616K), 0.0460157 secs] 1620062K->1066914K(2009472K), 0.0460587 secs] [Times: user=0.05 sys=0.00, real=0.05 secs] 
[GC (Allocation Failure) [DefNew: 560242K->69248K(623616K), 0.1132702 secs] 1621282K->1169672K(2009472K), 0.1133094 secs] [Times: user=0.11 sys=0.00, real=0.11 secs] 
[GC (Allocation Failure) [DefNew: 623616K->5913K(623616K), 0.0483383 secs] 1724040K->1170873K(2009472K), 0.0483800 secs] [Times: user=0.05 sys=0.00, real=0.04 secs] 
[GC (Allocation Failure) [DefNew: 560281K->69248K(623616K), 0.1063117 secs] 1725241K->1272995K(2009472K), 0.1063547 secs] [Times: user=0.09 sys=0.00, real=0.10 secs] 
[GC (Allocation Failure) [DefNew: 623616K->5910K(623616K), 0.0384702 secs] 1827363K->1274226K(2009472K), 0.0385151 secs] [Times: user=0.05 sys=0.00, real=0.03 secs] 
[GC (Allocation Failure) [DefNew: 560278K->69247K(623616K), 0.1009808 secs] 1828594K->1376325K(2009472K), 0.1011323 secs] [Times: user=0.09 sys=0.00, real=0.09 secs] 
[GC (Allocation Failure) [DefNew: 623615K->623615K(623616K), 0.0000212 secs][Tenured: 1307077K->852057K(1385856K), 2.2908783 secs] 1930693K->852057K(2009472K), [Metaspace: 10562K->10562K(12288K)], 2.2909630 secs] [Times: user=2.29 sys=0.00, real=2.29 secs] 

*** PauseDetector detected a 2291 ms pause at Mon Dec 22 00:44:17 EET 2014 ***

[GC (Allocation Failure) [DefNew: 554368K->69248K(623616K), 0.1048816 secs] 1406425K->959998K(2009472K), 0.1049240 secs] [Times: user=0.09 sys=0.00, real=0.10 secs] 
[GC (Allocation Failure) [DefNew: 623616K->5912K(623616K), 0.0465515 secs] 1514366K->961182K(2009472K), 0.0465957 secs] [Times: user=0.05 sys=0.00, real=0.05 secs] 
[GC (Allocation Failure) [DefNew: 560280K->69248K(623616K), 0.1298877 secs] 1515550K->1063180K(2009472K), 0.1299377 secs] [Times: user=0.13 sys=0.00, real=0.12 secs] 
[GC (Allocation Failure) [DefNew: 623616K->5882K(623616K), 0.0411763 secs] 1617548K->1064323K(2009472K), 0.0412148 secs] [Times: user=0.03 sys=0.00, real=0.04 secs] 
[GC (Allocation Failure) [DefNew: 560250K->69248K(623616K), 0.3392532 secs] 1618691K->1190933K(2009472K), 0.3392942 secs] [Times: user=0.34 sys=0.00, real=0.34 secs] 
[GC (Allocation Failure) [DefNew: 623616K->5891K(623616K), 0.1040238 secs] 1745301K->1192592K(2009472K), 0.1041297 secs] [Times: user=0.11 sys=0.00, real=0.11 secs] 
[GC (Allocation Failure) [DefNew
*** PauseDetector detected a 520 ms pause at Mon Dec 22 00:44:29 EET 2014 ***

: 560259K->69248K(623616K), 0.5165161 secs] 1746960K->1311656K(2009472K), 0.5165655 secs] [Times: user=0.51 sys=0.00, real=0.52 secs] 
[GC (Allocation Failure) [DefNew: 623616K->5896K(623616K), 0.0760280 secs] 1866024K->1313152K(2009472K), 0.0761365 secs] [Times: user=0.08 sys=0.00, real=0.07 secs] 
[GC (Allocation Failure) [DefNew: 560264K->560264K(623616K), 0.0000154 secs][Tenured: 1307256K->866132K(1385856K), 2.7019110 secs] 1867520K->866132K(2009472K), [Metaspace: 10562K->10562K(12288K)], 2.7019822 secs] [Times: user=2.64 sys=0.00, real=2.70 secs] 

*** PauseDetector detected a 2704 ms pause at Mon Dec 22 00:44:35 EET 2014 ***

[GC (Allocation Failure) [DefNew: 554368K->5837K(623616K), 0.0122374 secs] 1420500K->871970K(2009472K), 0.0122798 secs] [Times: user=0.02 sys=0.00, real=0.01 secs] 
[GC (Allocation Failure) [DefNew: 560205K->69248K(623616K), 0.3554279 secs] 1426338K->984466K(2009472K), 0.3555364 secs] [Times: user=0.36 sys=0.00, real=0.36 secs] 

*** PauseDetector detected a 360 ms pause at Mon Dec 22 00:44:38 EET 2014 ***

[GC (Allocation Failure) [DefNew: 623616K->5916K(623616K), 0.0843127 secs] 1538834K->985895K(2009472K), 0.0843544 secs] [Times: user=0.09 sys=0.00, real=0.08 secs] 
[GC (Allocation Failure) [DefNew: 560284K->69247K(623616K), 0.3543873 secs] 1540263K->1097082K(2009472K), 0.3544316 secs] [Times: user=0.36 sys=0.00, real=0.35 secs] 

*** PauseDetector detected a 355 ms pause at Mon Dec 22 00:44:42 EET 2014 ***

[GC (Allocation Failure) [DefNew: 623615K->5914K(623616K), 0.0688796 secs] 1651450K->1098503K(2009472K), 0.0689835 secs] [Times: user=0.06 sys=0.00, real=0.07 secs] 
[GC (Allocation Failure) [DefNew: 560282K->69248K(623616K), 0.3063191 secs] 1652871K->1207259K(2009472K), 0.3063602 secs] [Times: user=0.31 sys=0.00, real=0.31 secs] 
[GC (Allocation Failure) [DefNew: 623616K->5919K(623616K), 0.0714286 secs] 1761627K->1208579K(2009472K), 0.0714793 secs] [Times: user=0.06 sys=0.00, real=0.07 secs] 
[GC (Allocation Failure) [DefNew: 560287K->69247K(623616K), 0.2493799 secs] 1762947K->1316599K(2009472K), 0.2495185 secs] [Times: user=0.25 sys=0.00, real=0.25 secs] 
[GC (Allocation Failure) [DefNew: 623615K->5918K(623616K), 0.0670383 secs] 1870967K->1317975K(2009472K), 0.0670806 secs] [Times: user=0.06 sys=0.00, real=0.07 secs] 
[GC (Allocation Failure) [DefNew: 560286K->560286K(623616K), 0.0000199 secs][Tenured: 1312057K->788146K(1385856K), 2.7895092 secs] 1872343K->788146K(2009472K), [Metaspace: 10562K->10562K(12288K)]
*** PauseDetector detected a 2791 ms pause at Mon Dec 22 00:44:54 EET 2014 ***

, 2.7896003 secs] [Times: user=2.79 sys=0.00, real=2.79 secs] 
[GC (Allocation Failure) [DefNew: 554368K->5833K(623616K), 0.0115285 secs] 1342514K->793980K(2009472K), 0.0115663 secs] [Times: user=0.02 sys=0.00, real=0.01 secs] 
[GC (Allocation Failure) [DefNew: 560201K->69248K(623616K), 0.1883814 secs] 1348348K->901090K(2009472K), 0.1884854 secs] [Times: user=0.19 sys=0.00, real=0.19 secs] 
[GC (Allocation Failure) [DefNew: 623616K->5883K(623616K), 0.0542517 secs] 1455458K->902361K(2009472K), 0.0543954 secs] [Times: user=0.06 sys=0.00, real=0.05 secs] 
[GC (Allocation Failure) [DefNew: 560251K->69247K(623616K), 0.2224626 secs] 1456729K->1008009K(2009472K), 0.2225120 secs] [Times: user=0.22 sys=0.00, real=0.22 secs] 
[GC (Allocation Failure) [DefNew: 623615K->5906K(623616K), 0.0566454 secs] 1562377K->1009240K(2009472K), 0.0567840 secs] [Times: user=0.06 sys=0.00, real=0.06 secs] 
[GC (Allocation Failure) [DefNew: 560274K->69248K(623616K), 0.1756635 secs] 1563608K->1114521K(2009472K), 0.1757264 secs] [Times: user=0.17 sys=0.00, real=0.17 secs] 
[GC (Allocation Failure) [DefNew: 623616K->5900K(623616K), 0.0477673 secs] 1668889K->1115770K(2009472K), 0.0478154 secs] [Times: user=0.05 sys=0.00, real=0.05 secs] 
[GC (Allocation Failure) [DefNew: 560268K->69247K(623616K), 0.1762364 secs] 1670138K->1220742K(2009472K), 0.1762781 secs] [Times: user=0.19 sys=0.00, real=0.18 secs] 
[GC (Allocation Failure) [DefNew: 623615K->5920K(623616K), 0.0609965 secs] 1775110K->1222030K(2009472K), 0.0610415 secs] [Times: user=0.06 sys=0.00, real=0.06 secs] 
[GC (Allocation Failure) [DefNew: 560288K->69247K(623616K), 0.1643262 secs] 1776398K->1326790K(2009472K), 0.1644757 secs] [Times: user=0.17 sys=0.00, real=0.16 secs] 
[GC (Allocation Failure) [DefNew: 623615K->5840K(623616K), 0.0491819 secs] 1881158K->1327951K(2009472K), 0.0492243 secs] [Times: user=0.05 sys=0.00, real=0.05 secs] 
[GC (Allocation Failure) [DefNew: 560208K->560208K(623616K), 0.0000282 secs][Tenured: 1322110K->854560K(1385856K), 2.6048470 secs] 1882319K->854560K(2009472K), [Metaspace: 10562K->10562K(12288K)]
*** PauseDetector detected a 2607 ms pause at Mon Dec 22 00:45:16 EET 2014 ***

, 2.6049406 secs] [Times: user=2.59 sys=0.00, real=2.61 secs] 
[GC (Allocation Failure) [DefNew: 554368K->5886K(623616K), 0.0115997 secs] 1408928K->860446K(2009472K), 0.0116363 secs] [Times: user=0.02 sys=0.00, real=0.01 secs] 
[GC (Allocation Failure) [DefNew: 560254K->69248K(623616K), 0.1284672 secs] 1414814K->964850K(2009472K), 0.1285725 secs] [Times: user=0.13 sys=0.00, real=0.13 secs] 
[GC (Allocation Failure) [DefNew: 623616K->5887K(623616K), 0.0507512 secs] 1519218K->966054K(2009472K), 0.0507923 secs] [Times: user=0.05 sys=0.00, real=0.05 secs] 
[GC (Allocation Failure) [DefNew: 560255K->69247K(623616K), 0.1483137 secs] 1520422K->1069598K(2009472K), 0.1483529 secs] [Times: user=0.14 sys=0.00, real=0.15 secs] 
[GC (Allocation Failure) [DefNew: 623615K->5924K(623616K), 0.0504048 secs] 1623966K->1070805K(2009472K), 0.0504465 secs] [Times: user=0.05 sys=0.00, real=0.05 secs] 
[Full GC (System.gc()) [Tenured: 1064880K->843625K(1385856K), 2.7394515 secs] 1182466K->843625K(2009472K), [Metaspace: 10562K->10562K(12288K)], 2.7395170 secs] [Times: user=2.75 sys=0.00, real=2.74 secs] 
[Full GC (System.gc()) [Tenured: 843625K->843657K(1385856K), 2.2962483 secs] 854692K->843657K(2009472K), [Metaspace: 10562K->10562K(12288K)], 2.2963093 secs] [Times: user=2.29 sys=0.00, real=2.30 secs] 
[Full GC (System.gc()) [Tenured: 843657K->774376K(1385856K), 2.2464909 secs] 854725K->774376K(2009472K), [Metaspace: 10562K->10562K(12288K)], 2.2465358 secs] [Times: user=2.25 sys=0.00, real=2.25 secs] 

*** PauseDetector detected a 2742 ms pause at Mon Dec 22 00:45:27 EET 2014 ***

[Full GC (System.gc()) [Tenured: 774376K->775669K(1385856K), 2.3813341 secs] 785445K->775669K(2009472K), [Metaspace: 10562K->10562K(12288K)], 2.3813848 secs] [Times: user=2.36 sys=0.00, real=2.38 secs] 
[Full GC (System.gc()) [Tenured: 775669K->775686K(1385856K), 2.0394236 secs] 786737K->775686K(2009472K), [Metaspace: 10562K->10562K(12288K)], 2.0395384 secs] [Times: user=2.04 sys=0.00, real=2.04 secs] 
[Full GC (System.gc()) [Tenured: 775686K->775686K(1385856K), 2.0469659 secs] 775688K->775686K(2009472K), [Metaspace: 10562K->10562K(12288K)], 2.0470121 secs] [Times: user=2.04 sys=0.00, real=2.05 secs] 

*** PauseDetector detected a 6977 ms pause at Mon Dec 22 00:45:34 EET 2014 ***


*** PauseDetector detected a 4092 ms pause at Mon Dec 22 00:45:38 EET 2014 ***

[GC (Allocation Failure) [DefNew: 554368K->9654K(623616K), 0.0154408 secs] 1330054K->785341K(2009472K), 0.0154838 secs] [Times: user=0.02 sys=0.00, real=0.01 secs] 
[GC (Allocation Failure) [DefNew: 564022K->9691K(623616K), 0.0205388 secs] 1339709K->785378K(2009472K), 0.0205895 secs] [Times: user=0.02 sys=0.00, real=0.02 secs] 
[GC (Allocation Failure) [DefNew: 564059K->69248K(623616K), 0.1139695 secs] 1339746K->888598K(2009472K), 0.1140119 secs] [Times: user=0.11 sys=0.00, real=0.11 secs] 
[GC (Allocation Failure) [DefNew: 623616K->5954K(623616K), 0.0484999 secs] 1442966K->889800K(2009472K), 0.0486045 secs] [Times: user=0.05 sys=0.00, real=0.05 secs] 
[GC (Allocation Failure) [DefNew: 560322K->69248K(623616K), 0.1430875 secs] 1444168K->992902K(2009472K), 0.1431356 secs] [Times: user=0.14 sys=0.00, real=0.14 secs] 
[GC (Allocation Failure) [DefNew: 623616K->5849K(623616K), 0.0507422 secs] 1547270K->993998K(2009472K), 0.0507833 secs] [Times: user=0.06 sys=0.00, real=0.05 secs] 
[Full GC (System.gc()) [Tenured: 988149K->781377K(1385856K), 2.4770380 secs] 1328306K->781377K(2009472K), [Metaspace: 10562K->10562K(12288K)], 2.4770912 secs] [Times: user=2.48 sys=0.00, real=2.47 secs] 
[Full GC (System.gc()) [Tenured: 781377K->781377K(1385856K), 2.2421096 secs] 781377K->781377K(2009472K), [Metaspace: 10562K->10562K(12288K)], 2.2421481 secs] [Times: user=2.23 sys=0.00, real=2.25 secs] 
[Full GC (System.gc()) [Tenured: 781377K->781380K(1385856K), 2.3062787 secs] 792503K->781380K(2009472K), [Metaspace: 10562K->10562K(12288K)]
*** PauseDetector detected a 4720 ms pause at Mon Dec 22 00:45:53 EET 2014 ***

, 2.3063249 secs] [Times: user=2.31 sys=0.00, real=2.31 secs] 
********************************
********** ROUND   25 **********
********************************

*** PauseDetector detected a 2312 ms pause at Mon Dec 22 00:45:55 EET 2014 ***

[GC (Allocation Failure) [DefNew: 554368K->5886K(623616K), 0.0138420 secs] 1335748K->787266K(2009472K), 0.0138850 secs] [Times: user=0.02 sys=0.00, real=0.01 secs] 
[GC (Allocation Failure) [DefNew: 560254K->69247K(623616K), 0.1236721 secs] 1341634K->890170K(2009472K), 0.1237100 secs] [Times: user=0.13 sys=0.00, real=0.12 secs] 
[GC (Allocation Failure) [DefNew: 623615K->5889K(623616K), 0.0528184 secs] 1444538K->891367K(2009472K), 0.0528607 secs] [Times: user=0.05 sys=0.00, real=0.05 secs] 
[GC (Allocation Failure) [DefNew: 560257K->69247K(623616K), 0.1276807 secs] 1445735K->994176K(2009472K), 0.1277262 secs] [Times: user=0.13 sys=0.00, real=0.13 secs] 
[GC (Allocation Failure) [DefNew: 623615K->5893K(623616K), 0.0468453 secs] 1548544K->995375K(2009472K), 0.0468864 secs] [Times: user=0.05 sys=0.00, real=0.04 secs] 
[GC (Allocation Failure) [DefNew: 560261K->69247K(623616K), 0.1140677 secs] 1549743K->1098089K(2009472K), 0.1141075 secs] [Times: user=0.11 sys=0.00, real=0.11 secs] 
[GC (Allocation Failure) [DefNew: 623615K->5894K(623616K), 0.0480123 secs] 1652457K->1099296K(2009472K), 0.0480528 secs] [Times: user=0.05 sys=0.00, real=0.05 secs] 
[GC (Allocation Failure) [DefNew: 560262K->69247K(623616K), 0.1071977 secs] 1653664K->1201461K(2009472K), 0.1073414 secs] [Times: user=0.09 sys=0.00, real=0.10 secs] 
[GC (Allocation Failure) [DefNew: 623615K->5872K(623616K), 0.0466528 secs] 1755829K->1202630K(2009472K), 0.0466965 secs] [Times: user=0.05 sys=0.00, real=0.04 secs] 
[GC (Allocation Failure) [DefNew: 560240K->69248K(623616K), 0.1071265 secs] 1756998K->1304745K(2009472K), 0.1072721 secs] [Times: user=0.11 sys=0.00, real=0.10 secs] 
[GC (Allocation Failure) [DefNew: 623616K->5894K(623616K), 0.0523051 secs] 1859113K->1305937K(2009472K), 0.0523468 secs] [Times: user=0.05 sys=0.00, real=0.05 secs] 
[GC (Allocation Failure) [DefNew: 560262K->69247K(623616K), 0.1109464 secs] 1860305K->1407969K(2009472K), 0.1109862 secs] [Times: user=0.09 sys=0.00, real=0.10 secs] 
[GC (Allocation Failure) [DefNew: 623615K->623615K(623616K), 0.0000141 secs][Tenured: 1338721K->853141K(1385856K), 2.2039852 secs] 1962337K->853141K(2009472K), [Metaspace: 10562K->10562K(12288K)], 2.2040770 secs] [Times: user=2.20 sys=0.00, real=2.20 secs] 

*** PauseDetector detected a 2202 ms pause at Mon Dec 22 00:46:17 EET 2014 ***

[GC (Allocation Failure) [DefNew: 554368K->69248K(623616K), 0.1207382 secs] 1407509K->961005K(2009472K), 0.1207876 secs] [Times: user=0.13 sys=0.00, real=0.12 secs] 
[GC (Allocation Failure) [DefNew: 623616K->5898K(623616K), 0.0409293 secs] 1515373K->962186K(2009472K), 0.0409723 secs] [Times: user=0.05 sys=0.00, real=0.04 secs] 
[GC (Allocation Failure) [DefNew: 560266K->69248K(623616K), 0.3065334 secs] 1516554K->1088818K(2009472K), 0.3066765 secs] [Times: user=0.30 sys=0.00, real=0.30 secs] 
[GC (Allocation Failure) [DefNew: 623616K->5888K(623616K), 0.0967567 secs] 1643186K->1090459K(2009472K), 0.0968594 secs] [Times: user=0.11 sys=0.00, real=0.10 secs] 
[GC (Allocation Failure) [DefNew: 560256K->69247K(623616K), 0.5115702 secs] 1644827K->1209516K(2009472K), 0.5116100 secs] [Times: user=0.51 sys=0.00, real=0.51 secs] 

*** PauseDetector detected a 510 ms pause at Mon Dec 22 00:46:26 EET 2014 ***

[GC (Allocation Failure) [DefNew: 623615K->5896K(623616K), 0.0912096 secs] 1763884K->1211023K(2009472K), 0.0912494 secs] [Times: user=0.09 sys=0.00, real=0.09 secs] 
[GC (Allocation Failure) [DefNew: 560264K->69247K(623616K), 0.3813534 secs] 1765391K->1327529K(2009472K), 0.3813931 secs] [Times: user=0.39 sys=0.00, real=0.38 secs] 

*** PauseDetector detected a 380 ms pause at Mon Dec 22 00:46:30 EET 2014 ***

[GC (Allocation Failure) [DefNew: 623615K->5896K(623616K), 0.0858852 secs] 1881897K->1329007K(2009472K), 0.0859275 secs] [Times: user=0.09 sys=0.00, real=0.09 secs] 
[GC (Allocation Failure) [DefNew: 560264K->560264K(623616K), 0.0000205 secs][Tenured: 1323111K->793025K(1385856K), 2.3951036 secs] 1883375K->793025K(2009472K), [Metaspace: 10562K->10562K(12288K)], 2.3951864 secs] [Times: user=2.39 sys=0.00, real=2.39 secs] 

*** PauseDetector detected a 2394 ms pause at Mon Dec 22 00:46:35 EET 2014 ***

[GC (Allocation Failure) [DefNew: 554368K->5866K(623616K), 0.0110011 secs] 1347393K->798892K(2009472K), 0.0111095 secs] [Times: user=0.02 sys=0.00, real=0.01 secs] 
[GC (Allocation Failure) [DefNew: 560234K->69247K(623616K), 0.3283797 secs] 1353260K->910147K(2009472K), 0.3284683 secs] [Times: user=0.33 sys=0.00, real=0.33 secs] 
[GC (Allocation Failure) [DefNew: 623615K->5899K(623616K), 0.0688995 secs] 1464515K->911534K(2009472K), 0.0690053 secs] [Times: user=0.08 sys=0.00, real=0.07 secs] 
[GC (Allocation Failure) [DefNew: 560267K->69247K(623616K), 0.2464858 secs] 1465902K->1020292K(2009472K), 0.2465294 secs] [Times: user=0.23 sys=0.00, real=0.24 secs] 
[GC (Allocation Failure) [DefNew: 623615K->5900K(623616K), 0.0593118 secs] 1574660K->1021606K(2009472K), 0.0593541 secs] [Times: user=0.06 sys=0.00, real=0.06 secs] 
[GC (Allocation Failure) [DefNew: 560268K->69248K(623616K), 0.2501954 secs] 1575974K->1129687K(2009472K), 0.2502390 secs] [Times: user=0.23 sys=0.00, real=0.24 secs] 
[GC (Allocation Failure) [DefNew: 623616K->5849K(623616K), 0.0629213 secs] 1684055K->1130928K(2009472K), 0.0629861 secs] [Times: user=0.05 sys=0.00, real=0.06 secs] 
[GC (Allocation Failure) [DefNew: 560217K->69248K(623616K), 0.2127812 secs] 1685296K->1238503K(2009472K), 0.2128248 secs] [Times: user=0.22 sys=0.00, real=0.21 secs] 
[GC (Allocation Failure) [DefNew: 623616K->5895K(623616K), 0.0616099 secs] 1792871K->1239787K(2009472K), 0.0616542 secs] [Times: user=0.05 sys=0.00, real=0.06 secs] 
[GC (Allocation Failure) [DefNew: 560263K->69248K(623616K), 0.2398076 secs] 1794155K->1346849K(2009472K), 0.2398506 secs] [Times: user=0.23 sys=0.00, real=0.23 secs] 
[GC (Allocation Failure) [DefNew: 623616K->5905K(623616K), 0.0597564 secs] 1901217K->1348129K(2009472K), 0.0597974 secs] [Times: user=0.06 sys=0.00, real=0.06 secs] 
[GC (Allocation Failure) [DefNew: 560273K->560273K(623616K), 0.0000269 secs][Tenured: 1342223K->855569K(1385856K), 2.8923962 secs] 1902497K->855569K(2009472K), [Metaspace: 10562K->10562K(12288K)], 2.8924911 secs] [Times: user=2.87 sys=0.00, real=2.89 secs] 

*** PauseDetector detected a 2895 ms pause at Mon Dec 22 00:46:58 EET 2014 ***

[GC (Allocation Failure) [DefNew: 554368K->5907K(623616K), 0.0121919 secs] 1409937K->861477K(2009472K), 0.0122336 secs] [Times: user=0.02 sys=0.00, real=0.01 secs] 
[GC (Allocation Failure) [DefNew: 560275K->69247K(623616K), 0.1688981 secs] 1415845K->966748K(2009472K), 0.1689417 secs] [Times: user=0.17 sys=0.00, real=0.17 secs] 
[GC (Allocation Failure) [DefNew: 623615K->5908K(623616K), 0.0556881 secs] 1521116K->968012K(2009472K), 0.0557311 secs] [Times: user=0.05 sys=0.00, real=0.06 secs] 
[GC (Allocation Failure) [DefNew: 560276K->69248K(623616K), 0.1958417 secs] 1522380K->1072994K(2009472K), 0.1958885 secs] [Times: user=0.19 sys=0.00, real=0.20 secs] 
[GC (Allocation Failure) [DefNew: 623616K->5906K(623616K), 0.0573883 secs] 1627362K->1074250K(2009472K), 0.0574275 secs] [Times: user=0.06 sys=0.00, real=0.06 secs] 
[GC (Allocation Failure) [DefNew: 560274K->69247K(623616K), 0.1744477 secs] 1628618K->1179020K(2009472K), 0.1744894 secs] [Times: user=0.17 sys=0.00, real=0.17 secs] 
[GC (Allocation Failure) [DefNew: 623615K->5910K(623616K), 0.0505337 secs] 1733388K->1180255K(2009472K), 0.0505754 secs] [Times: user=0.05 sys=0.00, real=0.05 secs] 
[GC (Allocation Failure) [DefNew: 560278K->69248K(623616K), 0.1841740 secs] 1734623K->1284814K(2009472K), 0.1842170 secs] [Times: user=0.17 sys=0.00, real=0.18 secs] 
[GC (Allocation Failure) [DefNew: 623616K->5912K(623616K), 0.0487681 secs] 1839182K->1286049K(2009472K), 0.0488137 secs] [Times: user=0.05 sys=0.00, real=0.05 secs] 
[GC (Allocation Failure) [DefNew: 560280K->69248K(623616K), 0.1495462 secs] 1840417K->1390421K(2009472K), 0.1495905 secs] [Times: user=0.16 sys=0.00, real=0.15 secs] 
[GC (Allocation Failure) [DefNew: 623616K->623616K(623616K), 0.0000199 secs][Tenured: 1321173K->855558K(1385856K), 2.6749154 secs] 1944789K->855558K(2009472K), [Metaspace: 10562K->10562K(12288K)], 2.6749905 secs] [Times: user=2.67 sys=0.00, real=2.68 secs] 

*** PauseDetector detected a 2679 ms pause at Mon Dec 22 00:47:18 EET 2014 ***

[GC (Allocation Failure) [DefNew: 554368K->69248K(623616K), 0.1461779 secs] 1409926K->964973K(2009472K), 0.1462196 secs] [Times: user=0.16 sys=0.00, real=0.15 secs] 
[GC (Allocation Failure) [DefNew: 623616K->5912K(623616K), 0.0469460 secs] 1519341K->966183K(2009472K), 0.0469903 secs] [Times: user=0.05 sys=0.00, real=0.05 secs] 
[GC (Allocation Failure) [DefNew: 560280K->69248K(623616K), 0.1416651 secs] 1520551K->1069520K(2009472K), 0.1417081 secs] [Times: user=0.14 sys=0.00, real=0.14 secs] 
[GC (Allocation Failure) [DefNew: 623616K->5918K(623616K), 0.0526612 secs] 1623888K->1070747K(2009472K), 0.0527087 secs] [Times: user=0.05 sys=0.00, real=0.05 secs] 
[GC (Allocation Failure) [DefNew: 560286K->69247K(623616K), 0.1357543 secs] 1625115K->1173957K(2009472K), 0.1357972 secs] [Times: user=0.14 sys=0.00, real=0.14 secs] 
[GC (Allocation Failure) [DefNew: 623615K->5912K(623616K), 0.0533464 secs] 1728325K->1175163K(2009472K), 0.0533907 secs] [Times: user=0.06 sys=0.00, real=0.05 secs] 
[GC (Allocation Failure) [DefNew: 560280K->69247K(623616K), 0.1327164 secs] 1729531K->1278264K(2009472K), 0.1329211 secs] [Times: user=0.14 sys=0.00, real=0.13 secs] 
[GC (Allocation Failure) [DefNew: 623615K->5918K(623616K), 0.0551159 secs] 1832632K->1279471K(2009472K), 0.0551550 secs] [Times: user=0.05 sys=0.00, real=0.05 secs] 
[GC (Allocation Failure) [DefNew: 560286K->69247K(623616K), 0.1312344 secs] 1833839K->1382458K(2009472K), 0.1313486 secs] [Times: user=0.14 sys=0.00, real=0.13 secs] 
[GC (Allocation Failure) [DefNew: 623615K->623615K(623616K), 0.0000205 secs][Tenured: 1313210K->854162K(1385856K), 2.5246545 secs] 1936826K->854162K(2009472K), [Metaspace: 10562K->10562K(12288K)], 2.5247558 secs] [Times: user=2.53 sys=0.00, real=2.53 secs] 

*** PauseDetector detected a 2526 ms pause at Mon Dec 22 00:47:36 EET 2014 ***

[GC (Allocation Failure) [DefNew: 554368K->69247K(623616K), 0.1279084 secs] 1408530K->962931K(2009472K), 0.1280117 secs] [Times: user=0.14 sys=0.00, real=0.13 secs] 
[GC (Allocation Failure) [DefNew: 623615K->5914K(623616K), 0.0452632 secs] 1517299K->964171K(2009472K), 0.0453030 secs] [Times: user=0.05 sys=0.00, real=0.05 secs] 
[GC (Allocation Failure) [DefNew: 560282K->69248K(623616K), 0.1098654 secs] 1518539K->1066953K(2009472K), 0.1099039 secs] [Times: user=0.11 sys=0.00, real=0.11 secs] 
[GC (Allocation Failure) [DefNew: 623616K->5915K(623616K), 0.0482183 secs] 1621321K->1068175K(2009472K), 0.0482606 secs] [Times: user=0.06 sys=0.00, real=0.05 secs] 
[GC (Allocation Failure) [DefNew: 560283K->69248K(623616K), 0.1155459 secs] 1622543K->1170901K(2009472K), 0.1155844 secs] [Times: user=0.12 sys=0.00, real=0.12 secs] 
[GC (Allocation Failure) [DefNew: 623616K->5915K(623616K), 0.0450232 secs] 1725269K->1172096K(2009472K), 0.0450681 secs] [Times: user=0.05 sys=0.00, real=0.05 secs] 
[GC (Allocation Failure) [DefNew: 560283K->69247K(623616K), 0.1159231 secs] 1726464K->1274268K(2009472K), 0.1159597 secs] [Times: user=0.11 sys=0.00, real=0.12 secs] 
[GC (Allocation Failure) [DefNew: 623615K->5917K(623616K), 0.0438408 secs] 1828636K->1275454K(2009472K), 0.0438851 secs] [Times: user=0.05 sys=0.00, real=0.04 secs] 
[GC (Allocation Failure) [DefNew: 560285K->69248K(623616K), 0.1133472 secs] 1829822K->1377506K(2009472K), 0.1133915 secs] [Times: user=0.12 sys=0.00, real=0.11 secs] 
[GC (Allocation Failure) [DefNew: 623616K->623616K(623616K), 0.0000192 secs][Tenured: 1308258K->783982K(1385856K), 2.3656938 secs] 1931874K->783982K(2009472K), [Metaspace: 10562K->10562K(12288K)], 2.3657759 secs] [Times: user=2.36 sys=0.00, real=2.37 secs] 

*** PauseDetector detected a 2367 ms pause at Mon Dec 22 00:47:54 EET 2014 ***

[GC (Allocation Failure) [DefNew: 554368K->69247K(623616K), 0.1084340 secs] 1338350K->891892K(2009472K), 0.1084757 secs] [Times: user=0.11 sys=0.00, real=0.11 secs] 
[GC (Allocation Failure) [DefNew: 623615K->5898K(623616K), 0.0414843 secs] 1446260K->893092K(2009472K), 0.0415388 secs] [Times: user=0.05 sys=0.00, real=0.04 secs] 
[GC (Allocation Failure) [DefNew: 560266K->69248K(623616K), 0.1043465 secs] 1447460K->995054K(2009472K), 0.1043915 secs] [Times: user=0.11 sys=0.00, real=0.11 secs] 
[GC (Allocation Failure) [DefNew: 623616K->5891K(623616K), 0.0446332 secs] 1549422K->996233K(2009472K), 0.0446684 secs] [Times: user=0.05 sys=0.00, real=0.04 secs] 
[GC (Allocation Failure) [DefNew: 560259K->69247K(623616K), 0.3643606 secs] 1550601K->1122854K(2009472K), 0.3644113 secs] [Times: user=0.37 sys=0.00, real=0.36 secs] 

*** PauseDetector detected a 373 ms pause at Mon Dec 22 00:48:02 EET 2014 ***

[GC (Allocation Failure) [DefNew: 623615K->5870K(623616K), 0.0927629 secs] 1677222K->1124470K(2009472K), 0.0928040 secs] [Times: user=0.09 sys=0.00, real=0.09 secs] 
[GC (Allocation Failure) [DefNew: 560238K->69248K(623616K), 0.4648185 secs] 1678838K->1243593K(2009472K), 0.4648570 secs] [Times: user=0.47 sys=0.00, real=0.47 secs] 

*** PauseDetector detected a 468 ms pause at Mon Dec 22 00:48:06 EET 2014 ***

[GC (Allocation Failure) [DefNew: 623616K->5903K(623616K), 0.0882481 secs] 1797961K->1245083K(2009472K), 0.0882892 secs] [Times: user=0.09 sys=0.00, real=0.09 secs] 
[GC (Allocation Failure) [DefNew: 560271K->69248K(623616K), 0.4188054 secs] 1799451K->1361614K(2009472K), 0.4189465 secs] [Times: user=0.42 sys=0.00, real=0.42 secs] 

*** PauseDetector detected a 421 ms pause at Mon Dec 22 00:48:10 EET 2014 ***

[GC (Allocation Failure) [DefNew: 623616K->5920K(623616K), 0.0753197 secs] 1915982K->1363084K(2009472K), 0.0753614 secs] [Times: user=0.06 sys=0.00, real=0.08 secs] 
[GC (Allocation Failure) [DefNew: 560288K->560288K(623616K), 0.0000180 secs][Tenured: 1357164K->862312K(1385856K), 2.7697859 secs] 1917452K->862312K(2009472K), [Metaspace: 10562K->10562K(12288K)], 2.7698590 secs] [Times: user=2.78 sys=0.00, real=2.77 secs] 

*** PauseDetector detected a 2775 ms pause at Mon Dec 22 00:48:16 EET 2014 ***

[GC (Allocation Failure) [DefNew: 554368K->5863K(623616K), 0.0118172 secs] 1416680K->868175K(2009472K), 0.0118608 secs] [Times: user=0.02 sys=0.00, real=0.01 secs] 
[GC (Allocation Failure) [DefNew: 560231K->69247K(623616K), 0.2714764 secs] 1422543K->979478K(2009472K), 0.2715149 secs] [Times: user=0.28 sys=0.00, real=0.27 secs] 
[GC (Allocation Failure) [DefNew: 623615K->5905K(623616K), 0.0707447 secs] 1533846K->980827K(2009472K), 0.0707966 secs] [Times: user=0.08 sys=0.00, real=0.07 secs] 
[GC (Allocation Failure) [DefNew: 560273K->69248K(623616K), 0.2587925 secs] 1535195K->1089567K(2009472K), 0.2588329 secs] [Times: user=0.25 sys=0.00, real=0.26 secs] 
[GC (Allocation Failure) [DefNew: 623616K->5920K(623616K), 0.0594337 secs] 1643935K->1090913K(2009472K), 0.0594722 secs] [Times: user=0.06 sys=0.00, real=0.06 secs] 
[GC (Allocation Failure) [DefNew: 560288K->69247K(623616K), 0.2502974 secs] 1645281K->1198990K(2009472K), 0.2503397 secs] [Times: user=0.25 sys=0.00, real=0.25 secs] 
[GC (Allocation Failure) [DefNew: 623615K->5917K(623616K), 0.0675047 secs] 1753358K->1200284K(2009472K), 0.0675560 secs] [Times: user=0.06 sys=0.00, real=0.07 secs] 
[GC (Allocation Failure) [DefNew: 560285K->69247K(623616K), 0.2159750 secs] 1754652K->1307739K(2009472K), 0.2160340 secs] [Times: user=0.22 sys=0.00, real=0.22 secs] 
[GC (Allocation Failure) [DefNew: 623615K->5921K(623616K), 0.0601856 secs] 1862107K->1309099K(2009472K), 0.0602254 secs] [Times: user=0.06 sys=0.00, real=0.06 secs] 
[GC (Allocation Failure) [DefNew: 560289K->69247K(623616K), 0.2247498 secs] 1863467K->1416097K(2009472K), 0.2247909 secs] [Times: user=0.22 sys=0.00, real=0.22 secs] 
[GC (Allocation Failure) [DefNew: 623615K->623615K(623616K), 0.0000186 secs][Tenured: 1346849K->858197K(1385856K), 2.6864189 secs] 1970465K->858197K(2009472K), [Metaspace: 10562K->10562K(12288K)], 2.6864991 secs] [Times: user=2.68 sys=0.00, real=2.69 secs] 

*** PauseDetector detected a 2690 ms pause at Mon Dec 22 00:48:36 EET 2014 ***

[GC (Allocation Failure) [DefNew: 554368K->69247K(623616K), 0.1785166 secs] 1412565K->969728K(2009472K), 0.1785564 secs] [Times: user=0.17 sys=0.00, real=0.18 secs] 
[GC (Allocation Failure) [DefNew: 623615K->5920K(623616K), 0.0597545 secs] 1524096K->970973K(2009472K), 0.0597949 secs] [Times: user=0.06 sys=0.00, real=0.06 secs] 
[Full GC (System.gc()) [Tenured: 965053K->851258K(1385856K), 2.4063100 secs] 1519265K->851258K(2009472K), [Metaspace: 10562K->10562K(12288K)], 2.4064416 secs] [Times: user=2.40 sys=0.00, real=2.41 secs] 
[Full GC (System.gc()) [Tenured: 851258K->785857K(1385856K), 2.2751167 secs] 851258K->785857K(2009472K), [Metaspace: 10562K->10562K(12288K)], 2.2751636 secs] [Times: user=2.26 sys=0.00, real=2.28 secs] 
[Full GC (System.gc()) [Tenured: 785857K->785857K(1385856K), 2.4095044 secs] 785857K->785857K(2009472K), [Metaspace: 10562K->10562K(12288K)]
*** PauseDetector detected a 7097 ms pause at Mon Dec 22 00:48:48 EET 2014 ***

, 2.4095474 secs] [Times: user=2.37 sys=0.00, real=2.41 secs] 
[Full GC (System.gc()) [Tenured: 785857K->786029K(1385856K), 2.1208658 secs] 796947K->786029K(2009472K), [Metaspace: 10562K->10562K(12288K)], 2.1209185 secs] [Times: user=2.12 sys=0.00, real=2.12 secs] 
[Full GC (System.gc()) [Tenured: 786029K->786029K(1385856K), 2.1633516 secs] 786029K->786029K(2009472K), [Metaspace: 10562K->10562K(12288K)], 2.1633953 secs] [Times: user=2.17 sys=0.00, real=2.16 secs] 
[Full GC (System.gc()) [Tenured: 786029K->781440K(1385856K), 2.3683666 secs] 797119K->781440K(2009472K), [Metaspace: 10562K->10562K(12288K)], 2.3684044 secs]
*** PauseDetector detected a 4286 ms pause at Mon Dec 22 00:48:52 EET 2014 ***

 [Times: user=2.36 sys=0.00, real=2.37 secs] 

*** PauseDetector detected a 2374 ms pause at Mon Dec 22 00:48:55 EET 2014 ***

[GC (Allocation Failure) [DefNew: 554368K->69248K(623616K), 0.1514203 secs] 1335808K->892398K(2009472K), 0.1514607 secs] [Times: user=0.14 sys=0.00, real=0.15 secs] 
[GC (Allocation Failure) [DefNew: 623616K->5953K(623616K), 0.0533644 secs] 1446766K->893633K(2009472K), 0.0534721 secs] [Times: user=0.05 sys=0.00, real=0.05 secs] 
[GC (Allocation Failure) [DefNew: 560321K->69247K(623616K), 0.1638322 secs] 1448001K->998401K(2009472K), 0.1638720 secs] [Times: user=0.16 sys=0.00, real=0.16 secs] 
[GC (Allocation Failure) [DefNew: 623615K->5954K(623616K), 0.0512253 secs] 1552769K->999636K(2009472K), 0.0512728 secs] [Times: user=0.05 sys=0.00, real=0.05 secs] 
[GC (Allocation Failure) [DefNew: 560322K->69247K(623616K), 0.1514401 secs] 1554004K->1104196K(2009472K), 0.1514889 secs] [Times: user=0.16 sys=0.00, real=0.15 secs] 
[GC (Allocation Failure) [DefNew: 623615K->5954K(623616K), 0.0574871 secs] 1658564K->1105428K(2009472K), 0.0576219 secs] [Times: user=0.06 sys=0.00, real=0.06 secs] 
[Full GC (System.gc()) [Tenured: 1099473K->824247K(1385856K), 2.3656309 secs] 1194136K->824247K(2009472K), [Metaspace: 10562K->10562K(12288K)], 2.3656867 secs] [Times: user=2.34 sys=0.00, real=2.37 secs] 
[Full GC (System.gc()) [Tenured: 824247K->824248K(1385856K), 2.2366196 secs] 824249K->824248K(2009472K), [Metaspace: 10562K->10562K(12288K)], 2.2366632 secs] [Times: user=2.25 sys=0.00, real=2.24 secs] 
[Full GC (System.gc()) [Tenured: 824248K->824318K(1385856K), 2.2886501 secs] 835336K->824318K(2009472K), [Metaspace: 10562K->10562K(12288K)], 2.2888022 secs] [Times: user=2.26 sys=0.00, real=2.29 secs] 

*** PauseDetector detected a 2367 ms pause at Mon Dec 22 00:49:07 EET 2014 ***

********************************
********** ROUND   26 **********
********************************

*** PauseDetector detected a 4537 ms pause at Mon Dec 22 00:49:12 EET 2014 ***

[GC (Allocation Failure) [DefNew: 554368K->32483K(623616K), 0.0374462 secs] 1378686K->856802K(2009472K), 0.0374956 secs] [Times: user=0.05 sys=0.00, real=0.04 secs] 
[GC (Allocation Failure) [DefNew: 586851K->32732K(623616K), 0.0254186 secs] 1411170K->857050K(2009472K), 0.0255168 secs] [Times: user=0.03 sys=0.00, real=0.02 secs] 
[GC (Allocation Failure) [DefNew: 587100K->69247K(623616K), 0.1513215 secs] 1411418K->960577K(2009472K), 0.1513638 secs] [Times: user=0.14 sys=0.00, real=0.15 secs] 
[GC (Allocation Failure) [DefNew: 623615K->5891K(623616K), 0.0719322 secs] 1514945K->961808K(2009472K), 0.0719739 secs] [Times: user=0.08 sys=0.00, real=0.07 secs] 
[GC (Allocation Failure) [DefNew: 560259K->69247K(623616K), 0.1416041 secs] 1516176K->1065132K(2009472K), 0.1416478 secs] [Times: user=0.14 sys=0.00, real=0.14 secs] 
[GC (Allocation Failure) [DefNew: 623615K->5884K(623616K), 0.0512472 secs] 1619500K->1066359K(2009472K), 0.0512863 secs] [Times: user=0.05 sys=0.00, real=0.05 secs] 
[GC (Allocation Failure) [DefNew: 560252K->69248K(623616K), 0.1275254 secs] 1620727K->1169578K(2009472K), 0.1276402 secs] [Times: user=0.14 sys=0.00, real=0.13 secs] 
[GC (Allocation Failure) [DefNew: 623616K->5867K(623616K), 0.0447653 secs] 1723946K->1170763K(2009472K), 0.0448077 secs] [Times: user=0.05 sys=0.00, real=0.04 secs] 
[GC (Allocation Failure) [DefNew: 560235K->69248K(623616K), 0.1350248 secs] 1725131K->1273887K(2009472K), 0.1350678 secs] [Times: user=0.14 sys=0.00, real=0.13 secs] 
[GC (Allocation Failure) [DefNew: 623616K->5901K(623616K), 0.0519529 secs] 1828255K->1275100K(2009472K), 0.0519965 secs] [Times: user=0.05 sys=0.00, real=0.05 secs] 
[GC (Allocation Failure) [DefNew: 560269K->69247K(623616K), 0.1265502 secs] 1829468K->1378045K(2009472K), 0.1265932 secs] [Times: user=0.13 sys=0.00, real=0.13 secs] 
[GC (Allocation Failure) [DefNew: 623615K->623615K(623616K), 0.0001084 secs][Tenured: 1308797K->784863K(1385856K), 2.4669101 secs] 1932413K->784863K(2009472K), [Metaspace: 10562K->10562K(12288K)], 2.4670814 secs] [Times: user=2.45 sys=0.00, real=2.47 secs] 

*** PauseDetector detected a 2468 ms pause at Mon Dec 22 00:49:32 EET 2014 ***

[GC (Allocation Failure) [DefNew: 554368K->69247K(623616K), 0.1125106 secs] 1339231K->893657K(2009472K), 0.1125504 secs] [Times: user=0.11 sys=0.00, real=0.11 secs] 
[GC (Allocation Failure) [DefNew: 623615K->5894K(623616K), 0.0537756 secs] 1448025K->894854K(2009472K), 0.0538160 secs] [Times: user=0.05 sys=0.00, real=0.05 secs] 
[GC (Allocation Failure) [DefNew: 560262K->69247K(623616K), 0.1098949 secs] 1449222K->997658K(2009472K), 0.1099334 secs] [Times: user=0.11 sys=0.00, real=0.11 secs] 
[GC (Allocation Failure) [DefNew: 623615K->5897K(623616K), 0.0491941 secs] 1552026K->998860K(2009472K), 0.0492461 secs] [Times: user=0.05 sys=0.00, real=0.05 secs] 
[GC (Allocation Failure) [DefNew: 560265K->69247K(623616K), 0.1097146 secs] 1553228K->1101545K(2009472K), 0.1097550 secs] [Times: user=0.11 sys=0.00, real=0.11 secs] 
[GC (Allocation Failure) [DefNew: 623615K->5899K(623616K), 0.0476941 secs] 1655913K->1102782K(2009472K), 0.0477358 secs] [Times: user=0.05 sys=0.00, real=0.05 secs] 
[GC (Allocation Failure) [DefNew: 560267K->69247K(623616K), 0.1051023 secs] 1657150K->1204952K(2009472K), 0.1051524 secs] [Times: user=0.09 sys=0.00, real=0.11 secs] 
[GC (Allocation Failure) [DefNew: 623615K->5879K(623616K), 0.0482208 secs] 1759320K->1206118K(2009472K), 0.0482658 secs] [Times: user=0.05 sys=0.00, real=0.05 secs] 
[GC (Allocation Failure) [DefNew: 560247K->69248K(623616K), 0.1355239 secs] 1760486K->1308194K(2009472K), 0.1355727 secs] [Times: user=0.14 sys=0.00, real=0.14 secs] 
[GC (Allocation Failure) [DefNew: 623616K->5903K(623616K), 0.0468941 secs] 1862562K->1309426K(2009472K), 0.0469377 secs] [Times: user=0.05 sys=0.00, real=0.05 secs] 
[GC (Allocation Failure) [DefNew: 560271K->560271K(623616K), 0.0000186 secs][Tenured: 1303523K->852056K(1385856K), 2.3716983 secs] 1863794K->852056K(2009472K), [Metaspace: 10562K->10562K(12288K)], 2.3717785 secs] [Times: user=2.37 sys=0.00, real=2.37 secs] 

*** PauseDetector detected a 2374 ms pause at Mon Dec 22 00:49:52 EET 2014 ***

[GC (Allocation Failure) [DefNew: 554368K->5882K(623616K), 0.0110139 secs] 1406424K->857939K(2009472K), 0.0111089 secs] [Times: user=0.02 sys=0.00, real=0.01 secs] 
[GC (Allocation Failure) [DefNew: 560250K->69248K(623616K), 0.1038820 secs] 1412307K->959923K(2009472K), 0.1039225 secs] [Times: user=0.09 sys=0.00, real=0.10 secs] 
[GC (Allocation Failure) [DefNew: 623616K->5901K(623616K), 0.0459092 secs] 1514291K->961106K(2009472K), 0.0459529 secs] [Times: user=0.05 sys=0.00, real=0.05 secs] 
[GC (Allocation Failure) [DefNew: 560269K->69248K(623616K), 0.3527519 secs] 1515474K->1087720K(2009472K), 0.3527923 secs] [Times: user=0.33 sys=0.00, real=0.35 secs] 

*** PauseDetector detected a 356 ms pause at Mon Dec 22 00:49:58 EET 2014 ***

[GC (Allocation Failure) [DefNew: 623616K->5871K(623616K), 0.1113917 secs] 1642088K->1089334K(2009472K), 0.1114353 secs] [Times: user=0.11 sys=0.00, real=0.11 secs] 
[GC (Allocation Failure) [DefNew: 560239K->69247K(623616K), 0.4834634 secs] 1643702K->1208437K(2009472K), 0.4835019 secs] [Times: user=0.48 sys=0.00, real=0.48 secs] 

*** PauseDetector detected a 487 ms pause at Mon Dec 22 00:50:02 EET 2014 ***

[GC (Allocation Failure) [DefNew: 623615K->5908K(623616K), 0.0931729 secs] 1762805K->1209951K(2009472K), 0.0932216 secs] [Times: user=0.09 sys=0.00, real=0.09 secs] 
[GC (Allocation Failure) [DefNew: 560276K->69247K(623616K), 0.4314438 secs] 1764319K->1326431K(2009472K), 0.4314887 secs] [Times: user=0.44 sys=0.00, real=0.43 secs] 

*** PauseDetector detected a 435 ms pause at Mon Dec 22 00:50:06 EET 2014 ***

[GC (Allocation Failure) [DefNew: 623615K->5903K(623616K), 0.0827845 secs] 1880799K->1327929K(2009472K), 0.0829314 secs] [Times: user=0.08 sys=0.00, real=0.08 secs] 
[GC (Allocation Failure) [DefNew: 560271K->560271K(623616K), 0.0000199 secs][Tenured: 1322026K->862274K(1385856K), 2.7933895 secs] 1882297K->862274K(2009472K), [Metaspace: 10562K->10562K(12288K)], 2.7934735 secs] [Times: user=2.78 sys=0.00, real=2.79 secs] 

*** PauseDetector detected a 2795 ms pause at Mon Dec 22 00:50:12 EET 2014 ***

[GC (Allocation Failure) [DefNew: 554368K->5906K(623616K), 0.0109190 secs] 1416642K->868181K(2009472K), 0.0110704 secs] [Times: user=0.02 sys=0.00, real=0.01 secs] 
[GC (Allocation Failure) [DefNew: 560274K->69247K(623616K), 0.2836779 secs] 1422549K->979383K(2009472K), 0.2837414 secs] [Times: user=0.28 sys=0.00, real=0.28 secs] 
[GC (Allocation Failure) [DefNew: 623615K->5850K(623616K), 0.0624555 secs] 1533751K->980734K(2009472K), 0.0624966 secs] [Times: user=0.06 sys=0.00, real=0.06 secs] 
[GC (Allocation Failure) [DefNew: 560218K->69248K(623616K), 0.2967969 secs] 1535102K->1089562K(2009472K), 0.2968392 secs] [Times: user=0.30 sys=0.00, real=0.30 secs] 
[GC (Allocation Failure) [DefNew: 623616K->5863K(623616K), 0.0672680 secs] 1643930K->1090818K(2009472K), 0.0673090 secs] [Times: user=0.08 sys=0.00, real=0.07 secs] 
[GC (Allocation Failure) [DefNew: 560231K->69247K(623616K), 0.2385296 secs] 1645186K->1198915K(2009472K), 0.2385706 secs] [Times: user=0.25 sys=0.00, real=0.24 secs] 
[GC (Allocation Failure) [DefNew: 623615K->5858K(623616K), 0.0585136 secs] 1753283K->1200187K(2009472K), 0.0586092 secs] [Times: user=0.06 sys=0.00, real=0.06 secs] 
[GC (Allocation Failure) [DefNew: 560226K->69247K(623616K), 0.2108693 secs] 1754555K->1307764K(2009472K), 0.2109104 secs] [Times: user=0.22 sys=0.00, real=0.21 secs] 
[GC (Allocation Failure) [DefNew: 623615K->5887K(623616K), 0.0535203 secs] 1862132K->1309027K(2009472K), 0.0536274 secs] [Times: user=0.05 sys=0.00, real=0.05 secs] 
[GC (Allocation Failure) [DefNew: 560255K->560255K(623616K), 0.0000212 secs][Tenured: 1303140K->856971K(1385856K), 2.7353333 secs] 1863395K->856971K(2009472K), [Metaspace: 10562K->10562K(12288K)], 2.7354192 secs] [Times: user=2.75 sys=0.00, real=2.74 secs] 

*** PauseDetector detected a 2740 ms pause at Mon Dec 22 00:50:31 EET 2014 ***

[GC (Allocation Failure) [DefNew: 554368K->5868K(623616K), 0.0113450 secs] 1411339K->862840K(2009472K), 0.0113905 secs] [Times: user=0.02 sys=0.00, real=0.01 secs] 
[GC (Allocation Failure) [DefNew: 560236K->69248K(623616K), 0.1686633 secs] 1417208K->968475K(2009472K), 0.1687050 secs] [Times: user=0.17 sys=0.00, real=0.17 secs] 
[GC (Allocation Failure) [DefNew: 623616K->5910K(623616K), 0.0595004 secs] 1522843K->969738K(2009472K), 0.0595408 secs] [Times: user=0.06 sys=0.00, real=0.06 secs] 
[GC (Allocation Failure) [DefNew: 560278K->69247K(623616K), 0.1887260 secs] 1524106K->1075031K(2009472K), 0.1887709 secs] [Times: user=0.19 sys=0.00, real=0.19 secs] 
[GC (Allocation Failure) [DefNew: 623615K->5874K(623616K), 0.0487161 secs] 1629399K->1076237K(2009472K), 0.0487636 secs] [Times: user=0.05 sys=0.00, real=0.05 secs] 
[GC (Allocation Failure) [DefNew: 560242K->69247K(623616K), 0.1647400 secs] 1630605K->1181271K(2009472K), 0.1647792 secs] [Times: user=0.17 sys=0.00, real=0.16 secs] 
[GC (Allocation Failure) [DefNew: 623615K->5909K(623616K), 0.0496073 secs] 1735639K->1182512K(2009472K), 0.0496451 secs] [Times: user=0.06 sys=0.00, real=0.05 secs] 
[GC (Allocation Failure) [DefNew: 560277K->69247K(623616K), 0.1750861 secs] 1736880K->1287280K(2009472K), 0.1751278 secs] [Times: user=0.17 sys=0.00, real=0.18 secs] 
[GC (Allocation Failure) [DefNew: 623615K->5844K(623616K), 0.0508847 secs] 1841648K->1288448K(2009472K), 0.0509886 secs] [Times: user=0.05 sys=0.00, real=0.05 secs] 
[GC (Allocation Failure) [DefNew: 560212K->69247K(623616K), 0.1568903 secs] 1842816K->1393072K(2009472K), 0.1569346 secs] [Times: user=0.16 sys=0.00, real=0.16 secs] 
[GC (Allocation Failure) [DefNew: 623615K->623615K(623616K), 0.0000199 secs][Tenured: 1323824K->786426K(1385856K), 2.6411698 secs] 1947440K->786426K(2009472K), [Metaspace: 10562K->10562K(12288K)]
*** PauseDetector detected a 2646 ms pause at Mon Dec 22 00:50:51 EET 2014 ***

, 2.6412532 secs] [Times: user=2.65 sys=0.00, real=2.64 secs] 
[GC (Allocation Failure) [DefNew: 554368K->69247K(623616K), 0.1493653 secs] 1340794K->896708K(2009472K), 0.1494063 secs] [Times: user=0.16 sys=0.00, real=0.15 secs] 
[GC (Allocation Failure) [DefNew: 623615K->5915K(623616K), 0.0456154 secs] 1451076K->897951K(2009472K), 0.0457476 secs] [Times: user=0.05 sys=0.00, real=0.05 secs] 
[GC (Allocation Failure) [DefNew: 560283K->69248K(623616K), 0.1354732 secs] 1452319K->1001412K(2009472K), 0.1355130 secs] [Times: user=0.12 sys=0.00, real=0.13 secs] 
[GC (Allocation Failure) [DefNew: 623616K->5920K(623616K), 0.0505716 secs] 1555780K->1002669K(2009472K), 0.0506158 secs] [Times: user=0.05 sys=0.00, real=0.05 secs] 
[GC (Allocation Failure) [DefNew: 560288K->69247K(623616K), 0.1380055 secs] 1557037K->1105958K(2009472K), 0.1380511 secs] [Times: user=0.14 sys=0.00, real=0.14 secs] 
[GC (Allocation Failure) [DefNew: 623615K->5850K(623616K), 0.0447531 secs] 1660326K->1107158K(2009472K), 0.0447980 secs] [Times: user=0.05 sys=0.00, real=0.04 secs] 
[GC (Allocation Failure) [DefNew: 560218K->69247K(623616K), 0.1291479 secs] 1661526K->1210379K(2009472K), 0.1291890 secs] [Times: user=0.13 sys=0.00, real=0.13 secs] 
[GC (Allocation Failure) [DefNew: 623615K->5917K(623616K), 0.0480688 secs] 1764747K->1211647K(2009472K), 0.0481169 secs] [Times: user=0.05 sys=0.00, real=0.05 secs] 
[GC (Allocation Failure) [DefNew: 560285K->69247K(623616K), 0.1259381 secs] 1766015K->1314693K(2009472K), 0.1259786 secs] [Times: user=0.13 sys=0.00, real=0.13 secs] 
[GC (Allocation Failure) [DefNew: 623615K->5916K(623616K), 0.0464822 secs] 1869061K->1315949K(2009472K), 0.0465258 secs] [Times: user=0.05 sys=0.00, real=0.05 secs] 
[GC (Allocation Failure) [DefNew: 560284K->560284K(623616K), 0.0000199 secs][Tenured: 1310032K->852974K(1385856K), 2.5330104 secs] 1870317K->852974K(2009472K), [Metaspace: 10562K->10562K(12288K)]
*** PauseDetector detected a 2538 ms pause at Mon Dec 22 00:51:11 EET 2014 ***

, 2.5330925 secs] [Times: user=2.54 sys=0.00, real=2.53 secs] 
[GC (Allocation Failure) [DefNew: 554368K->5858K(623616K), 0.0117017 secs] 1407342K->858832K(2009472K), 0.0118069 secs] [Times: user=0.02 sys=0.00, real=0.01 secs] 
[GC (Allocation Failure) [DefNew: 560226K->69248K(623616K), 0.1209948 secs] 1413200K->961714K(2009472K), 0.1210327 secs] [Times: user=0.13 sys=0.00, real=0.12 secs] 
[GC (Allocation Failure) [DefNew: 623616K->5854K(623616K), 0.0434219 secs] 1516082K->962923K(2009472K), 0.0435335 secs] [Times: user=0.05 sys=0.00, real=0.04 secs] 
[GC (Allocation Failure) [DefNew: 560222K->69248K(623616K), 0.1272906 secs] 1517291K->1065772K(2009472K), 0.1273323 secs] [Times: user=0.13 sys=0.00, real=0.13 secs] 
[GC (Allocation Failure) [DefNew: 623616K->5920K(623616K), 0.0448218 secs] 1620140K->1066992K(2009472K), 0.0449604 secs] [Times: user=0.05 sys=0.00, real=0.05 secs] 
[GC (Allocation Failure) [DefNew: 560288K->69248K(623616K), 0.1117414 secs] 1621360K->1169675K(2009472K), 0.1118485 secs] [Times: user=0.11 sys=0.00, real=0.11 secs] 
[GC (Allocation Failure) [DefNew: 623616K->5914K(623616K), 0.0465791 secs] 1724043K->1170907K(2009472K), 0.0466233 secs] [Times: user=0.05 sys=0.00, real=0.05 secs] 
[GC (Allocation Failure) [DefNew: 560282K->69247K(623616K), 0.1212643 secs] 1725275K->1273039K(2009472K), 0.1213060 secs] [Times: user=0.11 sys=0.00, real=0.12 secs] 
[GC (Allocation Failure) [DefNew: 623615K->5921K(623616K), 0.0466034 secs] 1827407K->1274269K(2009472K), 0.0466496 secs] [Times: user=0.05 sys=0.00, real=0.05 secs] 
[GC (Allocation Failure) [DefNew: 560289K->69247K(623616K), 0.1152649 secs] 1828637K->1376312K(2009472K), 0.1153059 secs] [Times: user=0.11 sys=0.00, real=0.12 secs] 
[GC (Allocation Failure) [DefNew: 623615K->623615K(623616K), 0.0000218 secs][Tenured: 1307064K->852043K(1385856K), 2.5873512 secs] 1930680K->852043K(2009472K), [Metaspace: 10562K->10562K(12288K)], 2.5874391 secs] [Times: user=2.59 sys=0.00, real=2.59 secs] 

*** PauseDetector detected a 2589 ms pause at Mon Dec 22 00:51:30 EET 2014 ***

[GC (Allocation Failure) [DefNew: 554368K->69248K(623616K), 0.1148678 secs] 1406411K->959993K(2009472K), 0.1149101 secs] [Times: user=0.13 sys=0.00, real=0.12 secs] 
[GC (Allocation Failure) [DefNew: 623616K->5919K(623616K), 0.0466637 secs] 1514361K->961174K(2009472K), 0.0467042 secs] [Times: user=0.05 sys=0.00, real=0.05 secs] 
[GC (Allocation Failure) [DefNew: 560287K->69248K(623616K), 0.1120891 secs] 1515542K->1063139K(2009472K), 0.1121314 secs] [Times: user=0.11 sys=0.00, real=0.11 secs] 
[GC (Allocation Failure) [DefNew: 623616K->5923K(623616K), 0.0465021 secs] 1617507K->1064326K(2009472K), 0.0465463 secs] [Times: user=0.05 sys=0.00, real=0.05 secs] 
[GC (Allocation Failure) [DefNew: 560291K->69248K(623616K), 0.3148290 secs] 1618694K->1190920K(2009472K), 0.3148662 secs] [Times: user=0.31 sys=0.00, real=0.31 secs] 
[GC (Allocation Failure) [DefNew: 623616K->5891K(623616K), 0.0931286 secs] 1745288K->1192553K(2009472K), 0.0931658 secs] [Times: user=0.09 sys=0.00, real=0.09 secs] 
[GC (Allocation Failure) [DefNew: 560259K->69247K(623616K), 0.5303138 secs] 1746921K->1311632K(2009472K), 0.5303549 secs] [Times: user=0.51 sys=0.00, real=0.53 secs] 

*** PauseDetector detected a 533 ms pause at Mon Dec 22 00:51:42 EET 2014 ***

[GC (Allocation Failure) [DefNew: 623615K->5879K(623616K), 0.0837635 secs] 1866000K->1313121K(2009472K), 0.0838020 secs] [Times: user=0.08 sys=0.00, real=0.08 secs] 
[GC (Allocation Failure) [DefNew: 560247K->560247K(623616K), 0.0000186 secs][Tenured: 1307241K->866063K(1385856K), 2.5943919 secs] 1867489K->866063K(2009472K), [Metaspace: 10562K->10562K(12288K)], 2.5944721 secs] [Times: user=2.60 sys=0.00, real=2.59 secs] 

*** PauseDetector detected a 2597 ms pause at Mon Dec 22 00:51:48 EET 2014 ***

[GC (Allocation Failure) [DefNew: 554368K->5926K(623616K), 0.0118255 secs] 1420431K->871989K(2009472K), 0.0118692 secs] [Times: user=0.02 sys=0.00, real=0.01 secs] 
[GC (Allocation Failure) [DefNew: 560294K->69248K(623616K), 0.3057379 secs] 1426357K->984454K(2009472K), 0.3057892 secs] [Times: user=0.31 sys=0.00, real=0.31 secs] 
[GC (Allocation Failure) [DefNew: 623616K->5880K(623616K), 0.0669959 secs] 1538822K->985791K(2009472K), 0.0670376 secs] [Times: user=0.06 sys=0.00, real=0.07 secs] 
[GC (Allocation Failure) [DefNew: 560248K->69248K(623616K), 0.3560798 secs] 1540159K->1097015K(2009472K), 0.3561260 secs] [Times: user=0.36 sys=0.00, real=0.36 secs] 

*** PauseDetector detected a 361 ms pause at Mon Dec 22 00:51:55 EET 2014 ***

[GC (Allocation Failure) [DefNew: 623616K->5857K(623616K), 0.0691330 secs] 1651383K->1098378K(2009472K), 0.0692395 secs] [Times: user=0.06 sys=0.00, real=0.07 secs] 
[Full GC (System.gc()) [Tenured: 1092520K->719464K(1385856K), 2.3450864 secs] 1110065K->719464K(2009472K), [Metaspace: 10562K->10562K(12288K)], 2.3451390 secs] [Times: user=2.34 sys=0.00, real=2.35 secs] 
[Full GC (System.gc()) [Tenured: 719464K->719465K(1385856K), 2.1506677 secs] 730555K->719465K(2009472K), [Metaspace: 10562K->10562K(12288K)], 2.1507152 secs] [Times: user=2.14 sys=0.00, real=2.15 secs] 
[Full GC (System.gc()) [Tenured: 719465K->719465K(1385856K), 2.2966730 secs] 719465K->719465K(2009472K), [Metaspace: 10562K->10562K(12288K)], 2.2967866 secs] [Times: user=2.31 sys=0.00, real=2.30 secs] 

*** PauseDetector detected a 2349 ms pause at Mon Dec 22 00:51:59 EET 2014 ***

[Full GC (System.gc()) [Tenured: 719465K->719468K(1385856K), 2.1218308 secs] 730556K->719468K(2009472K), [Metaspace: 10562K->10562K(12288K)], 2.1219212 secs] [Times: user=2.12 sys=0.00, real=2.12 secs] 
[Full GC (System.gc()) [Tenured: 719468K->717245K(1385856K), 2.2303598 secs] 730558K->717245K(2009472K), [Metaspace: 10562K->10562K(12288K)], 2.2304066 secs] [Times: user=2.23 sys=0.00, real=2.23 secs] 
[Full GC (System.gc()) [Tenured: 717245K->717245K(1385856K), 2.2349631 secs] 717245K->717245K(2009472K), [Metaspace: 10562K->10562K(12288K)], 2.2350118 secs] [Times: user=2.22 sys=0.00, real=2.24 secs] 

*** PauseDetector detected a 6573 ms pause at Mon Dec 22 00:52:05 EET 2014 ***


*** PauseDetector detected a 4471 ms pause at Mon Dec 22 00:52:10 EET 2014 ***

[GC (Allocation Failure) [DefNew: 554368K->69247K(623616K), 0.1937495 secs] 1271613K->831910K(2009472K), 0.1937867 secs] [Times: user=0.19 sys=0.00, real=0.19 secs] 
[GC (Allocation Failure) [DefNew: 623615K->5954K(623616K), 0.0619089 secs] 1386278K->833208K(2009472K), 0.0620571 secs] [Times: user=0.06 sys=0.00, real=0.06 secs] 
[GC (Allocation Failure) [DefNew: 560322K->69248K(623616K), 0.2552831 secs] 1387576K->941289K(2009472K), 0.2553241 secs] [Times: user=0.25 sys=0.00, real=0.25 secs] 
[GC (Allocation Failure) [DefNew: 623616K->5954K(623616K), 0.0561270 secs] 1495657K->942581K(2009472K), 0.0562899 secs] [Times: user=0.06 sys=0.00, real=0.06 secs] 
[GC (Allocation Failure) [DefNew: 560322K->69247K(623616K), 0.2246728 secs] 1496949K->1050107K(2009472K), 0.2247819 secs] [Times: user=0.23 sys=0.00, real=0.23 secs] 
[GC (Allocation Failure) [DefNew: 623615K->5954K(623616K), 0.0632658 secs] 1604475K->1051393K(2009472K), 0.0633088 secs] [Times: user=0.06 sys=0.00, real=0.06 secs] 
[Full GC (System.gc()) [Tenured: 1045438K->761568K(1385856K), 2.3978406 secs] 1062483K->761568K(2009472K), [Metaspace: 10562K->10562K(12288K)], 2.3978945 secs] [Times: user=2.40 sys=0.00, real=2.40 secs] 

*** PauseDetector detected a 2401 ms pause at Mon Dec 22 00:52:22 EET 2014 ***

[Full GC (System.gc()) [Tenured: 761568K->760478K(1385856K), 2.1046276 secs] 772657K->760478K(2009472K), [Metaspace: 10562K->10562K(12288K)], 2.1046750 secs] [Times: user=2.09 sys=0.00, real=2.11 secs] 
[Full GC (System.gc()) [Tenured: 760478K->691187K(1385856K), 2.1173141 secs] 760480K->691187K(2009472K), [Metaspace: 10562K->10562K(12288K)], 2.1174649 secs] [Times: user=2.12 sys=0.00, real=2.12 secs] 
********************************

*** PauseDetector detected a 2105 ms pause at Mon Dec 22 00:52:24 EET 2014 ***

********** ROUND   27 **********
********************************

*** PauseDetector detected a 2123 ms pause at Mon Dec 22 00:52:26 EET 2014 ***

[GC (Allocation Failure) [DefNew: 554368K->69248K(623616K), 0.1420115 secs] 1245555K->804037K(2009472K), 0.1420584 secs] [Times: user=0.14 sys=0.00, real=0.14 secs] 
[GC (Allocation Failure) [DefNew: 623616K->5862K(623616K), 0.0561982 secs] 1358405K->805322K(2009472K), 0.0562380 secs] [Times: user=0.06 sys=0.00, real=0.06 secs] 
[GC (Allocation Failure) [DefNew: 560230K->69248K(623616K), 0.1721823 secs] 1359690K->910940K(2009472K), 0.1722304 secs] [Times: user=0.17 sys=0.00, real=0.17 secs] 
[GC (Allocation Failure) [DefNew: 623616K->5891K(623616K), 0.0577033 secs] 1465308K->912206K(2009472K), 0.0577418 secs] [Times: user=0.06 sys=0.00, real=0.06 secs] 
[GC (Allocation Failure) [DefNew: 560259K->69248K(623616K), 0.1923400 secs] 1466574K->1017496K(2009472K), 0.1923817 secs] [Times: user=0.19 sys=0.00, real=0.19 secs] 
[GC (Allocation Failure) [DefNew: 623616K->5894K(623616K), 0.0545256 secs] 1571864K->1018744K(2009472K), 0.0545692 secs] [Times: user=0.06 sys=0.00, real=0.06 secs] 
[GC (Allocation Failure) [DefNew: 560262K->69248K(623616K), 0.1768530 secs] 1573112K->1123736K(2009472K), 0.1768927 secs] [Times: user=0.19 sys=0.00, real=0.18 secs] 
[GC (Allocation Failure) [DefNew: 623616K->5890K(623616K), 0.0514441 secs] 1678104K->1124980K(2009472K), 0.0515667 secs] [Times: user=0.05 sys=0.00, real=0.05 secs] 
[GC (Allocation Failure) [DefNew: 560258K->69247K(623616K), 0.1793538 secs] 1679348K->1229746K(2009472K), 0.1793955 secs] [Times: user=0.16 sys=0.00, real=0.18 secs] 
[GC (Allocation Failure) [DefNew: 623615K->5896K(623616K), 0.0515577 secs] 1784114K->1230987K(2009472K), 0.0516616 secs] [Times: user=0.05 sys=0.00, real=0.05 secs] 
[GC (Allocation Failure) [DefNew: 560264K->69247K(623616K), 0.1556649 secs] 1785355K->1335538K(2009472K), 0.1558535 secs] [Times: user=0.16 sys=0.00, real=0.16 secs] 
[GC (Allocation Failure) [DefNew: 623615K->5894K(623616K), 0.0475292 secs] 1889906K->1336777K(2009472K), 0.0476287 secs] [Times: user=0.05 sys=0.00, real=0.05 secs] 
[GC (Allocation Failure) [DefNew: 560262K->560262K(623616K), 0.0000199 secs][Tenured: 1330883K->854340K(1385856K), 2.5897314 secs] 1891145K->854340K(2009472K), [Metaspace: 10562K->10562K(12288K)], 2.5898168 secs] [Times: user=2.57 sys=0.00, real=2.59 secs] 

*** PauseDetector detected a 2602 ms pause at Mon Dec 22 00:52:50 EET 2014 ***

[GC (Allocation Failure) [DefNew: 554368K->5846K(623616K), 0.0112141 secs] 1408708K->860186K(2009472K), 0.0112532 secs] [Times: user=0.01 sys=0.00, real=0.01 secs] 
[GC (Allocation Failure) [DefNew: 560214K->69248K(623616K), 0.1441794 secs] 1414554K->963741K(2009472K), 0.1442199 secs] [Times: user=0.14 sys=0.00, real=0.14 secs] 
[GC (Allocation Failure) [DefNew: 623616K->5875K(623616K), 0.0495932 secs] 1518109K->964929K(2009472K), 0.0496355 secs] [Times: user=0.06 sys=0.00, real=0.05 secs] 
[GC (Allocation Failure) [DefNew: 560243K->69248K(623616K), 0.1356760 secs] 1519297K->1068299K(2009472K), 0.1357267 secs] [Times: user=0.14 sys=0.00, real=0.14 secs] 
[GC (Allocation Failure) [DefNew: 623616K->5894K(623616K), 0.0455564 secs] 1622667K->1069506K(2009472K), 0.0455981 secs] [Times: user=0.05 sys=0.00, real=0.05 secs] 
[GC (Allocation Failure) [DefNew: 560262K->69247K(623616K), 0.1300872 secs] 1623874K->1172696K(2009472K), 0.1301571 secs] [Times: user=0.14 sys=0.00, real=0.13 secs] 
[GC (Allocation Failure) [DefNew: 623615K->5904K(623616K), 0.0506338 secs] 1727064K->1173938K(2009472K), 0.0506800 secs] [Times: user=0.05 sys=0.00, real=0.05 secs] 
[GC (Allocation Failure) [DefNew: 560272K->69247K(623616K), 0.1231511 secs] 1728306K->1277031K(2009472K), 0.1231922 secs] [Times: user=0.13 sys=0.00, real=0.12 secs] 
[GC (Allocation Failure) [DefNew: 623615K->5892K(623616K), 0.0434180 secs] 1831399K->1278228K(2009472K), 0.0434591 secs] [Times: user=0.03 sys=0.00, real=0.04 secs] 
[GC (Allocation Failure) [DefNew: 560260K->69248K(623616K), 0.1215004 secs] 1832596K->1381211K(2009472K), 0.1216049 secs] [Times: user=0.13 sys=0.00, real=0.12 secs] 
[GC (Allocation Failure) [DefNew: 623616K->623616K(623616K), 0.0000667 secs][Tenured: 1311963K->854162K(1385856K), 2.4635174 secs] 1935579K->854162K(2009472K), [Metaspace: 10562K->10562K(12288K)], 2.4636547 secs] [Times: user=2.46 sys=0.00, real=2.46 secs] 

*** PauseDetector detected a 2464 ms pause at Mon Dec 22 00:53:09 EET 2014 ***

[GC (Allocation Failure) [DefNew: 554368K->69248K(623616K), 0.1167950 secs] 1408530K->962935K(2009472K), 0.1168323 secs] [Times: user=0.11 sys=0.00, real=0.12 secs] 
[GC (Allocation Failure) [DefNew: 623616K->5901K(623616K), 0.0442848 secs] 1517303K->964159K(2009472K), 0.0443220 secs] [Times: user=0.05 sys=0.00, real=0.04 secs] 
[GC (Allocation Failure) [DefNew: 560269K->69248K(623616K), 0.1391283 secs] 1518527K->1066967K(2009472K), 0.1391674 secs] [Times: user=0.14 sys=0.00, real=0.14 secs] 
[GC (Allocation Failure) [DefNew: 623616K->5850K(623616K), 0.0446858 secs] 1621335K->1068111K(2009472K), 0.0447255 secs] [Times: user=0.03 sys=0.00, real=0.05 secs] 
[GC (Allocation Failure) [DefNew: 560218K->69248K(623616K), 0.1207991 secs] 1622479K->1170891K(2009472K), 0.1208466 secs] [Times: user=0.11 sys=0.00, real=0.12 secs] 
[GC (Allocation Failure) [DefNew: 623616K->5873K(623616K), 0.0452362 secs] 1725259K->1172054K(2009472K), 0.0452773 secs] [Times: user=0.05 sys=0.00, real=0.05 secs] 
[GC (Allocation Failure) [DefNew: 560241K->69247K(623616K), 0.1314275 secs] 1726422K->1274266K(2009472K), 0.1314756 secs] [Times: user=0.14 sys=0.00, real=0.13 secs] 
[GC (Allocation Failure) [DefNew: 623615K->5912K(623616K), 0.0469306 secs] 1828634K->1275449K(2009472K), 0.0469762 secs] [Times: user=0.05 sys=0.00, real=0.05 secs] 
[GC (Allocation Failure) [DefNew: 560280K->69247K(623616K), 0.1183554 secs] 1829817K->1377540K(2009472K), 0.1183945 secs] [Times: user=0.12 sys=0.00, real=0.12 secs] 
[GC (Allocation Failure) [DefNew: 623615K->623615K(623616K), 0.0000192 secs][Tenured: 1308292K->853258K(1385856K), 2.5324708 secs] 1931908K->853258K(2009472K), [Metaspace: 10562K->10562K(12288K)], 2.5325536 secs] [Times: user=2.53 sys=0.00, real=2.53 secs] 

*** PauseDetector detected a 2536 ms pause at Mon Dec 22 00:53:27 EET 2014 ***

[GC (Allocation Failure) [DefNew: 554368K->69247K(623616K), 0.1026137 secs] 1407626K->961173K(2009472K), 0.1026579 secs] [Times: user=0.11 sys=0.00, real=0.10 secs] 
[GC (Allocation Failure) [DefNew: 623615K->5904K(623616K), 0.0386857 secs] 1515541K->962374K(2009472K), 0.0387274 secs] [Times: user=0.03 sys=0.00, real=0.04 secs] 
[GC (Allocation Failure) [DefNew: 560272K->69247K(623616K), 0.1081171 secs] 1516742K->1064344K(2009472K), 0.1081588 secs] [Times: user=0.09 sys=0.00, real=0.10 secs] 
[GC (Allocation Failure) [DefNew: 623615K->5897K(623616K), 0.0533765 secs] 1618712K->1065515K(2009472K), 0.0534260 secs] [Times: user=0.05 sys=0.00, real=0.05 secs] 
[GC (Allocation Failure) [DefNew: 560265K->69247K(623616K), 0.3190512 secs] 1619883K->1192138K(2009472K), 0.3192591 secs] [Times: user=0.31 sys=0.00, real=0.31 secs] 
[GC (Allocation Failure) [DefNew: 623615K->5908K(623616K), 0.1102811 secs] 1746506K->1193784K(2009472K), 0.1103235 secs] [Times: user=0.13 sys=0.00, real=0.11 secs] 
[GC (Allocation Failure) [DefNew: 560276K->69247K(623616K), 0.5019857 secs] 1748152K->1312863K(2009472K), 0.5020248 secs] [Times: user=0.50 sys=0.00, real=0.49 secs] 

*** PauseDetector detected a 493 ms pause at Mon Dec 22 00:53:39 EET 2014 ***

[GC (Allocation Failure) [DefNew: 623615K->5887K(623616K), 0.0742862 secs] 1867231K->1314344K(2009472K), 0.0744292 secs] [Times: user=0.08 sys=0.00, real=0.07 secs] 
[GC (Allocation Failure) [DefNew: 560255K->560255K(623616K), 0.0000199 secs][Tenured: 1308456K->796834K(1385856K), 2.5381969 secs] 1868712K->796834K(2009472K), [Metaspace: 10562K->10562K(12288K)], 2.5382783 secs] [Times: user=2.50 sys=0.00, real=2.54 secs] 

*** PauseDetector detected a 2538 ms pause at Mon Dec 22 00:53:45 EET 2014 ***

[GC (Allocation Failure) [DefNew: 554368K->5915K(623616K), 0.0129765 secs] 1351202K->802749K(2009472K), 0.0130169 secs] [Times: user=0.02 sys=0.00, real=0.01 secs] 
[GC (Allocation Failure) [DefNew: 560283K->69247K(623616K), 0.3677096 secs] 1357117K->915198K(2009472K), 0.3677513 secs] [Times: user=0.37 sys=0.00, real=0.37 secs] 

*** PauseDetector detected a 372 ms pause at Mon Dec 22 00:53:49 EET 2014 ***

[GC (Allocation Failure) [DefNew: 623615K->5912K(623616K), 0.0736638 secs] 1469566K->916593K(2009472K), 0.0737671 secs] [Times: user=0.08 sys=0.00, real=0.07 secs] 
[GC (Allocation Failure) [DefNew: 560280K->69248K(623616K), 0.3414955 secs] 1470961K->1027842K(2009472K), 0.3415372 secs] [Times: user=0.34 sys=0.00, real=0.34 secs] 
[GC (Allocation Failure) [DefNew: 623616K->5914K(623616K), 0.0751523 secs] 1582210K->1029205K(2009472K), 0.0751921 secs] [Times: user=0.08 sys=0.00, real=0.07 secs] 
[GC (Allocation Failure) [DefNew: 560282K->69247K(623616K), 0.3049815 secs] 1583573K->1137972K(2009472K), 0.3050206 secs] [Times: user=0.30 sys=0.00, real=0.31 secs] 
[GC (Allocation Failure) [DefNew: 623615K->5865K(623616K), 0.0715890 secs] 1692340K->1139226K(2009472K), 0.0716307 secs] [Times: user=0.06 sys=0.00, real=0.07 secs] 
[GC (Allocation Failure) [DefNew: 560233K->69247K(623616K), 0.2822543 secs] 1693594K->1247358K(2009472K), 0.2823011 secs] [Times: user=0.28 sys=0.00, real=0.28 secs] 
[GC (Allocation Failure) [DefNew: 623615K->5916K(623616K), 0.0718604 secs] 1801726K->1248651K(2009472K), 0.0719027 secs] [Times: user=0.08 sys=0.00, real=0.07 secs] 
[GC (Allocation Failure) [DefNew: 560284K->69247K(623616K), 0.2525596 secs] 1803019K->1356085K(2009472K), 0.2526077 secs] [Times: user=0.25 sys=0.00, real=0.25 secs] 
[GC (Allocation Failure) [DefNew: 623615K->5909K(623616K), 0.0601343 secs] 1910453K->1357431K(2009472K), 0.0601875 secs] [Times: user=0.06 sys=0.00, real=0.06 secs] 
[GC (Allocation Failure) [DefNew: 560277K->560277K(623616K), 0.0000212 secs][Tenured: 1351522K->857010K(1385856K), 2.4593177 secs] 1911799K->857010K(2009472K), [Metaspace: 10562K->10562K(12288K)], 2.4594710 secs] [Times: user=2.40 sys=0.00, real=2.46 secs] 

*** PauseDetector detected a 2463 ms pause at Mon Dec 22 00:54:08 EET 2014 ***

[GC (Allocation Failure) [DefNew: 554368K->5861K(623616K), 0.0124523 secs] 1411378K->862872K(2009472K), 0.0124921 secs] [Times: user=0.02 sys=0.00, real=0.01 secs] 
[GC (Allocation Failure) [DefNew: 560229K->69247K(623616K), 0.2090395 secs] 1417240K->968536K(2009472K), 0.2090902 secs] [Times: user=0.20 sys=0.00, real=0.21 secs] 
[GC (Allocation Failure) [DefNew: 623615K->5914K(623616K), 0.0546218 secs] 1522904K->969781K(2009472K), 0.0546629 secs] [Times: user=0.06 sys=0.00, real=0.06 secs] 
[GC (Allocation Failure) [DefNew: 560282K->69248K(623616K), 0.1678748 secs] 1524149K->1075043K(2009472K), 0.1679171 secs] [Times: user=0.16 sys=0.00, real=0.17 secs] 
[GC (Allocation Failure) [DefNew: 623616K->5916K(623616K), 0.0539533 secs] 1629411K->1076318K(2009472K), 0.0539976 secs] [Times: user=0.05 sys=0.00, real=0.05 secs] 
[GC (Allocation Failure) [DefNew: 560284K->69248K(623616K), 0.1985960 secs] 1630686K->1181318K(2009472K), 0.1986447 secs] [Times: user=0.19 sys=0.00, real=0.20 secs] 
[GC (Allocation Failure) [DefNew: 623616K->5910K(623616K), 0.0484967 secs] 1735686K->1182551K(2009472K), 0.0485384 secs] [Times: user=0.06 sys=0.00, real=0.05 secs] 
[GC (Allocation Failure) [DefNew: 560278K->69248K(623616K), 0.1763096 secs] 1736919K->1287300K(2009472K), 0.1763487 secs] [Times: user=0.17 sys=0.00, real=0.18 secs] 
[GC (Allocation Failure) [DefNew: 623616K->5918K(623616K), 0.0551242 secs] 1841668K->1288560K(2009472K), 0.0551704 secs] [Times: user=0.06 sys=0.00, real=0.06 secs] 
[GC (Allocation Failure) [DefNew: 560286K->69248K(623616K), 0.2016492 secs] 1842928K->1393059K(2009472K), 0.2016954 secs] [Times: user=0.20 sys=0.00, real=0.20 secs] 
[GC (Allocation Failure) [DefNew: 623616K->623616K(623616K), 0.0000192 secs][Tenured: 1323811K->855754K(1385856K), 2.7028143 secs] 1947427K->855754K(2009472K), [Metaspace: 10562K->10562K(12288K)], 2.7028945 secs] [Times: user=2.72 sys=0.00, real=2.70 secs] 

*** PauseDetector detected a 2707 ms pause at Mon Dec 22 00:54:28 EET 2014 ***

[GC (Allocation Failure) [DefNew: 554368K->69248K(623616K), 0.1663106 secs] 1410122K->966051K(2009472K), 0.1663472 secs] [Times: user=0.16 sys=0.00, real=0.17 secs] 
[GC (Allocation Failure) [DefNew: 623616K->5923K(623616K), 0.0481689 secs] 1520419K->967285K(2009472K), 0.0482799 secs] [Times: user=0.05 sys=0.00, real=0.05 secs] 
[GC (Allocation Failure) [DefNew: 560291K->69247K(623616K), 0.1346540 secs] 1521653K->1070712K(2009472K), 0.1346944 secs] [Times: user=0.13 sys=0.00, real=0.13 secs] 
[GC (Allocation Failure) [DefNew: 623615K->5891K(623616K), 0.0472168 secs] 1625080K->1071966K(2009472K), 0.0472566 secs] [Times: user=0.05 sys=0.00, real=0.05 secs] 
[GC (Allocation Failure) [DefNew: 560259K->69247K(623616K), 0.1338744 secs] 1626334K->1175286K(2009472K), 0.1339803 secs] [Times: user=0.14 sys=0.00, real=0.13 secs] 
[GC (Allocation Failure) [DefNew: 623615K->5925K(623616K), 0.0650115 secs] 1729654K->1176558K(2009472K), 0.0650596 secs] [Times: user=0.06 sys=0.00, real=0.06 secs] 
[GC (Allocation Failure) [DefNew: 560293K->69247K(623616K), 0.1440107 secs] 1730926K->1279696K(2009472K), 0.1440466 secs] [Times: user=0.13 sys=0.00, real=0.14 secs] 
[GC (Allocation Failure) [DefNew: 623615K->5921K(623616K), 0.0497850 secs] 1834064K->1280976K(2009472K), 0.0498274 secs] [Times: user=0.05 sys=0.00, real=0.05 secs] 
[GC (Allocation Failure) [DefNew: 560289K->69247K(623616K), 0.1344525 secs] 1835344K->1384064K(2009472K), 0.1344916 secs] [Times: user=0.14 sys=0.00, real=0.14 secs] 
[GC (Allocation Failure) [DefNew: 623615K->623615K(623616K), 0.0000199 secs][Tenured: 1314816K->854288K(1385856K), 2.5602594 secs] 1938432K->854288K(2009472K), [Metaspace: 10562K->10562K(12288K)], 2.5603441 secs] [Times: user=2.56 sys=0.00, real=2.56 secs] 

*** PauseDetector detected a 2562 ms pause at Mon Dec 22 00:54:46 EET 2014 ***

[GC (Allocation Failure) [DefNew: 554368K->69247K(623616K), 0.1253286 secs] 1408656K->963177K(2009472K), 0.1254813 secs] [Times: user=0.13 sys=0.00, real=0.13 secs] 
[GC (Allocation Failure) [DefNew: 623615K->5891K(623616K), 0.0486905 secs] 1517545K->964374K(2009472K), 0.0487296 secs] [Times: user=0.05 sys=0.00, real=0.05 secs] 
[GC (Allocation Failure) [DefNew: 560259K->69247K(623616K), 0.1252703 secs] 1518742K->1067235K(2009472K), 0.1253100 secs] [Times: user=0.13 sys=0.00, real=0.13 secs] 
[GC (Allocation Failure) [DefNew: 623615K->5870K(623616K), 0.0478789 secs] 1621603K->1068447K(2009472K), 0.0479225 secs] [Times: user=0.05 sys=0.00, real=0.05 secs] 
[GC (Allocation Failure) [DefNew: 560238K->69248K(623616K), 0.1185324 secs] 1622815K->1171267K(2009472K), 0.1186755 secs] [Times: user=0.13 sys=0.00, real=0.12 secs] 
[GC (Allocation Failure) [DefNew: 623616K->5921K(623616K), 0.0601753 secs] 1725635K->1172501K(2009472K), 0.0602247 secs] [Times: user=0.06 sys=0.00, real=0.06 secs] 
[GC (Allocation Failure) [DefNew: 560289K->69247K(623616K), 0.1220515 secs] 1726869K->1275225K(2009472K), 0.1220913 secs] [Times: user=0.13 sys=0.00, real=0.12 secs] 
[GC (Allocation Failure) [DefNew: 623615K->5921K(623616K), 0.0467600 secs] 1829593K->1276421K(2009472K), 0.0468036 secs] [Times: user=0.05 sys=0.00, real=0.05 secs] 
[GC (Allocation Failure) [DefNew: 560289K->69248K(623616K), 0.1221920 secs] 1830789K->1378575K(2009472K), 0.1222324 secs] [Times: user=0.11 sys=0.00, real=0.12 secs] 
[GC (Allocation Failure) [DefNew: 623616K->623616K(623616K), 0.0000180 secs][Tenured: 1309327K->784053K(1385856K), 2.6479468 secs] 1932943K->784053K(2009472K), [Metaspace: 10562K->10562K(12288K)], 2.6480218 secs] [Times: user=2.60 sys=0.00, real=2.65 secs] 

*** PauseDetector detected a 2651 ms pause at Mon Dec 22 00:55:04 EET 2014 ***

[GC (Allocation Failure) [DefNew: 554368K->69248K(623616K), 0.1102741 secs] 1338421K->892077K(2009472K), 0.1103145 secs] [Times: user=0.11 sys=0.00, real=0.11 secs] 
[GC (Allocation Failure) [DefNew: 623616K->5892K(623616K), 0.0446126 secs] 1446445K->893229K(2009472K), 0.0446524 secs] [Times: user=0.03 sys=0.00, real=0.04 secs] 
[GC (Allocation Failure) [DefNew: 560260K->69248K(623616K), 0.1175046 secs] 1447597K->995291K(2009472K), 0.1175476 secs] [Times: user=0.11 sys=0.00, real=0.12 secs] 
[GC (Allocation Failure) [DefNew: 623616K->5925K(623616K), 0.0502829 secs] 1549659K->996474K(2009472K), 0.0503297 secs] [Times: user=0.05 sys=0.00, real=0.05 secs] 
[GC (Allocation Failure) [DefNew: 560293K->69248K(623616K), 0.1126248 secs] 1550842K->1098426K(2009472K), 0.1126691 secs] [Times: user=0.13 sys=0.00, real=0.11 secs] 
[GC (Allocation Failure) [DefNew: 623616K->5923K(623616K), 0.0467266 secs] 1652794K->1099620K(2009472K), 0.0467690 secs] [Times: user=0.05 sys=0.00, real=0.05 secs] 
[Full GC (System.gc()) [Tenured: 1093697K->873797K(1385856K), 2.7729014 secs] 1501628K->873797K(2009472K), [Metaspace: 10562K->10562K(12288K)], 2.7729540 secs] [Times: user=2.78 sys=0.00, real=2.77 secs] 
[Full GC (System.gc()) [Tenured: 873797K->873718K(1385856K), 2.4682773 secs] 884857K->873718K(2009472K), [Metaspace: 10562K->10562K(12288K)], 2.4683190 secs] [Times: user=2.47 sys=0.00, real=2.47 secs] 
[Full GC (System.gc()) [Tenured: 873718K->871167K(1385856K), 2.6355432 secs] 884781K->871167K(2009472K), [Metaspace: 10562K->10562K(12288K)], 2.6355874 secs] [Times: user=2.64 sys=0.00, real=2.64 secs] 

*** PauseDetector detected a 5247 ms pause at Mon Dec 22 00:55:20 EET 2014 ***

[Full GC (System.gc()) [Tenured: 871167K->801979K(1385856K), 2.5587728 secs] 882229K->801979K(2009472K), [Metaspace: 10562K->10562K(12288K)], 2.5588575 secs] [Times: user=2.56 sys=0.00, real=2.56 secs] 
[Full GC (System.gc()) [Tenured: 801979K->801979K(1385856K), 2.4659817 secs] 801979K->801979K(2009472K), [Metaspace: 10562K->10562K(12288K)], 2.4660914 secs] [Times: user=2.48 sys=0.00, real=2.47 secs] 

*** PauseDetector detected a 7664 ms pause at Mon Dec 22 00:55:28 EET 2014 ***

[Full GC (System.gc()) [Tenured: 801979K->801986K(1385856K), 2.8949150 secs] 813042K->801986K(2009472K), [Metaspace: 10562K->10562K(12288K)], 2.8950407 secs]
*** PauseDetector detected a 2896 ms pause at Mon Dec 22 00:55:31 EET 2014 ***

 [Times: user=2.89 sys=0.00, real=2.89 secs] 
[GC (Allocation Failure) [DefNew: 554368K->69247K(623616K), 0.4681631 secs] 1356354K->927029K(2009472K), 0.4682016 secs] [Times: user=0.47 sys=0.00, real=0.47 secs] 

*** PauseDetector detected a 470 ms pause at Mon Dec 22 00:55:33 EET 2014 ***

[GC (Allocation Failure) [DefNew: 623615K->5884K(623616K), 0.0982368 secs] 1481397K->928451K(2009472K), 0.0982779 secs] [Times: user=0.11 sys=0.00, real=0.10 secs] 
[GC (Allocation Failure) [DefNew: 560252K->69247K(623616K), 0.4063261 secs] 1482819K->1045040K(2009472K), 0.4063646 secs] [Times: user=0.41 sys=0.00, real=0.41 secs] 

*** PauseDetector detected a 407 ms pause at Mon Dec 22 00:55:37 EET 2014 ***

[GC (Allocation Failure) [DefNew: 623615K->5900K(623616K), 0.0775749 secs] 1599408K->1046450K(2009472K), 0.0776185 secs] [Times: user=0.08 sys=0.00, real=0.08 secs] 
[GC (Allocation Failure) [DefNew: 560268K->69248K(623616K), 0.3609480 secs] 1600818K->1158920K(2009472K), 0.3609885 secs] [Times: user=0.36 sys=0.00, real=0.36 secs] 

*** PauseDetector detected a 366 ms pause at Mon Dec 22 00:55:40 EET 2014 ***

[Full GC (System.gc()) [Tenured: 1089672K->859078K(1385856K), 2.7992150 secs] 1281441K->859078K(2009472K), [Metaspace: 10562K->10562K(12288K)], 2.7992682 secs] [Times: user=2.78 sys=0.00, real=2.80 secs] 
[Full GC (System.gc()) [Tenured: 859078K->789786K(1385856K), 2.4346215 secs] 870216K->789786K(2009472K), [Metaspace: 10562K->10562K(12288K)]
*** PauseDetector detected a 5237 ms pause at Mon Dec 22 00:55:46 EET 2014 ***

, 2.4346677 secs] [Times: user=2.43 sys=0.00, real=2.43 secs] 
[Full GC (System.gc()) [Tenured: 789786K->789786K(1385856K), 2.4319570 secs] 789788K->789786K(2009472K), [Metaspace: 10562K->10562K(12288K)], 2.4319987 secs] [Times: user=2.42 sys=0.00, real=2.43 secs] 

*** PauseDetector detected a 2432 ms pause at Mon Dec 22 00:55:48 EET 2014 ***

********************************
********** ROUND   28 **********
********************************
[GC (Allocation Failure) [DefNew: 554368K->69248K(623616K), 0.3020681 secs] 1344154K->906924K(2009472K), 0.3021790 secs] [Times: user=0.30 sys=0.00, real=0.30 secs] 
[GC (Allocation Failure) [DefNew: 623616K->5889K(623616K), 0.0785841 secs] 1461292K->908286K(2009472K), 0.0786258 secs] [Times: user=0.08 sys=0.00, real=0.08 secs] 
[GC (Allocation Failure) [DefNew: 560257K->69247K(623616K), 0.2809410 secs] 1462654K->1017048K(2009472K), 0.2809814 secs] [Times: user=0.28 sys=0.00, real=0.28 secs] 
[GC (Allocation Failure) [DefNew: 623615K->5896K(623616K), 0.0788381 secs] 1571416K->1018363K(2009472K), 0.0788798 secs] [Times: user=0.08 sys=0.00, real=0.08 secs] 
[GC (Allocation Failure) [DefNew: 560264K->69248K(623616K), 0.2438912 secs] 1572731K->1126432K(2009472K), 0.2439297 secs] [Times: user=0.25 sys=0.00, real=0.24 secs] 
[GC (Allocation Failure) [DefNew: 623616K->5891K(623616K), 0.0815789 secs] 1680800K->1127732K(2009472K), 0.0816206 secs] [Times: user=0.09 sys=0.00, real=0.08 secs] 
[GC (Allocation Failure) [DefNew: 560259K->69248K(623616K), 0.2431265 secs] 1682100K->1235231K(2009472K), 0.2432388 secs] [Times: user=0.25 sys=0.00, real=0.24 secs] 
[GC (Allocation Failure) [DefNew: 623616K->5900K(623616K), 0.0676984 secs] 1789599K->1236529K(2009472K), 0.0677434 secs] [Times: user=0.06 sys=0.00, real=0.07 secs] 
[GC (Allocation Failure) [DefNew: 560268K->69248K(623616K), 0.2256955 secs] 1790897K->1343591K(2009472K), 0.2257988 secs] [Times: user=0.22 sys=0.00, real=0.23 secs] 
[GC (Allocation Failure) [DefNew: 623616K->5895K(623616K), 0.0573595 secs] 1897959K->1344879K(2009472K), 0.0574031 secs] [Times: user=0.05 sys=0.00, real=0.06 secs] 
[GC (Allocation Failure) [DefNew: 560263K->560263K(623616K), 0.0000212 secs][Tenured: 1338984K->855551K(1385856K), 2.8670834 secs] 1899247K->855551K(2009472K), [Metaspace: 10562K->10562K(12288K)], 2.8671816 secs] [Times: user=2.85 sys=0.00, real=2.87 secs] 

*** PauseDetector detected a 2871 ms pause at Mon Dec 22 00:56:10 EET 2014 ***

[GC (Allocation Failure) [DefNew: 554368K->5897K(623616K), 0.0124851 secs] 1409919K->861448K(2009472K), 0.0125242 secs] [Times: user=0.02 sys=0.00, real=0.01 secs] 
[GC (Allocation Failure) [DefNew: 560265K->69247K(623616K), 0.1838885 secs] 1415816K->966740K(2009472K), 0.1839302 secs] [Times: user=0.19 sys=0.00, real=0.18 secs] 
[GC (Allocation Failure) [DefNew: 623615K->5899K(623616K), 0.0615201 secs] 1521108K->967985K(2009472K), 0.0615714 secs] [Times: user=0.06 sys=0.00, real=0.06 secs] 
[GC (Allocation Failure) [DefNew: 560267K->69247K(623616K), 0.1679761 secs] 1522353K->1072986K(2009472K), 0.1680781 secs] [Times: user=0.17 sys=0.00, real=0.17 secs] 
[GC (Allocation Failure) [DefNew: 623615K->5899K(623616K), 0.0534369 secs] 1627354K->1074225K(2009472K), 0.0534766 secs] [Times: user=0.06 sys=0.00, real=0.05 secs] 
[GC (Allocation Failure) [DefNew: 560267K->69248K(623616K), 0.1487834 secs] 1628593K->1178989K(2009472K), 0.1488257 secs] [Times: user=0.16 sys=0.00, real=0.15 secs] 
[GC (Allocation Failure) [DefNew: 623616K->5896K(623616K), 0.0577701 secs] 1733357K->1180223K(2009472K), 0.0578105 secs] [Times: user=0.05 sys=0.00, real=0.06 secs] 
[GC (Allocation Failure) [DefNew: 560264K->69247K(623616K), 0.1631066 secs] 1734591K->1284787K(2009472K), 0.1631451 secs] [Times: user=0.16 sys=0.00, real=0.16 secs] 
[GC (Allocation Failure) [DefNew: 623615K->5901K(623616K), 0.0561289 secs] 1839155K->1286020K(2009472K), 0.0561687 secs] [Times: user=0.05 sys=0.00, real=0.06 secs] 
[GC (Allocation Failure) [DefNew: 560269K->69248K(623616K), 0.1603908 secs] 1840388K->1390393K(2009472K), 0.1604318 secs] [Times: user=0.16 sys=0.00, real=0.16 secs] 
[GC (Allocation Failure) [DefNew: 623616K->623616K(623616K), 0.0000199 secs][Tenured: 1321145K->855554K(1385856K), 2.6855957 secs] 1944761K->855554K(2009472K), [Metaspace: 10562K->10562K(12288K)], 2.6856926 secs] [Times: user=2.67 sys=0.00, real=2.69 secs] 

*** PauseDetector detected a 2689 ms pause at Mon Dec 22 00:56:30 EET 2014 ***

[GC (Allocation Failure) [DefNew: 554368K->69248K(623616K), 0.1423888 secs] 1409922K->964960K(2009472K), 0.1424299 secs] [Times: user=0.14 sys=0.00, real=0.14 secs] 
[GC (Allocation Failure) [DefNew: 623616K->5906K(623616K), 0.0578368 secs] 1519328K->966174K(2009472K), 0.0578830 secs] [Times: user=0.06 sys=0.00, real=0.06 secs] 
[GC (Allocation Failure) [DefNew: 560274K->69247K(623616K), 0.1524680 secs] 1520542K->1069528K(2009472K), 0.1525135 secs] [Times: user=0.16 sys=0.00, real=0.15 secs] 
[GC (Allocation Failure) [DefNew: 623615K->5906K(623616K), 0.0478834 secs] 1623896K->1070732K(2009472K), 0.0479276 secs] [Times: user=0.05 sys=0.00, real=0.05 secs] 
[GC (Allocation Failure) [DefNew: 560274K->69248K(623616K), 0.1397923 secs] 1625100K->1173947K(2009472K), 0.1398398 secs] [Times: user=0.14 sys=0.00, real=0.14 secs] 
[GC (Allocation Failure) [DefNew: 623616K->5904K(623616K), 0.0514473 secs] 1728315K->1175152K(2009472K), 0.0514903 secs] [Times: user=0.06 sys=0.00, real=0.05 secs] 
[GC (Allocation Failure) [DefNew: 560272K->69248K(623616K), 0.1321403 secs] 1729520K->1278257K(2009472K), 0.1321820 secs] [Times: user=0.14 sys=0.00, real=0.13 secs] 
[GC (Allocation Failure) [DefNew: 623616K->5906K(623616K), 0.0460773 secs] 1832625K->1279457K(2009472K), 0.0461165 secs] [Times: user=0.05 sys=0.00, real=0.05 secs] 
[GC (Allocation Failure) [DefNew: 560274K->69247K(623616K), 0.1295688 secs] 1833825K->1382447K(2009472K), 0.1296092 secs] [Times: user=0.13 sys=0.00, real=0.13 secs] 
[GC (Allocation Failure) [DefNew: 623615K->623615K(623616K), 0.0000186 secs][Tenured: 1313199K->784876K(1385856K), 2.6905096 secs] 1936815K->784876K(2009472K), [Metaspace: 10562K->10562K(12288K)], 2.6906610 secs] [Times: user=2.68 sys=0.00, real=2.69 secs] 

*** PauseDetector detected a 2691 ms pause at Mon Dec 22 00:56:48 EET 2014 ***

[GC (Allocation Failure) [DefNew: 554368K->69248K(623616K), 0.1269095 secs] 1339244K->893656K(2009472K), 0.1269525 secs] [Times: user=0.12 sys=0.00, real=0.13 secs] 
[GC (Allocation Failure) [DefNew: 623616K->5879K(623616K), 0.0487309 secs] 1448024K->894850K(2009472K), 0.0487732 secs] [Times: user=0.05 sys=0.00, real=0.05 secs] 
[GC (Allocation Failure) [DefNew: 560247K->69248K(623616K), 0.1478056 secs] 1449218K->997689K(2009472K), 0.1478557 secs] [Times: user=0.14 sys=0.00, real=0.15 secs] 
[GC (Allocation Failure) [DefNew: 623616K->5913K(623616K), 0.0468107 secs] 1552057K->998888K(2009472K), 0.0468504 secs] [Times: user=0.05 sys=0.00, real=0.05 secs] 
[GC (Allocation Failure) [DefNew: 560281K->69247K(623616K), 0.1213720 secs] 1553256K->1101605K(2009472K), 0.1214131 secs] [Times: user=0.12 sys=0.00, real=0.12 secs] 
[GC (Allocation Failure) [DefNew: 623615K->5895K(623616K), 0.0473605 secs] 1655973K->1102790K(2009472K), 0.0474009 secs] [Times: user=0.05 sys=0.00, real=0.05 secs] 
[GC (Allocation Failure) [DefNew: 560263K->69247K(623616K), 0.1350671 secs] 1657158K->1204979K(2009472K), 0.1351114 secs] [Times: user=0.13 sys=0.00, real=0.13 secs] 
[GC (Allocation Failure) [DefNew: 623615K->5871K(623616K), 0.0449995 secs] 1759347K->1206123K(2009472K), 0.0450418 secs] [Times: user=0.03 sys=0.00, real=0.04 secs] 
[GC (Allocation Failure) [DefNew: 560239K->69247K(623616K), 0.1188654 secs] 1760491K->1308231K(2009472K), 0.1189693 secs] [Times: user=0.11 sys=0.00, real=0.12 secs] 
[GC (Allocation Failure) [DefNew: 623615K->5911K(623616K), 0.0463442 secs] 1862599K->1309446K(2009472K), 0.0463853 secs] [Times: user=0.05 sys=0.00, real=0.05 secs] 
[GC (Allocation Failure) [DefNew: 560279K->560279K(623616K), 0.0000237 secs][Tenured: 1303535K->852049K(1385856K), 2.6084924 secs] 1863814K->852049K(2009472K), [Metaspace: 10562K->10562K(12288K)], 2.6085816 secs] [Times: user=2.60 sys=0.00, real=2.61 secs] 

*** PauseDetector detected a 2610 ms pause at Mon Dec 22 00:57:08 EET 2014 ***

[GC (Allocation Failure) [DefNew: 554368K->5912K(623616K), 0.0122458 secs] 1406417K->857962K(2009472K), 0.0122875 secs] [Times: user=0.01 sys=0.00, real=0.01 secs] 
[GC (Allocation Failure) [DefNew: 560280K->69247K(623616K), 0.1102375 secs] 1412330K->959916K(2009472K), 0.1102754 secs] [Times: user=0.11 sys=0.00, real=0.11 secs] 
[GC (Allocation Failure) [DefNew: 623615K->5914K(623616K), 0.0504676 secs] 1514284K->961112K(2009472K), 0.0505203 secs] [Times: user=0.06 sys=0.00, real=0.05 secs] 
[GC (Allocation Failure) [DefNew: 560282K->69248K(623616K), 0.3380688 secs] 1515480K->1087723K(2009472K), 0.3381221 secs] [Times: user=0.33 sys=0.00, real=0.34 secs] 
[GC (Allocation Failure) [DefNew: 623616K->5912K(623616K), 0.1042747 secs] 1642091K->1089368K(2009472K), 0.1044158 secs] [Times: user=0.11 sys=0.00, real=0.11 secs] 
[GC (Allocation Failure) [DefNew: 560280K->69248K(623616K), 0.5051114 secs] 1643736K->1208442K(2009472K), 0.5051531 secs] [Times: user=0.48 sys=0.00, real=0.51 secs] 

*** PauseDetector detected a 509 ms pause at Mon Dec 22 00:57:18 EET 2014 ***

[GC (Allocation Failure) [DefNew: 623616K->5884K(623616K), 0.0923959 secs] 1762810K->1209921K(2009472K), 0.0924351 secs] [Times: user=0.08 sys=0.00, real=0.09 secs] 
[GC (Allocation Failure) [DefNew: 560252K->69247K(623616K), 0.4003414 secs] 1764289K->1326459K(2009472K), 0.4003812 secs] [Times: user=0.39 sys=0.00, real=0.40 secs] 

*** PauseDetector detected a 402 ms pause at Mon Dec 22 00:57:22 EET 2014 ***

[GC (Allocation Failure) [DefNew: 623615K->5897K(623616K), 0.0837988 secs] 1880827K->1327917K(2009472K), 0.0838399 secs] [Times: user=0.08 sys=0.00, real=0.08 secs] 
[GC (Allocation Failure) [DefNew: 560265K->560265K(623616K), 0.0000199 secs][Tenured: 1322019K->862335K(1385856K), 2.7651255 secs] 1882285K->862335K(2009472K), [Metaspace: 10562K->10562K(12288K)], 2.7652076 secs] [Times: user=2.76 sys=0.00, real=2.76 secs] 

*** PauseDetector detected a 2769 ms pause at Mon Dec 22 00:57:28 EET 2014 ***

[GC (Allocation Failure) [DefNew: 554368K->5894K(623616K), 0.0122073 secs] 1416703K->868230K(2009472K), 0.0122470 secs] [Times: user=0.00 sys=0.00, real=0.01 secs] 
[GC (Allocation Failure) [DefNew: 560262K->69248K(623616K), 0.3437070 secs] 1422598K->979497K(2009472K), 0.3437570 secs] [Times: user=0.34 sys=0.00, real=0.34 secs] 
[GC (Allocation Failure) [DefNew: 623616K->5892K(623616K), 0.0675964 secs] 1533865K->980838K(2009472K), 0.0676426 secs] [Times: user=0.08 sys=0.00, real=0.07 secs] 
[GC (Allocation Failure) [DefNew: 560260K->69247K(623616K), 0.2716548 secs] 1535206K->1089626K(2009472K), 0.2717016 secs] [Times: user=0.26 sys=0.00, real=0.27 secs] 
[GC (Allocation Failure) [DefNew: 623615K->5916K(623616K), 0.0692774 secs] 1643994K->1090932K(2009472K), 0.0693197 secs] [Times: user=0.08 sys=0.00, real=0.07 secs] 
[GC (Allocation Failure) [DefNew: 560284K->69247K(623616K), 0.2752200 secs] 1645300K->1199011K(2009472K), 0.2752598 secs] [Times: user=0.26 sys=0.00, real=0.28 secs] 
[GC (Allocation Failure) [DefNew: 623615K->5918K(623616K), 0.0729491 secs] 1753379K->1200307K(2009472K), 0.0729927 secs] [Times: user=0.08 sys=0.00, real=0.07 secs] 
[GC (Allocation Failure) [DefNew: 560286K->69248K(623616K), 0.2403080 secs] 1754675K->1307804K(2009472K), 0.2404126 secs] [Times: user=0.25 sys=0.00, real=0.24 secs] 
[GC (Allocation Failure) [DefNew: 623616K->5884K(623616K), 0.0660714 secs] 1862172K->1309061K(2009472K), 0.0661330 secs] [Times: user=0.06 sys=0.00, real=0.07 secs] 
[GC (Allocation Failure) [DefNew: 560252K->560252K(623616K), 0.0000321 secs][Tenured: 1303177K->857002K(1385856K), 2.6968137 secs] 1863429K->857002K(2009472K), [Metaspace: 10562K->10562K(12288K)]
*** PauseDetector detected a 2697 ms pause at Mon Dec 22 00:57:47 EET 2014 ***

, 2.6969260 secs] [Times: user=2.70 sys=0.00, real=2.70 secs] 
[GC (Allocation Failure) [DefNew: 554368K->5879K(623616K), 0.0118717 secs] 1411370K->862881K(2009472K), 0.0119096 secs] [Times: user=0.02 sys=0.00, real=0.01 secs] 
[GC (Allocation Failure) [DefNew: 560247K->69248K(623616K), 0.2052363 secs] 1417249K->968529K(2009472K), 0.2052761 secs] [Times: user=0.20 sys=0.00, real=0.20 secs] 
[GC (Allocation Failure) [DefNew: 623616K->5921K(623616K), 0.0575231 secs] 1522897K->969779K(2009472K), 0.0575635 secs] [Times: user=0.06 sys=0.00, real=0.06 secs] 
[GC (Allocation Failure) [DefNew: 560289K->69247K(623616K), 0.1873261 secs] 1524147K->1075067K(2009472K), 0.1873645 secs] [Times: user=0.19 sys=0.00, real=0.19 secs] 
[GC (Allocation Failure) [DefNew: 623615K->5918K(623616K), 0.0547636 secs] 1629435K->1076311K(2009472K), 0.0548111 secs] [Times: user=0.06 sys=0.00, real=0.05 secs] 
[GC (Allocation Failure) [DefNew: 560286K->69248K(623616K), 0.1899385 secs] 1630679K->1181313K(2009472K), 0.1899770 secs] [Times: user=0.19 sys=0.00, real=0.19 secs] 
[GC (Allocation Failure) [DefNew: 623616K->5921K(623616K), 0.0515936 secs] 1735681K->1182554K(2009472K), 0.0516385 secs] [Times: user=0.06 sys=0.00, real=0.05 secs] 
[GC (Allocation Failure) [DefNew: 560289K->69247K(623616K), 0.1650409 secs] 1736922K->1287316K(2009472K), 0.1651416 secs] [Times: user=0.16 sys=0.00, real=0.16 secs] 
[GC (Allocation Failure) [DefNew: 623615K->5919K(623616K), 0.0489330 secs] 1841684K->1288553K(2009472K), 0.0489721 secs] [Times: user=0.06 sys=0.00, real=0.05 secs] 
[GC (Allocation Failure) [DefNew: 560287K->69248K(623616K), 0.1872356 secs] 1842921K->1393069K(2009472K), 0.1872767 secs] [Times: user=0.19 sys=0.00, real=0.19 secs] 
[GC (Allocation Failure) [DefNew: 623616K->623616K(623616K), 0.0000186 secs][Tenured: 1323821K->786464K(1385856K), 2.6420969 secs] 1947437K->786464K(2009472K), [Metaspace: 10562K->10562K(12288K)], 2.6421784 secs] [Times: user=2.64 sys=0.00, real=2.64 secs] 

*** PauseDetector detected a 2645 ms pause at Mon Dec 22 00:58:07 EET 2014 ***

[GC (Allocation Failure) [DefNew: 554368K->69247K(623616K), 0.1592520 secs] 1340832K->896757K(2009472K), 0.1592892 secs] [Times: user=0.16 sys=0.00, real=0.16 secs] 
[GC (Allocation Failure) [DefNew: 623615K->5925K(623616K), 0.0517912 secs] 1451125K->897996K(2009472K), 0.0518323 secs] [Times: user=0.05 sys=0.00, real=0.05 secs] 
[GC (Allocation Failure) [DefNew: 560293K->69247K(623616K), 0.1437861 secs] 1452364K->1001497K(2009472K), 0.1438266 secs] [Times: user=0.14 sys=0.00, real=0.14 secs] 
[GC (Allocation Failure) [DefNew: 623615K->5920K(623616K), 0.0548445 secs] 1555865K->1002705K(2009472K), 0.0548855 secs] [Times: user=0.05 sys=0.00, real=0.05 secs] 
[GC (Allocation Failure) [DefNew: 560288K->69248K(623616K), 0.1434153 secs] 1557073K->1106057K(2009472K), 0.1434987 secs] [Times: user=0.14 sys=0.00, real=0.14 secs] 
[GC (Allocation Failure) [DefNew: 623616K->5924K(623616K), 0.0570598 secs] 1660425K->1107267K(2009472K), 0.0571054 secs] [Times: user=0.05 sys=0.00, real=0.06 secs] 
[GC (Allocation Failure) [DefNew: 560292K->69248K(623616K), 0.1353327 secs] 1661635K->1210481K(2009472K), 0.1354373 secs] [Times: user=0.14 sys=0.00, real=0.13 secs] 
[GC (Allocation Failure) [DefNew: 623616K->5899K(623616K), 0.0472213 secs] 1764849K->1211665K(2009472K), 0.0473226 secs] [Times: user=0.05 sys=0.00, real=0.05 secs] 
[GC (Allocation Failure) [DefNew: 560267K->69247K(623616K), 0.1376873 secs] 1766033K->1314785K(2009472K), 0.1377284 secs] [Times: user=0.13 sys=0.00, real=0.14 secs] 
[GC (Allocation Failure) [DefNew: 623615K->5924K(623616K), 0.0603588 secs] 1869153K->1315991K(2009472K), 0.0603999 secs] [Times: user=0.06 sys=0.00, real=0.06 secs] 
[GC (Allocation Failure) [DefNew: 560292K->560292K(623616K), 0.0000180 secs][Tenured: 1310067K->853021K(1385856K), 2.5387833 secs] 1870359K->853021K(2009472K), [Metaspace: 10562K->10562K(12288K)], 2.5388628 secs] [Times: user=2.54 sys=0.00, real=2.54 secs] 

*** PauseDetector detected a 2542 ms pause at Mon Dec 22 00:58:27 EET 2014 ***

[GC (Allocation Failure) [DefNew: 554368K->5887K(623616K), 0.0157000 secs] 1407389K->858909K(2009472K), 0.0157462 secs] [Times: user=0.02 sys=0.00, real=0.02 secs] 
[GC (Allocation Failure) [DefNew: 560255K->69247K(623616K), 0.1174604 secs] 1413277K->961785K(2009472K), 0.1175001 secs] [Times: user=0.13 sys=0.00, real=0.12 secs] 
[GC (Allocation Failure) [DefNew: 623615K->5921K(623616K), 0.0483113 secs] 1516153K->963037K(2009472K), 0.0483524 secs] [Times: user=0.05 sys=0.00, real=0.05 secs] 
[GC (Allocation Failure) [DefNew: 560289K->69248K(623616K), 0.1257040 secs] 1517405K->1065807K(2009472K), 0.1257450 secs] [Times: user=0.12 sys=0.00, real=0.13 secs] 
[GC (Allocation Failure) [DefNew: 623616K->5875K(623616K), 0.0504741 secs] 1620175K->1066994K(2009472K), 0.0505273 secs] [Times: user=0.05 sys=0.00, real=0.05 secs] 
[GC (Allocation Failure) [DefNew: 560243K->69248K(623616K), 0.1213720 secs] 1621362K->1169765K(2009472K), 0.1214138 secs] [Times: user=0.13 sys=0.00, real=0.12 secs] 
[GC (Allocation Failure) [DefNew: 623616K->5878K(623616K), 0.0521422 secs] 1724133K->1170917K(2009472K), 0.0522480 secs] [Times: user=0.05 sys=0.00, real=0.05 secs] 
[GC (Allocation Failure) [DefNew: 560246K->69248K(623616K), 0.1213791 secs] 1725285K->1273134K(2009472K), 0.1214202 secs] [Times: user=0.12 sys=0.00, real=0.12 secs] 
[GC (Allocation Failure) [DefNew: 623616K->5923K(623616K), 0.0459131 secs] 1827502K->1274319K(2009472K), 0.0459567 secs] [Times: user=0.05 sys=0.00, real=0.05 secs] 
[GC (Allocation Failure) [DefNew: 560291K->69248K(623616K), 0.1194403 secs] 1828687K->1376383K(2009472K), 0.1194807 secs] [Times: user=0.11 sys=0.00, real=0.12 secs] 
[Full GC (System.gc()) [Tenured: 1307135K->850820K(1385856K), 2.3534686 secs] 1387832K->850820K(2009472K), [Metaspace: 10562K->10562K(12288K)], 2.3536277 secs] [Times: user=2.36 sys=0.00, real=2.35 secs] 
[Full GC (System.gc()) [Tenured: 850820K->846459K(1385856K), 2.2394509 secs] 861960K->846459K(2009472K), [Metaspace: 10562K->10562K(12288K)], 2.2396004 secs] [Times: user=2.25 sys=0.00, real=2.24 secs] 
[Full GC (System.gc()) [Tenured: 846459K->778201K(1385856K), 2.4488908 secs] 857599K->778201K(2009472K), [Metaspace: 10562K->10562K(12288K)], 2.4489472 secs] [Times: user=2.45 sys=0.00, real=2.45 secs] 

*** PauseDetector detected a 2355 ms pause at Mon Dec 22 00:58:45 EET 2014 ***

[Full GC (System.gc()) [Tenured: 778201K->778201K(1385856K), 2.1854405 secs] 789340K->778201K(2009472K), [Metaspace: 10562K->10562K(12288K)], 2.1854905 secs] [Times: user=2.18 sys=0.00, real=2.19 secs] 
[Full GC (System.gc()) [Tenured: 778201K->778201K(1385856K), 2.2030851 secs] 789338K->778201K(2009472K), [Metaspace: 10562K->10562K(12288K)], 2.2031338 secs] [Times: user=2.20 sys=0.00, real=2.20 secs] 
[Full GC (System.gc()) [Tenured: 778201K->778201K(1385856K), 2.3147584 secs] 778203K->778201K(2009472K), [Metaspace: 10562K->10562K(12288K)], 2.3148110 secs] [Times: user=2.31 sys=0.00, real=2.32 secs] 

*** PauseDetector detected a 9122 ms pause at Mon Dec 22 00:58:54 EET 2014 ***


*** PauseDetector detected a 2344 ms pause at Mon Dec 22 00:58:56 EET 2014 ***

[GC (Allocation Failure) [DefNew: 554368K->69247K(623616K), 0.1068763 secs] 1332569K->886188K(2009472K), 0.1069148 secs] [Times: user=0.11 sys=0.00, real=0.11 secs] 
[GC (Allocation Failure) [DefNew: 623615K->5954K(623616K), 0.0436592 secs] 1440556K->887368K(2009472K), 0.0437099 secs] [Times: user=0.05 sys=0.00, real=0.04 secs] 
[GC (Allocation Failure) [DefNew: 560322K->69247K(623616K), 0.1152976 secs] 1441736K->989336K(2009472K), 0.1153387 secs] [Times: user=0.11 sys=0.00, real=0.12 secs] 
[GC (Allocation Failure) [DefNew: 623615K->5954K(623616K), 0.0430080 secs] 1543704K->990515K(2009472K), 0.0430478 secs] [Times: user=0.03 sys=0.00, real=0.04 secs] 
[GC (Allocation Failure) [DefNew: 560322K->69248K(623616K), 0.3290104 secs] 1544883K->1117132K(2009472K), 0.3290482 secs] [Times: user=0.33 sys=0.00, real=0.33 secs] 
[GC (Allocation Failure) [DefNew: 623616K->5954K(623616K), 0.1038994 secs] 1671500K->1118774K(2009472K), 0.1039411 secs] [Times: user=0.11 sys=0.00, real=0.10 secs] 
[Full GC (System.gc()) [Tenured: 1112819K->697911K(1385856K), 2.4742555 secs] 1129916K->697911K(2009472K), [Metaspace: 10562K->10562K(12288K)], 2.4743094 secs] [Times: user=2.46 sys=0.00, real=2.47 secs] 
[Full GC (System.gc()) [Tenured: 697911K->697911K(1385856K), 2.1736477 secs] 697911K->697911K(2009472K), [Metaspace: 10562K->10562K(12288K)], 2.1737586 secs] [Times: user=2.17 sys=0.00, real=2.17 secs] 
[Full GC (System.gc()) [Tenured: 697911K->697912K(1385856K), 2.1598948 secs] 697914K->697912K(2009472K), [Metaspace: 10562K->10562K(12288K)], 2.1600084 secs] [Times: user=2.15 sys=0.00, real=2.16 secs] 

*** PauseDetector detected a 4651 ms pause at Mon Dec 22 00:59:11 EET 2014 ***

********************************
********** ROUND   29 **********
********************************

*** PauseDetector detected a 2171 ms pause at Mon Dec 22 00:59:13 EET 2014 ***

[GC (Allocation Failure) [DefNew: 554368K->69247K(623616K), 0.3341539 secs] 1252280K->822707K(2009472K), 0.3341937 secs] [Times: user=0.34 sys=0.00, real=0.33 secs] 
[GC (Allocation Failure) [DefNew: 623615K->5887K(623616K), 0.0871311 secs] 1377075K->824187K(2009472K), 0.0871722 secs] [Times: user=0.09 sys=0.00, real=0.09 secs] 
[GC (Allocation Failure) [DefNew: 560255K->69248K(623616K), 0.4065744 secs] 1378555K->940690K(2009472K), 0.4066218 secs] [Times: user=0.41 sys=0.00, real=0.41 secs] 

*** PauseDetector detected a 407 ms pause at Mon Dec 22 00:59:19 EET 2014 ***

[GC (Allocation Failure) [DefNew: 623616K->5891K(623616K), 0.0930920 secs] 1495058K->942174K(2009472K), 0.0931401 secs] [Times: user=0.09 sys=0.00, real=0.09 secs] 
[GC (Allocation Failure) [DefNew: 560259K->69247K(623616K), 0.3572121 secs] 1496542K->1054639K(2009472K), 0.3572487 secs] [Times: user=0.36 sys=0.00, real=0.36 secs] 

*** PauseDetector detected a 359 ms pause at Mon Dec 22 00:59:22 EET 2014 ***

[GC (Allocation Failure) [DefNew: 623615K->5888K(623616K), 0.0738255 secs] 1609007K->1056018K(2009472K), 0.0738646 secs] [Times: user=0.06 sys=0.00, real=0.07 secs] 
[GC (Allocation Failure) [DefNew: 560256K->69248K(623616K), 0.3315138 secs] 1610386K->1167252K(2009472K), 0.3315568 secs] [Times: user=0.33 sys=0.00, real=0.33 secs] 
[GC (Allocation Failure) [DefNew: 623616K->5897K(623616K), 0.0871453 secs] 1721620K->1168637K(2009472K), 0.0871882 secs] [Times: user=0.09 sys=0.00, real=0.09 secs] 
[GC (Allocation Failure) [DefNew: 560265K->69247K(623616K), 0.2896285 secs] 1723005K->1277399K(2009472K), 0.2896760 secs] [Times: user=0.28 sys=0.00, real=0.29 secs] 
[GC (Allocation Failure) [DefNew: 623615K->5888K(623616K), 0.0702513 secs] 1831767K->1278698K(2009472K), 0.0702911 secs] [Times: user=0.06 sys=0.00, real=0.07 secs] 
[GC (Allocation Failure) [DefNew: 560256K->69247K(623616K), 0.2803032 secs] 1833066K->1386779K(2009472K), 0.2803424 secs] [Times: user=0.28 sys=0.00, real=0.28 secs] 
[GC (Allocation Failure) [DefNew: 623615K->623615K(623616K), 0.0000237 secs][Tenured: 1317531K->859252K(1385856K), 2.7563782 secs] 1941147K->859252K(2009472K), [Metaspace: 10562K->10562K(12288K)], 2.7564687 secs] [Times: user=2.76 sys=0.00, real=2.76 secs] 

*** PauseDetector detected a 2758 ms pause at Mon Dec 22 00:59:37 EET 2014 ***

[GC (Allocation Failure) [DefNew: 554368K->69247K(623616K), 0.2379451 secs] 1413620K->972645K(2009472K), 0.2379842 secs] [Times: user=0.23 sys=0.00, real=0.24 secs] 
[GC (Allocation Failure) [DefNew: 623615K->5902K(623616K), 0.0669337 secs] 1527013K->973942K(2009472K), 0.0669748 secs] [Times: user=0.06 sys=0.00, real=0.07 secs] 
[GC (Allocation Failure) [DefNew: 560270K->69247K(623616K), 0.1932658 secs] 1528310K->1081009K(2009472K), 0.1933094 secs] [Times: user=0.19 sys=0.00, real=0.19 secs] 
[GC (Allocation Failure) [DefNew: 623615K->5900K(623616K), 0.0591212 secs] 1635377K->1082295K(2009472K), 0.0591616 secs] [Times: user=0.05 sys=0.00, real=0.06 secs] 
[GC (Allocation Failure) [DefNew: 560268K->69248K(623616K), 0.2094733 secs] 1636663K->1187905K(2009472K), 0.2095137 secs] [Times: user=0.20 sys=0.00, real=0.21 secs] 
[GC (Allocation Failure) [DefNew: 623616K->5909K(623616K), 0.0585098 secs] 1742273K->1189162K(2009472K), 0.0585541 secs] [Times: user=0.05 sys=0.00, real=0.06 secs] 
[GC (Allocation Failure) [DefNew: 560277K->69248K(623616K), 0.1909606 secs] 1743530K->1294445K(2009472K), 0.1910671 secs] [Times: user=0.20 sys=0.00, real=0.19 secs] 
[GC (Allocation Failure) [DefNew: 623616K->5902K(623616K), 0.0565029 secs] 1848813K->1295689K(2009472K), 0.0566467 secs] [Times: user=0.06 sys=0.00, real=0.06 secs] 
[GC (Allocation Failure) [DefNew: 560270K->69248K(623616K), 0.1834432 secs] 1850057K->1400689K(2009472K), 0.1835472 secs] [Times: user=0.19 sys=0.00, real=0.18 secs] 
[GC (Allocation Failure) [DefNew: 623616K->623616K(623616K), 0.0000212 secs][Tenured: 1331441K->786897K(1385856K), 2.6188975 secs] 1955057K->786897K(2009472K), [Metaspace: 10562K->10562K(12288K)], 2.6189758 secs] [Times: user=2.62 sys=0.00, real=2.62 secs] 

*** PauseDetector detected a 2620 ms pause at Mon Dec 22 00:59:56 EET 2014 ***

[GC (Allocation Failure) [DefNew: 554368K->69247K(623616K), 0.1586662 secs] 1341265K->897564K(2009472K), 0.1587054 secs] [Times: user=0.16 sys=0.00, real=0.16 secs] 
[GC (Allocation Failure) [DefNew: 623615K->5906K(623616K), 0.0584097 secs] 1451932K->898805K(2009472K), 0.0584591 secs] [Times: user=0.05 sys=0.00, real=0.06 secs] 
[GC (Allocation Failure) [DefNew: 560274K->69247K(623616K), 0.1554012 secs] 1453173K->1003361K(2009472K), 0.1555372 secs] [Times: user=0.16 sys=0.00, real=0.16 secs] 
[GC (Allocation Failure) [DefNew: 623615K->5904K(623616K), 0.0510220 secs] 1557729K->1004595K(2009472K), 0.0510630 secs] [Times: user=0.06 sys=0.00, real=0.05 secs] 
[GC (Allocation Failure) [DefNew: 560272K->69248K(623616K), 0.1663581 secs] 1558963K->1108970K(2009472K), 0.1663998 secs] [Times: user=0.16 sys=0.00, real=0.17 secs] 
[GC (Allocation Failure) [DefNew: 623616K->5884K(623616K), 0.0595883 secs] 1663338K->1110182K(2009472K), 0.0596326 secs] [Times: user=0.05 sys=0.00, real=0.06 secs] 
[GC (Allocation Failure) [DefNew: 560252K->69247K(623616K), 0.1539237 secs] 1664550K->1213672K(2009472K), 0.1539654 secs] [Times: user=0.16 sys=0.00, real=0.15 secs] 
[GC (Allocation Failure) [DefNew: 623615K->5906K(623616K), 0.0489542 secs] 1768040K->1214917K(2009472K), 0.0489933 secs] [Times: user=0.05 sys=0.00, real=0.05 secs] 
[GC (Allocation Failure) [DefNew: 560274K->69248K(623616K), 0.1373107 secs] 1769285K->1318266K(2009472K), 0.1373524 secs] [Times: user=0.14 sys=0.00, real=0.14 secs] 
[GC (Allocation Failure) [DefNew: 623616K->5884K(623616K), 0.0543466 secs] 1872634K->1319454K(2009472K), 0.0543999 secs] [Times: user=0.06 sys=0.00, real=0.05 secs] 
[GC (Allocation Failure) [DefNew: 560252K->560252K(623616K), 0.0000218 secs][Tenured: 1313569K->853238K(1385856K), 2.5371171 secs] 1873822K->853238K(2009472K), [Metaspace: 10562K->10562K(12288K)], 2.5372704 secs] [Times: user=2.53 sys=0.02, real=2.54 secs] 

*** PauseDetector detected a 2539 ms pause at Mon Dec 22 01:00:16 EET 2014 ***

[GC (Allocation Failure) [DefNew: 554368K->5908K(623616K), 0.0125011 secs] 1407606K->859146K(2009472K), 0.0125402 secs] [Times: user=0.01 sys=0.00, real=0.01 secs] 
[GC (Allocation Failure) [DefNew: 560276K->69247K(623616K), 0.1495841 secs] 1413514K->962219K(2009472K), 0.1496245 secs] [Times: user=0.16 sys=0.00, real=0.15 secs] 
[GC (Allocation Failure) [DefNew: 623615K->5883K(623616K), 0.0469319 secs] 1516587K->963424K(2009472K), 0.0469749 secs] [Times: user=0.05 sys=0.00, real=0.05 secs] 
[GC (Allocation Failure) [DefNew: 560251K->69247K(623616K), 0.1291755 secs] 1517792K->1066439K(2009472K), 0.1292127 secs] [Times: user=0.13 sys=0.00, real=0.13 secs] 
[GC (Allocation Failure) [DefNew: 623615K->5869K(623616K), 0.0441584 secs] 1620807K->1067603K(2009472K), 0.0442014 secs] [Times: user=0.05 sys=0.00, real=0.04 secs] 
[GC (Allocation Failure) [DefNew: 560237K->69248K(623616K), 0.1404217 secs] 1621971K->1170541K(2009472K), 0.1404679 secs] [Times: user=0.14 sys=0.00, real=0.14 secs] 
[GC (Allocation Failure) [DefNew: 623616K->5900K(623616K), 0.0474946 secs] 1724909K->1171729K(2009472K), 0.0475401 secs] [Times: user=0.05 sys=0.00, real=0.05 secs] 
[GC (Allocation Failure) [DefNew: 560268K->69248K(623616K), 0.1253986 secs] 1726097K->1274544K(2009472K), 0.1255147 secs] [Times: user=0.13 sys=0.00, real=0.13 secs] 
[GC (Allocation Failure) [DefNew: 623616K->5912K(623616K), 0.0504413 secs] 1828912K->1275744K(2009472K), 0.0504805 secs] [Times: user=0.06 sys=0.00, real=0.05 secs] 
[GC (Allocation Failure) [DefNew: 560280K->69248K(623616K), 0.1413520 secs] 1830112K->1378465K(2009472K), 0.1413976 secs] [Times: user=0.14 sys=0.00, real=0.14 secs] 
[GC (Allocation Failure) [DefNew: 623616K->623616K(623616K), 0.0000199 secs][Tenured: 1309217K->853223K(1385856K), 2.5316406 secs] 1932833K->853223K(2009472K), [Metaspace: 10562K->10562K(12288K)], 2.5317234 secs] [Times: user=2.53 sys=0.00, real=2.53 secs] 

*** PauseDetector detected a 2533 ms pause at Mon Dec 22 01:00:35 EET 2014 ***

[GC (Allocation Failure) [DefNew: 554368K->69247K(623616K), 0.1184099 secs] 1407591K->961307K(2009472K), 0.1184529 secs] [Times: user=0.13 sys=0.00, real=0.12 secs] 
[GC (Allocation Failure) [DefNew: 623615K->5901K(623616K), 0.0565761 secs] 1515675K->962480K(2009472K), 0.0566236 secs] [Times: user=0.06 sys=0.00, real=0.06 secs] 
[GC (Allocation Failure) [DefNew: 560269K->69248K(623616K), 0.1122655 secs] 1516848K->1064593K(2009472K), 0.1123759 secs] [Times: user=0.11 sys=0.00, real=0.11 secs] 
[GC (Allocation Failure) [DefNew: 623616K->5912K(623616K), 0.0456725 secs] 1618961K->1065776K(2009472K), 0.0457155 secs] [Times: user=0.05 sys=0.00, real=0.05 secs] 
[GC (Allocation Failure) [DefNew: 560280K->69247K(623616K), 0.1132478 secs] 1620144K->1167806K(2009472K), 0.1132908 secs] [Times: user=0.11 sys=0.00, real=0.11 secs] 
[GC (Allocation Failure) [DefNew: 623615K->5917K(623616K), 0.0467010 secs] 1722174K->1168992K(2009472K), 0.0467401 secs] [Times: user=0.05 sys=0.00, real=0.05 secs] 
[GC (Allocation Failure) [DefNew: 560285K->69248K(623616K), 0.1142031 secs] 1723360K->1270947K(2009472K), 0.1142454 secs] [Times: user=0.11 sys=0.00, real=0.11 secs] 
[GC (Allocation Failure) [DefNew: 623616K->5914K(623616K), 0.0444035 secs] 1825315K->1272137K(2009472K), 0.0444465 secs] [Times: user=0.05 sys=0.00, real=0.05 secs] 
[GC (Allocation Failure) [DefNew: 560282K->69248K(623616K), 0.3404503 secs] 1826505K->1398751K(2009472K), 0.3404888 secs] [Times: user=0.34 sys=0.00, real=0.34 secs] 
[GC (Allocation Failure) [DefNew: 623616K->623616K(623616K), 0.0000276 secs][Tenured: 1329503K->877005K(1385856K), 2.6457590 secs] 1953119K->877005K(2009472K), [Metaspace: 10562K->10562K(12288K)], 2.6458546 secs] [Times: user=2.65 sys=0.00, real=2.65 secs] 

*** PauseDetector detected a 2650 ms pause at Mon Dec 22 01:00:53 EET 2014 ***

[GC (Allocation Failure) [DefNew: 554368K->69248K(623616K), 0.4728190 secs] 1431373K->1001994K(2009472K), 0.4729274 secs] [Times: user=0.48 sys=0.00, real=0.47 secs] 

*** PauseDetector detected a 473 ms pause at Mon Dec 22 01:00:56 EET 2014 ***

[GC (Allocation Failure) [DefNew: 623616K->5887K(623616K), 0.0950565 secs] 1556362K->1003473K(2009472K), 0.0950963 secs] [Times: user=0.09 sys=0.00, real=0.10 secs] 
[GC (Allocation Failure) [DefNew: 560255K->69247K(623616K), 0.4214198 secs] 1557841K->1119981K(2009472K), 0.4214602 secs] [Times: user=0.42 sys=0.00, real=0.42 secs] 

*** PauseDetector detected a 423 ms pause at Mon Dec 22 01:01:00 EET 2014 ***

[GC (Allocation Failure) [DefNew: 623615K->5875K(623616K), 0.0765304 secs] 1674349K->1121444K(2009472K), 0.0765862 secs] [Times: user=0.08 sys=0.00, real=0.08 secs] 
[GC (Allocation Failure) [DefNew: 560243K->69248K(623616K), 0.4009176 secs] 1675812K->1233951K(2009472K), 0.4009574 secs] [Times: user=0.41 sys=0.00, real=0.40 secs] 

*** PauseDetector detected a 404 ms pause at Mon Dec 22 01:01:03 EET 2014 ***

[GC (Allocation Failure) [DefNew: 623616K->5880K(623616K), 0.0812036 secs] 1788319K->1235296K(2009472K), 0.0812466 secs] [Times: user=0.08 sys=0.00, real=0.08 secs] 
[GC (Allocation Failure) [DefNew: 560248K->69247K(623616K), 0.3374272 secs] 1789664K->1346577K(2009472K), 0.3375697 secs] [Times: user=0.34 sys=0.00, real=0.34 secs] 
[GC (Allocation Failure) [DefNew: 623615K->5917K(623616K), 0.0682111 secs] 1900945K->1347942K(2009472K), 0.0682515 secs] [Times: user=0.06 sys=0.00, real=0.07 secs] 
[GC (Allocation Failure) [DefNew: 560285K->560285K(623616K), 0.0000199 secs][Tenured: 1342025K->789386K(1385856K), 3.0225443 secs] 1902310K->789386K(2009472K), [Metaspace: 10566K->10566K(12288K)]
*** PauseDetector detected a 3024 ms pause at Mon Dec 22 01:01:13 EET 2014 ***

, 3.0226367 secs] [Times: user=3.03 sys=0.00, real=3.02 secs] 
[GC (Allocation Failure) [DefNew: 554368K->5896K(623616K), 0.0127969 secs] 1343754K->795282K(2009472K), 0.0128386 secs] [Times: user=0.02 sys=0.00, real=0.01 secs] 
[GC (Allocation Failure) [DefNew: 560264K->69248K(623616K), 0.2824897 secs] 1349650K->903374K(2009472K), 0.2825282 secs] [Times: user=0.28 sys=0.00, real=0.28 secs] 
[GC (Allocation Failure) [DefNew: 623616K->5870K(623616K), 0.0657442 secs] 1457742K->904631K(2009472K), 0.0657840 secs] [Times: user=0.06 sys=0.00, real=0.06 secs] 
[GC (Allocation Failure) [DefNew: 560238K->69247K(623616K), 0.2330512 secs] 1458999K->1012155K(2009472K), 0.2330954 secs] [Times: user=0.23 sys=0.00, real=0.23 secs] 
[GC (Allocation Failure) [DefNew: 623615K->5919K(623616K), 0.0608740 secs] 1566523K->1013467K(2009472K), 0.0609125 secs] [Times: user=0.06 sys=0.00, real=0.06 secs] 
[GC (Allocation Failure) [DefNew: 560287K->69247K(623616K), 0.2470574 secs] 1567835K->1120518K(2009472K), 0.2471087 secs] [Times: user=0.25 sys=0.00, real=0.25 secs] 
[GC (Allocation Failure) [DefNew: 623615K->5879K(623616K), 0.0647799 secs] 1674886K->1121758K(2009472K), 0.0648210 secs] [Times: user=0.06 sys=0.00, real=0.07 secs] 
[GC (Allocation Failure) [DefNew: 560247K->69248K(623616K), 0.1901233 secs] 1676126K->1227432K(2009472K), 0.1901631 secs] [Times: user=0.19 sys=0.00, real=0.19 secs] 
[GC (Allocation Failure) [DefNew: 623616K->5920K(623616K), 0.0624497 secs] 1781800K->1228680K(2009472K), 0.0624972 secs] [Times: user=0.06 sys=0.00, real=0.06 secs] 
[GC (Allocation Failure) [DefNew: 560288K->69248K(623616K), 0.2044651 secs] 1783048K->1333972K(2009472K), 0.2045062 secs] [Times: user=0.20 sys=0.00, real=0.20 secs] 
[GC (Allocation Failure) [DefNew: 623616K->5882K(623616K), 0.0516975 secs] 1888340K->1335176K(2009472K), 0.0517405 secs] [Times: user=0.06 sys=0.00, real=0.05 secs] 
[GC (Allocation Failure) [DefNew: 560250K->560250K(623616K), 0.0000212 secs][Tenured: 1329294K->854985K(1385856K), 2.5855458 secs] 1889544K->854985K(2009472K), [Metaspace: 10566K->10566K(12288K)], 2.5856363 secs] [Times: user=2.57 sys=0.00, real=2.59 secs] 

*** PauseDetector detected a 2587 ms pause at Mon Dec 22 01:01:35 EET 2014 ***

[GC (Allocation Failure) [DefNew: 554368K->5871K(623616K), 0.0123093 secs] 1409353K->860856K(2009472K), 0.0123484 secs] [Times: user=0.02 sys=0.00, real=0.01 secs] 
[GC (Allocation Failure) [DefNew: 560239K->69247K(623616K), 0.1568615 secs] 1415224K->965667K(2009472K), 0.1569000 secs] [Times: user=0.16 sys=0.00, real=0.16 secs] 
[GC (Allocation Failure) [DefNew: 623615K->5918K(623616K), 0.0496997 secs] 1520035K->966905K(2009472K), 0.0497439 secs] [Times: user=0.05 sys=0.00, real=0.05 secs] 
[GC (Allocation Failure) [DefNew: 560286K->69247K(623616K), 0.1691124 secs] 1521273K->1071461K(2009472K), 0.1691528 secs] [Times: user=0.16 sys=0.00, real=0.17 secs] 
[GC (Allocation Failure) [DefNew: 623615K->5925K(623616K), 0.0518496 secs] 1625829K->1072703K(2009472K), 0.0519555 secs] [Times: user=0.06 sys=0.00, real=0.05 secs] 
[GC (Allocation Failure) [DefNew: 560293K->69247K(623616K), 0.1502295 secs] 1627071K->1177073K(2009472K), 0.1502693 secs] [Times: user=0.16 sys=0.00, real=0.15 secs] 
[GC (Allocation Failure) [DefNew: 623615K->5921K(623616K), 0.0541201 secs] 1731441K->1178307K(2009472K), 0.0541586 secs] [Times: user=0.06 sys=0.00, real=0.05 secs] 
[GC (Allocation Failure) [DefNew: 560289K->69248K(623616K), 0.1653027 secs] 1732675K->1281810K(2009472K), 0.1653508 secs] [Times: user=0.17 sys=0.00, real=0.17 secs] 
[GC (Allocation Failure) [DefNew: 623616K->5925K(623616K), 0.0493911 secs] 1836178K->1283024K(2009472K), 0.0494334 secs] [Times: user=0.05 sys=0.00, real=0.05 secs] 
[GC (Allocation Failure) [DefNew: 560293K->69248K(623616K), 0.1482425 secs] 1837392K->1386372K(2009472K), 0.1482810 secs] [Times: user=0.16 sys=0.00, real=0.15 secs] 
[GC (Allocation Failure) [DefNew: 623616K->623616K(623616K), 0.0000192 secs][Tenured: 1317124K->854542K(1385856K), 2.6714073 secs] 1940740K->854542K(2009472K), [Metaspace: 10566K->10566K(12288K)], 2.6715048 secs] [Times: user=2.67 sys=0.00, real=2.67 secs] 

*** PauseDetector detected a 2674 ms pause at Mon Dec 22 01:01:55 EET 2014 ***

[GC (Allocation Failure) [DefNew: 554368K->69248K(623616K), 0.1320415 secs] 1408910K->963683K(2009472K), 0.1320832 secs] [Times: user=0.14 sys=0.00, real=0.13 secs] 
[GC (Allocation Failure) [DefNew: 623616K->5897K(623616K), 0.0492410 secs] 1518051K->964861K(2009472K), 0.0492788 secs] [Times: user=0.05 sys=0.00, real=0.05 secs] 
[GC (Allocation Failure) [DefNew: 560265K->69248K(623616K), 0.1355297 secs] 1519229K->1067966K(2009472K), 0.1355701 secs] [Times: user=0.13 sys=0.00, real=0.14 secs] 
[GC (Allocation Failure) [DefNew: 623616K->5923K(623616K), 0.0538135 secs] 1622334K->1069190K(2009472K), 0.0538584 secs] [Times: user=0.06 sys=0.00, real=0.05 secs] 
[GC (Allocation Failure) [DefNew: 560291K->69247K(623616K), 0.1292352 secs] 1623558K->1172182K(2009472K), 0.1292769 secs] [Times: user=0.13 sys=0.00, real=0.13 secs] 
[GC (Allocation Failure) [DefNew: 623615K->5923K(623616K), 0.0479803 secs] 1726550K->1173383K(2009472K), 0.0480226 secs] [Times: user=0.05 sys=0.00, real=0.05 secs] 
[GC (Allocation Failure) [DefNew: 560291K->69248K(623616K), 0.1226327 secs] 1727751K->1276277K(2009472K), 0.1226777 secs] [Times: user=0.13 sys=0.00, real=0.12 secs] 
[Full GC (System.gc()) [Tenured: 1207029K->853787K(1385856K), 2.6080395 secs] 1802792K->853787K(2009472K), [Metaspace: 10566K->10566K(12288K)], 2.6080901 secs] [Times: user=2.60 sys=0.00, real=2.61 secs] 
[Full GC (System.gc()) [Tenured
*** PauseDetector detected a 4930 ms pause at Mon Dec 22 01:02:12 EET 2014 ***

: 853787K->784501K(1385856K), 2.3201464 secs] 853787K->784501K(2009472K), [Metaspace: 10566K->10566K(12288K)], 2.3201907 secs] [Times: user=2.28 sys=0.00, real=2.32 secs] 
[Full GC (System.gc()) [Tenured: 784501K->784508K(1385856K), 2.3749273 secs] 795601K->784508K(2009472K), [Metaspace: 10566K->10566K(12288K)], 2.3749812 secs] [Times: user=2.34 sys=0.00, real=2.38 secs] 

*** PauseDetector detected a 2380 ms pause at Mon Dec 22 01:02:15 EET 2014 ***

[Full GC (System.gc()) [Tenured: 784508K->784508K(1385856K), 2.2659666 secs] 784510K->784508K(2009472K), [Metaspace: 10566K->10566K(12288K)], 2.2660224 secs] [Times: user=2.26 sys=0.00, real=2.27 secs] 

*** PauseDetector detected a 2269 ms pause at Mon Dec 22 01:02:17 EET 2014 ***

[Full GC (System.gc()) [Tenured: 784508K->746164K(1385856K), 2.1602445 secs] 795608K->746164K(2009472K), [Metaspace: 10566K->10566K(12288K)], 2.1602977 secs] [Times: user=2.17 sys=0.00, real=2.16 secs] 

*** PauseDetector detected a 2166 ms pause at Mon Dec 22 01:02:19 EET 2014 ***

[Full GC (System.gc()) [Tenured: 746164K->676905K(1385856K), 2.3368633 secs] 746166K->676905K(2009472K), [Metaspace: 10566K->10566K(12288K)], 2.3369056 secs] [Times: user=2.34 sys=0.00, real=2.34 secs] 

*** PauseDetector detected a 2337 ms pause at Mon Dec 22 01:02:21 EET 2014 ***

[GC (Allocation Failure) [DefNew: 554368K->69247K(623616K), 0.0893548 secs] 1231273K->785629K(2009472K), 0.0893953 secs] [Times: user=0.09 sys=0.00, real=0.09 secs] 
[GC (Allocation Failure) [DefNew: 623615K->5954K(623616K), 0.0470307 secs] 1339997K->786827K(2009472K), 0.0470724 secs] [Times: user=0.05 sys=0.00, real=0.05 secs] 
[GC (Allocation Failure) [DefNew: 560322K->69248K(623616K), 0.1111537 secs] 1341195K->889549K(2009472K), 0.1112602 secs] [Times: user=0.11 sys=0.00, real=0.11 secs] 
[GC (Allocation Failure) [DefNew: 623616K->5954K(623616K), 0.0497812 secs] 1443917K->890747K(2009472K), 0.0498915 secs] [Times: user=0.05 sys=0.00, real=0.05 secs] 
[GC (Allocation Failure) [DefNew: 560322K->69248K(623616K), 0.1068654 secs] 1445115K->992921K(2009472K), 0.1069064 secs] [Times: user=0.09 sys=0.00, real=0.11 secs] 
[GC (Allocation Failure) [DefNew: 623616K->5954K(623616K), 0.0451612 secs] 1547289K->994103K(2009472K), 0.0451984 secs] [Times: user=0.05 sys=0.00, real=0.05 secs] 
[Full GC (System.gc()) [Tenured: 988148K->849397K(1385856K), 2.4509220 secs] 1293754K->849397K(2009472K), [Metaspace: 10566K->10566K(12288K)], 2.4510574 secs] [Times: user=2.45 sys=0.00, real=2.45 secs] 
[Full GC (System.gc()) [Tenured: 849397K->849319K(1385856K), 2.2889587 secs] 849399K->849319K(2009472K), [Metaspace: 10566K->10566K(12288K)], 2.2890755 secs] [Times: user=2.29 sys=0.00, real=2.29 secs] 
[Full GC (System.gc()) [Tenured: 849319K->847434K(1385856K), 2.2042130 secs] 860413K->847434K(2009472K), [Metaspace: 10566K->10566K(12288K)], 2.2043297 secs] [Times: user=2.18 sys=0.00, real=2.20 secs] 

*** PauseDetector detected a 6948 ms pause at Mon Dec 22 01:02:38 EET 2014 ***

********************************
********** ROUND   30 **********
********************************
[GC (Allocation Failure) [DefNew: 554368K->5803K(623616K), 0.0115240 secs] 1401802K->853237K(2009472K), 0.0115683 secs] [Times: user=0.02 sys=0.00, real=0.01 secs] 
[GC (Allocation Failure) [DefNew: 560171K->69247K(623616K), 0.1190778 secs] 1407605K->960956K(2009472K), 0.1191156 secs] [Times: user=0.13 sys=0.00, real=0.12 secs] 
[GC (Allocation Failure) [DefNew: 623615K->5862K(623616K), 0.0513139 secs] 1515324K->962152K(2009472K), 0.0513537 secs] [Times: user=0.06 sys=0.00, real=0.05 secs] 
[GC (Allocation Failure) [DefNew: 560230K->69248K(623616K), 0.1134293 secs] 1516520K->1064112K(2009472K), 0.1135544 secs] [Times: user=0.13 sys=0.00, real=0.11 secs] 
[GC (Allocation Failure) [DefNew: 623616K->5894K(623616K), 0.0487752 secs] 1618480K->1065332K(2009472K), 0.0488522 secs] [Times: user=0.05 sys=0.00, real=0.05 secs] 
[GC (Allocation Failure) [DefNew: 560262K->69247K(623616K), 0.3460077 secs] 1619700K->1191944K(2009472K), 0.3461110 secs] [Times: user=0.34 sys=0.00, real=0.35 secs] 
[GC (Allocation Failure) [DefNew: 623615K->5881K(623616K), 0.1090660 secs] 1746312K->1193577K(2009472K), 0.1092662 secs] [Times: user=0.11 sys=0.00, real=0.11 secs] 
[GC (Allocation Failure) [DefNew: 560249K->69248K(623616K), 0.4848511 secs] 1747945K->1312654K(2009472K), 0.4848915 secs] [Times: user=0.48 sys=0.00, real=0.48 secs] 

*** PauseDetector detected a 488 ms pause at Mon Dec 22 01:02:52 EET 2014 ***

[GC (Allocation Failure) [DefNew: 623616K->5897K(623616K), 0.1042202 secs] 1867022K->1314174K(2009472K), 0.1042644 secs] [Times: user=0.09 sys=0.00, real=0.10 secs] 
[GC (Allocation Failure) [DefNew: 560265K->560265K(623616K), 0.0000199 secs][Tenured: 1308276K->796784K(1385856K), 2.7698731 secs] 1868542K->796784K(2009472K), [Metaspace: 10566K->10566K(12288K)], 2.7699572 secs] [Times: user=2.76 sys=0.00, real=2.77 secs] 

*** PauseDetector detected a 2774 ms pause at Mon Dec 22 01:02:58 EET 2014 ***

[GC (Allocation Failure) [DefNew: 554368K->5901K(623616K), 0.0126121 secs] 1351152K->802686K(2009472K), 0.0126570 secs] [Times: user=0.02 sys=0.00, real=0.01 secs] 
[GC (Allocation Failure) [DefNew: 560269K->69248K(623616K), 0.3536482 secs] 1357054K->915146K(2009472K), 0.3536860 secs] [Times: user=0.34 sys=0.00, real=0.35 secs] 

*** PauseDetector detected a 356 ms pause at Mon Dec 22 01:03:01 EET 2014 ***

[GC (Allocation Failure) [DefNew: 623616K->5876K(623616K), 0.0780272 secs] 1469514K->916508K(2009472K), 0.0780670 secs] [Times: user=0.08 sys=0.00, real=0.08 secs] 
[GC (Allocation Failure) [DefNew: 560244K->69247K(623616K), 0.3337202 secs] 1470876K->1027774K(2009472K), 0.3337651 secs] [Times: user=0.31 sys=0.00, real=0.33 secs] 
[GC (Allocation Failure) [DefNew: 623615K->5854K(623616K), 0.0828794 secs] 1582142K->1029095K(2009472K), 0.0829256 secs] [Times: user=0.08 sys=0.00, real=0.08 secs] 
[GC (Allocation Failure) [DefNew: 560222K->69247K(623616K), 0.2878738 secs] 1583463K->1137905K(2009472K), 0.2879142 secs] [Times: user=0.28 sys=0.00, real=0.29 secs] 
[GC (Allocation Failure) [DefNew: 623615K->5885K(623616K), 0.0671550 secs] 1692273K->1139197K(2009472K), 0.0672044 secs] [Times: user=0.06 sys=0.00, real=0.07 secs] 
[GC (Allocation Failure) [DefNew: 560253K->69248K(623616K), 0.2768182 secs] 1693565K->1247243K(2009472K), 0.2768573 secs] [Times: user=0.28 sys=0.00, real=0.28 secs] 
[GC (Allocation Failure) [DefNew: 623616K->5849K(623616K), 0.0669953 secs] 1801611K->1248535K(2009472K), 0.0670357 secs] [Times: user=0.06 sys=0.00, real=0.07 secs] 
[GC (Allocation Failure) [DefNew: 560217K->69248K(623616K), 0.2597850 secs] 1802903K->1356056K(2009472K), 0.2598261 secs] [Times: user=0.25 sys=0.00, real=0.26 secs] 
[GC (Allocation Failure) [DefNew: 623616K->5903K(623616K), 0.0653849 secs] 1910424K->1357377K(2009472K), 0.0654266 secs] [Times: user=0.06 sys=0.00, real=0.07 secs] 
[GC (Allocation Failure) [DefNew: 560271K->560271K(623616K), 0.0000250 secs][Tenured: 1351473K->856999K(1385856K), 2.9395655 secs] 1911745K->856999K(2009472K), [Metaspace: 10566K->10566K(12288K)], 2.9397239 secs] [Times: user=2.89 sys=0.00, real=2.94 secs] 

*** PauseDetector detected a 2944 ms pause at Mon Dec 22 01:03:21 EET 2014 ***

[GC (Allocation Failure) [DefNew: 554368K->5901K(623616K), 0.0125479 secs] 1411367K->862901K(2009472K), 0.0125884 secs] [Times: user=0.01 sys=0.00, real=0.01 secs] 
[GC (Allocation Failure) [DefNew: 560269K->69248K(623616K), 0.1741975 secs] 1417269K->968534K(2009472K), 0.1742411 secs] [Times: user=0.17 sys=0.00, real=0.17 secs] 
[GC (Allocation Failure) [DefNew: 623616K->5909K(623616K), 0.0663935 secs] 1522902K->969788K(2009472K), 0.0664333 secs] [Times: user=0.08 sys=0.00, real=0.07 secs] 
[GC (Allocation Failure) [DefNew: 560277K->69248K(623616K), 0.1751419 secs] 1524156K->1075076K(2009472K), 0.1751823 secs] [Times: user=0.17 sys=0.00, real=0.18 secs] 
[GC (Allocation Failure) [DefNew: 623616K->5872K(623616K), 0.0614675 secs] 1629444K->1076287K(2009472K), 0.0615072 secs] [Times: user=0.06 sys=0.00, real=0.06 secs] 
[GC (Allocation Failure) [DefNew: 560240K->69247K(623616K), 0.1737708 secs] 1630655K->1181319K(2009472K), 0.1738748 secs] [Times: user=0.17 sys=0.00, real=0.17 secs] 
[GC (Allocation Failure) [DefNew: 623615K->5912K(623616K), 0.0675419 secs] 1735687K->1182566K(2009472K), 0.0675894 secs] [Times: user=0.06 sys=0.00, real=0.07 secs] 
[GC (Allocation Failure) [DefNew: 560280K->69248K(623616K), 0.1746992 secs] 1736934K->1287324K(2009472K), 0.1747396 secs] [Times: user=0.17 sys=0.00, real=0.17 secs] 
[GC (Allocation Failure) [DefNew: 623616K->5849K(623616K), 0.0543748 secs] 1841692K->1288504K(2009472K), 0.0544159 secs] [Times: user=0.05 sys=0.00, real=0.05 secs] 
[GC (Allocation Failure) [DefNew: 560217K->69248K(623616K), 0.1674943 secs] 1842872K->1393121K(2009472K), 0.1675347 secs] [Times: user=0.16 sys=0.00, real=0.17 secs] 
[GC (Allocation Failure) [DefNew: 623616K->623616K(623616K), 0.0000180 secs][Tenured: 1323873K->855746K(1385856K), 2.6770102 secs] 1947489K->855746K(2009472K), [Metaspace: 10566K->10566K(12288K)], 2.6770839 secs] [Times: user=2.68 sys=0.00, real=2.68 secs] 

*** PauseDetector detected a 2680 ms pause at Mon Dec 22 01:03:41 EET 2014 ***

[GC (Allocation Failure) [DefNew: 554368K->69247K(623616K), 0.1549701 secs] 1410114K->966008K(2009472K), 0.1550169 secs] [Times: user=0.16 sys=0.00, real=0.15 secs] 
[GC (Allocation Failure) [DefNew: 623615K->5911K(623616K), 0.0523205 secs] 1520376K->967264K(2009472K), 0.0523597 secs] [Times: user=0.06 sys=0.00, real=0.05 secs] 
[GC (Allocation Failure) [DefNew: 560279K->69248K(623616K), 0.1507325 secs] 1521632K->1070768K(2009472K), 0.1508300 secs] [Times: user=0.16 sys=0.00, real=0.15 secs] 
[GC (Allocation Failure) [DefNew: 623616K->5861K(623616K), 0.0470333 secs] 1625136K->1071927K(2009472K), 0.0470865 secs] [Times: user=0.05 sys=0.00, real=0.05 secs] 
[GC (Allocation Failure) [DefNew: 560229K->69247K(623616K), 0.1364279 secs] 1626295K->1175265K(2009472K), 0.1365691 secs] [Times: user=0.14 sys=0.00, real=0.14 secs] 
[GC (Allocation Failure) [DefNew: 623615K->5912K(623616K), 0.0589916 secs] 1729633K->1176537K(2009472K), 0.0590449 secs] [Times: user=0.06 sys=0.00, real=0.06 secs] 
[GC (Allocation Failure) [DefNew: 560280K->69248K(623616K), 0.1409279 secs] 1730905K->1279755K(2009472K), 0.1409696 secs] [Times: user=0.14 sys=0.00, real=0.14 secs] 
[GC (Allocation Failure) [DefNew: 623616K->5911K(623616K), 0.0479244 secs] 1834123K->1280958K(2009472K), 0.0479616 secs] [Times: user=0.05 sys=0.00, real=0.05 secs] 
[GC (Allocation Failure) [DefNew: 560279K->69247K(623616K), 0.1345924 secs] 1835326K->1384026K(2009472K), 0.1346321 secs] [Times: user=0.14 sys=0.00, real=0.13 secs] 
[GC (Allocation Failure) [DefNew: 623615K->623615K(623616K), 0.0000321 secs][Tenured: 1314778K->854277K(1385856K), 2.6009128 secs] 1938394K->854277K(2009472K), [Metaspace: 10566K->10566K(12288K)], 2.6010148 secs] [Times: user=2.59 sys=0.00, real=2.60 secs] 

*** PauseDetector detected a 2606 ms pause at Mon Dec 22 01:03:59 EET 2014 ***

[GC (Allocation Failure) [DefNew: 554368K->69247K(623616K), 0.1240878 secs] 1408645K->963182K(2009472K), 0.1241873 secs] [Times: user=0.13 sys=0.00, real=0.12 secs] 
[GC (Allocation Failure) [DefNew: 623615K->5892K(623616K), 0.0466791 secs] 1517550K->964364K(2009472K), 0.0467811 secs] [Times: user=0.05 sys=0.00, real=0.05 secs] 
[GC (Allocation Failure) [DefNew: 560260K->69247K(623616K), 0.1298800 secs] 1518732K->1067280K(2009472K), 0.1299217 secs] [Times: user=0.13 sys=0.00, real=0.13 secs] 
[GC (Allocation Failure) [DefNew: 623615K->5864K(623616K), 0.0455224 secs] 1621648K->1068430K(2009472K), 0.0455634 secs] [Times: user=0.05 sys=0.00, real=0.05 secs] 
[GC (Allocation Failure) [DefNew: 560232K->69248K(623616K), 0.1243567 secs] 1622798K->1171280K(2009472K), 0.1243964 secs] [Times: user=0.13 sys=0.00, real=0.13 secs] 
[GC (Allocation Failure) [DefNew: 623616K->5858K(623616K), 0.0471821 secs] 1725648K->1172428K(2009472K), 0.0472219 secs] [Times: user=0.05 sys=0.00, real=0.05 secs] 
[GC (Allocation Failure) [DefNew: 560226K->69248K(623616K), 0.1410107 secs] 1726796K->1275154K(2009472K), 0.1410575 secs] [Times: user=0.14 sys=0.00, real=0.14 secs] 
[GC (Allocation Failure) [DefNew: 623616K->5883K(623616K), 0.0465566 secs] 1829522K->1276373K(2009472K), 0.0465983 secs] [Times: user=0.05 sys=0.00, real=0.05 secs] 
[GC (Allocation Failure) [DefNew: 560251K->69247K(623616K), 0.1181552 secs] 1830741K->1378524K(2009472K), 0.1181962 secs] [Times: user=0.11 sys=0.00, real=0.12 secs] 
[GC (Allocation Failure) [DefNew: 623615K->623615K(623616K), 0.0000186 secs][Tenured: 1309276K->784048K(1385856K), 2.6856284 secs] 1932892K->784048K(2009472K), [Metaspace: 10566K->10566K(12288K)], 2.6857786 secs] [Times: user=2.70 sys=0.00, real=2.69 secs] 

*** PauseDetector detected a 2690 ms pause at Mon Dec 22 01:04:17 EET 2014 ***

[GC (Allocation Failure) [DefNew: 554368K->69248K(623616K), 0.1148825 secs] 1338416K->892003K(2009472K), 0.1149229 secs] [Times: user=0.11 sys=0.00, real=0.11 secs] 
[GC (Allocation Failure) [DefNew: 623616K->5899K(623616K), 0.0456314 secs] 1446371K->893232K(2009472K), 0.0457412 secs] [Times: user=0.05 sys=0.00, real=0.05 secs] 
[GC (Allocation Failure) [DefNew: 560267K->69248K(623616K), 0.1075859 secs] 1447600K->995267K(2009472K), 0.1076263 secs] [Times: user=0.11 sys=0.00, real=0.11 secs] 
[GC (Allocation Failure) [DefNew: 623616K->5916K(623616K), 0.0529146 secs] 1549635K->996460K(2009472K), 0.0529615 secs] [Times: user=0.05 sys=0.00, real=0.05 secs] 
[GC (Allocation Failure) [DefNew: 560284K->69248K(623616K), 0.1081703 secs] 1550828K->1098425K(2009472K), 0.1082069 secs] [Times: user=0.11 sys=0.00, real=0.11 secs] 
[GC (Allocation Failure) [DefNew: 623616K->5917K(623616K), 0.0527561 secs] 1652793K->1099609K(2009472K), 0.0527991 secs] [Times: user=0.06 sys=0.00, real=0.05 secs] 
[GC (Allocation Failure) [DefNew: 560285K->69248K(623616K), 0.3450119 secs] 1653977K->1226222K(2009472K), 0.3450556 secs] [Times: user=0.34 sys=0.00, real=0.35 secs] 
[GC (Allocation Failure) [DefNew: 623616K->5865K(623616K), 0.1188648 secs] 1780590K->1227815K(2009472K), 0.1189097 secs] [Times: user=0.11 sys=0.00, real=0.12 secs] 
[GC (Allocation Failure) [DefNew: 560233K->69248K(623616K), 0.4833806 secs] 1782183K->1346904K(2009472K), 0.4834268 secs] [Times: user=0.48 sys=0.00, real=0.48 secs] 

*** PauseDetector detected a 484 ms pause at Mon Dec 22 01:04:32 EET 2014 ***

[GC (Allocation Failure) [DefNew: 623616K->5862K(623616K), 0.1589254 secs] 1901272K->1348393K(2009472K), 0.1589678 secs] [Times: user=0.16 sys=0.00, real=0.16 secs] 
[GC (Allocation Failure) [DefNew: 560230K->560230K(623616K), 0.0000205 secs][Tenured: 1342530K->866085K(1385856K), 2.7373972 secs] 1902761K->866085K(2009472K), [Metaspace: 10566K->10566K(12288K)], 2.7374832 secs] [Times: user=2.75 sys=0.00, real=2.74 secs] 

*** PauseDetector detected a 2739 ms pause at Mon Dec 22 01:04:38 EET 2014 ***

[GC (Allocation Failure) [DefNew: 554368K->5854K(623616K), 0.0123144 secs] 1420453K->871940K(2009472K), 0.0123625 secs] [Times: user=0.02 sys=0.00, real=0.01 secs] 
[GC (Allocation Failure) [DefNew: 560222K->69247K(623616K), 0.3892204 secs] 1426308K->984455K(2009472K), 0.3893365 secs] [Times: user=0.39 sys=0.00, real=0.39 secs] 

*** PauseDetector detected a 390 ms pause at Mon Dec 22 01:04:42 EET 2014 ***

[GC (Allocation Failure) [DefNew: 623615K->5881K(623616K), 0.0765214 secs] 1538823K->985812K(2009472K), 0.0765612 secs] [Times: user=0.08 sys=0.00, real=0.08 secs] 
[GC (Allocation Failure) [DefNew: 560249K->69248K(623616K), 0.3090561 secs] 1540180K->1097062K(2009472K), 0.3090984 secs] [Times: user=0.31 sys=0.00, real=0.31 secs] 
[GC (Allocation Failure) [DefNew: 623616K->5912K(623616K), 0.0840266 secs] 1651430K->1098454K(2009472K), 0.0841260 secs] [Times: user=0.09 sys=0.00, real=0.08 secs] 
[GC (Allocation Failure) [DefNew: 560280K->69247K(623616K), 0.3209143 secs] 1652822K->1207230K(2009472K), 0.3209554 secs] [Times: user=0.33 sys=0.00, real=0.32 secs] 
[GC (Allocation Failure) [DefNew: 623615K->5920K(623616K), 0.0705657 secs] 1761598K->1208532K(2009472K), 0.0706074 secs] [Times: user=0.06 sys=0.00, real=0.07 secs] 
[GC (Allocation Failure) [DefNew: 560288K->69247K(623616K), 0.2500035 secs] 1762900K->1316609K(2009472K), 0.2500446 secs] [Times: user=0.25 sys=0.00, real=0.25 secs] 
[GC (Allocation Failure) [DefNew: 623615K->5867K(623616K), 0.0643206 secs] 1870977K->1317852K(2009472K), 0.0643571 secs] [Times: user=0.06 sys=0.00, real=0.06 secs] 
[GC (Allocation Failure) [DefNew: 560235K->560235K(623616K), 0.0000308 secs][Tenured: 1311985K->857472K(1385856K), 2.7012842 secs] 1872220K->857472K(2009472K), [Metaspace: 10566K->10566K(12288K)], 2.7013849 secs] [Times: user=2.70 sys=0.00, real=2.70 secs] 

*** PauseDetector detected a 2706 ms pause at Mon Dec 22 01:04:58 EET 2014 ***

[GC (Allocation Failure) [DefNew: 554368K->5874K(623616K), 0.0123978 secs] 1411840K->863346K(2009472K), 0.0124382 secs] [Times: user=0.01 sys=0.00, real=0.01 secs] 
[GC (Allocation Failure) [DefNew: 560242K->69248K(623616K), 0.2180858 secs] 1417714K->970424K(2009472K), 0.2181268 secs] [Times: user=0.22 sys=0.00, real=0.22 secs] 
[GC (Allocation Failure) [DefNew: 623616K->5907K(623616K), 0.0598757 secs] 1524792K->971711K(2009472K), 0.0599155 secs] [Times: user=0.06 sys=0.00, real=0.06 secs] 
[GC (Allocation Failure) [DefNew: 560275K->69247K(623616K), 0.1857414 secs] 1526079K->1077302K(2009472K), 0.1857831 secs] [Times: user=0.19 sys=0.00, real=0.19 secs] 
[GC (Allocation Failure) [DefNew: 623615K->5903K(623616K), 0.0592508 secs] 1631670K->1078586K(2009472K), 0.0592919 secs] [Times: user=0.05 sys=0.00, real=0.06 secs] 
[GC (Allocation Failure) [DefNew: 560271K->69247K(623616K), 0.1998554 secs] 1632954K->1183862K(2009472K), 0.1998952 secs] [Times: user=0.20 sys=0.00, real=0.20 secs] 
[GC (Allocation Failure) [DefNew: 623615K->5850K(623616K), 0.0546212 secs] 1738230K->1185068K(2009472K), 0.0546629 secs] [Times: user=0.06 sys=0.00, real=0.05 secs] 
[GC (Allocation Failure) [DefNew: 560218K->69247K(623616K), 0.1765149 secs] 1739436K->1290141K(2009472K), 0.1765636 secs] [Times: user=0.19 sys=0.00, real=0.18 secs] 
[GC (Allocation Failure) [DefNew: 623615K->5921K(623616K), 0.0532861 secs] 1844509K->1291380K(2009472K), 0.0533271 secs] [Times: user=0.05 sys=0.00, real=0.05 secs] 
[GC (Allocation Failure) [DefNew: 560289K->69247K(623616K), 0.1844293 secs] 1845748K->1396145K(2009472K), 0.1844698 secs] [Times: user=0.17 sys=0.00, real=0.18 secs] 
[GC (Allocation Failure) [DefNew: 623615K->623615K(623616K), 0.0000199 secs][Tenured: 1326897K->855941K(1385856K), 2.6177497 secs] 1950513K->855941K(2009472K), [Metaspace: 10566K->10566K(12288K)], 2.6178273 secs] [Times: user=2.59 sys=0.00, real=2.62 secs] 

*** PauseDetector detected a 2621 ms pause at Mon Dec 22 01:05:18 EET 2014 ***

[GC (Allocation Failure) [DefNew: 554368K->69247K(623616K), 0.1888216 secs] 1410309K->966422K(2009472K), 0.1888658 secs] [Times: user=0.19 sys=0.00, real=0.19 secs] 
[GC (Allocation Failure) [DefNew: 623615K->5928K(623616K), 0.0491832 secs] 1520790K->967661K(2009472K), 0.0493205 secs] [Times: user=0.05 sys=0.00, real=0.05 secs] 
[GC (Allocation Failure) [DefNew: 560296K->69247K(623616K), 0.1416228 secs] 1522029K->1072030K(2009472K), 0.1416657 secs] [Times: user=0.14 sys=0.00, real=0.14 secs] 
[GC (Allocation Failure) [DefNew: 623615K->5904K(623616K), 0.0508673 secs] 1626398K->1073245K(2009472K), 0.0509090 secs] [Times: user=0.06 sys=0.00, real=0.05 secs] 
[GC (Allocation Failure) [DefNew: 560272K->69248K(623616K), 0.1540482 secs] 1627613K->1176757K(2009472K), 0.1540924 secs] [Times: user=0.16 sys=0.00, real=0.15 secs] 
[GC (Allocation Failure) [DefNew: 623616K->5883K(623616K), 0.0488207 secs] 1731125K->1177937K(2009472K), 0.0489240 secs] [Times: user=0.05 sys=0.00, real=0.05 secs] 
[GC (Allocation Failure) [DefNew: 560251K->69248K(623616K), 0.1397218 secs] 1732305K->1281327K(2009472K), 0.1398289 secs] [Times: user=0.14 sys=0.00, real=0.14 secs] 
[GC (Allocation Failure) [DefNew: 623616K->5897K(623616K), 0.0498838 secs] 1835695K->1282508K(2009472K), 0.0499242 secs] [Times: user=0.05 sys=0.00, real=0.05 secs] 
[GC (Allocation Failure) [DefNew: 560265K->69248K(623616K), 0.1573901 secs] 1836876K->1385728K(2009472K), 0.1574357 secs] [Times: user=0.16 sys=0.00, real=0.16 secs] 
[GC (Allocation Failure) [DefNew: 623616K->623616K(623616K), 0.0000192 secs][Tenured: 1316480K->785127K(1385856K), 2.4307143 secs] 1940096K->785127K(2009472K), [Metaspace: 10566K->10566K(12288K)], 2.4308651 secs] [Times: user=2.43 sys=0.00, real=2.43 secs] 

*** PauseDetector detected a 2433 ms pause at Mon Dec 22 01:05:36 EET 2014 ***

[Full GC (System.gc()) [Tenured: 785127K->785131K(1385856K), 2.1062655 secs] 796573K->785131K(2009472K), [Metaspace: 10566K->10566K(12288K)], 2.1063168 secs] [Times: user=2.11 sys=0.00, real=2.11 secs] 
[Full GC (System.gc()) [Tenured: 785131K->785131K(1385856K), 2.2920056 secs] 785131K->785131K(2009472K), [Metaspace: 10566K->10566K(12288K)], 2.2920454 secs] [Times: user=2.29 sys=0.00, real=2.29 secs] 
[Full GC (System.gc()) [Tenured: 785131K->785131K(1385856K), 2.0812094 secs] 785133K->785131K(2009472K), [Metaspace: 10566K->10566K(12288K)], 2.0812723 secs] [Times: user=2.07 sys=0.00, real=2.08 secs] 

*** PauseDetector detected a 4400 ms pause at Mon Dec 22 01:05:41 EET 2014 ***

[Full GC (System.gc()) [Tenured: 785131K->763451K(1385856K), 2.0813801 secs] 796227K->763451K(2009472K), [Metaspace: 10566K->10566K(12288K)], 2.0814910 secs] [Times: user=2.09 sys=0.00, real=2.08 secs] 
[Full GC (System.gc()) [Tenured: 763451K->763451K(1385856K), 2.2840520 secs] 763451K->763451K(2009472K), [Metaspace: 10566K->10566K(12288K)], 2.2840937 secs] [Times: user=2.26 sys=0.00, real=2.29 secs] 
[Full GC (System.gc()) [Tenured: 763451K->763452K(1385856K), 2.1542220 secs] 774547K->763452K(2009472K), [Metaspace: 10566K->10566K(12288K)], 2.1542695 secs] [Times: user=2.15 sys=0.00, real=2.15 secs] 

*** PauseDetector detected a 6451 ms pause at Mon Dec 22 01:05:47 EET 2014 ***


*** PauseDetector detected a 2163 ms pause at Mon Dec 22 01:05:49 EET 2014 ***

[GC (Allocation Failure) [DefNew: 554368K->69247K(623616K), 0.1099167 secs] 1317820K->872502K(2009472K), 0.1099578 secs] [Times: user=0.11 sys=0.00, real=0.11 secs] 
[GC (Allocation Failure) [DefNew: 623615K->5954K(623616K), 0.0484666 secs] 1426870K->873703K(2009472K), 0.0485057 secs] [Times: user=0.05 sys=0.00, real=0.05 secs] 
[GC (Allocation Failure) [DefNew: 560322K->69248K(623616K), 0.1220431 secs] 1428071K->976696K(2009472K), 0.1220797 secs] [Times: user=0.13 sys=0.00, real=0.12 secs] 
[GC (Allocation Failure) [DefNew: 623616K->5954K(623616K), 0.0477673 secs] 1531064K->977897K(2009472K), 0.0478102 secs] [Times: user=0.05 sys=0.00, real=0.05 secs] 
[GC (Allocation Failure) [DefNew: 560322K->69247K(623616K), 0.1258887 secs] 1532265K->1080793K(2009472K), 0.1259940 secs] [Times: user=0.13 sys=0.00, real=0.13 secs] 
[GC (Allocation Failure) [DefNew: 623615K->5954K(623616K), 0.0474741 secs] 1635161K->1081992K(2009472K), 0.0475151 secs] [Times: user=0.05 sys=0.00, real=0.05 secs] 
[Full GC (System.gc()) [Tenured: 1076037K->849489K(1385856K), 2.3168038 secs] 1315002K->849489K(2009472K), [Metaspace: 10566K->10566K(12288K)], 2.3168551 secs] [Times: user=2.31 sys=0.00, real=2.32 secs] 

*** PauseDetector detected a 2318 ms pause at Mon Dec 22 01:06:02 EET 2014 ***

[Full GC (System.gc()) [Tenured: 849489K->780221K(1385856K), 2.3161397 secs] 860585K->780221K(2009472K), [Metaspace: 10566K->10566K(12288K)], 2.3161834 secs] [Times: user=2.31 sys=0.00, real=2.32 secs] 

*** PauseDetector detected a 2317 ms pause at Mon Dec 22 01:06:04 EET 2014 ***

[Full GC (System.gc()) [Tenured: 780221K->780221K(1385856K), 2.4421382 secs] 780223K->780221K(2009472K), [Metaspace: 10566K->10566K(12288K)], 2.4421844 secs] [Times: user=2.43 sys=0.00, real=2.44 secs] 

*** PauseDetector detected a 2443 ms pause at Mon Dec 22 01:06:07 EET 2014 ***

********************************
********** ROUND   31 **********
********************************
[GC (Allocation Failure) [DefNew: 554368K->5890K(623616K), 0.0120090 secs] 1334589K->786112K(2009472K), 0.0121168 secs] [Times: user=0.02 sys=0.00, real=0.01 secs] 
[GC (Allocation Failure) [DefNew: 560258K->69247K(623616K), 0.1161695 secs] 1340480K->888800K(2009472K), 0.1162715 secs] [Times: user=0.13 sys=0.00, real=0.12 secs] 
[GC (Allocation Failure) [DefNew: 623615K->5875K(623616K), 0.0441783 secs] 1443168K->890016K(2009472K), 0.0442758 secs] [Times: user=0.05 sys=0.00, real=0.04 secs] 
[GC (Allocation Failure) [DefNew: 560243K->69248K(623616K), 0.1360988 secs] 1444384K->992209K(2009472K), 0.1361488 secs] [Times: user=0.12 sys=0.00, real=0.14 secs] 
[GC (Allocation Failure) [DefNew: 623616K->5854K(623616K), 0.0514076 secs] 1546577K->993352K(2009472K), 0.0514505 secs] [Times: user=0.05 sys=0.00, real=0.05 secs] 
[GC (Allocation Failure) [DefNew: 560222K->69247K(623616K), 0.1179371 secs] 1547720K->1095489K(2009472K), 0.1179768 secs] [Times: user=0.11 sys=0.00, real=0.12 secs] 
[GC (Allocation Failure) [DefNew: 623615K->5892K(623616K), 0.0440962 secs] 1649857K->1096675K(2009472K), 0.0441366 secs] [Times: user=0.05 sys=0.00, real=0.04 secs] 
[GC (Allocation Failure) [DefNew: 560260K->69248K(623616K), 0.1257745 secs] 1651043K->1198706K(2009472K), 0.1258381 secs] [Times: user=0.13 sys=0.00, real=0.13 secs] 
[GC (Allocation Failure) [DefNew: 623616K->5883K(623616K), 0.0470249 secs] 1753074K->1199877K(2009472K), 0.0470660 secs] [Times: user=0.05 sys=0.00, real=0.05 secs] 
[GC (Allocation Failure) [DefNew: 560251K->69248K(623616K), 0.1087914 secs] 1754245K->1301856K(2009472K), 0.1088331 secs] [Times: user=0.11 sys=0.00, real=0.11 secs] 
[GC (Allocation Failure) [DefNew: 623616K->5896K(623616K), 0.0468767 secs] 1856224K->1303039K(2009472K), 0.0469178 secs] [Times: user=0.05 sys=0.00, real=0.05 secs] 
[GC (Allocation Failure) [DefNew: 560264K->69248K(623616K), 0.3812103 secs] 1857407K->1429652K(2009472K), 0.3812488 secs] [Times: user=0.39 sys=0.00, real=0.38 secs] 

*** PauseDetector detected a 382 ms pause at Mon Dec 22 01:06:25 EET 2014 ***

[GC (Allocation Failure) [DefNew: 623616K->623616K(623616K), 0.0000192 secs][Tenured: 1360404K->876967K(1385856K), 2.6369335 secs] 1984020K->876967K(2009472K), [Metaspace: 10566K->10566K(12288K)], 2.6370194 secs] [Times: user=2.64 sys=0.00, real=2.64 secs] 

*** PauseDetector detected a 2642 ms pause at Mon Dec 22 01:06:29 EET 2014 ***

[GC (Allocation Failure) [DefNew: 554368K->69247K(623616K), 0.5425018 secs] 1431335K->1001933K(2009472K), 0.5425423 secs] [Times: user=0.55 sys=0.00, real=0.54 secs] 

*** PauseDetector detected a 544 ms pause at Mon Dec 22 01:06:32 EET 2014 ***

[GC (Allocation Failure) [DefNew: 623615K->5879K(623616K), 0.0926756 secs] 1556301K->1003427K(2009472K), 0.0927796 secs] [Times: user=0.09 sys=0.00, real=0.09 secs] 
[GC (Allocation Failure) [DefNew: 560247K->69248K(623616K), 0.3955964 secs] 1557795K->1119951K(2009472K), 0.3956323 secs] [Times: user=0.37 sys=0.00, real=0.39 secs] 

*** PauseDetector detected a 397 ms pause at Mon Dec 22 01:06:36 EET 2014 ***

[GC (Allocation Failure) [DefNew: 623616K->5899K(623616K), 0.0841870 secs] 1674319K->1121430K(2009472K), 0.0842319 secs] [Times: user=0.09 sys=0.00, real=0.08 secs] 
[GC (Allocation Failure) [DefNew: 560267K->69248K(623616K), 0.3494658 secs] 1675798K->1233898K(2009472K), 0.3495652 secs] [Times: user=0.36 sys=0.00, real=0.35 secs] 

*** PauseDetector detected a 352 ms pause at Mon Dec 22 01:06:39 EET 2014 ***

[GC (Allocation Failure) [DefNew: 623616K->5902K(623616K), 0.0980341 secs] 1788266K->1235279K(2009472K), 0.0980828 secs] [Times: user=0.09 sys=0.00, real=0.10 secs] 
[GC (Allocation Failure) [DefNew: 560270K->69247K(623616K), 0.3395579 secs] 1789647K->1346492K(2009472K), 0.3396644 secs] [Times: user=0.34 sys=0.00, real=0.34 secs] 
[GC (Allocation Failure) [DefNew: 623615K->5904K(623616K), 0.0848446 secs] 1900860K->1347892K(2009472K), 0.0848863 secs] [Times: user=0.09 sys=0.00, real=0.08 secs] 
[GC (Allocation Failure) [DefNew: 560272K->560272K(623616K), 0.0000308 secs][Tenured: 1341987K->858643K(1385856K), 2.6880241 secs] 1902260K->858643K(2009472K), [Metaspace: 10566K->10566K(12288K)], 2.6882198 secs] [Times: user=2.68 sys=0.00, real=2.69 secs] 

*** PauseDetector detected a 2693 ms pause at Mon Dec 22 01:06:49 EET 2014 ***

[GC (Allocation Failure) [DefNew: 554368K->5866K(623616K), 0.0124485 secs] 1413011K->864509K(2009472K), 0.0124876 secs] [Times: user=0.02 sys=0.00, real=0.01 secs] 
[GC (Allocation Failure) [DefNew: 560234K->69248K(623616K), 0.2445341 secs] 1418877K->972594K(2009472K), 0.2445707 secs] [Times: user=0.25 sys=0.00, real=0.25 secs] 
[GC (Allocation Failure) [DefNew: 623616K->5905K(623616K), 0.0665410 secs] 1526962K->973922K(2009472K), 0.0665834 secs] [Times: user=0.06 sys=0.00, real=0.07 secs] 
[GC (Allocation Failure) [DefNew: 560273K->69248K(623616K), 0.2155220 secs] 1528290K->1081419K(2009472K), 0.2155644 secs] [Times: user=0.22 sys=0.00, real=0.22 secs] 
[GC (Allocation Failure) [DefNew: 623616K->5905K(623616K), 0.0692581 secs] 1635787K->1082710K(2009472K), 0.0693069 secs] [Times: user=0.08 sys=0.00, real=0.07 secs] 
[GC (Allocation Failure) [DefNew: 560273K->69248K(623616K), 0.2053704 secs] 1637078K->1189758K(2009472K), 0.2054095 secs] [Times: user=0.20 sys=0.00, real=0.21 secs] 
[GC (Allocation Failure) [DefNew: 623616K->5907K(623616K), 0.0596095 secs] 1744126K->1191043K(2009472K), 0.0596512 secs] [Times: user=0.06 sys=0.00, real=0.06 secs] 
[GC (Allocation Failure) [DefNew: 560275K->69248K(623616K), 0.1984548 secs] 1745411K->1296605K(2009472K), 0.1984952 secs] [Times: user=0.20 sys=0.00, real=0.20 secs] 
[GC (Allocation Failure) [DefNew: 623616K->5909K(623616K), 0.0638933 secs] 1850973K->1297901K(2009472K), 0.0639375 secs] [Times: user=0.06 sys=0.00, real=0.06 secs] 
[GC (Allocation Failure) [DefNew: 560277K->69248K(623616K), 0.2072072 secs] 1852269K->1403218K(2009472K), 0.2072489 secs] [Times: user=0.20 sys=0.00, real=0.21 secs] 
[GC (Allocation Failure) [DefNew: 623616K->623616K(623616K), 0.0000199 secs][Tenured: 1333970K->787152K(1385856K), 2.6106436 secs] 1957586K->787152K(2009472K), [Metaspace: 10566K->10566K(12288K)], 2.6107328 secs] [Times: user=2.61 sys=0.00, real=2.61 secs] 

*** PauseDetector detected a 2612 ms pause at Mon Dec 22 01:07:09 EET 2014 ***

[GC (Allocation Failure) [DefNew: 554368K->69247K(623616K), 0.1905320 secs] 1341520K->898065K(2009472K), 0.1905711 secs] [Times: user=0.19 sys=0.00, real=0.19 secs] 
[GC (Allocation Failure) [DefNew: 623615K->5909K(623616K), 0.0498203 secs] 1452433K->899302K(2009472K), 0.0498633 secs] [Times: user=0.05 sys=0.00, real=0.05 secs] 
[GC (Allocation Failure) [DefNew: 560277K->69247K(623616K), 0.1595285 secs] 1453670K->1004059K(2009472K), 0.1595689 secs] [Times: user=0.16 sys=0.00, real=0.16 secs] 
[GC (Allocation Failure) [DefNew: 623615K->5908K(623616K), 0.0522814 secs] 1558427K->1005301K(2009472K), 0.0523904 secs] [Times: user=0.05 sys=0.00, real=0.05 secs] 
[GC (Allocation Failure) [DefNew: 560276K->69248K(623616K), 0.1717107 secs] 1559669K->1109865K(2009472K), 0.1717544 secs] [Times: user=0.17 sys=0.00, real=0.17 secs] 
[GC (Allocation Failure) [DefNew: 623616K->5875K(623616K), 0.0482606 secs] 1664233K->1111061K(2009472K), 0.0483017 secs] [Times: user=0.06 sys=0.00, real=0.05 secs] 
[GC (Allocation Failure) [DefNew: 560243K->69248K(623616K), 0.1507787 secs] 1665429K->1215459K(2009472K), 0.1508191 secs] [Times: user=0.16 sys=0.00, real=0.15 secs] 
[GC (Allocation Failure) [DefNew: 623616K->5852K(623616K), 0.0510893 secs] 1769827K->1216644K(2009472K), 0.0511304 secs] [Times: user=0.06 sys=0.00, real=0.05 secs] 
[GC (Allocation Failure) [DefNew: 560220K->69247K(623616K), 0.1709697 secs] 1771012K->1320172K(2009472K), 0.1710345 secs] [Times: user=0.17 sys=0.00, real=0.17 secs] 
[GC (Allocation Failure) [DefNew: 623615K->5862K(623616K), 0.0485327 secs] 1874540K->1321367K(2009472K), 0.0485744 secs] [Times: user=0.05 sys=0.00, real=0.05 secs] 
[GC (Allocation Failure) [DefNew: 560230K->560230K(623616K), 0.0000212 secs][Tenured: 1315505K->853371K(1385856K), 2.4658476 secs] 1875735K->853371K(2009472K), [Metaspace: 10566K->10566K(12288K)], 2.4659458 secs] [Times: user=2.47 sys=0.00, real=2.47 secs] 

*** PauseDetector detected a 2469 ms pause at Mon Dec 22 01:07:29 EET 2014 ***

[GC (Allocation Failure) [DefNew: 554368K->5890K(623616K), 0.0122188 secs] 1407739K->859261K(2009472K), 0.0123234 secs] [Times: user=0.02 sys=0.00, real=0.01 secs] 
[GC (Allocation Failure) [DefNew: 560258K->69248K(623616K), 0.1328665 secs] 1413629K->962471K(2009472K), 0.1329076 secs] [Times: user=0.13 sys=0.00, real=0.13 secs] 
[GC (Allocation Failure) [DefNew: 623616K->5864K(623616K), 0.0474182 secs] 1516839K->963658K(2009472K), 0.0474599 secs] [Times: user=0.05 sys=0.00, real=0.05 secs] 
[GC (Allocation Failure) [DefNew: 560232K->69248K(623616K), 0.1321903 secs] 1518026K->1066798K(2009472K), 0.1322307 secs] [Times: user=0.13 sys=0.00, real=0.13 secs] 
[GC (Allocation Failure) [DefNew: 623616K->5920K(623616K), 0.0524674 secs] 1621166K->1068016K(2009472K), 0.0525085 secs] [Times: user=0.05 sys=0.00, real=0.05 secs] 
[GC (Allocation Failure) [DefNew: 560288K->69248K(623616K), 0.1243021 secs] 1622384K->1170995K(2009472K), 0.1243458 secs] [Times: user=0.13 sys=0.00, real=0.12 secs] 
[GC (Allocation Failure) [DefNew: 623616K->5871K(623616K), 0.0466714 secs] 1725363K->1172161K(2009472K), 0.0467106 secs] [Times: user=0.05 sys=0.00, real=0.05 secs] 
[GC (Allocation Failure) [DefNew: 560239K->69248K(623616K), 0.1196417 secs] 1726529K->1275054K(2009472K), 0.1196853 secs] [Times: user=0.11 sys=0.00, real=0.12 secs] 
[GC (Allocation Failure) [DefNew: 623616K->5904K(623616K), 0.0482401 secs] 1829422K->1276289K(2009472K), 0.0482799 secs] [Times: user=0.05 sys=0.00, real=0.05 secs] 
[GC (Allocation Failure) [DefNew: 560272K->69248K(623616K), 0.1242893 secs] 1830657K->1379106K(2009472K), 0.1243310 secs] [Times: user=0.13 sys=0.00, real=0.12 secs] 
[GC (Allocation Failure) [DefNew: 623616K->623616K(623616K), 0.0000192 secs][Tenured: 1309858K->853619K(1385856K), 2.5452927 secs] 1933474K->853619K(2009472K), [Metaspace: 10566K->10566K(12288K)], 2.5453735 secs] [Times: user=2.56 sys=0.00, real=2.55 secs] 

*** PauseDetector detected a 2548 ms pause at Mon Dec 22 01:07:48 EET 2014 ***

[GC (Allocation Failure) [DefNew: 554368K->69248K(623616K), 0.1199433 secs] 1407987K->962231K(2009472K), 0.1199824 secs] [Times: user=0.13 sys=0.00, real=0.12 secs] 
[GC (Allocation Failure) [DefNew: 623616K->5917K(623616K), 0.0467985 secs] 1516599K->963456K(2009472K), 0.0469037 secs] [Times: user=0.05 sys=0.00, real=0.05 secs] 
[GC (Allocation Failure) [DefNew: 560285K->69248K(623616K), 0.1185016 secs] 1517824K->1065574K(2009472K), 0.1186069 secs] [Times: user=0.13 sys=0.00, real=0.12 secs] 
[GC (Allocation Failure) [DefNew: 623616K->5883K(623616K), 0.0479443 secs] 1619942K->1066779K(2009472K), 0.0479847 secs] [Times: user=0.05 sys=0.00, real=0.05 secs] 
[GC (Allocation Failure) [DefNew: 560251K->69247K(623616K), 0.1143340 secs] 1621147K->1168909K(2009472K), 0.1143737 secs] [Times: user=0.13 sys=0.00, real=0.11 secs] 
[GC (Allocation Failure) [DefNew: 623615K->5883K(623616K), 0.0451984 secs] 1723277K->1170063K(2009472K), 0.0452382 secs] [Times: user=0.05 sys=0.00, real=0.05 secs] 
[GC (Allocation Failure) [DefNew: 560251K->69247K(623616K), 0.1088183 secs] 1724431K->1272099K(2009472K), 0.1088613 secs] [Times: user=0.11 sys=0.00, real=0.11 secs] 
[GC (Allocation Failure) [DefNew: 623615K->5890K(623616K), 0.0453645 secs] 1826467K->1273281K(2009472K), 0.0454075 secs] [Times: user=0.05 sys=0.00, real=0.05 secs] 
[GC (Allocation Failure) [DefNew: 560258K->69247K(623616K), 0.1170639 secs] 1827649K->1375278K(2009472K), 0.1171030 secs] [Times: user=0.11 sys=0.00, real=0.12 secs] 
[GC (Allocation Failure) [DefNew: 623615K->623615K(623616K), 0.0000192 secs][Tenured: 1306030K->853073K(1385856K), 2.4591624 secs] 1929646K->853073K(2009472K), [Metaspace: 10566K->10566K(12288K)], 2.4593145 secs] [Times: user=2.47 sys=0.00, real=2.46 secs] 

*** PauseDetector detected a 2464 ms pause at Mon Dec 22 01:08:06 EET 2014 ***

[GC (Allocation Failure) [DefNew: 554368K->69248K(623616K), 0.3804224 secs] 1407441K->985606K(2009472K), 0.3804622 secs] [Times: user=0.36 sys=0.00, real=0.38 secs] 

*** PauseDetector detected a 382 ms pause at Mon Dec 22 01:08:08 EET 2014 ***

[GC (Allocation Failure) [DefNew: 623616K->5846K(623616K), 0.0923093 secs] 1539974K->987178K(2009472K), 0.0923472 secs] [Times: user=0.09 sys=0.00, real=0.09 secs] 
[GC (Allocation Failure) [DefNew: 560214K->69248K(623616K), 0.4987053 secs] 1541546K->1106299K(2009472K), 0.4987983 secs] [Times: user=0.50 sys=0.00, real=0.50 secs] 

*** PauseDetector detected a 501 ms pause at Mon Dec 22 01:08:12 EET 2014 ***

[GC (Allocation Failure) [DefNew: 623616K->5919K(623616K), 0.0884862 secs] 1660667K->1107831K(2009472K), 0.0885259 secs] [Times: user=0.09 sys=0.00, real=0.09 secs] 
[GC (Allocation Failure) [DefNew: 560287K->69248K(623616K), 0.4038919 secs] 1662199K->1224342K(2009472K), 0.4039336 secs] [Times: user=0.41 sys=0.00, real=0.40 secs] 

*** PauseDetector detected a 406 ms pause at Mon Dec 22 01:08:15 EET 2014 ***

[GC (Allocation Failure) [DefNew: 623616K->5891K(623616K), 0.0842357 secs] 1778710K->1225787K(2009472K), 0.0842793 secs] [Times: user=0.08 sys=0.00, real=0.08 secs] 
[GC (Allocation Failure) [DefNew: 560259K->69247K(623616K), 0.3702952 secs] 1780155K->1338271K(2009472K), 0.3703349 secs] [Times: user=0.38 sys=0.00, real=0.37 secs] 

*** PauseDetector detected a 374 ms pause at Mon Dec 22 01:08:19 EET 2014 ***

[GC (Allocation Failure) [DefNew: 623615K->5875K(623616K), 0.0790094 secs] 1892639K->1339617K(2009472K), 0.0791159 secs] [Times: user=0.08 sys=0.00, real=0.08 secs] 
[GC (Allocation Failure) [DefNew: 560243K->560243K(623616K), 0.0000205 secs][Tenured: 1333742K->791814K(1385856K), 2.7413236 secs] 1893985K->791814K(2009472K), [Metaspace: 10566K->10566K(12288K)], 2.7414122 secs] [Times: user=2.75 sys=0.00, real=2.74 secs] 

*** PauseDetector detected a 2743 ms pause at Mon Dec 22 01:08:25 EET 2014 ***

[GC (Allocation Failure) [DefNew: 554368K->5921K(623616K), 0.0154228 secs] 1346182K->797736K(2009472K), 0.0154690 secs] [Times: user=0.02 sys=0.00, real=0.02 secs] 
[GC (Allocation Failure) [DefNew: 560289K->69247K(623616K), 0.2617835 secs] 1352104K->906472K(2009472K), 0.2618214 secs] [Times: user=0.26 sys=0.00, real=0.26 secs] 
[GC (Allocation Failure) [DefNew: 623615K->5918K(623616K), 0.0704130 secs] 1460840K->907804K(2009472K), 0.0704566 secs] [Times: user=0.08 sys=0.00, real=0.07 secs] 
[GC (Allocation Failure) [DefNew: 560286K->69248K(623616K), 0.2602713 secs] 1462172K->1015883K(2009472K), 0.2603143 secs] [Times: user=0.25 sys=0.00, real=0.26 secs] 
[GC (Allocation Failure) [DefNew: 623616K->5879K(623616K), 0.0743548 secs] 1570251K->1017138K(2009472K), 0.0744029 secs] [Times: user=0.06 sys=0.00, real=0.08 secs] 
[GC (Allocation Failure) [DefNew: 560247K->69248K(623616K), 0.2325097 secs] 1571506K->1124671K(2009472K), 0.2325693 secs] [Times: user=0.23 sys=0.00, real=0.23 secs] 
[GC (Allocation Failure) [DefNew: 623616K->5904K(623616K), 0.0647748 secs] 1679039K->1125951K(2009472K), 0.0648171 secs] [Times: user=0.06 sys=0.00, real=0.06 secs] 
[GC (Allocation Failure) [DefNew: 560272K->69248K(623616K), 0.2058708 secs] 1680319K->1232994K(2009472K), 0.2059119 secs] [Times: user=0.22 sys=0.00, real=0.21 secs] 
[GC (Allocation Failure) [DefNew: 623616K->5924K(623616K), 0.0744677 secs] 1787362K->1234302K(2009472K), 0.0745094 secs] [Times: user=0.08 sys=0.00, real=0.07 secs] 
[GC (Allocation Failure) [DefNew: 560292K->69248K(623616K), 0.1871708 secs] 1788670K->1339853K(2009472K), 0.1872099 secs] [Times: user=0.19 sys=0.00, real=0.19 secs] 
[GC (Allocation Failure) [DefNew: 623616K->5920K(623616K), 0.0675162 secs] 1894221K->1341154K(2009472K), 0.0675599 secs] [Times: user=0.08 sys=0.00, real=0.07 secs] 
[GC (Allocation Failure) [DefNew: 560288K->560288K(623616K), 0.0000192 secs][Tenured: 1335234K->855275K(1385856K), 2.7071623 secs] 1895522K->855275K(2009472K), [Metaspace: 10566K->10566K(12288K)], 2.7072374 secs] [Times: user=2.70 sys=0.00, real=2.71 secs] 

*** PauseDetector detected a 2709 ms pause at Mon Dec 22 01:08:47 EET 2014 ***

[GC (Allocation Failure) [DefNew: 554368K->5887K(623616K), 0.0143989 secs] 1409643K->861162K(2009472K), 0.0144380 secs] [Times: user=0.02 sys=0.00, real=0.01 secs] 
[GC (Allocation Failure) [DefNew: 560255K->69247K(623616K), 0.1632862 secs] 1415530K->966194K(2009472K), 0.1633266 secs] [Times: user=0.17 sys=0.00, real=0.16 secs] 
[GC (Allocation Failure) [DefNew: 623615K->5890K(623616K), 0.0571824 secs] 1520562K->967406K(2009472K), 0.0572234 secs] [Times: user=0.06 sys=0.00, real=0.06 secs] 
[GC (Allocation Failure) [DefNew: 560258K->69247K(623616K), 0.1620467 secs] 1521774K->1072201K(2009472K), 0.1621506 secs] [Times: user=0.16 sys=0.00, real=0.16 secs] 
[GC (Allocation Failure) [DefNew: 623615K->5906K(623616K), 0.0520382 secs] 1626569K->1073422K(2009472K), 0.0520793 secs] [Times: user=0.06 sys=0.00, real=0.05 secs] 
[GC (Allocation Failure) [DefNew: 560274K->69248K(623616K), 0.1553647 secs] 1627790K->1177954K(2009472K), 0.1554102 secs] [Times: user=0.16 sys=0.00, real=0.15 secs] 
[GC (Allocation Failure) [DefNew: 623616K->5882K(623616K), 0.0497818 secs] 1732322K->1179191K(2009472K), 0.0498229 secs] [Times: user=0.05 sys=0.00, real=0.05 secs] 
[GC (Allocation Failure) [DefNew: 560250K->69248K(623616K), 0.1664800 secs] 1733559K->1283610K(2009472K), 0.1665871 secs] [Times: user=0.17 sys=0.00, real=0.17 secs] 
[Full GC (System.gc()) [Tenured: 1214362K->850447K(1385856K), 2.4298924 secs] 1350822K->850447K(2009472K), [Metaspace: 10566K->10566K(12288K)], 2.4299508 secs] [Times: user=2.42 sys=0.00, real=2.43 secs] 
[Full GC (System.gc()) [Tenured: 850447K->850369K(1385856K), 2.2772833 secs] 850447K->850369K(2009472K), [Metaspace: 10566K->10566K(12288K)]
*** PauseDetector detected a 4712 ms pause at Mon Dec 22 01:09:05 EET 2014 ***

, 2.2773282 secs] [Times: user=2.28 sys=0.00, real=2.28 secs] 
[Full GC (System.gc()) [Tenured: 850369K->778391K(1385856K), 2.4726336 secs] 861465K->778391K(2009472K), [Metaspace: 10566K->10566K(12288K)], 2.4726881 secs]
*** PauseDetector detected a 2474 ms pause at Mon Dec 22 01:09:07 EET 2014 ***

 [Times: user=2.47 sys=0.00, real=2.47 secs] 
[Full GC (System.gc()) [Tenured: 778391K->778394K(1385856K), 2.2222522 secs] 789487K->778394K(2009472K), [Metaspace: 10566K->10566K(12288K)]
*** PauseDetector detected a 2225 ms pause at Mon Dec 22 01:09:09 EET 2014 ***

, 2.2223176 secs] [Times: user=2.21 sys=0.00, real=2.22 secs] 
[Full GC (System.gc()) [Tenured: 778394K->778394K(1385856K), 2.3002870 secs] 789490K->778394K(2009472K), [Metaspace: 10566K->10566K(12288K)], 2.3003377 secs] [Times: user=2.29 sys=0.00, real=2.30 secs] 
[Full GC (System.gc()) [Tenured: 778394K->778394K(1385856K), 2.3013078 secs] 778396K->778394K(2009472K), [Metaspace: 10566K->10566K(12288K)]
*** PauseDetector detected a 2301 ms pause at Mon Dec 22 01:09:12 EET 2014 ***

, 2.3013501 secs] [Times: user=2.28 sys=0.00, real=2.30 secs] 

*** PauseDetector detected a 2306 ms pause at Mon Dec 22 01:09:14 EET 2014 ***

[GC (Allocation Failure) [DefNew: 554368K->69247K(623616K), 0.1359307 secs] 1332762K->887853K(2009472K), 0.1359750 secs] [Times: user=0.14 sys=0.00, real=0.14 secs] 
[GC (Allocation Failure) [DefNew: 623615K->5954K(623616K), 0.0459510 secs] 1442221K->889059K(2009472K), 0.0459901 secs] [Times: user=0.05 sys=0.00, real=0.05 secs] 
[GC (Allocation Failure) [DefNew: 560322K->69247K(623616K), 0.1477787 secs] 1443427K->992413K(2009472K), 0.1478236 secs] [Times: user=0.14 sys=0.00, real=0.15 secs] 
[GC (Allocation Failure) [DefNew: 623615K->5954K(623616K), 0.0473316 secs] 1546781K->993617K(2009472K), 0.0474317 secs] [Times: user=0.05 sys=0.00, real=0.05 secs] 
[GC (Allocation Failure) [DefNew: 560322K->69248K(623616K), 0.1326266 secs] 1547985K->1096836K(2009472K), 0.1326644 secs] [Times: user=0.14 sys=0.00, real=0.13 secs] 
[GC (Allocation Failure) [DefNew: 623616K->5954K(623616K), 0.0454672 secs] 1651204K->1098039K(2009472K), 0.0455063 secs] [Times: user=0.05 sys=0.00, real=0.05 secs] 
[Full GC (System.gc()) [Tenured: 1092084K->780263K(1385856K), 2.5165610 secs] 1308832K->780263K(2009472K), [Metaspace: 10566K->10566K(12288K)], 2.5166085 secs] [Times: user=2.50 sys=0.00, real=2.52 secs] 

*** PauseDetector detected a 2520 ms pause at Mon Dec 22 01:09:27 EET 2014 ***

[Full GC (System.gc()) [Tenured: 780263K->780268K(1385856K), 2.2585525 secs] 791359K->780268K(2009472K), [Metaspace: 10566K->10566K(12288K)], 2.2586642 secs] [Times: user=2.25 sys=0.00, real=2.26 secs] 
[Full GC (System.gc()) [Tenured: 780268K->780268K(1385856K), 2.2902438 secs] 780270K->780268K(2009472K), [Metaspace: 10566K->10566K(12288K)], 2.2902900 secs] [Times: user=2.29 sys=0.00, real=2.29 secs] 
********************************
********** ROUND   32 **********
********************************

*** PauseDetector detected a 2259 ms pause at Mon Dec 22 01:09:29 EET 2014 ***


*** PauseDetector detected a 2297 ms pause at Mon Dec 22 01:09:31 EET 2014 ***

[GC (Allocation Failure) [DefNew: 554368K->5850K(623616K), 0.0114335 secs] 1334636K->786118K(2009472K), 0.0114759 secs] [Times: user=0.02 sys=0.00, real=0.01 secs] 
[GC (Allocation Failure) [DefNew: 560218K->69248K(623616K), 0.1229927 secs] 1340486K->889141K(2009472K), 0.1230966 secs] [Times: user=0.13 sys=0.00, real=0.12 secs] 
[GC (Allocation Failure) [DefNew: 623616K->5891K(623616K), 0.0474247 secs] 1443509K->890354K(2009472K), 0.0474741 secs] [Times: user=0.05 sys=0.00, real=0.05 secs] 
[GC (Allocation Failure) [DefNew: 560259K->69247K(623616K), 0.1232564 secs] 1444722K->993228K(2009472K), 0.1232961 secs] [Times: user=0.12 sys=0.00, real=0.12 secs] 
[GC (Allocation Failure) [DefNew: 623615K->5898K(623616K), 0.0523391 secs] 1547596K->994456K(2009472K), 0.0523847 secs] [Times: user=0.06 sys=0.00, real=0.05 secs] 
[GC (Allocation Failure) [DefNew: 560266K->69247K(623616K), 0.1131413 secs] 1548824K->1097242K(2009472K), 0.1131791 secs] [Times: user=0.11 sys=0.00, real=0.11 secs] 
[GC (Allocation Failure) [DefNew: 623615K->5894K(623616K), 0.0487412 secs] 1651610K->1098455K(2009472K), 0.0487931 secs] [Times: user=0.05 sys=0.00, real=0.05 secs] 
[GC (Allocation Failure) [DefNew: 560262K->69248K(623616K), 0.1220079 secs] 1652823K->1201144K(2009472K), 0.1220451 secs] [Times: user=0.13 sys=0.00, real=0.12 secs] 
[GC (Allocation Failure) [DefNew: 623616K->5901K(623616K), 0.0462839 secs] 1755512K->1202382K(2009472K), 0.0463237 secs] [Times: user=0.05 sys=0.00, real=0.05 secs] 
[GC (Allocation Failure) [DefNew: 560269K->69248K(623616K), 0.1216582 secs] 1756750K->1304523K(2009472K), 0.1217711 secs] [Times: user=0.12 sys=0.00, real=0.12 secs] 
[GC (Allocation Failure) [DefNew: 623616K->5896K(623616K), 0.0490960 secs] 1858891K->1305733K(2009472K), 0.0491351 secs] [Times: user=0.05 sys=0.00, real=0.05 secs] 
[GC (Allocation Failure) [DefNew: 560264K->69247K(623616K), 0.1151783 secs] 1860101K->1407833K(2009472K), 0.1152809 secs] [Times: user=0.11 sys=0.00, real=0.12 secs] 
[GC (Allocation Failure) [DefNew: 623615K->623615K(623616K), 0.0000192 secs][Tenured: 1338585K->853260K(1385856K), 2.5752306 secs] 1962201K->853260K(2009472K), [Metaspace: 10566K->10566K(12288K)], 2.5753832 secs] [Times: user=2.54 sys=0.00, real=2.58 secs] 

*** PauseDetector detected a 2580 ms pause at Mon Dec 22 01:09:53 EET 2014 ***

[GC (Allocation Failure) [DefNew: 554368K->69248K(623616K), 0.1062488 secs] 1407628K->961147K(2009472K), 0.1062886 secs] [Times: user=0.11 sys=0.00, real=0.11 secs] 
[GC (Allocation Failure) [DefNew: 623616K->5897K(623616K), 0.0488990 secs] 1515515K->962370K(2009472K), 0.0489433 secs] [Times: user=0.05 sys=0.00, real=0.05 secs] 
[GC (Allocation Failure) [DefNew: 560265K->69247K(623616K), 0.1095645 secs] 1516738K->1064326K(2009472K), 0.1097223 secs] [Times: user=0.11 sys=0.00, real=0.11 secs] 
[GC (Allocation Failure) [DefNew: 623615K->5850K(623616K), 0.0451548 secs] 1618694K->1065470K(2009472K), 0.0451932 secs] [Times: user=0.05 sys=0.00, real=0.05 secs] 
[GC (Allocation Failure) [DefNew: 560218K->69247K(623616K), 0.3422961 secs] 1619838K->1192131K(2009472K), 0.3423379 secs] [Times: user=0.34 sys=0.00, real=0.34 secs] 
[GC (Allocation Failure) [DefNew: 623615K->5901K(623616K), 0.1240038 secs] 1746499K->1193780K(2009472K), 0.1240468 secs] [Times: user=0.12 sys=0.00, real=0.12 secs] 
[GC (Allocation Failure) [DefNew: 560269K->69248K(623616K), 0.4701821 secs] 1748148K->1312829K(2009472K), 0.4702905 secs] [Times: user=0.47 sys=0.00, real=0.47 secs] 

*** PauseDetector detected a 475 ms pause at Mon Dec 22 01:10:05 EET 2014 ***

[GC (Allocation Failure) [DefNew: 623616K->5886K(623616K), 0.0936515 secs] 1867197K->1314321K(2009472K), 0.0936913 secs] [Times: user=0.09 sys=0.00, real=0.09 secs] 
[GC (Allocation Failure) [DefNew: 560254K->560254K(623616K), 0.0000828 secs][Tenured: 1308434K->796827K(1385856K), 2.9029520 secs] 1868689K->796827K(2009472K), [Metaspace: 10566K->10566K(12288K)], 2.9031009 secs] [Times: user=2.90 sys=0.00, real=2.90 secs] 

*** PauseDetector detected a 2905 ms pause at Mon Dec 22 01:10:12 EET 2014 ***

[GC (Allocation Failure) [DefNew: 554368K->5880K(623616K), 0.0116408 secs] 1351195K->802708K(2009472K), 0.0116812 secs] [Times: user=0.00 sys=0.00, real=0.01 secs] 
[GC (Allocation Failure) [DefNew: 560248K->69247K(623616K), 0.3351830 secs] 1357076K->915157K(2009472K), 0.3352202 secs] [Times: user=0.34 sys=0.00, real=0.34 secs] 
[GC (Allocation Failure) [DefNew: 623615K->5908K(623616K), 0.0890835 secs] 1469525K->916583K(2009472K), 0.0891309 secs] [Times: user=0.09 sys=0.00, real=0.09 secs] 
[GC (Allocation Failure) [DefNew: 560276K->69248K(623616K), 0.3137460 secs] 1470951K->1027783K(2009472K), 0.3137864 secs] [Times: user=0.31 sys=0.00, real=0.31 secs] 
[GC (Allocation Failure) [DefNew: 623616K->5905K(623616K), 0.0716409 secs] 1582151K->1029189K(2009472K), 0.0716775 secs] [Times: user=0.06 sys=0.00, real=0.07 secs] 
[GC (Allocation Failure) [DefNew: 560273K->69247K(623616K), 0.2746529 secs] 1583557K->1137923K(2009472K), 0.2748107 secs] [Times: user=0.25 sys=0.00, real=0.27 secs] 
[GC (Allocation Failure) [DefNew: 623615K->5913K(623616K), 0.0745357 secs] 1692291K->1139268K(2009472K), 0.0745768 secs] [Times: user=0.06 sys=0.00, real=0.08 secs] 
[GC (Allocation Failure) [DefNew: 560281K->69248K(623616K), 0.2764050 secs] 1693636K->1247306K(2009472K), 0.2764435 secs] [Times: user=0.28 sys=0.00, real=0.28 secs] 
[GC (Allocation Failure) [DefNew: 623616K->5854K(623616K), 0.0652508 secs] 1801674K->1248582K(2009472K), 0.0652913 secs] [Times: user=0.06 sys=0.00, real=0.06 secs] 
[GC (Allocation Failure) [DefNew: 560222K->69247K(623616K), 0.2695158 secs] 1802950K->1356134K(2009472K), 0.2695677 secs] [Times: user=0.28 sys=0.00, real=0.27 secs] 
[GC (Allocation Failure) [DefNew: 623615K->5911K(623616K), 0.0647453 secs] 1910502K->1357427K(2009472K), 0.0647876 secs] [Times: user=0.08 sys=0.00, real=0.06 secs] 
[GC (Allocation Failure) [DefNew: 560279K->560279K(623616K), 0.0000199 secs][Tenured: 1351515K->856952K(1385856K), 2.6705828 secs] 1911795K->856952K(2009472K), [Metaspace: 10566K->10566K(12288K)], 2.6707343 secs] [Times: user=2.65 sys=0.00, real=2.67 secs] 

*** PauseDetector detected a 2674 ms pause at Mon Dec 22 01:10:34 EET 2014 ***

[GC (Allocation Failure) [DefNew: 554368K->5913K(623616K), 0.0130894 secs] 1411320K->862865K(2009472K), 0.0131452 secs] [Times: user=0.01 sys=0.00, real=0.01 secs] 
[GC (Allocation Failure) [DefNew: 560281K->69247K(623616K), 0.1935987 secs] 1417233K->968471K(2009472K), 0.1936353 secs] [Times: user=0.19 sys=0.00, real=0.19 secs] 
[GC (Allocation Failure) [DefNew: 623615K->5857K(623616K), 0.0558460 secs] 1522839K->969665K(2009472K), 0.0558883 secs] [Times: user=0.06 sys=0.00, real=0.06 secs] 
[GC (Allocation Failure) [DefNew: 560225K->69248K(623616K), 0.1716549 secs] 1524033K->1074987K(2009472K), 0.1716960 secs] [Times: user=0.17 sys=0.00, real=0.17 secs] 
[GC (Allocation Failure) [DefNew: 623616K->5915K(623616K), 0.0706850 secs] 1629355K->1076282K(2009472K), 0.0707286 secs] [Times: user=0.06 sys=0.00, real=0.07 secs] 
[GC (Allocation Failure) [DefNew: 560283K->69248K(623616K), 0.1680704 secs] 1630650K->1181242K(2009472K), 0.1681102 secs] [Times: user=0.17 sys=0.00, real=0.17 secs] 
[GC (Allocation Failure) [DefNew: 623616K->5911K(623616K), 0.0537025 secs] 1735610K->1182519K(2009472K), 0.0537416 secs] [Times: user=0.06 sys=0.00, real=0.05 secs] 
[GC (Allocation Failure) [DefNew: 560279K->69247K(623616K), 0.1652539 secs] 1736887K->1287254K(2009472K), 0.1652905 secs] [Times: user=0.16 sys=0.00, real=0.16 secs] 
[GC (Allocation Failure) [DefNew: 623615K->5908K(623616K), 0.0669972 secs] 1841622K->1288516K(2009472K), 0.0670370 secs] [Times: user=0.06 sys=0.00, real=0.07 secs] 
[GC (Allocation Failure) [DefNew: 560276K->69248K(623616K), 0.1624913 secs] 1842884K->1393032K(2009472K), 0.1626042 secs] [Times: user=0.17 sys=0.00, real=0.16 secs] 
[GC (Allocation Failure) [DefNew: 623616K->623616K(623616K), 0.0000212 secs][Tenured: 1323784K->855746K(1385856K), 2.6461645 secs] 1947400K->855746K(2009472K), [Metaspace: 10566K->10566K(12288K)], 2.6462479 secs] [Times: user=2.65 sys=0.00, real=2.65 secs] 

*** PauseDetector detected a 2649 ms pause at Mon Dec 22 01:10:54 EET 2014 ***

[GC (Allocation Failure) [DefNew: 554368K->69248K(623616K), 0.1464596 secs] 1410114K->965981K(2009472K), 0.1466072 secs] [Times: user=0.14 sys=0.00, real=0.15 secs] 
[GC (Allocation Failure) [DefNew: 623616K->5862K(623616K), 0.0503765 secs] 1520349K->967215K(2009472K), 0.0504208 secs] [Times: user=0.05 sys=0.00, real=0.05 secs] 
[GC (Allocation Failure) [DefNew: 560230K->69247K(623616K), 0.1458700 secs] 1521583K->1070758K(2009472K), 0.1459110 secs] [Times: user=0.14 sys=0.00, real=0.15 secs] 
[GC (Allocation Failure) [DefNew: 623615K->5916K(623616K), 0.0646291 secs] 1625126K->1071983K(2009472K), 0.0646830 secs] [Times: user=0.06 sys=0.00, real=0.06 secs] 
[GC (Allocation Failure) [DefNew: 560284K->69248K(623616K), 0.1341054 secs] 1626351K->1175336K(2009472K), 0.1341477 secs] [Times: user=0.14 sys=0.00, real=0.13 secs] 
[GC (Allocation Failure) [DefNew: 623616K->5913K(623616K), 0.0476357 secs] 1729704K->1176538K(2009472K), 0.0476845 secs] [Times: user=0.05 sys=0.00, real=0.05 secs] 
[GC (Allocation Failure) [DefNew: 560281K->69247K(623616K), 0.1477594 secs] 1730906K->1279755K(2009472K), 0.1478031 secs] [Times: user=0.14 sys=0.00, real=0.15 secs] 
[GC (Allocation Failure) [DefNew: 623615K->5875K(623616K), 0.0543838 secs] 1834123K->1280922K(2009472K), 0.0544268 secs] [Times: user=0.05 sys=0.00, real=0.05 secs] 
[GC (Allocation Failure) [DefNew: 560243K->69247K(623616K), 0.1398943 secs] 1835290K->1384065K(2009472K), 0.1399470 secs] [Times: user=0.14 sys=0.00, real=0.14 secs] 
[GC (Allocation Failure) [DefNew: 623615K->623615K(623616K), 0.0000192 secs][Tenured: 1314817K->854260K(1385856K), 2.4568245 secs] 1938433K->854260K(2009472K), [Metaspace: 10566K->10566K(12288K)]
*** PauseDetector detected a 2459 ms pause at Mon Dec 22 01:11:12 EET 2014 ***

, 2.4569015 secs] [Times: user=2.45 sys=0.00, real=2.46 secs] 
[GC (Allocation Failure) [DefNew: 554368K->69247K(623616K), 0.1393009 secs] 1408628K->963133K(2009472K), 0.1393458 secs] [Times: user=0.14 sys=0.00, real=0.14 secs] 
[GC (Allocation Failure) [DefNew: 623615K->5918K(623616K), 0.0474144 secs] 1517501K->964372K(2009472K), 0.0474542 secs] [Times: user=0.05 sys=0.00, real=0.05 secs] 
[GC (Allocation Failure) [DefNew: 560286K->69248K(623616K), 0.1197104 secs] 1518740K->1067262K(2009472K), 0.1197463 secs] [Times: user=0.12 sys=0.00, real=0.12 secs] 
[GC (Allocation Failure) [DefNew: 623616K->5855K(623616K), 0.0453427 secs] 1621630K->1068404K(2009472K), 0.0453838 secs] [Times: user=0.05 sys=0.00, real=0.05 secs] 
[GC (Allocation Failure) [DefNew: 560223K->69247K(623616K), 0.1390911 secs] 1622772K->1171247K(2009472K), 0.1391309 secs] [Times: user=0.14 sys=0.00, real=0.14 secs] 
[GC (Allocation Failure) [DefNew: 623615K->5920K(623616K), 0.0459413 secs] 1725615K->1172473K(2009472K), 0.0459779 secs] [Times: user=0.05 sys=0.00, real=0.05 secs] 
[GC (Allocation Failure) [DefNew: 560288K->69248K(623616K), 0.1172820 secs] 1726841K->1275134K(2009472K), 0.1173866 secs] [Times: user=0.11 sys=0.00, real=0.12 secs] 
[GC (Allocation Failure) [DefNew: 623616K->5896K(623616K), 0.0453434 secs] 1829502K->1276367K(2009472K), 0.0453851 secs] [Times: user=0.05 sys=0.00, real=0.04 secs] 
[GC (Allocation Failure) [DefNew: 560264K->69248K(623616K), 0.1323026 secs] 1830735K->1378563K(2009472K), 0.1323436 secs] [Times: user=0.14 sys=0.00, real=0.13 secs] 
[GC (Allocation Failure) [DefNew: 623616K->623616K(623616K), 0.0000192 secs][Tenured: 1309315K->784053K(1385856K), 2.4418553 secs] 1932931K->784053K(2009472K), [Metaspace: 10566K->10566K(12288K)], 2.4420047 secs] [Times: user=2.43 sys=0.00, real=2.44 secs] 

*** PauseDetector detected a 2442 ms pause at Mon Dec 22 01:11:30 EET 2014 ***

[GC (Allocation Failure) [DefNew: 554368K->69248K(623616K), 0.1190829 secs] 1338421K->892071K(2009472K), 0.1191169 secs] [Times: user=0.11 sys=0.00, real=0.12 secs] 
[GC (Allocation Failure) [DefNew: 623616K->5859K(623616K), 0.0521518 secs] 1446439K->893197K(2009472K), 0.0521916 secs] [Times: user=0.05 sys=0.00, real=0.05 secs] 
[GC (Allocation Failure) [DefNew: 560227K->69247K(623616K), 0.1107565 secs] 1447565K->995281K(2009472K), 0.1108630 secs] [Times: user=0.11 sys=0.00, real=0.11 secs] 
[GC (Allocation Failure) [DefNew: 623615K->5866K(623616K), 0.0462166 secs] 1549649K->996416K(2009472K), 0.0462563 secs] [Times: user=0.05 sys=0.00, real=0.05 secs] 
[GC (Allocation Failure) [DefNew: 560234K->69248K(623616K), 0.1107559 secs] 1550784K->1098402K(2009472K), 0.1109041 secs] [Times: user=0.11 sys=0.00, real=0.11 secs] 
[GC (Allocation Failure) [DefNew: 623616K->5921K(623616K), 0.0480547 secs] 1652770K->1099618K(2009472K), 0.0480951 secs] [Times: user=0.05 sys=0.00, real=0.05 secs] 
[GC (Allocation Failure) [DefNew: 560289K->69248K(623616K), 0.3457036 secs] 1653986K->1226200K(2009472K), 0.3457408 secs] [Times: user=0.36 sys=0.00, real=0.35 secs] 
[GC (Allocation Failure) [DefNew: 623616K->5912K(623616K), 0.0942693 secs] 1780568K->1227868K(2009472K), 0.0943149 secs] [Times: user=0.09 sys=0.00, real=0.10 secs] 
[GC (Allocation Failure) [DefNew: 560280K->69248K(623616K), 0.4922498 secs] 1782236K->1346926K(2009472K), 0.4922902 secs] [Times: user=0.50 sys=0.00, real=0.49 secs] 

*** PauseDetector detected a 497 ms pause at Mon Dec 22 01:11:45 EET 2014 ***

[GC (Allocation Failure) [DefNew: 623616K->5884K(623616K), 0.0881057 secs] 1901294K->1348396K(2009472K), 0.0881416 secs] [Times: user=0.09 sys=0.00, real=0.09 secs] 
[GC (Allocation Failure) [DefNew: 560252K->560252K(623616K), 0.0000192 secs][Tenured: 1342511K->866134K(1385856K), 2.6356497 secs] 1902764K->866134K(2009472K), [Metaspace: 10566K->10566K(12288K)], 2.6357305 secs] [Times: user=2.62 sys=0.00, real=2.64 secs] 

*** PauseDetector detected a 2639 ms pause at Mon Dec 22 01:11:51 EET 2014 ***

[GC (Allocation Failure) [DefNew: 554368K->5898K(623616K), 0.0123401 secs] 1420502K->872032K(2009472K), 0.0123811 secs] [Times: user=0.01 sys=0.00, real=0.01 secs] 
[GC (Allocation Failure) [DefNew: 560266K->69248K(623616K), 0.3437698 secs] 1426400K->984523K(2009472K), 0.3438122 secs] [Times: user=0.34 sys=0.00, real=0.34 secs] 
[GC (Allocation Failure) [DefNew: 623616K->5907K(623616K), 0.0779771 secs] 1538891K->985888K(2009472K), 0.0780176 secs] [Times: user=0.08 sys=0.00, real=0.08 secs] 
[GC (Allocation Failure) [DefNew: 560275K->69248K(623616K), 0.3383421 secs] 1540256K->1097135K(2009472K), 0.3383838 secs] [Times: user=0.33 sys=0.00, real=0.34 secs] 
[GC (Allocation Failure) [DefNew: 623616K->5905K(623616K), 0.0769981 secs] 1651503K->1098495K(2009472K), 0.0770379 secs] [Times: user=0.08 sys=0.00, real=0.08 secs] 
[GC (Allocation Failure) [DefNew: 560273K->69248K(623616K), 0.2702799 secs] 1652863K->1207278K(2009472K), 0.2703197 secs] [Times: user=0.28 sys=0.00, real=0.27 secs] 
[GC (Allocation Failure) [DefNew: 623616K->5907K(623616K), 0.0699728 secs] 1761646K->1208568K(2009472K), 0.0700133 secs] [Times: user=0.08 sys=0.00, real=0.07 secs] 
[GC (Allocation Failure) [DefNew: 560275K->69247K(623616K), 0.2858670 secs] 1762936K->1316659K(2009472K), 0.2859100 secs] [Times: user=0.30 sys=0.00, real=0.29 secs] 
[GC (Allocation Failure) [DefNew: 623615K->5924K(623616K), 0.0637746 secs] 1871027K->1317959K(2009472K), 0.0638169 secs] [Times: user=0.06 sys=0.00, real=0.06 secs] 
[GC (Allocation Failure) [DefNew: 560292K->560292K(623616K), 0.0000205 secs][Tenured: 1312035K->857471K(1385856K), 2.7235591 secs] 1872327K->857471K(2009472K), [Metaspace: 10566K->10566K(12288K)], 2.7236392 secs] [Times: user=2.73 sys=0.00, real=2.72 secs] 

*** PauseDetector detected a 2726 ms pause at Mon Dec 22 01:12:11 EET 2014 ***

[GC (Allocation Failure) [DefNew: 554368K->5875K(623616K), 0.0119513 secs] 1411839K->863346K(2009472K), 0.0119904 secs] [Times: user=0.01 sys=0.00, real=0.01 secs] 
[GC (Allocation Failure) [DefNew: 560243K->69247K(623616K), 0.2040231 secs] 1417714K->970438K(2009472K), 0.2040628 secs] [Times: user=0.20 sys=0.00, real=0.20 secs] 
[GC (Allocation Failure) [DefNew: 623615K->5890K(623616K), 0.0709390 secs] 1524806K->971694K(2009472K), 0.0709859 secs] [Times: user=0.06 sys=0.00, real=0.07 secs] 
[GC (Allocation Failure) [DefNew: 560258K->69248K(623616K), 0.2019168 secs] 1526062K->1077335K(2009472K), 0.2019559 secs] [Times: user=0.20 sys=0.00, real=0.20 secs] 
[GC (Allocation Failure) [DefNew: 623616K->5926K(623616K), 0.0584732 secs] 1631703K->1078586K(2009472K), 0.0585784 secs] [Times: user=0.06 sys=0.00, real=0.06 secs] 
[GC (Allocation Failure) [DefNew: 560294K->69248K(623616K), 0.1802623 secs] 1632954K->1183873K(2009472K), 0.1803046 secs] [Times: user=0.19 sys=0.00, real=0.18 secs] 
[GC (Allocation Failure) [DefNew: 623616K->5923K(623616K), 0.0561969 secs] 1738241K->1185117K(2009472K), 0.0562367 secs] [Times: user=0.05 sys=0.00, real=0.06 secs] 
[GC (Allocation Failure) [DefNew: 560291K->69248K(623616K), 0.1864503 secs] 1739485K->1290141K(2009472K), 0.1864920 secs] [Times: user=0.19 sys=0.00, real=0.19 secs] 
[Full GC (System.gc()) [Tenured: 1220893K->853954K(1385856K), 2.5311799 secs] 1635896K->853954K(2009472K), [Metaspace: 10566K->10566K(12288K)], 2.5312377 secs] [Times: user=2.53 sys=0.00, real=2.53 secs] 
[Full GC (System.gc()) [Tenured: 853954K->784608K(1385856K), 2.4613335 secs] 853956K->784608K(2009472K), [Metaspace: 10566K->10566K(12288K)], 2.4613784 secs] [Times: user=2.47 sys=0.00, real=2.46 secs] 
[Full GC (System.gc()) [Tenured: 784608K->784609K(1385856K), 2.3718536 secs] 795679K->784609K(2009472K), [Metaspace: 10566K->10566K(12288K)], 2.3718991 secs] [Times: user=2.37 sys=0.00, real=2.37 secs] 

*** PauseDetector detected a 2532 ms pause at Mon Dec 22 01:12:27 EET 2014 ***

[Full GC (System.gc()) [Tenured: 784609K->784609K(1385856K), 2.2211794 secs] 795681K->784609K(2009472K), [Metaspace: 10566K->10566K(12288K)], 2.2213033 secs] [Times: user=2.23 sys=0.00, real=2.22 secs] 
[Full GC (System.gc()) [Tenured: 784609K->784609K(1385856K), 2.2393893 secs] 795680K->784609K(2009472K), [Metaspace: 10566K->10566K(12288K)], 2.2395029 secs] [Times: user=2.23 sys=0.00, real=2.24 secs] 

*** PauseDetector detected a 9298 ms pause at Mon Dec 22 01:12:37 EET 2014 ***

[Full GC (System.gc()) [Tenured: 784609K->781000K(1385856K), 2.3852811 secs] 795682K->781000K(2009472K), [Metaspace: 10566K->10566K(12288K)], 2.3853273 secs] [Times: user=2.37 sys=0.00, real=2.38 secs] 

*** PauseDetector detected a 2386 ms pause at Mon Dec 22 01:12:39 EET 2014 ***

[GC (Allocation Failure) [DefNew: 554368K->69247K(623616K), 0.1562565 secs] 1335368K->891721K(2009472K), 0.1562962 secs] [Times: user=0.16 sys=0.00, real=0.16 secs] 
[GC (Allocation Failure) [DefNew: 623615K->5954K(623616K), 0.0494540 secs] 1446089K->892955K(2009472K), 0.0494912 secs] [Times: user=0.05 sys=0.00, real=0.05 secs] 
[GC (Allocation Failure) [DefNew: 560322K->69247K(623616K), 0.1795290 secs] 1447323K->997515K(2009472K), 0.1795765 secs] [Times: user=0.17 sys=0.00, real=0.18 secs] 
[GC (Allocation Failure) [DefNew: 623615K->5954K(623616K), 0.0510836 secs] 1551883K->998747K(2009472K), 0.0511233 secs] [Times: user=0.06 sys=0.00, real=0.05 secs] 
[GC (Allocation Failure) [DefNew: 560322K->69247K(623616K), 0.1506221 secs] 1553115K->1103124K(2009472K), 0.1506619 secs] [Times: user=0.16 sys=0.00, real=0.15 secs] 
[GC (Allocation Failure) [DefNew: 623615K->5954K(623616K), 0.0509052 secs] 1657492K->1104354K(2009472K), 0.0510066 secs] [Times: user=0.05 sys=0.00, real=0.05 secs] 
[Full GC (System.gc()) [Tenured: 1098399K->849255K(1385856K), 2.5230974 secs] 1249290K->849255K(2009472K), [Metaspace: 10566K->10566K(12288K)], 2.5232270 secs] [Times: user=2.51 sys=0.00, real=2.52 secs] 
[Full GC (System.gc()) [Tenured: 849255K->849255K(1385856K), 2.2704390 secs] 849255K->849255K(2009472K), [Metaspace: 10566K->10566K(12288K)], 2.2704756 secs] [Times: user=2.26 sys=0.00, real=2.27 secs] 
[Full GC (System.gc()) [Tenured: 849255K->849177K(1385856K), 2.2340315 secs] 849257K->849177K(2009472K), [Metaspace: 10566K->10566K(12288K)], 2.2340950 secs] [Times: user=2.25 sys=0.00, real=2.23 secs] 
********************************

*** PauseDetector detected a 4795 ms pause at Mon Dec 22 01:12:54 EET 2014 ***

********** ROUND   33 **********
********************************

*** PauseDetector detected a 2240 ms pause at Mon Dec 22 01:12:56 EET 2014 ***

[GC (Allocation Failure) [DefNew: 554368K->5901K(623616K), 0.0156172 secs] 1403545K->855079K(2009472K), 0.0157032 secs] [Times: user=0.02 sys=0.00, real=0.02 secs] 
[GC (Allocation Failure) [DefNew: 560269K->69247K(623616K), 0.1412096 secs] 1409447K->958416K(2009472K), 0.1412487 secs] [Times: user=0.14 sys=0.00, real=0.14 secs] 
[GC (Allocation Failure) [DefNew: 623615K->5888K(623616K), 0.0504458 secs] 1512784K->959624K(2009472K), 0.0504927 secs] [Times: user=0.05 sys=0.00, real=0.05 secs] 
[GC (Allocation Failure) [DefNew: 560256K->69248K(623616K), 0.1274946 secs] 1513992K->1062827K(2009472K), 0.1275363 secs] [Times: user=0.14 sys=0.00, real=0.13 secs] 
[GC (Allocation Failure) [DefNew: 623616K->5899K(623616K), 0.0633550 secs] 1617195K->1064056K(2009472K), 0.0633973 secs] [Times: user=0.06 sys=0.00, real=0.06 secs] 
[GC (Allocation Failure) [DefNew: 560267K->69248K(623616K), 0.1412705 secs] 1618424K->1167146K(2009472K), 0.1413103 secs] [Times: user=0.14 sys=0.00, real=0.14 secs] 
[GC (Allocation Failure) [DefNew: 623616K->5893K(623616K), 0.0524225 secs] 1721514K->1168353K(2009472K), 0.0524604 secs] [Times: user=0.06 sys=0.00, real=0.05 secs] 
[GC (Allocation Failure) [DefNew: 560261K->69247K(623616K), 0.1373967 secs] 1722721K->1271342K(2009472K), 0.1374390 secs] [Times: user=0.14 sys=0.00, real=0.14 secs] 
[GC (Allocation Failure) [DefNew: 623615K->5899K(623616K), 0.0565447 secs] 1825710K->1272553K(2009472K), 0.0565851 secs] [Times: user=0.05 sys=0.00, real=0.06 secs] 
[GC (Allocation Failure) [DefNew: 560267K->69247K(623616K), 0.1357510 secs] 1826921K->1375443K(2009472K), 0.1358011 secs] [Times: user=0.14 sys=0.00, real=0.14 secs] 
[GC (Allocation Failure) [DefNew: 623615K->623615K(623616K), 0.0000199 secs][Tenured
*** PauseDetector detected a 2533 ms pause at Mon Dec 22 01:13:16 EET 2014 ***

: 1306195K->784766K(1385856K), 2.5307135 secs] 1929811K->784766K(2009472K), [Metaspace: 10566K->10566K(12288K)], 2.5307976 secs] [Times: user=2.54 sys=0.00, real=2.53 secs] 
[GC (Allocation Failure) [DefNew: 554368K->69247K(623616K), 0.1241597 secs] 1339134K->893469K(2009472K), 0.1242020 secs] [Times: user=0.13 sys=0.00, real=0.12 secs] 
[GC (Allocation Failure) [DefNew: 623615K->5875K(623616K), 0.0483934 secs] 1447837K->894644K(2009472K), 0.0484338 secs] [Times: user=0.05 sys=0.00, real=0.05 secs] 
[GC (Allocation Failure) [DefNew: 560243K->69248K(623616K), 0.1068750 secs] 1449012K->997387K(2009472K), 0.1069783 secs] [Times: user=0.11 sys=0.00, real=0.11 secs] 
[GC (Allocation Failure) [DefNew: 623616K->5881K(623616K), 0.0468466 secs] 1551755K->998571K(2009472K), 0.0468896 secs] [Times: user=0.05 sys=0.00, real=0.05 secs] 
[GC (Allocation Failure) [DefNew: 560249K->69247K(623616K), 0.1288913 secs] 1552939K->1100767K(2009472K), 0.1289311 secs] [Times: user=0.14 sys=0.00, real=0.13 secs] 
[GC (Allocation Failure) [DefNew: 623615K->5899K(623616K), 0.0515821 secs] 1655135K->1101945K(2009472K), 0.0517052 secs] [Times: user=0.05 sys=0.00, real=0.05 secs] 
[GC (Allocation Failure) [DefNew: 560267K->69248K(623616K), 0.1204418 secs] 1656313K->1204047K(2009472K), 0.1204809 secs] [Times: user=0.13 sys=0.00, real=0.12 secs] 
[GC (Allocation Failure) [DefNew: 623616K->5875K(623616K), 0.0444516 secs] 1758415K->1205205K(2009472K), 0.0444920 secs] [Times: user=0.05 sys=0.00, real=0.04 secs] 
[GC (Allocation Failure) [DefNew: 560243K->69248K(623616K), 0.1300064 secs] 1759573K->1307264K(2009472K), 0.1300532 secs] [Times: user=0.13 sys=0.00, real=0.13 secs] 
[GC (Allocation Failure) [DefNew: 623616K->5900K(623616K), 0.0490889 secs] 1861632K->1308442K(2009472K), 0.0491344 secs] [Times: user=0.05 sys=0.00, real=0.05 secs] 
[GC (Allocation Failure) [DefNew: 560268K->560268K(623616K), 0.0000167 secs][Tenured: 1302541K->851975K(1385856K), 2.5759825 secs] 1862810K->851975K(2009472K), [Metaspace: 10566K->10566K(12288K)]
*** PauseDetector detected a 2578 ms pause at Mon Dec 22 01:13:35 EET 2014 ***

, 2.5760761 secs] [Times: user=2.57 sys=0.00, real=2.58 secs] 
[GC (Allocation Failure) [DefNew: 554368K->5878K(623616K), 0.0122400 secs] 1406343K->857853K(2009472K), 0.0123824 secs] [Times: user=0.02 sys=0.00, real=0.01 secs] 
[GC (Allocation Failure) [DefNew: 560246K->69247K(623616K), 0.3418503 secs] 1412221K->984456K(2009472K), 0.3419548 secs] [Times: user=0.34 sys=0.00, real=0.34 secs] 
[GC (Allocation Failure) [DefNew: 623615K->5904K(623616K), 0.0998170 secs] 1538824K->986138K(2009472K), 0.0998574 secs] [Times: user=0.11 sys=0.00, real=0.10 secs] 
[GC (Allocation Failure) [DefNew: 560272K->69247K(623616K), 0.5648948 secs] 1540506K->1105187K(2009472K), 0.5649384 secs] [Times: user=0.58 sys=0.00, real=0.56 secs] 

*** PauseDetector detected a 565 ms pause at Mon Dec 22 01:13:42 EET 2014 ***

[GC (Allocation Failure) [DefNew: 623615K->5884K(623616K), 0.0821653 secs] 1659555K->1106674K(2009472K), 0.0823097 secs] [Times: user=0.08 sys=0.00, real=0.08 secs] 
[GC (Allocation Failure) [DefNew: 560252K->69248K(623616K), 0.3954007 secs] 1661042K->1223227K(2009472K), 0.3954443 secs] [Times: user=0.39 sys=0.00, real=0.39 secs] 

*** PauseDetector detected a 400 ms pause at Mon Dec 22 01:13:46 EET 2014 ***

[GC (Allocation Failure) [DefNew: 623616K->5886K(623616K), 0.0921348 secs] 1777595K->1224684K(2009472K), 0.0921771 secs] [Times: user=0.09 sys=0.00, real=0.09 secs] 
[GC (Allocation Failure) [DefNew: 560254K->69247K(623616K), 0.3761502 secs] 1779052K->1337164K(2009472K), 0.3761842 secs] [Times: user=0.37 sys=0.00, real=0.38 secs] 

*** PauseDetector detected a 377 ms pause at Mon Dec 22 01:13:50 EET 2014 ***

[GC (Allocation Failure) [DefNew: 623615K->5905K(623616K), 0.0730684 secs] 1891532K->1338549K(2009472K), 0.0731762 secs] [Times: user=0.08 sys=0.00, real=0.07 secs] 
[GC (Allocation Failure) [DefNew: 560273K->560273K(623616K), 0.0000192 secs][Tenured: 1332644K->861144K(1385856K), 2.9517817 secs] 1892917K->861144K(2009472K), [Metaspace: 10566K->10566K(12288K)], 2.9518613 secs] [Times: user=2.93 sys=0.00, real=2.95 secs] 

*** PauseDetector detected a 2952 ms pause at Mon Dec 22 01:13:56 EET 2014 ***

[GC (Allocation Failure) [DefNew: 554368K->5874K(623616K), 0.0119872 secs] 1415512K->867018K(2009472K), 0.0120251 secs] [Times: user=0.02 sys=0.00, real=0.01 secs] 
[GC (Allocation Failure) [DefNew: 560242K->69248K(623616K), 0.2608821 secs] 1421386K->975809K(2009472K), 0.2609225 secs] [Times: user=0.26 sys=0.00, real=0.26 secs] 
[GC (Allocation Failure) [DefNew: 623616K->5910K(623616K), 0.0738730 secs] 1530177K->977125K(2009472K), 0.0739147 secs] [Times: user=0.08 sys=0.00, real=0.07 secs] 
[GC (Allocation Failure) [DefNew: 560278K->69248K(623616K), 0.2401906 secs] 1531493K->1085203K(2009472K), 0.2402310 secs] [Times: user=0.23 sys=0.00, real=0.24 secs] 
[GC (Allocation Failure) [DefNew: 623616K->5908K(623616K), 0.0620494 secs] 1639571K->1086497K(2009472K), 0.0620898 secs] [Times: user=0.06 sys=0.00, real=0.06 secs] 
[GC (Allocation Failure) [DefNew: 560276K->69248K(623616K), 0.2178176 secs] 1640865K->1193994K(2009472K), 0.2178606 secs] [Times: user=0.22 sys=0.00, real=0.22 secs] 
[GC (Allocation Failure) [DefNew: 623616K->5911K(623616K), 0.0714677 secs] 1748362K->1195288K(2009472K), 0.0715184 secs] [Times: user=0.08 sys=0.00, real=0.07 secs] 
[GC (Allocation Failure) [DefNew: 560279K->69247K(623616K), 0.2020797 secs] 1749656K->1302326K(2009472K), 0.2022003 secs] [Times: user=0.20 sys=0.00, real=0.20 secs] 
[GC (Allocation Failure) [DefNew: 623615K->5906K(623616K), 0.0602818 secs] 1856694K->1303615K(2009472K), 0.0603210 secs] [Times: user=0.06 sys=0.00, real=0.06 secs] 
[GC (Allocation Failure) [DefNew: 560274K->69247K(623616K), 0.2072335 secs] 1857983K->1409220K(2009472K), 0.2073740 secs] [Times: user=0.22 sys=0.00, real=0.21 secs] 
[GC (Allocation Failure) [DefNew: 623615K->623615K(623616K), 0.0000263 secs][Tenured
*** PauseDetector detected a 2735 ms pause at Mon Dec 22 01:14:17 EET 2014 ***

: 1339972K->856755K(1385856K), 2.7302064 secs] 1963588K->856755K(2009472K), [Metaspace: 10566K->10566K(12288K)], 2.7303020 secs] [Times: user=2.71 sys=0.00, real=2.73 secs] 
[GC (Allocation Failure) [DefNew: 554368K->69248K(623616K), 0.1706926 secs] 1411123K->967958K(2009472K), 0.1708029 secs] [Times: user=0.17 sys=0.00, real=0.17 secs] 
[GC (Allocation Failure) [DefNew: 623616K->5906K(623616K), 0.0571311 secs] 1522326K->969195K(2009472K), 0.0571728 secs] [Times: user=0.06 sys=0.00, real=0.06 secs] 
[GC (Allocation Failure) [DefNew: 560274K->69247K(623616K), 0.1674770 secs] 1523563K->1074224K(2009472K), 0.1675206 secs] [Times: user=0.17 sys=0.00, real=0.17 secs] 
[GC (Allocation Failure) [DefNew: 623615K->5908K(623616K), 0.0515391 secs] 1628592K->1075462K(2009472K), 0.0515833 secs] [Times: user=0.05 sys=0.00, real=0.05 secs] 
[GC (Allocation Failure) [DefNew: 560276K->69247K(623616K), 0.1614776 secs] 1629830K->1180230K(2009472K), 0.1615193 secs] [Times: user=0.16 sys=0.00, real=0.16 secs] 
[GC (Allocation Failure) [DefNew: 623615K->5913K(623616K), 0.0515577 secs] 1734598K->1181468K(2009472K), 0.0515962 secs] [Times: user=0.05 sys=0.00, real=0.05 secs] 
[GC (Allocation Failure) [DefNew: 560281K->69247K(623616K), 0.1782298 secs] 1735836K->1286029K(2009472K), 0.1782689 secs] [Times: user=0.19 sys=0.00, real=0.18 secs] 
[GC (Allocation Failure) [DefNew: 623615K->5914K(623616K), 0.0517348 secs] 1840397K->1287261K(2009472K), 0.0517765 secs] [Times: user=0.06 sys=0.00, real=0.05 secs] 
[GC (Allocation Failure) [DefNew: 560282K->69248K(623616K), 0.1504342 secs] 1841629K->1391634K(2009472K), 0.1504714 secs] [Times: user=0.14 sys=0.00, real=0.15 secs] 
[GC (Allocation Failure) [DefNew: 623616K->623616K(623616K), 0.0000199 secs][Tenured: 1322386K->786263K(1385856K), 2.7190943 secs] 1946002K->786263K(2009472K), [Metaspace: 10566K->10566K(12288K)], 2.7191726 secs] [Times: user=2.70 sys=0.00, real=2.72 secs] 

*** PauseDetector detected a 2724 ms pause at Mon Dec 22 01:14:35 EET 2014 ***

[GC (Allocation Failure) [DefNew: 554368K->69247K(623616K), 0.1410832 secs] 1340631K->895684K(2009472K), 0.1411255 secs] [Times: user=0.14 sys=0.00, real=0.14 secs] 
[GC (Allocation Failure) [DefNew: 623615K->5914K(623616K), 0.0479880 secs] 1450052K->896891K(2009472K), 0.0480893 secs] [Times: user=0.05 sys=0.00, real=0.05 secs] 
[GC (Allocation Failure) [DefNew: 560282K->69247K(623616K), 0.1421392 secs] 1451259K->1000245K(2009472K), 0.1421867 secs] [Times: user=0.14 sys=0.00, real=0.14 secs] 
[GC (Allocation Failure) [DefNew: 623615K->5914K(623616K), 0.0504856 secs] 1554613K->1001449K(2009472K), 0.0505273 secs] [Times: user=0.05 sys=0.00, real=0.05 secs] 
[GC (Allocation Failure) [DefNew: 560282K->69248K(623616K), 0.1361411 secs] 1555817K->1104669K(2009472K), 0.1362521 secs] [Times: user=0.14 sys=0.00, real=0.14 secs] 
[GC (Allocation Failure) [DefNew: 623616K->5915K(623616K), 0.0510868 secs] 1659037K->1105872K(2009472K), 0.0511298 secs] [Times: user=0.05 sys=0.00, real=0.05 secs] 
[GC (Allocation Failure) [DefNew: 560283K->69248K(623616K), 0.1533206 secs] 1660240K->1208944K(2009472K), 0.1533617 secs] [Times: user=0.16 sys=0.00, real=0.15 secs] 
[GC (Allocation Failure) [DefNew: 623616K->5921K(623616K), 0.0469306 secs] 1763312K->1210181K(2009472K), 0.0469698 secs] [Times: user=0.05 sys=0.00, real=0.05 secs] 
[GC (Allocation Failure) [DefNew: 560289K->69247K(623616K), 0.1378150 secs] 1764549K->1313168K(2009472K), 0.1378554 secs] [Times: user=0.14 sys=0.00, real=0.14 secs] 
[GC (Allocation Failure) [DefNew: 623615K->5917K(623616K), 0.0466054 secs] 1867536K->1314371K(2009472K), 0.0466759 secs] [Times: user=0.05 sys=0.00, real=0.05 secs] 
[GC (Allocation Failure) [DefNew: 560285K->560285K(623616K), 0.0000192 secs][Tenured: 1308453K->852913K(1385856K), 2.6281214 secs] 1868739K->852913K(2009472K), [Metaspace: 10566K->10566K(12288K)], 2.6282760 secs] [Times: user=2.62 sys=0.00, real=2.63 secs] 

*** PauseDetector detected a 2630 ms pause at Mon Dec 22 01:14:55 EET 2014 ***

[GC (Allocation Failure) [DefNew: 554368K->5917K(623616K), 0.0127411 secs] 1407281K->858830K(2009472K), 0.0127860 secs] [Times: user=0.02 sys=0.00, real=0.01 secs] 
[GC (Allocation Failure) [DefNew: 560285K->69247K(623616K), 0.1245966 secs] 1413198K->961635K(2009472K), 0.1246402 secs] [Times: user=0.13 sys=0.00, real=0.13 secs] 
[GC (Allocation Failure) [DefNew: 623615K->5921K(623616K), 0.0500750 secs] 1516003K->962838K(2009472K), 0.0501173 secs] [Times: user=0.05 sys=0.00, real=0.05 secs] 
[GC (Allocation Failure) [DefNew: 560289K->69247K(623616K), 0.1150840 secs] 1517206K->1065557K(2009472K), 0.1151905 secs] [Times: user=0.11 sys=0.00, real=0.12 secs] 
[GC (Allocation Failure) [DefNew: 623615K->5919K(623616K), 0.0693730 secs] 1619925K->1066756K(2009472K), 0.0694211 secs] [Times: user=0.08 sys=0.00, real=0.07 secs] 
[GC (Allocation Failure) [DefNew: 560287K->69248K(623616K), 0.1224961 secs] 1621124K->1168928K(2009472K), 0.1225359 secs] [Times: user=0.12 sys=0.00, real=0.12 secs] 
[GC (Allocation Failure) [DefNew: 623616K->5902K(623616K), 0.0511323 secs] 1723296K->1170096K(2009472K), 0.0511734 secs] [Times: user=0.06 sys=0.00, real=0.05 secs] 
[GC (Allocation Failure) [DefNew: 560270K->69248K(623616K), 0.1214118 secs] 1724464K->1272186K(2009472K), 0.1214593 secs] [Times: user=0.12 sys=0.00, real=0.12 secs] 
[GC (Allocation Failure) [DefNew: 623616K->5919K(623616K), 0.0435085 secs] 1826554K->1273397K(2009472K), 0.0435463 secs] [Times: user=0.05 sys=0.00, real=0.04 secs] 
[GC (Allocation Failure) [DefNew: 560287K->69248K(623616K), 0.1112024 secs] 1827765K->1375427K(2009472K), 0.1112416 secs] [Times: user=0.11 sys=0.00, real=0.11 secs] 
[GC (Allocation Failure) [DefNew: 623616K->623616K(623616K), 0.0000180 secs][Tenured: 1306179K->851800K(1385856K), 2.6398129 secs] 1929795K->851800K(2009472K), [Metaspace: 10566K->10566K(12288K)], 2.6398905 secs] [Times: user=2.64 sys=0.00, real=2.64 secs] 

*** PauseDetector detected a 2641 ms pause at Mon Dec 22 01:15:15 EET 2014 ***

[GC (Allocation Failure) [DefNew: 554368K->69248K(623616K), 0.1122726 secs] 1406168K->959660K(2009472K), 0.1123104 secs] [Times: user=0.11 sys=0.00, real=0.11 secs] 
[GC (Allocation Failure) [DefNew: 623616K->5887K(623616K), 0.0493738 secs] 1514028K->960836K(2009472K), 0.0494123 secs] [Times: user=0.05 sys=0.00, real=0.05 secs] 
[GC (Allocation Failure) [DefNew: 560255K->69248K(623616K), 0.3541608 secs] 1515204K->1087485K(2009472K), 0.3542211 secs] [Times: user=0.36 sys=0.00, real=0.35 secs] 

*** PauseDetector detected a 358 ms pause at Mon Dec 22 01:15:20 EET 2014 ***

[GC (Allocation Failure) [DefNew: 623616K->5888K(623616K), 0.1136141 secs] 1641853K->1089095K(2009472K), 0.1136603 secs] [Times: user=0.11 sys=0.00, real=0.11 secs] 
[GC (Allocation Failure) [DefNew: 560256K->69248K(623616K), 0.4896148 secs] 1643463K->1208174K(2009472K), 0.4896835 secs] [Times: user=0.50 sys=0.00, real=0.49 secs] 

*** PauseDetector detected a 490 ms pause at Mon Dec 22 01:15:24 EET 2014 ***

[GC (Allocation Failure) [DefNew: 623616K->5885K(623616K), 0.1021273 secs] 1762542K->1209649K(2009472K), 0.1021857 secs] [Times: user=0.09 sys=0.00, real=0.10 secs] 
[GC (Allocation Failure) [DefNew: 560253K->69248K(623616K), 0.3986143 secs] 1764017K->1326189K(2009472K), 0.3987279 secs] [Times: user=0.39 sys=0.00, real=0.40 secs] 

*** PauseDetector detected a 399 ms pause at Mon Dec 22 01:15:27 EET 2014 ***

[GC (Allocation Failure) [DefNew: 623616K->5896K(623616K), 0.0884066 secs] 1880557K->1327666K(2009472K), 0.0884464 secs] [Times: user=0.08 sys=0.00, real=0.09 secs] 
[GC (Allocation Failure) [DefNew: 560264K->560264K(623616K), 0.0000186 secs][Tenured: 1321770K->862283K(1385856K), 2.8666067 secs] 1882034K->862283K(2009472K), [Metaspace: 10566K->10566K(12288K)], 2.8666818 secs] [Times: user=2.87 sys=0.00, real=2.87 secs] 

*** PauseDetector detected a 2869 ms pause at Mon Dec 22 01:15:33 EET 2014 ***

[GC (Allocation Failure) [DefNew: 554368K->5922K(623616K), 0.0124216 secs] 1416651K->868206K(2009472K), 0.0124639 secs] [Times: user=0.01 sys=0.00, real=0.01 secs] 
[GC (Allocation Failure) [DefNew: 560290K->69247K(623616K), 0.3344426 secs] 1422574K->979455K(2009472K), 0.3344875 secs] [Times: user=0.34 sys=0.00, real=0.34 secs] 
[GC (Allocation Failure) [DefNew: 623615K->5925K(623616K), 0.0763232 secs] 1533823K->980818K(2009472K), 0.0763623 secs] [Times: user=0.08 sys=0.00, real=0.08 secs] 
[GC (Allocation Failure) [DefNew: 560293K->69247K(623616K), 0.2607801 secs] 1535186K->1089575K(2009472K), 0.2608218 secs] [Times: user=0.27 sys=0.00, real=0.26 secs] 
[GC (Allocation Failure) [DefNew: 623615K->5879K(623616K), 0.0701191 secs] 1643943K->1090843K(2009472K), 0.0702660 secs] [Times: user=0.08 sys=0.00, real=0.07 secs] 
[GC (Allocation Failure) [DefNew: 560247K->69248K(623616K), 0.2627786 secs] 1645211K->1198964K(2009472K), 0.2628196 secs] [Times: user=0.26 sys=0.00, real=0.26 secs] 
[GC (Allocation Failure) [DefNew: 623616K->5926K(623616K), 0.0679936 secs] 1753332K->1200264K(2009472K), 0.0680366 secs] [Times: user=0.08 sys=0.00, real=0.07 secs] 
[GC (Allocation Failure) [DefNew: 560294K->69248K(623616K), 0.2342464 secs] 1754632K->1307756K(2009472K), 0.2342843 secs] [Times: user=0.23 sys=0.00, real=0.23 secs] 
[GC (Allocation Failure) [DefNew: 623616K->5908K(623616K), 0.0636187 secs] 1862124K->1309034K(2009472K), 0.0636629 secs] [Times: user=0.06 sys=0.00, real=0.06 secs] 
[Full GC (System.gc()) [Tenured: 1303125K->786506K(1385856K), 2.8583092 secs] 1746676K->786506K(2009472K), [Metaspace: 10566K->10566K(12288K)], 2.8583548 secs] [Times: user=2.84 sys=0.01, real=2.86 secs] 
[Full GC (System.gc()) [Tenured: 786506K->786506K(1385856K), 2.2976521 secs] 786506K->786506K(2009472K), [Metaspace: 10566K->10566K(12288K)], 2.2976931 secs] [Times: user=2.29 sys=0.00, real=2.30 secs] 
[Full GC (System.gc()) [Tenured: 786506K->786506K(1385856K), 2.2638571 secs] 786508K->786506K(2009472K), [Metaspace: 10566K->10566K(12288K)], 2.2639026 secs] [Times: user=2.25 sys=0.00, real=2.26 secs] 

*** PauseDetector detected a 5158 ms pause at Mon Dec 22 01:15:55 EET 2014 ***

[Full GC (System.gc()) [Tenured: 786506K->786704K(1385856K), 2.4005628 secs] 797610K->786704K(2009472K), [Metaspace: 10566K->10566K(12288K)], 2.4006847 secs] [Times: user=2.37 sys=0.00, real=2.40 secs] 

*** PauseDetector detected a 4669 ms pause at Mon Dec 22 01:16:00 EET 2014 ***

[Full GC (System.gc()) [Tenured: 786704K->783247K(1385856K), 2.2583273 secs] 797808K->783247K(2009472K), [Metaspace: 10566K->10566K(12288K)], 2.2584428 secs] [Times: user=2.26 sys=0.00, real=2.26 secs] 
[Full GC (System.gc()) [Tenured: 783247K->783247K(1385856K), 2.3623486 secs] 794351K->783247K(2009472K), [Metaspace: 10566K->10566K(12288K)], 2.3624051 secs] [Times: user=2.36 sys=0.02, real=2.36 secs] 

*** PauseDetector detected a 2259 ms pause at Mon Dec 22 01:16:02 EET 2014 ***


*** PauseDetector detected a 2367 ms pause at Mon Dec 22 01:16:04 EET 2014 ***

[GC (Allocation Failure) [DefNew: 554368K->69248K(623616K), 0.1811637 secs] 1337615K->894815K(2009472K), 0.1812016 secs] [Times: user=0.19 sys=0.00, real=0.18 secs] 
[GC (Allocation Failure) [DefNew: 623616K->5954K(623616K), 0.0537063 secs] 1449183K->896059K(2009472K), 0.0537474 secs] [Times: user=0.05 sys=0.00, real=0.05 secs] 
[GC (Allocation Failure) [DefNew: 560322K->69247K(623616K), 0.1704462 secs] 1450427K->1001351K(2009472K), 0.1704866 secs] [Times: user=0.17 sys=0.00, real=0.17 secs] 
[GC (Allocation Failure) [DefNew: 623615K->5954K(623616K), 0.0588543 secs] 1555719K->1002593K(2009472K), 0.0588941 secs] [Times: user=0.06 sys=0.00, real=0.06 secs] 
[GC (Allocation Failure) [DefNew: 560322K->69248K(623616K), 0.1595503 secs] 1556961K->1107597K(2009472K), 0.1595875 secs] [Times: user=0.17 sys=0.00, real=0.16 secs] 
[GC (Allocation Failure) [DefNew: 623616K->5954K(623616K), 0.0501667 secs] 1661965K->1108833K(2009472K), 0.0502059 secs] [Times: user=0.05 sys=0.00, real=0.05 secs] 
[Full GC (System.gc()) [Tenured: 1102878K->768478K(1385856K), 2.2910939 secs] 1142141K->768478K(2009472K), [Metaspace: 10566K->10566K(12288K)], 2.2911459 secs] [Times: user=2.28 sys=0.00, real=2.29 secs] 
[Full GC (System.gc()) [Tenured: 768478K->768478K(1385856K), 2.3351092 secs] 768478K->768478K(2009472K), [Metaspace: 10566K->10566K(12288K)], 2.3351445 secs] [Times: user=2.33 sys=0.00, real=2.34 secs] 
[Full GC (System.gc()) [Tenured: 768478K->699239K(1385856K), 2.2445867 secs] 779581K->699239K(2009472K), [Metaspace: 10566K->10566K(12288K)], 2.2446329 secs] [Times: user=2.23 sys=0.02, real=2.24 secs] 

*** PauseDetector detected a 4629 ms pause at Mon Dec 22 01:16:19 EET 2014 ***

********************************
********** ROUND   34 **********
********************************

*** PauseDetector detected a 2250 ms pause at Mon Dec 22 01:16:21 EET 2014 ***

[GC (Allocation Failure) [DefNew: 554368K->69247K(623616K), 0.0838565 secs] 1253607K->786213K(2009472K), 0.0838963 secs] [Times: user=0.08 sys=0.00, real=0.08 secs] 
[GC (Allocation Failure) [DefNew: 623615K->5898K(623616K), 0.0631099 secs] 1340581K->787226K(2009472K), 0.0631638 secs] [Times: user=0.06 sys=0.00, real=0.06 secs] 
[GC (Allocation Failure) [DefNew: 560266K->69248K(623616K), 0.1457166 secs] 1341594K->891775K(2009472K), 0.1457558 secs] [Times: user=0.14 sys=0.00, real=0.15 secs] 
[GC (Allocation Failure) [DefNew: 623616K->5875K(623616K), 0.0517181 secs] 1446143K->892995K(2009472K), 0.0517591 secs] [Times: user=0.06 sys=0.00, real=0.05 secs] 
[GC (Allocation Failure) [DefNew: 560243K->69247K(623616K), 0.1556296 secs] 1447363K->997376K(2009472K), 0.1556745 secs] [Times: user=0.16 sys=0.00, real=0.16 secs] 
[GC (Allocation Failure) [DefNew: 623615K->5895K(623616K), 0.0602568 secs] 1551744K->998622K(2009472K), 0.0602979 secs] [Times: user=0.06 sys=0.00, real=0.06 secs] 
[GC (Allocation Failure) [DefNew: 560263K->69248K(623616K), 0.1534021 secs] 1552990K->1102127K(2009472K), 0.1535535 secs] [Times: user=0.16 sys=0.00, real=0.15 secs] 
[GC (Allocation Failure) [DefNew: 623616K->5898K(623616K), 0.0491999 secs] 1656495K->1103338K(2009472K), 0.0492397 secs] [Times: user=0.06 sys=0.00, real=0.05 secs] 
[GC (Allocation Failure) [DefNew: 560266K->69248K(623616K), 0.1757090 secs] 1657706K->1206689K(2009472K), 0.1757559 secs] [Times: user=0.17 sys=0.00, real=0.18 secs] 
[GC (Allocation Failure) [DefNew: 623616K->5902K(623616K), 0.0609536 secs] 1761057K->1207900K(2009472K), 0.0610030 secs] [Times: user=0.06 sys=0.00, real=0.06 secs] 
[GC (Allocation Failure) [DefNew: 560270K->69248K(623616K), 0.1725583 secs] 1762268K->1311103K(2009472K), 0.1726089 secs] [Times: user=0.17 sys=0.00, real=0.17 secs] 
[GC (Allocation Failure) [DefNew: 623616K->5886K(623616K), 0.0598533 secs] 1865471K->1312306K(2009472K), 0.0599065 secs] [Times: user=0.06 sys=0.00, real=0.06 secs] 
[GC (Allocation Failure) [DefNew: 560254K->560254K(623616K), 0.0000199 secs][Tenured: 1306420K->853096K(1385856K), 2.8692455 secs] 1866674K->853096K(2009472K), [Metaspace: 10566K->10566K(12288K)], 2.8693277 secs] [Times: user=2.84 sys=0.02, real=2.87 secs] 

*** PauseDetector detected a 2872 ms pause at Mon Dec 22 01:16:44 EET 2014 ***

[GC (Allocation Failure) [DefNew: 554368K->5851K(623616K), 0.0120815 secs] 1407464K->858947K(2009472K), 0.0122284 secs] [Times: user=0.02 sys=0.00, real=0.01 secs] 
[GC (Allocation Failure) [DefNew: 560219K->69248K(623616K), 0.1120172 secs] 1413315K->961973K(2009472K), 0.1120589 secs] [Times: user=0.11 sys=0.00, real=0.11 secs] 
[GC (Allocation Failure) [DefNew: 623616K->5875K(623616K), 0.0443637 secs] 1516341K->963164K(2009472K), 0.0444060 secs] [Times: user=0.05 sys=0.00, real=0.04 secs] 
[GC (Allocation Failure) [DefNew: 560243K->69248K(623616K), 0.1397301 secs] 1517532K->1066091K(2009472K), 0.1397712 secs] [Times: user=0.13 sys=0.00, real=0.13 secs] 
[GC (Allocation Failure) [DefNew: 623616K->5884K(623616K), 0.0451477 secs] 1620459K->1067269K(2009472K), 0.0451926 secs] [Times: user=0.03 sys=0.00, real=0.05 secs] 
[GC (Allocation Failure) [DefNew: 560252K->69247K(623616K), 0.1049503 secs] 1621637K->1170084K(2009472K), 0.1049965 secs] [Times: user=0.09 sys=0.00, real=0.10 secs] 
[GC (Allocation Failure) [DefNew: 623615K->5898K(623616K), 0.0464860 secs] 1724452K->1171286K(2009472K), 0.0465290 secs] [Times: user=0.05 sys=0.00, real=0.05 secs] 
[GC (Allocation Failure) [DefNew: 560266K->69248K(623616K), 0.1327780 secs] 1725654K->1274010K(2009472K), 0.1328184 secs] [Times: user=0.13 sys=0.00, real=0.12 secs] 
[GC (Allocation Failure) [DefNew: 623616K->5901K(623616K), 0.0456045 secs] 1828378K->1275210K(2009472K), 0.0456475 secs] [Times: user=0.03 sys=0.00, real=0.04 secs] 
[GC (Allocation Failure) [DefNew: 560269K->69247K(623616K), 0.1137168 secs] 1829578K->1377378K(2009472K), 0.1137784 secs] [Times: user=0.11 sys=0.00, real=0.11 secs] 
[GC (Allocation Failure) [DefNew: 623615K->623615K(623616K), 0.0000661 secs][Tenured: 1308130K->853323K(1385856K), 2.5569707 secs] 1931746K->853323K(2009472K), [Metaspace: 10566K->10566K(12288K)], 2.5571580 secs]
*** PauseDetector detected a 2556 ms pause at Mon Dec 22 01:17:03 EET 2014 ***

 [Times: user=2.54 sys=0.00, real=2.55 secs] 
[GC (Allocation Failure) [DefNew: 554368K->69247K(623616K), 0.1312369 secs] 1407691K->961324K(2009472K), 0.1312805 secs] [Times: user=0.13 sys=0.00, real=0.12 secs] 
[GC (Allocation Failure) [DefNew: 623615K->5900K(623616K), 0.0406875 secs] 1515692K->962507K(2009472K), 0.0407574 secs] [Times: user=0.03 sys=0.00, real=0.04 secs] 
[GC (Allocation Failure) [DefNew: 560268K->69247K(623616K), 0.0985576 secs] 1516875K->1064535K(2009472K), 0.0987077 secs] [Times: user=0.09 sys=0.00, real=0.10 secs] 
[GC (Allocation Failure) [DefNew: 623615K->5907K(623616K), 0.0523821 secs] 1618903K->1065726K(2009472K), 0.0524277 secs] [Times: user=0.05 sys=0.00, real=0.05 secs] 
[GC (Allocation Failure) [DefNew: 560275K->69248K(623616K), 0.1033996 secs] 1620094K->1167689K(2009472K), 0.1035394 secs] [Times: user=0.09 sys=0.00, real=0.10 secs] 
[GC (Allocation Failure) [DefNew: 623616K->5849K(623616K), 0.0418558 secs] 1722057K->1168816K(2009472K), 0.0419976 secs] [Times: user=0.03 sys=0.00, real=0.04 secs] 
[GC (Allocation Failure) [DefNew: 560217K->69247K(623616K), 0.3038824 secs] 1723184K->1295482K(2009472K), 0.3039235 secs] [Times: user=0.30 sys=0.00, real=0.29 secs] 
[GC (Allocation Failure) [DefNew: 623615K->5909K(623616K), 0.1088780 secs] 1849850K->1297134K(2009472K), 0.1089171 secs] [Times: user=0.09 sys=0.00, real=0.10 secs] 
[GC (Allocation Failure) [DefNew: 560277K->69248K(623616K), 0.4628220 secs] 1851502K->1416177K(2009472K), 0.4628598 secs] [Times: user=0.47 sys=0.00, real=0.46 secs] 

*** PauseDetector detected a 464 ms pause at Mon Dec 22 01:17:18 EET 2014 ***

[GC (Allocation Failure) [DefNew: 623616K->623616K(623616K), 0.0000199 secs][Tenured: 1346929K->869612K(1385856K), 2.5347176 secs] 1970545K->869612K(2009472K), [Metaspace: 10566K->10566K(12288K)], 2.5348016 secs] [Times: user=2.53 sys=0.00, real=2.53 secs] 

*** PauseDetector detected a 2527 ms pause at Mon Dec 22 01:17:22 EET 2014 ***

[GC (Allocation Failure) [DefNew: 554368K->69247K(623616K), 0.3507111 secs] 1423980K->992050K(2009472K), 0.3508144 secs] [Times: user=0.36 sys=0.00, real=0.35 secs] 

*** PauseDetector detected a 351 ms pause at Mon Dec 22 01:17:24 EET 2014 ***

[GC (Allocation Failure) [DefNew: 623615K->5905K(623616K), 0.0778565 secs] 1546418K->993525K(2009472K), 0.0780092 secs] [Times: user=0.08 sys=0.00, real=0.07 secs] 
[GC (Allocation Failure) [DefNew: 560273K->69248K(623616K), 0.3414121 secs] 1547893K->1105985K(2009472K), 0.3414570 secs] [Times: user=0.34 sys=0.00, real=0.34 secs] 
[GC (Allocation Failure) [DefNew: 623616K->5914K(623616K), 0.0657269 secs] 1660353K->1107380K(2009472K), 0.0658674 secs] [Times: user=0.06 sys=0.00, real=0.06 secs] 
[GC (Allocation Failure) [DefNew: 560282K->69247K(623616K), 0.2948632 secs] 1661748K->1218617K(2009472K), 0.2949010 secs] [Times: user=0.30 sys=0.00, real=0.29 secs] 
[GC (Allocation Failure) [DefNew: 623615K->5873K(623616K), 0.0664788 secs] 1772985K->1219949K(2009472K), 0.0665212 secs] [Times: user=0.06 sys=0.00, real=0.07 secs] 
[GC (Allocation Failure) [DefNew: 560241K->69247K(623616K), 0.3177770 secs] 1774317K->1328748K(2009472K), 0.3178226 secs] [Times: user=0.33 sys=0.00, real=0.32 secs] 
[GC (Allocation Failure) [DefNew: 623615K->5914K(623616K), 0.0594080 secs] 1883116K->1330061K(2009472K), 0.0594510 secs] [Times: user=0.06 sys=0.00, real=0.05 secs] 
[GC (Allocation Failure) [DefNew: 560282K->560282K(623616K), 0.0000186 secs][Tenured: 1324146K->788713K(1385856K), 2.4790468 secs] 1884429K->788713K(2009472K), [Metaspace: 10566K->10566K(12288K)], 2.4791969 secs] [Times: user=2.47 sys=0.00, real=2.48 secs] 

*** PauseDetector detected a 2480 ms pause at Mon Dec 22 01:17:40 EET 2014 ***

[GC (Allocation Failure) [DefNew: 554368K->5913K(623616K), 0.0148878 secs] 1343081K->794627K(2009472K), 0.0149282 secs] [Times: user=0.02 sys=0.00, real=0.01 secs] 
[GC (Allocation Failure) [DefNew: 560281K->69247K(623616K), 0.2240011 secs] 1348995K->902123K(2009472K), 0.2241057 secs] [Times: user=0.22 sys=0.00, real=0.22 secs] 
[GC (Allocation Failure) [DefNew: 623615K->5913K(623616K), 0.0611172 secs] 1456491K->903415K(2009472K), 0.0612615 secs] [Times: user=0.06 sys=0.00, real=0.06 secs] 
[GC (Allocation Failure) [DefNew: 560281K->69248K(623616K), 0.1842811 secs] 1457783K->1010429K(2009472K), 0.1843183 secs] [Times: user=0.17 sys=0.00, real=0.18 secs] 
[GC (Allocation Failure) [DefNew: 623616K->5884K(623616K), 0.0625126 secs] 1564797K->1011717K(2009472K), 0.0625530 secs] [Times: user=0.06 sys=0.00, real=0.06 secs] 
[GC (Allocation Failure) [DefNew: 560252K->69248K(623616K), 0.1995872 secs] 1566085K->1117297K(2009472K), 0.1996276 secs] [Times: user=0.19 sys=0.00, real=0.20 secs] 
[GC (Allocation Failure) [DefNew: 623616K->5913K(623616K), 0.0566287 secs] 1671665K->1118602K(2009472K), 0.0566704 secs] [Times: user=0.05 sys=0.00, real=0.06 secs] 
[GC (Allocation Failure) [DefNew: 560281K->69248K(623616K), 0.1892790 secs] 1672970K->1223889K(2009472K), 0.1893188 secs] [Times: user=0.19 sys=0.00, real=0.19 secs] 
[GC (Allocation Failure) [DefNew: 623616K->5918K(623616K), 0.0583462 secs] 1778257K->1225142K(2009472K), 0.0583866 secs] [Times: user=0.05 sys=0.00, real=0.06 secs] 
[GC (Allocation Failure) [DefNew: 560286K->69247K(623616K), 0.1541848 secs] 1779510K->1330139K(2009472K), 0.1542612 secs] [Times: user=0.14 sys=0.00, real=0.15 secs] 
[GC (Allocation Failure) [DefNew: 623615K->5912K(623616K), 0.0492974 secs] 1884507K->1331376K(2009472K), 0.0493981 secs] [Times: user=0.05 sys=0.00, real=0.05 secs] 
[GC (Allocation Failure) [DefNew: 560280K->560280K(623616K), 0.0000314 secs][Tenured: 1325464K->854758K(1385856K), 2.5164083 secs] 1885744K->854758K(2009472K), [Metaspace: 10566K->10566K(12288K)], 2.5165841 secs] [Times: user=2.50 sys=0.00, real=2.51 secs] 

*** PauseDetector detected a 2516 ms pause at Mon Dec 22 01:18:02 EET 2014 ***

[GC (Allocation Failure) [DefNew: 554368K->5892K(623616K), 0.0119436 secs] 1409126K->860650K(2009472K), 0.0119866 secs] [Times: user=0.01 sys=0.00, real=0.01 secs] 
[GC (Allocation Failure) [DefNew: 560260K->69248K(623616K), 0.1354919 secs] 1415018K->965228K(2009472K), 0.1355336 secs] [Times: user=0.13 sys=0.00, real=0.13 secs] 
[GC (Allocation Failure) [DefNew: 623616K->5899K(623616K), 0.0485333 secs] 1519596K->966450K(2009472K), 0.0485750 secs] [Times: user=0.05 sys=0.00, real=0.05 secs] 
[GC (Allocation Failure) [DefNew: 560267K->69248K(623616K), 0.1296176 secs] 1520818K->1070806K(2009472K), 0.1296606 secs] [Times: user=0.13 sys=0.00, real=0.12 secs] 
[GC (Allocation Failure) [DefNew: 623616K->5862K(623616K), 0.0468575 secs] 1625174K->1072020K(2009472K), 0.0469653 secs] [Times: user=0.05 sys=0.00, real=0.04 secs] 
[GC (Allocation Failure) [DefNew: 560230K->69248K(623616K), 0.1315410 secs] 1626388K->1175533K(2009472K), 0.1315834 secs] [Times: user=0.12 sys=0.00, real=0.13 secs] 
[GC (Allocation Failure) [DefNew: 623616K->5862K(623616K), 0.0500750 secs] 1729901K->1176732K(2009472K), 0.0501828 secs] [Times: user=0.05 sys=0.00, real=0.05 secs] 
[GC (Allocation Failure) [DefNew: 560230K->69247K(623616K), 0.1417183 secs] 1731100K->1280139K(2009472K), 0.1417575 secs] [Times: user=0.14 sys=0.00, real=0.14 secs] 
[GC (Allocation Failure) [DefNew: 623615K->5860K(623616K), 0.0480361 secs] 1834507K->1281288K(2009472K), 0.0482067 secs] [Times: user=0.05 sys=0.00, real=0.05 secs] 
[GC (Allocation Failure) [DefNew: 560228K->69247K(623616K), 0.1279591 secs] 1835656K->1384500K(2009472K), 0.1279995 secs] [Times: user=0.13 sys=0.00, real=0.13 secs] 
[GC (Allocation Failure) [DefNew: 623615K->623615K(623616K), 0.0000180 secs][Tenured: 1315252K->854393K(1385856K), 2.5892663 secs] 1938868K->854393K(2009472K), [Metaspace: 10566K->10566K(12288K)], 2.5893452 secs] [Times: user=2.59 sys=0.00, real=2.59 secs] 

*** PauseDetector detected a 2595 ms pause at Mon Dec 22 01:18:22 EET 2014 ***

[GC (Allocation Failure) [DefNew: 554368K->69247K(623616K), 0.1307686 secs] 1408761K->963400K(2009472K), 0.1308058 secs] [Times: user=0.13 sys=0.00, real=0.12 secs] 
[GC (Allocation Failure) [DefNew: 623615K->5919K(623616K), 0.0461107 secs] 1517768K->964632K(2009472K), 0.0461537 secs] [Times: user=0.05 sys=0.00, real=0.04 secs] 
[GC (Allocation Failure) [DefNew: 560287K->69248K(623616K), 0.1159860 secs] 1519000K->1067571K(2009472K), 0.1160245 secs] [Times: user=0.11 sys=0.00, real=0.12 secs] 
[GC (Allocation Failure) [DefNew: 623616K->5891K(623616K), 0.0486571 secs] 1621939K->1068798K(2009472K), 0.0486982 secs] [Times: user=0.05 sys=0.00, real=0.05 secs] 
[GC (Allocation Failure) [DefNew: 560259K->69248K(623616K), 0.1379055 secs] 1623166K->1171680K(2009472K), 0.1379478 secs] [Times: user=0.14 sys=0.00, real=0.14 secs] 
[GC (Allocation Failure) [DefNew: 623616K->5850K(623616K), 0.0500192 secs] 1726048K->1172852K(2009472K), 0.0500628 secs] [Times: user=0.05 sys=0.00, real=0.05 secs] 
[GC (Allocation Failure) [DefNew: 560218K->69248K(623616K), 0.1281638 secs] 1727220K->1275692K(2009472K), 0.1282042 secs] [Times: user=0.13 sys=0.00, real=0.13 secs] 
[GC (Allocation Failure) [DefNew: 623616K->5924K(623616K), 0.0461293 secs] 1830060K->1276929K(2009472K), 0.0461697 secs] [Times: user=0.03 sys=0.00, real=0.05 secs] 
[GC (Allocation Failure) [DefNew: 560292K->69247K(623616K), 0.1126325 secs] 1831297K->1379608K(2009472K), 0.1127781 secs] [Times: user=0.11 sys=0.00, real=0.11 secs] 
[GC (Allocation Failure) [DefNew: 623615K->623615K(623616K), 0.0000199 secs][Tenured: 1310360K->853903K(1385856K), 2.2638507 secs] 1933976K->853903K(2009472K), [Metaspace: 10566K->10566K(12288K)], 2.2639469 secs] [Times: user=2.26 sys=0.00, real=2.26 secs] 

*** PauseDetector detected a 2262 ms pause at Mon Dec 22 01:18:39 EET 2014 ***

[GC (Allocation Failure) [DefNew: 554368K->69247K(623616K), 0.1269095 secs] 1408271K->962000K(2009472K), 0.1269512 secs] [Times: user=0.13 sys=0.00, real=0.13 secs] 
[GC (Allocation Failure) [DefNew: 623615K->5913K(623616K), 0.0418936 secs] 1516368K->963173K(2009472K), 0.0420361 secs] [Times: user=0.05 sys=0.00, real=0.04 secs] 
[GC (Allocation Failure) [DefNew: 560281K->69247K(623616K), 0.1001558 secs] 1517541K->1065236K(2009472K), 0.1001968 secs] [Times: user=0.09 sys=0.00, real=0.10 secs] 
[GC (Allocation Failure) [DefNew: 623615K->5904K(623616K), 0.0392721 secs] 1619604K->1066448K(2009472K), 0.0393812 secs] [Times: user=0.03 sys=0.00, real=0.03 secs] 
[GC (Allocation Failure) [DefNew: 560272K->69247K(623616K), 0.1150654 secs] 1620816K->1168496K(2009472K), 0.1151083 secs] [Times: user=0.11 sys=0.00, real=0.11 secs] 
[GC (Allocation Failure) [DefNew: 623615K->5887K(623616K), 0.0419738 secs] 1722864K->1169643K(2009472K), 0.0421252 secs] [Times: user=0.05 sys=0.00, real=0.04 secs] 
[GC (Allocation Failure) [DefNew: 560255K->69247K(623616K), 0.1185119 secs] 1724011K->1271615K(2009472K), 0.1185555 secs] [Times: user=0.13 sys=0.00, real=0.12 secs] 
[GC (Allocation Failure) [DefNew: 623615K->5908K(623616K), 0.0418154 secs] 1825983K->1272811K(2009472K), 0.0419225 secs] [Times: user=0.03 sys=0.00, real=0.04 secs] 
[GC (Allocation Failure) [DefNew: 560276K->69248K(623616K), 0.3589373 secs] 1827179K->1399390K(2009472K), 0.3589778 secs] [Times: user=0.36 sys=0.00, real=0.36 secs] 

*** PauseDetector detected a 363 ms pause at Mon Dec 22 01:18:53 EET 2014 ***

[GC (Allocation Failure) [DefNew: 623616K->623616K(623616K), 0.0000808 secs][Tenured: 1330142K->807689K(1385856K), 2.3581642 secs] 1953758K->807689K(2009472K), [Metaspace: 10566K->10566K(12288K)], 2.3583092 secs] [Times: user=2.36 sys=0.00, real=2.36 secs] 

*** PauseDetector detected a 2356 ms pause at Mon Dec 22 01:18:57 EET 2014 ***

[GC (Allocation Failure) [DefNew: 554368K->69247K(623616K), 0.5462518 secs] 1362057K->932663K(2009472K), 0.5462948 secs] [Times: user=0.55 sys=0.00, real=0.55 secs] 

*** PauseDetector detected a 550 ms pause at Mon Dec 22 01:19:00 EET 2014 ***

[GC (Allocation Failure) [DefNew: 623615K->5881K(623616K), 0.0843403 secs] 1487031K->934133K(2009472K), 0.0843788 secs] [Times: user=0.08 sys=0.00, real=0.08 secs] 
[GC (Allocation Failure) [DefNew: 560249K->69248K(623616K), 0.3711125 secs] 1488501K->1050691K(2009472K), 0.3712197 secs] [Times: user=0.36 sys=0.00, real=0.36 secs] 

*** PauseDetector detected a 375 ms pause at Mon Dec 22 01:19:03 EET 2014 ***

[GC (Allocation Failure) [DefNew: 623616K->5919K(623616K), 0.0982901 secs] 1605059K->1052178K(2009472K), 0.0983324 secs] [Times: user=0.09 sys=0.00, real=0.10 secs] 
[GC (Allocation Failure) [DefNew: 560287K->69247K(623616K), 0.3555575 secs] 1606546K->1164650K(2009472K), 0.3556024 secs] [Times: user=0.36 sys=0.00, real=0.35 secs] 
[Full GC (System.gc()) [Tenured: 1095402K->859371K(1385856K), 2.2318001 secs] 1466445K->859371K(2009472K), [Metaspace: 10566K->10566K(12288K)], 2.2318758 secs] [Times: user=2.23 sys=0.00, real=2.23 secs] 
[Full GC (System.gc()) [Tenured: 859371K->859371K(1385856K), 2.0193069 secs] 870442K->859371K(2009472K), [Metaspace: 10566K->10566K(12288K)], 2.0193531 secs] [Times: user=2.01 sys=0.00, real=2.02 secs] 

*** PauseDetector detected a 4266 ms pause at Mon Dec 22 01:19:12 EET 2014 ***

[Full GC (System.gc()) [Tenured: 859371K->857799K(1385856K), 2.1471859 secs] 870444K->857799K(2009472K), [Metaspace: 10566K->10566K(12288K)], 2.1473411 secs] [Times: user=2.15 sys=0.00, real=2.15 secs] 

*** PauseDetector detected a 2151 ms pause at Mon Dec 22 01:19:14 EET 2014 ***

[Full GC (System.gc()) [Tenured: 857799K->787396K(1385856K), 2.0360136 secs] 868872K->787396K(2009472K), [Metaspace: 10566K->10566K(12288K)], 2.0360623 secs] [Times: user=2.03 sys=0.00, real=2.03 secs] 
[Full GC (System.gc()) [Tenured: 787396K->787396K(1385856K), 1.9423377 secs] 787398K->787396K(2009472K), [Metaspace: 10566K->10566K(12288K)], 1.9424923 secs] [Times: user=1.95 sys=0.00, real=1.95 secs] 
[Full GC (System.gc()) [Tenured:
*** PauseDetector detected a 2032 ms pause at Mon Dec 22 01:19:16 EET 2014 ***

 787396K->787397K(1385856K), 2.1526957 secs] 787398K->787397K(2009472K), [Metaspace: 10566K->10566K(12288K)], 2.1527464 secs] [Times: user=2.15 sys=0.00, real=2.16 secs] 

*** PauseDetector detected a 4117 ms pause at Mon Dec 22 01:19:20 EET 2014 ***

[GC (Allocation Failure) [DefNew: 554368K->69248K(623616K), 0.2826694 secs] 1341765K->904601K(2009472K), 0.2827072 secs] [Times: user=0.30 sys=0.00, real=0.28 secs] 
[GC (Allocation Failure) [DefNew: 623616K->5954K(623616K), 0.0656531 secs] 1458969K->905959K(2009472K), 0.0656903 secs] [Times: user=0.06 sys=0.00, real=0.06 secs] 
[GC (Allocation Failure) [DefNew: 560322K->69248K(623616K), 0.2791863 secs] 1460327K->1014731K(2009472K), 0.2792305 secs] [Times: user=0.27 sys=0.00, real=0.28 secs] 
[GC (Allocation Failure) [DefNew: 623616K->5954K(623616K), 0.0809162 secs] 1569099K->1016030K(2009472K), 0.0809688 secs] [Times: user=0.08 sys=0.00, real=0.07 secs] 
[GC (Allocation Failure) [DefNew: 560322K->69248K(623616K), 0.2605844 secs] 1570398K->1124112K(2009472K), 0.2606332 secs] [Times: user=0.26 sys=0.00, real=0.26 secs] 
[Full GC (System.gc()) [Tenured: 1054864K->858944K(1385856K), 2.3701431 secs] 1648074K->858944K(2009472K), [Metaspace: 10566K->10566K(12288K)], 2.3702708 secs] [Times: user=2.36 sys=0.00, real=2.37 secs] 
[Full GC (System.gc()) [Tenured: 858944K->789574K(1385856K), 2.2209568 secs] 858946K->789574K(2009472K), [Metaspace: 10566K->10566K(12288K)], 2.2209966 secs] [Times: user=2.23 sys=0.00, real=2.22 secs] 
[Full GC (System.gc()) [Tenured: 789574K->789574K(1385856K), 2.1009680 secs] 800700K->789574K(2009472K), [Metaspace: 10566K->10566K(12288K)], 2.1010322 secs] [Times: user=2.07 sys=0.00, real=2.10 secs] 

*** PauseDetector detected a 2366 ms pause at Mon Dec 22 01:19:33 EET 2014 ***

********************************
********** ROUND   35 **********
********************************

*** PauseDetector detected a 4334 ms pause at Mon Dec 22 01:19:37 EET 2014 ***

[GC (Allocation Failure) [DefNew: 554368K->69247K(623616K), 0.2464094 secs] 1343942K->902945K(2009472K), 0.2464563 secs] [Times: user=0.23 sys=0.00, real=0.24 secs] 
[GC (Allocation Failure) [DefNew: 623615K->5883K(623616K), 0.0530878 secs] 1457313K->904245K(2009472K), 0.0531270 secs] [Times: user=0.05 sys=0.00, real=0.05 secs] 
[GC (Allocation Failure) [DefNew: 560251K->69247K(623616K), 0.2028131 secs] 1458613K->1011292K(2009472K), 0.2028580 secs] [Times: user=0.20 sys=0.00, real=0.19 secs] 
[GC (Allocation Failure) [DefNew: 623615K->5884K(623616K), 0.0531308 secs] 1565660K->1012578K(2009472K), 0.0532713 secs] [Times: user=0.05 sys=0.00, real=0.04 secs] 
[GC (Allocation Failure) [DefNew: 560252K->69247K(623616K), 0.2019123 secs] 1566946K->1118180K(2009472K), 0.2019553 secs] [Times: user=0.19 sys=0.00, real=0.20 secs] 
[GC (Allocation Failure) [DefNew: 623615K->5893K(623616K), 0.0480784 secs] 1672548K->1119443K(2009472K), 0.0482221 secs] [Times: user=0.05 sys=0.00, real=0.04 secs] 
[GC (Allocation Failure) [DefNew: 560261K->69248K(623616K), 0.1848675 secs] 1673811K->1224725K(2009472K), 0.1849086 secs] [Times: user=0.19 sys=0.00, real=0.18 secs] 
[GC (Allocation Failure) [DefNew: 623616K->5887K(623616K), 0.0624131 secs] 1779093K->1225972K(2009472K), 0.0624561 secs] [Times: user=0.06 sys=0.00, real=0.06 secs] 
[GC (Allocation Failure) [DefNew: 560255K->69248K(623616K), 0.1870598 secs] 1780340K->1330962K(2009472K), 0.1871021 secs] [Times: user=0.19 sys=0.00, real=0.19 secs] 
[GC (Allocation Failure) [DefNew: 623616K->5866K(623616K), 0.0505934 secs] 1885330K->1332191K(2009472K), 0.0506550 secs] [Times: user=0.05 sys=0.00, real=0.05 secs] 
[GC (Allocation Failure) [DefNew: 560234K->560234K(623616K), 0.0000186 secs][Tenured: 1326324K->854741K(1385856K), 2.2650113 secs] 1886559K->854741K(2009472K), [Metaspace: 10566K->10566K(12288K)], 2.2650902 secs] [Times: user=2.26 sys=0.00, real=2.26 secs] 

*** PauseDetector detected a 2259 ms pause at Mon Dec 22 01:19:57 EET 2014 ***

[GC (Allocation Failure) [DefNew: 554368K->5890K(623616K), 0.0145400 secs] 1409109K->860631K(2009472K), 0.0146536 secs] [Times: user=0.01 sys=0.00, real=0.01 secs] 
[GC (Allocation Failure) [DefNew: 560258K->69248K(623616K), 0.1406694 secs] 1414999K->965195K(2009472K), 0.1407181 secs] [Times: user=0.14 sys=0.00, real=0.13 secs] 
[GC (Allocation Failure) [DefNew: 623616K->5888K(623616K), 0.0465297 secs] 1519563K->966421K(2009472K), 0.0466958 secs] [Times: user=0.03 sys=0.00, real=0.04 secs] 
[GC (Allocation Failure) [DefNew: 560256K->69248K(623616K), 0.1366768 secs] 1520789K->1070799K(2009472K), 0.1367185 secs] [Times: user=0.12 sys=0.00, real=0.13 secs] 
[GC (Allocation Failure) [DefNew: 623616K->5892K(623616K), 0.0487386 secs] 1625167K->1072032K(2009472K), 0.0488733 secs] [Times: user=0.05 sys=0.00, real=0.05 secs] 
[GC (Allocation Failure) [DefNew: 560260K->69247K(623616K), 0.1223703 secs] 1626400K->1175547K(2009472K), 0.1225115 secs] [Times: user=0.11 sys=0.00, real=0.11 secs] 
[GC (Allocation Failure) [DefNew: 623615K->5896K(623616K), 0.0431062 secs] 1729915K->1176749K(2009472K), 0.0431460 secs] [Times: user=0.03 sys=0.00, real=0.04 secs] 
[GC (Allocation Failure) [DefNew: 560264K->69247K(623616K), 0.1401292 secs] 1731117K->1280104K(2009472K), 0.1401709 secs] [Times: user=0.13 sys=0.00, real=0.13 secs] 
[GC (Allocation Failure) [DefNew: 623615K->5904K(623616K), 0.0488400 secs] 1834472K->1281315K(2009472K), 0.0488874 secs] [Times: user=0.05 sys=0.00, real=0.05 secs] 
[GC (Allocation Failure) [DefNew: 560272K->69248K(623616K), 0.1354476 secs] 1835683K->1384519K(2009472K), 0.1354880 secs] [Times: user=0.14 sys=0.00, real=0.14 secs] 
[GC (Allocation Failure) [DefNew: 623616K->623616K(623616K), 0.0000192 secs][Tenured: 1315271K->851235K(1385856K), 2.3515143 secs] 1938887K->851235K(2009472K), [Metaspace: 10566K->10566K(12288K)], 2.3517068 secs] [Times: user=2.29 sys=0.00, real=2.35 secs] 

*** PauseDetector detected a 2353 ms pause at Mon Dec 22 01:20:16 EET 2014 ***

[GC (Allocation Failure) [DefNew: 554368K->69248K(623616K), 0.1247570 secs] 1405603K->960236K(2009472K), 0.1248000 secs] [Times: user=0.13 sys=0.00, real=0.13 secs] 
[GC (Allocation Failure) [DefNew: 623616K->5863K(623616K), 0.0432454 secs] 1514604K->961401K(2009472K), 0.0432852 secs] [Times: user=0.03 sys=0.00, real=0.04 secs] 
[GC (Allocation Failure) [DefNew: 560231K->69248K(623616K), 0.1181776 secs] 1515769K->1064401K(2009472K), 0.1182187 secs] [Times: user=0.11 sys=0.00, real=0.11 secs] 
[GC (Allocation Failure) [DefNew: 623616K->5874K(623616K), 0.0411205 secs] 1618769K->1065606K(2009472K), 0.0412213 secs] [Times: user=0.03 sys=0.00, real=0.04 secs] 
[GC (Allocation Failure) [DefNew: 560242K->69247K(623616K), 0.1178998 secs] 1619974K->1168526K(2009472K), 0.1179467 secs] [Times: user=0.11 sys=0.00, real=0.12 secs] 
[GC (Allocation Failure) [DefNew: 623615K->5889K(623616K), 0.0443765 secs] 1722894K->1169715K(2009472K), 0.0445267 secs] [Times: user=0.03 sys=0.00, real=0.04 secs] 
[GC (Allocation Failure) [DefNew: 560257K->69247K(623616K), 0.1203391 secs] 1724083K->1272527K(2009472K), 0.1203859 secs] [Times: user=0.13 sys=0.00, real=0.12 secs] 
[GC (Allocation Failure) [DefNew: 623615K->5863K(623616K), 0.0422510 secs] 1826895K->1273693K(2009472K), 0.0423536 secs] [Times: user=0.03 sys=0.00, real=0.04 secs] 
[GC (Allocation Failure) [DefNew: 560231K->69248K(623616K), 0.1233885 secs] 1828061K->1376441K(2009472K), 0.1234309 secs] [Times: user=0.11 sys=0.00, real=0.12 secs] 
[GC (Allocation Failure) [DefNew: 623616K->623616K(623616K), 0.0000199 secs][Tenured: 1307193K->784605K(1385856K), 2.2708657 secs] 1930809K->784605K(2009472K), [Metaspace: 10566K->10566K(12288K)]
*** PauseDetector detected a 2273 ms pause at Mon Dec 22 01:20:33 EET 2014 ***

, 2.2709503 secs] [Times: user=2.26 sys=0.00, real=2.27 secs] 
[GC (Allocation Failure) [DefNew: 554368K->69248K(623616K), 0.0934147 secs] 1338973K->892651K(2009472K), 0.0935559 secs] [Times: user=0.09 sys=0.00, real=0.09 secs] 
[GC (Allocation Failure) [DefNew: 623616K->5895K(623616K), 0.0419353 secs] 1447019K->893857K(2009472K), 0.0419790 secs] [Times: user=0.03 sys=0.00, real=0.04 secs] 
[GC (Allocation Failure) [DefNew: 560263K->69247K(623616K), 0.1062341 secs] 1448225K->995974K(2009472K), 0.1063425 secs] [Times: user=0.09 sys=0.00, real=0.10 secs] 
[GC (Allocation Failure) [DefNew: 623615K->5879K(623616K), 0.0384092 secs] 1550342K->997126K(2009472K), 0.0384503 secs] [Times: user=0.03 sys=0.00, real=0.04 secs] 
[GC (Allocation Failure) [DefNew: 560247K->69248K(623616K), 0.0919263 secs] 1551494K->1099178K(2009472K), 0.0920488 secs] [Times: user=0.09 sys=0.00, real=0.09 secs] 
[GC (Allocation Failure) [DefNew: 623616K->5886K(623616K), 0.0482125 secs] 1653546K->1100344K(2009472K), 0.0482561 secs] [Times: user=0.05 sys=0.00, real=0.04 secs] 
[GC (Allocation Failure) [DefNew: 560254K->69248K(623616K), 0.1164826 secs] 1654712K->1202335K(2009472K), 0.1165282 secs] [Times: user=0.11 sys=0.00, real=0.11 secs] 
[GC (Allocation Failure) [DefNew: 623616K->5910K(623616K), 0.0427739 secs] 1756703K->1203515K(2009472K), 0.0428836 secs] [Times: user=0.03 sys=0.00, real=0.04 secs] 
[GC (Allocation Failure) [DefNew: 560278K->69248K(623616K), 0.2787423 secs] 1757883K->1330126K(2009472K), 0.2788039 secs] [Times: user=0.26 sys=0.00, real=0.27 secs] 
[GC (Allocation Failure) [DefNew: 623616K->5862K(623616K), 0.0883360 secs] 1884494K->1331726K(2009472K), 0.0883745 secs] [Times: user=0.08 sys=0.00, real=0.09 secs] 
[GC (Allocation Failure) [DefNew: 560230K->560230K(623616K), 0.0000199 secs][Tenured: 1325863K->868145K(1385856K), 2.3385474 secs] 1886094K->868145K(2009472K), [Metaspace: 10566K->10566K(12288K)], 2.3387373 secs] [Times: user=2.32 sys=0.00, real=2.33 secs] 

*** PauseDetector detected a 2336 ms pause at Mon Dec 22 01:20:53 EET 2014 ***

[GC (Allocation Failure) [DefNew: 554368K->5901K(623616K), 0.0116003 secs] 1422513K->874046K(2009472K), 0.0116408 secs] [Times: user=0.00 sys=0.00, real=0.01 secs] 
[GC (Allocation Failure) [DefNew: 560269K->69248K(623616K), 0.4205601 secs] 1428414K->990586K(2009472K), 0.4206018 secs] [Times: user=0.42 sys=0.00, real=0.42 secs] 

*** PauseDetector detected a 424 ms pause at Mon Dec 22 01:20:57 EET 2014 ***

[GC (Allocation Failure) [DefNew: 623616K->5908K(623616K), 0.0742759 secs] 1544954K->992061K(2009472K), 0.0743176 secs] [Times: user=0.08 sys=0.00, real=0.07 secs] 
[GC (Allocation Failure) [DefNew: 560276K->69247K(623616K), 0.3510171 secs] 1546429K->1104482K(2009472K), 0.3511659 secs] [Times: user=0.34 sys=0.00, real=0.34 secs] 
[GC (Allocation Failure) [DefNew: 623615K->5870K(623616K), 0.0582724 secs] 1658850K->1105869K(2009472K), 0.0583719 secs] [Times: user=0.05 sys=0.00, real=0.05 secs] 
[GC (Allocation Failure) [DefNew: 560238K->69247K(623616K), 0.3410380 secs] 1660237K->1217119K(2009472K), 0.3411529 secs] [Times: user=0.33 sys=0.00, real=0.34 secs] 
[GC (Allocation Failure) [DefNew: 623615K->5911K(623616K), 0.0673629 secs] 1771487K->1218520K(2009472K), 0.0674662 secs] [Times: user=0.06 sys=0.00, real=0.07 secs] 
[GC (Allocation Failure) [DefNew: 560279K->69248K(623616K), 0.2605825 secs] 1772888K->1327286K(2009472K), 0.2606441 secs] [Times: user=0.25 sys=0.00, real=0.25 secs] 
[GC (Allocation Failure) [DefNew: 623616K->5862K(623616K), 0.0582012 secs] 1881654K->1328541K(2009472K), 0.0583109 secs] [Times: user=0.05 sys=0.00, real=0.05 secs] 
[GC (Allocation Failure) [DefNew: 560230K->560230K(623616K), 0.0000199 secs][Tenured: 1322679K->858014K(1385856K), 2.3977193 secs] 1882909K->858014K(2009472K), [Metaspace: 10566K->10566K(12288K)], 2.3977957 secs]
*** PauseDetector detected a 2399 ms pause at Mon Dec 22 01:21:13 EET 2014 ***

 [Times: user=2.40 sys=0.00, real=2.39 secs] 
[GC (Allocation Failure) [DefNew: 554368K->5911K(623616K), 0.0129579 secs] 1412382K->863925K(2009472K), 0.0130003 secs] [Times: user=0.02 sys=0.00, real=0.01 secs] 
[GC (Allocation Failure) [DefNew: 560279K->69247K(623616K), 0.2376038 secs] 1418293K->971425K(2009472K), 0.2376461 secs] [Times: user=0.23 sys=0.00, real=0.23 secs] 
[GC (Allocation Failure) [DefNew: 623615K->5904K(623616K), 0.0570560 secs] 1525793K->972706K(2009472K), 0.0571663 secs] [Times: user=0.05 sys=0.00, real=0.05 secs] 
[GC (Allocation Failure) [DefNew: 560272K->69248K(623616K), 0.2136666 secs] 1527074K->1079763K(2009472K), 0.2137077 secs] [Times: user=0.22 sys=0.00, real=0.21 secs] 
[GC (Allocation Failure) [DefNew: 623616K->5891K(623616K), 0.0583917 secs] 1634131K->1081025K(2009472K), 0.0584944 secs] [Times: user=0.06 sys=0.00, real=0.05 secs] 
[GC (Allocation Failure) [DefNew: 560259K->69247K(623616K), 0.2023235 secs] 1635393K->1186631K(2009472K), 0.2023678 secs] [Times: user=0.20 sys=0.00, real=0.20 secs] 
[GC (Allocation Failure) [DefNew: 623615K->5883K(623616K), 0.0469762 secs] 1740999K->1187873K(2009472K), 0.0470808 secs] [Times: user=0.05 sys=0.00, real=0.05 secs] 
[GC (Allocation Failure) [DefNew: 560251K->69247K(623616K), 0.1709133 secs] 1742241K->1293194K(2009472K), 0.1709569 secs] [Times: user=0.17 sys=0.00, real=0.17 secs] 
[GC (Allocation Failure) [DefNew: 623615K->5858K(623616K), 0.0510727 secs] 1847562K->1294383K(2009472K), 0.0511811 secs] [Times: user=0.05 sys=0.00, real=0.05 secs] 
[GC (Allocation Failure) [DefNew: 560226K->69248K(623616K), 0.1997688 secs] 1848751K->1399436K(2009472K), 0.1998130 secs] [Times: user=0.19 sys=0.00, real=0.19 secs] 
[GC (Allocation Failure) [DefNew: 623616K->623616K(623616K), 0.0000192 secs][Tenured: 1330188K->856196K(1385856K), 2.2352184 secs] 1953804K->856196K(2009472K), [Metaspace: 10566K->10566K(12288K)], 2.2352993 secs] [Times: user=2.23 sys=0.00, real=2.23 secs] 

*** PauseDetector detected a 2232 ms pause at Mon Dec 22 01:21:32 EET 2014 ***

[GC (Allocation Failure) [DefNew: 554368K->69248K(623616K), 0.1391848 secs] 1410564K->966873K(2009472K), 0.1392245 secs] [Times: user=0.14 sys=0.00, real=0.14 secs] 
[GC (Allocation Failure) [DefNew: 623616K->5868K(623616K), 0.0594940 secs] 1521241K->968065K(2009472K), 0.0595350 secs] [Times: user=0.06 sys=0.00, real=0.06 secs] 
[GC (Allocation Failure) [DefNew: 560236K->69247K(623616K), 0.1311452 secs] 1522433K->1072696K(2009472K), 0.1312498 secs] [Times: user=0.14 sys=0.00, real=0.13 secs] 
[GC (Allocation Failure) [DefNew: 623615K->5894K(623616K), 0.0449790 secs] 1627064K->1073907K(2009472K), 0.0450175 secs] [Times: user=0.05 sys=0.00, real=0.05 secs] 
[GC (Allocation Failure) [DefNew: 560262K->69247K(623616K), 0.1219341 secs] 1628275K->1178252K(2009472K), 0.1219764 secs] [Times: user=0.11 sys=0.00, real=0.12 secs] 
[GC (Allocation Failure) [DefNew: 623615K->5875K(623616K), 0.0527664 secs] 1732620K->1179495K(2009472K), 0.0528088 secs] [Times: user=0.05 sys=0.00, real=0.05 secs] 
[GC (Allocation Failure) [DefNew: 560243K->69247K(623616K), 0.1225012 secs] 1733863K->1283022K(2009472K), 0.1226096 secs] [Times: user=0.11 sys=0.00, real=0.12 secs] 
[GC (Allocation Failure) [DefNew: 623615K->5925K(623616K), 0.0536550 secs] 1837390K->1284258K(2009472K), 0.0537057 secs] [Times: user=0.05 sys=0.00, real=0.05 secs] 
[GC (Allocation Failure) [DefNew: 560293K->69247K(623616K), 0.2027361 secs] 1838626K->1387613K(2009472K), 0.2027861 secs] [Times: user=0.20 sys=0.00, real=0.20 secs] 
[GC (Allocation Failure) [DefNew: 623615K->623615K(623616K), 0.0000212 secs][Tenured: 1318365K->785212K(1385856K), 3.4937164 secs] 1941981K->785212K(2009472K), [Metaspace: 10566K->10566K(12288K)]
*** PauseDetector detected a 3498 ms pause at Mon Dec 22 01:21:52 EET 2014 ***

, 3.4938312 secs] [Times: user=3.48 sys=0.00, real=3.49 secs] 
[GC (Allocation Failure) [DefNew: 554368K->69248K(623616K), 0.1749789 secs] 1339580K->894346K(2009472K), 0.1750283 secs] [Times: user=0.17 sys=0.00, real=0.17 secs] 
[GC (Allocation Failure) [DefNew: 623616K->5892K(623616K), 0.0761698 secs] 1448714K->895529K(2009472K), 0.0762224 secs] [Times: user=0.08 sys=0.00, real=0.08 secs] 
[GC (Allocation Failure) [DefNew: 560260K->69247K(623616K), 0.1465808 secs] 1449897K->998664K(2009472K), 0.1466232 secs] [Times: user=0.14 sys=0.00, real=0.15 secs] 
[GC (Allocation Failure) [DefNew: 623615K->5919K(623616K), 0.0447615 secs] 1553032K->999858K(2009472K), 0.0448673 secs] [Times: user=0.05 sys=0.00, real=0.05 secs] 
[GC (Allocation Failure) [DefNew: 560287K->69247K(623616K), 0.1249777 secs] 1554226K->1102807K(2009472K), 0.1250175 secs] [Times: user=0.13 sys=0.00, real=0.13 secs] 
[GC (Allocation Failure) [DefNew: 623615K->5921K(623616K), 0.0493904 secs] 1657175K->1104054K(2009472K), 0.0494341 secs] [Times: user=0.05 sys=0.00, real=0.05 secs] 
[GC (Allocation Failure) [DefNew: 560289K->69248K(623616K), 0.1523005 secs] 1658422K->1206952K(2009472K), 0.1523486 secs] [Times: user=0.14 sys=0.00, real=0.15 secs] 
[GC (Allocation Failure) [DefNew: 623616K->5887K(623616K), 0.0478532 secs] 1761320K->1208115K(2009472K), 0.0478943 secs] [Times: user=0.05 sys=0.00, real=0.05 secs] 
[GC (Allocation Failure) [DefNew: 560255K->69248K(623616K), 0.1388884 secs] 1762483K->1310952K(2009472K), 0.1389371 secs] [Times: user=0.14 sys=0.00, real=0.14 secs] 
[GC (Allocation Failure) [DefNew: 623616K->5916K(623616K), 0.0486809 secs] 1865320K->1312146K(2009472K), 0.0487303 secs] [Times: user=0.05 sys=0.00, real=0.05 secs] 
[GC (Allocation Failure) [DefNew: 560284K->560284K(623616K), 0.0000199 secs][Tenured: 1306230K->852692K(1385856K), 2.6326785 secs] 1866514K->852692K(2009472K), [Metaspace: 10566K->10566K(12288K)], 2.6327542 secs]
*** PauseDetector detected a 2634 ms pause at Mon Dec 22 01:22:11 EET 2014 ***

 [Times: user=2.64 sys=0.00, real=2.63 secs] 
[GC (Allocation Failure) [DefNew: 554368K->5883K(623616K), 0.0128328 secs] 1407060K->858575K(2009472K), 0.0128732 secs] [Times: user=0.01 sys=0.00, real=0.01 secs] 
[GC (Allocation Failure) [DefNew: 560251K->69248K(623616K), 0.1189232 secs] 1412943K->960793K(2009472K), 0.1189642 secs] [Times: user=0.13 sys=0.00, real=0.12 secs] 
[GC (Allocation Failure) [DefNew: 623616K->5927K(623616K), 0.0461627 secs] 1515161K->961975K(2009472K), 0.0462037 secs] [Times: user=0.05 sys=0.00, real=0.05 secs] 
[GC (Allocation Failure) [DefNew: 560295K->69248K(623616K), 0.1157069 secs] 1516343K->1064072K(2009472K), 0.1157467 secs] [Times: user=0.13 sys=0.00, real=0.12 secs] 
[GC (Allocation Failure) [DefNew: 623616K->5909K(623616K), 0.0529339 secs] 1618440K->1065241K(2009472K), 0.0529807 secs] [Times: user=0.05 sys=0.00, real=0.05 secs] 
[Full GC (System.gc()) [Tenured: 1059332K->834694K(1385856K), 2.1276075 secs] 1166256K->834694K(2009472K), [Metaspace: 10566K->10566K(12288K)], 2.1277333 secs] [Times: user=2.12 sys=0.00, real=2.13 secs] 

*** PauseDetector detected a 2129 ms pause at Mon Dec 22 01:22:22 EET 2014 ***
[Full GC (System.gc()) [Tenured: 834694K->834766K(1385856K), 2.3747432 secs] 845823K->834766K(2009472K), [Metaspace: 10566K->10566K(12288K)]
, 2.3747881 secs] [Times: user=2.37 sys=0.00, real=2.37 secs] 
[Full GC (System.gc()) [Tenured: 834766K->765490K(1385856K), 2.9741971 secs] 845893K->765490K(2009472K), [Metaspace: 10566K->10566K(12288K)]
*** PauseDetector detected a 5352 ms pause at Mon Dec 22 01:22:27 EET 2014 ***

, 2.9742619 secs] [Times: user=2.98 sys=0.00, real=2.98 secs] 
[Full GC (System.gc()) [Tenured: 765490K->766423K(1385856K), 2.4535486 secs] 776619K->766423K(2009472K), [Metaspace: 10566K->10566K(12288K)], 2.4536115 secs] [Times: user=2.45 sys=0.00, real=2.45 secs] 
[Full GC (System.gc()) [Tenured: 766423K->766442K(1385856K), 1.9831772 secs] 777551K->766442K(2009472K), [Metaspace: 10566K->10566K(12288K)], 1.9832228 secs] [Times: user=1.98 sys=0.00, real=1.98 secs] 
[Full GC (System.gc()) [Tenured: 766442K->766442K(1385856K), 1.8873232 secs] 777570K->766442K(2009472K), [Metaspace: 10566K->10566K(12288K)]
*** PauseDetector detected a 2454 ms pause at Mon Dec 22 01:22:29 EET 2014 ***


*** PauseDetector detected a 3881 ms pause at Mon Dec 22 01:22:33 EET 2014 ***

, 1.8873739 secs] [Times: user=1.90 sys=0.00, real=1.89 secs] 
[GC (Allocation Failure) [DefNew: 554368K->17491K(623616K), 0.0198850 secs] 1320810K->783933K(2009472K), 0.0199254 secs] [Times: user=0.00 sys=0.00, real=0.01 secs] 
[GC (Allocation Failure) [DefNew: 571859K->17609K(623616K), 0.0274011 secs] 1338301K->784051K(2009472K), 0.0274652 secs] [Times: user=0.03 sys=0.00, real=0.02 secs] 
[GC (Allocation Failure) [DefNew: 571977K->69248K(623616K), 0.0995559 secs] 1338419K->886019K(2009472K), 0.0995963 secs] [Times: user=0.09 sys=0.00, real=0.10 secs] 
[GC (Allocation Failure) [DefNew: 623616K->5954K(623616K), 0.0476158 secs] 1440387K->887199K(2009472K), 0.0477557 secs] [Times: user=0.05 sys=0.00, real=0.05 secs] 
[GC (Allocation Failure) [DefNew: 560322K->69248K(623616K), 0.3239926 secs] 1441567K->1013816K(2009472K), 0.3240330 secs] [Times: user=0.31 sys=0.00, real=0.32 secs] 
[GC (Allocation Failure) [DefNew: 623616K->5954K(623616K), 0.1307435 secs] 1568184K->1015458K(2009472K), 0.1307859 secs] [Times: user=0.13 sys=0.00, real=0.13 secs] 
[Full GC (System.gc()) [Tenured: 1009503K->675194K(1385856K), 2.2050002 secs] 1026589K->675194K(2009472K), [Metaspace: 10566K->10566K(12288K)], 2.2051176 secs] [Times: user=2.18 sys=0.00, real=2.21 secs] 
[Full GC (System.gc()) [Tenured: 675194K->675194K(1385856K), 2.1542900 secs] 675196K->675194K(2009472K), [Metaspace: 10566K->10566K(12288K)], 2.1543362 secs] [Times: user=2.14 sys=0.00, real=2.15 secs] 
[Full GC (System.gc()) [Tenured: 675194K->675194K(1385856K), 2.2347398 secs] 675194K->675194K(2009472K), [Metaspace: 10566K->10566K(12288K)], 2.2347789 secs] [Times: user=2.20 sys=0.00, real=2.24 secs] 
********************************
********** ROUND   36 **********
********************************

*** PauseDetector detected a 6608 ms pause at Mon Dec 22 01:22:50 EET 2014 ***

[GC (Allocation Failure) [DefNew: 554368K->69248K(623616K), 0.2637198 secs] 1229562K->799929K(2009472K), 0.2637615 secs] [Times: user=0.26 sys=0.00, real=0.26 secs] 
[GC (Allocation Failure) [DefNew: 623616K->5860K(623616K), 0.0939325 secs] 1354297K->801408K(2009472K), 0.0940345 secs] [Times: user=0.11 sys=0.00, real=0.09 secs] 
[GC (Allocation Failure) [DefNew: 560228K->69247K(623616K), 0.4435195 secs] 1355776K->917967K(2009472K), 0.4435663 secs] [Times: user=0.44 sys=0.00, real=0.44 secs] 

*** PauseDetector detected a 445 ms pause at Mon Dec 22 01:22:55 EET 2014 ***

[GC (Allocation Failure) [DefNew: 623615K->5891K(623616K), 0.0874648 secs] 1472335K->919447K(2009472K), 0.0875058 secs] [Times: user=0.08 sys=0.00, real=0.09 secs] 
[GC (Allocation Failure) [DefNew: 560259K->69247K(623616K), 0.3554889 secs] 1473815K->1031908K(2009472K), 0.3555280 secs] [Times: user=0.34 sys=0.00, real=0.35 secs] 
[GC (Allocation Failure) [DefNew: 623615K->5887K(623616K), 0.0692915 secs] 1586276K->1033290K(2009472K), 0.0694961 secs] [Times: user=0.08 sys=0.00, real=0.07 secs] 
[GC (Allocation Failure) [DefNew: 560255K->69248K(623616K), 0.3726273 secs] 1587658K->1144542K(2009472K), 0.3727588 secs] [Times: user=0.38 sys=0.00, real=0.37 secs] 

*** PauseDetector detected a 375 ms pause at Mon Dec 22 01:23:02 EET 2014 ***

[GC (Allocation Failure) [DefNew: 623616K->5903K(623616K), 0.0817522 secs] 1698910K->1145915K(2009472K), 0.0818009 secs] [Times: user=0.08 sys=0.00, real=0.08 secs] 
[GC (Allocation Failure) [DefNew: 560271K->69248K(623616K), 0.3332345 secs] 1700283K->1254650K(2009472K), 0.3332814 secs] [Times: user=0.33 sys=0.00, real=0.33 secs] 
[GC (Allocation Failure) [DefNew: 623616K->5890K(623616K), 0.0777038 secs] 1809018K->1255972K(2009472K), 0.0777532 secs] [Times: user=0.08 sys=0.00, real=0.08 secs] 
[GC (Allocation Failure) [DefNew: 560258K->69247K(623616K), 0.2864893 secs] 1810340K->1364031K(2009472K), 0.2865323 secs] [Times: user=0.28 sys=0.00, real=0.29 secs] 
[GC (Allocation Failure) [DefNew: 623615K->5899K(623616K), 0.0670402 secs] 1918399K->1365355K(2009472K), 0.0670851 secs] [Times: user=0.06 sys=0.00, real=0.07 secs] 
[GC (Allocation Failure) [DefNew: 560267K->560267K(623616K), 0.0000192 secs][Tenured: 1359455K->855946K(1385856K), 3.1176740 secs] 1919723K->855946K(2009472K), [Metaspace: 10566K->10566K(12288K)], 3.1178267 secs] [Times: user=3.09 sys=0.00, real=3.11 secs] 

*** PauseDetector detected a 3111 ms pause at Mon Dec 22 01:23:15 EET 2014 ***

[GC (Allocation Failure) [DefNew: 554368K->5898K(623616K), 0.0143052 secs] 1410314K->861844K(2009472K), 0.0144053 secs] [Times: user=0.00 sys=0.00, real=0.01 secs] 
[GC (Allocation Failure) [DefNew: 560266K->69248K(623616K), 0.2073535 secs] 1416212K->968895K(2009472K), 0.2073945 secs] [Times: user=0.20 sys=0.00, real=0.21 secs] 
[GC (Allocation Failure) [DefNew: 623616K->5899K(623616K), 0.0609311 secs] 1523263K->970178K(2009472K), 0.0610459 secs] [Times: user=0.06 sys=0.00, real=0.06 secs] 
[GC (Allocation Failure) [DefNew: 560267K->69248K(623616K), 0.1972102 secs] 1524546K->1075789K(2009472K), 0.1972519 secs] [Times: user=0.19 sys=0.00, real=0.19 secs] 
[GC (Allocation Failure) [DefNew: 623616K->5896K(623616K), 0.0573505 secs] 1630157K->1077031K(2009472K), 0.0573947 secs] [Times: user=0.05 sys=0.00, real=0.05 secs] 
[GC (Allocation Failure) [DefNew: 560264K->69247K(623616K), 0.1716729 secs] 1631399K->1182323K(2009472K), 0.1717274 secs] [Times: user=0.17 sys=0.00, real=0.17 secs] 
[GC (Allocation Failure) [DefNew: 623615K->5903K(623616K), 0.0570412 secs] 1736691K->1183572K(2009472K), 0.0570855 secs] [Times: user=0.05 sys=0.00, real=0.05 secs] 
[GC (Allocation Failure) [DefNew: 560271K->69248K(623616K), 0.1955549 secs] 1737940K->1288553K(2009472K), 0.1955972 secs] [Times: user=0.20 sys=0.00, real=0.19 secs] 
[GC (Allocation Failure) [DefNew: 623616K->5862K(623616K), 0.0585919 secs] 1842921K->1289771K(2009472K), 0.0586304 secs] [Times: user=0.05 sys=0.00, real=0.06 secs] 
[GC (Allocation Failure) [DefNew: 560230K->69247K(623616K), 0.1948023 secs] 1844139K->1394580K(2009472K), 0.1948498 secs] [Times: user=0.19 sys=0.00, real=0.19 secs] 
[GC (Allocation Failure) [DefNew: 623615K->623615K(623616K), 0.0000192 secs][Tenured: 1325332K->786621K(1385856K), 2.9727439 secs] 1948948K->786621K(2009472K), [Metaspace: 10566K->10566K(12288K)], 2.9728241 secs] [Times: user=2.95 sys=0.00, real=2.97 secs] 

*** PauseDetector detected a 2976 ms pause at Mon Dec 22 01:23:36 EET 2014 ***

[GC (Allocation Failure) [DefNew: 554368K->69248K(623616K), 0.1696006 secs] 1340989K->897109K(2009472K), 0.1696506 secs] [Times: user=0.17 sys=0.00, real=0.17 secs] 
[GC (Allocation Failure) [DefNew: 623616K->5906K(623616K), 0.0499069 secs] 1451477K->898344K(2009472K), 0.0499505 secs] [Times: user=0.06 sys=0.00, real=0.05 secs] 
[GC (Allocation Failure) [DefNew: 560274K->69247K(623616K), 0.1537158 secs] 1452712K->1002717K(2009472K), 0.1537582 secs] [Times: user=0.16 sys=0.00, real=0.15 secs] 
[GC (Allocation Failure) [DefNew: 623615K->5908K(623616K), 0.0496015 secs] 1557085K->1003953K(2009472K), 0.0496419 secs] [Times: user=0.05 sys=0.00, real=0.05 secs] 
[GC (Allocation Failure) [DefNew: 560276K->69247K(623616K), 0.1360096 secs] 1558321K->1107445K(2009472K), 0.1361578 secs] [Times: user=0.12 sys=0.00, real=0.13 secs] 
[GC (Allocation Failure) [DefNew: 623615K->5904K(623616K), 0.0425378 secs] 1661813K->1108662K(2009472K), 0.0426853 secs] [Times: user=0.03 sys=0.00, real=0.04 secs] 
[GC (Allocation Failure) [DefNew: 560272K->69247K(623616K), 0.1622481 secs] 1663030K->1212014K(2009472K), 0.1622930 secs] [Times: user=0.16 sys=0.00, real=0.16 secs] 
[GC (Allocation Failure) [DefNew: 623615K->5906K(623616K), 0.0483344 secs] 1766382K->1213222K(2009472K), 0.0483761 secs] [Times: user=0.05 sys=0.00, real=0.05 secs] 
[GC (Allocation Failure) [DefNew: 560274K->69248K(623616K), 0.1432703 secs] 1767590K->1316438K(2009472K), 0.1433775 secs] [Times: user=0.16 sys=0.00, real=0.14 secs] 
[GC (Allocation Failure) [DefNew: 623616K->5891K(623616K), 0.0451522 secs] 1870806K->1317630K(2009472K), 0.0453344 secs] [Times: user=0.05 sys=0.00, real=0.05 secs] 
[GC (Allocation Failure) [DefNew: 560259K->560259K(623616K), 0.0000186 secs][Tenured: 1311738K->853104K(1385856K), 2.5502720 secs] 1871998K->853104K(2009472K), [Metaspace: 10566K->10566K(12288K)], 2.5504606 secs] [Times: user=2.53 sys=0.00, real=2.55 secs] 

*** PauseDetector detected a 2548 ms pause at Mon Dec 22 01:23:56 EET 2014 ***

[GC (Allocation Failure) [DefNew: 554368K->5877K(623616K), 0.0147607 secs] 1407472K->858981K(2009472K), 0.0148037 secs] [Times: user=0.01 sys=0.00, real=0.01 secs] 
[GC (Allocation Failure) [DefNew: 560245K->69248K(623616K), 0.1218346 secs] 1413349K->962000K(2009472K), 0.1218763 secs] [Times: user=0.13 sys=0.00, real=0.11 secs] 
[GC (Allocation Failure) [DefNew: 623616K->5911K(623616K), 0.0474381 secs] 1516368K->963210K(2009472K), 0.0474830 secs] [Times: user=0.03 sys=0.00, real=0.05 secs] 
[GC (Allocation Failure) [DefNew: 560279K->69248K(623616K), 0.1146849 secs] 1517578K->1066101K(2009472K), 0.1147215 secs] [Times: user=0.11 sys=0.00, real=0.12 secs] 
[GC (Allocation Failure) [DefNew: 623616K->5908K(623616K), 0.0443810 secs] 1620469K->1067301K(2009472K), 0.0444368 secs] [Times: user=0.05 sys=0.00, real=0.04 secs] 
[GC (Allocation Failure) [DefNew: 560276K->69248K(623616K), 0.1154856 secs] 1621669K->1170100K(2009472K), 0.1155318 secs] [Times: user=0.13 sys=0.00, real=0.12 secs] 
[GC (Allocation Failure) [DefNew: 623616K->5893K(623616K), 0.0479058 secs] 1724468K->1171290K(2009472K), 0.0479501 secs] [Times: user=0.05 sys=0.00, real=0.05 secs] 
[GC (Allocation Failure) [DefNew: 560261K->69248K(623616K), 0.1339110 secs] 1725658K->1274030K(2009472K), 0.1339566 secs] [Times: user=0.14 sys=0.00, real=0.13 secs] 
[GC (Allocation Failure) [DefNew: 623616K->5910K(623616K), 0.0409075 secs] 1828398K->1275226K(2009472K), 0.0409447 secs] [Times: user=0.05 sys=0.00, real=0.03 secs] 
[GC (Allocation Failure) [DefNew: 560278K->69248K(623616K), 0.1165872 secs] 1829594K->1377399K(2009472K), 0.1166295 secs] [Times: user=0.12 sys=0.00, real=0.12 secs] 
[GC (Allocation Failure) [DefNew: 623616K->623616K(623616K), 0.0000199 secs][Tenured: 1308151K->852372K(1385856K), 2.5182541 secs] 1931767K->852372K(2009472K), [Metaspace: 10566K->10566K(12288K)], 2.5183382 secs]
*** PauseDetector detected a 2519 ms pause at Mon Dec 22 01:24:15 EET 2014 ***

 [Times: user=2.51 sys=0.00, real=2.52 secs] 
[GC (Allocation Failure) [DefNew: 554368K->69248K(623616K), 0.1126858 secs] 1406740K->960377K(2009472K), 0.1127281 secs] [Times: user=0.11 sys=0.00, real=0.11 secs] 
[GC (Allocation Failure) [DefNew: 623616K->5910K(623616K), 0.0458432 secs] 1514745K->961567K(2009472K), 0.0458881 secs] [Times: user=0.05 sys=0.00, real=0.05 secs] 
[GC (Allocation Failure) [DefNew: 560278K->69247K(623616K), 0.1367975 secs] 1515935K->1063603K(2009472K), 0.1368584 secs] [Times: user=0.14 sys=0.00, real=0.14 secs] 
[GC (Allocation Failure) [DefNew: 623615K->5915K(623616K), 0.0391990 secs] 1617971K->1064783K(2009472K), 0.0392619 secs] [Times: user=0.03 sys=0.00, real=0.03 secs] 
[GC (Allocation Failure) [DefNew: 560283K->69248K(623616K), 0.1075082 secs] 1619151K->1166745K(2009472K), 0.1075487 secs] [Times: user=0.11 sys=0.00, real=0.11 secs] 
[GC (Allocation Failure) [DefNew: 623616K->5916K(623616K), 0.0458451 secs] 1721113K->1167932K(2009472K), 0.0458874 secs] [Times: user=0.05 sys=0.00, real=0.05 secs] 
[GC (Allocation Failure) [DefNew: 560284K->69248K(623616K), 0.3640090 secs] 1722300K->1294545K(2009472K), 0.3641129 secs] [Times: user=0.36 sys=0.00, real=0.36 secs] 

*** PauseDetector detected a 368 ms pause at Mon Dec 22 01:24:26 EET 2014 ***

[GC (Allocation Failure) [DefNew: 623616K->5919K(623616K), 0.1336223 secs] 1848913K->1296194K(2009472K), 0.1336653 secs] [Times: user=0.14 sys=0.00, real=0.13 secs] 
[GC (Allocation Failure) [DefNew: 560287K->69248K(623616K), 0.4974780 secs] 1850562K->1415221K(2009472K), 0.4975177 secs] [Times: user=0.50 sys=0.00, real=0.50 secs] 

*** PauseDetector detected a 501 ms pause at Mon Dec 22 01:24:30 EET 2014 ***

[GC (Allocation Failure) [DefNew: 623616K->623616K(623616K), 0.0000186 secs][Tenured: 1345973K->869628K(1385856K), 2.8154950 secs] 1969589K->869628K(2009472K), [Metaspace: 10566K->10566K(12288K)], 2.8155745 secs] [Times: user=2.79 sys=0.00, real=2.81 secs] 

*** PauseDetector detected a 2812 ms pause at Mon Dec 22 01:24:34 EET 2014 ***

[GC (Allocation Failure) [DefNew: 554368K->69248K(623616K), 0.4153569 secs] 1423996K->992053K(2009472K), 0.4153967 secs] [Times: user=0.42 sys=0.00, real=0.42 secs] 

*** PauseDetector detected a 416 ms pause at Mon Dec 22 01:24:37 EET 2014 ***

[GC (Allocation Failure) [DefNew: 623616K->5917K(623616K), 0.0851230 secs] 1546421K->993529K(2009472K), 0.0851660 secs] [Times: user=0.09 sys=0.00, real=0.09 secs] 
[GC (Allocation Failure) [DefNew: 560285K->69247K(623616K), 0.3371302 secs] 1547897K->1106023K(2009472K), 0.3371751 secs] [Times: user=0.33 sys=0.00, real=0.34 secs] 
[GC (Allocation Failure) [DefNew: 623615K->5917K(623616K), 0.0790768 secs] 1660391K->1107399K(2009472K), 0.0791852 secs] [Times: user=0.08 sys=0.00, real=0.08 secs] 
[GC (Allocation Failure) [DefNew: 560285K->69248K(623616K), 0.3537387 secs] 1661767K->1218600K(2009472K), 0.3538798 secs] [Times: user=0.34 sys=0.00, real=0.35 secs] 

*** PauseDetector detected a 356 ms pause at Mon Dec 22 01:24:44 EET 2014 ***

[GC (Allocation Failure) [DefNew: 623616K->5920K(623616K), 0.0821993 secs] 1772968K->1220012K(2009472K), 0.0822430 secs] [Times: user=0.08 sys=0.00, real=0.08 secs] 
[GC (Allocation Failure) [DefNew: 560288K->69247K(623616K), 0.2773578 secs] 1774380K->1328775K(2009472K), 0.2773988 secs] [Times: user=0.28 sys=0.00, real=0.28 secs] 
[GC (Allocation Failure) [DefNew: 623615K->5918K(623616K), 0.0769102 secs] 1883143K->1330081K(2009472K), 0.0769538 secs] [Times: user=0.08 sys=0.00, real=0.08 secs] 
[GC (Allocation Failure) [DefNew: 560286K->560286K(623616K), 0.0000199 secs][Tenured: 1324162K->788685K(1385856K), 2.8808093 secs] 1884449K->788685K(2009472K), [Metaspace: 10566K->10566K(12288K)], 2.8808895 secs] [Times: user=2.89 sys=0.00, real=2.88 secs] 

*** PauseDetector detected a 2883 ms pause at Mon Dec 22 01:24:53 EET 2014 ***

[GC (Allocation Failure) [DefNew: 554368K->5896K(623616K), 0.0119667 secs] 1343053K->794581K(2009472K), 0.0120065 secs] [Times: user=0.01 sys=0.00, real=0.01 secs] 
[GC (Allocation Failure) [DefNew: 560264K->69247K(623616K), 0.2350818 secs] 1348949K->902103K(2009472K), 0.2351222 secs] [Times: user=0.23 sys=0.00, real=0.23 secs] 
[GC (Allocation Failure) [DefNew: 623615K->5919K(623616K), 0.0705580 secs] 1456471K->903392K(2009472K), 0.0706029 secs] [Times: user=0.08 sys=0.00, real=0.07 secs] 
[GC (Allocation Failure) [DefNew: 560287K->69248K(623616K), 0.2161739 secs] 1457760K->1010387K(2009472K), 0.2162117 secs] [Times: user=0.22 sys=0.00, real=0.22 secs] 
[GC (Allocation Failure) [DefNew: 623616K->5912K(623616K), 0.0591270 secs] 1564755K->1011717K(2009472K), 0.0591706 secs] [Times: user=0.06 sys=0.00, real=0.06 secs] 
[GC (Allocation Failure) [DefNew: 560280K->69247K(623616K), 0.1978248 secs] 1566085K->1117302K(2009472K), 0.1978652 secs] [Times: user=0.19 sys=0.00, real=0.20 secs] 
[GC (Allocation Failure) [DefNew: 623615K->5908K(623616K), 0.0618062 secs] 1671670K->1118569K(2009472K), 0.0618582 secs] [Times: user=0.06 sys=0.00, real=0.06 secs] 
[GC (Allocation Failure) [DefNew: 560276K->69247K(623616K), 0.1865876 secs] 1672937K->1223875K(2009472K), 0.1866242 secs] [Times: user=0.19 sys=0.00, real=0.19 secs] 
[GC (Allocation Failure) [DefNew: 623615K->5919K(623616K), 0.0592515 secs] 1778243K->1225114K(2009472K), 0.0592912 secs] [Times: user=0.06 sys=0.00, real=0.06 secs] 
[GC (Allocation Failure) [DefNew: 560287K->69247K(623616K), 0.1790844 secs] 1779482K->1330116K(2009472K), 0.1791229 secs] [Times: user=0.17 sys=0.00, real=0.18 secs] 
[GC (Allocation Failure) [DefNew: 623615K->5906K(623616K), 0.0567172 secs] 1884484K->1331341K(2009472K), 0.0567583 secs] [Times: user=0.05 sys=0.00, real=0.06 secs] 
[GC (Allocation Failure) [DefNew: 560274K->560274K(623616K), 0.0000796 secs][Tenured: 1325435K->854705K(1385856K), 2.6289837 secs] 1885709K->854705K(2009472K), [Metaspace: 10566K->10566K(12288K)], 2.6291242 secs] [Times: user=2.60 sys=0.00, real=2.63 secs] 

*** PauseDetector detected a 2630 ms pause at Mon Dec 22 01:25:15 EET 2014 ***

[GC (Allocation Failure) [DefNew: 554368K->5921K(623616K), 0.0121361 secs] 1409073K->860627K(2009472K), 0.0121778 secs] [Times: user=0.00 sys=0.00, real=0.01 secs] 
[GC (Allocation Failure) [DefNew: 560289K->69248K(623616K), 0.1635204 secs] 1414995K->965155K(2009472K), 0.1635576 secs] [Times: user=0.17 sys=0.00, real=0.16 secs] 
[GC (Allocation Failure) [DefNew: 623616K->5921K(623616K), 0.0540662 secs] 1519523K->966419K(2009472K), 0.0541067 secs] [Times: user=0.05 sys=0.00, real=0.05 secs] 
[GC (Allocation Failure) [DefNew: 560289K->69247K(623616K), 0.1457353 secs] 1520787K->1070804K(2009472K), 0.1457737 secs] [Times: user=0.14 sys=0.00, real=0.15 secs] 
[GC (Allocation Failure) [DefNew: 623615K->5921K(623616K), 0.0510528 secs] 1625172K->1072050K(2009472K), 0.0510951 secs] [Times: user=0.05 sys=0.00, real=0.05 secs] 
[GC (Allocation Failure) [DefNew: 560289K->69248K(623616K), 0.1483426 secs] 1626418K->1175557K(2009472K), 0.1483907 secs] [Times: user=0.16 sys=0.00, real=0.15 secs] 
[GC (Allocation Failure) [DefNew: 623616K->5922K(623616K), 0.0480669 secs] 1729925K->1176764K(2009472K), 0.0481798 secs] [Times: user=0.05 sys=0.00, real=0.05 secs] 
[GC (Allocation Failure) [DefNew: 560290K->69247K(623616K), 0.1458212 secs] 1731132K->1280114K(2009472K), 0.1458629 secs] [Times: user=0.14 sys=0.00, real=0.15 secs] 
[GC (Allocation Failure) [DefNew: 623615K->5874K(623616K), 0.0510925 secs] 1834482K->1281274K(2009472K), 0.0511342 secs] [Times: user=0.05 sys=0.00, real=0.05 secs] 
[GC (Allocation Failure) [DefNew: 560242K->69248K(623616K), 0.1554519 secs] 1835642K->1384541K(2009472K), 0.1554981 secs] [Times: user=0.14 sys=0.00, real=0.15 secs] 
[GC (Allocation Failure) [DefNew: 623616K->623616K(623616K), 0.0000192 secs][Tenured: 1315293K->854401K(1385856K), 2.5279721 secs] 1938909K->854401K(2009472K), [Metaspace: 10566K->10566K(12288K)], 2.5280491 secs] [Times: user=2.50 sys=0.00, real=2.53 secs] 

*** PauseDetector detected a 2532 ms pause at Mon Dec 22 01:25:35 EET 2014 ***

[GC (Allocation Failure) [DefNew: 554368K->69248K(623616K), 0.1305645 secs] 1408769K->963381K(2009472K), 0.1306043 secs] [Times: user=0.13 sys=0.00, real=0.13 secs] 
[GC (Allocation Failure) [DefNew: 623616K->5883K(623616K), 0.0646118 secs] 1517749K->964587K(2009472K), 0.0646561 secs] [Times: user=0.06 sys=0.00, real=0.07 secs] 
[GC (Allocation Failure) [DefNew: 560251K->69248K(623616K), 0.1407714 secs] 1518955K->1067614K(2009472K), 0.1408137 secs] [Times: user=0.14 sys=0.00, real=0.14 secs] 
[GC (Allocation Failure) [DefNew: 623616K->5912K(623616K), 0.0484646 secs] 1621982K->1068810K(2009472K), 0.0485102 secs] [Times: user=0.05 sys=0.00, real=0.05 secs] 
[GC (Allocation Failure) [DefNew: 560280K->69247K(623616K), 0.1275735 secs] 1623178K->1171675K(2009472K), 0.1276133 secs] [Times: user=0.14 sys=0.00, real=0.13 secs] 
[GC (Allocation Failure) [DefNew: 623615K->5926K(623616K), 0.0502392 secs] 1726043K->1172918K(2009472K), 0.0502797 secs] [Times: user=0.05 sys=0.00, real=0.05 secs] 
[Full GC (System.gc()) [Tenured: 1166992K->786540K(1385856K), 2.3650772 secs] 1184413K->786540K(2009472K), [Metaspace: 10566K->10566K(12288K)], 2.3651324 secs] [Times: user=2.37 sys=0.00, real=2.37 secs] 
[Full GC (System.gc()) [Tenured: 786540K->717250K(1385856K), 2.2377995 secs] 786540K->717250K(2009472K), [Metaspace: 10566K->10566K(12288K)], 2.2379477 secs] [Times: user=2.23 sys=0.00, real=2.24 secs] 
[Full GC (System.gc()) [Tenured: 717250K->717251K(1385856K), 2.3716887 secs] 717252K->717251K(2009472K), [Metaspace: 10566K->10566K(12288K)], 2.3718471 secs] [Times: user=2.34 sys=0.00, real=2.37 secs] 

*** PauseDetector detected a 4606 ms pause at Mon Dec 22 01:25:49 EET 2014 ***

[Full GC (System.gc()) [Tenured: 717251K->717253K(1385856K), 2.1861622 secs] 728379K->717253K(2009472K), [Metaspace: 10566K->10566K(12288K)], 2.1862161 secs] [Times: user=2.20 sys=0.00, real=2.19 secs] 
[Full GC (System.gc()) [Tenured: 717253K->717253K(1385856K), 2.2088188 secs] 717255K->717253K(2009472K), [Metaspace: 10566K->10566K(12288K)], 2.2088586 secs] [Times: user=2.17 sys=0.00, real=2.21 secs] 

*** PauseDetector detected a 6771 ms pause at Mon Dec 22 01:25:56 EET 2014 ***
[Full GC (System.gc()) [Tenured: 717253K->709103K(1385856K), 2.4132609 secs] 728382K->709103K(2009472K), [Metaspace: 10566K->10566K(12288K)], 2.4133796 secs] [Times: user=2.40 sys=0.01, real=2.41 secs] 


*** PauseDetector detected a 2419 ms pause at Mon Dec 22 01:25:58 EET 2014 ***

[GC (Allocation Failure) [DefNew: 554368K->69248K(623616K), 0.0930901 secs] 1263471K->817838K(2009472K), 0.0931318 secs] [Times: user=0.09 sys=0.00, real=0.09 secs] 
[GC (Allocation Failure) [DefNew: 623616K->5954K(623616K), 0.0444355 secs] 1372206K->819036K(2009472K), 0.0445356 secs] [Times: user=0.05 sys=0.00, real=0.04 secs] 
[GC (Allocation Failure) [DefNew: 560322K->69248K(623616K), 0.1101624 secs] 1373404K->921758K(2009472K), 0.1101977 secs] [Times: user=0.11 sys=0.00, real=0.11 secs] 
[GC (Allocation Failure) [DefNew: 623616K->5954K(623616K), 0.0480489 secs] 1476126K->922956K(2009472K), 0.0480874 secs] [Times: user=0.05 sys=0.00, real=0.05 secs] 
[GC (Allocation Failure) [DefNew: 560322K->69247K(623616K), 0.1120506 secs] 1477324K->1025130K(2009472K), 0.1120884 secs] [Times: user=0.11 sys=0.00, real=0.11 secs] 
[GC (Allocation Failure) [DefNew: 623615K->5954K(623616K), 0.0461441 secs] 1579498K->1026312K(2009472K), 0.0461826 secs] [Times: user=0.05 sys=0.00, real=0.05 secs] 
[Full GC (System.gc()) [Tenured: 1020357K->849262K(1385856K), 2.5003298 secs] 1304488K->849262K(2009472K), [Metaspace: 10566K->10566K(12288K)], 2.5003779 secs] [Times: user=2.50 sys=0.00, real=2.50 secs] 
[Full GC (System.gc()) [Tenured: 849262K->849262K(1385856K), 2.2550707 secs] 849262K->849262K(2009472K), [Metaspace: 10566K->10566K(12288K)], 2.2551143 secs] [Times: user=2.26 sys=0.00, real=2.26 secs] 
[Full GC (System.gc()) [Tenured: 849262K->849184K(1385856K), 2.2314331 secs] 849264K->849184K(2009472K), [Metaspace: 10566K->10566K(12288K)], 2.2314780 secs] [Times: user=2.22 sys=0.00, real=2.23 secs] 
********************************

*** PauseDetector detected a 4758 ms pause at Mon Dec 22 01:26:13 EET 2014 ***

********** ROUND   37 **********
********************************

*** PauseDetector detected a 2237 ms pause at Mon Dec 22 01:26:15 EET 2014 ***

[GC (Allocation Failure) [DefNew: 554368K->5896K(623616K), 0.0145426 secs] 1403552K->855080K(2009472K), 0.0145824 secs] [Times: user=0.02 sys=0.00, real=0.01 secs] 
[GC (Allocation Failure) [DefNew: 560264K->69248K(623616K), 0.1180782 secs] 1409448K->957104K(2009472K), 0.1181148 secs] [Times: user=0.13 sys=0.00, real=0.12 secs] 
[GC (Allocation Failure) [DefNew: 623616K->5889K(623616K), 0.0450296 secs] 1511472K->958285K(2009472K), 0.0450688 secs] [Times: user=0.05 sys=0.00, real=0.05 secs] 
[GC (Allocation Failure) [DefNew: 560257K->69248K(623616K), 0.1132343 secs] 1512653K->1060254K(2009472K), 0.1132818 secs] [Times: user=0.11 sys=0.00, real=0.11 secs] 
[GC (Allocation Failure) [DefNew: 623616K->5884K(623616K), 0.0524071 secs] 1614622K->1061428K(2009472K), 0.0524540 secs] [Times: user=0.06 sys=0.00, real=0.05 secs] 
[GC (Allocation Failure) [DefNew: 560252K->69248K(623616K), 0.3446437 secs] 1615796K->1188038K(2009472K), 0.3447450 secs] [Times: user=0.34 sys=0.00, real=0.35 secs] 
[GC (Allocation Failure) [DefNew: 623616K->5891K(623616K), 0.1160720 secs] 1742406K->1189693K(2009472K), 0.1161804 secs] [Times: user=0.11 sys=0.00, real=0.12 secs] 
[GC (Allocation Failure) [DefNew: 560259K->69248K(623616K), 0.5072915 secs] 1744061K->1308733K(2009472K), 0.5073300 secs] [Times: user=0.51 sys=0.00, real=0.51 secs] 

*** PauseDetector detected a 508 ms pause at Mon Dec 22 01:26:28 EET 2014 ***

[GC (Allocation Failure) [DefNew: 623616K->5905K(623616K), 0.1065099 secs] 1863101K->1310263K(2009472K), 0.1065542 secs] [Times: user=0.11 sys=0.00, real=0.11 secs] 
[GC (Allocation Failure) [DefNew: 560273K->560273K(623616K), 0.0000192 secs][Tenured: 1304358K->796818K(1385856K), 2.7609142 secs] 1864631K->796818K(2009472K), [Metaspace: 10566K->10566K(12288K)], 2.7610001 secs] [Times: user=2.76 sys=0.00, real=2.76 secs] 

*** PauseDetector detected a 2762 ms pause at Mon Dec 22 01:26:35 EET 2014 ***

[GC (Allocation Failure) [DefNew: 554368K->5885K(623616K), 0.0143707 secs] 1351186K->802703K(2009472K), 0.0144124 secs] [Times: user=0.00 sys=0.00, real=0.01 secs] 
[GC (Allocation Failure) [DefNew: 560253K->69248K(623616K), 0.3470637 secs] 1357071K->915202K(2009472K), 0.3471060 secs] [Times: user=0.34 sys=0.00, real=0.35 secs] 
[GC (Allocation Failure) [DefNew: 623616K->5872K(623616K), 0.0739564 secs] 1469570K->916561K(2009472K), 0.0739987 secs] [Times: user=0.08 sys=0.00, real=0.07 secs] 
[GC (Allocation Failure) [DefNew: 560240K->69247K(623616K), 0.3492085 secs] 1470929K->1027830K(2009472K), 0.3492476 secs] [Times: user=0.36 sys=0.00, real=0.35 secs] 

*** PauseDetector detected a 352 ms pause at Mon Dec 22 01:26:42 EET 2014 ***

[GC (Allocation Failure) [DefNew: 623615K->5901K(623616K), 0.0740032 secs] 1582198K->1029199K(2009472K), 0.0740436 secs] [Times: user=0.08 sys=0.00, real=0.07 secs] 
[GC (Allocation Failure) [DefNew: 560269K->69248K(623616K), 0.2784638 secs] 1583567K->1137963K(2009472K), 0.2785735 secs] [Times: user=0.27 sys=0.00, real=0.28 secs] 
[GC (Allocation Failure) [DefNew: 623616K->5898K(623616K), 0.0708775 secs] 1692331K->1139267K(2009472K), 0.0709166 secs] [Times: user=0.06 sys=0.00, real=0.07 secs] 
[GC (Allocation Failure) [DefNew: 560266K->69248K(623616K), 0.3022233 secs] 1693635K->1247346K(2009472K), 0.3022625 secs] [Times: user=0.30 sys=0.00, real=0.30 secs] 
[GC (Allocation Failure) [DefNew: 623616K->5907K(623616K), 0.0646433 secs] 1801714K->1248649K(2009472K), 0.0646830 secs] [Times: user=0.06 sys=0.00, real=0.07 secs] 
[GC (Allocation Failure) [DefNew: 560275K->69247K(623616K), 0.2531280 secs] 1803017K->1356117K(2009472K), 0.2531691 secs] [Times: user=0.25 sys=0.00, real=0.25 secs] 
[GC (Allocation Failure) [DefNew: 623615K->5902K(623616K), 0.0674104 secs] 1910485K->1357432K(2009472K), 0.0674495 secs] [Times: user=0.06 sys=0.00, real=0.07 secs] 
[GC (Allocation Failure) [DefNew: 560270K->560270K(623616K), 0.0000192 secs][Tenured: 1351529K->856995K(1385856K), 2.7719377 secs] 1911800K->856995K(2009472K), [Metaspace: 10566K->10566K(12288K)], 2.7720917 secs] [Times: user=2.76 sys=0.00, real=2.77 secs] 

*** PauseDetector detected a 2773 ms pause at Mon Dec 22 01:26:58 EET 2014 ***

[GC (Allocation Failure) [DefNew: 554368K->5890K(623616K), 0.0119198 secs] 1411363K->862886K(2009472K), 0.0119609 secs] [Times: user=0.00 sys=0.00, real=0.01 secs] 
[GC (Allocation Failure) [DefNew: 560258K->69248K(623616K), 0.2066150 secs] 1417254K->968470K(2009472K), 0.2066542 secs] [Times: user=0.20 sys=0.00, real=0.21 secs] 
[GC (Allocation Failure) [DefNew: 623616K->5911K(623616K), 0.0584867 secs] 1522838K->969762K(2009472K), 0.0585290 secs] [Times: user=0.06 sys=0.00, real=0.06 secs] 
[GC (Allocation Failure) [DefNew: 560279K->69247K(623616K), 0.1719103 secs] 1524130K->1075045K(2009472K), 0.1719603 secs] [Times: user=0.17 sys=0.00, real=0.17 secs] 
[GC (Allocation Failure) [DefNew: 623615K->5904K(623616K), 0.0593702 secs] 1629413K->1076291K(2009472K), 0.0594099 secs] [Times: user=0.05 sys=0.00, real=0.06 secs] 
[GC (Allocation Failure) [DefNew: 560272K->69247K(623616K), 0.1873395 secs] 1630659K->1181267K(2009472K), 0.1873806 secs] [Times: user=0.19 sys=0.00, real=0.19 secs] 
[GC (Allocation Failure) [DefNew: 623615K->5886K(623616K), 0.0744145 secs] 1735635K->1182512K(2009472K), 0.0744607 secs] [Times: user=0.06 sys=0.00, real=0.07 secs] 
[GC (Allocation Failure) [DefNew: 560254K->69247K(623616K), 0.1603382 secs] 1736880K->1287259K(2009472K), 0.1603799 secs] [Times: user=0.17 sys=0.00, real=0.16 secs] 
[GC (Allocation Failure) [DefNew: 623615K->5864K(623616K), 0.0571862 secs] 1841627K->1288491K(2009472K), 0.0572273 secs] [Times: user=0.06 sys=0.00, real=0.06 secs] 
[GC (Allocation Failure) [DefNew: 560232K->69248K(623616K), 0.1710159 secs] 1842859K->1393088K(2009472K), 0.1710550 secs] [Times: user=0.17 sys=0.00, real=0.17 secs] 
[GC (Allocation Failure) [DefNew: 623616K->623616K(623616K), 0.0000192 secs][Tenured: 1323840K->855746K(1385856K), 2.5375251 secs] 1947456K->855746K(2009472K), [Metaspace: 10566K->10566K(12288K)], 2.5376028 secs] [Times: user=2.54 sys=0.00, real=2.54 secs] 

*** PauseDetector detected a 2540 ms pause at Mon Dec 22 01:27:18 EET 2014 ***

[GC (Allocation Failure) [DefNew: 554368K->69248K(623616K), 0.1460920 secs] 1410114K->966053K(2009472K), 0.1461311 secs] [Times: user=0.14 sys=0.00, real=0.15 secs] 
[GC (Allocation Failure) [DefNew: 623616K->5909K(623616K), 0.0593849 secs] 1520421K->967287K(2009472K), 0.0594298 secs] [Times: user=0.06 sys=0.00, real=0.06 secs] 
[GC (Allocation Failure) [DefNew: 560277K->69247K(623616K), 0.1334407 secs] 1521655K->1070785K(2009472K), 0.1334786 secs] [Times: user=0.13 sys=0.00, real=0.13 secs] 
[GC (Allocation Failure) [DefNew: 623615K->5910K(623616K), 0.0472784 secs] 1625153K->1072001K(2009472K), 0.0473220 secs] [Times: user=0.05 sys=0.00, real=0.05 secs] 
[GC (Allocation Failure) [DefNew: 560278K->69248K(623616K), 0.1354790 secs] 1626369K->1175349K(2009472K), 0.1355182 secs] [Times: user=0.13 sys=0.00, real=0.13 secs] 
[GC (Allocation Failure) [DefNew: 623616K->5859K(623616K), 0.0561860 secs] 1729717K->1176507K(2009472K), 0.0562290 secs] [Times: user=0.05 sys=0.00, real=0.06 secs] 
[GC (Allocation Failure) [DefNew: 560227K->69248K(623616K), 0.1406886 secs] 1730875K->1279762K(2009472K), 0.1407310 secs] [Times: user=0.14 sys=0.00, real=0.14 secs] 
[GC (Allocation Failure) [DefNew: 623616K->5891K(623616K), 0.0487784 secs] 1834130K->1280962K(2009472K), 0.0488175 secs] [Times: user=0.05 sys=0.00, real=0.05 secs] 
[GC (Allocation Failure) [DefNew: 560259K->69248K(623616K), 0.1452175 secs] 1835330K->1384080K(2009472K), 0.1453176 secs] [Times: user=0.16 sys=0.00, real=0.15 secs] 
[GC (Allocation Failure) [DefNew: 623616K->623616K(623616K), 0.0000205 secs][Tenured: 1314832K->854276K(1385856K), 2.5863009 secs] 1938448K->854276K(2009472K), [Metaspace: 10566K->10566K(12288K)], 2.5863843 secs] [Times: user=2.57 sys=0.00, real=2.59 secs] 

*** PauseDetector detected a 2591 ms pause at Mon Dec 22 01:27:36 EET 2014 ***

[GC (Allocation Failure) [DefNew: 554368K->69247K(623616K), 0.1238440 secs] 1408644K->963179K(2009472K), 0.1239441 secs] [Times: user=0.12 sys=0.00, real=0.12 secs] 
[GC (Allocation Failure) [DefNew: 623615K->5913K(623616K), 0.0457104 secs] 1517547K->964383K(2009472K), 0.0457495 secs] [Times: user=0.05 sys=0.00, real=0.05 secs] 
[GC (Allocation Failure) [DefNew: 560281K->69248K(623616K), 0.1394850 secs] 1518751K->1067255K(2009472K), 0.1395338 secs] [Times: user=0.14 sys=0.00, real=0.14 secs] 
[GC (Allocation Failure) [DefNew: 623616K->5900K(623616K), 0.0452446 secs] 1621623K->1068465K(2009472K), 0.0452831 secs] [Times: user=0.05 sys=0.00, real=0.05 secs] 
[GC (Allocation Failure) [DefNew: 560268K->69247K(623616K), 0.1257662 secs] 1622833K->1171281K(2009472K), 0.1258053 secs] [Times: user=0.13 sys=0.00, real=0.13 secs] 
[GC (Allocation Failure) [DefNew: 623615K->5914K(623616K), 0.0487052 secs] 1725649K->1172482K(2009472K), 0.0487482 secs] [Times: user=0.05 sys=0.00, real=0.05 secs] 
[GC (Allocation Failure) [DefNew: 560282K->69248K(623616K), 0.1425177 secs] 1726850K->1275205K(2009472K), 0.1425691 secs] [Times: user=0.14 sys=0.00, real=0.14 secs] 
[GC (Allocation Failure) [DefNew: 623616K->5887K(623616K), 0.0468081 secs] 1829573K->1276375K(2009472K), 0.0468498 secs] [Times: user=0.05 sys=0.00, real=0.05 secs] 
[GC (Allocation Failure) [DefNew: 560255K->69248K(623616K), 0.1178755 secs] 1830743K->1378547K(2009472K), 0.1179865 secs] [Times: user=0.13 sys=0.00, real=0.12 secs] 
[GC (Allocation Failure) [DefNew: 623616K->623616K(623616K), 0.0000192 secs][Tenured: 1309299K->784047K(1385856K), 2.6696346 secs] 1932915K->784047K(2009472K), [Metaspace: 10566K->10566K(12288K)]
*** PauseDetector detected a 2672 ms pause at Mon Dec 22 01:27:54 EET 2014 ***

, 2.6697244 secs] [Times: user=2.65 sys=0.02, real=2.67 secs] 
[GC (Allocation Failure) [DefNew: 554368K->69248K(623616K), 0.1159154 secs] 1338415K->892062K(2009472K), 0.1159565 secs] [Times: user=0.11 sys=0.00, real=0.12 secs] 
[GC (Allocation Failure) [DefNew: 623616K->5914K(623616K), 0.0452035 secs] 1446430K->893246K(2009472K), 0.0452420 secs] [Times: user=0.05 sys=0.00, real=0.04 secs] 
[GC (Allocation Failure) [DefNew: 560282K->69247K(623616K), 0.1216620 secs] 1447614K->995275K(2009472K), 0.1217012 secs] [Times: user=0.09 sys=0.00, real=0.12 secs] 
[GC (Allocation Failure) [DefNew: 623615K->5898K(623616K), 0.0498665 secs] 1549643K->996441K(2009472K), 0.0499140 secs] [Times: user=0.05 sys=0.00, real=0.05 secs] 
[GC (Allocation Failure) [DefNew: 560266K->69248K(623616K), 0.1164133 secs] 1550809K->1098424K(2009472K), 0.1164537 secs] [Times: user=0.11 sys=0.00, real=0.12 secs] 
[GC (Allocation Failure) [DefNew: 623616K->5876K(623616K), 0.0420373 secs] 1652792K->1099567K(2009472K), 0.0420835 secs] [Times: user=0.05 sys=0.00, real=0.04 secs] 
[GC (Allocation Failure) [DefNew: 560244K->69247K(623616K), 0.3319931 secs] 1653935K->1226218K(2009472K), 0.3320393 secs] [Times: user=0.33 sys=0.00, real=0.33 secs] 
[GC (Allocation Failure) [DefNew: 623615K->5882K(623616K), 0.1440543 secs] 1780586K->1227832K(2009472K), 0.1440935 secs] [Times: user=0.14 sys=0.00, real=0.14 secs] 
[GC (Allocation Failure) [DefNew: 560250K->69247K(623616K), 0.4978000 secs] 1782200K->1346913K(2009472K), 0.4978456 secs] [Times: user=0.50 sys=0.00, real=0.50 secs] 

*** PauseDetector detected a 499 ms pause at Mon Dec 22 01:28:09 EET 2014 ***

[GC (Allocation Failure) [DefNew: 623615K->5896K(623616K), 0.1067236 secs] 1901281K->1348401K(2009472K), 0.1067659 secs] [Times: user=0.11 sys=0.00, real=0.11 secs] 
[GC (Allocation Failure) [DefNew: 560264K->560264K(623616K), 0.0000282 secs][Tenured: 1342505K->866101K(1385856K), 2.7667358 secs] 1902769K->866101K(2009472K), [Metaspace: 10566K->10566K(12288K)]
*** PauseDetector detected a 2769 ms pause at Mon Dec 22 01:28:15 EET 2014 ***

, 2.7668321 secs] [Times: user=2.75 sys=0.00, real=2.77 secs] 
[GC (Allocation Failure) [DefNew: 554368K->5904K(623616K), 0.0142340 secs] 1420469K->872006K(2009472K), 0.0142783 secs] [Times: user=0.02 sys=0.00, real=0.01 secs] 
[GC (Allocation Failure) [DefNew: 560272K->69248K(623616K), 0.3543725 secs] 1426374K->984506K(2009472K), 0.3544187 secs] [Times: user=0.36 sys=0.00, real=0.36 secs] 

*** PauseDetector detected a 358 ms pause at Mon Dec 22 01:28:19 EET 2014 ***

[GC (Allocation Failure) [DefNew: 623616K->5892K(623616K), 0.0749720 secs] 1538874K->985865K(2009472K), 0.0750150 secs] [Times: user=0.08 sys=0.00, real=0.08 secs] 
[GC (Allocation Failure) [DefNew: 560260K->69248K(623616K), 0.3065835 secs] 1540233K->1097108K(2009472K), 0.3066945 secs] [Times: user=0.31 sys=0.00, real=0.31 secs] 
[GC (Allocation Failure) [DefNew: 623616K->5920K(623616K), 0.0755764 secs] 1651476K->1098501K(2009472K), 0.0756161 secs] [Times: user=0.08 sys=0.00, real=0.08 secs] 
[GC (Allocation Failure) [DefNew: 560288K->69247K(623616K), 0.3229122 secs] 1652869K->1207242K(2009472K), 0.3229623 secs] [Times: user=0.33 sys=0.00, real=0.32 secs] 
[GC (Allocation Failure) [DefNew: 623615K->5879K(623616K), 0.0685819 secs] 1761610K->1208532K(2009472K), 0.0686242 secs] [Times: user=0.06 sys=0.00, real=0.07 secs] 
[GC (Allocation Failure) [DefNew: 560247K->69247K(623616K), 0.2571577 secs] 1762900K->1316649K(2009472K), 0.2571988 secs] [Times: user=0.25 sys=0.00, real=0.26 secs] 
[GC (Allocation Failure) [DefNew: 623615K->5920K(623616K), 0.0677081 secs] 1871017K->1317946K(2009472K), 0.0677504 secs] [Times: user=0.06 sys=0.00, real=0.07 secs] 
[GC (Allocation Failure) [DefNew: 560288K->560288K(623616K), 0.0000192 secs][Tenured: 1312026K->857427K(1385856K), 2.7226576 secs] 1872314K->857427K(2009472K), [Metaspace: 10566K->10566K(12288K)], 2.7228103 secs] [Times: user=2.73 sys=0.00, real=2.72 secs] 

*** PauseDetector detected a 2725 ms pause at Mon Dec 22 01:28:35 EET 2014 ***

[GC (Allocation Failure) [DefNew: 554368K->5859K(623616K), 0.0128456 secs] 1411795K->863286K(2009472K), 0.0129515 secs] [Times: user=0.02 sys=0.00, real=0.01 secs] 
[GC (Allocation Failure) [DefNew: 560227K->69247K(623616K), 0.2226281 secs] 1417654K->970356K(2009472K), 0.2226673 secs] [Times: user=0.22 sys=0.00, real=0.22 secs] 
[GC (Allocation Failure) [DefNew: 623615K->5922K(623616K), 0.0700922 secs] 1524724K->971681K(2009472K), 0.0701396 secs] [Times: user=0.06 sys=0.00, real=0.07 secs] 
[GC (Allocation Failure) [DefNew: 560290K->69247K(623616K), 0.1921449 secs] 1526049K->1077240K(2009472K), 0.1921860 secs] [Times: user=0.20 sys=0.00, real=0.19 secs] 
[GC (Allocation Failure) [DefNew: 623615K->5862K(623616K), 0.0550735 secs] 1631608K->1078478K(2009472K), 0.0551165 secs] [Times: user=0.06 sys=0.00, real=0.06 secs] 
[GC (Allocation Failure) [DefNew: 560230K->69247K(623616K), 0.2244444 secs] 1632846K->1183830K(2009472K), 0.2245035 secs] [Times: user=0.20 sys=0.00, real=0.23 secs] 
[GC (Allocation Failure) [DefNew: 623615K->5910K(623616K), 0.0551152 secs] 1738198K->1185060K(2009472K), 0.0551531 secs] [Times: user=0.06 sys=0.00, real=0.06 secs] 
[GC (Allocation Failure) [DefNew: 560278K->69248K(623616K), 0.1814877 secs] 1739428K->1290018K(2009472K), 0.1816372 secs] [Times: user=0.19 sys=0.00, real=0.18 secs] 
[GC (Allocation Failure) [DefNew: 623616K->5908K(623616K), 0.0500371 secs] 1844386K->1291298K(2009472K), 0.0500821 secs] [Times: user=0.05 sys=0.00, real=0.05 secs] 
[GC (Allocation Failure) [DefNew: 560276K->69247K(623616K), 0.1979377 secs] 1845666K->1396069K(2009472K), 0.1979788 secs] [Times: user=0.19 sys=0.00, real=0.20 secs] 
[GC (Allocation Failure) [DefNew: 623615K->623615K(623616K), 0.0000205 secs][Tenured: 1326821K->855925K(1385856K), 2.6134043 secs] 1950437K->855925K(2009472K), [Metaspace: 10566K->10566K(12288K)], 2.6134871 secs] [Times: user=2.62 sys=0.00, real=2.61 secs] 

*** PauseDetector detected a 2614 ms pause at Mon Dec 22 01:28:55 EET 2014 ***

[GC (Allocation Failure) [DefNew: 554368K->69248K(623616K), 0.1674680 secs] 1410293K->966403K(2009472K), 0.1675180 secs] [Times: user=0.17 sys=0.00, real=0.17 secs] 
[GC (Allocation Failure) [DefNew: 623616K->5916K(623616K), 0.0532656 secs] 1520771K->967634K(2009472K), 0.0533053 secs] [Times: user=0.05 sys=0.00, real=0.05 secs] 
[GC (Allocation Failure) [DefNew: 560284K->69248K(623616K), 0.1436444 secs] 1522002K->1072016K(2009472K), 0.1436835 secs] [Times: user=0.16 sys=0.00, real=0.14 secs] 
[GC (Allocation Failure) [DefNew: 623616K->5915K(623616K), 0.0500821 secs] 1626384K->1073240K(2009472K), 0.0501238 secs] [Times: user=0.06 sys=0.00, real=0.05 secs] 
[GC (Allocation Failure) [DefNew: 560283K->69247K(623616K), 0.1403050 secs] 1627608K->1176764K(2009472K), 0.1403479 secs] [Times: user=0.14 sys=0.00, real=0.14 secs] 
[GC (Allocation Failure) [DefNew: 623615K->5875K(623616K), 0.0506845 secs] 1731132K->1177937K(2009472K), 0.0507256 secs] [Times: user=0.06 sys=0.00, real=0.05 secs] 
[GC (Allocation Failure) [DefNew: 560243K->69247K(623616K), 0.1371741 secs] 1732305K->1281273K(2009472K), 0.1372177 secs] [Times: user=0.14 sys=0.00, real=0.14 secs] 
[GC (Allocation Failure) [DefNew: 623615K->5896K(623616K), 0.0491178 secs] 1835641K->1282516K(2009472K), 0.0491595 secs] [Times: user=0.05 sys=0.00, real=0.05 secs] 
[GC (Allocation Failure) [DefNew: 560264K->69248K(623616K), 0.1361277 secs] 1836884K->1385760K(2009472K), 0.1361687 secs] [Times: user=0.14 sys=0.00, real=0.14 secs] 
[Full GC (System.gc()) [Tenured: 1316512K->779546K(1385856K), 2.5622014 secs] 1408374K->779546K(2009472K), [Metaspace: 10566K->10566K(12288K)], 2.5623637 secs] [Times: user=2.56 sys=0.00, real=2.56 secs] 
[Full GC (System.gc()) [Tenured
*** PauseDetector detected a 4759 ms pause at Mon Dec 22 01:29:14 EET 2014 ***

: 779546K->779546K(1385856K), 2.1965853 secs] 779546K->779546K(2009472K), [Metaspace: 10566K->10566K(12288K)], 2.1966308 secs] [Times: user=2.18 sys=0.00, real=2.20 secs] 
[Full GC (System.gc()) [Tenured: 779546K->779546K(1385856K), 2.2585788 secs] 779548K->779546K(2009472K), [Metaspace: 10566K->10566K(12288K)]
*** PauseDetector detected a 2260 ms pause at Mon Dec 22 01:29:17 EET 2014 ***
, 2.2586270 secs] [Times: user=2.25 sys=0.00, real=2.26 secs] 

[Full GC (System.gc()) [Tenured: 779546K->779547K(1385856K), 2.3271216 secs] 790660K->779547K(2009472K), [Metaspace: 10566K->10566K(12288K)], 2.3272461 secs] [Times: user=2.32 sys=0.00, real=2.33 secs] 
[Full GC (System.gc()) [Tenured: 779547K->776270K(1385856K), 2.2133554 secs] 779549K->776270K(2009472K), [Metaspace: 10566K->10566K(12288K)], 2.2133997 secs] [Times: user=2.20 sys=0.00, real=2.21 secs] 
[Full GC (System.gc()) [Tenured: 776270K->776270K(1385856K), 2.2912427 secs] 776272K->776270K(2009472K), [Metaspace: 10566K->10566K(12288K)], 2.2912877 secs] [Times: user=2.29 sys=0.00, real=2.29 secs] 

*** PauseDetector detected a 2329 ms pause at Mon Dec 22 01:29:19 EET 2014 ***


*** PauseDetector detected a 4512 ms pause at Mon Dec 22 01:29:23 EET 2014 ***

[GC (Allocation Failure) [DefNew: 554368K->69248K(623616K), 0.1183964 secs] 1330638K->885324K(2009472K), 0.1184330 secs] [Times: user=0.11 sys=0.00, real=0.12 secs] 
[GC (Allocation Failure) [DefNew: 623616K->5954K(623616K), 0.0479456 secs] 1439692K->886526K(2009472K), 0.0479835 secs] [Times: user=0.05 sys=0.00, real=0.05 secs] 
[GC (Allocation Failure) [DefNew: 560322K->69247K(623616K), 0.1159238 secs] 1440894K->989519K(2009472K), 0.1159616 secs] [Times: user=0.13 sys=0.00, real=0.12 secs] 
[GC (Allocation Failure) [DefNew: 623615K->5954K(623616K), 0.0531045 secs] 1543887K->990720K(2009472K), 0.0531469 secs] [Times: user=0.06 sys=0.00, real=0.05 secs] 
[GC (Allocation Failure) [DefNew: 560322K->69247K(623616K), 0.1150326 secs] 1545088K->1093615K(2009472K), 0.1151423 secs] [Times: user=0.12 sys=0.00, real=0.12 secs] 
[GC (Allocation Failure) [DefNew: 623615K->5954K(623616K), 0.0513209 secs] 1647983K->1094815K(2009472K), 0.0513620 secs] [Times: user=0.06 sys=0.00, real=0.05 secs] 
[Full GC (System.gc()) [Tenured: 1088860K->849481K(1385856K), 2.3190339 secs] 1328201K->849481K(2009472K), [Metaspace: 10566K->10566K(12288K)], 2.3190974 secs] [Times: user=2.31 sys=0.00, real=2.32 secs] 
[Full GC (System.gc()) [Tenured: 849481K->849481K(1385856K), 2.3883632 secs] 849481K->849481K(2009472K), [Metaspace: 10566K->10566K(12288K)], 2.3884171 secs] [Times: user=2.39 sys=0.00, real=2.39 secs] 
[Full GC (System.gc()) [Tenured: 849481K->780121K(1385856K), 2.2567375 secs] 849483K->780121K(2009472K), [Metaspace: 10566K->10566K(12288K)], 2.2568870 secs] [Times: user=2.23 sys=0.00, real=2.26 secs] 

*** PauseDetector detected a 4711 ms pause at Mon Dec 22 01:29:38 EET 2014 ***

********************************
********** ROUND   38 **********
********************************

*** PauseDetector detected a 2271 ms pause at Mon Dec 22 01:29:40 EET 2014 ***

[GC (Allocation Failure) [DefNew: 554368K->5887K(623616K), 0.0112552 secs] 1334489K->786009K(2009472K), 0.0112962 secs] [Times: user=0.02 sys=0.00, real=0.01 secs] 
[GC (Allocation Failure) [DefNew: 560255K->69248K(623616K), 0.1288644 secs] 1340377K->888587K(2009472K), 0.1289106 secs] [Times: user=0.14 sys=0.00, real=0.13 secs] 
[GC (Allocation Failure) [DefNew: 623616K->5891K(623616K), 0.0531469 secs] 1442955K->889933K(2009472K), 0.0531963 secs] [Times: user=0.05 sys=0.00, real=0.05 secs] 
[GC (Allocation Failure) [DefNew: 560259K->69248K(623616K), 0.1169792 secs] 1444301K->992079K(2009472K), 0.1170202 secs] [Times: user=0.13 sys=0.00, real=0.12 secs] 
[GC (Allocation Failure) [DefNew: 623616K->5892K(623616K), 0.0514544 secs] 1546447K->993290K(2009472K), 0.0514974 secs] [Times: user=0.06 sys=0.00, real=0.05 secs] 
[GC (Allocation Failure) [DefNew: 560260K->69247K(623616K), 0.1285532 secs] 1547658K->1095392K(2009472K), 0.1285975 secs] [Times: user=0.13 sys=0.00, real=0.13 secs] 
[GC (Allocation Failure) [DefNew: 623615K->5878K(623616K), 0.0482940 secs] 1649760K->1096561K(2009472K), 0.0483376 secs] [Times: user=0.05 sys=0.00, real=0.05 secs] 
[GC (Allocation Failure) [DefNew: 560246K->69248K(623616K), 0.1147491 secs] 1650929K->1198582K(2009472K), 0.1147882 secs] [Times: user=0.11 sys=0.00, real=0.12 secs] 
[GC (Allocation Failure) [DefNew: 623616K->5891K(623616K), 0.0477839 secs] 1752950K->1199786K(2009472K), 0.0478250 secs] [Times: user=0.05 sys=0.00, real=0.05 secs] 
[GC (Allocation Failure) [DefNew: 560259K->69247K(623616K), 0.1279315 secs] 1754154K->1301750K(2009472K), 0.1279771 secs] [Times: user=0.13 sys=0.00, real=0.13 secs] 
[GC (Allocation Failure) [DefNew: 623615K->5902K(623616K), 0.0480386 secs] 1856118K->1302944K(2009472K), 0.0480919 secs] [Times: user=0.05 sys=0.00, real=0.05 secs] 
[GC (Allocation Failure) [DefNew: 560270K->69248K(623616K), 0.3376062 secs] 1857312K->1429546K(2009472K), 0.3376447 secs] [Times: user=0.34 sys=0.00, real=0.34 secs] 
[GC (Allocation Failure) [DefNew: 623616K->623616K(623616K), 0.0000192 secs][Tenured: 1360298K->876962K(1385856K), 2.8937614 secs] 1983914K->876962K(2009472K), [Metaspace: 10566K->10566K(12288K)]
*** PauseDetector detected a 2896 ms pause at Mon Dec 22 01:30:03 EET 2014 ***

, 2.8938468 secs] [Times: user=2.89 sys=0.00, real=2.89 secs] 
[GC (Allocation Failure) [DefNew: 554368K->69247K(623616K), 0.4882072 secs] 1431330K->1001905K(2009472K), 0.4882637 secs] [Times: user=0.47 sys=0.00, real=0.49 secs] 

*** PauseDetector detected a 489 ms pause at Mon Dec 22 01:30:06 EET 2014 ***

[GC (Allocation Failure) [DefNew: 623615K->5872K(623616K), 0.0932582 secs] 1556273K->1003391K(2009472K), 0.0934070 secs] [Times: user=0.08 sys=0.00, real=0.09 secs] 
[GC (Allocation Failure) [DefNew: 560240K->69247K(623616K), 0.4476525 secs] 1557759K->1119930K(2009472K), 0.4476942 secs] [Times: user=0.44 sys=0.00, real=0.45 secs] 

*** PauseDetector detected a 450 ms pause at Mon Dec 22 01:30:10 EET 2014 ***

[GC (Allocation Failure) [DefNew: 623615K->5901K(623616K), 0.0787156 secs] 1674298K->1121403K(2009472K), 0.0787567 secs] [Times: user=0.08 sys=0.00, real=0.08 secs] 
[GC (Allocation Failure) [DefNew: 560269K->69248K(623616K), 0.3518620 secs] 1675771K->1233892K(2009472K), 0.3519089 secs] [Times: user=0.34 sys=0.00, real=0.35 secs] 

*** PauseDetector detected a 354 ms pause at Mon Dec 22 01:30:13 EET 2014 ***

[GC (Allocation Failure) [DefNew: 623616K->5892K(623616K), 0.1011618 secs] 1788260K->1235265K(2009472K), 0.1012195 secs] [Times: user=0.09 sys=0.00, real=0.10 secs] 
[GC (Allocation Failure) [DefNew: 560260K->69247K(623616K), 0.3449850 secs] 1789633K->1346506K(2009472K), 0.3450312 secs] [Times: user=0.34 sys=0.00, real=0.35 secs] 
[GC (Allocation Failure) [DefNew: 623615K->5870K(623616K), 0.0728035 secs] 1900874K->1347853K(2009472K), 0.0729113 secs] [Times: user=0.08 sys=0.00, real=0.07 secs] 
[GC (Allocation Failure) [DefNew: 560238K->560238K(623616K), 0.0000282 secs][Tenured: 1341982K->858638K(1385856K), 2.9016419 secs] 1902221K->858638K(2009472K), [Metaspace: 10566K->10566K(12288K)], 2.9017382 secs] [Times: user=2.90 sys=0.00, real=2.90 secs] 

*** PauseDetector detected a 2906 ms pause at Mon Dec 22 01:30:23 EET 2014 ***

[GC (Allocation Failure) [DefNew: 554368K->5874K(623616K), 0.0123908 secs] 1413006K->864513K(2009472K), 0.0124331 secs] [Times: user=0.02 sys=0.00, real=0.01 secs] 
[GC (Allocation Failure) [DefNew: 560242K->69248K(623616K), 0.2399263 secs] 1418881K->972601K(2009472K), 0.2399674 secs] [Times: user=0.23 sys=0.00, real=0.24 secs] 
[GC (Allocation Failure) [DefNew: 623616K->5855K(623616K), 0.0746069 secs] 1526969K->973867K(2009472K), 0.0746518 secs] [Times: user=0.08 sys=0.00, real=0.07 secs] 
[GC (Allocation Failure) [DefNew: 560223K->69248K(623616K), 0.2256872 secs] 1528235K->1081418K(2009472K), 0.2257949 secs] [Times: user=0.23 sys=0.00, real=0.23 secs] 
[GC (Allocation Failure) [DefNew: 623616K->5897K(623616K), 0.0621212 secs] 1635786K->1082696K(2009472K), 0.0621880 secs] [Times: user=0.06 sys=0.00, real=0.06 secs] 
[GC (Allocation Failure) [DefNew: 560265K->69248K(623616K), 0.2085500 secs] 1637064K->1189751K(2009472K), 0.2085924 secs] [Times: user=0.20 sys=0.00, real=0.21 secs] 
[GC (Allocation Failure) [DefNew: 623616K->5870K(623616K), 0.0642737 secs] 1744119K->1191002K(2009472K), 0.0643206 secs] [Times: user=0.06 sys=0.00, real=0.06 secs] 
[GC (Allocation Failure) [DefNew: 560238K->69248K(623616K), 0.2065361 secs] 1745370K->1296608K(2009472K), 0.2066407 secs] [Times: user=0.20 sys=0.00, real=0.21 secs] 
[GC (Allocation Failure) [DefNew: 623616K->5909K(623616K), 0.0588845 secs] 1850976K->1297897K(2009472K), 0.0589204 secs] [Times: user=0.06 sys=0.00, real=0.06 secs] 
[GC (Allocation Failure) [DefNew: 560277K->69248K(623616K), 0.1925639 secs] 1852265K->1403185K(2009472K), 0.1926011 secs] [Times: user=0.19 sys=0.00, real=0.19 secs] 
[GC (Allocation Failure) [DefNew: 623616K->623616K(623616K), 0.0000186 secs][Tenured: 1333937K->856411K(1385856K), 2.7372676 secs] 1957553K->856411K(2009472K), [Metaspace: 10566K->10566K(12288K)]
*** PauseDetector detected a 2739 ms pause at Mon Dec 22 01:30:43 EET 2014 ***

, 2.7373555 secs] [Times: user=2.73 sys=0.00, real=2.74 secs] 
[GC (Allocation Failure) [DefNew: 554368K->69247K(623616K), 0.1736079 secs] 1410779K->967301K(2009472K), 0.1736496 secs] [Times: user=0.17 sys=0.00, real=0.17 secs] 
[GC (Allocation Failure) [DefNew: 623615K->5858K(623616K), 0.0510091 secs] 1521669K->968510K(2009472K), 0.0510508 secs] [Times: user=0.05 sys=0.00, real=0.05 secs] 
[GC (Allocation Failure) [DefNew: 560226K->69247K(623616K), 0.1841708 secs] 1522878K->1073330K(2009472K), 0.1842163 secs] [Times: user=0.19 sys=0.00, real=0.18 secs] 
[GC (Allocation Failure) [DefNew: 623615K->5884K(623616K), 0.0557401 secs] 1627698K->1074537K(2009472K), 0.0557870 secs] [Times: user=0.05 sys=0.00, real=0.06 secs] 
[GC (Allocation Failure) [DefNew: 560252K->69248K(623616K), 0.1673557 secs] 1628905K->1179118K(2009472K), 0.1674058 secs] [Times: user=0.16 sys=0.00, real=0.17 secs] 
[GC (Allocation Failure) [DefNew: 623616K->5891K(623616K), 0.0511824 secs] 1733486K->1180336K(2009472K), 0.0512228 secs] [Times: user=0.05 sys=0.00, real=0.05 secs] 
[GC (Allocation Failure) [DefNew: 560259K->69248K(623616K), 0.1535163 secs] 1734704K->1284730K(2009472K), 0.1535599 secs] [Times: user=0.14 sys=0.00, real=0.15 secs] 
[GC (Allocation Failure) [DefNew: 623616K->5910K(623616K), 0.0537987 secs] 1839098K->1285962K(2009472K), 0.0538443 secs] [Times: user=0.05 sys=0.00, real=0.05 secs] 
[GC (Allocation Failure) [DefNew: 560278K->69247K(623616K), 0.1372665 secs] 1840330K->1389477K(2009472K), 0.1373056 secs] [Times: user=0.14 sys=0.00, real=0.14 secs] 
[GC (Allocation Failure) [DefNew: 623615K->623615K(623616K), 0.0000154 secs][Tenured: 1320229K->785383K(1385856K), 2.6337442 secs] 1943845K->785383K(2009472K), [Metaspace: 10566K->10566K(12288K)], 2.6338148 secs] [Times: user=2.64 sys=0.00, real=2.63 secs] 

*** PauseDetector detected a 2634 ms pause at Mon Dec 22 01:31:02 EET 2014 ***

[GC (Allocation Failure) [DefNew: 554368K->69248K(623616K), 0.1256642 secs] 1339751K->894643K(2009472K), 0.1257072 secs] [Times: user=0.13 sys=0.00, real=0.13 secs] 
[GC (Allocation Failure) [DefNew: 623616K->5912K(623616K), 0.0560224 secs] 1449011K->895854K(2009472K), 0.0560641 secs] [Times: user=0.05 sys=0.00, real=0.06 secs] 
[GC (Allocation Failure) [DefNew: 560280K->69248K(623616K), 0.1454555 secs] 1450222K->999069K(2009472K), 0.1454959 secs] [Times: user=0.16 sys=0.00, real=0.14 secs] 
[GC (Allocation Failure) [DefNew: 623616K->5918K(623616K), 0.0481541 secs] 1553437K->1000282K(2009472K), 0.0481926 secs] [Times: user=0.06 sys=0.00, real=0.05 secs] 
[GC (Allocation Failure) [DefNew: 560286K->69248K(623616K), 0.1288053 secs] 1554650K->1103375K(2009472K), 0.1288470 secs] [Times: user=0.13 sys=0.00, real=0.13 secs] 
[GC (Allocation Failure) [DefNew: 623616K->5915K(623616K), 0.0484056 secs] 1657743K->1104581K(2009472K), 0.0484486 secs] [Times: user=0.05 sys=0.00, real=0.05 secs] 
[GC (Allocation Failure) [DefNew: 560283K->69248K(623616K), 0.1367031 secs] 1658949K->1207572K(2009472K), 0.1367442 secs] [Times: user=0.14 sys=0.00, real=0.14 secs] 
[GC (Allocation Failure) [DefNew: 623616K->5884K(623616K), 0.0501077 secs] 1761940K->1208744K(2009472K), 0.0501481 secs] [Times: user=0.05 sys=0.00, real=0.05 secs] 
[GC (Allocation Failure) [DefNew: 560252K->69247K(623616K), 0.1330924 secs] 1763112K->1311666K(2009472K), 0.1332034 secs] [Times: user=0.14 sys=0.00, real=0.13 secs] 
[GC (Allocation Failure) [DefNew: 623615K->5913K(623616K), 0.0511272 secs] 1866034K->1312868K(2009472K), 0.0511759 secs] [Times: user=0.05 sys=0.00, real=0.05 secs] 
[GC (Allocation Failure) [DefNew: 560281K->560281K(623616K), 0.0000192 secs][Tenured: 1306955K->852828K(1385856K), 2.6558677 secs] 1867236K->852828K(2009472K), [Metaspace: 10566K->10566K(12288K)], 2.6560197 secs] [Times: user=2.64 sys=0.00, real=2.66 secs] 

*** PauseDetector detected a 2657 ms pause at Mon Dec 22 01:31:21 EET 2014 ***

[GC (Allocation Failure) [DefNew: 554368K->5869K(623616K), 0.0118871 secs] 1407196K->858698K(2009472K), 0.0119269 secs] [Times: user=0.02 sys=0.00, real=0.01 secs] 
[GC (Allocation Failure) [DefNew: 560237K->69247K(623616K), 0.1164435 secs] 1413066K->961463K(2009472K), 0.1165538 secs] [Times: user=0.11 sys=0.00, real=0.12 secs] 
[GC (Allocation Failure) [DefNew: 623615K->5863K(623616K), 0.0523545 secs] 1515831K->962612K(2009472K), 0.0524014 secs] [Times: user=0.06 sys=0.00, real=0.05 secs] 
[GC (Allocation Failure) [DefNew: 560231K->69247K(623616K), 0.1181603 secs] 1516980K->1064800K(2009472K), 0.1181975 secs] [Times: user=0.13 sys=0.00, real=0.12 secs] 
[GC (Allocation Failure) [DefNew: 623615K->5916K(623616K), 0.0451971 secs] 1619168K->1066021K(2009472K), 0.0452382 secs] [Times: user=0.05 sys=0.00, real=0.05 secs] 
[GC (Allocation Failure) [DefNew: 560284K->69248K(623616K), 0.1173532 secs] 1620389K->1168121K(2009472K), 0.1173898 secs] [Times: user=0.11 sys=0.00, real=0.12 secs] 
[GC (Allocation Failure) [DefNew: 623616K->5904K(623616K), 0.0456828 secs] 1722489K->1169292K(2009472K), 0.0457258 secs] [Times: user=0.05 sys=0.00, real=0.05 secs] 
[GC (Allocation Failure) [DefNew: 560272K->69248K(623616K), 0.1213740 secs] 1723660K->1271337K(2009472K), 0.1214138 secs] [Times: user=0.13 sys=0.00, real=0.12 secs] 
[GC (Allocation Failure) [DefNew: 623616K->5883K(623616K), 0.0452625 secs] 1825705K->1272483K(2009472K), 0.0453036 secs] [Times: user=0.05 sys=0.00, real=0.05 secs] 
[GC (Allocation Failure) [DefNew: 560251K->69248K(623616K), 0.1203821 secs] 1826851K->1374484K(2009472K), 0.1204238 secs] [Times: user=0.13 sys=0.00, real=0.12 secs] 
[GC (Allocation Failure) [DefNew: 623616K->5918K(623616K), 0.0473778 secs] 1928852K->1375666K(2009472K), 0.0474176 secs] [Times: user=0.05 sys=0.00, real=0.05 secs] 
[GC (Allocation Failure) [DefNew: 560286K->560286K(623616K), 0.0000199 secs][Tenured: 1369748K->870356K(1385856K), 2.7657106 secs] 1930034K->870356K(2009472K), [Metaspace: 10566K->10566K(12288K)], 2.7657934 secs] [Times: user=2.78 sys=0.00, real=2.77 secs] 

*** PauseDetector detected a 2771 ms pause at Mon Dec 22 01:31:43 EET 2014 ***

[GC (Allocation Failure) [DefNew: 554368K->5858K(623616K), 0.0121938 secs] 1424724K->876215K(2009472K), 0.0122323 secs] [Times: user=0.02 sys=0.00, real=0.01 secs] 
[GC (Allocation Failure) [DefNew: 560226K->69248K(623616K), 0.5217026 secs] 1430583K->995326K(2009472K), 0.5217475 secs] [Times: user=0.52 sys=0.00, real=0.52 secs] 

*** PauseDetector detected a 522 ms pause at Mon Dec 22 01:31:47 EET 2014 ***

[GC (Allocation Failure) [DefNew: 623616K->5905K(623616K), 0.0861258 secs] 1549694K->996818K(2009472K), 0.0862734 secs] [Times: user=0.08 sys=0.00, real=0.09 secs] 
[GC (Allocation Failure) [DefNew: 560273K->69248K(623616K), 0.4260853 secs] 1551186K->1113325K(2009472K), 0.4261880 secs] [Times: user=0.42 sys=0.00, real=0.43 secs] 

*** PauseDetector detected a 427 ms pause at Mon Dec 22 01:31:50 EET 2014 ***

[GC (Allocation Failure) [DefNew: 623616K->5920K(623616K), 0.0954915 secs] 1667693K->1114817K(2009472K), 0.0955371 secs] [Times: user=0.11 sys=0.00, real=0.10 secs] 
[GC (Allocation Failure) [DefNew: 560288K->69248K(623616K), 0.3615377 secs] 1669185K->1227310K(2009472K), 0.3615787 secs] [Times: user=0.34 sys=0.00, real=0.36 secs] 

*** PauseDetector detected a 363 ms pause at Mon Dec 22 01:31:54 EET 2014 ***

[GC (Allocation Failure) [DefNew: 623616K->5886K(623616K), 0.0787342 secs] 1781678K->1228653K(2009472K), 0.0787759 secs] [Times: user=0.08 sys=0.00, real=0.08 secs] 
[GC (Allocation Failure) [DefNew: 560254K->69248K(623616K), 0.3388342 secs] 1783021K->1339933K(2009472K), 0.3388862 secs] [Times: user=0.34 sys=0.00, real=0.34 secs] 
[GC (Allocation Failure) [DefNew: 623616K->5918K(623616K), 0.0791384 secs] 1894301K->1341295K(2009472K), 0.0791788 secs] [Times: user=0.08 sys=0.00, real=0.08 secs] 
[GC (Allocation Failure) [DefNew: 560286K->560286K(623616K), 0.0000231 secs][Tenured: 1335376K->858668K(1385856K), 2.7682288 secs] 1895663K->858668K(2009472K), [Metaspace: 10566K->10566K(12288K)], 2.7683173 secs] [Times: user=2.76 sys=0.00, real=2.77 secs] 

*** PauseDetector detected a 2790 ms pause at Mon Dec 22 01:32:03 EET 2014 ***

[GC (Allocation Failure) [DefNew: 554368K->5922K(623616K), 0.0131812 secs] 1413036K->864590K(2009472K), 0.0132254 secs] [Times: user=0.02 sys=0.00, real=0.01 secs] 
[GC (Allocation Failure) [DefNew: 560290K->69248K(623616K), 0.2697204 secs] 1418958K->972667K(2009472K), 0.2697596 secs] [Times: user=0.26 sys=0.00, real=0.27 secs] 
[GC (Allocation Failure) [DefNew: 623616K->5921K(623616K), 0.0651572 secs] 1527035K->973962K(2009472K), 0.0651982 secs] [Times: user=0.08 sys=0.00, real=0.07 secs] 
[GC (Allocation Failure) [DefNew: 560289K->69247K(623616K), 0.2228334 secs] 1528330K->1081461K(2009472K), 0.2229438 secs] [Times: user=0.22 sys=0.00, real=0.22 secs] 
[GC (Allocation Failure) [DefNew: 623615K->5923K(623616K), 0.0784596 secs] 1635829K->1082752K(2009472K), 0.0785032 secs] [Times: user=0.08 sys=0.00, real=0.08 secs] 
[GC (Allocation Failure) [DefNew: 560291K->69248K(623616K), 0.2230625 secs] 1637120K->1189760K(2009472K), 0.2231087 secs] [Times: user=0.22 sys=0.00, real=0.22 secs] 
[GC (Allocation Failure) [DefNew: 623616K->5921K(623616K), 0.0643988 secs] 1744128K->1191082K(2009472K), 0.0644399 secs] [Times: user=0.06 sys=0.00, real=0.06 secs] 
[GC (Allocation Failure) [DefNew: 560289K->69247K(623616K), 0.2034168 secs] 1745450K->1296647K(2009472K), 0.2034572 secs] [Times: user=0.20 sys=0.00, real=0.20 secs] 
[GC (Allocation Failure) [DefNew: 623615K->5925K(623616K), 0.0690669 secs] 1851015K->1297942K(2009472K), 0.0691061 secs] [Times: user=0.06 sys=0.00, real=0.07 secs] 
[GC (Allocation Failure) [DefNew: 560293K->69247K(623616K), 0.2127838 secs] 1852310K->1403230K(2009472K), 0.2128351 secs] [Times: user=0.22 sys=0.00, real=0.21 secs] 
[GC (Allocation Failure) [DefNew: 623615K->623615K(623616K), 0.0000212 secs][Tenured: 1333982K->787187K(1385856K), 2.6621750 secs] 1957598K->787187K(2009472K), [Metaspace: 10566K->10566K(12288K)]
*** PauseDetector detected a 2664 ms pause at Mon Dec 22 01:32:24 EET 2014 ***

, 2.6622764 secs] [Times: user=2.64 sys=0.00, real=2.66 secs] 
[GC (Allocation Failure) [DefNew: 554368K->69247K(623616K), 0.1664678 secs] 1341555K->898076K(2009472K), 0.1665108 secs] [Times: user=0.17 sys=0.00, real=0.17 secs] 
[GC (Allocation Failure) [DefNew: 623615K->5902K(623616K), 0.0507435 secs] 1452444K->899330K(2009472K), 0.0508930 secs] [Times: user=0.05 sys=0.00, real=0.05 secs] 
[GC (Allocation Failure) [DefNew: 560270K->69247K(623616K), 0.1675405 secs] 1453698K->1004114K(2009472K), 0.1675822 secs] [Times: user=0.17 sys=0.00, real=0.17 secs] 
[GC (Allocation Failure) [DefNew: 623615K->5909K(623616K), 0.0542350 secs] 1558482K->1005337K(2009472K), 0.0542825 secs] [Times: user=0.06 sys=0.00, real=0.05 secs] 
[GC (Allocation Failure) [DefNew: 560277K->69248K(623616K), 0.1569936 secs] 1559705K->1109879K(2009472K), 0.1570360 secs] [Times: user=0.16 sys=0.00, real=0.16 secs] 
[GC (Allocation Failure) [DefNew: 623616K->5922K(623616K), 0.0504125 secs] 1664247K->1111143K(2009472K), 0.0504535 secs] [Times: user=0.05 sys=0.00, real=0.05 secs] 
[Full GC (System.gc()) [Tenured: 1105220K->853759K(1385856K), 2.5621296 secs] 1614341K->853759K(2009472K), [Metaspace: 10566K->10566K(12288K)], 2.5621835 secs] [Times: user=2.56 sys=0.00, real=2.56 secs] 
[Full GC (System.gc()) [Tenured: 853759K->853681K(1385856K), 2.2299382 secs] 864841K->853681K(2009472K), [Metaspace: 10566K->10566K(12288K)], 2.2299851 secs] [Times: user=2.23 sys=0.00, real=2.23 secs] 
[Full GC (System.gc()) [Tenured: 853681K->853681K(1385856K), 2.2295225 secs] 853681K->853681K(2009472K), [Metaspace: 10566K->10566K(12288K)], 2.2295770 secs] [Times: user=2.23 sys=0.00, real=2.23 secs] 

*** PauseDetector detected a 7026 ms pause at Mon Dec 22 01:32:42 EET 2014 ***

[Full GC (System.gc()) [Tenured: 853681K->780534K(1385856K), 2.5056478 secs] 864763K->780534K(2009472K), [Metaspace: 10566K->10566K(12288K)], 2.5057023 secs] [Times: user=2.50 sys=0.00, real=2.51 secs] 

*** PauseDetector detected a 2509 ms pause at Mon Dec 22 01:32:44 EET 2014 ***

[Full GC (System.gc()) [Tenured: 780534K->780538K(1385856K), 2.1849971 secs] 791616K->780538K(2009472K), [Metaspace: 10566K->10566K(12288K)], 2.1851492 secs] [Times: user=2.17 sys=0.00, real=2.18 secs] 
[Full GC (System.gc()) [Tenured: 780538K->780539K(1385856K), 2.2156709 secs] 780540K->780539K(2009472K), [Metaspace: 10566K->10566K(12288K)], 2.2157838 secs] [Times: user=2.22 sys=0.00, real=2.22 secs] 

*** PauseDetector detected a 2186 ms pause at Mon Dec 22 01:32:47 EET 2014 ***


*** PauseDetector detected a 2221 ms pause at Mon Dec 22 01:32:49 EET 2014 ***

[GC (Allocation Failure) [DefNew: 554368K->69247K(623616K), 0.1441980 secs] 1334907K->890001K(2009472K), 0.1442378 secs] [Times: user=0.14 sys=0.00, real=0.14 secs] 
[GC (Allocation Failure) [DefNew: 623615K->5954K(623616K), 0.0491075 secs] 1444369K->891207K(2009472K), 0.0492069 secs] [Times: user=0.05 sys=0.00, real=0.05 secs] 
[GC (Allocation Failure) [DefNew: 560322K->69248K(623616K), 0.1228496 secs] 1445575K->994584K(2009472K), 0.1228913 secs] [Times: user=0.13 sys=0.00, real=0.12 secs] 
[GC (Allocation Failure) [DefNew: 623616K->5954K(623616K), 0.0458464 secs] 1548952K->995789K(2009472K), 0.0458855 secs] [Times: user=0.05 sys=0.00, real=0.05 secs] 
[GC (Allocation Failure) [DefNew: 560322K->69247K(623616K), 0.1442481 secs] 1550157K->1099008K(2009472K), 0.1442949 secs] [Times: user=0.14 sys=0.00, real=0.14 secs] 
[GC (Allocation Failure) [DefNew: 623615K->5954K(623616K), 0.0474343 secs] 1653376K->1100211K(2009472K), 0.0474728 secs] [Times: user=0.05 sys=0.00, real=0.05 secs] 
[Full GC (System.gc()) [Tenured: 1094256K->848827K(1385856K), 2.2914346 secs] 1245264K->848827K(2009472K), [Metaspace: 10566K->10566K(12288K)], 2.2915924 secs] [Times: user=2.29 sys=0.00, real=2.29 secs] 
[Full GC (System.gc()) [Tenured: 848827K->779563K(1385856K), 2.3504217 secs] 848829K->779563K(2009472K), [Metaspace: 10566K->10566K(12288K)], 2.3504673 secs] [Times: user=2.36 sys=0.00, real=2.35 secs] 
[Full GC (System.gc()) [Tenured: 779563K->779563K(1385856K), 2.2672517 secs] 779565K->779563K(2009472K), [Metaspace: 10566K->10566K(12288K)], 2.2672946 secs] [Times: user=2.26 sys=0.00, real=2.27 secs] 

*** PauseDetector detected a 4646 ms pause at Mon Dec 22 01:33:06 EET 2014 ***

********************************
********** ROUND   39 **********
********************************

*** PauseDetector detected a 2273 ms pause at Mon Dec 22 01:33:06 EET 2014 ***

[GC (Allocation Failure) [DefNew: 554368K->5892K(623616K), 0.0115047 secs] 1333931K->785455K(2009472K), 0.0115464 secs] [Times: user=0.00 sys=0.00, real=0.01 secs] 
[GC (Allocation Failure) [DefNew: 560260K->69247K(623616K), 0.1283274 secs] 1339823K->888438K(2009472K), 0.1283742 secs] [Times: user=0.13 sys=0.00, real=0.13 secs] 
[GC (Allocation Failure) [DefNew: 623615K->5894K(623616K), 0.0505536 secs] 1442806K->889651K(2009472K), 0.0505947 secs] [Times: user=0.05 sys=0.00, real=0.05 secs] 
[GC (Allocation Failure) [DefNew: 560262K->69247K(623616K), 0.1239948 secs] 1444019K->992539K(2009472K), 0.1240384 secs] [Times: user=0.11 sys=0.00, real=0.12 secs] 
[GC (Allocation Failure) [DefNew: 623615K->5889K(623616K), 0.0457758 secs] 1546907K->993741K(2009472K), 0.0458810 secs] [Times: user=0.05 sys=0.00, real=0.05 secs] 
[GC (Allocation Failure) [DefNew: 560257K->69248K(623616K), 0.1195545 secs] 1548109K->1096545K(2009472K), 0.1196558 secs] [Times: user=0.11 sys=0.00, real=0.12 secs] 
[GC (Allocation Failure) [DefNew: 623616K->5895K(623616K), 0.0552256 secs] 1650913K->1097750K(2009472K), 0.0552660 secs] [Times: user=0.05 sys=0.00, real=0.06 secs] 
[GC (Allocation Failure) [DefNew: 560263K->69247K(623616K), 0.1259163 secs] 1652118K->1200471K(2009472K), 0.1259728 secs] [Times: user=0.13 sys=0.00, real=0.13 secs] 
[GC (Allocation Failure) [DefNew: 623615K->5894K(623616K), 0.0468575 secs] 1754839K->1201669K(2009472K), 0.0468973 secs] [Times: user=0.05 sys=0.00, real=0.05 secs] 
[GC (Allocation Failure) [DefNew: 560262K->69247K(623616K), 0.1184869 secs] 1756037K->1303840K(2009472K), 0.1185267 secs] [Times: user=0.11 sys=0.00, real=0.12 secs] 
[GC (Allocation Failure) [DefNew: 623615K->5897K(623616K), 0.0518323 secs] 1858208K->1305029K(2009472K), 0.0518868 secs] [Times: user=0.05 sys=0.00, real=0.05 secs] 
[GC (Allocation Failure) [DefNew: 560265K->69247K(623616K), 0.1228554 secs] 1859397K->1407127K(2009472K), 0.1228926 secs] [Times: user=0.11 sys=0.00, real=0.12 secs] 
[GC (Allocation Failure) [DefNew: 623615K->623615K(623616K), 0.0000212 secs][Tenured: 1337879K->853255K(1385856K), 2.5066929 secs] 1961495K->853255K(2009472K), [Metaspace: 10566K->10566K(12288K)], 2.5067885 secs] [Times: user=2.51 sys=0.00, real=2.51 secs] 

*** PauseDetector detected a 2510 ms pause at Mon Dec 22 01:33:28 EET 2014 ***

[GC (Allocation Failure) [DefNew: 554368K->69248K(623616K), 0.1329820 secs] 1407623K->961185K(2009472K), 0.1330282 secs] [Times: user=0.13 sys=0.00, real=0.13 secs] 
[GC (Allocation Failure) [DefNew: 623616K->5898K(623616K), 0.0464116 secs] 1515553K->962365K(2009472K), 0.0464546 secs] [Times: user=0.05 sys=0.00, real=0.05 secs] 
[GC (Allocation Failure) [DefNew: 560266K->69248K(623616K), 0.1200600 secs] 1516733K->1064320K(2009472K), 0.1201017 secs] [Times: user=0.11 sys=0.00, real=0.12 secs] 
[GC (Allocation Failure) [DefNew: 623616K->5901K(623616K), 0.0453966 secs] 1618688K->1065515K(2009472K), 0.0455352 secs] [Times: user=0.05 sys=0.00, real=0.05 secs] 
[GC (Allocation Failure) [DefNew: 560269K->69248K(623616K), 0.3838953 secs] 1619883K->1192130K(2009472K), 0.3839408 secs] [Times: user=0.37 sys=0.00, real=0.38 secs] 

*** PauseDetector detected a 384 ms pause at Mon Dec 22 01:33:36 EET 2014 ***

[GC (Allocation Failure) [DefNew: 623616K->5901K(623616K), 0.1081293 secs] 1746498K->1193774K(2009472K), 0.1081703 secs] [Times: user=0.11 sys=0.00, real=0.11 secs] 
[GC (Allocation Failure) [DefNew: 560269K->69247K(623616K), 0.4833145 secs] 1748142K->1312818K(2009472K), 0.4833582 secs] [Times: user=0.48 sys=0.00, real=0.48 secs] 

*** PauseDetector detected a 484 ms pause at Mon Dec 22 01:33:40 EET 2014 ***

[GC (Allocation Failure) [DefNew: 623615K->5903K(623616K), 0.1119056 secs] 1867186K->1314332K(2009472K), 0.1119460 secs] [Times: user=0.11 sys=0.00, real=0.11 secs] 
[GC (Allocation Failure) [DefNew: 560271K->560271K(623616K), 0.0000199 secs][Tenured: 1308428K->866095K(1385856K), 2.7383493 secs] 1868700K->866095K(2009472K), [Metaspace: 10566K->10566K(12288K)], 2.7384289 secs] [Times: user=2.75 sys=0.00, real=2.74 secs] 

*** PauseDetector detected a 2742 ms pause at Mon Dec 22 01:33:46 EET 2014 ***

[GC (Allocation Failure) [DefNew: 554368K->5904K(623616K), 0.0138157 secs] 1420463K->872000K(2009472K), 0.0139248 secs] [Times: user=0.02 sys=0.00, real=0.01 secs] 
[GC (Allocation Failure) [DefNew: 560272K->69248K(623616K), 0.3453116 secs] 1426368K->984494K(2009472K), 0.3454200 secs] [Times: user=0.34 sys=0.00, real=0.35 secs] 
[GC (Allocation Failure) [DefNew: 623616K->5905K(623616K), 0.0769942 secs] 1538862K->985873K(2009472K), 0.0770340 secs] [Times: user=0.08 sys=0.00, real=0.08 secs] 
[GC (Allocation Failure) [DefNew: 560273K->69248K(623616K), 0.3093923 secs] 1540241K->1097117K(2009472K), 0.3094346 secs] [Times: user=0.31 sys=0.00, real=0.31 secs] 
[GC (Allocation Failure) [DefNew: 623616K->5900K(623616K), 0.0853578 secs] 1651485K->1098478K(2009472K), 0.0854002 secs] [Times: user=0.08 sys=0.00, real=0.09 secs] 
[GC (Allocation Failure) [DefNew: 560268K->69248K(623616K), 0.2900225 secs] 1652846K->1207243K(2009472K), 0.2900648 secs] [Times: user=0.28 sys=0.00, real=0.29 secs] 
[GC (Allocation Failure) [DefNew: 623616K->5905K(623616K), 0.0709711 secs] 1761611K->1208554K(2009472K), 0.0710154 secs] [Times: user=0.06 sys=0.00, real=0.07 secs] 
[GC (Allocation Failure) [DefNew: 560273K->69247K(623616K), 0.2595463 secs] 1762922K->1316631K(2009472K), 0.2595887 secs] [Times: user=0.25 sys=0.00, real=0.26 secs] 
[GC (Allocation Failure) [DefNew: 623615K->5912K(623616K), 0.0683644 secs] 1870999K->1317934K(2009472K), 0.0684042 secs] [Times: user=0.06 sys=0.00, real=0.07 secs] 
[GC (Allocation Failure) [DefNew: 560280K->560280K(623616K), 0.0000186 secs][Tenured: 1312022K->788163K(1385856K), 2.7552388 secs] 1872302K->788163K(2009472K), [Metaspace: 10566K->10566K(12288K)], 2.7553132 secs] [Times: user=2.73 sys=0.00, real=2.76 secs] 

*** PauseDetector detected a 2756 ms pause at Mon Dec 22 01:34:06 EET 2014 ***

[GC (Allocation Failure) [DefNew: 554368K->5911K(623616K), 0.0118987 secs] 1342531K->794075K(2009472K), 0.0119391 secs] [Times: user=0.02 sys=0.00, real=0.01 secs] 
[GC (Allocation Failure) [DefNew: 560279K->69248K(623616K), 0.2020669 secs] 1348443K->901107K(2009472K), 0.2021060 secs] [Times: user=0.20 sys=0.00, real=0.20 secs] 
[GC (Allocation Failure) [DefNew: 623616K->5910K(623616K), 0.0588928 secs] 1455475K->902405K(2009472K), 0.0589345 secs] [Times: user=0.06 sys=0.00, real=0.06 secs] 
[GC (Allocation Failure) [DefNew: 560278K->69247K(623616K), 0.1913179 secs] 1456773K->1008015K(2009472K), 0.1914238 secs] [Times: user=0.19 sys=0.00, real=0.19 secs] 
[GC (Allocation Failure) [DefNew: 623615K->5913K(623616K), 0.0763475 secs] 1562383K->1009265K(2009472K), 0.0763950 secs] [Times: user=0.08 sys=0.00, real=0.08 secs] 
[GC (Allocation Failure) [DefNew: 560281K->69247K(623616K), 0.1988905 secs] 1563633K->1114554K(2009472K), 0.1989328 secs] [Times: user=0.19 sys=0.00, real=0.20 secs] 
[GC (Allocation Failure) [DefNew: 623615K->5908K(623616K), 0.0602773 secs] 1668922K->1115794K(2009472K), 0.0603255 secs] [Times: user=0.06 sys=0.00, real=0.06 secs] 
[GC (Allocation Failure) [DefNew: 560276K->69247K(623616K), 0.1807435 secs] 1670162K->1220796K(2009472K), 0.1808416 secs] [Times: user=0.17 sys=0.00, real=0.18 secs] 
[GC (Allocation Failure) [DefNew: 623615K->5913K(623616K), 0.0591841 secs] 1775164K->1222039K(2009472K), 0.0592271 secs] [Times: user=0.06 sys=0.00, real=0.06 secs] 
[GC (Allocation Failure) [DefNew: 560281K->69248K(623616K), 0.1774637 secs] 1776407K->1326803K(2009472K), 0.1775202 secs] [Times: user=0.19 sys=0.00, real=0.18 secs] 
[GC (Allocation Failure) [DefNew: 623616K->5911K(623616K), 0.0534600 secs] 1881171K->1328038K(2009472K), 0.0535004 secs] [Times: user=0.05 sys=0.00, real=0.05 secs] 
[GC (Allocation Failure) [DefNew: 560279K->560279K(623616K), 0.0000192 secs][Tenured: 1322127K->854547K(1385856K), 2.8419240 secs] 1882406K->854547K(2009472K), [Metaspace: 10566K->10566K(12288K)], 2.8420055 secs] [Times: user=2.82 sys=0.00, real=2.84 secs] 

*** PauseDetector detected a 2845 ms pause at Mon Dec 22 01:34:28 EET 2014 ***

[GC (Allocation Failure) [DefNew: 554368K->5912K(623616K), 0.0121778 secs] 1408915K->860459K(2009472K), 0.0122214 secs] [Times: user=0.00 sys=0.00, real=0.01 secs] 
[GC (Allocation Failure) [DefNew: 560280K->69247K(623616K), 0.1518283 secs] 1414827K->964813K(2009472K), 0.1518796 secs] [Times: user=0.14 sys=0.00, real=0.15 secs] 
[GC (Allocation Failure) [DefNew: 623615K->5900K(623616K), 0.0510855 secs] 1519181K->966054K(2009472K), 0.0511259 secs] [Times: user=0.05 sys=0.00, real=0.05 secs] 
[GC (Allocation Failure) [DefNew: 560268K->69248K(623616K), 0.1473007 secs] 1520422K->1069579K(2009472K), 0.1473386 secs] [Times: user=0.16 sys=0.00, real=0.15 secs] 
[GC (Allocation Failure) [DefNew: 623616K->5912K(623616K), 0.0492628 secs] 1623947K->1070780K(2009472K), 0.0493070 secs] [Times: user=0.05 sys=0.00, real=0.05 secs] 
[GC (Allocation Failure) [DefNew: 560280K->69247K(623616K), 0.1365582 secs] 1625148K->1174132K(2009472K), 0.1365947 secs] [Times: user=0.13 sys=0.00, real=0.14 secs] 
[GC (Allocation Failure) [DefNew: 623615K->5915K(623616K), 0.0492153 secs] 1728500K->1175364K(2009472K), 0.0492538 secs] [Times: user=0.05 sys=0.00, real=0.05 secs] 
[GC (Allocation Failure) [DefNew: 560283K->69247K(623616K), 0.1539590 secs] 1729732K->1278585K(2009472K), 0.1539981 secs] [Times: user=0.16 sys=0.00, real=0.15 secs] 
[GC (Allocation Failure) [DefNew: 623615K->5913K(623616K), 0.0492339 secs] 1832953K->1279785K(2009472K), 0.0492724 secs] [Times: user=0.06 sys=0.00, real=0.05 secs] 
[GC (Allocation Failure) [DefNew: 560281K->69248K(623616K), 0.1316828 secs] 1834153K->1382883K(2009472K), 0.1317912 secs] [Times: user=0.13 sys=0.00, real=0.13 secs] 
[GC (Allocation Failure) [DefNew: 623616K->623616K(623616K), 0.0000205 secs][Tenured: 1313635K->854239K(1385856K), 2.7894194 secs] 1937251K->854239K(2009472K), [Metaspace: 10566K->10566K(12288K)], 2.7895753 secs] [Times: user=2.78 sys=0.00, real=2.79 secs] 

*** PauseDetector detected a 2792 ms pause at Mon Dec 22 01:34:48 EET 2014 ***

[GC (Allocation Failure) [DefNew: 554368K->69247K(623616K), 0.1292788 secs] 1408607K->963146K(2009472K), 0.1293199 secs] [Times: user=0.13 sys=0.00, real=0.13 secs] 
[GC (Allocation Failure) [DefNew: 623615K->5915K(623616K), 0.0452876 secs] 1517514K->964348K(2009472K), 0.0454415 secs] [Times: user=0.05 sys=0.00, real=0.05 secs] 
[GC (Allocation Failure) [DefNew: 560283K->69248K(623616K), 0.1421071 secs] 1518716K->1067244K(2009472K), 0.1421771 secs] [Times: user=0.14 sys=0.00, real=0.14 secs] 
[GC (Allocation Failure) [DefNew: 623616K->5920K(623616K), 0.0460812 secs] 1621612K->1068448K(2009472K), 0.0461184 secs] [Times: user=0.05 sys=0.00, real=0.05 secs] 
[GC (Allocation Failure) [DefNew: 560288K->69248K(623616K), 0.1215851 secs] 1622816K->1171248K(2009472K), 0.1216248 secs] [Times: user=0.11 sys=0.00, real=0.12 secs] 
[GC (Allocation Failure) [DefNew: 623616K->5897K(623616K), 0.0486552 secs] 1725616K->1172429K(2009472K), 0.0486975 secs] [Times: user=0.05 sys=0.00, real=0.05 secs] 
[GC (Allocation Failure) [DefNew: 560265K->69247K(623616K), 0.1429688 secs] 1726797K->1275169K(2009472K), 0.1430092 secs] [Times: user=0.16 sys=0.00, real=0.14 secs] 
[GC (Allocation Failure) [DefNew: 623615K->5897K(623616K), 0.0474099 secs] 1829537K->1276348K(2009472K), 0.0474529 secs] [Times: user=0.05 sys=0.00, real=0.05 secs] 
[GC (Allocation Failure) [DefNew: 560265K->69248K(623616K), 0.1216146 secs] 1830716K->1378541K(2009472K), 0.1217198 secs] [Times: user=0.11 sys=0.00, real=0.12 secs] 
[GC (Allocation Failure) [DefNew: 623616K->623616K(623616K), 0.0000199 secs][Tenured: 1309293K->853319K(1385856K), 2.6592154 secs] 1932909K->853319K(2009472K), [Metaspace: 10566K->10566K(12288K)]
*** PauseDetector detected a 2661 ms pause at Mon Dec 22 01:35:06 EET 2014 ***

, 2.6592943 secs] [Times: user=2.65 sys=0.00, real=2.66 secs] 
[GC (Allocation Failure) [DefNew: 554368K->69247K(623616K), 0.1265175 secs] 1407687K->961320K(2009472K), 0.1265585 secs] [Times: user=0.12 sys=0.00, real=0.13 secs] 
[GC (Allocation Failure) [DefNew: 623615K->5918K(623616K), 0.0467394 secs] 1515688K->962522K(2009472K), 0.0467799 secs] [Times: user=0.05 sys=0.00, real=0.05 secs] 
[GC (Allocation Failure) [DefNew: 560286K->69248K(623616K), 0.1147484 secs] 1516890K->1064551K(2009472K), 0.1147927 secs] [Times: user=0.11 sys=0.00, real=0.12 secs] 
[GC (Allocation Failure) [DefNew: 623616K->5920K(623616K), 0.0553526 secs] 1618919K->1065735K(2009472K), 0.0554001 secs] [Times: user=0.05 sys=0.00, real=0.06 secs] 
[GC (Allocation Failure) [DefNew: 560288K->69248K(623616K), 0.1071695 secs] 1620103K->1167686K(2009472K), 0.1072805 secs] [Times: user=0.11 sys=0.00, real=0.11 secs] 
[GC (Allocation Failure) [DefNew: 623616K->5920K(623616K), 0.0443675 secs] 1722054K->1168883K(2009472K), 0.0444824 secs] [Times: user=0.03 sys=0.00, real=0.05 secs] 
[GC (Allocation Failure) [DefNew: 560288K->69248K(623616K), 0.3428036 secs] 1723251K->1295496K(2009472K), 0.3428453 secs] [Times: user=0.34 sys=0.00, real=0.34 secs] 
[GC (Allocation Failure) [DefNew: 623616K->5918K(623616K), 0.1153419 secs] 1849864K->1297139K(2009472K), 0.1153861 secs] [Times: user=0.13 sys=0.00, real=0.12 secs] 
[GC (Allocation Failure) [DefNew: 560286K->69248K(623616K), 0.4698928 secs] 1851507K->1416186K(2009472K), 0.4699332 secs] [Times: user=0.47 sys=0.00, real=0.47 secs] 

*** PauseDetector detected a 472 ms pause at Mon Dec 22 01:35:22 EET 2014 ***

[GC (Allocation Failure) [DefNew: 623616K->623616K(623616K), 0.0000192 secs][Tenured: 1346938K->800360K(1385856K), 2.8478618 secs] 1970554K->800360K(2009472K), [Metaspace: 10566K->10566K(12288K)], 2.8479433 secs] [Times: user=2.84 sys=0.00, real=2.85 secs] 

*** PauseDetector detected a 2851 ms pause at Mon Dec 22 01:35:26 EET 2014 ***

[GC (Allocation Failure) [DefNew: 554368K->69247K(623616K), 0.4207975 secs] 1354728K->922790K(2009472K), 0.4208327 secs] [Times: user=0.42 sys=0.00, real=0.42 secs] 

*** PauseDetector detected a 422 ms pause at Mon Dec 22 01:35:28 EET 2014 ***

[GC (Allocation Failure) [DefNew: 623615K->5920K(623616K), 0.0853816 secs] 1477158K->924265K(2009472K), 0.0854226 secs] [Times: user=0.09 sys=0.00, real=0.08 secs] 
[GC (Allocation Failure) [DefNew: 560288K->69247K(623616K), 0.3846876 secs] 1478633K->1036734K(2009472K), 0.3847268 secs] [Times: user=0.39 sys=0.00, real=0.38 secs] 

*** PauseDetector detected a 388 ms pause at Mon Dec 22 01:35:32 EET 2014 ***

[GC (Allocation Failure) [DefNew: 623615K->5923K(623616K), 0.0718636 secs] 1591102K->1038138K(2009472K), 0.0719713 secs] [Times: user=0.08 sys=0.00, real=0.07 secs] 
[GC (Allocation Failure) [DefNew: 560291K->69248K(623616K), 0.3236872 secs] 1592506K->1149382K(2009472K), 0.3237283 secs] [Times: user=0.31 sys=0.00, real=0.32 secs] 
[GC (Allocation Failure) [DefNew: 623616K->5914K(623616K), 0.0748629 secs] 1703750K->1150739K(2009472K), 0.0749040 secs] [Times: user=0.08 sys=0.00, real=0.08 secs] 
[GC (Allocation Failure) [DefNew: 560282K->69247K(623616K), 0.3106908 secs] 1705107K->1259353K(2009472K), 0.3107313 secs] [Times: user=0.31 sys=0.00, real=0.31 secs] 
[GC (Allocation Failure) [DefNew: 623615K->5882K(623616K), 0.0654882 secs] 1813721K->1260777K(2009472K), 0.0655299 secs] [Times: user=0.06 sys=0.00, real=0.07 secs] 
[GC (Allocation Failure) [DefNew: 560250K->69248K(623616K), 0.3043559 secs] 1815145K->1368897K(2009472K), 0.3044008 secs] [Times: user=0.31 sys=0.00, real=0.30 secs] 
[GC (Allocation Failure) [DefNew: 623616K->5924K(623616K), 0.0733629 secs] 1923265K->1370192K(2009472K), 0.0734046 secs] [Times: user=0.06 sys=0.00, real=0.07 secs] 
[GC (Allocation Failure) [DefNew: 560292K->560292K(623616K), 0.0000225 secs][Tenured: 1364268K->855091K(1385856K), 2.6856445 secs] 1924560K->855091K(2009472K), [Metaspace: 10566K->10566K(12288K)]
*** PauseDetector detected a 2689 ms pause at Mon Dec 22 01:35:48 EET 2014 ***

, 2.6857337 secs] [Times: user=2.68 sys=0.00, real=2.69 secs] 
[GC (Allocation Failure) [DefNew: 554368K->5890K(623616K), 0.0124094 secs] 1409459K->860982K(2009472K), 0.0124543 secs] [Times: user=0.00 sys=0.00, real=0.01 secs] 
[GC (Allocation Failure) [DefNew: 560258K->69248K(623616K), 0.2175488 secs] 1415350K->968025K(2009472K), 0.2175937 secs] [Times: user=0.22 sys=0.00, real=0.22 secs] 
[GC (Allocation Failure) [DefNew: 623616K->5925K(623616K), 0.0585740 secs] 1522393K->969348K(2009472K), 0.0586182 secs] [Times: user=0.06 sys=0.00, real=0.06 secs] 
[GC (Allocation Failure) [DefNew: 560293K->69248K(623616K), 0.1921719 secs] 1523716K->1074943K(2009472K), 0.1922097 secs] [Times: user=0.19 sys=0.00, real=0.19 secs] 
[GC (Allocation Failure) [DefNew: 623616K->5922K(623616K), 0.0579260 secs] 1629311K->1076202K(2009472K), 0.0579683 secs] [Times: user=0.05 sys=0.00, real=0.06 secs] 
[GC (Allocation Failure) [DefNew: 560290K->69247K(623616K), 0.1991458 secs] 1630570K->1181491K(2009472K), 0.1991849 secs] [Times: user=0.20 sys=0.00, real=0.20 secs] 
[GC (Allocation Failure) [DefNew: 623615K->5927K(623616K), 0.0551358 secs] 1735859K->1182741K(2009472K), 0.0551794 secs] [Times: user=0.06 sys=0.00, real=0.06 secs] 
[GC (Allocation Failure) [DefNew: 560295K->69248K(623616K), 0.1833111 secs] 1737109K->1287737K(2009472K), 0.1833528 secs] [Times: user=0.19 sys=0.00, real=0.18 secs] 
[Full GC (System.gc()) [Tenured: 1218489K->852832K(1385856K), 2.5438042 secs] 1523587K->852832K(2009472K), [Metaspace: 10566K->10566K(12288K)], 2.5438562 secs] [Times: user=2.53 sys=0.00, real=2.54 secs] 
[Full GC (System.gc()) [Tenured: 852832K->852754K(1385856K), 2.3630062 secs] 852832K->852754K(2009472K), [Metaspace: 10566K->10566K(12288K)], 2.3630511 secs] [Times: user=2.36 sys=0.00, real=2.36 secs] 

*** PauseDetector detected a 4911 ms pause at Mon Dec 22 01:36:06 EET 2014 ***

[Full GC (System.gc()) [Tenured: 852754K->781005K(1385856K), 2.4639306 secs] 863913K->781005K(2009472K), [Metaspace: 10566K->10566K(12288K)]
*** PauseDetector detected a 2465 ms pause at Mon Dec 22 01:36:09 EET 2014 ***

, 2.4639729 secs] [Times: user=2.45 sys=0.00, real=2.46 secs] 
[Full GC (System.gc()) [Tenured: 781005K->781006K(1385856K), 2.3675819 secs] 792164K->781006K(2009472K), [Metaspace: 10566K->10566K(12288K)], 2.3676320 secs] [Times: user=2.37 sys=0.00, real=2.37 secs] 
[Full GC (System.gc()) [Tenured: 781006K->781006K(1385856K), 2.2866228 secs] 781006K->781006K(2009472K), [Metaspace: 10566K->10566K(12288K)], 2.2867370 secs] [Times: user=2.29 sys=0.00, real=2.29 secs] 

*** PauseDetector detected a 4656 ms pause at Mon Dec 22 01:36:13 EET 2014 ***
[Full GC (System.gc()) [Tenured: 781006K->781006K(1385856K), 2.2186972 secs] 792165K->781006K(2009472K), [Metaspace: 10566K->10566K(12288K)], 2.2187620 secs] [Times: user=2.22 sys=0.00, real=2.22 secs] 


*** PauseDetector detected a 2225 ms pause at Mon Dec 22 01:36:16 EET 2014 ***

[GC (Allocation Failure) [DefNew: 554368K->69247K(623616K), 0.1740672 secs] 1335374K->891727K(2009472K), 0.1741141 secs] [Times: user=0.17 sys=0.00, real=0.17 secs] 
[GC (Allocation Failure) [DefNew: 623615K->5954K(623616K), 0.0532104 secs] 1446095K->892961K(2009472K), 0.0532514 secs] [Times: user=0.06 sys=0.00, real=0.05 secs] 
[GC (Allocation Failure) [DefNew: 560322K->69247K(623616K), 0.1462889 secs] 1447329K->997521K(2009472K), 0.1463268 secs] [Times: user=0.16 sys=0.00, real=0.15 secs] 
[GC (Allocation Failure) [DefNew: 623615K->5954K(623616K), 0.0480194 secs] 1551889K->998753K(2009472K), 0.0480605 secs] [Times: user=0.05 sys=0.00, real=0.05 secs] 
[GC (Allocation Failure) [DefNew: 560322K->69247K(623616K), 0.1781785 secs] 1553121K->1103130K(2009472K), 0.1782202 secs] [Times: user=0.17 sys=0.00, real=0.18 secs] 
[GC (Allocation Failure) [DefNew: 623615K->5954K(623616K), 0.0516122 secs] 1657498K->1104360K(2009472K), 0.0516616 secs] [Times: user=0.05 sys=0.00, real=0.05 secs] 
[Full GC (System.gc()) [Tenured: 1098405K->779867K(1385856K), 2.4134540 secs] 1238261K->779867K(2009472K), [Metaspace: 10566K->10566K(12288K)], 2.4135015 secs] [Times: user=2.42 sys=0.00, real=2.41 secs] 
[Full GC (System.gc()) [Tenured: 779867K->779867K(1385856K), 2.3306028 secs] 779867K->779867K(2009472K), [Metaspace: 10566K->10566K(12288K)]
*** PauseDetector detected a 4748 ms pause at Mon Dec 22 01:36:30 EET 2014 ***
, 2.3306637 secs] [Times: user=2.28 sys=0.00, real=2.33 secs] 
[Full GC (System.gc()) [Tenured: 779867K->779867K(1385856K), 2.3431398 secs] 779869K->779867K(2009472K), [Metaspace: 10566K->10566K(12288K)]
, 2.3431847 secs] [Times: user=2.34 sys=0.00, real=2.34 secs] 
********************************
********** ROUND   40 **********
********************************

*** PauseDetector detected a 2349 ms pause at Mon Dec 22 01:36:33 EET 2014 ***

[GC (Allocation Failure) [DefNew: 554368K->5895K(623616K), 0.0116934 secs] 1334235K->785762K(2009472K), 0.0117331 secs] [Times: user=0.02 sys=0.00, real=0.01 secs] 
[GC (Allocation Failure) [DefNew: 560263K->69247K(623616K), 0.1360917 secs] 1340130K->889104K(2009472K), 0.1361328 secs] [Times: user=0.14 sys=0.00, real=0.14 secs] 
[GC (Allocation Failure) [DefNew: 623615K->5894K(623616K), 0.0593791 secs] 1443472K->890320K(2009472K), 0.0594253 secs] [Times: user=0.05 sys=0.00, real=0.06 secs] 
[GC (Allocation Failure) [DefNew: 560262K->69247K(623616K), 0.1294360 secs] 1444688K->993556K(2009472K), 0.1294758 secs] [Times: user=0.14 sys=0.00, real=0.13 secs] 
[GC (Allocation Failure) [DefNew: 623615K->5892K(623616K), 0.0483273 secs] 1547924K->994764K(2009472K), 0.0483774 secs] [Times: user=0.05 sys=0.00, real=0.05 secs] 
[GC (Allocation Failure) [DefNew: 560260K->69247K(623616K), 0.1348528 secs] 1549132K->1097862K(2009472K), 0.1349568 secs] [Times: user=0.13 sys=0.00, real=0.13 secs] 
[GC (Allocation Failure) [DefNew: 623615K->5880K(623616K), 0.0540996 secs] 1652230K->1099054K(2009472K), 0.0541496 secs] [Times: user=0.05 sys=0.00, real=0.05 secs] 
[GC (Allocation Failure) [DefNew: 560248K->69248K(623616K), 0.1394664 secs] 1653422K->1202060K(2009472K), 0.1395062 secs] [Times: user=0.14 sys=0.00, real=0.14 secs] 
[GC (Allocation Failure) [DefNew: 623616K->5895K(623616K), 0.0534574 secs] 1756428K->1203263K(2009472K), 0.0534965 secs] [Times: user=0.05 sys=0.00, real=0.05 secs] 
[GC (Allocation Failure) [DefNew: 560263K->69247K(623616K), 0.1349760 secs] 1757631K->1306156K(2009472K), 0.1350197 secs] [Times: user=0.14 sys=0.00, real=0.13 secs] 
[GC (Allocation Failure) [DefNew: 623615K->5898K(623616K), 0.0669196 secs] 1860524K->1307361K(2009472K), 0.0669664 secs] [Times: user=0.06 sys=0.00, real=0.07 secs] 
[GC (Allocation Failure) [DefNew: 560266K->69248K(623616K), 0.1611145 secs] 1861729K->1410164K(2009472K), 0.1611587 secs] [Times: user=0.16 sys=0.00, real=0.16 secs] 
[GC (Allocation Failure) [DefNew: 623616K->623616K(623616K), 0.0000212 secs][Tenured: 1340916K->853956K(1385856K), 2.5559538 secs] 1964532K->853956K(2009472K), [Metaspace: 10566K->10566K(12288K)], 2.5560404 secs] [Times: user=2.56 sys=0.00, real=2.56 secs] 

*** PauseDetector detected a 2560 ms pause at Mon Dec 22 01:36:55 EET 2014 ***

[GC (Allocation Failure) [DefNew: 554368K->69248K(623616K), 0.1265149 secs] 1408324K->962580K(2009472K), 0.1265547 secs] [Times: user=0.13 sys=0.00, real=0.13 secs] 
[GC (Allocation Failure) [DefNew: 623616K->5903K(623616K), 0.0457399 secs] 1516948K->963779K(2009472K), 0.0457906 secs] [Times: user=0.05 sys=0.00, real=0.05 secs] 
[GC (Allocation Failure) [DefNew: 560271K->69248K(623616K), 0.1163151 secs] 1518147K->1065947K(2009472K), 0.1163524 secs] [Times: user=0.11 sys=0.00, real=0.12 secs] 
[GC (Allocation Failure) [DefNew: 623616K->5900K(623616K), 0.0455063 secs] 1620315K->1067132K(2009472K), 0.0455468 secs] [Times: user=0.03 sys=0.00, real=0.05 secs] 
[GC (Allocation Failure) [DefNew: 560268K->69248K(623616K), 0.1325239 secs] 1621500K->1169239K(2009472K), 0.1325637 secs] [Times: user=0.12 sys=0.00, real=0.13 secs] 
[GC (Allocation Failure) [DefNew: 623616K->5901K(623616K), 0.0464854 secs] 1723607K->1170417K(2009472K), 0.0465277 secs] [Times: user=0.05 sys=0.00, real=0.05 secs] 
[GC (Allocation Failure) [DefNew: 560269K->69248K(623616K), 0.1083269 secs] 1724785K->1272447K(2009472K), 0.1084186 secs] [Times: user=0.11 sys=0.00, real=0.11 secs] 
[GC (Allocation Failure) [DefNew: 623616K->5903K(623616K), 0.0495797 secs] 1826815K->1273631K(2009472K), 0.0496195 secs] [Times: user=0.05 sys=0.00, real=0.05 secs] 
[GC (Allocation Failure) [DefNew: 560271K->69247K(623616K), 0.1304382 secs] 1827999K->1375601K(2009472K), 0.1304773 secs] [Times: user=0.12 sys=0.00, real=0.13 secs] 
[GC (Allocation Failure) [DefNew: 623615K->623615K(623616K), 0.0000199 secs][Tenured: 1306353K->783844K(1385856K), 2.5130862 secs] 1929969K->783844K(2009472K), [Metaspace: 10566K->10566K(12288K)], 2.5131709 secs] [Times: user=2.51 sys=0.00, real=2.51 secs] 

*** PauseDetector detected a 2516 ms pause at Mon Dec 22 01:37:13 EET 2014 ***

[GC (Allocation Failure) [DefNew: 554368K->69247K(623616K), 0.3802011 secs] 1338212K->916361K(2009472K), 0.3802415 secs] [Times: user=0.37 sys=0.00, real=0.38 secs] 

*** PauseDetector detected a 385 ms pause at Mon Dec 22 01:37:15 EET 2014 ***

[GC (Allocation Failure) [DefNew: 623615K->5896K(623616K), 0.1101618 secs] 1470729K->917998K(2009472K), 0.1102009 secs] [Times: user=0.11 sys=0.00, real=0.11 secs] 
[GC (Allocation Failure) [DefNew: 560264K->69248K(623616K), 0.4488241 secs] 1472366K->1037052K(2009472K), 0.4489684 secs] [Times: user=0.45 sys=0.00, real=0.45 secs] 

*** PauseDetector detected a 449 ms pause at Mon Dec 22 01:37:19 EET 2014 ***

[GC (Allocation Failure) [DefNew: 623616K->5900K(623616K), 0.1032219 secs] 1591420K->1038559K(2009472K), 0.1032616 secs] [Times: user=0.11 sys=0.00, real=0.10 secs] 
[GC (Allocation Failure) [DefNew: 560268K->69247K(623616K), 0.4204824 secs] 1592927K->1155075K(2009472K), 0.4205203 secs] [Times: user=0.41 sys=0.00, real=0.42 secs] 

*** PauseDetector detected a 425 ms pause at Mon Dec 22 01:37:23 EET 2014 ***

[GC (Allocation Failure) [DefNew: 623615K->5905K(623616K), 0.0846303 secs] 1709443K->1156548K(2009472K), 0.0846733 secs] [Times: user=0.09 sys=0.00, real=0.09 secs] 
[GC (Allocation Failure) [DefNew: 560273K->69248K(623616K), 0.3667768 secs] 1710916K->1269015K(2009472K), 0.3668236 secs] [Times: user=0.36 sys=0.00, real=0.37 secs] 

*** PauseDetector detected a 367 ms pause at Mon Dec 22 01:37:27 EET 2014 ***

[GC (Allocation Failure) [DefNew: 623616K->5911K(623616K), 0.0893728 secs] 1823383K->1270400K(2009472K), 0.0894184 secs] [Times: user=0.09 sys=0.00, real=0.09 secs] 
[GC (Allocation Failure) [DefNew: 560279K->69248K(623616K), 0.3166382 secs] 1824768K->1381665K(2009472K), 0.3167524 secs] [Times: user=0.31 sys=0.00, real=0.32 secs] 
[GC (Allocation Failure) [DefNew: 623616K->623616K(623616K), 0.0000225 secs][Tenured: 1312417K->862441K(1385856K), 2.8028296 secs] 1936033K->862441K(2009472K), [Metaspace: 10566K->10566K(12288K)], 2.8029156 secs] [Times: user=2.81 sys=0.00, real=2.80 secs] 

*** PauseDetector detected a 2805 ms pause at Mon Dec 22 01:37:34 EET 2014 ***

[GC (Allocation Failure) [DefNew: 554368K->69248K(623616K), 0.2676456 secs] 1416809K->977116K(2009472K), 0.2677880 secs] [Times: user=0.26 sys=0.00, real=0.27 secs] 
[GC (Allocation Failure) [DefNew: 623616K->5880K(623616K), 0.0696322 secs] 1531484K->978392K(2009472K), 0.0696726 secs] [Times: user=0.08 sys=0.00, real=0.07 secs] 
[GC (Allocation Failure) [DefNew: 560248K->69248K(623616K), 0.2607961 secs] 1532760K->1086497K(2009472K), 0.2609321 secs] [Times: user=0.27 sys=0.00, real=0.26 secs] 
[GC (Allocation Failure) [DefNew: 623616K->5908K(623616K), 0.0709583 secs] 1640865K->1087794K(2009472K), 0.0710019 secs] [Times: user=0.06 sys=0.00, real=0.07 secs] 
[GC (Allocation Failure) [DefNew: 560276K->69247K(623616K), 0.2267913 secs] 1642162K->1195292K(2009472K), 0.2268304 secs] [Times: user=0.23 sys=0.00, real=0.23 secs] 
[GC (Allocation Failure) [DefNew: 623615K->5907K(623616K), 0.0617799 secs] 1749660K->1196580K(2009472K), 0.0619127 secs] [Times: user=0.06 sys=0.00, real=0.06 secs] 
[GC (Allocation Failure) [DefNew: 560275K->69248K(623616K), 0.2065566 secs] 1750948K->1303627K(2009472K), 0.2065971 secs] [Times: user=0.20 sys=0.00, real=0.21 secs] 
[GC (Allocation Failure) [DefNew: 623616K->5918K(623616K), 0.0682162 secs] 1857995K->1304922K(2009472K), 0.0682650 secs] [Times: user=0.08 sys=0.00, real=0.07 secs] 
[GC (Allocation Failure) [DefNew: 560286K->69247K(623616K), 0.2204173 secs] 1859290K->1410527K(2009472K), 0.2204602 secs] [Times: user=0.22 sys=0.00, real=0.22 secs] 
[GC (Allocation Failure) [DefNew: 623615K->623615K(623616K), 0.0000192 secs][Tenured: 1341279K->856770K(1385856K), 2.4265954 secs] 1964895K->856770K(2009472K), [Metaspace: 10566K->10566K(12288K)], 2.4266807 secs] [Times: user=2.42 sys=0.00, real=2.43 secs] 

*** PauseDetector detected a 2427 ms pause at Mon Dec 22 01:37:54 EET 2014 ***

[GC (Allocation Failure) [DefNew: 554368K->69247K(623616K), 0.1714381 secs] 1411138K->967972K(2009472K), 0.1714791 secs] [Times: user=0.17 sys=0.00, real=0.17 secs] 
[GC (Allocation Failure) [DefNew: 623615K->5908K(623616K), 0.0548535 secs] 1522340K->969213K(2009472K), 0.0548964 secs] [Times: user=0.05 sys=0.00, real=0.06 secs] 
[GC (Allocation Failure) [DefNew: 560276K->69247K(623616K), 0.1672101 secs] 1523581K->1074211K(2009472K), 0.1673159 secs] [Times: user=0.16 sys=0.00, real=0.17 secs] 
[GC (Allocation Failure) [DefNew: 623615K->5909K(623616K), 0.0554777 secs] 1628579K->1075454K(2009472K), 0.0555207 secs] [Times: user=0.05 sys=0.00, real=0.06 secs] 
[GC (Allocation Failure) [DefNew: 560277K->69248K(623616K), 0.1623142 secs] 1629822K->1180217K(2009472K), 0.1623521 secs] [Times: user=0.16 sys=0.00, real=0.16 secs] 
[GC (Allocation Failure) [DefNew: 623616K->5912K(623616K), 0.0536069 secs] 1734585K->1181458K(2009472K), 0.0536479 secs] [Times: user=0.05 sys=0.00, real=0.05 secs] 
[GC (Allocation Failure) [DefNew: 560280K->69248K(623616K), 0.1812279 secs] 1735826K->1286018K(2009472K), 0.1812741 secs] [Times: user=0.19 sys=0.00, real=0.18 secs] 
[GC (Allocation Failure) [DefNew: 623616K->5906K(623616K), 0.0494013 secs] 1840386K->1287243K(2009472K), 0.0494450 secs] [Times: user=0.05 sys=0.00, real=0.05 secs] 
[GC (Allocation Failure) [DefNew: 560274K->69247K(623616K), 0.1698739 secs] 1841611K->1391632K(2009472K), 0.1699182 secs] [Times: user=0.17 sys=0.00, real=0.17 secs] 
[GC (Allocation Failure) [DefNew: 623615K->623615K(623616K), 0.0000199 secs][Tenured: 1322384K->855559K(1385856K), 2.2990000 secs] 1946000K->855559K(2009472K), [Metaspace: 10566K->10566K(12288K)], 2.2991887 secs] [Times: user=2.29 sys=0.00, real=2.29 secs] 

*** PauseDetector detected a 2295 ms pause at Mon Dec 22 01:38:12 EET 2014 ***

[GC (Allocation Failure) [DefNew: 554368K->69247K(623616K), 0.1505118 secs] 1409927K->964979K(2009472K), 0.1505593 secs] [Times: user=0.16 sys=0.00, real=0.15 secs] 
[GC (Allocation Failure) [DefNew: 623615K->5879K(623616K), 0.0512882 secs] 1519347K->966151K(2009472K), 0.0513299 secs] [Times: user=0.05 sys=0.00, real=0.05 secs] 
[GC (Allocation Failure) [DefNew: 560247K->69247K(623616K), 0.1400425 secs] 1520519K->1069525K(2009472K), 0.1400849 secs] [Times: user=0.14 sys=0.00, real=0.14 secs] 
[GC (Allocation Failure) [DefNew: 623615K->5916K(623616K), 0.0506049 secs] 1623893K->1070747K(2009472K), 0.0506627 secs] [Times: user=0.06 sys=0.00, real=0.05 secs] 
[GC (Allocation Failure) [DefNew: 560284K->69247K(623616K), 0.1251894 secs] 1625115K->1173984K(2009472K), 0.1252318 secs] [Times: user=0.13 sys=0.00, real=0.12 secs] 
[GC (Allocation Failure) [DefNew: 623615K->5917K(623616K), 0.0436188 secs] 1728352K->1175194K(2009472K), 0.0436644 secs] [Times: user=0.03 sys=0.00, real=0.04 secs] 
[GC (Allocation Failure) [DefNew: 560285K->69248K(623616K), 0.1290716 secs] 1729562K->1278286K(2009472K), 0.1291120 secs] [Times: user=0.12 sys=0.00, real=0.13 secs] 
[GC (Allocation Failure) [DefNew: 623616K->5904K(623616K), 0.0424569 secs] 1832654K->1279483K(2009472K), 0.0424980 secs] [Times: user=0.03 sys=0.00, real=0.03 secs] 
[GC (Allocation Failure) [DefNew: 560272K->69248K(623616K), 0.1340836 secs] 1833851K->1382484K(2009472K), 0.1341939 secs] [Times: user=0.13 sys=0.00, real=0.13 secs] 
[GC (Allocation Failure) [DefNew: 623616K->623616K(623616K), 0.0000821 secs][Tenured: 1313236K->784890K(1385856K), 2.6238395 secs] 1936852K->784890K(2009472K), [Metaspace: 10566K->10566K(12288K)], 2.6240102 secs] [Times: user=2.59 sys=0.00, real=2.62 secs] 

*** PauseDetector detected a 2621 ms pause at Mon Dec 22 01:38:30 EET 2014 ***

[GC (Allocation Failure) [DefNew: 554368K->69248K(623616K), 0.1033579 secs] 1339258K->893697K(2009472K), 0.1035035 secs] [Times: user=0.09 sys=0.00, real=0.10 secs] 
[GC (Allocation Failure) [DefNew: 623616K->5919K(623616K), 0.0460530 secs] 1448065K->894904K(2009472K), 0.0460947 secs] [Times: user=0.05 sys=0.00, real=0.05 secs] 
[GC (Allocation Failure) [DefNew: 560287K->69248K(623616K), 0.1294399 secs] 1449272K->997708K(2009472K), 0.1294829 secs] [Times: user=0.13 sys=0.00, real=0.13 secs] 
[GC (Allocation Failure) [DefNew: 623616K->5915K(623616K), 0.0521236 secs] 1552076K->998904K(2009472K), 0.0521678 secs] [Times: user=0.06 sys=0.00, real=0.05 secs] 
[GC (Allocation Failure) [DefNew: 560283K->69248K(623616K), 0.1462742 secs] 1553272K->1101628K(2009472K), 0.1463229 secs] [Times: user=0.14 sys=0.00, real=0.15 secs] 
[GC (Allocation Failure) [DefNew: 623616K->5925K(623616K), 0.0548958 secs] 1655996K->1102833K(2009472K), 0.0549465 secs] [Times: user=0.05 sys=0.00, real=0.05 secs] 
[GC (Allocation Failure) [DefNew: 560293K->69247K(623616K), 0.1275504 secs] 1657201K->1204966K(2009472K), 0.1275966 secs] [Times: user=0.12 sys=0.00, real=0.13 secs] 
[GC (Allocation Failure) [DefNew: 623615K->5921K(623616K), 0.0485923 secs] 1759334K->1206186K(2009472K), 0.0486340 secs] [Times: user=0.05 sys=0.00, real=0.05 secs] 
[GC (Allocation Failure) [DefNew: 560289K->69248K(623616K), 0.1351082 secs] 1760554K->1308288K(2009472K), 0.1351518 secs] [Times: user=0.14 sys=0.00, real=0.13 secs] 
[GC (Allocation Failure) [DefNew: 623616K->5921K(623616K), 0.0595947 secs] 1862656K->1309470K(2009472K), 0.0596358 secs] [Times: user=0.06 sys=0.00, real=0.06 secs] 
[GC (Allocation Failure) [DefNew: 560289K->560289K(623616K), 0.0000327 secs][Tenured: 1303548K->852069K(1385856K), 2.6106776 secs] 1863838K->852069K(2009472K), [Metaspace: 10567K->10567K(12288K)], 2.6107828 secs] [Times: user=2.59 sys=0.00, real=2.61 secs] 

*** PauseDetector detected a 2613 ms pause at Mon Dec 22 01:38:50 EET 2014 ***

[GC (Allocation Failure) [DefNew: 554368K->5920K(623616K), 0.0122509 secs] 1406437K->857990K(2009472K), 0.0122939 secs] [Times: user=0.01 sys=0.00, real=0.01 secs] 
[GC (Allocation Failure) [DefNew: 560288K->69248K(623616K), 0.1089941 secs] 1412358K->959917K(2009472K), 0.1090448 secs] [Times: user=0.11 sys=0.00, real=0.11 secs] 
[GC (Allocation Failure) [DefNew: 623616K->5921K(623616K), 0.0460998 secs] 1514285K->961138K(2009472K), 0.0461409 secs] [Times: user=0.05 sys=0.00, real=0.05 secs] 
[GC (Allocation Failure) [DefNew: 560289K->69248K(623616K), 0.3364232 secs] 1515506K->1087752K(2009472K), 0.3364629 secs] [Times: user=0.34 sys=0.00, real=0.34 secs] 
[GC (Allocation Failure) [DefNew: 623616K->5922K(623616K), 0.1191560 secs] 1642120K->1089398K(2009472K), 0.1191965 secs] [Times: user=0.13 sys=0.00, real=0.12 secs] 
[GC (Allocation Failure) [DefNew: 560290K->69248K(623616K), 0.4846689 secs] 1643766K->1208453K(2009472K), 0.4847112 secs] [Times: user=0.48 sys=0.00, real=0.48 secs] 

*** PauseDetector detected a 487 ms pause at Mon Dec 22 01:39:00 EET 2014 ***

[GC (Allocation Failure) [DefNew: 623616K->5920K(623616K), 0.0903127 secs] 1762821K->1209952K(2009472K), 0.0904186 secs] [Times: user=0.08 sys=0.00, real=0.09 secs] 
[GC (Allocation Failure) [DefNew: 560288K->69248K(623616K), 0.4179412 secs] 1764320K->1326462K(2009472K), 0.4179809 secs] [Times: user=0.42 sys=0.00, real=0.42 secs] 

*** PauseDetector detected a 419 ms pause at Mon Dec 22 01:39:04 EET 2014 ***

[GC (Allocation Failure) [DefNew: 623616K->5911K(623616K), 0.0942860 secs] 1880830K->1327926K(2009472K), 0.0943360 secs] [Times: user=0.09 sys=0.00, real=0.09 secs] 
[GC (Allocation Failure) [DefNew: 560279K->560279K(623616K), 0.0000282 secs][Tenured: 1322015K->862340K(1385856K), 2.6500550 secs] 1882294K->862340K(2009472K), [Metaspace: 10567K->10567K(12288K)], 2.6501583 secs] [Times: user=2.65 sys=0.00, real=2.65 secs] 

*** PauseDetector detected a 2653 ms pause at Mon Dec 22 01:39:10 EET 2014 ***

[GC (Allocation Failure) [DefNew: 554368K->5884K(623616K), 0.0132793 secs] 1416708K->868225K(2009472K), 0.0133210 secs] [Times: user=0.00 sys=0.00, real=0.01 secs] 
[GC (Allocation Failure) [DefNew: 560252K->69248K(623616K), 0.2929975 secs] 1422593K->979538K(2009472K), 0.2930411 secs] [Times: user=0.30 sys=0.00, real=0.29 secs] 
[GC (Allocation Failure) [DefNew: 623616K->5913K(623616K), 0.0634082 secs] 1533906K->980888K(2009472K), 0.0634461 secs] [Times: user=0.06 sys=0.00, real=0.06 secs] 
[GC (Allocation Failure) [DefNew: 560281K->69248K(623616K), 0.2793813 secs] 1535256K->1089640K(2009472K), 0.2794211 secs] [Times: user=0.26 sys=0.00, real=0.28 secs] 
[GC (Allocation Failure) [DefNew: 623616K->5926K(623616K), 0.0775787 secs] 1644008K->1090971K(2009472K), 0.0776345 secs] [Times: user=0.08 sys=0.00, real=0.08 secs] 
[GC (Allocation Failure) [DefNew: 560294K->69248K(623616K), 0.2581900 secs] 1645339K->1199048K(2009472K), 0.2582908 secs] [Times: user=0.25 sys=0.00, real=0.26 secs] 
[GC (Allocation Failure) [DefNew: 623616K->5877K(623616K), 0.0604640 secs] 1753416K->1200295K(2009472K), 0.0605083 secs] [Times: user=0.06 sys=0.00, real=0.06 secs] 
[GC (Allocation Failure) [DefNew: 560245K->69247K(623616K), 0.2550996 secs] 1754663K->1307814K(2009472K), 0.2552048 secs] [Times: user=0.26 sys=0.00, real=0.25 secs] 
[GC (Allocation Failure) [DefNew: 623615K->5926K(623616K), 0.0841825 secs] 1862182K->1309132K(2009472K), 0.0842280 secs] [Times: user=0.09 sys=0.00, real=0.08 secs] 
[GC (Allocation Failure) [DefNew: 560294K->560294K(623616K), 0.0000199 secs][Tenured: 1303206K->856975K(1385856K), 2.9040927 secs] 1863500K->856975K(2009472K), [Metaspace: 10567K->10567K(12288K)]
*** PauseDetector detected a 2905 ms pause at Mon Dec 22 01:39:29 EET 2014 ***

, 2.9041723 secs] [Times: user=2.92 sys=0.00, real=2.90 secs] 
[Full GC (System.gc()) [Tenured: 856975K->785704K(1385856K), 2.6688981 secs] 1103880K->785704K(2009472K), [Metaspace: 10567K->10567K(12288K)], 2.6689545 secs] [Times: user=2.64 sys=0.00, real=2.67 secs] 
[Full GC (System.gc()) [Tenured: 785704K->785704K(1385856K), 2.2688896 secs] 785706K->785704K(2009472K), [Metaspace: 10567K->10567K(12288K)], 2.2689319 secs] [Times: user=2.28 sys=0.00, real=2.27 secs] 
[Full GC (System.gc()) [Tenured: 785704K->785704K(1385856K), 2.3450511 secs] 796861K->785704K(2009472K), [Metaspace: 10567K->10567K(12288K)], 2.3450928 secs] [Times: user=2.34 sys=0.00, real=2.35 secs] 

*** PauseDetector detected a 2671 ms pause at Mon Dec 22 01:39:33 EET 2014 ***

[Full GC (System.gc()) [Tenured: 785704K->785705K(1385856K), 2.4848274 secs] 796863K->785705K(2009472K), [Metaspace: 10567K->10567K(12288K)], 2.4849403 secs] [Times: user=2.48 sys=0.00, real=2.49 secs] 
[Full GC (System.gc()) [Tenured: 785705K->782047K(1385856K), 2.3365239 secs] 785705K->782047K(2009472K), [Metaspace: 10567K->10567K(12288K)], 2.3365617 secs] [Times: user=2.34 sys=0.00, real=2.33 secs] 
[Full GC (System.gc()) [Tenured: 782047K->782048K(1385856K), 2.2811174 secs] 782049K->782048K(2009472K), [Metaspace: 10567K->10567K(12288K)], 2.2811604 secs] [Times: user=2.28 sys=0.00, real=2.28 secs] 

*** PauseDetector detected a 9436 ms pause at Mon Dec 22 01:39:42 EET 2014 ***


*** PauseDetector detected a 2290 ms pause at Mon Dec 22 01:39:44 EET 2014 ***

[GC (Allocation Failure) [DefNew: 554368K->69248K(623616K), 0.2015299 secs] 1336416K->893615K(2009472K), 0.2015710 secs] [Times: user=0.20 sys=0.00, real=0.20 secs] 
[GC (Allocation Failure) [DefNew: 623616K->5954K(623616K), 0.0595594 secs] 1447983K->894858K(2009472K), 0.0596018 secs] [Times: user=0.05 sys=0.00, real=0.06 secs] 
[GC (Allocation Failure) [DefNew: 560322K->69247K(623616K), 0.1669053 secs] 1449226K->1000152K(2009472K), 0.1669470 secs] [Times: user=0.16 sys=0.00, real=0.17 secs] 
[GC (Allocation Failure) [DefNew: 623615K->5954K(623616K), 0.0678986 secs] 1554520K->1001392K(2009472K), 0.0679493 secs] [Times: user=0.06 sys=0.00, real=0.07 secs] 
[GC (Allocation Failure) [DefNew: 560322K->69248K(623616K), 0.1815602 secs] 1555760K->1106396K(2009472K), 0.1816128 secs] [Times: user=0.19 sys=0.00, real=0.18 secs] 
[GC (Allocation Failure) [DefNew: 623616K->5954K(623616K), 0.0491723 secs] 1660764K->1107632K(2009472K), 0.0492108 secs] [Times: user=0.05 sys=0.00, real=0.05 secs] 
[Full GC (System.gc()) [Tenured: 1101678K->781156K(1385856K), 2.2903670 secs] 1152265K->781156K(2009472K), [Metaspace: 10567K->10567K(12288K)], 2.2904312 secs] [Times: user=2.28 sys=0.00, real=2.29 secs] 
[Full GC (System.gc()) [Tenured: 781156K->781156K(1385856K), 2.3747246 secs] 781156K->781156K(2009472K), [Metaspace: 10567K->10567K(12288K)], 2.3748433 secs] [Times: user=2.37 sys=0.00, real=2.37 secs] 
[Full GC (System.gc()) [Tenured: 781156K->711865K(1385856K), 2.4191897 secs] 781158K->711865K(2009472K), [Metaspace: 10567K->10567K(12288K)], 2.4192314 secs] [Times: user=2.42 sys=0.00, real=2.43 secs] 

*** PauseDetector detected a 4657 ms pause at Mon Dec 22 01:39:59 EET 2014 ***

********************************
********** ROUND   41 **********
********************************

*** PauseDetector detected a 2434 ms pause at Mon Dec 22 01:40:01 EET 2014 ***

[GC (Allocation Failure) [DefNew: 554368K->69247K(623616K), 0.0930561 secs] 1266233K->786655K(2009472K), 0.0931055 secs] [Times: user=0.09 sys=0.00, real=0.09 secs] 
[GC (Allocation Failure) [DefNew: 623615K->5895K(623616K), 0.0524334 secs] 1341023K->787440K(2009472K), 0.0525072 secs] [Times: user=0.05 sys=0.00, real=0.05 secs] 
[GC (Allocation Failure) [DefNew: 560263K->69247K(623616K), 0.1724569 secs] 1341808K->891984K(2009472K), 0.1725005 secs] [Times: user=0.17 sys=0.00, real=0.17 secs] 
[GC (Allocation Failure) [DefNew: 623615K->5888K(623616K), 0.0548958 secs] 1446352K->893224K(2009472K), 0.0549426 secs] [Times: user=0.05 sys=0.00, real=0.06 secs] 
[GC (Allocation Failure) [DefNew: 560256K->69248K(623616K), 0.1495603 secs] 1447592K->997598K(2009472K), 0.1496020 secs] [Times: user=0.14 sys=0.00, real=0.15 secs] 
[GC (Allocation Failure) [DefNew: 623616K->5897K(623616K), 0.0598006 secs] 1551966K->998841K(2009472K), 0.0598513 secs] [Times: user=0.06 sys=0.00, real=0.06 secs] 
[GC (Allocation Failure) [DefNew: 560265K->69247K(623616K), 0.1370695 secs] 1553209K->1102338K(2009472K), 0.1371324 secs] [Times: user=0.14 sys=0.00, real=0.14 secs] 
[GC (Allocation Failure) [DefNew: 623615K->5893K(623616K), 0.0471552 secs] 1656706K->1103550K(2009472K), 0.0472174 secs] [Times: user=0.05 sys=0.00, real=0.05 secs] 
[GC (Allocation Failure) [DefNew: 560261K->69248K(623616K), 0.1458687 secs] 1657918K->1206896K(2009472K), 0.1459143 secs] [Times: user=0.16 sys=0.00, real=0.15 secs] 
[GC (Allocation Failure) [DefNew: 623616K->5900K(623616K), 0.0513216 secs] 1761264K->1208115K(2009472K), 0.0513671 secs] [Times: user=0.06 sys=0.00, real=0.05 secs] 
[GC (Allocation Failure) [DefNew: 560268K->69247K(623616K), 0.1168047 secs] 1762483K->1311318K(2009472K), 0.1168496 secs] [Times: user=0.11 sys=0.00, real=0.11 secs] 
[GC (Allocation Failure) [DefNew: 623615K->5899K(623616K), 0.0507307 secs] 1865686K->1312537K(2009472K), 0.0507698 secs] [Times: user=0.05 sys=0.00, real=0.05 secs] 
[GC (Allocation Failure) [DefNew: 560267K->560267K(623616K), 0.0000186 secs][Tenured: 1306637K->853092K(1385856K), 2.6149736 secs] 1866905K->853092K(2009472K), [Metaspace: 10567K->10567K(12288K)], 2.6150448 secs] [Times: user=2.60 sys=0.00, real=2.61 secs] 

*** PauseDetector detected a 2617 ms pause at Mon Dec 22 01:40:24 EET 2014 ***

[GC (Allocation Failure) [DefNew: 554368K->5896K(623616K), 0.0118384 secs] 1407460K->858988K(2009472K), 0.0119744 secs] [Times: user=0.00 sys=0.00, real=0.01 secs] 
[GC (Allocation Failure) [DefNew: 560264K->69248K(623616K), 0.1196841 secs] 1413356K->961979K(2009472K), 0.1197245 secs] [Times: user=0.11 sys=0.00, real=0.12 secs] 
[GC (Allocation Failure) [DefNew: 623616K->5891K(623616K), 0.0494873 secs] 1516347K->963178K(2009472K), 0.0495303 secs] [Times: user=0.05 sys=0.00, real=0.05 secs] 
[GC (Allocation Failure) [DefNew: 560259K->69248K(623616K), 0.1305036 secs] 1517546K->1066081K(2009472K), 0.1305447 secs] [Times: user=0.13 sys=0.00, real=0.12 secs] 
[GC (Allocation Failure) [DefNew: 623616K->5899K(623616K), 0.0436515 secs] 1620449K->1067280K(2009472K), 0.0436907 secs] [Times: user=0.05 sys=0.00, real=0.04 secs] 
[GC (Allocation Failure) [DefNew: 560267K->69248K(623616K), 0.1256892 secs] 1621648K->1170081K(2009472K), 0.1257296 secs] [Times: user=0.12 sys=0.00, real=0.13 secs] 
[GC (Allocation Failure) [DefNew: 623616K->5899K(623616K), 0.0483100 secs] 1724449K->1171284K(2009472K), 0.0483549 secs] [Times: user=0.05 sys=0.00, real=0.05 secs] 
[GC (Allocation Failure) [DefNew: 560267K->69248K(623616K), 0.1213676 secs] 1725652K->1274007K(2009472K), 0.1214080 secs] [Times: user=0.13 sys=0.00, real=0.12 secs] 
[GC (Allocation Failure) [DefNew: 623616K->5887K(623616K), 0.0448866 secs] 1828375K->1275192K(2009472K), 0.0449257 secs] [Times: user=0.03 sys=0.00, real=0.04 secs] 
[GC (Allocation Failure) [DefNew: 560255K->69247K(623616K), 0.1492158 secs] 1829560K->1377257K(2009472K), 0.1492652 secs] [Times: user=0.14 sys=0.00, real=0.15 secs] 
[GC (Allocation Failure) [DefNew: 623615K->623615K(623616K), 0.0000302 secs][Tenured: 1308009K->853327K(1385856K), 2.9519498 secs] 1931625K->853327K(2009472K), [Metaspace: 10567K->10567K(12288K)], 2.9520486 secs] [Times: user=2.95 sys=0.00, real=2.95 secs] 

*** PauseDetector detected a 2956 ms pause at Mon Dec 22 01:40:44 EET 2014 ***

[GC (Allocation Failure) [DefNew: 554368K->69247K(623616K), 0.1169689 secs] 1407695K->961334K(2009472K), 0.1170113 secs] [Times: user=0.11 sys=0.00, real=0.12 secs] 
[GC (Allocation Failure) [DefNew: 623615K->5904K(623616K), 0.0456071 secs] 1515702K->962516K(2009472K), 0.0457476 secs] [Times: user=0.03 sys=0.00, real=0.05 secs] 
[GC (Allocation Failure) [DefNew: 560272K->69247K(623616K), 0.1138496 secs] 1516884K->1064542K(2009472K), 0.1138913 secs] [Times: user=0.11 sys=0.00, real=0.11 secs] 
[GC (Allocation Failure) [DefNew: 623615K->5891K(623616K), 0.0483838 secs] 1618910K->1065714K(2009472K), 0.0484268 secs] [Times: user=0.05 sys=0.00, real=0.05 secs] 
[GC (Allocation Failure) [DefNew: 560259K->69248K(623616K), 0.1018117 secs] 1620082K->1167675K(2009472K), 0.1018483 secs] [Times: user=0.11 sys=0.00, real=0.10 secs] 
[GC (Allocation Failure) [DefNew: 623616K->5904K(623616K), 0.0446627 secs] 1722043K->1168876K(2009472K), 0.0447114 secs] [Times: user=0.05 sys=0.00, real=0.05 secs] 
[GC (Allocation Failure) [DefNew: 560272K->69248K(623616K), 0.3569145 secs] 1723244K->1295480K(2009472K), 0.3570607 secs] [Times: user=0.36 sys=0.00, real=0.36 secs] 

*** PauseDetector detected a 360 ms pause at Mon Dec 22 01:40:55 EET 2014 ***

[GC (Allocation Failure) [DefNew: 623616K->5882K(623616K), 0.1131381 secs] 1849848K->1297111K(2009472K), 0.1131849 secs] [Times: user=0.11 sys=0.00, real=0.11 secs] 
[GC (Allocation Failure) [DefNew: 560250K->69248K(623616K), 0.4949296 secs] 1851479K->1416183K(2009472K), 0.4949694 secs] [Times: user=0.50 sys=0.00, real=0.49 secs] 

*** PauseDetector detected a 499 ms pause at Mon Dec 22 01:40:59 EET 2014 ***

[GC (Allocation Failure) [DefNew: 623616K->623616K(623616K), 0.0000199 secs][Tenured: 1346935K->869628K(1385856K), 2.7669354 secs] 1970551K->869628K(2009472K), [Metaspace: 10567K->10567K(12288K)], 2.7670188 secs] [Times: user=2.76 sys=0.00, real=2.76 secs] 

*** PauseDetector detected a 2761 ms pause at Mon Dec 22 01:41:03 EET 2014 ***

[GC (Allocation Failure) [DefNew: 554368K->69247K(623616K), 0.4067842 secs] 1423996K->992042K(2009472K), 0.4068939 secs] [Times: user=0.41 sys=0.00, real=0.41 secs] 

*** PauseDetector detected a 409 ms pause at Mon Dec 22 01:41:05 EET 2014 ***

[GC (Allocation Failure) [DefNew: 623615K->5911K(623616K), 0.0786437 secs] 1546410K->993523K(2009472K), 0.0786829 secs] [Times: user=0.08 sys=0.00, real=0.08 secs] 
[GC (Allocation Failure) [DefNew: 560279K->69248K(623616K), 0.3781654 secs] 1547891K->1105987K(2009472K), 0.3782109 secs] [Times: user=0.37 sys=0.00, real=0.37 secs] 

*** PauseDetector detected a 377 ms pause at Mon Dec 22 01:41:09 EET 2014 ***

[GC (Allocation Failure) [DefNew: 623616K->5910K(623616K), 0.0636886 secs] 1660355K->1107368K(2009472K), 0.0637521 secs] [Times: user=0.06 sys=0.00, real=0.06 secs] 
[GC (Allocation Failure) [DefNew: 560278K->69247K(623616K), 0.3200270 secs] 1661736K->1218637K(2009472K), 0.3200681 secs] [Times: user=0.33 sys=0.00, real=0.32 secs] 
[GC (Allocation Failure) [DefNew: 623615K->5907K(623616K), 0.0804818 secs] 1773005K->1219999K(2009472K), 0.0805993 secs] [Times: user=0.08 sys=0.00, real=0.07 secs] 
[GC (Allocation Failure) [DefNew: 560275K->69247K(623616K), 0.3213712 secs] 1774367K->1328770K(2009472K), 0.3214225 secs] [Times: user=0.33 sys=0.00, real=0.32 secs] 
[GC (Allocation Failure) [DefNew: 623615K->5914K(623616K), 0.0722748 secs] 1883138K->1330076K(2009472K), 0.0723428 secs] [Times: user=0.06 sys=0.00, real=0.07 secs] 
[GC (Allocation Failure) [DefNew: 560282K->560282K(623616K), 0.0000199 secs][Tenured: 1324162K->788721K(1385856K), 2.4213691 secs] 1884444K->788721K(2009472K), [Metaspace: 10567K->10567K(12288K)], 2.4214480 secs] [Times: user=2.42 sys=0.00, real=2.41 secs] 

*** PauseDetector detected a 2416 ms pause at Mon Dec 22 01:41:22 EET 2014 ***

[GC (Allocation Failure) [DefNew: 554368K->5918K(623616K), 0.0144021 secs] 1343089K->794640K(2009472K), 0.0145067 secs] [Times: user=0.00 sys=0.00, real=0.01 secs] 
[GC (Allocation Failure) [DefNew: 560286K->69248K(623616K), 0.2102868 secs] 1349008K->902131K(2009472K), 0.2104016 secs] [Times: user=0.22 sys=0.00, real=0.21 secs] 
[GC (Allocation Failure) [DefNew: 623616K->5909K(623616K), 0.0605237 secs] 1456499K->903418K(2009472K), 0.0606001 secs] [Times: user=0.06 sys=0.00, real=0.06 secs] 
[GC (Allocation Failure) [DefNew: 560277K->69248K(623616K), 0.2340443 secs] 1457786K->1010453K(2009472K), 0.2340854 secs] [Times: user=0.22 sys=0.00, real=0.23 secs] 
[GC (Allocation Failure) [DefNew: 623616K->5883K(623616K), 0.0483389 secs] 1564821K->1011724K(2009472K), 0.0484826 secs] [Times: user=0.05 sys=0.00, real=0.05 secs] 
[GC (Allocation Failure) [DefNew: 560251K->69247K(623616K), 0.1981777 secs] 1566092K->1117366K(2009472K), 0.1983284 secs] [Times: user=0.19 sys=0.00, real=0.19 secs] 
[GC (Allocation Failure) [DefNew: 623615K->5909K(623616K), 0.0577996 secs] 1671734K->1118606K(2009472K), 0.0578387 secs] [Times: user=0.06 sys=0.00, real=0.06 secs] 
[GC (Allocation Failure) [DefNew: 560277K->69248K(623616K), 0.1922559 secs] 1672974K->1223898K(2009472K), 0.1922976 secs] [Times: user=0.19 sys=0.00, real=0.18 secs] 
[GC (Allocation Failure) [DefNew: 623616K->5915K(623616K), 0.0507435 secs] 1778266K->1225146K(2009472K), 0.0507859 secs] [Times: user=0.05 sys=0.00, real=0.05 secs] 
[GC (Allocation Failure) [DefNew: 560283K->69247K(623616K), 0.1781990 secs] 1779514K->1330143K(2009472K), 0.1783126 secs] [Times: user=0.19 sys=0.00, real=0.17 secs] 
[GC (Allocation Failure) [DefNew: 623615K->5914K(623616K), 0.0548695 secs] 1884511K->1331385K(2009472K), 0.0549093 secs] [Times: user=0.05 sys=0.00, real=0.06 secs] 
[GC (Allocation Failure) [DefNew: 560282K->560282K(623616K), 0.0000212 secs][Tenured: 1325471K->854758K(1385856K), 2.4996298 secs] 1885753K->854758K(2009472K), [Metaspace: 10567K->10567K(12288K)], 2.4997126 secs]
*** PauseDetector detected a 2496 ms pause at Mon Dec 22 01:41:43 EET 2014 ***

 [Times: user=2.48 sys=0.00, real=2.50 secs] 
[GC (Allocation Failure) [DefNew: 554368K->5915K(623616K), 0.0127263 secs] 1409126K->860674K(2009472K), 0.0127686 secs] [Times: user=0.02 sys=0.00, real=0.01 secs] 
[GC (Allocation Failure) [DefNew: 560283K->69248K(623616K), 0.1317707 secs] 1415042K->965228K(2009472K), 0.1318374 secs] [Times: user=0.14 sys=0.00, real=0.13 secs] 
[GC (Allocation Failure) [DefNew: 623616K->5915K(623616K), 0.0516764 secs] 1519596K->966465K(2009472K), 0.0517181 secs] [Times: user=0.05 sys=0.00, real=0.05 secs] 
[GC (Allocation Failure) [DefNew: 560283K->69248K(623616K), 0.1798863 secs] 1520833K->1070828K(2009472K), 0.1799325 secs] [Times: user=0.17 sys=0.00, real=0.18 secs] 
[GC (Allocation Failure) [DefNew: 623616K->5911K(623616K), 0.0505305 secs] 1625196K->1072068K(2009472K), 0.0505709 secs] [Times: user=0.05 sys=0.00, real=0.05 secs] 
[GC (Allocation Failure) [DefNew: 560279K->69248K(623616K), 0.1555507 secs] 1626436K->1175548K(2009472K), 0.1555931 secs] [Times: user=0.16 sys=0.00, real=0.15 secs] 
[GC (Allocation Failure) [DefNew: 623616K->5883K(623616K), 0.0631054 secs] 1729916K->1176754K(2009472K), 0.0631638 secs] [Times: user=0.06 sys=0.00, real=0.06 secs] 
[GC (Allocation Failure) [DefNew: 560251K->69248K(623616K), 0.1428604 secs] 1731122K->1280132K(2009472K), 0.1429021 secs] [Times: user=0.14 sys=0.00, real=0.14 secs] 
[GC (Allocation Failure) [DefNew: 623616K->5906K(623616K), 0.0489195 secs] 1834500K->1281335K(2009472K), 0.0489625 secs] [Times: user=0.06 sys=0.00, real=0.05 secs] 
[GC (Allocation Failure) [DefNew: 560274K->69248K(623616K), 0.1359968 secs] 1835703K->1384562K(2009472K), 0.1360449 secs] [Times: user=0.14 sys=0.00, real=0.14 secs] 
[GC (Allocation Failure) [DefNew: 623616K->623616K(623616K), 0.0000295 secs][Tenured: 1315314K->854405K(1385856K), 2.6599320 secs] 1938930K->854405K(2009472K), [Metaspace: 10567K->10567K(12288K)]
*** PauseDetector detected a 2662 ms pause at Mon Dec 22 01:42:03 EET 2014 ***

, 2.6600379 secs] [Times: user=2.65 sys=0.00, real=2.66 secs] 
[GC (Allocation Failure) [DefNew: 554368K->69247K(623616K), 0.1411011 secs] 1408773K->963411K(2009472K), 0.1411473 secs] [Times: user=0.14 sys=0.00, real=0.14 secs] 
[GC (Allocation Failure) [DefNew: 623615K->5903K(623616K), 0.0491274 secs] 1517779K->964634K(2009472K), 0.0491685 secs] [Times: user=0.05 sys=0.00, real=0.05 secs] 
[GC (Allocation Failure) [DefNew: 560271K->69248K(623616K), 0.1407913 secs] 1519002K->1067645K(2009472K), 0.1408317 secs] [Times: user=0.14 sys=0.00, real=0.14 secs] 
[GC (Allocation Failure) [DefNew: 623616K->5918K(623616K), 0.0500096 secs] 1622013K->1068843K(2009472K), 0.0500545 secs] [Times: user=0.05 sys=0.00, real=0.05 secs] 
[GC (Allocation Failure) [DefNew: 560286K->69247K(623616K), 0.1360494 secs] 1623211K->1171741K(2009472K), 0.1360956 secs] [Times: user=0.14 sys=0.00, real=0.14 secs] 
[GC (Allocation Failure) [DefNew: 623615K->5912K(623616K), 0.0489240 secs] 1726109K->1172932K(2009472K), 0.0489651 secs] [Times: user=0.05 sys=0.00, real=0.05 secs] 
[GC (Allocation Failure) [DefNew: 560280K->69248K(623616K), 0.1589645 secs] 1727300K->1275714K(2009472K), 0.1590159 secs] [Times: user=0.16 sys=0.00, real=0.16 secs] 
[GC (Allocation Failure) [DefNew: 623616K->5921K(623616K), 0.0501507 secs] 1830082K->1276943K(2009472K), 0.0501950 secs] [Times: user=0.05 sys=0.00, real=0.05 secs] 
[GC (Allocation Failure) [DefNew: 560289K->69248K(623616K), 0.1277634 secs] 1831311K->1379641K(2009472K), 0.1278090 secs] [Times: user=0.13 sys=0.00, real=0.13 secs] 
[GC (Allocation Failure) [DefNew: 623616K->623616K(623616K), 0.0000192 secs][Tenured: 1310393K->853872K(1385856K), 2.6650557 secs] 1934009K->853872K(2009472K), [Metaspace: 10567K->10567K(12288K)], 2.6652469 secs] [Times: user=2.64 sys=0.00, real=2.66 secs] 

*** PauseDetector detected a 2666 ms pause at Mon Dec 22 01:42:21 EET 2014 ***

[GC (Allocation Failure) [DefNew: 554368K->69247K(623616K), 0.1097493 secs] 1408240K->961962K(2009472K), 0.1097884 secs] [Times: user=0.09 sys=0.00, real=0.10 secs] 
[GC (Allocation Failure) [DefNew: 623615K->5885K(623616K), 0.0416960 secs] 1516330K->963113K(2009472K), 0.0417352 secs] [Times: user=0.05 sys=0.00, real=0.04 secs] 
[GC (Allocation Failure) [DefNew: 560253K->69248K(623616K), 0.1183643 secs] 1517481K->1065224K(2009472K), 0.1184099 secs] [Times: user=0.11 sys=0.00, real=0.11 secs] 
[GC (Allocation Failure) [DefNew: 623616K->5908K(623616K), 0.0445440 secs] 1619592K->1066421K(2009472K), 0.0445863 secs] [Times: user=0.05 sys=0.00, real=0.04 secs] 
[GC (Allocation Failure) [DefNew: 560276K->69247K(623616K), 0.1080914 secs] 1620789K->1168461K(2009472K), 0.1082050 secs] [Times: user=0.09 sys=0.00, real=0.11 secs] 
[GC (Allocation Failure) [DefNew: 623615K->5919K(623616K), 0.0455622 secs] 1722829K->1169643K(2009472K), 0.0456039 secs] [Times: user=0.05 sys=0.00, real=0.05 secs] 
[GC (Allocation Failure) [DefNew: 560287K->69248K(623616K), 0.1036960 secs] 1724011K->1271608K(2009472K), 0.1037916 secs] [Times: user=0.11 sys=0.00, real=0.10 secs] 
[GC (Allocation Failure) [DefNew: 623616K->5924K(623616K), 0.0462955 secs] 1825976K->1272796K(2009472K), 0.0463385 secs] [Times: user=0.03 sys=0.00, real=0.04 secs] 
[GC (Allocation Failure) [DefNew: 560292K->69247K(623616K), 0.3454938 secs] 1827164K->1399391K(2009472K), 0.3455682 secs] [Times: user=0.33 sys=0.00, real=0.35 secs] 
[GC (Allocation Failure) [DefNew: 623615K->623615K(623616K), 0.0000199 secs][Tenured: 1330143K->807714K(1385856K), 2.6846263 secs] 1953759K->807714K(2009472K), [Metaspace: 10567K->10567K(12288K)], 2.6847065 secs] [Times: user=2.68 sys=0.00, real=2.68 secs] 

*** PauseDetector detected a 2689 ms pause at Mon Dec 22 01:42:40 EET 2014 ***

[GC (Allocation Failure) [DefNew: 554368K->69248K(623616K), 0.4248593 secs] 1362082K->932689K(2009472K), 0.4248971 secs] [Times: user=0.42 sys=0.00, real=0.41 secs] 

*** PauseDetector detected a 419 ms pause at Mon Dec 22 01:42:42 EET 2014 ***

[GC (Allocation Failure) [DefNew: 623616K->5918K(623616K), 0.1036318 secs] 1487057K->934189K(2009472K), 0.1037826 secs] [Times: user=0.09 sys=0.00, real=0.10 secs] 
[GC (Allocation Failure) [DefNew: 560286K->69248K(623616K), 0.4539458 secs] 1488557K->1050701K(2009472K), 0.4539849 secs] [Times: user=0.45 sys=0.00, real=0.45 secs] 

*** PauseDetector detected a 450 ms pause at Mon Dec 22 01:42:46 EET 2014 ***

[GC (Allocation Failure) [DefNew: 623616K->5890K(623616K), 0.0887030 secs] 1605069K->1052145K(2009472K), 0.0887421 secs] [Times: user=0.09 sys=0.00, real=0.09 secs] 
[GC (Allocation Failure) [DefNew: 560258K->69247K(623616K), 0.3208200 secs] 1606513K->1164642K(2009472K), 0.3208585 secs] [Times: user=0.31 sys=0.00, real=0.32 secs] 
[GC (Allocation Failure) [DefNew: 623615K->5921K(623616K), 0.0741129 secs] 1719010K->1166022K(2009472K), 0.0741553 secs] [Times: user=0.08 sys=0.00, real=0.07 secs] 
[GC (Allocation Failure) [DefNew: 560289K->69247K(623616K), 0.3334225 secs] 1720390K->1277280K(2009472K), 0.3334649 secs] [Times: user=0.33 sys=0.00, real=0.33 secs] 
[GC (Allocation Failure) [DefNew: 623615K->5921K(623616K), 0.0712380 secs] 1831648K->1278656K(2009472K), 0.0713432 secs] [Times: user=0.06 sys=0.00, real=0.07 secs] 
[Full GC (System.gc()) [Tenured: 1272734K->789924K(1385856K), 2.2696787 secs] 1290375K->789924K(2009472K), [Metaspace: 10567K->10567K(12288K)], 2.2698340 secs] [Times: user=2.26 sys=0.00, real=2.26 secs] 
[Full GC (System.gc()) [Tenured: 789924K->789924K(1385856K), 2.4223424 secs] 789924K->789924K(2009472K), [Metaspace: 10567K->10567K(12288K)], 2.4223982 secs] [Times: user=2.40 sys=0.00, real=2.43 secs] 
[Full GC (System.gc()) [Tenured: 789924K->789925K(1385856K), 2.3716207 secs] 801083K->789925K(2009472K), [Metaspace: 10567K->10567K(12288K)], 2.3717400 secs] [Times: user=2.36 sys=0.00, real=2.37 secs] 

*** PauseDetector detected a 4697 ms pause at Mon Dec 22 01:43:00 EET 2014 ***

[Full GC (System.gc()) [Tenured: 789925K->719543K(1385856K), 2.3858149 secs] 801084K->719543K(2009472K), [Metaspace: 10567K->10567K(12288K)], 2.3858899 secs] [Times: user=2.37 sys=0.00, real=2.39 secs] 
[Full GC (System.gc()) [Tenured: 719543K->719544K(1385856K), 2.4397477 secs] 719545K->719544K(2009472K), [Metaspace: 10567K->10567K(12288K)], 2.4397887 secs] [Times: user=2.43 sys=0.00, real=2.44 secs] 
[Full GC (System.gc()) [Tenured: 719544K->719544K(1385856K), 2.2177913 secs] 730703K->719544K(2009472K), [Metaspace: 10567K->10567K(12288K)], 2.2178343 secs] [Times: user=2.20 sys=0.00, real=2.22 secs] 

*** PauseDetector detected a 4760 ms pause at Mon Dec 22 01:43:04 EET 2014 ***


*** PauseDetector detected a 4663 ms pause at Mon Dec 22 01:43:09 EET 2014 ***

[GC (Allocation Failure) [DefNew: 554368K->69247K(623616K), 0.1878271 secs] 1273912K->834211K(2009472K), 0.1878701 secs] [Times: user=0.19 sys=0.00, real=0.19 secs] 
[GC (Allocation Failure) [DefNew: 623615K->5954K(623616K), 0.0719258 secs] 1388579K->835508K(2009472K), 0.0719681 secs] [Times: user=0.08 sys=0.00, real=0.07 secs] 
[GC (Allocation Failure) [DefNew: 560322K->69248K(623616K), 0.2636255 secs] 1389876K->943590K(2009472K), 0.2636697 secs] [Times: user=0.26 sys=0.00, real=0.26 secs] 
[GC (Allocation Failure) [DefNew: 623616K->5954K(623616K), 0.0755231 secs] 1497958K->944882K(2009472K), 0.0755693 secs] [Times: user=0.06 sys=0.00, real=0.08 secs] 
[GC (Allocation Failure) [DefNew: 560322K->69248K(623616K), 0.2300839 secs] 1499250K->1052383K(2009472K), 0.2301243 secs] [Times: user=0.23 sys=0.00, real=0.23 secs] 
[GC (Allocation Failure) [DefNew: 623616K->5954K(623616K), 0.0652149 secs] 1606751K->1053670K(2009472K), 0.0652560 secs] [Times: user=0.06 sys=0.00, real=0.07 secs] 
[Full GC (System.gc()) [Tenured: 1047715K->789396K(1385856K), 2.5427161 secs] 1064830K->789396K(2009472K), [Metaspace: 10567K->10567K(12288K)], 2.5428707 secs] [Times: user=2.54 sys=0.00, real=2.54 secs] 
[Full GC (System.gc()) [Tenured: 789396K->720104K(1385856K), 2.1181712 secs] 789396K->720104K(2009472K), [Metaspace: 10567K->10567K(12288K)], 2.1182097 secs] [Times: user=2.09 sys=0.00, real=2.12 secs] 
[Full GC (System.gc()) [Tenured
*** PauseDetector detected a 4665 ms pause at Mon Dec 22 01:43:24 EET 2014 ***

: 720104K->720104K(1385856K), 2.4297596 secs] 720106K->720104K(2009472K), [Metaspace: 10567K->10567K(12288K)], 2.4298161 secs] [Times: user=2.43 sys=0.00, real=2.43 secs] 

*** PauseDetector detected a 2431 ms pause at Mon Dec 22 01:43:26 EET 2014 ***

********************************
********** ROUND   42 **********
********************************
[GC (Allocation Failure) [DefNew: 554368K->69247K(623616K), 0.1949903 secs] 1274472K->833010K(2009472K), 0.1950372 secs] [Times: user=0.19 sys=0.00, real=0.20 secs] 
[GC (Allocation Failure) [DefNew: 623615K->5887K(623616K), 0.0755289 secs] 1387378K->834282K(2009472K), 0.0755719 secs] [Times: user=0.08 sys=0.00, real=0.08 secs] 
[GC (Allocation Failure) [DefNew: 560255K->69248K(623616K), 0.2009852 secs] 1388650K->939898K(2009472K), 0.2010301 secs] [Times: user=0.20 sys=0.00, real=0.20 secs] 
[GC (Allocation Failure) [DefNew: 623616K->5893K(623616K), 0.0657577 secs] 1494266K->941144K(2009472K), 0.0657975 secs] [Times: user=0.06 sys=0.00, real=0.07 secs] 
[GC (Allocation Failure) [DefNew: 560261K->69248K(623616K), 0.1772251 secs] 1495512K->1046436K(2009472K), 0.1773656 secs] [Times: user=0.17 sys=0.00, real=0.17 secs] 
[GC (Allocation Failure) [DefNew: 623616K->5889K(623616K), 0.0560468 secs] 1600804K->1047675K(2009472K), 0.0560968 secs] [Times: user=0.06 sys=0.00, real=0.06 secs] 
[GC (Allocation Failure) [DefNew: 560257K->69248K(623616K), 0.1837743 secs] 1602043K->1152682K(2009472K), 0.1838121 secs] [Times: user=0.19 sys=0.00, real=0.18 secs] 
[GC (Allocation Failure) [DefNew: 623616K->5890K(623616K), 0.0562701 secs] 1707050K->1153915K(2009472K), 0.0563105 secs] [Times: user=0.05 sys=0.00, real=0.06 secs] 
[GC (Allocation Failure) [DefNew: 560258K->69248K(623616K), 0.1671305 secs] 1708283K->1258685K(2009472K), 0.1672441 secs] [Times: user=0.16 sys=0.00, real=0.16 secs] 
[GC (Allocation Failure) [DefNew: 623616K->5889K(623616K), 0.0466836 secs] 1813053K->1259915K(2009472K), 0.0468331 secs] [Times: user=0.03 sys=0.00, real=0.04 secs] 
[GC (Allocation Failure) [DefNew: 560257K->69247K(623616K), 0.1605839 secs] 1814283K->1364470K(2009472K), 0.1606275 secs] [Times: user=0.16 sys=0.00, real=0.16 secs] 
[GC (Allocation Failure) [DefNew: 623615K->5902K(623616K), 0.0615727 secs] 1918838K->1365720K(2009472K), 0.0616202 secs] [Times: user=0.06 sys=0.00, real=0.06 secs] 
[GC (Allocation Failure) [DefNew: 560270K->560270K(623616K), 0.0000289 secs][Tenured: 1359817K->854347K(1385856K), 2.5849793 secs] 1920088K->854347K(2009472K), [Metaspace: 10569K->10569K(12288K)], 2.5850980 secs] [Times: user=2.59 sys=0.00, real=2.58 secs] 

*** PauseDetector detected a 2588 ms pause at Mon Dec 22 01:43:49 EET 2014 ***

[GC (Allocation Failure) [DefNew: 554368K->5893K(623616K), 0.0135751 secs] 1408715K->860240K(2009472K), 0.0136168 secs] [Times: user=0.02 sys=0.00, real=0.01 secs] 
[GC (Allocation Failure) [DefNew: 560261K->69248K(623616K), 0.1493024 secs] 1414608K->963741K(2009472K), 0.1494057 secs] [Times: user=0.14 sys=0.00, real=0.15 secs] 
[GC (Allocation Failure) [DefNew: 623616K->5903K(623616K), 0.0499993 secs] 1518109K->964967K(2009472K), 0.0500384 secs] [Times: user=0.06 sys=0.00, real=0.05 secs] 
[GC (Allocation Failure) [DefNew: 560271K->69247K(623616K), 0.1709364 secs] 1519335K->1068318K(2009472K), 0.1709838 secs] [Times: user=0.17 sys=0.00, real=0.17 secs] 
[GC (Allocation Failure) [DefNew: 623615K->5897K(623616K), 0.0463795 secs] 1622686K->1069519K(2009472K), 0.0464347 secs] [Times: user=0.05 sys=0.00, real=0.05 secs] 
[GC (Allocation Failure) [DefNew: 560265K->69247K(623616K), 0.1551549 secs] 1623887K->1172743K(2009472K), 0.1551966 secs] [Times: user=0.16 sys=0.00, real=0.15 secs] 
[GC (Allocation Failure) [DefNew: 623615K->5886K(623616K), 0.0460145 secs] 1727111K->1173929K(2009472K), 0.0461530 secs] [Times: user=0.03 sys=0.00, real=0.04 secs] 
[GC (Allocation Failure) [DefNew: 560254K->69247K(623616K), 0.1420532 secs] 1728297K->1277041K(2009472K), 0.1420924 secs] [Times: user=0.14 sys=0.00, real=0.14 secs] 
[GC (Allocation Failure) [DefNew: 623615K->5897K(623616K), 0.0425185 secs] 1831409K->1278243K(2009472K), 0.0426167 secs] [Times: user=0.05 sys=0.00, real=0.04 secs] 
[GC (Allocation Failure) [DefNew: 560265K->69248K(623616K), 0.1367930 secs] 1832611K->1381247K(2009472K), 0.1368379 secs] [Times: user=0.14 sys=0.00, real=0.14 secs] 
[GC (Allocation Failure) [DefNew: 623616K->623616K(623616K), 0.0000186 secs][Tenured: 1311999K->854150K(1385856K), 2.2575119 secs] 1935615K->854150K(2009472K), [Metaspace: 10569K->10569K(12288K)], 2.2575895 secs] [Times: user=2.25 sys=0.00, real=2.26 secs] 

*** PauseDetector detected a 2257 ms pause at Mon Dec 22 01:44:09 EET 2014 ***

[GC (Allocation Failure) [DefNew: 554368K->69248K(623616K), 0.1374961 secs] 1408518K->962943K(2009472K), 0.1375423 secs] [Times: user=0.14 sys=0.00, real=0.14 secs] 
[GC (Allocation Failure) [DefNew: 623616K->5903K(623616K), 0.0500647 secs] 1517311K->964148K(2009472K), 0.0501135 secs] [Times: user=0.05 sys=0.00, real=0.05 secs] 
[GC (Allocation Failure) [DefNew: 560271K->69247K(623616K), 0.0978974 secs] 1518516K->1066954K(2009472K), 0.0979988 secs] [Times: user=0.11 sys=0.00, real=0.10 secs] 
[GC (Allocation Failure) [DefNew: 623615K->5894K(623616K), 0.0536332 secs] 1621322K->1068143K(2009472K), 0.0536864 secs] [Times: user=0.06 sys=0.00, real=0.05 secs] 
[GC (Allocation Failure) [DefNew: 560262K->69247K(623616K), 0.1104203 secs] 1622511K->1170872K(2009472K), 0.1105301 secs] [Times: user=0.11 sys=0.00, real=0.11 secs] 
[GC (Allocation Failure) [DefNew: 623615K->5908K(623616K), 0.0529422 secs] 1725240K->1172076K(2009472K), 0.0529858 secs] [Times: user=0.05 sys=0.00, real=0.05 secs] 
[GC (Allocation Failure) [DefNew: 560276K->69248K(623616K), 0.1318336 secs] 1726444K->1274246K(2009472K), 0.1318753 secs] [Times: user=0.14 sys=0.00, real=0.13 secs] 
[GC (Allocation Failure) [DefNew: 623616K->5909K(623616K), 0.0458438 secs] 1828614K->1275433K(2009472K), 0.0458842 secs] [Times: user=0.05 sys=0.00, real=0.05 secs] 
[GC (Allocation Failure) [DefNew: 560277K->69248K(623616K), 0.1043536 secs] 1829801K->1377530K(2009472K), 0.1043972 secs] [Times: user=0.09 sys=0.00, real=0.10 secs] 
[GC (Allocation Failure) [DefNew: 623616K->623616K(623616K), 0.0000654 secs][Tenured: 1308282K->783978K(1385856K), 2.4432789 secs] 1931898K->783978K(2009472K), [Metaspace: 10569K->10569K(12288K)], 2.4434438 secs] [Times: user=2.43 sys=0.00, real=2.44 secs] 

*** PauseDetector detected a 2445 ms pause at Mon Dec 22 01:44:26 EET 2014 ***

[GC (Allocation Failure) [DefNew: 554368K->69247K(623616K), 0.1019541 secs] 1338346K->891912K(2009472K), 0.1019926 secs] [Times: user=0.09 sys=0.00, real=0.10 secs] 
[GC (Allocation Failure) [DefNew: 623615K->5908K(623616K), 0.0416075 secs] 1446280K->893097K(2009472K), 0.0418121 secs] [Times: user=0.05 sys=0.00, real=0.04 secs] 
[GC (Allocation Failure) [DefNew: 560276K->69248K(623616K), 0.1014582 secs] 1447465K->995068K(2009472K), 0.1015005 secs] [Times: user=0.09 sys=0.00, real=0.10 secs] 
[GC (Allocation Failure) [DefNew: 623616K->5904K(623616K), 0.0426860 secs] 1549436K->996241K(2009472K), 0.0427925 secs] [Times: user=0.05 sys=0.00, real=0.04 secs] 
[GC (Allocation Failure) [DefNew: 560272K->69248K(623616K), 0.3699949 secs] 1550609K->1122860K(2009472K), 0.3700340 secs] [Times: user=0.37 sys=0.00, real=0.37 secs] 

*** PauseDetector detected a 373 ms pause at Mon Dec 22 01:44:35 EET 2014 ***

[GC (Allocation Failure) [DefNew: 623616K->5918K(623616K), 0.1289131 secs] 1677228K->1124513K(2009472K), 0.1289670 secs] [Times: user=0.13 sys=0.00, real=0.13 secs] 
[GC (Allocation Failure) [DefNew: 560286K->69247K(623616K), 0.4825113 secs] 1678881K->1243555K(2009472K), 0.4826139 secs] [Times: user=0.48 sys=0.00, real=0.48 secs] 

*** PauseDetector detected a 497 ms pause at Mon Dec 22 01:44:39 EET 2014 ***

[GC (Allocation Failure) [DefNew: 623615K->5912K(623616K), 0.0956044 secs] 1797923K->1245063K(2009472K), 0.0956449 secs] [Times: user=0.09 sys=0.00, real=0.10 secs] 
[GC (Allocation Failure) [DefNew: 560280K->69248K(623616K), 0.3969777 secs] 1799431K->1361571K(2009472K), 0.3970271 secs] [Times: user=0.39 sys=0.00, real=0.40 secs] 

*** PauseDetector detected a 398 ms pause at Mon Dec 22 01:44:42 EET 2014 ***

[GC (Allocation Failure) [DefNew: 623616K->5896K(623616K), 0.0878760 secs] 1915939K->1363031K(2009472K), 0.0879177 secs] [Times: user=0.08 sys=0.00, real=0.09 secs] 
[GC (Allocation Failure) [DefNew: 560264K->560264K(623616K), 0.0000199 secs][Tenured: 1357135K->862311K(1385856K), 2.8665188 secs] 1917399K->862311K(2009472K), [Metaspace: 10569K->10569K(12288K)], 2.8666016 secs] [Times: user=2.85 sys=0.00, real=2.86 secs] 

*** PauseDetector detected a 2864 ms pause at Mon Dec 22 01:44:48 EET 2014 ***

[GC (Allocation Failure) [DefNew: 554368K->5904K(623616K), 0.0166457 secs] 1416679K->868216K(2009472K), 0.0166944 secs] [Times: user=0.01 sys=0.00, real=0.02 secs] 
[GC (Allocation Failure) [DefNew: 560272K->69248K(623616K), 0.3587064 secs] 1422584K->979501K(2009472K), 0.3587545 secs] [Times: user=0.36 sys=0.00, real=0.36 secs] 

*** PauseDetector detected a 360 ms pause at Mon Dec 22 01:44:52 EET 2014 ***

[GC (Allocation Failure) [DefNew: 623616K->5897K(623616K), 0.0759825 secs] 1533869K->980843K(2009472K), 0.0760248 secs] [Times: user=0.08 sys=0.00, real=0.08 secs] 
[GC (Allocation Failure) [DefNew: 560265K->69248K(623616K), 0.2342714 secs] 1535211K->1089620K(2009472K), 0.2343151 secs] [Times: user=0.22 sys=0.00, real=0.23 secs] 
[GC (Allocation Failure) [DefNew: 623616K->5916K(623616K), 0.0904160 secs] 1643988K->1090932K(2009472K), 0.0904596 secs] [Times: user=0.08 sys=0.00, real=0.09 secs] 
[GC (Allocation Failure) [DefNew: 560284K->69247K(623616K), 0.2736539 secs] 1645300K->1199004K(2009472K), 0.2736937 secs] [Times: user=0.25 sys=0.00, real=0.27 secs] 
[GC (Allocation Failure) [DefNew: 623615K->5916K(623616K), 0.0635237 secs] 1753372K->1200305K(2009472K), 0.0636084 secs] [Times: user=0.06 sys=0.00, real=0.06 secs] 
[GC (Allocation Failure) [DefNew: 560284K->69248K(623616K), 0.2690519 secs] 1754673K->1307797K(2009472K), 0.2691065 secs] [Times: user=0.28 sys=0.00, real=0.27 secs] 
[GC (Allocation Failure) [DefNew: 623616K->5905K(623616K), 0.0667694 secs] 1862165K->1309083K(2009472K), 0.0668163 secs] [Times: user=0.08 sys=0.00, real=0.07 secs] 
[GC (Allocation Failure) [DefNew: 560273K->69248K(623616K), 0.2313561 secs] 1863451K->1416124K(2009472K), 0.2314273 secs] [Times: user=0.23 sys=0.00, real=0.23 secs] 
[GC (Allocation Failure) [DefNew: 623616K->623616K(623616K), 0.0000289 secs][Tenured: 1346876K->858253K(1385856K), 2.5605789 secs] 1970492K->858253K(2009472K), [Metaspace: 10569K->10569K(12288K)], 2.5606777 secs] [Times: user=2.56 sys=0.00, real=2.55 secs] 

*** PauseDetector detected a 2554 ms pause at Mon Dec 22 01:45:09 EET 2014 ***

[GC (Allocation Failure) [DefNew: 554368K->69248K(623616K), 0.1917029 secs] 1412621K->969779K(2009472K), 0.1917459 secs] [Times: user=0.16 sys=0.00, real=0.19 secs] 
[GC (Allocation Failure) [DefNew: 623616K->5916K(623616K), 0.0593849 secs] 1524147K->971026K(2009472K), 0.0594908 secs] [Times: user=0.06 sys=0.00, real=0.06 secs] 
[GC (Allocation Failure) [DefNew: 560284K->69248K(623616K), 0.1686780 secs] 1525394K->1076310K(2009472K), 0.1687178 secs] [Times: user=0.17 sys=0.00, real=0.16 secs] 
[GC (Allocation Failure) [DefNew: 623616K->5904K(623616K), 0.0576013 secs] 1630678K->1077548K(2009472K), 0.0576546 secs] [Times: user=0.05 sys=0.00, real=0.06 secs] 
[GC (Allocation Failure) [DefNew: 560272K->69248K(623616K), 0.1597030 secs] 1631916K->1182560K(2009472K), 0.1598518 secs] [Times: user=0.16 sys=0.00, real=0.15 secs] 
[GC (Allocation Failure) [DefNew: 623616K->5881K(623616K), 0.0492204 secs] 1736928K->1183765K(2009472K), 0.0493333 secs] [Times: user=0.05 sys=0.00, real=0.04 secs] 
[GC (Allocation Failure) [DefNew: 560249K->69248K(623616K), 0.1485486 secs] 1738133K->1288561K(2009472K), 0.1485890 secs] [Times: user=0.14 sys=0.00, real=0.14 secs] 
[GC (Allocation Failure) [DefNew: 623616K->5918K(623616K), 0.0638047 secs] 1842929K->1289802K(2009472K), 0.0638496 secs] [Times: user=0.06 sys=0.00, real=0.06 secs] 
[GC (Allocation Failure) [DefNew: 560286K->69247K(623616K), 0.1773508 secs] 1844170K->1394363K(2009472K), 0.1773964 secs] [Times: user=0.17 sys=0.00, real=0.18 secs] 
[GC (Allocation Failure) [DefNew: 623615K->623615K(623616K), 0.0000205 secs][Tenured
*** PauseDetector detected a 2435 ms pause at Mon Dec 22 01:45:28 EET 2014 ***

: 1325115K->855738K(1385856K), 2.4389098 secs] 1948731K->855738K(2009472K), [Metaspace: 10569K->10569K(12288K)], 2.4389938 secs] [Times: user=2.42 sys=0.00, real=2.43 secs] 
[GC (Allocation Failure) [DefNew: 554368K->69248K(623616K), 0.1435937 secs] 1410106K->966013K(2009472K), 0.1436334 secs] [Times: user=0.14 sys=0.00, real=0.14 secs] 
[GC (Allocation Failure) [DefNew: 623616K->5883K(623616K), 0.0485140 secs] 1520381K->967228K(2009472K), 0.0486244 secs] [Times: user=0.05 sys=0.00, real=0.05 secs] 
[GC (Allocation Failure) [DefNew: 560251K->69247K(623616K), 0.1232743 secs] 1521596K->1070733K(2009472K), 0.1233179 secs] [Times: user=0.13 sys=0.00, real=0.12 secs] 
[GC (Allocation Failure) [DefNew: 623615K->5915K(623616K), 0.0437863 secs] 1625101K->1071973K(2009472K), 0.0439216 secs] [Times: user=0.03 sys=0.00, real=0.04 secs] 
[GC (Allocation Failure) [DefNew: 560283K->69248K(623616K), 0.1444476 secs] 1626341K->1175300K(2009472K), 0.1445015 secs] [Times: user=0.13 sys=0.00, real=0.13 secs] 
[GC (Allocation Failure) [DefNew: 623616K->5889K(623616K), 0.0429291 secs] 1729668K->1176506K(2009472K), 0.0430780 secs] [Times: user=0.03 sys=0.00, real=0.03 secs] 
[GC (Allocation Failure) [DefNew: 560257K->69247K(623616K), 0.1290536 secs] 1730874K->1279746K(2009472K), 0.1290915 secs] [Times: user=0.13 sys=0.00, real=0.13 secs] 
[GC (Allocation Failure) [DefNew: 623615K->5892K(623616K), 0.0474285 secs] 1834114K->1280931K(2009472K), 0.0474734 secs] [Times: user=0.05 sys=0.00, real=0.05 secs] 
[GC (Allocation Failure) [DefNew: 560260K->69248K(623616K), 0.1459855 secs] 1835299K->1384056K(2009472K), 0.1460323 secs] [Times: user=0.14 sys=0.00, real=0.15 secs] 
[GC (Allocation Failure) [DefNew: 623616K->623616K(623616K), 0.0000192 secs][Tenured: 1314808K->784982K(1385856K), 2.6241732 secs] 1938424K->784982K(2009472K), [Metaspace: 10569K->10569K(12288K)], 2.6242546 secs] [Times: user=2.62 sys=0.00, real=2.62 secs] 

*** PauseDetector detected a 2626 ms pause at Mon Dec 22 01:45:46 EET 2014 ***

[GC (Allocation Failure) [DefNew: 554368K->69248K(623616K), 0.1211687 secs] 1339350K->893881K(2009472K), 0.1212097 secs] [Times: user=0.13 sys=0.00, real=0.12 secs] 
[GC (Allocation Failure) [DefNew: 623616K->5924K(623616K), 0.0462339 secs] 1448249K->895104K(2009472K), 0.0462756 secs] [Times: user=0.05 sys=0.00, real=0.05 secs] 
[GC (Allocation Failure) [DefNew: 560292K->69247K(623616K), 0.1144366 secs] 1449472K->998016K(2009472K), 0.1144841 secs] [Times: user=0.11 sys=0.00, real=0.12 secs] 
[GC (Allocation Failure) [DefNew: 623615K->5882K(623616K), 0.0452946 secs] 1552384K->999181K(2009472K), 0.0454005 secs] [Times: user=0.05 sys=0.00, real=0.05 secs] 
[GC (Allocation Failure) [DefNew: 560250K->69247K(623616K), 0.1234912 secs] 1553549K->1102022K(2009472K), 0.1235361 secs] [Times: user=0.13 sys=0.00, real=0.12 secs] 
[GC (Allocation Failure) [DefNew: 623615K->5925K(623616K), 0.0544371 secs] 1656390K->1103227K(2009472K), 0.0544903 secs] [Times: user=0.05 sys=0.00, real=0.06 secs] 
[GC (Allocation Failure) [DefNew: 560293K->69248K(623616K), 0.1193735 secs] 1657595K->1205942K(2009472K), 0.1194178 secs] [Times: user=0.11 sys=0.00, real=0.11 secs] 
[GC (Allocation Failure) [DefNew: 623616K->5919K(623616K), 0.0463609 secs] 1760310K->1207141K(2009472K), 0.0464013 secs] [Times: user=0.05 sys=0.00, real=0.05 secs] 
[GC (Allocation Failure) [DefNew: 560287K->69247K(623616K), 0.1103029 secs] 1761509K->1309316K(2009472K), 0.1104409 secs] [Times: user=0.09 sys=0.00, real=0.11 secs] 
[GC (Allocation Failure) [DefNew: 623615K->5923K(623616K), 0.0461992 secs] 1863684K->1310501K(2009472K), 0.0462409 secs] [Times: user=0.05 sys=0.00, real=0.04 secs] 
[GC (Allocation Failure) [DefNew: 560291K->560291K(623616K), 0.0000199 secs][Tenured: 1304578K->852121K(1385856K), 2.4557358 secs] 1864869K->852121K(2009472K), [Metaspace: 10569K->10569K(12288K)], 2.4558185 secs] [Times: user=2.45 sys=0.00, real=2.45 secs] 

*** PauseDetector detected a 2454 ms pause at Mon Dec 22 01:46:05 EET 2014 ***

[GC (Allocation Failure) [DefNew: 554368K->5920K(623616K), 0.0123734 secs] 1406489K->858041K(2009472K), 0.0124158 secs] [Times: user=0.00 sys=0.00, real=0.00 secs] 
[GC (Allocation Failure) [DefNew: 560288K->69248K(623616K), 0.1088074 secs] 1412409K->960075K(2009472K), 0.1088498 secs] [Times: user=0.09 sys=0.00, real=0.10 secs] 
[GC (Allocation Failure) [DefNew: 623616K->5889K(623616K), 0.0467914 secs] 1514443K->961222K(2009472K), 0.0468312 secs] [Times: user=0.05 sys=0.00, real=0.05 secs] 
[GC (Allocation Failure) [DefNew: 560257K->69247K(623616K), 0.1085566 secs] 1515590K->1063221K(2009472K), 0.1085963 secs] [Times: user=0.09 sys=0.00, real=0.11 secs] 
[GC (Allocation Failure) [DefNew: 623615K->5923K(623616K), 0.0447544 secs] 1617589K->1064403K(2009472K), 0.0447935 secs] [Times: user=0.05 sys=0.00, real=0.05 secs] 
[GC (Allocation Failure) [DefNew: 560291K->69247K(623616K), 0.3755003 secs] 1618771K->1190978K(2009472K), 0.3756068 secs] [Times: user=0.37 sys=0.00, real=0.37 secs] 

*** PauseDetector detected a 374 ms pause at Mon Dec 22 01:46:15 EET 2014 ***

[GC (Allocation Failure) [DefNew: 623615K->5919K(623616K), 0.1039629 secs] 1745346K->1192658K(2009472K), 0.1040700 secs] [Times: user=0.11 sys=0.00, real=0.10 secs] 
[Full GC (System.gc()) [Tenured: 1186739K->864179K(1385856K), 2.3674029 secs] 1362568K->864179K(2009472K), [Metaspace: 10569K->10569K(12288K)], 2.3674594 secs] [Times: user=2.36 sys=0.00, real=2.36 secs] 

*** PauseDetector detected a 2363 ms pause at Mon Dec 22 01:46:20 EET 2014 ***

[Full GC (System.gc()) [Tenured: 864179K->864182K(1385856K), 2.3147738 secs] 875338K->864182K(2009472K), [Metaspace: 10569K->10569K(12288K)], 2.3148893 secs] [Times: user=2.32 sys=0.00, real=2.31 secs] 
[Full GC (System.gc()) [Tenured: 864182K->794812K(1385856K), 2.2411620 secs] 875342K->794812K(2009472K), [Metaspace: 10569K->10569K(12288K)], 2.2413115 secs] [Times: user=2.23 sys=0.00, real=2.24 secs] 

*** PauseDetector detected a 2315 ms pause at Mon Dec 22 01:46:22 EET 2014 ***

[Full GC (System.gc()) [Tenured: 794812K->794812K(1385856K), 2.0883039 secs] 794814K->794812K(2009472K), [Metaspace: 10569K->10569K(12288K)], 2.0884220 secs] [Times: user=2.09 sys=0.00, real=2.09 secs] 

*** PauseDetector detected a 4334 ms pause at Mon Dec 22 01:46:26 EET 2014 ***

[Full GC (System.gc()) [Tenured: 794812K->794947K(1385856K), 2.7026976 secs] 805972K->794947K(2009472K), [Metaspace: 10569K->10569K(12288K)], 2.7028079 secs] [Times: user=2.72 sys=0.00, real=2.71 secs] 

*** PauseDetector detected a 2706 ms pause at Mon Dec 22 01:46:29 EET 2014 ***

[Full GC (System.gc()) [Tenured: 794947K->794951K(1385856K), 2.8087700 secs] 806106K->794951K(2009472K), [Metaspace: 10569K->10569K(12288K)], 2.8088861 secs] [Times: user=2.76 sys=0.00, real=2.81 secs] 

*** PauseDetector detected a 2810 ms pause at Mon Dec 22 01:46:32 EET 2014 ***

[GC (Allocation Failure) [DefNew: 554368K->69247K(623616K), 0.4990742 secs] 1349319K->917426K(2009472K), 0.4991204 secs] [Times: user=0.50 sys=0.00, real=0.50 secs] 

*** PauseDetector detected a 501 ms pause at Mon Dec 22 01:46:34 EET 2014 ***

[GC (Allocation Failure) [DefNew: 623615K->5954K(623616K), 0.1119736 secs] 1471794K->918890K(2009472K), 0.1120179 secs] [Times: user=0.11 sys=0.00, real=0.11 secs] 
[GC (Allocation Failure) [DefNew: 560322K->69247K(623616K), 0.4410546 secs] 1473258K->1031292K(2009472K), 0.4411604 secs] [Times: user=0.44 sys=0.00, real=0.44 secs] 

*** PauseDetector detected a 446 ms pause at Mon Dec 22 01:46:38 EET 2014 ***

[GC (Allocation Failure) [DefNew: 623615K->5954K(623616K), 0.0861296 secs] 1585660K->1032736K(2009472K), 0.0861803 secs] [Times: user=0.09 sys=0.00, real=0.09 secs] 
[GC (Allocation Failure) [DefNew
*** PauseDetector detected a 358 ms pause at Mon Dec 22 01:46:41 EET 2014 ***

: 560322K->69247K(623616K), 0.3541980 secs] 1587104K->1144011K(2009472K), 0.3542410 secs] [Times: user=0.36 sys=0.00, real=0.35 secs] 
[Full GC (System.gc()) [Tenured: 1074763K->789377K(1385856K), 2.8551533 secs] 1344848K->789377K(2009472K), [Metaspace: 10569K->10569K(12288K)], 2.8552111 secs] [Times: user=2.85 sys=0.00, real=2.86 secs] 
[Full GC (System.gc()) [Tenured: 789377K->789377K(1385856K), 2.7229945 secs] 789379K->789377K(2009472K), [Metaspace: 10569K->10569K(12288K)], 2.7230362 secs] [Times: user=2.73 sys=0.00, real=2.72 secs] 
[Full GC (System.gc()) [Tenured
*** PauseDetector detected a 2856 ms pause at Mon Dec 22 01:46:45 EET 2014 ***

: 789377K->789378K(1385856K), 2.5024508 secs] 800537K->789378K(2009472K), [Metaspace: 10569K->10569K(12288K)], 2.5025586 secs] [Times: user=2.48 sys=0.00, real=2.50 secs] 

*** PauseDetector detected a 5232 ms pause at Mon Dec 22 01:46:50 EET 2014 ***

********************************
********** ROUND   43 **********
********************************
[GC (Allocation Failure) [DefNew: 554368K->69247K(623616K), 0.3334001 secs] 1343746K->904042K(2009472K), 0.3334507 secs] [Times: user=0.34 sys=0.00, real=0.33 secs] 
[GC (Allocation Failure) [DefNew: 623615K->5881K(623616K), 0.0897885 secs] 1458410K->905330K(2009472K), 0.0898303 secs] [Times: user=0.09 sys=0.00, real=0.09 secs] 
[GC (Allocation Failure) [DefNew: 560249K->69248K(623616K), 0.2299087 secs] 1459698K->1013413K(2009472K), 0.2299466 secs] [Times: user=0.22 sys=0.00, real=0.23 secs] 
[GC (Allocation Failure) [DefNew: 623616K->5887K(623616K), 0.0889885 secs] 1567781K->1014710K(2009472K), 0.0890353 secs] [Times: user=0.08 sys=0.00, real=0.09 secs] 
[GC (Allocation Failure) [DefNew: 560255K->69248K(623616K), 0.2486357 secs] 1569078K->1122212K(2009472K), 0.2486767 secs] [Times: user=0.25 sys=0.00, real=0.25 secs] 
[GC (Allocation Failure) [DefNew: 623616K->5898K(623616K), 0.0795958 secs] 1676580K->1123509K(2009472K), 0.0796350 secs] [Times: user=0.08 sys=0.00, real=0.08 secs] 
[GC (Allocation Failure) [DefNew: 560266K->69247K(623616K), 0.2441209 secs] 1677877K->1230544K(2009472K), 0.2441645 secs] [Times: user=0.25 sys=0.00, real=0.24 secs] 
[GC (Allocation Failure) [DefNew: 623615K->5892K(623616K), 0.0600971 secs] 1784912K->1231834K(2009472K), 0.0601381 secs] [Times: user=0.06 sys=0.00, real=0.06 secs] 
[GC (Allocation Failure) [DefNew: 560260K->69248K(623616K), 0.2093327 secs] 1786202K->1337442K(2009472K), 0.2093700 secs] [Times: user=0.20 sys=0.00, real=0.21 secs] 
[GC (Allocation Failure) [DefNew: 623616K->5898K(623616K), 0.0654042 secs] 1891810K->1338696K(2009472K), 0.0654452 secs] [Times: user=0.06 sys=0.00, real=0.06 secs] 
[GC (Allocation Failure) [DefNew: 560266K->560266K(623616K), 0.0000167 secs][Tenured: 1332798K->855263K(1385856K), 2.6571996 secs] 1893064K->855263K(2009472K), [Metaspace: 10569K->10569K(12288K)], 2.6572701 secs] [Times: user=2.65 sys=0.00, real=2.66 secs] 

*** PauseDetector detected a 2661 ms pause at Mon Dec 22 01:47:11 EET 2014 ***

[GC (Allocation Failure) [DefNew: 554368K->5884K(623616K), 0.0129047 secs] 1409631K->861148K(2009472K), 0.0129464 secs] [Times: user=0.02 sys=0.00, real=0.01 secs] 
[GC (Allocation Failure) [DefNew: 560252K->69247K(623616K), 0.1876282 secs] 1415516K->966166K(2009472K), 0.1876674 secs] [Times: user=0.19 sys=0.00, real=0.19 secs] 
[GC (Allocation Failure) [DefNew: 623615K->5899K(623616K), 0.0531315 secs] 1520534K->967402K(2009472K), 0.0531706 secs] [Times: user=0.05 sys=0.00, real=0.05 secs] 
[GC (Allocation Failure) [DefNew: 560267K->69248K(623616K), 0.1611934 secs] 1521770K->1072163K(2009472K), 0.1612274 secs] [Times: user=0.16 sys=0.00, real=0.16 secs] 
[GC (Allocation Failure) [DefNew: 623616K->5900K(623616K), 0.0537519 secs] 1626531K->1073404K(2009472K), 0.0537961 secs] [Times: user=0.05 sys=0.00, real=0.05 secs] 
[GC (Allocation Failure) [DefNew: 560268K->69248K(623616K), 0.1676438 secs] 1627772K->1177966K(2009472K), 0.1677965 secs] [Times: user=0.16 sys=0.00, real=0.17 secs] 
[GC (Allocation Failure) [DefNew: 623616K->5903K(623616K), 0.0635590 secs] 1732334K->1179199K(2009472K), 0.0636020 secs] [Times: user=0.06 sys=0.00, real=0.06 secs] 
[GC (Allocation Failure) [DefNew: 560271K->69248K(623616K), 0.1446940 secs] 1733567K->1283570K(2009472K), 0.1447344 secs] [Times: user=0.14 sys=0.00, real=0.14 secs] 
[GC (Allocation Failure) [DefNew: 623616K->5902K(623616K), 0.0525515 secs] 1837938K->1284804K(2009472K), 0.0525906 secs] [Times: user=0.05 sys=0.00, real=0.05 secs] 
[GC (Allocation Failure) [DefNew: 560270K->69247K(623616K), 0.1933793 secs] 1839172K->1388313K(2009472K), 0.1934217 secs] [Times: user=0.20 sys=0.00, real=0.19 secs] 
[GC (Allocation Failure) [DefNew: 623615K->623615K(623616K), 0.0000199 secs][Tenured: 1319065K->785360K(1385856K), 2.5267601 secs] 1942681K->785360K(2009472K), [Metaspace: 10569K->10569K(12288K)], 2.5268378 secs] [Times: user=2.51 sys=0.00, real=2.52 secs] 

*** PauseDetector detected a 2521 ms pause at Mon Dec 22 01:47:31 EET 2014 ***

[GC (Allocation Failure) [DefNew: 554368K->69247K(623616K), 0.1418659 secs] 1339728K->894616K(2009472K), 0.1419070 secs] [Times: user=0.14 sys=0.00, real=0.14 secs] 
[GC (Allocation Failure) [DefNew: 623615K->5911K(623616K), 0.0509090 secs] 1448984K->895829K(2009472K), 0.0509495 secs] [Times: user=0.05 sys=0.00, real=0.05 secs] 
[GC (Allocation Failure) [DefNew: 560279K->69248K(623616K), 0.1321967 secs] 1450197K->999043K(2009472K), 0.1322974 secs] [Times: user=0.13 sys=0.00, real=0.13 secs] 
[GC (Allocation Failure) [DefNew: 623616K->5897K(623616K), 0.0472482 secs] 1553411K->1000238K(2009472K), 0.0472841 secs] [Times: user=0.05 sys=0.00, real=0.05 secs] 
[GC (Allocation Failure) [DefNew: 560265K->69247K(623616K), 0.1448075 secs] 1554606K->1103342K(2009472K), 0.1448576 secs] [Times: user=0.13 sys=0.00, real=0.14 secs] 
[GC (Allocation Failure) [DefNew: 623615K->5909K(623616K), 0.0487373 secs] 1657710K->1104552K(2009472K), 0.0487803 secs] [Times: user=0.05 sys=0.00, real=0.04 secs] 
[GC (Allocation Failure) [DefNew: 560277K->69247K(623616K), 0.1563546 secs] 1658920K->1207539K(2009472K), 0.1563989 secs] [Times: user=0.16 sys=0.00, real=0.16 secs] 
[GC (Allocation Failure) [DefNew: 623615K->5907K(623616K), 0.0473945 secs] 1761907K->1208743K(2009472K), 0.0474343 secs] [Times: user=0.05 sys=0.00, real=0.05 secs] 
[GC (Allocation Failure) [DefNew: 560275K->69247K(623616K), 0.1343043 secs] 1763111K->1311663K(2009472K), 0.1343428 secs] [Times: user=0.13 sys=0.00, real=0.13 secs] 
[GC (Allocation Failure) [DefNew: 623615K->5914K(623616K), 0.0476088 secs] 1866031K->1312869K(2009472K), 0.0476454 secs] [Times: user=0.05 sys=0.00, real=0.05 secs] 
[GC (Allocation Failure) [DefNew: 560282K->560282K(623616K), 0.0000167 secs][Tenured: 1306955K->852805K(1385856K), 2.6224736 secs] 1867237K->852805K(2009472K), [Metaspace: 10569K->10569K(12288K)], 2.6225532 secs] [Times: user=2.59 sys=0.00, real=2.62 secs] 

*** PauseDetector detected a 2624 ms pause at Mon Dec 22 01:47:51 EET 2014 ***

[GC (Allocation Failure) [DefNew: 554368K->5912K(623616K), 0.0129746 secs] 1407173K->858718K(2009472K), 0.0130176 secs] [Times: user=0.02 sys=0.00, real=0.01 secs] 
[GC (Allocation Failure) [DefNew: 560280K->69247K(623616K), 0.1125882 secs] 1413086K->961435K(2009472K), 0.1126280 secs] [Times: user=0.12 sys=0.00, real=0.11 secs] 
[GC (Allocation Failure) [DefNew: 623615K->5897K(623616K), 0.0456635 secs] 1515803K->962623K(2009472K), 0.0457052 secs] [Times: user=0.05 sys=0.00, real=0.05 secs] 
[GC (Allocation Failure) [DefNew: 560265K->69248K(623616K), 0.1227591 secs] 1516991K->1064808K(2009472K), 0.1228034 secs] [Times: user=0.13 sys=0.00, real=0.12 secs] 
[GC (Allocation Failure) [DefNew: 623616K->5915K(623616K), 0.0495990 secs] 1619176K->1065997K(2009472K), 0.0496484 secs] [Times: user=0.06 sys=0.00, real=0.05 secs] 
[GC (Allocation Failure) [DefNew: 560283K->69248K(623616K), 0.1167444 secs] 1620365K->1168077K(2009472K), 0.1168400 secs] [Times: user=0.12 sys=0.00, real=0.12 secs] 
[GC (Allocation Failure) [DefNew: 623616K->5883K(623616K), 0.0444317 secs] 1722445K->1169249K(2009472K), 0.0444734 secs] [Times: user=0.05 sys=0.00, real=0.04 secs] 
[GC (Allocation Failure) [DefNew: 560251K->69248K(623616K), 0.1220701 secs] 1723617K->1271287K(2009472K), 0.1221118 secs] [Times: user=0.12 sys=0.00, real=0.12 secs] 
[GC (Allocation Failure) [DefNew: 623616K->5916K(623616K), 0.0478231 secs] 1825655K->1272493K(2009472K), 0.0478654 secs] [Times: user=0.06 sys=0.00, real=0.05 secs] 
[GC (Allocation Failure) [DefNew: 560284K->69247K(623616K), 0.0958514 secs] 1826861K->1374437K(2009472K), 0.0958906 secs] [Times: user=0.08 sys=0.00, real=0.09 secs] 
[GC (Allocation Failure) [DefNew: 623615K->5884K(623616K), 0.0492487 secs] 1928805K->1375610K(2009472K), 0.0493545 secs] [Times: user=0.05 sys=0.00, real=0.05 secs] 
[GC (Allocation Failure) [DefNew: 560252K->560252K(623616K), 0.0000192 secs][Tenured: 1369725K->870373K(1385856K), 2.6008089 secs] 1929978K->870373K(2009472K), [Metaspace: 10569K->10569K(12288K)], 2.6008917 secs] [Times: user=2.61 sys=0.00, real=2.60 secs] 

*** PauseDetector detected a 2638 ms pause at Mon Dec 22 01:48:12 EET 2014 ***

[GC (Allocation Failure) [DefNew: 554368K->5911K(623616K), 0.0119044 secs] 1424741K->876285K(2009472K), 0.0119468 secs] [Times: user=0.00 sys=0.00, real=0.01 secs] 
[GC (Allocation Failure) [DefNew: 560279K->69248K(623616K), 0.4329900 secs] 1430653K->995332K(2009472K), 0.4330516 secs] [Times: user=0.44 sys=0.00, real=0.43 secs] 

*** PauseDetector detected a 430 ms pause at Mon Dec 22 01:48:16 EET 2014 ***

[GC (Allocation Failure) [DefNew: 623616K->5882K(623616K), 0.0901048 secs] 1549700K->996812K(2009472K), 0.0901421 secs] [Times: user=0.09 sys=0.00, real=0.09 secs] 
[GC (Allocation Failure) [DefNew
*** PauseDetector detected a 423 ms pause at Mon Dec 22 01:48:19 EET 2014 ***

: 560250K->69248K(623616K), 0.4223340 secs] 1551180K->1113338K(2009472K), 0.4223847 secs] [Times: user=0.42 sys=0.00, real=0.42 secs] 
[GC (Allocation Failure) [DefNew: 623616K->5911K(623616K), 0.0809662 secs] 1667706K->1114824K(2009472K), 0.0810798 secs] [Times: user=0.08 sys=0.00, real=0.08 secs] 
[GC (Allocation Failure) [DefNew: 560279K->69247K(623616K), 0.3517620 secs] 1669192K->1227290K(2009472K), 0.3518043 secs] [Times: user=0.34 sys=0.00, real=0.35 secs] 

*** PauseDetector detected a 356 ms pause at Mon Dec 22 01:48:23 EET 2014 ***

[GC (Allocation Failure) [DefNew: 623615K->5884K(623616K), 0.0789684 secs] 1781658K->1228644K(2009472K), 0.0790152 secs] [Times: user=0.08 sys=0.00, real=0.08 secs] 
[GC (Allocation Failure) [DefNew: 560252K->69248K(623616K), 0.3467930 secs] 1783012K->1339918K(2009472K), 0.3468379 secs] [Times: user=0.36 sys=0.00, real=0.35 secs] 

*** PauseDetector detected a 351 ms pause at Mon Dec 22 01:48:26 EET 2014 ***

[GC (Allocation Failure) [DefNew: 623616K->5913K(623616K), 0.0769609 secs] 1894286K->1341282K(2009472K), 0.0770045 secs] [Times: user=0.08 sys=0.00, real=0.08 secs] 
[GC (Allocation Failure) [DefNew: 560281K->560281K(623616K), 0.0000192 secs][Tenured: 1335369K->858675K(1385856K), 3.2350208 secs] 1895650K->858675K(2009472K), [Metaspace: 10569K->10569K(12288K)], 3.2351042 secs] [Times: user=3.21 sys=0.00, real=3.24 secs] 

*** PauseDetector detected a 3238 ms pause at Mon Dec 22 01:48:33 EET 2014 ***

[GC (Allocation Failure) [DefNew: 554368K->5884K(623616K), 0.0118531 secs] 1413043K->864560K(2009472K), 0.0118955 secs] [Times: user=0.02 sys=0.00, real=0.01 secs] 
[GC (Allocation Failure) [DefNew: 560252K->69247K(623616K), 0.2545414 secs] 1418928K->972657K(2009472K), 0.2546473 secs] [Times: user=0.26 sys=0.00, real=0.25 secs] 
[GC (Allocation Failure) [DefNew: 623615K->5896K(623616K), 0.0686127 secs] 1527025K->973944K(2009472K), 0.0686846 secs] [Times: user=0.06 sys=0.00, real=0.07 secs] 
[GC (Allocation Failure) [DefNew: 560264K->69248K(623616K), 0.2154758 secs] 1528312K->1081463K(2009472K), 0.2155855 secs] [Times: user=0.22 sys=0.00, real=0.22 secs] 
[GC (Allocation Failure) [DefNew: 623616K->5913K(623616K), 0.0621809 secs] 1635831K->1082750K(2009472K), 0.0622226 secs] [Times: user=0.06 sys=0.00, real=0.06 secs] 
[GC (Allocation Failure) [DefNew: 560281K->69248K(623616K), 0.2041783 secs] 1637118K->1189798K(2009472K), 0.2043182 secs] [Times: user=0.19 sys=0.00, real=0.20 secs] 
[GC (Allocation Failure) [DefNew: 623616K->5919K(623616K), 0.0658186 secs] 1744166K->1191088K(2009472K), 0.0658591 secs] [Times: user=0.06 sys=0.00, real=0.07 secs] 
[GC (Allocation Failure) [DefNew: 560287K->69248K(623616K), 0.2091801 secs] 1745456K->1296694K(2009472K), 0.2093257 secs] [Times: user=0.22 sys=0.00, real=0.21 secs] 
[GC (Allocation Failure) [DefNew: 623616K->5915K(623616K), 0.0563913 secs] 1851062K->1297939K(2009472K), 0.0565344 secs] [Times: user=0.06 sys=0.00, real=0.05 secs] 
[GC (Allocation Failure) [DefNew: 560283K->69247K(623616K), 0.1685927 secs] 1852307K->1403231K(2009472K), 0.1686344 secs] [Times: user=0.16 sys=0.00, real=0.17 secs] 
[GC (Allocation Failure) [DefNew: 623615K->623615K(623616K), 0.0000269 secs][Tenured: 1333983K->787185K(1385856K), 2.6640830 secs] 1957599K->787185K(2009472K), [Metaspace: 10569K->10569K(12288K)], 2.6641786 secs] [Times: user=2.65 sys=0.00, real=2.66 secs] 

*** PauseDetector detected a 2660 ms pause at Mon Dec 22 01:48:53 EET 2014 ***

[GC (Allocation Failure) [DefNew: 554368K->69247K(623616K), 0.1728130 secs] 1341553K->898102K(2009472K), 0.1728515 secs] [Times: user=0.17 sys=0.00, real=0.17 secs] 
[GC (Allocation Failure) [DefNew: 623615K->5918K(623616K), 0.0530307 secs] 1452470K->899343K(2009472K), 0.0530744 secs] [Times: user=0.05 sys=0.00, real=0.05 secs] 
[GC (Allocation Failure) [DefNew: 560286K->69248K(623616K), 0.1641440 secs] 1453711K->1004110K(2009472K), 0.1642447 secs] [Times: user=0.16 sys=0.00, real=0.16 secs] 
[GC (Allocation Failure) [DefNew: 623616K->5921K(623616K), 0.0570258 secs] 1558478K->1005347K(2009472K), 0.0570759 secs] [Times: user=0.06 sys=0.00, real=0.06 secs] 
[GC (Allocation Failure) [DefNew: 560289K->69247K(623616K), 0.1548758 secs] 1559715K->1109903K(2009472K), 0.1549117 secs] [Times: user=0.16 sys=0.00, real=0.16 secs] 
[GC (Allocation Failure) [DefNew: 623615K->5919K(623616K), 0.0592887 secs] 1664271K->1111137K(2009472K), 0.0594266 secs] [Times: user=0.05 sys=0.00, real=0.05 secs] 
[GC (Allocation Failure) [DefNew: 560287K->69247K(623616K), 0.1430188 secs] 1665505K->1215515K(2009472K), 0.1430567 secs] [Times: user=0.14 sys=0.00, real=0.14 secs] 
[GC (Allocation Failure) [DefNew: 623615K->5923K(623616K), 0.0510399 secs] 1769883K->1216749K(2009472K), 0.0510964 secs] [Times: user=0.06 sys=0.00, real=0.05 secs] 
[GC (Allocation Failure) [DefNew: 560291K->69248K(623616K), 0.1688833 secs] 1771117K->1320251K(2009472K), 0.1689314 secs] [Times: user=0.16 sys=0.00, real=0.17 secs] 
[GC (Allocation Failure) [DefNew: 623616K->5921K(623616K), 0.0499313 secs] 1874619K->1321460K(2009472K), 0.0499711 secs] [Times: user=0.06 sys=0.00, real=0.05 secs] 
[GC (Allocation Failure) [DefNew: 560289K->560289K(623616K), 0.0000205 secs][Tenured: 1315539K->853357K(1385856K), 2.4698556 secs] 1875828K->853357K(2009472K), [Metaspace: 10569K->10569K(12288K)], 2.4700063 secs] [Times: user=2.48 sys=0.00, real=2.47 secs] 

*** PauseDetector detected a 2470 ms pause at Mon Dec 22 01:49:13 EET 2014 ***

[GC (Allocation Failure) [DefNew: 554368K->5887K(623616K), 0.0133018 secs] 1407725K->859245K(2009472K), 0.0133429 secs] [Times: user=0.01 sys=0.00, real=0.01 secs] 
[GC (Allocation Failure) [DefNew: 560255K->69248K(623616K), 0.1444219 secs] 1413613K->962499K(2009472K), 0.1444624 secs] [Times: user=0.14 sys=0.00, real=0.14 secs] 
[GC (Allocation Failure) [DefNew: 623616K->5923K(623616K), 0.0487591 secs] 1516867K->963702K(2009472K), 0.0488085 secs] [Times: user=0.05 sys=0.00, real=0.05 secs] 
[GC (Allocation Failure) [DefNew: 560291K->69248K(623616K), 0.1419557 secs] 1518070K->1066800K(2009472K), 0.1420026 secs] [Times: user=0.14 sys=0.00, real=0.14 secs] 
[GC (Allocation Failure) [DefNew: 623616K->5923K(623616K), 0.0475029 secs] 1621168K->1068006K(2009472K), 0.0475421 secs] [Times: user=0.05 sys=0.00, real=0.04 secs] 
[GC (Allocation Failure) [DefNew: 560291K->69248K(623616K), 0.1431009 secs] 1622374K->1170996K(2009472K), 0.1431465 secs] [Times: user=0.14 sys=0.00, real=0.14 secs] 
[GC (Allocation Failure) [DefNew: 623616K->5895K(623616K), 0.0470198 secs] 1725364K->1172171K(2009472K), 0.0471565 secs] [Times: user=0.05 sys=0.00, real=0.04 secs] 
[GC (Allocation Failure) [DefNew: 560263K->69247K(623616K), 0.1137931 secs] 1726539K->1275068K(2009472K), 0.1138284 secs] [Times: user=0.11 sys=0.00, real=0.11 secs] 
[GC (Allocation Failure) [DefNew: 623615K->5798K(623616K), 0.0523058 secs] 1829436K->1276169K(2009472K), 0.0523584 secs] [Times: user=0.05 sys=0.00, real=0.04 secs] 
[GC (Allocation Failure) [DefNew: 560166K->69247K(623616K), 0.1440543 secs] 1830537K->1379120K(2009472K), 0.1440935 secs] [Times: user=0.14 sys=0.00, real=0.14 secs] 
[GC (Allocation Failure) [DefNew: 623615K->623615K(623616K), 0.0000192 secs][Tenured: 1309872K->853696K(1385856K), 2.7092615 secs] 1933488K->853696K(2009472K), [Metaspace: 10569K->10569K(12288K)], 2.7093366 secs] [Times: user=2.71 sys=0.00, real=2.71 secs] 

*** PauseDetector detected a 2713 ms pause at Mon Dec 22 01:49:33 EET 2014 ***

[GC (Allocation Failure) [DefNew: 554368K->69248K(623616K), 0.1134114 secs] 1408064K->962339K(2009472K), 0.1134531 secs] [Times: user=0.11 sys=0.00, real=0.11 secs] 
[GC (Allocation Failure) [DefNew: 623616K->5924K(623616K), 0.0459279 secs] 1516707K->963541K(2009472K), 0.0459708 secs] [Times: user=0.03 sys=0.00, real=0.04 secs] 
[GC (Allocation Failure) [DefNew: 560292K->69248K(623616K), 0.0925897 secs] 1517909K->1065676K(2009472K), 0.0926910 secs] [Times: user=0.08 sys=0.00, real=0.09 secs] 
[GC (Allocation Failure) [DefNew: 623616K->5924K(623616K), 0.0440820 secs] 1620044K->1066897K(2009472K), 0.0441186 secs] [Times: user=0.03 sys=0.00, real=0.04 secs] 
[GC (Allocation Failure) [DefNew: 560292K->69247K(623616K), 0.1047565 secs] 1621265K->1168966K(2009472K), 0.1047957 secs] [Times: user=0.11 sys=0.00, real=0.10 secs] 
[GC (Allocation Failure) [DefNew: 623615K->5800K(623616K), 0.0453126 secs] 1723334K->1170057K(2009472K), 0.0454249 secs] [Times: user=0.05 sys=0.00, real=0.05 secs] 
[GC (Allocation Failure) [DefNew: 560168K->69247K(623616K), 0.1073786 secs] 1724425K->1272177K(2009472K), 0.1074178 secs] [Times: user=0.11 sys=0.00, real=0.11 secs] 
[GC (Allocation Failure) [DefNew: 623615K->5912K(623616K), 0.0412597 secs] 1826545K->1273381K(2009472K), 0.0412989 secs] [Times: user=0.03 sys=0.00, real=0.04 secs] 
[Full GC (System.gc()) [Tenured: 1267469K->746184K(1385856K), 2.0701422 secs] 1285008K->746184K(2009472K), [Metaspace: 10569K->10569K(12288K)], 2.0701923 secs] [Times: user=2.06 sys=0.00, real=2.06 secs] 
[Full GC (System.gc()) [Tenured: 746184K->676895K(1385856K), 2.3096239 secs] 746184K->676895K(2009472K), [Metaspace: 10569K->10569K(12288K)], 2.3097381 secs] [Times: user=2.32 sys=0.00, real=2.31 secs] 
[Full GC (System.gc()) [Tenured: 676895K->676895K(1385856K), 2.0878613 secs] 676897K->676895K(2009472K), [Metaspace: 10569K->10569K(12288K)], 2.0879036 secs] [Times: user=2.08 sys=0.00, real=2.09 secs] 

*** PauseDetector detected a 4378 ms pause at Mon Dec 22 01:49:50 EET 2014 ***

[Full GC (System.gc()) [Tenured: 676895K->676895K(1385856K), 1.8763844 secs] 676897K->676895K(2009472K), [Metaspace: 10569K->10569K(12288K)], 1.8764338 secs] [Times: user=1.87 sys=0.00, real=1.87 secs] 
[Full GC (System.gc()) [Tenured: 676895K->676896K(1385856K), 2.2472152 secs] 676897K->676896K(2009472K), [Metaspace: 10569K->10569K(12288K)], 2.2472595 secs] [Times: user=2.23 sys=0.02, real=2.26 secs] 
[Full GC (System.gc()) [Tenured: 676896K->676895K(1385856K), 1.9309793 secs] 676898K->676895K(2009472K), [Metaspace: 10569K->10569K(12288K)], 1.9310941 secs] [Times: user=1.93 sys=0.00, real=1.92 secs] 

*** PauseDetector detected a 3964 ms pause at Mon Dec 22 01:49:54 EET 2014 ***


*** PauseDetector detected a 4190 ms pause at Mon Dec 22 01:49:58 EET 2014 ***

[GC (Allocation Failure) [DefNew: 554368K->69248K(623616K), 0.0696456 secs] 1231263K->784791K(2009472K), 0.0697476 secs] [Times: user=0.06 sys=0.00, real=0.06 secs] 
[GC (Allocation Failure) [DefNew: 623616K->5954K(623616K), 0.0543883 secs] 1339159K->785970K(2009472K), 0.0544364 secs] [Times: user=0.05 sys=0.00, real=0.05 secs] 
[GC (Allocation Failure) [DefNew: 560322K->69248K(623616K), 0.3223354 secs] 1340338K->912587K(2009472K), 0.3223771 secs] [Times: user=0.31 sys=0.00, real=0.32 secs] 
[GC (Allocation Failure) [DefNew: 623616K->5954K(623616K), 0.1143513 secs] 1466955K->914229K(2009472K), 0.1143891 secs] [Times: user=0.11 sys=0.00, real=0.11 secs] 
[GC (Allocation Failure) [DefNew: 560322K->69248K(623616K), 0.4710207 secs] 1468597K->1033293K(2009472K), 0.4711657 secs] [Times: user=0.47 sys=0.00, real=0.47 secs] 

*** PauseDetector detected a 470 ms pause at Mon Dec 22 01:50:07 EET 2014 ***

[Full GC (System.gc()) [Tenured: 964045K->868488K(1385856K), 2.6720039 secs] 1479596K->868488K(2009472K), [Metaspace: 10569K->10569K(12288K)], 2.6720565 secs] [Times: user=2.67 sys=0.00, real=2.66 secs] 
[Full GC (System.gc()) [Tenured: 868488K->868488K(1385856K), 2.2753817 secs] 868488K->868488K(2009472K), [Metaspace: 10569K->10569K(12288K)], 2.2754253 secs] [Times: user=2.28 sys=0.00, real=2.28 secs] 
[Full GC (System.gc()) [Tenured: 868488K->868339K(1385856K), 2.6065895 secs] 868490K->868339K(2009472K), [Metaspace: 10569K->10569K(12288K)], 2.6066370 secs] [Times: user=2.57 sys=0.00, real=2.61 secs] 

*** PauseDetector detected a 4950 ms pause at Mon Dec 22 01:50:13 EET 2014 ***

********************************
********** ROUND   44 **********
********************************

*** PauseDetector detected a 2612 ms pause at Mon Dec 22 01:50:15 EET 2014 ***

[GC (Allocation Failure) [DefNew
*** PauseDetector detected a 382 ms pause at Mon Dec 22 01:50:17 EET 2014 ***

: 554368K->69248K(623616K), 0.3900724 secs] 1422707K->990737K(2009472K), 0.3901179 secs] [Times: user=0.37 sys=0.00, real=0.38 secs] 
[GC (Allocation Failure) [DefNew: 623616K->5890K(623616K), 0.0874314 secs] 1545105K->992213K(2009472K), 0.0874776 secs] [Times: user=0.08 sys=0.00, real=0.09 secs] 
[GC (Allocation Failure) [DefNew: 560258K->69247K(623616K), 0.3864507 secs] 1546581K->1104670K(2009472K), 0.3864892 secs] [Times: user=0.39 sys=0.00, real=0.39 secs] 

*** PauseDetector detected a 390 ms pause at Mon Dec 22 01:50:21 EET 2014 ***

[GC (Allocation Failure) [DefNew: 623615K->5867K(623616K), 0.0725661 secs] 1659038K->1106036K(2009472K), 0.0726091 secs] [Times: user=0.08 sys=0.00, real=0.07 secs] 
[GC (Allocation Failure) [DefNew: 560235K->69247K(623616K), 0.2874664 secs] 1660404K->1217286K(2009472K), 0.2875056 secs] [Times: user=0.30 sys=0.00, real=0.29 secs] 
[GC (Allocation Failure) [DefNew: 623615K->5891K(623616K), 0.0756944 secs] 1771654K->1218670K(2009472K), 0.0758080 secs] [Times: user=0.08 sys=0.00, real=0.07 secs] 
[GC (Allocation Failure) [DefNew: 560259K->69248K(623616K), 0.3174364 secs] 1773038K->1327464K(2009472K), 0.3174768 secs] [Times: user=0.33 sys=0.00, real=0.32 secs] 
[GC (Allocation Failure) [DefNew: 623616K->5890K(623616K), 0.0595241 secs] 1881832K->1328764K(2009472K), 0.0596903 secs] [Times: user=0.06 sys=0.00, real=0.06 secs] 
[GC (Allocation Failure) [DefNew: 560258K->560258K(623616K), 0.0000192 secs][Tenured: 1322873K->788691K(1385856K), 2.5374520 secs] 1883132K->788691K(2009472K), [Metaspace: 10569K->10569K(12288K)], 2.5375335 secs] [Times: user=2.51 sys=0.00, real=2.53 secs] 

*** PauseDetector detected a 2533 ms pause at Mon Dec 22 01:50:34 EET 2014 ***

[GC (Allocation Failure) [DefNew: 554368K->5900K(623616K), 0.0120777 secs] 1343059K->794591K(2009472K), 0.0121200 secs] [Times: user=0.00 sys=0.00, real=0.01 secs] 
[GC (Allocation Failure) [DefNew: 560268K->69248K(623616K), 0.2728616 secs] 1348959K->902088K(2009472K), 0.2729906 secs] [Times: user=0.28 sys=0.00, real=0.27 secs] 
[GC (Allocation Failure) [DefNew: 623616K->5895K(623616K), 0.0634403 secs] 1456456K->903374K(2009472K), 0.0634807 secs] [Times: user=0.06 sys=0.00, real=0.06 secs] 
[GC (Allocation Failure) [DefNew: 560263K->69247K(623616K), 0.2175173 secs] 1457742K->1010404K(2009472K), 0.2175635 secs] [Times: user=0.20 sys=0.00, real=0.21 secs] 
[GC (Allocation Failure) [DefNew: 623615K->5883K(623616K), 0.0622438 secs] 1564772K->1011694K(2009472K), 0.0622829 secs] [Times: user=0.05 sys=0.00, real=0.06 secs] 
[GC (Allocation Failure) [DefNew: 560251K->69247K(623616K), 0.1900348 secs] 1566062K->1117299K(2009472K), 0.1900752 secs] [Times: user=0.19 sys=0.00, real=0.18 secs] 
[GC (Allocation Failure) [DefNew: 623615K->5896K(623616K), 0.0502829 secs] 1671667K->1118563K(2009472K), 0.0503207 secs] [Times: user=0.05 sys=0.00, real=0.05 secs] 
[GC (Allocation Failure) [DefNew: 560264K->69247K(623616K), 0.2432343 secs] 1672931K->1223857K(2009472K), 0.2432811 secs] [Times: user=0.23 sys=0.00, real=0.24 secs] 
[GC (Allocation Failure) [DefNew: 623615K->5905K(623616K), 0.0584726 secs] 1778225K->1225107K(2009472K), 0.0585143 secs] [Times: user=0.05 sys=0.00, real=0.06 secs] 
[GC (Allocation Failure) [DefNew: 560273K->69247K(623616K), 0.1865183 secs] 1779475K->1330098K(2009472K), 0.1866306 secs] [Times: user=0.19 sys=0.00, real=0.19 secs] 
[GC (Allocation Failure) [DefNew: 623615K->5898K(623616K), 0.0471565 secs] 1884466K->1331339K(2009472K), 0.0472925 secs] [Times: user=0.03 sys=0.00, real=0.04 secs] 
[GC (Allocation Failure) [DefNew: 560266K->560266K(623616K), 0.0000192 secs][Tenured: 1325441K->854733K(1385856K), 2.7037838 secs] 1885707K->854733K(2009472K), [Metaspace: 10569K->10569K(12288K)], 2.7039409 secs] [Times: user=2.70 sys=0.00, real=2.70 secs] 

*** PauseDetector detected a 2701 ms pause at Mon Dec 22 01:50:56 EET 2014 ***

[GC (Allocation Failure) [DefNew: 554368K->5900K(623616K), 0.0107708 secs] 1409101K->860633K(2009472K), 0.0108760 secs] [Times: user=0.01 sys=0.00, real=0.01 secs] 
[GC (Allocation Failure) [DefNew: 560268K->69248K(623616K), 0.1426698 secs] 1415001K->965186K(2009472K), 0.1428142 secs] [Times: user=0.13 sys=0.00, real=0.13 secs] 
[GC (Allocation Failure) [DefNew: 623616K->5907K(623616K), 0.0617979 secs] 1519554K->966432K(2009472K), 0.0618396 secs] [Times: user=0.06 sys=0.00, real=0.06 secs] 
[GC (Allocation Failure) [DefNew: 560275K->69247K(623616K), 0.1649851 secs] 1520800K->1070800K(2009472K), 0.1650948 secs] [Times: user=0.16 sys=0.00, real=0.16 secs] 
[GC (Allocation Failure) [DefNew: 623615K->5908K(623616K), 0.0438132 secs] 1625168K->1072040K(2009472K), 0.0439518 secs] [Times: user=0.03 sys=0.00, real=0.04 secs] 
[GC (Allocation Failure) [DefNew: 560276K->69248K(623616K), 0.1403742 secs] 1626408K->1175538K(2009472K), 0.1405167 secs] [Times: user=0.14 sys=0.00, real=0.13 secs] 
[GC (Allocation Failure) [DefNew: 623616K->5906K(623616K), 0.0504170 secs] 1729906K->1176752K(2009472K), 0.0504676 secs] [Times: user=0.05 sys=0.00, real=0.04 secs] 
[GC (Allocation Failure) [DefNew: 560274K->69247K(623616K), 0.1364664 secs] 1731120K->1280099K(2009472K), 0.1365100 secs] [Times: user=0.13 sys=0.00, real=0.14 secs] 
[GC (Allocation Failure) [DefNew: 623615K->5902K(623616K), 0.0469383 secs] 1834467K->1281305K(2009472K), 0.0469800 secs] [Times: user=0.05 sys=0.00, real=0.05 secs] 
[GC (Allocation Failure) [DefNew: 560270K->69247K(623616K), 0.1282266 secs] 1835673K->1384526K(2009472K), 0.1283729 secs] [Times: user=0.13 sys=0.00, real=0.13 secs] 
[GC (Allocation Failure) [DefNew: 623615K->623615K(623616K), 0.0000192 secs][Tenured: 1315278K->854393K(1385856K), 2.3929550 secs] 1938894K->854393K(2009472K), [Metaspace: 10569K->10569K(12288K)], 2.3930352 secs] [Times: user=2.39 sys=0.00, real=2.39 secs] 

*** PauseDetector detected a 2393 ms pause at Mon Dec 22 01:51:15 EET 2014 ***

[GC (Allocation Failure) [DefNew: 554368K->69247K(623616K), 0.1419365 secs] 1408761K->963385K(2009472K), 0.1420475 secs] [Times: user=0.14 sys=0.00, real=0.13 secs] 
[GC (Allocation Failure) [DefNew: 623615K->5905K(623616K), 0.0412848 secs] 1517753K->964601K(2009472K), 0.0413874 secs] [Times: user=0.03 sys=0.00, real=0.03 secs] 
[GC (Allocation Failure) [DefNew: 560273K->69247K(623616K), 0.1361764 secs] 1518969K->1067602K(2009472K), 0.1362162 secs] [Times: user=0.13 sys=0.00, real=0.13 secs] 
[GC (Allocation Failure) [DefNew: 623615K->5909K(623616K), 0.0475632 secs] 1621970K->1068798K(2009472K), 0.0476627 secs] [Times: user=0.05 sys=0.00, real=0.04 secs] 
[GC (Allocation Failure) [DefNew: 560277K->69248K(623616K), 0.1075897 secs] 1623166K->1171688K(2009472K), 0.1077328 secs] [Times: user=0.11 sys=0.00, real=0.11 secs] 
[GC (Allocation Failure) [DefNew: 623616K->5867K(623616K), 0.0467196 secs] 1726056K->1172852K(2009472K), 0.0467933 secs] [Times: user=0.05 sys=0.00, real=0.04 secs] 
[GC (Allocation Failure) [DefNew: 560235K->69248K(623616K), 0.1226783 secs] 1727220K->1275701K(2009472K), 0.1227880 secs] [Times: user=0.13 sys=0.00, real=0.11 secs] 
[GC (Allocation Failure) [DefNew: 623616K->5878K(623616K), 0.0441302 secs] 1830069K->1276866K(2009472K), 0.0442713 secs] [Times: user=0.05 sys=0.00, real=0.04 secs] 
[GC (Allocation Failure) [DefNew: 560246K->69247K(623616K), 0.1026906 secs] 1831234K->1379638K(2009472K), 0.1027343 secs] [Times: user=0.11 sys=0.00, real=0.10 secs] 
[GC (Allocation Failure) [DefNew: 623615K->623615K(623616K), 0.0000199 secs][Tenured: 1310390K->853889K(1385856K), 2.5234528 secs] 1934006K->853889K(2009472K), [Metaspace: 10569K->10569K(12288K)], 2.5235356 secs] [Times: user=2.51 sys=0.00, real=2.52 secs] 

*** PauseDetector detected a 2522 ms pause at Mon Dec 22 01:51:33 EET 2014 ***

[GC (Allocation Failure) [DefNew: 554368K->69247K(623616K), 0.0941750 secs] 1408257K->961969K(2009472K), 0.0942218 secs] [Times: user=0.08 sys=0.00, real=0.09 secs] 
[GC (Allocation Failure) [DefNew: 623615K->5909K(623616K), 0.0406766 secs] 1516337K->963155K(2009472K), 0.0408292 secs] [Times: user=0.05 sys=0.00, real=0.03 secs] 
[GC (Allocation Failure) [DefNew: 560277K->69248K(623616K), 0.1113776 secs] 1517523K->1065248K(2009472K), 0.1114193 secs] [Times: user=0.11 sys=0.00, real=0.11 secs] 
[GC (Allocation Failure) [DefNew: 623616K->5917K(623616K), 0.0529191 secs] 1619616K->1066447K(2009472K), 0.0529691 secs] [Times: user=0.05 sys=0.00, real=0.05 secs] 
[GC (Allocation Failure) [DefNew: 560285K->69247K(623616K), 0.1396011 secs] 1620815K->1168456K(2009472K), 0.1396428 secs] [Times: user=0.14 sys=0.00, real=0.13 secs] 
[GC (Allocation Failure) [DefNew: 623615K->5908K(623616K), 0.0391996 secs] 1722824K->1169648K(2009472K), 0.0392356 secs] [Times: user=0.03 sys=0.00, real=0.04 secs] 
[GC (Allocation Failure) [DefNew: 560276K->69248K(623616K), 0.1210731 secs] 1724016K->1271621K(2009472K), 0.1211873 secs] [Times: user=0.11 sys=0.00, real=0.12 secs] 
[GC (Allocation Failure) [DefNew: 623616K->5892K(623616K), 0.0454011 secs] 1825989K->1272780K(2009472K), 0.0454454 secs] [Times: user=0.05 sys=0.00, real=0.05 secs] 
[GC (Allocation Failure) [DefNew: 560260K->69248K(623616K), 0.3019641 secs] 1827148K->1399413K(2009472K), 0.3020097 secs] [Times: user=0.30 sys=0.00, real=0.30 secs] 
[GC (Allocation Failure) [DefNew: 623616K->623616K(623616K), 0.0000186 secs][Tenured: 1330165K->807691K(1385856K), 2.3435312 secs] 1953781K->807691K(2009472K), [Metaspace: 10569K->10569K(12288K)], 2.3437140 secs] [Times: user=2.34 sys=0.00, real=2.34 secs] 

*** PauseDetector detected a 2344 ms pause at Mon Dec 22 01:51:51 EET 2014 ***

[GC (Allocation Failure) [DefNew: 554368K->69248K(623616K), 0.4368593 secs] 1362059K->932659K(2009472K), 0.4369029 secs] [Times: user=0.44 sys=0.00, real=0.43 secs] 

*** PauseDetector detected a 430 ms pause at Mon Dec 22 01:51:53 EET 2014 ***

[GC (Allocation Failure) [DefNew: 623616K->5914K(623616K), 0.0753512 secs] 1487027K->934162K(2009472K), 0.0753897 secs] [Times: user=0.06 sys=0.00, real=0.07 secs] 
[GC (Allocation Failure) [DefNew: 560282K->69247K(623616K), 0.3755760 secs] 1488530K->1050646K(2009472K), 0.3756645 secs] [Times: user=0.36 sys=0.00, real=0.37 secs] 

*** PauseDetector detected a 371 ms pause at Mon Dec 22 01:51:57 EET 2014 ***

[GC (Allocation Failure) [DefNew: 623615K->5917K(623616K), 0.0842274 secs] 1605014K->1052148K(2009472K), 0.0842704 secs] [Times: user=0.08 sys=0.00, real=0.08 secs] 
[GC (Allocation Failure) [DefNew: 560285K->69248K(623616K), 0.3253650 secs] 1606516K->1164613K(2009472K), 0.3254073 secs] [Times: user=0.33 sys=0.00, real=0.33 secs] 
[GC (Allocation Failure) [DefNew: 623616K->5866K(623616K), 0.0622912 secs] 1718981K->1165944K(2009472K), 0.0623323 secs] [Times: user=0.06 sys=0.00, real=0.06 secs] 
[GC (Allocation Failure) [DefNew: 560234K->69247K(623616K), 0.3082105 secs] 1720312K->1277237K(2009472K), 0.3082484 secs] [Times: user=0.30 sys=0.00, real=0.31 secs] 
[GC (Allocation Failure) [DefNew: 623615K->5921K(623616K), 0.0724121 secs] 1831605K->1278608K(2009472K), 0.0725186 secs] [Times: user=0.06 sys=0.00, real=0.07 secs] 
[GC (Allocation Failure) [DefNew: 560289K->69248K(623616K), 0.3033910 secs] 1832976K->1387394K(2009472K), 0.3034314 secs] [Times: user=0.30 sys=0.00, real=0.30 secs] 
[GC (Allocation Failure) [DefNew: 623616K->623616K(623616K), 0.0000192 secs][Tenured: 1318146K->859935K(1385856K), 2.7429475 secs] 1941762K->859935K(2009472K), [Metaspace: 10569K->10569K(12288K)], 2.7430386 secs] [Times: user=2.71 sys=0.00, real=2.74 secs] 

*** PauseDetector detected a 2746 ms pause at Mon Dec 22 01:52:12 EET 2014 ***

[GC (Allocation Failure) [DefNew: 554368K->69248K(623616K), 0.2172248 secs] 1414303K->973886K(2009472K), 0.2172684 secs] [Times: user=0.22 sys=0.00, real=0.22 secs] 
[GC (Allocation Failure) [DefNew: 623616K->5866K(623616K), 0.0591905 secs] 1528254K->975193K(2009472K), 0.0592964 secs] [Times: user=0.06 sys=0.00, real=0.06 secs] 
[GC (Allocation Failure) [DefNew: 560234K->69248K(623616K), 0.2272590 secs] 1529561K->1082744K(2009472K), 0.2273046 secs] [Times: user=0.23 sys=0.00, real=0.23 secs] 
[GC (Allocation Failure) [DefNew: 623616K->5921K(623616K), 0.0693274 secs] 1637112K->1084036K(2009472K), 0.0694480 secs] [Times: user=0.06 sys=0.00, real=0.06 secs] 
[GC (Allocation Failure) [DefNew: 560289K->69248K(623616K), 0.2261626 secs] 1638404K->1191054K(2009472K), 0.2263223 secs] [Times: user=0.22 sys=0.00, real=0.22 secs] 
[GC (Allocation Failure) [DefNew: 623616K->5919K(623616K), 0.0528229 secs] 1745422K->1192365K(2009472K), 0.0528652 secs] [Times: user=0.05 sys=0.00, real=0.05 secs] 
[GC (Allocation Failure) [DefNew: 560287K->69247K(623616K), 0.1828780 secs] 1746733K->1297962K(2009472K), 0.1829210 secs] [Times: user=0.19 sys=0.00, real=0.18 secs] 
[GC (Allocation Failure) [DefNew: 623615K->5921K(623616K), 0.0617433 secs] 1852330K->1299224K(2009472K), 0.0617902 secs] [Times: user=0.06 sys=0.00, real=0.06 secs] 
[GC (Allocation Failure) [DefNew: 560289K->69248K(623616K), 0.1741019 secs] 1853592K->1404509K(2009472K), 0.1741417 secs] [Times: user=0.17 sys=0.00, real=0.17 secs] 
[GC (Allocation Failure) [DefNew: 623616K->623616K(623616K), 0.0000205 secs][Tenured: 1335261K->856464K(1385856K), 3.1520034 secs] 1958877K->856464K(2009472K), [Metaspace: 10569K->10569K(12288K)], 3.1520830 secs] [Times: user=3.15 sys=0.00, real=3.15 secs] 

*** PauseDetector detected a 3151 ms pause at Mon Dec 22 01:52:31 EET 2014 ***

[GC (Allocation Failure) [DefNew: 554368K->69247K(623616K), 0.1636590 secs] 1410832K->967354K(2009472K), 0.1636981 secs] [Times: user=0.16 sys=0.00, real=0.16 secs] 
[GC (Allocation Failure) [DefNew: 623615K->5916K(623616K), 0.0487495 secs] 1521722K->968621K(2009472K), 0.0487899 secs] [Times: user=0.03 sys=0.00, real=0.04 secs] 
[GC (Allocation Failure) [DefNew: 560284K->69247K(623616K), 0.1600924 secs] 1522989K->1073362K(2009472K), 0.1601335 secs] [Times: user=0.16 sys=0.00, real=0.16 secs] 
[GC (Allocation Failure) [DefNew: 623615K->5899K(623616K), 0.0625402 secs] 1627730K->1074604K(2009472K), 0.0625857 secs] [Times: user=0.06 sys=0.00, real=0.06 secs] 
[GC (Allocation Failure) [DefNew: 560267K->69248K(623616K), 0.1441737 secs] 1628972K->1179183K(2009472K), 0.1442147 secs] [Times: user=0.14 sys=0.00, real=0.14 secs] 
[GC (Allocation Failure) [DefNew: 623616K->5878K(623616K), 0.0440179 secs] 1733551K->1180376K(2009472K), 0.0440634 secs] [Times: user=0.03 sys=0.00, real=0.04 secs] 
[GC (Allocation Failure) [DefNew: 560246K->69248K(623616K), 0.1355528 secs] 1734744K->1284766K(2009472K), 0.1355900 secs] [Times: user=0.14 sys=0.00, real=0.13 secs] 
[GC (Allocation Failure) [DefNew: 623616K->5920K(623616K), 0.0499531 secs] 1839134K->1286024K(2009472K), 0.0500019 secs] [Times: user=0.05 sys=0.00, real=0.05 secs] 
[GC (Allocation Failure) [DefNew: 560288K->69248K(623616K), 0.1334022 secs] 1840392K->1389498K(2009472K), 0.1335075 secs] [Times: user=0.13 sys=0.00, real=0.13 secs] 
[GC (Allocation Failure) [DefNew: 623616K->623616K(623616K), 0.0000199 secs][Tenured: 1320250K->854682K(1385856K), 2.2868569 secs] 1943866K->854682K(2009472K), [Metaspace: 10569K->10569K(12288K)], 2.2869391 secs] [Times: user=2.28 sys=0.00, real=2.28 secs] 

*** PauseDetector detected a 2280 ms pause at Mon Dec 22 01:52:49 EET 2014 ***

[GC (Allocation Failure) [DefNew: 554368K->69248K(623616K), 0.1343851 secs] 1409050K->963917K(2009472K), 0.1344281 secs] [Times: user=0.12 sys=0.00, real=0.13 secs] 
[GC (Allocation Failure) [DefNew: 623616K->5900K(623616K), 0.0439897 secs] 1518285K->965140K(2009472K), 0.0440333 secs] [Times: user=0.03 sys=0.00, real=0.04 secs] 
[GC (Allocation Failure) [DefNew: 560268K->69247K(623616K), 0.1169676 secs] 1519508K->1068376K(2009472K), 0.1170061 secs] [Times: user=0.11 sys=0.00, real=0.11 secs] 
[GC (Allocation Failure) [DefNew: 623615K->5869K(623616K), 0.0451438 secs] 1622744K->1069532K(2009472K), 0.0451888 secs] [Times: user=0.05 sys=0.00, real=0.05 secs] 
[GC (Allocation Failure) [DefNew: 560237K->69247K(623616K), 0.1466335 secs] 1623900K->1172656K(2009472K), 0.1466784 secs] [Times: user=0.14 sys=0.00, real=0.14 secs] 
[GC (Allocation Failure) [DefNew: 623615K->5894K(623616K), 0.0425140 secs] 1727024K->1173859K(2009472K), 0.0426539 secs] [Times: user=0.03 sys=0.00, real=0.03 secs] 
[GC (Allocation Failure) [DefNew: 560262K->69247K(623616K), 0.1265361 secs] 1728227K->1276875K(2009472K), 0.1265752 secs] [Times: user=0.11 sys=0.00, real=0.12 secs] 
[GC (Allocation Failure) [DefNew: 623615K->5919K(623616K), 0.0476113 secs] 1831243K->1278078K(2009472K), 0.0476537 secs] [Times: user=0.05 sys=0.00, real=0.05 secs] 
[Full GC (System.gc()) [Tenured: 1272158K->779888K(1385856K), 2.3854357 secs] 1480047K->779888K(2009472K), [Metaspace: 10569K->10569K(12288K)], 2.3855935 secs] [Times: user=2.37 sys=0.00, real=2.38 secs] 
[Full GC (System.gc()) [Tenured: 779888K->779890K(1385856K), 2.1562128 secs] 791023K->779890K(2009472K), [Metaspace: 10569K->10569K(12288K)], 2.1562500 secs] [Times: user=2.15 sys=0.00, real=2.15 secs] 
[Full GC (System.gc()) [Tenured: 779890K->779890K(1385856K), 2.0044500 secs] 779890K->779890K(2009472K), [Metaspace: 10569K->10569K(12288K)], 2.0045039 secs] [Times: user=2.00 sys=0.00, real=2.00 secs] 

*** PauseDetector detected a 2382 ms pause at Mon Dec 22 01:53:04 EET 2014 ***

[Full GC (System.gc()) [Tenured: 779890K->779890K(1385856K), 2.2609777 secs] 791025K->779890K(2009472K), [Metaspace: 10569K->10569K(12288K)], 2.2610438 secs] [Times: user=2.28 sys=0.00, real=2.26 secs] 
[Full GC (System.gc()) [Tenured: 779890K->779797K(1385856K), 1.9761699 secs] 779890K->779797K(2009472K), [Metaspace: 10569K->10569K(12288K)], 1.9762136 secs] [Times: user=1.97 sys=0.00, real=1.97 secs] 
[Full GC (System.gc()) [Tenured: 779797K->779852K(1385856K), 2.0031129 secs] 790931K->779852K(2009472K), [Metaspace: 10569K->10569K(12288K)], 2.0031553 secs] [Times: user=2.00 sys=0.00, real=2.00 secs] 

*** PauseDetector detected a 8401 ms pause at Mon Dec 22 01:53:13 EET 2014 ***


*** PauseDetector detected a 2014 ms pause at Mon Dec 22 01:53:15 EET 2014 ***

[GC (Allocation Failure) [DefNew: 554368K->5909K(623616K), 0.0140909 secs] 1334220K->785762K(2009472K), 0.0141981 secs] [Times: user=0.00 sys=0.00, real=0.01 secs] 
[GC (Allocation Failure) [DefNew: 560277K->69248K(623616K), 0.1092706 secs] 1340130K->894349K(2009472K), 0.1093104 secs] [Times: user=0.11 sys=0.00, real=0.11 secs] 
[GC (Allocation Failure) [DefNew: 623616K->5954K(623616K), 0.0567641 secs] 1448717K->895548K(2009472K), 0.0568751 secs] [Times: user=0.05 sys=0.00, real=0.06 secs] 
[GC (Allocation Failure) [DefNew: 560322K->69247K(623616K), 0.1037287 secs] 1449916K->998294K(2009472K), 0.1038506 secs] [Times: user=0.11 sys=0.00, real=0.10 secs] 
[GC (Allocation Failure) [DefNew: 623615K->5954K(623616K), 0.0534157 secs] 1552662K->999491K(2009472K), 0.0534593 secs] [Times: user=0.05 sys=0.00, real=0.05 secs] 
[GC (Allocation Failure) [DefNew: 560322K->69247K(623616K), 0.1135134 secs] 1553859K->1101665K(2009472K), 0.1136192 secs] [Times: user=0.09 sys=0.00, real=0.11 secs] 
[Full GC (System.gc()) [Tenured: 1032417K->850672K(1385856K), 2.1464692 secs] 1413388K->850672K(2009472K), [Metaspace: 10569K->10569K(12288K)], 2.1465334 secs] [Times: user=2.14 sys=0.00, real=2.14 secs] 
[Full GC (System.gc()) [Tenured: 850672K->850674K(1385856K), 2.0135180 secs] 861789K->850674K(2009472K), [Metaspace: 10569K->10569K(12288K)]
*** PauseDetector detected a 4164 ms pause at Mon Dec 22 01:53:29 EET 2014 ***

, 2.0135834 secs] [Times: user=2.03 sys=0.00, real=2.02 secs] 
[Full GC (System.gc()) [Tenured: 850674K->781405K(1385856K), 2.2492182 secs] 861792K->781405K(2009472K), [Metaspace: 10569K->10569K(12288K)], 2.2492625 secs] [Times: user=2.25 sys=0.00, real=2.24 secs] 

*** PauseDetector detected a 2251 ms pause at Mon Dec 22 01:53:31 EET 2014 ***

********************************
********** ROUND   45 **********
********************************
[GC (Allocation Failure) [DefNew: 554368K->69248K(623616K), 0.1196462 secs] 1335773K->889386K(2009472K), 0.1196956 secs] [Times: user=0.11 sys=0.00, real=0.11 secs] 
[GC (Allocation Failure) [DefNew: 623616K->5860K(623616K), 0.0479880 secs] 1443754K->890550K(2009472K), 0.0481079 secs] [Times: user=0.05 sys=0.00, real=0.05 secs] 
[GC (Allocation Failure) [DefNew: 560228K->69248K(623616K), 0.1279399 secs] 1444918K->992607K(2009472K), 0.1279873 secs] [Times: user=0.12 sys=0.00, real=0.13 secs] 
[GC (Allocation Failure) [DefNew: 623616K->5893K(623616K), 0.0432749 secs] 1546975K->993795K(2009472K), 0.0433186 secs] [Times: user=0.05 sys=0.00, real=0.04 secs] 
[GC (Allocation Failure) [DefNew: 560261K->69248K(623616K), 0.1023134 secs] 1548163K->1095739K(2009472K), 0.1023577 secs] [Times: user=0.11 sys=0.00, real=0.10 secs] 
[GC (Allocation Failure) [DefNew: 623616K->5885K(623616K), 0.0469281 secs] 1650107K->1096934K(2009472K), 0.0470654 secs] [Times: user=0.05 sys=0.00, real=0.05 secs] 
[GC (Allocation Failure) [DefNew: 560253K->69247K(623616K), 0.3463131 secs] 1651302K->1223553K(2009472K), 0.3463586 secs] [Times: user=0.34 sys=0.00, real=0.34 secs] 
[GC (Allocation Failure) [DefNew: 623615K->5870K(623616K), 0.1275479 secs] 1777921K->1225178K(2009472K), 0.1275934 secs] [Times: user=0.13 sys=0.00, real=0.12 secs] 
[GC (Allocation Failure) [DefNew: 560238K->69247K(623616K), 0.4484090 secs] 1779546K->1344237K(2009472K), 0.4485501 secs] [Times: user=0.45 sys=0.00, real=0.44 secs] 

*** PauseDetector detected a 443 ms pause at Mon Dec 22 01:53:46 EET 2014 ***

[GC (Allocation Failure) [DefNew: 623615K->5889K(623616K), 0.1004079 secs] 1898605K->1345753K(2009472K), 0.1004522 secs] [Times: user=0.09 sys=0.00, real=0.09 secs] 
[GC (Allocation Failure) [DefNew: 560257K->560257K(623616K), 0.0000192 secs][Tenured: 1339864K->866092K(1385856K), 2.5466862 secs] 1900121K->866092K(2009472K), [Metaspace: 10570K->10570K(12288K)], 2.5468421 secs] [Times: user=2.54 sys=0.00, real=2.54 secs] 

*** PauseDetector detected a 2545 ms pause at Mon Dec 22 01:53:52 EET 2014 ***

[GC (Allocation Failure) [DefNew: 554368K->5889K(623616K), 0.0117383 secs] 1420460K->871981K(2009472K), 0.0118897 secs] [Times: user=0.02 sys=0.00, real=0.01 secs] 
[GC (Allocation Failure) [DefNew
*** PauseDetector detected a 368 ms pause at Mon Dec 22 01:53:56 EET 2014 ***

: 560257K->69247K(623616K), 0.3630941 secs] 1426349K->984434K(2009472K), 0.3631403 secs] [Times: user=0.36 sys=0.00, real=0.36 secs] 
[GC (Allocation Failure) [DefNew: 623615K->5899K(623616K), 0.0733341 secs] 1538802K->985838K(2009472K), 0.0734803 secs] [Times: user=0.06 sys=0.00, real=0.07 secs] 
[GC (Allocation Failure) [DefNew: 560267K->69247K(623616K), 0.3084318 secs] 1540206K->1097065K(2009472K), 0.3085326 secs] [Times: user=0.31 sys=0.00, real=0.30 secs] 
[GC (Allocation Failure) [DefNew: 623615K->5883K(623616K), 0.0691619 secs] 1651433K->1098431K(2009472K), 0.0692023 secs] [Times: user=0.08 sys=0.00, real=0.07 secs] 
[GC (Allocation Failure) [DefNew: 560251K->69247K(623616K), 0.2770190 secs] 1652799K->1207239K(2009472K), 0.2770614 secs] [Times: user=0.28 sys=0.00, real=0.27 secs] 
[GC (Allocation Failure) [DefNew: 623615K->5863K(623616K), 0.0616157 secs] 1761607K->1208506K(2009472K), 0.0616580 secs] [Times: user=0.05 sys=0.00, real=0.05 secs] 
[GC (Allocation Failure) [DefNew: 560231K->69247K(623616K), 0.2541481 secs] 1762874K->1316617K(2009472K), 0.2541847 secs] [Times: user=0.25 sys=0.00, real=0.25 secs] 
[GC (Allocation Failure) [DefNew: 623615K->5898K(623616K), 0.0594170 secs] 1870985K->1317915K(2009472K), 0.0594568 secs] [Times: user=0.05 sys=0.00, real=0.06 secs] 
[GC (Allocation Failure) [DefNew: 560266K->560266K(623616K), 0.0000186 secs][Tenured: 1312016K->857450K(1385856K), 2.5143213 secs] 1872283K->857450K(2009472K), [Metaspace: 10570K->10570K(12288K)], 2.5145112 secs] [Times: user=2.51 sys=0.00, real=2.51 secs] 

*** PauseDetector detected a 2516 ms pause at Mon Dec 22 01:54:12 EET 2014 ***

[GC (Allocation Failure) [DefNew: 554368K->5902K(623616K), 0.0116408 secs] 1411818K->863353K(2009472K), 0.0117396 secs] [Times: user=0.02 sys=0.00, real=0.01 secs] 
[GC (Allocation Failure) [DefNew: 560270K->69247K(623616K), 0.2353775 secs] 1417721K->970398K(2009472K), 0.2354218 secs] [Times: user=0.23 sys=0.00, real=0.23 secs] 
[GC (Allocation Failure) [DefNew: 623615K->5906K(623616K), 0.0510791 secs] 1524766K->971690K(2009472K), 0.0512266 secs] [Times: user=0.03 sys=0.00, real=0.04 secs] 
[GC (Allocation Failure) [DefNew: 560274K->69248K(623616K), 0.1819452 secs] 1526058K->1077292K(2009472K), 0.1819869 secs] [Times: user=0.17 sys=0.00, real=0.18 secs] 
[GC (Allocation Failure) [DefNew: 623616K->5900K(623616K), 0.0530635 secs] 1631660K->1078539K(2009472K), 0.0531084 secs] [Times: user=0.05 sys=0.00, real=0.04 secs] 
[GC (Allocation Failure) [DefNew: 560268K->69248K(623616K), 0.2002654 secs] 1632907K->1183832K(2009472K), 0.2003443 secs] [Times: user=0.19 sys=0.00, real=0.20 secs] 
[GC (Allocation Failure) [DefNew: 623616K->5908K(623616K), 0.0508109 secs] 1738200K->1185082K(2009472K), 0.0508507 secs] [Times: user=0.05 sys=0.00, real=0.05 secs] 
[GC (Allocation Failure) [DefNew: 560276K->69247K(623616K), 0.1862829 secs] 1739450K->1290054K(2009472K), 0.1863213 secs] [Times: user=0.17 sys=0.00, real=0.18 secs] 
[GC (Allocation Failure) [DefNew: 623615K->5866K(623616K), 0.0524354 secs] 1844422K->1291281K(2009472K), 0.0526060 secs] [Times: user=0.05 sys=0.00, real=0.04 secs] 
[GC (Allocation Failure) [DefNew: 560234K->69248K(623616K), 0.1836646 secs] 1845649K->1396062K(2009472K), 0.1837704 secs] [Times: user=0.19 sys=0.00, real=0.17 secs] 
[GC (Allocation Failure) [DefNew: 623616K->623616K(623616K), 0.0001206 secs][Tenured: 1326814K->855928K(1385856K), 2.3098427 secs] 1950430K->855928K(2009472K), [Metaspace: 10570K->10570K(12288K)], 2.3100313 secs] [Times: user=2.31 sys=0.00, real=2.30 secs] 

*** PauseDetector detected a 2302 ms pause at Mon Dec 22 01:54:31 EET 2014 ***

[GC (Allocation Failure) [DefNew: 554368K->69247K(623616K), 0.1365209 secs] 1410296K->966391K(2009472K), 0.1365588 secs] [Times: user=0.13 sys=0.00, real=0.13 secs] 
[GC (Allocation Failure) [DefNew: 623615K->5862K(623616K), 0.0551223 secs] 1520759K->967582K(2009472K), 0.0551621 secs] [Times: user=0.05 sys=0.00, real=0.05 secs] 
[GC (Allocation Failure) [DefNew: 560230K->69248K(623616K), 0.1401747 secs] 1521950K->1072001K(2009472K), 0.1402190 secs] [Times: user=0.14 sys=0.00, real=0.14 secs] 
[GC (Allocation Failure) [DefNew: 623616K->5904K(623616K), 0.0483196 secs] 1626369K->1073231K(2009472K), 0.0484595 secs] [Times: user=0.03 sys=0.00, real=0.04 secs] 
[GC (Allocation Failure) [DefNew: 560272K->69247K(623616K), 0.1314570 secs] 1627599K->1176727K(2009472K), 0.1316065 secs] [Times: user=0.13 sys=0.00, real=0.13 secs] 
[GC (Allocation Failure) [DefNew: 623615K->5904K(623616K), 0.0580684 secs] 1731095K->1177944K(2009472K), 0.0581191 secs] [Times: user=0.05 sys=0.00, real=0.06 secs] 
[GC (Allocation Failure) [DefNew: 560272K->69248K(623616K), 0.1324033 secs] 1732312K->1281289K(2009472K), 0.1324450 secs] [Times: user=0.13 sys=0.00, real=0.13 secs] 
[GC (Allocation Failure) [DefNew: 623616K->5870K(623616K), 0.0499999 secs] 1835657K->1282468K(2009472K), 0.0500410 secs] [Times: user=0.05 sys=0.00, real=0.05 secs] 
[GC (Allocation Failure) [DefNew: 560238K->69248K(623616K), 0.1353886 secs] 1836836K->1385691K(2009472K), 0.1355021 secs] [Times: user=0.14 sys=0.00, real=0.13 secs] 
[GC (Allocation Failure) [DefNew: 623616K->623616K(623616K), 0.0000212 secs][Tenured: 1316443K->785080K(1385856K), 2.6663805 secs] 1940059K->785080K(2009472K), [Metaspace: 10570K->10570K(12288K)], 2.6664652 secs] [Times: user=2.64 sys=0.00, real=2.66 secs] 

*** PauseDetector detected a 2661 ms pause at Mon Dec 22 01:54:49 EET 2014 ***

[GC (Allocation Failure) [DefNew: 554368K->69248K(623616K), 0.1356676 secs] 1339448K->894091K(2009472K), 0.1357235 secs] [Times: user=0.13 sys=0.00, real=0.14 secs] 
[GC (Allocation Failure) [DefNew: 623616K->5908K(623616K), 0.0450258 secs] 1448459K->895291K(2009472K), 0.0450662 secs] [Times: user=0.05 sys=0.00, real=0.04 secs] 
[GC (Allocation Failure) [DefNew: 560276K->69247K(623616K), 0.1243573 secs] 1449659K->998290K(2009472K), 0.1243977 secs] [Times: user=0.13 sys=0.00, real=0.12 secs] 
[GC (Allocation Failure) [DefNew: 623615K->5885K(623616K), 0.0461627 secs] 1552658K->999462K(2009472K), 0.0462140 secs] [Times: user=0.05 sys=0.00, real=0.04 secs] 
[GC (Allocation Failure) [DefNew: 560253K->69248K(623616K), 0.1052371 secs] 1553830K->1102353K(2009472K), 0.1052756 secs] [Times: user=0.11 sys=0.00, real=0.10 secs] 
[GC (Allocation Failure) [DefNew: 623616K->5909K(623616K), 0.0468934 secs] 1656721K->1103581K(2009472K), 0.0469377 secs] [Times: user=0.05 sys=0.00, real=0.05 secs] 
[GC (Allocation Failure) [DefNew: 560277K->69247K(623616K), 0.1350421 secs] 1657949K->1206352K(2009472K), 0.1350851 secs] [Times: user=0.12 sys=0.00, real=0.13 secs] 
[GC (Allocation Failure) [DefNew: 623615K->5914K(623616K), 0.0514602 secs] 1760720K->1207589K(2009472K), 0.0515031 secs] [Times: user=0.05 sys=0.00, real=0.05 secs] 
[GC (Allocation Failure) [DefNew: 560282K->69247K(623616K), 0.1079567 secs] 1761957K->1310277K(2009472K), 0.1079945 secs] [Times: user=0.11 sys=0.00, real=0.11 secs] 
[GC (Allocation Failure) [DefNew: 623615K->5913K(623616K), 0.0452946 secs] 1864645K->1311508K(2009472K), 0.0453344 secs] [Times: user=0.03 sys=0.00, real=0.04 secs] 
[GC (Allocation Failure) [DefNew: 560281K->560281K(623616K), 0.0000199 secs][Tenured: 1305595K->852178K(1385856K), 2.3385692 secs] 1865876K->852178K(2009472K), [Metaspace: 10570K->10570K(12288K)], 2.3386552 secs] [Times: user=2.31 sys=0.00, real=2.34 secs] 

*** PauseDetector detected a 2340 ms pause at Mon Dec 22 01:55:09 EET 2014 ***

[GC (Allocation Failure) [DefNew: 554368K->5863K(623616K), 0.0120251 secs] 1406546K->858041K(2009472K), 0.0120661 secs] [Times: user=0.02 sys=0.00, real=0.01 secs] 
[GC (Allocation Failure) [DefNew: 560231K->69247K(623616K), 0.1264155 secs] 1412409K->960190K(2009472K), 0.1264655 secs] [Times: user=0.12 sys=0.00, real=0.13 secs] 
[GC (Allocation Failure) [DefNew: 623615K->5918K(623616K), 0.0518470 secs] 1514558K->961380K(2009472K), 0.0519125 secs] [Times: user=0.05 sys=0.00, real=0.05 secs] 
[GC (Allocation Failure) [DefNew: 560286K->69247K(623616K), 0.1018900 secs] 1515748K->1063409K(2009472K), 0.1019984 secs] [Times: user=0.09 sys=0.00, real=0.09 secs] 
[GC (Allocation Failure) [DefNew: 623615K->5907K(623616K), 0.0407548 secs] 1617777K->1064581K(2009472K), 0.0408960 secs] [Times: user=0.03 sys=0.00, real=0.03 secs] 
[GC (Allocation Failure) [DefNew: 560275K->69248K(623616K), 0.1183752 secs] 1618949K->1166553K(2009472K), 0.1184169 secs] [Times: user=0.13 sys=0.00, real=0.12 secs] 
[GC (Allocation Failure) [DefNew: 623616K->5922K(623616K), 0.0559660 secs] 1720921K->1167744K(2009472K), 0.0560198 secs] [Times: user=0.05 sys=0.00, real=0.06 secs] 
[GC (Allocation Failure) [DefNew: 560290K->69247K(623616K), 0.3276073 secs] 1722112K->1294352K(2009472K), 0.3276701 secs] [Times: user=0.33 sys=0.00, real=0.32 secs] 
[GC (Allocation Failure) [DefNew: 623615K->5885K(623616K), 0.0878273 secs] 1848720K->1295966K(2009472K), 0.0878696 secs] [Times: user=0.08 sys=0.00, real=0.09 secs] 
[GC (Allocation Failure) [DefNew: 560253K->69247K(623616K), 0.5464912 secs] 1850334K->1415050K(2009472K), 0.5465309 secs] [Times: user=0.53 sys=0.00, real=0.54 secs] 

*** PauseDetector detected a 542 ms pause at Mon Dec 22 01:55:25 EET 2014 ***

[GC (Allocation Failure) [DefNew: 623615K->623615K(623616K), 0.0000192 secs][Tenured: 1345802K->869605K(1385856K), 2.5254430 secs] 1969418K->869605K(2009472K), [Metaspace: 10570K->10570K(12288K)], 2.5255238 secs] [Times: user=2.51 sys=0.00, real=2.52 secs] 

*** PauseDetector detected a 2519 ms pause at Mon Dec 22 01:55:29 EET 2014 ***

[GC (Allocation Failure) [DefNew: 554368K->69247K(623616K), 0.3582733 secs] 1423973K->992026K(2009472K), 0.3583150 secs] [Times: user=0.36 sys=0.00, real=0.36 secs] 

*** PauseDetector detected a 361 ms pause at Mon Dec 22 01:55:32 EET 2014 ***

[GC (Allocation Failure) [DefNew: 623615K->5891K(623616K), 0.0821217 secs] 1546394K->993481K(2009472K), 0.0822257 secs] [Times: user=0.08 sys=0.00, real=0.08 secs] 
[GC (Allocation Failure) [DefNew: 560259K->69248K(623616K), 0.3254663 secs] 1547849K->1105952K(2009472K), 0.3255311 secs] [Times: user=0.31 sys=0.00, real=0.32 secs] 
[GC (Allocation Failure) [DefNew: 623616K->5920K(623616K), 0.0787111 secs] 1660320K->1107356K(2009472K), 0.0787502 secs] [Times: user=0.08 sys=0.00, real=0.08 secs] 
[GC (Allocation Failure) [DefNew: 560288K->69248K(623616K), 0.3389003 secs] 1661724K->1218566K(2009472K), 0.3389413 secs] [Times: user=0.34 sys=0.00, real=0.34 secs] 
[GC (Allocation Failure) [DefNew: 623616K->5871K(623616K), 0.0699594 secs] 1772934K->1219917K(2009472K), 0.0701595 secs] [Times: user=0.06 sys=0.00, real=0.06 secs] 
[GC (Allocation Failure) [DefNew: 560239K->69248K(623616K), 0.2804078 secs] 1774285K->1328752K(2009472K), 0.2804527 secs] [Times: user=0.27 sys=0.00, real=0.27 secs] 
[GC (Allocation Failure) [DefNew: 623616K->5870K(623616K), 0.0570823 secs] 1883120K->1330010K(2009472K), 0.0571240 secs] [Times: user=0.06 sys=0.00, real=0.06 secs] 
[GC (Allocation Failure) [DefNew: 560238K->560238K(623616K), 0.0000192 secs][Tenured: 1324139K->857952K(1385856K), 2.7035079 secs] 1884378K->857952K(2009472K), [Metaspace: 10570K->10570K(12288K)], 2.7035906 secs] [Times: user=2.70 sys=0.00, real=2.70 secs] 

*** PauseDetector detected a 2699 ms pause at Mon Dec 22 01:55:48 EET 2014 ***

[GC (Allocation Failure) [DefNew: 554368K->5862K(623616K), 0.0126929 secs] 1412320K->863815K(2009472K), 0.0127346 secs] [Times: user=0.02 sys=0.00, real=0.01 secs] 
[GC (Allocation Failure) [DefNew: 560230K->69248K(623616K), 0.2389466 secs] 1418183K->971374K(2009472K), 0.2391070 secs] [Times: user=0.25 sys=0.00, real=0.24 secs] 
[GC (Allocation Failure) [DefNew: 623616K->5924K(623616K), 0.0677248 secs] 1525742K->972665K(2009472K), 0.0677677 secs] [Times: user=0.06 sys=0.00, real=0.07 secs] 
[GC (Allocation Failure) [DefNew: 560292K->69248K(623616K), 0.1967040 secs] 1527033K->1079709K(2009472K), 0.1968438 secs] [Times: user=0.17 sys=0.00, real=0.19 secs] 
[GC (Allocation Failure) [DefNew: 623616K->5866K(623616K), 0.0591976 secs] 1634077K->1080938K(2009472K), 0.0592393 secs] [Times: user=0.06 sys=0.00, real=0.06 secs] 
[GC (Allocation Failure) [DefNew: 560234K->69247K(623616K), 0.2376782 secs] 1635306K->1186572K(2009472K), 0.2377218 secs] [Times: user=0.23 sys=0.00, real=0.23 secs] 
[GC (Allocation Failure) [DefNew: 623615K->5924K(623616K), 0.0546270 secs] 1740940K->1187852K(2009472K), 0.0546777 secs] [Times: user=0.06 sys=0.00, real=0.06 secs] 
[GC (Allocation Failure) [DefNew: 560292K->69247K(623616K), 0.1956524 secs] 1742220K->1293081K(2009472K), 0.1956935 secs] [Times: user=0.19 sys=0.00, real=0.19 secs] 
[GC (Allocation Failure) [DefNew: 623615K->5912K(623616K), 0.0688141 secs] 1847449K->1294375K(2009472K), 0.0688674 secs] [Times: user=0.06 sys=0.00, real=0.07 secs] 
[GC (Allocation Failure) [DefNew: 560280K->69247K(623616K), 0.1990630 secs] 1848743K->1399387K(2009472K), 0.1991022 secs] [Times: user=0.20 sys=0.00, real=0.20 secs] 
[GC (Allocation Failure) [DefNew: 623615K->623615K(623616K), 0.0000302 secs][Tenured: 1330139K->786888K(1385856K), 2.7210370 secs] 1953755K->786888K(2009472K), [Metaspace: 10570K->10570K(12288K)], 2.7211377 secs] [Times: user=2.70 sys=0.00, real=2.71 secs] 

*** PauseDetector detected a 2718 ms pause at Mon Dec 22 01:56:08 EET 2014 ***

[GC (Allocation Failure) [DefNew: 554368K->69248K(623616K), 0.1660841 secs] 1341256K->897575K(2009472K), 0.1661239 secs] [Times: user=0.16 sys=0.00, real=0.17 secs] 
[GC (Allocation Failure) [DefNew: 623616K->5918K(623616K), 0.0545166 secs] 1451943K->898808K(2009472K), 0.0545583 secs] [Times: user=0.06 sys=0.00, real=0.05 secs] 
[GC (Allocation Failure) [DefNew: 560286K->69247K(623616K), 0.1323937 secs] 1453176K->1003371K(2009472K), 0.1324328 secs] [Times: user=0.12 sys=0.00, real=0.13 secs] 
[GC (Allocation Failure) [DefNew: 623615K->5922K(623616K), 0.0483427 secs] 1557739K->1004604K(2009472K), 0.0483793 secs] [Times: user=0.05 sys=0.00, real=0.05 secs] 
[GC (Allocation Failure) [DefNew: 560290K->69248K(623616K), 0.1678408 secs] 1558972K->1108959K(2009472K), 0.1678889 secs] [Times: user=0.17 sys=0.00, real=0.17 secs] 
[GC (Allocation Failure) [DefNew: 623616K->5891K(623616K), 0.0495451 secs] 1663327K->1110180K(2009472K), 0.0495887 secs] [Times: user=0.05 sys=0.00, real=0.05 secs] 
[GC (Allocation Failure) [DefNew: 560259K->69247K(623616K), 0.1508319 secs] 1664548K->1213718K(2009472K), 0.1509577 secs] [Times: user=0.14 sys=0.00, real=0.15 secs] 
[Full GC (System.gc()) [Tenured: 1144470K->853446K(1385856K), 2.5479777 secs] 1213902K->853446K(2009472K), [Metaspace: 10570K->10570K(12288K)], 2.5481086 secs] [Times: user=2.51 sys=0.00, real=2.55 secs] 
[Full GC (System.gc()) [Tenured: 853446K->848892K(1385856K), 2.3729391 secs] 864564K->848892K(2009472K), [Metaspace: 10570K->10570K(12288K)], 2.3730033 secs] [Times: user=2.37 sys=0.00, real=2.37 secs] 
[Full GC (System.gc()) [Tenured: 848892K->848893K(1385856K), 2.2671650 secs] 860011K->848893K(2009472K), [Metaspace: 10570K->10570K(12288K)], 2.2672196 secs] [Times: user=2.25 sys=0.00, real=2.27 secs] 

*** PauseDetector detected a 4925 ms pause at Mon Dec 22 01:56:24 EET 2014 ***

[Full GC (System.gc()) [Tenured: 848893K->779628K(1385856K), 2.2368730 secs] 860011K->779628K(2009472K), [Metaspace: 10570K->10570K(12288K)], 2.2369988 secs] [Times: user=2.23 sys=0.00, real=2.24 secs] 
[Full GC (System.gc()) [Tenured: 779628K->779629K(1385856K), 2.3025390 secs] 790747K->779629K(2009472K), [Metaspace: 10570K->10570K(12288K)], 2.3025845 secs] [Times: user=2.31 sys=0.00, real=2.30 secs] 
[Full GC (System.gc()) [Tenured: 779629K->779629K(1385856K), 2.1805837 secs] 790745K->779629K(2009472K), [Metaspace: 10570K->10570K(12288K)], 2.1806453 secs] [Times: user=2.17 sys=0.00, real=2.18 secs] 

*** PauseDetector detected a 4538 ms pause at Mon Dec 22 01:56:29 EET 2014 ***


*** PauseDetector detected a 4489 ms pause at Mon Dec 22 01:56:33 EET 2014 ***

[GC (Allocation Failure) [DefNew: 554368K->69247K(623616K), 0.1303272 secs] 1333997K->888937K(2009472K), 0.1303669 secs] [Times: user=0.13 sys=0.00, real=0.13 secs] 
[GC (Allocation Failure) [DefNew: 623615K->5954K(623616K), 0.0517059 secs] 1443305K->890142K(2009472K), 0.0517450 secs] [Times: user=0.06 sys=0.00, real=0.05 secs] 
[GC (Allocation Failure) [DefNew: 560322K->69248K(623616K), 0.1183098 secs] 1444510K->993361K(2009472K), 0.1184574 secs] [Times: user=0.11 sys=0.00, real=0.12 secs] 
[GC (Allocation Failure) [DefNew: 623616K->5954K(623616K), 0.0443791 secs] 1547729K->994564K(2009472K), 0.0445382 secs] [Times: user=0.05 sys=0.00, real=0.05 secs] 
[GC (Allocation Failure) [DefNew: 560322K->69248K(623616K), 0.1458308 secs] 1548932K->1097664K(2009472K), 0.1458796 secs] [Times: user=0.16 sys=0.00, real=0.15 secs] 
[GC (Allocation Failure) [DefNew: 623616K->5954K(623616K), 0.0484884 secs] 1652032K->1098866K(2009472K), 0.0485320 secs] [Times: user=0.05 sys=0.00, real=0.05 secs] 
[Full GC (System.gc()) [Tenured: 1092911K->849304K(1385856K), 2.7235995 secs] 1298976K->849304K(2009472K), [Metaspace: 10570K->10570K(12288K)], 2.7236521 secs] [Times: user=2.71 sys=0.00, real=2.72 secs] 
[Full GC (System.gc()) [Tenured: 849304K->780026K(1385856K), 2.2253619 secs] 849304K->780026K(2009472K), [Metaspace: 10570K->10570K(12288K)], 2.2254036 secs] [Times: user=2.21 sys=0.00, real=2.23 secs] 
[Full GC (System.gc()) [Tenured: 780026K->780027K(1385856K), 2.3089926 secs] 780028K->780027K(2009472K), [Metaspace: 10570K->10570K(12288K)], 2.3091177 secs] [Times: user=2.31 sys=0.00, real=2.31 secs] 

*** PauseDetector detected a 4950 ms pause at Mon Dec 22 01:56:48 EET 2014 ***

********************************
********** ROUND   46 **********
********************************

*** PauseDetector detected a 2348 ms pause at Mon Dec 22 01:56:51 EET 2014 ***

[GC (Allocation Failure) [DefNew: 554368K->5895K(623616K), 0.0150315 secs] 1334395K->785922K(2009472K), 0.0150777 secs] [Times: user=0.02 sys=0.00, real=0.01 secs] 
[GC (Allocation Failure) [DefNew: 560263K->69248K(623616K), 0.1178152 secs] 1340290K->888805K(2009472K), 0.1179242 secs] [Times: user=0.11 sys=0.00, real=0.12 secs] 
[GC (Allocation Failure) [DefNew: 623616K->5887K(623616K), 0.0478308 secs] 1443173K->890009K(2009472K), 0.0478680 secs] [Times: user=0.05 sys=0.00, real=0.05 secs] 
[GC (Allocation Failure) [DefNew: 560255K->69248K(623616K), 0.1252651 secs] 1444377K->992817K(2009472K), 0.1253120 secs] [Times: user=0.12 sys=0.00, real=0.13 secs] 
[GC (Allocation Failure) [DefNew: 623616K->5894K(623616K), 0.0459259 secs] 1547185K->994019K(2009472K), 0.0459702 secs] [Times: user=0.05 sys=0.00, real=0.05 secs] 
[GC (Allocation Failure) [DefNew: 560262K->69247K(623616K), 0.1299281 secs] 1548387K->1096719K(2009472K), 0.1299692 secs] [Times: user=0.12 sys=0.00, real=0.13 secs] 
[GC (Allocation Failure) [DefNew: 623615K->5862K(623616K), 0.0461248 secs] 1651087K->1097908K(2009472K), 0.0461614 secs] [Times: user=0.03 sys=0.00, real=0.04 secs] 
[GC (Allocation Failure) [DefNew: 560230K->69248K(623616K), 0.1420481 secs] 1652276K->1200112K(2009472K), 0.1420937 secs] [Times: user=0.14 sys=0.00, real=0.14 secs] 
[GC (Allocation Failure) [DefNew: 623616K->5899K(623616K), 0.0462313 secs] 1754480K->1201301K(2009472K), 0.0462724 secs] [Times: user=0.05 sys=0.00, real=0.04 secs] 
[GC (Allocation Failure) [DefNew: 560267K->69247K(623616K), 0.1137238 secs] 1755669K->1303421K(2009472K), 0.1137700 secs] [Times: user=0.11 sys=0.00, real=0.11 secs] 
[GC (Allocation Failure) [DefNew: 623615K->5895K(623616K), 0.0455140 secs] 1857789K->1304606K(2009472K), 0.0456135 secs] [Times: user=0.05 sys=0.00, real=0.05 secs] 
[GC (Allocation Failure) [DefNew: 560263K->69248K(623616K), 0.1189501 secs] 1858974K->1406636K(2009472K), 0.1189963 secs] [Times: user=0.13 sys=0.00, real=0.12 secs] 
[GC (Allocation Failure) [DefNew: 623616K->623616K(623616K), 0.0000199 secs][Tenured: 1337388K->853168K(1385856K), 2.4551340 secs] 1961004K->853168K(2009472K), [Metaspace: 10570K->10570K(12288K)], 2.4552866 secs] [Times: user=2.45 sys=0.00, real=2.45 secs] 

*** PauseDetector detected a 2456 ms pause at Mon Dec 22 01:57:13 EET 2014 ***

[GC (Allocation Failure) [DefNew: 554368K->69248K(623616K), 0.1187332 secs] 1407536K->961006K(2009472K), 0.1187724 secs] [Times: user=0.13 sys=0.00, real=0.12 secs] 
[GC (Allocation Failure) [DefNew: 623616K->5891K(623616K), 0.0507981 secs] 1515374K->962207K(2009472K), 0.0508423 secs] [Times: user=0.05 sys=0.00, real=0.05 secs] 
[GC (Allocation Failure) [DefNew: 560259K->69247K(623616K), 0.3505096 secs] 1516575K->1088824K(2009472K), 0.3505449 secs] [Times: user=0.36 sys=0.00, real=0.35 secs] 

*** PauseDetector detected a 351 ms pause at Mon Dec 22 01:57:18 EET 2014 ***

[GC (Allocation Failure) [DefNew: 623615K->5899K(623616K), 0.1052191 secs] 1643192K->1090474K(2009472K), 0.1052582 secs] [Times: user=0.11 sys=0.00, real=0.11 secs] 
[GC (Allocation Failure) [DefNew: 560267K->69248K(623616K), 0.4979765 secs] 1644842K->1209518K(2009472K), 0.4980162 secs] [Times: user=0.50 sys=0.00, real=0.50 secs] 

*** PauseDetector detected a 503 ms pause at Mon Dec 22 01:57:22 EET 2014 ***

[GC (Allocation Failure) [DefNew: 623616K->5879K(623616K), 0.0894267 secs] 1763886K->1211010K(2009472K), 0.0894671 secs] [Times: user=0.09 sys=0.00, real=0.08 secs] 
[GC (Allocation Failure) [DefNew: 560247K->69248K(623616K), 0.4002035 secs] 1765378K->1327543K(2009472K), 0.4002459 secs] [Times: user=0.39 sys=0.00, real=0.39 secs] 

*** PauseDetector detected a 405 ms pause at Mon Dec 22 01:57:26 EET 2014 ***

[GC (Allocation Failure) [DefNew: 623616K->5900K(623616K), 0.0842928 secs] 1881911K->1329015K(2009472K), 0.0843326 secs] [Times: user=0.09 sys=0.00, real=0.08 secs] 
[GC (Allocation Failure) [DefNew: 560268K->560268K(623616K), 0.0000199 secs][Tenured: 1323114K->862298K(1385856K), 2.9607689 secs] 1883383K->862298K(2009472K), [Metaspace: 10570K->10570K(12288K)], 2.9608761 secs]
*** PauseDetector detected a 2961 ms pause at Mon Dec 22 01:57:32 EET 2014 ***

 [Times: user=2.93 sys=0.02, real=2.96 secs] 
[GC (Allocation Failure) [DefNew: 554368K->5904K(623616K), 0.0125062 secs] 1416666K->868203K(2009472K), 0.0125531 secs] [Times: user=0.00 sys=0.00, real=0.01 secs] 
[GC (Allocation Failure) [DefNew: 560272K->69247K(623616K), 0.3343252 secs] 1422571K->979440K(2009472K), 0.3343740 secs] [Times: user=0.34 sys=0.00, real=0.33 secs] 
[GC (Allocation Failure) [DefNew: 623615K->5908K(623616K), 0.0816110 secs] 1533808K->980817K(2009472K), 0.0816636 secs] [Times: user=0.08 sys=0.00, real=0.08 secs] 
[GC (Allocation Failure) [DefNew: 560276K->69247K(623616K), 0.2610444 secs] 1535185K->1089567K(2009472K), 0.2610835 secs] [Times: user=0.25 sys=0.00, real=0.26 secs] 
[GC (Allocation Failure) [DefNew: 623615K->5879K(623616K), 0.0846194 secs] 1643935K->1090858K(2009472K), 0.0846656 secs] [Times: user=0.09 sys=0.00, real=0.09 secs] 
[GC (Allocation Failure) [DefNew: 560247K->69247K(623616K), 0.2699803 secs] 1645226K->1198991K(2009472K), 0.2700233 secs] [Times: user=0.27 sys=0.00, real=0.27 secs] 
[GC (Allocation Failure) [DefNew: 623615K->5905K(623616K), 0.0631721 secs] 1753359K->1200282K(2009472K), 0.0632799 secs] [Times: user=0.06 sys=0.00, real=0.06 secs] 
[GC (Allocation Failure) [DefNew: 560273K->69248K(623616K), 0.2396973 secs] 1754650K->1307779K(2009472K), 0.2397383 secs] [Times: user=0.25 sys=0.00, real=0.24 secs] 
[GC (Allocation Failure) [DefNew: 623616K->5876K(623616K), 0.0642712 secs] 1862147K->1309040K(2009472K), 0.0643141 secs] [Times: user=0.06 sys=0.00, real=0.06 secs] 
[GC (Allocation Failure) [DefNew: 560244K->69247K(623616K), 0.2625277 secs] 1863408K->1416122K(2009472K), 0.2625675 secs] [Times: user=0.25 sys=0.00, real=0.25 secs] 
[GC (Allocation Failure) [DefNew: 623615K->623615K(623616K), 0.0000192 secs][Tenured: 1346874K->788953K(1385856K), 2.7259361 secs] 1970490K->788953K(2009472K), [Metaspace: 10570K->10570K(12288K)], 2.7260163 secs] [Times: user=2.70 sys=0.00, real=2.73 secs] 

*** PauseDetector detected a 2726 ms pause at Mon Dec 22 01:57:53 EET 2014 ***

[GC (Allocation Failure) [DefNew: 554368K->69247K(623616K), 0.2176790 secs] 1343321K->900427K(2009472K), 0.2177258 secs] [Times: user=0.22 sys=0.00, real=0.22 secs] 
[GC (Allocation Failure) [DefNew: 623615K->5913K(623616K), 0.0592566 secs] 1454795K->901726K(2009472K), 0.0592996 secs] [Times: user=0.06 sys=0.00, real=0.06 secs] 
[GC (Allocation Failure) [DefNew: 560281K->69248K(623616K), 0.1914244 secs] 1456094K->1007011K(2009472K), 0.1915271 secs] [Times: user=0.20 sys=0.00, real=0.19 secs] 
[GC (Allocation Failure) [DefNew: 623616K->5892K(623616K), 0.0570797 secs] 1561379K->1008238K(2009472K), 0.0571259 secs] [Times: user=0.06 sys=0.00, real=0.06 secs] 
[GC (Allocation Failure) [DefNew: 560260K->69247K(623616K), 0.2026668 secs] 1562606K->1113207K(2009472K), 0.2027226 secs] [Times: user=0.20 sys=0.00, real=0.20 secs] 
[GC (Allocation Failure) [DefNew: 623615K->5915K(623616K), 0.0538539 secs] 1667575K->1114502K(2009472K), 0.0538943 secs] [Times: user=0.06 sys=0.00, real=0.05 secs] 
[GC (Allocation Failure) [DefNew: 560283K->69248K(623616K), 0.1596825 secs] 1668870K->1219260K(2009472K), 0.1597768 secs] [Times: user=0.16 sys=0.00, real=0.15 secs] 
[GC (Allocation Failure) [DefNew: 623616K->5911K(623616K), 0.0703693 secs] 1773628K->1220499K(2009472K), 0.0704136 secs] [Times: user=0.06 sys=0.00, real=0.07 secs] 
[GC (Allocation Failure) [DefNew: 560279K->69247K(623616K), 0.1874864 secs] 1774867K->1325026K(2009472K), 0.1875358 secs] [Times: user=0.19 sys=0.00, real=0.19 secs] 
[GC (Allocation Failure) [DefNew: 623615K->5920K(623616K), 0.0534773 secs] 1879394K->1326300K(2009472K), 0.0535190 secs] [Times: user=0.06 sys=0.00, real=0.05 secs] 
[GC (Allocation Failure) [DefNew: 560288K->560288K(623616K), 0.0000192 secs][Tenured: 1320380K->854373K(1385856K), 2.4886370 secs] 1880668K->854373K(2009472K), [Metaspace: 10570K->10570K(12288K)]
*** PauseDetector detected a 2492 ms pause at Mon Dec 22 01:58:13 EET 2014 ***

, 2.4887294 secs] [Times: user=2.48 sys=0.00, real=2.49 secs] 
[GC (Allocation Failure) [DefNew: 554368K->5905K(623616K), 0.0130413 secs] 1408741K->860279K(2009472K), 0.0130811 secs] [Times: user=0.02 sys=0.00, real=0.01 secs] 
[GC (Allocation Failure) [DefNew: 560273K->69248K(623616K), 0.1435443 secs] 1414647K->963793K(2009472K), 0.1435930 secs] [Times: user=0.14 sys=0.00, real=0.14 secs] 
[GC (Allocation Failure) [DefNew: 623616K->5911K(623616K), 0.0591379 secs] 1518161K->964998K(2009472K), 0.0592585 secs] [Times: user=0.06 sys=0.00, real=0.06 secs] 
[GC (Allocation Failure) [DefNew: 560279K->69248K(623616K), 0.1322525 secs] 1519366K->1068351K(2009472K), 0.1322930 secs] [Times: user=0.14 sys=0.00, real=0.13 secs] 
[GC (Allocation Failure) [DefNew: 623616K->5916K(623616K), 0.0554861 secs] 1622719K->1069561K(2009472K), 0.0555342 secs] [Times: user=0.06 sys=0.00, real=0.05 secs] 
[GC (Allocation Failure) [DefNew: 560284K->69247K(623616K), 0.1418139 secs] 1623929K->1172779K(2009472K), 0.1419192 secs] [Times: user=0.14 sys=0.00, real=0.14 secs] 
[GC (Allocation Failure) [DefNew: 623615K->5915K(623616K), 0.0467112 secs] 1727147K->1173982K(2009472K), 0.0468261 secs] [Times: user=0.05 sys=0.00, real=0.05 secs] 
[GC (Allocation Failure) [DefNew: 560283K->69247K(623616K), 0.1447107 secs] 1728350K->1277080K(2009472K), 0.1447472 secs] [Times: user=0.16 sys=0.00, real=0.14 secs] 
[GC (Allocation Failure) [DefNew: 623615K->5917K(623616K), 0.0524328 secs] 1831448K->1278287K(2009472K), 0.0524739 secs] [Times: user=0.06 sys=0.00, real=0.05 secs] 
[GC (Allocation Failure) [DefNew: 560285K->69248K(623616K), 0.1337513 secs] 1832655K->1381239K(2009472K), 0.1337930 secs] [Times: user=0.13 sys=0.00, real=0.13 secs] 
[GC (Allocation Failure) [DefNew: 623616K->623616K(623616K), 0.0000186 secs][Tenured: 1311991K->849762K(1385856K), 2.4807668 secs] 1935607K->849762K(2009472K), [Metaspace: 10570K->10570K(12288K)], 2.4808413 secs] [Times: user=2.47 sys=0.00, real=2.48 secs] 

*** PauseDetector detected a 2481 ms pause at Mon Dec 22 01:58:33 EET 2014 ***

[GC (Allocation Failure) [DefNew: 554368K->69248K(623616K), 0.1416683 secs] 1404130K->958577K(2009472K), 0.1417139 secs] [Times: user=0.14 sys=0.00, real=0.14 secs] 
[GC (Allocation Failure) [DefNew: 623616K->5864K(623616K), 0.0496047 secs] 1512945K->959721K(2009472K), 0.0496458 secs] [Times: user=0.05 sys=0.00, real=0.05 secs] 
[GC (Allocation Failure) [DefNew: 560232K->69248K(623616K), 0.1207812 secs] 1514089K->1062576K(2009472K), 0.1208216 secs] [Times: user=0.13 sys=0.00, real=0.12 secs] 
[GC (Allocation Failure) [DefNew: 623616K->5874K(623616K), 0.0465046 secs] 1616944K->1063734K(2009472K), 0.0465489 secs] [Times: user=0.05 sys=0.00, real=0.05 secs] 
[GC (Allocation Failure) [DefNew: 560242K->69247K(623616K), 0.1191252 secs] 1618102K->1166499K(2009472K), 0.1191682 secs] [Times: user=0.13 sys=0.00, real=0.12 secs] 
[GC (Allocation Failure) [DefNew: 623615K->5917K(623616K), 0.0469101 secs] 1720867K->1167697K(2009472K), 0.0469512 secs] [Times: user=0.05 sys=0.00, real=0.05 secs] 
[GC (Allocation Failure) [DefNew: 560285K->69247K(623616K), 0.1155517 secs] 1722065K->1269865K(2009472K), 0.1155927 secs] [Times: user=0.12 sys=0.00, real=0.12 secs] 
[GC (Allocation Failure) [DefNew: 623615K->5911K(623616K), 0.0490517 secs] 1824233K->1271048K(2009472K), 0.0490960 secs] [Times: user=0.05 sys=0.00, real=0.05 secs] 
[GC (Allocation Failure) [DefNew: 560279K->69247K(623616K), 0.1157858 secs] 1825416K->1373150K(2009472K), 0.1158282 secs] [Times: user=0.09 sys=0.00, real=0.12 secs] 
[GC (Allocation Failure) [DefNew: 623615K->5875K(623616K), 0.0479321 secs] 1927518K->1374295K(2009472K), 0.0479738 secs] [Times: user=0.05 sys=0.00, real=0.05 secs] 
[GC (Allocation Failure) [DefNew: 560243K->560243K(623616K), 0.0000937 secs][Tenured: 1368420K->852063K(1385856K), 2.5200602 secs] 1928663K->852063K(2009472K), [Metaspace: 10570K->10570K(12288K)], 2.5202379 secs] [Times: user=2.51 sys=0.00, real=2.52 secs] 

*** PauseDetector detected a 2523 ms pause at Mon Dec 22 01:58:52 EET 2014 ***

[GC (Allocation Failure) [DefNew: 554368K->5921K(623616K), 0.0155345 secs] 1406431K->857985K(2009472K), 0.0155807 secs] [Times: user=0.01 sys=0.00, real=0.02 secs] 
[GC (Allocation Failure) [DefNew: 560289K->69247K(623616K), 0.1078662 secs] 1412353K->959917K(2009472K), 0.1079067 secs] [Times: user=0.11 sys=0.00, real=0.11 secs] 
[GC (Allocation Failure) [DefNew: 623615K->5876K(623616K), 0.0482972 secs] 1514285K->961087K(2009472K), 0.0483453 secs] [Times: user=0.06 sys=0.00, real=0.05 secs] 
[GC (Allocation Failure) [DefNew: 560244K->69247K(623616K), 0.3762548 secs] 1515455K->1087744K(2009472K), 0.3762958 secs] [Times: user=0.38 sys=0.00, real=0.38 secs] 

*** PauseDetector detected a 380 ms pause at Mon Dec 22 01:58:59 EET 2014 ***

[GC (Allocation Failure) [DefNew: 623615K->5924K(623616K), 0.1179762 secs] 1642112K->1089393K(2009472K), 0.1180166 secs] [Times: user=0.11 sys=0.00, real=0.12 secs] 
[GC (Allocation Failure) [DefNew: 560292K->69247K(623616K), 0.5116440 secs] 1643761K->1208440K(2009472K), 0.5116831 secs] [Times: user=0.51 sys=0.00, real=0.51 secs] 

*** PauseDetector detected a 515 ms pause at Mon Dec 22 01:59:03 EET 2014 ***

[GC (Allocation Failure) [DefNew: 623615K->5898K(623616K), 0.0949789 secs] 1762808K->1209924K(2009472K), 0.0950200 secs] [Times: user=0.09 sys=0.00, real=0.10 secs] 
[GC (Allocation Failure) [DefNew: 560266K->69248K(623616K), 0.4824458 secs] 1764292K->1326429K(2009472K), 0.4824920 secs] [Times: user=0.47 sys=0.00, real=0.48 secs] 

*** PauseDetector detected a 491 ms pause at Mon Dec 22 01:59:06 EET 2014 ***

[GC (Allocation Failure) [DefNew: 623616K->5923K(623616K), 0.0839573 secs] 1880797K->1327932K(2009472K), 0.0840003 secs] [Times: user=0.08 sys=0.00, real=0.08 secs] 
[GC (Allocation Failure) [DefNew: 560291K->560291K(623616K), 0.0000186 secs][Tenured: 1322009K->793036K(1385856K), 2.8004314 secs] 1882300K->793036K(2009472K), [Metaspace: 10570K->10570K(12288K)], 2.8005270 secs] [Times: user=2.81 sys=0.00, real=2.80 secs] 

*** PauseDetector detected a 2804 ms pause at Mon Dec 22 01:59:12 EET 2014 ***

[GC (Allocation Failure) [DefNew: 554368K->5861K(623616K), 0.0119596 secs] 1347404K->798898K(2009472K), 0.0120007 secs] [Times: user=0.02 sys=0.00, real=0.01 secs] 
[GC (Allocation Failure) [DefNew: 560229K->69247K(623616K), 0.2963150 secs] 1353266K->910195K(2009472K), 0.2963535 secs] [Times: user=0.30 sys=0.00, real=0.30 secs] 
[GC (Allocation Failure) [DefNew: 623615K->5870K(623616K), 0.0756681 secs] 1464563K->911540K(2009472K), 0.0757066 secs] [Times: user=0.08 sys=0.00, real=0.08 secs] 
[GC (Allocation Failure) [DefNew: 560238K->69247K(623616K), 0.2974051 secs] 1465908K->1020360K(2009472K), 0.2974449 secs] [Times: user=0.30 sys=0.00, real=0.30 secs] 
[GC (Allocation Failure) [DefNew: 623615K->5916K(623616K), 0.0782325 secs] 1574728K->1021656K(2009472K), 0.0782742 secs] [Times: user=0.06 sys=0.00, real=0.07 secs] 
[GC (Allocation Failure) [DefNew: 560284K->69248K(623616K), 0.2409053 secs] 1576024K->1129762K(2009472K), 0.2409496 secs] [Times: user=0.23 sys=0.00, real=0.24 secs] 
[GC (Allocation Failure) [DefNew: 623616K->5920K(623616K), 0.0588235 secs] 1684130K->1131057K(2009472K), 0.0588697 secs] [Times: user=0.05 sys=0.00, real=0.06 secs] 
[GC (Allocation Failure) [DefNew: 560288K->69248K(623616K), 0.3282444 secs] 1685425K->1238563K(2009472K), 0.3282848 secs] [Times: user=0.33 sys=0.00, real=0.33 secs] 
[GC (Allocation Failure) [DefNew: 623616K->5891K(623616K), 0.0595402 secs] 1792931K->1239817K(2009472K), 0.0595864 secs] [Times: user=0.06 sys=0.00, real=0.06 secs] 
[GC (Allocation Failure) [DefNew: 560259K->69248K(623616K), 0.2826366 secs] 1794185K->1346895K(2009472K), 0.2826835 secs] [Times: user=0.30 sys=0.00, real=0.28 secs] 
[GC (Allocation Failure) [DefNew: 623616K->5926K(623616K), 0.0615149 secs] 1901263K->1348183K(2009472K), 0.0615528 secs] [Times: user=0.06 sys=0.00, real=0.06 secs] 
[GC (Allocation Failure) [DefNew: 560294K->560294K(623616K), 0.0000263 secs][Tenured: 1342256K->855589K(1385856K), 2.8150330 secs] 1902551K->855589K(2009472K), [Metaspace: 10570K->10570K(12288K)], 2.8151511 secs] [Times: user=2.81 sys=0.00, real=2.82 secs] 

*** PauseDetector detected a 2819 ms pause at Mon Dec 22 01:59:35 EET 2014 ***

[GC (Allocation Failure) [DefNew: 554368K->5926K(623616K), 0.0174387 secs] 1409957K->861515K(2009472K), 0.0175022 secs] [Times: user=0.02 sys=0.00, real=0.02 secs] 
[GC (Allocation Failure) [DefNew: 560294K->69247K(623616K), 0.1902427 secs] 1415883K->966808K(2009472K), 0.1902889 secs] [Times: user=0.19 sys=0.00, real=0.19 secs] 
[GC (Allocation Failure) [DefNew: 623615K->5870K(623616K), 0.0560532 secs] 1521176K->967994K(2009472K), 0.0560911 secs] [Times: user=0.06 sys=0.00, real=0.06 secs] 
[GC (Allocation Failure) [DefNew: 560238K->69248K(623616K), 0.1845596 secs] 1522362K->1073012K(2009472K), 0.1846096 secs] [Times: user=0.19 sys=0.00, real=0.18 secs] 
[GC (Allocation Failure) [DefNew: 623616K->5881K(623616K), 0.0599161 secs] 1627380K->1074245K(2009472K), 0.0599598 secs] [Times: user=0.05 sys=0.00, real=0.06 secs] 
[GC (Allocation Failure) [DefNew: 560249K->69247K(623616K), 0.2027944 secs] 1628613K->1179053K(2009472K), 0.2028458 secs] [Times: user=0.20 sys=0.00, real=0.20 secs] 
[GC (Allocation Failure) [DefNew: 623615K->5925K(623616K), 0.0496124 secs] 1733421K->1180289K(2009472K), 0.0496567 secs] [Times: user=0.05 sys=0.00, real=0.05 secs] 
[GC (Allocation Failure) [DefNew: 560293K->69247K(623616K), 0.1684406 secs] 1734657K->1284844K(2009472K), 0.1684907 secs] [Times: user=0.16 sys=0.00, real=0.17 secs] 
[Full GC (System.gc()) [Tenured: 1215596K->852764K(1385856K), 2.7404992 secs] 1564299K->852764K(2009472K), [Metaspace: 10570K->10570K(12288K)], 2.7405570 secs] [Times: user=2.73 sys=0.00, real=2.74 secs] 
[Full GC (System.gc()) [Tenured: 852764K->852764K(1385856K), 2.5160426 secs] 852764K->852764K(2009472K), [Metaspace: 10570K->10570K(12288K)], 2.5161562 secs] [Times: user=2.51 sys=0.00, real=2.52 secs] 
[Full GC (System.gc()) [Tenured: 852764K->783395K(1385856K), 2.4080846 secs] 852766K->783395K(2009472K), [Metaspace: 10570K->10570K(12288K)], 2.4081372 secs] [Times: user=2.40 sys=0.00, real=2.41 secs] 

*** PauseDetector detected a 5257 ms pause at Mon Dec 22 01:59:54 EET 2014 ***

[Full GC (System.gc()) [Tenured: 783395K->783397K(1385856K), 2.5303696 secs] 794482K->783397K(2009472K), [Metaspace: 10570K->10570K(12288K)], 2.5304190 secs] [Times: user=2.53 sys=0.00, real=2.53 secs] 
[Full GC (System.gc()) [Tenured: 783397K->783397K(1385856K), 2.3377345 secs] 783397K->783397K(2009472K), [Metaspace: 10570K->10570K(12288K)], 2.3377762 secs] [Times: user=2.31 sys=0.00, real=2.34 secs] 
[Full GC (System.gc()) [Tenured: 783397K->783397K(1385856K), 2.4800617 secs] 783397K->783397K(2009472K), [Metaspace: 10570K->10570K(12288K)]
*** PauseDetector detected a 9760 ms pause at Mon Dec 22 02:00:04 EET 2014 ***

, 2.4801047 secs] [Times: user=2.45 sys=0.00, real=2.48 secs] 
[GC (Allocation Failure) [DefNew: 554368K->69248K(623616K), 0.1564149 secs] 1337765K->893727K(2009472K), 0.1564553 secs] [Times: user=0.16 sys=0.00, real=0.16 secs] 
[GC (Allocation Failure) [DefNew: 623616K->5954K(623616K), 0.0494976 secs] 1448095K->894957K(2009472K), 0.0496394 secs] [Times: user=0.05 sys=0.00, real=0.04 secs] 
[GC (Allocation Failure) [DefNew: 560322K->69248K(623616K), 0.1463165 secs] 1449325K->998464K(2009472K), 0.1463595 secs] [Times: user=0.12 sys=0.00, real=0.15 secs] 
[GC (Allocation Failure) [DefNew: 623616K->5954K(623616K), 0.0493430 secs] 1552832K->999670K(2009472K), 0.0493879 secs] [Times: user=0.05 sys=0.00, real=0.05 secs] 
[GC (Allocation Failure) [DefNew: 560322K->69247K(623616K), 0.1536792 secs] 1554038K->1103023K(2009472K), 0.1537780 secs] [Times: user=0.16 sys=0.00, real=0.15 secs] 
[GC (Allocation Failure) [DefNew: 623615K->5954K(623616K), 0.0541067 secs] 1657391K->1104228K(2009472K), 0.0541484 secs] [Times: user=0.06 sys=0.00, real=0.05 secs] 
[Full GC (System.gc()) [Tenured: 1098273K->779720K(1385856K), 2.3097721 secs] 1260524K->779720K(2009472K), [Metaspace: 10570K->10570K(12288K)]
*** PauseDetector detected a 2309 ms pause at Mon Dec 22 02:00:16 EET 2014 ***

, 2.3098170 secs] [Times: user=2.31 sys=0.00, real=2.31 secs] 
[Full GC (System.gc()) [Tenured: 779720K->779731K(1385856K), 2.3017665 secs] 790885K->779731K(2009472K), [Metaspace: 10570K->10570K(12288K)], 2.3018037 secs] [Times: user=2.31 sys=0.00, real=2.31 secs] 
[Full GC (System.gc()) [Tenured: 779731K->779731K(1385856K), 1.9688849 secs] 779733K->779731K(2009472K), [Metaspace: 10570K->10570K(12288K)], 1.9690350 secs] [Times: user=1.97 sys=0.00, real=1.96 secs] 

*** PauseDetector detected a 4267 ms pause at Mon Dec 22 02:00:20 EET 2014 ***

********************************
********** ROUND   47 **********
********************************
[GC (Allocation Failure) [DefNew: 554368K->5880K(623616K), 0.0115670 secs] 1334099K->785612K(2009472K), 0.0116683 secs] [Times: user=0.00 sys=0.00, real=0.01 secs] 
[GC (Allocation Failure) [DefNew: 560248K->69248K(623616K), 0.1311817 secs] 1339980K->888696K(2009472K), 0.1312805 secs] [Times: user=0.13 sys=0.00, real=0.13 secs] 
[GC (Allocation Failure) [DefNew: 623616K->5893K(623616K), 0.0462069 secs] 1443064K->889927K(2009472K), 0.0462480 secs] [Times: user=0.03 sys=0.00, real=0.04 secs] 
[GC (Allocation Failure) [DefNew: 560261K->69248K(623616K), 0.1190303 secs] 1444295K->992909K(2009472K), 0.1191355 secs] [Times: user=0.11 sys=0.00, real=0.11 secs] 
[GC (Allocation Failure) [DefNew: 623616K->5886K(623616K), 0.0467702 secs] 1547277K->994114K(2009472K), 0.0468145 secs] [Times: user=0.05 sys=0.00, real=0.04 secs] 
[GC (Allocation Failure) [DefNew: 560254K->69247K(623616K), 0.1205521 secs] 1548482K->1097004K(2009472K), 0.1205900 secs] [Times: user=0.13 sys=0.00, real=0.12 secs] 
[GC (Allocation Failure) [DefNew: 623615K->5896K(623616K), 0.0538609 secs] 1651372K->1098218K(2009472K), 0.0539039 secs] [Times: user=0.06 sys=0.00, real=0.05 secs] 
[GC (Allocation Failure) [DefNew: 560264K->69248K(623616K), 0.1194781 secs] 1652586K->1201017K(2009472K), 0.1195185 secs] [Times: user=0.11 sys=0.00, real=0.11 secs] 
[GC (Allocation Failure) [DefNew: 623616K->5899K(623616K), 0.0528049 secs] 1755385K->1202225K(2009472K), 0.0528447 secs] [Times: user=0.06 sys=0.00, real=0.05 secs] 
[GC (Allocation Failure) [DefNew: 560267K->69248K(623616K), 0.1442898 secs] 1756593K->1304947K(2009472K), 0.1443430 secs] [Times: user=0.16 sys=0.00, real=0.14 secs] 
[GC (Allocation Failure) [DefNew: 623616K->5903K(623616K), 0.0578547 secs] 1859315K->1306148K(2009472K), 0.0578939 secs] [Times: user=0.06 sys=0.00, real=0.06 secs] 
[GC (Allocation Failure) [DefNew: 560271K->69248K(623616K), 0.1288695 secs] 1860516K->1408314K(2009472K), 0.1289330 secs] [Times: user=0.13 sys=0.00, real=0.13 secs] 
[GC (Allocation Failure) [DefNew: 623616K->623616K(623616K), 0.0000205 secs][Tenured: 1339066K->853294K(1385856K), 2.4867149 secs] 1962682K->853294K(2009472K), [Metaspace: 10570K->10570K(12288K)]
*** PauseDetector detected a 2490 ms pause at Mon Dec 22 02:00:43 EET 2014 ***

, 2.4868182 secs] [Times: user=2.48 sys=0.00, real=2.49 secs] 
[GC (Allocation Failure) [DefNew: 554368K->69247K(623616K), 0.1216261 secs] 1407662K->961283K(2009472K), 0.1216620 secs] [Times: user=0.13 sys=0.00, real=0.12 secs] 
[GC (Allocation Failure) [DefNew: 623615K->5895K(623616K), 0.0427232 secs] 1515651K->962475K(2009472K), 0.0428361 secs] [Times: user=0.05 sys=0.00, real=0.04 secs] 
[GC (Allocation Failure) [DefNew: 560263K->69247K(623616K), 0.1053025 secs] 1516843K->1064528K(2009472K), 0.1053403 secs] [Times: user=0.11 sys=0.00, real=0.10 secs] 
[GC (Allocation Failure) [DefNew: 623615K->5901K(623616K), 0.0456148 secs] 1618896K->1065717K(2009472K), 0.0456584 secs] [Times: user=0.03 sys=0.00, real=0.04 secs] 
[GC (Allocation Failure) [DefNew: 560269K->69248K(623616K), 0.1141562 secs] 1620085K->1167679K(2009472K), 0.1141999 secs] [Times: user=0.13 sys=0.00, real=0.12 secs] 
[GC (Allocation Failure) [DefNew: 623616K->5902K(623616K), 0.0525977 secs] 1722047K->1168866K(2009472K), 0.0527683 secs] [Times: user=0.05 sys=0.00, real=0.05 secs] 
[GC (Allocation Failure) [DefNew: 560270K->69248K(623616K), 0.3394014 secs] 1723234K->1295478K(2009472K), 0.3394469 secs] [Times: user=0.33 sys=0.00, real=0.34 secs] 
[GC (Allocation Failure) [DefNew: 623616K->5901K(623616K), 0.1092899 secs] 1849846K->1297123K(2009472K), 0.1093303 secs] [Times: user=0.11 sys=0.00, real=0.11 secs] 
[GC (Allocation Failure) [DefNew: 560269K->69248K(623616K), 0.4988978 secs] 1851491K->1416173K(2009472K), 0.4989324 secs] [Times: user=0.48 sys=0.00, real=0.50 secs] 

*** PauseDetector detected a 499 ms pause at Mon Dec 22 02:00:58 EET 2014 ***

[GC (Allocation Failure) [DefNew: 623616K->623616K(623616K), 0.0000192 secs][Tenured: 1346925K->800340K(1385856K), 2.7170464 secs] 1970541K->800340K(2009472K), [Metaspace: 10570K->10570K(12288K)]
*** PauseDetector detected a 2717 ms pause at Mon Dec 22 02:01:02 EET 2014 ***

, 2.7171439 secs] [Times: user=2.71 sys=0.00, real=2.72 secs] 
[GC (Allocation Failure) [DefNew: 554368K->69247K(623616K), 0.3990275 secs] 1354708K->922758K(2009472K), 0.3990705 secs] [Times: user=0.39 sys=0.00, real=0.40 secs] 

*** PauseDetector detected a 403 ms pause at Mon Dec 22 02:01:04 EET 2014 ***

[GC (Allocation Failure) [DefNew: 623615K->5890K(623616K), 0.0868636 secs] 1477126K->924215K(2009472K), 0.0869040 secs] [Times: user=0.08 sys=0.00, real=0.09 secs] 
[GC (Allocation Failure) [DefNew: 560258K->69248K(623616K), 0.3727697 secs] 1478583K->1036691K(2009472K), 0.3728082 secs] [Times: user=0.36 sys=0.00, real=0.37 secs] 

*** PauseDetector detected a 377 ms pause at Mon Dec 22 02:01:08 EET 2014 ***

[GC (Allocation Failure) [DefNew: 623616K->5900K(623616K), 0.0931851 secs] 1591059K->1038071K(2009472K), 0.0932306 secs] [Times: user=0.09 sys=0.00, real=0.09 secs] 
[GC (Allocation Failure) [DefNew: 560268K->69247K(623616K), 0.3009799 secs] 1592439K->1149317K(2009472K), 0.3010197 secs] [Times: user=0.30 sys=0.00, real=0.30 secs] 
[GC (Allocation Failure) [DefNew: 623615K->5900K(623616K), 0.0689360 secs] 1703685K->1150680K(2009472K), 0.0689803 secs] [Times: user=0.06 sys=0.00, real=0.07 secs] 
[GC (Allocation Failure) [DefNew: 560268K->69248K(623616K), 0.3239253 secs] 1705048K->1259449K(2009472K), 0.3239715 secs] [Times: user=0.33 sys=0.00, real=0.32 secs] 
[GC (Allocation Failure) [DefNew: 623616K->5892K(623616K), 0.0693544 secs] 1813817K->1260743K(2009472K), 0.0693967 secs] [Times: user=0.06 sys=0.00, real=0.07 secs] 
[GC (Allocation Failure) [DefNew: 560260K->69247K(623616K), 0.2773019 secs] 1815111K->1368863K(2009472K), 0.2774027 secs] [Times: user=0.28 sys=0.00, real=0.27 secs] 
[GC (Allocation Failure) [DefNew: 623615K->5913K(623616K), 0.0722184 secs] 1923231K->1370162K(2009472K), 0.0722568 secs] [Times: user=0.08 sys=0.00, real=0.07 secs] 
[GC (Allocation Failure) [DefNew: 560281K->560281K(623616K), 0.0000199 secs][Tenured: 1364248K->855059K(1385856K), 2.8083606 secs] 1924530K->855059K(2009472K), [Metaspace: 10570K->10570K(12288K)], 2.8084607 secs] [Times: user=2.79 sys=0.00, real=2.80 secs] 

*** PauseDetector detected a 2801 ms pause at Mon Dec 22 02:01:24 EET 2014 ***

[GC (Allocation Failure) [DefNew: 554368K->5910K(623616K), 0.0122721 secs] 1409427K->860970K(2009472K), 0.0123157 secs] [Times: user=0.00 sys=0.00, real=0.01 secs] 
[GC (Allocation Failure) [DefNew: 560278K->69248K(623616K), 0.2046409 secs] 1415338K->968031K(2009472K), 0.2047904 secs] [Times: user=0.19 sys=0.00, real=0.20 secs] 
[GC (Allocation Failure) [DefNew: 623616K->5914K(623616K), 0.0611569 secs] 1522399K->969320K(2009472K), 0.0611980 secs] [Times: user=0.06 sys=0.00, real=0.06 secs] 
[GC (Allocation Failure) [DefNew: 560282K->69248K(623616K), 0.1975585 secs] 1523688K->1074925K(2009472K), 0.1976561 secs] [Times: user=0.20 sys=0.00, real=0.20 secs] 
[GC (Allocation Failure) [DefNew: 623616K->5911K(623616K), 0.0567044 secs] 1629293K->1076173K(2009472K), 0.0567474 secs] [Times: user=0.06 sys=0.00, real=0.06 secs] 
[GC (Allocation Failure) [DefNew: 560279K->69248K(623616K), 0.2062859 secs] 1630541K->1181462K(2009472K), 0.2063315 secs] [Times: user=0.20 sys=0.00, real=0.21 secs] 
[GC (Allocation Failure) [DefNew: 623616K->5904K(623616K), 0.0570669 secs] 1735830K->1182700K(2009472K), 0.0571131 secs] [Times: user=0.05 sys=0.00, real=0.06 secs] 
[GC (Allocation Failure) [DefNew: 560272K->69248K(623616K), 0.1751598 secs] 1737068K->1287707K(2009472K), 0.1752028 secs] [Times: user=0.17 sys=0.00, real=0.17 secs] 
[GC (Allocation Failure) [DefNew: 623616K->5911K(623616K), 0.0525046 secs] 1842075K->1288948K(2009472K), 0.0525470 secs] [Times: user=0.03 sys=0.00, real=0.05 secs] 
[GC (Allocation Failure) [DefNew: 560279K->69247K(623616K), 0.1722670 secs] 1843316K->1393711K(2009472K), 0.1724178 secs] [Times: user=0.17 sys=0.00, real=0.17 secs] 
[GC (Allocation Failure) [DefNew: 623615K->623615K(623616K), 0.0000199 secs][Tenured: 1324463K->855957K(1385856K), 2.5920309 secs] 1948079K->855957K(2009472K), [Metaspace: 10570K->10570K(12288K)], 2.5921098 secs] [Times: user=2.59 sys=0.00, real=2.59 secs] 

*** PauseDetector detected a 2596 ms pause at Mon Dec 22 02:01:44 EET 2014 ***

[GC (Allocation Failure) [DefNew: 554368K->69248K(623616K), 0.1528394 secs] 1410325K->966430K(2009472K), 0.1529485 secs] [Times: user=0.14 sys=0.00, real=0.15 secs] 
[GC (Allocation Failure) [DefNew: 623616K->5913K(623616K), 0.0562720 secs] 1520798K->967663K(2009472K), 0.0563150 secs] [Times: user=0.05 sys=0.00, real=0.05 secs] 
[GC (Allocation Failure) [DefNew: 560281K->69247K(623616K), 0.1473283 secs] 1522031K->1072039K(2009472K), 0.1473668 secs] [Times: user=0.16 sys=0.00, real=0.15 secs] 
[GC (Allocation Failure) [DefNew: 623615K->5912K(623616K), 0.0621918 secs] 1626407K->1073268K(2009472K), 0.0622393 secs] [Times: user=0.06 sys=0.00, real=0.06 secs] 
[GC (Allocation Failure) [DefNew: 560280K->69247K(623616K), 0.1436020 secs] 1627636K->1176760K(2009472K), 0.1436456 secs] [Times: user=0.14 sys=0.00, real=0.14 secs] 
[GC (Allocation Failure) [DefNew: 623615K->5908K(623616K), 0.0564555 secs] 1731128K->1177978K(2009472K), 0.0565049 secs] [Times: user=0.05 sys=0.00, real=0.06 secs] 
[GC (Allocation Failure) [DefNew: 560276K->69247K(623616K), 0.1557817 secs] 1732346K->1281340K(2009472K), 0.1558279 secs] [Times: user=0.16 sys=0.00, real=0.16 secs] 
[GC (Allocation Failure) [DefNew: 623615K->5916K(623616K), 0.0542754 secs] 1835708K->1282544K(2009472K), 0.0543152 secs] [Times: user=0.06 sys=0.00, real=0.05 secs] 
[GC (Allocation Failure) [DefNew: 560284K->69247K(623616K), 0.1465680 secs] 1836912K->1385759K(2009472K), 0.1466091 secs] [Times: user=0.13 sys=0.00, real=0.14 secs] 
[GC (Allocation Failure) [DefNew: 623615K->623615K(623616K), 0.0000186 secs][Tenured: 1316511K->854403K(1385856K), 2.8198821 secs] 1940127K->854403K(2009472K), [Metaspace: 10570K->10570K(12288K)], 2.8199738 secs] [Times: user=2.78 sys=0.00, real=2.82 secs] 

*** PauseDetector detected a 2822 ms pause at Mon Dec 22 02:02:03 EET 2014 ***

[GC (Allocation Failure) [DefNew: 554368K->69247K(623616K), 0.1408830 secs] 1408771K->963391K(2009472K), 0.1409254 secs] [Times: user=0.14 sys=0.00, real=0.14 secs] 
[GC (Allocation Failure) [DefNew: 623615K->5919K(623616K), 0.0479995 secs] 1517759K->964626K(2009472K), 0.0480412 secs] [Times: user=0.05 sys=0.00, real=0.05 secs] 
[GC (Allocation Failure) [DefNew: 560287K->69247K(623616K), 0.1498291 secs] 1518994K->1067597K(2009472K), 0.1498709 secs] [Times: user=0.16 sys=0.00, real=0.15 secs] 
[GC (Allocation Failure) [DefNew: 623615K->5918K(623616K), 0.0475299 secs] 1621965K->1068818K(2009472K), 0.0475748 secs] [Times: user=0.05 sys=0.00, real=0.05 secs] 
[GC (Allocation Failure) [DefNew: 560286K->69248K(623616K), 0.1344563 secs] 1623186K->1171684K(2009472K), 0.1344981 secs] [Times: user=0.13 sys=0.00, real=0.13 secs] 
[GC (Allocation Failure) [DefNew: 623616K->5908K(623616K), 0.0474247 secs] 1726052K->1172903K(2009472K), 0.0474664 secs] [Times: user=0.05 sys=0.00, real=0.05 secs] 
[GC (Allocation Failure) [DefNew: 560276K->69248K(623616K), 0.1382647 secs] 1727271K->1275694K(2009472K), 0.1383109 secs] [Times: user=0.14 sys=0.00, real=0.14 secs] 
[GC (Allocation Failure) [DefNew: 623616K->5920K(623616K), 0.0522127 secs] 1830062K->1276919K(2009472K), 0.0523603 secs] [Times: user=0.06 sys=0.00, real=0.05 secs] 
[GC (Allocation Failure) [DefNew: 560288K->69248K(623616K), 0.1216300 secs] 1831287K->1379637K(2009472K), 0.1216710 secs] [Times: user=0.12 sys=0.00, real=0.12 secs] 
[GC (Allocation Failure) [DefNew: 623616K->623616K(623616K), 0.0000199 secs][Tenured: 1310389K->784612K(1385856K), 2.7050733 secs] 1934005K->784612K(2009472K), [Metaspace: 10570K->10570K(12288K)], 2.7051561 secs] [Times: user=2.70 sys=0.00, real=2.70 secs] 

*** PauseDetector detected a 2707 ms pause at Mon Dec 22 02:02:21 EET 2014 ***

[GC (Allocation Failure) [DefNew: 554368K->69247K(623616K), 0.1305947 secs] 1338980K->892707K(2009472K), 0.1306428 secs] [Times: user=0.13 sys=0.00, real=0.13 secs] 
[GC (Allocation Failure) [DefNew: 623615K->5920K(623616K), 0.0518611 secs] 1447075K->893888K(2009472K), 0.0519099 secs] [Times: user=0.05 sys=0.00, real=0.05 secs] 
[GC (Allocation Failure) [DefNew: 560288K->69247K(623616K), 0.1121058 secs] 1448256K->995963K(2009472K), 0.1121539 secs] [Times: user=0.11 sys=0.00, real=0.11 secs] 
[GC (Allocation Failure) [DefNew: 623615K->5924K(623616K), 0.0598661 secs] 1550331K->997176K(2009472K), 0.0599155 secs] [Times: user=0.06 sys=0.00, real=0.06 secs] 
[GC (Allocation Failure) [DefNew: 560292K->69247K(623616K), 0.1106603 secs] 1551544K->1099203K(2009472K), 0.1107046 secs] [Times: user=0.11 sys=0.00, real=0.11 secs] 
[GC (Allocation Failure) [DefNew: 623615K->5916K(623616K), 0.0456513 secs] 1653571K->1100380K(2009472K), 0.0456950 secs] [Times: user=0.05 sys=0.00, real=0.05 secs] 
[GC (Allocation Failure) [DefNew: 560284K->69248K(623616K), 0.1108656 secs] 1654748K->1202376K(2009472K), 0.1109747 secs] [Times: user=0.11 sys=0.00, real=0.11 secs] 
[GC (Allocation Failure) [DefNew: 623616K->5922K(623616K), 0.0488124 secs] 1756744K->1203558K(2009472K), 0.0488534 secs] [Times: user=0.05 sys=0.00, real=0.05 secs] 
[GC (Allocation Failure) [DefNew: 560290K->69248K(623616K), 0.3341558 secs] 1757926K->1330170K(2009472K), 0.3342463 secs] [Times: user=0.33 sys=0.00, real=0.33 secs] 
[GC (Allocation Failure) [DefNew: 623616K->5921K(623616K), 0.1058793 secs] 1884538K->1331815K(2009472K), 0.1059184 secs] [Times: user=0.11 sys=0.00, real=0.11 secs] 
[GC (Allocation Failure) [DefNew: 560289K->560289K(623616K), 0.0000205 secs][Tenured: 1325894K->868163K(1385856K), 3.2132021 secs] 1886183K->868163K(2009472K), [Metaspace: 10570K->10570K(12288K)], 3.2132868 secs] [Times: user=3.18 sys=0.00, real=3.20 secs] 

*** PauseDetector detected a 3209 ms pause at Mon Dec 22 02:02:42 EET 2014 ***

[GC (Allocation Failure) [DefNew: 554368K->5919K(623616K), 0.0122233 secs] 1422531K->874083K(2009472K), 0.0122669 secs] [Times: user=0.02 sys=0.00, real=0.01 secs] 
[GC (Allocation Failure) [DefNew: 560287K->69247K(623616K), 0.4474511 secs] 1428451K->990595K(2009472K), 0.4475518 secs] [Times: user=0.44 sys=0.00, real=0.44 secs] 

*** PauseDetector detected a 444 ms pause at Mon Dec 22 02:02:46 EET 2014 ***

[GC (Allocation Failure) [DefNew: 623615K->5924K(623616K), 0.0830405 secs] 1544963K->992071K(2009472K), 0.0830802 secs] [Times: user=0.08 sys=0.00, real=0.08 secs] 
[GC (Allocation Failure) [DefNew: 560292K->69247K(623616K), 0.3409238 secs] 1546439K->1104533K(2009472K), 0.3410348 secs] [Times: user=0.33 sys=0.00, real=0.33 secs] 
[GC (Allocation Failure) [DefNew: 623615K->5923K(623616K), 0.0919122 secs] 1658901K->1105917K(2009472K), 0.0919590 secs] [Times: user=0.09 sys=0.00, real=0.09 secs] 
[GC (Allocation Failure) [DefNew: 560291K->69247K(623616K), 0.3517074 secs] 1660285K->1217161K(2009472K), 0.3517472 secs] [Times: user=0.34 sys=0.00, real=0.35 secs] 

*** PauseDetector detected a 353 ms pause at Mon Dec 22 02:02:53 EET 2014 ***

[GC (Allocation Failure) [DefNew: 623615K->5923K(623616K), 0.0662915 secs] 1771529K->1218526K(2009472K), 0.0663280 secs] [Times: user=0.06 sys=0.00, real=0.06 secs] 
[GC (Allocation Failure) [DefNew: 560291K->69248K(623616K), 0.2964132 secs] 1772894K->1327291K(2009472K), 0.2964491 secs] [Times: user=0.30 sys=0.00, real=0.30 secs] 
[GC (Allocation Failure) [DefNew: 623616K->5921K(623616K), 0.0756527 secs] 1881659K->1328595K(2009472K), 0.0756899 secs] [Times: user=0.08 sys=0.00, real=0.08 secs] 
[GC (Allocation Failure) [DefNew: 560289K->560289K(623616K), 0.0000212 secs][Tenured: 1322674K->858027K(1385856K), 2.7533962 secs] 1882963K->858027K(2009472K), [Metaspace: 10570K->10570K(12288K)], 2.7534802 secs] [Times: user=2.73 sys=0.00, real=2.75 secs] 

*** PauseDetector detected a 2756 ms pause at Mon Dec 22 02:03:03 EET 2014 ***

[GC (Allocation Failure) [DefNew: 554368K->5910K(623616K), 0.0157635 secs] 1412395K->863937K(2009472K), 0.0158251 secs] [Times: user=0.01 sys=0.00, real=0.02 secs] 
[GC (Allocation Failure) [DefNew: 560278K->69247K(623616K), 0.2626182 secs] 1418305K->971431K(2009472K), 0.2626637 secs] [Times: user=0.26 sys=0.00, real=0.26 secs] 
[GC (Allocation Failure) [DefNew: 623615K->5926K(623616K), 0.0762359 secs] 1525799K->972741K(2009472K), 0.0762750 secs] [Times: user=0.06 sys=0.00, real=0.08 secs] 
[GC (Allocation Failure) [DefNew: 560294K->69248K(623616K), 0.2147412 secs] 1527109K->1079790K(2009472K), 0.2147842 secs] [Times: user=0.20 sys=0.00, real=0.22 secs] 
[GC (Allocation Failure) [DefNew: 623616K->5925K(623616K), 0.0577316 secs] 1634158K->1081071K(2009472K), 0.0577733 secs] [Times: user=0.06 sys=0.00, real=0.06 secs] 
[GC (Allocation Failure) [DefNew: 560293K->69247K(623616K), 0.2271544 secs] 1635439K->1186679K(2009472K), 0.2272013 secs] [Times: user=0.23 sys=0.00, real=0.23 secs] 
[GC (Allocation Failure) [DefNew: 623615K->5922K(623616K), 0.0558575 secs] 1741047K->1187924K(2009472K), 0.0559089 secs] [Times: user=0.05 sys=0.00, real=0.05 secs] 
[GC (Allocation Failure) [DefNew: 560290K->69248K(623616K), 0.1934435 secs] 1742292K->1293216K(2009472K), 0.1934935 secs] [Times: user=0.19 sys=0.00, real=0.19 secs] 
[GC (Allocation Failure) [DefNew: 623616K->5925K(623616K), 0.0650128 secs] 1847584K->1294462K(2009472K), 0.0650564 secs] [Times: user=0.08 sys=0.00, real=0.07 secs] 
[Full GC (System.gc()) [Tenured: 1288536K->853918K(1385856K), 2.7244868 secs] 1755065K->853918K(2009472K), [Metaspace: 10570K->10570K(12288K)], 2.7245984 secs] [Times: user=2.73 sys=0.00, real=2.73 secs] 
[Full GC (System.gc()) [Tenured: 853918K->784660K(1385856K), 2.3523689 secs] 853918K->784660K(2009472K), [Metaspace: 10570K->10570K(12288K)], 2.3524799 secs] [Times: user=2.32 sys=0.00, real=2.35 secs] 
[Full GC (System.gc()) [Tenured: 784660K->784661K(1385856K), 2.5477063 secs] 795774K->784661K(2009472K), [Metaspace: 10570K->10570K(12288K)]
*** PauseDetector detected a 5073 ms pause at Mon Dec 22 02:03:24 EET 2014 ***

, 2.5477512 secs] [Times: user=2.54 sys=0.00, real=2.55 secs] 
[Full GC (System.gc()) [Tenured: 784661K->784798K(1385856K), 2.4144799 secs] 795774K->784798K(2009472K), [Metaspace: 10570K->10570K(12288K)], 2.4145530 secs] [Times: user=2.42 sys=0.00, real=2.41 secs] 
[Full GC (System.gc()) [Tenured: 784798K->784798K(1385856K), 2.3952300 secs] 784798K->784798K(2009472K), [Metaspace: 10570K->10570K(12288K)], 2.3952724 secs] [Times: user=2.39 sys=0.00, real=2.40 secs] 
[Full GC (System.gc()) [Tenured: 784798K->781129K(1385856K), 2.6419275 secs] 795912K->781129K(2009472K), [Metaspace: 10570K->10570K(12288K)], 2.6419910 secs] [Times: user=2.64 sys=0.00, real=2.64 secs] 

*** PauseDetector detected a 7365 ms pause at Mon Dec 22 02:03:31 EET 2014 ***


*** PauseDetector detected a 2649 ms pause at Mon Dec 22 02:03:34 EET 2014 ***

[GC (Allocation Failure) [DefNew: 554368K->69247K(623616K), 0.1878246 secs] 1335497K->891850K(2009472K), 0.1878720 secs] [Times: user=0.19 sys=0.00, real=0.19 secs] 
[GC (Allocation Failure) [DefNew: 623615K->5954K(623616K), 0.0574884 secs] 1446218K->893084K(2009472K), 0.0575352 secs] [Times: user=0.06 sys=0.00, real=0.06 secs] 
[GC (Allocation Failure) [DefNew: 560322K->69248K(623616K), 0.1721374 secs] 1447452K->997644K(2009472K), 0.1721868 secs] [Times: user=0.17 sys=0.00, real=0.17 secs] 
[GC (Allocation Failure) [DefNew: 623616K->5954K(623616K), 0.0530840 secs] 1552012K->998876K(2009472K), 0.0531353 secs] [Times: user=0.05 sys=0.00, real=0.05 secs] 
[GC (Allocation Failure) [DefNew: 560322K->69247K(623616K), 0.1487263 secs] 1553244K->1103253K(2009472K), 0.1487635 secs] [Times: user=0.14 sys=0.00, real=0.15 secs] 
[GC (Allocation Failure) [DefNew: 623615K->5954K(623616K), 0.0499409 secs] 1657621K->1104483K(2009472K), 0.0499826 secs] [Times: user=0.05 sys=0.00, real=0.05 secs] 
[Full GC (System.gc()) [Tenured: 1098528K->816331K(1385856K), 2.5724435 secs] 1182269K->816331K(2009472K), [Metaspace: 10570K->10570K(12288K)], 2.5724968 secs] [Times: user=2.54 sys=0.00, real=2.57 secs] 
[Full GC (System.gc()) [Tenured: 816331K->816340K(1385856K), 2.2791324 secs] 827445K->816340K(2009472K), [Metaspace: 10570K->10570K(12288K)], 2.2791779 secs] [Times: user=2.28 sys=0.00, real=2.28 secs] 
[Full GC (System.gc()) [Tenured: 816340K->816340K(1385856K), 2.2781867 secs] 816340K->816340K(2009472K), [Metaspace: 10570K->10570K(12288K)], 2.2782265 secs] [Times: user=2.26 sys=0.00, real=2.28 secs] 

*** PauseDetector detected a 2574 ms pause at Mon Dec 22 02:03:46 EET 2014 ***

********************************
********** ROUND   48 **********
********************************

*** PauseDetector detected a 4570 ms pause at Mon Dec 22 02:03:51 EET 2014 ***

[GC (Allocation Failure) [DefNew: 554368K->38999K(623616K), 0.0368181 secs] 1370708K->855340K(2009472K), 0.0368675 secs] [Times: user=0.05 sys=0.00, real=0.04 secs] 
[GC (Allocation Failure) [DefNew: 593367K->5872K(623616K), 0.0291744 secs] 1409708K->855690K(2009472K), 0.0293181 secs] [Times: user=0.03 sys=0.00, real=0.03 secs] 
[GC (Allocation Failure) [DefNew: 560240K->69248K(623616K), 0.1368661 secs] 1410058K->959059K(2009472K), 0.1369085 secs] [Times: user=0.14 sys=0.00, real=0.14 secs] 
[GC (Allocation Failure) [DefNew: 623616K->5890K(623616K), 0.0511702 secs] 1513427K->960266K(2009472K), 0.0512747 secs] [Times: user=0.05 sys=0.00, real=0.05 secs] 
[GC (Allocation Failure) [DefNew: 560258K->69248K(623616K), 0.1513317 secs] 1514634K->1063486K(2009472K), 0.1513709 secs] [Times: user=0.14 sys=0.00, real=0.15 secs] 
[GC (Allocation Failure) [DefNew: 623616K->5874K(623616K), 0.0539520 secs] 1617854K->1064671K(2009472K), 0.0539963 secs] [Times: user=0.05 sys=0.00, real=0.05 secs] 
[GC (Allocation Failure) [DefNew: 560242K->69247K(623616K), 0.1358980 secs] 1619039K->1167793K(2009472K), 0.1359397 secs] [Times: user=0.14 sys=0.00, real=0.14 secs] 
[GC (Allocation Failure) [DefNew: 623615K->5899K(623616K), 0.0504061 secs] 1722161K->1168998K(2009472K), 0.0504465 secs] [Times: user=0.05 sys=0.00, real=0.05 secs] 
[GC (Allocation Failure) [DefNew: 560267K->69248K(623616K), 0.1549252 secs] 1723366K->1271991K(2009472K), 0.1549707 secs] [Times: user=0.16 sys=0.00, real=0.15 secs] 
[GC (Allocation Failure) [DefNew: 623616K->5897K(623616K), 0.0465855 secs] 1826359K->1273190K(2009472K), 0.0466259 secs] [Times: user=0.05 sys=0.00, real=0.05 secs] 
[GC (Allocation Failure) [DefNew: 560265K->69247K(623616K), 0.1333182 secs] 1827558K->1376084K(2009472K), 0.1333573 secs] [Times: user=0.14 sys=0.00, real=0.13 secs] 
[GC (Allocation Failure) [DefNew: 623615K->623615K(623616K), 0.0000205 secs][Tenured: 1306836K->784771K(1385856K), 2.8330799 secs] 1930452K->784771K(2009472K), [Metaspace: 10570K->10570K(12288K)], 2.8331607 secs] [Times: user=2.81 sys=0.00, real=2.83 secs] 

*** PauseDetector detected a 2837 ms pause at Mon Dec 22 02:04:12 EET 2014 ***

[GC (Allocation Failure) [DefNew: 554368K->69247K(623616K), 0.1375622 secs] 1339139K->893475K(2009472K), 0.1376187 secs] [Times: user=0.14 sys=0.00, real=0.14 secs] 
[GC (Allocation Failure) [DefNew: 623615K->5902K(623616K), 0.0467959 secs] 1447843K->894677K(2009472K), 0.0469050 secs] [Times: user=0.05 sys=0.00, real=0.05 secs] 
[GC (Allocation Failure) [DefNew: 560270K->69248K(623616K), 0.1227957 secs] 1449045K->997382K(2009472K), 0.1228387 secs] [Times: user=0.13 sys=0.00, real=0.12 secs] 
[GC (Allocation Failure) [DefNew: 623616K->5809K(623616K), 0.0581467 secs] 1551750K->998504K(2009472K), 0.0581864 secs] [Times: user=0.05 sys=0.00, real=0.05 secs] 
[GC (Allocation Failure) [DefNew: 560177K->69247K(623616K), 0.1181776 secs] 1552872K->1100769K(2009472K), 0.1182219 secs] [Times: user=0.13 sys=0.00, real=0.12 secs] 
[GC (Allocation Failure) [DefNew: 623615K->5899K(623616K), 0.0476383 secs] 1655137K->1101950K(2009472K), 0.0477390 secs] [Times: user=0.05 sys=0.00, real=0.05 secs] 
[GC (Allocation Failure) [DefNew: 560267K->69247K(623616K), 0.1380530 secs] 1656318K->1204021K(2009472K), 0.1380966 secs] [Times: user=0.13 sys=0.00, real=0.14 secs] 
[GC (Allocation Failure) [DefNew: 623615K->5887K(623616K), 0.0649756 secs] 1758389K->1205223K(2009472K), 0.0650301 secs] [Times: user=0.06 sys=0.00, real=0.07 secs] 
[GC (Allocation Failure) [DefNew: 560255K->69247K(623616K), 0.1332297 secs] 1759591K->1307247K(2009472K), 0.1332791 secs] [Times: user=0.13 sys=0.00, real=0.13 secs] 
[GC (Allocation Failure) [DefNew: 623615K->5875K(623616K), 0.0616439 secs] 1861615K->1308422K(2009472K), 0.0616894 secs] [Times: user=0.06 sys=0.00, real=0.06 secs] 
[GC (Allocation Failure) [DefNew: 560243K->560243K(623616K), 0.0000205 secs][Tenured: 1302547K->851948K(1385856K), 2.5988572 secs] 1862790K->851948K(2009472K), [Metaspace: 10570K->10570K(12288K)]
*** PauseDetector detected a 2603 ms pause at Mon Dec 22 02:04:31 EET 2014 ***

, 2.5989920 secs] [Times: user=2.61 sys=0.00, real=2.60 secs] 
[GC (Allocation Failure) [DefNew: 554368K->5906K(623616K), 0.0129091 secs] 1406316K->857854K(2009472K), 0.0129489 secs] [Times: user=0.00 sys=0.00, real=0.01 secs] 
[GC (Allocation Failure) [DefNew: 560274K->69247K(623616K), 0.3383992 secs] 1412222K->984487K(2009472K), 0.3384467 secs] [Times: user=0.34 sys=0.00, real=0.34 secs] 
[GC (Allocation Failure) [DefNew: 623615K->5891K(623616K), 0.1247031 secs] 1538855K->986122K(2009472K), 0.1247422 secs] [Times: user=0.13 sys=0.00, real=0.12 secs] 
[GC (Allocation Failure) [DefNew: 560259K->69247K(623616K), 0.4725925 secs] 1540490K->1105186K(2009472K), 0.4726336 secs] [Times: user=0.45 sys=0.00, real=0.47 secs] 

*** PauseDetector detected a 477 ms pause at Mon Dec 22 02:04:39 EET 2014 ***

[GC (Allocation Failure) [DefNew: 623615K->5858K(623616K), 0.0841459 secs] 1659554K->1106645K(2009472K), 0.0841844 secs] [Times: user=0.08 sys=0.00, real=0.08 secs] 
[GC (Allocation Failure) [DefNew: 560226K->69248K(623616K), 0.4165130 secs] 1661013K->1223190K(2009472K), 0.4166048 secs] [Times: user=0.42 sys=0.00, real=0.42 secs] 

*** PauseDetector detected a 417 ms pause at Mon Dec 22 02:04:43 EET 2014 ***

[GC (Allocation Failure) [DefNew: 623616K->5914K(623616K), 0.0779258 secs] 1777558K->1224684K(2009472K), 0.0780208 secs] [Times: user=0.08 sys=0.00, real=0.08 secs] 
[GC (Allocation Failure) [DefNew: 560282K->69247K(623616K), 0.3615460 secs] 1779052K->1337148K(2009472K), 0.3616499 secs] [Times: user=0.36 sys=0.00, real=0.36 secs] 

*** PauseDetector detected a 366 ms pause at Mon Dec 22 02:04:46 EET 2014 ***

[GC (Allocation Failure) [DefNew: 623615K->5891K(623616K), 0.0824201 secs] 1891516K->1338508K(2009472K), 0.0824592 secs] [Times: user=0.05 sys=0.00, real=0.08 secs] 
[GC (Allocation Failure) [DefNew: 560259K->560259K(623616K), 0.0000199 secs][Tenured: 1332616K->861146K(1385856K), 2.8468436 secs] 1892876K->861146K(2009472K), [Metaspace: 10570K->10570K(12288K)], 2.8469264 secs] [Times: user=2.82 sys=0.00, real=2.85 secs] 

*** PauseDetector detected a 2851 ms pause at Mon Dec 22 02:04:52 EET 2014 ***

[GC (Allocation Failure) [DefNew: 554368K->5878K(623616K), 0.0164699 secs] 1415514K->867024K(2009472K), 0.0165161 secs] [Times: user=0.02 sys=0.00, real=0.02 secs] 
[GC (Allocation Failure) [DefNew: 560246K->69248K(623616K), 0.2730008 secs] 1421392K->975670K(2009472K), 0.2731125 secs] [Times: user=0.26 sys=0.00, real=0.26 secs] 
[GC (Allocation Failure) [DefNew: 623616K->5874K(623616K), 0.0657083 secs] 1530038K->977091K(2009472K), 0.0658591 secs] [Times: user=0.06 sys=0.00, real=0.07 secs] 
[GC (Allocation Failure) [DefNew: 560242K->69248K(623616K), 0.2610348 secs] 1531459K->1085186K(2009472K), 0.2611208 secs] [Times: user=0.26 sys=0.00, real=0.26 secs] 
[GC (Allocation Failure) [DefNew: 623616K->5875K(623616K), 0.0650661 secs] 1639554K->1086465K(2009472K), 0.0651090 secs] [Times: user=0.08 sys=0.00, real=0.07 secs] 
[GC (Allocation Failure) [DefNew: 560243K->69248K(623616K), 0.2508581 secs] 1640833K->1193975K(2009472K), 0.2509005 secs] [Times: user=0.25 sys=0.00, real=0.25 secs] 
[GC (Allocation Failure) [DefNew: 623616K->5918K(623616K), 0.0720252 secs] 1748343K->1195321K(2009472K), 0.0720746 secs] [Times: user=0.08 sys=0.00, real=0.07 secs] 
[GC (Allocation Failure) [DefNew: 560286K->69248K(623616K), 0.2213700 secs] 1749689K->1302308K(2009472K), 0.2214130 secs] [Times: user=0.22 sys=0.00, real=0.22 secs] 
[GC (Allocation Failure) [DefNew: 623616K->5891K(623616K), 0.0638490 secs] 1856676K->1303626K(2009472K), 0.0639921 secs] [Times: user=0.06 sys=0.00, real=0.06 secs] 
[GC (Allocation Failure) [DefNew: 560259K->69248K(623616K), 0.2496327 secs] 1857994K->1409255K(2009472K), 0.2496795 secs] [Times: user=0.25 sys=0.00, real=0.25 secs] 
[GC (Allocation Failure) [DefNew: 623616K->623616K(623616K), 0.0000379 secs][Tenured: 1340007K->856737K(1385856K), 2.6429457 secs] 1963623K->856737K(2009472K), [Metaspace: 10570K->10570K(12288K)]
*** PauseDetector detected a 2646 ms pause at Mon Dec 22 02:05:13 EET 2014 ***

, 2.6431497 secs] [Times: user=2.65 sys=0.00, real=2.64 secs] 
[GC (Allocation Failure) [DefNew: 554368K->69247K(623616K), 0.1803245 secs] 1411105K->967892K(2009472K), 0.1803650 secs] [Times: user=0.19 sys=0.00, real=0.18 secs] 
[GC (Allocation Failure) [DefNew: 623615K->5887K(623616K), 0.0552018 secs] 1522260K->969159K(2009472K), 0.0552448 secs] [Times: user=0.05 sys=0.00, real=0.05 secs] 
[GC (Allocation Failure) [DefNew: 560255K->69248K(623616K), 0.2035708 secs] 1523527K->1074186K(2009472K), 0.2036099 secs] [Times: user=0.19 sys=0.00, real=0.19 secs] 
[GC (Allocation Failure) [DefNew: 623616K->5892K(623616K), 0.0543081 secs] 1628554K->1075404K(2009472K), 0.0543505 secs] [Times: user=0.05 sys=0.00, real=0.05 secs] 
[GC (Allocation Failure) [DefNew: 560260K->69248K(623616K), 0.1633093 secs] 1629772K->1180187K(2009472K), 0.1633523 secs] [Times: user=0.16 sys=0.00, real=0.16 secs] 
[GC (Allocation Failure) [DefNew: 623616K->5916K(623616K), 0.0525040 secs] 1734555K->1181428K(2009472K), 0.0526079 secs] [Times: user=0.06 sys=0.00, real=0.05 secs] 
[GC (Allocation Failure) [DefNew: 560284K->69247K(623616K), 0.1512477 secs] 1735796K->1285982K(2009472K), 0.1513850 secs] [Times: user=0.14 sys=0.00, real=0.15 secs] 
[GC (Allocation Failure) [DefNew: 623615K->5879K(623616K), 0.0485776 secs] 1840350K->1287184K(2009472K), 0.0486148 secs] [Times: user=0.05 sys=0.00, real=0.05 secs] 
[GC (Allocation Failure) [DefNew: 560247K->69247K(623616K), 0.1577212 secs] 1841552K->1391594K(2009472K), 0.1577603 secs] [Times: user=0.16 sys=0.00, real=0.16 secs] 
[GC (Allocation Failure) [DefNew: 623615K->623615K(623616K), 0.0000225 secs][Tenured: 1322346K->786274K(1385856K), 2.8283278 secs] 1945962K->786274K(2009472K), [Metaspace: 10570K->10570K(12288K)], 2.8284067 secs] [Times: user=2.81 sys=0.00, real=2.83 secs] 

*** PauseDetector detected a 2832 ms pause at Mon Dec 22 02:05:32 EET 2014 ***

[GC (Allocation Failure) [DefNew: 554368K->69247K(623616K), 0.1435616 secs] 1340642K->895654K(2009472K), 0.1436020 secs] [Times: user=0.14 sys=0.00, real=0.14 secs] 
[GC (Allocation Failure) [DefNew: 623615K->5911K(623616K), 0.0506762 secs] 1450022K->896899K(2009472K), 0.0507217 secs] [Times: user=0.06 sys=0.00, real=0.05 secs] 
[GC (Allocation Failure) [DefNew: 560279K->69247K(623616K), 0.1324559 secs] 1451267K->1000169K(2009472K), 0.1325060 secs] [Times: user=0.13 sys=0.00, real=0.13 secs] 
[GC (Allocation Failure) [DefNew: 623615K->5919K(623616K), 0.0526246 secs] 1554537K->1001465K(2009472K), 0.0526663 secs] [Times: user=0.05 sys=0.00, real=0.05 secs] 
[GC (Allocation Failure) [DefNew: 560287K->69248K(623616K), 0.1524917 secs] 1555833K->1104683K(2009472K), 0.1525879 secs] [Times: user=0.16 sys=0.00, real=0.15 secs] 
[GC (Allocation Failure) [DefNew: 623616K->5905K(623616K), 0.0537204 secs] 1659051K->1105872K(2009472K), 0.0537641 secs] [Times: user=0.06 sys=0.00, real=0.05 secs] 
[GC (Allocation Failure) [DefNew: 560273K->69248K(623616K), 0.1330282 secs] 1660240K->1208988K(2009472K), 0.1330757 secs] [Times: user=0.13 sys=0.00, real=0.13 secs] 
[GC (Allocation Failure) [DefNew: 623616K->5901K(623616K), 0.0558627 secs] 1763356K->1210170K(2009472K), 0.0559024 secs] [Times: user=0.06 sys=0.00, real=0.06 secs] 
[GC (Allocation Failure) [DefNew: 560269K->69247K(623616K), 0.1386651 secs] 1764538K->1313163K(2009472K), 0.1387061 secs] [Times: user=0.14 sys=0.00, real=0.14 secs] 
[GC (Allocation Failure) [DefNew: 623615K->5864K(623616K), 0.0548843 secs] 1867531K->1314328K(2009472K), 0.0549279 secs] [Times: user=0.06 sys=0.00, real=0.06 secs] 
[GC (Allocation Failure) [DefNew: 560232K->560232K(623616K), 0.0000334 secs][Tenured: 1308463K->852867K(1385856K), 2.9244692 secs] 1868696K->852867K(2009472K), [Metaspace: 10570K->10570K(12288K)]
*** PauseDetector detected a 2929 ms pause at Mon Dec 22 02:05:52 EET 2014 ***

, 2.9245725 secs] [Times: user=2.92 sys=0.00, real=2.92 secs] 
[GC (Allocation Failure) [DefNew: 554368K->5908K(623616K), 0.0143476 secs] 1407235K->858776K(2009472K), 0.0143976 secs] [Times: user=0.01 sys=0.00, real=0.02 secs] 
[GC (Allocation Failure) [DefNew: 560276K->69247K(623616K), 0.1266638 secs] 1413144K->961594K(2009472K), 0.1267093 secs] [Times: user=0.13 sys=0.00, real=0.13 secs] 
[GC (Allocation Failure) [DefNew: 623615K->5914K(623616K), 0.0497626 secs] 1515962K->962786K(2009472K), 0.0498055 secs] [Times: user=0.05 sys=0.00, real=0.05 secs] 
[GC (Allocation Failure) [DefNew: 560282K->69248K(623616K), 0.1366268 secs] 1517154K->1065509K(2009472K), 0.1366743 secs] [Times: user=0.14 sys=0.00, real=0.14 secs] 
[GC (Allocation Failure) [DefNew: 623616K->5918K(623616K), 0.0494366 secs] 1619877K->1066710K(2009472K), 0.0494771 secs] [Times: user=0.05 sys=0.00, real=0.05 secs] 
[GC (Allocation Failure) [DefNew: 560286K->69247K(623616K), 0.1384489 secs] 1621078K->1168884K(2009472K), 0.1384893 secs] [Times: user=0.14 sys=0.00, real=0.13 secs] 
[GC (Allocation Failure) [DefNew: 623615K->5923K(623616K), 0.0476017 secs] 1723252K->1170071K(2009472K), 0.0476454 secs] [Times: user=0.05 sys=0.00, real=0.05 secs] 
[GC (Allocation Failure) [DefNew: 560291K->69247K(623616K), 0.1063380 secs] 1724439K->1272131K(2009472K), 0.1063803 secs] [Times: user=0.11 sys=0.00, real=0.11 secs] 
[GC (Allocation Failure) [DefNew: 623615K->5881K(623616K), 0.0477705 secs] 1826499K->1273314K(2009472K), 0.0478090 secs] [Times: user=0.05 sys=0.00, real=0.05 secs] 
[GC (Allocation Failure) [DefNew: 560249K->69248K(623616K), 0.1228830 secs] 1827682K->1375384K(2009472K), 0.1229272 secs] [Times: user=0.13 sys=0.00, real=0.12 secs] 
[GC (Allocation Failure) [DefNew: 623616K->623616K(623616K), 0.0000199 secs][Tenured: 1306136K->851813K(1385856K), 2.4675683 secs] 1929752K->851813K(2009472K), [Metaspace: 10570K->10570K(12288K)], 2.4676761 secs] [Times: user=2.45 sys=0.00, real=2.46 secs] 

*** PauseDetector detected a 2465 ms pause at Mon Dec 22 02:06:11 EET 2014 ***

[GC (Allocation Failure) [DefNew: 554368K->69247K(623616K), 0.1019291 secs] 1406181K->959699K(2009472K), 0.1019708 secs] [Times: user=0.11 sys=0.00, real=0.10 secs] 
[GC (Allocation Failure) [DefNew: 623615K->5923K(623616K), 0.0522968 secs] 1514067K->960884K(2009472K), 0.0523410 secs] [Times: user=0.05 sys=0.00, real=0.05 secs] 
[GC (Allocation Failure) [DefNew: 560291K->69247K(623616K), 0.3644664 secs] 1515252K->1087495K(2009472K), 0.3645665 secs] [Times: user=0.36 sys=0.00, real=0.36 secs] 

*** PauseDetector detected a 357 ms pause at Mon Dec 22 02:06:16 EET 2014 ***

[GC (Allocation Failure) [DefNew: 623615K->5887K(623616K), 0.1089723 secs] 1641863K->1089107K(2009472K), 0.1090076 secs] [Times: user=0.11 sys=0.00, real=0.11 secs] 
[GC (Allocation Failure) [DefNew: 560255K->69248K(623616K), 0.5510284 secs] 1643475K->1208182K(2009472K), 0.5511330 secs] [Times: user=0.53 sys=0.00, real=0.55 secs] 

*** PauseDetector detected a 548 ms pause at Mon Dec 22 02:06:20 EET 2014 ***

[GC (Allocation Failure) [DefNew: 623616K->5849K(623616K), 0.0984832 secs] 1762550K->1209649K(2009472K), 0.0985210 secs] [Times: user=0.09 sys=0.00, real=0.10 secs] 
[GC (Allocation Failure) [DefNew: 560217K->69248K(623616K), 0.4343918 secs] 1764017K->1326187K(2009472K), 0.4344303 secs] [Times: user=0.42 sys=0.00, real=0.43 secs] 

*** PauseDetector detected a 437 ms pause at Mon Dec 22 02:06:24 EET 2014 ***

[GC (Allocation Failure) [DefNew: 623616K->5919K(623616K), 0.0902524 secs] 1880555K->1327703K(2009472K), 0.0902954 secs] [Times: user=0.09 sys=0.00, real=0.09 secs] 
[GC (Allocation Failure) [DefNew: 560287K->560287K(623616K), 0.0000205 secs][Tenured: 1321783K->862287K(1385856K), 2.7057617 secs] 1882071K->862287K(2009472K), [Metaspace: 10570K->10570K(12288K)], 2.7058483 secs] [Times: user=2.70 sys=0.00, real=2.71 secs] 

*** PauseDetector detected a 2715 ms pause at Mon Dec 22 02:06:30 EET 2014 ***

[GC (Allocation Failure) [DefNew: 554368K->5908K(623616K), 0.0145849 secs] 1416655K->868195K(2009472K), 0.0146446 secs] [Times: user=0.02 sys=0.00, real=0.02 secs] 
[GC (Allocation Failure) [DefNew: 560276K->69248K(623616K), 0.3620997 secs] 1422563K->979541K(2009472K), 0.3621516 secs] [Times: user=0.36 sys=0.00, real=0.36 secs] 

*** PauseDetector detected a 363 ms pause at Mon Dec 22 02:06:33 EET 2014 ***

[GC (Allocation Failure) [DefNew: 623616K->5866K(623616K), 0.0769808 secs] 1533909K->980845K(2009472K), 0.0770218 secs] [Times: user=0.08 sys=0.00, real=0.08 secs] 
[GC (Allocation Failure) [DefNew: 560234K->69247K(623616K), 0.2909027 secs] 1535213K->1089386K(2009472K), 0.2909444 secs] [Times: user=0.28 sys=0.00, real=0.29 secs] 
[GC (Allocation Failure) [DefNew: 623615K->5862K(623616K), 0.0779649 secs] 1643754K->1090912K(2009472K), 0.0780066 secs] [Times: user=0.08 sys=0.00, real=0.08 secs] 
[GC (Allocation Failure) [DefNew: 560230K->69247K(623616K), 0.2837164 secs] 1645280K->1199052K(2009472K), 0.2837568 secs] [Times: user=0.25 sys=0.00, real=0.28 secs] 
[GC (Allocation Failure) [DefNew: 623615K->5887K(623616K), 0.0634300 secs] 1753420K->1200310K(2009472K), 0.0635705 secs] [Times: user=0.05 sys=0.00, real=0.06 secs] 
[GC (Allocation Failure) [DefNew: 560255K->69248K(623616K), 0.2476496 secs] 1754678K->1307868K(2009472K), 0.2476913 secs] [Times: user=0.25 sys=0.00, real=0.25 secs] 
[GC (Allocation Failure) [DefNew: 623616K->5924K(623616K), 0.0624625 secs] 1862236K->1309159K(2009472K), 0.0625036 secs] [Times: user=0.06 sys=0.00, real=0.06 secs] 
[GC (Allocation Failure) [DefNew: 560292K->69248K(623616K), 0.2615314 secs] 1863527K->1416145K(2009472K), 0.2615891 secs] [Times: user=0.27 sys=0.00, real=0.26 secs] 
[GC (Allocation Failure) [DefNew: 623616K->623616K(623616K), 0.0000205 secs][Tenured: 1346897K->788970K(1385856K), 2.8490911 secs] 1970513K->788970K(2009472K), [Metaspace: 10570K->10570K(12288K)]
*** PauseDetector detected a 2852 ms pause at Mon Dec 22 02:06:51 EET 2014 ***

, 2.8491828 secs] [Times: user=2.84 sys=0.00, real=2.85 secs] 
[GC (Allocation Failure) [DefNew: 554368K->69247K(623616K), 0.2039968 secs] 1343338K->900508K(2009472K), 0.2040442 secs] [Times: user=0.20 sys=0.00, real=0.20 secs] 
[GC (Allocation Failure) [DefNew: 623615K->5920K(623616K), 0.0580491 secs] 1454876K->901747K(2009472K), 0.0580889 secs] [Times: user=0.06 sys=0.00, real=0.06 secs] 
[Full GC (System.gc()) [Tenured: 895827K->852428K(1385856K), 2.5575038 secs] 1192665K->852428K(2009472K), [Metaspace: 10570K->10570K(12288K)], 2.5575603 secs] [Times: user=2.56 sys=0.00, real=2.56 secs] 
[Full GC (System.gc()) [Tenured: 852428K->852350K(1385856K), 2.4342609 secs] 863506K->852350K(2009472K), [Metaspace: 10570K->10570K(12288K)], 2.4343078 secs] [Times: user=2.42 sys=0.00, real=2.43 secs] 
[Full GC (System.gc()) [Tenured: 852350K->850631K(1385856K), 2.3626764 secs] 863428K->850631K(2009472K), [Metaspace: 10570K->10570K(12288K)], 2.3627246 secs] [Times: user=2.37 sys=0.00, real=2.36 secs] 

*** PauseDetector detected a 2560 ms pause at Mon Dec 22 02:06:58 EET 2014 ***

[Full GC (System.gc()) [Tenured: 850631K->781432K(1385856K), 2.3487356 secs] 861709K->781432K(2009472K), [Metaspace: 10570K->10570K(12288K)], 2.3487915 secs] [Times: user=2.36 sys=0.00, real=2.35 secs] 
[Full GC (System.gc()) [Tenured: 781432K->781432K(1385856K), 2.4356891 secs] 781432K->781432K(2009472K), [Metaspace: 10570K->10570K(12288K)], 2.4357308 secs] [Times: user=2.42 sys=0.00, real=2.43 secs] 

*** PauseDetector detected a 9585 ms pause at Mon Dec 22 02:07:07 EET 2014 ***

[Full GC (System.gc()) [Tenured: 781432K->781432K(1385856K), 2.2980916 secs] 792511K->781432K(2009472K), [Metaspace: 10570K->10570K(12288K)], 2.2981346 secs] [Times: user=2.26 sys=0.00, real=2.30 secs] 

*** PauseDetector detected a 2303 ms pause at Mon Dec 22 02:07:10 EET 2014 ***

[GC (Allocation Failure) [DefNew: 554368K->69248K(623616K), 0.1628859 secs] 1335800K->892391K(2009472K), 0.1629250 secs] [Times: user=0.16 sys=0.00, real=0.16 secs] 
[GC (Allocation Failure) [DefNew: 623616K->5954K(623616K), 0.0563541 secs] 1446759K->893627K(2009472K), 0.0563964 secs] [Times: user=0.05 sys=0.00, real=0.06 secs] 
[GC (Allocation Failure) [DefNew: 560322K->69247K(623616K), 0.1473309 secs] 1447995K->998394K(2009472K), 0.1474970 secs] [Times: user=0.16 sys=0.00, real=0.15 secs] 
[GC (Allocation Failure) [DefNew: 623615K->5954K(623616K), 0.0498209 secs] 1552762K->999628K(2009472K), 0.0499281 secs] [Times: user=0.03 sys=0.00, real=0.04 secs] 
[GC (Allocation Failure) [DefNew: 560322K->69247K(623616K), 0.1592263 secs] 1553996K->1104188K(2009472K), 0.1592706 secs] [Times: user=0.16 sys=0.00, real=0.16 secs] 
[GC (Allocation Failure) [DefNew: 623615K->5954K(623616K), 0.0595139 secs] 1658556K->1105420K(2009472K), 0.0595620 secs] [Times: user=0.05 sys=0.00, real=0.06 secs] 
[Full GC (System.gc()) [Tenured: 1099465K->841265K(1385856K), 2.6275549 secs] 1205811K->841265K(2009472K), [Metaspace: 10570K->10570K(12288K)], 2.6276082 secs] [Times: user=2.60 sys=0.00, real=2.63 secs] 
[Full GC (System.gc()) [Tenured: 841265K->771977K(1385856K), 2.5800809 secs] 841265K->771977K(2009472K), [Metaspace: 10570K->10570K(12288K)], 2.5801367 secs] [Times: user=2.57 sys=0.00, real=2.58 secs] 
[Full GC (System.gc()) [Tenured: 771977K->772012K(1385856K), 2.6224114 secs] 783132K->772012K(2009472K), [Metaspace: 10570K->10570K(12288K)]
*** PauseDetector detected a 5208 ms pause at Mon Dec 22 02:07:25 EET 2014 ***

, 2.6224974 secs] [Times: user=2.60 sys=0.00, real=2.62 secs] 
********************************
********** ROUND   49 **********
********************************

*** PauseDetector detected a 2628 ms pause at Mon Dec 22 02:07:27 EET 2014 ***

[GC (Allocation Failure) [DefNew: 554368K->15692K(623616K), 0.0204894 secs] 1326380K->787704K(2009472K), 0.0205272 secs] [Times: user=0.02 sys=0.00, real=0.02 secs] 
[GC (Allocation Failure) [DefNew: 570060K->15795K(623616K), 0.0188521 secs] 1342072K->787807K(2009472K), 0.0188925 secs] [Times: user=0.02 sys=0.00, real=0.02 secs] 
[GC (Allocation Failure) [DefNew: 570163K->69248K(623616K), 0.2127126 secs] 1342175K->891297K(2009472K), 0.2127607 secs] [Times: user=0.20 sys=0.00, real=0.21 secs] 
[GC (Allocation Failure) [DefNew: 623616K->5897K(623616K), 0.0569187 secs] 1445665K->892526K(2009472K), 0.0569572 secs] [Times: user=0.06 sys=0.00, real=0.06 secs] 
[GC (Allocation Failure) [DefNew: 560265K->69248K(623616K), 0.1503450 secs] 1446894K->995875K(2009472K), 0.1503860 secs] [Times: user=0.14 sys=0.00, real=0.15 secs] 
[GC (Allocation Failure) [DefNew: 623616K->5894K(623616K), 0.0657192 secs] 1550243K->997081K(2009472K), 0.0657628 secs] [Times: user=0.06 sys=0.00, real=0.07 secs] 
[GC (Allocation Failure) [DefNew: 560262K->69247K(623616K), 0.1469081 secs] 1551449K->1100298K(2009472K), 0.1469491 secs] [Times: user=0.14 sys=0.00, real=0.15 secs] 
[GC (Allocation Failure) [DefNew: 623615K->5883K(623616K), 0.0494989 secs] 1654666K->1101491K(2009472K), 0.0495438 secs] [Times: user=0.05 sys=0.00, real=0.05 secs] 
[GC (Allocation Failure) [DefNew: 560251K->69248K(623616K), 0.1298485 secs] 1655859K->1204604K(2009472K), 0.1299531 secs] [Times: user=0.13 sys=0.00, real=0.13 secs] 
[GC (Allocation Failure) [DefNew: 623616K->5898K(623616K), 0.0502585 secs] 1758972K->1205809K(2009472K), 0.0503560 secs] [Times: user=0.05 sys=0.00, real=0.05 secs] 
[GC (Allocation Failure) [DefNew: 560266K->69248K(623616K), 0.1504386 secs] 1760177K->1308797K(2009472K), 0.1504836 secs] [Times: user=0.14 sys=0.00, real=0.15 secs] 
[GC (Allocation Failure) [DefNew: 623616K->5906K(623616K), 0.0506967 secs] 1863165K->1310011K(2009472K), 0.0507377 secs] [Times: user=0.05 sys=0.00, real=0.05 secs] 
[GC (Allocation Failure) [DefNew: 560274K->560274K(623616K), 0.0000141 secs][Tenured: 1304104K->852884K(1385856K), 2.4180534 secs] 1864379K->852884K(2009472K), [Metaspace: 10570K->10570K(12288K)], 2.4181311 secs] [Times: user=2.42 sys=0.00, real=2.42 secs] 

*** PauseDetector detected a 2422 ms pause at Mon Dec 22 02:07:50 EET 2014 ***

[GC (Allocation Failure) [DefNew: 554368K->5901K(623616K), 0.0151572 secs] 1407252K->858786K(2009472K), 0.0152009 secs] [Times: user=0.01 sys=0.00, real=0.02 secs] 
[GC (Allocation Failure) [DefNew: 560269K->69248K(623616K), 0.1203468 secs] 1413154K->961590K(2009472K), 0.1203885 secs] [Times: user=0.11 sys=0.00, real=0.12 secs] 
[GC (Allocation Failure) [DefNew: 623616K->5901K(623616K), 0.0655954 secs] 1515958K->962789K(2009472K), 0.0656396 secs] [Times: user=0.06 sys=0.00, real=0.07 secs] 
[GC (Allocation Failure) [DefNew: 560269K->69247K(623616K), 0.1219219 secs] 1517157K->1065508K(2009472K), 0.1220592 secs] [Times: user=0.12 sys=0.00, real=0.12 secs] 
[GC (Allocation Failure) [DefNew: 623615K->5901K(623616K), 0.0506075 secs] 1619876K->1066709K(2009472K), 0.0506543 secs] [Times: user=0.06 sys=0.00, real=0.05 secs] 
[GC (Allocation Failure) [DefNew: 560269K->69247K(623616K), 0.1088369 secs] 1621077K->1168884K(2009472K), 0.1089332 secs] [Times: user=0.11 sys=0.00, real=0.11 secs] 
[GC (Allocation Failure) [DefNew: 623615K->5903K(623616K), 0.0514621 secs] 1723252K->1170067K(2009472K), 0.0515083 secs] [Times: user=0.05 sys=0.00, real=0.05 secs] 
[GC (Allocation Failure) [DefNew: 560271K->69248K(623616K), 0.1291961 secs] 1724435K->1272169K(2009472K), 0.1292365 secs] [Times: user=0.14 sys=0.00, real=0.13 secs] 
[GC (Allocation Failure) [DefNew: 623616K->5903K(623616K), 0.0497824 secs] 1826537K->1273352K(2009472K), 0.0498267 secs] [Times: user=0.06 sys=0.00, real=0.05 secs] 
[GC (Allocation Failure) [DefNew: 560271K->69248K(623616K), 0.1253453 secs] 1827720K->1375384K(2009472K), 0.1253864 secs] [Times: user=0.13 sys=0.00, real=0.13 secs] 
[GC (Allocation Failure) [DefNew: 623616K->623616K(623616K), 0.0000205 secs][Tenured: 1306136K->853185K(1385856K), 2.4496408 secs] 1929752K->853185K(2009472K), [Metaspace: 10570K->10570K(12288K)], 2.4497229 secs] [Times: user=2.45 sys=0.00, real=2.45 secs] 

*** PauseDetector detected a 2454 ms pause at Mon Dec 22 02:08:09 EET 2014 ***

[GC (Allocation Failure) [DefNew: 554368K->69247K(623616K), 0.1203571 secs] 1407553K->961060K(2009472K), 0.1204001 secs] [Times: user=0.11 sys=0.00, real=0.12 secs] 
[GC (Allocation Failure) [DefNew: 623615K->5909K(623616K), 0.0458021 secs] 1515428K->962242K(2009472K), 0.0459471 secs] [Times: user=0.05 sys=0.00, real=0.05 secs] 
[GC (Allocation Failure) [DefNew: 560277K->69247K(623616K), 0.3363680 secs] 1516610K->1088848K(2009472K), 0.3364379 secs] [Times: user=0.33 sys=0.00, real=0.34 secs] 
[GC (Allocation Failure) [DefNew: 623615K->5903K(623616K), 0.1125266 secs] 1643216K->1090495K(2009472K), 0.1125748 secs] [Times: user=0.11 sys=0.00, real=0.11 secs] 
[GC (Allocation Failure) [DefNew: 560271K->69248K(623616K), 0.4679873 secs] 1644863K->1209570K(2009472K), 0.4680303 secs] [Times: user=0.47 sys=0.00, real=0.47 secs] 

*** PauseDetector detected a 469 ms pause at Mon Dec 22 02:08:18 EET 2014 ***

[GC (Allocation Failure) [DefNew: 623616K->5883K(623616K), 0.0976793 secs] 1763938K->1211055K(2009472K), 0.0977197 secs] [Times: user=0.09 sys=0.00, real=0.10 secs] 
[GC (Allocation Failure) [DefNew: 560251K->69248K(623616K), 0.4317902 secs] 1765423K->1327585K(2009472K), 0.4318300 secs] [Times: user=0.42 sys=0.00, real=0.43 secs] 

*** PauseDetector detected a 434 ms pause at Mon Dec 22 02:08:22 EET 2014 ***

[GC (Allocation Failure) [DefNew: 623616K->5908K(623616K), 0.0961671 secs] 1881953K->1329064K(2009472K), 0.0962133 secs] [Times: user=0.09 sys=0.00, real=0.09 secs] 
[GC (Allocation Failure) [DefNew: 560276K->560276K(623616K), 0.0000192 secs][Tenured: 1323155K->793011K(1385856K), 2.8103733 secs] 1883432K->793011K(2009472K), [Metaspace: 10570K->10570K(12288K)], 2.8104535 secs] [Times: user=2.82 sys=0.00, real=2.81 secs] 

*** PauseDetector detected a 2815 ms pause at Mon Dec 22 02:08:28 EET 2014 ***

[GC (Allocation Failure) [DefNew: 554368K->5910K(623616K), 0.0184453 secs] 1347379K->798922K(2009472K), 0.0184851 secs] [Times: user=0.01 sys=0.00, real=0.02 secs] 
[GC (Allocation Failure) [DefNew: 560278K->69248K(623616K), 0.3110245 secs] 1353290K->910162K(2009472K), 0.3111342 secs] [Times: user=0.31 sys=0.00, real=0.31 secs] 
[GC (Allocation Failure) [DefNew: 623616K->5908K(623616K), 0.0759735 secs] 1464530K->911529K(2009472K), 0.0760139 secs] [Times: user=0.08 sys=0.00, real=0.08 secs] 
[GC (Allocation Failure) [DefNew: 560276K->69248K(623616K), 0.2932162 secs] 1465897K->1020294K(2009472K), 0.2933176 secs] [Times: user=0.30 sys=0.00, real=0.29 secs] 
[GC (Allocation Failure) [DefNew: 623616K->5902K(623616K), 0.0818086 secs] 1574662K->1021594K(2009472K), 0.0818490 secs] [Times: user=0.09 sys=0.00, real=0.08 secs] 
[GC (Allocation Failure) [DefNew: 560270K->69247K(623616K), 0.2474539 secs] 1575962K->1129683K(2009472K), 0.2474988 secs] [Times: user=0.25 sys=0.00, real=0.25 secs] 
[GC (Allocation Failure) [DefNew: 623615K->5899K(623616K), 0.0727271 secs] 1684051K->1130965K(2009472K), 0.0727663 secs] [Times: user=0.06 sys=0.00, real=0.07 secs] 
[GC (Allocation Failure) [DefNew: 560267K->69248K(623616K), 0.2765353 secs] 1685333K->1238497K(2009472K), 0.2765738 secs] [Times: user=0.28 sys=0.00, real=0.28 secs] 
[GC (Allocation Failure) [DefNew: 623616K->5917K(623616K), 0.0699420 secs] 1792865K->1239795K(2009472K), 0.0699857 secs] [Times: user=0.08 sys=0.00, real=0.07 secs] 
[GC (Allocation Failure) [DefNew: 560285K->69247K(623616K), 0.2173358 secs] 1794163K->1346812K(2009472K), 0.2173788 secs] [Times: user=0.22 sys=0.00, real=0.22 secs] 
[GC (Allocation Failure) [DefNew: 623615K->5915K(623616K), 0.0659085 secs] 1901180K->1348124K(2009472K), 0.0659482 secs] [Times: user=0.06 sys=0.00, real=0.07 secs] 
[GC (Allocation Failure) [DefNew: 560283K->560283K(623616K), 0.0001187 secs][Tenured: 1342209K->855550K(1385856K), 2.9813231 secs] 1902492K->855550K(2009472K), [Metaspace: 10570K->10570K(12288K)]
*** PauseDetector detected a 2984 ms pause at Mon Dec 22 02:08:51 EET 2014 ***

, 2.9815066 secs] [Times: user=2.98 sys=0.00, real=2.98 secs] 
[GC (Allocation Failure) [DefNew: 554368K->5913K(623616K), 0.0124357 secs] 1409918K->861464K(2009472K), 0.0124767 secs] [Times: user=0.01 sys=0.00, real=0.01 secs] 
[GC (Allocation Failure) [DefNew: 560281K->69248K(623616K), 0.1730157 secs] 1415832K->966753K(2009472K), 0.1730580 secs] [Times: user=0.17 sys=0.00, real=0.17 secs] 
[GC (Allocation Failure) [DefNew: 623616K->5915K(623616K), 0.0595921 secs] 1521121K->968000K(2009472K), 0.0596332 secs] [Times: user=0.06 sys=0.00, real=0.06 secs] 
[GC (Allocation Failure) [DefNew: 560283K->69248K(623616K), 0.1698232 secs] 1522368K->1072974K(2009472K), 0.1698656 secs] [Times: user=0.17 sys=0.00, real=0.17 secs] 
[GC (Allocation Failure) [DefNew: 623616K->5916K(623616K), 0.0542568 secs] 1627342K->1074241K(2009472K), 0.0542966 secs] [Times: user=0.05 sys=0.00, real=0.05 secs] 
[GC (Allocation Failure) [DefNew: 560284K->69247K(623616K), 0.1703602 secs] 1628609K->1179002K(2009472K), 0.1704000 secs] [Times: user=0.17 sys=0.00, real=0.17 secs] 
[GC (Allocation Failure) [DefNew: 623615K->5918K(623616K), 0.0566524 secs] 1733370K->1180244K(2009472K), 0.0566954 secs] [Times: user=0.05 sys=0.00, real=0.06 secs] 
[GC (Allocation Failure) [DefNew: 560286K->69248K(623616K), 0.1792364 secs] 1734612K->1284800K(2009472K), 0.1792794 secs] [Times: user=0.19 sys=0.00, real=0.18 secs] 
[GC (Allocation Failure) [DefNew: 623616K->5916K(623616K), 0.0576725 secs] 1839168K->1286034K(2009472K), 0.0577136 secs] [Times: user=0.05 sys=0.00, real=0.06 secs] 
[GC (Allocation Failure) [DefNew: 560284K->69247K(623616K), 0.1513240 secs] 1840402K->1390408K(2009472K), 0.1513651 secs] [Times: user=0.16 sys=0.00, real=0.15 secs] 
[GC (Allocation Failure) [DefNew: 623615K->623615K(623616K), 0.0000192 secs][Tenured: 1321160K->855564K(1385856K), 2.6621359 secs] 1944776K->855564K(2009472K), [Metaspace: 10570K->10570K(12288K)], 2.6622751 secs] [Times: user=2.65 sys=0.00, real=2.66 secs] 

*** PauseDetector detected a 2663 ms pause at Mon Dec 22 02:09:11 EET 2014 ***

[GC (Allocation Failure) [DefNew: 554368K->69247K(623616K), 0.1572676 secs] 1409932K->964985K(2009472K), 0.1573651 secs] [Times: user=0.16 sys=0.00, real=0.16 secs] 
[GC (Allocation Failure) [DefNew: 623615K->5919K(623616K), 0.0655569 secs] 1519353K->966200K(2009472K), 0.0655992 secs] [Times: user=0.06 sys=0.00, real=0.07 secs] 
[GC (Allocation Failure) [DefNew: 560287K->69247K(623616K), 0.1677105 secs] 1520568K->1069553K(2009472K), 0.1677881 secs] [Times: user=0.17 sys=0.00, real=0.17 secs] 
[GC (Allocation Failure) [DefNew: 623615K->5885K(623616K), 0.0525367 secs] 1623921K->1070724K(2009472K), 0.0525778 secs] [Times: user=0.05 sys=0.00, real=0.05 secs] 
[GC (Allocation Failure) [DefNew: 560253K->69248K(623616K), 0.1427737 secs] 1625092K->1173972K(2009472K), 0.1428116 secs] [Times: user=0.16 sys=0.00, real=0.14 secs] 
[GC (Allocation Failure) [DefNew: 623616K->5916K(623616K), 0.0529916 secs] 1728340K->1175177K(2009472K), 0.0530449 secs] [Times: user=0.05 sys=0.00, real=0.05 secs] 
[GC (Allocation Failure) [DefNew: 560284K->69248K(623616K), 0.1438651 secs] 1729545K->1278279K(2009472K), 0.1439048 secs] [Times: user=0.14 sys=0.00, real=0.14 secs] 
[GC (Allocation Failure) [DefNew: 623616K->5892K(623616K), 0.0480252 secs] 1832647K->1279457K(2009472K), 0.0480746 secs] [Times: user=0.05 sys=0.00, real=0.05 secs] 
[GC (Allocation Failure) [DefNew: 560260K->69247K(623616K), 0.1287386 secs] 1833825K->1382439K(2009472K), 0.1287810 secs] [Times: user=0.13 sys=0.00, real=0.13 secs] 
[GC (Allocation Failure) [DefNew: 623615K->623615K(623616K), 0.0000199 secs][Tenured: 1313191K->854156K(1385856K), 2.7075363 secs] 1936807K->854156K(2009472K), [Metaspace: 10570K->10570K(12288K)], 2.7076146 secs] [Times: user=2.70 sys=0.00, real=2.70 secs] 

*** PauseDetector detected a 2706 ms pause at Mon Dec 22 02:09:30 EET 2014 ***

[GC (Allocation Failure) [DefNew: 554368K->69248K(623616K), 0.1234963 secs] 1408524K->962967K(2009472K), 0.1235380 secs] [Times: user=0.13 sys=0.00, real=0.12 secs] 
[GC (Allocation Failure) [DefNew: 623616K->5918K(623616K), 0.0541445 secs] 1517335K->964169K(2009472K), 0.0541939 secs] [Times: user=0.05 sys=0.00, real=0.05 secs] 
[GC (Allocation Failure) [DefNew: 560286K->69248K(623616K), 0.1218930 secs] 1518537K->1066971K(2009472K), 0.1219328 secs] [Times: user=0.11 sys=0.00, real=0.12 secs] 
[GC (Allocation Failure) [DefNew: 623616K->5886K(623616K), 0.0472303 secs] 1621339K->1068140K(2009472K), 0.0472713 secs] [Times: user=0.05 sys=0.00, real=0.05 secs] 
[GC (Allocation Failure) [DefNew: 560254K->69247K(623616K), 0.1206766 secs] 1622508K->1170893K(2009472K), 0.1207805 secs] [Times: user=0.13 sys=0.00, real=0.11 secs] 
[GC (Allocation Failure) [DefNew: 623615K->5922K(623616K), 0.0538712 secs] 1725261K->1172096K(2009472K), 0.0539103 secs] [Times: user=0.06 sys=0.00, real=0.05 secs] 
[GC (Allocation Failure) [DefNew: 560290K->69248K(623616K), 0.1219886 secs] 1726464K->1274265K(2009472K), 0.1220374 secs] [Times: user=0.13 sys=0.00, real=0.12 secs] 
[GC (Allocation Failure) [DefNew: 623616K->5924K(623616K), 0.0461787 secs] 1828633K->1275454K(2009472K), 0.0462198 secs] [Times: user=0.05 sys=0.00, real=0.05 secs] 
[GC (Allocation Failure) [DefNew: 560292K->69247K(623616K), 0.1379741 secs] 1829822K->1377550K(2009472K), 0.1380158 secs] [Times: user=0.13 sys=0.00, real=0.13 secs] 
[GC (Allocation Failure) [DefNew: 623615K->623615K(623616K), 0.0000302 secs][Tenured: 1308302K->783987K(1385856K), 2.5042055 secs] 1931918K->783987K(2009472K), [Metaspace: 10570K->10570K(12288K)]
*** PauseDetector detected a 2507 ms pause at Mon Dec 22 02:09:48 EET 2014 ***

, 2.5043948 secs] [Times: user=2.50 sys=0.00, real=2.50 secs] 
[GC (Allocation Failure) [DefNew: 554368K->69247K(623616K), 0.1120519 secs] 1338355K->891916K(2009472K), 0.1120936 secs] [Times: user=0.13 sys=0.00, real=0.11 secs] 
[GC (Allocation Failure) [DefNew: 623615K->5922K(623616K), 0.0520421 secs] 1446284K->893121K(2009472K), 0.0520921 secs] [Times: user=0.05 sys=0.00, real=0.05 secs] 
[GC (Allocation Failure) [DefNew: 560290K->69247K(623616K), 0.1209614 secs] 1447489K->995046K(2009472K), 0.1210064 secs] [Times: user=0.13 sys=0.00, real=0.12 secs] 
[GC (Allocation Failure) [DefNew: 623615K->5925K(623616K), 0.0599553 secs] 1549414K->996272K(2009472K), 0.0600015 secs] [Times: user=0.06 sys=0.00, real=0.06 secs] 
[GC (Allocation Failure) [DefNew: 560293K->69247K(623616K), 0.3646737 secs] 1550640K->1122884K(2009472K), 0.3647109 secs] [Times: user=0.36 sys=0.00, real=0.37 secs] 

*** PauseDetector detected a 367 ms pause at Mon Dec 22 02:09:56 EET 2014 ***

[GC (Allocation Failure) [DefNew: 623615K->5913K(623616K), 0.1204424 secs] 1677252K->1124518K(2009472K), 0.1204931 secs] [Times: user=0.13 sys=0.00, real=0.12 secs] 
[GC (Allocation Failure) [DefNew: 560281K->69248K(623616K), 0.5086247 secs] 1678886K->1243601K(2009472K), 0.5086799 secs] [Times: user=0.51 sys=0.00, real=0.51 secs] 

*** PauseDetector detected a 513 ms pause at Mon Dec 22 02:10:00 EET 2014 ***

[GC (Allocation Failure) [DefNew: 623616K->5927K(623616K), 0.1202871 secs] 1797969K->1245113K(2009472K), 0.1203346 secs] [Times: user=0.13 sys=0.00, real=0.12 secs] 
[GC (Allocation Failure) [DefNew: 560295K->69248K(623616K), 0.4377774 secs] 1799481K->1361622K(2009472K), 0.4378204 secs] [Times: user=0.44 sys=0.00, real=0.44 secs] 

*** PauseDetector detected a 444 ms pause at Mon Dec 22 02:10:04 EET 2014 ***

[GC (Allocation Failure) [DefNew: 623616K->5890K(623616K), 0.0806403 secs] 1915990K->1363060K(2009472K), 0.0807487 secs] [Times: user=0.08 sys=0.00, real=0.08 secs] 
[GC (Allocation Failure) [DefNew: 560258K->560258K(623616K), 0.0000308 secs][Tenured: 1357169K->862319K(1385856K), 2.8124443 secs] 1917428K->862319K(2009472K), [Metaspace: 10570K->10570K(12288K)], 2.8125476 secs] [Times: user=2.81 sys=0.00, real=2.81 secs] 

*** PauseDetector detected a 2815 ms pause at Mon Dec 22 02:10:10 EET 2014 ***

[GC (Allocation Failure) [DefNew: 554368K->5891K(623616K), 0.0118396 secs] 1416687K->868211K(2009472K), 0.0118820 secs] [Times: user=0.02 sys=0.00, real=0.01 secs] 
[GC (Allocation Failure) [DefNew: 560259K->69247K(623616K), 0.3343008 secs] 1422579K->979453K(2009472K), 0.3343451 secs] [Times: user=0.33 sys=0.00, real=0.33 secs] 
[GC (Allocation Failure) [DefNew: 623615K->5879K(623616K), 0.0824136 secs] 1533821K->980808K(2009472K), 0.0824643 secs] [Times: user=0.08 sys=0.00, real=0.08 secs] 
[GC (Allocation Failure) [DefNew: 560247K->69248K(623616K), 0.3098703 secs] 1535176K->1089620K(2009472K), 0.3099132 secs] [Times: user=0.30 sys=0.00, real=0.31 secs] 
[GC (Allocation Failure) [DefNew: 623616K->5921K(623616K), 0.0661182 secs] 1643988K->1090921K(2009472K), 0.0661606 secs] [Times: user=0.06 sys=0.00, real=0.06 secs] 
[GC (Allocation Failure) [DefNew: 560289K->69248K(623616K), 0.2834322 secs] 1645289K->1198999K(2009472K), 0.2834733 secs] [Times: user=0.28 sys=0.00, real=0.28 secs] 
[GC (Allocation Failure) [DefNew: 623616K->5925K(623616K), 0.0668541 secs] 1753367K->1200298K(2009472K), 0.0668946 secs] [Times: user=0.06 sys=0.00, real=0.07 secs] 
[GC (Allocation Failure) [DefNew: 560293K->69247K(623616K), 0.2657061 secs] 1754666K->1307819K(2009472K), 0.2657446 secs] [Times: user=0.27 sys=0.00, real=0.27 secs] 
[GC (Allocation Failure) [DefNew: 623615K->5925K(623616K), 0.0656961 secs] 1862187K->1309111K(2009472K), 0.0658020 secs] [Times: user=0.06 sys=0.00, real=0.07 secs] 
[GC (Allocation Failure) [DefNew: 560293K->69248K(623616K), 0.2501344 secs] 1863479K->1416158K(2009472K), 0.2501761 secs] [Times: user=0.25 sys=0.00, real=0.25 secs] 
[Full GC (System.gc()) [Tenured: 1346910K->854685K(1385856K), 2.7760887 secs] 1629225K->854685K(2009472K), [Metaspace: 10570K->10570K(12288K)], 2.7761400 secs] [Times: user=2.76 sys=0.00, real=2.78 secs] 
[Full GC (System.gc()) [Tenured: 854685K->854686K(1385856K), 2.2634279 secs] 865838K->854686K(2009472K), [Metaspace: 10570K->10570K(12288K)], 2.2634721 secs] [Times: user=2.26 sys=0.00, real=2.26 secs] 
[Full GC (System.gc()) [Tenured: 854686K->785318K(1385856K), 2.5208166 secs] 865842K->785318K(2009472K), [Metaspace: 10570K->10570K(12288K)], 2.5208640 secs] [Times: user=2.51 sys=0.00, real=2.53 secs] 

*** PauseDetector detected a 5039 ms pause at Mon Dec 22 02:10:32 EET 2014 ***

[Full GC (System.gc()) [Tenured: 785318K->785318K(1385856K), 2.3015009 secs] 785320K->785318K(2009472K), [Metaspace: 10570K->10570K(12288K)], 2.3015529 secs] [Times: user=2.31 sys=0.00, real=2.30 secs] 
[Full GC (System.gc()) [Tenured: 785318K->785318K(1385856K), 2.2489841 secs] 796471K->785318K(2009472K), [Metaspace: 10570K->10570K(12288K)], 2.2490264 secs] [Times: user=2.23 sys=0.00, real=2.25 secs] 
[Full GC (System.gc()) [Tenured: 785318K->785318K(1385856K), 2.4251544 secs] 785318K->785318K(2009472K), [Metaspace: 10570K->10570K(12288K)]
*** PauseDetector detected a 9505 ms pause at Mon Dec 22 02:10:42 EET 2014 ***

, 2.4252102 secs] [Times: user=2.43 sys=0.00, real=2.43 secs] 
[GC (Allocation Failure) [DefNew: 554368K->69247K(623616K), 0.1954073 secs] 1339686K->896885K(2009472K), 0.1954490 secs] [Times: user=0.19 sys=0.00, real=0.20 secs] 
[GC (Allocation Failure) [DefNew: 623615K->5954K(623616K), 0.0729773 secs] 1451253K->898129K(2009472K), 0.0730235 secs] [Times: user=0.06 sys=0.00, real=0.07 secs] 
[GC (Allocation Failure) [DefNew: 560322K->69247K(623616K), 0.2192996 secs] 1452497K->1003423K(2009472K), 0.2193548 secs] [Times: user=0.22 sys=0.00, real=0.22 secs] 
[GC (Allocation Failure) [DefNew: 623615K->5954K(623616K), 0.0617696 secs] 1557791K->1004663K(2009472K), 0.0618133 secs] [Times: user=0.06 sys=0.00, real=0.06 secs] 
[GC (Allocation Failure) [DefNew: 560322K->69248K(623616K), 0.2097132 secs] 1559031K->1109667K(2009472K), 0.2097536 secs] [Times: user=0.20 sys=0.00, real=0.21 secs] 
[GC (Allocation Failure) [DefNew: 623616K->5954K(623616K), 0.0555515 secs] 1664035K->1110903K(2009472K), 0.0555900 secs] [Times: user=0.05 sys=0.00, real=0.06 secs] 
[Full GC (System.gc()) [Tenured: 1104949K->675511K(1385856K), 2.6365524 secs] 1122060K->675511K(2009472K), [Metaspace: 10570K->10570K(12288K)], 2.6366537 secs] [Times: user=2.60 sys=0.00, real=2.64 secs] 
[Full GC (System.gc()) [Tenured: 675511K->675511K(1385856K), 2.4286632 secs] 675511K->675511K(2009472K), [Metaspace: 10570K->10570K(12288K)], 2.4287004 secs] [Times: user=2.40 sys=0.00, real=2.43 secs] 
[Full GC (System.gc()) [Tenured: 675511K->675512K(1385856K), 2.3075792 secs] 675513K->675512K(2009472K), [Metaspace: 10570K->10570K(12288K)], 2.3076254 secs] [Times: user=2.31 sys=0.00, real=2.31 secs] 
********************************

*** PauseDetector detected a 5066 ms pause at Mon Dec 22 02:10:57 EET 2014 ***

********** ROUND   50 **********
********************************

*** PauseDetector detected a 2313 ms pause at Mon Dec 22 02:10:59 EET 2014 ***

[GC (Allocation Failure) [DefNew: 554368K->69247K(623616K), 0.1176836 secs] 1229880K->786123K(2009472K), 0.1177279 secs] [Times: user=0.12 sys=0.00, real=0.12 secs] 
[GC (Allocation Failure) [DefNew: 623615K->5892K(623616K), 0.0496779 secs] 1340491K->787356K(2009472K), 0.0497176 secs] [Times: user=0.05 sys=0.00, real=0.05 secs] 
[GC (Allocation Failure) [DefNew: 560260K->69247K(623616K), 0.1439818 secs] 1341724K->891908K(2009472K), 0.1440248 secs] [Times: user=0.14 sys=0.00, real=0.14 secs] 
[GC (Allocation Failure) [DefNew: 623615K->5887K(623616K), 0.0602703 secs] 1446276K->893143K(2009472K), 0.0603223 secs] [Times: user=0.05 sys=0.00, real=0.06 secs] 
[GC (Allocation Failure) [DefNew: 560255K->69247K(623616K), 0.1632297 secs] 1447511K->997529K(2009472K), 0.1632856 secs] [Times: user=0.16 sys=0.00, real=0.16 secs] 
[GC (Allocation Failure) [DefNew: 623615K->5897K(623616K), 0.0502655 secs] 1551897K->998760K(2009472K), 0.0503079 secs] [Times: user=0.06 sys=0.00, real=0.05 secs] 
[GC (Allocation Failure) [DefNew: 560265K->69247K(623616K), 0.1611228 secs] 1553128K->1102252K(2009472K), 0.1612325 secs] [Times: user=0.17 sys=0.00, real=0.16 secs] 
[GC (Allocation Failure) [DefNew: 623615K->5898K(623616K), 0.0558293 secs] 1656620K->1103474K(2009472K), 0.0558697 secs] [Times: user=0.05 sys=0.00, real=0.06 secs] 
[GC (Allocation Failure) [DefNew: 560266K->69248K(623616K), 0.1547545 secs] 1657842K->1206824K(2009472K), 0.1547956 secs] [Times: user=0.16 sys=0.00, real=0.15 secs] 
[GC (Allocation Failure) [DefNew: 623616K->5893K(623616K), 0.0633903 secs] 1761192K->1208027K(2009472K), 0.0634365 secs] [Times: user=0.06 sys=0.00, real=0.06 secs] 
[GC (Allocation Failure) [DefNew: 560261K->69248K(623616K), 0.1396499 secs] 1762395K->1311246K(2009472K), 0.1396910 secs] [Times: user=0.14 sys=0.00, real=0.14 secs] 
[GC (Allocation Failure) [DefNew: 623616K->5899K(623616K), 0.0580979 secs] 1865614K->1312455K(2009472K), 0.0581614 secs] [Times: user=0.05 sys=0.00, real=0.06 secs] 
[GC (Allocation Failure) [DefNew: 560267K->560267K(623616K), 0.0001129 secs][Tenured: 1306555K->853093K(1385856K), 2.6632131 secs] 1866823K->853093K(2009472K), [Metaspace: 10570K->10570K(12288K)], 2.6634447 secs] [Times: user=2.64 sys=0.00, real=2.66 secs] 

*** PauseDetector detected a 2665 ms pause at Mon Dec 22 02:11:22 EET 2014 ***

[GC (Allocation Failure) [DefNew: 554368K->5901K(623616K), 0.0122156 secs] 1407461K->858994K(2009472K), 0.0122560 secs] [Times: user=0.02 sys=0.00, real=0.01 secs] 
[GC (Allocation Failure) [DefNew: 560269K->69248K(623616K), 0.1300378 secs] 1413362K->961983K(2009472K), 0.1300770 secs] [Times: user=0.13 sys=0.00, real=0.13 secs] 
[GC (Allocation Failure) [DefNew: 623616K->5907K(623616K), 0.0508725 secs] 1516351K->963194K(2009472K), 0.0509135 secs] [Times: user=0.05 sys=0.00, real=0.04 secs] 
[GC (Allocation Failure) [DefNew: 560275K->69248K(623616K), 0.1215870 secs] 1517562K->1066079K(2009472K), 0.1216274 secs] [Times: user=0.13 sys=0.00, real=0.12 secs] 
[GC (Allocation Failure) [DefNew: 623616K->5892K(623616K), 0.0524585 secs] 1620447K->1067274K(2009472K), 0.0525079 secs] [Times: user=0.06 sys=0.00, real=0.05 secs] 
[GC (Allocation Failure) [DefNew: 560260K->69248K(623616K), 0.1341850 secs] 1621642K->1170087K(2009472K), 0.1342286 secs] [Times: user=0.13 sys=0.00, real=0.13 secs] 
[GC (Allocation Failure) [DefNew: 623616K->5906K(623616K), 0.0488105 secs] 1724455K->1171293K(2009472K), 0.0488502 secs] [Times: user=0.06 sys=0.00, real=0.05 secs] 
[GC (Allocation Failure) [DefNew: 560274K->69247K(623616K), 0.1227752 secs] 1725661K->1274008K(2009472K), 0.1228175 secs] [Times: user=0.12 sys=0.00, real=0.12 secs] 
[GC (Allocation Failure) [DefNew: 623615K->5906K(623616K), 0.0487803 secs] 1828376K->1275212K(2009472K), 0.0488265 secs] [Times: user=0.06 sys=0.00, real=0.05 secs] 
[GC (Allocation Failure) [DefNew: 560274K->69248K(623616K), 0.1294129 secs] 1829580K->1377380K(2009472K), 0.1294553 secs] [Times: user=0.14 sys=0.00, real=0.13 secs] 
[GC (Allocation Failure) [DefNew: 623616K->623616K(623616K), 0.0000186 secs][Tenured: 1308132K->784040K(1385856K), 2.4876535 secs] 1931748K->784040K(2009472K), [Metaspace: 10570K->10570K(12288K)], 2.4877388 secs] [Times: user=2.46 sys=0.00, real=2.48 secs] 

*** PauseDetector detected a 2487 ms pause at Mon Dec 22 02:11:42 EET 2014 ***

[GC (Allocation Failure) [DefNew: 554368K->69247K(623616K), 0.1071688 secs] 1338408K->892021K(2009472K), 0.1072067 secs] [Times: user=0.11 sys=0.00, real=0.11 secs] 
[GC (Allocation Failure) [DefNew: 623615K->5909K(623616K), 0.0492256 secs] 1446389K->893233K(2009472K), 0.0492685 secs] [Times: user=0.05 sys=0.00, real=0.05 secs] 
[GC (Allocation Failure) [DefNew: 560277K->69247K(623616K), 0.1081626 secs] 1447601K->995260K(2009472K), 0.1082005 secs] [Times: user=0.11 sys=0.00, real=0.11 secs] 
[GC (Allocation Failure) [DefNew: 623615K->5907K(623616K), 0.0454627 secs] 1549628K->996443K(2009472K), 0.0455051 secs] [Times: user=0.05 sys=0.00, real=0.05 secs] 
[GC (Allocation Failure) [DefNew: 560275K->69247K(623616K), 0.1118183 secs] 1550811K->1098388K(2009472K), 0.1118562 secs] [Times: user=0.11 sys=0.00, real=0.10 secs] 
[GC (Allocation Failure) [DefNew: 623615K->5907K(623616K), 0.0574749 secs] 1652756K->1099591K(2009472K), 0.0575237 secs] [Times: user=0.06 sys=0.00, real=0.05 secs] 
[GC (Allocation Failure) [DefNew: 560275K->69247K(623616K), 0.3388772 secs] 1653959K->1226205K(2009472K), 0.3389183 secs] [Times: user=0.31 sys=0.00, real=0.34 secs] 
[GC (Allocation Failure) [DefNew: 623615K->5905K(623616K), 0.1177940 secs] 1780573K->1227848K(2009472K), 0.1178376 secs] [Times: user=0.11 sys=0.00, real=0.12 secs] 
[GC (Allocation Failure) [DefNew: 560273K->69247K(623616K), 0.4759448 secs] 1782216K->1346919K(2009472K), 0.4759884 secs] [Times: user=0.48 sys=0.00, real=0.48 secs] 

*** PauseDetector detected a 479 ms pause at Mon Dec 22 02:11:57 EET 2014 ***

[GC (Allocation Failure) [DefNew: 623615K->5901K(623616K), 0.1003527 secs] 1901287K->1348424K(2009472K), 0.1003964 secs] [Times: user=0.09 sys=0.00, real=0.10 secs] 
[GC (Allocation Failure) [DefNew: 560269K->560269K(623616K), 0.0000199 secs][Tenured: 1342522K->866095K(1385856K), 2.6829171 secs] 1902792K->866095K(2009472K), [Metaspace: 10570K->10570K(12288K)], 2.6829973 secs] [Times: user=2.67 sys=0.00, real=2.68 secs] 

*** PauseDetector detected a 2684 ms pause at Mon Dec 22 02:12:03 EET 2014 ***

[GC (Allocation Failure) [DefNew: 554368K->5913K(623616K), 0.0142071 secs] 1420463K->872008K(2009472K), 0.0142507 secs] [Times: user=0.02 sys=0.00, real=0.01 secs] 
[GC (Allocation Failure) [DefNew: 560281K->69248K(623616K), 0.3372553 secs] 1426376K->984472K(2009472K), 0.3374048 secs] [Times: user=0.34 sys=0.00, real=0.34 secs] 
[GC (Allocation Failure) [DefNew: 623616K->5910K(623616K), 0.0998716 secs] 1538840K->985852K(2009472K), 0.0999190 secs] [Times: user=0.11 sys=0.00, real=0.10 secs] 
[GC (Allocation Failure) [DefNew: 560278K->69247K(623616K), 0.3413094 secs] 1540220K->1097096K(2009472K), 0.3413575 secs] [Times: user=0.34 sys=0.00, real=0.34 secs] 
[GC (Allocation Failure) [DefNew: 623615K->5914K(623616K), 0.0792661 secs] 1651464K->1098466K(2009472K), 0.0793090 secs] [Times: user=0.08 sys=0.00, real=0.08 secs] 
[GC (Allocation Failure) [DefNew: 560282K->69247K(623616K), 0.2939085 secs] 1652834K->1207228K(2009472K), 0.2939496 secs] [Times: user=0.30 sys=0.00, real=0.29 secs] 
[GC (Allocation Failure) [DefNew: 623615K->5911K(623616K), 0.0767286 secs] 1761596K->1208533K(2009472K), 0.0767761 secs] [Times: user=0.08 sys=0.00, real=0.07 secs] 
[GC (Allocation Failure) [DefNew: 560279K->69248K(623616K), 0.2834784 secs] 1762901K->1316611K(2009472K), 0.2835188 secs] [Times: user=0.28 sys=0.00, real=0.28 secs] 
[GC (Allocation Failure) [DefNew: 623616K->5917K(623616K), 0.0673847 secs] 1870979K->1317913K(2009472K), 0.0674245 secs] [Times: user=0.06 sys=0.00, real=0.07 secs] 
[GC (Allocation Failure) [DefNew: 560285K->560285K(623616K), 0.0000282 secs][Tenured: 1311995K->857460K(1385856K), 2.7328504 secs] 1872281K->857460K(2009472K), [Metaspace: 10570K->10570K(12288K)]
*** PauseDetector detected a 2735 ms pause at Mon Dec 22 02:12:23 EET 2014 ***

, 2.7329511 secs] [Times: user=2.71 sys=0.00, real=2.73 secs] 
[GC (Allocation Failure) [DefNew: 554368K->5918K(623616K), 0.0125107 secs] 1411828K->863378K(2009472K), 0.0125492 secs] [Times: user=0.01 sys=0.00, real=0.01 secs] 
[GC (Allocation Failure) [DefNew: 560286K->69247K(623616K), 0.2127036 secs] 1417746K->970444K(2009472K), 0.2127466 secs] [Times: user=0.22 sys=0.00, real=0.21 secs] 
[GC (Allocation Failure) [DefNew: 623615K->5912K(623616K), 0.0593426 secs] 1524812K->971728K(2009472K), 0.0593849 secs] [Times: user=0.06 sys=0.00, real=0.06 secs] 
[GC (Allocation Failure) [DefNew: 560280K->69247K(623616K), 0.2019867 secs] 1526096K->1077337K(2009472K), 0.2020310 secs] [Times: user=0.20 sys=0.00, real=0.20 secs] 
[GC (Allocation Failure) [DefNew: 623615K->5912K(623616K), 0.0571862 secs] 1631705K->1078584K(2009472K), 0.0572279 secs] [Times: user=0.06 sys=0.00, real=0.06 secs] 
[GC (Allocation Failure) [DefNew: 560280K->69248K(623616K), 0.1822820 secs] 1632952K->1183876K(2009472K), 0.1823256 secs] [Times: user=0.17 sys=0.00, real=0.18 secs] 
[GC (Allocation Failure) [DefNew: 623616K->5913K(623616K), 0.0546610 secs] 1738244K->1185120K(2009472K), 0.0547078 secs] [Times: user=0.05 sys=0.00, real=0.05 secs] 
[GC (Allocation Failure) [DefNew: 560281K->69247K(623616K), 0.1907598 secs] 1739488K->1290120K(2009472K), 0.1908079 secs] [Times: user=0.19 sys=0.00, real=0.19 secs] 
[GC (Allocation Failure) [DefNew: 623615K->5920K(623616K), 0.0531680 secs] 1844488K->1291367K(2009472K), 0.0532091 secs] [Times: user=0.05 sys=0.00, real=0.05 secs] 
[GC (Allocation Failure) [DefNew: 560288K->69247K(623616K), 0.2069063 secs] 1845735K->1396126K(2009472K), 0.2069512 secs] [Times: user=0.20 sys=0.00, real=0.21 secs] 
[GC (Allocation Failure) [DefNew: 623615K->623615K(623616K), 0.0000192 secs][Tenured: 1326878K->855952K(1385856K), 2.6680204 secs] 1950494K->855952K(2009472K), [Metaspace: 10570K->10570K(12288K)]
*** PauseDetector detected a 2672 ms pause at Mon Dec 22 02:12:43 EET 2014 ***

, 2.6681160 secs] [Times: user=2.67 sys=0.00, real=2.67 secs] 
[GC (Allocation Failure) [DefNew: 554368K->69247K(623616K), 0.1604363 secs] 1410320K->966426K(2009472K), 0.1604774 secs] [Times: user=0.17 sys=0.00, real=0.16 secs] 
[GC (Allocation Failure) [DefNew: 623615K->5916K(623616K), 0.0501590 secs] 1520794K->967660K(2009472K), 0.0502001 secs] [Times: user=0.05 sys=0.00, real=0.05 secs] 
[GC (Allocation Failure) [DefNew: 560284K->69247K(623616K), 0.1557708 secs] 1522028K->1072010K(2009472K), 0.1558138 secs] [Times: user=0.14 sys=0.00, real=0.15 secs] 
[GC (Allocation Failure) [DefNew: 623615K->5919K(623616K), 0.0556715 secs] 1626378K->1073271K(2009472K), 0.0557145 secs] [Times: user=0.05 sys=0.00, real=0.05 secs] 
[GC (Allocation Failure) [DefNew: 560287K->69248K(623616K), 0.1530794 secs] 1627639K->1176766K(2009472K), 0.1531730 secs] [Times: user=0.16 sys=0.00, real=0.15 secs] 
[GC (Allocation Failure) [DefNew: 623616K->5903K(623616K), 0.0656582 secs] 1731134K->1177968K(2009472K), 0.0656993 secs] [Times: user=0.06 sys=0.00, real=0.07 secs] 
[GC (Allocation Failure) [DefNew: 560271K->69248K(623616K), 0.1271809 secs] 1732336K->1281330K(2009472K), 0.1272187 secs] [Times: user=0.13 sys=0.00, real=0.13 secs] 
[GC (Allocation Failure) [DefNew: 623616K->5898K(623616K), 0.0592386 secs] 1835698K->1282521K(2009472K), 0.0592861 secs] [Times: user=0.06 sys=0.00, real=0.06 secs] 
[GC (Allocation Failure) [DefNew: 560266K->69247K(623616K), 0.1576795 secs] 1836889K->1385744K(2009472K), 0.1577186 secs] [Times: user=0.16 sys=0.00, real=0.16 secs] 
[GC (Allocation Failure) [DefNew: 623615K->623615K(623616K), 0.0000212 secs][Tenured: 1316496K->785114K(1385856K), 2.4765883 secs] 1940112K->785114K(2009472K), [Metaspace: 10570K->10570K(12288K)], 2.4766787 secs] [Times: user=2.48 sys=0.00, real=2.48 secs] 

*** PauseDetector detected a 2478 ms pause at Mon Dec 22 02:13:01 EET 2014 ***

[GC (Allocation Failure) [DefNew: 554368K->69247K(623616K), 0.1471012 secs] 1339482K->894135K(2009472K), 0.1471512 secs] [Times: user=0.14 sys=0.00, real=0.15 secs] 
[GC (Allocation Failure) [DefNew: 623615K->5916K(623616K), 0.0490806 secs] 1448503K->895337K(2009472K), 0.0491248 secs] [Times: user=0.03 sys=0.00, real=0.05 secs] 
[GC (Allocation Failure) [DefNew: 560284K->69247K(623616K), 0.1425761 secs] 1449705K->998332K(2009472K), 0.1426345 secs] [Times: user=0.14 sys=0.00, real=0.14 secs] 
[GC (Allocation Failure) [DefNew: 623615K->5897K(623616K), 0.0457720 secs] 1552700K->999512K(2009472K), 0.0458137 secs] [Times: user=0.05 sys=0.00, real=0.05 secs] 
[GC (Allocation Failure) [DefNew: 560265K->69248K(623616K), 0.1339790 secs] 1553880K->1102398K(2009472K), 0.1340278 secs] [Times: user=0.13 sys=0.00, real=0.13 secs] 
[GC (Allocation Failure) [DefNew: 623616K->5898K(623616K), 0.0472816 secs] 1656766K->1103608K(2009472K), 0.0473278 secs] [Times: user=0.05 sys=0.00, real=0.05 secs] 
[GC (Allocation Failure) [DefNew: 560266K->69247K(623616K), 0.1451373 secs] 1657976K->1206421K(2009472K), 0.1451829 secs] [Times: user=0.14 sys=0.00, real=0.14 secs] 
[GC (Allocation Failure) [DefNew: 623615K->5921K(623616K), 0.0499268 secs] 1760789K->1207634K(2009472K), 0.0499723 secs] [Times: user=0.05 sys=0.00, real=0.05 secs] 
[GC (Allocation Failure) [DefNew: 560289K->69248K(623616K), 0.1490137 secs] 1762002K->1310359K(2009472K), 0.1490631 secs] [Times: user=0.14 sys=0.00, real=0.15 secs] 
[GC (Allocation Failure) [DefNew: 623616K->5919K(623616K), 0.0447685 secs] 1864727K->1311552K(2009472K), 0.0448128 secs] [Times: user=0.03 sys=0.00, real=0.04 secs] 
[GC (Allocation Failure) [DefNew: 560287K->560287K(623616K), 0.0000199 secs][Tenured: 1305633K->852164K(1385856K), 2.5043204 secs] 1865920K->852164K(2009472K), [Metaspace: 10570K->10570K(12288K)], 2.5043993 secs] [Times: user=2.51 sys=0.00, real=2.50 secs] 

*** PauseDetector detected a 2520 ms pause at Mon Dec 22 02:13:21 EET 2014 ***

[GC (Allocation Failure) [DefNew: 554368K->5892K(623616K), 0.0127276 secs] 1406532K->858057K(2009472K), 0.0127712 secs] [Times: user=0.02 sys=0.00, real=0.01 secs] 
[GC (Allocation Failure) [DefNew: 560260K->69247K(623616K), 0.1180275 secs] 1412425K->960184K(2009472K), 0.1180673 secs] [Times: user=0.11 sys=0.00, real=0.11 secs] 
[GC (Allocation Failure) [DefNew: 623615K->5922K(623616K), 0.0448872 secs] 1514552K->961370K(2009472K), 0.0449270 secs] [Times: user=0.05 sys=0.00, real=0.04 secs] 
[GC (Allocation Failure) [DefNew: 560290K->69247K(623616K), 0.1157557 secs] 1515738K->1063371K(2009472K), 0.1158558 secs] [Times: user=0.13 sys=0.00, real=0.12 secs] 
[GC (Allocation Failure) [DefNew: 623615K->5903K(623616K), 0.0450842 secs] 1617739K->1064563K(2009472K), 0.0451291 secs] [Times: user=0.03 sys=0.00, real=0.04 secs] 
[GC (Allocation Failure) [DefNew: 560271K->69247K(623616K), 0.1173000 secs] 1618931K->1166548K(2009472K), 0.1173968 secs] [Times: user=0.12 sys=0.00, real=0.11 secs] 
[GC (Allocation Failure) [DefNew: 623615K->5880K(623616K), 0.0450688 secs] 1720916K->1167688K(2009472K), 0.0451131 secs] [Times: user=0.05 sys=0.00, real=0.05 secs] 
[GC (Allocation Failure) [DefNew: 560248K->69248K(623616K), 0.3563768 secs] 1722056K->1294320K(2009472K), 0.3564801 secs] [Times: user=0.36 sys=0.00, real=0.35 secs] 

*** PauseDetector detected a 351 ms pause at Mon Dec 22 02:13:33 EET 2014 ***

[GC (Allocation Failure) [DefNew: 623616K->5925K(623616K), 0.1274959 secs] 1848688K->1295991K(2009472K), 0.1275421 secs] [Times: user=0.14 sys=0.00, real=0.13 secs] 
[GC (Allocation Failure) [DefNew: 560293K->69247K(623616K), 0.4510632 secs] 1850359K->1415063K(2009472K), 0.4511029 secs] [Times: user=0.45 sys=0.00, real=0.45 secs] 

*** PauseDetector detected a 452 ms pause at Mon Dec 22 02:13:37 EET 2014 ***

[GC (Allocation Failure) [DefNew: 623615K->623615K(623616K), 0.0000218 secs][Tenured: 1345815K->868228K(1385856K), 2.9016862 secs] 1969431K->868228K(2009472K), [Metaspace: 10570K->10570K(12288K)]
*** PauseDetector detected a 2904 ms pause at Mon Dec 22 02:13:42 EET 2014 ***

, 2.9017920 secs] [Times: user=2.90 sys=0.00, real=2.90 secs] 
[GC (Allocation Failure) [DefNew: 554368K->69247K(623616K), 0.4135034 secs] 1422596K->990661K(2009472K), 0.4136137 secs] [Times: user=0.42 sys=0.00, real=0.41 secs] 

*** PauseDetector detected a 416 ms pause at Mon Dec 22 02:13:44 EET 2014 ***

[GC (Allocation Failure) [DefNew: 623615K->5920K(623616K), 0.0863170 secs] 1545029K->992132K(2009472K), 0.0863587 secs] [Times: user=0.09 sys=0.00, real=0.09 secs] 
[GC (Allocation Failure) [DefNew: 560288K->69248K(623616K), 0.3739367 secs] 1546500K->1104602K(2009472K), 0.3739752 secs] [Times: user=0.38 sys=0.00, real=0.37 secs] 

*** PauseDetector detected a 371 ms pause at Mon Dec 22 02:13:48 EET 2014 ***

[GC (Allocation Failure) [DefNew: 623616K->5923K(623616K), 0.0727964 secs] 1658970K->1105982K(2009472K), 0.0728381 secs] [Times: user=0.08 sys=0.00, real=0.07 secs] 
[GC (Allocation Failure) [DefNew: 560291K->69248K(623616K), 0.3491135 secs] 1660350K->1217226K(2009472K), 0.3492585 secs] [Times: user=0.34 sys=0.00, real=0.34 secs] 
[GC (Allocation Failure) [DefNew: 623616K->5875K(623616K), 0.0722947 secs] 1771594K->1218543K(2009472K), 0.0723396 secs] [Times: user=0.06 sys=0.00, real=0.07 secs] 
[GC (Allocation Failure) [DefNew: 560243K->69248K(623616K), 0.3187657 secs] 1772911K->1327291K(2009472K), 0.3188113 secs] [Times: user=0.31 sys=0.00, real=0.32 secs] 
[Full GC (System.gc()) [Tenured: 1258043K->859338K(1385856K), 2.5969575 secs] 1832203K->859338K(2009472K), [Metaspace: 10570K->10570K(12288K)], 2.5970088 secs] [Times: user=2.57 sys=0.00, real=2.59 secs] 
[Full GC (System.gc()) [Tenured: 859338K->790064K(1385856K), 2.7058670 secs] 859338K->790064K(2009472K), [Metaspace: 10570K->10570K(12288K)], 2.7059093 secs] [Times: user=2.64 sys=0.00, real=2.70 secs] 
[Full GC (System.gc()) [Tenured: 790064K->790065K(1385856K), 2.2942928 secs] 790066K->790065K(2009472K), [Metaspace: 10570K->10570K(12288K)], 2.2944012 secs] [Times: user=2.29 sys=0.00, real=2.30 secs] 

*** PauseDetector detected a 5298 ms pause at Mon Dec 22 02:14:01 EET 2014 ***

[Full GC (System.gc()) [Tenured: 790065K->790067K(1385856K), 2.2506342 secs] 801174K->790067K(2009472K), [Metaspace: 10570K->10570K(12288K)], 2.2507471 secs] [Times: user=2.25 sys=0.00, real=2.25 secs] 
[Full GC (System.gc()) [Tenured: 790067K->790068K(1385856K), 2.3920574 secs] 801176K->790068K(2009472K), [Metaspace: 10570K->10570K(12288K)], 2.3920991 secs] [Times: user=2.40 sys=0.00, real=2.39 secs] 
[Full GC (System.gc()) [Tenured: 790068K->782680K(1385856K), 2.3120863 secs] 801177K->782680K(2009472K), [Metaspace: 10570K->10570K(12288K)], 2.3121299 secs]
*** PauseDetector detected a 4556 ms pause at Mon Dec 22 02:14:06 EET 2014 ***

 [Times: user=2.29 sys=0.00, real=2.31 secs] 

*** PauseDetector detected a 4707 ms pause at Mon Dec 22 02:14:10 EET 2014 ***

[GC (Allocation Failure) [DefNew: 554368K->69248K(623616K), 0.2306003 secs] 1337048K->896715K(2009472K), 0.2306382 secs] [Times: user=0.23 sys=0.00, real=0.23 secs] 
[GC (Allocation Failure) [DefNew: 623616K->5954K(623616K), 0.0704251 secs] 1451083K->898007K(2009472K), 0.0704668 secs] [Times: user=0.06 sys=0.00, real=0.06 secs] 
[GC (Allocation Failure) [DefNew: 560322K->69248K(623616K), 0.2042136 secs] 1452375K->1005509K(2009472K), 0.2042515 secs] [Times: user=0.20 sys=0.00, real=0.20 secs] 
[GC (Allocation Failure) [DefNew: 623616K->5954K(623616K), 0.0658488 secs] 1559877K->1006795K(2009472K), 0.0658956 secs] [Times: user=0.08 sys=0.00, real=0.07 secs] 
[GC (Allocation Failure) [DefNew: 560322K->69248K(623616K), 0.2073888 secs] 1561163K->1113869K(2009472K), 0.2074382 secs] [Times: user=0.22 sys=0.00, real=0.21 secs] 
[GC (Allocation Failure) [DefNew: 623616K->5954K(623616K), 0.0794457 secs] 1668237K->1115150K(2009472K), 0.0794855 secs] [Times: user=0.09 sys=0.00, real=0.08 secs] 
[Full GC (System.gc()) [Tenured: 1109195K->819627K(1385856K), 2.3691102 secs] 1126260K->819627K(2009472K), [Metaspace: 10570K->10570K(12288K)], 2.3691750 secs] [Times: user=2.37 sys=0.00, real=2.37 secs] 

*** PauseDetector detected a 2371 ms pause at Mon Dec 22 02:14:23 EET 2014 ***

[Full GC (System.gc()) [Tenured: 819627K->818613K(1385856K), 2.2018244 secs] 830737K->818613K(2009472K), [Metaspace: 10570K->10570K(12288K)], 2.2018687 secs] [Times: user=2.22 sys=0.00, real=2.20 secs] 
[Full GC (System.gc()) [Tenured: 818613K->818613K(1385856K), 2.2532063 secs] 829722K->818613K(2009472K), [Metaspace: 10570K->10570K(12288K)], 2.2533179 secs] [Times: user=2.25 sys=0.00, real=2.25 secs] 

*** PauseDetector detected a 2203 ms pause at Mon Dec 22 02:14:25 EET 2014 ***

********************************
********** ROUND   51 **********
********************************

*** PauseDetector detected a 2261 ms pause at Mon Dec 22 02:14:27 EET 2014 ***

[GC (Allocation Failure) [DefNew: 554368K->69248K(623616K), 0.1679466 secs] 1372981K->930075K(2009472K), 0.1679877 secs] [Times: user=0.17 sys=0.00, real=0.17 secs] 
[GC (Allocation Failure) [DefNew: 623616K->5887K(623616K), 0.0576520 secs] 1484443K->931335K(2009472K), 0.0576950 secs] [Times: user=0.05 sys=0.00, real=0.06 secs] 
[GC (Allocation Failure) [DefNew: 560255K->69247K(623616K), 0.1938194 secs] 1485703K->1036624K(2009472K), 0.1938592 secs] [Times: user=0.19 sys=0.00, real=0.19 secs] 
[GC (Allocation Failure) [DefNew: 623615K->5887K(623616K), 0.0618909 secs] 1590992K->1037869K(2009472K), 0.0619461 secs] [Times: user=0.05 sys=0.00, real=0.06 secs] 
[GC (Allocation Failure) [DefNew: 560255K->69247K(623616K), 0.1581036 secs] 1592237K->1142875K(2009472K), 0.1581453 secs] [Times: user=0.16 sys=0.00, real=0.15 secs] 
[GC (Allocation Failure) [DefNew: 623615K->5890K(623616K), 0.0512658 secs] 1697243K->1144112K(2009472K), 0.0513068 secs] [Times: user=0.06 sys=0.00, real=0.05 secs] 
[GC (Allocation Failure) [DefNew: 560258K->69247K(623616K), 0.1758528 secs] 1698480K->1248881K(2009472K), 0.1758996 secs] [Times: user=0.17 sys=0.00, real=0.17 secs] 
[GC (Allocation Failure) [DefNew: 623615K->5898K(623616K), 0.0668978 secs] 1803249K->1250121K(2009472K), 0.0669478 secs] [Times: user=0.06 sys=0.00, real=0.06 secs] 
[GC (Allocation Failure) [DefNew: 560266K->69247K(623616K), 0.1679088 secs] 1804489K->1354676K(2009472K), 0.1679492 secs] [Times: user=0.17 sys=0.00, real=0.17 secs] 
[GC (Allocation Failure) [DefNew: 623615K->5876K(623616K), 0.0508045 secs] 1909044K->1355891K(2009472K), 0.0508449 secs] [Times: user=0.05 sys=0.00, real=0.04 secs] 
[GC (Allocation Failure) [DefNew: 560244K->560244K(623616K), 0.0000199 secs][Tenured: 1350014K->785064K(1385856K), 2.6981077 secs] 1910259K->785064K(2009472K), [Metaspace: 10570K->10570K(12288K)]
*** PauseDetector detected a 2695 ms pause at Mon Dec 22 02:14:47 EET 2014 ***

, 2.6981988 secs] [Times: user=2.70 sys=0.00, real=2.69 secs] 
[GC (Allocation Failure) [DefNew: 554368K->5863K(623616K), 0.0118929 secs] 1339432K->790928K(2009472K), 0.0119340 secs] [Times: user=0.00 sys=0.00, real=0.01 secs] 
[GC (Allocation Failure) [DefNew: 560231K->69247K(623616K), 0.1330282 secs] 1345296K->894451K(2009472K), 0.1330699 secs] [Times: user=0.13 sys=0.00, real=0.13 secs] 
[GC (Allocation Failure) [DefNew: 623615K->5886K(623616K), 0.0498010 secs] 1448819K->895669K(2009472K), 0.0498440 secs] [Times: user=0.05 sys=0.00, real=0.05 secs] 
[GC (Allocation Failure) [DefNew: 560254K->69247K(623616K), 0.1355567 secs] 1450037K->999037K(2009472K), 0.1355977 secs] [Times: user=0.14 sys=0.00, real=0.13 secs] 
[GC (Allocation Failure) [DefNew: 623615K->5901K(623616K), 0.0532213 secs] 1553405K->1000242K(2009472K), 0.0532643 secs] [Times: user=0.06 sys=0.00, real=0.05 secs] 
[GC (Allocation Failure) [DefNew: 560269K->69248K(623616K), 0.1384328 secs] 1554610K->1103457K(2009472K), 0.1384752 secs] [Times: user=0.13 sys=0.00, real=0.14 secs] 
[GC (Allocation Failure) [DefNew: 623616K->5903K(623616K), 0.0461530 secs] 1657825K->1104665K(2009472K), 0.0461960 secs] [Times: user=0.05 sys=0.00, real=0.05 secs] 
[GC (Allocation Failure) [DefNew: 560271K->69247K(623616K), 0.1431831 secs] 1659033K->1207766K(2009472K), 0.1432382 secs] [Times: user=0.14 sys=0.00, real=0.14 secs] 
[GC (Allocation Failure) [DefNew: 623615K->5905K(623616K), 0.0579587 secs] 1762134K->1208970K(2009472K), 0.0580620 secs] [Times: user=0.05 sys=0.00, real=0.05 secs] 
[GC (Allocation Failure) [DefNew: 560273K->69247K(623616K), 0.1481264 secs] 1763338K->1311954K(2009472K), 0.1481732 secs] [Times: user=0.16 sys=0.00, real=0.15 secs] 
[GC (Allocation Failure) [DefNew: 623615K->5901K(623616K), 0.0563490 secs] 1866322K->1313160K(2009472K), 0.0563907 secs] [Times: user=0.05 sys=0.00, real=0.06 secs] 
[GC (Allocation Failure) [DefNew: 560269K->560269K(623616K), 0.0000295 secs][Tenured: 1307258K->852859K(1385856K), 2.6520323 secs] 1867528K->852859K(2009472K), [Metaspace: 10570K->10570K(12288K)], 2.6521356 secs] [Times: user=2.64 sys=0.00, real=2.65 secs] 

*** PauseDetector detected a 2653 ms pause at Mon Dec 22 02:15:09 EET 2014 ***

[GC (Allocation Failure) [DefNew: 554368K->5866K(623616K), 0.0129059 secs] 1407227K->858726K(2009472K), 0.0129598 secs] [Times: user=0.02 sys=0.00, real=0.01 secs] 
[GC (Allocation Failure) [DefNew: 560234K->69248K(623616K), 0.1230228 secs] 1413094K->961542K(2009472K), 0.1230620 secs] [Times: user=0.13 sys=0.00, real=0.12 secs] 
[GC (Allocation Failure) [DefNew: 623616K->5891K(623616K), 0.0639382 secs] 1515910K->962755K(2009472K), 0.0639780 secs] [Times: user=0.06 sys=0.00, real=0.06 secs] 
[GC (Allocation Failure) [DefNew: 560259K->69248K(623616K), 0.1014389 secs] 1517123K->1065492K(2009472K), 0.1015352 secs] [Times: user=0.11 sys=0.00, real=0.10 secs] 
[GC (Allocation Failure) [DefNew: 623616K->5862K(623616K), 0.0478962 secs] 1619860K->1066644K(2009472K), 0.0479944 secs] [Times: user=0.05 sys=0.00, real=0.05 secs] 
[GC (Allocation Failure) [DefNew: 560230K->69248K(623616K), 0.1173866 secs] 1621012K->1168859K(2009472K), 0.1174276 secs] [Times: user=0.13 sys=0.00, real=0.11 secs] 
[GC (Allocation Failure) [DefNew: 623616K->5909K(623616K), 0.0564869 secs] 1723227K->1170047K(2009472K), 0.0565305 secs] [Times: user=0.06 sys=0.00, real=0.06 secs] 
[GC (Allocation Failure) [DefNew: 560277K->69248K(623616K), 0.1316507 secs] 1724415K->1272150K(2009472K), 0.1317681 secs] [Times: user=0.13 sys=0.00, real=0.12 secs] 
[GC (Allocation Failure) [DefNew: 623616K->5906K(623616K), 0.0485577 secs] 1826518K->1273329K(2009472K), 0.0485981 secs] [Times: user=0.05 sys=0.00, real=0.05 secs] 
[GC (Allocation Failure) [DefNew: 560274K->69248K(623616K), 0.1271462 secs] 1827697K->1375365K(2009472K), 0.1271924 secs] [Times: user=0.11 sys=0.00, real=0.13 secs] 
[GC (Allocation Failure) [DefNew: 623616K->623616K(623616K), 0.0000212 secs][Tenured: 1306117K->853190K(1385856K), 2.5382386 secs] 1929733K->853190K(2009472K), [Metaspace: 10570K->10570K(12288K)]
*** PauseDetector detected a 2540 ms pause at Mon Dec 22 02:15:28 EET 2014 ***

, 2.5383393 secs] [Times: user=2.53 sys=0.00, real=2.54 secs] 
[GC (Allocation Failure) [DefNew: 554368K->69247K(623616K), 0.1110183 secs] 1407558K->961055K(2009472K), 0.1110594 secs] [Times: user=0.11 sys=0.00, real=0.11 secs] 
[GC (Allocation Failure) [DefNew: 623615K->5902K(623616K), 0.0444022 secs] 1515423K->962240K(2009472K), 0.0444907 secs] [Times: user=0.05 sys=0.00, real=0.04 secs] 
[GC (Allocation Failure) [DefNew: 560270K->69247K(623616K), 0.3774083 secs] 1516608K->1088814K(2009472K), 0.3774475 secs] [Times: user=0.38 sys=0.00, real=0.38 secs] 

*** PauseDetector detected a 378 ms pause at Mon Dec 22 02:15:33 EET 2014 ***

[GC (Allocation Failure) [DefNew: 623615K->5894K(623616K), 0.1194871 secs] 1643182K->1090491K(2009472K), 0.1195352 secs] [Times: user=0.13 sys=0.00, real=0.12 secs] 
[GC (Allocation Failure) [DefNew: 560262K->69247K(623616K), 0.4948154 secs] 1644859K->1209539K(2009472K), 0.4948603 secs] [Times: user=0.48 sys=0.00, real=0.49 secs] 

*** PauseDetector detected a 489 ms pause at Mon Dec 22 02:15:37 EET 2014 ***

[GC (Allocation Failure) [DefNew: 623615K->5912K(623616K), 0.1079253 secs] 1763907K->1211089K(2009472K), 0.1079702 secs] [Times: user=0.11 sys=0.00, real=0.11 secs] 
[GC (Allocation Failure) [DefNew: 560280K->69247K(623616K), 0.4288172 secs] 1765457K->1327599K(2009472K), 0.4288627 secs] [Times: user=0.42 sys=0.00, real=0.43 secs] 

*** PauseDetector detected a 429 ms pause at Mon Dec 22 02:15:41 EET 2014 ***

[GC (Allocation Failure) [DefNew: 623615K->5857K(623616K), 0.0768531 secs] 1881967K->1329017K(2009472K), 0.0768986 secs] [Times: user=0.08 sys=0.00, real=0.08 secs] 
[GC (Allocation Failure) [DefNew: 560225K->560225K(623616K), 0.0000199 secs][Tenured: 1323160K->862310K(1385856K), 2.8927574 secs] 1883385K->862310K(2009472K), [Metaspace: 10570K->10570K(12288K)]
*** PauseDetector detected a 2894 ms pause at Mon Dec 22 02:15:47 EET 2014 ***

, 2.8928395 secs] [Times: user=2.89 sys=0.00, real=2.89 secs] 
[GC (Allocation Failure) [DefNew: 554368K->5912K(623616K), 0.0138728 secs] 1416678K->868223K(2009472K), 0.0139337 secs] [Times: user=0.02 sys=0.00, real=0.01 secs] 
[GC (Allocation Failure) [DefNew: 560280K->69248K(623616K), 0.3008965 secs] 1422591K->979432K(2009472K), 0.3009382 secs] [Times: user=0.30 sys=0.00, real=0.30 secs] 
[GC (Allocation Failure) [DefNew: 623616K->5917K(623616K), 0.0791871 secs] 1533800K->980837K(2009472K), 0.0792308 secs] [Times: user=0.06 sys=0.00, real=0.07 secs] 
[GC (Allocation Failure) [DefNew: 560285K->69248K(623616K), 0.2771249 secs] 1535205K->1089599K(2009472K), 0.2771646 secs] [Times: user=0.28 sys=0.00, real=0.28 secs] 
[GC (Allocation Failure) [DefNew: 623616K->5857K(623616K), 0.0694756 secs] 1643967K->1090847K(2009472K), 0.0695180 secs] [Times: user=0.06 sys=0.00, real=0.06 secs] 
[GC (Allocation Failure) [DefNew: 560225K->69247K(623616K), 0.2778960 secs] 1645215K->1198976K(2009472K), 0.2780006 secs] [Times: user=0.26 sys=0.00, real=0.28 secs] 
[GC (Allocation Failure) [DefNew: 623615K->5875K(623616K), 0.0746705 secs] 1753344K->1200239K(2009472K), 0.0747179 secs] [Times: user=0.06 sys=0.00, real=0.08 secs] 
[GC (Allocation Failure) [DefNew: 560243K->69248K(623616K), 0.2624379 secs] 1754607K->1307776K(2009472K), 0.2624777 secs] [Times: user=0.26 sys=0.00, real=0.26 secs] 
[GC (Allocation Failure) [DefNew: 623616K->5914K(623616K), 0.0763957 secs] 1862144K->1309066K(2009472K), 0.0764438 secs] [Times: user=0.08 sys=0.00, real=0.08 secs] 
[GC (Allocation Failure) [DefNew: 560282K->69247K(623616K), 0.2285447 secs] 1863434K->1416136K(2009472K), 0.2285858 secs] [Times: user=0.22 sys=0.00, real=0.22 secs] 
[GC (Allocation Failure) [DefNew: 623615K->623615K(623616K), 0.0000199 secs][Tenured: 1346888K->788963K(1385856K), 2.4932519 secs] 1970504K->788963K(2009472K), [Metaspace: 10570K->10570K(12288K)], 2.4933340 secs] [Times: user=2.50 sys=0.00, real=2.49 secs] 

*** PauseDetector detected a 2494 ms pause at Mon Dec 22 02:16:08 EET 2014 ***

[GC (Allocation Failure) [DefNew: 554368K->69247K(623616K), 0.1663683 secs] 1343331K->900487K(2009472K), 0.1664107 secs] [Times: user=0.17 sys=0.00, real=0.17 secs] 
[GC (Allocation Failure) [DefNew: 623615K->5867K(623616K), 0.0706208 secs] 1454855K->901687K(2009472K), 0.0706824 secs] [Times: user=0.06 sys=0.00, real=0.07 secs] 
[GC (Allocation Failure) [DefNew: 560235K->69247K(623616K), 0.1849939 secs] 1456055K->1006983K(2009472K), 0.1850350 secs] [Times: user=0.19 sys=0.00, real=0.18 secs] 
[GC (Allocation Failure) [DefNew: 623615K->5908K(623616K), 0.0573088 secs] 1561351K->1008262K(2009472K), 0.0573543 secs] [Times: user=0.06 sys=0.00, real=0.06 secs] 
[GC (Allocation Failure) [DefNew: 560276K->69247K(623616K), 0.2115930 secs] 1562630K->1113270K(2009472K), 0.2116334 secs] [Times: user=0.20 sys=0.00, real=0.21 secs] 
[GC (Allocation Failure) [DefNew: 623615K->5918K(623616K), 0.0530673 secs] 1667638K->1114512K(2009472K), 0.0531077 secs] [Times: user=0.05 sys=0.00, real=0.05 secs] 
[GC (Allocation Failure) [DefNew: 560286K->69247K(623616K), 0.1638405 secs] 1668880K->1219241K(2009472K), 0.1638835 secs] [Times: user=0.16 sys=0.00, real=0.16 secs] 
[GC (Allocation Failure) [DefNew: 623615K->5891K(623616K), 0.0534561 secs] 1773609K->1220487K(2009472K), 0.0535010 secs] [Times: user=0.06 sys=0.00, real=0.05 secs] 
[GC (Allocation Failure) [DefNew: 560259K->69248K(623616K), 0.1745452 secs] 1774855K->1325045K(2009472K), 0.1745844 secs] [Times: user=0.16 sys=0.00, real=0.17 secs] 
[GC (Allocation Failure) [DefNew: 623616K->5897K(623616K), 0.0597859 secs] 1879413K->1326285K(2009472K), 0.0598642 secs] [Times: user=0.06 sys=0.00, real=0.06 secs] 
[GC (Allocation Failure) [DefNew: 560265K->560265K(623616K), 0.0000186 secs][Tenured: 1320387K->854372K(1385856K), 2.4280460 secs] 1880653K->854372K(2009472K), [Metaspace: 10570K->10570K(12288K)], 2.4281223 secs] [Times: user=2.43 sys=0.00, real=2.43 secs] 

*** PauseDetector detected a 2430 ms pause at Mon Dec 22 02:16:28 EET 2014 ***

[GC (Allocation Failure) [DefNew: 554368K->5879K(623616K), 0.0120013 secs] 1408740K->860252K(2009472K), 0.0120956 secs] [Times: user=0.02 sys=0.00, real=0.01 secs] 
[GC (Allocation Failure) [DefNew: 560247K->69247K(623616K), 0.1698611 secs] 1414620K->963798K(2009472K), 0.1699041 secs] [Times: user=0.17 sys=0.00, real=0.17 secs] 
[GC (Allocation Failure) [DefNew: 623615K->5908K(623616K), 0.0495342 secs] 1518166K->964994K(2009472K), 0.0495746 secs] [Times: user=0.05 sys=0.00, real=0.05 secs] 
[GC (Allocation Failure) [DefNew: 560276K->69248K(623616K), 0.1346822 secs] 1519362K->1068292K(2009472K), 0.1347836 secs] [Times: user=0.14 sys=0.00, real=0.13 secs] 
[GC (Allocation Failure) [DefNew: 623616K->5918K(623616K), 0.0470134 secs] 1622660K->1069562K(2009472K), 0.0470525 secs] [Times: user=0.05 sys=0.00, real=0.04 secs] 
[GC (Allocation Failure) [DefNew: 560286K->69247K(623616K), 0.1425479 secs] 1623930K->1172784K(2009472K), 0.1425877 secs] [Times: user=0.16 sys=0.00, real=0.14 secs] 
[GC (Allocation Failure) [DefNew: 623615K->5921K(623616K), 0.0470442 secs] 1727152K->1173987K(2009472K), 0.0471411 secs] [Times: user=0.05 sys=0.00, real=0.05 secs] 
[GC (Allocation Failure) [DefNew: 560289K->69248K(623616K), 0.1223447 secs] 1728355K->1277038K(2009472K), 0.1223877 secs] [Times: user=0.13 sys=0.00, real=0.12 secs] 
[GC (Allocation Failure) [DefNew: 623616K->5920K(623616K), 0.0489214 secs] 1831406K->1278288K(2009472K), 0.0489638 secs] [Times: user=0.05 sys=0.00, real=0.05 secs] 
[GC (Allocation Failure) [DefNew: 560288K->69248K(623616K), 0.1407913 secs] 1832656K->1381282K(2009472K), 0.1408368 secs] [Times: user=0.14 sys=0.00, real=0.14 secs] 
[GC (Allocation Failure) [DefNew: 623616K->623616K(623616K), 0.0000199 secs][Tenured: 1312034K->849800K(1385856K), 2.4365982 secs] 1935650K->849800K(2009472K), [Metaspace: 10570K->10570K(12288K)], 2.4367162 secs] [Times: user=2.43 sys=0.00, real=2.44 secs] 

*** PauseDetector detected a 2437 ms pause at Mon Dec 22 02:16:47 EET 2014 ***

[GC (Allocation Failure) [DefNew: 554368K->69248K(623616K), 0.1218853 secs] 1404168K->958569K(2009472K), 0.1219405 secs] [Times: user=0.13 sys=0.00, real=0.12 secs] 
[GC (Allocation Failure) [DefNew: 623616K->5912K(623616K), 0.0506434 secs] 1512937K->959808K(2009472K), 0.0506858 secs] [Times: user=0.05 sys=0.00, real=0.05 secs] 
[GC (Allocation Failure) [DefNew: 560280K->69248K(623616K), 0.1372183 secs] 1514176K->1062553K(2009472K), 0.1372684 secs] [Times: user=0.14 sys=0.00, real=0.14 secs] 
[GC (Allocation Failure) [DefNew: 623616K->5920K(623616K), 0.0470519 secs] 1616921K->1063818K(2009472K), 0.0471456 secs] [Times: user=0.05 sys=0.00, real=0.04 secs] 
[GC (Allocation Failure) [DefNew: 560288K->69247K(623616K), 0.1226430 secs] 1618186K->1166539K(2009472K), 0.1226886 secs] [Times: user=0.13 sys=0.00, real=0.12 secs] 
[GC (Allocation Failure) [DefNew: 623615K->5923K(623616K), 0.0509508 secs] 1720907K->1167742K(2009472K), 0.0509963 secs] [Times: user=0.05 sys=0.00, real=0.04 secs] 
[GC (Allocation Failure) [DefNew: 560291K->69248K(623616K), 0.1241026 secs] 1722110K->1269912K(2009472K), 0.1241462 secs] [Times: user=0.13 sys=0.00, real=0.12 secs] 
[GC (Allocation Failure) [DefNew: 623616K->5918K(623616K), 0.0508006 secs] 1824280K->1271093K(2009472K), 0.0508404 secs] [Times: user=0.05 sys=0.00, real=0.05 secs] 
[GC (Allocation Failure) [DefNew: 560286K->69248K(623616K), 0.1172243 secs] 1825461K->1373197K(2009472K), 0.1172698 secs] [Times: user=0.11 sys=0.00, real=0.11 secs] 
[GC (Allocation Failure) [DefNew: 623616K->5923K(623616K), 0.0514749 secs] 1927565K->1374382K(2009472K), 0.0515256 secs] [Times: user=0.05 sys=0.00, real=0.05 secs] 
[GC (Allocation Failure) [DefNew: 560291K->560291K(623616K), 0.0000205 secs][Tenured: 1368459K->852059K(1385856K), 2.5415844 secs] 1928750K->852059K(2009472K), [Metaspace: 10570K->10570K(12288K)], 2.5417268 secs] [Times: user=2.53 sys=0.00, real=2.54 secs] 

*** PauseDetector detected a 2545 ms pause at Mon Dec 22 02:17:07 EET 2014 ***

[GC (Allocation Failure) [DefNew: 554368K->5925K(623616K), 0.0128835 secs] 1406427K->857985K(2009472K), 0.0129278 secs] [Times: user=0.02 sys=0.00, real=0.01 secs] 
[GC (Allocation Failure) [DefNew: 560293K->69247K(623616K), 0.1370445 secs] 1412353K->959919K(2009472K), 0.1370919 secs] [Times: user=0.12 sys=0.00, real=0.14 secs] 
[GC (Allocation Failure) [DefNew: 623615K->5929K(623616K), 0.0480630 secs] 1514287K->961137K(2009472K), 0.0481118 secs] [Times: user=0.05 sys=0.00, real=0.05 secs] 
[GC (Allocation Failure) [DefNew: 560297K->69248K(623616K), 0.4098727 secs] 1515505K->1087686K(2009472K), 0.4099189 secs] [Times: user=0.41 sys=0.00, real=0.41 secs] 

*** PauseDetector detected a 413 ms pause at Mon Dec 22 02:17:13 EET 2014 ***

[GC (Allocation Failure) [DefNew: 623616K->5921K(623616K), 0.1134775 secs] 1642054K->1089386K(2009472K), 0.1135230 secs] [Times: user=0.13 sys=0.00, real=0.11 secs] 
[GC (Allocation Failure) [DefNew
*** PauseDetector detected a 452 ms pause at Mon Dec 22 02:17:17 EET 2014 ***

: 560289K->69247K(623616K), 0.4481125 secs] 1643754K->1208463K(2009472K), 0.4481581 secs] [Times: user=0.45 sys=0.00, real=0.45 secs] 
[GC (Allocation Failure) [DefNew: 623615K->5923K(623616K), 0.1106840 secs] 1762831K->1209969K(2009472K), 0.1107296 secs] [Times: user=0.11 sys=0.00, real=0.11 secs] 
[GC (Allocation Failure) [DefNew: 560291K->69247K(623616K), 0.4600850 secs] 1764337K->1326479K(2009472K), 0.4601267 secs] [Times: user=0.47 sys=0.00, real=0.46 secs] 

*** PauseDetector detected a 462 ms pause at Mon Dec 22 02:17:21 EET 2014 ***

[GC (Allocation Failure) [DefNew: 623615K->5909K(623616K), 0.0885965 secs] 1880847K->1327938K(2009472K), 0.0886485 secs] [Times: user=0.08 sys=0.00, real=0.09 secs] 
[Full GC (System.gc()) [Tenured: 1322029K->738012K(1385856K), 2.7138321 secs] 1407000K->738012K(2009472K), [Metaspace: 10570K->10570K(12288K)], 2.7138847 secs] [Times: user=2.71 sys=0.00, real=2.71 secs] 
[Full GC (System.gc()) [Tenured: 738012K->738012K(1385856K), 2.2023922 secs] 738012K->738012K(2009472K), [Metaspace: 10570K->10570K(12288K)], 2.2024358 secs] [Times: user=2.18 sys=0.00, real=2.20 secs] 

*** PauseDetector detected a 4918 ms pause at Mon Dec 22 02:17:28 EET 2014 ***

[Full GC (System.gc()) [Tenured: 738012K->738171K(1385856K), 2.2187344 secs] 749122K->738171K(2009472K), [Metaspace: 10570K->10570K(12288K)], 2.2187755 secs] [Times: user=2.22 sys=0.00, real=2.22 secs] 

*** PauseDetector detected a 2219 ms pause at Mon Dec 22 02:17:31 EET 2014 ***

[Full GC (System.gc()) [Tenured: 738171K->738679K(1385856K), 2.4132872 secs] 749280K->738679K(2009472K), [Metaspace: 10570K->10570K(12288K)], 2.4133988 secs] [Times: user=2.42 sys=0.00, real=2.41 secs] 
[Full GC (System.gc()) [Tenured: 738679K->738681K(1385856K), 2.2948760 secs] 749789K->738681K(2009472K), [Metaspace: 10570K->10570K(12288K)], 2.2949344 secs] [Times: user=2.29 sys=0.00, real=2.30 secs] 
[Full GC (System.gc()) [Tenured: 738681K->738681K(1385856K), 2.2615859 secs] 738681K->738681K(2009472K), [Metaspace: 10570K->10570K(12288K)], 2.2617033 secs] [Times: user=2.26 sys=0.00, real=2.26 secs] 

*** PauseDetector detected a 2415 ms pause at Mon Dec 22 02:17:33 EET 2014 ***


*** PauseDetector detected a 4563 ms pause at Mon Dec 22 02:17:38 EET 2014 ***

[GC (Allocation Failure) [DefNew: 554368K->58574K(623616K), 0.1293411 secs] 1293049K->797256K(2009472K), 0.1294418 secs] [Times: user=0.11 sys=0.00, real=0.13 secs] 
[GC (Allocation Failure) [DefNew: 612942K->5954K(623616K), 0.0733206 secs] 1351624K->797796K(2009472K), 0.0734008 secs] [Times: user=0.08 sys=0.00, real=0.07 secs] 
[GC (Allocation Failure) [DefNew: 560322K->69248K(623616K), 0.2966435 secs] 1352164K->909047K(2009472K), 0.2966865 secs] [Times: user=0.28 sys=0.00, real=0.29 secs] 
[GC (Allocation Failure) [DefNew: 623616K->5954K(623616K), 0.0654715 secs] 1463415K->910406K(2009472K), 0.0655139 secs] [Times: user=0.08 sys=0.00, real=0.07 secs] 
[GC (Allocation Failure) [DefNew: 560322K->69248K(623616K), 0.2916707 secs] 1464774K->1019177K(2009472K), 0.2917733 secs] [Times: user=0.30 sys=0.00, real=0.29 secs] 
[GC (Allocation Failure) [DefNew: 623616K->5954K(623616K), 0.0728920 secs] 1573545K->1020477K(2009472K), 0.0729966 secs] [Times: user=0.06 sys=0.00, real=0.07 secs] 
[Full GC (System.gc()) [Tenured: 1014522K->823924K(1385856K), 2.6226058 secs] 1031586K->823924K(2009472K), [Metaspace: 10570K->10570K(12288K)], 2.6226623 secs] [Times: user=2.64 sys=0.00, real=2.62 secs] 
[Full GC (System.gc()) [Tenured: 823924K->823924K(1385856K), 2.1468099 secs] 823924K->823924K(2009472K), [Metaspace: 10570K->10570K(12288K)], 2.1468510 secs] [Times: user=2.14 sys=0.00, real=2.15 secs] 
[Full GC (System.gc()) [Tenured: 823924K->754633K(1385856K), 2.3878031 secs] 823926K->754633K(2009472K), [Metaspace: 10570K->10570K(12288K)], 2.3878699 secs] [Times: user=2.39 sys=0.00, real=2.39 secs] 
********************************

*** PauseDetector detected a 4770 ms pause at Mon Dec 22 02:17:52 EET 2014 ***

********** ROUND   52 **********
********************************

*** PauseDetector detected a 2396 ms pause at Mon Dec 22 02:17:55 EET 2014 ***

[GC (Allocation Failure) [DefNew: 554368K->69248K(623616K), 0.2235103 secs] 1309001K->868547K(2009472K), 0.2235533 secs] [Times: user=0.22 sys=0.00, real=0.22 secs] 
[GC (Allocation Failure) [DefNew: 623616K->5875K(623616K), 0.0877753 secs] 1422915K->869860K(2009472K), 0.0878196 secs] [Times: user=0.09 sys=0.00, real=0.09 secs] 
[GC (Allocation Failure) [DefNew: 560243K->69247K(623616K), 0.2209158 secs] 1424228K->977366K(2009472K), 0.2209607 secs] [Times: user=0.22 sys=0.00, real=0.22 secs] 
[GC (Allocation Failure) [DefNew: 623615K->5860K(623616K), 0.0641300 secs] 1531734K->978633K(2009472K), 0.0641704 secs] [Times: user=0.05 sys=0.00, real=0.06 secs] 
[GC (Allocation Failure) [DefNew: 560228K->69248K(623616K), 0.2115481 secs] 1533001K->1085714K(2009472K), 0.2115885 secs] [Times: user=0.22 sys=0.00, real=0.21 secs] 
[GC (Allocation Failure) [DefNew: 623616K->5869K(623616K), 0.0563098 secs] 1640082K->1086974K(2009472K), 0.0564035 secs] [Times: user=0.05 sys=0.00, real=0.06 secs] 
[GC (Allocation Failure) [DefNew: 560237K->69247K(623616K), 0.1987698 secs] 1641342K->1192605K(2009472K), 0.1988148 secs] [Times: user=0.20 sys=0.00, real=0.20 secs] 
[GC (Allocation Failure) [DefNew: 623615K->5900K(623616K), 0.0732102 secs] 1746973K->1193884K(2009472K), 0.0732545 secs] [Times: user=0.08 sys=0.00, real=0.07 secs] 
[GC (Allocation Failure) [DefNew: 560268K->69248K(623616K), 0.1811246 secs] 1748252K->1299173K(2009472K), 0.1811688 secs] [Times: user=0.19 sys=0.00, real=0.18 secs] 
[GC (Allocation Failure) [DefNew: 623616K->5893K(623616K), 0.0608958 secs] 1853541K->1300412K(2009472K), 0.0609536 secs] [Times: user=0.06 sys=0.00, real=0.06 secs] 
[GC (Allocation Failure) [DefNew: 560261K->69248K(623616K), 0.1921135 secs] 1854780K->1405418K(2009472K), 0.1922258 secs] [Times: user=0.20 sys=0.00, real=0.19 secs] 
[GC (Allocation Failure) [DefNew: 623616K->623616K(623616K), 0.0000192 secs][Tenured: 1336170K->856153K(1385856K), 2.6837332 secs] 1959786K->856153K(2009472K), [Metaspace: 10570K->10570K(12288K)], 2.6838282 secs] [Times: user=2.68 sys=0.00, real=2.68 secs] 

*** PauseDetector detected a 2686 ms pause at Mon Dec 22 02:18:17 EET 2014 ***

[GC (Allocation Failure) [DefNew: 554368K->69248K(623616K), 0.1566959 secs] 1410521K->966811K(2009472K), 0.1567357 secs] [Times: user=0.14 sys=0.00, real=0.15 secs] 
[GC (Allocation Failure) [DefNew: 623616K->5873K(623616K), 0.0546854 secs] 1521179K->968027K(2009472K), 0.0547649 secs] [Times: user=0.05 sys=0.00, real=0.06 secs] 
[GC (Allocation Failure) [DefNew: 560241K->69247K(623616K), 0.1623232 secs] 1522395K->1072610K(2009472K), 0.1623643 secs] [Times: user=0.16 sys=0.00, real=0.15 secs] 
[GC (Allocation Failure) [DefNew: 623615K->5894K(623616K), 0.0510906 secs] 1626978K->1073840K(2009472K), 0.0511342 secs] [Times: user=0.05 sys=0.00, real=0.04 secs] 
[GC (Allocation Failure) [DefNew: 560262K->69248K(623616K), 0.1416157 secs] 1628208K->1178212K(2009472K), 0.1416799 secs] [Times: user=0.14 sys=0.00, real=0.13 secs] 
[GC (Allocation Failure) [DefNew: 623616K->5877K(623616K), 0.0434886 secs] 1732580K->1179430K(2009472K), 0.0435322 secs] [Times: user=0.05 sys=0.00, real=0.03 secs] 
[GC (Allocation Failure) [DefNew: 560245K->69247K(623616K), 0.1645880 secs] 1733798K->1282933K(2009472K), 0.1646322 secs] [Times: user=0.16 sys=0.00, real=0.16 secs] 
[GC (Allocation Failure) [DefNew: 623615K->5879K(623616K), 0.0440243 secs] 1837301K->1284145K(2009472K), 0.0440666 secs] [Times: user=0.05 sys=0.00, real=0.04 secs] 
[GC (Allocation Failure) [DefNew: 560247K->69248K(623616K), 0.1514639 secs] 1838513K->1387510K(2009472K), 0.1515069 secs] [Times: user=0.16 sys=0.00, real=0.14 secs] 
[GC (Allocation Failure) [DefNew: 623616K->623616K(623616K), 0.0000192 secs][Tenured: 1318262K->854524K(1385856K), 2.5902511 secs] 1941878K->854524K(2009472K), [Metaspace: 10570K->10570K(12288K)], 2.5903339 secs] [Times: user=2.60 sys=0.00, real=2.59 secs] 

*** PauseDetector detected a 2594 ms pause at Mon Dec 22 02:18:35 EET 2014 ***

[GC (Allocation Failure) [DefNew: 554368K->69247K(623616K), 0.1418621 secs] 1408892K->963644K(2009472K), 0.1419172 secs] [Times: user=0.14 sys=0.00, real=0.14 secs] 
[GC (Allocation Failure) [DefNew: 623615K->5902K(623616K), 0.0504368 secs] 1518012K->964849K(2009472K), 0.0504779 secs] [Times: user=0.06 sys=0.00, real=0.05 secs] 
[GC (Allocation Failure) [DefNew: 560270K->69248K(623616K), 0.1362669 secs] 1519217K->1067936K(2009472K), 0.1363060 secs] [Times: user=0.14 sys=0.00, real=0.14 secs] 
[GC (Allocation Failure) [DefNew: 623616K->5911K(623616K), 0.0461684 secs] 1622304K->1069160K(2009472K), 0.0462743 secs] [Times: user=0.05 sys=0.00, real=0.05 secs] 
[GC (Allocation Failure) [DefNew: 560279K->69247K(623616K), 0.1533103 secs] 1623528K->1172149K(2009472K), 0.1533610 secs] [Times: user=0.16 sys=0.00, real=0.15 secs] 
[GC (Allocation Failure) [DefNew: 623615K->5908K(623616K), 0.0457893 secs] 1726517K->1173352K(2009472K), 0.0458323 secs] [Times: user=0.03 sys=0.00, real=0.05 secs] 
[GC (Allocation Failure) [DefNew: 560276K->69248K(623616K), 0.1428597 secs] 1727720K->1276239K(2009472K), 0.1429046 secs] [Times: user=0.14 sys=0.00, real=0.14 secs] 
[GC (Allocation Failure) [DefNew: 623616K->5914K(623616K), 0.0527420 secs] 1830607K->1277452K(2009472K), 0.0527921 secs] [Times: user=0.05 sys=0.00, real=0.05 secs] 
[GC (Allocation Failure) [DefNew: 560282K->69248K(623616K), 0.1362386 secs] 1831820K->1380228K(2009472K), 0.1362797 secs] [Times: user=0.14 sys=0.00, real=0.14 secs] 
[GC (Allocation Failure) [DefNew: 623616K->623616K(623616K), 0.0000180 secs][Tenured: 1310980K->853922K(1385856K), 2.6306300 secs] 1934596K->853922K(2009472K), [Metaspace: 10570K->10570K(12288K)], 2.6307102 secs] [Times: user=2.60 sys=0.00, real=2.63 secs] 

*** PauseDetector detected a 2632 ms pause at Mon Dec 22 02:18:53 EET 2014 ***

[GC (Allocation Failure) [DefNew: 554368K->69247K(623616K), 0.1133793 secs] 1408290K->962557K(2009472K), 0.1134710 secs] [Times: user=0.13 sys=0.00, real=0.11 secs] 
[GC (Allocation Failure) [DefNew: 623615K->5910K(623616K), 0.0487617 secs] 1516925K->963753K(2009472K), 0.0488034 secs] [Times: user=0.05 sys=0.00, real=0.05 secs] 
[GC (Allocation Failure) [DefNew: 560278K->69248K(623616K), 0.1212668 secs] 1518121K->1065903K(2009472K), 0.1213130 secs] [Times: user=0.11 sys=0.00, real=0.12 secs] 
[GC (Allocation Failure) [DefNew: 623616K->5866K(623616K), 0.0488002 secs] 1620271K->1067065K(2009472K), 0.0488419 secs] [Times: user=0.05 sys=0.00, real=0.05 secs] 
[GC (Allocation Failure) [DefNew: 560234K->69248K(623616K), 0.1190848 secs] 1621433K->1169215K(2009472K), 0.1191272 secs] [Times: user=0.13 sys=0.00, real=0.12 secs] 
[GC (Allocation Failure) [DefNew: 623616K->5907K(623616K), 0.0400651 secs] 1723583K->1170390K(2009472K), 0.0401107 secs] [Times: user=0.03 sys=0.00, real=0.04 secs] 
[GC (Allocation Failure) [DefNew: 560275K->69247K(623616K), 0.1042484 secs] 1724758K->1272418K(2009472K), 0.1042946 secs] [Times: user=0.11 sys=0.00, real=0.10 secs] 
[GC (Allocation Failure) [DefNew: 623615K->5911K(623616K), 0.0393228 secs] 1826786K->1273606K(2009472K), 0.0393600 secs] [Times: user=0.03 sys=0.00, real=0.04 secs] 
[GC (Allocation Failure) [DefNew: 560279K->69248K(623616K), 0.1188840 secs] 1827974K->1375575K(2009472K), 0.1189257 secs] [Times: user=0.11 sys=0.00, real=0.11 secs] 
[GC (Allocation Failure) [DefNew: 623616K->623616K(623616K), 0.0000167 secs][Tenured: 1306327K->783840K(1385856K), 2.2587533 secs] 1929943K->783840K(2009472K), [Metaspace: 10570K->10570K(12288K)], 2.2588303 secs] [Times: user=2.25 sys=0.02, real=2.26 secs] 

*** PauseDetector detected a 2260 ms pause at Mon Dec 22 02:19:11 EET 2014 ***

[GC (Allocation Failure) [DefNew: 554368K->69247K(623616K), 0.3457234 secs] 1338208K->916364K(2009472K), 0.3457651 secs] [Times: user=0.34 sys=0.00, real=0.34 secs] 
[GC (Allocation Failure) [DefNew: 623615K->5905K(623616K), 0.0976940 secs] 1470732K->918005K(2009472K), 0.0978038 secs] [Times: user=0.09 sys=0.00, real=0.09 secs] 
[GC (Allocation Failure) [DefNew: 560273K->69248K(623616K), 0.4522725 secs] 1472373K->1037079K(2009472K), 0.4523149 secs] [Times: user=0.45 sys=0.00, real=0.44 secs] 

*** PauseDetector detected a 445 ms pause at Mon Dec 22 02:19:17 EET 2014 ***

[GC (Allocation Failure) [DefNew: 623616K->5910K(623616K), 0.0773144 secs] 1591447K->1038589K(2009472K), 0.0773766 secs] [Times: user=0.06 sys=0.00, real=0.07 secs] 
[GC (Allocation Failure) [DefNew: 560278K->69247K(623616K), 0.3959544 secs] 1592957K->1155097K(2009472K), 0.3960750 secs] [Times: user=0.39 sys=0.00, real=0.39 secs] 

*** PauseDetector detected a 398 ms pause at Mon Dec 22 02:19:20 EET 2014 ***

[GC (Allocation Failure) [DefNew: 623615K->5908K(623616K), 0.0858608 secs] 1709465K->1156571K(2009472K), 0.0859051 secs] [Times: user=0.09 sys=0.00, real=0.08 secs] 
[GC (Allocation Failure) [DefNew: 560276K->69247K(623616K), 0.3695901 secs] 1710939K->1269022K(2009472K), 0.3696324 secs] [Times: user=0.36 sys=0.00, real=0.37 secs] 

*** PauseDetector detected a 368 ms pause at Mon Dec 22 02:19:24 EET 2014 ***

[GC (Allocation Failure) [DefNew: 623615K->5866K(623616K), 0.0872967 secs] 1823390K->1270376K(2009472K), 0.0873377 secs] [Times: user=0.09 sys=0.00, real=0.08 secs] 
[GC (Allocation Failure) [DefNew: 560234K->69247K(623616K), 0.2834130 secs] 1824744K->1381668K(2009472K), 0.2834745 secs] [Times: user=0.28 sys=0.00, real=0.28 secs] 
[GC (Allocation Failure) [DefNew: 623615K->623615K(623616K), 0.0000199 secs][Tenured: 1312420K->862453K(1385856K), 2.3800202 secs] 1936036K->862453K(2009472K), [Metaspace: 10570K->10570K(12288K)], 2.3801017 secs] [Times: user=2.37 sys=0.00, real=2.38 secs] 

*** PauseDetector detected a 2377 ms pause at Mon Dec 22 02:19:31 EET 2014 ***

[GC (Allocation Failure) [DefNew: 554368K->69247K(623616K), 0.2634946 secs] 1416821K->977136K(2009472K), 0.2635979 secs] [Times: user=0.22 sys=0.00, real=0.26 secs] 
[GC (Allocation Failure) [DefNew: 623615K->5878K(623616K), 0.0632344 secs] 1531504K->978403K(2009472K), 0.0632780 secs] [Times: user=0.06 sys=0.00, real=0.06 secs] 
[GC (Allocation Failure) [DefNew: 560246K->69248K(623616K), 0.2145905 secs] 1532771K->1086512K(2009472K), 0.2146796 secs] [Times: user=0.22 sys=0.00, real=0.21 secs] 
[GC (Allocation Failure) [DefNew: 623616K->5852K(623616K), 0.0608958 secs] 1640880K->1087751K(2009472K), 0.0609401 secs] [Times: user=0.06 sys=0.00, real=0.05 secs] 
[GC (Allocation Failure) [DefNew: 560220K->69248K(623616K), 0.2200548 secs] 1642119K->1195316K(2009472K), 0.2200965 secs] [Times: user=0.20 sys=0.00, real=0.21 secs] 
[GC (Allocation Failure) [DefNew: 623616K->5886K(623616K), 0.0503817 secs] 1749684K->1196572K(2009472K), 0.0505299 secs] [Times: user=0.03 sys=0.00, real=0.05 secs] 
[GC (Allocation Failure) [DefNew: 560254K->69248K(623616K), 0.1969651 secs] 1750940K->1303637K(2009472K), 0.1970055 secs] [Times: user=0.20 sys=0.00, real=0.20 secs] 
[GC (Allocation Failure) [DefNew: 623616K->5875K(623616K), 0.0518727 secs] 1858005K->1304893K(2009472K), 0.0520222 secs] [Times: user=0.05 sys=0.00, real=0.05 secs] 
[GC (Allocation Failure) [DefNew: 560243K->69247K(623616K), 0.1837846 secs] 1859261K->1410571K(2009472K), 0.1838198 secs] [Times: user=0.17 sys=0.00, real=0.18 secs] 
[GC (Allocation Failure) [DefNew: 623615K->623615K(623616K), 0.0000205 secs][Tenured: 1341323K->856780K(1385856K), 2.2900180 secs] 1964939K->856780K(2009472K), [Metaspace: 10570K->10570K(12288K)], 2.2901258 secs] [Times: user=2.28 sys=0.00, real=2.28 secs] 

*** PauseDetector detected a 2288 ms pause at Mon Dec 22 02:19:50 EET 2014 ***

[GC (Allocation Failure) [DefNew: 554368K->69248K(623616K), 0.1799883 secs] 1411148K->967989K(2009472K), 0.1800326 secs] [Times: user=0.17 sys=0.00, real=0.17 secs] 
[GC (Allocation Failure) [DefNew: 623616K->5871K(623616K), 0.0487822 secs] 1522357K->969186K(2009472K), 0.0488252 secs] [Times: user=0.05 sys=0.00, real=0.04 secs] 
[GC (Allocation Failure) [DefNew: 560239K->69248K(623616K), 0.1523865 secs] 1523554K->1074230K(2009472K), 0.1525584 secs] [Times: user=0.16 sys=0.00, real=0.15 secs] 
[GC (Allocation Failure) [DefNew: 623616K->5913K(623616K), 0.0500294 secs] 1628598K->1075468K(2009472K), 0.0500718 secs] [Times: user=0.05 sys=0.00, real=0.05 secs] 
[GC (Allocation Failure) [DefNew: 560281K->69248K(623616K), 0.1906327 secs] 1629836K->1180195K(2009472K), 0.1906738 secs] [Times: user=0.19 sys=0.00, real=0.19 secs] 
[GC (Allocation Failure) [DefNew: 623616K->5921K(623616K), 0.0507326 secs] 1734563K->1181477K(2009472K), 0.0508770 secs] [Times: user=0.05 sys=0.00, real=0.05 secs] 
[GC (Allocation Failure) [DefNew: 560289K->69248K(623616K), 0.1539898 secs] 1735845K->1286030K(2009472K), 0.1540302 secs] [Times: user=0.16 sys=0.00, real=0.15 secs] 
[GC (Allocation Failure) [DefNew: 623616K->5884K(623616K), 0.0447287 secs] 1840398K->1287232K(2009472K), 0.0447916 secs] [Times: user=0.03 sys=0.00, real=0.04 secs] 
[GC (Allocation Failure) [DefNew: 560252K->69248K(623616K), 0.1576127 secs] 1841600K->1391639K(2009472K), 0.1576621 secs] [Times: user=0.14 sys=0.00, real=0.15 secs] 
[GC (Allocation Failure) [DefNew: 623616K->623616K(623616K), 0.0000186 secs][Tenured: 1322391K->855488K(1385856K), 2.2078302 secs] 1946007K->855488K(2009472K), [Metaspace: 10570K->10570K(12288K)], 2.2079290 secs] [Times: user=2.20 sys=0.00, real=2.20 secs] 

*** PauseDetector detected a 2225 ms pause at Mon Dec 22 02:20:08 EET 2014 ***

[GC (Allocation Failure) [DefNew: 554368K->69248K(623616K), 0.1183631 secs] 1409856K->964881K(2009472K), 0.1185100 secs] [Times: user=0.11 sys=0.00, real=0.11 secs] 
[GC (Allocation Failure) [DefNew: 623616K->5921K(623616K), 0.0504683 secs] 1519249K->966123K(2009472K), 0.0505093 secs] [Times: user=0.03 sys=0.00, real=0.04 secs] 
[GC (Allocation Failure) [DefNew: 560289K->69248K(623616K), 0.1154201 secs] 1520491K->1069451K(2009472K), 0.1155607 secs] [Times: user=0.11 sys=0.00, real=0.11 secs] 
[GC (Allocation Failure) [DefNew: 623616K->5917K(623616K), 0.0451413 secs] 1623819K->1070677K(2009472K), 0.0452491 secs] [Times: user=0.05 sys=0.00, real=0.04 secs] 
[GC (Allocation Failure) [DefNew: 560285K->69247K(623616K), 0.1215793 secs] 1625045K->1173876K(2009472K), 0.1216165 secs] [Times: user=0.11 sys=0.00, real=0.12 secs] 
[GC (Allocation Failure) [DefNew: 623615K->5887K(623616K), 0.0460292 secs] 1728244K->1175069K(2009472K), 0.0460722 secs] [Times: user=0.05 sys=0.00, real=0.05 secs] 
[GC (Allocation Failure) [DefNew: 560255K->69247K(623616K), 0.1088004 secs] 1729437K->1278202K(2009472K), 0.1089454 secs] [Times: user=0.11 sys=0.00, real=0.10 secs] 
[GC (Allocation Failure) [DefNew: 623615K->5861K(623616K), 0.0408626 secs] 1832570K->1279345K(2009472K), 0.0409595 secs] [Times: user=0.03 sys=0.00, real=0.04 secs] 
[GC (Allocation Failure) [DefNew: 560229K->69247K(623616K), 0.1188866 secs] 1833713K->1382378K(2009472K), 0.1189289 secs] [Times: user=0.12 sys=0.00, real=0.12 secs] 
[GC (Allocation Failure) [DefNew: 623615K->623615K(623616K), 0.0000212 secs][Tenured: 1313130K->784857K(1385856K), 2.4686083 secs] 1936746K->784857K(2009472K), [Metaspace: 10570K->10570K(12288K)], 2.4686911 secs] [Times: user=2.47 sys=0.00, real=2.47 secs] 

*** PauseDetector detected a 2469 ms pause at Mon Dec 22 02:20:26 EET 2014 ***

[GC (Allocation Failure) [DefNew: 554368K->69247K(623616K), 0.1215780 secs] 1339225K->893627K(2009472K), 0.1216184 secs] [Times: user=0.13 sys=0.00, real=0.12 secs] 
[GC (Allocation Failure) [DefNew: 623615K->5873K(623616K), 0.0510977 secs] 1447995K->894825K(2009472K), 0.0511464 secs] [Times: user=0.03 sys=0.00, real=0.04 secs] 
[GC (Allocation Failure) [DefNew: 560241K->69248K(623616K), 0.1293276 secs] 1449193K->997677K(2009472K), 0.1294354 secs] [Times: user=0.12 sys=0.00, real=0.12 secs] 
[GC (Allocation Failure) [DefNew: 623616K->5915K(623616K), 0.0473791 secs] 1552045K->998871K(2009472K), 0.0474214 secs] [Times: user=0.05 sys=0.00, real=0.05 secs] 
[GC (Allocation Failure) [DefNew: 560283K->69247K(623616K), 0.1052775 secs] 1553239K->1101425K(2009472K), 0.1053160 secs] [Times: user=0.09 sys=0.00, real=0.10 secs] 
[GC (Allocation Failure) [DefNew: 623615K->5918K(623616K), 0.0418519 secs] 1655793K->1102794K(2009472K), 0.0419161 secs] [Times: user=0.05 sys=0.00, real=0.04 secs] 
[GC (Allocation Failure) [DefNew: 560286K->69247K(623616K), 0.1194730 secs] 1657162K->1204938K(2009472K), 0.1195173 secs] [Times: user=0.12 sys=0.00, real=0.12 secs] 
[GC (Allocation Failure) [DefNew: 623615K->5870K(623616K), 0.0474593 secs] 1759306K->1206102K(2009472K), 0.0475042 secs] [Times: user=0.05 sys=0.00, real=0.05 secs] 
[Full GC (System.gc()) [Tenured: 1200231K->851657K(1385856K), 2.0935289 secs] 1720458K->851657K(2009472K), [Metaspace: 10570K->10570K(12288K)], 2.0936053 secs] [Times: user=2.09 sys=0.00, real=2.09 secs] 
[Full GC (System.gc()) [Tenured: 851657K->851657K(1385856K), 2.0955788 secs] 851659K->851657K(2009472K), [Metaspace: 10570K->10570K(12288K)], 2.0957289 secs] [Times: user=2.09 sys=0.00, real=2.10 secs] 
[Full GC (System.gc()) [Tenured: 851657K->851579K(1385856K), 2.0106624 secs] 851659K->851579K(2009472K), [Metaspace: 10570K->10570K(12288K)], 2.0107060 secs] [Times: user=2.01 sys=0.00, real=2.01 secs] 

*** PauseDetector detected a 4190 ms pause at Mon Dec 22 02:20:43 EET 2014 ***

[Full GC (System.gc()) [Tenured: 851579K->778256K(1385856K), 2.0197856 secs] 862656K->778256K(2009472K), [Metaspace: 10570K->10570K(12288K)], 2.0198613 secs] [Times: user=2.03 sys=0.00, real=2.02 secs] 
[Full GC (System.gc()) [Tenured: 778256K->778257K(1385856K), 1.9195239 secs] 789333K->778257K(2009472K), [Metaspace: 10570K->10570K(12288K)], 1.9195637 secs] [Times: user=1.92 sys=0.00, real=1.93 secs] 

*** PauseDetector detected a 4029 ms pause at Mon Dec 22 02:20:47 EET 2014 ***

[Full GC (System.gc()) [Tenured: 778257K->778267K(1385856K), 2.1634729 secs] 789333K->778267K(2009472K), [Metaspace: 10570K->10570K(12288K)], 2.1635897 secs] [Times: user=2.15 sys=0.00, real=2.16 secs] 

*** PauseDetector detected a 4082 ms pause at Mon Dec 22 02:20:51 EET 2014 ***

[GC (Allocation Failure) [DefNew: 554368K->69247K(623616K), 0.0902928 secs] 1332635K->886253K(2009472K), 0.0903320 secs] [Times: user=0.09 sys=0.00, real=0.09 secs] 
[GC (Allocation Failure) [DefNew: 623615K->5954K(623616K), 0.0585842 secs] 1440621K->887433K(2009472K), 0.0586984 secs] [Times: user=0.06 sys=0.00, real=0.06 secs] 
[GC (Allocation Failure) [DefNew: 560322K->69247K(623616K), 0.1078335 secs] 1441801K->989402K(2009472K), 0.1078759 secs] [Times: user=0.11 sys=0.00, real=0.10 secs] 
[GC (Allocation Failure) [DefNew: 623615K->5941K(623616K), 0.0414368 secs] 1543770K->990568K(2009472K), 0.0414766 secs] [Times: user=0.03 sys=0.00, real=0.04 secs] 
[GC (Allocation Failure) [DefNew: 560309K->69248K(623616K), 0.2833090 secs] 1544936K->1117197K(2009472K), 0.2833610 secs] [Times: user=0.28 sys=0.00, real=0.28 secs] 
[GC (Allocation Failure) [DefNew: 623616K->5954K(623616K), 0.0864485 secs] 1671565K->1118839K(2009472K), 0.0864896 secs] [Times: user=0.08 sys=0.00, real=0.09 secs] 
[Full GC (System.gc()) [Tenured: 1112884K->765959K(1385856K), 2.2755652 secs] 1129996K->765959K(2009472K), [Metaspace: 10570K->10570K(12288K)], 2.2756217 secs] [Times: user=2.28 sys=0.00, real=2.27 secs] 
[Full GC (System.gc()) [Tenured: 765959K->696674K(1385856K), 1.9430037 secs] 765959K->696674K(2009472K), [Metaspace: 10570K->10570K(12288K)], 1.9431512 secs] [Times: user=1.95 sys=0.00, real=1.94 secs] 
[Full GC (System.gc()) [Tenured: 696674K->696674K(1385856K), 1.9287748 secs] 696676K->696674K(2009472K), [Metaspace: 10570K->10570K(12288K)], 1.9288159 secs] [Times: user=1.93 sys=0.00, real=1.93 secs] 

*** PauseDetector detected a 4215 ms pause at Mon Dec 22 02:21:06 EET 2014 ***

********************************
********** ROUND   53 **********
********************************

*** PauseDetector detected a 1943 ms pause at Mon Dec 22 02:21:08 EET 2014 ***

[GC (Allocation Failure) [DefNew: 554368K->69248K(623616K), 0.3065841 secs] 1251042K->821457K(2009472K), 0.3066277 secs] [Times: user=0.31 sys=0.00, real=0.31 secs] 
[GC (Allocation Failure) [DefNew: 623616K->5889K(623616K), 0.0977428 secs] 1375825K->822947K(2009472K), 0.0977845 secs] [Times: user=0.09 sys=0.00, real=0.10 secs] 
[GC (Allocation Failure) [DefNew: 560257K->69248K(623616K), 0.4156514 secs] 1377315K->939348K(2009472K), 0.4156924 secs] [Times: user=0.38 sys=0.00, real=0.42 secs] 

*** PauseDetector detected a 418 ms pause at Mon Dec 22 02:21:13 EET 2014 ***

[GC (Allocation Failure) [DefNew: 623616K->5842K(623616K), 0.0824149 secs] 1493716K->940884K(2009472K), 0.0824534 secs] [Times: user=0.08 sys=0.00, real=0.08 secs] 
[GC (Allocation Failure) [DefNew: 560210K->69248K(623616K), 0.4113085 secs] 1495252K->1053366K(2009472K), 0.4113528 secs] [Times: user=0.42 sys=0.00, real=0.41 secs] 

*** PauseDetector detected a 413 ms pause at Mon Dec 22 02:21:17 EET 2014 ***

[GC (Allocation Failure) [DefNew: 623616K->5858K(623616K), 0.0787881 secs] 1607734K->1054747K(2009472K), 0.0788946 secs] [Times: user=0.08 sys=0.00, real=0.08 secs] 
[GC (Allocation Failure) [DefNew: 560226K->69247K(623616K), 0.2958063 secs] 1609115K->1165982K(2009472K), 0.2959519 secs] [Times: user=0.30 sys=0.00, real=0.29 secs] 
[GC (Allocation Failure) [DefNew: 623615K->5887K(623616K), 0.0666726 secs] 1720350K->1167386K(2009472K), 0.0668734 secs] [Times: user=0.06 sys=0.00, real=0.06 secs] 
[GC (Allocation Failure) [DefNew: 560255K->69248K(623616K), 0.3017190 secs] 1721754K->1276108K(2009472K), 0.3017627 secs] [Times: user=0.31 sys=0.00, real=0.30 secs] 
[GC (Allocation Failure) [DefNew: 623616K->5891K(623616K), 0.0665885 secs] 1830476K->1277460K(2009472K), 0.0666289 secs] [Times: user=0.06 sys=0.00, real=0.06 secs] 
[GC (Allocation Failure) [DefNew: 560259K->69247K(623616K), 0.2492702 secs] 1831828K->1385525K(2009472K), 0.2493132 secs] [Times: user=0.25 sys=0.00, real=0.25 secs] 
[GC (Allocation Failure) [DefNew: 623615K->623615K(623616K), 0.0000205 secs][Tenured: 1316277K->859193K(1385856K), 2.6627768 secs] 1939893K->859193K(2009472K), [Metaspace: 10570K->10570K(12288K)], 2.6628576 secs] [Times: user=2.65 sys=0.00, real=2.65 secs] 

*** PauseDetector detected a 2659 ms pause at Mon Dec 22 02:21:31 EET 2014 ***

[GC (Allocation Failure) [DefNew: 554368K->69248K(623616K), 0.1956672 secs] 1413561K->972534K(2009472K), 0.1959315 secs] [Times: user=0.19 sys=0.00, real=0.20 secs] 
[GC (Allocation Failure) [DefNew: 623616K->5842K(623616K), 0.0510694 secs] 1526902K->973822K(2009472K), 0.0511753 secs] [Times: user=0.05 sys=0.00, real=0.05 secs] 
[GC (Allocation Failure) [DefNew: 560210K->69247K(623616K), 0.2059619 secs] 1528190K->1080924K(2009472K), 0.2060055 secs] [Times: user=0.19 sys=0.00, real=0.20 secs] 
[GC (Allocation Failure) [DefNew: 623615K->5890K(623616K), 0.0543659 secs] 1635292K->1082202K(2009472K), 0.0544121 secs] [Times: user=0.05 sys=0.00, real=0.05 secs] 
[GC (Allocation Failure) [DefNew: 560258K->69247K(623616K), 0.1734456 secs] 1636570K->1187838K(2009472K), 0.1734898 secs] [Times: user=0.17 sys=0.00, real=0.17 secs] 
[GC (Allocation Failure) [DefNew: 623615K->5895K(623616K), 0.0525310 secs] 1742206K->1189087K(2009472K), 0.0525765 secs] [Times: user=0.05 sys=0.00, real=0.05 secs] 
[GC (Allocation Failure) [DefNew: 560263K->69248K(623616K), 0.1881255 secs] 1743455K->1294385K(2009472K), 0.1881659 secs] [Times: user=0.19 sys=0.00, real=0.18 secs] 
[GC (Allocation Failure) [DefNew: 623616K->5896K(623616K), 0.0465252 secs] 1848753K->1295623K(2009472K), 0.0465675 secs] [Times: user=0.05 sys=0.00, real=0.05 secs] 
[GC (Allocation Failure) [DefNew: 560264K->69247K(623616K), 0.1589915 secs] 1849991K->1400567K(2009472K), 0.1590338 secs] [Times: user=0.16 sys=0.00, real=0.15 secs] 
[GC (Allocation Failure) [DefNew: 623615K->623615K(623616K), 0.0000212 secs][Tenured: 1331319K->856045K(1385856K), 2.4575565 secs] 1954935K->856045K(2009472K), [Metaspace: 10570K->10570K(12288K)], 2.4576444 secs] [Times: user=2.46 sys=0.00, real=2.46 secs] 

*** PauseDetector detected a 2460 ms pause at Mon Dec 22 02:21:49 EET 2014 ***

[GC (Allocation Failure) [DefNew: 554368K->69247K(623616K), 0.1602047 secs] 1410413K->966679K(2009472K), 0.1602483 secs] [Times: user=0.16 sys=0.00, real=0.15 secs] 
[GC (Allocation Failure) [DefNew: 623615K->5883K(623616K), 0.0471347 secs] 1521047K->967929K(2009472K), 0.0471770 secs] [Times: user=0.05 sys=0.00, real=0.04 secs] 
[GC (Allocation Failure) [DefNew: 560251K->69247K(623616K), 0.1394215 secs] 1522297K->1072503K(2009472K), 0.1394876 secs] [Times: user=0.14 sys=0.00, real=0.14 secs] 
[GC (Allocation Failure) [DefNew: 623615K->5880K(623616K), 0.0505677 secs] 1626871K->1073718K(2009472K), 0.0506114 secs] [Times: user=0.06 sys=0.00, real=0.05 secs] 
[GC (Allocation Failure) [DefNew: 560248K->69248K(623616K), 0.1302264 secs] 1628086K->1178114K(2009472K), 0.1303310 secs] [Times: user=0.13 sys=0.00, real=0.13 secs] 
[GC (Allocation Failure) [DefNew: 623616K->5901K(623616K), 0.0461595 secs] 1732482K->1179346K(2009472K), 0.0462005 secs] [Times: user=0.05 sys=0.00, real=0.05 secs] 
[GC (Allocation Failure) [DefNew: 560269K->69248K(623616K), 0.1378926 secs] 1733714K->1282848K(2009472K), 0.1379363 secs] [Times: user=0.14 sys=0.00, real=0.13 secs] 
[GC (Allocation Failure) [DefNew: 623616K->5884K(623616K), 0.0478115 secs] 1837216K->1284043K(2009472K), 0.0478526 secs] [Times: user=0.05 sys=0.00, real=0.05 secs] 
[GC (Allocation Failure) [DefNew: 560252K->69248K(623616K), 0.1253261 secs] 1838411K->1387361K(2009472K), 0.1254743 secs] [Times: user=0.13 sys=0.00, real=0.12 secs] 
[GC (Allocation Failure) [DefNew: 623616K->623616K(623616K), 0.0000205 secs][Tenured: 1318113K->785239K(1385856K), 2.2359748 secs] 1941729K->785239K(2009472K), [Metaspace: 10570K->10570K(12288K)], 2.2361660 secs] [Times: user=2.23 sys=0.00, real=2.23 secs] 

*** PauseDetector detected a 2235 ms pause at Mon Dec 22 02:22:07 EET 2014 ***

[GC (Allocation Failure) [DefNew: 554368K->69247K(623616K), 0.1332034 secs] 1339607K->894367K(2009472K), 0.1332483 secs] [Times: user=0.13 sys=0.00, real=0.13 secs] 
[GC (Allocation Failure) [DefNew: 623615K->5885K(623616K), 0.0401832 secs] 1448735K->895546K(2009472K), 0.0402204 secs] [Times: user=0.03 sys=0.00, real=0.03 secs] 
[GC (Allocation Failure) [DefNew: 560253K->69247K(623616K), 0.1065087 secs] 1449914K->998621K(2009472K), 0.1066569 secs] [Times: user=0.11 sys=0.00, real=0.11 secs] 
[GC (Allocation Failure) [DefNew: 623615K->5907K(623616K), 0.0374751 secs] 1552989K->999870K(2009472K), 0.0376162 secs] [Times: user=0.03 sys=0.00, real=0.04 secs] 
[GC (Allocation Failure) [DefNew: 560275K->69247K(623616K), 0.1337359 secs] 1554238K->1102863K(2009472K), 0.1337846 secs] [Times: user=0.13 sys=0.00, real=0.13 secs] 
[GC (Allocation Failure) [DefNew: 623615K->5910K(623616K), 0.0443733 secs] 1657231K->1104067K(2009472K), 0.0445183 secs] [Times: user=0.03 sys=0.00, real=0.04 secs] 
[GC (Allocation Failure) [DefNew: 560278K->69248K(623616K), 0.1313126 secs] 1658435K->1206957K(2009472K), 0.1313627 secs] [Times: user=0.13 sys=0.00, real=0.13 secs] 
[GC (Allocation Failure) [DefNew: 623616K->5906K(623616K), 0.0432621 secs] 1761325K->1208158K(2009472K), 0.0433051 secs] [Times: user=0.03 sys=0.00, real=0.04 secs] 
[GC (Allocation Failure) [DefNew: 560274K->69248K(623616K), 0.1328992 secs] 1762526K->1310962K(2009472K), 0.1329480 secs] [Times: user=0.13 sys=0.00, real=0.13 secs] 
[GC (Allocation Failure) [DefNew: 623616K->5856K(623616K), 0.0383181 secs] 1865330K->1312111K(2009472K), 0.0384272 secs] [Times: user=0.03 sys=0.00, real=0.03 secs] 
[GC (Allocation Failure) [DefNew: 560224K->560224K(623616K), 0.0000828 secs][Tenured: 1306255K->852719K(1385856K), 2.1251426 secs] 1866479K->852719K(2009472K), [Metaspace: 10570K->10570K(12288K)], 2.1252921 secs]
*** PauseDetector detected a 2122 ms pause at Mon Dec 22 02:22:26 EET 2014 ***

 [Times: user=2.12 sys=0.00, real=2.12 secs] 
[GC (Allocation Failure) [DefNew: 554368K->5909K(623616K), 0.0130400 secs] 1407087K->858629K(2009472K), 0.0130804 secs] [Times: user=0.02 sys=0.00, real=0.01 secs] 
[GC (Allocation Failure) [DefNew: 560277K->69247K(623616K), 0.0942873 secs] 1412997K->960804K(2009472K), 0.0943315 secs] [Times: user=0.08 sys=0.00, real=0.09 secs] 
[GC (Allocation Failure) [DefNew: 623615K->5907K(623616K), 0.0402473 secs] 1515172K->961983K(2009472K), 0.0402884 secs] [Times: user=0.03 sys=0.00, real=0.03 secs] 
[GC (Allocation Failure) [DefNew: 560275K->69248K(623616K), 0.1059665 secs] 1516351K->1064026K(2009472K), 0.1060089 secs] [Times: user=0.09 sys=0.00, real=0.10 secs] 
[GC (Allocation Failure) [DefNew: 623616K->5846K(623616K), 0.0439300 secs] 1618394K->1065206K(2009472K), 0.0439723 secs] [Times: user=0.05 sys=0.00, real=0.04 secs] 
[GC (Allocation Failure) [DefNew: 560214K->69247K(623616K), 0.1082525 secs] 1619574K->1167257K(2009472K), 0.1082980 secs] [Times: user=0.09 sys=0.00, real=0.11 secs] 
[GC (Allocation Failure) [DefNew: 623615K->5842K(623616K), 0.0381500 secs] 1721625K->1168414K(2009472K), 0.0382007 secs] [Times: user=0.03 sys=0.00, real=0.04 secs] 
[GC (Allocation Failure) [DefNew: 560210K->69248K(623616K), 0.0866968 secs] 1722782K->1270428K(2009472K), 0.0868097 secs] [Times: user=0.09 sys=0.00, real=0.09 secs] 
[GC (Allocation Failure) [DefNew: 623616K->5911K(623616K), 0.0360161 secs] 1824796K->1271630K(2009472K), 0.0362009 secs] [Times: user=0.03 sys=0.00, real=0.03 secs] 
[GC (Allocation Failure) [DefNew: 560279K->69248K(623616K), 0.3259969 secs] 1825998K->1398250K(2009472K), 0.3261470 secs] [Times: user=0.31 sys=0.00, real=0.32 secs] 
[GC (Allocation Failure) [DefNew: 623616K->623616K(623616K), 0.0000192 secs][Tenured: 1329002K->875712K(1385856K), 2.2309166 secs] 1952618K->875712K(2009472K), [Metaspace: 10570K->10570K(12288K)], 2.2311066 secs] [Times: user=2.23 sys=0.00, real=2.23 secs] 

*** PauseDetector detected a 2231 ms pause at Mon Dec 22 02:22:45 EET 2014 ***

[GC (Allocation Failure) [DefNew: 554368K->69247K(623616K), 0.4774268 secs] 1430080K->1000703K(2009472K), 0.4774691 secs] [Times: user=0.48 sys=0.00, real=0.48 secs] 

*** PauseDetector detected a 479 ms pause at Mon Dec 22 02:22:48 EET 2014 ***

[GC (Allocation Failure) [DefNew: 623615K->5907K(623616K), 0.0786745 secs] 1555071K->1002200K(2009472K), 0.0787188 secs] [Times: user=0.08 sys=0.00, real=0.08 secs] 
[GC (Allocation Failure) [DefNew: 560275K->69247K(623616K), 0.3473255 secs] 1556568K->1118654K(2009472K), 0.3474705 secs] [Times: user=0.34 sys=0.00, real=0.35 secs] 

*** PauseDetector detected a 351 ms pause at Mon Dec 22 02:22:51 EET 2014 ***

[GC (Allocation Failure) [DefNew: 623615K->5912K(623616K), 0.0712553 secs] 1673022K->1120189K(2009472K), 0.0712996 secs] [Times: user=0.08 sys=0.00, real=0.07 secs] 
[GC (Allocation Failure) [DefNew: 560280K->69247K(623616K), 0.3054472 secs] 1674557K->1232661K(2009472K), 0.3054889 secs] [Times: user=0.30 sys=0.00, real=0.30 secs] 
[GC (Allocation Failure) [DefNew: 623615K->5912K(623616K), 0.0629238 secs] 1787029K->1234035K(2009472K), 0.0629790 secs] [Times: user=0.06 sys=0.00, real=0.05 secs] 
[GC (Allocation Failure) [DefNew: 560280K->69248K(623616K), 0.2820368 secs] 1788403K->1345280K(2009472K), 0.2820785 secs] [Times: user=0.28 sys=0.00, real=0.28 secs] 
[GC (Allocation Failure) [DefNew: 623616K->5915K(623616K), 0.0770789 secs] 1899648K->1346647K(2009472K), 0.0771238 secs] [Times: user=0.08 sys=0.00, real=0.07 secs] 
[GC (Allocation Failure) [DefNew: 560283K->560283K(623616K), 0.0000346 secs][Tenured: 1340732K->858615K(1385856K), 2.2915565 secs] 1901015K->858615K(2009472K), [Metaspace: 10570K->10570K(12288K)]
*** PauseDetector detected a 2290 ms pause at Mon Dec 22 02:23:04 EET 2014 ***

, 2.2916623 secs] [Times: user=2.28 sys=0.00, real=2.29 secs] 
[GC (Allocation Failure) [DefNew: 554368K->5916K(623616K), 0.0118531 secs] 1412983K->864531K(2009472K), 0.0118967 secs] [Times: user=0.00 sys=0.00, real=0.01 secs] 
[GC (Allocation Failure) [DefNew: 560284K->69248K(623616K), 0.2465749 secs] 1418899K->972537K(2009472K), 0.2466166 secs] [Times: user=0.25 sys=0.00, real=0.25 secs] 
[GC (Allocation Failure) [DefNew: 623616K->5914K(623616K), 0.0525181 secs] 1526905K->973904K(2009472K), 0.0526265 secs] [Times: user=0.05 sys=0.00, real=0.05 secs] 
[GC (Allocation Failure) [DefNew: 560282K->69248K(623616K), 0.1996687 secs] 1528272K->1081371K(2009472K), 0.1998175 secs] [Times: user=0.20 sys=0.00, real=0.20 secs] 
[GC (Allocation Failure) [DefNew: 623616K->5879K(623616K), 0.0612538 secs] 1635739K->1082656K(2009472K), 0.0612955 secs] [Times: user=0.06 sys=0.00, real=0.06 secs] 
[GC (Allocation Failure) [DefNew: 560247K->69247K(623616K), 0.2200259 secs] 1637024K->1189745K(2009472K), 0.2200689 secs] [Times: user=0.22 sys=0.00, real=0.21 secs] 
[GC (Allocation Failure) [DefNew: 623615K->5892K(623616K), 0.0616060 secs] 1744113K->1191000K(2009472K), 0.0616497 secs] [Times: user=0.06 sys=0.00, real=0.06 secs] 
[GC (Allocation Failure) [DefNew: 560260K->69247K(623616K), 0.1770134 secs] 1745368K->1296650K(2009472K), 0.1770583 secs] [Times: user=0.17 sys=0.00, real=0.18 secs] 
[GC (Allocation Failure) [DefNew: 623615K->5916K(623616K), 0.0451310 secs] 1851018K->1297905K(2009472K), 0.0452799 secs] [Times: user=0.03 sys=0.00, real=0.04 secs] 
[GC (Allocation Failure) [DefNew: 560284K->69248K(623616K), 0.1762319 secs] 1852273K->1403177K(2009472K), 0.1762775 secs] [Times: user=0.17 sys=0.00, real=0.18 secs] 
[GC (Allocation Failure) [DefNew: 623616K->623616K(623616K), 0.0001193 secs][Tenured: 1333929K->787098K(1385856K), 2.1823962 secs] 1957545K->787098K(2009472K), [Metaspace: 10570K->10570K(12288K)], 2.1826894 secs] [Times: user=2.17 sys=0.00, real=2.17 secs] 

*** PauseDetector detected a 2178 ms pause at Mon Dec 22 02:23:23 EET 2014 ***

[GC (Allocation Failure) [DefNew: 554368K->69248K(623616K), 0.1461523 secs] 1341466K->897938K(2009472K), 0.1461927 secs] [Times: user=0.14 sys=0.00, real=0.14 secs] 
[GC (Allocation Failure) [DefNew: 623616K->5923K(623616K), 0.0523629 secs] 1452306K->899261K(2009472K), 0.0524071 secs] [Times: user=0.06 sys=0.00, real=0.05 secs] 
[GC (Allocation Failure) [DefNew: 560291K->69248K(623616K), 0.1418133 secs] 1453629K->1003945K(2009472K), 0.1418537 secs] [Times: user=0.14 sys=0.00, real=0.14 secs] 
[GC (Allocation Failure) [DefNew: 623616K->5917K(623616K), 0.0491774 secs] 1558313K->1005257K(2009472K), 0.0492756 secs] [Times: user=0.05 sys=0.00, real=0.05 secs] 
[GC (Allocation Failure) [DefNew: 560285K->69248K(623616K), 0.1323975 secs] 1559625K->1109742K(2009472K), 0.1324399 secs] [Times: user=0.13 sys=0.00, real=0.13 secs] 
[GC (Allocation Failure) [DefNew: 623616K->5911K(623616K), 0.0607386 secs] 1664110K->1111043K(2009472K), 0.0607829 secs] [Times: user=0.06 sys=0.00, real=0.06 secs] 
[GC (Allocation Failure) [DefNew: 560279K->69247K(623616K), 0.1325342 secs] 1665411K->1215400K(2009472K), 0.1325836 secs] [Times: user=0.13 sys=0.00, real=0.12 secs] 
[GC (Allocation Failure) [DefNew: 623615K->5854K(623616K), 0.0510778 secs] 1769768K->1216593K(2009472K), 0.0511227 secs] [Times: user=0.05 sys=0.00, real=0.05 secs] 
[GC (Allocation Failure) [DefNew: 560222K->69247K(623616K), 0.1261434 secs] 1770961K->1320151K(2009472K), 0.1262859 secs] [Times: user=0.13 sys=0.00, real=0.12 secs] 
[GC (Allocation Failure) [DefNew: 623615K->5905K(623616K), 0.0593150 secs] 1874519K->1321357K(2009472K), 0.0593599 secs] [Times: user=0.06 sys=0.00, real=0.05 secs] 
[GC (Allocation Failure) [DefNew: 560273K->560273K(623616K), 0.0001200 secs][Tenured: 1315452K->853327K(1385856K), 2.1533020 secs] 1875725K->853327K(2009472K), [Metaspace: 10570K->10570K(12288K)], 2.1535939 secs] [Times: user=2.14 sys=0.00, real=2.14 secs] 

*** PauseDetector detected a 2148 ms pause at Mon Dec 22 02:23:43 EET 2014 ***

[Full GC (System.gc()) [Tenured: 853327K->852787K(1385856K), 2.2290490 secs] 1243393K->852787K(2009472K), [Metaspace: 10570K->10570K(12288K)], 2.2291793 secs] [Times: user=2.22 sys=0.00, real=2.22 secs] 
[Full GC (System.gc()) [Tenured: 852787K->852787K(1385856K), 2.0623618 secs] 852787K->852787K(2009472K), [Metaspace: 10570K->10570K(12288K)], 2.0623997 secs] [Times: user=2.06 sys=0.00, real=2.06 secs] 
[Full GC (System.gc()) [Tenured: 852787K->783417K(1385856K), 2.0109729 secs] 863843K->783417K(2009472K), [Metaspace: 10570K->10570K(12288K)], 2.0110383 secs] [Times: user=2.01 sys=0.00, real=2.01 secs] 

*** PauseDetector detected a 4290 ms pause at Mon Dec 22 02:23:48 EET 2014 ***

[Full GC (System.gc()) [Tenured: 783417K->783417K(1385856K), 2.0189226 secs] 794473K->783417K(2009472K), [Metaspace: 10570K->10570K(12288K)], 2.0190497 secs] [Times: user=2.03 sys=0.00, real=2.02 secs] 
[Full GC (System.gc()) [Tenured: 783417K->783417K(1385856K), 2.0470147 secs] 783419K->783417K(2009472K), [Metaspace: 10570K->10570K(12288K)], 2.0470583 secs] [Times: user=2.04 sys=0.00, real=2.05 secs] 
[Full GC (System.gc()) [Tenured: 783417K->783417K(1385856K), 1.9504075 secs] 783417K->783417K(2009472K), [Metaspace: 10570K->10570K(12288K)], 1.9504485 secs] [Times: user=1.95 sys=0.00, real=1.94 secs] 

*** PauseDetector detected a 8028 ms pause at Mon Dec 22 02:23:56 EET 2014 ***

[GC (Allocation Failure) [DefNew: 554368K->69247K(623616K), 0.1199176 secs] 1337785K->892591K(2009472K), 0.1199580 secs] [Times: user=0.12 sys=0.00, real=0.12 secs] 
[GC (Allocation Failure) [DefNew: 623615K->5954K(623616K), 0.0493436 secs] 1446959K->893794K(2009472K), 0.0493847 secs] [Times: user=0.05 sys=0.00, real=0.05 secs] 
[GC (Allocation Failure) [DefNew: 560322K->69247K(623616K), 0.1254281 secs] 1448162K->996894K(2009472K), 0.1255378 secs] [Times: user=0.13 sys=0.00, real=0.13 secs] 
[GC (Allocation Failure) [DefNew: 623615K->5954K(623616K), 0.0567307 secs] 1551262K->998097K(2009472K), 0.0567814 secs] [Times: user=0.06 sys=0.00, real=0.05 secs] 
[GC (Allocation Failure) [DefNew: 560322K->69247K(623616K), 0.1065356 secs] 1552465K->1101090K(2009472K), 0.1066408 secs] [Times: user=0.09 sys=0.00, real=0.10 secs] 
[GC (Allocation Failure) [DefNew: 623615K->5954K(623616K), 0.0436182 secs] 1655458K->1102290K(2009472K), 0.0436580 secs] [Times: user=0.03 sys=0.00, real=0.04 secs] 
[Full GC (System.gc()) [Tenured: 1096335K->780317K(1385856K), 2.1067608 secs] 1336064K->780317K(2009472K), [Metaspace: 10570K->10570K(12288K)], 2.1068166 secs] [Times: user=2.11 sys=0.00, real=2.10 secs] 

*** PauseDetector detected a 2106 ms pause at Mon Dec 22 02:24:08 EET 2014 ***

[Full GC (System.gc()) [Tenured: 780317K->780317K(1385856K), 1.9893999 secs] 791451K->780317K(2009472K), [Metaspace: 10570K->10570K(12288K)], 1.9894467 secs] [Times: user=2.00 sys=0.00, real=1.99 secs] 
[Full GC (System.gc()) [Tenured: 780317K->780317K(1385856K), 2.1018463 secs] 780317K->780317K(2009472K), [Metaspace: 10570K->10570K(12288K)], 2.1018855 secs] [Times: user=2.09 sys=0.00, real=2.09 secs] 

*** PauseDetector detected a 4088 ms pause at Mon Dec 22 02:24:12 EET 2014 ***

********************************
********** ROUND   54 **********
********************************
[GC (Allocation Failure) [DefNew: 554368K->5889K(623616K), 0.0096512 secs] 1334685K->786207K(2009472K), 0.0097609 secs] [Times: user=0.02 sys=0.00, real=0.01 secs] 
[GC (Allocation Failure) [DefNew: 560257K->69247K(623616K), 0.1066389 secs] 1340575K->888998K(2009472K), 0.1067839 secs] [Times: user=0.11 sys=0.00, real=0.11 secs] 
[GC (Allocation Failure) [DefNew: 623615K->5879K(623616K), 0.0544608 secs] 1443366K->890200K(2009472K), 0.0545115 secs] [Times: user=0.03 sys=0.00, real=0.05 secs] 
[GC (Allocation Failure) [DefNew: 560247K->69247K(623616K), 0.1244381 secs] 1444568K->992922K(2009472K), 0.1244875 secs] [Times: user=0.12 sys=0.00, real=0.12 secs] 
[GC (Allocation Failure) [DefNew: 623615K->5878K(623616K), 0.0439447 secs] 1547290K->994119K(2009472K), 0.0440525 secs] [Times: user=0.05 sys=0.00, real=0.04 secs] 
[GC (Allocation Failure) [DefNew: 560246K->69247K(623616K), 0.1123553 secs] 1548487K->1096291K(2009472K), 0.1123990 secs] [Times: user=0.11 sys=0.00, real=0.11 secs] 
[GC (Allocation Failure) [DefNew: 623615K->5884K(623616K), 0.0397135 secs] 1650659K->1097481K(2009472K), 0.0398175 secs] [Times: user=0.03 sys=0.00, real=0.03 secs] 
[GC (Allocation Failure) [DefNew: 560252K->69248K(623616K), 0.1157807 secs] 1651849K->1199585K(2009472K), 0.1158218 secs] [Times: user=0.11 sys=0.00, real=0.12 secs] 
[GC (Allocation Failure) [DefNew: 623616K->5896K(623616K), 0.0440660 secs] 1753953K->1200777K(2009472K), 0.0441096 secs] [Times: user=0.05 sys=0.00, real=0.04 secs] 
[GC (Allocation Failure) [DefNew: 560264K->69247K(623616K), 0.1019560 secs] 1755145K->1302799K(2009472K), 0.1019971 secs] [Times: user=0.09 sys=0.00, real=0.10 secs] 
[GC (Allocation Failure) [DefNew: 623615K->5888K(623616K), 0.0462127 secs] 1857167K->1303981K(2009472K), 0.0462557 secs] [Times: user=0.05 sys=0.00, real=0.04 secs] 
[GC (Allocation Failure) [DefNew: 560256K->69247K(623616K), 0.1159366 secs] 1858349K->1405949K(2009472K), 0.1159764 secs] [Times: user=0.11 sys=0.00, real=0.11 secs] 
[GC (Allocation Failure) [DefNew: 623615K->623615K(623616K), 0.0000212 secs][Tenured: 1336701K->853130K(1385856K), 2.1569994 secs] 1960317K->853130K(2009472K), [Metaspace: 10570K->10570K(12288K)], 2.1571970 secs] [Times: user=2.17 sys=0.00, real=2.16 secs] 

*** PauseDetector detected a 2159 ms pause at Mon Dec 22 02:24:34 EET 2014 ***

[GC (Allocation Failure) [DefNew: 554368K->69247K(623616K), 0.3380958 secs] 1407498K->985632K(2009472K), 0.3381387 secs] [Times: user=0.33 sys=0.00, real=0.33 secs] 
[GC (Allocation Failure) [DefNew: 623615K->5893K(623616K), 0.1182617 secs] 1540000K->987281K(2009472K), 0.1183040 secs] [Times: user=0.11 sys=0.00, real=0.11 secs] 
[GC (Allocation Failure) [DefNew: 560261K->69248K(623616K), 0.4712959 secs] 1541649K->1106277K(2009472K), 0.4713389 secs] [Times: user=0.47 sys=0.00, real=0.47 secs] 

*** PauseDetector detected a 472 ms pause at Mon Dec 22 02:24:40 EET 2014 ***

[GC (Allocation Failure) [DefNew: 623616K->5870K(623616K), 0.0784211 secs] 1660645K->1107840K(2009472K), 0.0784590 secs] [Times: user=0.08 sys=0.00, real=0.07 secs] 
[GC (Allocation Failure) [DefNew: 560238K->69247K(623616K), 0.3636850 secs] 1662208K->1224360K(2009472K), 0.3637248 secs] [Times: user=0.36 sys=0.00, real=0.36 secs] 

*** PauseDetector detected a 358 ms pause at Mon Dec 22 02:24:44 EET 2014 ***

[GC (Allocation Failure) [DefNew: 623615K->5905K(623616K), 0.0887158 secs] 1778728K->1225858K(2009472K), 0.0887595 secs] [Times: user=0.08 sys=0.00, real=0.08 secs] 
[GC (Allocation Failure) [DefNew: 560273K->69248K(623616K), 0.3468103 secs] 1780226K->1338255K(2009472K), 0.3468751 secs] [Times: user=0.34 sys=0.00, real=0.34 secs] 
[GC (Allocation Failure) [DefNew: 623616K->5875K(623616K), 0.0775954 secs] 1892623K->1339674K(2009472K), 0.0777462 secs] [Times: user=0.08 sys=0.00, real=0.08 secs] 
[GC (Allocation Failure) [DefNew: 560243K->560243K(623616K), 0.0000199 secs][Tenured: 1333799K->791849K(1385856K), 2.5569482 secs] 1894042K->791849K(2009472K), [Metaspace: 10570K->10570K(12288K)], 2.5570297 secs] [Times: user=2.54 sys=0.00, real=2.55 secs] 

*** PauseDetector detected a 2553 ms pause at Mon Dec 22 02:24:53 EET 2014 ***

[GC (Allocation Failure) [DefNew: 554368K->5899K(623616K), 0.0119769 secs] 1346217K->797749K(2009472K), 0.0121194 secs] [Times: user=0.02 sys=0.00, real=0.01 secs] 
[GC (Allocation Failure) [DefNew: 560267K->69248K(623616K), 0.2394875 secs] 1352117K->906511K(2009472K), 0.2395298 secs] [Times: user=0.23 sys=0.00, real=0.24 secs] 
[GC (Allocation Failure) [DefNew: 623616K->5827K(623616K), 0.0740083 secs] 1460879K->907747K(2009472K), 0.0740693 secs] [Times: user=0.06 sys=0.00, real=0.08 secs] 
[GC (Allocation Failure) [DefNew: 560195K->69248K(623616K), 0.2065047 secs] 1462115K->1015839K(2009472K), 0.2066516 secs] [Times: user=0.20 sys=0.00, real=0.20 secs] 
[GC (Allocation Failure) [DefNew: 623616K->5874K(623616K), 0.0616458 secs] 1570207K->1017169K(2009472K), 0.0616862 secs] [Times: user=0.06 sys=0.00, real=0.06 secs] 
[GC (Allocation Failure) [DefNew: 560242K->69247K(623616K), 0.1975457 secs] 1571537K->1124689K(2009472K), 0.1976856 secs] [Times: user=0.20 sys=0.00, real=0.20 secs] 
[GC (Allocation Failure) [DefNew: 623615K->5907K(623616K), 0.0621899 secs] 1679057K->1125989K(2009472K), 0.0622329 secs] [Times: user=0.06 sys=0.00, real=0.06 secs] 
[GC (Allocation Failure) [DefNew: 560275K->69248K(623616K), 0.2105671 secs] 1680357K->1233033K(2009472K), 0.2106101 secs] [Times: user=0.20 sys=0.00, real=0.21 secs] 
[GC (Allocation Failure) [DefNew: 623616K->5871K(623616K), 0.0506871 secs] 1787401K->1234284K(2009472K), 0.0508333 secs] [Times: user=0.05 sys=0.00, real=0.05 secs] 
[GC (Allocation Failure) [DefNew: 560239K->69247K(623616K), 0.1794603 secs] 1788652K->1339852K(2009472K), 0.1795271 secs] [Times: user=0.17 sys=0.00, real=0.17 secs] 
[GC (Allocation Failure) [DefNew: 623615K->5910K(623616K), 0.0534490 secs] 1894220K->1341180K(2009472K), 0.0535530 secs] [Times: user=0.05 sys=0.00, real=0.05 secs] 
[GC (Allocation Failure) [DefNew: 560278K->560278K(623616K), 0.0000186 secs][Tenured: 1335269K->855261K(1385856K), 2.3364771 secs] 1895548K->855261K(2009472K), [Metaspace: 10570K->10570K(12288K)], 2.3366638 secs] [Times: user=2.32 sys=0.00, real=2.33 secs] 

*** PauseDetector detected a 2341 ms pause at Mon Dec 22 02:25:14 EET 2014 ***

[GC (Allocation Failure) [DefNew: 554368K->5842K(623616K), 0.0114816 secs] 1409629K->861103K(2009472K), 0.0115246 secs] [Times: user=0.02 sys=0.00, real=0.01 secs] 
[GC (Allocation Failure) [DefNew: 560210K->69247K(623616K), 0.1667270 secs] 1415471K->966134K(2009472K), 0.1667661 secs] [Times: user=0.16 sys=0.00, real=0.16 secs] 
[GC (Allocation Failure) [DefNew: 623615K->5854K(623616K), 0.0518592 secs] 1520502K->967355K(2009472K), 0.0519029 secs] [Times: user=0.05 sys=0.00, real=0.05 secs] 
[GC (Allocation Failure) [DefNew: 560222K->69248K(623616K), 0.1552896 secs] 1521723K->1072157K(2009472K), 0.1553307 secs] [Times: user=0.16 sys=0.00, real=0.15 secs] 
[GC (Allocation Failure) [DefNew: 623616K->5852K(623616K), 0.0490895 secs] 1626525K->1073354K(2009472K), 0.0491351 secs] [Times: user=0.05 sys=0.00, real=0.05 secs] 
[GC (Allocation Failure) [DefNew: 560220K->69247K(623616K), 0.1603273 secs] 1627722K->1177970K(2009472K), 0.1603702 secs] [Times: user=0.14 sys=0.00, real=0.15 secs] 
[GC (Allocation Failure) [DefNew: 623615K->5850K(623616K), 0.0467138 secs] 1732338K->1179144K(2009472K), 0.0468620 secs] [Times: user=0.05 sys=0.00, real=0.04 secs] 
[GC (Allocation Failure) [DefNew: 560218K->69247K(623616K), 0.1484927 secs] 1733512K->1283533K(2009472K), 0.1485364 secs] [Times: user=0.14 sys=0.00, real=0.15 secs] 
[GC (Allocation Failure) [DefNew: 623615K->5842K(623616K), 0.0420014 secs] 1837901K->1284742K(2009472K), 0.0421490 secs] [Times: user=0.05 sys=0.00, real=0.04 secs] 
[GC (Allocation Failure) [DefNew: 560210K->69247K(623616K), 0.1613794 secs] 1839110K->1388318K(2009472K), 0.1614276 secs] [Times: user=0.16 sys=0.00, real=0.16 secs] 
[GC (Allocation Failure) [DefNew: 623615K->623615K(623616K), 0.0000199 secs][Tenured: 1319070K->854677K(1385856K), 2.2168636 secs] 1942686K->854677K(2009472K), [Metaspace: 10570K->10570K(12288K)], 2.2169470 secs] [Times: user=2.22 sys=0.00, real=2.22 secs] 

*** PauseDetector detected a 2222 ms pause at Mon Dec 22 02:25:34 EET 2014 ***

[GC (Allocation Failure) [DefNew: 554368K->69247K(623616K), 0.1160515 secs] 1409045K->963873K(2009472K), 0.1161560 secs] [Times: user=0.13 sys=0.00, real=0.12 secs] 
[GC (Allocation Failure) [DefNew: 623615K->5899K(623616K), 0.0482350 secs] 1518241K->965136K(2009472K), 0.0482792 secs] [Times: user=0.05 sys=0.00, real=0.05 secs] 
[GC (Allocation Failure) [DefNew: 560267K->69248K(623616K), 0.1178504 secs] 1519504K->1068354K(2009472K), 0.1178953 secs] [Times: user=0.11 sys=0.00, real=0.12 secs] 
[GC (Allocation Failure) [DefNew: 623616K->5891K(623616K), 0.0429458 secs] 1622722K->1069550K(2009472K), 0.0430112 secs] [Times: user=0.03 sys=0.00, real=0.03 secs] 
[GC (Allocation Failure) [DefNew: 560259K->69247K(623616K), 0.1241770 secs] 1623918K->1172598K(2009472K), 0.1242194 secs] [Times: user=0.11 sys=0.00, real=0.12 secs] 
[GC (Allocation Failure) [DefNew: 623615K->5889K(623616K), 0.0498992 secs] 1726966K->1173850K(2009472K), 0.0499480 secs] [Times: user=0.05 sys=0.00, real=0.04 secs] 
[GC (Allocation Failure) [DefNew: 560257K->69248K(623616K), 0.1143308 secs] 1728218K->1276853K(2009472K), 0.1144815 secs] [Times: user=0.11 sys=0.00, real=0.11 secs] 
[GC (Allocation Failure) [DefNew: 623616K->5910K(623616K), 0.0484595 secs] 1831221K->1278065K(2009472K), 0.0485865 secs] [Times: user=0.05 sys=0.00, real=0.05 secs] 
[GC (Allocation Failure) [DefNew: 560278K->69248K(623616K), 0.1112371 secs] 1832433K->1380951K(2009472K), 0.1113032 secs] [Times: user=0.09 sys=0.00, real=0.10 secs] 
[GC (Allocation Failure) [DefNew: 623616K->623616K(623616K), 0.0000738 secs][Tenured: 1311703K->854080K(1385856K), 2.3315145 secs] 1935319K->854080K(2009472K), [Metaspace: 10570K->10570K(12288K)], 2.3318006 secs] [Times: user=2.29 sys=0.00, real=2.33 secs] 

*** PauseDetector detected a 2333 ms pause at Mon Dec 22 02:25:51 EET 2014 ***

[GC (Allocation Failure) [DefNew: 554368K->69248K(623616K), 0.1144757 secs] 1408448K->962784K(2009472K), 0.1145168 secs] [Times: user=0.11 sys=0.00, real=0.11 secs] 
[GC (Allocation Failure) [DefNew: 623616K->5858K(623616K), 0.0436580 secs] 1517152K->963942K(2009472K), 0.0437035 secs] [Times: user=0.05 sys=0.00, real=0.04 secs] 
[GC (Allocation Failure) [DefNew: 560226K->69247K(623616K), 0.1404730 secs] 1518310K->1066721K(2009472K), 0.1405231 secs] [Times: user=0.14 sys=0.00, real=0.13 secs] 
[GC (Allocation Failure) [DefNew: 623615K->5874K(623616K), 0.0458688 secs] 1621089K->1067877K(2009472K), 0.0459099 secs] [Times: user=0.05 sys=0.00, real=0.04 secs] 
[GC (Allocation Failure) [DefNew: 560242K->69247K(623616K), 0.1215286 secs] 1622245K->1170060K(2009472K), 0.1215709 secs] [Times: user=0.12 sys=0.00, real=0.12 secs] 
[GC (Allocation Failure) [DefNew: 623615K->5878K(623616K), 0.0415183 secs] 1724428K->1171238K(2009472K), 0.0415606 secs] [Times: user=0.03 sys=0.00, real=0.04 secs] 
[GC (Allocation Failure) [DefNew: 560246K->69248K(623616K), 0.1200023 secs] 1725606K->1273334K(2009472K), 0.1200491 secs] [Times: user=0.11 sys=0.00, real=0.12 secs] 
[GC (Allocation Failure) [DefNew: 623616K->5833K(623616K), 0.0379787 secs] 1827702K->1274476K(2009472K), 0.0381212 secs] [Times: user=0.05 sys=0.00, real=0.04 secs] 
[GC (Allocation Failure) [DefNew: 560201K->69248K(623616K), 0.1242348 secs] 1828844K->1376549K(2009472K), 0.1242797 secs] [Times: user=0.13 sys=0.00, real=0.12 secs] 
[GC (Allocation Failure) [DefNew: 623616K->623616K(623616K), 0.0000192 secs][Tenured: 1307301K->783853K(1385856K), 2.2946880 secs] 1930917K->783853K(2009472K), [Metaspace: 10570K->10570K(12288K)], 2.2947682 secs] [Times: user=2.29 sys=0.00, real=2.29 secs] 

*** PauseDetector detected a 2291 ms pause at Mon Dec 22 02:26:09 EET 2014 ***

[GC (Allocation Failure) [DefNew: 554368K->69248K(623616K), 0.0985191 secs] 1338221K->891739K(2009472K), 0.0987642 secs] [Times: user=0.11 sys=0.00, real=0.10 secs] 
[GC (Allocation Failure) [DefNew: 623616K->5837K(623616K), 0.0394402 secs] 1446107K->892839K(2009472K), 0.0394851 secs] [Times: user=0.03 sys=0.00, real=0.04 secs] 
[GC (Allocation Failure) [DefNew: 560205K->69248K(623616K), 0.2826424 secs] 1447207K->1019532K(2009472K), 0.2827881 secs] [Times: user=0.28 sys=0.00, real=0.28 secs] 
[GC (Allocation Failure) [DefNew: 623616K->5876K(623616K), 0.1167072 secs] 1573900K->1021136K(2009472K), 0.1168207 secs] [Times: user=0.13 sys=0.00, real=0.12 secs] 
[GC (Allocation Failure) [DefNew: 560244K->69247K(623616K), 0.4125596 secs] 1575504K->1140185K(2009472K), 0.4126020 secs] [Times: user=0.41 sys=0.00, real=0.41 secs] 

*** PauseDetector detected a 409 ms pause at Mon Dec 22 02:26:18 EET 2014 ***

[GC (Allocation Failure) [DefNew: 623615K->5917K(623616K), 0.0733033 secs] 1694553K->1141757K(2009472K), 0.0733700 secs] [Times: user=0.06 sys=0.00, real=0.07 secs] 
[GC (Allocation Failure) [DefNew: 560285K->69248K(623616K), 0.3850572 secs] 1696125K->1258239K(2009472K), 0.3850989 secs] [Times: user=0.37 sys=0.00, real=0.38 secs] 

*** PauseDetector detected a 377 ms pause at Mon Dec 22 02:26:21 EET 2014 ***

[GC (Allocation Failure) [DefNew: 623616K->5887K(623616K), 0.0850909 secs] 1812607K->1259711K(2009472K), 0.0851358 secs] [Times: user=0.08 sys=0.00, real=0.08 secs] 
[GC (Allocation Failure) [DefNew: 560255K->69248K(623616K), 0.3191397 secs] 1814079K->1372207K(2009472K), 0.3191853 secs] [Times: user=0.31 sys=0.00, real=0.32 secs] 
[GC (Allocation Failure) [DefNew: 623616K->623616K(623616K), 0.0000218 secs][Tenured: 1302959K->863637K(1385856K), 2.3878846 secs] 1926575K->863637K(2009472K), [Metaspace: 10570K->10570K(12288K)], 2.3879654 secs] [Times: user=2.39 sys=0.00, real=2.38 secs] 

*** PauseDetector detected a 2385 ms pause at Mon Dec 22 02:26:29 EET 2014 ***

[GC (Allocation Failure) [DefNew: 554368K->69248K(623616K), 0.2684347 secs] 1418005K->980717K(2009472K), 0.2685399 secs] [Times: user=0.26 sys=0.00, real=0.27 secs] 
[GC (Allocation Failure) [DefNew: 623616K->5891K(623616K), 0.0736491 secs] 1535085K->982138K(2009472K), 0.0736933 secs] [Times: user=0.08 sys=0.00, real=0.07 secs] 
[GC (Allocation Failure) [DefNew: 560259K->69248K(623616K), 0.2385334 secs] 1536506K->1090930K(2009472K), 0.2385982 secs] [Times: user=0.23 sys=0.00, real=0.24 secs] 
[GC (Allocation Failure) [DefNew: 623616K->5920K(623616K), 0.0684902 secs] 1645298K->1092238K(2009472K), 0.0685338 secs] [Times: user=0.06 sys=0.00, real=0.07 secs] 
[GC (Allocation Failure) [DefNew: 560288K->69248K(623616K), 0.2311239 secs] 1646606K->1200315K(2009472K), 0.2311771 secs] [Times: user=0.22 sys=0.00, real=0.22 secs] 
[GC (Allocation Failure) [DefNew: 623616K->5916K(623616K), 0.0622066 secs] 1754683K->1201608K(2009472K), 0.0623541 secs] [Times: user=0.05 sys=0.00, real=0.06 secs] 
[GC (Allocation Failure) [DefNew: 560284K->69248K(623616K), 0.2158030 secs] 1755976K->1309048K(2009472K), 0.2158460 secs] [Times: user=0.22 sys=0.00, real=0.21 secs] 
[GC (Allocation Failure) [DefNew: 623616K->5907K(623616K), 0.0688770 secs] 1863416K->1310386K(2009472K), 0.0689207 secs] [Times: user=0.06 sys=0.00, real=0.06 secs] 
[GC (Allocation Failure) [DefNew: 560275K->69248K(623616K), 0.1974328 secs] 1864754K->1417389K(2009472K), 0.1976099 secs] [Times: user=0.19 sys=0.00, real=0.19 secs] 
[GC (Allocation Failure) [DefNew: 623616K->623616K(623616K), 0.0000853 secs][Tenured: 1348141K->858172K(1385856K), 2.2144705 secs] 1971757K->858172K(2009472K), [Metaspace: 10570K->10570K(12288K)]
*** PauseDetector detected a 2218 ms pause at Mon Dec 22 02:26:47 EET 2014 ***
, 2.2146251 secs] [Times: user=2.20 sys=0.00, real=2.21 secs] 

[Full GC (System.gc()) [Tenured: 858172K->851557K(1385856K), 2.1910748 secs] 1025327K->851557K(2009472K), [Metaspace: 10570K->10570K(12288K)], 2.1912018 secs] [Times: user=2.18 sys=0.00, real=2.18 secs] 
[Full GC (System.gc()) [Tenured: 851557K->782266K(1385856K), 2.0163461 secs] 851557K->782266K(2009472K), [Metaspace: 10570K->10570K(12288K)], 2.0163858 secs] [Times: user=2.01 sys=0.00, real=2.02 secs] 

*** PauseDetector detected a 4203 ms pause at Mon Dec 22 02:26:52 EET 2014 ***
[Full GC (System.gc()) [Tenured: 782266K->782266K(1385856K)
, 2.0172873 secs] 782268K->782266K(2009472K), [Metaspace: 10570K->10570K(12288K)], 2.0173925 secs] [Times: user=2.03 sys=0.00, real=2.02 secs] 
[Full GC (System.gc()) [Tenured: 782266K->782435K(1385856K), 2.1771064 secs] 793322K->782435K(2009472K), [Metaspace: 10570K->10570K(12288K)], 2.1771577 secs] [Times: user=2.17 sys=0.00, real=2.18 secs] 
[Full GC (System.gc()) [Tenured: 782435K->782435K(1385856K), 1.9615170 secs] 782437K->782435K(2009472K), [Metaspace: 10570K->10570K(12288K)], 1.9615888 secs] [Times: user=1.97 sys=0.00, real=1.96 secs] 
[Full GC (System.gc()) [Tenured: 782435K->781743K(1385856K), 2.0323694 secs] 793489K->781743K(2009472K), [Metaspace: 10570K->10570K(12288K)], 2.0324131 secs] [Times: user=2.03 sys=0.00, real=2.04 secs] 

*** PauseDetector detected a 4199 ms pause at Mon Dec 22 02:26:56 EET 2014 ***


*** PauseDetector detected a 4009 ms pause at Mon Dec 22 02:27:00 EET 2014 ***

[GC (Allocation Failure) [DefNew: 554368K->69248K(623616K), 0.1739575 secs] 1336111K->893017K(2009472K), 0.1740018 secs] [Times: user=0.17 sys=0.00, real=0.17 secs] 
[GC (Allocation Failure) [DefNew: 623616K->5954K(623616K), 0.0581614 secs] 1447385K->894259K(2009472K), 0.0582737 secs] [Times: user=0.06 sys=0.00, real=0.05 secs] 
[GC (Allocation Failure) [DefNew: 560322K->69248K(623616K), 0.1617047 secs] 1448627K->999263K(2009472K), 0.1617772 secs] [Times: user=0.17 sys=0.00, real=0.16 secs] 
[GC (Allocation Failure) [DefNew: 623616K->5954K(623616K), 0.0520498 secs] 1553631K->1000499K(2009472K), 0.0521037 secs] [Times: user=0.06 sys=0.00, real=0.05 secs] 
[GC (Allocation Failure) [DefNew: 560322K->69247K(623616K), 0.1637173 secs] 1554867K->1105266K(2009472K), 0.1637584 secs] [Times: user=0.16 sys=0.00, real=0.16 secs] 
[GC (Allocation Failure) [DefNew: 623615K->5954K(623616K), 0.0477159 secs] 1659634K->1106500K(2009472K), 0.0478211 secs] [Times: user=0.05 sys=0.00, real=0.04 secs] 
[Full GC (System.gc()) [Tenured: 1100545K->820497K(1385856K), 2.0822423 secs] 1195553K->820497K(2009472K), [Metaspace: 10570K->10570K(12288K)], 2.0822905 secs] [Times: user=2.07 sys=0.00, real=2.08 secs] 
[Full GC (System.gc()) [Tenured: 820497K->820511K(1385856K), 2.0811523 secs] 831630K->820511K(2009472K), [Metaspace: 10570K->10570K(12288K)], 2.0811985 secs] [Times: user=2.08 sys=0.00, real=2.08 secs] 
[Full GC (System.gc()) [Tenured: 820511K->820511K(1385856K), 2.0165251 secs] 820511K->820511K(2009472K), [Metaspace: 10570K->10570K(12288K)], 2.0166373 secs] [Times: user=2.01 sys=0.00, real=2.01 secs] 

*** PauseDetector detected a 2082 ms pause at Mon Dec 22 02:27:12 EET 2014 ***

********************************
********** ROUND   55 **********
********************************

*** PauseDetector detected a 4103 ms pause at Mon Dec 22 02:27:16 EET 2014 ***

[GC (Allocation Failure) [DefNew: 554368K->36449K(623616K), 0.0414285 secs] 1374879K->856961K(2009472K), 0.0414702 secs] [Times: user=0.03 sys=0.00, real=0.03 secs] 
[GC (Allocation Failure) [DefNew: 590817K->5753K(623616K), 0.0278405 secs] 1411329K->857146K(2009472K), 0.0278803 secs] [Times: user=0.03 sys=0.00, real=0.03 secs] 
[GC (Allocation Failure) [DefNew: 560121K->69248K(623616K), 0.1786564 secs] 1411514K->961650K(2009472K), 0.1787001 secs] [Times: user=0.17 sys=0.00, real=0.17 secs] 
[GC (Allocation Failure) [DefNew: 623616K->5889K(623616K), 0.0450604 secs] 1516018K->962888K(2009472K), 0.0452125 secs] [Times: user=0.03 sys=0.00, real=0.04 secs] 
[GC (Allocation Failure) [DefNew: 560257K->69248K(623616K), 0.1458758 secs] 1517256K->1066385K(2009472K), 0.1460233 secs] [Times: user=0.14 sys=0.00, real=0.14 secs] 
[GC (Allocation Failure) [DefNew: 623616K->5875K(623616K), 0.0511933 secs] 1620753K->1067588K(2009472K), 0.0512337 secs] [Times: user=0.05 sys=0.00, real=0.05 secs] 
[GC (Allocation Failure) [DefNew: 560243K->69247K(623616K), 0.1405263 secs] 1621956K->1170950K(2009472K), 0.1406078 secs] [Times: user=0.14 sys=0.00, real=0.13 secs] 
[GC (Allocation Failure) [DefNew: 623615K->5894K(623616K), 0.0425949 secs] 1725318K->1172165K(2009472K), 0.0427418 secs] [Times: user=0.05 sys=0.00, real=0.04 secs] 
[GC (Allocation Failure) [DefNew: 560262K->69248K(623616K), 0.1115508 secs] 1726533K->1275374K(2009472K), 0.1116156 secs] [Times: user=0.09 sys=0.00, real=0.10 secs] 
[GC (Allocation Failure) [DefNew: 623616K->5889K(623616K), 0.0417095 secs] 1829742K->1276582K(2009472K), 0.0417480 secs] [Times: user=0.03 sys=0.00, real=0.04 secs] 
[GC (Allocation Failure) [DefNew: 560257K->69247K(623616K), 0.1369514 secs] 1830950K->1379680K(2009472K), 0.1369938 secs] [Times: user=0.13 sys=0.00, real=0.13 secs] 
[GC (Allocation Failure) [DefNew: 623615K->623615K(623616K), 0.0000205 secs][Tenured: 1310432K->784971K(1385856K), 2.1924503 secs] 1934048K->784971K(2009472K), [Metaspace: 10570K->10570K(12288K)], 2.1925324 secs] [Times: user=2.18 sys=0.00, real=2.19 secs] 
*** PauseDetector detected a 2189 ms pause at Mon Dec 22 02:27:37 EET 2014 ***


[GC (Allocation Failure) [DefNew: 554368K->69248K(623616K), 0.1158789 secs] 1339339K->893850K(2009472K), 0.1159206 secs] [Times: user=0.13 sys=0.00, real=0.11 secs] 
[GC (Allocation Failure) [DefNew: 623616K->5896K(623616K), 0.0457752 secs] 1448218K->895070K(2009472K), 0.0458175 secs] [Times: user=0.05 sys=0.00, real=0.04 secs] 
[GC (Allocation Failure) [DefNew: 560264K->69247K(623616K), 0.1210147 secs] 1449438K->997965K(2009472K), 0.1211494 secs] [Times: user=0.13 sys=0.00, real=0.12 secs] 
[GC (Allocation Failure) [DefNew: 623615K->5890K(623616K), 0.0459497 secs] 1552333K->999159K(2009472K), 0.0459933 secs] [Times: user=0.03 sys=0.00, real=0.04 secs] 
[GC (Allocation Failure) [DefNew: 560258K->69248K(623616K), 0.1043202 secs] 1553527K->1101963K(2009472K), 0.1043626 secs] [Times: user=0.09 sys=0.00, real=0.10 secs] 
[GC (Allocation Failure) [DefNew: 623616K->5859K(623616K), 0.0494238 secs] 1656331K->1103132K(2009472K), 0.0494681 secs] [Times: user=0.05 sys=0.00, real=0.05 secs] 
[GC (Allocation Failure) [DefNew: 560227K->69247K(623616K), 0.1025251 secs] 1657500K->1205896K(2009472K), 0.1025681 secs] [Times: user=0.11 sys=0.00, real=0.10 secs] 
[GC (Allocation Failure) [DefNew: 623615K->5898K(623616K), 0.0511079 secs] 1760264K->1207091K(2009472K), 0.0512286 secs] [Times: user=0.05 sys=0.00, real=0.05 secs] 
[GC (Allocation Failure) [DefNew: 560266K->69248K(623616K), 0.1261614 secs] 1761459K->1309257K(2009472K), 0.1262089 secs] [Times: user=0.13 sys=0.00, real=0.12 secs] 
[GC (Allocation Failure) [DefNew: 623616K->5897K(623616K), 0.0426366 secs] 1863625K->1310446K(2009472K), 0.0426802 secs] [Times: user=0.03 sys=0.00, real=0.04 secs] 
[GC (Allocation Failure) [DefNew: 560265K->560265K(623616K), 0.0000212 secs][Tenured: 1304549K->852118K(1385856K), 2.1695473 secs] 1864814K->852118K(2009472K), [Metaspace: 10570K->10570K(12288K)], 2.1697385 secs] [Times: user=2.17 sys=0.00, real=2.17 secs] 

*** PauseDetector detected a 2173 ms pause at Mon Dec 22 02:27:56 EET 2014 ***

[GC (Allocation Failure) [DefNew: 554368K->5896K(623616K), 0.0120045 secs] 1406486K->858015K(2009472K), 0.0121136 secs] [Times: user=0.01 sys=0.00, real=0.01 secs] 
[GC (Allocation Failure) [DefNew: 560264K->69248K(623616K), 0.1109105 secs] 1412383K->960047K(2009472K), 0.1110196 secs] [Times: user=0.11 sys=0.00, real=0.11 secs] 
[GC (Allocation Failure) [DefNew: 623616K->5900K(623616K), 0.0399914 secs] 1514415K->961230K(2009472K), 0.0400350 secs] [Times: user=0.03 sys=0.00, real=0.03 secs] 
[GC (Allocation Failure) [DefNew: 560268K->69248K(623616K), 0.0924357 secs] 1515598K->1063196K(2009472K), 0.0924793 secs] [Times: user=0.08 sys=0.00, real=0.09 secs] 
[GC (Allocation Failure) [DefNew: 623616K->5898K(623616K), 0.0407279 secs] 1617564K->1064376K(2009472K), 0.0407741 secs] [Times: user=0.03 sys=0.00, real=0.04 secs] 
[GC (Allocation Failure) [DefNew: 560266K->69248K(623616K), 0.3125707 secs] 1618744K->1190992K(2009472K), 0.3126111 secs] [Times: user=0.30 sys=0.00, real=0.31 secs] 
[GC (Allocation Failure) [DefNew: 623616K->5908K(623616K), 0.1144681 secs] 1745360K->1192644K(2009472K), 0.1145098 secs] [Times: user=0.11 sys=0.00, real=0.11 secs] 
[GC (Allocation Failure) [DefNew: 560276K->69247K(623616K), 0.4199942 secs] 1747012K->1311687K(2009472K), 0.4200391 secs] [Times: user=0.41 sys=0.00, real=0.41 secs] 

*** PauseDetector detected a 412 ms pause at Mon Dec 22 02:28:09 EET 2014 ***

[GC (Allocation Failure) [DefNew: 623615K->5900K(623616K), 0.0854399 secs] 1866055K->1313193K(2009472K), 0.0854817 secs] [Times: user=0.08 sys=0.00, real=0.08 secs] 
[GC (Allocation Failure) [DefNew: 560268K->560268K(623616K), 0.0000205 secs][Tenured: 1307292K->866106K(1385856K), 2.4544237 secs] 1867561K->866106K(2009472K), [Metaspace: 10570K->10570K(12288K)], 2.4545148 secs] [Times: user=2.47 sys=0.00, real=2.46 secs] 

*** PauseDetector detected a 2456 ms pause at Mon Dec 22 02:28:15 EET 2014 ***

[GC (Allocation Failure) [DefNew: 554368K->5905K(623616K), 0.0115875 secs] 1420474K->872012K(2009472K), 0.0116324 secs] [Times: user=0.00 sys=0.00, real=0.01 secs] 
[GC (Allocation Failure) [DefNew: 560273K->69248K(623616K), 0.3214648 secs] 1426380K->984480K(2009472K), 0.3215065 secs] [Times: user=0.31 sys=0.00, real=0.32 secs] 
[GC (Allocation Failure) [DefNew: 623616K->5870K(623616K), 0.0728477 secs] 1538848K->985826K(2009472K), 0.0728939 secs] [Times: user=0.06 sys=0.00, real=0.07 secs] 
[GC (Allocation Failure) [DefNew: 560238K->69248K(623616K), 0.2731394 secs] 1540194K->1097105K(2009472K), 0.2732491 secs] [Times: user=0.26 sys=0.00, real=0.27 secs] 
[GC (Allocation Failure) [DefNew: 623616K->5897K(623616K), 0.0703032 secs] 1651473K->1098462K(2009472K), 0.0703411 secs] [Times: user=0.06 sys=0.00, real=0.07 secs] 
[GC (Allocation Failure) [DefNew: 560265K->69247K(623616K), 0.2828118 secs] 1652830K->1207235K(2009472K), 0.2828548 secs] [Times: user=0.26 sys=0.00, real=0.28 secs] 
[GC (Allocation Failure) [DefNew: 623615K->5912K(623616K), 0.0716948 secs] 1761603K->1208548K(2009472K), 0.0717474 secs] [Times: user=0.06 sys=0.00, real=0.06 secs] 
[GC (Allocation Failure) [DefNew: 560280K->69247K(623616K), 0.2315178 secs] 1762916K->1316620K(2009472K), 0.2316205 secs] [Times: user=0.22 sys=0.00, real=0.22 secs] 
[GC (Allocation Failure) [DefNew: 623615K->5908K(623616K), 0.0532405 secs] 1870988K->1317918K(2009472K), 0.0532951 secs] [Times: user=0.03 sys=0.00, real=0.05 secs] 
[GC (Allocation Failure) [DefNew: 560276K->560276K(623616K), 0.0000212 secs][Tenured: 1312009K->857428K(1385856K), 2.5235118 secs] 1872286K->857428K(2009472K), [Metaspace: 10570K->10570K(12288K)], 2.5237049 secs] [Times: user=2.53 sys=0.00, real=2.52 secs] 

*** PauseDetector detected a 2525 ms pause at Mon Dec 22 02:28:34 EET 2014 ***

[GC (Allocation Failure) [DefNew: 554368K->5907K(623616K), 0.0122894 secs] 1411796K->863336K(2009472K), 0.0123304 secs] [Times: user=0.02 sys=0.00, real=0.01 secs] 
[GC (Allocation Failure) [DefNew: 560275K->69247K(623616K), 0.1802456 secs] 1417704K->970383K(2009472K), 0.1802835 secs] [Times: user=0.17 sys=0.00, real=0.17 secs] 
[GC (Allocation Failure) [DefNew: 623615K->5916K(623616K), 0.0588030 secs] 1524751K->971677K(2009472K), 0.0588447 secs] [Times: user=0.06 sys=0.00, real=0.05 secs] 
[GC (Allocation Failure) [DefNew: 560284K->69247K(623616K), 0.1782022 secs] 1526045K->1077279K(2009472K), 0.1782413 secs] [Times: user=0.17 sys=0.00, real=0.17 secs] 
[GC (Allocation Failure) [DefNew: 623615K->5903K(623616K), 0.0473348 secs] 1631647K->1078520K(2009472K), 0.0474811 secs] [Times: user=0.05 sys=0.00, real=0.05 secs] 
[GC (Allocation Failure) [DefNew: 560271K->69248K(623616K), 0.1679986 secs] 1632888K->1183792K(2009472K), 0.1680409 secs] [Times: user=0.17 sys=0.00, real=0.17 secs] 
[GC (Allocation Failure) [DefNew: 623616K->5912K(623616K), 0.0564985 secs] 1738160K->1185063K(2009472K), 0.0565427 secs] [Times: user=0.05 sys=0.00, real=0.05 secs] 
[GC (Allocation Failure) [DefNew: 560280K->69248K(623616K), 0.1633651 secs] 1739431K->1290081K(2009472K), 0.1634107 secs] [Times: user=0.16 sys=0.00, real=0.16 secs] 
[GC (Allocation Failure) [DefNew: 623616K->5911K(623616K), 0.0454678 secs] 1844449K->1291327K(2009472K), 0.0455788 secs] [Times: user=0.03 sys=0.00, real=0.04 secs] 
[GC (Allocation Failure) [DefNew: 560279K->69247K(623616K), 0.1544536 secs] 1845695K->1396090K(2009472K), 0.1546243 secs] [Times: user=0.16 sys=0.00, real=0.15 secs] 
[GC (Allocation Failure) [DefNew: 623615K->623615K(623616K), 0.0000199 secs][Tenured: 1326842K->786671K(1385856K), 2.3253207 secs] 1950458K->786671K(2009472K), [Metaspace: 10570K->10570K(12288K)], 2.3254028 secs] [Times: user=2.33 sys=0.00, real=2.32 secs] 

*** PauseDetector detected a 2321 ms pause at Mon Dec 22 02:28:54 EET 2014 ***

[GC (Allocation Failure) [DefNew: 554368K->69248K(623616K), 0.1382712 secs] 1341039K->897141K(2009472K), 0.1383347 secs] [Times: user=0.13 sys=0.00, real=0.13 secs] 
[GC (Allocation Failure) [DefNew: 623616K->5913K(623616K), 0.0428258 secs] 1451509K->898377K(2009472K), 0.0429285 secs] [Times: user=0.05 sys=0.00, real=0.04 secs] 
[GC (Allocation Failure) [DefNew: 560281K->69247K(623616K), 0.1410415 secs] 1452745K->1002737K(2009472K), 0.1411512 secs] [Times: user=0.14 sys=0.00, real=0.14 secs] 
[GC (Allocation Failure) [DefNew: 623615K->5913K(623616K), 0.0444702 secs] 1557105K->1003984K(2009472K), 0.0445934 secs] [Times: user=0.03 sys=0.00, real=0.04 secs] 
[GC (Allocation Failure) [DefNew: 560281K->69247K(623616K), 0.1440511 secs] 1558352K->1107488K(2009472K), 0.1440935 secs] [Times: user=0.13 sys=0.00, real=0.14 secs] 
[GC (Allocation Failure) [DefNew: 623615K->5893K(623616K), 0.0423960 secs] 1661856K->1108677K(2009472K), 0.0425031 secs] [Times: user=0.03 sys=0.00, real=0.03 secs] 
[GC (Allocation Failure) [DefNew: 560261K->69247K(623616K), 0.1599256 secs] 1663045K->1212056K(2009472K), 0.1599705 secs] [Times: user=0.16 sys=0.00, real=0.15 secs] 
[GC (Allocation Failure) [DefNew: 623615K->5914K(623616K), 0.0475613 secs] 1766424K->1213256K(2009472K), 0.0476062 secs] [Times: user=0.05 sys=0.00, real=0.04 secs] 
[GC (Allocation Failure) [DefNew: 560282K->69248K(623616K), 0.1194422 secs] 1767624K->1316472K(2009472K), 0.1194813 secs] [Times: user=0.11 sys=0.00, real=0.11 secs] 
[GC (Allocation Failure) [DefNew: 623616K->5891K(623616K), 0.0417063 secs] 1870840K->1317655K(2009472K), 0.0417711 secs] [Times: user=0.03 sys=0.00, real=0.03 secs] 
[GC (Allocation Failure) [DefNew: 560259K->560259K(623616K), 0.0000199 secs][Tenured: 1311763K->853119K(1385856K), 2.2126914 secs] 1872023K->853119K(2009472K), [Metaspace: 10570K->10570K(12288K)], 2.2127799 secs] [Times: user=2.20 sys=0.00, real=2.20 secs] 

*** PauseDetector detected a 2204 ms pause at Mon Dec 22 02:29:13 EET 2014 ***

[GC (Allocation Failure) [DefNew: 554368K->5913K(623616K), 0.0110120 secs] 1407487K->859032K(2009472K), 0.0110518 secs] [Times: user=0.00 sys=0.00, real=0.00 secs] 
[GC (Allocation Failure) [DefNew: 560281K->69247K(623616K), 0.1056733 secs] 1413400K->962026K(2009472K), 0.1057811 secs] [Times: user=0.11 sys=0.00, real=0.10 secs] 
[GC (Allocation Failure) [DefNew: 623615K->5867K(623616K), 0.0477730 secs] 1516394K->963181K(2009472K), 0.0478154 secs] [Times: user=0.05 sys=0.00, real=0.05 secs] 
[GC (Allocation Failure) [DefNew: 560235K->69248K(623616K), 0.1023641 secs] 1517549K->1066123K(2009472K), 0.1025707 secs] [Times: user=0.09 sys=0.00, real=0.10 secs] 
[GC (Allocation Failure) [DefNew: 623616K->5908K(623616K), 0.0470583 secs] 1620491K->1067315K(2009472K), 0.0471103 secs] [Times: user=0.05 sys=0.00, real=0.05 secs] 
[GC (Allocation Failure) [DefNew: 560276K->69248K(623616K), 0.0963724 secs] 1621683K->1170127K(2009472K), 0.0964141 secs] [Times: user=0.09 sys=0.00, real=0.10 secs] 
[GC (Allocation Failure) [DefNew: 623616K->5921K(623616K), 0.0557683 secs] 1724495K->1171333K(2009472K), 0.0558293 secs] [Times: user=0.05 sys=0.00, real=0.05 secs] 
[GC (Allocation Failure) [DefNew: 560289K->69247K(623616K), 0.1079163 secs] 1725701K->1274048K(2009472K), 0.1079586 secs] [Times: user=0.11 sys=0.00, real=0.11 secs] 
[GC (Allocation Failure) [DefNew: 623615K->5915K(623616K), 0.0455628 secs] 1828416K->1275246K(2009472K), 0.0456674 secs] [Times: user=0.05 sys=0.00, real=0.05 secs] 
[GC (Allocation Failure) [DefNew: 560283K->69247K(623616K), 0.1020747 secs] 1829614K->1377420K(2009472K), 0.1022223 secs] [Times: user=0.11 sys=0.00, real=0.10 secs] 
[GC (Allocation Failure) [DefNew: 623615K->623615K(623616K), 0.0000225 secs][Tenured: 1308172K->852391K(1385856K), 2.2824095 secs] 1931788K->852391K(2009472K), [Metaspace: 10570K->10570K(12288K)], 2.2825032 secs] [Times: user=2.29 sys=0.00, real=2.28 secs] 

*** PauseDetector detected a 2284 ms pause at Mon Dec 22 02:29:32 EET 2014 ***

[GC (Allocation Failure) [DefNew: 554368K->69248K(623616K), 0.1055251 secs] 1406759K->960409K(2009472K), 0.1055688 secs] [Times: user=0.11 sys=0.00, real=0.11 secs] 
[GC (Allocation Failure) [DefNew: 623616K->5916K(623616K), 0.0401659 secs] 1514777K->961592K(2009472K), 0.0402044 secs] [Times: user=0.03 sys=0.00, real=0.03 secs] 
[GC (Allocation Failure) [DefNew: 560284K->69247K(623616K), 0.1168554 secs] 1515960K->1063626K(2009472K), 0.1169003 secs] [Times: user=0.13 sys=0.00, real=0.12 secs] 
[GC (Allocation Failure) [DefNew: 623615K->5916K(623616K), 0.0423735 secs] 1617994K->1064804K(2009472K), 0.0424197 secs] [Times: user=0.03 sys=0.00, real=0.03 secs] 
[GC (Allocation Failure) [DefNew: 560284K->69248K(623616K), 0.0960766 secs] 1619172K->1166735K(2009472K), 0.0961183 secs] [Times: user=0.09 sys=0.00, real=0.09 secs] 
[GC (Allocation Failure) [DefNew: 623616K->5919K(623616K), 0.0433513 secs] 1721103K->1167953K(2009472K), 0.0433917 secs] [Times: user=0.03 sys=0.00, real=0.04 secs] 
[GC (Allocation Failure) [DefNew: 560287K->69247K(623616K), 0.3427953 secs] 1722321K->1294566K(2009472K), 0.3428370 secs] [Times: user=0.34 sys=0.00, real=0.33 secs] 
[GC (Allocation Failure) [DefNew: 623615K->5920K(623616K), 0.1156011 secs] 1848934K->1296213K(2009472K), 0.1156460 secs] [Times: user=0.11 sys=0.00, real=0.11 secs] 
[GC (Allocation Failure) [DefNew: 560288K->69247K(623616K), 0.4050346 secs] 1850581K->1415262K(2009472K), 0.4052315 secs] [Times: user=0.41 sys=0.00, real=0.40 secs] 

*** PauseDetector detected a 405 ms pause at Mon Dec 22 02:29:47 EET 2014 ***

[Full GC (System.gc()) [Tenured: 1346014K->865485K(1385856K), 2.4285272 secs] 1572302K->865485K(2009472K), [Metaspace: 10570K->10570K(12288K)], 2.4285811 secs] [Times: user=2.42 sys=0.00, real=2.43 secs] 
[Full GC (System.gc()) [Tenured: 865485K->796204K(1385856K), 2.1362021 secs] 865485K->796204K(2009472K), [Metaspace: 10570K->10570K(12288K)], 2.1363182 secs] [Times: user=2.12 sys=0.00, real=2.13 secs] 
[Full GC (System.gc()) [Tenured: 796204K->796205K(1385856K), 1.9840029 secs] 796206K->796205K(2009472K), [Metaspace: 10570K->10570K(12288K)], 1.9841171 secs] [Times: user=1.98 sys=0.00, real=1.98 secs] 

*** PauseDetector detected a 4563 ms pause at Mon Dec 22 02:29:52 EET 2014 ***

[Full GC (System.gc()) [Tenured: 796205K->796206K(1385856K), 2.1122238 secs] 807338K->796206K(2009472K), [Metaspace: 10570K->10570K(12288K)], 2.1122751 secs] [Times: user=2.11 sys=0.00, real=2.12 secs] 

*** PauseDetector detected a 4104 ms pause at Mon Dec 22 02:29:56 EET 2014 ***

[Full GC (System.gc()) [Tenured: 796206K->796207K(1385856K), 2.1047321 secs] 807340K->796207K(2009472K), [Metaspace: 10570K->10570K(12288K)], 2.1048874 secs] [Times: user=2.11 sys=0.00, real=2.10 secs] 
[Full GC (System.gc()) [Tenured: 796207K->794451K(1385856K), 1.9675773 secs] 796209K->794451K(2009472K), [Metaspace: 10570K->10570K(12288K)], 1.9676280 secs] [Times: user=1.97 sys=0.00, real=1.97 secs] 

*** PauseDetector detected a 2104 ms pause at Mon Dec 22 02:29:59 EET 2014 ***


*** PauseDetector detected a 1977 ms pause at Mon Dec 22 02:30:01 EET 2014 ***

[GC (Allocation Failure) [DefNew: 554368K->69248K(623616K), 0.3417636 secs] 1348819K->916947K(2009472K), 0.3418073 secs] [Times: user=0.33 sys=0.00, real=0.33 secs] 
[GC (Allocation Failure) [DefNew: 623616K->5954K(623616K), 0.0844712 secs] 1471315K->918412K(2009472K), 0.0845122 secs] [Times: user=0.08 sys=0.00, real=0.08 secs] 
[GC (Allocation Failure) [DefNew: 560322K->69248K(623616K), 0.3475596 secs] 1472780K->1030886K(2009472K), 0.3476809 secs] [Times: user=0.34 sys=0.00, real=0.35 secs] 
[GC (Allocation Failure) [DefNew: 623616K->5954K(623616K), 0.0646247 secs] 1585254K->1032258K(2009472K), 0.0647793 secs] [Times: user=0.06 sys=0.00, real=0.06 secs] 
[GC (Allocation Failure) [DefNew: 560322K->69247K(623616K), 0.3232369 secs] 1586626K->1143507K(2009472K), 0.3232786 secs] [Times: user=0.33 sys=0.00, real=0.32 secs] 
[Full GC (System.gc()) [Tenured: 1074259K->860366K(1385856K), 2.2138668 secs] 1499711K->860366K(2009472K), [Metaspace: 10570K->10570K(12288K)], 2.2140349 secs] [Times: user=2.22 sys=0.00, real=2.21 secs] 
[Full GC (System.gc()) [Tenured: 860366K->860366K(1385856K), 1.9928201 secs] 860366K->860366K(2009472K), [Metaspace: 10570K->10570K(12288K)], 1.9929330 secs] [Times: user=1.98 sys=0.00, real=1.99 secs] 
[Full GC (System.gc()) [Tenured: 860366K->860288K(1385856K), 2.1233192 secs] 860368K->860288K(2009472K), [Metaspace: 10570K->10570K(12288K)], 2.1233757 secs] [Times: user=2.12 sys=0.00, real=2.12 secs] 

*** PauseDetector detected a 4205 ms pause at Mon Dec 22 02:30:15 EET 2014 ***

********************************
********** ROUND   56 **********
********************************

*** PauseDetector detected a 2156 ms pause at Mon Dec 22 02:30:17 EET 2014 ***

[GC (Allocation Failure) [DefNew: 554368K->69248K(623616K), 0.2153809 secs] 1414656K->974940K(2009472K), 0.2155272 secs] [Times: user=0.22 sys=0.00, real=0.21 secs] 
[GC (Allocation Failure) [DefNew: 623616K->5878K(623616K), 0.0582885 secs] 1529308K->976238K(2009472K), 0.0583545 secs] [Times: user=0.06 sys=0.00, real=0.05 secs] 
[GC (Allocation Failure) [DefNew: 560246K->69248K(623616K), 0.2337851 secs] 1530606K->1084311K(2009472K), 0.2339308 secs] [Times: user=0.23 sys=0.00, real=0.23 secs] 
[GC (Allocation Failure) [DefNew: 623616K->5861K(623616K), 0.0619166 secs] 1638679K->1085594K(2009472K), 0.0620199 secs] [Times: user=0.05 sys=0.00, real=0.05 secs] 
[GC (Allocation Failure) [DefNew: 560229K->69247K(623616K), 0.2029260 secs] 1639962K->1193114K(2009472K), 0.2030312 secs] [Times: user=0.20 sys=0.00, real=0.20 secs] 
[GC (Allocation Failure) [DefNew: 623615K->5883K(623616K), 0.0552544 secs] 1747482K->1194404K(2009472K), 0.0552936 secs] [Times: user=0.05 sys=0.00, real=0.06 secs] 
[GC (Allocation Failure) [DefNew: 560251K->69248K(623616K), 0.1785615 secs] 1748772K->1301449K(2009472K), 0.1786006 secs] [Times: user=0.17 sys=0.00, real=0.18 secs] 
[GC (Allocation Failure) [DefNew: 623616K->5896K(623616K), 0.0693871 secs] 1855817K->1302749K(2009472K), 0.0694301 secs] [Times: user=0.06 sys=0.00, real=0.06 secs] 
[GC (Allocation Failure) [DefNew: 560264K->69248K(623616K), 0.1753151 secs] 1857117K->1408335K(2009472K), 0.1754575 secs] [Times: user=0.17 sys=0.00, real=0.17 secs] 
[GC (Allocation Failure) [DefNew: 623616K->623616K(623616K), 0.0000808 secs][Tenured: 1339087K->787465K(1385856K), 2.2629505 secs] 1962703K->787465K(2009472K), [Metaspace: 10570K->10570K(12288K)], 2.2632040 secs] [Times: user=2.26 sys=0.00, real=2.26 secs] 

*** PauseDetector detected a 2257 ms pause at Mon Dec 22 02:30:35 EET 2014 ***

[GC (Allocation Failure) [DefNew: 554368K->69248K(623616K), 0.1485146 secs] 1341833K->898655K(2009472K), 0.1486634 secs] [Times: user=0.16 sys=0.00, real=0.14 secs] 
[GC (Allocation Failure) [DefNew: 623616K->5888K(623616K), 0.0529441 secs] 1453023K->899887K(2009472K), 0.0529865 secs] [Times: user=0.05 sys=0.00, real=0.05 secs] 
[GC (Allocation Failure) [DefNew: 560256K->69248K(623616K), 0.1617977 secs] 1454255K->1004901K(2009472K), 0.1618388 secs] [Times: user=0.16 sys=0.00, real=0.16 secs] 
[GC (Allocation Failure) [DefNew: 623616K->5891K(623616K), 0.0467985 secs] 1559269K->1006155K(2009472K), 0.0469140 secs] [Times: user=0.05 sys=0.00, real=0.05 secs] 
[GC (Allocation Failure) [DefNew: 560259K->69247K(623616K), 0.1563450 secs] 1560523K->1110927K(2009472K), 0.1564598 secs] [Times: user=0.16 sys=0.00, real=0.15 secs] 
[GC (Allocation Failure) [DefNew: 623615K->5894K(623616K), 0.0527619 secs] 1665295K->1112158K(2009472K), 0.0529236 secs] [Times: user=0.06 sys=0.00, real=0.05 secs] 
[GC (Allocation Failure) [DefNew: 560262K->69247K(623616K), 0.1484530 secs] 1666526K->1216708K(2009472K), 0.1485646 secs] [Times: user=0.14 sys=0.00, real=0.15 secs] 
[GC (Allocation Failure) [DefNew: 623615K->5899K(623616K), 0.0487598 secs] 1771076K->1217955K(2009472K), 0.0488631 secs] [Times: user=0.05 sys=0.00, real=0.05 secs] 
[GC (Allocation Failure) [DefNew: 560267K->69248K(623616K), 0.1570161 secs] 1772323K->1322333K(2009472K), 0.1570610 secs] [Times: user=0.16 sys=0.00, real=0.15 secs] 
[GC (Allocation Failure) [DefNew: 623616K->5896K(623616K), 0.0482106 secs] 1876701K->1323559K(2009472K), 0.0482516 secs] [Times: user=0.05 sys=0.00, real=0.05 secs] 
[GC (Allocation Failure) [DefNew: 560264K->560264K(623616K), 0.0000212 secs][Tenured: 1317663K->853499K(1385856K), 2.2673068 secs] 1877927K->853499K(2009472K), [Metaspace: 10570K->10570K(12288K)], 2.2673857 secs] [Times: user=2.26 sys=0.00, real=2.26 secs] 

*** PauseDetector detected a 2265 ms pause at Mon Dec 22 02:30:55 EET 2014 ***

[GC (Allocation Failure) [DefNew: 554368K->5874K(623616K), 0.0118461 secs] 1407867K->859373K(2009472K), 0.0118833 secs] [Times: user=0.00 sys=0.00, real=0.01 secs] 
[GC (Allocation Failure) [DefNew: 560242K->69248K(623616K), 0.1201017 secs] 1413741K->962747K(2009472K), 0.1202454 secs] [Times: user=0.11 sys=0.00, real=0.11 secs] 
[GC (Allocation Failure) [DefNew: 623616K->5898K(623616K), 0.0450367 secs] 1517115K->963956K(2009472K), 0.0451400 secs] [Times: user=0.05 sys=0.00, real=0.05 secs] 
[GC (Allocation Failure) [DefNew: 560266K->69248K(623616K), 0.1129257 secs] 1518324K->1067172K(2009472K), 0.1130733 secs] [Times: user=0.09 sys=0.00, real=0.11 secs] 
[GC (Allocation Failure) [DefNew: 623616K->5891K(623616K), 0.0509257 secs] 1621540K->1068370K(2009472K), 0.0509700 secs] [Times: user=0.05 sys=0.00, real=0.04 secs] 
[GC (Allocation Failure) [DefNew: 560259K->69247K(623616K), 0.1133941 secs] 1622738K->1171478K(2009472K), 0.1134345 secs] [Times: user=0.11 sys=0.00, real=0.11 secs] 
[GC (Allocation Failure) [DefNew: 623615K->5901K(623616K), 0.0405771 secs] 1725846K->1172683K(2009472K), 0.0406227 secs] [Times: user=0.03 sys=0.00, real=0.03 secs] 
[GC (Allocation Failure) [DefNew: 560269K->69248K(623616K), 0.1150519 secs] 1727051K->1275672K(2009472K), 0.1151173 secs] [Times: user=0.09 sys=0.00, real=0.11 secs] 
[GC (Allocation Failure) [DefNew: 623616K->5883K(623616K), 0.0462525 secs] 1830040K->1276859K(2009472K), 0.0462929 secs] [Times: user=0.05 sys=0.00, real=0.05 secs] 
[GC (Allocation Failure) [DefNew: 560251K->69247K(623616K), 0.1005151 secs] 1831227K->1379760K(2009472K), 0.1006254 secs] [Times: user=0.09 sys=0.00, real=0.10 secs] 
[GC (Allocation Failure) [DefNew: 623615K->623615K(623616K), 0.0000205 secs][Tenured: 1310512K->854037K(1385856K), 2.2586654 secs] 1934128K->854037K(2009472K), [Metaspace: 10570K->10570K(12288K)], 2.2587501 secs] [Times: user=2.25 sys=0.00, real=2.26 secs] 

*** PauseDetector detected a 2259 ms pause at Mon Dec 22 02:31:14 EET 2014 ***

[GC (Allocation Failure) [DefNew: 554368K->69248K(623616K), 0.1019471 secs] 1408405K->962732K(2009472K), 0.1019888 secs] [Times: user=0.09 sys=0.00, real=0.09 secs] 
[GC (Allocation Failure) [DefNew: 623616K->5870K(623616K), 0.0395442 secs] 1517100K->963912K(2009472K), 0.0395852 secs] [Times: user=0.03 sys=0.00, real=0.03 secs] 
[GC (Allocation Failure) [DefNew: 560238K->69247K(623616K), 0.0985839 secs] 1518280K->1066652K(2009472K), 0.0986218 secs] [Times: user=0.09 sys=0.00, real=0.10 secs] 
[GC (Allocation Failure) [DefNew: 623615K->5904K(623616K), 0.0412142 secs] 1621020K->1067866K(2009472K), 0.0412803 secs] [Times: user=0.03 sys=0.00, real=0.03 secs] 
[GC (Allocation Failure) [DefNew: 560272K->69247K(623616K), 0.1168772 secs] 1622234K->1170042K(2009472K), 0.1169195 secs] [Times: user=0.11 sys=0.00, real=0.11 secs] 
[GC (Allocation Failure) [DefNew: 623615K->5908K(623616K), 0.0402865 secs] 1724410K->1171226K(2009472K), 0.0403269 secs] [Times: user=0.05 sys=0.00, real=0.03 secs] 
[GC (Allocation Failure) [DefNew: 560276K->69248K(623616K), 0.1039661 secs] 1725594K->1273323K(2009472K), 0.1040072 secs] [Times: user=0.09 sys=0.00, real=0.10 secs] 
[GC (Allocation Failure) [DefNew: 623616K->5889K(623616K), 0.0389976 secs] 1827691K->1274491K(2009472K), 0.0391483 secs] [Times: user=0.03 sys=0.00, real=0.04 secs] 
[GC (Allocation Failure) [DefNew: 560257K->69248K(623616K), 0.1230786 secs] 1828859K->1376541K(2009472K), 0.1231216 secs] [Times: user=0.11 sys=0.00, real=0.12 secs] 
[GC (Allocation Failure) [DefNew: 623616K->623616K(623616K), 0.0000186 secs][Tenured: 1307293K->853180K(1385856K), 2.1169875 secs] 1930909K->853180K(2009472K), [Metaspace: 10570K->10570K(12288K)], 2.1171806 secs] [Times: user=2.11 sys=0.00, real=2.11 secs] 

*** PauseDetector detected a 2114 ms pause at Mon Dec 22 02:31:31 EET 2014 ***

[GC (Allocation Failure) [DefNew: 554368K->69247K(623616K), 0.1022711 secs] 1407548K->961052K(2009472K), 0.1023121 secs] [Times: user=0.09 sys=0.00, real=0.10 secs] 
[GC (Allocation Failure) [DefNew: 623615K->5914K(623616K), 0.0464963 secs] 1515420K->962242K(2009472K), 0.0465463 secs] [Times: user=0.05 sys=0.00, real=0.04 secs] 
[GC (Allocation Failure) [DefNew: 560282K->69248K(623616K), 0.3119637 secs] 1516610K->1088847K(2009472K), 0.3120285 secs] [Times: user=0.30 sys=0.00, real=0.31 secs] 
[GC (Allocation Failure) [DefNew: 623616K->5910K(623616K), 0.0941891 secs] 1643215K->1090496K(2009472K), 0.0942360 secs] [Times: user=0.08 sys=0.00, real=0.09 secs] 
[GC (Allocation Failure) [DefNew: 560278K->69247K(623616K), 0.4825440 secs] 1644864K->1209543K(2009472K), 0.4826582 secs] [Times: user=0.47 sys=0.00, real=0.48 secs] 

*** PauseDetector detected a 477 ms pause at Mon Dec 22 02:31:40 EET 2014 ***

[GC (Allocation Failure) [DefNew: 623615K->5893K(623616K), 0.0697335 secs] 1763911K->1211036K(2009472K), 0.0698452 secs] [Times: user=0.06 sys=0.00, real=0.06 secs] 
[GC (Allocation Failure) [DefNew: 560261K->69247K(623616K), 0.3655494 secs] 1765404K->1327558K(2009472K), 0.3655943 secs] [Times: user=0.36 sys=0.00, real=0.36 secs] 

*** PauseDetector detected a 364 ms pause at Mon Dec 22 02:31:44 EET 2014 ***

[GC (Allocation Failure) [DefNew: 623615K->5911K(623616K), 0.0782954 secs] 1881926K->1329061K(2009472K), 0.0784404 secs] [Times: user=0.08 sys=0.00, real=0.08 secs] 
[GC (Allocation Failure) [DefNew: 560279K->560279K(623616K), 0.0000212 secs][Tenured: 1323150K->793045K(1385856K), 2.4440899 secs] 1883429K->793045K(2009472K), [Metaspace: 10570K->10570K(12288K)], 2.4441752 secs] [Times: user=2.45 sys=0.00, real=2.44 secs] 

*** PauseDetector detected a 2439 ms pause at Mon Dec 22 02:31:49 EET 2014 ***

[GC (Allocation Failure) [DefNew: 554368K->5910K(623616K), 0.0120116 secs] 1347413K->798956K(2009472K), 0.0120546 secs] [Times: user=0.02 sys=0.00, real=0.01 secs] 
[GC (Allocation Failure) [DefNew: 560278K->69248K(623616K), 0.2587546 secs] 1353324K->910199K(2009472K), 0.2588316 secs] [Times: user=0.27 sys=0.00, real=0.26 secs] 
[GC (Allocation Failure) [DefNew: 623616K->5851K(623616K), 0.0801931 secs] 1464567K->911506K(2009472K), 0.0802464 secs] [Times: user=0.06 sys=0.00, real=0.08 secs] 
[GC (Allocation Failure) [DefNew: 560219K->69248K(623616K), 0.2441941 secs] 1465874K->1020333K(2009472K), 0.2442364 secs] [Times: user=0.25 sys=0.00, real=0.24 secs] 
[GC (Allocation Failure) [DefNew: 623616K->5912K(623616K), 0.0600451 secs] 1574701K->1021637K(2009472K), 0.0600855 secs] [Times: user=0.05 sys=0.00, real=0.05 secs] 
[GC (Allocation Failure) [DefNew: 560280K->69247K(623616K), 0.2461951 secs] 1576005K->1129703K(2009472K), 0.2462388 secs] [Times: user=0.25 sys=0.00, real=0.25 secs] 
[GC (Allocation Failure) [DefNew: 623615K->5904K(623616K), 0.0588595 secs] 1684071K->1131003K(2009472K), 0.0589679 secs] [Times: user=0.06 sys=0.00, real=0.06 secs] 
[GC (Allocation Failure) [DefNew: 560272K->69248K(623616K), 0.2287417 secs] 1685371K->1238485K(2009472K), 0.2287834 secs] [Times: user=0.23 sys=0.00, real=0.23 secs] 
[GC (Allocation Failure) [DefNew: 623616K->5913K(623616K), 0.0553616 secs] 1792853K->1239799K(2009472K), 0.0554071 secs] [Times: user=0.06 sys=0.00, real=0.05 secs] 
[GC (Allocation Failure) [DefNew: 560281K->69248K(623616K), 0.2499002 secs] 1794167K->1346847K(2009472K), 0.2499753 secs] [Times: user=0.25 sys=0.00, real=0.24 secs] 
[GC (Allocation Failure) [DefNew: 623616K->5919K(623616K), 0.0579465 secs] 1901215K->1348137K(2009472K), 0.0579908 secs] [Times: user=0.05 sys=0.00, real=0.05 secs] 
[GC (Allocation Failure) [DefNew: 560287K->560287K(623616K), 0.0000192 secs][Tenured: 1342218K->855568K(1385856K), 2.3186797 secs] 1902505K->855568K(2009472K), [Metaspace: 10570K->10570K(12288K)], 2.3188337 secs]
*** PauseDetector detected a 2315 ms pause at Mon Dec 22 02:32:12 EET 2014 ***

 [Times: user=2.31 sys=0.00, real=2.31 secs] 
[GC (Allocation Failure) [DefNew: 554368K->5900K(623616K), 0.0119911 secs] 1409936K->861469K(2009472K), 0.0120360 secs] [Times: user=0.00 sys=0.00, real=0.01 secs] 
[GC (Allocation Failure) [DefNew: 560268K->69247K(623616K), 0.1557733 secs] 1415837K->966754K(2009472K), 0.1558779 secs] [Times: user=0.14 sys=0.00, real=0.15 secs] 
[GC (Allocation Failure) [DefNew: 623615K->5896K(623616K), 0.0551325 secs] 1521122K->967999K(2009472K), 0.0552455 secs] [Times: user=0.05 sys=0.00, real=0.06 secs] 
[GC (Allocation Failure) [DefNew: 560264K->69247K(623616K), 0.1405507 secs] 1522367K->1073042K(2009472K), 0.1406630 secs] [Times: user=0.13 sys=0.00, real=0.13 secs] 
[GC (Allocation Failure) [DefNew: 623615K->5891K(623616K), 0.0535196 secs] 1627410K->1074259K(2009472K), 0.0535632 secs] [Times: user=0.05 sys=0.00, real=0.05 secs] 
[GC (Allocation Failure) [DefNew: 560259K->69248K(623616K), 0.1595535 secs] 1628627K->1179050K(2009472K), 0.1595959 secs] [Times: user=0.16 sys=0.00, real=0.16 secs] 
[GC (Allocation Failure) [DefNew: 623616K->5913K(623616K), 0.0478859 secs] 1733418K->1180281K(2009472K), 0.0480380 secs] [Times: user=0.05 sys=0.00, real=0.05 secs] 
[GC (Allocation Failure) [DefNew: 560281K->69248K(623616K), 0.1561140 secs] 1734649K->1284835K(2009472K), 0.1561570 secs] [Times: user=0.16 sys=0.00, real=0.16 secs] 
[GC (Allocation Failure) [DefNew: 623616K->5900K(623616K), 0.0498543 secs] 1839203K->1286060K(2009472K), 0.0498973 secs] [Times: user=0.03 sys=0.00, real=0.05 secs] 
[GC (Allocation Failure) [DefNew: 560268K->69248K(623616K), 0.1354424 secs] 1840428K->1390438K(2009472K), 0.1354842 secs] [Times: user=0.12 sys=0.00, real=0.13 secs] 
[GC (Allocation Failure) [DefNew: 623616K->623616K(623616K), 0.0000212 secs][Tenured
*** PauseDetector detected a 2221 ms pause at Mon Dec 22 02:32:31 EET 2014 ***

: 1321190K->855558K(1385856K), 2.2204718 secs] 1944806K->855558K(2009472K), [Metaspace: 10570K->10570K(12288K)], 2.2205513 secs] [Times: user=2.23 sys=0.00, real=2.22 secs] 
[GC (Allocation Failure) [DefNew: 554368K->69248K(623616K), 0.1413385 secs] 1409926K->964983K(2009472K), 0.1414482 secs] [Times: user=0.14 sys=0.00, real=0.13 secs] 
[GC (Allocation Failure) [DefNew: 623616K->5919K(623616K), 0.0477243 secs] 1519351K->966191K(2009472K), 0.0477660 secs] [Times: user=0.03 sys=0.00, real=0.04 secs] 
[GC (Allocation Failure) [DefNew: 560287K->69248K(623616K), 0.1181667 secs] 1520559K->1069539K(2009472K), 0.1182091 secs] [Times: user=0.11 sys=0.00, real=0.12 secs] 
[GC (Allocation Failure) [DefNew: 623616K->5904K(623616K), 0.0408164 secs] 1623907K->1070734K(2009472K), 0.0408568 secs] [Times: user=0.03 sys=0.00, real=0.04 secs] 
[GC (Allocation Failure) [DefNew: 560272K->69248K(623616K), 0.1369245 secs] 1625102K->1173967K(2009472K), 0.1369675 secs] [Times: user=0.13 sys=0.00, real=0.13 secs] 
[GC (Allocation Failure) [DefNew: 623616K->5904K(623616K), 0.0428399 secs] 1728335K->1175155K(2009472K), 0.0428804 secs] [Times: user=0.05 sys=0.00, real=0.04 secs] 
[GC (Allocation Failure) [DefNew: 560272K->69247K(623616K), 0.1320838 secs] 1729523K->1278267K(2009472K), 0.1321249 secs] [Times: user=0.13 sys=0.00, real=0.13 secs] 
[GC (Allocation Failure) [DefNew: 623615K->5910K(623616K), 0.0444991 secs] 1832635K->1279464K(2009472K), 0.0445427 secs] [Times: user=0.03 sys=0.00, real=0.04 secs] 
[GC (Allocation Failure) [DefNew: 560278K->69247K(623616K), 0.1488251 secs] 1833832K->1382464K(2009472K), 0.1488713 secs] [Times: user=0.14 sys=0.00, real=0.14 secs] 
[GC (Allocation Failure) [DefNew: 623615K->623615K(623616K), 0.0000212 secs][Tenured: 1313216K->854127K(1385856K), 2.1612370 secs] 1936832K->854127K(2009472K), [Metaspace: 10570K->10570K(12288K)], 2.1614288 secs] [Times: user=2.15 sys=0.00, real=2.15 secs] 

*** PauseDetector detected a 2157 ms pause at Mon Dec 22 02:32:49 EET 2014 ***

[GC (Allocation Failure) [DefNew: 554368K->69247K(623616K), 0.1062514 secs] 1408495K->962940K(2009472K), 0.1062957 secs] [Times: user=0.09 sys=0.00, real=0.10 secs] 
[Full GC (System.gc()) [Tenured: 893692K->780343K(1385856K), 2.2219551 secs] 1097384K->780343K(2009472K), [Metaspace: 10570K->10570K(12288K)], 2.2220257 secs] [Times: user=2.22 sys=0.00, real=2.22 secs] 
[Full GC (System.gc()) [Tenured: 780343K->780343K(1385856K), 1.8863904 secs] 780343K->780343K(2009472K), [Metaspace: 10570K->10570K(12288K)], 1.8865456 secs] [Times: user=1.89 sys=0.00, real=1.88 secs] 
[Full GC (System.gc()) [Tenured: 780343K->780344K(1385856K), 1.8756190 secs] 780345K->780344K(2009472K), [Metaspace: 10570K->10570K(12288K)], 1.8756818 secs] [Times: user=1.87 sys=0.00, real=1.87 secs] 

*** PauseDetector detected a 4103 ms pause at Mon Dec 22 02:32:55 EET 2014 ***

[Full GC (System.gc()) [Tenured: 780344K->780344K(1385856K), 2.0032329 secs] 780346K->780344K(2009472K), [Metaspace: 10570K->10570K(12288K)], 2.0033554 secs] [Times: user=2.00 sys=0.00, real=2.00 secs] 
[Full GC (System.gc()) [Tenured: 780344K->780265K(1385856K), 1.9937260 secs] 780344K->780265K(2009472K), [Metaspace: 10570K->10570K(12288K)], 1.9938768 secs] [Times: user=2.00 sys=0.00, real=1.99 secs] 
[Full GC (System.gc()) [Tenured: 780265K->780266K(1385856K), 1.8777240 secs] 791383K->780266K(2009472K), [Metaspace: 10570K->10570K(12288K)], 1.8778773 secs] [Times: user=1.89 sys=0.00, real=1.88 secs] 

*** PauseDetector detected a 5880 ms pause at Mon Dec 22 02:33:01 EET 2014 ***


*** PauseDetector detected a 1891 ms pause at Mon Dec 22 02:33:02 EET 2014 ***

[GC (Allocation Failure) [DefNew: 554368K->69248K(623616K), 0.1141627 secs] 1334634K->889026K(2009472K), 0.1142101 secs] [Times: user=0.11 sys=0.00, real=0.11 secs] 
[GC (Allocation Failure) [DefNew: 623616K->5954K(623616K), 0.0462749 secs] 1443394K->890224K(2009472K), 0.0463827 secs] [Times: user=0.05 sys=0.00, real=0.05 secs] 
[GC (Allocation Failure) [DefNew: 560322K->69247K(623616K), 0.1023519 secs] 1444592K->992946K(2009472K), 0.1023962 secs] [Times: user=0.09 sys=0.00, real=0.10 secs] 
[GC (Allocation Failure) [DefNew: 623615K->5954K(623616K), 0.0615393 secs] 1547314K->994144K(2009472K), 0.0616907 secs] [Times: user=0.05 sys=0.00, real=0.06 secs] 
[GC (Allocation Failure) [DefNew: 560322K->69247K(623616K), 0.1144668 secs] 1548512K->1096318K(2009472K), 0.1146169 secs] [Times: user=0.12 sys=0.00, real=0.12 secs] 
[GC (Allocation Failure) [DefNew: 623615K->5954K(623616K), 0.0481548 secs] 1650686K->1097500K(2009472K), 0.0481965 secs] [Times: user=0.05 sys=0.00, real=0.04 secs] 
[Full GC (System.gc()) [Tenured: 1091545K->849144K(1385856K), 2.0354150 secs] 1364286K->849144K(2009472K), [Metaspace: 10570K->10570K(12288K)], 2.0355799 secs] [Times: user=2.03 sys=0.00, real=2.03 secs] 
[Full GC (System.gc()) [Tenured: 849144K->849145K(1385856K), 1.8762913 secs] 860262K->849145K(2009472K), [Metaspace: 10570K->10570K(12288K)], 1.8763362 secs] [Times: user=1.87 sys=0.00, real=1.88 secs] 
[Full GC (System.gc()) [Tenured: 849145K->779800K(1385856K), 2.1280008 secs] 860263K->779800K(2009472K), [Metaspace: 10570K->10570K(12288K)]
*** PauseDetector detected a 2029 ms pause at Mon Dec 22 02:33:14 EET 2014 ***

, 2.1280476 secs] [Times: user=2.14 sys=0.00, real=2.12 secs] 
********************************
********** ROUND   57 **********
********************************

*** PauseDetector detected a 4018 ms pause at Mon Dec 22 02:33:18 EET 2014 ***

[GC (Allocation Failure) [DefNew: 554368K->5874K(623616K), 0.0115612 secs] 1334168K->785674K(2009472K), 0.0116048 secs] [Times: user=0.02 sys=0.00, real=0.01 secs] 
[GC (Allocation Failure) [DefNew: 560242K->69248K(623616K), 0.1017405 secs] 1340042K->887699K(2009472K), 0.1017802 secs] [Times: user=0.11 sys=0.00, real=0.10 secs] 
[GC (Allocation Failure) [DefNew: 623616K->5881K(623616K), 0.0397674 secs] 1442067K->888893K(2009472K), 0.0398707 secs] [Times: user=0.05 sys=0.00, real=0.04 secs] 
[GC (Allocation Failure) [DefNew: 560249K->69248K(623616K), 0.1153342 secs] 1443261K->990859K(2009472K), 0.1153804 secs] [Times: user=0.11 sys=0.00, real=0.11 secs] 
[GC (Allocation Failure) [DefNew: 623616K->5891K(623616K), 0.0448462 secs] 1545227K->992051K(2009472K), 0.0448898 secs] [Times: user=0.05 sys=0.00, real=0.04 secs] 
[GC (Allocation Failure) [DefNew: 560259K->69248K(623616K), 0.2886841 secs] 1546419K->1118658K(2009472K), 0.2887515 secs] [Times: user=0.28 sys=0.00, real=0.28 secs] 
[GC (Allocation Failure) [DefNew: 623616K->5883K(623616K), 0.0887306 secs] 1673026K->1120301K(2009472K), 0.0888743 secs] [Times: user=0.08 sys=0.00, real=0.08 secs] 
[GC (Allocation Failure) [DefNew: 560251K->69248K(623616K), 0.5210437 secs] 1674669K->1239348K(2009472K), 0.5210860 secs] [Times: user=0.52 sys=0.00, real=0.52 secs] 

*** PauseDetector detected a 521 ms pause at Mon Dec 22 02:33:32 EET 2014 ***

[GC (Allocation Failure) [DefNew: 623616K->5890K(623616K), 0.0804138 secs] 1793716K->1240865K(2009472K), 0.0804536 secs] [Times: user=0.06 sys=0.00, real=0.08 secs] 
[GC (Allocation Failure) [DefNew: 560258K->69248K(623616K), 0.3379411 secs] 1795233K->1357389K(2009472K), 0.3379880 secs] [Times: user=0.33 sys=0.00, real=0.33 secs] 
[GC (Allocation Failure) [DefNew: 623616K->5888K(623616K), 0.0684260 secs] 1911757K->1358870K(2009472K), 0.0685646 secs] [Times: user=0.08 sys=0.00, real=0.07 secs] 
[GC (Allocation Failure) [DefNew: 560256K->560256K(623616K), 0.0000199 secs][Tenured: 1352981K->862276K(1385856K), 2.3109776 secs] 1913238K->862276K(2009472K), [Metaspace: 10570K->10570K(12288K)], 2.3111695 secs] [Times: user=2.31 sys=0.00, real=2.30 secs] 

*** PauseDetector detected a 2307 ms pause at Mon Dec 22 02:33:41 EET 2014 ***

[GC (Allocation Failure) [DefNew: 554368K->5890K(623616K), 0.0115015 secs] 1416644K->868166K(2009472K), 0.0116465 secs] [Times: user=0.00 sys=0.00, real=0.01 secs] 
[GC (Allocation Failure) [DefNew: 560258K->69248K(623616K), 0.3120734 secs] 1422534K->979399K(2009472K), 0.3121171 secs] [Times: user=0.31 sys=0.00, real=0.31 secs] 
[GC (Allocation Failure) [DefNew: 623616K->5898K(623616K), 0.0655922 secs] 1533767K->980784K(2009472K), 0.0656332 secs] [Times: user=0.06 sys=0.00, real=0.06 secs] 
[GC (Allocation Failure) [DefNew: 560266K->69248K(623616K), 0.2557925 secs] 1535152K->1089545K(2009472K), 0.2558996 secs] [Times: user=0.23 sys=0.00, real=0.25 secs] 
[GC (Allocation Failure) [DefNew: 623616K->5897K(623616K), 0.0572677 secs] 1643913K->1090854K(2009472K), 0.0573133 secs] [Times: user=0.06 sys=0.00, real=0.06 secs] 
[GC (Allocation Failure) [DefNew: 560265K->69248K(623616K), 0.2930141 secs] 1645222K->1198910K(2009472K), 0.2930629 secs] [Times: user=0.30 sys=0.00, real=0.28 secs] 
[GC (Allocation Failure) [DefNew: 623616K->5899K(623616K), 0.0614784 secs] 1753278K->1200230K(2009472K), 0.0616246 secs] [Times: user=0.05 sys=0.00, real=0.05 secs] 
[GC (Allocation Failure) [DefNew: 560267K->69247K(623616K), 0.2131739 secs] 1754598K->1307723K(2009472K), 0.2132784 secs] [Times: user=0.20 sys=0.00, real=0.21 secs] 
[GC (Allocation Failure) [DefNew: 623615K->5886K(623616K), 0.0491582 secs] 1862091K->1309005K(2009472K), 0.0492223 secs] [Times: user=0.05 sys=0.00, real=0.04 secs] 
[GC (Allocation Failure) [DefNew: 560254K->69248K(623616K), 0.2404562 secs] 1863373K->1416050K(2009472K), 0.2404992 secs] [Times: user=0.23 sys=0.00, real=0.24 secs] 
[GC (Allocation Failure) [DefNew: 623616K->623616K(623616K), 0.0000225 secs][Tenured: 1346802K->858236K(1385856K), 2.2960392 secs] 1970418K->858236K(2009472K), [Metaspace: 10570K->10570K(12288K)], 2.2962348 secs] [Times: user=2.29 sys=0.00, real=2.29 secs] 

*** PauseDetector detected a 2296 ms pause at Mon Dec 22 02:34:01 EET 2014 ***

[GC (Allocation Failure) [DefNew: 554368K->69247K(623616K), 0.1992228 secs] 1412604K->969742K(2009472K), 0.1992709 secs] [Times: user=0.19 sys=0.00, real=0.19 secs] 
[GC (Allocation Failure) [DefNew: 623615K->5909K(623616K), 0.0551184 secs] 1524110K->971002K(2009472K), 0.0551621 secs] [Times: user=0.06 sys=0.00, real=0.05 secs] 
[GC (Allocation Failure) [DefNew: 560277K->69247K(623616K), 0.1678818 secs] 1525370K->1076282K(2009472K), 0.1679274 secs] [Times: user=0.17 sys=0.00, real=0.17 secs] 
[GC (Allocation Failure) [DefNew: 623615K->5898K(623616K), 0.0457931 secs] 1630650K->1077525K(2009472K), 0.0458310 secs] [Times: user=0.05 sys=0.00, real=0.05 secs] 
[GC (Allocation Failure) [DefNew: 560266K->69248K(623616K), 0.1445868 secs] 1631893K->1182521K(2009472K), 0.1447395 secs] [Times: user=0.12 sys=0.00, real=0.14 secs] 
[GC (Allocation Failure) [DefNew: 623616K->5911K(623616K), 0.0582262 secs] 1736889K->1183779K(2009472K), 0.0582718 secs] [Times: user=0.06 sys=0.00, real=0.06 secs] 
[GC (Allocation Failure) [DefNew: 560279K->69247K(623616K), 0.1370271 secs] 1738147K->1288543K(2009472K), 0.1370682 secs] [Times: user=0.14 sys=0.00, real=0.14 secs] 
[GC (Allocation Failure) [DefNew: 623615K->5900K(623616K), 0.0581845 secs] 1842911K->1289792K(2009472K), 0.0582352 secs] [Times: user=0.05 sys=0.00, real=0.06 secs] 
[GC (Allocation Failure) [DefNew: 560268K->69248K(623616K), 0.1476965 secs] 1844160K->1394353K(2009472K), 0.1477479 secs] [Times: user=0.14 sys=0.00, real=0.15 secs] 
[GC (Allocation Failure) [DefNew: 623616K->623616K(623616K), 0.0000192 secs][Tenured: 1325105K->855680K(1385856K), 2.2377578 secs] 1948721K->855680K(2009472K), [Metaspace: 10570K->10570K(12288K)], 2.2378643 secs] [Times: user=2.25 sys=0.00, real=2.24 secs] 

*** PauseDetector detected a 2237 ms pause at Mon Dec 22 02:34:19 EET 2014 ***

[GC (Allocation Failure) [DefNew: 554368K->69247K(623616K), 0.1406026 secs] 1410048K->965949K(2009472K), 0.1406431 secs] [Times: user=0.14 sys=0.00, real=0.14 secs] 
[GC (Allocation Failure) [DefNew: 623615K->5902K(623616K), 0.0481471 secs] 1520317K->967189K(2009472K), 0.0482478 secs] [Times: user=0.05 sys=0.00, real=0.04 secs] 
[GC (Allocation Failure) [DefNew: 560270K->69248K(623616K), 0.1369271 secs] 1521557K->1070704K(2009472K), 0.1370368 secs] [Times: user=0.14 sys=0.00, real=0.13 secs] 
[GC (Allocation Failure) [DefNew: 623616K->5896K(623616K), 0.0468806 secs] 1625072K->1071897K(2009472K), 0.0469210 secs] [Times: user=0.03 sys=0.00, real=0.04 secs] 
[GC (Allocation Failure) [DefNew: 560264K->69248K(623616K), 0.1380780 secs] 1626265K->1175261K(2009472K), 0.1381185 secs] [Times: user=0.14 sys=0.00, real=0.13 secs] 
[GC (Allocation Failure) [DefNew: 623616K->5867K(623616K), 0.0456539 secs] 1729629K->1176426K(2009472K), 0.0456962 secs] [Times: user=0.05 sys=0.00, real=0.05 secs] 
[GC (Allocation Failure) [DefNew: 560235K->69248K(623616K), 0.1440556 secs] 1730794K->1279677K(2009472K), 0.1440992 secs] [Times: user=0.14 sys=0.00, real=0.14 secs] 
[GC (Allocation Failure) [DefNew: 623616K->5906K(623616K), 0.0419103 secs] 1834045K->1280886K(2009472K), 0.0419520 secs] [Times: user=0.05 sys=0.00, real=0.03 secs] 
[GC (Allocation Failure) [DefNew: 560274K->69247K(623616K), 0.1183291 secs] 1835254K->1383986K(2009472K), 0.1183945 secs] [Times: user=0.11 sys=0.00, real=0.11 secs] 
[GC (Allocation Failure) [DefNew: 623615K->623615K(623616K), 0.0000212 secs][Tenured: 1314738K->784972K(1385856K), 2.4531380 secs] 1938354K->784972K(2009472K), [Metaspace: 10570K->10570K(12288K)], 2.4532368 secs] [Times: user=2.45 sys=0.00, real=2.44 secs] 

*** PauseDetector detected a 2447 ms pause at Mon Dec 22 02:34:37 EET 2014 ***

[GC (Allocation Failure) [DefNew: 554368K->69248K(623616K), 0.1059909 secs] 1339340K->893871K(2009472K), 0.1060570 secs] [Times: user=0.11 sys=0.00, real=0.11 secs] 
[GC (Allocation Failure) [DefNew: 623616K->5908K(623616K), 0.0426680 secs] 1448239K->895073K(2009472K), 0.0427078 secs] [Times: user=0.03 sys=0.00, real=0.03 secs] 
[GC (Allocation Failure) [DefNew: 560276K->69248K(623616K), 0.1374961 secs] 1449441K->997967K(2009472K), 0.1375372 secs] [Times: user=0.14 sys=0.00, real=0.13 secs] 
[GC (Allocation Failure) [DefNew: 623616K->5917K(623616K), 0.0517822 secs] 1552335K->999177K(2009472K), 0.0518964 secs] [Times: user=0.06 sys=0.00, real=0.05 secs] 
[GC (Allocation Failure) [DefNew: 560285K->69248K(623616K), 0.1146458 secs] 1553545K->1101929K(2009472K), 0.1146945 secs] [Times: user=0.13 sys=0.00, real=0.11 secs] 
[GC (Allocation Failure) [DefNew: 623616K->5870K(623616K), 0.0425275 secs] 1656297K->1103134K(2009472K), 0.0425718 secs] [Times: user=0.03 sys=0.00, real=0.03 secs] 
[GC (Allocation Failure) [DefNew: 560238K->69248K(623616K), 0.1159443 secs] 1657502K->1205895K(2009472K), 0.1159860 secs] [Times: user=0.12 sys=0.00, real=0.11 secs] 
[GC (Allocation Failure) [DefNew: 623616K->5887K(623616K), 0.0552525 secs] 1760263K->1207070K(2009472K), 0.0553032 secs] [Times: user=0.05 sys=0.00, real=0.05 secs] 
[GC (Allocation Failure) [DefNew: 560255K->69247K(623616K), 0.1034041 secs] 1761438K->1309257K(2009472K), 0.1034483 secs] [Times: user=0.11 sys=0.00, real=0.10 secs] 
[GC (Allocation Failure) [DefNew: 623615K->5870K(623616K), 0.0431017 secs] 1863625K->1310410K(2009472K), 0.0431441 secs] [Times: user=0.03 sys=0.00, real=0.04 secs] 
[GC (Allocation Failure) [DefNew: 560238K->560238K(623616K), 0.0000321 secs][Tenured: 1304539K->852136K(1385856K), 2.3387380 secs] 1864778K->852136K(2009472K), [Metaspace: 10570K->10570K(12288K)], 2.3389324 secs] [Times: user=2.32 sys=0.00, real=2.33 secs] 

*** PauseDetector detected a 2332 ms pause at Mon Dec 22 02:34:56 EET 2014 ***

[GC (Allocation Failure) [DefNew: 554368K->5913K(623616K), 0.0121078 secs] 1406504K->858050K(2009472K), 0.0121514 secs] [Times: user=0.00 sys=0.00, real=0.00 secs] 
[GC (Allocation Failure) [DefNew: 560281K->69247K(623616K), 0.0925781 secs] 1412418K->960079K(2009472K), 0.0926904 secs] [Times: user=0.09 sys=0.00, real=0.08 secs] 
[GC (Allocation Failure) [DefNew: 623615K->5912K(623616K), 0.0402005 secs] 1514447K->961261K(2009472K), 0.0403519 secs] [Times: user=0.03 sys=0.00, real=0.04 secs] 
[GC (Allocation Failure) [DefNew: 560280K->69247K(623616K), 0.1079253 secs] 1515629K->1063222K(2009472K), 0.1079663 secs] [Times: user=0.09 sys=0.00, real=0.10 secs] 
[GC (Allocation Failure) [DefNew: 623615K->5891K(623616K), 0.0403846 secs] 1617590K->1064386K(2009472K), 0.0404918 secs] [Times: user=0.03 sys=0.00, real=0.04 secs] 
[GC (Allocation Failure) [DefNew: 560259K->69247K(623616K), 0.3004949 secs] 1618754K->1191020K(2009472K), 0.3006046 secs] [Times: user=0.31 sys=0.00, real=0.30 secs] 
[GC (Allocation Failure) [DefNew: 623615K->5913K(623616K), 0.0959156 secs] 1745388K->1192668K(2009472K), 0.0959554 secs] [Times: user=0.09 sys=0.00, real=0.09 secs] 
[GC (Allocation Failure) [DefNew: 560281K->69247K(623616K), 0.4661408 secs] 1747036K->1311721K(2009472K), 0.4662069 secs] [Times: user=0.45 sys=0.00, real=0.46 secs] 

*** PauseDetector detected a 457 ms pause at Mon Dec 22 02:35:10 EET 2014 ***

[GC (Allocation Failure) [DefNew: 623615K->5915K(623616K), 0.0737042 secs] 1866089K->1313225K(2009472K), 0.0738133 secs] [Times: user=0.06 sys=0.00, real=0.07 secs] 
[GC (Allocation Failure) [DefNew: 560283K->560283K(623616K), 0.0000834 secs][Tenured: 1307310K->866116K(1385856K), 2.4577978 secs] 1867593K->866116K(2009472K), [Metaspace: 10570K->10570K(12288K)], 2.4579537 secs] [Times: user=2.45 sys=0.00, real=2.45 secs] 

*** PauseDetector detected a 2454 ms pause at Mon Dec 22 02:35:15 EET 2014 ***

[GC (Allocation Failure) [DefNew: 554368K->5918K(623616K), 0.0126814 secs] 1420484K->872035K(2009472K), 0.0127468 secs] [Times: user=0.02 sys=0.00, real=0.01 secs] 
[GC (Allocation Failure) [DefNew: 560286K->69248K(623616K), 0.2943255 secs] 1426403K->984453K(2009472K), 0.2943653 secs] [Times: user=0.30 sys=0.00, real=0.29 secs] 
[GC (Allocation Failure) [DefNew: 623616K->5916K(623616K), 0.0723980 secs] 1538821K->985879K(2009472K), 0.0724423 secs] [Times: user=0.06 sys=0.00, real=0.06 secs] 
[GC (Allocation Failure) [DefNew: 560284K->69248K(623616K), 0.3147045 secs] 1540247K->1097127K(2009472K), 0.3147475 secs] [Times: user=0.31 sys=0.00, real=0.31 secs] 
[GC (Allocation Failure) [DefNew: 623616K->5915K(623616K), 0.0634628 secs] 1651495K->1098488K(2009472K), 0.0635635 secs] [Times: user=0.06 sys=0.00, real=0.06 secs] 
[GC (Allocation Failure) [DefNew: 560283K->69247K(623616K), 0.2529907 secs] 1652856K->1207211K(2009472K), 0.2530298 secs] [Times: user=0.25 sys=0.00, real=0.25 secs] 
[GC (Allocation Failure) [DefNew: 623615K->5917K(623616K), 0.0741803 secs] 1761579K->1208561K(2009472K), 0.0742239 secs] [Times: user=0.08 sys=0.00, real=0.07 secs] 
[GC (Allocation Failure) [DefNew: 560285K->69248K(623616K), 0.2506220 secs] 1762929K->1316588K(2009472K), 0.2506836 secs] [Times: user=0.25 sys=0.00, real=0.24 secs] 
[GC (Allocation Failure) [DefNew: 623616K->5915K(623616K), 0.0557157 secs] 1870956K->1317933K(2009472K), 0.0558697 secs] [Times: user=0.05 sys=0.00, real=0.05 secs] 
[GC (Allocation Failure) [DefNew: 560283K->560283K(623616K), 0.0000873 secs][Tenured: 1312017K->857445K(1385856K), 2.3952505 secs] 1872301K->857445K(2009472K), [Metaspace: 10570K->10570K(12288K)]
*** PauseDetector detected a 2398 ms pause at Mon Dec 22 02:35:35 EET 2014 ***

, 2.3954257 secs] [Times: user=2.40 sys=0.00, real=2.39 secs] 
[GC (Allocation Failure) [DefNew: 554368K->5923K(623616K), 0.0122342 secs] 1411813K->863369K(2009472K), 0.0122766 secs] [Times: user=0.00 sys=0.00, real=0.01 secs] 
[GC (Allocation Failure) [DefNew: 560291K->69247K(623616K), 0.1847091 secs] 1417737K->970409K(2009472K), 0.1848534 secs] [Times: user=0.17 sys=0.00, real=0.18 secs] 
[GC (Allocation Failure) [DefNew: 623615K->5920K(623616K), 0.0661779 secs] 1524777K->971697K(2009472K), 0.0662222 secs] [Times: user=0.06 sys=0.00, real=0.06 secs] 
[GC (Allocation Failure) [DefNew: 560288K->69248K(623616K), 0.2118439 secs] 1526065K->1077304K(2009472K), 0.2118849 secs] [Times: user=0.22 sys=0.00, real=0.21 secs] 
[GC (Allocation Failure) [DefNew: 623616K->5904K(623616K), 0.0541862 secs] 1631672K->1078538K(2009472K), 0.0542279 secs] [Times: user=0.05 sys=0.00, real=0.05 secs] 
[GC (Allocation Failure) [DefNew: 560272K->69247K(623616K), 0.1654271 secs] 1632906K->1183793K(2009472K), 0.1654650 secs] [Times: user=0.16 sys=0.00, real=0.16 secs] 
[GC (Allocation Failure) [DefNew: 623615K->5900K(623616K), 0.0490202 secs] 1738161K->1185068K(2009472K), 0.0491633 secs] [Times: user=0.05 sys=0.00, real=0.05 secs] 
[GC (Allocation Failure) [DefNew: 560268K->69247K(623616K), 0.1749969 secs] 1739436K->1290089K(2009472K), 0.1750392 secs] [Times: user=0.17 sys=0.00, real=0.17 secs] 
[GC (Allocation Failure) [DefNew: 623615K->5919K(623616K), 0.0446704 secs] 1844457K->1291327K(2009472K), 0.0447076 secs] [Times: user=0.03 sys=0.00, real=0.04 secs] 
[GC (Allocation Failure) [DefNew: 560287K->69247K(623616K), 0.1438201 secs] 1845695K->1396115K(2009472K), 0.1440210 secs] [Times: user=0.16 sys=0.00, real=0.14 secs] 
[Full GC (System.gc()) [Tenured: 1326867K->784245K(1385856K), 2.2075742 secs] 1720548K->784245K(2009472K), [Metaspace: 10570K->10570K(12288K)], 2.2076268 secs] [Times: user=2.20 sys=0.00, real=2.20 secs] 
[Full GC (System.gc()) [Tenured: 784245K->784245K(1385856K), 2.1346661 secs] 784245K->784245K(2009472K), [Metaspace: 10570K->10570K(12288K)], 2.1348176 secs] [Times: user=2.15 sys=0.00, real=2.14 secs] 

*** PauseDetector detected a 4346 ms pause at Mon Dec 22 02:35:56 EET 2014 ***

[Full GC (System.gc()) [Tenured: 784245K->784253K(1385856K), 1.9051026 secs] 795328K->784253K(2009472K), [Metaspace: 10570K->10570K(12288K)], 1.9052193 secs] [Times: user=1.90 sys=0.00, real=1.90 secs] 

*** PauseDetector detected a 1905 ms pause at Mon Dec 22 02:35:58 EET 2014 ***

[Full GC (System.gc()) [Tenured: 784253K->784254K(1385856K), 2.0329141 secs] 795336K->784254K(2009472K), [Metaspace: 10570K->10570K(12288K)], 2.0329616 secs] [Times: user=2.03 sys=0.00, real=2.03 secs] 
[Full GC (System.gc()) [Tenured: 784254K->780757K(1385856K), 2.4213049 secs] 795335K->780757K(2009472K), [Metaspace: 10570K->10570K(12288K)], 2.4213531 secs] [Times: user=2.40 sys=0.00, real=2.42 secs] 

*** PauseDetector detected a 4450 ms pause at Mon Dec 22 02:36:02 EET 2014 ***
[Full GC (System.gc()) [Tenured: 780757K->780757K(1385856K), 1.9519813 secs] 780759K->780757K(2009472K), [Metaspace: 10570K->10570K(12288K)], 1.9521352 secs] [Times: user=1.95 sys=0.00, real=1.95 secs] 


*** PauseDetector detected a 1964 ms pause at Mon Dec 22 02:36:04 EET 2014 ***

[GC (Allocation Failure) [DefNew: 554368K->69247K(623616K), 0.1544870 secs] 1335125K->891272K(2009472K), 0.1545396 secs] [Times: user=0.14 sys=0.00, real=0.15 secs] 
[GC (Allocation Failure) [DefNew: 623615K->5954K(623616K), 0.0494649 secs] 1445640K->892503K(2009472K), 0.0495739 secs] [Times: user=0.05 sys=0.00, real=0.04 secs] 
[GC (Allocation Failure) [DefNew: 560322K->69247K(623616K), 0.1680736 secs] 1446871K->996881K(2009472K), 0.1681250 secs] [Times: user=0.17 sys=0.00, real=0.16 secs] 
[GC (Allocation Failure) [DefNew: 623615K->5954K(623616K), 0.0587645 secs] 1551249K->998110K(2009472K), 0.0588184 secs] [Times: user=0.05 sys=0.00, real=0.05 secs] 
[GC (Allocation Failure) [DefNew: 560322K->69247K(623616K), 0.1698239 secs] 1552478K->1101618K(2009472K), 0.1698835 secs] [Times: user=0.16 sys=0.00, real=0.17 secs] 
[GC (Allocation Failure) [DefNew: 623615K->5954K(623616K), 0.0480014 secs] 1655986K->1102824K(2009472K), 0.0481086 secs] [Times: user=0.05 sys=0.00, real=0.04 secs] 
[Full GC (System.gc()) [Tenured: 1096869K->849171K(1385856K), 2.2235129 secs] 1259051K->849171K(2009472K), [Metaspace: 10570K->10570K(12288K)], 2.2236790 secs] [Times: user=2.22 sys=0.00, real=2.22 secs] 
[Full GC (System.gc()) [Tenured: 849171K->849171K(1385856K), 1.9730269 secs] 849171K->849171K(2009472K), [Metaspace: 10570K->10570K(12288K)], 1.9731783 secs] [Times: user=1.98 sys=0.00, real=1.97 secs] 
[Full GC (System.gc()) [Tenured: 849171K->779811K(1385856K), 2.0215120 secs] 849173K->779811K(2009472K), [Metaspace: 10570K->10570K(12288K)], 2.0215557 secs] [Times: user=2.01 sys=0.00, real=2.03 secs] 

*** PauseDetector detected a 4188 ms pause at Mon Dec 22 02:36:18 EET 2014 ***

********************************
********** ROUND   58 **********
********************************

*** PauseDetector detected a 2063 ms pause at Mon Dec 22 02:36:20 EET 2014 ***

[GC (Allocation Failure) [DefNew: 554368K->5895K(623616K), 0.0110178 secs] 1334179K->785707K(2009472K), 0.0110608 secs] [Times: user=0.00 sys=0.00, real=0.00 secs] 
[GC (Allocation Failure) [DefNew: 560263K->69248K(623616K), 0.1323404 secs] 1340075K->888871K(2009472K), 0.1324610 secs] [Times: user=0.14 sys=0.00, real=0.13 secs] 
[GC (Allocation Failure) [DefNew: 623616K->5853K(623616K), 0.0378568 secs] 1443239K->890087K(2009472K), 0.0380031 secs] [Times: user=0.03 sys=0.00, real=0.03 secs] 
[GC (Allocation Failure) [DefNew: 560221K->69248K(623616K), 0.1166500 secs] 1444455K->993212K(2009472K), 0.1167174 secs] [Times: user=0.11 sys=0.00, real=0.11 secs] 
[GC (Allocation Failure) [DefNew: 623616K->5892K(623616K), 0.0517797 secs] 1547580K->994428K(2009472K), 0.0518214 secs] [Times: user=0.06 sys=0.00, real=0.05 secs] 
[GC (Allocation Failure) [DefNew: 560260K->69248K(623616K), 0.1084796 secs] 1548796K->1097391K(2009472K), 0.1085880 secs] [Times: user=0.11 sys=0.00, real=0.11 secs] 
[GC (Allocation Failure) [DefNew: 623616K->5846K(623616K), 0.0431062 secs] 1651759K->1098576K(2009472K), 0.0431498 secs] [Times: user=0.03 sys=0.00, real=0.04 secs] 
[GC (Allocation Failure) [DefNew: 560214K->69247K(623616K), 0.1107944 secs] 1652944K->1201470K(2009472K), 0.1108329 secs] [Times: user=0.11 sys=0.00, real=0.11 secs] 
[GC (Allocation Failure) [DefNew: 623615K->5894K(623616K), 0.0510451 secs] 1755838K->1202718K(2009472K), 0.0510874 secs] [Times: user=0.05 sys=0.00, real=0.04 secs] 
[GC (Allocation Failure) [DefNew: 560262K->69248K(623616K), 0.1144238 secs] 1757086K->1305461K(2009472K), 0.1144661 secs] [Times: user=0.11 sys=0.00, real=0.11 secs] 
[GC (Allocation Failure) [DefNew: 623616K->5891K(623616K), 0.0454781 secs] 1859829K->1306719K(2009472K), 0.0455205 secs] [Times: user=0.05 sys=0.00, real=0.04 secs] 
[GC (Allocation Failure) [DefNew: 560259K->69248K(623616K), 0.1118748 secs] 1861087K->1409427K(2009472K), 0.1119993 secs] [Times: user=0.11 sys=0.00, real=0.11 secs] 
[GC (Allocation Failure) [DefNew: 623616K->623616K(623616K), 0.0000212 secs][Tenured: 1340179K->853866K(1385856K), 2.3466608 secs] 1963795K->853866K(2009472K), [Metaspace: 10570K->10570K(12288K)], 2.3467455 secs] [Times: user=2.34 sys=0.00, real=2.35 secs] 

*** PauseDetector detected a 2349 ms pause at Mon Dec 22 02:36:42 EET 2014 ***

[GC (Allocation Failure) [DefNew: 554368K->69247K(623616K), 0.1062764 secs] 1408234K->961925K(2009472K), 0.1063162 secs] [Times: user=0.09 sys=0.00, real=0.10 secs] 
[GC (Allocation Failure) [DefNew: 623615K->5876K(623616K), 0.0442142 secs] 1516293K->963098K(2009472K), 0.0442585 secs] [Times: user=0.03 sys=0.00, real=0.04 secs] 
[GC (Allocation Failure) [DefNew: 560244K->69248K(623616K), 0.1121141 secs] 1517466K->1065164K(2009472K), 0.1121558 secs] [Times: user=0.11 sys=0.00, real=0.11 secs] 
[GC (Allocation Failure) [DefNew: 623616K->5862K(623616K), 0.0437677 secs] 1619532K->1066368K(2009472K), 0.0438126 secs] [Times: user=0.03 sys=0.00, real=0.03 secs] 
[GC (Allocation Failure) [DefNew: 560230K->69247K(623616K), 0.1084648 secs] 1620736K->1168391K(2009472K), 0.1085046 secs] [Times: user=0.11 sys=0.00, real=0.11 secs] 
[GC (Allocation Failure) [DefNew: 623615K->5896K(623616K), 0.0415677 secs] 1722759K->1169615K(2009472K), 0.0416736 secs] [Times: user=0.05 sys=0.00, real=0.04 secs] 
[GC (Allocation Failure) [DefNew: 560264K->69247K(623616K), 0.1249129 secs] 1723983K->1271582K(2009472K), 0.1249681 secs] [Times: user=0.13 sys=0.00, real=0.13 secs] 
[GC (Allocation Failure) [DefNew: 623615K->5844K(623616K), 0.0395384 secs] 1825950K->1272710K(2009472K), 0.0396167 secs] [Times: user=0.03 sys=0.00, real=0.04 secs] 
[GC (Allocation Failure) [DefNew: 560212K->69248K(623616K), 0.2990796 secs] 1827078K->1399379K(2009472K), 0.2991463 secs] [Times: user=0.30 sys=0.00, real=0.29 secs] 
[GC (Allocation Failure) [DefNew: 623616K->623616K(623616K), 0.0000873 secs][Tenured: 1330131K->876978K(1385856K), 2.5254115 secs] 1953747K->876978K(2009472K), [Metaspace: 10570K->10570K(12288K)], 2.5255662 secs] [Times: user=2.53 sys=0.00, real=2.52 secs] 

*** PauseDetector detected a 2521 ms pause at Mon Dec 22 02:37:00 EET 2014 ***

[GC (Allocation Failure) [DefNew: 554368K->69248K(623616K), 0.4533452 secs] 1431346K->1001915K(2009472K), 0.4534883 secs] [Times: user=0.45 sys=0.00, real=0.45 secs] 

*** PauseDetector detected a 454 ms pause at Mon Dec 22 02:37:03 EET 2014 ***

[GC (Allocation Failure) [DefNew: 623616K->5901K(623616K), 0.0737440 secs] 1556283K->1003437K(2009472K), 0.0738101 secs] [Times: user=0.06 sys=0.00, real=0.07 secs] 
[GC (Allocation Failure) [DefNew: 560269K->69247K(623616K), 0.4191127 secs] 1557805K->1119970K(2009472K), 0.4191698 secs] [Times: user=0.41 sys=0.00, real=0.42 secs] 

*** PauseDetector detected a 418 ms pause at Mon Dec 22 02:37:06 EET 2014 ***

[GC (Allocation Failure) [DefNew: 623615K->5887K(623616K), 0.0674835 secs] 1674338K->1121431K(2009472K), 0.0675284 secs] [Times: user=0.06 sys=0.00, real=0.07 secs] 
[GC (Allocation Failure) [DefNew: 560255K->69247K(623616K), 0.3203029 secs] 1675799K->1233913K(2009472K), 0.3203453 secs] [Times: user=0.33 sys=0.00, real=0.32 secs] 
[GC (Allocation Failure) [DefNew: 623615K->5877K(623616K), 0.0654061 secs] 1788281K->1235267K(2009472K), 0.0655068 secs] [Times: user=0.06 sys=0.00, real=0.06 secs] 
[GC (Allocation Failure) [DefNew: 560245K->69248K(623616K), 0.3184962 secs] 1789635K->1346542K(2009472K), 0.3185373 secs] [Times: user=0.31 sys=0.00, real=0.32 secs] 
[GC (Allocation Failure) [DefNew: 623616K->5855K(623616K), 0.0667091 secs] 1900910K->1347855K(2009472K), 0.0667534 secs] [Times: user=0.06 sys=0.00, real=0.07 secs] 
[GC (Allocation Failure) [DefNew: 560223K->560223K(623616K), 0.0000199 secs][Tenured: 1341999K->858640K(1385856K), 2.4551468 secs] 1902223K->858640K(2009472K), [Metaspace: 10570K->10570K(12288K)], 2.4552302 secs] [Times: user=2.47 sys=0.00, real=2.45 secs] 

*** PauseDetector detected a 2457 ms pause at Mon Dec 22 02:37:19 EET 2014 ***

[GC (Allocation Failure) [DefNew: 554368K->5861K(623616K), 0.0116985 secs] 1413008K->864501K(2009472K), 0.0117370 secs] [Times: user=0.00 sys=0.00, real=0.01 secs] 
[GC (Allocation Failure) [DefNew: 560229K->69248K(623616K), 0.2226852 secs] 1418869K->972563K(2009472K), 0.2227314 secs] [Times: user=0.22 sys=0.00, real=0.22 secs] 
[GC (Allocation Failure) [DefNew: 623616K->5850K(623616K), 0.0614944 secs] 1526931K->973864K(2009472K), 0.0615355 secs] [Times: user=0.05 sys=0.00, real=0.06 secs] 
[GC (Allocation Failure) [DefNew: 560218K->69247K(623616K), 0.2316615 secs] 1528232K->1081416K(2009472K), 0.2317051 secs] [Times: user=0.23 sys=0.00, real=0.22 secs] 
[GC (Allocation Failure) [DefNew: 623615K->5892K(623616K), 0.0532534 secs] 1635784K->1082693K(2009472K), 0.0532944 secs] [Times: user=0.05 sys=0.00, real=0.05 secs] 
[GC (Allocation Failure) [DefNew: 560260K->69248K(623616K), 0.1820106 secs] 1637061K->1189753K(2009472K), 0.1820594 secs] [Times: user=0.19 sys=0.00, real=0.18 secs] 
[GC (Allocation Failure) [DefNew: 623616K->5905K(623616K), 0.0578053 secs] 1744121K->1191038K(2009472K), 0.0578695 secs] [Times: user=0.06 sys=0.00, real=0.06 secs] 
[GC (Allocation Failure) [DefNew: 560273K->69247K(623616K), 0.2050534 secs] 1745406K->1296651K(2009472K), 0.2050971 secs] [Times: user=0.19 sys=0.00, real=0.20 secs] 
[GC (Allocation Failure) [DefNew: 623615K->5913K(623616K), 0.0557305 secs] 1851019K->1297902K(2009472K), 0.0557754 secs] [Times: user=0.05 sys=0.00, real=0.05 secs] 
[GC (Allocation Failure) [DefNew: 560281K->69248K(623616K), 0.1868057 secs] 1852270K->1403145K(2009472K), 0.1869116 secs] [Times: user=0.19 sys=0.00, real=0.18 secs] 
[GC (Allocation Failure) [DefNew: 623616K->623616K(623616K), 0.0000751 secs][Tenured: 1333897K->787155K(1385856K), 2.4966619 secs] 1957513K->787155K(2009472K), [Metaspace: 10570K->10570K(12288K)]
*** PauseDetector detected a 2498 ms pause at Mon Dec 22 02:37:39 EET 2014 ***

, 2.4968203 secs] [Times: user=2.50 sys=0.00, real=2.50 secs] 
[GC (Allocation Failure) [DefNew: 554368K->69248K(623616K), 0.1696551 secs] 1341523K->898020K(2009472K), 0.1696981 secs] [Times: user=0.17 sys=0.00, real=0.17 secs] 
[GC (Allocation Failure) [DefNew: 623616K->5909K(623616K), 0.0471161 secs] 1452388K->899305K(2009472K), 0.0472675 secs] [Times: user=0.05 sys=0.00, real=0.04 secs] 
[GC (Allocation Failure) [DefNew: 560277K->69248K(623616K), 0.1377958 secs] 1453673K->1004091K(2009472K), 0.1379420 secs] [Times: user=0.14 sys=0.00, real=0.14 secs] 
[GC (Allocation Failure) [DefNew: 623616K->5916K(623616K), 0.0544275 secs] 1558459K->1005336K(2009472K), 0.0544692 secs] [Times: user=0.05 sys=0.00, real=0.05 secs] 
[GC (Allocation Failure) [DefNew: 560284K->69247K(623616K), 0.1455524 secs] 1559704K->1109844K(2009472K), 0.1455915 secs] [Times: user=0.14 sys=0.00, real=0.14 secs] 
[GC (Allocation Failure) [DefNew: 623615K->5875K(623616K), 0.0447005 secs] 1664212K->1111087K(2009472K), 0.0448429 secs] [Times: user=0.03 sys=0.00, real=0.04 secs] 
[GC (Allocation Failure) [DefNew: 560243K->69248K(623616K), 0.1478890 secs] 1665455K->1215494K(2009472K), 0.1480372 secs] [Times: user=0.14 sys=0.00, real=0.14 secs] 
[GC (Allocation Failure) [DefNew: 623616K->5915K(623616K), 0.0490126 secs] 1769862K->1216734K(2009472K), 0.0490549 secs] [Times: user=0.05 sys=0.00, real=0.05 secs] 
[GC (Allocation Failure) [DefNew: 560283K->69248K(623616K), 0.1365812 secs] 1771102K->1320226K(2009472K), 0.1366967 secs] [Times: user=0.14 sys=0.00, real=0.13 secs] 
[GC (Allocation Failure) [DefNew: 623616K->5910K(623616K), 0.0454897 secs] 1874594K->1321443K(2009472K), 0.0455326 secs] [Times: user=0.03 sys=0.00, real=0.05 secs] 
[GC (Allocation Failure) [DefNew: 560278K->560278K(623616K), 0.0000199 secs][Tenured: 1315532K->853377K(1385856K), 2.4628143 secs] 1875811K->853377K(2009472K), [Metaspace: 10570K->10570K(12288K)], 2.4629734 secs] [Times: user=2.45 sys=0.00, real=2.45 secs] 

*** PauseDetector detected a 2455 ms pause at Mon Dec 22 02:37:59 EET 2014 ***

[GC (Allocation Failure) [DefNew: 554368K->5849K(623616K), 0.0127372 secs] 1407745K->859226K(2009472K), 0.0127796 secs] [Times: user=0.01 sys=0.00, real=0.01 secs] 
[GC (Allocation Failure) [DefNew: 560217K->69248K(623616K), 0.1075467 secs] 1413594K->962506K(2009472K), 0.1076032 secs] [Times: user=0.11 sys=0.00, real=0.10 secs] 
[GC (Allocation Failure) [DefNew: 623616K->5913K(623616K), 0.0508500 secs] 1516874K->963713K(2009472K), 0.0509565 secs] [Times: user=0.05 sys=0.00, real=0.04 secs] 
[GC (Allocation Failure) [DefNew: 560281K->69247K(623616K), 0.1431446 secs] 1518081K->1066815K(2009472K), 0.1432107 secs] [Times: user=0.13 sys=0.00, real=0.13 secs] 
[GC (Allocation Failure) [DefNew: 623615K->5849K(623616K), 0.0464597 secs] 1621183K->1067952K(2009472K), 0.0465232 secs] [Times: user=0.05 sys=0.00, real=0.04 secs] 
[GC (Allocation Failure) [DefNew: 560217K->69247K(623616K), 0.1217108 secs] 1622320K->1170971K(2009472K), 0.1217551 secs] [Times: user=0.11 sys=0.00, real=0.12 secs] 
[GC (Allocation Failure) [DefNew: 623615K->5912K(623616K), 0.0432807 secs] 1725339K->1172208K(2009472K), 0.0433250 secs] [Times: user=0.03 sys=0.00, real=0.04 secs] 
[GC (Allocation Failure) [DefNew: 560280K->69247K(623616K), 0.1362791 secs] 1726576K->1275036K(2009472K), 0.1363221 secs] [Times: user=0.13 sys=0.00, real=0.13 secs] 
[GC (Allocation Failure) [DefNew: 623615K->5919K(623616K), 0.0400093 secs] 1829404K->1276310K(2009472K), 0.0400536 secs] [Times: user=0.03 sys=0.00, real=0.03 secs] 
[GC (Allocation Failure) [DefNew: 560287K->69247K(623616K), 0.1339392 secs] 1830678K->1379074K(2009472K), 0.1339861 secs] [Times: user=0.14 sys=0.00, real=0.13 secs] 
[GC (Allocation Failure) [DefNew: 623615K->623615K(623616K), 0.0000821 secs][Tenured: 1309826K->853584K(1385856K), 2.3671899 secs] 1933442K->853584K(2009472K), [Metaspace: 10570K->10570K(12288K)]
*** PauseDetector detected a 2365 ms pause at Mon Dec 22 02:38:18 EET 2014 ***

, 2.3673426 secs] [Times: user=2.36 sys=0.00, real=2.37 secs] 
[GC (Allocation Failure) [DefNew: 554368K->69247K(623616K), 0.1139535 secs] 1407952K->962221K(2009472K), 0.1139959 secs] [Times: user=0.12 sys=0.00, real=0.11 secs] 
[GC (Allocation Failure) [DefNew: 623615K->5916K(623616K), 0.0514948 secs] 1516589K->963420K(2009472K), 0.0516013 secs] [Times: user=0.05 sys=0.00, real=0.05 secs] 
[GC (Allocation Failure) [DefNew: 560284K->69248K(623616K), 0.0996310 secs] 1517788K->1065580K(2009472K), 0.0997766 secs] [Times: user=0.11 sys=0.00, real=0.10 secs] 
[GC (Allocation Failure) [DefNew: 623616K->5899K(623616K), 0.0570829 secs] 1619948K->1066760K(2009472K), 0.0571336 secs] [Times: user=0.05 sys=0.00, real=0.06 secs] 
[GC (Allocation Failure) [DefNew: 560267K->69247K(623616K), 0.0985319 secs] 1621128K->1168880K(2009472K), 0.0986417 secs] [Times: user=0.09 sys=0.00, real=0.09 secs] 
[GC (Allocation Failure) [DefNew: 623615K->5870K(623616K), 0.0458335 secs] 1723248K->1170014K(2009472K), 0.0459843 secs] [Times: user=0.05 sys=0.00, real=0.04 secs] 
[GC (Allocation Failure) [DefNew: 560238K->69247K(623616K), 0.0965578 secs] 1724382K->1272052K(2009472K), 0.0965970 secs] [Times: user=0.09 sys=0.00, real=0.09 secs] 
[GC (Allocation Failure) [DefNew: 623615K->5862K(623616K), 0.0500461 secs] 1826420K->1273219K(2009472K), 0.0500898 secs] [Times: user=0.05 sys=0.00, real=0.05 secs] 
[GC (Allocation Failure) [DefNew: 560230K->69248K(623616K), 0.1082807 secs] 1827587K->1375200K(2009472K), 0.1084385 secs] [Times: user=0.11 sys=0.00, real=0.11 secs] 
[GC (Allocation Failure) [DefNew: 623616K->623616K(623616K), 0.0000199 secs][Tenured: 1305952K->853142K(1385856K), 2.1360911 secs] 1929568K->853142K(2009472K), [Metaspace: 10570K->10570K(12288K)], 2.1362836 secs] [Times: user=2.14 sys=0.00, real=2.13 secs] 

*** PauseDetector detected a 2136 ms pause at Mon Dec 22 02:38:35 EET 2014 ***

[GC (Allocation Failure) [DefNew: 554368K->69247K(623616K), 0.3469367 secs] 1407510K->985675K(2009472K), 0.3469797 secs] [Times: user=0.34 sys=0.00, real=0.34 secs] 
[GC (Allocation Failure) [DefNew: 623615K->5847K(623616K), 0.0881038 secs] 1540043K->987251K(2009472K), 0.0882462 secs] [Times: user=0.08 sys=0.00, real=0.09 secs] 
[GC (Allocation Failure) [DefNew: 560215K->69247K(623616K), 0.4257844 secs] 1541619K->1106372K(2009472K), 0.4258242 secs] [Times: user=0.44 sys=0.00, real=0.42 secs] 

*** PauseDetector detected a 427 ms pause at Mon Dec 22 02:38:41 EET 2014 ***

[GC (Allocation Failure) [DefNew: 623615K->5917K(623616K), 0.0784416 secs] 1660740K->1107877K(2009472K), 0.0785918 secs] [Times: user=0.06 sys=0.00, real=0.08 secs] 
[GC (Allocation Failure) [DefNew: 560285K->69247K(623616K), 0.3556063 secs] 1662245K->1224411K(2009472K), 0.3556717 secs] [Times: user=0.36 sys=0.00, real=0.35 secs] 

*** PauseDetector detected a 354 ms pause at Mon Dec 22 02:38:45 EET 2014 ***

[GC (Allocation Failure) [DefNew: 623615K->5887K(623616K), 0.0770706 secs] 1778779K->1225854K(2009472K), 0.0771187 secs] [Times: user=0.06 sys=0.00, real=0.07 secs] 
[GC (Allocation Failure) [DefNew: 560255K->69248K(623616K), 0.3494446 secs] 1780222K->1338353K(2009472K), 0.3495588 secs] [Times: user=0.34 sys=0.00, real=0.34 secs] 
[GC (Allocation Failure) [DefNew: 623616K->5920K(623616K), 0.0796638 secs] 1892721K->1339734K(2009472K), 0.0797055 secs] [Times: user=0.08 sys=0.00, real=0.07 secs] 
[GC (Allocation Failure) [DefNew: 560288K->560288K(623616K), 0.0000173 secs][Tenured: 1333813K->791820K(1385856K), 2.3177944 secs] 1894102K->791820K(2009472K), [Metaspace: 10570K->10570K(12288K)], 2.3179746 secs] [Times: user=2.31 sys=0.00, real=2.32 secs] 

*** PauseDetector detected a 2317 ms pause at Mon Dec 22 02:38:54 EET 2014 ***

[GC (Allocation Failure) [DefNew: 554368K->5862K(623616K), 0.0119846 secs] 1346188K->797682K(2009472K), 0.0120289 secs] [Times: user=0.02 sys=0.00, real=0.01 secs] 
[Full GC (System.gc()) [Tenured: 791820K->777884K(1385856K), 2.2183276 secs] 843093K->777884K(2009472K), [Metaspace: 10570K->10570K(12288K)], 2.2184534 secs] [Times: user=2.22 sys=0.00, real=2.21 secs] 
[Full GC (System.gc()) [Tenured: 777884K->777884K(1385856K), 1.9023727 secs] 777886K->777884K(2009472K), [Metaspace: 10570K->10570K(12288K)], 1.9024169 secs] [Times: user=1.90 sys=0.00, real=1.91 secs] 
[Full GC (System.gc()) [Tenured: 777884K->777887K(1385856K), 1.9469891 secs] 788964K->777887K(2009472K), [Metaspace: 10570K->10570K(12288K)], 1.9470507 secs] [Times: user=1.95 sys=0.00, real=1.95 secs] 

*** PauseDetector detected a 6071 ms pause at Mon Dec 22 02:39:02 EET 2014 ***

[Full GC (System.gc()) [Tenured: 777887K->709573K(1385856K), 2.2498322 secs] 788969K->709573K(2009472K), [Metaspace: 10570K->10570K(12288K)], 2.2498983 secs] [Times: user=2.25 sys=0.00, real=2.25 secs] 

*** PauseDetector detected a 2246 ms pause at Mon Dec 22 02:39:04 EET 2014 ***

[Full GC (System.gc()) [Tenured: 709573K->709573K(1385856K), 1.9177237 secs] 709575K->709573K(2009472K), [Metaspace: 10570K->10570K(12288K)], 1.9177654 secs] [Times: user=1.92 sys=0.00, real=1.92 secs] 
[Full GC (System.gc()) [Tenured: 709573K->709598K(1385856K), 1.9251602 secs] 720655K->709598K(2009472K), [Metaspace: 10570K->10570K(12288K)]
*** PauseDetector detected a 1923 ms pause at Mon Dec 22 02:39:06 EET 2014 ***

, 1.9252096 secs] [Times: user=1.93 sys=0.00, real=1.92 secs] 

*** PauseDetector detected a 1934 ms pause at Mon Dec 22 02:39:08 EET 2014 ***

[GC (Allocation Failure) [DefNew: 554368K->69248K(623616K), 0.1201755 secs] 1263966K->791441K(2009472K), 0.1202230 secs] [Times: user=0.11 sys=0.00, real=0.11 secs] 
[GC (Allocation Failure) [DefNew: 623616K->5954K(623616K), 0.0631407 secs] 1345809K->792290K(2009472K), 0.0631818 secs] [Times: user=0.06 sys=0.00, real=0.06 secs] 
[GC (Allocation Failure) [DefNew: 560322K->69248K(623616K), 0.2167134 secs] 1346658K->900371K(2009472K), 0.2167628 secs] [Times: user=0.22 sys=0.00, real=0.21 secs] 
[GC (Allocation Failure) [DefNew: 623616K->5954K(623616K), 0.0850742 secs] 1454739K->901664K(2009472K), 0.0851275 secs] [Times: user=0.08 sys=0.00, real=0.08 secs] 
[GC (Allocation Failure) [DefNew: 560322K->69248K(623616K), 0.2301018 secs] 1456032K->1009166K(2009472K), 0.2301512 secs] [Times: user=0.22 sys=0.00, real=0.22 secs] 
[GC (Allocation Failure) [DefNew: 623616K->5954K(623616K), 0.0685627 secs] 1563534K->1010451K(2009472K), 0.0686153 secs] [Times: user=0.08 sys=0.00, real=0.07 secs] 
[Full GC (System.gc()) [Tenured: 1004496K->814941K(1385856K), 2.0578721 secs] 1088562K->814941K(2009472K), [Metaspace: 10570K->10570K(12288K)], 2.0580344 secs] [Times: user=2.04 sys=0.00, real=2.05 secs] 
[Full GC (System.gc()) [Tenured: 814941K->745654K(1385856K), 2.0049709 secs] 826101K->745654K(2009472K), [Metaspace: 10570K->10570K(12288K)], 2.0050845 secs] [Times: user=2.01 sys=0.00, real=2.00 secs] 
[Full GC (System.gc()) [Tenured: 745654K->745654K(1385856K), 2.1552761 secs] 745656K->745654K(2009472K), [Metaspace: 10570K->10570K(12288K)], 2.1553223 secs] [Times: user=2.15 sys=0.00, real=2.16 secs] 

*** PauseDetector detected a 2057 ms pause at Mon Dec 22 02:39:20 EET 2014 ***
********************************
********** ROUND   59 **********
********************************


*** PauseDetector detected a 4189 ms pause at Mon Dec 22 02:39:24 EET 2014 ***

[GC (Allocation Failure) [DefNew: 554368K->45167K(623616K), 0.0585547 secs] 1300022K->790822K(2009472K), 0.0586580 secs] [Times: user=0.06 sys=0.00, real=0.06 secs] 
[GC (Allocation Failure) [DefNew: 599535K->5877K(623616K), 0.0378434 secs] 1345190K->791215K(2009472K), 0.0378851 secs] [Times: user=0.03 sys=0.00, real=0.03 secs] 
[GC (Allocation Failure) [DefNew: 560245K->69248K(623616K), 0.1748282 secs] 1345583K->896812K(2009472K), 0.1749334 secs] [Times: user=0.17 sys=0.00, real=0.17 secs] 
[GC (Allocation Failure) [DefNew: 623616K->5845K(623616K), 0.0555958 secs] 1451180K->898040K(2009472K), 0.0556400 secs] [Times: user=0.06 sys=0.00, real=0.06 secs] 
[GC (Allocation Failure) [DefNew: 560213K->69247K(623616K), 0.1687710 secs] 1452408K->1003341K(2009472K), 0.1688346 secs] [Times: user=0.17 sys=0.00, real=0.17 secs] 
[GC (Allocation Failure) [DefNew: 623615K->5884K(623616K), 0.0527363 secs] 1557709K->1004613K(2009472K), 0.0527767 secs] [Times: user=0.05 sys=0.00, real=0.05 secs] 
[GC (Allocation Failure) [DefNew: 560252K->69248K(623616K), 0.1406886 secs] 1558981K->1109609K(2009472K), 0.1408375 secs] [Times: user=0.14 sys=0.00, real=0.13 secs] 
[GC (Allocation Failure) [DefNew: 623616K->5891K(623616K), 0.0610389 secs] 1663977K->1110860K(2009472K), 0.0610832 secs] [Times: user=0.06 sys=0.00, real=0.06 secs] 
[GC (Allocation Failure) [DefNew: 560259K->69248K(623616K), 0.1499972 secs] 1665228K->1215622K(2009472K), 0.1500389 secs] [Times: user=0.14 sys=0.00, real=0.14 secs] 
[GC (Allocation Failure) [DefNew: 623616K->5854K(623616K), 0.0414888 secs] 1769990K->1216824K(2009472K), 0.0415311 secs] [Times: user=0.05 sys=0.00, real=0.04 secs] 
[GC (Allocation Failure) [DefNew: 560222K->69247K(623616K), 0.1601470 secs] 1771192K->1321402K(2009472K), 0.1601887 secs] [Times: user=0.16 sys=0.00, real=0.16 secs] 
[GC (Allocation Failure) [DefNew: 623615K->5897K(623616K), 0.0507936 secs] 1875770K->1322682K(2009472K), 0.0508378 secs] [Times: user=0.06 sys=0.00, real=0.05 secs] 
[GC (Allocation Failure) [DefNew: 560265K->560265K(623616K), 0.0000192 secs][Tenured: 1316785K->854361K(1385856K), 2.2854711 secs] 1877050K->854361K(2009472K), [Metaspace: 10570K->10570K(12288K)], 2.2856296 secs] [Times: user=2.28 sys=0.00, real=2.28 secs] 

*** PauseDetector detected a 2284 ms pause at Mon Dec 22 02:39:46 EET 2014 ***

[GC (Allocation Failure) [DefNew: 554368K->5890K(623616K), 0.0119904 secs] 1408729K->860251K(2009472K), 0.0120334 secs] [Times: user=0.00 sys=0.00, real=0.01 secs] 
[GC (Allocation Failure) [DefNew: 560258K->69247K(623616K), 0.1427154 secs] 1414619K->963750K(2009472K), 0.1427577 secs] [Times: user=0.14 sys=0.00, real=0.14 secs] 
[GC (Allocation Failure) [DefNew: 623615K->5897K(623616K), 0.0477493 secs] 1518118K->964972K(2009472K), 0.0477929 secs] [Times: user=0.05 sys=0.00, real=0.05 secs] 
[GC (Allocation Failure) [DefNew: 560265K->69247K(623616K), 0.1125716 secs] 1519340K->1068319K(2009472K), 0.1127185 secs] [Times: user=0.11 sys=0.00, real=0.11 secs] 
[GC (Allocation Failure) [DefNew: 623615K->5847K(623616K), 0.0420168 secs] 1622687K->1069479K(2009472K), 0.0420649 secs] [Times: user=0.03 sys=0.00, real=0.03 secs] 
[GC (Allocation Failure) [DefNew: 560215K->69247K(623616K), 0.1373184 secs] 1623847K->1172748K(2009472K), 0.1373697 secs] [Times: user=0.13 sys=0.00, real=0.13 secs] 
[GC (Allocation Failure) [DefNew: 623615K->5898K(623616K), 0.0467844 secs] 1727116K->1173953K(2009472K), 0.0468299 secs] [Times: user=0.05 sys=0.00, real=0.05 secs] 
[GC (Allocation Failure) [DefNew: 560266K->69247K(623616K), 0.1230485 secs] 1728321K->1277040K(2009472K), 0.1230934 secs] [Times: user=0.11 sys=0.00, real=0.11 secs] 
[GC (Allocation Failure) [DefNew: 623615K->5866K(623616K), 0.0459330 secs] 1831408K->1278224K(2009472K), 0.0459779 secs] [Times: user=0.05 sys=0.00, real=0.04 secs] 
[GC (Allocation Failure) [DefNew: 560234K->69247K(623616K), 0.1324283 secs] 1832592K->1381238K(2009472K), 0.1324707 secs] [Times: user=0.13 sys=0.00, real=0.12 secs] 
[GC (Allocation Failure) [DefNew: 623615K->623615K(623616K), 0.0000302 secs][Tenured: 1311990K->854126K(1385856K), 2.2270171 secs] 1935606K->854126K(2009472K), [Metaspace: 10570K->10570K(12288K)], 2.2271865 secs] [Times: user=2.22 sys=0.00, real=2.23 secs] 

*** PauseDetector detected a 2228 ms pause at Mon Dec 22 02:40:05 EET 2014 ***

[GC (Allocation Failure) [DefNew: 554368K->69248K(623616K), 0.1150865 secs] 1408494K->962896K(2009472K), 0.1151269 secs] [Times: user=0.11 sys=0.00, real=0.11 secs] 
[GC (Allocation Failure) [DefNew: 623616K->5904K(623616K), 0.0490145 secs] 1517264K->964125K(2009472K), 0.0490568 secs] [Times: user=0.05 sys=0.00, real=0.05 secs] 
[GC (Allocation Failure) [DefNew: 560272K->69247K(623616K), 0.1116997 secs] 1518493K->1066921K(2009472K), 0.1117420 secs] [Times: user=0.09 sys=0.00, real=0.11 secs] 
[GC (Allocation Failure) [DefNew: 623615K->5901K(623616K), 0.0462211 secs] 1621289K->1068126K(2009472K), 0.0463725 secs] [Times: user=0.03 sys=0.00, real=0.04 secs] 
[GC (Allocation Failure) [DefNew: 560269K->69247K(623616K), 0.1161791 secs] 1622494K->1170845K(2009472K), 0.1162196 secs] [Times: user=0.13 sys=0.00, real=0.11 secs] 
[GC (Allocation Failure) [DefNew: 623615K->5887K(623616K), 0.0462024 secs] 1725213K->1172031K(2009472K), 0.0462538 secs] [Times: user=0.03 sys=0.00, real=0.04 secs] 
[GC (Allocation Failure) [DefNew: 560255K->69248K(623616K), 0.1106372 secs] 1726399K->1274223K(2009472K), 0.1106808 secs] [Times: user=0.09 sys=0.00, real=0.10 secs] 
[GC (Allocation Failure) [DefNew: 623616K->5901K(623616K), 0.0425865 secs] 1828591K->1275401K(2009472K), 0.0426276 secs] [Times: user=0.03 sys=0.00, real=0.03 secs] 
[GC (Allocation Failure) [DefNew: 560269K->69247K(623616K), 0.0997971 secs] 1829769K->1377480K(2009472K), 0.0999505 secs] [Times: user=0.09 sys=0.00, real=0.09 secs] 
[GC (Allocation Failure) [DefNew: 623615K->623615K(623616K), 0.0000186 secs][Tenured: 1308232K->783926K(1385856K), 2.3412010 secs] 1931848K->783926K(2009472K), [Metaspace: 10570K->10570K(12288K)], 2.3412818 secs]
*** PauseDetector detected a 2337 ms pause at Mon Dec 22 02:40:23 EET 2014 ***

 [Times: user=2.32 sys=0.00, real=2.33 secs] 
[GC (Allocation Failure) [DefNew: 554368K->69248K(623616K), 0.1034015 secs] 1338294K->891836K(2009472K), 0.1035536 secs] [Times: user=0.11 sys=0.00, real=0.10 secs] 
[GC (Allocation Failure) [DefNew: 623616K->5899K(623616K), 0.0520376 secs] 1446204K->893037K(2009472K), 0.0520863 secs] [Times: user=0.06 sys=0.00, real=0.05 secs] 
[GC (Allocation Failure) [DefNew: 560267K->69248K(623616K), 0.1145899 secs] 1447405K->994965K(2009472K), 0.1146323 secs] [Times: user=0.12 sys=0.00, real=0.11 secs] 
[GC (Allocation Failure) [DefNew: 623616K->5857K(623616K), 0.0435797 secs] 1549333K->996143K(2009472K), 0.0436220 secs] [Times: user=0.05 sys=0.00, real=0.04 secs] 
[GC (Allocation Failure) [DefNew: 560225K->69247K(623616K), 0.2846031 secs] 1550511K->1122805K(2009472K), 0.2846429 secs] [Times: user=0.28 sys=0.00, real=0.28 secs] 
[GC (Allocation Failure) [DefNew: 623615K->5876K(623616K), 0.0910460 secs] 1677173K->1124421K(2009472K), 0.0910871 secs] [Times: user=0.08 sys=0.00, real=0.08 secs] 
[GC (Allocation Failure) [DefNew: 560244K->69247K(623616K), 0.5167548 secs] 1678789K->1243504K(2009472K), 0.5167984 secs] [Times: user=0.51 sys=0.00, real=0.51 secs] 

*** PauseDetector detected a 515 ms pause at Mon Dec 22 02:40:35 EET 2014 ***

[GC (Allocation Failure) [DefNew: 623615K->5908K(623616K), 0.0818330 secs] 1797872K->1245009K(2009472K), 0.0818984 secs] [Times: user=0.08 sys=0.00, real=0.07 secs] 
[GC (Allocation Failure) [DefNew: 560276K->69247K(623616K), 0.3556204 secs] 1799377K->1361538K(2009472K), 0.3557282 secs] [Times: user=0.34 sys=0.00, real=0.35 secs] 

*** PauseDetector detected a 357 ms pause at Mon Dec 22 02:40:38 EET 2014 ***

[GC (Allocation Failure) [DefNew: 623615K->5908K(623616K), 0.0893888 secs] 1915906K->1363016K(2009472K), 0.0894325 secs] [Times: user=0.09 sys=0.00, real=0.08 secs] 
[GC (Allocation Failure) [DefNew: 560276K->560276K(623616K), 0.0000212 secs][Tenured: 1357108K->862261K(1385856K), 2.3307529 secs] 1917384K->862261K(2009472K), [Metaspace: 10570K->10570K(12288K)], 2.3309460 secs] [Times: user=2.32 sys=0.00, real=2.33 secs] 

*** PauseDetector detected a 2327 ms pause at Mon Dec 22 02:40:44 EET 2014 ***

[GC (Allocation Failure) [DefNew: 554368K->5846K(623616K), 0.0118993 secs] 1416629K->868107K(2009472K), 0.0119417 secs] [Times: user=0.00 sys=0.00, real=0.01 secs] 
[GC (Allocation Failure) [DefNew: 560214K->69248K(623616K), 0.3066957 secs] 1422475K->979416K(2009472K), 0.3067381 secs] [Times: user=0.30 sys=0.00, real=0.30 secs] 
[GC (Allocation Failure) [DefNew: 623616K->5850K(623616K), 0.0657692 secs] 1533784K->980721K(2009472K), 0.0659142 secs] [Times: user=0.08 sys=0.00, real=0.06 secs] 
[GC (Allocation Failure) [DefNew: 560218K->69248K(623616K), 0.2335311 secs] 1535089K->1089503K(2009472K), 0.2335734 secs] [Times: user=0.23 sys=0.00, real=0.22 secs] 
[GC (Allocation Failure) [DefNew: 623616K->5879K(623616K), 0.0539238 secs] 1643871K->1090820K(2009472K), 0.0539649 secs] [Times: user=0.06 sys=0.00, real=0.05 secs] 
[GC (Allocation Failure) [DefNew: 560247K->69247K(623616K), 0.2713744 secs] 1645188K->1198885K(2009472K), 0.2714168 secs] [Times: user=0.28 sys=0.00, real=0.27 secs] 
[GC (Allocation Failure) [DefNew: 623615K->5896K(623616K), 0.0564074 secs] 1753253K->1200211K(2009472K), 0.0565485 secs] [Times: user=0.05 sys=0.00, real=0.05 secs] 
[GC (Allocation Failure) [DefNew: 560264K->69247K(623616K), 0.2129326 secs] 1754579K->1307724K(2009472K), 0.2130372 secs] [Times: user=0.22 sys=0.00, real=0.21 secs] 
[GC (Allocation Failure) [DefNew: 623615K->5891K(623616K), 0.0557491 secs] 1862092K->1308994K(2009472K), 0.0558902 secs] [Times: user=0.06 sys=0.00, real=0.06 secs] 
[GC (Allocation Failure) [DefNew: 560259K->69248K(623616K), 0.2333880 secs] 1863362K->1416067K(2009472K), 0.2334329 secs] [Times: user=0.22 sys=0.00, real=0.23 secs] 
[GC (Allocation Failure) [DefNew: 623616K->623616K(623616K), 0.0000205 secs][Tenured: 1346819K->858253K(1385856K), 2.3023593 secs] 1970435K->858253K(2009472K), [Metaspace: 10570K->10570K(12288K)], 2.3024440 secs] [Times: user=2.31 sys=0.00, real=2.30 secs] 

*** PauseDetector detected a 2303 ms pause at Mon Dec 22 02:41:04 EET 2014 ***

[GC (Allocation Failure) [DefNew: 554368K->69247K(623616K), 0.1886868 secs] 1412621K->969768K(2009472K), 0.1887266 secs] [Times: user=0.19 sys=0.00, real=0.18 secs] 
[GC (Allocation Failure) [DefNew: 623615K->5920K(623616K), 0.0580979 secs] 1524136K->971030K(2009472K), 0.0581627 secs] [Times: user=0.05 sys=0.00, real=0.05 secs] 
[GC (Allocation Failure) [DefNew: 560288K->69248K(623616K), 0.1576544 secs] 1525398K->1076249K(2009472K), 0.1578059 secs] [Times: user=0.16 sys=0.00, real=0.16 secs] 
[GC (Allocation Failure) [DefNew: 623616K->5858K(623616K), 0.0464886 secs] 1630617K->1077502K(2009472K), 0.0465540 secs] [Times: user=0.05 sys=0.00, real=0.04 secs] 
[GC (Allocation Failure) [DefNew: 560226K->69247K(623616K), 0.1592885 secs] 1631870K->1182537K(2009472K), 0.1593258 secs] [Times: user=0.16 sys=0.00, real=0.16 secs] 
[GC (Allocation Failure) [DefNew: 623615K->5866K(623616K), 0.0582808 secs] 1736905K->1183750K(2009472K), 0.0583250 secs] [Times: user=0.06 sys=0.00, real=0.06 secs] 
[GC (Allocation Failure) [DefNew: 560234K->69248K(623616K), 0.1414739 secs] 1738118K->1288566K(2009472K), 0.1415162 secs] [Times: user=0.14 sys=0.00, real=0.13 secs] 
[GC (Allocation Failure) [DefNew: 623616K->5872K(623616K), 0.0544704 secs] 1842934K->1289758K(2009472K), 0.0545211 secs] [Times: user=0.05 sys=0.00, real=0.05 secs] 
[GC (Allocation Failure) [DefNew: 560240K->69247K(623616K), 0.1357247 secs] 1844126K->1394380K(2009472K), 0.1358704 secs] [Times: user=0.14 sys=0.00, real=0.13 secs] 
[GC (Allocation Failure) [DefNew: 623615K->623615K(623616K), 0.0000218 secs][Tenured: 1325132K->855726K(1385856K), 2.2315505 secs] 1948748K->855726K(2009472K), [Metaspace: 10570K->10570K(12288K)], 2.2316423 secs] [Times: user=2.23 sys=0.00, real=2.23 secs] 

*** PauseDetector detected a 2230 ms pause at Mon Dec 22 02:41:22 EET 2014 ***

[GC (Allocation Failure) [DefNew: 554368K->69248K(623616K), 0.1289414 secs] 1410094K->966015K(2009472K), 0.1289837 secs] [Times: user=0.13 sys=0.00, real=0.13 secs] 
[GC (Allocation Failure) [DefNew: 623616K->5842K(623616K), 0.0423216 secs] 1520383K->967175K(2009472K), 0.0424743 secs] [Times: user=0.05 sys=0.00, real=0.04 secs] 
[GC (Allocation Failure) [DefNew: 560210K->69247K(623616K), 0.1637263 secs] 1521543K->1070728K(2009472K), 0.1637700 secs] [Times: user=0.16 sys=0.00, real=0.16 secs] 
[GC (Allocation Failure) [DefNew: 623615K->5916K(623616K), 0.0471584 secs] 1625096K->1071963K(2009472K), 0.0472007 secs] [Times: user=0.05 sys=0.00, real=0.04 secs] 
[GC (Allocation Failure) [DefNew: 560284K->69248K(623616K), 0.1244786 secs] 1626331K->1175314K(2009472K), 0.1245215 secs] [Times: user=0.13 sys=0.00, real=0.12 secs] 
[GC (Allocation Failure) [DefNew: 623616K->5882K(623616K), 0.0452433 secs] 1729682K->1176486K(2009472K), 0.0453459 secs] [Times: user=0.05 sys=0.00, real=0.04 secs] 
[GC (Allocation Failure) [DefNew: 560250K->69248K(623616K), 0.1462004 secs] 1730854K->1279737K(2009472K), 0.1462402 secs] [Times: user=0.14 sys=0.00, real=0.15 secs] 
[GC (Allocation Failure) [DefNew: 623616K->5919K(623616K), 0.0473823 secs] 1834105K->1280945K(2009472K), 0.0475376 secs] [Times: user=0.05 sys=0.00, real=0.05 secs] 
[GC (Allocation Failure) [DefNew: 560287K->69248K(623616K), 0.1127364 secs] 1835313K->1384038K(2009472K), 0.1128019 secs] [Times: user=0.11 sys=0.00, real=0.11 secs] 
[GC (Allocation Failure) [DefNew: 623616K->623616K(623616K), 0.0000840 secs][Tenured: 1314790K->784988K(1385856K), 2.4175902 secs] 1938406K->784988K(2009472K), [Metaspace: 10570K->10570K(12288K)], 2.4177423 secs] [Times: user=2.42 sys=0.00, real=2.42 secs] 

*** PauseDetector detected a 2416 ms pause at Mon Dec 22 02:41:40 EET 2014 ***

[GC (Allocation Failure) [DefNew: 554368K->69247K(623616K), 0.1142704 secs] 1339356K->893840K(2009472K), 0.1143121 secs] [Times: user=0.11 sys=0.00, real=0.11 secs] 
[GC (Allocation Failure) [DefNew: 623615K->5875K(623616K), 0.0400273 secs] 1448208K->895057K(2009472K), 0.0401363 secs] [Times: user=0.03 sys=0.00, real=0.03 secs] 
[GC (Allocation Failure) [DefNew: 560243K->69247K(623616K), 0.1111056 secs] 1449425K->997943K(2009472K), 0.1112544 secs] [Times: user=0.11 sys=0.00, real=0.11 secs] 
[GC (Allocation Failure) [DefNew: 623615K->5916K(623616K), 0.0473470 secs] 1552311K->999194K(2009472K), 0.0473932 secs] [Times: user=0.05 sys=0.00, real=0.05 secs] 
[GC (Allocation Failure) [DefNew: 560284K->69248K(623616K), 0.1039815 secs] 1553562K->1101961K(2009472K), 0.1040238 secs] [Times: user=0.09 sys=0.00, real=0.10 secs] 
[GC (Allocation Failure) [DefNew: 623616K->5919K(623616K), 0.0411346 secs] 1656329K->1103200K(2009472K), 0.0411770 secs] [Times: user=0.05 sys=0.00, real=0.04 secs] 
[GC (Allocation Failure) [DefNew: 560287K->69247K(623616K), 0.1067185 secs] 1657568K->1205879K(2009472K), 0.1067582 secs] [Times: user=0.11 sys=0.00, real=0.11 secs] 
[GC (Allocation Failure) [DefNew: 623615K->5866K(623616K), 0.0451631 secs] 1760247K->1207067K(2009472K), 0.0452042 secs] [Times: user=0.03 sys=0.00, real=0.04 secs] 
[GC (Allocation Failure) [DefNew: 560234K->69248K(623616K), 0.1112608 secs] 1761435K->1309248K(2009472K), 0.1113019 secs] [Times: user=0.11 sys=0.00, real=0.11 secs] 
[Full GC (System.gc()) [Tenured: 1240000K->852040K(1385856K), 2.0741848 secs] 1744155K->852040K(2009472K), [Metaspace: 10570K->10570K(12288K)], 2.0742412 secs] [Times: user=2.07 sys=0.00, real=2.07 secs] 
[Full GC (System.gc()) [Tenured: 852040K->852043K(1385856K), 2.0962467 secs] 863100K->852043K(2009472K), [Metaspace: 10570K->10570K(12288K)], 2.0962922 secs] [Times: user=2.09 sys=0.00, real=2.09 secs] 
[Full GC (System.gc()) [Tenured: 852043K->851964K(1385856K), 1.9871460 secs] 863100K->851964K(2009472K), [Metaspace: 10570K->10570K(12288K)], 1.9871877 secs]
*** PauseDetector detected a 2074 ms pause at Mon Dec 22 02:41:57 EET 2014 ***

 [Times: user=2.00 sys=0.00, real=1.99 secs] 
[Full GC (System.gc()) [Tenured: 851964K->771370K(1385856K), 1.9813731 secs] 863024K->771370K(2009472K), [Metaspace: 10570K->10570K(12288K)], 1.9814232 secs] [Times: user=1.98 sys=0.00, real=1.98 secs] 
[Full GC (System.gc()) [Tenured: 771370K->771370K(1385856K), 2.0230916 secs] 771372K->771370K(2009472K), [Metaspace: 10570K->10570K(12288K)], 2.0231359 secs] [Times: user=2.03 sys=0.00, real=2.03 secs] 
[Full GC (System.gc()) [Tenured: 771370K->771370K(1385856K), 1.9724411 secs] 771370K->771370K(2009472K), [Metaspace: 10570K->10570K(12288K)], 1.9724822 secs] [Times: user=1.97 sys=0.00, real=1.97 secs] 

*** PauseDetector detected a 6064 ms pause at Mon Dec 22 02:42:03 EET 2014 ***


*** PauseDetector detected a 4008 ms pause at Mon Dec 22 02:42:07 EET 2014 ***

[GC (Allocation Failure) [DefNew: 554368K->69247K(623616K), 0.0919808 secs] 1325738K->879426K(2009472K), 0.0920232 secs] [Times: user=0.08 sys=0.00, real=0.09 secs] 
[GC (Allocation Failure) [DefNew: 623615K->5954K(623616K), 0.0554771 secs] 1433794K->880607K(2009472K), 0.0555906 secs] [Times: user=0.05 sys=0.00, real=0.05 secs] 
[GC (Allocation Failure) [DefNew: 560322K->69247K(623616K), 0.1117234 secs] 1434975K->982638K(2009472K), 0.1117638 secs] [Times: user=0.11 sys=0.00, real=0.11 secs] 
[GC (Allocation Failure) [DefNew: 623615K->5954K(623616K), 0.0572837 secs] 1537006K->983818K(2009472K), 0.0573344 secs] [Times: user=0.05 sys=0.00, real=0.06 secs] 
[GC (Allocation Failure) [DefNew: 560322K->69247K(623616K), 0.1198252 secs] 1538186K->1085787K(2009472K), 0.1199882 secs] [Times: user=0.11 sys=0.00, real=0.11 secs] 
[GC (Allocation Failure) [DefNew: 623615K->5954K(623616K), 0.0391400 secs] 1640155K->1086966K(2009472K), 0.0392035 secs] [Times: user=0.03 sys=0.00, real=0.04 secs] 
[Full GC (System.gc()) [Tenured: 1081011K->872610K(1385856K), 2.4781345 secs] 1376669K->872610K(2009472K), [Metaspace: 10570K->10570K(12288K)], 2.4781967 secs] [Times: user=2.48 sys=0.00, real=2.47 secs] 
[Full GC (System.gc()) [Tenured: 872610K->803326K(1385856K), 2.2047416 secs] 872612K->803326K(2009472K), [Metaspace: 10570K->10570K(12288K)], 2.2048578 secs] [Times: user=2.20 sys=0.00, real=2.21 secs] 
[Full GC (System.gc()) [Tenured: 803326K->803329K(1385856K), 2.1300455 secs] 814442K->803329K(2009472K), [Metaspace: 10570K->10570K(12288K)]
*** PauseDetector detected a 2473 ms pause at Mon Dec 22 02:42:20 EET 2014 ***


*** PauseDetector detected a 4350 ms pause at Mon Dec 22 02:42:24 EET 2014 ***

, 2.1300911 secs] [Times: user=2.14 sys=0.00, real=2.13 secs] 
********************************
********** ROUND   60 **********
********************************
[GC (Allocation Failure) [DefNew: 554368K->5876K(623616K), 0.0117691 secs] 1357697K->809205K(2009472K), 0.0118121 secs] [Times: user=0.00 sys=0.00, real=0.01 secs] 
[GC (Allocation Failure) [DefNew: 560244K->69247K(623616K), 0.4204991 secs] 1363573K->928201K(2009472K), 0.4205402 secs] [Times: user=0.42 sys=0.00, real=0.42 secs] 

*** PauseDetector detected a 417 ms pause at Mon Dec 22 02:42:28 EET 2014 ***

[GC (Allocation Failure) [DefNew: 623615K->5846K(623616K), 0.0794707 secs] 1482569K->929735K(2009472K), 0.0795362 secs] [Times: user=0.08 sys=0.00, real=0.08 secs] 
[GC (Allocation Failure) [DefNew: 560214K->69247K(623616K), 0.4278253 secs] 1484103K->1046273K(2009472K), 0.4279151 secs] [Times: user=0.42 sys=0.00, real=0.42 secs] 

*** PauseDetector detected a 427 ms pause at Mon Dec 22 02:42:31 EET 2014 ***

[GC (Allocation Failure) [DefNew: 623615K->5894K(623616K), 0.0859660 secs] 1600641K->1047767K(2009472K), 0.0860058 secs] [Times: user=0.08 sys=0.00, real=0.09 secs] 
[GC (Allocation Failure) [DefNew: 560262K->69248K(623616K), 0.3515194 secs] 1602135K->1160243K(2009472K), 0.3515631 secs] [Times: user=0.34 sys=0.00, real=0.34 secs] 

*** PauseDetector detected a 356 ms pause at Mon Dec 22 02:42:35 EET 2014 ***

[GC (Allocation Failure) [DefNew: 623616K->5886K(623616K), 0.0703469 secs] 1714611K->1161629K(2009472K), 0.0705766 secs] [Times: user=0.06 sys=0.00, real=0.07 secs] 
[GC (Allocation Failure) [DefNew: 560254K->69247K(623616K), 0.3524247 secs] 1715997K->1272877K(2009472K), 0.3524671 secs] [Times: user=0.34 sys=0.00, real=0.34 secs] 
[GC (Allocation Failure) [DefNew: 623615K->5889K(623616K), 0.0769506 secs] 1827245K->1274243K(2009472K), 0.0769955 secs] [Times: user=0.08 sys=0.00, real=0.07 secs] 
[GC (Allocation Failure) [DefNew: 560257K->69247K(623616K), 0.2696165 secs] 1828611K->1383002K(2009472K), 0.2697673 secs] [Times: user=0.26 sys=0.00, real=0.26 secs] 
[GC (Allocation Failure) [DefNew: 623615K->623615K(623616K), 0.0000212 secs][Tenured: 1313754K->859852K(1385856K), 2.6403255 secs] 1937370K->859852K(2009472K), [Metaspace: 10571K->10571K(12288K)], 2.6404256 secs] [Times: user=2.62 sys=0.00, real=2.63 secs] 

*** PauseDetector detected a 2634 ms pause at Mon Dec 22 02:42:46 EET 2014 ***

[GC (Allocation Failure) [DefNew: 554368K->69248K(623616K), 0.2112979 secs] 1414220K->973762K(2009472K), 0.2114499 secs] [Times: user=0.20 sys=0.00, real=0.21 secs] 
[GC (Allocation Failure) [DefNew: 623616K->5825K(623616K), 0.0519247 secs] 1528130K->975051K(2009472K), 0.0520292 secs] [Times: user=0.05 sys=0.00, real=0.05 secs] 
[GC (Allocation Failure) [DefNew: 560193K->69247K(623616K), 0.2573213 secs] 1529419K->1082613K(2009472K), 0.2573663 secs] [Times: user=0.25 sys=0.00, real=0.25 secs] 
[GC (Allocation Failure) [DefNew: 623615K->5883K(623616K), 0.0560000 secs] 1636981K->1083896K(2009472K), 0.0561424 secs] [Times: user=0.05 sys=0.00, real=0.05 secs] 
[GC (Allocation Failure) [DefNew: 560251K->69247K(623616K), 0.1872022 secs] 1638264K->1190952K(2009472K), 0.1872446 secs] [Times: user=0.17 sys=0.00, real=0.18 secs] 
[GC (Allocation Failure) [DefNew: 623615K->5890K(623616K), 0.0569315 secs] 1745320K->1192235K(2009472K), 0.0570322 secs] [Times: user=0.05 sys=0.00, real=0.05 secs] 
[GC (Allocation Failure) [DefNew: 560258K->69247K(623616K), 0.2094591 secs] 1746603K->1297848K(2009472K), 0.2095008 secs] [Times: user=0.20 sys=0.00, real=0.20 secs] 
[GC (Allocation Failure) [DefNew: 623615K->5870K(623616K), 0.0600457 secs] 1852216K->1299071K(2009472K), 0.0600894 secs] [Times: user=0.06 sys=0.00, real=0.06 secs] 
[GC (Allocation Failure) [DefNew: 560238K->69247K(623616K), 0.1662144 secs] 1853439K->1404347K(2009472K), 0.1662689 secs] [Times: user=0.17 sys=0.00, real=0.17 secs] 
[GC (Allocation Failure) [DefNew: 623615K->623615K(623616K), 0.0001200 secs][Tenured: 1335099K->856457K(1385856K), 2.3189678 secs] 1958715K->856457K(2009472K), [Metaspace: 10571K->10571K(12288K)], 2.3191526 secs] [Times: user=2.31 sys=0.00, real=2.32 secs] 

*** PauseDetector detected a 2319 ms pause at Mon Dec 22 02:43:04 EET 2014 ***

[GC (Allocation Failure) [DefNew: 554368K->69248K(623616K), 0.1722740 secs] 1410825K->967343K(2009472K), 0.1723395 secs] [Times: user=0.17 sys=0.00, real=0.17 secs] 
[GC (Allocation Failure) [DefNew: 623616K->5844K(623616K), 0.0450649 secs] 1521711K->968552K(2009472K), 0.0451291 secs] [Times: user=0.05 sys=0.00, real=0.04 secs] 
[GC (Allocation Failure) [DefNew: 560212K->69247K(623616K), 0.1391841 secs] 1522920K->1073320K(2009472K), 0.1392496 secs] [Times: user=0.13 sys=0.00, real=0.13 secs] 
[GC (Allocation Failure) [DefNew: 623615K->5904K(623616K), 0.0501379 secs] 1627688K->1074613K(2009472K), 0.0501809 secs] [Times: user=0.03 sys=0.00, real=0.04 secs] 
[GC (Allocation Failure) [DefNew: 560272K->69247K(623616K), 0.1282844 secs] 1628981K->1179158K(2009472K), 0.1284313 secs] [Times: user=0.13 sys=0.00, real=0.13 secs] 
[GC (Allocation Failure) [DefNew: 623615K->5903K(623616K), 0.0470211 secs] 1733526K->1180403K(2009472K), 0.0470846 secs] [Times: user=0.05 sys=0.00, real=0.05 secs] 
[GC (Allocation Failure) [DefNew: 560271K->69248K(623616K), 0.1449878 secs] 1734771K->1284794K(2009472K), 0.1450302 secs] [Times: user=0.14 sys=0.00, real=0.14 secs] 
[GC (Allocation Failure) [DefNew: 623616K->5902K(623616K), 0.0507730 secs] 1839162K->1286034K(2009472K), 0.0508289 secs] [Times: user=0.05 sys=0.00, real=0.05 secs] 
[GC (Allocation Failure) [DefNew: 560270K->69248K(623616K), 0.1340573 secs] 1840402K->1389545K(2009472K), 0.1341612 secs] [Times: user=0.13 sys=0.00, real=0.13 secs] 
[GC (Allocation Failure) [DefNew: 623616K->623616K(623616K), 0.0000205 secs][Tenured: 1320297K->785354K(1385856K), 2.2026809 secs] 1943913K->785354K(2009472K), [Metaspace: 10571K->10571K(12288K)], 2.2027630 secs] [Times: user=2.20 sys=0.00, real=2.20 secs] 

*** PauseDetector detected a 2209 ms pause at Mon Dec 22 02:43:22 EET 2014 ***

[GC (Allocation Failure) [DefNew: 554368K->69247K(623616K), 0.1406610 secs] 1339722K->894527K(2009472K), 0.1407034 secs] [Times: user=0.14 sys=0.00, real=0.14 secs] 
[GC (Allocation Failure) [DefNew: 623615K->5871K(623616K), 0.0465489 secs] 1448895K->895783K(2009472K), 0.0465945 secs] [Times: user=0.05 sys=0.00, real=0.05 secs] 
[GC (Allocation Failure) [DefNew: 560239K->69247K(623616K), 0.1118004 secs] 1450151K->998955K(2009472K), 0.1118652 secs] [Times: user=0.09 sys=0.00, real=0.11 secs] 
[GC (Allocation Failure) [DefNew: 623615K->5905K(623616K), 0.0436451 secs] 1553323K->1000240K(2009472K), 0.0437901 secs] [Times: user=0.05 sys=0.00, real=0.04 secs] 
[GC (Allocation Failure) [DefNew: 560273K->69248K(623616K), 0.1293924 secs] 1554608K->1103301K(2009472K), 0.1294354 secs] [Times: user=0.12 sys=0.00, real=0.13 secs] 
[GC (Allocation Failure) [DefNew: 623616K->5817K(623616K), 0.0420328 secs] 1657669K->1104454K(2009472K), 0.0420745 secs] [Times: user=0.03 sys=0.00, real=0.04 secs] 
[GC (Allocation Failure) [DefNew: 560185K->69248K(623616K), 0.1226430 secs] 1658822K->1207450K(2009472K), 0.1226866 secs] [Times: user=0.13 sys=0.00, real=0.12 secs] 
[GC (Allocation Failure) [DefNew: 623616K->5906K(623616K), 0.0419000 secs] 1761818K->1208737K(2009472K), 0.0420470 secs] [Times: user=0.05 sys=0.00, real=0.04 secs] 
[GC (Allocation Failure) [DefNew: 560274K->69247K(623616K), 0.1226950 secs] 1763105K->1311628K(2009472K), 0.1228406 secs] [Times: user=0.12 sys=0.00, real=0.12 secs] 
[GC (Allocation Failure) [DefNew: 623615K->5832K(623616K), 0.0459862 secs] 1865996K->1312758K(2009472K), 0.0460299 secs] [Times: user=0.05 sys=0.00, real=0.04 secs] 
[GC (Allocation Failure) [DefNew: 560200K->560200K(623616K), 0.0000212 secs][Tenured: 1306925K->852775K(1385856K), 2.1552806 secs] 1867126K->852775K(2009472K), [Metaspace: 10571K->10571K(12288K)], 2.1553935 secs]
*** PauseDetector detected a 2156 ms pause at Mon Dec 22 02:43:41 EET 2014 ***

 [Times: user=2.15 sys=0.00, real=2.15 secs] 
[GC (Allocation Failure) [DefNew: 554368K->5866K(623616K), 0.0118390 secs] 1407143K->858642K(2009472K), 0.0118820 secs] [Times: user=0.00 sys=0.00, real=0.01 secs] 
[GC (Allocation Failure) [DefNew: 560234K->69247K(623616K), 0.1142486 secs] 1413010K->961416K(2009472K), 0.1142916 secs] [Times: user=0.11 sys=0.00, real=0.11 secs] 
[GC (Allocation Failure) [DefNew: 623615K->5818K(623616K), 0.0401934 secs] 1515784K->962519K(2009472K), 0.0403076 secs] [Times: user=0.03 sys=0.00, real=0.04 secs] 
[GC (Allocation Failure) [DefNew: 560186K->69247K(623616K), 0.1080780 secs] 1516887K->1064744K(2009472K), 0.1082659 secs] [Times: user=0.11 sys=0.00, real=0.11 secs] 
[GC (Allocation Failure) [DefNew: 623615K->5891K(623616K), 0.0421708 secs] 1619112K->1065949K(2009472K), 0.0423139 secs] [Times: user=0.05 sys=0.00, real=0.04 secs] 
[GC (Allocation Failure) [DefNew: 560259K->69247K(623616K), 0.1173481 secs] 1620317K->1168050K(2009472K), 0.1173917 secs] [Times: user=0.11 sys=0.00, real=0.12 secs] 
[GC (Allocation Failure) [DefNew: 623615K->5845K(623616K), 0.0421932 secs] 1722418K->1169187K(2009472K), 0.0422382 secs] [Times: user=0.03 sys=0.00, real=0.04 secs] 
[GC (Allocation Failure) [DefNew: 560213K->69247K(623616K), 0.1067563 secs] 1723555K->1271224K(2009472K), 0.1067980 secs] [Times: user=0.11 sys=0.00, real=0.11 secs] 
[GC (Allocation Failure) [DefNew: 623615K->5846K(623616K), 0.0404328 secs] 1825592K->1272400K(2009472K), 0.0404879 secs] [Times: user=0.05 sys=0.00, real=0.04 secs] 
[GC (Allocation Failure) [DefNew: 560214K->69247K(623616K), 0.1134569 secs] 1826768K->1374336K(2009472K), 0.1134967 secs] [Times: user=0.11 sys=0.00, real=0.11 secs] 
[GC (Allocation Failure) [DefNew: 623615K->5842K(623616K), 0.0439287 secs] 1928704K->1375543K(2009472K), 0.0439954 secs] [Times: user=0.05 sys=0.00, real=0.04 secs] 
[GC (Allocation Failure) [DefNew: 560210K->560210K(623616K), 0.0000205 secs][Tenured: 1369701K->870319K(1385856K), 2.3833467 secs] 1929911K->870319K(2009472K), [Metaspace: 10571K->10571K(12288K)], 2.3834346 secs] [Times: user=2.37 sys=0.00, real=2.38 secs] 

*** PauseDetector detected a 2379 ms pause at Mon Dec 22 02:44:02 EET 2014 ***

[GC (Allocation Failure) [DefNew: 554368K->5918K(623616K), 0.0153439 secs] 1424687K->876237K(2009472K), 0.0153863 secs] [Times: user=0.02 sys=0.00, real=0.02 secs] 
[GC (Allocation Failure) [DefNew: 560286K->69248K(623616K), 0.4547246 secs] 1430605K->995224K(2009472K), 0.4548215 secs] [Times: user=0.45 sys=0.00, real=0.45 secs] 

*** PauseDetector detected a 455 ms pause at Mon Dec 22 02:44:05 EET 2014 ***

[GC (Allocation Failure) [DefNew: 623616K->5883K(623616K), 0.0874089 secs] 1549592K->996758K(2009472K), 0.0875199 secs] [Times: user=0.09 sys=0.00, real=0.09 secs] 
[GC (Allocation Failure) [DefNew: 560251K->69248K(623616K), 0.4284232 secs] 1551126K->1113299K(2009472K), 0.4284649 secs] [Times: user=0.42 sys=0.00, real=0.42 secs] 

*** PauseDetector detected a 429 ms pause at Mon Dec 22 02:44:09 EET 2014 ***

[GC (Allocation Failure) [DefNew: 623616K->5851K(623616K), 0.0784205 secs] 1667667K->1114710K(2009472K), 0.0785712 secs] [Times: user=0.08 sys=0.00, real=0.07 secs] 
[GC (Allocation Failure) [DefNew: 560219K->69247K(623616K), 0.3316864 secs] 1669078K->1227230K(2009472K), 0.3318365 secs] [Times: user=0.33 sys=0.00, real=0.33 secs] 
[GC (Allocation Failure) [DefNew: 623615K->5914K(623616K), 0.0667393 secs] 1781598K->1228644K(2009472K), 0.0667829 secs] [Times: user=0.06 sys=0.00, real=0.07 secs] 
[GC (Allocation Failure) [DefNew: 560282K->69248K(623616K), 0.3446969 secs] 1783012K->1339809K(2009472K), 0.3447393 secs] [Times: user=0.34 sys=0.00, real=0.34 secs] 
[GC (Allocation Failure) [DefNew: 623616K->5846K(623616K), 0.0696745 secs] 1894177K->1341185K(2009472K), 0.0697143 secs] [Times: user=0.06 sys=0.00, real=0.07 secs] 
[GC (Allocation Failure) [DefNew: 560214K->560214K(623616K), 0.0000192 secs][Tenured: 1335339K->858586K(1385856K), 2.3195889 secs] 1895553K->858586K(2009472K), [Metaspace: 10571K->10571K(12288K)], 2.3196716 secs] [Times: user=2.31 sys=0.00, real=2.32 secs] 

*** PauseDetector detected a 2318 ms pause at Mon Dec 22 02:44:22 EET 2014 ***

[GC (Allocation Failure) [DefNew: 554368K->5892K(623616K), 0.0118563 secs] 1412954K->864478K(2009472K), 0.0119006 secs] [Times: user=0.00 sys=0.00, real=0.01 secs] 
[GC (Allocation Failure) [DefNew: 560260K->69248K(623616K), 0.2055827 secs] 1418846K->972579K(2009472K), 0.2057290 secs] [Times: user=0.20 sys=0.00, real=0.20 secs] 
[GC (Allocation Failure) [DefNew: 623616K->5888K(623616K), 0.0599764 secs] 1526947K->973848K(2009472K), 0.0601163 secs] [Times: user=0.05 sys=0.00, real=0.06 secs] 
[GC (Allocation Failure) [DefNew: 560256K->69248K(623616K), 0.2108334 secs] 1528216K->1081314K(2009472K), 0.2109008 secs] [Times: user=0.20 sys=0.00, real=0.21 secs] 
[GC (Allocation Failure) [DefNew: 623616K->5922K(623616K), 0.0637675 secs] 1635682K->1082670K(2009472K), 0.0638111 secs] [Times: user=0.08 sys=0.00, real=0.06 secs] 
[GC (Allocation Failure) [DefNew: 560290K->69248K(623616K), 0.1832873 secs] 1637038K->1189669K(2009472K), 0.1833329 secs] [Times: user=0.19 sys=0.00, real=0.18 secs] 
[GC (Allocation Failure) [DefNew: 623616K->5837K(623616K), 0.0574076 secs] 1744037K->1190917K(2009472K), 0.0574499 secs] [Times: user=0.06 sys=0.00, real=0.05 secs] 
[GC (Allocation Failure) [DefNew: 560205K->69248K(623616K), 0.1641998 secs] 1745285K->1296479K(2009472K), 0.1642640 secs] [Times: user=0.16 sys=0.00, real=0.16 secs] 
[GC (Allocation Failure) [DefNew: 623616K->5921K(623616K), 0.0668695 secs] 1850847K->1297857K(2009472K), 0.0669241 secs] [Times: user=0.05 sys=0.00, real=0.06 secs] 
[GC (Allocation Failure) [DefNew: 560289K->69248K(623616K), 0.1644738 secs] 1852225K->1403098K(2009472K), 0.1646168 secs] [Times: user=0.16 sys=0.00, real=0.16 secs] 
[GC (Allocation Failure) [DefNew: 623616K->623616K(623616K), 0.0000212 secs][Tenured: 1333850K->787109K(1385856K), 2.2746721 secs] 1957466K->787109K(2009472K), [Metaspace: 10571K->10571K(12288K)], 2.2748248 secs] [Times: user=2.28 sys=0.00, real=2.27 secs] 

*** PauseDetector detected a 2274 ms pause at Mon Dec 22 02:44:41 EET 2014 ***

[GC (Allocation Failure) [DefNew: 554368K->69248K(623616K), 0.1757623 secs] 1341477K->897945K(2009472K), 0.1758046 secs] [Times: user=0.17 sys=0.00, real=0.17 secs] 
[GC (Allocation Failure) [DefNew: 623616K->5887K(623616K), 0.0483626 secs] 1452313K->899236K(2009472K), 0.0484050 secs] [Times: user=0.05 sys=0.00, real=0.05 secs] 
[GC (Allocation Failure) [DefNew: 560255K->69248K(623616K), 0.1425062 secs] 1453604K->1004026K(2009472K), 0.1426153 secs] [Times: user=0.13 sys=0.00, real=0.13 secs] 
[GC (Allocation Failure) [DefNew: 623616K->5856K(623616K), 0.0509321 secs] 1558394K->1005207K(2009472K), 0.0509777 secs] [Times: user=0.05 sys=0.00, real=0.05 secs] 
[GC (Allocation Failure) [DefNew: 560224K->69247K(623616K), 0.1460105 secs] 1559575K->1109831K(2009472K), 0.1460554 secs] [Times: user=0.14 sys=0.00, real=0.14 secs] 
[GC (Allocation Failure) [DefNew: 623615K->5919K(623616K), 0.0460446 secs] 1664199K->1111061K(2009472K), 0.0461973 secs] [Times: user=0.05 sys=0.00, real=0.04 secs] 
[GC (Allocation Failure) [DefNew: 560287K->69248K(623616K), 0.1354303 secs] 1665429K->1215381K(2009472K), 0.1354700 secs] [Times: user=0.13 sys=0.00, real=0.13 secs] 
[GC (Allocation Failure) [DefNew: 623616K->5919K(623616K), 0.0503124 secs] 1769749K->1216693K(2009472K), 0.0503547 secs] [Times: user=0.05 sys=0.00, real=0.05 secs] 
[GC (Allocation Failure) [DefNew: 560287K->69248K(623616K), 0.1497836 secs] 1771061K->1320188K(2009472K), 0.1498401 secs] [Times: user=0.14 sys=0.00, real=0.14 secs] 
[GC (Allocation Failure) [DefNew: 623616K->5854K(623616K), 0.0519138 secs] 1874556K->1321341K(2009472K), 0.0519574 secs] [Times: user=0.05 sys=0.00, real=0.05 secs] 
[Full GC (System.gc()) [Tenured: 1315486K->854532K(1385856K), 2.0650481 secs] 1332518K->854532K(2009472K), [Metaspace: 10571K->10571K(12288K)], 2.0651026 secs] [Times: user=2.04 sys=0.00, real=2.06 secs] 
[Full GC (System.gc()) [Tenured: 854532K->848849K(1385856K), 1.9650117 secs] 865570K->848849K(2009472K), [Metaspace: 10571K->10571K(12288K)], 1.9650662 secs] [Times: user=1.97 sys=0.00, real=1.96 secs] 

*** PauseDetector detected a 4023 ms pause at Mon Dec 22 02:45:01 EET 2014 ***

[Full GC (System.gc()) [Tenured: 848849K->848850K(1385856K), 2.0874301 secs] 859889K->848850K(2009472K), [Metaspace: 10571K->10571K(12288K)], 2.0875854 secs] [Times: user=2.07 sys=0.00, real=2.09 secs] 

*** PauseDetector detected a 2092 ms pause at Mon Dec 22 02:45:03 EET 2014 ***

[Full GC (System.gc()) [Tenured: 848850K->777613K(1385856K), 2.0068873 secs] 859889K->777613K(2009472K), [Metaspace: 10571K->10571K(12288K)], 2.0069361 secs] [Times: user=2.01 sys=0.00, real=2.01 secs] 
[Full GC (System.gc()) [Tenured: 777613K->777614K(1385856K), 1.8797558 secs] 788653K->777614K(2009472K), [Metaspace: 10571K->10571K(12288K)], 1.8799079 secs] [Times: user=1.89 sys=0.00, real=1.88 secs] 
[Full GC (System.gc()) [Tenured: 777614K->777614K(1385856K), 2.1612543 secs] 777614K->777614K(2009472K), [Metaspace: 10571K->10571K(12288K)], 2.1612986 secs] [Times: user=2.15 sys=0.00, real=2.16 secs] 

*** PauseDetector detected a 2006 ms pause at Mon Dec 22 02:45:05 EET 2014 ***


*** PauseDetector detected a 4057 ms pause at Mon Dec 22 02:45:09 EET 2014 ***

[GC (Allocation Failure) [DefNew: 554368K->69248K(623616K), 0.1188051 secs] 1331982K->886921K(2009472K), 0.1188686 secs] [Times: user=0.11 sys=0.00, real=0.12 secs] 
[GC (Allocation Failure) [DefNew: 623616K->5954K(623616K), 0.0399561 secs] 1441289K->888125K(2009472K), 0.0400196 secs] [Times: user=0.05 sys=0.00, real=0.04 secs] 
[GC (Allocation Failure) [DefNew: 560322K->69248K(623616K), 0.1193755 secs] 1442493K->991345K(2009472K), 0.1195346 secs] [Times: user=0.13 sys=0.00, real=0.12 secs] 
[GC (Allocation Failure) [DefNew: 623616K->5954K(623616K), 0.0501578 secs] 1545713K->992547K(2009472K), 0.0502007 secs] [Times: user=0.05 sys=0.00, real=0.05 secs] 
[GC (Allocation Failure) [DefNew: 560322K->69247K(623616K), 0.1364112 secs] 1546915K->1095648K(2009472K), 0.1364613 secs] [Times: user=0.14 sys=0.00, real=0.13 secs] 
[GC (Allocation Failure) [DefNew: 623615K->5954K(623616K), 0.0425731 secs] 1650016K->1096850K(2009472K), 0.0426160 secs] [Times: user=0.05 sys=0.00, real=0.04 secs] 
[Full GC (System.gc()) [Tenured: 1090895K->849749K(1385856K), 2.0237916 secs] 1341391K->849749K(2009472K), [Metaspace: 10571K->10571K(12288K)], 2.0238442 secs] [Times: user=2.01 sys=0.00, real=2.01 secs] 
[Full GC (System.gc()) [Tenured: 849749K->780468K(1385856K), 2.1722830 secs] 849749K->780468K(2009472K), [Metaspace: 10571K->10571K(12288K)], 2.1723292 secs] [Times: user=2.17 sys=0.00, real=2.17 secs] 

*** PauseDetector detected a 4189 ms pause at Mon Dec 22 02:45:23 EET 2014 ***

[Full GC (System.gc()) [Tenured: 780468K->780468K(1385856K), 1.8476321 secs] 780470K->780468K(2009472K), [Metaspace: 10571K->10571K(12288K)], 1.8476751 secs] [Times: user=1.86 sys=0.00, real=1.85 secs] 

*** PauseDetector detected a 1854 ms pause at Mon Dec 22 02:45:25 EET 2014 ***

********************************
********** ROUND   61 **********
********************************
[GC (Allocation Failure) [DefNew: 554368K->5869K(623616K), 0.0113508 secs] 1334836K->786338K(2009472K), 0.0113937 secs] [Times: user=0.00 sys=0.00, real=0.00 secs] 
[GC (Allocation Failure) [DefNew: 560237K->69247K(623616K), 0.1294970 secs] 1340706K->889240K(2009472K), 0.1295457 secs] [Times: user=0.12 sys=0.00, real=0.13 secs] 
[GC (Allocation Failure) [DefNew: 623615K->5881K(623616K), 0.0435213 secs] 1443608K->890445K(2009472K), 0.0435675 secs] [Times: user=0.05 sys=0.00, real=0.04 secs] 
[GC (Allocation Failure) [DefNew: 560249K->69247K(623616K), 0.1054295 secs] 1444813K->993244K(2009472K), 0.1055335 secs] [Times: user=0.11 sys=0.00, real=0.11 secs] 
[GC (Allocation Failure) [DefNew: 623615K->5882K(623616K), 0.0408132 secs] 1547612K->994449K(2009472K), 0.0409556 secs] [Times: user=0.03 sys=0.00, real=0.03 secs] 
[GC (Allocation Failure) [DefNew: 560250K->69248K(623616K), 0.0971051 secs] 1548817K->1097171K(2009472K), 0.0971500 secs] [Times: user=0.09 sys=0.00, real=0.09 secs] 
[GC (Allocation Failure) [DefNew: 623616K->5877K(623616K), 0.0454852 secs] 1651539K->1098364K(2009472K), 0.0455301 secs] [Times: user=0.03 sys=0.00, real=0.04 secs] 
[GC (Allocation Failure) [DefNew: 560245K->69247K(623616K), 0.0973181 secs] 1652732K->1200507K(2009472K), 0.0973745 secs] [Times: user=0.09 sys=0.00, real=0.09 secs] 
[GC (Allocation Failure) [DefNew: 623615K->5870K(623616K), 0.0389045 secs] 1754875K->1201713K(2009472K), 0.0389430 secs] [Times: user=0.05 sys=0.00, real=0.04 secs] 
[GC (Allocation Failure) [DefNew: 560238K->69248K(623616K), 0.1101381 secs] 1756081K->1303814K(2009472K), 0.1102805 secs] [Times: user=0.09 sys=0.00, real=0.11 secs] 
[GC (Allocation Failure) [DefNew: 623616K->5899K(623616K), 0.0521069 secs] 1858182K->1305026K(2009472K), 0.0521537 secs] [Times: user=0.05 sys=0.00, real=0.05 secs] 
[GC (Allocation Failure) [DefNew: 560267K->69247K(623616K), 0.1070732 secs] 1859394K->1407046K(2009472K), 0.1072221 secs] [Times: user=0.11 sys=0.00, real=0.11 secs] 
[GC (Allocation Failure) [DefNew: 623615K->623615K(623616K), 0.0000218 secs][Tenured: 1337798K->853168K(1385856K), 2.1288849 secs] 1961414K->853168K(2009472K), [Metaspace: 10571K->10571K(12288K)], 2.1290479 secs] [Times: user=2.12 sys=0.00, real=2.12 secs] 

*** PauseDetector detected a 2127 ms pause at Mon Dec 22 02:45:47 EET 2014 ***

[GC (Allocation Failure) [DefNew: 554368K->69247K(623616K), 0.1116252 secs] 1407536K->961036K(2009472K), 0.1116676 secs] [Times: user=0.11 sys=0.00, real=0.11 secs] 
[GC (Allocation Failure) [DefNew: 623615K->5878K(623616K), 0.0398900 secs] 1515404K->962194K(2009472K), 0.0399548 secs] [Times: user=0.03 sys=0.00, real=0.04 secs] 
[GC (Allocation Failure) [DefNew: 560246K->69248K(623616K), 0.3700892 secs] 1516562K->1088817K(2009472K), 0.3701540 secs]
*** PauseDetector detected a 369 ms pause at Mon Dec 22 02:45:52 EET 2014 ***

 [Times: user=0.36 sys=0.00, real=0.37 secs] 
[GC (Allocation Failure) [DefNew: 623616K->5900K(623616K), 0.1125972 secs] 1643185K->1090475K(2009472K), 0.1127499 secs] [Times: user=0.11 sys=0.00, real=0.11 secs] 
[GC (Allocation Failure) [DefNew: 560268K->69248K(623616K), 0.4368670 secs] 1644843K->1209522K(2009472K), 0.4369081 secs] [Times: user=0.42 sys=0.00, real=0.43 secs] 

*** PauseDetector detected a 432 ms pause at Mon Dec 22 02:45:56 EET 2014 ***

[GC (Allocation Failure) [DefNew: 623616K->5866K(623616K), 0.0728060 secs] 1763890K->1210997K(2009472K), 0.0729523 secs] [Times: user=0.06 sys=0.00, real=0.07 secs] 
[GC (Allocation Failure) [DefNew: 560234K->69248K(623616K), 0.3557378 secs] 1765365K->1327535K(2009472K), 0.3557789 secs] [Times: user=0.36 sys=0.00, real=0.35 secs] 

*** PauseDetector detected a 357 ms pause at Mon Dec 22 02:46:00 EET 2014 ***

[GC (Allocation Failure) [DefNew: 623616K->5866K(623616K), 0.0857902 secs] 1881903K->1328981K(2009472K), 0.0858332 secs] [Times: user=0.08 sys=0.00, real=0.08 secs] 
[GC (Allocation Failure) [DefNew: 560234K->560234K(623616K), 0.0000192 secs][Tenured: 1323114K->862266K(1385856K), 2.4717225 secs] 1883349K->862266K(2009472K), [Metaspace: 10571K->10571K(12288K)], 2.4718759 secs] [Times: user=2.45 sys=0.00, real=2.47 secs] 

*** PauseDetector detected a 2473 ms pause at Mon Dec 22 02:46:05 EET 2014 ***

[GC (Allocation Failure) [DefNew: 554368K->5896K(623616K), 0.0122689 secs] 1416634K->868162K(2009472K), 0.0123080 secs] [Times: user=0.00 sys=0.00, real=0.01 secs] 
[GC (Allocation Failure) [DefNew: 560264K->69247K(623616K), 0.2567837 secs] 1422530K->979408K(2009472K), 0.2569358 secs] [Times: user=0.25 sys=0.00, real=0.25 secs] 
[GC (Allocation Failure) [DefNew: 623615K->5901K(623616K), 0.0616612 secs] 1533776K->980776K(2009472K), 0.0617010 secs] [Times: user=0.06 sys=0.00, real=0.06 secs] 
[GC (Allocation Failure) [DefNew: 560269K->69247K(623616K), 0.2892975 secs] 1535144K->1089540K(2009472K), 0.2893488 secs] [Times: user=0.28 sys=0.00, real=0.28 secs] 
[GC (Allocation Failure) [DefNew: 623615K->5888K(623616K), 0.0689502 secs] 1643908K->1090835K(2009472K), 0.0689983 secs] [Times: user=0.06 sys=0.00, real=0.06 secs] 
[GC (Allocation Failure) [DefNew: 560256K->69247K(623616K), 0.2377764 secs] 1645203K->1198930K(2009472K), 0.2378174 secs] [Times: user=0.23 sys=0.00, real=0.23 secs] 
[GC (Allocation Failure) [DefNew: 623615K->5880K(623616K), 0.0540759 secs] 1753298K->1200200K(2009472K), 0.0541137 secs] [Times: user=0.05 sys=0.00, real=0.05 secs] 
[GC (Allocation Failure) [DefNew: 560248K->69248K(623616K), 0.2040134 secs] 1754568K->1307719K(2009472K), 0.2040738 secs] [Times: user=0.19 sys=0.00, real=0.20 secs] 
[GC (Allocation Failure) [DefNew: 623616K->5887K(623616K), 0.0670845 secs] 1862087K->1308995K(2009472K), 0.0671281 secs] [Times: user=0.08 sys=0.00, real=0.07 secs] 
[GC (Allocation Failure) [DefNew: 560255K->69248K(623616K), 0.1869719 secs] 1863363K->1416065K(2009472K), 0.1870130 secs] [Times: user=0.19 sys=0.00, real=0.18 secs] 
[GC (Allocation Failure) [DefNew: 623616K->623616K(623616K), 0.0000738 secs][Tenured: 1346817K->788932K(1385856K), 2.3093429 secs] 1970433K->788932K(2009472K), [Metaspace: 10571K->10571K(12288K)], 2.3094898 secs] [Times: user=2.31 sys=0.00, real=2.31 secs] 

*** PauseDetector detected a 2312 ms pause at Mon Dec 22 02:46:26 EET 2014 ***

[GC (Allocation Failure) [DefNew: 554368K->69247K(623616K), 0.1904653 secs] 1343300K->900451K(2009472K), 0.1905711 secs] [Times: user=0.19 sys=0.00, real=0.19 secs] 
[GC (Allocation Failure) [DefNew: 623615K->5903K(623616K), 0.0477859 secs] 1454819K->901691K(2009472K), 0.0478250 secs] [Times: user=0.06 sys=0.00, real=0.05 secs] 
[GC (Allocation Failure) [DefNew: 560271K->69247K(623616K), 0.1582280 secs] 1456059K->1006964K(2009472K), 0.1583788 secs] [Times: user=0.16 sys=0.00, real=0.16 secs] 
[GC (Allocation Failure) [DefNew: 623615K->5906K(623616K), 0.0620000 secs] 1561332K->1008229K(2009472K), 0.0620455 secs] [Times: user=0.06 sys=0.00, real=0.06 secs] 
[GC (Allocation Failure) [DefNew: 560274K->69247K(623616K), 0.1772302 secs] 1562597K->1113233K(2009472K), 0.1773329 secs] [Times: user=0.17 sys=0.00, real=0.18 secs] 
[GC (Allocation Failure) [DefNew: 623615K->5907K(623616K), 0.0433051 secs] 1667601K->1114470K(2009472K), 0.0433705 secs] [Times: user=0.05 sys=0.00, real=0.04 secs] 
[GC (Allocation Failure) [DefNew: 560275K->69248K(623616K), 0.1460657 secs] 1668838K->1219231K(2009472K), 0.1462152 secs] [Times: user=0.14 sys=0.00, real=0.14 secs] 
[GC (Allocation Failure) [DefNew: 623616K->5906K(623616K), 0.0428310 secs] 1773599K->1220470K(2009472K), 0.0428996 secs] [Times: user=0.05 sys=0.00, real=0.04 secs] 
[GC (Allocation Failure) [DefNew: 560274K->69248K(623616K), 0.1760985 secs] 1774838K->1325013K(2009472K), 0.1761440 secs] [Times: user=0.19 sys=0.00, real=0.17 secs] 
[GC (Allocation Failure) [DefNew: 623616K->5900K(623616K), 0.0461909 secs] 1879381K->1326256K(2009472K), 0.0463385 secs] [Times: user=0.05 sys=0.00, real=0.04 secs] 
[GC (Allocation Failure) [DefNew: 560268K->560268K(623616K), 0.0000192 secs][Tenured: 1320355K->854378K(1385856K), 2.1628948 secs] 1880624K->854378K(2009472K), [Metaspace: 10571K->10571K(12288K)], 2.1629988 secs] [Times: user=2.15 sys=0.00, real=2.15 secs] 

*** PauseDetector detected a 2168 ms pause at Mon Dec 22 02:46:45 EET 2014 ***

[GC (Allocation Failure) [DefNew: 554368K->5857K(623616K), 0.0118153 secs] 1408746K->860235K(2009472K), 0.0118582 secs] [Times: user=0.00 sys=0.00, real=0.00 secs] 
[GC (Allocation Failure) [DefNew: 560225K->69248K(623616K), 0.1156915 secs] 1414603K->963817K(2009472K), 0.1157332 secs] [Times: user=0.13 sys=0.00, real=0.12 secs] 
[GC (Allocation Failure) [DefNew: 623616K->5909K(623616K), 0.0442546 secs] 1518185K->965025K(2009472K), 0.0443586 secs] [Times: user=0.03 sys=0.00, real=0.04 secs] 
[GC (Allocation Failure) [DefNew: 560277K->69248K(623616K), 0.1169773 secs] 1519393K->1068345K(2009472K), 0.1170177 secs] [Times: user=0.12 sys=0.00, real=0.12 secs] 
[GC (Allocation Failure) [DefNew: 623616K->5916K(623616K), 0.0477788 secs] 1622713K->1069589K(2009472K), 0.0478224 secs] [Times: user=0.05 sys=0.00, real=0.04 secs] 
[GC (Allocation Failure) [DefNew: 560284K->69247K(623616K), 0.1346398 secs] 1623957K->1172800K(2009472K), 0.1346854 secs] [Times: user=0.13 sys=0.00, real=0.13 secs] 
[GC (Allocation Failure) [DefNew: 623615K->5912K(623616K), 0.0573992 secs] 1727168K->1174007K(2009472K), 0.0574480 secs] [Times: user=0.06 sys=0.00, real=0.06 secs] 
[GC (Allocation Failure) [DefNew: 560280K->69248K(623616K), 0.1182521 secs] 1728375K->1277106K(2009472K), 0.1183945 secs] [Times: user=0.11 sys=0.00, real=0.11 secs] 
[GC (Allocation Failure) [DefNew: 623616K->5915K(623616K), 0.0533047 secs] 1831474K->1278313K(2009472K), 0.0533496 secs] [Times: user=0.05 sys=0.00, real=0.04 secs] 
[GC (Allocation Failure) [DefNew: 560283K->69248K(623616K), 0.1115194 secs] 1832681K->1381304K(2009472K), 0.1116669 secs] [Times: user=0.09 sys=0.00, real=0.10 secs] 
[GC (Allocation Failure) [DefNew: 623616K->623616K(623616K), 0.0000205 secs][Tenured: 1312056K->849784K(1385856K), 2.1638559 secs] 1935672K->849784K(2009472K), [Metaspace: 10571K->10571K(12288K)], 2.1639400 secs] [Times: user=2.15 sys=0.00, real=2.15 secs] 

*** PauseDetector detected a 2158 ms pause at Mon Dec 22 02:47:04 EET 2014 ***

[GC (Allocation Failure) [DefNew: 554368K->69247K(623616K), 0.1268492 secs] 1404152K->958548K(2009472K), 0.1268883 secs] [Times: user=0.13 sys=0.00, real=0.13 secs] 
[GC (Allocation Failure) [DefNew: 623615K->5883K(623616K), 0.0427745 secs] 1512916K->959770K(2009472K), 0.0429246 secs] [Times: user=0.03 sys=0.00, real=0.04 secs] 
[GC (Allocation Failure) [DefNew: 560251K->69247K(623616K), 0.1214734 secs] 1514138K->1062558K(2009472K), 0.1215209 secs] [Times: user=0.11 sys=0.00, real=0.11 secs] 
[GC (Allocation Failure) [DefNew: 623615K->5912K(623616K), 0.0428284 secs] 1616926K->1063802K(2009472K), 0.0428688 secs] [Times: user=0.03 sys=0.00, real=0.04 secs] 
[GC (Allocation Failure) [DefNew: 560280K->69247K(623616K), 0.1322551 secs] 1618170K->1166528K(2009472K), 0.1322994 secs] [Times: user=0.13 sys=0.00, real=0.13 secs] 
[GC (Allocation Failure) [DefNew: 623615K->5917K(623616K), 0.0403834 secs] 1720896K->1167728K(2009472K), 0.0404924 secs] [Times: user=0.03 sys=0.00, real=0.03 secs] 
[GC (Allocation Failure) [DefNew: 560285K->69247K(623616K), 0.1073594 secs] 1722096K->1269858K(2009472K), 0.1074030 secs] [Times: user=0.11 sys=0.00, real=0.10 secs] 
[GC (Allocation Failure) [DefNew: 623615K->5915K(623616K), 0.0393010 secs] 1824226K->1271081K(2009472K), 0.0394505 secs] [Times: user=0.03 sys=0.00, real=0.03 secs] 
[GC (Allocation Failure) [DefNew: 560283K->69247K(623616K), 0.1269570 secs] 1825449K->1373184K(2009472K), 0.1270012 secs] [Times: user=0.13 sys=0.00, real=0.13 secs] 
[GC (Allocation Failure) [DefNew: 623615K->5920K(623616K), 0.0423491 secs] 1927552K->1374370K(2009472K), 0.0425018 secs] [Times: user=0.03 sys=0.00, real=0.04 secs] 
[GC (Allocation Failure) [DefNew: 560288K->560288K(623616K), 0.0000289 secs][Tenured: 1368450K->852054K(1385856K), 2.1279604 secs] 1928738K->852054K(2009472K), [Metaspace: 10571K->10571K(12288K)]
*** PauseDetector detected a 2130 ms pause at Mon Dec 22 02:47:23 EET 2014 ***

, 2.1281304 secs] [Times: user=2.14 sys=0.00, real=2.13 secs] 
[GC (Allocation Failure) [DefNew: 554368K->5917K(623616K), 0.0119975 secs] 1406422K->857971K(2009472K), 0.0120417 secs] [Times: user=0.01 sys=0.00, real=0.01 secs] 
[GC (Allocation Failure) [DefNew: 560285K->69248K(623616K), 0.0957244 secs] 1412339K->959913K(2009472K), 0.0957687 secs] [Times: user=0.09 sys=0.00, real=0.10 secs] 
[GC (Allocation Failure) [DefNew: 623616K->5916K(623616K), 0.0406939 secs] 1514281K->961117K(2009472K), 0.0407375 secs] [Times: user=0.03 sys=0.00, real=0.04 secs] 
[GC (Allocation Failure) [DefNew: 560284K->69247K(623616K), 0.3009376 secs] 1515485K->1087714K(2009472K), 0.3010037 secs] [Times: user=0.30 sys=0.00, real=0.30 secs] 
[GC (Allocation Failure) [DefNew: 623615K->5918K(623616K), 0.1157717 secs] 1642082K->1089378K(2009472K), 0.1158160 secs] [Times: user=0.11 sys=0.00, real=0.11 secs] 
[GC (Allocation Failure) [DefNew: 560286K->69247K(623616K), 0.4019351 secs] 1643746K->1208430K(2009472K), 0.4020865 secs] [Times: user=0.41 sys=0.00, real=0.40 secs] 

*** PauseDetector detected a 397 ms pause at Mon Dec 22 02:47:33 EET 2014 ***

[GC (Allocation Failure) [DefNew: 623615K->5900K(623616K), 0.0971295 secs] 1762798K->1209917K(2009472K), 0.0971718 secs] [Times: user=0.09 sys=0.00, real=0.09 secs] 
[GC (Allocation Failure) [DefNew: 560268K->69248K(623616K), 0.4081180 secs] 1764285K->1326442K(2009472K), 0.4081590 secs] [Times: user=0.41 sys=0.00, real=0.40 secs] 

*** PauseDetector detected a 407 ms pause at Mon Dec 22 02:47:37 EET 2014 ***

[GC (Allocation Failure) [DefNew: 623616K->5923K(623616K), 0.0805916 secs] 1880810K->1327923K(2009472K), 0.0806365 secs] [Times: user=0.06 sys=0.00, real=0.08 secs] 
[GC (Allocation Failure) [DefNew: 560291K->560291K(623616K), 0.0000828 secs][Tenured: 1321999K->793050K(1385856K), 2.3100762 secs] 1882291K->793050K(2009472K), [Metaspace: 10571K->10571K(12288K)], 2.3103322 secs] [Times: user=2.31 sys=0.00, real=2.31 secs] 

*** PauseDetector detected a 2307 ms pause at Mon Dec 22 02:47:43 EET 2014 ***

[GC (Allocation Failure) [DefNew: 554368K->5920K(623616K), 0.0120738 secs] 1347418K->798970K(2009472K), 0.0121168 secs] [Times: user=0.00 sys=0.00, real=0.01 secs] 
[GC (Allocation Failure) [DefNew: 560288K->69247K(623616K), 0.2857598 secs] 1353338K->910216K(2009472K), 0.2858683 secs] [Times: user=0.28 sys=0.00, real=0.28 secs] 
[GC (Allocation Failure) [DefNew: 623615K->5906K(623616K), 0.0716223 secs] 1464584K->911566K(2009472K), 0.0716653 secs] [Times: user=0.06 sys=0.00, real=0.07 secs] 
[GC (Allocation Failure) [DefNew: 560274K->69247K(623616K), 0.2395779 secs] 1465934K->1020334K(2009472K), 0.2397248 secs] [Times: user=0.23 sys=0.00, real=0.24 secs] 
[GC (Allocation Failure) [DefNew: 623615K->5921K(623616K), 0.0775723 secs] 1574702K->1021652K(2009472K), 0.0776172 secs] [Times: user=0.08 sys=0.00, real=0.08 secs] 
[GC (Allocation Failure) [DefNew: 560289K->69248K(623616K), 0.2305182 secs] 1576020K->1129712K(2009472K), 0.2305612 secs] [Times: user=0.22 sys=0.00, real=0.22 secs] 
[GC (Allocation Failure) [DefNew: 623616K->5908K(623616K), 0.0585695 secs] 1684080K->1131012K(2009472K), 0.0587157 secs] [Times: user=0.06 sys=0.00, real=0.06 secs] 
[GC (Allocation Failure) [DefNew: 560276K->69247K(623616K), 0.2125772 secs] 1685380K->1238521K(2009472K), 0.2127203 secs] [Times: user=0.20 sys=0.00, real=0.21 secs] 
[GC (Allocation Failure) [DefNew: 623615K->5908K(623616K), 0.0641108 secs] 1792889K->1239800K(2009472K), 0.0641544 secs] [Times: user=0.06 sys=0.00, real=0.06 secs] 
[Full GC (System.gc()) [Tenured: 1233892K->853014K(1385856K), 2.1926171 secs] 1419224K->853014K(2009472K), [Metaspace: 10571K->10571K(12288K)], 2.1926749 secs] [Times: user=2.18 sys=0.00, real=2.19 secs] 
[Full GC (System.gc()) [Tenured: 853014K->853014K(1385856K), 1.9461198 secs] 853016K->853014K(2009472K), [Metaspace: 10571K->10571K(12288K)], 1.9461840 secs] [Times: user=1.95 sys=0.00, real=1.95 secs] 
[Full GC (System.gc()) [Tenured: 853014K->853014K(1385856K), 2.2712885 secs] 853014K->853014K(2009472K), [Metaspace: 10571K->10571K(12288K)]
*** PauseDetector detected a 6406 ms pause at Mon Dec 22 02:48:05 EET 2014 ***

, 2.2713359 secs] [Times: user=2.28 sys=0.00, real=2.27 secs] 
[Full GC (System.gc()) [Tenured: 853014K->783648K(1385856K), 2.0639087 secs] 853016K->783648K(2009472K), [Metaspace: 10571K->10571K(12288K)], 2.0640652 secs] [Times: user=2.06 sys=0.00, real=2.06 secs] 
[Full GC (System.gc()) [Tenured: 783648K->783703K(1385856K), 1.9281531 secs] 794763K->783703K(2009472K), [Metaspace: 10571K->10571K(12288K)], 1.9283020 secs] [Times: user=1.93 sys=0.00, real=1.93 secs] 
[Full GC (System.gc()) [Tenured: 783703K->783783K(1385856K), 2.1265906 secs] 794820K->783783K(2009472K), [Metaspace: 10571K->10571K(12288K)], 2.1266426 secs] [Times: user=2.14 sys=0.00, real=2.13 secs] 

*** PauseDetector detected a 3992 ms pause at Mon Dec 22 02:48:09 EET 2014 ***


*** PauseDetector detected a 2144 ms pause at Mon Dec 22 02:48:11 EET 2014 ***

[GC (Allocation Failure) [DefNew: 554368K->69248K(623616K), 0.1911473 secs] 1338151K->895351K(2009472K), 0.1912230 secs] [Times: user=0.19 sys=0.00, real=0.19 secs] 
[GC (Allocation Failure) [DefNew: 623616K->5954K(623616K), 0.0612833 secs] 1449719K->896594K(2009472K), 0.0614072 secs] [Times: user=0.06 sys=0.00, real=0.06 secs] 
[GC (Allocation Failure) [DefNew: 560322K->69247K(623616K), 0.1695717 secs] 1450962K->1001888K(2009472K), 0.1697315 secs] [Times: user=0.16 sys=0.00, real=0.17 secs] 
[GC (Allocation Failure) [DefNew: 623615K->5954K(623616K), 0.0537076 secs] 1556256K->1003128K(2009472K), 0.0537493 secs] [Times: user=0.05 sys=0.00, real=0.05 secs] 
[GC (Allocation Failure) [DefNew: 560322K->69248K(623616K), 0.1491754 secs] 1557496K->1108132K(2009472K), 0.1492171 secs] [Times: user=0.14 sys=0.00, real=0.14 secs] 
[GC (Allocation Failure) [DefNew: 623616K->5954K(623616K), 0.0428528 secs] 1662500K->1109368K(2009472K), 0.0428951 secs] [Times: user=0.03 sys=0.00, real=0.04 secs] 
[Full GC (System.gc()) [Tenured: 1103414K->786870K(1385856K), 1.9601370 secs] 1164947K->786870K(2009472K), [Metaspace: 10571K->10571K(12288K)], 1.9603031 secs] [Times: user=1.95 sys=0.00, real=1.96 secs] 
[Full GC (System.gc()) [Tenured: 786870K->717584K(1385856K), 2.1869417 secs] 786872K->717584K(2009472K), [Metaspace: 10571K->10571K(12288K)], 2.1870989 secs] [Times: user=2.18 sys=0.00, real=2.18 secs] 
[Full GC (System.gc()) [Tenured: 717584K->717628K(1385856K), 1.8510299 secs] 728698K->717628K(2009472K), [Metaspace: 10571K->10571K(12288K)], 1.8510716 secs] [Times: user=1.86 sys=0.00, real=1.85 secs] 
********************************
********** ROUND   62 **********
********************************

*** PauseDetector detected a 1959 ms pause at Mon Dec 22 02:48:23 EET 2014 ***


*** PauseDetector detected a 4085 ms pause at Mon Dec 22 02:48:27 EET 2014 ***

[GC (Allocation Failure) [DefNew: 554368K->69247K(623616K), 0.0570861 secs] 1271996K->787045K(2009472K), 0.0572318 secs] [Times: user=0.05 sys=0.00, real=0.06 secs] 
[GC (Allocation Failure) [DefNew: 623615K->5874K(623616K), 0.0471558 secs] 1341413K->787749K(2009472K), 0.0471969 secs] [Times: user=0.03 sys=0.00, real=0.04 secs] 
[GC (Allocation Failure) [DefNew: 560242K->69248K(623616K), 0.1259375 secs] 1342117K->892316K(2009472K), 0.1260036 secs] [Times: user=0.13 sys=0.00, real=0.12 secs] 
[GC (Allocation Failure) [DefNew: 623616K->5880K(623616K), 0.0541471 secs] 1446684K->893547K(2009472K), 0.0542940 secs] [Times: user=0.06 sys=0.00, real=0.05 secs] 
[GC (Allocation Failure) [DefNew: 560248K->69247K(623616K), 0.1499818 secs] 1447915K->997923K(2009472K), 0.1500242 secs] [Times: user=0.16 sys=0.00, real=0.15 secs] 
[GC (Allocation Failure) [DefNew: 623615K->5884K(623616K), 0.0458849 secs] 1552291K->999158K(2009472K), 0.0459285 secs] [Times: user=0.03 sys=0.00, real=0.04 secs] 
[GC (Allocation Failure) [DefNew: 560252K->69248K(623616K), 0.1354206 secs] 1553526K->1102696K(2009472K), 0.1354649 secs] [Times: user=0.12 sys=0.00, real=0.13 secs] 
[GC (Allocation Failure) [DefNew: 623616K->5885K(623616K), 0.0551377 secs] 1657064K->1103897K(2009472K), 0.0551813 secs] [Times: user=0.05 sys=0.00, real=0.05 secs] 
[GC (Allocation Failure) [DefNew: 560253K->69248K(623616K), 0.1266606 secs] 1658265K->1207248K(2009472K), 0.1268113 secs] [Times: user=0.13 sys=0.00, real=0.12 secs] 
[GC (Allocation Failure) [DefNew: 623616K->5887K(623616K), 0.0416825 secs] 1761616K->1208457K(2009472K), 0.0417281 secs] [Times: user=0.03 sys=0.00, real=0.04 secs] 
[GC (Allocation Failure) [DefNew: 560255K->69247K(623616K), 0.1426563 secs] 1762825K->1311680K(2009472K), 0.1427038 secs] [Times: user=0.16 sys=0.00, real=0.14 secs] 
[GC (Allocation Failure) [DefNew: 623615K->5890K(623616K), 0.0404276 secs] 1866048K->1312882K(2009472K), 0.0405739 secs] [Times: user=0.03 sys=0.00, real=0.03 secs] 
[GC (Allocation Failure) [DefNew: 560258K->560258K(623616K), 0.0000218 secs][Tenured: 1306991K->853068K(1385856K), 2.2149863 secs] 1867250K->853068K(2009472K), [Metaspace: 10571K->10571K(12288K)], 2.2151935 secs]
*** PauseDetector detected a 2211 ms pause at Mon Dec 22 02:48:49 EET 2014 ***

 [Times: user=2.22 sys=0.00, real=2.21 secs] 
[GC (Allocation Failure) [DefNew: 554368K->5902K(623616K), 0.0144470 secs] 1407436K->858971K(2009472K), 0.0144945 secs] [Times: user=0.02 sys=0.00, real=0.02 secs] 
[GC (Allocation Failure) [DefNew: 560270K->69248K(623616K), 0.1137707 secs] 1413339K->961951K(2009472K), 0.1139137 secs] [Times: user=0.09 sys=0.00, real=0.10 secs] 
[GC (Allocation Failure) [DefNew: 623616K->5891K(623616K), 0.0399060 secs] 1516319K->963153K(2009472K), 0.0399458 secs] [Times: user=0.05 sys=0.00, real=0.04 secs] 
[GC (Allocation Failure) [DefNew: 560259K->69247K(623616K), 0.1035394 secs] 1517521K->1066017K(2009472K), 0.1035850 secs] [Times: user=0.09 sys=0.00, real=0.10 secs] 
[GC (Allocation Failure) [DefNew: 623615K->5871K(623616K), 0.0537641 secs] 1620385K->1067227K(2009472K), 0.0538103 secs] [Times: user=0.05 sys=0.00, real=0.05 secs] 
[GC (Allocation Failure) [DefNew: 560239K->69247K(623616K), 0.1047918 secs] 1621595K->1170053K(2009472K), 0.1049355 secs] [Times: user=0.09 sys=0.00, real=0.10 secs] 
[GC (Allocation Failure) [DefNew: 623615K->5864K(623616K), 0.0437247 secs] 1724421K->1171224K(2009472K), 0.0438395 secs] [Times: user=0.05 sys=0.00, real=0.03 secs] 
[GC (Allocation Failure) [DefNew: 560232K->69247K(623616K), 0.1032456 secs] 1725592K->1273978K(2009472K), 0.1032854 secs] [Times: user=0.09 sys=0.00, real=0.10 secs] 
[GC (Allocation Failure) [DefNew: 623615K->5866K(623616K), 0.0492268 secs] 1828346K->1275146K(2009472K), 0.0492705 secs] [Times: user=0.05 sys=0.00, real=0.04 secs] 
[GC (Allocation Failure) [DefNew: 560234K->69248K(623616K), 0.1075204 secs] 1829514K->1377354K(2009472K), 0.1075589 secs] [Times: user=0.11 sys=0.00, real=0.11 secs] 
[GC (Allocation Failure) [DefNew: 623616K->623616K(623616K), 0.0000205 secs][Tenured: 1308106K->853299K(1385856K), 2.2049501 secs] 1931722K->853299K(2009472K), [Metaspace: 10571K->10571K(12288K)], 2.2050303 secs] [Times: user=2.18 sys=0.00, real=2.20 secs] 

*** PauseDetector detected a 2205 ms pause at Mon Dec 22 02:49:08 EET 2014 ***

[GC (Allocation Failure) [DefNew: 554368K->69248K(623616K), 0.1204694 secs] 1407667K->961296K(2009472K), 0.1205200 secs] [Times: user=0.11 sys=0.00, real=0.11 secs] 
[GC (Allocation Failure) [DefNew: 623616K->5905K(623616K), 0.0436182 secs] 1515664K->962489K(2009472K), 0.0436644 secs] [Times: user=0.05 sys=0.00, real=0.04 secs] 
[GC (Allocation Failure) [DefNew: 560273K->69248K(623616K), 0.1102311 secs] 1516857K->1064511K(2009472K), 0.1102747 secs] [Times: user=0.09 sys=0.00, real=0.10 secs] 
[GC (Allocation Failure) [DefNew: 623616K->5896K(623616K), 0.0493122 secs] 1618879K->1065691K(2009472K), 0.0494623 secs] [Times: user=0.06 sys=0.00, real=0.05 secs] 
[GC (Allocation Failure) [DefNew: 560264K->69248K(623616K), 0.1112999 secs] 1620059K->1167633K(2009472K), 0.1113442 secs] [Times: user=0.09 sys=0.00, real=0.10 secs] 
[GC (Allocation Failure) [DefNew: 623616K->5888K(623616K), 0.0413656 secs] 1722001K->1168830K(2009472K), 0.0415228 secs] [Times: user=0.03 sys=0.00, real=0.03 secs] 
[GC (Allocation Failure) [DefNew: 560256K->69248K(623616K), 0.3130422 secs] 1723198K->1295459K(2009472K), 0.3131083 secs] [Times: user=0.31 sys=0.00, real=0.30 secs] 
[GC (Allocation Failure) [DefNew: 623616K->5870K(623616K), 0.0900516 secs] 1849827K->1297071K(2009472K), 0.0901921 secs] [Times: user=0.08 sys=0.00, real=0.09 secs] 
[GC (Allocation Failure) [DefNew: 560238K->69248K(623616K), 0.5092284 secs] 1851439K->1416144K(2009472K), 0.5092695 secs] [Times: user=0.50 sys=0.00, real=0.51 secs] 

*** PauseDetector detected a 507 ms pause at Mon Dec 22 02:49:23 EET 2014 ***

[GC (Allocation Failure) [DefNew: 623616K->623616K(623616K), 0.0000199 secs][Tenured: 1346896K->800338K(1385856K), 2.2393816 secs] 1970512K->800338K(2009472K), [Metaspace: 10571K->10571K(12288K)], 2.2395721 secs] [Times: user=2.25 sys=0.00, real=2.23 secs] 

*** PauseDetector detected a 2237 ms pause at Mon Dec 22 02:49:27 EET 2014 ***

[GC (Allocation Failure) [DefNew: 554368K->69248K(623616K), 0.4323593 secs] 1354706K->922746K(2009472K), 0.4324087 secs] [Times: user=0.42 sys=0.00, real=0.43 secs] 

*** PauseDetector detected a 427 ms pause at Mon Dec 22 02:49:29 EET 2014 ***

[GC (Allocation Failure) [DefNew: 623616K->5875K(623616K), 0.0775120 secs] 1477114K->924196K(2009472K), 0.0775569 secs] [Times: user=0.08 sys=0.00, real=0.08 secs] 
[GC (Allocation Failure) [DefNew: 560243K->69247K(623616K), 0.2809641 secs] 1478564K->1036696K(2009472K), 0.2810289 secs] [Times: user=0.27 sys=0.00, real=0.28 secs] 
[GC (Allocation Failure) [DefNew: 623615K->5879K(623616K), 0.0760652 secs] 1591064K->1038071K(2009472K), 0.0761089 secs] [Times: user=0.06 sys=0.00, real=0.07 secs] 
[GC (Allocation Failure) [DefNew: 560247K->69248K(623616K), 0.3228449 secs] 1592439K->1149349K(2009472K), 0.3228885 secs] [Times: user=0.31 sys=0.00, real=0.32 secs] 
[GC (Allocation Failure) [DefNew: 623616K->5900K(623616K), 0.0622688 secs] 1703717K->1150701K(2009472K), 0.0624112 secs] [Times: user=0.05 sys=0.00, real=0.05 secs] 
[GC (Allocation Failure) [DefNew: 560268K->69247K(623616K), 0.2825488 secs] 1705069K->1259472K(2009472K), 0.2826206 secs] [Times: user=0.28 sys=0.00, real=0.27 secs] 
[GC (Allocation Failure) [DefNew: 623615K->5906K(623616K), 0.0655703 secs] 1813840K->1260778K(2009472K), 0.0657141 secs] [Times: user=0.06 sys=0.00, real=0.06 secs] 
[GC (Allocation Failure) [DefNew: 560274K->69247K(623616K), 0.2869448 secs] 1815146K->1368841K(2009472K), 0.2870289 secs] [Times: user=0.28 sys=0.00, real=0.29 secs] 
[GC (Allocation Failure) [DefNew: 623615K->5909K(623616K), 0.0608426 secs] 1923209K->1370155K(2009472K), 0.0608856 secs] [Times: user=0.06 sys=0.00, real=0.05 secs] 
[GC (Allocation Failure) [DefNew: 560277K->560277K(623616K), 0.0000186 secs][Tenured: 1364245K->855060K(1385856K), 2.4204844 secs] 1924523K->855060K(2009472K), [Metaspace: 10571K->10571K(12288K)], 2.4205658 secs] [Times: user=2.42 sys=0.00, real=2.42 secs] 

*** PauseDetector detected a 2422 ms pause at Mon Dec 22 02:49:48 EET 2014 ***

[GC (Allocation Failure) [DefNew: 554368K->5913K(623616K), 0.0114502 secs] 1409428K->860974K(2009472K), 0.0114881 secs] [Times: user=0.01 sys=0.00, real=0.01 secs] 
[GC (Allocation Failure) [DefNew: 560281K->69248K(623616K), 0.1666763 secs] 1415342K->968009K(2009472K), 0.1667828 secs] [Times: user=0.16 sys=0.00, real=0.16 secs] 
[GC (Allocation Failure) [DefNew: 623616K->5870K(623616K), 0.0565819 secs] 1522377K->969263K(2009472K), 0.0566236 secs] [Times: user=0.06 sys=0.00, real=0.06 secs] 
[GC (Allocation Failure) [DefNew: 560238K->69247K(623616K), 0.2089401 secs] 1523631K->1074913K(2009472K), 0.2089844 secs] [Times: user=0.20 sys=0.00, real=0.20 secs] 
[GC (Allocation Failure) [DefNew: 623615K->5881K(623616K), 0.0598205 secs] 1629281K->1076129K(2009472K), 0.0598622 secs] [Times: user=0.05 sys=0.00, real=0.05 secs] 
[GC (Allocation Failure) [DefNew: 560249K->69248K(623616K), 0.1670516 secs] 1630497K->1181451K(2009472K), 0.1670914 secs] [Times: user=0.17 sys=0.00, real=0.17 secs] 
[GC (Allocation Failure) [DefNew: 623616K->5910K(623616K), 0.0478391 secs] 1735819K->1182693K(2009472K), 0.0479822 secs] [Times: user=0.05 sys=0.00, real=0.04 secs] 
[GC (Allocation Failure) [DefNew: 560278K->69247K(623616K), 0.1808615 secs] 1737061K->1287692K(2009472K), 0.1809032 secs] [Times: user=0.17 sys=0.00, real=0.18 secs] 
[GC (Allocation Failure) [DefNew: 623615K->5900K(623616K), 0.0538334 secs] 1842060K->1288923K(2009472K), 0.0539456 secs] [Times: user=0.06 sys=0.00, real=0.05 secs] 
[GC (Allocation Failure) [DefNew: 560268K->69247K(623616K), 0.1574761 secs] 1843291K->1393682K(2009472K), 0.1575152 secs] [Times: user=0.16 sys=0.00, real=0.16 secs] 
[GC (Allocation Failure) [DefNew: 623615K->623615K(623616K), 0.0000834 secs][Tenured: 1324434K->855961K(1385856K), 2.2559163 secs] 1948050K->855961K(2009472K), [Metaspace: 10571K->10571K(12288K)], 2.2560671 secs] [Times: user=2.25 sys=0.00, real=2.25 secs] 

*** PauseDetector detected a 2254 ms pause at Mon Dec 22 02:50:08 EET 2014 ***

[GC (Allocation Failure) [DefNew: 554368K->69248K(623616K), 0.1291820 secs] 1410329K->966399K(2009472K), 0.1292468 secs] [Times: user=0.13 sys=0.00, real=0.13 secs] 
[GC (Allocation Failure) [DefNew: 623616K->5914K(623616K), 0.0451406 secs] 1520767K->967682K(2009472K), 0.0452067 secs] [Times: user=0.05 sys=0.00, real=0.04 secs] 
[GC (Allocation Failure) [DefNew: 560282K->69248K(623616K), 0.1204058 secs] 1522050K->1072040K(2009472K), 0.1204552 secs] [Times: user=0.13 sys=0.00, real=0.12 secs] 
[GC (Allocation Failure) [DefNew: 623616K->5870K(623616K), 0.0486494 secs] 1626408K->1073245K(2009472K), 0.0486937 secs] [Times: user=0.05 sys=0.00, real=0.05 secs] 
[GC (Allocation Failure) [DefNew: 560238K->69247K(623616K), 0.1148844 secs] 1627613K->1176779K(2009472K), 0.1150307 secs] [Times: user=0.11 sys=0.00, real=0.11 secs] 
[GC (Allocation Failure) [DefNew: 623615K->5914K(623616K), 0.0576353 secs] 1731147K->1178002K(2009472K), 0.0576924 secs] [Times: user=0.05 sys=0.00, real=0.06 secs] 
[GC (Allocation Failure) [DefNew: 560282K->69247K(623616K), 0.1129109 secs] 1732370K->1281368K(2009472K), 0.1129514 secs] [Times: user=0.09 sys=0.00, real=0.11 secs] 
[GC (Allocation Failure) [DefNew: 623615K->5915K(623616K), 0.0488226 secs] 1835736K->1282585K(2009472K), 0.0489368 secs] [Times: user=0.03 sys=0.00, real=0.04 secs] 
[GC (Allocation Failure) [DefNew: 560283K->69247K(623616K), 0.1228175 secs] 1836953K->1385797K(2009472K), 0.1229612 secs] [Times: user=0.13 sys=0.00, real=0.12 secs] 
[GC (Allocation Failure) [DefNew: 623615K->623615K(623616K), 0.0000205 secs][Tenured
*** PauseDetector detected a 2199 ms pause at Mon Dec 22 02:50:25 EET 2014 ***
: 1316549K->854375K(1385856K), 2.1982463 secs] 1940165K->854375K(2009472K), [Metaspace: 10571K->10571K(12288K)], 2.1983560 secs] [Times: user=2.18 sys=0.00, real=2.19 secs] 

[GC (Allocation Failure) [DefNew: 554368K->69247K(623616K), 0.1438856 secs] 1408743K->963361K(2009472K), 0.1439356 secs] [Times: user=0.13 sys=0.00, real=0.14 secs] 
[GC (Allocation Failure) [DefNew: 623615K->5754K(623616K), 0.0469666 secs] 1517729K->964433K(2009472K), 0.0470801 secs] [Times: user=0.05 sys=0.00, real=0.05 secs] 
[GC (Allocation Failure) [DefNew: 560122K->69248K(623616K), 0.1301860 secs] 1518801K->1067585K(2009472K), 0.1302386 secs] [Times: user=0.14 sys=0.00, real=0.13 secs] 
[GC (Allocation Failure) [DefNew: 623616K->5887K(623616K), 0.0409569 secs] 1621953K->1068759K(2009472K), 0.0411006 secs] [Times: user=0.03 sys=0.00, real=0.04 secs] 
[GC (Allocation Failure) [DefNew: 560255K->69247K(623616K), 0.1237144 secs] 1623127K->1171683K(2009472K), 0.1237658 secs] [Times: user=0.12 sys=0.00, real=0.13 secs] 
[GC (Allocation Failure) [DefNew: 623615K->5896K(623616K), 0.0465797 secs] 1726051K->1172864K(2009472K), 0.0466208 secs] [Times: user=0.05 sys=0.00, real=0.04 secs] 
[GC (Allocation Failure) [DefNew: 560264K->69247K(623616K), 0.1103472 secs] 1727232K->1275688K(2009472K), 0.1104024 secs] [Times: user=0.11 sys=0.00, real=0.11 secs] 
[GC (Allocation Failure) [DefNew: 623615K->5915K(623616K), 0.0398265 secs] 1830056K->1276886K(2009472K), 0.0398913 secs] [Times: user=0.03 sys=0.00, real=0.03 secs] 
[GC (Allocation Failure) [DefNew: 560283K->69248K(623616K), 0.1050773 secs] 1831254K->1379608K(2009472K), 0.1051222 secs] [Times: user=0.09 sys=0.00, real=0.10 secs] 
[GC (Allocation Failure) [DefNew: 623616K->623616K(623616K), 0.0000199 secs][Tenured: 1310360K->784597K(1385856K), 2.1968689 secs] 1933976K->784597K(2009472K), [Metaspace: 10571K->10571K(12288K)], 2.1970312 secs] [Times: user=2.18 sys=0.00, real=2.19 secs] 

*** PauseDetector detected a 2197 ms pause at Mon Dec 22 02:50:43 EET 2014 ***

[GC (Allocation Failure) [DefNew: 554368K->69247K(623616K), 0.1028549 secs] 1338965K->892682K(2009472K), 0.1028953 secs] [Times: user=0.09 sys=0.00, real=0.09 secs] 
[GC (Allocation Failure) [DefNew: 623615K->5917K(623616K), 0.0448821 secs] 1447050K->893871K(2009472K), 0.0449244 secs] [Times: user=0.05 sys=0.00, real=0.04 secs] 
[GC (Allocation Failure) [DefNew: 560285K->69247K(623616K), 0.1145701 secs] 1448239K->995970K(2009472K), 0.1146118 secs] [Times: user=0.11 sys=0.00, real=0.12 secs] 
[GC (Allocation Failure) [DefNew: 623615K->5893K(623616K), 0.0481054 secs] 1550338K->997131K(2009472K), 0.0482305 secs] [Times: user=0.05 sys=0.00, real=0.04 secs] 
[GC (Allocation Failure) [DefNew: 560261K->69247K(623616K), 0.1002494 secs] 1551499K->1099186K(2009472K), 0.1003932 secs] [Times: user=0.09 sys=0.00, real=0.10 secs] 
[GC (Allocation Failure) [DefNew: 623615K->5868K(623616K), 0.0429843 secs] 1653554K->1100318K(2009472K), 0.0430234 secs] [Times: user=0.05 sys=0.00, real=0.04 secs] 
[GC (Allocation Failure) [DefNew: 560236K->69248K(623616K), 0.1153502 secs] 1654686K->1202339K(2009472K), 0.1154003 secs] [Times: user=0.11 sys=0.00, real=0.11 secs] 
[GC (Allocation Failure) [DefNew: 623616K->5920K(623616K), 0.0437978 secs] 1756707K->1203518K(2009472K), 0.0438421 secs] [Times: user=0.05 sys=0.00, real=0.04 secs] 
[GC (Allocation Failure) [DefNew: 560288K->69247K(623616K), 0.2947053 secs] 1757886K->1330123K(2009472K), 0.2947483 secs] [Times: user=0.30 sys=0.00, real=0.29 secs] 
[Full GC (System.gc()) [Tenured: 1260875K->874295K(1385856K), 2.3849770 secs] 1643432K->874295K(2009472K), [Metaspace: 10571K->10571K(12288K)], 2.3850302 secs] [Times: user=2.39 sys=0.00, real=2.38 secs] 
[Full GC (System.gc()) [Tenured: 874295K->874217K(1385856K), 2.1090134 secs] 885376K->874217K(2009472K), [Metaspace: 10571K->10571K(12288K)], 2.1091654 secs] [Times: user=2.11 sys=0.00, real=2.11 secs] 
[Full GC (System.gc()) [Tenured: 874217K->871136K(1385856K), 1.9860496 secs] 885297K->871136K(2009472K), [Metaspace: 10571K->10571K(12288K)], 1.9861144 secs] [Times: user=1.98 sys=0.00, real=1.98 secs] 

*** PauseDetector detected a 2384 ms pause at Mon Dec 22 02:51:00 EET 2014 ***

[Full GC (System.gc()) [Tenured: 871136K->801804K(1385856K), 2.1862681 secs] 882217K->801804K(2009472K), [Metaspace: 10571K->10571K(12288K)], 2.1863162 secs] [Times: user=2.20 sys=0.00, real=2.19 secs] 
[Full GC (System.gc()) [Tenured: 801804K->801804K(1385856K), 2.1709652 secs] 801804K->801804K(2009472K), [Metaspace: 10571K->10571K(12288K)], 2.1710833 secs] [Times: user=2.17 sys=0.00, real=2.16 secs] 
[Full GC (System.gc()) [Tenured: 801804K->801804K(1385856K), 2.0074622 secs] 801804K->801804K(2009472K), [Metaspace: 10571K->10571K(12288K)], 2.0076129 secs] [Times: user=2.01 sys=0.00, real=2.01 secs] 

*** PauseDetector detected a 10463 ms pause at Mon Dec 22 02:51:11 EET 2014 ***

[GC (Allocation Failure) [DefNew: 554368K->69247K(623616K), 0.4850718 secs] 1356172K->926823K(2009472K), 0.4851225 secs] [Times: user=0.48 sys=0.00, real=0.48 secs] 

*** PauseDetector detected a 487 ms pause at Mon Dec 22 02:51:13 EET 2014 ***

[GC (Allocation Failure) [DefNew: 623615K->5953K(623616K), 0.0700312 secs] 1481191K->928313K(2009472K), 0.0701730 secs] [Times: user=0.06 sys=0.00, real=0.06 secs] 
[GC (Allocation Failure) [DefNew: 560321K->69247K(623616K), 0.3786401 secs] 1482681K->1044834K(2009472K), 0.3786921 secs] [Times: user=0.38 sys=0.00, real=0.38 secs] 

*** PauseDetector detected a 376 ms pause at Mon Dec 22 02:51:16 EET 2014 ***

[GC (Allocation Failure) [DefNew: 623615K->5940K(623616K), 0.0769634 secs] 1599202K->1046284K(2009472K), 0.0771264 secs] [Times: user=0.08 sys=0.00, real=0.07 secs] 
[GC (Allocation Failure) [DefNew: 560308K->69248K(623616K), 0.3811262 secs] 1600652K->1158797K(2009472K), 0.3811756 secs] [Times: user=0.39 sys=0.00, real=0.38 secs] 

*** PauseDetector detected a 383 ms pause at Mon Dec 22 02:51:20 EET 2014 ***

[Full GC (System.gc()) [Tenured: 1089549K->857887K(1385856K), 2.1564316 secs] 1303844K->857887K(2009472K), [Metaspace: 10571K->10571K(12288K)], 2.1565978 secs] [Times: user=2.15 sys=0.00, real=2.15 secs] 
[Full GC (System.gc()) [Tenured: 857887K->790096K(1385856K), 2.0248078 secs] 857887K->790096K(2009472K), [Metaspace: 10571K->10571K(12288K)], 2.0248643 secs] [Times: user=2.03 sys=0.00, real=2.03 secs] 
[Full GC (System.gc()) [Tenured: 790096K->790096K(1385856K), 2.1658474 secs] 790096K->790096K(2009472K), [Metaspace: 10571K->10571K(12288K)], 2.1658865 secs] [Times: user=2.15 sys=0.00, real=2.16 secs] 

*** PauseDetector detected a 6346 ms pause at Mon Dec 22 02:51:27 EET 2014 ***

********************************
********** ROUND   63 **********
********************************
[GC (Allocation Failure) [DefNew: 554368K->69247K(623616K), 0.2834271 secs] 1344464K->907130K(2009472K), 0.2834707 secs] [Times: user=0.28 sys=0.00, real=0.28 secs] 
[GC (Allocation Failure) [DefNew: 623615K->5876K(623616K), 0.0693268 secs] 1461498K->908581K(2009472K), 0.0694423 secs] [Times: user=0.06 sys=0.00, real=0.07 secs] 
[GC (Allocation Failure) [DefNew: 560244K->69247K(623616K), 0.2690744 secs] 1462949K->1017341K(2009472K), 0.2691687 secs] [Times: user=0.27 sys=0.00, real=0.27 secs] 
[GC (Allocation Failure) [DefNew: 623615K->5893K(623616K), 0.0775685 secs] 1571709K->1018669K(2009472K), 0.0776114 secs] [Times: user=0.08 sys=0.00, real=0.07 secs] 
[GC (Allocation Failure) [DefNew: 560261K->69248K(623616K), 0.2293589 secs] 1573037K->1126712K(2009472K), 0.2295052 secs] [Times: user=0.23 sys=0.00, real=0.23 secs] 
[GC (Allocation Failure) [DefNew: 623616K->5875K(623616K), 0.0577284 secs] 1681080K->1128024K(2009472K), 0.0578734 secs] [Times: user=0.06 sys=0.00, real=0.06 secs] 
[GC (Allocation Failure) [DefNew: 560243K->69247K(623616K), 0.1996186 secs] 1682392K->1235531K(2009472K), 0.1996815 secs] [Times: user=0.20 sys=0.00, real=0.20 secs] 
[GC (Allocation Failure) [DefNew: 623615K->5896K(623616K), 0.0673732 secs] 1789899K->1236834K(2009472K), 0.0674162 secs] [Times: user=0.08 sys=0.00, real=0.06 secs] 
[GC (Allocation Failure) [DefNew: 560264K->69247K(623616K), 0.1843517 secs] 1791202K->1343872K(2009472K), 0.1844621 secs] [Times: user=0.17 sys=0.00, real=0.18 secs] 
[GC (Allocation Failure) [DefNew: 623615K->5887K(623616K), 0.0558575 secs] 1898240K->1345156K(2009472K), 0.0559236 secs] [Times: user=0.05 sys=0.00, real=0.05 secs] 
[GC (Allocation Failure) [DefNew: 560255K->560255K(623616K), 0.0000231 secs][Tenured: 1339268K->855549K(1385856K), 2.5057312 secs] 1899524K->855549K(2009472K), [Metaspace: 10571K->10571K(12288K)], 2.5058332 secs] [Times: user=2.48 sys=0.00, real=2.50 secs] 

*** PauseDetector detected a 2505 ms pause at Mon Dec 22 02:51:47 EET 2014 ***

[GC (Allocation Failure) [DefNew: 554368K->5891K(623616K), 0.0121316 secs] 1409917K->861441K(2009472K), 0.0121758 secs] [Times: user=0.02 sys=0.00, real=0.01 secs] 
[GC (Allocation Failure) [DefNew: 560259K->69247K(623616K), 0.1498785 secs] 1415809K->966717K(2009472K), 0.1500261 secs] [Times: user=0.14 sys=0.00, real=0.15 secs] 
[GC (Allocation Failure) [DefNew: 623615K->5891K(623616K), 0.0543158 secs] 1521085K->967975K(2009472K), 0.0543582 secs] [Times: user=0.05 sys=0.00, real=0.05 secs] 
[GC (Allocation Failure) [DefNew: 560259K->69248K(623616K), 0.1444893 secs] 1522343K->1072924K(2009472K), 0.1445291 secs] [Times: user=0.14 sys=0.00, real=0.14 secs] 
[GC (Allocation Failure) [DefNew: 623616K->5895K(623616K), 0.0529807 secs] 1627292K->1074219K(2009472K), 0.0530853 secs] [Times: user=0.05 sys=0.00, real=0.05 secs] 
[GC (Allocation Failure) [DefNew: 560263K->69248K(623616K), 0.1366217 secs] 1628587K->1178980K(2009472K), 0.1367327 secs] [Times: user=0.13 sys=0.00, real=0.13 secs] 
[GC (Allocation Failure) [DefNew: 623616K->5894K(623616K), 0.0492974 secs] 1733348K->1180219K(2009472K), 0.0494026 secs] [Times: user=0.05 sys=0.00, real=0.05 secs] 
[GC (Allocation Failure) [DefNew: 560262K->69248K(623616K), 0.1507742 secs] 1734587K->1284785K(2009472K), 0.1508204 secs] [Times: user=0.14 sys=0.00, real=0.15 secs] 
[GC (Allocation Failure) [DefNew: 623616K->5894K(623616K), 0.0480072 secs] 1839153K->1286011K(2009472K), 0.0480470 secs] [Times: user=0.05 sys=0.00, real=0.04 secs] 
[GC (Allocation Failure) [DefNew: 560262K->69247K(623616K), 0.1495084 secs] 1840379K->1390387K(2009472K), 0.1495494 secs] [Times: user=0.16 sys=0.00, real=0.14 secs] 
[GC (Allocation Failure) [DefNew: 623615K->623615K(623616K), 0.0000205 secs][Tenured: 1321139K->855527K(1385856K), 2.4576669 secs] 1944755K->855527K(2009472K), [Metaspace: 10571K->10571K(12288K)], 2.4577497 secs] [Times: user=2.45 sys=0.00, real=2.46 secs] 

*** PauseDetector detected a 2460 ms pause at Mon Dec 22 02:52:07 EET 2014 ***

[GC (Allocation Failure) [DefNew: 554368K->69248K(623616K), 0.1294334 secs] 1409895K->964891K(2009472K), 0.1294758 secs] [Times: user=0.13 sys=0.00, real=0.12 secs] 
[GC (Allocation Failure) [DefNew: 623616K->5902K(623616K), 0.0471712 secs] 1519259K->966143K(2009472K), 0.0472155 secs] [Times: user=0.05 sys=0.00, real=0.05 secs] 
[GC (Allocation Failure) [DefNew: 560270K->69247K(623616K), 0.1323706 secs] 1520511K->1069513K(2009472K), 0.1324110 secs] [Times: user=0.13 sys=0.00, real=0.12 secs] 
[GC (Allocation Failure) [DefNew: 623615K->5898K(623616K), 0.0449007 secs] 1623881K->1070721K(2009472K), 0.0451079 secs] [Times: user=0.05 sys=0.00, real=0.05 secs] 
[GC (Allocation Failure) [DefNew: 560266K->69248K(623616K), 0.1107148 secs] 1625089K->1173937K(2009472K), 0.1107905 secs] [Times: user=0.11 sys=0.00, real=0.11 secs] 
[GC (Allocation Failure) [DefNew: 623616K->5884K(623616K), 0.0404655 secs] 1728305K->1175129K(2009472K), 0.0405085 secs] [Times: user=0.03 sys=0.00, real=0.04 secs] 
[GC (Allocation Failure) [DefNew: 560252K->69247K(623616K), 0.1201351 secs] 1729497K->1278244K(2009472K), 0.1201768 secs] [Times: user=0.11 sys=0.00, real=0.11 secs] 
[GC (Allocation Failure) [DefNew: 623615K->5911K(623616K), 0.0472367 secs] 1832612K->1279459K(2009472K), 0.0473804 secs] [Times: user=0.05 sys=0.00, real=0.04 secs] 
[GC (Allocation Failure) [DefNew: 560279K->69247K(623616K), 0.1351852 secs] 1833827K->1382439K(2009472K), 0.1352269 secs] [Times: user=0.13 sys=0.00, real=0.13 secs] 
[GC (Allocation Failure) [DefNew: 623615K->623615K(623616K), 0.0000192 secs][Tenured: 1313191K->784876K(1385856K), 2.2286609 secs] 1936807K->784876K(2009472K), [Metaspace: 10571K->10571K(12288K)], 2.2288155 secs] [Times: user=2.23 sys=0.00, real=2.23 secs] 

*** PauseDetector detected a 2228 ms pause at Mon Dec 22 02:52:25 EET 2014 ***

[GC (Allocation Failure) [DefNew: 554368K->69248K(623616K), 0.1019317 secs] 1339244K->893679K(2009472K), 0.1020792 secs] [Times: user=0.09 sys=0.00, real=0.09 secs] 
[GC (Allocation Failure) [DefNew: 623616K->5829K(623616K), 0.0403538 secs] 1448047K->894800K(2009472K), 0.0405053 secs] [Times: user=0.03 sys=0.00, real=0.04 secs] 
[GC (Allocation Failure) [DefNew: 560197K->69247K(623616K), 0.1112031 secs] 1449168K->997680K(2009472K), 0.1113538 secs] [Times: user=0.11 sys=0.00, real=0.10 secs] 
[GC (Allocation Failure) [DefNew: 623615K->5904K(623616K), 0.0460805 secs] 1552048K->998879K(2009472K), 0.0461229 secs] [Times: user=0.05 sys=0.00, real=0.04 secs] 
[GC (Allocation Failure) [DefNew: 560272K->69248K(623616K), 0.1036543 secs] 1553247K->1101550K(2009472K), 0.1037954 secs] [Times: user=0.09 sys=0.00, real=0.10 secs] 
[GC (Allocation Failure) [DefNew: 623616K->5904K(623616K), 0.0440775 secs] 1655918K->1102799K(2009472K), 0.0442418 secs] [Times: user=0.05 sys=0.00, real=0.04 secs] 
[GC (Allocation Failure) [DefNew: 560272K->69247K(623616K), 0.1103780 secs] 1657167K->1204916K(2009472K), 0.1104223 secs] [Times: user=0.11 sys=0.00, real=0.11 secs] 
[GC (Allocation Failure) [DefNew: 623615K->5904K(623616K), 0.0445080 secs] 1759284K->1206155K(2009472K), 0.0445542 secs] [Times: user=0.03 sys=0.00, real=0.04 secs] 
[GC (Allocation Failure) [DefNew: 560272K->69247K(623616K), 0.1170004 secs] 1760523K->1308205K(2009472K), 0.1170536 secs] [Times: user=0.11 sys=0.00, real=0.12 secs] 
[GC (Allocation Failure) [DefNew: 623615K->5888K(623616K), 0.0470506 secs] 1862573K->1309423K(2009472K), 0.0471013 secs] [Times: user=0.05 sys=0.00, real=0.04 secs] 
[GC (Allocation Failure) [DefNew: 560256K->560256K(623616K), 0.0000802 secs][Tenured: 1303535K->852020K(1385856K), 2.0726906 secs] 1863791K->852020K(2009472K), [Metaspace: 10571K->10571K(12288K)], 2.0728586 secs] [Times: user=2.07 sys=0.00, real=2.07 secs] 

*** PauseDetector detected a 2070 ms pause at Mon Dec 22 02:52:43 EET 2014 ***

[GC (Allocation Failure) [DefNew: 554368K->5891K(623616K), 0.0182669 secs] 1406388K->857912K(2009472K), 0.0183112 secs] [Times: user=0.02 sys=0.00, real=0.01 secs] 
[GC (Allocation Failure) [DefNew: 560259K->69248K(623616K), 0.0956134 secs] 1412280K->959862K(2009472K), 0.0956801 secs] [Times: user=0.09 sys=0.00, real=0.09 secs] 
[GC (Allocation Failure) [DefNew: 623616K->5859K(623616K), 0.0415003 secs] 1514230K->961027K(2009472K), 0.0416466 secs] [Times: user=0.03 sys=0.00, real=0.04 secs] 
[GC (Allocation Failure) [DefNew: 560227K->69247K(623616K), 0.2834059 secs] 1515395K->1087691K(2009472K), 0.2835554 secs] [Times: user=0.26 sys=0.00, real=0.28 secs] 
[GC (Allocation Failure) [DefNew: 623615K->5868K(623616K), 0.1080093 secs] 1642059K->1089295K(2009472K), 0.1080516 secs] [Times: user=0.11 sys=0.00, real=0.11 secs] 
[GC (Allocation Failure) [DefNew: 560236K->69248K(623616K), 0.3841545 secs] 1643663K->1208381K(2009472K), 0.3842610 secs] [Times: user=0.38 sys=0.00, real=0.38 secs] 

*** PauseDetector detected a 386 ms pause at Mon Dec 22 02:52:54 EET 2014 ***

[GC (Allocation Failure) [DefNew: 623616K->5910K(623616K), 0.0853803 secs] 1762749K->1209893K(2009472K), 0.0854451 secs] [Times: user=0.08 sys=0.00, real=0.08 secs] 
[GC (Allocation Failure) [DefNew: 560278K->69248K(623616K), 0.4416564 secs] 1764261K->1326403K(2009472K), 0.4417603 secs] [Times: user=0.44 sys=0.00, real=0.43 secs] 
*** PauseDetector detected a 436 ms pause at Mon Dec 22 02:52:57 EET 2014 ***


[GC (Allocation Failure) [DefNew: 623616K->5916K(623616K), 0.0897417 secs] 1880771K->1327882K(2009472K), 0.0898848 secs] [Times: user=0.09 sys=0.00, real=0.09 secs] 
[GC (Allocation Failure) [DefNew: 560284K->560284K(623616K), 0.0000186 secs][Tenured: 1321966K->862330K(1385856K), 2.3381612 secs] 1882250K->862330K(2009472K), [Metaspace: 10571K->10571K(12288K)], 2.3383505 secs] [Times: user=2.34 sys=0.00, real=2.34 secs] 

*** PauseDetector detected a 2340 ms pause at Mon Dec 22 02:53:03 EET 2014 ***

[GC (Allocation Failure) [DefNew: 554368K->5842K(623616K), 0.0118903 secs] 1416698K->868172K(2009472K), 0.0119340 secs] [Times: user=0.00 sys=0.00, real=0.01 secs] 
[GC (Allocation Failure) [DefNew: 560210K->69248K(623616K), 0.2484208 secs] 1422540K->979487K(2009472K), 0.2484836 secs] [Times: user=0.23 sys=0.00, real=0.24 secs] 
[GC (Allocation Failure) [DefNew: 623616K->5904K(623616K), 0.0620693 secs] 1533855K->980844K(2009472K), 0.0621103 secs] [Times: user=0.06 sys=0.00, real=0.06 secs] 
[GC (Allocation Failure) [DefNew: 560272K->69248K(623616K), 0.2329010 secs] 1535212K->1089620K(2009472K), 0.2329434 secs] [Times: user=0.22 sys=0.00, real=0.23 secs] 
[GC (Allocation Failure) [DefNew: 623616K->5921K(623616K), 0.0805601 secs] 1643988K->1090932K(2009472K), 0.0806025 secs] [Times: user=0.08 sys=0.00, real=0.07 secs] 
[GC (Allocation Failure) [DefNew: 560289K->69248K(623616K), 0.2499330 secs] 1645300K->1199001K(2009472K), 0.2499747 secs] [Times: user=0.25 sys=0.00, real=0.24 secs] 
[GC (Allocation Failure) [DefNew: 623616K->5897K(623616K), 0.0651225 secs] 1753369K->1200282K(2009472K), 0.0651681 secs] [Times: user=0.06 sys=0.00, real=0.07 secs] 
[GC (Allocation Failure) [DefNew: 560265K->69248K(623616K), 0.2472685 secs] 1754650K->1307747K(2009472K), 0.2473089 secs] [Times: user=0.23 sys=0.00, real=0.24 secs] 
[GC (Allocation Failure) [DefNew: 623616K->5842K(623616K), 0.0610581 secs] 1862115K->1309014K(2009472K), 0.0611043 secs] [Times: user=0.06 sys=0.00, real=0.06 secs] 
[GC (Allocation Failure) [DefNew: 560210K->560210K(623616K), 0.0000802 secs][Tenured: 1303172K->856935K(1385856K), 2.2585243 secs] 1863382K->856935K(2009472K), [Metaspace: 10571K->10571K(12288K)], 2.2587796 secs] [Times: user=2.25 sys=0.00, real=2.25 secs] 

*** PauseDetector detected a 2254 ms pause at Mon Dec 22 02:53:22 EET 2014 ***

[GC (Allocation Failure) [DefNew: 554368K->5842K(623616K), 0.0138535 secs] 1411303K->862777K(2009472K), 0.0139042 secs] [Times: user=0.02 sys=0.00, real=0.01 secs] 
[GC (Allocation Failure) [DefNew: 560210K->69247K(623616K), 0.1479275 secs] 1417145K->968462K(2009472K), 0.1479904 secs] [Times: user=0.14 sys=0.00, real=0.14 secs] 
[GC (Allocation Failure) [DefNew: 623615K->5891K(623616K), 0.0554784 secs] 1522830K->969683K(2009472K), 0.0555406 secs] [Times: user=0.06 sys=0.00, real=0.06 secs] 
[GC (Allocation Failure) [DefNew: 560259K->69247K(623616K), 0.1654759 secs] 1524051K->1074988K(2009472K), 0.1656158 secs] [Times: user=0.16 sys=0.00, real=0.16 secs] 
[GC (Allocation Failure) [DefNew: 623615K->5792K(623616K), 0.0552852 secs] 1629356K->1076118K(2009472K), 0.0553308 secs] [Times: user=0.05 sys=0.00, real=0.06 secs] 
[GC (Allocation Failure) [DefNew: 560160K->69247K(623616K), 0.1650621 secs] 1630486K->1181199K(2009472K), 0.1651083 secs] [Times: user=0.16 sys=0.00, real=0.16 secs] 
[GC (Allocation Failure) [DefNew: 623615K->5916K(623616K), 0.0437247 secs] 1735567K->1182482K(2009472K), 0.0437657 secs] [Times: user=0.05 sys=0.00, real=0.04 secs] 
[GC (Allocation Failure) [DefNew: 560284K->69248K(623616K), 0.1447556 secs] 1736850K->1287243K(2009472K), 0.1447979 secs] [Times: user=0.14 sys=0.00, real=0.14 secs] 
[GC (Allocation Failure) [DefNew: 623616K->5916K(623616K), 0.0528094 secs] 1841611K->1288483K(2009472K), 0.0528524 secs] [Times: user=0.05 sys=0.00, real=0.05 secs] 
[GC (Allocation Failure) [DefNew: 560284K->69248K(623616K), 0.1510449 secs] 1842851K->1393042K(2009472K), 0.1510892 secs] [Times: user=0.14 sys=0.00, real=0.15 secs] 
[GC (Allocation Failure) [DefNew: 623616K->623616K(623616K), 0.0000834 secs][Tenured: 1323794K->786431K(1385856K), 2.1688262 secs] 1947410K->786431K(2009472K), [Metaspace: 10571K->10571K(12288K)]
*** PauseDetector detected a 2167 ms pause at Mon Dec 22 02:53:41 EET 2014 ***

, 2.1690970 secs] [Times: user=2.17 sys=0.00, real=2.16 secs] 
[GC (Allocation Failure) [DefNew: 554368K->69247K(623616K), 0.1508865 secs] 1340799K->896725K(2009472K), 0.1509288 secs] [Times: user=0.16 sys=0.00, real=0.14 secs] 
[GC (Allocation Failure) [DefNew: 623615K->5921K(623616K), 0.0414548 secs] 1451093K->897959K(2009472K), 0.0416056 secs] [Times: user=0.05 sys=0.00, real=0.03 secs] 
[GC (Allocation Failure) [DefNew: 560289K->69247K(623616K), 0.1182623 secs] 1452327K->1001389K(2009472K), 0.1183252 secs] [Times: user=0.13 sys=0.00, real=0.12 secs] 
[GC (Allocation Failure) [DefNew: 623615K->5908K(623616K), 0.0459041 secs] 1555757K->1002660K(2009472K), 0.0459484 secs] [Times: user=0.05 sys=0.00, real=0.05 secs] 
[GC (Allocation Failure) [DefNew: 560276K->69248K(623616K), 0.1395415 secs] 1557028K->1106022K(2009472K), 0.1395832 secs] [Times: user=0.13 sys=0.00, real=0.14 secs] 
[GC (Allocation Failure) [DefNew: 623616K->5871K(623616K), 0.0426109 secs] 1660390K->1107181K(2009472K), 0.0426744 secs] [Times: user=0.03 sys=0.00, real=0.04 secs] 
[GC (Allocation Failure) [DefNew: 560239K->69247K(623616K), 0.1216107 secs] 1661549K->1210416K(2009472K), 0.1216531 secs] [Times: user=0.11 sys=0.00, real=0.12 secs] 
[GC (Allocation Failure) [DefNew: 623615K->5885K(623616K), 0.0450072 secs] 1764784K->1211641K(2009472K), 0.0451599 secs] [Times: user=0.03 sys=0.00, real=0.04 secs] 
[GC (Allocation Failure) [DefNew: 560253K->69247K(623616K), 0.1281728 secs] 1766009K->1314767K(2009472K), 0.1282125 secs] [Times: user=0.13 sys=0.00, real=0.13 secs] 
[GC (Allocation Failure) [DefNew: 623615K->5925K(623616K), 0.0469743 secs] 1869135K->1315983K(2009472K), 0.0470179 secs] [Times: user=0.03 sys=0.00, real=0.04 secs] 
[Full GC (System.gc()) [Tenured: 1310058K->851248K(1385856K), 2.0978551 secs] 1706580K->851248K(2009472K), [Metaspace: 10571K->10571K(12288K)], 2.0979314 secs] [Times: user=2.11 sys=0.00, real=2.10 secs] 
[Full GC (System.gc()) [Tenured: 851248K->851248K(1385856K), 1.9438352 secs] 851250K->851248K(2009472K), [Metaspace: 10571K->10571K(12288K)], 1.9438807 secs] [Times: user=1.94 sys=0.00, real=1.94 secs] 

*** PauseDetector detected a 2097 ms pause at Mon Dec 22 02:54:00 EET 2014 ***

[Full GC (System.gc()) [Tenured: 851248K->851170K(1385856K), 2.1507671 secs] 851250K->851170K(2009472K), [Metaspace: 10571K->10571K(12288K)], 2.1508101 secs] [Times: user=2.15 sys=0.00, real=2.15 secs] 

*** PauseDetector detected a 4096 ms pause at Mon Dec 22 02:54:04 EET 2014 ***

[Full GC (System.gc()) [Tenured: 851170K->779163K(1385856K), 1.9298469 secs] 862225K->779163K(2009472K), [Metaspace: 10571K->10571K(12288K)], 1.9300066 secs] [Times: user=1.94 sys=0.00, real=1.93 secs] 
[Full GC (System.gc()) [Tenured: 779163K->779163K(1385856K), 1.8749723 secs] 779165K->779163K(2009472K), [Metaspace: 10571K->10571K(12288K)], 1.8751275 secs] [Times: user=1.87 sys=0.00, real=1.88 secs] 
[Full GC (System.gc()) [Tenured: 779163K->779163K(1385856K), 2.2144057 secs] 790217K->779163K(2009472K), [Metaspace: 10571K->10571K(12288K)], 2.2144673 secs] [Times: user=2.22 sys=0.00, real=2.21 secs] 

*** PauseDetector detected a 6024 ms pause at Mon Dec 22 02:54:10 EET 2014 ***

[GC (Allocation Failure) [DefNew: 554368K->69247K(623616K), 0.1058690 secs] 1333531K->888013K(2009472K), 0.1060217 secs] [Times: user=0.11 sys=0.00, real=0.10 secs] 
[GC (Allocation Failure) [DefNew: 623615K->5954K(623616K), 0.0556381 secs] 1442381K->889212K(2009472K), 0.0556926 secs] [Times: user=0.05 sys=0.00, real=0.05 secs] 
[GC (Allocation Failure) [DefNew: 560322K->69248K(623616K), 0.1097826 secs] 1443580K->992018K(2009472K), 0.1098275 secs] [Times: user=0.11 sys=0.00, real=0.11 secs] 
[GC (Allocation Failure) [DefNew: 623616K->5954K(623616K), 0.0462474 secs] 1546386K->993216K(2009472K), 0.0462897 secs] [Times: user=0.03 sys=0.00, real=0.04 secs] 
[GC (Allocation Failure) [DefNew: 560322K->69248K(623616K), 0.1072644 secs] 1547584K->1095939K(2009472K), 0.1073196 secs] [Times: user=0.09 sys=0.00, real=0.11 secs] 
[GC (Allocation Failure) [DefNew: 623616K->5954K(623616K), 0.0507108 secs] 1650307K->1097136K(2009472K), 0.0507634 secs] [Times: user=0.05 sys=0.00, real=0.05 secs] 
[Full GC (System.gc()) [Tenured: 1091182K->848693K(1385856K), 2.2042694 secs] 1319769K->848693K(2009472K), [Metaspace: 10571K->10571K(12288K)], 2.2043317 secs] [Times: user=2.20 sys=0.00, real=2.20 secs] 
[Full GC (System.gc()) [Tenured: 848693K->779431K(1385856K), 2.0635629 secs] 848693K->779431K(2009472K), [Metaspace: 10571K->10571K(12288K)], 2.0636334 secs] [Times: user=2.06 sys=0.00, real=2.06 secs] 
[Full GC (System.gc()) [Tenured: 779431K->779432K(1385856K), 1.8718568 secs] 790562K->779432K(2009472K), [Metaspace: 10571K->10571K(12288K)], 1.8719017 secs] [Times: user=1.89 sys=0.00, real=1.88 secs] 
********************************
********** ROUND   64 **********
********************************

*** PauseDetector detected a 6138 ms pause at Mon Dec 22 02:54:26 EET 2014 ***

[GC (Allocation Failure) [DefNew: 554368K->5869K(623616K), 0.0116023 secs] 1333800K->785302K(2009472K), 0.0116465 secs] [Times: user=0.00 sys=0.00, real=0.01 secs] 
[GC (Allocation Failure) [DefNew: 560237K->69248K(623616K), 0.1361584 secs] 1339670K->887412K(2009472K), 0.1362014 secs] [Times: user=0.13 sys=0.00, real=0.13 secs] 
[GC (Allocation Failure) [DefNew: 623616K->5884K(623616K), 0.0398194 secs] 1441780K->888601K(2009472K), 0.0398630 secs] [Times: user=0.03 sys=0.00, real=0.03 secs] 
[GC (Allocation Failure) [DefNew: 560252K->69247K(623616K), 0.1167835 secs] 1442969K->990613K(2009472K), 0.1168239 secs] [Times: user=0.13 sys=0.00, real=0.12 secs] 
[GC (Allocation Failure) [DefNew: 623615K->5883K(623616K), 0.0396994 secs] 1544981K->991811K(2009472K), 0.0397418 secs] [Times: user=0.05 sys=0.00, real=0.04 secs] 
[GC (Allocation Failure) [DefNew: 560251K->69248K(623616K), 0.1216582 secs] 1546179K->1093781K(2009472K), 0.1217018 secs] [Times: user=0.13 sys=0.00, real=0.12 secs] 
[GC (Allocation Failure) [DefNew: 623616K->5891K(623616K), 0.0441565 secs] 1648149K->1094967K(2009472K), 0.0441975 secs] [Times: user=0.03 sys=0.00, real=0.03 secs] 
[GC (Allocation Failure) [DefNew: 560259K->69248K(623616K), 0.2875210 secs] 1649335K->1221572K(2009472K), 0.2875845 secs] [Times: user=0.28 sys=0.00, real=0.28 secs] 
[GC (Allocation Failure) [DefNew: 623616K->5885K(623616K), 0.0829243 secs] 1775940K->1223219K(2009472K), 0.0830674 secs] [Times: user=0.08 sys=0.00, real=0.08 secs] 
[GC (Allocation Failure) [DefNew: 560253K->69248K(623616K), 0.5068206 secs] 1777587K->1342272K(2009472K), 0.5068649 secs] [Times: user=0.50 sys=0.00, real=0.51 secs] 

*** PauseDetector detected a 508 ms pause at Mon Dec 22 02:54:42 EET 2014 ***

[GC (Allocation Failure) [DefNew: 623616K->5888K(623616K), 0.0770719 secs] 1896640K->1343779K(2009472K), 0.0772182 secs] [Times: user=0.06 sys=0.00, real=0.08 secs] 
[GC (Allocation Failure) [DefNew: 560256K->560256K(623616K), 0.0000218 secs][Tenured: 1337890K->866075K(1385856K), 2.4323022 secs] 1898147K->866075K(2009472K), [Metaspace: 10571K->10571K(12288K)], 2.4324241 secs] [Times: user=2.42 sys=0.00, real=2.43 secs] 

*** PauseDetector detected a 2431 ms pause at Mon Dec 22 02:54:48 EET 2014 ***

[GC (Allocation Failure) [DefNew: 554368K->5900K(623616K), 0.0111307 secs] 1420443K->871975K(2009472K), 0.0111788 secs] [Times: user=0.02 sys=0.00, real=0.01 secs] 
[GC (Allocation Failure) [DefNew: 560268K->69248K(623616K), 0.3057783 secs] 1426343K->984430K(2009472K), 0.3058431 secs] [Times: user=0.31 sys=0.00, real=0.30 secs] 
[GC (Allocation Failure) [DefNew: 623616K->5892K(623616K), 0.0868360 secs] 1538798K->985814K(2009472K), 0.0868880 secs] [Times: user=0.08 sys=0.00, real=0.08 secs] 
[GC (Allocation Failure) [DefNew: 560260K->69248K(623616K), 0.3235249 secs] 1540182K->1097072K(2009472K), 0.3235673 secs] [Times: user=0.31 sys=0.00, real=0.32 secs] 
[GC (Allocation Failure) [DefNew: 623616K->5870K(623616K), 0.0601740 secs] 1651440K->1098426K(2009472K), 0.0602138 secs] [Times: user=0.06 sys=0.00, real=0.06 secs] 
[GC (Allocation Failure) [DefNew: 560238K->69248K(623616K), 0.2502935 secs] 1652794K->1207215K(2009472K), 0.2504366 secs] [Times: user=0.23 sys=0.00, real=0.24 secs] 
[GC (Allocation Failure) [DefNew: 623616K->5881K(623616K), 0.0593535 secs] 1761583K->1208508K(2009472K), 0.0593984 secs] [Times: user=0.05 sys=0.00, real=0.05 secs] 
[GC (Allocation Failure) [DefNew: 560249K->69247K(623616K), 0.2661610 secs] 1762876K->1316594K(2009472K), 0.2662617 secs] [Times: user=0.25 sys=0.00, real=0.26 secs] 
[GC (Allocation Failure) [DefNew: 623615K->5902K(623616K), 0.0653926 secs] 1870962K->1317902K(2009472K), 0.0654991 secs] [Times: user=0.06 sys=0.00, real=0.06 secs] 
[GC (Allocation Failure) [DefNew: 560270K->560270K(623616K), 0.0000192 secs][Tenured: 1312000K->857443K(1385856K), 2.3480498 secs] 1872270K->857443K(2009472K), [Metaspace: 10571K->10571K(12288K)], 2.3481358 secs] [Times: user=2.34 sys=0.00, real=2.34 secs] 

*** PauseDetector detected a 2344 ms pause at Mon Dec 22 02:55:07 EET 2014 ***

[GC (Allocation Failure) [DefNew: 554368K->5907K(623616K), 0.0121014 secs] 1411811K->863351K(2009472K), 0.0121463 secs] [Times: user=0.00 sys=0.00, real=0.01 secs] 
[GC (Allocation Failure) [DefNew: 560275K->69247K(623616K), 0.1933036 secs] 1417719K->970382K(2009472K), 0.1934396 secs] [Times: user=0.19 sys=0.00, real=0.19 secs] 
[GC (Allocation Failure) [DefNew: 623615K->5901K(623616K), 0.0530449 secs] 1524750K->971677K(2009472K), 0.0530898 secs] [Times: user=0.06 sys=0.00, real=0.05 secs] 
[GC (Allocation Failure) [DefNew: 560269K->69247K(623616K), 0.1940004 secs] 1526045K->1077280K(2009472K), 0.1940408 secs] [Times: user=0.19 sys=0.00, real=0.19 secs] 
[GC (Allocation Failure) [DefNew: 623615K->5867K(623616K), 0.0579099 secs] 1631648K->1078499K(2009472K), 0.0579593 secs] [Times: user=0.06 sys=0.00, real=0.06 secs] 
[GC (Allocation Failure) [DefNew: 560235K->69248K(623616K), 0.1545178 secs] 1632867K->1183666K(2009472K), 0.1546480 secs] [Times: user=0.14 sys=0.01, real=0.16 secs] 
[GC (Allocation Failure) [DefNew: 623616K->5903K(623616K), 0.0523308 secs] 1738034K->1185069K(2009472K), 0.0523750 secs] [Times: user=0.05 sys=0.00, real=0.05 secs] 
[GC (Allocation Failure) [DefNew: 560271K->69247K(623616K), 0.1615405 secs] 1739437K->1290066K(2009472K), 0.1616027 secs] [Times: user=0.16 sys=0.00, real=0.15 secs] 
[GC (Allocation Failure) [DefNew: 623615K->5911K(623616K), 0.0491402 secs] 1844434K->1291318K(2009472K), 0.0491826 secs] [Times: user=0.05 sys=0.00, real=0.05 secs] 
[GC (Allocation Failure) [DefNew: 560279K->69247K(623616K), 0.1546910 secs] 1845686K->1396073K(2009472K), 0.1547340 secs] [Times: user=0.16 sys=0.00, real=0.15 secs] 
[GC (Allocation Failure) [DefNew: 623615K->623615K(623616K), 0.0001193 secs][Tenured: 1326825K->786654K(1385856K), 2.2915667 secs] 1950441K->786654K(2009472K), [Metaspace: 10571K->10571K(12288K)], 2.2917541 secs] [Times: user=2.28 sys=0.00, real=2.29 secs] 

*** PauseDetector detected a 2293 ms pause at Mon Dec 22 02:55:27 EET 2014 ***

[GC (Allocation Failure) [DefNew: 554368K->69248K(623616K), 0.1330776 secs] 1341022K->897122K(2009472K), 0.1331809 secs] [Times: user=0.13 sys=0.00, real=0.13 secs] 
[GC (Allocation Failure) [DefNew: 623616K->5903K(623616K), 0.0444471 secs] 1451490K->898354K(2009472K), 0.0444914 secs] [Times: user=0.03 sys=0.00, real=0.04 secs] 
[GC (Allocation Failure) [DefNew: 560271K->69247K(623616K), 0.1398931 secs] 1452722K->1002728K(2009472K), 0.1399380 secs] [Times: user=0.14 sys=0.00, real=0.14 secs] 
[GC (Allocation Failure) [DefNew: 623615K->5881K(623616K), 0.0496291 secs] 1557096K->1003939K(2009472K), 0.0496727 secs] [Times: user=0.05 sys=0.00, real=0.05 secs] 
[GC (Allocation Failure) [DefNew: 560249K->69247K(623616K), 0.1237388 secs] 1558307K->1107441K(2009472K), 0.1238126 secs] [Times: user=0.13 sys=0.00, real=0.12 secs] 
[GC (Allocation Failure) [DefNew: 623615K->5875K(623616K), 0.0486623 secs] 1661809K->1108646K(2009472K), 0.0487065 secs] [Times: user=0.05 sys=0.00, real=0.05 secs] 
[GC (Allocation Failure) [DefNew: 560243K->69248K(623616K), 0.1159706 secs] 1663014K->1212026K(2009472K), 0.1160162 secs] [Times: user=0.13 sys=0.00, real=0.12 secs] 
[GC (Allocation Failure) [DefNew: 623616K->5908K(623616K), 0.0432660 secs] 1766394K->1213236K(2009472K), 0.0433051 secs] [Times: user=0.05 sys=0.00, real=0.04 secs] 
[GC (Allocation Failure) [DefNew: 560276K->69247K(623616K), 0.1291345 secs] 1767604K->1316464K(2009472K), 0.1291768 secs] [Times: user=0.13 sys=0.00, real=0.13 secs] 
[GC (Allocation Failure) [DefNew: 623615K->5875K(623616K), 0.0531764 secs] 1870832K->1317650K(2009472K), 0.0532187 secs] [Times: user=0.03 sys=0.00, real=0.05 secs] 
[GC (Allocation Failure) [DefNew: 560243K->560243K(623616K), 0.0000821 secs][Tenured: 1311774K->853110K(1385856K), 2.1665120 secs] 1872018K->853110K(2009472K), [Metaspace: 10571K->10571K(12288K)], 2.1666635 secs] [Times: user=2.17 sys=0.00, real=2.16 secs] 

*** PauseDetector detected a 2166 ms pause at Mon Dec 22 02:55:46 EET 2014 ***

[GC (Allocation Failure) [DefNew: 554368K->5895K(623616K), 0.0115201 secs] 1407478K->859006K(2009472K), 0.0116228 secs] [Times: user=0.02 sys=0.00, real=0.01 secs] 
[GC (Allocation Failure) [DefNew: 560263K->69248K(623616K), 0.1041881 secs] 1413374K->962008K(2009472K), 0.1043324 secs] [Times: user=0.11 sys=0.00, real=0.10 secs] 
[GC (Allocation Failure) [DefNew: 623616K->5908K(623616K), 0.0403975 secs] 1516376K->963213K(2009472K), 0.0405450 secs] [Times: user=0.03 sys=0.00, real=0.03 secs] 
[GC (Allocation Failure) [DefNew: 560276K->69248K(623616K), 0.1110895 secs] 1517581K->1066107K(2009472K), 0.1111389 secs] [Times: user=0.11 sys=0.00, real=0.10 secs] 
[GC (Allocation Failure) [DefNew: 623616K->5918K(623616K), 0.0508289 secs] 1620475K->1067317K(2009472K), 0.0508686 secs] [Times: user=0.05 sys=0.00, real=0.05 secs] 
[GC (Allocation Failure) [DefNew: 560286K->69247K(623616K), 0.1156306 secs] 1621685K->1170114K(2009472K), 0.1156710 secs] [Times: user=0.11 sys=0.00, real=0.11 secs] 
[GC (Allocation Failure) [DefNew: 623615K->5867K(623616K), 0.0464469 secs] 1724482K->1171271K(2009472K), 0.0465592 secs] [Times: user=0.06 sys=0.00, real=0.05 secs] 
[GC (Allocation Failure) [DefNew: 560235K->69247K(623616K), 0.1087606 secs] 1725639K->1274032K(2009472K), 0.1088254 secs] [Times: user=0.11 sys=0.00, real=0.10 secs] 
[GC (Allocation Failure) [DefNew: 623615K->5898K(623616K), 0.0454634 secs] 1828400K->1275222K(2009472K), 0.0455083 secs] [Times: user=0.05 sys=0.00, real=0.04 secs] 
[GC (Allocation Failure) [DefNew: 560266K->69247K(623616K), 0.1023827 secs] 1829590K->1377408K(2009472K), 0.1024276 secs] [Times: user=0.09 sys=0.00, real=0.10 secs] 
[GC (Allocation Failure) [DefNew: 623615K->623615K(623616K), 0.0000218 secs][Tenured: 1308160K->852394K(1385856K), 2.2846204 secs] 1931776K->852394K(2009472K), [Metaspace: 10571K->10571K(12288K)], 2.2848090 secs] [Times: user=2.29 sys=0.00, real=2.28 secs] 

*** PauseDetector detected a 2281 ms pause at Mon Dec 22 02:56:05 EET 2014 ***

[GC (Allocation Failure) [DefNew: 554368K->69248K(623616K), 0.1067448 secs] 1406762K->960370K(2009472K), 0.1067884 secs] [Times: user=0.11 sys=0.00, real=0.11 secs] 
[GC (Allocation Failure) [DefNew: 623616K->5912K(623616K), 0.0396257 secs] 1514738K->961591K(2009472K), 0.0396994 secs] [Times: user=0.03 sys=0.00, real=0.03 secs] 
[GC (Allocation Failure) [DefNew: 560280K->69248K(623616K), 0.0995052 secs] 1515959K->1063621K(2009472K), 0.0995431 secs] [Times: user=0.09 sys=0.00, real=0.10 secs] 
[GC (Allocation Failure) [DefNew: 623616K->5912K(623616K), 0.0450367 secs] 1617989K->1064802K(2009472K), 0.0450778 secs] [Times: user=0.05 sys=0.00, real=0.04 secs] 
[GC (Allocation Failure) [DefNew: 560280K->69248K(623616K), 0.1065876 secs] 1619170K->1166775K(2009472K), 0.1066318 secs] [Times: user=0.11 sys=0.00, real=0.10 secs] 
[GC (Allocation Failure) [DefNew: 623616K->5915K(623616K), 0.0463859 secs] 1721143K->1167953K(2009472K), 0.0465354 secs] [Times: user=0.05 sys=0.00, real=0.05 secs] 
[GC (Allocation Failure) [DefNew: 560283K->69247K(623616K), 0.3029258 secs] 1722321K->1294524K(2009472K), 0.3029656 secs] [Times: user=0.30 sys=0.00, real=0.29 secs] 
[GC (Allocation Failure) [DefNew: 623615K->5918K(623616K), 0.0926468 secs] 1848892K->1296214K(2009472K), 0.0927886 secs] [Times: user=0.09 sys=0.00, real=0.09 secs] 
[GC (Allocation Failure) [DefNew: 560286K->69247K(623616K), 0.4279748 secs] 1850582K->1415265K(2009472K), 0.4280177 secs] [Times: user=0.42 sys=0.00, real=0.43 secs] 

*** PauseDetector detected a 429 ms pause at Mon Dec 22 02:56:20 EET 2014 ***

[GC (Allocation Failure) [DefNew: 623615K->623615K(623616K), 0.0000173 secs][Tenured: 1346017K->869621K(1385856K), 2.2041142 secs] 1969633K->869621K(2009472K), [Metaspace: 10571K->10571K(12288K)], 2.2042977 secs] [Times: user=2.20 sys=0.00, real=2.20 secs] 

*** PauseDetector detected a 2197 ms pause at Mon Dec 22 02:56:23 EET 2014 ***

[GC (Allocation Failure) [DefNew: 554368K->69248K(623616K), 0.4185160 secs] 1423989K->992008K(2009472K), 0.4186347 secs] [Times: user=0.42 sys=0.00, real=0.42 secs] 

*** PauseDetector detected a 421 ms pause at Mon Dec 22 02:56:26 EET 2014 ***

[GC (Allocation Failure) [DefNew: 623616K->5916K(623616K), 0.0764656 secs] 1546376K->993521K(2009472K), 0.0765092 secs] [Times: user=0.08 sys=0.00, real=0.08 secs] 
[GC (Allocation Failure) [DefNew: 560284K->69248K(623616K), 0.3334668 secs] 1547889K->1105987K(2009472K), 0.3335066 secs] [Times: user=0.33 sys=0.00, real=0.33 secs] 
[GC (Allocation Failure) [DefNew: 623616K->5906K(623616K), 0.0614193 secs] 1660355K->1107357K(2009472K), 0.0614816 secs] [Times: user=0.05 sys=0.00, real=0.05 secs] 
[GC (Allocation Failure) [DefNew: 560274K->69248K(623616K), 0.2804001 secs] 1661725K->1218613K(2009472K), 0.2805509 secs] [Times: user=0.27 sys=0.00, real=0.28 secs] 
[GC (Allocation Failure) [DefNew: 623616K->5916K(623616K), 0.0646580 secs] 1772981K->1220001K(2009472K), 0.0647004 secs] [Times: user=0.06 sys=0.00, real=0.06 secs] 
[GC (Allocation Failure) [DefNew: 560284K->69248K(623616K), 0.2702023 secs] 1774369K->1328768K(2009472K), 0.2702510 secs] [Times: user=0.27 sys=0.00, real=0.27 secs] 
[GC (Allocation Failure) [DefNew: 623616K->5916K(623616K), 0.0691568 secs] 1883136K->1330072K(2009472K), 0.0691997 secs] [Times: user=0.06 sys=0.00, real=0.07 secs] 
[GC (Allocation Failure) [DefNew: 560284K->560284K(623616K), 0.0000218 secs][Tenured
*** PauseDetector detected a 2267 ms pause at Mon Dec 22 02:56:41 EET 2014 ***

: 1324155K->788687K(1385856K), 2.2692078 secs] 1884440K->788687K(2009472K), [Metaspace: 10571K->10571K(12288K)], 2.2694324 secs] [Times: user=2.26 sys=0.00, real=2.27 secs] 
[GC (Allocation Failure) [DefNew: 554368K->5917K(623616K), 0.0112147 secs] 1343055K->794605K(2009472K), 0.0112513 secs] [Times: user=0.00 sys=0.00, real=0.00 secs] 
[GC (Allocation Failure) [DefNew: 560285K->69247K(623616K), 0.2346320 secs] 1348973K->902086K(2009472K), 0.2346756 secs] [Times: user=0.23 sys=0.00, real=0.23 secs] 
[GC (Allocation Failure) [DefNew: 623615K->5904K(623616K), 0.0618287 secs] 1456454K->903379K(2009472K), 0.0618723 secs] [Times: user=0.06 sys=0.00, real=0.06 secs] 
[GC (Allocation Failure) [DefNew: 560272K->69248K(623616K), 0.1740294 secs] 1457747K->1010442K(2009472K), 0.1740923 secs] [Times: user=0.16 sys=0.00, real=0.17 secs] 
[GC (Allocation Failure) [DefNew: 623616K->5918K(623616K), 0.0507884 secs] 1564810K->1011725K(2009472K), 0.0509392 secs] [Times: user=0.05 sys=0.00, real=0.04 secs] 
[GC (Allocation Failure) [DefNew: 560286K->69248K(623616K), 0.1968535 secs] 1566093K->1117336K(2009472K), 0.1968964 secs] [Times: user=0.19 sys=0.00, real=0.19 secs] 
[GC (Allocation Failure) [DefNew: 623616K->5920K(623616K), 0.0488220 secs] 1671704K->1118583K(2009472K), 0.0489606 secs] [Times: user=0.05 sys=0.00, real=0.04 secs] 
[GC (Allocation Failure) [DefNew: 560288K->69248K(623616K), 0.1804875 secs] 1672951K->1223870K(2009472K), 0.1806351 secs] [Times: user=0.17 sys=0.00, real=0.18 secs] 
[GC (Allocation Failure) [DefNew: 623616K->5918K(623616K), 0.0456808 secs] 1778238K->1225116K(2009472K), 0.0457816 secs] [Times: user=0.03 sys=0.00, real=0.04 secs] 
[GC (Allocation Failure) [DefNew: 560286K->69248K(623616K), 0.1850600 secs] 1779484K->1330087K(2009472K), 0.1851024 secs] [Times: user=0.19 sys=0.00, real=0.18 secs] 
[Full GC (System.gc()) [Tenured: 1260839K->855217K(1385856K), 2.1472577 secs] 1800335K->855217K(2009472K), [Metaspace: 10571K->10571K(12288K)], 2.1473360 secs] [Times: user=2.15 sys=0.00, real=2.14 secs] 
[Full GC (System.gc()) [Tenured: 855217K->855217K(1385856K), 1.9467826 secs] 855219K->855217K(2009472K), [Metaspace: 10571K->10571K(12288K)], 1.9468275 secs] [Times: user=1.95 sys=0.00, real=1.95 secs] 
[Full GC (System.gc()) [Tenured
*** PauseDetector detected a 6277 ms pause at Mon Dec 22 02:57:05 EET 2014 ***

: 855217K->855139K(1385856K), 2.1832687 secs] 866310K->855139K(2009472K), [Metaspace: 10571K->10571K(12288K)], 2.1833117 secs] [Times: user=2.18 sys=0.00, real=2.18 secs] 
[Full GC (System.gc()) [Tenured: 855139K->781003K(1385856K), 1.9658438 secs] 866234K->781003K(2009472K), [Metaspace: 10571K->10571K(12288K)], 1.9658957 secs] [Times: user=1.97 sys=0.00, real=1.97 secs] 
[Full GC (System.gc()) [Tenured: 781003K->781003K(1385856K), 1.9050173 secs] 781005K->781003K(2009472K), [Metaspace: 10571K->10571K(12288K)], 1.9050538 secs] [Times: user=1.90 sys=0.00, real=1.90 secs] 
[Full GC (System.gc()) [Tenured: 781003K->781003K(1385856K), 2.0829359 secs] 781005K->781003K(2009472K), [Metaspace: 10571K->10571K(12288K)], 2.0830501 secs] [Times: user=2.09 sys=0.00, real=2.09 secs] 

*** PauseDetector detected a 3871 ms pause at Mon Dec 22 02:57:09 EET 2014 ***


*** PauseDetector detected a 2097 ms pause at Mon Dec 22 02:57:11 EET 2014 ***

[GC (Allocation Failure) [DefNew: 554368K->69247K(623616K), 0.1500248 secs] 1335371K->891725K(2009472K), 0.1500986 secs] [Times: user=0.14 sys=0.00, real=0.15 secs] 
[GC (Allocation Failure) [DefNew: 623615K->5954K(623616K), 0.0771771 secs] 1446093K->892959K(2009472K), 0.0772284 secs] [Times: user=0.08 sys=0.00, real=0.08 secs] 
[GC (Allocation Failure) [DefNew: 560322K->69247K(623616K), 0.1314217 secs] 1447327K->997519K(2009472K), 0.1315616 secs] [Times: user=0.13 sys=0.00, real=0.13 secs] 
[GC (Allocation Failure) [DefNew: 623615K->5954K(623616K), 0.0550055 secs] 1551887K->998751K(2009472K), 0.0550543 secs] [Times: user=0.05 sys=0.00, real=0.05 secs] 
[GC (Allocation Failure) [DefNew: 560322K->69247K(623616K), 0.1291197 secs] 1553119K->1103128K(2009472K), 0.1291845 secs] [Times: user=0.13 sys=0.00, real=0.13 secs] 
[GC (Allocation Failure) [DefNew: 623615K->5954K(623616K), 0.0710212 secs] 1657496K->1104358K(2009472K), 0.0711739 secs] [Times: user=0.06 sys=0.00, real=0.07 secs] 
[Full GC (System.gc()) [Tenured: 1098403K->849386K(1385856K), 2.0439852 secs] 1270764K->849386K(2009472K), [Metaspace: 10571K->10571K(12288K)], 2.0440512 secs] [Times: user=2.03 sys=0.00, real=2.04 secs] 
[Full GC (System.gc()) [Tenured: 849386K->780112K(1385856K), 2.2266867 secs] 849386K->780112K(2009472K), [Metaspace: 10571K->10571K(12288K)], 2.2267490 secs] [Times: user=2.23 sys=0.00, real=2.23 secs] 
[Full GC (System.gc()) [Tenured: 780112K->780112K(1385856K), 1.8835450 secs] 780112K->780112K(2009472K), [Metaspace: 10571K->10571K(12288K)], 1.8836996 secs] [Times: user=1.89 sys=0.00, real=1.89 secs] 

*** PauseDetector detected a 6159 ms pause at Mon Dec 22 02:57:27 EET 2014 ***

********************************
********** ROUND   65 **********
********************************
[GC (Allocation Failure) [DefNew: 554368K->5858K(623616K), 0.0116318 secs] 1334480K->785971K(2009472K), 0.0116728 secs] [Times: user=0.02 sys=0.00, real=0.01 secs] 
[GC (Allocation Failure) [DefNew: 560226K->69248K(623616K), 0.1572272 secs] 1340339K->889345K(2009472K), 0.1572701 secs] [Times: user=0.16 sys=0.00, real=0.16 secs] 
[GC (Allocation Failure) [DefNew: 623616K->5879K(623616K), 0.0421855 secs] 1443713K->890549K(2009472K), 0.0422298 secs] [Times: user=0.03 sys=0.00, real=0.03 secs] 
[GC (Allocation Failure) [DefNew: 560247K->69247K(623616K), 0.1272970 secs] 1444917K->993744K(2009472K), 0.1273400 secs] [Times: user=0.13 sys=0.00, real=0.13 secs] 
[GC (Allocation Failure) [DefNew: 623615K->5880K(623616K), 0.0402493 secs] 1548112K->994972K(2009472K), 0.0403577 secs] [Times: user=0.03 sys=0.00, real=0.03 secs] 
[GC (Allocation Failure) [DefNew: 560248K->69248K(623616K), 0.1250836 secs] 1549340K->1098098K(2009472K), 0.1251978 secs] [Times: user=0.12 sys=0.00, real=0.13 secs] 
[GC (Allocation Failure) [DefNew: 623616K->5895K(623616K), 0.0497638 secs] 1652466K->1099314K(2009472K), 0.0498068 secs] [Times: user=0.06 sys=0.00, real=0.05 secs] 
[GC (Allocation Failure) [DefNew: 560263K->69247K(623616K), 0.1253158 secs] 1653682K->1202292K(2009472K), 0.1254640 secs] [Times: user=0.11 sys=0.00, real=0.12 secs] 
[GC (Allocation Failure) [DefNew: 623615K->5858K(623616K), 0.0440724 secs] 1756660K->1203470K(2009472K), 0.0441481 secs] [Times: user=0.05 sys=0.00, real=0.05 secs] 
[GC (Allocation Failure) [DefNew: 560226K->69247K(623616K), 0.1135833 secs] 1757838K->1306388K(2009472K), 0.1136327 secs] [Times: user=0.11 sys=0.00, real=0.11 secs] 
[GC (Allocation Failure) [DefNew: 623615K->5876K(623616K), 0.0541426 secs] 1860756K->1307583K(2009472K), 0.0541862 secs] [Times: user=0.06 sys=0.00, real=0.05 secs] 
[GC (Allocation Failure) [DefNew: 560244K->560244K(623616K), 0.0000212 secs][Tenured: 1301706K->852801K(1385856K), 2.1896691 secs] 1861951K->852801K(2009472K), [Metaspace: 10571K->10571K(12288K)], 2.1897551 secs] [Times: user=2.18 sys=0.00, real=2.18 secs] 

*** PauseDetector detected a 2189 ms pause at Mon Dec 22 02:57:48 EET 2014 ***

[GC (Allocation Failure) [DefNew: 554368K->5855K(623616K), 0.0119878 secs] 1407169K->858656K(2009472K), 0.0120308 secs] [Times: user=0.00 sys=0.00, real=0.01 secs] 
[GC (Allocation Failure) [DefNew: 560223K->69247K(623616K), 0.1167456 secs] 1413024K->961424K(2009472K), 0.1167880 secs] [Times: user=0.12 sys=0.00, real=0.12 secs] 
[GC (Allocation Failure) [DefNew: 623615K->5893K(623616K), 0.0405765 secs] 1515792K->962614K(2009472K), 0.0406175 secs] [Times: user=0.03 sys=0.00, real=0.03 secs] 
[GC (Allocation Failure) [DefNew: 560261K->69248K(623616K), 0.0897161 secs] 1516982K->1064777K(2009472K), 0.0897802 secs] [Times: user=0.08 sys=0.00, real=0.08 secs] 
[GC (Allocation Failure) [DefNew: 623616K->5893K(623616K), 0.0419783 secs] 1619145K->1065970K(2009472K), 0.0420835 secs] [Times: user=0.05 sys=0.00, real=0.04 secs] 
[GC (Allocation Failure) [DefNew: 560261K->69248K(623616K), 0.1105378 secs] 1620338K->1168059K(2009472K), 0.1105820 secs] [Times: user=0.11 sys=0.00, real=0.11 secs] 
[GC (Allocation Failure) [DefNew: 623616K->5900K(623616K), 0.0423260 secs] 1722427K->1169261K(2009472K), 0.0424640 secs] [Times: user=0.03 sys=0.00, real=0.04 secs] 
[GC (Allocation Failure) [DefNew: 560268K->69247K(623616K), 0.0950726 secs] 1723629K->1271286K(2009472K), 0.0951797 secs] [Times: user=0.09 sys=0.00, real=0.09 secs] 
[GC (Allocation Failure) [DefNew: 623615K->5855K(623616K), 0.0430266 secs] 1825654K->1272428K(2009472K), 0.0431383 secs] [Times: user=0.05 sys=0.00, real=0.04 secs] 
[GC (Allocation Failure) [DefNew: 560223K->69247K(623616K), 0.1172942 secs] 1826796K->1374440K(2009472K), 0.1173372 secs] [Times: user=0.11 sys=0.00, real=0.11 secs] 
[GC (Allocation Failure) [DefNew: 623615K->623615K(623616K), 0.0000192 secs][Tenured: 1305192K->853070K(1385856K), 2.1323109 secs] 1928808K->853070K(2009472K), [Metaspace: 10571K->10571K(12288K)], 2.1323879 secs] [Times: user=2.12 sys=0.00, real=2.13 secs] 

*** PauseDetector detected a 2132 ms pause at Mon Dec 22 02:58:06 EET 2014 ***

[GC (Allocation Failure) [DefNew: 554368K->69247K(623616K), 0.3110508 secs] 1407438K->985582K(2009472K), 0.3112015 secs] [Times: user=0.31 sys=0.00, real=0.31 secs] 
[GC (Allocation Failure) [DefNew: 623615K->5875K(623616K), 0.1257110 secs] 1539950K->987205K(2009472K), 0.1257527 secs] [Times: user=0.13 sys=0.00, real=0.12 secs] 
[GC (Allocation Failure) [DefNew: 560243K->69247K(623616K), 0.4113650 secs] 1541573K->1106277K(2009472K), 0.4115029 secs] [Times: user=0.39 sys=0.00, real=0.40 secs] 

*** PauseDetector detected a 408 ms pause at Mon Dec 22 02:58:12 EET 2014 ***

[GC (Allocation Failure) [DefNew: 623615K->5891K(623616K), 0.0760652 secs] 1660645K->1107777K(2009472K), 0.0761307 secs] [Times: user=0.06 sys=0.00, real=0.08 secs] 
[GC (Allocation Failure) [DefNew: 560259K->69247K(623616K), 0.4341852 secs] 1662145K->1224283K(2009472K), 0.4342269 secs] [Times: user=0.44 sys=0.00, real=0.43 secs] 

*** PauseDetector detected a 438 ms pause at Mon Dec 22 02:58:16 EET 2014 ***

[GC (Allocation Failure) [DefNew: 623615K->5900K(623616K), 0.0673360 secs] 1778651K->1225769K(2009472K), 0.0674803 secs] [Times: user=0.06 sys=0.00, real=0.07 secs] 
[GC (Allocation Failure) [DefNew: 560268K->69247K(623616K), 0.3291663 secs] 1780137K->1338219K(2009472K), 0.3292317 secs] [Times: user=0.31 sys=0.00, real=0.33 secs] 
[GC (Allocation Failure) [DefNew: 623615K->5902K(623616K), 0.0623926 secs] 1892587K->1339617K(2009472K), 0.0624388 secs] [Times: user=0.06 sys=0.00, real=0.06 secs] 
[GC (Allocation Failure) [DefNew: 560270K->560270K(623616K), 0.0000192 secs][Tenured: 1333715K->791823K(1385856K), 2.3541788 secs] 1893985K->791823K(2009472K), [Metaspace: 10571K->10571K(12288K)], 2.3542609 secs] [Times: user=2.35 sys=0.00, real=2.35 secs] 

*** PauseDetector detected a 2354 ms pause at Mon Dec 22 02:58:25 EET 2014 ***

[GC (Allocation Failure) [DefNew: 554368K->5904K(623616K), 0.0119647 secs] 1346191K->797727K(2009472K), 0.0120065 secs] [Times: user=0.00 sys=0.00, real=0.00 secs] 
[GC (Allocation Failure) [DefNew: 560272K->69247K(623616K), 0.2843368 secs] 1352095K->906494K(2009472K), 0.2843901 secs] [Times: user=0.27 sys=0.00, real=0.28 secs] 
[GC (Allocation Failure) [DefNew: 623615K->5899K(623616K), 0.0619281 secs] 1460862K->907793K(2009472K), 0.0619692 secs] [Times: user=0.05 sys=0.00, real=0.05 secs] 
[GC (Allocation Failure) [DefNew: 560267K->69247K(623616K), 0.2119574 secs] 1462161K->1015846K(2009472K), 0.2120184 secs] [Times: user=0.22 sys=0.00, real=0.21 secs] 
[GC (Allocation Failure) [DefNew: 623615K->5908K(623616K), 0.0720073 secs] 1570214K->1017176K(2009472K), 0.0720528 secs] [Times: user=0.06 sys=0.00, real=0.07 secs] 
[GC (Allocation Failure) [DefNew: 560276K->69248K(623616K), 0.2365009 secs] 1571544K->1124672K(2009472K), 0.2365420 secs] [Times: user=0.23 sys=0.00, real=0.23 secs] 
[GC (Allocation Failure) [DefNew: 623616K->5911K(623616K), 0.0644328 secs] 1679040K->1125966K(2009472K), 0.0644765 secs] [Times: user=0.05 sys=0.00, real=0.06 secs] 
[GC (Allocation Failure) [DefNew: 560279K->69248K(623616K), 0.2038794 secs] 1680334K->1233008K(2009472K), 0.2039255 secs] [Times: user=0.19 sys=0.00, real=0.20 secs] 
[GC (Allocation Failure) [DefNew: 623616K->5906K(623616K), 0.0510040 secs] 1787376K->1234293K(2009472K), 0.0510823 secs] [Times: user=0.05 sys=0.00, real=0.04 secs] 
[GC (Allocation Failure) [DefNew: 560274K->69247K(623616K), 0.2032910 secs] 1788661K->1339897K(2009472K), 0.2033295 secs] [Times: user=0.19 sys=0.00, real=0.20 secs] 
[GC (Allocation Failure) [DefNew: 623615K->5897K(623616K), 0.0477968 secs] 1894265K->1341141K(2009472K), 0.0478596 secs] [Times: user=0.05 sys=0.00, real=0.04 secs] 
[GC (Allocation Failure) [DefNew: 560265K->560265K(623616K), 0.0000167 secs][Tenured: 1335243K->855221K(1385856K), 2.2088233 secs] 1895509K->855221K(2009472K), [Metaspace: 10571K->10571K(12288K)], 2.2090081 secs] [Times: user=2.20 sys=0.00, real=2.21 secs] 

*** PauseDetector detected a 2213 ms pause at Mon Dec 22 02:58:47 EET 2014 ***

[GC (Allocation Failure) [DefNew: 554368K->5904K(623616K), 0.0157648 secs] 1409589K->861125K(2009472K), 0.0158206 secs] [Times: user=0.02 sys=0.00, real=0.02 secs] 
[GC (Allocation Failure) [DefNew: 560272K->69248K(623616K), 0.1494416 secs] 1415493K->966089K(2009472K), 0.1495462 secs] [Times: user=0.14 sys=0.00, real=0.15 secs] 
[GC (Allocation Failure) [DefNew: 623616K->5875K(623616K), 0.0439897 secs] 1520457K->967336K(2009472K), 0.0440474 secs] [Times: user=0.05 sys=0.00, real=0.04 secs] 
[GC (Allocation Failure) [DefNew: 560243K->69247K(623616K), 0.1435610 secs] 1521704K->1072074K(2009472K), 0.1436803 secs] [Times: user=0.14 sys=0.00, real=0.14 secs] 
[GC (Allocation Failure) [DefNew: 623615K->5908K(623616K), 0.0540611 secs] 1626442K->1073370K(2009472K), 0.0541112 secs] [Times: user=0.05 sys=0.00, real=0.05 secs] 
[GC (Allocation Failure) [DefNew: 560276K->69248K(623616K), 0.1627409 secs] 1627738K->1177933K(2009472K), 0.1627838 secs] [Times: user=0.16 sys=0.00, real=0.16 secs] 
[GC (Allocation Failure) [DefNew: 623616K->5866K(623616K), 0.0418577 secs] 1732301K->1179120K(2009472K), 0.0420046 secs] [Times: user=0.03 sys=0.00, real=0.04 secs] 
[GC (Allocation Failure) [DefNew: 560234K->69248K(623616K), 0.1452201 secs] 1733488K->1283523K(2009472K), 0.1453272 secs] [Times: user=0.14 sys=0.00, real=0.14 secs] 
[GC (Allocation Failure) [DefNew: 623616K->5915K(623616K), 0.0521864 secs] 1837891K->1284776K(2009472K), 0.0522275 secs] [Times: user=0.05 sys=0.00, real=0.05 secs] 
[GC (Allocation Failure) [DefNew: 560283K->69248K(623616K), 0.1506934 secs] 1839144K->1388229K(2009472K), 0.1507402 secs] [Times: user=0.16 sys=0.00, real=0.15 secs] 
[GC (Allocation Failure) [DefNew: 623616K->623616K(623616K), 0.0000866 secs][Tenured: 1318981K->854672K(1385856K), 2.2448587 secs] 1942597K->854672K(2009472K), [Metaspace: 10571K->10571K(12288K)], 2.2450146 secs] [Times: user=2.23 sys=0.00, real=2.24 secs] 

*** PauseDetector detected a 2244 ms pause at Mon Dec 22 02:59:06 EET 2014 ***

[GC (Allocation Failure) [DefNew: 554368K->69247K(623616K), 0.1367615 secs] 1409040K->963941K(2009472K), 0.1368045 secs] [Times: user=0.14 sys=0.00, real=0.13 secs] 
[GC (Allocation Failure) [DefNew: 623615K->5916K(623616K), 0.0506954 secs] 1518309K->965147K(2009472K), 0.0507397 secs] [Times: user=0.05 sys=0.00, real=0.05 secs] 
[GC (Allocation Failure) [DefNew: 560284K->69248K(623616K), 0.1179435 secs] 1519515K->1068360K(2009472K), 0.1180564 secs] [Times: user=0.11 sys=0.00, real=0.12 secs] 
[GC (Allocation Failure) [DefNew: 623616K->5913K(623616K), 0.0432114 secs] 1622728K->1069566K(2009472K), 0.0433603 secs] [Times: user=0.05 sys=0.00, real=0.04 secs] 
[GC (Allocation Failure) [DefNew: 560281K->69248K(623616K), 0.1365755 secs] 1623934K->1172643K(2009472K), 0.1366274 secs] [Times: user=0.14 sys=0.00, real=0.13 secs] 
[GC (Allocation Failure) [DefNew: 623616K->5874K(623616K), 0.0433769 secs] 1727011K->1173829K(2009472K), 0.0434244 secs] [Times: user=0.03 sys=0.00, real=0.04 secs] 
[GC (Allocation Failure) [DefNew: 560242K->69248K(623616K), 0.1191259 secs] 1728197K->1276882K(2009472K), 0.1191682 secs] [Times: user=0.11 sys=0.00, real=0.12 secs] 
[GC (Allocation Failure) [DefNew: 623616K->5893K(623616K), 0.0406349 secs] 1831250K->1278066K(2009472K), 0.0406772 secs] [Times: user=0.03 sys=0.00, real=0.04 secs] 
[GC (Allocation Failure) [DefNew: 560261K->69247K(623616K), 0.1243996 secs] 1832434K->1380809K(2009472K), 0.1244426 secs] [Times: user=0.11 sys=0.00, real=0.12 secs] 
[GC (Allocation Failure) [DefNew: 623615K->623615K(623616K), 0.0000173 secs][Tenured: 1311561K->854087K(1385856K), 2.1327029 secs] 1935177K->854087K(2009472K), [Metaspace: 10571K->10571K(12288K)], 2.1328081 secs] [Times: user=2.12 sys=0.00, real=2.12 secs] 

*** PauseDetector detected a 2127 ms pause at Mon Dec 22 02:59:23 EET 2014 ***

[GC (Allocation Failure) [DefNew: 554368K->69247K(623616K), 0.1121058 secs] 1408455K->962793K(2009472K), 0.1121455 secs] [Times: user=0.09 sys=0.00, real=0.11 secs] 
[GC (Allocation Failure) [DefNew: 623615K->5896K(623616K), 0.0484454 secs] 1517161K->963986K(2009472K), 0.0484922 secs] [Times: user=0.05 sys=0.00, real=0.04 secs] 
[GC (Allocation Failure) [DefNew: 560264K->69248K(623616K), 0.1118312 secs] 1518354K->1066732K(2009472K), 0.1118748 secs] [Times: user=0.11 sys=0.00, real=0.11 secs] 
[GC (Allocation Failure) [DefNew: 623616K->5916K(623616K), 0.0476999 secs] 1621100K->1067927K(2009472K), 0.0477442 secs] [Times: user=0.05 sys=0.00, real=0.05 secs] 
[GC (Allocation Failure) [DefNew: 560284K->69248K(623616K), 0.1005484 secs] 1622295K->1170080K(2009472K), 0.1005953 secs] [Times: user=0.09 sys=0.00, real=0.10 secs] 
[GC (Allocation Failure) [DefNew: 623616K->5854K(623616K), 0.0425981 secs] 1724448K->1171220K(2009472K), 0.0426411 secs] [Times: user=0.05 sys=0.00, real=0.04 secs] 
[GC (Allocation Failure) [DefNew: 560222K->69247K(623616K), 0.1063399 secs] 1725588K->1273389K(2009472K), 0.1064862 secs] [Times: user=0.11 sys=0.00, real=0.11 secs] 
[GC (Allocation Failure) [DefNew: 623615K->5916K(623616K), 0.0428335 secs] 1827757K->1274567K(2009472K), 0.0429003 secs] [Times: user=0.03 sys=0.00, real=0.04 secs] 
[GC (Allocation Failure) [DefNew: 560284K->69247K(623616K), 0.1074248 secs] 1828935K->1376555K(2009472K), 0.1075288 secs] [Times: user=0.11 sys=0.00, real=0.11 secs] 
[GC (Allocation Failure) [DefNew: 623615K->623615K(623616K), 0.0000212 secs][Tenured: 1307307K->783922K(1385856K), 2.3623672 secs] 1930923K->783922K(2009472K), [Metaspace: 10571K->10571K(12288K)], 2.3625674 secs] [Times: user=2.36 sys=0.00, real=2.35 secs] 

*** PauseDetector detected a 2358 ms pause at Mon Dec 22 02:59:41 EET 2014 ***

[GC (Allocation Failure) [DefNew: 554368K->69247K(623616K), 0.0951842 secs] 1338290K->891767K(2009472K), 0.0952490 secs] [Times: user=0.09 sys=0.00, real=0.10 secs] 
[GC (Allocation Failure) [DefNew: 623615K->5875K(623616K), 0.0443842 secs] 1446135K->892946K(2009472K), 0.0444214 secs] [Times: user=0.05 sys=0.00, real=0.04 secs] 
[GC (Allocation Failure) [DefNew: 560243K->69247K(623616K), 0.3473729 secs] 1447314K->1019563K(2009472K), 0.3474211 secs] [Times: user=0.34 sys=0.00, real=0.35 secs] 
[GC (Allocation Failure) [DefNew: 623615K->5901K(623616K), 0.0838264 secs] 1573931K->1021230K(2009472K), 0.0839765 secs] [Times: user=0.06 sys=0.00, real=0.08 secs] 
[GC (Allocation Failure) [DefNew: 560269K->69248K(623616K), 0.4018216 secs] 1575598K->1140293K(2009472K), 0.4019249 secs] [Times: user=0.41 sys=0.00, real=0.40 secs] 

*** PauseDetector detected a 401 ms pause at Mon Dec 22 02:59:50 EET 2014 ***

[GC (Allocation Failure) [DefNew: 623616K->5866K(623616K), 0.0696399 secs] 1694661K->1141752K(2009472K), 0.0697496 secs] [Times: user=0.06 sys=0.00, real=0.06 secs] 
[GC (Allocation Failure) [DefNew: 560234K->69248K(623616K), 0.4404091 secs] 1696120K->1258264K(2009472K), 0.4404521 secs] [Times: user=0.42 sys=0.00, real=0.43 secs] 

*** PauseDetector detected a 438 ms pause at Mon Dec 22 02:59:54 EET 2014 ***

[GC (Allocation Failure) [DefNew: 623616K->5908K(623616K), 0.0860629 secs] 1812632K->1259777K(2009472K), 0.0861110 secs] [Times: user=0.09 sys=0.00, real=0.09 secs] 
[GC (Allocation Failure) [DefNew: 560276K->69248K(623616K), 0.3274321 secs] 1814145K->1372240K(2009472K), 0.3274860 secs] [Times: user=0.33 sys=0.00, real=0.33 secs] 
[GC (Allocation Failure) [DefNew: 623616K->623616K(623616K), 0.0000199 secs][Tenured: 1302992K->863669K(1385856K), 2.4779227 secs] 1926608K->863669K(2009472K), [Metaspace: 10571K->10571K(12288K)], 2.4780093 secs]
*** PauseDetector detected a 2477 ms pause at Mon Dec 22 03:00:01 EET 2014 ***

 [Times: user=2.48 sys=0.00, real=2.48 secs] 
[Full GC (System.gc()) [Tenured: 863669K->809139K(1385856K), 1.9023573 secs] 875300K->809139K(2009472K), [Metaspace: 10571K->10571K(12288K)], 1.9024086 secs] [Times: user=1.90 sys=0.00, real=1.90 secs] 
[Full GC (System.gc()) [Tenured: 809139K->809140K(1385856K), 1.9161563 secs] 809141K->809140K(2009472K), [Metaspace: 10571K->10571K(12288K)], 1.9162172 secs] [Times: user=1.92 sys=0.00, real=1.91 secs] 
[Full GC (System.gc()) [Tenured: 809140K->739848K(1385856K), 2.2607653 secs] 809140K->739848K(2009472K), [Metaspace: 10571K->10571K(12288K)], 2.2608333 secs] [Times: user=2.26 sys=0.00, real=2.25 secs] 

*** PauseDetector detected a 1896 ms pause at Mon Dec 22 03:00:03 EET 2014 ***


*** PauseDetector detected a 4186 ms pause at Mon Dec 22 03:00:07 EET 2014 ***

[Full GC (System.gc()) [Tenured: 739848K->739850K(1385856K), 1.9830746 secs] 750946K->739850K(2009472K), [Metaspace: 10571K->10571K(12288K)], 1.9831439 secs] [Times: user=1.98 sys=0.00, real=1.98 secs] 
[Full GC (System.gc()) [Tenured: 739850K->739851K(1385856K), 1.8973299 secs] 750946K->739851K(2009472K), [Metaspace: 10571K->10571K(12288K)], 1.8974807 secs] [Times: user=1.90 sys=0.00, real=1.90 secs] 
[Full GC (System.gc()) [Tenured: 739851K->739851K(1385856K), 2.1220399 secs] 739851K->739851K(2009472K), [Metaspace: 10571K->10571K(12288K)]
*** PauseDetector detected a 1977 ms pause at Mon Dec 22 03:00:09 EET 2014 ***


*** PauseDetector detected a 4033 ms pause at Mon Dec 22 03:00:13 EET 2014 ***

, 2.1220829 secs] [Times: user=2.11 sys=0.00, real=2.12 secs] 
[GC (Allocation Failure) [DefNew: 554368K->69247K(623616K), 0.2193952 secs] 1294219K->857037K(2009472K), 0.2195126 secs] [Times: user=0.20 sys=0.00, real=0.22 secs] 
[GC (Allocation Failure) [DefNew: 623615K->5954K(623616K), 0.0810298 secs] 1411405K->858395K(2009472K), 0.0810792 secs] [Times: user=0.08 sys=0.00, real=0.08 secs] 
[GC (Allocation Failure) [DefNew: 560322K->69248K(623616K), 0.2224697 secs] 1412763K->967166K(2009472K), 0.2226172 secs] [Times: user=0.22 sys=0.00, real=0.22 secs] 
[GC (Allocation Failure) [DefNew: 623616K->5954K(623616K), 0.0615258 secs] 1521534K->968465K(2009472K), 0.0615695 secs] [Times: user=0.06 sys=0.00, real=0.06 secs] 
[GC (Allocation Failure) [DefNew: 560322K->69248K(623616K), 0.2299665 secs] 1522833K->1076547K(2009472K), 0.2300415 secs] [Times: user=0.23 sys=0.00, real=0.22 secs] 
[GC (Allocation Failure) [DefNew: 623616K->5954K(623616K), 0.0525104 secs] 1630915K->1077838K(2009472K), 0.0526612 secs] [Times: user=0.05 sys=0.00, real=0.05 secs] 
[Full GC (System.gc()) [Tenured: 1071884K->741625K(1385856K), 2.0786001 secs] 1088934K->741625K(2009472K), [Metaspace: 10571K->10571K(12288K)], 2.0786521 secs] [Times: user=2.07 sys=0.00, real=2.08 secs] 
[Full GC (System.gc()) [Tenured: 741625K->741625K(1385856K), 2.1090666 secs] 741627K->741625K(2009472K), [Metaspace: 10571K->10571K(12288K)], 2.1091314 secs] [Times: user=2.11 sys=0.00, real=2.10 secs] 
[Full GC (System.gc()) [Tenured: 741625K->741626K(1385856K), 1.8893025 secs] 752719K->741626K(2009472K), [Metaspace: 10571K->10571K(12288K)], 1.8894520 secs] [Times: user=1.89 sys=0.00, real=1.89 secs] 

*** PauseDetector detected a 2077 ms pause at Mon Dec 22 03:00:25 EET 2014 ***


*** PauseDetector detected a 4008 ms pause at Mon Dec 22 03:00:29 EET 2014 ***

********************************
********** ROUND   66 **********
********************************
[GC (Allocation Failure) [DefNew: 554368K->69247K(623616K), 0.1653251 secs] 1295994K->854982K(2009472K), 0.1654746 secs] [Times: user=0.16 sys=0.00, real=0.16 secs] 
[GC (Allocation Failure) [DefNew: 623615K->5882K(623616K), 0.0643263 secs] 1409350K->856268K(2009472K), 0.0643719 secs] [Times: user=0.06 sys=0.00, real=0.07 secs] 
[GC (Allocation Failure) [DefNew: 560250K->69247K(623616K), 0.1846423 secs] 1410636K->963317K(2009472K), 0.1847071 secs] [Times: user=0.19 sys=0.00, real=0.18 secs] 
[GC (Allocation Failure) [DefNew: 623615K->5846K(623616K), 0.0599745 secs] 1517685K->964564K(2009472K), 0.0600149 secs] [Times: user=0.06 sys=0.00, real=0.05 secs] 
[GC (Allocation Failure) [DefNew: 560214K->69248K(623616K), 0.1624836 secs] 1518932K->1070208K(2009472K), 0.1625272 secs] [Times: user=0.16 sys=0.00, real=0.15 secs] 
[GC (Allocation Failure) [DefNew: 623616K->5886K(623616K), 0.0593727 secs] 1624576K->1071460K(2009472K), 0.0594144 secs] [Times: user=0.06 sys=0.00, real=0.05 secs] 
[GC (Allocation Failure) [DefNew: 560254K->69247K(623616K), 0.1570732 secs] 1625828K->1176741K(2009472K), 0.1571155 secs] [Times: user=0.16 sys=0.00, real=0.15 secs] 
[GC (Allocation Failure) [DefNew: 623615K->5887K(623616K), 0.0529467 secs] 1731109K->1177996K(2009472K), 0.0529897 secs] [Times: user=0.05 sys=0.00, real=0.04 secs] 
[GC (Allocation Failure) [DefNew: 560255K->69247K(623616K), 0.1526617 secs] 1732364K->1282960K(2009472K), 0.1527239 secs] [Times: user=0.14 sys=0.00, real=0.15 secs] 
[GC (Allocation Failure) [DefNew: 623615K->5887K(623616K), 0.0584758 secs] 1837328K->1284236K(2009472K), 0.0585239 secs] [Times: user=0.05 sys=0.00, real=0.05 secs] 
[GC (Allocation Failure) [DefNew: 560255K->69248K(623616K), 0.1515563 secs] 1838604K->1389010K(2009472K), 0.1516211 secs] [Times: user=0.14 sys=0.00, real=0.14 secs] 
[GC (Allocation Failure) [DefNew: 623616K->623616K(623616K), 0.0000796 secs][Tenured: 1319762K->855940K(1385856K), 2.1606249 secs] 1943378K->855940K(2009472K), [Metaspace: 10571K->10571K(12288K)], 2.1607725 secs] [Times: user=2.17 sys=0.00, real=2.16 secs] 

*** PauseDetector detected a 2159 ms pause at Mon Dec 22 03:00:50 EET 2014 ***

[GC (Allocation Failure) [DefNew: 554368K->69248K(623616K), 0.1664338 secs] 1410308K->966384K(2009472K), 0.1664780 secs] [Times: user=0.16 sys=0.00, real=0.16 secs] 
[GC (Allocation Failure) [DefNew: 623616K->5882K(623616K), 0.0516334 secs] 1520752K->967614K(2009472K), 0.0516764 secs] [Times: user=0.05 sys=0.00, real=0.05 secs] 
[GC (Allocation Failure) [DefNew: 560250K->69248K(623616K), 0.1323359 secs] 1521982K->1071863K(2009472K), 0.1323898 secs] [Times: user=0.13 sys=0.00, real=0.13 secs] 
[GC (Allocation Failure) [DefNew: 623616K->5846K(623616K), 0.0473252 secs] 1626231K->1073185K(2009472K), 0.0473695 secs] [Times: user=0.05 sys=0.00, real=0.05 secs] 
[GC (Allocation Failure) [DefNew: 560214K->69247K(623616K), 0.1503905 secs] 1627553K->1176737K(2009472K), 0.1504322 secs] [Times: user=0.14 sys=0.00, real=0.15 secs] 
[GC (Allocation Failure) [DefNew: 623615K->5902K(623616K), 0.0433378 secs] 1731105K->1177955K(2009472K), 0.0434475 secs] [Times: user=0.03 sys=0.00, real=0.04 secs] 
[GC (Allocation Failure) [DefNew: 560270K->69247K(623616K), 0.1191400 secs] 1732323K->1281292K(2009472K), 0.1192054 secs] [Times: user=0.11 sys=0.00, real=0.12 secs] 
[GC (Allocation Failure) [DefNew: 623615K->5847K(623616K), 0.0434751 secs] 1835660K->1282457K(2009472K), 0.0435175 secs] [Times: user=0.03 sys=0.00, real=0.04 secs] 
[GC (Allocation Failure) [DefNew: 560215K->69248K(623616K), 0.1287040 secs] 1836825K->1385722K(2009472K), 0.1287431 secs] [Times: user=0.14 sys=0.00, real=0.13 secs] 
[GC (Allocation Failure) [DefNew: 623616K->623616K(623616K), 0.0000186 secs][Tenured: 1316474K->785105K(1385856K), 2.1269692 secs] 1940090K->785105K(2009472K), [Metaspace: 10571K->10571K(12288K)], 2.1270513 secs]
*** PauseDetector detected a 2123 ms pause at Mon Dec 22 03:01:08 EET 2014 ***

 [Times: user=2.12 sys=0.00, real=2.12 secs] 
[GC (Allocation Failure) [DefNew: 554368K->69247K(623616K), 0.1124221 secs] 1339473K->894099K(2009472K), 0.1124638 secs] [Times: user=0.11 sys=0.00, real=0.11 secs] 
[GC (Allocation Failure) [DefNew: 623615K->5899K(623616K), 0.0565549 secs] 1448467K->895307K(2009472K), 0.0566095 secs] [Times: user=0.05 sys=0.00, real=0.05 secs] 
[GC (Allocation Failure) [DefNew: 560267K->69248K(623616K), 0.1046353 secs] 1449675K->998300K(2009472K), 0.1046789 secs] [Times: user=0.11 sys=0.00, real=0.10 secs] 
[GC (Allocation Failure) [DefNew: 623616K->5888K(623616K), 0.0453171 secs] 1552668K->999514K(2009472K), 0.0453601 secs] [Times: user=0.05 sys=0.00, real=0.04 secs] 
[GC (Allocation Failure) [DefNew: 560256K->69248K(623616K), 0.1053070 secs] 1553882K->1102416K(2009472K), 0.1053731 secs] [Times: user=0.11 sys=0.00, real=0.10 secs] 
[GC (Allocation Failure) [DefNew: 623616K->5900K(623616K), 0.0390733 secs] 1656784K->1103620K(2009472K), 0.0391368 secs] [Times: user=0.03 sys=0.00, real=0.03 secs] 
[GC (Allocation Failure) [DefNew: 560268K->69248K(623616K), 0.1180269 secs] 1657988K->1206373K(2009472K), 0.1181764 secs] [Times: user=0.11 sys=0.00, real=0.11 secs] 
[GC (Allocation Failure) [DefNew: 623616K->5903K(623616K), 0.0442277 secs] 1760741K->1207627K(2009472K), 0.0443316 secs] [Times: user=0.05 sys=0.00, real=0.04 secs] 
[GC (Allocation Failure) [DefNew: 560271K->69247K(623616K), 0.1004926 secs] 1761995K->1310315K(2009472K), 0.1005908 secs] [Times: user=0.11 sys=0.00, real=0.10 secs] 
[GC (Allocation Failure) [DefNew: 623615K->5846K(623616K), 0.0432884 secs] 1864683K->1311489K(2009472K), 0.0433308 secs] [Times: user=0.03 sys=0.00, real=0.04 secs] 
[GC (Allocation Failure) [DefNew: 560214K->560214K(623616K), 0.0000199 secs][Tenured: 1305643K->852140K(1385856K), 2.1858107 secs] 1865857K->852140K(2009472K), [Metaspace: 10571K->10571K(12288K)], 2.1860050 secs] [Times: user=2.17 sys=0.00, real=2.18 secs] 

*** PauseDetector detected a 2178 ms pause at Mon Dec 22 03:01:27 EET 2014 ***

[GC (Allocation Failure) [DefNew: 554368K->5904K(623616K), 0.0121425 secs] 1406508K->858045K(2009472K), 0.0121842 secs] [Times: user=0.02 sys=0.00, real=0.01 secs] 
[GC (Allocation Failure) [DefNew: 560272K->69248K(623616K), 0.1027246 secs] 1412413K->960144K(2009472K), 0.1027747 secs] [Times: user=0.11 sys=0.00, real=0.10 secs] 
[GC (Allocation Failure) [DefNew: 623616K->5851K(623616K), 0.0473002 secs] 1514512K->961276K(2009472K), 0.0473412 secs] [Times: user=0.05 sys=0.00, real=0.05 secs] 
[GC (Allocation Failure) [DefNew: 560219K->69248K(623616K), 0.1116458 secs] 1515644K->1063359K(2009472K), 0.1116900 secs] [Times: user=0.11 sys=0.00, real=0.11 secs] 
[GC (Allocation Failure) [DefNew: 623616K->5889K(623616K), 0.0396353 secs] 1617727K->1064526K(2009472K), 0.0397848 secs] [Times: user=0.05 sys=0.00, real=0.04 secs] 
[GC (Allocation Failure) [DefNew: 560257K->69247K(623616K), 0.1132779 secs] 1618894K->1166493K(2009472K), 0.1133190 secs] [Times: user=0.11 sys=0.00, real=0.11 secs] 
[GC (Allocation Failure) [DefNew: 623615K->5887K(623616K), 0.0454454 secs] 1720861K->1167670K(2009472K), 0.0454980 secs] [Times: user=0.05 sys=0.00, real=0.05 secs] 
[GC (Allocation Failure) [DefNew: 560255K->69247K(623616K), 0.2958736 secs] 1722038K->1294291K(2009472K), 0.2960212 secs] [Times: user=0.30 sys=0.00, real=0.29 secs] 
[GC (Allocation Failure) [DefNew: 623615K->5905K(623616K), 0.0853476 secs] 1848659K->1295947K(2009472K), 0.0854066 secs] [Times: user=0.09 sys=0.00, real=0.08 secs] 
[GC (Allocation Failure) [DefNew: 560273K->69247K(623616K), 0.5028512 secs] 1850315K->1414999K(2009472K), 0.5028935 secs] [Times: user=0.50 sys=0.00, real=0.50 secs] 

*** PauseDetector detected a 504 ms pause at Mon Dec 22 03:01:43 EET 2014 ***

[GC (Allocation Failure) [DefNew: 623615K->623615K(623616K), 0.0001206 secs][Tenured: 1345751K->868189K(1385856K), 2.2626041 secs] 1969367K->868189K(2009472K), [Metaspace: 10571K->10571K(12288K)], 2.2628998 secs] [Times: user=2.26 sys=0.00, real=2.25 secs] 

*** PauseDetector detected a 2256 ms pause at Mon Dec 22 03:01:47 EET 2014 ***

[GC (Allocation Failure) [DefNew: 554368K->69247K(623616K), 0.3777894 secs] 1422557K->990564K(2009472K), 0.3778516 secs] [Times: user=0.38 sys=0.00, real=0.37 secs] 

*** PauseDetector detected a 376 ms pause at Mon Dec 22 03:01:49 EET 2014 ***

[GC (Allocation Failure) [DefNew: 623615K->5862K(623616K), 0.0837642 secs] 1544932K->992035K(2009472K), 0.0838206 secs] [Times: user=0.08 sys=0.00, real=0.08 secs] 
[GC (Allocation Failure) [DefNew: 560230K->69247K(623616K), 0.3107980 secs] 1546403K->1104498K(2009472K), 0.3108371 secs] [Times: user=0.31 sys=0.00, real=0.30 secs] 
[GC (Allocation Failure) [DefNew: 623615K->5883K(623616K), 0.0723293 secs] 1658866K->1105902K(2009472K), 0.0724358 secs] [Times: user=0.08 sys=0.00, real=0.07 secs] 
[GC (Allocation Failure) [DefNew: 560251K->69248K(623616K), 0.2958679 secs] 1660270K->1217185K(2009472K), 0.2959115 secs] [Times: user=0.28 sys=0.00, real=0.29 secs] 
[GC (Allocation Failure) [DefNew: 623616K->5871K(623616K), 0.0708640 secs] 1771553K->1218524K(2009472K), 0.0709063 secs] [Times: user=0.08 sys=0.00, real=0.07 secs] 
[GC (Allocation Failure) [DefNew: 560239K->69247K(623616K), 0.2339462 secs] 1772892K->1327273K(2009472K), 0.2340148 secs] [Times: user=0.22 sys=0.00, real=0.23 secs] 
[GC (Allocation Failure) [DefNew: 623615K->5870K(623616K), 0.0601234 secs] 1881641K->1328594K(2009472K), 0.0601869 secs] [Times: user=0.05 sys=0.00, real=0.06 secs] 
[GC (Allocation Failure) [DefNew: 560238K->560238K(623616K), 0.0000199 secs][Tenured: 1322723K->857994K(1385856K), 2.4589571 secs] 1882962K->857994K(2009472K), [Metaspace: 10571K->10571K(12288K)], 2.4590431 secs] [Times: user=2.45 sys=0.00, real=2.45 secs] 

*** PauseDetector detected a 2453 ms pause at Mon Dec 22 03:02:05 EET 2014 ***

[GC (Allocation Failure) [DefNew: 554368K->5863K(623616K), 0.0122361 secs] 1412362K->863858K(2009472K), 0.0123721 secs] [Times: user=0.01 sys=0.00, real=0.01 secs] 
[GC (Allocation Failure) [DefNew: 560231K->69247K(623616K), 0.2146976 secs] 1418226K->971402K(2009472K), 0.2148060 secs] [Times: user=0.22 sys=0.00, real=0.21 secs] 
[GC (Allocation Failure) [DefNew: 623615K->5845K(623616K), 0.0637521 secs] 1525770K->972627K(2009472K), 0.0638188 secs] [Times: user=0.06 sys=0.00, real=0.06 secs] 
[GC (Allocation Failure) [DefNew: 560213K->69247K(623616K), 0.1831301 secs] 1526995K->1079746K(2009472K), 0.1831956 secs] [Times: user=0.17 sys=0.00, real=0.18 secs] 
[GC (Allocation Failure) [DefNew: 623615K->5902K(623616K), 0.0520536 secs] 1634114K->1081016K(2009472K), 0.0521659 secs] [Times: user=0.05 sys=0.00, real=0.04 secs] 
[GC (Allocation Failure) [DefNew: 560270K->69248K(623616K), 0.1866774 secs] 1635384K->1186638K(2009472K), 0.1867217 secs] [Times: user=0.19 sys=0.00, real=0.18 secs] 
[GC (Allocation Failure) [DefNew: 623616K->5916K(623616K), 0.0582153 secs] 1741006K->1187886K(2009472K), 0.0582641 secs] [Times: user=0.06 sys=0.00, real=0.06 secs] 
[GC (Allocation Failure) [DefNew: 560284K->69247K(623616K), 0.1781842 secs] 1742254K->1293179K(2009472K), 0.1783337 secs] [Times: user=0.17 sys=0.00, real=0.18 secs] 
[GC (Allocation Failure) [DefNew: 623615K->5912K(623616K), 0.0533721 secs] 1847547K->1294417K(2009472K), 0.0534118 secs] [Times: user=0.05 sys=0.00, real=0.05 secs] 
[GC (Allocation Failure) [DefNew: 560280K->69248K(623616K), 0.1812824 secs] 1848785K->1399417K(2009472K), 0.1814300 secs] [Times: user=0.17 sys=0.00, real=0.17 secs] 
[GC (Allocation Failure) [DefNew: 623616K->623616K(623616K), 0.0000212 secs][Tenured: 1330169K->786912K(1385856K), 2.3876665 secs] 1953785K->786912K(2009472K), [Metaspace: 10571K->10571K(12288K)], 2.3877467 secs] [Times: user=2.39 sys=0.00, real=2.38 secs] 

*** PauseDetector detected a 2383 ms pause at Mon Dec 22 03:02:25 EET 2014 ***

[GC (Allocation Failure) [DefNew: 554368K->69248K(623616K), 0.1343659 secs] 1341280K->897560K(2009472K), 0.1344762 secs] [Times: user=0.13 sys=0.00, real=0.13 secs] 
[GC (Allocation Failure) [DefNew: 623616K->5915K(623616K), 0.0524026 secs] 1451928K->898829K(2009472K), 0.0525059 secs] [Times: user=0.05 sys=0.00, real=0.05 secs] 
[GC (Allocation Failure) [DefNew: 560283K->69248K(623616K), 0.1631662 secs] 1453197K->1003391K(2009472K), 0.1632086 secs] [Times: user=0.16 sys=0.00, real=0.16 secs] 
[GC (Allocation Failure) [DefNew: 623616K->5866K(623616K), 0.0505357 secs] 1557759K->1004572K(2009472K), 0.0506454 secs] [Times: user=0.05 sys=0.00, real=0.05 secs] 
[GC (Allocation Failure) [DefNew: 560234K->69248K(623616K), 0.1281798 secs] 1558940K->1108997K(2009472K), 0.1283331 secs] [Times: user=0.13 sys=0.00, real=0.12 secs] 
[GC (Allocation Failure) [DefNew: 623616K->5885K(623616K), 0.0437292 secs] 1663365K->1110198K(2009472K), 0.0438408 secs] [Times: user=0.03 sys=0.00, real=0.04 secs] 
[GC (Allocation Failure) [DefNew: 560253K->69248K(623616K), 0.1551619 secs] 1664566K->1213713K(2009472K), 0.1552088 secs] [Times: user=0.14 sys=0.00, real=0.15 secs] 
[GC (Allocation Failure) [DefNew: 623616K->5850K(623616K), 0.0408498 secs] 1768081K->1214877K(2009472K), 0.0408992 secs] [Times: user=0.03 sys=0.00, real=0.04 secs] 
[GC (Allocation Failure) [DefNew: 560218K->69247K(623616K), 0.1535734 secs] 1769245K->1318270K(2009472K), 0.1536144 secs] [Times: user=0.16 sys=0.00, real=0.15 secs] 
[GC (Allocation Failure) [DefNew: 623615K->5916K(623616K), 0.0397334 secs] 1872638K->1319501K(2009472K), 0.0397989 secs] [Times: user=0.03 sys=0.00, real=0.03 secs] 
[GC (Allocation Failure) [DefNew: 560284K->560284K(623616K), 0.0000199 secs][Tenured: 1313584K->853203K(1385856K), 2.3216753 secs] 1873869K->853203K(2009472K), [Metaspace: 10571K->10571K(12288K)], 2.3218664 secs] [Times: user=2.31 sys=0.00, real=2.32 secs] 

*** PauseDetector detected a 2325 ms pause at Mon Dec 22 03:02:44 EET 2014 ***

[GC (Allocation Failure) [DefNew: 554368K->5912K(623616K), 0.0116125 secs] 1407571K->859116K(2009472K), 0.0117254 secs] [Times: user=0.02 sys=0.00, real=0.01 secs] 
[GC (Allocation Failure) [DefNew: 560280K->69247K(623616K), 0.1045608 secs] 1413484K->962219K(2009472K), 0.1047065 secs] [Times: user=0.09 sys=0.00, real=0.10 secs] 
[GC (Allocation Failure) [DefNew: 623615K->5860K(623616K), 0.0488053 secs] 1516587K->963367K(2009472K), 0.0488502 secs] [Times: user=0.05 sys=0.00, real=0.04 secs] 
[GC (Allocation Failure) [DefNew: 560228K->69247K(623616K), 0.0990523 secs] 1517735K->1066408K(2009472K), 0.0991921 secs] [Times: user=0.09 sys=0.00, real=0.10 secs] 
[GC (Allocation Failure) [DefNew: 623615K->5875K(623616K), 0.0416453 secs] 1620776K->1067575K(2009472K), 0.0417967 secs] [Times: user=0.03 sys=0.00, real=0.03 secs] 
[GC (Allocation Failure) [DefNew: 560243K->69247K(623616K), 0.1032642 secs] 1621943K->1170535K(2009472K), 0.1034175 secs] [Times: user=0.11 sys=0.00, real=0.10 secs] 
[GC (Allocation Failure) [DefNew: 623615K->5918K(623616K), 0.0460183 secs] 1724903K->1171737K(2009472K), 0.0460613 secs] [Times: user=0.03 sys=0.00, real=0.04 secs] 
[GC (Allocation Failure) [DefNew: 560286K->69248K(623616K), 0.1052281 secs] 1726105K->1274515K(2009472K), 0.1052717 secs] [Times: user=0.11 sys=0.00, real=0.10 secs] 
[GC (Allocation Failure) [DefNew: 623616K->5919K(623616K), 0.0428310 secs] 1828883K->1275741K(2009472K), 0.0429407 secs] [Times: user=0.03 sys=0.00, real=0.04 secs] 
[GC (Allocation Failure) [DefNew: 560287K->69248K(623616K), 0.1097262 secs] 1830109K->1378461K(2009472K), 0.1097717 secs] [Times: user=0.11 sys=0.00, real=0.11 secs] 
[Full GC (System.gc()) [Tenured: 1309213K->848036K(1385856K), 2.2184232 secs] 1434571K->848036K(2009472K), [Metaspace: 10571K->10571K(12288K)], 2.2184983 secs] [Times: user=2.23 sys=0.00, real=2.22 secs] 
[Full GC (System.gc()) [Tenured: 848036K->848037K(1385856K), 2.0639773 secs] 859131K->848037K(2009472K), [Metaspace: 10571K->10571K(12288K)], 2.0640216 secs] [Times: user=2.06 sys=0.00, real=2.06 secs] 
[Full GC (System.gc()) [Tenured: 848037K->779303K(1385856K), 2.0240354 secs] 859130K->779303K(2009472K), [Metaspace: 10571K->10571K(12288K)]
*** PauseDetector detected a 2217 ms pause at Mon Dec 22 03:03:02 EET 2014 ***


*** PauseDetector detected a 4092 ms pause at Mon Dec 22 03:03:06 EET 2014 ***

, 2.0241072 secs] [Times: user=2.01 sys=0.00, real=2.02 secs] 
[Full GC (System.gc()) [Tenured: 779303K->779304K(1385856K), 1.9404342 secs] 790400K->779304K(2009472K), [Metaspace: 10571K->10571K(12288K)], 1.9404919 secs] [Times: user=1.93 sys=0.00, real=1.93 secs] 
[Full GC (System.gc()) [Tenured: 779304K->779304K(1385856K), 2.2429456 secs] 779304K->779304K(2009472K), [Metaspace: 10571K->10571K(12288K)], 2.2430617 secs] [Times: user=2.25 sys=0.00, real=2.25 secs] 
[Full GC (System.gc()) [Tenured: 779304K->779304K(1385856K), 1.9860111 secs] 779306K->779304K(2009472K), [Metaspace: 10571K->10571K(12288K)], 1.9861291 secs] [Times: user=1.98 sys=0.00, real=1.99 secs] 

*** PauseDetector detected a 4180 ms pause at Mon Dec 22 03:03:10 EET 2014 ***


*** PauseDetector detected a 2001 ms pause at Mon Dec 22 03:03:12 EET 2014 ***

[GC (Allocation Failure) [DefNew: 554368K->69248K(623616K), 0.0991549 secs] 1333672K->887433K(2009472K), 0.0993140 secs] [Times: user=0.09 sys=0.00, real=0.09 secs] 
[GC (Allocation Failure) [DefNew: 623616K->5954K(623616K), 0.0465329 secs] 1441801K->888614K(2009472K), 0.0465842 secs] [Times: user=0.05 sys=0.00, real=0.05 secs] 
[GC (Allocation Failure) [DefNew: 560322K->69247K(623616K), 0.1221169 secs] 1442982K->990717K(2009472K), 0.1221907 secs] [Times: user=0.11 sys=0.00, real=0.12 secs] 
[GC (Allocation Failure) [DefNew: 623615K->5954K(623616K), 0.0497234 secs] 1545085K->991898K(2009472K), 0.0498819 secs] [Times: user=0.05 sys=0.00, real=0.04 secs] 
[GC (Allocation Failure) [DefNew: 560322K->69247K(623616K), 0.1380421 secs] 1546266K->1093930K(2009472K), 0.1380883 secs] [Times: user=0.14 sys=0.00, real=0.14 secs] 
[GC (Allocation Failure) [DefNew: 623615K->5954K(623616K), 0.0443624 secs] 1648298K->1095110K(2009472K), 0.0444067 secs] [Times: user=0.05 sys=0.00, real=0.04 secs] 
[Full GC (System.gc()) [Tenured: 1089155K->779645K(1385856K), 2.0453799 secs] 1350265K->779645K(2009472K), [Metaspace: 10571K->10571K(12288K)], 2.0455070 secs] [Times: user=2.04 sys=0.00, real=2.04 secs] 
[Full GC (System.gc()) [Tenured: 779645K->779645K(1385856K), 1.9497248 secs] 779647K->779645K(2009472K), [Metaspace: 10571K->10571K(12288K)], 1.9498384 secs] [Times: user=1.95 sys=0.00, real=1.95 secs] 

*** PauseDetector detected a 2038 ms pause at Mon Dec 22 03:03:24 EET 2014 ***

[Full GC (System.gc()) [Tenured: 779645K->779700K(1385856K), 1.9710072 secs] 790740K->779700K(2009472K), [Metaspace: 10571K->10571K(12288K)], 1.9710508 secs] [Times: user=1.98 sys=0.00, real=1.97 secs] 

*** PauseDetector detected a 3922 ms pause at Mon Dec 22 03:03:28 EET 2014 ***

********************************
********** ROUND   67 **********
********************************
[GC (Allocation Failure) [DefNew: 554368K->5823K(623616K), 0.0111410 secs] 1334068K->785524K(2009472K), 0.0111840 secs] [Times: user=0.02 sys=0.00, real=0.01 secs] 
[GC (Allocation Failure) [DefNew: 560191K->69247K(623616K), 0.3006643 secs] 1339892K->917845K(2009472K), 0.3007310 secs] [Times: user=0.30 sys=0.00, real=0.30 secs] 
[GC (Allocation Failure) [DefNew: 623615K->5879K(623616K), 0.0793540 secs] 1472213K->919490K(2009472K), 0.0793989 secs] [Times: user=0.06 sys=0.00, real=0.07 secs] 
[GC (Allocation Failure) [DefNew: 560247K->69247K(623616K), 0.5203238 secs] 1473858K->1038527K(2009472K), 0.5203662 secs] [Times: user=0.52 sys=0.00, real=0.51 secs] 

*** PauseDetector detected a 521 ms pause at Mon Dec 22 03:03:35 EET 2014 ***

[GC (Allocation Failure) [DefNew: 623615K->5887K(623616K), 0.0783512 secs] 1592895K->1040054K(2009472K), 0.0784987 secs] [Times: user=0.08 sys=0.00, real=0.08 secs] 
[GC (Allocation Failure) [DefNew: 560255K->69248K(623616K), 0.3912599 secs] 1594422K->1156554K(2009472K), 0.3913029 secs] [Times: user=0.39 sys=0.00, real=0.39 secs] 

*** PauseDetector detected a 387 ms pause at Mon Dec 22 03:03:39 EET 2014 ***

[GC (Allocation Failure) [DefNew: 623616K->5887K(623616K), 0.0671185 secs] 1710922K->1158038K(2009472K), 0.0672673 secs] [Times: user=0.06 sys=0.00, real=0.07 secs] 
[GC (Allocation Failure) [DefNew: 560255K->69247K(623616K), 0.3256800 secs] 1712406K->1270508K(2009472K), 0.3257217 secs] [Times: user=0.33 sys=0.00, real=0.32 secs] 
[GC (Allocation Failure) [DefNew: 623615K->5885K(623616K), 0.0771553 secs] 1824876K->1271882K(2009472K), 0.0771989 secs] [Times: user=0.08 sys=0.00, real=0.07 secs] 
[GC (Allocation Failure) [DefNew: 560253K->69247K(623616K), 0.2905537 secs] 1826250K->1383149K(2009472K), 0.2905967 secs] [Times: user=0.30 sys=0.00, real=0.28 secs] 
[GC (Allocation Failure) [DefNew: 623615K->623615K(623616K), 0.0000205 secs][Tenured: 1313901K->862439K(1385856K), 2.5810047 secs] 1937517K->862439K(2009472K), [Metaspace: 10571K->10571K(12288K)]
*** PauseDetector detected a 2580 ms pause at Mon Dec 22 03:03:50 EET 2014 ***

, 2.5811029 secs] [Times: user=2.57 sys=0.00, real=2.58 secs] 
[GC (Allocation Failure) [DefNew: 554368K->69247K(623616K), 0.2249025 secs] 1416807K->977095K(2009472K), 0.2250501 secs] [Times: user=0.23 sys=0.00, real=0.22 secs] 
[GC (Allocation Failure) [DefNew: 623615K->5884K(623616K), 0.0605628 secs] 1531463K->978395K(2009472K), 0.0607046 secs] [Times: user=0.05 sys=0.00, real=0.06 secs] 
[GC (Allocation Failure) [DefNew: 560252K->69247K(623616K), 0.2618926 secs] 1532763K->1086437K(2009472K), 0.2619356 secs] [Times: user=0.26 sys=0.00, real=0.25 secs] 
[GC (Allocation Failure) [DefNew: 623615K->5892K(623616K), 0.0539642 secs] 1640805K->1087777K(2009472K), 0.0541041 secs] [Times: user=0.05 sys=0.00, real=0.05 secs] 
[GC (Allocation Failure) [DefNew: 560260K->69248K(623616K), 0.1954381 secs] 1642145K->1195258K(2009472K), 0.1955870 secs] [Times: user=0.19 sys=0.00, real=0.19 secs] 
[GC (Allocation Failure) [DefNew: 623616K->5895K(623616K), 0.0569662 secs] 1749626K->1196567K(2009472K), 0.0571715 secs] [Times: user=0.05 sys=0.00, real=0.05 secs] 
[GC (Allocation Failure) [DefNew: 560263K->69247K(623616K), 0.2285941 secs] 1750935K->1303578K(2009472K), 0.2287391 secs] [Times: user=0.23 sys=0.00, real=0.22 secs] 
[GC (Allocation Failure) [DefNew: 623615K->5899K(623616K), 0.0583533 secs] 1857946K->1304903K(2009472K), 0.0583969 secs] [Times: user=0.05 sys=0.00, real=0.06 secs] 
[GC (Allocation Failure) [DefNew: 560267K->69248K(623616K), 0.1914469 secs] 1859271K->1410480K(2009472K), 0.1915989 secs] [Times: user=0.19 sys=0.00, real=0.19 secs] 
[GC (Allocation Failure) [DefNew: 623616K->623616K(623616K), 0.0000379 secs][Tenured: 1341232K->787476K(1385856K), 2.4713819 secs] 1964848K->787476K(2009472K), [Metaspace: 10571K->10571K(12288K)], 2.4715179 secs] [Times: user=2.47 sys=0.00, real=2.47 secs] 

*** PauseDetector detected a 2471 ms pause at Mon Dec 22 03:04:09 EET 2014 ***

[GC (Allocation Failure) [DefNew: 554368K->69248K(623616K), 0.1495744 secs] 1341844K->898664K(2009472K), 0.1497259 secs] [Times: user=0.14 sys=0.00, real=0.15 secs] 
[GC (Allocation Failure) [DefNew: 623616K->5895K(623616K), 0.0674797 secs] 1453032K->899906K(2009472K), 0.0675220 secs] [Times: user=0.06 sys=0.00, real=0.06 secs] 
[GC (Allocation Failure) [DefNew: 560263K->69248K(623616K), 0.1774804 secs] 1454274K->1004914K(2009472K), 0.1775221 secs] [Times: user=0.17 sys=0.00, real=0.18 secs] 
[GC (Allocation Failure) [DefNew: 623616K->5862K(623616K), 0.0511593 secs] 1559282K->1006113K(2009472K), 0.0512067 secs] [Times: user=0.06 sys=0.00, real=0.05 secs] 
[GC (Allocation Failure) [DefNew: 560230K->69248K(623616K), 0.1406097 secs] 1560481K->1110914K(2009472K), 0.1406758 secs] [Times: user=0.13 sys=0.00, real=0.13 secs] 
[GC (Allocation Failure) [DefNew: 623616K->5900K(623616K), 0.0432416 secs] 1665282K->1112151K(2009472K), 0.0433904 secs] [Times: user=0.03 sys=0.00, real=0.03 secs] 
[GC (Allocation Failure) [DefNew: 560268K->69248K(623616K), 0.1822499 secs] 1666519K->1216707K(2009472K), 0.1822999 secs] [Times: user=0.19 sys=0.00, real=0.18 secs] 
[GC (Allocation Failure) [DefNew: 623616K->5910K(623616K), 0.0454242 secs] 1771075K->1217954K(2009472K), 0.0454691 secs] [Times: user=0.05 sys=0.00, real=0.05 secs] 
[GC (Allocation Failure) [DefNew: 560278K->69248K(623616K), 0.1522761 secs] 1772322K->1322320K(2009472K), 0.1523435 secs] [Times: user=0.16 sys=0.00, real=0.15 secs] 
[GC (Allocation Failure) [DefNew: 623616K->5901K(623616K), 0.0426821 secs] 1876688K->1323552K(2009472K), 0.0428297 secs] [Times: user=0.03 sys=0.00, real=0.04 secs] 
[GC (Allocation Failure) [DefNew: 560269K->560269K(623616K), 0.0000828 secs][Tenured: 1317650K->853496K(1385856K), 2.3898825 secs] 1877920K->853496K(2009472K), [Metaspace: 10571K->10571K(12288K)], 2.3900345 secs] [Times: user=2.37 sys=0.00, real=2.38 secs] 

*** PauseDetector detected a 2386 ms pause at Mon Dec 22 03:04:29 EET 2014 ***

[GC (Allocation Failure) [DefNew: 554368K->5900K(623616K), 0.0126070 secs] 1407864K->859396K(2009472K), 0.0126538 secs] [Times: user=0.02 sys=0.00, real=0.01 secs] 
[GC (Allocation Failure) [DefNew: 560268K->69248K(623616K), 0.1090288 secs] 1413764K->962751K(2009472K), 0.1091661 secs] [Times: user=0.11 sys=0.00, real=0.11 secs] 
[GC (Allocation Failure) [DefNew: 623616K->5902K(623616K), 0.0512221 secs] 1517119K->963956K(2009472K), 0.0512670 secs] [Times: user=0.05 sys=0.00, real=0.05 secs] 
[GC (Allocation Failure) [DefNew: 560270K->69247K(623616K), 0.1181622 secs] 1518324K->1067153K(2009472K), 0.1182264 secs] [Times: user=0.12 sys=0.00, real=0.11 secs] 
[GC (Allocation Failure) [DefNew: 623615K->5899K(623616K), 0.0488284 secs] 1621521K->1068375K(2009472K), 0.0488708 secs] [Times: user=0.05 sys=0.00, real=0.05 secs] 
[GC (Allocation Failure) [DefNew: 560267K->69248K(623616K), 0.1133639 secs] 1622743K->1171461K(2009472K), 0.1134319 secs] [Times: user=0.09 sys=0.00, real=0.11 secs] 
[GC (Allocation Failure) [DefNew: 623616K->5861K(623616K), 0.0435117 secs] 1725829K->1172640K(2009472K), 0.0436240 secs] [Times: user=0.03 sys=0.00, real=0.04 secs] 
[GC (Allocation Failure) [DefNew: 560229K->69247K(623616K), 0.1241154 secs] 1727008K->1275647K(2009472K), 0.1241597 secs] [Times: user=0.13 sys=0.00, real=0.12 secs] 
[GC (Allocation Failure) [DefNew: 623615K->5907K(623616K), 0.0436368 secs] 1830015K->1276880K(2009472K), 0.0437375 secs] [Times: user=0.05 sys=0.00, real=0.04 secs] 
[GC (Allocation Failure) [DefNew: 560275K->69247K(623616K), 0.1050215 secs] 1831248K->1379795K(2009472K), 0.1051158 secs] [Times: user=0.11 sys=0.00, real=0.10 secs] 
[GC (Allocation Failure) [DefNew: 623615K->623615K(623616K), 0.0000212 secs][Tenured: 1310547K->854076K(1385856K), 2.4328822 secs] 1934163K->854076K(2009472K), [Metaspace: 10571K->10571K(12288K)], 2.4330759 secs] [Times: user=2.43 sys=0.00, real=2.43 secs] 

*** PauseDetector detected a 2428 ms pause at Mon Dec 22 03:04:48 EET 2014 ***

[GC (Allocation Failure) [DefNew: 554368K->69248K(623616K), 0.0942116 secs] 1408444K->962788K(2009472K), 0.0942539 secs] [Times: user=0.09 sys=0.00, real=0.09 secs] 
[GC (Allocation Failure) [DefNew: 623616K->5908K(623616K), 0.0406111 secs] 1517156K->963989K(2009472K), 0.0407157 secs] [Times: user=0.05 sys=0.00, real=0.04 secs] 
[GC (Allocation Failure) [DefNew: 560276K->69247K(623616K), 0.0995662 secs] 1518357K->1066687K(2009472K), 0.0996111 secs] [Times: user=0.09 sys=0.00, real=0.09 secs] 
[GC (Allocation Failure) [DefNew: 623615K->5917K(623616K), 0.0451952 secs] 1621055K->1067918K(2009472K), 0.0452375 secs] [Times: user=0.03 sys=0.00, real=0.04 secs] 
[GC (Allocation Failure) [DefNew: 560285K->69248K(623616K), 0.1020484 secs] 1622286K->1170074K(2009472K), 0.1020882 secs] [Times: user=0.09 sys=0.00, real=0.10 secs] 
[GC (Allocation Failure) [DefNew: 623616K->5909K(623616K), 0.0406579 secs] 1724442K->1171266K(2009472K), 0.0407574 secs] [Times: user=0.03 sys=0.00, real=0.03 secs] 
[GC (Allocation Failure) [DefNew: 560277K->69247K(623616K), 0.1060910 secs] 1725634K->1273367K(2009472K), 0.1061417 secs] [Times: user=0.11 sys=0.00, real=0.11 secs] 
[GC (Allocation Failure) [DefNew: 623615K->5915K(623616K), 0.0447512 secs] 1827735K->1274557K(2009472K), 0.0447948 secs] [Times: user=0.05 sys=0.00, real=0.04 secs] 
[GC (Allocation Failure) [DefNew: 560283K->69247K(623616K), 0.1080465 secs] 1828925K->1376540K(2009472K), 0.1080844 secs] [Times: user=0.09 sys=0.00, real=0.10 secs] 
[GC (Allocation Failure) [DefNew: 623615K->623615K(623616K), 0.0000205 secs][Tenured: 1307292K->853208K(1385856K), 2.0881224 secs] 1930908K->853208K(2009472K), [Metaspace: 10571K->10571K(12288K)], 2.0882860 secs] [Times: user=2.09 sys=0.00, real=2.08 secs] 

*** PauseDetector detected a 2083 ms pause at Mon Dec 22 03:05:05 EET 2014 ***

[GC (Allocation Failure) [DefNew: 554368K->69248K(623616K), 0.1071592 secs] 1407576K->961091K(2009472K), 0.1072028 secs] [Times: user=0.11 sys=0.00, real=0.10 secs] 
[GC (Allocation Failure) [DefNew: 623616K->5915K(623616K), 0.0402582 secs] 1515459K->962270K(2009472K), 0.0402967 secs] [Times: user=0.05 sys=0.00, real=0.04 secs] 
[GC (Allocation Failure) [DefNew: 560283K->69247K(623616K), 0.2961328 secs] 1516638K->1088833K(2009472K), 0.2961726 secs] [Times: user=0.28 sys=0.00, real=0.29 secs] 
[GC (Allocation Failure) [DefNew: 623615K->5858K(623616K), 0.0954999 secs] 1643201K->1090472K(2009472K), 0.0956603 secs] [Times: user=0.09 sys=0.00, real=0.10 secs] 
[GC (Allocation Failure) [DefNew: 560226K->69248K(623616K), 0.4322297 secs] 1644840K->1209565K(2009472K), 0.4323740 secs] [Times: user=0.42 sys=0.00, real=0.43 secs] 

*** PauseDetector detected a 433 ms pause at Mon Dec 22 03:05:14 EET 2014 ***

[GC (Allocation Failure) [DefNew: 623616K->5847K(623616K), 0.0752613 secs] 1763933K->1211017K(2009472K), 0.0754301 secs] [Times: user=0.06 sys=0.00, real=0.07 secs] 
[GC (Allocation Failure) [DefNew: 560215K->69248K(623616K), 0.3494382 secs] 1765385K->1327593K(2009472K), 0.3495043 secs] [Times: user=0.34 sys=0.00, real=0.35 secs] 
[GC (Allocation Failure) [DefNew: 623616K->5915K(623616K), 0.0994513 secs] 1881961K->1329069K(2009472K), 0.0995033 secs] [Times: user=0.09 sys=0.00, real=0.10 secs] 
[GC (Allocation Failure) [DefNew: 560283K->560283K(623616K), 0.0000783 secs][Tenured: 1323153K->792993K(1385856K), 2.2687562 secs] 1883437K->792993K(2009472K), [Metaspace: 10571K->10571K(12288K)], 2.2689076 secs] [Times: user=2.26 sys=0.00, real=2.26 secs] 

*** PauseDetector detected a 2266 ms pause at Mon Dec 22 03:05:23 EET 2014 ***

[GC (Allocation Failure) [DefNew: 554368K->5916K(623616K), 0.0114964 secs] 1347361K->798910K(2009472K), 0.0115362 secs] [Times: user=0.02 sys=0.00, real=0.01 secs] 
[GC (Allocation Failure) [DefNew: 560284K->69247K(623616K), 0.2919369 secs] 1353278K->910159K(2009472K), 0.2919799 secs] [Times: user=0.30 sys=0.00, real=0.28 secs] 
[GC (Allocation Failure) [DefNew: 623615K->5843K(623616K), 0.0614226 secs] 1464527K->911446K(2009472K), 0.0615708 secs] [Times: user=0.06 sys=0.00, real=0.06 secs] 
[GC (Allocation Failure) [DefNew: 560211K->69247K(623616K), 0.2145128 secs] 1465814K->1020309K(2009472K), 0.2146559 secs] [Times: user=0.20 sys=0.00, real=0.21 secs] 
[GC (Allocation Failure) [DefNew: 623615K->5916K(623616K), 0.0658931 secs] 1574677K->1021614K(2009472K), 0.0659335 secs] [Times: user=0.06 sys=0.00, real=0.06 secs] 
[GC (Allocation Failure) [DefNew: 560284K->69247K(623616K), 0.2456530 secs] 1575982K->1129696K(2009472K), 0.2458018 secs] [Times: user=0.23 sys=0.00, real=0.24 secs] 
[GC (Allocation Failure) [DefNew: 623615K->5863K(623616K), 0.0580273 secs] 1684064K->1130934K(2009472K), 0.0580953 secs] [Times: user=0.06 sys=0.00, real=0.05 secs] 
[GC (Allocation Failure) [DefNew: 560231K->69248K(623616K), 0.1974488 secs] 1685302K->1238454K(2009472K), 0.1974873 secs] [Times: user=0.19 sys=0.00, real=0.20 secs] 
[GC (Allocation Failure) [DefNew: 623616K->5850K(623616K), 0.0537044 secs] 1792822K->1239709K(2009472K), 0.0538128 secs] [Times: user=0.05 sys=0.00, real=0.05 secs] 
[GC (Allocation Failure) [DefNew: 560218K->69248K(623616K), 0.1873184 secs] 1794077K->1346807K(2009472K), 0.1873710 secs] [Times: user=0.19 sys=0.00, real=0.18 secs] 
[GC (Allocation Failure) [DefNew: 623616K->5858K(623616K), 0.0534311 secs] 1901175K->1348049K(2009472K), 0.0534863 secs] [Times: user=0.03 sys=0.00, real=0.05 secs] 
[GC (Allocation Failure) [DefNew: 560226K->560226K(623616K), 0.0000346 secs][Tenured: 1342191K->855584K(1385856K), 2.4169570 secs] 1902417K->855584K(2009472K), [Metaspace: 10571K->10571K(12288K)], 2.4171572 secs] [Times: user=2.40 sys=0.00, real=2.41 secs] 

*** PauseDetector detected a 2415 ms pause at Mon Dec 22 03:05:45 EET 2014 ***

[GC (Allocation Failure) [DefNew: 554368K->5922K(623616K), 0.0112398 secs] 1409952K->861507K(2009472K), 0.0112943 secs] [Times: user=0.00 sys=0.00, real=0.01 secs] 
[GC (Allocation Failure) [DefNew: 560290K->69248K(623616K), 0.1730465 secs] 1415875K->966787K(2009472K), 0.1730876 secs] [Times: user=0.17 sys=0.00, real=0.17 secs] 
[GC (Allocation Failure) [DefNew: 623616K->5911K(623616K), 0.0499242 secs] 1521155K->968030K(2009472K), 0.0500320 secs] [Times: user=0.05 sys=0.00, real=0.04 secs] 
[GC (Allocation Failure) [DefNew: 560279K->69247K(623616K), 0.1776729 secs] 1522398K->1073000K(2009472K), 0.1777172 secs] [Times: user=0.17 sys=0.00, real=0.18 secs] 
[GC (Allocation Failure) [DefNew: 623615K->5858K(623616K), 0.0484499 secs] 1627368K->1074217K(2009472K), 0.0486019 secs] [Times: user=0.03 sys=0.00, real=0.05 secs] 
[GC (Allocation Failure) [DefNew: 560226K->69247K(623616K), 0.1397949 secs] 1628585K->1178980K(2009472K), 0.1399360 secs] [Times: user=0.14 sys=0.00, real=0.13 secs] 
[GC (Allocation Failure) [DefNew: 623615K->5917K(623616K), 0.0532777 secs] 1733348K->1180277K(2009472K), 0.0533214 secs] [Times: user=0.05 sys=0.00, real=0.05 secs] 
[GC (Allocation Failure) [DefNew: 560285K->69248K(623616K), 0.1560236 secs] 1734645K->1284800K(2009472K), 0.1560685 secs] [Times: user=0.16 sys=0.00, real=0.15 secs] 
[GC (Allocation Failure) [DefNew: 623616K->5912K(623616K), 0.0521197 secs] 1839168K->1286064K(2009472K), 0.0522660 secs] [Times: user=0.05 sys=0.00, real=0.05 secs] 
[GC (Allocation Failure) [DefNew: 560280K->69247K(623616K), 0.1330609 secs] 1840432K->1390446K(2009472K), 0.1332098 secs] [Times: user=0.13 sys=0.00, real=0.12 secs] 
[Full GC (System.gc()) [Tenured: 1321198K->851205K(1385856K), 2.1047719 secs] 1535783K->851205K(2009472K), [Metaspace: 10571K->10571K(12288K)], 2.1048284 secs] [Times: user=2.11 sys=0.00, real=2.10 secs] 
[Full GC (System.gc()) [Tenured: 851205K->851205K(1385856K), 2.1818496 secs] 851205K->851205K(2009472K), [Metaspace: 10571K->10571K(12288K)], 2.1819657 secs] [Times: user=2.18 sys=0.00, real=2.18 secs] 
[Full GC (System.gc()) [Tenured: 851205K->781837K(1385856K), 2.1544825 secs] 851207K->781837K(2009472K), [Metaspace: 10571K->10571K(12288K)], 2.1545274 secs] [Times: user=2.15 sys=0.00, real=2.15 secs] 

*** PauseDetector detected a 4284 ms pause at Mon Dec 22 03:06:05 EET 2014 ***

[Full GC (System.gc()) [Tenured: 781837K->781838K(1385856K), 2.1549027 secs] 792932K->781838K(2009472K), [Metaspace: 10571K->10571K(12288K)], 2.1550631 secs] [Times: user=2.15 sys=0.00, real=2.15 secs] 
[Full GC (System.gc()) [Tenured: 781838K->781838K(1385856K), 2.0855785 secs] 781840K->781838K(2009472K), [Metaspace: 10571K->10571K(12288K)], 2.0856209 secs] [Times: user=2.09 sys=0.00, real=2.09 secs] 
[Full GC (System.gc()) [Tenured: 781838K->781838K(1385856K), 1.9240952 secs] 781838K->781838K(2009472K), [Metaspace: 10571K->10571K(12288K)], 1.9241587 secs] [Times: user=1.92 sys=0.00, real=1.92 secs] 

*** PauseDetector detected a 4310 ms pause at Mon Dec 22 03:06:10 EET 2014 ***


*** PauseDetector detected a 4020 ms pause at Mon Dec 22 03:06:14 EET 2014 ***

[GC (Allocation Failure) [DefNew: 554368K->69247K(623616K), 0.1283530 secs] 1336206K->891300K(2009472K), 0.1285032 secs] [Times: user=0.13 sys=0.00, real=0.12 secs] 
[GC (Allocation Failure) [DefNew: 623615K->5954K(623616K), 0.0482664 secs] 1445668K->892506K(2009472K), 0.0483087 secs] [Times: user=0.05 sys=0.00, real=0.05 secs] 
[GC (Allocation Failure) [DefNew: 560322K->69247K(623616K), 0.1438182 secs] 1446874K->995860K(2009472K), 0.1439266 secs] [Times: user=0.13 sys=0.00, real=0.14 secs] 
[GC (Allocation Failure) [DefNew: 623615K->5954K(623616K), 0.0461030 secs] 1550228K->997064K(2009472K), 0.0461434 secs] [Times: user=0.03 sys=0.00, real=0.04 secs] 
[GC (Allocation Failure) [DefNew: 560322K->69247K(623616K), 0.1265823 secs] 1551432K->1100284K(2009472K), 0.1266221 secs] [Times: user=0.13 sys=0.00, real=0.13 secs] 
[GC (Allocation Failure) [DefNew: 623615K->5954K(623616K), 0.0409852 secs] 1654652K->1101486K(2009472K), 0.0410506 secs] [Times: user=0.03 sys=0.00, real=0.03 secs] 
[Full GC (System.gc()) [Tenured: 1095531K->780203K(1385856K), 2.2607871 secs] 1312267K->780203K(2009472K), [Metaspace: 10571K->10571K(12288K)], 2.2609507 secs] [Times: user=2.26 sys=0.00, real=2.26 secs] 
[Full GC (System.gc()) [Tenured: 780203K->780204K(1385856K), 1.8764537 secs] 791298K->780204K(2009472K), [Metaspace: 10571K->10571K(12288K)], 1.8765679 secs] [Times: user=1.87 sys=0.00, real=1.88 secs] 
[Full GC (System.gc()) [Tenured: 780204K->780204K(1385856K), 1.9171251 secs] 780204K->780204K(2009472K), [Metaspace: 10571K->10571K(12288K)], 1.9171655 secs] [Times: user=1.92 sys=0.00, real=1.91 secs] 

*** PauseDetector detected a 2260 ms pause at Mon Dec 22 03:06:26 EET 2014 ***


*** PauseDetector detected a 3797 ms pause at Mon Dec 22 03:06:30 EET 2014 ***

********************************
********** ROUND   68 **********
********************************
[GC (Allocation Failure) [DefNew: 554368K->5867K(623616K), 0.0120212 secs] 1334572K->786072K(2009472K), 0.0120655 secs] [Times: user=0.02 sys=0.00, real=0.01 secs] 
[GC (Allocation Failure) [DefNew: 560235K->69248K(623616K), 0.1158314 secs] 1340440K->889080K(2009472K), 0.1158712 secs] [Times: user=0.11 sys=0.00, real=0.11 secs] 
[GC (Allocation Failure) [DefNew: 623616K->5877K(623616K), 0.0458072 secs] 1443448K->890283K(2009472K), 0.0458515 secs] [Times: user=0.05 sys=0.00, real=0.04 secs] 
[GC (Allocation Failure) [DefNew: 560245K->69247K(623616K), 0.1057869 secs] 1444651K->993163K(2009472K), 0.1058292 secs] [Times: user=0.11 sys=0.00, real=0.11 secs] 
[GC (Allocation Failure) [DefNew: 623615K->5887K(623616K), 0.0490421 secs] 1547531K->994388K(2009472K), 0.0490857 secs] [Times: user=0.05 sys=0.00, real=0.05 secs] 
[GC (Allocation Failure) [DefNew: 560255K->69248K(623616K), 0.1085874 secs] 1548756K->1097197K(2009472K), 0.1086502 secs] [Times: user=0.11 sys=0.00, real=0.11 secs] 
[GC (Allocation Failure) [DefNew: 623616K->5887K(623616K), 0.0394447 secs] 1651565K->1098415K(2009472K), 0.0394851 secs] [Times: user=0.03 sys=0.00, real=0.03 secs] 
[GC (Allocation Failure) [DefNew: 560255K->69247K(623616K), 0.0945253 secs] 1652783K->1201123K(2009472K), 0.0945901 secs] [Times: user=0.09 sys=0.00, real=0.09 secs] 
[GC (Allocation Failure) [DefNew: 623615K->5888K(623616K), 0.0475318 secs] 1755491K->1202337K(2009472K), 0.0475729 secs] [Times: user=0.05 sys=0.00, real=0.04 secs] 
[GC (Allocation Failure) [DefNew: 560256K->69248K(623616K), 0.1028908 secs] 1756705K->1304517K(2009472K), 0.1029960 secs] [Times: user=0.11 sys=0.00, real=0.10 secs] 
[GC (Allocation Failure) [DefNew: 623616K->5857K(623616K), 0.0432377 secs] 1858885K->1305661K(2009472K), 0.0433455 secs] [Times: user=0.03 sys=0.00, real=0.04 secs] 
[GC (Allocation Failure) [DefNew: 560225K->69248K(623616K), 0.0994532 secs] 1860029K->1407794K(2009472K), 0.0996040 secs] [Times: user=0.09 sys=0.00, real=0.10 secs] 
[GC (Allocation Failure) [DefNew: 623616K->623616K(623616K), 0.0000212 secs][Tenured: 1338546K->853223K(1385856K), 2.3976045 secs] 1962162K->853223K(2009472K), [Metaspace: 10571K->10571K(12288K)], 2.3977617 secs] [Times: user=2.40 sys=0.00, real=2.39 secs] 

*** PauseDetector detected a 2395 ms pause at Mon Dec 22 03:06:52 EET 2014 ***

[GC (Allocation Failure) [DefNew: 554368K->69248K(623616K), 0.1079824 secs] 1407591K->961147K(2009472K), 0.1080959 secs] [Times: user=0.11 sys=0.00, real=0.11 secs] 
[GC (Allocation Failure) [DefNew: 623616K->5854K(623616K), 0.0427495 secs] 1515515K->962290K(2009472K), 0.0427899 secs] [Times: user=0.03 sys=0.00, real=0.04 secs] 
[GC (Allocation Failure) [DefNew: 560222K->69247K(623616K), 0.1089569 secs] 1516658K->1064296K(2009472K), 0.1089993 secs] [Times: user=0.11 sys=0.00, real=0.10 secs] 
[GC (Allocation Failure) [DefNew: 623615K->5849K(623616K), 0.0428553 secs] 1618664K->1065433K(2009472K), 0.0429009 secs] [Times: user=0.05 sys=0.00, real=0.04 secs] 
[GC (Allocation Failure) [DefNew: 560217K->69247K(623616K), 0.2901155 secs] 1619801K->1192078K(2009472K), 0.2901822 secs] [Times: user=0.28 sys=0.00, real=0.28 secs] 
[GC (Allocation Failure) [DefNew: 623615K->5896K(623616K), 0.1017328 secs] 1746446K->1193738K(2009472K), 0.1017725 secs] [Times: user=0.09 sys=0.00, real=0.10 secs] 
[GC (Allocation Failure) [DefNew: 560264K->69247K(623616K), 0.5172237 secs] 1748106K->1312788K(2009472K), 0.5173379 secs] [Times: user=0.51 sys=0.00, real=0.51 secs] 

*** PauseDetector detected a 518 ms pause at Mon Dec 22 03:07:03 EET 2014 ***

[GC (Allocation Failure) [DefNew: 623615K->5898K(623616K), 0.0915368 secs] 1867156K->1314296K(2009472K), 0.0915811 secs] [Times: user=0.09 sys=0.00, real=0.08 secs] 
[GC (Allocation Failure) [DefNew: 560266K->560266K(623616K), 0.0000821 secs][Tenured: 1308397K->796808K(1385856K), 2.4450125 secs] 1868664K->796808K(2009472K), [Metaspace: 10571K->10571K(12288K)], 2.4451632 secs] [Times: user=2.43 sys=0.00, real=2.44 secs] 

*** PauseDetector detected a 2449 ms pause at Mon Dec 22 03:07:09 EET 2014 ***

[GC (Allocation Failure) [DefNew: 554368K->5883K(623616K), 0.0113893 secs] 1351176K->802692K(2009472K), 0.0114964 secs] [Times: user=0.02 sys=0.00, real=0.01 secs] 
[GC (Allocation Failure) [DefNew: 560251K->69247K(623616K), 0.2732985 secs] 1357060K->915173K(2009472K), 0.2733607 secs] [Times: user=0.27 sys=0.00, real=0.27 secs] 
[GC (Allocation Failure) [DefNew: 623615K->5897K(623616K), 0.0680334 secs] 1469541K->916552K(2009472K), 0.0680905 secs] [Times: user=0.06 sys=0.00, real=0.07 secs] 
[GC (Allocation Failure) [DefNew: 560265K->69247K(623616K), 0.3273000 secs] 1470920K->1027798K(2009472K), 0.3274199 secs] [Times: user=0.33 sys=0.00, real=0.33 secs] 
[GC (Allocation Failure) [DefNew: 623615K->5907K(623616K), 0.0704976 secs] 1582166K->1029172K(2009472K), 0.0705438 secs] [Times: user=0.08 sys=0.00, real=0.07 secs] 
[GC (Allocation Failure) [DefNew: 560275K->69248K(623616K), 0.2138629 secs] 1583540K->1137952K(2009472K), 0.2139669 secs] [Times: user=0.22 sys=0.00, real=0.20 secs] 
[GC (Allocation Failure) [DefNew: 623616K->5853K(623616K), 0.0695757 secs] 1692320K->1139212K(2009472K), 0.0696213 secs] [Times: user=0.08 sys=0.00, real=0.07 secs] 
[GC (Allocation Failure) [DefNew: 560221K->69247K(623616K), 0.2661456 secs] 1693580K->1247341K(2009472K), 0.2662508 secs] [Times: user=0.27 sys=0.00, real=0.26 secs] 
[GC (Allocation Failure) [DefNew: 623615K->5877K(623616K), 0.0589660 secs] 1801709K->1248610K(2009472K), 0.0590077 secs] [Times: user=0.06 sys=0.00, real=0.05 secs] 
[GC (Allocation Failure) [DefNew: 560245K->69247K(623616K), 0.2468239 secs] 1802978K->1356124K(2009472K), 0.2469734 secs] [Times: user=0.25 sys=0.00, real=0.25 secs] 
[GC (Allocation Failure) [DefNew: 623615K->5902K(623616K), 0.0525168 secs] 1910492K->1357423K(2009472K), 0.0525611 secs] [Times: user=0.05 sys=0.00, real=0.05 secs] 
[GC (Allocation Failure) [DefNew: 560270K->560270K(623616K), 0.0000635 secs][Tenured: 1351521K->857006K(1385856K), 2.4343341 secs] 1911791K->857006K(2009472K), [Metaspace: 10571K->10571K(12288K)], 2.4346305 secs] [Times: user=2.43 sys=0.00, real=2.43 secs] 

*** PauseDetector detected a 2431 ms pause at Mon Dec 22 03:07:32 EET 2014 ***

[GC (Allocation Failure) [DefNew: 554368K->5904K(623616K), 0.0126288 secs] 1411374K->862911K(2009472K), 0.0126711 secs] [Times: user=0.00 sys=0.00, real=0.01 secs] 
[GC (Allocation Failure) [DefNew: 560272K->69248K(623616K), 0.1807602 secs] 1417279K->968478K(2009472K), 0.1808044 secs] [Times: user=0.17 sys=0.00, real=0.17 secs] 
[GC (Allocation Failure) [DefNew: 623616K->5896K(623616K), 0.0593830 secs] 1522846K->969759K(2009472K), 0.0594279 secs] [Times: user=0.06 sys=0.00, real=0.06 secs] 
[GC (Allocation Failure) [DefNew: 560264K->69248K(623616K), 0.1486339 secs] 1524127K->1075017K(2009472K), 0.1486769 secs] [Times: user=0.14 sys=0.00, real=0.15 secs] 
[GC (Allocation Failure) [DefNew: 623616K->5883K(623616K), 0.0457610 secs] 1629385K->1076280K(2009472K), 0.0458547 secs] [Times: user=0.05 sys=0.00, real=0.05 secs] 
[GC (Allocation Failure) [DefNew: 560251K->69247K(623616K), 0.1690148 secs] 1630648K->1181283K(2009472K), 0.1691541 secs] [Times: user=0.16 sys=0.00, real=0.17 secs] 
[GC (Allocation Failure) [DefNew: 623615K->5895K(623616K), 0.0535697 secs] 1735651K->1182532K(2009472K), 0.0536133 secs] [Times: user=0.05 sys=0.00, real=0.05 secs] 
[GC (Allocation Failure) [DefNew: 560263K->69247K(623616K), 0.1504476 secs] 1736900K->1287310K(2009472K), 0.1505124 secs] [Times: user=0.14 sys=0.00, real=0.14 secs] 
[GC (Allocation Failure) [DefNew: 623615K->5908K(623616K), 0.0486084 secs] 1841678K->1288546K(2009472K), 0.0487277 secs] [Times: user=0.05 sys=0.00, real=0.05 secs] 
[GC (Allocation Failure) [DefNew: 560276K->69247K(623616K), 0.1547885 secs] 1842914K->1393104K(2009472K), 0.1549322 secs] [Times: user=0.16 sys=0.00, real=0.15 secs] 
[GC (Allocation Failure) [DefNew: 623615K->623615K(623616K), 0.0000192 secs][Tenured: 1323856K->855748K(1385856K), 2.3966306 secs] 1947472K->855748K(2009472K), [Metaspace: 10571K->10571K(12288K)], 2.3967345 secs] [Times: user=2.39 sys=0.00, real=2.39 secs] 

*** PauseDetector detected a 2389 ms pause at Mon Dec 22 03:07:51 EET 2014 ***

[GC (Allocation Failure) [DefNew: 554368K->69247K(623616K), 0.1282921 secs] 1410116K->966030K(2009472K), 0.1284409 secs] [Times: user=0.13 sys=0.00, real=0.12 secs] 
[GC (Allocation Failure) [DefNew: 623615K->5908K(623616K), 0.0414131 secs] 1520398K->967264K(2009472K), 0.0415632 secs] [Times: user=0.03 sys=0.00, real=0.03 secs] 
[GC (Allocation Failure) [DefNew: 560276K->69248K(623616K), 0.1686722 secs] 1521632K->1070776K(2009472K), 0.1687139 secs] [Times: user=0.17 sys=0.00, real=0.17 secs] 
[GC (Allocation Failure) [DefNew: 623616K->5910K(623616K), 0.0489189 secs] 1625144K->1071979K(2009472K), 0.0490850 secs] [Times: user=0.05 sys=0.00, real=0.05 secs] 
[GC (Allocation Failure) [DefNew: 560278K->69248K(623616K), 0.1218186 secs] 1626347K->1175315K(2009472K), 0.1218616 secs] [Times: user=0.11 sys=0.00, real=0.12 secs] 
[GC (Allocation Failure) [DefNew: 623616K->5862K(623616K), 0.0460947 secs] 1729683K->1176490K(2009472K), 0.0462409 secs] [Times: user=0.05 sys=0.00, real=0.05 secs] 
[GC (Allocation Failure) [DefNew: 560230K->69248K(623616K), 0.1485389 secs] 1730858K->1279704K(2009472K), 0.1485992 secs] [Times: user=0.16 sys=0.00, real=0.14 secs] 
[GC (Allocation Failure) [DefNew: 623616K->5912K(623616K), 0.0454082 secs] 1834072K->1280962K(2009472K), 0.0455589 secs] [Times: user=0.05 sys=0.00, real=0.05 secs] 
[GC (Allocation Failure) [DefNew: 560280K->69247K(623616K), 0.1180397 secs] 1835330K->1384017K(2009472K), 0.1181462 secs] [Times: user=0.11 sys=0.00, real=0.11 secs] 
[GC (Allocation Failure) [DefNew: 623615K->623615K(623616K), 0.0000212 secs][Tenured: 1314769K->854280K(1385856K), 2.4486483 secs] 1938385K->854280K(2009472K), [Metaspace: 10571K->10571K(12288K)], 2.4487445 secs] [Times: user=2.45 sys=0.00, real=2.45 secs] 

*** PauseDetector detected a 2451 ms pause at Mon Dec 22 03:08:09 EET 2014 ***

[GC (Allocation Failure) [DefNew: 554368K->69248K(623616K), 0.1150455 secs] 1408648K->963155K(2009472K), 0.1151128 secs] [Times: user=0.11 sys=0.00, real=0.11 secs] 
[GC (Allocation Failure) [DefNew: 623616K->5887K(623616K), 0.0457405 secs] 1517523K->964362K(2009472K), 0.0458906 secs] [Times: user=0.05 sys=0.00, real=0.04 secs] 
[GC (Allocation Failure) [DefNew: 560255K->69248K(623616K), 0.0956859 secs] 1518730K->1067265K(2009472K), 0.0957494 secs] [Times: user=0.09 sys=0.00, real=0.10 secs] 
[GC (Allocation Failure) [DefNew: 623616K->5858K(623616K), 0.0495258 secs] 1621633K->1068428K(2009472K), 0.0495759 secs] [Times: user=0.05 sys=0.00, real=0.04 secs] 
[GC (Allocation Failure) [DefNew: 560226K->69248K(623616K), 0.1022403 secs] 1622796K->1171260K(2009472K), 0.1022839 secs] [Times: user=0.09 sys=0.00, real=0.10 secs] 
[GC (Allocation Failure) [DefNew: 623616K->5913K(623616K), 0.0416877 secs] 1725628K->1172486K(2009472K), 0.0418372 secs] [Times: user=0.05 sys=0.00, real=0.04 secs] 
[GC (Allocation Failure) [DefNew: 560281K->69248K(623616K), 0.0994160 secs] 1726854K->1275227K(2009472K), 0.0995238 secs] [Times: user=0.09 sys=0.00, real=0.09 secs] 
[GC (Allocation Failure) [DefNew: 623616K->5917K(623616K), 0.0503740 secs] 1829595K->1276433K(2009472K), 0.0504170 secs] [Times: user=0.05 sys=0.00, real=0.05 secs] 
[GC (Allocation Failure) [DefNew: 560285K->69248K(623616K), 0.1248532 secs] 1830801K->1378591K(2009472K), 0.1248994 secs] [Times: user=0.13 sys=0.00, real=0.12 secs] 
[GC (Allocation Failure) [DefNew: 623616K->623616K(623616K), 0.0000346 secs][Tenured: 1309343K->784052K(1385856K), 2.1170247 secs] 1932959K->784052K(2009472K), [Metaspace: 10571K->10571K(12288K)], 2.1171883 secs] [Times: user=2.11 sys=0.00, real=2.12 secs] 

*** PauseDetector detected a 2122 ms pause at Mon Dec 22 03:08:27 EET 2014 ***

[GC (Allocation Failure) [DefNew: 554368K->69248K(623616K), 0.1114629 secs] 1338420K->892015K(2009472K), 0.1115046 secs] [Times: user=0.09 sys=0.00, real=0.11 secs] 
[GC (Allocation Failure) [DefNew: 623616K->5918K(623616K), 0.0432230 secs] 1446383K->893255K(2009472K), 0.0433282 secs] [Times: user=0.05 sys=0.00, real=0.04 secs] 
[GC (Allocation Failure) [DefNew: 560286K->69247K(623616K), 0.0992633 secs] 1447623K->995238K(2009472K), 0.0993057 secs] [Times: user=0.09 sys=0.00, real=0.10 secs] 
[GC (Allocation Failure) [DefNew: 623615K->5915K(623616K), 0.0391002 secs] 1549606K->996464K(2009472K), 0.0391618 secs] [Times: user=0.05 sys=0.00, real=0.04 secs] 
[GC (Allocation Failure) [DefNew: 560283K->69248K(623616K), 0.1142955 secs] 1550832K->1098433K(2009472K), 0.1144007 secs] [Times: user=0.11 sys=0.00, real=0.11 secs] 
[GC (Allocation Failure) [DefNew: 623616K->5893K(623616K), 0.0391098 secs] 1652801K->1099590K(2009472K), 0.0392516 secs] [Times: user=0.05 sys=0.00, real=0.04 secs] 
[GC (Allocation Failure) [DefNew: 560261K->69248K(623616K), 0.2924617 secs] 1653958K->1226164K(2009472K), 0.2926067 secs] [Times: user=0.28 sys=0.00, real=0.29 secs] 
[GC (Allocation Failure) [DefNew: 623616K->5918K(623616K), 0.0958020 secs] 1780532K->1227873K(2009472K), 0.0959522 secs] [Times: user=0.09 sys=0.00, real=0.09 secs] 
[GC (Allocation Failure) [DefNew: 560286K->69247K(623616K), 0.4988529 secs] 1782241K->1346896K(2009472K), 0.4988965 secs] [Times: user=0.50 sys=0.00, real=0.50 secs] 

*** PauseDetector detected a 497 ms pause at Mon Dec 22 03:08:42 EET 2014 ***

[GC (Allocation Failure) [DefNew: 623615K->5849K(623616K), 0.0933551 secs] 1901264K->1348360K(2009472K), 0.0934622 secs] [Times: user=0.09 sys=0.00, real=0.09 secs] 
[GC (Allocation Failure) [DefNew: 560217K->560217K(623616K), 0.0000199 secs][Tenured: 1342511K->866104K(1385856K), 2.5082827 secs] 1902728K->866104K(2009472K), [Metaspace: 10571K->10571K(12288K)]
*** PauseDetector detected a 2507 ms pause at Mon Dec 22 03:08:47 EET 2014 ***

, 2.5083668 secs] [Times: user=2.50 sys=0.00, real=2.51 secs] 
[GC (Allocation Failure) [DefNew: 554368K->5920K(623616K), 0.0117569 secs] 1420472K->872025K(2009472K), 0.0117928 secs] [Times: user=0.02 sys=0.00, real=0.01 secs] 
[GC (Allocation Failure) [DefNew: 560288K->69248K(623616K), 0.3010710 secs] 1426393K->984482K(2009472K), 0.3011147 secs] [Times: user=0.30 sys=0.00, real=0.30 secs] 
[GC (Allocation Failure) [DefNew: 623616K->5912K(623616K), 0.0687064 secs] 1538850K->985875K(2009472K), 0.0687494 secs] [Times: user=0.08 sys=0.00, real=0.07 secs] 
[GC (Allocation Failure) [DefNew: 560280K->69248K(623616K), 0.3242878 secs] 1540243K->1097129K(2009472K), 0.3243596 secs] [Times: user=0.31 sys=0.00, real=0.32 secs] 
[GC (Allocation Failure) [DefNew: 623616K->5869K(623616K), 0.0658462 secs] 1651497K->1098442K(2009472K), 0.0658866 secs] [Times: user=0.06 sys=0.00, real=0.07 secs] 
[GC (Allocation Failure) [DefNew: 560237K->69248K(623616K), 0.2333277 secs] 1652810K->1207280K(2009472K), 0.2333707 secs] [Times: user=0.23 sys=0.00, real=0.23 secs] 
[GC (Allocation Failure) [DefNew: 623616K->5918K(623616K), 0.0587363 secs] 1761648K->1208585K(2009472K), 0.0587799 secs] [Times: user=0.05 sys=0.00, real=0.05 secs] 
[GC (Allocation Failure) [DefNew: 560286K->69248K(623616K), 0.2890530 secs] 1762953K->1316596K(2009472K), 0.2890973 secs] [Times: user=0.30 sys=0.00, real=0.29 secs] 
[Full GC (System.gc()) [Tenured: 1247348K->856274K(1385856K), 2.2669969 secs] 1595747K->856274K(2009472K), [Metaspace: 10571K->10571K(12288K)], 2.2670508 secs] [Times: user=2.26 sys=0.00, real=2.26 secs] 
[Full GC (System.gc()) [Tenured: 856274K->856196K(1385856K), 1.9628528 secs] 867342K->856196K(2009472K), [Metaspace: 10571K->10571K(12288K)], 1.9629041 secs] [Times: user=1.97 sys=0.00, real=1.97 secs] 
[Full GC (System.gc()) [Tenured: 856196K->786904K(1385856K), 2.3151684 secs] 856196K->786904K(2009472K), [Metaspace: 10571K->10571K(12288K)], 2.3152114 secs] [Times: user=2.31 sys=0.00, real=2.31 secs] 

*** PauseDetector detected a 2266 ms pause at Mon Dec 22 03:09:04 EET 2014 ***

[Full GC (System.gc()) [Tenured: 786904K->786905K(1385856K), 1.9186309 secs] 797972K->786905K(2009472K), [Metaspace: 10571K->10571K(12288K)], 1.9187502 secs] [Times: user=1.92 sys=0.00, real=1.92 secs] 
[Full GC (System.gc()) [Tenured: 786905K->786905K(1385856K), 1.8895335 secs] 797973K->786905K(2009472K), [Metaspace: 10571K->10571K(12288K)], 1.8896874 secs] [Times: user=1.89 sys=0.00, real=1.89 secs] 
[Full GC (System.gc()) [Tenured: 786905K->786905K(1385856K), 2.1940639 secs] 786905K->786905K(2009472K), [Metaspace: 10571K->10571K(12288K)], 2.1941056 secs] [Times: user=2.20 sys=0.00, real=2.19 secs] 

*** PauseDetector detected a 6200 ms pause at Mon Dec 22 03:09:10 EET 2014 ***


*** PauseDetector detected a 4093 ms pause at Mon Dec 22 03:09:14 EET 2014 ***

[GC (Allocation Failure) [DefNew: 554368K->69248K(623616K), 0.1912987 secs] 1341273K->900362K(2009472K), 0.1913442 secs] [Times: user=0.19 sys=0.00, real=0.19 secs] 
[GC (Allocation Failure) [DefNew: 623616K->5954K(623616K), 0.0723383 secs] 1454730K->901647K(2009472K), 0.0724519 secs] [Times: user=0.06 sys=0.00, real=0.07 secs] 
[GC (Allocation Failure) [DefNew: 560322K->69248K(623616K), 0.1965423 secs] 1456015K->1008696K(2009472K), 0.1966905 secs] [Times: user=0.19 sys=0.00, real=0.19 secs] 
[GC (Allocation Failure) [DefNew: 623616K->5954K(623616K), 0.0564093 secs] 1563064K->1009978K(2009472K), 0.0564497 secs] [Times: user=0.06 sys=0.00, real=0.05 secs] 
[GC (Allocation Failure) [DefNew: 560322K->69248K(623616K), 0.1868397 secs] 1564346K->1115591K(2009472K), 0.1869135 secs] [Times: user=0.19 sys=0.00, real=0.18 secs] 
[GC (Allocation Failure) [DefNew: 623616K->5954K(623616K), 0.0691734 secs] 1669959K->1116835K(2009472K), 0.0692203 secs] [Times: user=0.06 sys=0.00, real=0.07 secs] 
[Full GC (System.gc()) [Tenured: 1110880K->704680K(1385856K), 2.0639164 secs] 1150267K->704680K(2009472K), [Metaspace: 10571K->10571K(12288K)], 2.0639728 secs] [Times: user=2.06 sys=0.00, real=2.06 secs] 
[Full GC (System.gc()) [Tenured: 704680K->704696K(1385856K), 2.0296678 secs] 715824K->704696K(2009472K), [Metaspace: 10571K->10571K(12288K)], 2.0297120 secs] [Times: user=2.03 sys=0.00, real=2.03 secs] 
[Full GC (System.gc()) [Tenured: 704696K->704703K(1385856K), 1.8526916 secs] 715842K->704703K(2009472K), [Metaspace: 10571K->10571K(12288K)], 1.8527301 secs] [Times: user=1.86 sys=0.00, real=1.85 secs] 

*** PauseDetector detected a 4090 ms pause at Mon Dec 22 03:09:28 EET 2014 ***

********************************
********** ROUND   69 **********
********************************

*** PauseDetector detected a 1864 ms pause at Mon Dec 22 03:09:30 EET 2014 ***

[GC (Allocation Failure) [DefNew: 554368K->69248K(623616K), 0.0747943 secs] 1259071K->787024K(2009472K), 0.0748379 secs] [Times: user=0.08 sys=0.00, real=0.07 secs] 
[GC (Allocation Failure) [DefNew: 623616K->5882K(623616K), 0.0609959 secs] 1341392K->787948K(2009472K), 0.0610735 secs] [Times: user=0.05 sys=0.00, real=0.05 secs] 
[GC (Allocation Failure) [DefNew: 560250K->69247K(623616K), 0.1353616 secs] 1342316K->892953K(2009472K), 0.1354245 secs] [Times: user=0.13 sys=0.00, real=0.13 secs] 
[GC (Allocation Failure) [DefNew: 623615K->5883K(623616K), 0.0472424 secs] 1447321K->894189K(2009472K), 0.0472854 secs] [Times: user=0.03 sys=0.00, real=0.04 secs] 
[GC (Allocation Failure) [DefNew: 560251K->69248K(623616K), 0.1488334 secs] 1448557K->998948K(2009472K), 0.1488738 secs] [Times: user=0.14 sys=0.00, real=0.14 secs] 
[GC (Allocation Failure) [DefNew: 623616K->5884K(623616K), 0.0540797 secs] 1553316K->1000191K(2009472K), 0.0541233 secs] [Times: user=0.06 sys=0.00, real=0.05 secs] 
[GC (Allocation Failure) [DefNew: 560252K->69248K(623616K), 0.1582312 secs] 1554559K->1104755K(2009472K), 0.1582755 secs] [Times: user=0.16 sys=0.00, real=0.16 secs] 
[GC (Allocation Failure) [DefNew: 623616K->5883K(623616K), 0.0491588 secs] 1659123K->1105981K(2009472K), 0.0493090 secs] [Times: user=0.05 sys=0.00, real=0.04 secs] 
[GC (Allocation Failure) [DefNew: 560251K->69247K(623616K), 0.1500274 secs] 1660349K->1210358K(2009472K), 0.1500717 secs] [Times: user=0.16 sys=0.00, real=0.14 secs] 
[GC (Allocation Failure) [DefNew: 623615K->5887K(623616K), 0.0482106 secs] 1764726K->1211593K(2009472K), 0.0483800 secs] [Times: user=0.05 sys=0.00, real=0.04 secs] 
[GC (Allocation Failure) [DefNew: 560255K->69248K(623616K), 0.1240526 secs] 1765961K->1315108K(2009472K), 0.1241648 secs] [Times: user=0.12 sys=0.00, real=0.12 secs] 
[GC (Allocation Failure) [DefNew: 623616K->5889K(623616K), 0.0434738 secs] 1869476K->1316308K(2009472K), 0.0436195 secs] [Times: user=0.05 sys=0.00, real=0.04 secs] 
[GC (Allocation Failure) [DefNew: 560257K->560257K(623616K), 0.0000828 secs][Tenured: 1310419K->853355K(1385856K), 2.2176585 secs] 1870676K->853355K(2009472K), [Metaspace: 10571K->10571K(12288K)], 2.2178112 secs] [Times: user=2.22 sys=0.00, real=2.21 secs] 

*** PauseDetector detected a 2219 ms pause at Mon Dec 22 03:09:53 EET 2014 ***

[GC (Allocation Failure) [DefNew: 554368K->5899K(623616K), 0.0125544 secs] 1407723K->859254K(2009472K), 0.0125973 secs] [Times: user=0.02 sys=0.00, real=0.01 secs] 
[GC (Allocation Failure) [DefNew: 560267K->69248K(623616K), 0.1067383 secs] 1413622K->962450K(2009472K), 0.1068795 secs] [Times: user=0.11 sys=0.00, real=0.10 secs] 
[GC (Allocation Failure) [DefNew: 623616K->5897K(623616K), 0.0521608 secs] 1516818K->963675K(2009472K), 0.0522050 secs] [Times: user=0.05 sys=0.00, real=0.05 secs] 
[GC (Allocation Failure) [DefNew: 560265K->69247K(623616K), 0.1262628 secs] 1518043K->1066767K(2009472K), 0.1263045 secs] [Times: user=0.13 sys=0.00, real=0.13 secs] 
[GC (Allocation Failure) [DefNew: 623615K->5878K(623616K), 0.0506665 secs] 1621135K->1067958K(2009472K), 0.0507121 secs] [Times: user=0.05 sys=0.00, real=0.05 secs] 
[GC (Allocation Failure) [DefNew: 560246K->69247K(623616K), 0.1030480 secs] 1622326K->1170956K(2009472K), 0.1030897 secs] [Times: user=0.11 sys=0.00, real=0.10 secs] 
[GC (Allocation Failure) [DefNew: 623615K->5898K(623616K), 0.0467298 secs] 1725324K->1172171K(2009472K), 0.0467747 secs] [Times: user=0.05 sys=0.00, real=0.04 secs] 
[GC (Allocation Failure) [DefNew: 560266K->69248K(623616K), 0.1078784 secs] 1726539K->1275063K(2009472K), 0.1079233 secs] [Times: user=0.11 sys=0.00, real=0.11 secs] 
[GC (Allocation Failure) [DefNew: 623616K->5906K(623616K), 0.0542934 secs] 1829431K->1276275K(2009472K), 0.0543440 secs] [Times: user=0.05 sys=0.00, real=0.05 secs] 
[GC (Allocation Failure) [DefNew: 560274K->69247K(623616K), 0.1010065 secs] 1830643K->1379055K(2009472K), 0.1010707 secs] [Times: user=0.09 sys=0.00, real=0.09 secs] 
[GC (Allocation Failure) [DefNew: 623615K->623615K(623616K), 0.0000821 secs][Tenured: 1309807K->784687K(1385856K), 2.1579958 secs] 1933423K->784687K(2009472K), [Metaspace: 10571K->10571K(12288K)], 2.1581465 secs] [Times: user=2.15 sys=0.00, real=2.15 secs] 

*** PauseDetector detected a 2157 ms pause at Mon Dec 22 03:10:11 EET 2014 ***

[GC (Allocation Failure) [DefNew: 554368K->69247K(623616K), 0.1249463 secs] 1339055K->893336K(2009472K), 0.1250893 secs] [Times: user=0.13 sys=0.00, real=0.12 secs] 
[GC (Allocation Failure) [DefNew: 623615K->5870K(623616K), 0.0394236 secs] 1447704K->894501K(2009472K), 0.0394877 secs] [Times: user=0.03 sys=0.00, real=0.04 secs] 
[GC (Allocation Failure) [DefNew: 560238K->69247K(623616K), 0.1086490 secs] 1448869K->996694K(2009472K), 0.1086913 secs] [Times: user=0.09 sys=0.00, real=0.11 secs] 
[GC (Allocation Failure) [DefNew: 623615K->5900K(623616K), 0.0395756 secs] 1551062K->997887K(2009472K), 0.0397245 secs] [Times: user=0.03 sys=0.00, real=0.04 secs] 
[GC (Allocation Failure) [DefNew: 560268K->69248K(623616K), 0.1229773 secs] 1552255K->1099995K(2009472K), 0.1230607 secs] [Times: user=0.13 sys=0.00, real=0.12 secs] 
[GC (Allocation Failure) [DefNew: 623616K->5882K(623616K), 0.0466105 secs] 1654363K->1101154K(2009472K), 0.0467555 secs] [Times: user=0.05 sys=0.00, real=0.04 secs] 
[GC (Allocation Failure) [DefNew: 560250K->69248K(623616K), 0.1037197 secs] 1655522K->1203202K(2009472K), 0.1038654 secs] [Times: user=0.11 sys=0.00, real=0.10 secs] 
[GC (Allocation Failure) [DefNew: 623616K->5901K(623616K), 0.0433429 secs] 1757570K->1204385K(2009472K), 0.0434552 secs] [Times: user=0.05 sys=0.00, real=0.04 secs] 
[GC (Allocation Failure) [DefNew: 560269K->69248K(623616K), 0.1157647 secs] 1758753K->1306358K(2009472K), 0.1158346 secs] [Times: user=0.11 sys=0.00, real=0.12 secs] 
[GC (Allocation Failure) [DefNew: 623616K->5887K(623616K), 0.0423459 secs] 1860726K->1307518K(2009472K), 0.0424973 secs] [Times: user=0.03 sys=0.00, real=0.04 secs] 
[GC (Allocation Failure) [DefNew: 560255K->560255K(623616K), 0.0000192 secs][Tenured: 1301631K->875387K(1385856K), 2.3074015 secs] 1861886K->875387K(2009472K), [Metaspace: 10571K->10571K(12288K)]
*** PauseDetector detected a 2312 ms pause at Mon Dec 22 03:10:31 EET 2014 ***

, 2.3074951 secs] [Times: user=2.31 sys=0.00, real=2.31 secs] 
[GC (Allocation Failure) [DefNew: 554368K->5912K(623616K), 0.0158418 secs] 1429755K->881299K(2009472K), 0.0158893 secs] [Times: user=0.02 sys=0.00, real=0.01 secs] 
[GC (Allocation Failure) [DefNew: 560280K->69248K(623616K), 0.4397766 secs] 1435667K->1000336K(2009472K), 0.4399203 secs] [Times: user=0.44 sys=0.00, real=0.43 secs] 

*** PauseDetector detected a 437 ms pause at Mon Dec 22 03:10:34 EET 2014 ***

[GC (Allocation Failure) [DefNew: 623616K->5904K(623616K), 0.0866602 secs] 1554704K->1001848K(2009472K), 0.0867032 secs] [Times: user=0.09 sys=0.00, real=0.09 secs] 
[GC (Allocation Failure) [DefNew: 560272K->69248K(623616K), 0.4448835 secs] 1556216K->1118358K(2009472K), 0.4449290 secs] [Times: user=0.45 sys=0.00, real=0.44 secs] 

*** PauseDetector detected a 443 ms pause at Mon Dec 22 03:10:38 EET 2014 ***

[GC (Allocation Failure) [DefNew: 623616K->5908K(623616K), 0.0703834 secs] 1672726K->1119835K(2009472K), 0.0705297 secs] [Times: user=0.06 sys=0.00, real=0.06 secs] 
[GC (Allocation Failure) [DefNew: 560276K->69248K(623616K), 0.3212877 secs] 1674203K->1232275K(2009472K), 0.3213936 secs] [Times: user=0.31 sys=0.00, real=0.32 secs] 
[GC (Allocation Failure) [DefNew: 623616K->5907K(623616K), 0.0618094 secs] 1786643K->1233682K(2009472K), 0.0618736 secs] [Times: user=0.06 sys=0.00, real=0.06 secs] 
[GC (Allocation Failure) [DefNew: 560275K->69247K(623616K), 0.3492123 secs] 1788050K->1344930K(2009472K), 0.3492521 secs] [Times: user=0.36 sys=0.00, real=0.35 secs] 
[GC (Allocation Failure) [DefNew: 623615K->5905K(623616K), 0.0626191 secs] 1899298K->1346289K(2009472K), 0.0626813 secs] [Times: user=0.06 sys=0.00, real=0.06 secs] 
[GC (Allocation Failure) [DefNew: 560273K->560273K(623616K), 0.0000192 secs][Tenured: 1340383K->858660K(1385856K), 2.4796351 secs] 1900657K->858660K(2009472K), [Metaspace: 10571K->10571K(12288K)], 2.4797166 secs] [Times: user=2.48 sys=0.00, real=2.47 secs] 

*** PauseDetector detected a 2477 ms pause at Mon Dec 22 03:10:51 EET 2014 ***

[GC (Allocation Failure) [DefNew: 554368K->5896K(623616K), 0.0124440 secs] 1413028K->864556K(2009472K), 0.0124889 secs] [Times: user=0.01 sys=0.00, real=0.01 secs] 
[GC (Allocation Failure) [DefNew: 560264K->69247K(623616K), 0.2438162 secs] 1418924K->972647K(2009472K), 0.2438553 secs] [Times: user=0.23 sys=0.00, real=0.24 secs] 
[GC (Allocation Failure) [DefNew: 623615K->5906K(623616K), 0.0542857 secs] 1527015K->973941K(2009472K), 0.0543370 secs] [Times: user=0.06 sys=0.00, real=0.05 secs] 
[GC (Allocation Failure) [DefNew: 560274K->69248K(623616K), 0.2256063 secs] 1528309K->1081444K(2009472K), 0.2256480 secs] [Times: user=0.22 sys=0.00, real=0.22 secs] 
[GC (Allocation Failure) [DefNew: 623616K->5914K(623616K), 0.0533239 secs] 1635812K->1082736K(2009472K), 0.0533663 secs] [Times: user=0.05 sys=0.00, real=0.05 secs] 
[GC (Allocation Failure) [DefNew: 560282K->69248K(623616K), 0.1859672 secs] 1637104K->1189780K(2009472K), 0.1860602 secs] [Times: user=0.17 sys=0.00, real=0.18 secs] 
[GC (Allocation Failure) [DefNew: 623616K->5910K(623616K), 0.0536800 secs] 1744148K->1191064K(2009472K), 0.0538301 secs] [Times: user=0.05 sys=0.00, real=0.05 secs] 
[GC (Allocation Failure) [DefNew: 560278K->69247K(623616K), 0.2067523 secs] 1745432K->1296674K(2009472K), 0.2067966 secs] [Times: user=0.20 sys=0.00, real=0.20 secs] 
[GC (Allocation Failure) [DefNew: 623615K->5891K(623616K), 0.0466291 secs] 1851042K->1297900K(2009472K), 0.0467773 secs] [Times: user=0.03 sys=0.00, real=0.04 secs] 
[GC (Allocation Failure) [DefNew: 560259K->69247K(623616K), 0.1800692 secs] 1852268K->1403213K(2009472K), 0.1801731 secs] [Times: user=0.17 sys=0.00, real=0.17 secs] 
[GC (Allocation Failure) [DefNew: 623615K->623615K(623616K), 0.0000218 secs][Tenured: 1333965K->856443K(1385856K), 2.4859213 secs] 1957581K->856443K(2009472K), [Metaspace: 10571K->10571K(12288K)], 2.4860188 secs] [Times: user=2.48 sys=0.00, real=2.48 secs] 

*** PauseDetector detected a 2487 ms pause at Mon Dec 22 03:11:11 EET 2014 ***

[GC (Allocation Failure) [DefNew: 554368K->69247K(623616K), 0.1520355 secs] 1410811K->967357K(2009472K), 0.1521029 secs] [Times: user=0.14 sys=0.00, real=0.15 secs] 
[GC (Allocation Failure) [DefNew: 623615K->5886K(623616K), 0.0439249 secs] 1521725K->968569K(2009472K), 0.0439717 secs] [Times: user=0.03 sys=0.00, real=0.04 secs] 
[GC (Allocation Failure) [DefNew: 560254K->69248K(623616K), 0.1391950 secs] 1522937K->1073360K(2009472K), 0.1393368 secs] [Times: user=0.13 sys=0.00, real=0.14 secs] 
[GC (Allocation Failure) [DefNew: 623616K->5918K(623616K), 0.0529351 secs] 1627728K->1074602K(2009472K), 0.0529788 secs] [Times: user=0.05 sys=0.00, real=0.05 secs] 
[GC (Allocation Failure) [DefNew: 560286K->69247K(623616K), 0.1515813 secs] 1628970K->1179140K(2009472K), 0.1516243 secs] [Times: user=0.14 sys=0.00, real=0.15 secs] 
[GC (Allocation Failure) [DefNew: 623615K->5913K(623616K), 0.0436984 secs] 1733508K->1180389K(2009472K), 0.0438312 secs] [Times: user=0.03 sys=0.00, real=0.04 secs] 
[GC (Allocation Failure) [DefNew: 560281K->69247K(623616K), 0.1502802 secs] 1734757K->1284762K(2009472K), 0.1503244 secs] [Times: user=0.14 sys=0.00, real=0.14 secs] 
[GC (Allocation Failure) [DefNew: 623615K->5916K(623616K), 0.0499499 secs] 1839130K->1285999K(2009472K), 0.0499922 secs] [Times: user=0.05 sys=0.00, real=0.05 secs] 
[GC (Allocation Failure) [DefNew: 560284K->69248K(623616K), 0.1356112 secs] 1840367K->1389503K(2009472K), 0.1357600 secs] [Times: user=0.13 sys=0.00, real=0.13 secs] 
[GC (Allocation Failure) [DefNew: 623616K->623616K(623616K), 0.0000853 secs][Tenured: 1320255K->785392K(1385856K), 2.1922482 secs] 1943871K->785392K(2009472K), [Metaspace: 10571K->10571K(12288K)], 2.1925074 secs] [Times: user=2.18 sys=0.00, real=2.19 secs] 

*** PauseDetector detected a 2191 ms pause at Mon Dec 22 03:11:29 EET 2014 ***

[GC (Allocation Failure) [DefNew: 554368K->69247K(623616K), 0.1378824 secs] 1339760K->894665K(2009472K), 0.1379260 secs] [Times: user=0.14 sys=0.00, real=0.13 secs] 
[GC (Allocation Failure) [DefNew: 623615K->5916K(623616K), 0.0521203 secs] 1449033K->895871K(2009472K), 0.0521672 secs] [Times: user=0.05 sys=0.00, real=0.04 secs] 
[GC (Allocation Failure) [DefNew: 560284K->69247K(623616K), 0.1162459 secs] 1450239K->999088K(2009472K), 0.1163126 secs] [Times: user=0.11 sys=0.00, real=0.11 secs] 
[GC (Allocation Failure) [DefNew: 623615K->5871K(623616K), 0.0399875 secs] 1553456K->1000249K(2009472K), 0.0400523 secs] [Times: user=0.05 sys=0.00, real=0.03 secs] 
[GC (Allocation Failure) [DefNew: 560239K->69248K(623616K), 0.1355528 secs] 1554617K->1103397K(2009472K), 0.1355951 secs] [Times: user=0.14 sys=0.00, real=0.13 secs] 
[GC (Allocation Failure) [DefNew: 623616K->5918K(623616K), 0.0474016 secs] 1657765K->1104599K(2009472K), 0.0474465 secs] [Times: user=0.05 sys=0.00, real=0.05 secs] 
[GC (Allocation Failure) [DefNew: 560286K->69248K(623616K), 0.1180371 secs] 1658967K->1207587K(2009472K), 0.1181449 secs] [Times: user=0.13 sys=0.00, real=0.12 secs] 
[GC (Allocation Failure) [DefNew: 623616K->5881K(623616K), 0.0452503 secs] 1761955K->1208755K(2009472K), 0.0454011 secs] [Times: user=0.03 sys=0.00, real=0.04 secs] 
[GC (Allocation Failure) [DefNew: 560249K->69248K(623616K), 0.1266933 secs] 1763123K->1311688K(2009472K), 0.1267363 secs] [Times: user=0.13 sys=0.00, real=0.12 secs] 
[GC (Allocation Failure) [DefNew: 623616K->5919K(623616K), 0.0456347 secs] 1866056K->1312889K(2009472K), 0.0456776 secs] [Times: user=0.03 sys=0.00, real=0.04 secs] 
[GC (Allocation Failure) [DefNew: 560287K->560287K(623616K), 0.0000199 secs][Tenured: 1306969K->852804K(1385856K), 2.1282908 secs] 1867257K->852804K(2009472K), [Metaspace: 10571K->10571K(12288K)]
*** PauseDetector detected a 2128 ms pause at Mon Dec 22 03:11:48 EET 2014 ***

, 2.1283710 secs] [Times: user=2.14 sys=0.00, real=2.13 secs] 
[GC (Allocation Failure) [DefNew: 554368K->5920K(623616K), 0.0126063 secs] 1407172K->858724K(2009472K), 0.0126500 secs] [Times: user=0.00 sys=0.00, real=0.01 secs] 
[GC (Allocation Failure) [DefNew: 560288K->69248K(623616K), 0.1013299 secs] 1413092K->961444K(2009472K), 0.1014761 secs] [Times: user=0.09 sys=0.00, real=0.10 secs] 
[GC (Allocation Failure) [DefNew: 623616K->5916K(623616K), 0.0400048 secs] 1515812K->962640K(2009472K), 0.0401267 secs] [Times: user=0.03 sys=0.00, real=0.04 secs] 
[GC (Allocation Failure) [DefNew: 560284K->69248K(623616K), 0.1068628 secs] 1517008K->1064810K(2009472K), 0.1069282 secs] [Times: user=0.09 sys=0.00, real=0.11 secs] 
[GC (Allocation Failure) [DefNew: 623616K->5920K(623616K), 0.0459420 secs] 1619178K->1066024K(2009472K), 0.0459843 secs] [Times: user=0.05 sys=0.00, real=0.04 secs] 
[GC (Allocation Failure) [DefNew: 560288K->69248K(623616K), 0.0942571 secs] 1620392K->1168113K(2009472K), 0.0943033 secs] [Times: user=0.08 sys=0.00, real=0.09 secs] 
[GC (Allocation Failure) [DefNew: 623616K->5916K(623616K), 0.0402268 secs] 1722481K->1169304K(2009472K), 0.0403744 secs] [Times: user=0.05 sys=0.00, real=0.04 secs] 
[GC (Allocation Failure) [DefNew: 560284K->69248K(623616K), 0.1017000 secs] 1723672K->1271335K(2009472K), 0.1017430 secs] [Times: user=0.09 sys=0.00, real=0.09 secs] 
[Full GC (System.gc()) [Tenured: 1202087K->850615K(1385856K), 2.3444711 secs] 1585451K->850615K(2009472K), [Metaspace: 10571K->10571K(12288K)], 2.3445275 secs] [Times: user=2.34 sys=0.00, real=2.34 secs] 
[Full GC (System.gc()) [Tenured: 850615K->850615K(1385856K), 1.9327712 secs] 850617K->850615K(2009472K), [Metaspace: 10571K->10571K(12288K)], 1.9328103 secs] [Times: user=1.93 sys=0.00, real=1.94 secs] 
[Full GC (System.gc()) [Tenured: 850615K->781247K(1385856K), 1.9413343 secs] 861713K->781247K(2009472K), [Metaspace: 10571K->10571K(12288K)]
*** PauseDetector detected a 2342 ms pause at Mon Dec 22 03:12:03 EET 2014 ***

, 1.9413722 secs] [Times: user=1.93 sys=0.00, real=1.94 secs] 
[Full GC (System.gc()) [Tenured: 781247K->781247K(1385856K), 2.0421304 secs] 792347K->781247K(2009472K), [Metaspace: 10571K->10571K(12288K)], 2.0421778 secs] [Times: user=2.04 sys=0.00, real=2.04 secs] 
[Full GC (System.gc()) [Tenured: 781247K->781248K(1385856K), 2.0223025 secs] 781249K->781248K(2009472K), [Metaspace: 10571K->10571K(12288K)], 2.0224558 secs] [Times: user=2.03 sys=0.00, real=2.03 secs] 
[Full GC (System.gc()) [Tenured: 781248K->781248K(1385856K), 1.8549480 secs] 781248K->781248K(2009472K), [Metaspace: 10571K->10571K(12288K)], 1.8550949 secs] [Times: user=1.84 sys=0.00, real=1.86 secs] 

*** PauseDetector detected a 5915 ms pause at Mon Dec 22 03:12:09 EET 2014 ***


*** PauseDetector detected a 3893 ms pause at Mon Dec 22 03:12:13 EET 2014 ***

[GC (Allocation Failure) [DefNew: 554368K->69248K(623616K), 0.0970679 secs] 1335616K->889171K(2009472K), 0.0971083 secs] [Times: user=0.09 sys=0.00, real=0.10 secs] 
[GC (Allocation Failure) [DefNew: 623616K->5954K(623616K), 0.0467824 secs] 1443539K->890350K(2009472K), 0.0469326 secs] [Times: user=0.03 sys=0.00, real=0.04 secs] 
[GC (Allocation Failure) [DefNew: 560322K->69248K(623616K), 0.3343528 secs] 1444718K->1016966K(2009472K), 0.3344048 secs] [Times: user=0.31 sys=0.00, real=0.33 secs] 
[GC (Allocation Failure) [DefNew: 623616K->5954K(623616K), 0.0825907 secs] 1571334K->1018608K(2009472K), 0.0827383 secs] [Times: user=0.08 sys=0.00, real=0.07 secs] 
[GC (Allocation Failure) [DefNew: 560322K->69248K(623616K), 0.4683254 secs] 1572976K->1137671K(2009472K), 0.4683825 secs] [Times: user=0.47 sys=0.00, real=0.47 secs] 

*** PauseDetector detected a 467 ms pause at Mon Dec 22 03:12:22 EET 2014 ***

[Full GC (System.gc()) [Tenured: 1068423K->799619K(1385856K), 2.2106871 secs] 1625984K->799619K(2009472K), [Metaspace: 10571K->10571K(12288K)], 2.2108520 secs] [Times: user=2.22 sys=0.00, real=2.21 secs] 
[Full GC (System.gc()) [Tenured: 799619K->799619K(1385856K), 1.9688791 secs] 799621K->799619K(2009472K), [Metaspace: 10571K->10571K(12288K)], 1.9689221 secs] [Times: user=1.97 sys=0.00, real=1.97 secs] 
[Full GC (System.gc()) [Tenured: 799619K->799622K(1385856K), 2.1908624 secs] 810713K->799622K(2009472K), [Metaspace: 10571K->10571K(12288K)], 2.1909811 secs] [Times: user=2.18 sys=0.00, real=2.19 secs] 

*** PauseDetector detected a 2210 ms pause at Mon Dec 22 03:12:25 EET 2014 ***

********************************
********** ROUND   70 **********
********************************

*** PauseDetector detected a 4183 ms pause at Mon Dec 22 03:12:30 EET 2014 ***

[GC (Allocation Failure) [DefNew: 554368K->69247K(623616K), 0.3390857 secs] 1353990K->922004K(2009472K), 0.3392320 secs] [Times: user=0.34 sys=0.00, real=0.33 secs] 
[GC (Allocation Failure) [DefNew: 623615K->5870K(623616K), 0.0718867 secs] 1476372K->923483K(2009472K), 0.0720342 secs] [Times: user=0.06 sys=0.00, real=0.06 secs] 
[GC (Allocation Failure) [DefNew: 560238K->69247K(623616K), 0.3829021 secs] 1477851K->1035951K(2009472K), 0.3829419 secs] [Times: user=0.37 sys=0.00, real=0.37 secs] 

*** PauseDetector detected a 390 ms pause at Mon Dec 22 03:12:35 EET 2014 ***

[GC (Allocation Failure) [DefNew: 623615K->5879K(623616K), 0.0736183 secs] 1590319K->1037339K(2009472K), 0.0736587 secs] [Times: user=0.06 sys=0.00, real=0.07 secs] 
[GC (Allocation Failure) [DefNew: 560247K->69248K(623616K), 0.2537452 secs] 1591707K->1148582K(2009472K), 0.2538164 secs] [Times: user=0.25 sys=0.00, real=0.25 secs] 
[GC (Allocation Failure) [DefNew: 623616K->5884K(623616K), 0.0640581 secs] 1702950K->1149954K(2009472K), 0.0641005 secs] [Times: user=0.05 sys=0.00, real=0.06 secs] 
[GC (Allocation Failure) [DefNew: 560252K->69248K(623616K), 0.3297232 secs] 1704322K->1258743K(2009472K), 0.3297655 secs] [Times: user=0.33 sys=0.00, real=0.33 secs] 
[GC (Allocation Failure) [DefNew: 623616K->5857K(623616K), 0.0589101 secs] 1813111K->1260021K(2009472K), 0.0590526 secs] [Times: user=0.06 sys=0.00, real=0.06 secs] 
[GC (Allocation Failure) [DefNew: 560225K->69247K(623616K), 0.2491246 secs] 1814389K->1368128K(2009472K), 0.2492657 secs] [Times: user=0.25 sys=0.00, real=0.24 secs] 
[GC (Allocation Failure) [DefNew: 623615K->5846K(623616K), 0.0648043 secs] 1922496K->1369384K(2009472K), 0.0648460 secs] [Times: user=0.06 sys=0.00, real=0.06 secs] 
[GC (Allocation Failure) [DefNew: 560214K->560214K(623616K), 0.0000212 secs][Tenured: 1363538K->855120K(1385856K), 2.4634667 secs] 1923752K->855120K(2009472K), [Metaspace: 10571K->10571K(12288K)]
*** PauseDetector detected a 2465 ms pause at Mon Dec 22 03:12:51 EET 2014 ***

, 2.4635540 secs] [Times: user=2.47 sys=0.00, real=2.46 secs] 
[GC (Allocation Failure) [DefNew: 554368K->5891K(623616K), 0.0122284 secs] 1409488K->861012K(2009472K), 0.0123330 secs] [Times: user=0.02 sys=0.00, real=0.01 secs] 
[GC (Allocation Failure) [DefNew: 560259K->69247K(623616K), 0.1939728 secs] 1415380K->968055K(2009472K), 0.1940395 secs] [Times: user=0.20 sys=0.00, real=0.19 secs] 
[GC (Allocation Failure) [DefNew: 623615K->5899K(623616K), 0.0592213 secs] 1522423K->969351K(2009472K), 0.0592637 secs] [Times: user=0.05 sys=0.00, real=0.05 secs] 
[GC (Allocation Failure) [DefNew: 560267K->69248K(623616K), 0.1609060 secs] 1523719K->1074944K(2009472K), 0.1610567 secs] [Times: user=0.16 sys=0.00, real=0.16 secs] 
[GC (Allocation Failure) [DefNew: 623616K->5858K(623616K), 0.0492705 secs] 1629312K->1076167K(2009472K), 0.0493134 secs] [Times: user=0.05 sys=0.00, real=0.05 secs] 
[GC (Allocation Failure) [DefNew: 560226K->69248K(623616K), 0.1501108 secs] 1630535K->1181458K(2009472K), 0.1501724 secs] [Times: user=0.14 sys=0.00, real=0.14 secs] 
[GC (Allocation Failure) [DefNew: 623616K->5870K(623616K), 0.0566800 secs] 1735826K->1182713K(2009472K), 0.0567256 secs] [Times: user=0.05 sys=0.00, real=0.06 secs] 
[GC (Allocation Failure) [DefNew: 560238K->69248K(623616K), 0.1580439 secs] 1737081K->1287699K(2009472K), 0.1581921 secs] [Times: user=0.16 sys=0.00, real=0.16 secs] 
[GC (Allocation Failure) [DefNew: 623616K->5897K(623616K), 0.0585355 secs] 1842067K->1288980K(2009472K), 0.0585791 secs] [Times: user=0.06 sys=0.00, real=0.06 secs] 
[GC (Allocation Failure) [DefNew: 560265K->69248K(623616K), 0.1417376 secs] 1843348K->1393705K(2009472K), 0.1417831 secs] [Times: user=0.14 sys=0.00, real=0.13 secs] 
[GC (Allocation Failure) [DefNew: 623616K->623616K(623616K), 0.0000205 secs][Tenured: 1324457K->786660K(1385856K), 2.3603597 secs] 1948073K->786660K(2009472K), [Metaspace: 10571K->10571K(12288K)], 2.3605509 secs] [Times: user=2.36 sys=0.00, real=2.36 secs] 

*** PauseDetector detected a 2358 ms pause at Mon Dec 22 03:13:11 EET 2014 ***

[GC (Allocation Failure) [DefNew: 554368K->69247K(623616K), 0.1467682 secs] 1341028K->897116K(2009472K), 0.1468817 secs] [Times: user=0.14 sys=0.00, real=0.15 secs] 
[GC (Allocation Failure) [DefNew: 623615K->5898K(623616K), 0.0478410 secs] 1451484K->898350K(2009472K), 0.0478847 secs] [Times: user=0.05 sys=0.00, real=0.05 secs] 
[GC (Allocation Failure) [DefNew: 560266K->69247K(623616K), 0.1596940 secs] 1452718K->1002734K(2009472K), 0.1597434 secs] [Times: user=0.16 sys=0.00, real=0.16 secs] 
[GC (Allocation Failure) [DefNew: 623615K->5860K(623616K), 0.0483017 secs] 1557102K->1003919K(2009472K), 0.0483421 secs] [Times: user=0.03 sys=0.00, real=0.04 secs] 
[GC (Allocation Failure) [DefNew: 560228K->69248K(623616K), 0.1345269 secs] 1558287K->1107436K(2009472K), 0.1345661 secs] [Times: user=0.13 sys=0.00, real=0.13 secs] 
[GC (Allocation Failure) [DefNew: 623616K->5903K(623616K), 0.0476646 secs] 1661804K->1108675K(2009472K), 0.0477127 secs] [Times: user=0.05 sys=0.00, real=0.05 secs] 
[GC (Allocation Failure) [DefNew: 560271K->69247K(623616K), 0.1435577 secs] 1663043K->1212030K(2009472K), 0.1436001 secs] [Times: user=0.14 sys=0.00, real=0.14 secs] 
[GC (Allocation Failure) [DefNew: 623615K->5905K(623616K), 0.0465136 secs] 1766398K->1213236K(2009472K), 0.0465572 secs] [Times: user=0.05 sys=0.00, real=0.04 secs] 
[GC (Allocation Failure) [DefNew: 560273K->69247K(623616K), 0.1164390 secs] 1767604K->1316449K(2009472K), 0.1164787 secs] [Times: user=0.12 sys=0.00, real=0.12 secs] 
[GC (Allocation Failure) [DefNew: 623615K->5856K(623616K), 0.0402967 secs] 1870817K->1317608K(2009472K), 0.0404443 secs] [Times: user=0.03 sys=0.00, real=0.04 secs] 
[GC (Allocation Failure) [DefNew: 560224K->560224K(623616K), 0.0000314 secs][Tenured: 1311752K->853127K(1385856K), 2.2839281 secs] 1871976K->853127K(2009472K), [Metaspace: 10571K->10571K(12288K)]
*** PauseDetector detected a 2285 ms pause at Mon Dec 22 03:13:30 EET 2014 ***

, 2.2840295 secs] [Times: user=2.29 sys=0.00, real=2.28 secs] 
[GC (Allocation Failure) [DefNew: 554368K->5906K(623616K), 0.0127481 secs] 1407495K->859033K(2009472K), 0.0127924 secs] [Times: user=0.01 sys=0.00, real=0.01 secs] 
[GC (Allocation Failure) [DefNew: 560274K->69248K(623616K), 0.1274657 secs] 1413401K->962025K(2009472K), 0.1275062 secs] [Times: user=0.13 sys=0.00, real=0.12 secs] 
[GC (Allocation Failure) [DefNew: 623616K->5904K(623616K), 0.0469403 secs] 1516393K->963237K(2009472K), 0.0469832 secs] [Times: user=0.05 sys=0.00, real=0.05 secs] 
[GC (Allocation Failure) [DefNew: 560272K->69247K(623616K), 0.1189321 secs] 1517605K->1066133K(2009472K), 0.1190835 secs] [Times: user=0.11 sys=0.00, real=0.11 secs] 
[GC (Allocation Failure) [DefNew: 623615K->5886K(623616K), 0.0408960 secs] 1620501K->1067314K(2009472K), 0.0410692 secs] [Times: user=0.03 sys=0.00, real=0.04 secs] 
[GC (Allocation Failure) [DefNew: 560254K->69248K(623616K), 0.1143096 secs] 1621682K->1170103K(2009472K), 0.1144597 secs] [Times: user=0.11 sys=0.00, real=0.11 secs] 
[GC (Allocation Failure) [DefNew: 623616K->5909K(623616K), 0.0453620 secs] 1724471K->1171341K(2009472K), 0.0454037 secs] [Times: user=0.05 sys=0.00, real=0.04 secs] 
[GC (Allocation Failure) [DefNew: 560277K->69247K(623616K), 0.1029851 secs] 1725709K->1274028K(2009472K), 0.1030262 secs] [Times: user=0.09 sys=0.00, real=0.09 secs] 
[GC (Allocation Failure) [DefNew: 623615K->5907K(623616K), 0.0431460 secs] 1828396K->1275258K(2009472K), 0.0432576 secs] [Times: user=0.05 sys=0.00, real=0.04 secs] 
[GC (Allocation Failure) [DefNew: 560275K->69248K(623616K), 0.1022935 secs] 1829626K->1377432K(2009472K), 0.1024449 secs] [Times: user=0.09 sys=0.00, real=0.10 secs] 
[GC (Allocation Failure) [DefNew: 623616K->623616K(623616K), 0.0000205 secs][Tenured: 1308184K->852324K(1385856K), 2.3137563 secs] 1931800K->852324K(2009472K), [Metaspace: 10571K->10571K(12288K)], 2.3138429 secs] [Times: user=2.31 sys=0.00, real=2.31 secs] 

*** PauseDetector detected a 2309 ms pause at Mon Dec 22 03:13:49 EET 2014 ***

[GC (Allocation Failure) [DefNew: 554368K->69247K(623616K), 0.0923099 secs] 1406692K->960357K(2009472K), 0.0924607 secs] [Times: user=0.09 sys=0.00, real=0.09 secs] 
[GC (Allocation Failure) [DefNew: 623615K->5875K(623616K), 0.0448571 secs] 1514725K->961507K(2009472K), 0.0449007 secs] [Times: user=0.03 sys=0.00, real=0.04 secs] 
[GC (Allocation Failure) [DefNew: 560243K->69248K(623616K), 0.1089723 secs] 1515875K->1063556K(2009472K), 0.1090140 secs] [Times: user=0.11 sys=0.00, real=0.11 secs] 
[GC (Allocation Failure) [DefNew: 623616K->5918K(623616K), 0.0439890 secs] 1617924K->1064762K(2009472K), 0.0440339 secs] [Times: user=0.03 sys=0.00, real=0.04 secs] 
[GC (Allocation Failure) [DefNew: 560286K->69247K(623616K), 0.0928508 secs] 1619130K->1166707K(2009472K), 0.0928874 secs] [Times: user=0.08 sys=0.00, real=0.09 secs] 
[GC (Allocation Failure) [DefNew: 623615K->5910K(623616K), 0.0432512 secs] 1721075K->1167902K(2009472K), 0.0432961 secs] [Times: user=0.05 sys=0.00, real=0.04 secs] 
[GC (Allocation Failure) [DefNew: 560278K->69247K(623616K), 0.3345838 secs] 1722270K->1294518K(2009472K), 0.3346344 secs] [Times: user=0.34 sys=0.00, real=0.33 secs] 
[GC (Allocation Failure) [DefNew: 623615K->5919K(623616K), 0.0888621 secs] 1848886K->1296169K(2009472K), 0.0889276 secs] [Times: user=0.09 sys=0.00, real=0.08 secs] 
[GC (Allocation Failure) [DefNew: 560287K->69248K(623616K), 0.4460127 secs] 1850537K->1415195K(2009472K), 0.4461654 secs] [Times: user=0.44 sys=0.00, real=0.44 secs] 

*** PauseDetector detected a 439 ms pause at Mon Dec 22 03:14:04 EET 2014 ***

[GC (Allocation Failure) [DefNew: 623616K->623616K(623616K), 0.0000218 secs][Tenured: 1345947K->869611K(1385856K), 2.5380724 secs] 1969563K->869611K(2009472K), [Metaspace: 10571K->10571K(12288K)], 2.5381597 secs] [Times: user=2.53 sys=0.00, real=2.54 secs] 

*** PauseDetector detected a 2539 ms pause at Mon Dec 22 03:14:08 EET 2014 ***

[GC (Allocation Failure) [DefNew: 554368K->69247K(623616K), 0.3597631 secs] 1423979K->992033K(2009472K), 0.3599119 secs] [Times: user=0.34 sys=0.00, real=0.35 secs] 

*** PauseDetector detected a 357 ms pause at Mon Dec 22 03:14:10 EET 2014 ***

[GC (Allocation Failure) [DefNew: 623615K->5907K(623616K), 0.0659296 secs] 1546401K->993503K(2009472K), 0.0660753 secs] [Times: user=0.06 sys=0.00, real=0.06 secs] 
[GC (Allocation Failure) [DefNew: 560275K->69247K(623616K), 0.3539196 secs] 1547871K->1105921K(2009472K), 0.3539645 secs] [Times: user=0.34 sys=0.00, real=0.35 secs] 

*** PauseDetector detected a 353 ms pause at Mon Dec 22 03:14:14 EET 2014 ***

[GC (Allocation Failure) [DefNew: 623615K->5918K(623616K), 0.0771174 secs] 1660289K->1107360K(2009472K), 0.0772688 secs] [Times: user=0.08 sys=0.00, real=0.08 secs] 
[GC (Allocation Failure) [DefNew: 560286K->69248K(623616K), 0.2818013 secs] 1661728K->1218584K(2009472K), 0.2818443 secs] [Times: user=0.28 sys=0.00, real=0.28 secs] 
[GC (Allocation Failure) [DefNew: 623616K->5862K(623616K), 0.0604018 secs] 1772952K->1219914K(2009472K), 0.0605096 secs] [Times: user=0.06 sys=0.00, real=0.05 secs] 
[GC (Allocation Failure) [DefNew: 560230K->69247K(623616K), 0.2881722 secs] 1774282K->1328697K(2009472K), 0.2882793 secs] [Times: user=0.28 sys=0.00, real=0.28 secs] 
[GC (Allocation Failure) [DefNew: 623615K->5862K(623616K), 0.0561828 secs] 1883065K->1329985K(2009472K), 0.0562264 secs] [Times: user=0.06 sys=0.00, real=0.05 secs] 
[GC (Allocation Failure) [DefNew: 560230K->560230K(623616K), 0.0000411 secs][Tenured: 1324122K->788663K(1385856K), 2.3129466 secs] 1884353K->788663K(2009472K), [Metaspace: 10571K->10571K(12288K)], 2.3130461 secs] [Times: user=2.31 sys=0.00, real=2.31 secs] 

*** PauseDetector detected a 2312 ms pause at Mon Dec 22 03:14:26 EET 2014 ***

[GC (Allocation Failure) [DefNew: 554368K->5871K(623616K), 0.0129739 secs] 1343031K->794534K(2009472K), 0.0130163 secs] [Times: user=0.00 sys=0.00, real=0.01 secs] 
[GC (Allocation Failure) [DefNew: 560239K->69248K(623616K), 0.1881133 secs] 1348902K->902082K(2009472K), 0.1881563 secs] [Times: user=0.19 sys=0.00, real=0.18 secs] 
[GC (Allocation Failure) [DefNew: 623616K->5862K(623616K), 0.0532283 secs] 1456450K->903318K(2009472K), 0.0533798 secs] [Times: user=0.05 sys=0.00, real=0.05 secs] 
[GC (Allocation Failure) [DefNew: 560230K->69248K(623616K), 0.1932549 secs] 1457686K->1010418K(2009472K), 0.1933197 secs] [Times: user=0.19 sys=0.00, real=0.19 secs] 
[GC (Allocation Failure) [DefNew: 623616K->5911K(623616K), 0.0592989 secs] 1564786K->1011699K(2009472K), 0.0593734 secs] [Times: user=0.05 sys=0.00, real=0.06 secs] 
[GC (Allocation Failure) [DefNew: 560279K->69248K(623616K), 0.1784441 secs] 1566067K->1117290K(2009472K), 0.1785993 secs] [Times: user=0.17 sys=0.00, real=0.17 secs] 
[GC (Allocation Failure) [DefNew: 623616K->5883K(623616K), 0.0499691 secs] 1671658K->1118527K(2009472K), 0.0500365 secs] [Times: user=0.05 sys=0.00, real=0.05 secs] 
[GC (Allocation Failure) [DefNew: 560251K->69248K(623616K), 0.1617503 secs] 1672895K->1223841K(2009472K), 0.1618645 secs] [Times: user=0.17 sys=0.00, real=0.16 secs] 
[GC (Allocation Failure) [DefNew: 623616K->5921K(623616K), 0.0652335 secs] 1778209K->1225100K(2009472K), 0.0652759 secs] [Times: user=0.05 sys=0.00, real=0.06 secs] 
[GC (Allocation Failure) [DefNew: 560289K->69248K(623616K), 0.1553730 secs] 1779468K->1330097K(2009472K), 0.1555161 secs] [Times: user=0.16 sys=0.00, real=0.15 secs] 
[GC (Allocation Failure) [DefNew: 623616K->5916K(623616K), 0.0474349 secs] 1884465K->1331335K(2009472K), 0.0475831 secs] [Times: user=0.03 sys=0.00, real=0.05 secs] 
[GC (Allocation Failure) [DefNew: 560284K->560284K(623616K), 0.0000205 secs][Tenured: 1325419K->854734K(1385856K), 2.4760333 secs] 1885703K->854734K(2009472K), [Metaspace: 10571K->10571K(12288K)], 2.4761244 secs] [Times: user=2.48 sys=0.00, real=2.47 secs] 

*** PauseDetector detected a 2473 ms pause at Mon Dec 22 03:14:47 EET 2014 ***

[GC (Allocation Failure) [DefNew: 554368K->5916K(623616K), 0.0117145 secs] 1409102K->860651K(2009472K), 0.0118242 secs] [Times: user=0.02 sys=0.00, real=0.01 secs] 
[GC (Allocation Failure) [DefNew: 560284K->69248K(623616K), 0.1521690 secs] 1415019K->965184K(2009472K), 0.1522088 secs] [Times: user=0.16 sys=0.00, real=0.14 secs] 
[GC (Allocation Failure) [DefNew: 623616K->5916K(623616K), 0.0469107 secs] 1519552K->966442K(2009472K), 0.0470224 secs] [Times: user=0.03 sys=0.00, real=0.04 secs] 
[GC (Allocation Failure) [DefNew: 560284K->69247K(623616K), 0.1472083 secs] 1520810K->1070812K(2009472K), 0.1472532 secs] [Times: user=0.14 sys=0.00, real=0.14 secs] 
[GC (Allocation Failure) [DefNew: 623615K->5795K(623616K), 0.0480470 secs] 1625180K->1071928K(2009472K), 0.0481958 secs] [Times: user=0.05 sys=0.00, real=0.04 secs] 
[GC (Allocation Failure) [DefNew: 560163K->69248K(623616K), 0.1266452 secs] 1626296K->1175556K(2009472K), 0.1267902 secs] [Times: user=0.13 sys=0.00, real=0.12 secs] 
[GC (Allocation Failure) [DefNew: 623616K->5917K(623616K), 0.0475465 secs] 1729924K->1176764K(2009472K), 0.0475902 secs] [Times: user=0.05 sys=0.00, real=0.04 secs] 
[GC (Allocation Failure) [DefNew: 560285K->69248K(623616K), 0.1432658 secs] 1731132K->1280046K(2009472K), 0.1433095 secs] [Times: user=0.14 sys=0.00, real=0.14 secs] 
[GC (Allocation Failure) [DefNew: 623616K->5846K(623616K), 0.0517328 secs] 1834414K->1281250K(2009472K), 0.0517777 secs] [Times: user=0.05 sys=0.00, real=0.04 secs] 
[Full GC (System.gc()) [Tenured: 1275404K->848790K(1385856K), 2.1489592 secs] 1415563K->848790K(2009472K), [Metaspace: 10571K->10571K(12288K)], 2.1490131 secs] [Times: user=2.14 sys=0.00, real=2.14 secs] 
[Full GC (System.gc()) [Tenured: 848790K->848790K(1385856K), 2.0076290 secs] 848790K->848790K(2009472K), [Metaspace: 10571K->10571K(12288K)], 2.0077470 secs] [Times: user=2.01 sys=0.00, real=2.01 secs] 

*** PauseDetector detected a 4157 ms pause at Mon Dec 22 03:15:06 EET 2014 ***

[Full GC (System.gc()) [Tenured: 848790K->779510K(1385856K), 2.1185549 secs] 859886K->779510K(2009472K), [Metaspace: 10571K->10571K(12288K)], 2.1186139 secs] [Times: user=2.12 sys=0.00, real=2.11 secs] 

*** PauseDetector detected a 2114 ms pause at Mon Dec 22 03:15:08 EET 2014 ***

[Full GC (System.gc()) [Tenured: 779510K->779510K(1385856K), 1.9289198 secs] 790606K->779510K(2009472K), [Metaspace: 10571K->10571K(12288K)], 1.9289891 secs] [Times: user=1.94 sys=0.00, real=1.93 secs] 
[Full GC (System.gc()) [Tenured: 779510K->779565K(1385856K), 1.8311616 secs] 790606K->779565K(2009472K), [Metaspace: 10571K->10571K(12288K)], 1.8313137 secs] [Times: user=1.82 sys=0.00, real=1.83 secs] 
[Full GC (System.gc()) [Tenured: 779565K->779565K(1385856K), 2.1167283 secs] 779565K->779565K(2009472K), [Metaspace: 10571K->10571K(12288K)], 2.1168791 secs] [Times: user=2.11 sys=0.00, real=2.12 secs] 

*** PauseDetector detected a 1932 ms pause at Mon Dec 22 03:15:10 EET 2014 ***


*** PauseDetector detected a 3960 ms pause at Mon Dec 22 03:15:14 EET 2014 ***

[GC (Allocation Failure) [DefNew: 554368K->5870K(623616K), 0.0180758 secs] 1333933K->785436K(2009472K), 0.0181361 secs] [Times: user=0.02 sys=0.00, real=0.01 secs] 
[GC (Allocation Failure) [DefNew: 560238K->69247K(623616K), 0.1269890 secs] 1339804K->894320K(2009472K), 0.1271097 secs] [Times: user=0.13 sys=0.00, real=0.12 secs] 
[GC (Allocation Failure) [DefNew: 623615K->5954K(623616K), 0.0478539 secs] 1448688K->895521K(2009472K), 0.0478975 secs] [Times: user=0.05 sys=0.00, real=0.05 secs] 
[GC (Allocation Failure) [DefNew: 560322K->69247K(623616K), 0.1119973 secs] 1449889K->998515K(2009472K), 0.1120519 secs] [Times: user=0.11 sys=0.00, real=0.11 secs] 
[GC (Allocation Failure) [DefNew: 623615K->5954K(623616K), 0.0526047 secs] 1552883K->999715K(2009472K), 0.0527594 secs] [Times: user=0.05 sys=0.00, real=0.05 secs] 
[GC (Allocation Failure) [DefNew: 560322K->69247K(623616K), 0.1376219 secs] 1554083K->1102610K(2009472K), 0.1377374 secs] [Times: user=0.14 sys=0.00, real=0.14 secs] 
[Full GC (System.gc()) [Tenured: 1033362K->782072K(1385856K), 2.2143037 secs] 1402155K->782072K(2009472K), [Metaspace: 10571K->10571K(12288K)], 2.2143582 secs] [Times: user=2.22 sys=0.00, real=2.21 secs] 
[Full GC (System.gc()) [Tenured: 782072K->782073K(1385856K), 1.9463861 secs] 793165K->782073K(2009472K), [Metaspace: 10571K->10571K(12288K)], 1.9465381 secs] [Times: user=1.95 sys=0.00, real=1.95 secs] 
[Full GC (System.gc()) [Tenured: 782073K->782073K(1385856K), 1.8363917 secs] 782073K->782073K(2009472K), [Metaspace: 10571K->10571K(12288K)], 1.8364277 secs] [Times: user=1.82 sys=0.00, real=1.83 secs] 

*** PauseDetector detected a 2211 ms pause at Mon Dec 22 03:15:26 EET 2014 ***


*** PauseDetector detected a 3792 ms pause at Mon Dec 22 03:15:30 EET 2014 ***

********************************
********** ROUND   71 **********
********************************
[GC (Allocation Failure) [DefNew: 554368K->69248K(623616K), 0.0962434 secs] 1336441K->890747K(2009472K), 0.0962903 secs] [Times: user=0.09 sys=0.00, real=0.10 secs] 
[GC (Allocation Failure) [DefNew: 623616K->5883K(623616K), 0.0467933 secs] 1445115K->891960K(2009472K), 0.0468363 secs] [Times: user=0.03 sys=0.00, real=0.04 secs] 
[GC (Allocation Failure) [DefNew: 560251K->69247K(623616K), 0.0996682 secs] 1446328K->994680K(2009472K), 0.0998100 secs] [Times: user=0.09 sys=0.00, real=0.10 secs] 
[GC (Allocation Failure) [DefNew: 623615K->5850K(623616K), 0.0431370 secs] 1549048K->995846K(2009472K), 0.0431832 secs] [Times: user=0.03 sys=0.00, real=0.03 secs] 
[GC (Allocation Failure) [DefNew: 560218K->69248K(623616K), 0.0919147 secs] 1550214K->1098044K(2009472K), 0.0920617 secs] [Times: user=0.09 sys=0.00, real=0.09 secs] 
[GC (Allocation Failure) [DefNew: 623616K->5888K(623616K), 0.0448391 secs] 1652412K->1099240K(2009472K), 0.0448834 secs] [Times: user=0.05 sys=0.00, real=0.05 secs] 
[GC (Allocation Failure) [DefNew: 560256K->69248K(623616K), 0.0924723 secs] 1653608K->1201302K(2009472K), 0.0926134 secs] [Times: user=0.08 sys=0.00, real=0.08 secs] 
[GC (Allocation Failure) [DefNew: 623616K->5871K(623616K), 0.0430902 secs] 1755670K->1202507K(2009472K), 0.0431986 secs] [Times: user=0.03 sys=0.00, real=0.04 secs] 
[GC (Allocation Failure) [DefNew: 560239K->69248K(623616K), 0.0939626 secs] 1756875K->1304570K(2009472K), 0.0940672 secs] [Times: user=0.09 sys=0.00, real=0.09 secs] 
[GC (Allocation Failure) [DefNew: 623616K->5887K(623616K), 0.0522070 secs] 1858938K->1305759K(2009472K), 0.0522499 secs] [Times: user=0.05 sys=0.00, real=0.05 secs] 
[GC (Allocation Failure) [DefNew: 560255K->69247K(623616K), 0.1083962 secs] 1860127K->1407735K(2009472K), 0.1084404 secs] [Times: user=0.11 sys=0.00, real=0.11 secs] 
[GC (Allocation Failure) [DefNew: 623615K->623615K(623616K), 0.0000205 secs][Tenured: 1338487K->853091K(1385856K), 2.0691677 secs] 1962103K->853091K(2009472K), [Metaspace: 10571K->10571K(12288K)], 2.0692588 secs] [Times: user=2.06 sys=0.00, real=2.07 secs] 

*** PauseDetector detected a 2070 ms pause at Mon Dec 22 03:15:50 EET 2014 ***

[GC (Allocation Failure) [DefNew: 554368K->69247K(623616K), 0.3279499 secs] 1407459K->985561K(2009472K), 0.3279935 secs] [Times: user=0.33 sys=0.00, real=0.32 secs] 
[GC (Allocation Failure) [DefNew: 623615K->5858K(623616K), 0.0801835 secs] 1539929K->987207K(2009472K), 0.0802945 secs] [Times: user=0.08 sys=0.00, real=0.08 secs] 
[GC (Allocation Failure) [DefNew: 560226K->69248K(623616K), 0.4187675 secs] 1541575K->1106284K(2009472K), 0.4189106 secs] [Times: user=0.42 sys=0.00, real=0.41 secs] 

*** PauseDetector detected a 414 ms pause at Mon Dec 22 03:15:56 EET 2014 ***

[GC (Allocation Failure) [DefNew: 623616K->5895K(623616K), 0.0830231 secs] 1660652K->1107800K(2009472K), 0.0830668 secs] [Times: user=0.08 sys=0.00, real=0.08 secs] 
[GC (Allocation Failure) [DefNew: 560263K->69248K(623616K), 0.4163417 secs] 1662168K->1224293K(2009472K), 0.4164912 secs] [Times: user=0.40 sys=0.00, real=0.41 secs] 

*** PauseDetector detected a 418 ms pause at Mon Dec 22 03:15:59 EET 2014 ***

[GC (Allocation Failure) [DefNew: 623616K->5895K(623616K), 0.0652444 secs] 1778661K->1225784K(2009472K), 0.0653105 secs] [Times: user=0.06 sys=0.00, real=0.06 secs] 
[GC (Allocation Failure) [DefNew: 560263K->69247K(623616K), 0.3115582 secs] 1780152K->1338248K(2009472K), 0.3116230 secs] [Times: user=0.31 sys=0.00, real=0.31 secs] 
[GC (Allocation Failure) [DefNew: 623615K->5897K(623616K), 0.0763591 secs] 1892616K->1339633K(2009472K), 0.0764059 secs] [Times: user=0.08 sys=0.00, real=0.08 secs] 
[GC (Allocation Failure) [DefNew: 560265K->560265K(623616K), 0.0000192 secs][Tenured: 1333735K->791857K(1385856K), 2.3353569 secs] 1894001K->791857K(2009472K), [Metaspace: 10571K->10571K(12288K)], 2.3354582 secs] [Times: user=2.32 sys=0.00, real=2.33 secs] 

*** PauseDetector detected a 2330 ms pause at Mon Dec 22 03:16:08 EET 2014 ***

[GC (Allocation Failure) [DefNew: 554368K->5899K(623616K), 0.0125358 secs] 1346225K->797756K(2009472K), 0.0125813 secs] [Times: user=0.02 sys=0.00, real=0.01 secs] 
[GC (Allocation Failure) [DefNew: 560267K->69247K(623616K), 0.2925554 secs] 1352124K->906500K(2009472K), 0.2925990 secs] [Times: user=0.28 sys=0.00, real=0.28 secs] 
[GC (Allocation Failure) [DefNew: 623615K->5862K(623616K), 0.0569495 secs] 1460868K->907790K(2009472K), 0.0570977 secs] [Times: user=0.05 sys=0.00, real=0.05 secs] 
[GC (Allocation Failure) [DefNew: 560230K->69248K(623616K), 0.2274470 secs] 1462158K->1015891K(2009472K), 0.2274881 secs] [Times: user=0.22 sys=0.00, real=0.22 secs] 
[GC (Allocation Failure) [DefNew: 623616K->5899K(623616K), 0.0584841 secs] 1570259K->1017224K(2009472K), 0.0585252 secs] [Times: user=0.06 sys=0.00, real=0.06 secs] 
[GC (Allocation Failure) [DefNew: 560267K->69247K(623616K), 0.2379316 secs] 1571592K->1124728K(2009472K), 0.2379733 secs] [Times: user=0.23 sys=0.00, real=0.23 secs] 
[GC (Allocation Failure) [DefNew: 623615K->5903K(623616K), 0.0526901 secs] 1679096K->1126016K(2009472K), 0.0527959 secs] [Times: user=0.05 sys=0.00, real=0.05 secs] 
[GC (Allocation Failure) [DefNew: 560271K->69247K(623616K), 0.1764218 secs] 1680384K->1233060K(2009472K), 0.1764616 secs] [Times: user=0.17 sys=0.00, real=0.18 secs] 
[GC (Allocation Failure) [DefNew: 623615K->5902K(623616K), 0.0592662 secs] 1787428K->1234347K(2009472K), 0.0593073 secs] [Times: user=0.06 sys=0.00, real=0.05 secs] 
[GC (Allocation Failure) [DefNew: 560270K->69247K(623616K), 0.2076403 secs] 1788715K->1339960K(2009472K), 0.2076820 secs] [Times: user=0.20 sys=0.00, real=0.20 secs] 
[GC (Allocation Failure) [DefNew: 623615K->5908K(623616K), 0.0543299 secs] 1894328K->1341208K(2009472K), 0.0544005 secs] [Times: user=0.06 sys=0.00, real=0.05 secs] 
[GC (Allocation Failure) [DefNew: 560276K->560276K(623616K), 0.0000205 secs][Tenured: 1335300K->855230K(1385856K), 2.2169418 secs] 1895576K->855230K(2009472K), [Metaspace: 10571K->10571K(12288K)], 2.2170868 secs] [Times: user=2.20 sys=0.00, real=2.21 secs] 

*** PauseDetector detected a 2212 ms pause at Mon Dec 22 03:16:30 EET 2014 ***

[GC (Allocation Failure) [DefNew: 554368K->5907K(623616K), 0.0124100 secs] 1409598K->861137K(2009472K), 0.0124530 secs] [Times: user=0.02 sys=0.00, real=0.00 secs] 
[GC (Allocation Failure) [DefNew: 560275K->69247K(623616K), 0.1574331 secs] 1415505K->966135K(2009472K), 0.1575024 secs] [Times: user=0.14 sys=0.00, real=0.15 secs] 
[GC (Allocation Failure) [DefNew: 623615K->5847K(623616K), 0.0535337 secs] 1520503K->967317K(2009472K), 0.0535774 secs] [Times: user=0.05 sys=0.00, real=0.05 secs] 
[GC (Allocation Failure) [DefNew: 560215K->69248K(623616K), 0.1426570 secs] 1521685K->1072139K(2009472K), 0.1427237 secs] [Times: user=0.14 sys=0.00, real=0.14 secs] 
[GC (Allocation Failure) [DefNew: 623616K->5874K(623616K), 0.0544307 secs] 1626507K->1073346K(2009472K), 0.0544749 secs] [Times: user=0.05 sys=0.00, real=0.05 secs] 
[GC (Allocation Failure) [DefNew: 560242K->69247K(623616K), 0.1317322 secs] 1627714K->1177936K(2009472K), 0.1318772 secs] [Times: user=0.14 sys=0.00, real=0.13 secs] 
[GC (Allocation Failure) [DefNew: 623615K->5850K(623616K), 0.0496663 secs] 1732304K->1179114K(2009472K), 0.0497125 secs] [Times: user=0.05 sys=0.00, real=0.05 secs] 
[GC (Allocation Failure) [DefNew: 560218K->69248K(623616K), 0.1295335 secs] 1733482K->1283524K(2009472K), 0.1296849 secs] [Times: user=0.13 sys=0.00, real=0.13 secs] 
[GC (Allocation Failure) [DefNew: 623616K->5911K(623616K), 0.0594189 secs] 1837892K->1284782K(2009472K), 0.0594651 secs] [Times: user=0.05 sys=0.00, real=0.05 secs] 
[GC (Allocation Failure) [DefNew: 560279K->69247K(623616K), 0.1271982 secs] 1839150K->1388270K(2009472K), 0.1273477 secs] [Times: user=0.13 sys=0.00, real=0.13 secs] 
[GC (Allocation Failure) [DefNew: 623615K->623615K(623616K), 0.0000205 secs][Tenured: 1319022K->854615K(1385856K), 2.2517974 secs] 1942638K->854615K(2009472K), [Metaspace: 10571K->10571K(12288K)], 2.2519879 secs] [Times: user=2.25 sys=0.00, real=2.25 secs] 

*** PauseDetector detected a 2250 ms pause at Mon Dec 22 03:16:49 EET 2014 ***

[GC (Allocation Failure) [DefNew: 554368K->69247K(623616K), 0.1411955 secs] 1408983K->963872K(2009472K), 0.1412449 secs] [Times: user=0.14 sys=0.00, real=0.14 secs] 
[GC (Allocation Failure) [DefNew: 623615K->5910K(623616K), 0.0395358 secs] 1518240K->965084K(2009472K), 0.0395788 secs] [Times: user=0.03 sys=0.00, real=0.03 secs] 
[GC (Allocation Failure) [DefNew: 560278K->69248K(623616K), 0.1391129 secs] 1519452K->1068300K(2009472K), 0.1391585 secs] [Times: user=0.14 sys=0.00, real=0.14 secs] 
[GC (Allocation Failure) [DefNew: 623616K->5909K(623616K), 0.0463924 secs] 1622668K->1069505K(2009472K), 0.0465072 secs] [Times: user=0.05 sys=0.00, real=0.05 secs] 
[GC (Allocation Failure) [DefNew: 560277K->69248K(623616K), 0.1346251 secs] 1623873K->1172609K(2009472K), 0.1347438 secs] [Times: user=0.13 sys=0.00, real=0.13 secs] 
[GC (Allocation Failure) [DefNew: 623616K->5849K(623616K), 0.0406092 secs] 1726977K->1173748K(2009472K), 0.0406785 secs] [Times: user=0.03 sys=0.00, real=0.03 secs] 
[GC (Allocation Failure) [DefNew: 560217K->69248K(623616K), 0.1153002 secs] 1728116K->1276759K(2009472K), 0.1154105 secs] [Times: user=0.11 sys=0.00, real=0.11 secs] 
[GC (Allocation Failure) [DefNew: 623616K->5910K(623616K), 0.0415369 secs] 1831127K->1278003K(2009472K), 0.0416858 secs] [Times: user=0.03 sys=0.00, real=0.04 secs] 
[GC (Allocation Failure) [DefNew: 560278K->69248K(623616K), 0.1367532 secs] 1832371K->1380881K(2009472K), 0.1367949 secs] [Times: user=0.14 sys=0.00, real=0.13 secs] 
[GC (Allocation Failure) [DefNew: 623616K->623616K(623616K), 0.0000212 secs][Tenured: 1311633K->854080K(1385856K), 2.1462459 secs] 1935249K->854080K(2009472K), [Metaspace: 10571K->10571K(12288K)], 2.1463492 secs] [Times: user=2.14 sys=0.00, real=2.15 secs] 
*** PauseDetector detected a 2147 ms pause at Mon Dec 22 03:17:07 EET 2014 ***


[GC (Allocation Failure) [DefNew: 554368K->69247K(623616K), 0.0997484 secs] 1408448K->962784K(2009472K), 0.0997869 secs] [Times: user=0.09 sys=0.00, real=0.09 secs] 
[GC (Allocation Failure) [DefNew: 623615K->5904K(623616K), 0.0442752 secs] 1517152K->963989K(2009472K), 0.0443887 secs] [Times: user=0.05 sys=0.00, real=0.04 secs] 
[GC (Allocation Failure) [DefNew: 560272K->69248K(623616K), 0.1045666 secs] 1518357K->1066663K(2009472K), 0.1047148 secs] [Times: user=0.11 sys=0.00, real=0.10 secs] 
[GC (Allocation Failure) [DefNew: 623616K->5850K(623616K), 0.0395512 secs] 1621031K->1067854K(2009472K), 0.0395929 secs] [Times: user=0.05 sys=0.00, real=0.04 secs] 
[GC (Allocation Failure) [DefNew: 560218K->69247K(623616K), 0.1028754 secs] 1622222K->1170090K(2009472K), 0.1030211 secs] [Times: user=0.09 sys=0.00, real=0.10 secs] 
[GC (Allocation Failure) [DefNew: 623615K->5879K(623616K), 0.0458220 secs] 1724458K->1171240K(2009472K), 0.0458669 secs] [Times: user=0.03 sys=0.00, real=0.04 secs] 
[GC (Allocation Failure) [DefNew: 560247K->69247K(623616K), 0.0996560 secs] 1725608K->1273320K(2009472K), 0.0996983 secs] [Times: user=0.09 sys=0.00, real=0.10 secs] 
[GC (Allocation Failure) [DefNew: 623615K->5879K(623616K), 0.0467824 secs] 1827688K->1274524K(2009472K), 0.0468241 secs] [Times: user=0.03 sys=0.00, real=0.04 secs] 
[GC (Allocation Failure) [DefNew: 560247K->69247K(623616K), 0.1008108 secs] 1828892K->1376613K(2009472K), 0.1009160 secs] [Times: user=0.09 sys=0.00, real=0.09 secs] 
[GC (Allocation Failure) [DefNew: 623615K->623615K(623616K), 0.0000205 secs][Tenured: 1307365K->783864K(1385856K), 2.4038913 secs] 1930981K->783864K(2009472K), [Metaspace: 10571K->10571K(12288K)], 2.4040831 secs] [Times: user=2.40 sys=0.00, real=2.40 secs] 

*** PauseDetector detected a 2397 ms pause at Mon Dec 22 03:17:24 EET 2014 ***

[GC (Allocation Failure) [DefNew: 554368K->69247K(623616K), 0.0942430 secs] 1338232K->891699K(2009472K), 0.0942834 secs] [Times: user=0.09 sys=0.00, real=0.09 secs] 
[GC (Allocation Failure) [DefNew: 623615K->5858K(623616K), 0.0409364 secs] 1446067K->892870K(2009472K), 0.0410127 secs] [Times: user=0.05 sys=0.00, real=0.04 secs] 
[GC (Allocation Failure) [DefNew: 560226K->69247K(623616K), 0.3602468 secs] 1447238K->1019543K(2009472K), 0.3602930 secs] [Times: user=0.34 sys=0.00, real=0.35 secs] 

*** PauseDetector detected a 368 ms pause at Mon Dec 22 03:17:29 EET 2014 ***

[GC (Allocation Failure) [DefNew: 623615K->5852K(623616K), 0.0821993 secs] 1573911K->1021122K(2009472K), 0.0823110 secs] [Times: user=0.06 sys=0.00, real=0.08 secs] 
[GC (Allocation Failure) [DefNew: 560220K->69248K(623616K), 0.4480773 secs] 1575490K->1140236K(2009472K), 0.4482229 secs] [Times: user=0.45 sys=0.00, real=0.44 secs] 

*** PauseDetector detected a 444 ms pause at Mon Dec 22 03:17:33 EET 2014 ***

[GC (Allocation Failure) [DefNew: 623616K->5874K(623616K), 0.0790640 secs] 1694604K->1141700K(2009472K), 0.0791711 secs] [Times: user=0.08 sys=0.00, real=0.08 secs] 
[GC (Allocation Failure) [DefNew: 560242K->69248K(623616K), 0.4133411 secs] 1696068K->1258256K(2009472K), 0.4134277 secs] [Times: user=0.40 sys=0.00, real=0.41 secs] 

*** PauseDetector detected a 409 ms pause at Mon Dec 22 03:17:37 EET 2014 ***

[GC (Allocation Failure) [DefNew: 623616K->5908K(623616K), 0.0747802 secs] 1812624K->1259719K(2009472K), 0.0748180 secs] [Times: user=0.08 sys=0.00, real=0.08 secs] 
[GC (Allocation Failure) [DefNew: 560276K->69247K(623616K), 0.3200033 secs] 1814087K->1372193K(2009472K), 0.3200611 secs] [Times: user=0.31 sys=0.00, real=0.32 secs] 
[GC (Allocation Failure) [DefNew: 623615K->623615K(623616K), 0.0000199 secs][Tenured: 1302945K->863638K(1385856K), 2.5292758 secs] 1926561K->863638K(2009472K), [Metaspace: 10571K->10571K(12288K)], 2.5294336 secs] [Times: user=2.51 sys=0.00, real=2.52 secs] 

*** PauseDetector detected a 2527 ms pause at Mon Dec 22 03:17:44 EET 2014 ***

[GC (Allocation Failure) [DefNew: 554368K->69248K(623616K), 0.2643671 secs] 1418006K->980799K(2009472K), 0.2644300 secs] [Times: user=0.26 sys=0.00, real=0.26 secs] 
[GC (Allocation Failure) [DefNew: 623616K->5873K(623616K), 0.0642750 secs] 1535167K->982120K(2009472K), 0.0643809 secs] [Times: user=0.06 sys=0.00, real=0.06 secs] 
[GC (Allocation Failure) [DefNew: 560241K->69248K(623616K), 0.2713834 secs] 1536488K->1090935K(2009472K), 0.2714257 secs] [Times: user=0.26 sys=0.00, real=0.27 secs] 
[GC (Allocation Failure) [DefNew: 623616K->5885K(623616K), 0.0580729 secs] 1645303K->1092203K(2009472K), 0.0581159 secs] [Times: user=0.06 sys=0.00, real=0.06 secs] 
[GC (Allocation Failure) [DefNew: 560253K->69248K(623616K), 0.2204262 secs] 1646571K->1200311K(2009472K), 0.2204634 secs] [Times: user=0.20 sys=0.00, real=0.21 secs] 
[GC (Allocation Failure) [DefNew: 623616K->5919K(623616K), 0.0575789 secs] 1754679K->1201635K(2009472K), 0.0577021 secs] [Times: user=0.05 sys=0.00, real=0.06 secs] 
[GC (Allocation Failure) [DefNew: 560287K->69247K(623616K), 0.2434197 secs] 1756003K->1309137K(2009472K), 0.2434736 secs] [Times: user=0.23 sys=0.00, real=0.24 secs] 
[GC (Allocation Failure) [DefNew: 623615K->5905K(623616K), 0.0529916 secs] 1863505K->1310409K(2009472K), 0.0531180 secs] [Times: user=0.05 sys=0.00, real=0.05 secs] 
[GC (Allocation Failure) [DefNew: 560273K->69247K(623616K), 0.1874691 secs] 1864777K->1417468K(2009472K), 0.1875121 secs] [Times: user=0.19 sys=0.00, real=0.18 secs] 
[GC (Allocation Failure) [DefNew: 623615K->623615K(623616K), 0.0000212 secs][Tenured: 1348220K->858243K(1385856K), 2.5261083 secs] 1971836K->858243K(2009472K), [Metaspace: 10571K->10571K(12288K)], 2.5262135 secs] [Times: user=2.53 sys=0.00, real=2.52 secs] 

*** PauseDetector detected a 2522 ms pause at Mon Dec 22 03:18:04 EET 2014 ***

[Full GC (System.gc()) [Tenured: 858243K->854719K(1385856K), 2.0960150 secs] 1327519K->854719K(2009472K), [Metaspace: 10571K->10571K(12288K)], 2.0960689 secs] [Times: user=2.11 sys=0.00, real=2.10 secs] 
[Full GC (System.gc()) [Tenured: 854719K->785428K(1385856K), 2.2257500 secs] 854719K->785428K(2009472K), [Metaspace: 10571K->10571K(12288K)], 2.2257917 secs] [Times: user=2.22 sys=0.00, real=2.22 secs] 

*** PauseDetector detected a 4318 ms pause at Mon Dec 22 03:18:09 EET 2014 ***

[Full GC (System.gc()) [Tenured: 785428K->785433K(1385856K), 2.0208435 secs] 796491K->785433K(2009472K), [Metaspace: 10571K->10571K(12288K)], 2.0208897 secs] [Times: user=2.03 sys=0.00, real=2.02 secs] 

*** PauseDetector detected a 2019 ms pause at Mon Dec 22 03:18:11 EET 2014 ***

[Full GC (System.gc()) [Tenured: 785433K->785440K(1385856K), 1.9316805 secs] 796497K->785440K(2009472K), [Metaspace: 10571K->10571K(12288K)], 1.9318377 secs] [Times: user=1.93 sys=0.00, real=1.92 secs] 
[Full GC (System.gc()) [Tenured: 785440K->785495K(1385856K), 1.9751332 secs] 796501K->785495K(2009472K), [Metaspace: 10571K->10571K(12288K)], 1.9751742 secs] [Times: user=1.97 sys=0.00, real=1.98 secs] 
[Full GC (System.gc()) [Tenured: 785495K->781690K(1385856K), 2.1264957 secs] 785497K->781690K(2009472K), [Metaspace: 10571K->10571K(12288K)], 2.1266509 secs] [Times: user=2.14 sys=0.00, real=2.13 secs] 

*** PauseDetector detected a 3899 ms pause at Mon Dec 22 03:18:15 EET 2014 ***


*** PauseDetector detected a 2144 ms pause at Mon Dec 22 03:18:17 EET 2014 ***

[GC (Allocation Failure) [DefNew: 554368K->5909K(623616K), 0.0110563 secs] 1336058K->787600K(2009472K), 0.0112109 secs] [Times: user=0.00 sys=0.00, real=0.00 secs] 
[GC (Allocation Failure) [DefNew: 560277K->69248K(623616K), 0.1602483 secs] 1341968K->898676K(2009472K), 0.1603016 secs] [Times: user=0.16 sys=0.00, real=0.16 secs] 
[GC (Allocation Failure) [DefNew: 623616K->5954K(623616K), 0.0627128 secs] 1453044K->899916K(2009472K), 0.0627577 secs] [Times: user=0.06 sys=0.00, real=0.06 secs] 
[GC (Allocation Failure) [DefNew: 560322K->69248K(623616K), 0.1527676 secs] 1454284K->1004920K(2009472K), 0.1528330 secs] [Times: user=0.14 sys=0.00, real=0.14 secs] 
[GC (Allocation Failure) [DefNew: 623616K->5954K(623616K), 0.0500294 secs] 1559288K->1006156K(2009472K), 0.0501802 secs] [Times: user=0.05 sys=0.00, real=0.04 secs] 
[GC (Allocation Failure) [DefNew: 560322K->69247K(623616K), 0.1340111 secs] 1560524K->1110923K(2009472K), 0.1341593 secs] [Times: user=0.13 sys=0.00, real=0.13 secs] 
[Full GC (System.gc()) [Tenured: 1041675K->852465K(1385856K), 2.3239035 secs] 1333712K->852465K(2009472K), [Metaspace: 10571K->10571K(12288K)], 2.3239689 secs] [Times: user=2.29 sys=0.00, real=2.31 secs] 
[Full GC (System.gc()) [Tenured: 852465K->852387K(1385856K), 1.9364250 secs] 852467K->852387K(2009472K), [Metaspace: 10571K->10571K(12288K)], 1.9364737 secs] [Times: user=1.95 sys=0.00, real=1.95 secs] 
[Full GC (System.gc()) [Tenured: 852387K->852387K(1385856K), 1.9392171 secs] 852387K->852387K(2009472K), [Metaspace: 10571K->10571K(12288K)], 1.9392678 secs] [Times: user=1.92 sys=0.00, real=1.93 secs] 

*** PauseDetector detected a 2317 ms pause at Mon Dec 22 03:18:30 EET 2014 ***


*** PauseDetector detected a 3897 ms pause at Mon Dec 22 03:18:34 EET 2014 ***

********************************
********** ROUND   72 **********
********************************
[GC (Allocation Failure) [DefNew: 554368K->69247K(623616K), 0.1609675 secs] 1406755K->962827K(2009472K), 0.1610118 secs] [Times: user=0.16 sys=0.00, real=0.16 secs] 
[GC (Allocation Failure) [DefNew: 623615K->5881K(623616K), 0.0499608 secs] 1517195K->964060K(2009472K), 0.0500019 secs] [Times: user=0.05 sys=0.00, real=0.05 secs] 
[GC (Allocation Failure) [DefNew: 560249K->69248K(623616K), 0.1344794 secs] 1518428K->1068432K(2009472K), 0.1345943 secs] [Times: user=0.13 sys=0.00, real=0.13 secs] 
[GC (Allocation Failure) [DefNew: 623616K->5879K(623616K), 0.0509533 secs] 1622800K->1069666K(2009472K), 0.0509976 secs] [Times: user=0.05 sys=0.00, real=0.05 secs] 
[GC (Allocation Failure) [DefNew: 560247K->69248K(623616K), 0.1479474 secs] 1624034K->1173172K(2009472K), 0.1479891 secs] [Times: user=0.16 sys=0.00, real=0.14 secs] 
[GC (Allocation Failure) [DefNew: 623616K->5895K(623616K), 0.0458181 secs] 1727540K->1174395K(2009472K), 0.0458637 secs] [Times: user=0.05 sys=0.00, real=0.05 secs] 
[GC (Allocation Failure) [DefNew: 560263K->69248K(623616K), 0.1225699 secs] 1728763K->1277735K(2009472K), 0.1226135 secs] [Times: user=0.12 sys=0.00, real=0.12 secs] 
[GC (Allocation Failure) [DefNew: 623616K->5884K(623616K), 0.0452914 secs] 1832103K->1278942K(2009472K), 0.0453312 secs] [Times: user=0.05 sys=0.00, real=0.05 secs] 
[GC (Allocation Failure) [DefNew: 560252K->69247K(623616K), 0.1161015 secs] 1833310K->1382160K(2009472K), 0.1161432 secs] [Times: user=0.12 sys=0.00, real=0.12 secs] 
[GC (Allocation Failure) [DefNew: 623615K->623615K(623616K), 0.0000205 secs][Tenured: 1312912K->785102K(1385856K), 2.1966886 secs] 1936528K->785102K(2009472K), [Metaspace: 10571K->10571K(12288K)], 2.1967758 secs] [Times: user=2.18 sys=0.00, real=2.19 secs] 

*** PauseDetector detected a 2189 ms pause at Mon Dec 22 03:18:51 EET 2014 ***

[GC (Allocation Failure) [DefNew: 554368K->69248K(623616K), 0.1082358 secs] 1339470K->894085K(2009472K), 0.1082801 secs] [Times: user=0.11 sys=0.00, real=0.11 secs] 
[GC (Allocation Failure) [DefNew: 623616K->5890K(623616K), 0.0398316 secs] 1448453K->895295K(2009472K), 0.0398727 secs] [Times: user=0.03 sys=0.00, real=0.04 secs] 
[GC (Allocation Failure) [DefNew: 560258K->69247K(623616K), 0.1157230 secs] 1449663K->998296K(2009472K), 0.1157679 secs] [Times: user=0.11 sys=0.00, real=0.11 secs] 
[GC (Allocation Failure) [DefNew: 623615K->5871K(623616K), 0.0449360 secs] 1552664K->999470K(2009472K), 0.0449745 secs] [Times: user=0.05 sys=0.00, real=0.04 secs] 
[GC (Allocation Failure) [DefNew: 560239K->69248K(623616K), 0.1053500 secs] 1553838K->1102382K(2009472K), 0.1054526 secs] [Times: user=0.11 sys=0.00, real=0.10 secs] 
[GC (Allocation Failure) [DefNew: 623616K->5879K(623616K), 0.0455750 secs] 1656750K->1103572K(2009472K), 0.0456186 secs] [Times: user=0.05 sys=0.00, real=0.04 secs] 
[GC (Allocation Failure) [DefNew: 560247K->69248K(623616K), 0.1418698 secs] 1657940K->1206392K(2009472K), 0.1419179 secs] [Times: user=0.14 sys=0.00, real=0.14 secs] 
[GC (Allocation Failure) [DefNew: 623616K->5896K(623616K), 0.0409396 secs] 1760760K->1207594K(2009472K), 0.0410961 secs] [Times: user=0.03 sys=0.00, real=0.04 secs] 
[GC (Allocation Failure) [DefNew: 560264K->69248K(623616K), 0.1374538 secs] 1761962K->1310309K(2009472K), 0.1375006 secs] [Times: user=0.14 sys=0.00, real=0.13 secs] 
[GC (Allocation Failure) [DefNew: 623616K->5897K(623616K), 0.0424268 secs] 1864677K->1311515K(2009472K), 0.0424890 secs] [Times: user=0.03 sys=0.00, real=0.03 secs] 
[GC (Allocation Failure) [DefNew: 560265K->560265K(623616K), 0.0000205 secs][Tenured: 1305617K->852184K(1385856K), 2.2548012 secs] 1865883K->852184K(2009472K), [Metaspace: 10571K->10571K(12288K)]
*** PauseDetector detected a 2254 ms pause at Mon Dec 22 03:19:10 EET 2014 ***

, 2.2550155 secs] [Times: user=2.25 sys=0.00, real=2.25 secs] 
[GC (Allocation Failure) [DefNew: 554368K->5876K(623616K), 0.0119705 secs] 1406552K->858061K(2009472K), 0.0121181 secs] [Times: user=0.00 sys=0.00, real=0.01 secs] 
[GC (Allocation Failure) [DefNew: 560244K->69247K(623616K), 0.0922310 secs] 1412429K->960185K(2009472K), 0.0923786 secs] [Times: user=0.08 sys=0.00, real=0.08 secs] 
[GC (Allocation Failure) [DefNew: 623615K->5903K(623616K), 0.0476293 secs] 1514553K->961374K(2009472K), 0.0476717 secs] [Times: user=0.03 sys=0.00, real=0.04 secs] 
[GC (Allocation Failure) [DefNew: 560271K->69247K(623616K), 0.0899515 secs] 1515742K->1063382K(2009472K), 0.0900946 secs] [Times: user=0.08 sys=0.00, real=0.09 secs] 
[GC (Allocation Failure) [DefNew: 623615K->5899K(623616K), 0.0423164 secs] 1617750K->1064581K(2009472K), 0.0424216 secs] [Times: user=0.05 sys=0.00, real=0.04 secs] 
[GC (Allocation Failure) [DefNew: 560267K->69247K(623616K), 0.0898610 secs] 1618949K->1166571K(2009472K), 0.0900214 secs] [Times: user=0.09 sys=0.00, real=0.08 secs] 
[GC (Allocation Failure) [DefNew: 623615K->5904K(623616K), 0.0445260 secs] 1720939K->1167759K(2009472K), 0.0445709 secs] [Times: user=0.05 sys=0.00, real=0.04 secs] 
[GC (Allocation Failure) [DefNew: 560272K->69247K(623616K), 0.2923976 secs] 1722127K->1294370K(2009472K), 0.2925997 secs] [Times: user=0.28 sys=0.00, real=0.29 secs] 
[GC (Allocation Failure) [DefNew: 623615K->5899K(623616K), 0.0798775 secs] 1848738K->1296012K(2009472K), 0.0799429 secs] [Times: user=0.08 sys=0.00, real=0.08 secs] 
[GC (Allocation Failure) [DefNew: 560267K->69248K(623616K), 0.4244147 secs] 1850380K->1415061K(2009472K), 0.4245218 secs] [Times: user=0.42 sys=0.00, real=0.41 secs] 

*** PauseDetector detected a 417 ms pause at Mon Dec 22 03:19:27 EET 2014 ***

[GC (Allocation Failure) [DefNew: 623616K->623616K(623616K), 0.0000212 secs][Tenured: 1345813K->868189K(1385856K), 2.3276817 secs] 1969429K->868189K(2009472K), [Metaspace: 10571K->10571K(12288K)], 2.3277811 secs] [Times: user=2.31 sys=0.00, real=2.32 secs] 

*** PauseDetector detected a 2322 ms pause at Mon Dec 22 03:19:30 EET 2014 ***

[GC (Allocation Failure) [DefNew: 554368K->69247K(623616K), 0.3467814 secs] 1422557K->990600K(2009472K), 0.3468225 secs] [Times: user=0.34 sys=0.00, real=0.34 secs] 
[GC (Allocation Failure) [DefNew: 623615K->5872K(623616K), 0.1008769 secs] 1544968K->992045K(2009472K), 0.1009276 secs] [Times: user=0.09 sys=0.00, real=0.10 secs] 
[GC (Allocation Failure) [DefNew: 560240K->69247K(623616K), 0.3287300 secs] 1546413K->1104527K(2009472K), 0.3288725 secs] [Times: user=0.33 sys=0.00, real=0.33 secs] 
[GC (Allocation Failure) [DefNew: 623615K->5906K(623616K), 0.0699510 secs] 1658895K->1105926K(2009472K), 0.0699908 secs] [Times: user=0.08 sys=0.00, real=0.07 secs] 
[GC (Allocation Failure) [DefNew: 560274K->69248K(623616K), 0.2647226 secs] 1660294K->1217166K(2009472K), 0.2647649 secs] [Times: user=0.26 sys=0.00, real=0.26 secs] 
[GC (Allocation Failure) [DefNew: 623616K->5914K(623616K), 0.0793463 secs] 1771534K->1218543K(2009472K), 0.0794470 secs] [Times: user=0.06 sys=0.00, real=0.08 secs] 
[GC (Allocation Failure) [DefNew: 560282K->69248K(623616K), 0.2491451 secs] 1772911K->1327301K(2009472K), 0.2491894 secs] [Times: user=0.25 sys=0.00, real=0.25 secs] 
[GC (Allocation Failure) [DefNew: 623616K->5906K(623616K), 0.0613250 secs] 1881669K->1328606K(2009472K), 0.0615380 secs] [Times: user=0.05 sys=0.00, real=0.05 secs] 
[GC (Allocation Failure) [DefNew: 560274K->560274K(623616K), 0.0000289 secs][Tenured: 1322699K->858008K(1385856K), 2.5306417 secs] 1882974K->858008K(2009472K), [Metaspace: 10571K->10571K(12288K)], 2.5307828 secs] [Times: user=2.53 sys=0.00, real=2.53 secs] 

*** PauseDetector detected a 2532 ms pause at Mon Dec 22 03:19:49 EET 2014 ***

[GC (Allocation Failure) [DefNew: 554368K->5905K(623616K), 0.0148589 secs] 1412376K->863914K(2009472K), 0.0149096 secs] [Times: user=0.00 sys=0.00, real=0.01 secs] 
[GC (Allocation Failure) [DefNew: 560273K->69247K(623616K), 0.1835517 secs] 1418282K->971399K(2009472K), 0.1836986 secs] [Times: user=0.17 sys=0.00, real=0.18 secs] 
[GC (Allocation Failure) [DefNew: 623615K->5911K(623616K), 0.0676984 secs] 1525767K->972707K(2009472K), 0.0677414 secs] [Times: user=0.06 sys=0.00, real=0.07 secs] 
[GC (Allocation Failure) [DefNew: 560279K->69247K(623616K), 0.1876507 secs] 1527075K->1079754K(2009472K), 0.1877944 secs] [Times: user=0.19 sys=0.00, real=0.18 secs] 
[GC (Allocation Failure) [DefNew: 623615K->5908K(623616K), 0.0482022 secs] 1634122K->1081036K(2009472K), 0.0482465 secs] [Times: user=0.05 sys=0.00, real=0.04 secs] 
[GC (Allocation Failure) [DefNew: 560276K->69248K(623616K), 0.1763301 secs] 1635404K->1186645K(2009472K), 0.1763699 secs] [Times: user=0.17 sys=0.00, real=0.17 secs] 
[GC (Allocation Failure) [DefNew: 623616K->5873K(623616K), 0.0576847 secs] 1741013K->1187857K(2009472K), 0.0577277 secs] [Times: user=0.06 sys=0.00, real=0.06 secs] 
[GC (Allocation Failure) [DefNew: 560241K->69247K(623616K), 0.1547083 secs] 1742225K->1293182K(2009472K), 0.1547481 secs] [Times: user=0.16 sys=0.00, real=0.15 secs] 
[GC (Allocation Failure) [DefNew: 623615K->5870K(623616K), 0.0520594 secs] 1847550K->1294389K(2009472K), 0.0522114 secs] [Times: user=0.05 sys=0.00, real=0.05 secs] 
[GC (Allocation Failure) [DefNew: 560238K->69248K(623616K), 0.1669881 secs] 1848757K->1399427K(2009472K), 0.1671889 secs] [Times: user=0.17 sys=0.00, real=0.17 secs] 
[GC (Allocation Failure) [DefNew: 623616K->623616K(623616K), 0.0000295 secs][Tenured: 1330179K->786909K(1385856K), 2.4458696 secs] 1953795K->786909K(2009472K), [Metaspace: 10571K->10571K(12288K)], 2.4459934 secs] [Times: user=2.43 sys=0.02, real=2.45 secs] 

*** PauseDetector detected a 2448 ms pause at Mon Dec 22 03:20:08 EET 2014 ***

[GC (Allocation Failure) [DefNew: 554368K->69248K(623616K), 0.1547006 secs] 1341277K->897585K(2009472K), 0.1548148 secs] [Times: user=0.16 sys=0.00, real=0.15 secs] 
[GC (Allocation Failure) [DefNew: 623616K->5875K(623616K), 0.0464835 secs] 1451953K->898786K(2009472K), 0.0465226 secs] [Times: user=0.05 sys=0.00, real=0.05 secs] 
[GC (Allocation Failure) [DefNew: 560243K->69248K(623616K), 0.1570065 secs] 1453154K->1003381K(2009472K), 0.1570488 secs] [Times: user=0.16 sys=0.00, real=0.15 secs] 
[GC (Allocation Failure) [DefNew: 623616K->5883K(623616K), 0.0443656 secs] 1557749K->1004586K(2009472K), 0.0445170 secs] [Times: user=0.05 sys=0.00, real=0.04 secs] 
[GC (Allocation Failure) [DefNew: 560251K->69248K(623616K), 0.1314281 secs] 1558954K->1108976K(2009472K), 0.1314980 secs] [Times: user=0.13 sys=0.00, real=0.12 secs] 
[GC (Allocation Failure) [DefNew: 623616K->5870K(623616K), 0.0424839 secs] 1663344K->1110180K(2009472K), 0.0425224 secs] [Times: user=0.05 sys=0.00, real=0.03 secs] 
[GC (Allocation Failure) [DefNew: 560238K->69247K(623616K), 0.1525661 secs] 1664548K->1213730K(2009472K), 0.1526078 secs] [Times: user=0.14 sys=0.00, real=0.14 secs] 
[GC (Allocation Failure) [DefNew: 623615K->5916K(623616K), 0.0429413 secs] 1768098K->1214939K(2009472K), 0.0429843 secs] [Times: user=0.05 sys=0.00, real=0.04 secs] 
[GC (Allocation Failure) [DefNew: 560284K->69248K(623616K), 0.1321839 secs] 1769307K->1318259K(2009472K), 0.1323314 secs] [Times: user=0.14 sys=0.00, real=0.13 secs] 
[GC (Allocation Failure) [DefNew: 623616K->5914K(623616K), 0.0476697 secs] 1872627K->1319494K(2009472K), 0.0477172 secs] [Times: user=0.05 sys=0.00, real=0.04 secs] 
[GC (Allocation Failure) [DefNew: 560282K->560282K(623616K), 0.0000199 secs][Tenured: 1313580K->853248K(1385856K), 2.3094481 secs] 1873862K->853248K(2009472K), [Metaspace: 10571K->10571K(12288K)], 2.3095527 secs] [Times: user=2.31 sys=0.00, real=2.30 secs] 

*** PauseDetector detected a 2306 ms pause at Mon Dec 22 03:20:28 EET 2014 ***

[GC (Allocation Failure) [DefNew: 554368K->5916K(623616K), 0.0116382 secs] 1407616K->859164K(2009472K), 0.0117505 secs] [Times: user=0.00 sys=0.00, real=0.00 secs] 
[GC (Allocation Failure) [DefNew: 560284K->69248K(623616K), 0.1100758 secs] 1413532K->962261K(2009472K), 0.1102260 secs] [Times: user=0.11 sys=0.00, real=0.10 secs] 
[GC (Allocation Failure) [DefNew: 623616K->5889K(623616K), 0.0476178 secs] 1516629K->963440K(2009472K), 0.0476659 secs] [Times: user=0.05 sys=0.00, real=0.04 secs] 
[GC (Allocation Failure) [DefNew: 560257K->69247K(623616K), 0.1062617 secs] 1517808K->1066452K(2009472K), 0.1064105 secs] [Times: user=0.09 sys=0.00, real=0.10 secs] 
[GC (Allocation Failure) [DefNew: 623615K->5917K(623616K), 0.0422529 secs] 1620820K->1067662K(2009472K), 0.0424043 secs] [Times: user=0.03 sys=0.00, real=0.04 secs] 
[GC (Allocation Failure) [DefNew: 560285K->69247K(623616K), 0.1196327 secs] 1622030K->1170552K(2009472K), 0.1196738 secs] [Times: user=0.11 sys=0.00, real=0.11 secs] 
[GC (Allocation Failure) [DefNew: 623615K->5912K(623616K), 0.0489336 secs] 1724920K->1171752K(2009472K), 0.0489779 secs] [Times: user=0.05 sys=0.00, real=0.04 secs] 
[GC (Allocation Failure) [DefNew: 560280K->69247K(623616K), 0.1209974 secs] 1726120K->1274539K(2009472K), 0.1210410 secs] [Times: user=0.11 sys=0.00, real=0.12 secs] 
[GC (Allocation Failure) [DefNew: 623615K->5917K(623616K), 0.0450797 secs] 1828907K->1275760K(2009472K), 0.0452253 secs] [Times: user=0.05 sys=0.00, real=0.04 secs] 
[GC (Allocation Failure) [DefNew: 560285K->69247K(623616K), 0.1088536 secs] 1830128K->1378463K(2009472K), 0.1089178 secs] [Times: user=0.09 sys=0.00, real=0.11 secs] 
[GC (Allocation Failure) [DefNew: 623615K->623615K(623616K), 0.0000212 secs][Tenured: 1309215K->853217K(1385856K), 2.3670629 secs] 1932831K->853217K(2009472K), [Metaspace: 10571K->10571K(12288K)], 2.3671495 secs] [Times: user=2.37 sys=0.00, real=2.37 secs] 

*** PauseDetector detected a 2399 ms pause at Mon Dec 22 03:20:47 EET 2014 ***

[GC (Allocation Failure) [DefNew: 554368K->69247K(623616K), 0.1017142 secs] 1407585K->961282K(2009472K), 0.1017764 secs] [Times: user=0.09 sys=0.00, real=0.10 secs] 
[GC (Allocation Failure) [DefNew: 623615K->5892K(623616K), 0.0538231 secs] 1515650K->962466K(2009472K), 0.0538648 secs] [Times: user=0.05 sys=0.00, real=0.05 secs] 
[GC (Allocation Failure) [DefNew: 560260K->69248K(623616K), 0.1143269 secs] 1516834K->1064594K(2009472K), 0.1143705 secs] [Times: user=0.13 sys=0.00, real=0.11 secs] 
[GC (Allocation Failure) [DefNew: 623616K->5896K(623616K), 0.0457957 secs] 1618962K->1065754K(2009472K), 0.0458406 secs] [Times: user=0.03 sys=0.00, real=0.04 secs] 
[GC (Allocation Failure) [DefNew: 560264K->69247K(623616K), 0.0988566 secs] 1620122K->1167765K(2009472K), 0.0989990 secs] [Times: user=0.09 sys=0.00, real=0.10 secs] 
[GC (Allocation Failure) [DefNew: 623615K->5914K(623616K), 0.0454595 secs] 1722133K->1168984K(2009472K), 0.0455076 secs] [Times: user=0.05 sys=0.00, real=0.04 secs] 
[GC (Allocation Failure) [DefNew: 560282K->69247K(623616K), 0.1040700 secs] 1723352K->1270954K(2009472K), 0.1041117 secs] [Times: user=0.11 sys=0.00, real=0.10 secs] 
[GC (Allocation Failure) [DefNew: 623615K->5912K(623616K), 0.0444779 secs] 1825322K->1272129K(2009472K), 0.0445215 secs] [Times: user=0.03 sys=0.00, real=0.04 secs] 
[GC (Allocation Failure) [DefNew: 560280K->69248K(623616K), 0.2942883 secs] 1826497K->1398775K(2009472K), 0.2944314 secs] [Times: user=0.30 sys=0.00, real=0.29 secs] 
[GC (Allocation Failure) [DefNew: 623616K->623616K(623616K), 0.0000186 secs][Tenured: 1329527K->877006K(1385856K), 2.3413473 secs] 1953143K->877006K(2009472K), [Metaspace: 10571K->10571K(12288K)], 2.3414313 secs] [Times: user=2.36 sys=0.00, real=2.34 secs] 

*** PauseDetector detected a 2343 ms pause at Mon Dec 22 03:21:05 EET 2014 ***

[GC (Allocation Failure) [DefNew: 554368K->69247K(623616K), 0.4222121 secs] 1431374K->1001981K(2009472K), 0.4222570 secs] [Times: user=0.41 sys=0.00, real=0.41 secs] 

*** PauseDetector detected a 417 ms pause at Mon Dec 22 03:21:07 EET 2014 ***

[Full GC (System.gc()) [Tenured: 932733K->798831K(1385856K), 2.0784949 secs] 1013354K->798831K(2009472K), [Metaspace: 10571K->10571K(12288K)], 2.0785655 secs] [Times: user=2.07 sys=0.00, real=2.08 secs] 
[Full GC (System.gc()) [Tenured: 798831K->798831K(1385856K), 2.1320190 secs] 798831K->798831K(2009472K), [Metaspace: 10571K->10571K(12288K)]
*** PauseDetector detected a 4206 ms pause at Mon Dec 22 03:21:12 EET 2014 ***

, 2.1320678 secs] [Times: user=2.14 sys=0.00, real=2.13 secs] 
[Full GC (System.gc()) [Tenured: 798831K->798966K(1385856K), 2.1499664 secs] 809972K->798966K(2009472K), [Metaspace: 10571K->10571K(12288K)], 2.1500107 secs] [Times: user=2.15 sys=0.00, real=2.15 secs] 

*** PauseDetector detected a 2150 ms pause at Mon Dec 22 03:21:14 EET 2014 ***

[Full GC (System.gc()) [Tenured: 798966K->798972K(1385856K), 2.1110529 secs] 810107K->798972K(2009472K), [Metaspace: 10571K->10571K(12288K)], 2.1111203 secs] [Times: user=2.11 sys=0.00, real=2.11 secs] 
[Full GC (System.gc()) [Tenured: 798972K->794446K(1385856K), 2.0446620 secs] 810113K->794446K(2009472K), [Metaspace: 10571K->10571K(12288K)], 2.0447057 secs] [Times: user=2.06 sys=0.00, real=2.05 secs] 
[Full GC (System.gc()) [Tenured: 794446K->794446K(1385856K), 2.0808706 secs] 794446K->794446K(2009472K), [Metaspace: 10571K->10571K(12288K)], 2.0809335 secs] [Times: user=2.08 sys=0.00, real=2.07 secs] 

*** PauseDetector detected a 2111 ms pause at Mon Dec 22 03:21:16 EET 2014 ***


*** PauseDetector detected a 4145 ms pause at Mon Dec 22 03:21:20 EET 2014 ***

[GC (Allocation Failure) [DefNew: 554368K->69248K(623616K), 0.3360280 secs] 1348814K->916920K(2009472K), 0.3361030 secs] [Times: user=0.33 sys=0.00, real=0.34 secs] 
[GC (Allocation Failure) [DefNew: 623616K->5954K(623616K), 0.0930247 secs] 1471288K->918384K(2009472K), 0.0930760 secs] [Times: user=0.09 sys=0.00, real=0.09 secs] 
[GC (Allocation Failure) [DefNew: 560322K->69247K(623616K), 0.3609628 secs] 1472752K->1030857K(2009472K), 0.3610051 secs] [Times: user=0.34 sys=0.00, real=0.36 secs] 

*** PauseDetector detected a 357 ms pause at Mon Dec 22 03:21:26 EET 2014 ***

[GC (Allocation Failure) [DefNew: 623615K->5954K(623616K), 0.0880499 secs] 1585225K->1032230K(2009472K), 0.0881115 secs] [Times: user=0.09 sys=0.00, real=0.09 secs] 
[GC (Allocation Failure) [DefNew: 560322K->69248K(623616K), 0.3145403 secs] 1586598K->1143481K(2009472K), 0.3145923 secs] [Times: user=0.31 sys=0.00, real=0.31 secs] 
[Full GC (System.gc()) [Tenured: 1074233K->860055K(1385856K), 2.4589918 secs] 1466524K->860055K(2009472K), [Metaspace: 10571K->10571K(12288K)], 2.4591643 secs] [Times: user=2.45 sys=0.00, real=2.46 secs] 
[Full GC (System.gc()) [Tenured: 860055K->860055K(1385856K), 1.9575334 secs] 860055K->860055K(2009472K), [Metaspace: 10571K->10571K(12288K)], 1.9575719 secs] [Times: user=1.95 sys=0.00, real=1.96 secs] 
[Full GC (System.gc()) [Tenured: 860055K->790686K(1385856K), 1.9695617 secs] 860057K->790686K(2009472K), [Metaspace: 10571K->10571K(12288K)]
*** PauseDetector detected a 4417 ms pause at Mon Dec 22 03:21:34 EET 2014 ***


*** PauseDetector detected a 1979 ms pause at Mon Dec 22 03:21:36 EET 2014 ***

, 1.9696810 secs] [Times: user=1.98 sys=0.00, real=1.97 secs] 
********************************
********** ROUND   73 **********
********************************
[GC (Allocation Failure) [DefNew: 554368K->69247K(623616K), 0.2819931 secs] 1345054K->905339K(2009472K), 0.2820342 secs] [Times: user=0.28 sys=0.00, real=0.28 secs] 
[GC (Allocation Failure) [DefNew: 623615K->5884K(623616K), 0.0669812 secs] 1459707K->906642K(2009472K), 0.0670851 secs] [Times: user=0.06 sys=0.00, real=0.06 secs] 
[GC (Allocation Failure) [DefNew: 560252K->69247K(623616K), 0.1914418 secs] 1461010K->1014711K(2009472K), 0.1915489 secs] [Times: user=0.19 sys=0.00, real=0.18 secs] 
[GC (Allocation Failure) [DefNew: 623615K->5880K(623616K), 0.0544287 secs] 1569079K->1016011K(2009472K), 0.0545776 secs] [Times: user=0.06 sys=0.00, real=0.05 secs] 
[GC (Allocation Failure) [DefNew: 560248K->69248K(623616K), 0.2275785 secs] 1570379K->1123538K(2009472K), 0.2276196 secs] [Times: user=0.22 sys=0.00, real=0.22 secs] 
[GC (Allocation Failure) [DefNew: 623616K->5888K(623616K), 0.0552301 secs] 1677906K->1124831K(2009472K), 0.0552775 secs] [Times: user=0.06 sys=0.00, real=0.05 secs] 
[GC (Allocation Failure) [DefNew: 560256K->69248K(623616K), 0.2104478 secs] 1679199K->1231871K(2009472K), 0.2106031 secs] [Times: user=0.20 sys=0.00, real=0.20 secs] 
[GC (Allocation Failure) [DefNew: 623616K->5888K(623616K), 0.0542221 secs] 1786239K->1233162K(2009472K), 0.0542664 secs] [Times: user=0.05 sys=0.00, real=0.05 secs] 
[GC (Allocation Failure) [DefNew: 560256K->69248K(623616K), 0.2239215 secs] 1787530K->1338772K(2009472K), 0.2239748 secs] [Times: user=0.22 sys=0.00, real=0.22 secs] 
[GC (Allocation Failure) [DefNew: 623616K->5892K(623616K), 0.0546713 secs] 1893140K->1340022K(2009472K), 0.0547784 secs] [Times: user=0.06 sys=0.00, real=0.06 secs] 
[GC (Allocation Failure) [DefNew: 560260K->560260K(623616K), 0.0000192 secs][Tenured: 1334130K->855235K(1385856K), 2.2905672 secs] 1894390K->855235K(2009472K), [Metaspace: 10572K->10572K(12288K)], 2.2907244 secs] [Times: user=2.28 sys=0.00, real=2.28 secs] 

*** PauseDetector detected a 2283 ms pause at Mon Dec 22 03:21:57 EET 2014 ***

[GC (Allocation Failure) [DefNew: 554368K->5900K(623616K), 0.0129239 secs] 1409603K->861136K(2009472K), 0.0129669 secs] [Times: user=0.02 sys=0.00, real=0.01 secs] 
[GC (Allocation Failure) [DefNew: 560268K->69248K(623616K), 0.1424279 secs] 1415504K->966126K(2009472K), 0.1424690 secs] [Times: user=0.14 sys=0.00, real=0.14 secs] 
[GC (Allocation Failure) [DefNew: 623616K->5865K(623616K), 0.0528575 secs] 1520494K->967341K(2009472K), 0.0529063 secs] [Times: user=0.05 sys=0.00, real=0.05 secs] 
[GC (Allocation Failure) [DefNew: 560233K->69248K(623616K), 0.1409818 secs] 1521709K->1072131K(2009472K), 0.1410242 secs] [Times: user=0.14 sys=0.00, real=0.13 secs] 
[GC (Allocation Failure) [DefNew: 623616K->5902K(623616K), 0.0538718 secs] 1626499K->1073379K(2009472K), 0.0539161 secs] [Times: user=0.05 sys=0.00, real=0.05 secs] 
[GC (Allocation Failure) [DefNew: 560270K->69248K(623616K), 0.1256084 secs] 1627747K->1177928K(2009472K), 0.1256886 secs] [Times: user=0.13 sys=0.00, real=0.12 secs] 
[GC (Allocation Failure) [DefNew: 623616K->5896K(623616K), 0.0490042 secs] 1732296K->1179164K(2009472K), 0.0490466 secs] [Times: user=0.05 sys=0.00, real=0.05 secs] 
[GC (Allocation Failure) [DefNew: 560264K->69247K(623616K), 0.1418710 secs] 1733532K->1283540K(2009472K), 0.1419083 secs] [Times: user=0.14 sys=0.00, real=0.14 secs] 
[GC (Allocation Failure) [DefNew: 623615K->5901K(623616K), 0.0496278 secs] 1837908K->1284777K(2009472K), 0.0496721 secs] [Times: user=0.03 sys=0.00, real=0.05 secs] 
[GC (Allocation Failure) [DefNew: 560269K->69248K(623616K), 0.1516448 secs] 1839145K->1388251K(2009472K), 0.1516878 secs] [Times: user=0.16 sys=0.00, real=0.15 secs] 
[GC (Allocation Failure) [DefNew: 623616K->623616K(623616K), 0.0001187 secs][Tenured: 1319003K->854664K(1385856K), 2.2090922 secs] 1942619K->854664K(2009472K), [Metaspace: 10572K->10572K(12288K)], 2.2092795 secs] [Times: user=2.20 sys=0.00, real=2.21 secs] 

*** PauseDetector detected a 2207 ms pause at Mon Dec 22 03:22:16 EET 2014 ***

[GC (Allocation Failure) [DefNew: 554368K->69248K(623616K), 0.1360988 secs] 1409032K->963920K(2009472K), 0.1361405 secs] [Times: user=0.12 sys=0.00, real=0.13 secs] 
[GC (Allocation Failure) [DefNew: 623616K->5897K(623616K), 0.0407914 secs] 1518288K->965121K(2009472K), 0.0409390 secs] [Times: user=0.03 sys=0.00, real=0.03 secs] 
[GC (Allocation Failure) [DefNew: 560265K->69248K(623616K), 0.1065741 secs] 1519489K->1068338K(2009472K), 0.1066171 secs] [Times: user=0.11 sys=0.00, real=0.10 secs] 
[GC (Allocation Failure) [DefNew: 623616K->5901K(623616K), 0.0406111 secs] 1622706K->1069546K(2009472K), 0.0407131 secs] [Times: user=0.03 sys=0.00, real=0.04 secs] 
[GC (Allocation Failure) [DefNew: 560269K->69247K(623616K), 0.1319921 secs] 1623914K->1172646K(2009472K), 0.1321050 secs] [Times: user=0.13 sys=0.00, real=0.12 secs] 
[GC (Allocation Failure) [DefNew: 623615K->5865K(623616K), 0.0411802 secs] 1727014K->1173813K(2009472K), 0.0412886 secs] [Times: user=0.03 sys=0.00, real=0.03 secs] 
[GC (Allocation Failure) [DefNew: 560233K->69248K(623616K), 0.1024565 secs] 1728181K->1276839K(2009472K), 0.1026066 secs] [Times: user=0.09 sys=0.00, real=0.09 secs] 
[GC (Allocation Failure) [DefNew: 623616K->5900K(623616K), 0.0445145 secs] 1831207K->1278042K(2009472K), 0.0446614 secs] [Times: user=0.03 sys=0.00, real=0.04 secs] 
[GC (Allocation Failure) [DefNew: 560268K->69248K(623616K), 0.1339303 secs] 1832410K->1380939K(2009472K), 0.1340791 secs] [Times: user=0.13 sys=0.00, real=0.13 secs] 
[GC (Allocation Failure) [DefNew: 623616K->623616K(623616K), 0.0001174 secs][Tenured: 1311691K->854036K(1385856K), 2.1198169 secs] 1935307K->854036K(2009472K), [Metaspace: 10572K->10572K(12288K)], 2.1200215 secs] [Times: user=2.12 sys=0.00, real=2.12 secs] 

*** PauseDetector detected a 2120 ms pause at Mon Dec 22 03:22:33 EET 2014 ***

[GC (Allocation Failure) [DefNew: 554368K->69248K(623616K), 0.0975721 secs] 1408404K->962741K(2009472K), 0.0976780 secs] [Times: user=0.09 sys=0.00, real=0.10 secs] 
[GC (Allocation Failure) [DefNew: 623616K->5898K(623616K), 0.0472867 secs] 1517109K->963938K(2009472K), 0.0473303 secs] [Times: user=0.05 sys=0.00, real=0.05 secs] 
[GC (Allocation Failure) [DefNew: 560266K->69247K(623616K), 0.1021055 secs] 1518306K->1066648K(2009472K), 0.1021479 secs] [Times: user=0.09 sys=0.00, real=0.10 secs] 
[GC (Allocation Failure) [DefNew: 623615K->5904K(623616K), 0.0422029 secs] 1621016K->1067864K(2009472K), 0.0423517 secs] [Times: user=0.03 sys=0.00, real=0.03 secs] 
[GC (Allocation Failure) [DefNew: 560272K->69248K(623616K), 0.1220476 secs] 1622232K->1170035K(2009472K), 0.1220900 secs] [Times: user=0.11 sys=0.00, real=0.12 secs] 
[GC (Allocation Failure) [DefNew: 623616K->5907K(623616K), 0.0454197 secs] 1724403K->1171223K(2009472K), 0.0454634 secs] [Times: user=0.05 sys=0.00, real=0.04 secs] 
[GC (Allocation Failure) [DefNew: 560275K->69248K(623616K), 0.1101746 secs] 1725591K->1273317K(2009472K), 0.1102413 secs] [Times: user=0.11 sys=0.00, real=0.11 secs] 
[GC (Allocation Failure) [DefNew: 623616K->5891K(623616K), 0.0450617 secs] 1827685K->1274492K(2009472K), 0.0451034 secs] [Times: user=0.05 sys=0.00, real=0.04 secs] 
[GC (Allocation Failure) [DefNew: 560259K->69247K(623616K), 0.1058273 secs] 1828860K->1376525K(2009472K), 0.1058716 secs] [Times: user=0.11 sys=0.00, real=0.11 secs] 
[GC (Allocation Failure) [DefNew: 623615K->623615K(623616K), 0.0000199 secs][Tenured: 1307277K->783916K(1385856K), 2.2844748 secs] 1930893K->783916K(2009472K), [Metaspace: 10572K->10572K(12288K)], 2.2846666 secs] [Times: user=2.29 sys=0.00, real=2.28 secs] 

*** PauseDetector detected a 2287 ms pause at Mon Dec 22 03:22:51 EET 2014 ***

[GC (Allocation Failure) [DefNew: 554368K->69248K(623616K), 0.0859224 secs] 1338284K->891765K(2009472K), 0.0859641 secs] [Times: user=0.08 sys=0.00, real=0.08 secs] 
[GC (Allocation Failure) [DefNew: 623616K->5907K(623616K), 0.0437157 secs] 1446133K->892971K(2009472K), 0.0438164 secs] [Times: user=0.05 sys=0.00, real=0.04 secs] 
[GC (Allocation Failure) [DefNew: 560275K->69248K(623616K), 0.3405523 secs] 1447339K->1019588K(2009472K), 0.3405985 secs] [Times: user=0.33 sys=0.00, real=0.34 secs] 
[GC (Allocation Failure) [DefNew: 623616K->5913K(623616K), 0.0854688 secs] 1573956K->1021236K(2009472K), 0.0855843 secs] [Times: user=0.09 sys=0.00, real=0.08 secs] 
[GC (Allocation Failure) [DefNew: 560281K->69248K(623616K), 0.4234164 secs] 1575604K->1140302K(2009472K), 0.4235626 secs] [Times: user=0.42 sys=0.00, real=0.42 secs] 

*** PauseDetector detected a 424 ms pause at Mon Dec 22 03:23:00 EET 2014 ***

[GC (Allocation Failure) [DefNew: 623616K->5904K(623616K), 0.0764893 secs] 1694670K->1141807K(2009472K), 0.0766395 secs] [Times: user=0.08 sys=0.00, real=0.08 secs] 
[GC (Allocation Failure) [DefNew: 560272K->69248K(623616K), 0.3919907 secs] 1696175K->1258287K(2009472K), 0.3921338 secs] [Times: user=0.39 sys=0.00, real=0.38 secs] 

*** PauseDetector detected a 388 ms pause at Mon Dec 22 03:23:03 EET 2014 ***

[GC (Allocation Failure) [DefNew: 623616K->5886K(623616K), 0.0656704 secs] 1812655K->1259772K(2009472K), 0.0657173 secs] [Times: user=0.05 sys=0.00, real=0.06 secs] 
[GC (Allocation Failure) [DefNew: 560254K->69248K(623616K), 0.3150920 secs] 1814140K->1372265K(2009472K), 0.3152358 secs] [Times: user=0.33 sys=0.00, real=0.31 secs] 
[GC (Allocation Failure) [DefNew: 623616K->623616K(623616K), 0.0000205 secs][Tenured: 1303017K->863651K(1385856K), 2.5008700 secs] 1926633K->863651K(2009472K), [Metaspace: 10572K->10572K(12288K)], 2.5010246 secs] [Times: user=2.50 sys=0.00, real=2.49 secs] 

*** PauseDetector detected a 2493 ms pause at Mon Dec 22 03:23:11 EET 2014 ***

[GC (Allocation Failure) [DefNew: 554368K->69247K(623616K), 0.2660410 secs] 1418019K->980807K(2009472K), 0.2661449 secs] [Times: user=0.26 sys=0.00, real=0.26 secs] 
[GC (Allocation Failure) [DefNew: 623615K->5904K(623616K), 0.0625671 secs] 1535175K->982165K(2009472K), 0.0627076 secs] [Times: user=0.06 sys=0.00, real=0.06 secs] 
[GC (Allocation Failure) [DefNew: 560272K->69248K(623616K), 0.2860473 secs] 1536533K->1090945K(2009472K), 0.2861089 secs] [Times: user=0.28 sys=0.00, real=0.28 secs] 
[GC (Allocation Failure) [DefNew: 623616K->5869K(623616K), 0.0544069 secs] 1645313K->1092200K(2009472K), 0.0544493 secs] [Times: user=0.05 sys=0.00, real=0.05 secs] 
[GC (Allocation Failure) [DefNew: 560237K->69247K(623616K), 0.2236104 secs] 1646568K->1200322K(2009472K), 0.2237624 secs] [Times: user=0.22 sys=0.00, real=0.22 secs] 
[GC (Allocation Failure) [DefNew: 623615K->5912K(623616K), 0.0615342 secs] 1754690K->1201617K(2009472K), 0.0616356 secs] [Times: user=0.06 sys=0.00, real=0.06 secs] 
[GC (Allocation Failure) [DefNew: 560280K->69247K(623616K), 0.2145231 secs] 1755985K->1309134K(2009472K), 0.2146726 secs] [Times: user=0.22 sys=0.00, real=0.21 secs] 
[GC (Allocation Failure) [DefNew: 623615K->5914K(623616K), 0.0638528 secs] 1863502K->1310431K(2009472K), 0.0639510 secs] [Times: user=0.06 sys=0.00, real=0.06 secs] 
[GC (Allocation Failure) [DefNew: 560282K->69247K(623616K), 0.2166871 secs] 1864799K->1417476K(2009472K), 0.2167885 secs] [Times: user=0.22 sys=0.00, real=0.21 secs] 
[GC (Allocation Failure) [DefNew: 623615K->623615K(623616K), 0.0000186 secs][Tenured: 1348228K->858240K(1385856K), 2.4474755 secs] 1971844K->858240K(2009472K), [Metaspace: 10572K->10572K(12288K)], 2.4475582 secs] [Times: user=2.43 sys=0.00, real=2.45 secs] 

*** PauseDetector detected a 2468 ms pause at Mon Dec 22 03:23:30 EET 2014 ***

[GC (Allocation Failure) [DefNew: 554368K->69248K(623616K), 0.1770134 secs] 1412608K->969763K(2009472K), 0.1771930 secs] [Times: user=0.17 sys=0.00, real=0.18 secs] 
[GC (Allocation Failure) [DefNew: 623616K->5862K(623616K), 0.0440474 secs] 1524131K->970958K(2009472K), 0.0440859 secs] [Times: user=0.03 sys=0.00, real=0.03 secs] 
[GC (Allocation Failure) [DefNew: 560230K->69248K(623616K), 0.1819997 secs] 1525326K->1076305K(2009472K), 0.1820433 secs] [Times: user=0.17 sys=0.00, real=0.18 secs] 
[GC (Allocation Failure) [DefNew: 623616K->5891K(623616K), 0.0462448 secs] 1630673K->1077522K(2009472K), 0.0463924 secs] [Times: user=0.05 sys=0.00, real=0.04 secs] 
[GC (Allocation Failure) [DefNew: 560259K->69248K(623616K), 0.2024698 secs] 1631890K->1182546K(2009472K), 0.2025089 secs] [Times: user=0.20 sys=0.00, real=0.19 secs] 
[GC (Allocation Failure) [DefNew: 623616K->5861K(623616K), 0.0508391 secs] 1736914K->1183732K(2009472K), 0.0508821 secs] [Times: user=0.05 sys=0.00, real=0.05 secs] 
[GC (Allocation Failure) [DefNew: 560229K->69248K(623616K), 0.1726288 secs] 1738100K->1288553K(2009472K), 0.1727405 secs] [Times: user=0.17 sys=0.00, real=0.17 secs] 
[GC (Allocation Failure) [DefNew: 623616K->5920K(623616K), 0.0476832 secs] 1842921K->1289791K(2009472K), 0.0477223 secs] [Times: user=0.05 sys=0.00, real=0.04 secs] 
[GC (Allocation Failure) [DefNew: 560288K->69248K(623616K), 0.1484883 secs] 1844159K->1394344K(2009472K), 0.1485300 secs] [Times: user=0.14 sys=0.00, real=0.15 secs] 
[GC (Allocation Failure) [DefNew: 623616K->623616K(623616K), 0.0000186 secs][Tenured: 1325096K->855715K(1385856K), 2.3058290 secs] 1948712K->855715K(2009472K), [Metaspace: 10572K->10572K(12288K)]
*** PauseDetector detected a 2303 ms pause at Mon Dec 22 03:23:48 EET 2014 ***

, 2.3059156 secs] [Times: user=2.29 sys=0.00, real=2.30 secs] 
[GC (Allocation Failure) [DefNew: 554368K->69248K(623616K), 0.1237369 secs] 1410083K->966008K(2009472K), 0.1238851 secs] [Times: user=0.12 sys=0.00, real=0.12 secs] 
[GC (Allocation Failure) [DefNew: 623616K->5895K(623616K), 0.0447210 secs] 1520376K->967217K(2009472K), 0.0447647 secs] [Times: user=0.05 sys=0.00, real=0.05 secs] 
[GC (Allocation Failure) [DefNew: 560263K->69248K(623616K), 0.1117401 secs] 1521585K->1070743K(2009472K), 0.1117811 secs] [Times: user=0.11 sys=0.00, real=0.11 secs] 
[GC (Allocation Failure) [DefNew: 623616K->5919K(623616K), 0.0486494 secs] 1625111K->1071954K(2009472K), 0.0486924 secs] [Times: user=0.03 sys=0.00, real=0.04 secs] 
[GC (Allocation Failure) [DefNew: 560287K->69247K(623616K), 0.1331565 secs] 1626322K->1175307K(2009472K), 0.1331969 secs] [Times: user=0.14 sys=0.00, real=0.13 secs] 
[GC (Allocation Failure) [DefNew: 623615K->5880K(623616K), 0.0431242 secs] 1729675K->1176472K(2009472K), 0.0431646 secs] [Times: user=0.03 sys=0.00, real=0.04 secs] 
[GC (Allocation Failure) [DefNew: 560248K->69247K(623616K), 0.1519085 secs] 1730840K->1279727K(2009472K), 0.1520580 secs] [Times: user=0.14 sys=0.00, real=0.14 secs] 
[GC (Allocation Failure) [DefNew: 623615K->5919K(623616K), 0.0503303 secs] 1834095K->1280934K(2009472K), 0.0503727 secs] [Times: user=0.05 sys=0.00, real=0.04 secs] 
[GC (Allocation Failure) [DefNew: 560287K->69247K(623616K), 0.1231608 secs] 1835302K->1384037K(2009472K), 0.1232750 secs] [Times: user=0.13 sys=0.00, real=0.12 secs] 
[GC (Allocation Failure) [DefNew: 623615K->623615K(623616K), 0.0000180 secs][Tenured: 1314789K->785003K(1385856K), 2.1793237 secs] 1938405K->785003K(2009472K), [Metaspace: 10572K->10572K(12288K)], 2.1794013 secs] [Times: user=2.17 sys=0.00, real=2.18 secs] 

*** PauseDetector detected a 2179 ms pause at Mon Dec 22 03:24:06 EET 2014 ***

[GC (Allocation Failure) [DefNew: 554368K->69247K(623616K), 0.1332412 secs] 1339371K->893915K(2009472K), 0.1333047 secs] [Times: user=0.13 sys=0.00, real=0.13 secs] 
[GC (Allocation Failure) [DefNew: 623615K->5879K(623616K), 0.0530134 secs] 1448283K->895076K(2009472K), 0.0530577 secs] [Times: user=0.06 sys=0.00, real=0.05 secs] 
[Full GC (System.gc()) [Tenured: 889197K->849784K(1385856K), 1.9617480 secs] 1152862K->849784K(2009472K), [Metaspace: 10572K->10572K(12288K)], 1.9618275 secs] [Times: user=1.95 sys=0.00, real=1.96 secs] 
[Full GC (System.gc()) [Tenured: 849784K->849785K(1385856K), 1.9953441 secs] 849786K->849785K(2009472K), [Metaspace: 10572K->10572K(12288K)], 1.9953890 secs] [Times: user=2.00 sys=0.00, real=2.00 secs] 
[Full GC (System.gc()) [Tenured: 849785K->849706K(1385856K), 2.0471327 secs] 849785K->849706K(2009472K), [Metaspace: 10572K->10572K(12288K)], 2.0471757 secs] [Times: user=2.06 sys=0.00, real=2.05 secs] 

*** PauseDetector detected a 1962 ms pause at Mon Dec 22 03:24:12 EET 2014 ***

[Full GC (System.gc()) [Tenured: 849706K->779055K(1385856K), 1.8913921 secs] 860829K->779055K(2009472K), [Metaspace: 10572K->10572K(12288K)], 1.8914396 secs] [Times: user=1.89 sys=0.00, real=1.89 secs] 
[Full GC (System.gc()) [Tenured: 779055K->779055K(1385856K), 1.8738636 secs] 790178K->779055K(2009472K), [Metaspace: 10572K->10572K(12288K)], 1.8739220 secs] [Times: user=1.87 sys=0.00, real=1.87 secs] 
[Full GC (System.gc()) [Tenured: 779055K->779055K(1385856K), 2.1416478 secs] 790176K->779055K(2009472K), [Metaspace: 10572K->10572K(12288K)], 2.1416837 secs]
*** PauseDetector detected a 5932 ms pause at Mon Dec 22 03:24:18 EET 2014 ***

 [Times: user=2.14 sys=0.00, real=2.14 secs] 

*** PauseDetector detected a 4026 ms pause at Mon Dec 22 03:24:22 EET 2014 ***

[GC (Allocation Failure) [DefNew: 554368K->69248K(623616K), 0.0946934 secs] 1333423K->887815K(2009472K), 0.0947588 secs] [Times: user=0.09 sys=0.00, real=0.09 secs] 
[GC (Allocation Failure) [DefNew: 623616K->5954K(623616K), 0.0610877 secs] 1442183K->889014K(2009472K), 0.0612480 secs] [Times: user=0.06 sys=0.00, real=0.06 secs] 
[GC (Allocation Failure) [DefNew: 560322K->69247K(623616K), 0.1004233 secs] 1443382K->991736K(2009472K), 0.1004618 secs] [Times: user=0.09 sys=0.00, real=0.10 secs] 
[GC (Allocation Failure) [DefNew: 623615K->5954K(623616K), 0.0505587 secs] 1546104K->992934K(2009472K), 0.0506845 secs] [Times: user=0.03 sys=0.00, real=0.04 secs] 
[GC (Allocation Failure) [DefNew: 560322K->69247K(623616K), 0.1293045 secs] 1547302K->1095108K(2009472K), 0.1293520 secs] [Times: user=0.13 sys=0.00, real=0.13 secs] 
[GC (Allocation Failure) [DefNew: 623615K->5954K(623616K), 0.0539052 secs] 1649476K->1096289K(2009472K), 0.0539591 secs] [Times: user=0.05 sys=0.00, real=0.05 secs] 
[Full GC (System.gc()) [Tenured: 1090335K->849071K(1385856K), 2.1285904 secs] 1363204K->849071K(2009472K), [Metaspace: 10572K->10572K(12288K)], 2.1286591 secs] [Times: user=2.12 sys=0.00, real=2.13 secs] 
[Full GC (System.gc()) [Tenured: 849071K->779807K(1385856K), 2.0707209 secs] 849071K->779807K(2009472K), [Metaspace: 10572K->10572K(12288K)], 2.0708717 secs] [Times: user=2.08 sys=0.00, real=2.07 secs] 
[Full GC (System.gc()) [Tenured: 779807K->779808K(1385856K), 1.7945000 secs] 790930K->779808K(2009472K), [Metaspace: 10572K->10572K(12288K)], 1.7946540 secs] [Times: user=1.79 sys=0.00, real=1.79 secs] 

*** PauseDetector detected a 4196 ms pause at Mon Dec 22 03:24:36 EET 2014 ***


*** PauseDetector detected a 1803 ms pause at Mon Dec 22 03:24:38 EET 2014 ***

********************************
********** ROUND   74 **********
********************************
[GC (Allocation Failure) [DefNew: 554368K->5866K(623616K), 0.0112795 secs] 1334176K->785674K(2009472K), 0.0113232 secs] [Times: user=0.00 sys=0.00, real=0.01 secs] 
[GC (Allocation Failure) [DefNew: 560234K->69248K(623616K), 0.1169343 secs] 1340042K->887719K(2009472K), 0.1169753 secs] [Times: user=0.11 sys=0.00, real=0.12 secs] 
[GC (Allocation Failure) [DefNew: 623616K->5886K(623616K), 0.0495938 secs] 1442087K->888907K(2009472K), 0.0496387 secs] [Times: user=0.05 sys=0.00, real=0.05 secs] 
[GC (Allocation Failure) [DefNew: 560254K->69248K(623616K), 0.1039629 secs] 1443275K->990851K(2009472K), 0.1040072 secs] [Times: user=0.09 sys=0.00, real=0.10 secs] 
[GC (Allocation Failure) [DefNew: 623616K->5884K(623616K), 0.0468767 secs] 1545219K->992052K(2009472K), 0.0469204 secs] [Times: user=0.05 sys=0.00, real=0.05 secs] 
[GC (Allocation Failure) [DefNew: 560252K->69247K(623616K), 0.3350733 secs] 1546420K->1118666K(2009472K), 0.3351156 secs] [Times: user=0.33 sys=0.00, real=0.33 secs] 
[GC (Allocation Failure) [DefNew: 623615K->5725K(623616K), 0.0836865 secs] 1673034K->1120151K(2009472K), 0.0838180 secs] [Times: user=0.08 sys=0.00, real=0.08 secs] 
[GC (Allocation Failure) [DefNew: 560093K->69247K(623616K), 0.3908429 secs] 1674519K->1239376K(2009472K), 0.3909064 secs] [Times: user=0.38 sys=0.00, real=0.38 secs] 

*** PauseDetector detected a 383 ms pause at Mon Dec 22 03:24:51 EET 2014 ***

[GC (Allocation Failure) [DefNew: 623615K->5888K(623616K), 0.0852359 secs] 1793744K->1240895K(2009472K), 0.0852821 secs] [Times: user=0.08 sys=0.00, real=0.08 secs] 
[GC (Allocation Failure) [DefNew: 560256K->69248K(623616K), 0.4207282 secs] 1795263K->1357406K(2009472K), 0.4208353 secs] [Times: user=0.40 sys=0.00, real=0.41 secs] 

*** PauseDetector detected a 419 ms pause at Mon Dec 22 03:24:55 EET 2014 ***

[GC (Allocation Failure) [DefNew: 623616K->5887K(623616K), 0.1057478 secs] 1911774K->1358877K(2009472K), 0.1057907 secs] [Times: user=0.09 sys=0.00, real=0.10 secs] 
[GC (Allocation Failure) [DefNew: 560255K->560255K(623616K), 0.0000160 secs][Tenured: 1352990K->862266K(1385856K), 2.4535101 secs] 1913245K->862266K(2009472K), [Metaspace: 10572K->10572K(12288K)], 2.4535839 secs] [Times: user=2.45 sys=0.00, real=2.45 secs] 

*** PauseDetector detected a 2451 ms pause at Mon Dec 22 03:25:00 EET 2014 ***

[GC (Allocation Failure) [DefNew: 554368K->5876K(623616K), 0.0118345 secs] 1416634K->868143K(2009472K), 0.0119834 secs] [Times: user=0.00 sys=0.00, real=0.01 secs] 
[GC (Allocation Failure) [DefNew: 560244K->69248K(623616K), 0.2740658 secs] 1422511K->979384K(2009472K), 0.2742147 secs] [Times: user=0.27 sys=0.00, real=0.27 secs] 
[GC (Allocation Failure) [DefNew: 623616K->5892K(623616K), 0.0772939 secs] 1533752K->980768K(2009472K), 0.0773381 secs] [Times: user=0.08 sys=0.00, real=0.07 secs] 
[GC (Allocation Failure) [DefNew: 560260K->69248K(623616K), 0.2755395 secs] 1535136K->1089539K(2009472K), 0.2755819 secs] [Times: user=0.26 sys=0.00, real=0.27 secs] 
[GC (Allocation Failure) [DefNew: 623616K->5882K(623616K), 0.0632427 secs] 1643907K->1090828K(2009472K), 0.0632863 secs] [Times: user=0.06 sys=0.00, real=0.06 secs] 
[GC (Allocation Failure) [DefNew: 560250K->69247K(623616K), 0.2144288 secs] 1645196K->1198915K(2009472K), 0.2144910 secs] [Times: user=0.20 sys=0.00, real=0.21 secs] 
[GC (Allocation Failure) [DefNew: 623615K->5897K(623616K), 0.0550158 secs] 1753283K->1200217K(2009472K), 0.0550549 secs] [Times: user=0.05 sys=0.00, real=0.05 secs] 
[GC (Allocation Failure) [DefNew: 560265K->69247K(623616K), 0.2388311 secs] 1754585K->1307724K(2009472K), 0.2388735 secs] [Times: user=0.23 sys=0.00, real=0.23 secs] 
[GC (Allocation Failure) [DefNew: 623615K->5900K(623616K), 0.0673443 secs] 1862092K->1309032K(2009472K), 0.0673886 secs] [Times: user=0.06 sys=0.00, real=0.07 secs] 
[GC (Allocation Failure) [DefNew: 560268K->69247K(623616K), 0.1759830 secs] 1863400K->1416074K(2009472K), 0.1761286 secs] [Times: user=0.17 sys=0.00, real=0.18 secs] 
[GC (Allocation Failure) [DefNew: 623615K->623615K(623616K), 0.0000853 secs][Tenured: 1346826K->858217K(1385856K), 2.5197901 secs] 1970442K->858217K(2009472K), [Metaspace: 10572K->10572K(12288K)], 2.5199434 secs] [Times: user=2.53 sys=0.00, real=2.52 secs] 

*** PauseDetector detected a 2520 ms pause at Mon Dec 22 03:25:21 EET 2014 ***

[GC (Allocation Failure) [DefNew: 554368K->69247K(623616K), 0.1620704 secs] 1412585K->969723K(2009472K), 0.1621333 secs] [Times: user=0.16 sys=0.00, real=0.15 secs] 
[GC (Allocation Failure) [DefNew: 623615K->5870K(623616K), 0.0524264 secs] 1524091K->970943K(2009472K), 0.0524713 secs] [Times: user=0.05 sys=0.00, real=0.05 secs] 
[GC (Allocation Failure) [DefNew: 560238K->69248K(623616K), 0.1391379 secs] 1525311K->1076103K(2009472K), 0.1392919 secs] [Times: user=0.13 sys=0.00, real=0.13 secs] 
[GC (Allocation Failure) [DefNew: 623616K->5870K(623616K), 0.0598173 secs] 1630471K->1077478K(2009472K), 0.0598699 secs] [Times: user=0.06 sys=0.00, real=0.06 secs] 
[GC (Allocation Failure) [DefNew: 560238K->69248K(623616K), 0.1463345 secs] 1631846K->1182497K(2009472K), 0.1463820 secs] [Times: user=0.14 sys=0.00, real=0.14 secs] 
[GC (Allocation Failure) [DefNew: 623616K->5879K(623616K), 0.0458804 secs] 1736865K->1183727K(2009472K), 0.0459349 secs] [Times: user=0.05 sys=0.00, real=0.05 secs] 
[GC (Allocation Failure) [DefNew: 560247K->69247K(623616K), 0.1528073 secs] 1738095K->1288513K(2009472K), 0.1529158 secs] [Times: user=0.16 sys=0.00, real=0.14 secs] 
[GC (Allocation Failure) [DefNew: 623615K->5910K(623616K), 0.0517643 secs] 1842881K->1289759K(2009472K), 0.0518085 secs] [Times: user=0.05 sys=0.00, real=0.04 secs] 
[GC (Allocation Failure) [DefNew: 560278K->69247K(623616K), 0.1644231 secs] 1844127K->1394307K(2009472K), 0.1644667 secs] [Times: user=0.16 sys=0.00, real=0.16 secs] 
[GC (Allocation Failure) [DefNew: 623615K->623615K(623616K), 0.0000180 secs][Tenured: 1325059K->786439K(1385856K), 2.2118304 secs] 1948675K->786439K(2009472K), [Metaspace: 10572K->10572K(12288K)], 2.2119093 secs]
*** PauseDetector detected a 2210 ms pause at Mon Dec 22 03:25:39 EET 2014 ***

 [Times: user=2.20 sys=0.00, real=2.21 secs] 
[GC (Allocation Failure) [DefNew: 554368K->69248K(623616K), 0.1310849 secs] 1340807K->896725K(2009472K), 0.1311214 secs] [Times: user=0.14 sys=0.00, real=0.13 secs] 
[GC (Allocation Failure) [DefNew: 623616K->5904K(623616K), 0.0419879 secs] 1451093K->897951K(2009472K), 0.0421349 secs] [Times: user=0.03 sys=0.00, real=0.04 secs] 
[GC (Allocation Failure) [DefNew: 560272K->69248K(623616K), 0.1166488 secs] 1452319K->1001442K(2009472K), 0.1167559 secs] [Times: user=0.13 sys=0.00, real=0.12 secs] 
[GC (Allocation Failure) [DefNew: 623616K->5905K(623616K), 0.0417846 secs] 1555810K->1002666K(2009472K), 0.0419328 secs] [Times: user=0.03 sys=0.00, real=0.03 secs] 
[GC (Allocation Failure) [DefNew: 560273K->69248K(623616K), 0.1339951 secs] 1557034K->1106023K(2009472K), 0.1341445 secs] [Times: user=0.13 sys=0.00, real=0.13 secs] 
[GC (Allocation Failure) [DefNew: 623616K->5904K(623616K), 0.0474003 secs] 1660391K->1107223K(2009472K), 0.0474497 secs] [Times: user=0.05 sys=0.00, real=0.04 secs] 
[GC (Allocation Failure) [DefNew: 560272K->69247K(623616K), 0.1209351 secs] 1661591K->1210441K(2009472K), 0.1210788 secs] [Times: user=0.11 sys=0.00, real=0.11 secs] 
[GC (Allocation Failure) [DefNew: 623615K->5874K(623616K), 0.0503682 secs] 1764809K->1211615K(2009472K), 0.0504086 secs] [Times: user=0.05 sys=0.00, real=0.04 secs] 
[GC (Allocation Failure) [DefNew: 560242K->69247K(623616K), 0.1383475 secs] 1765983K->1314701K(2009472K), 0.1383911 secs] [Times: user=0.13 sys=0.00, real=0.13 secs] 
[GC (Allocation Failure) [DefNew: 623615K->5908K(623616K), 0.0418288 secs] 1869069K->1315951K(2009472K), 0.0418949 secs] [Times: user=0.03 sys=0.00, real=0.03 secs] 
[GC (Allocation Failure) [DefNew: 560276K->560276K(623616K), 0.0000840 secs][Tenured: 1310042K->852967K(1385856K), 2.1546378 secs] 1870319K->852967K(2009472K), [Metaspace: 10572K->10572K(12288K)], 2.1548995 secs] [Times: user=2.15 sys=0.00, real=2.15 secs] 

*** PauseDetector detected a 2156 ms pause at Mon Dec 22 03:25:58 EET 2014 ***

[GC (Allocation Failure) [DefNew: 554368K->5918K(623616K), 0.0131523 secs] 1407335K->858886K(2009472K), 0.0131966 secs] [Times: user=0.00 sys=0.00, real=0.01 secs] 
[GC (Allocation Failure) [DefNew: 560286K->69247K(623616K), 0.0984075 secs] 1413254K->961769K(2009472K), 0.0985589 secs] [Times: user=0.09 sys=0.00, real=0.10 secs] 
[GC (Allocation Failure) [DefNew: 623615K->5908K(623616K), 0.0390303 secs] 1516137K->962971K(2009472K), 0.0391002 secs] [Times: user=0.03 sys=0.00, real=0.03 secs] 
[GC (Allocation Failure) [DefNew: 560276K->69248K(623616K), 0.1057009 secs] 1517339K->1065750K(2009472K), 0.1057445 secs] [Times: user=0.09 sys=0.00, real=0.10 secs] 
[GC (Allocation Failure) [DefNew: 623616K->5917K(623616K), 0.0433956 secs] 1620118K->1066983K(2009472K), 0.0435399 secs] [Times: user=0.05 sys=0.00, real=0.04 secs] 
[GC (Allocation Failure) [DefNew: 560285K->69248K(623616K), 0.1097108 secs] 1621351K->1169656K(2009472K), 0.1098590 secs] [Times: user=0.11 sys=0.00, real=0.11 secs] 
[GC (Allocation Failure) [DefNew: 623616K->5912K(623616K), 0.0409050 secs] 1724024K->1170898K(2009472K), 0.0410467 secs] [Times: user=0.03 sys=0.00, real=0.03 secs] 
[GC (Allocation Failure) [DefNew: 560280K->69248K(623616K), 0.1107437 secs] 1725266K->1273068K(2009472K), 0.1108470 secs] [Times: user=0.11 sys=0.00, real=0.10 secs] 
[GC (Allocation Failure) [DefNew: 623616K->5889K(623616K), 0.0449193 secs] 1827436K->1274232K(2009472K), 0.0449642 secs] [Times: user=0.05 sys=0.00, real=0.04 secs] 
[GC (Allocation Failure) [DefNew: 560257K->69247K(623616K), 0.1136455 secs] 1828600K->1376363K(2009472K), 0.1137912 secs] [Times: user=0.11 sys=0.00, real=0.11 secs] 
[GC (Allocation Failure) [DefNew: 623615K->623615K(623616K), 0.0000231 secs][Tenured: 1307115K->852017K(1385856K), 2.0363010 secs] 1930731K->852017K(2009472K), [Metaspace: 10572K->10572K(12288K)], 2.0364126 secs] [Times: user=2.03 sys=0.00, real=2.04 secs] 

*** PauseDetector detected a 2036 ms pause at Mon Dec 22 03:26:17 EET 2014 ***

[GC (Allocation Failure) [DefNew: 554368K->69247K(623616K), 0.1143256 secs] 1406385K->959932K(2009472K), 0.1144360 secs] [Times: user=0.11 sys=0.00, real=0.11 secs] 
[GC (Allocation Failure) [DefNew: 623615K->5908K(623616K), 0.0443727 secs] 1514300K->961137K(2009472K), 0.0444355 secs] [Times: user=0.05 sys=0.00, real=0.04 secs] 
[GC (Allocation Failure) [DefNew: 560276K->69247K(623616K), 0.0978416 secs] 1515505K->1063068K(2009472K), 0.0979892 secs] [Times: user=0.09 sys=0.00, real=0.10 secs] 
[GC (Allocation Failure) [DefNew: 623615K->5866K(623616K), 0.0408652 secs] 1617436K->1064243K(2009472K), 0.0410076 secs] [Times: user=0.03 sys=0.00, real=0.03 secs] 
[GC (Allocation Failure) [DefNew: 560234K->69248K(623616K), 0.3404818 secs] 1618611K->1190906K(2009472K), 0.3406396 secs] [Times: user=0.34 sys=0.00, real=0.34 secs] 
[GC (Allocation Failure) [DefNew: 623616K->5917K(623616K), 0.1214561 secs] 1745274K->1192552K(2009472K), 0.1214991 secs] [Times: user=0.11 sys=0.00, real=0.11 secs] 
[GC (Allocation Failure) [DefNew: 560285K->69248K(623616K), 0.4040992 secs] 1746920K->1311622K(2009472K), 0.4041415 secs] [Times: user=0.41 sys=0.00, real=0.40 secs] 

*** PauseDetector detected a 408 ms pause at Mon Dec 22 03:26:29 EET 2014 ***

[GC (Allocation Failure) [DefNew: 623616K->5859K(623616K), 0.0796106 secs] 1865990K->1313075K(2009472K), 0.0796497 secs] [Times: user=0.08 sys=0.00, real=0.07 secs] 
[GC (Allocation Failure) [DefNew: 560227K->560227K(623616K), 0.0000186 secs][Tenured: 1307215K->866138K(1385856K), 2.3001581 secs] 1867443K->866138K(2009472K), [Metaspace: 10572K->10572K(12288K)], 2.3002402 secs] [Times: user=2.29 sys=0.00, real=2.29 secs] 

*** PauseDetector detected a 2297 ms pause at Mon Dec 22 03:26:34 EET 2014 ***

[GC (Allocation Failure) [DefNew: 554368K->5915K(623616K), 0.0120039 secs] 1420506K->872054K(2009472K), 0.0120482 secs] [Times: user=0.00 sys=0.00, real=0.00 secs] 
[GC (Allocation Failure) [DefNew: 560283K->69247K(623616K), 0.3226659 secs] 1426422K->984523K(2009472K), 0.3227056 secs] [Times: user=0.31 sys=0.00, real=0.32 secs] 
[GC (Allocation Failure) [DefNew: 623615K->5920K(623616K), 0.0865191 secs] 1538891K->985905K(2009472K), 0.0865704 secs] [Times: user=0.08 sys=0.00, real=0.09 secs] 
[GC (Allocation Failure) [DefNew: 560288K->69247K(623616K), 0.2537600 secs] 1540273K->1097146K(2009472K), 0.2537985 secs] [Times: user=0.25 sys=0.00, real=0.25 secs] 
[GC (Allocation Failure) [DefNew: 623615K->5915K(623616K), 0.0587497 secs] 1651514K->1098510K(2009472K), 0.0589987 secs] [Times: user=0.06 sys=0.00, real=0.06 secs] 
[GC (Allocation Failure) [DefNew: 560283K->69247K(623616K), 0.2877705 secs] 1652878K->1207247K(2009472K), 0.2878879 secs] [Times: user=0.28 sys=0.00, real=0.29 secs] 
[GC (Allocation Failure) [DefNew: 623615K->5918K(623616K), 0.0542177 secs] 1761615K->1208583K(2009472K), 0.0543652 secs] [Times: user=0.05 sys=0.00, real=0.05 secs] 
[GC (Allocation Failure) [DefNew: 560286K->69247K(623616K), 0.2336164 secs] 1762951K->1316658K(2009472K), 0.2337672 secs] [Times: user=0.23 sys=0.00, real=0.23 secs] 
[GC (Allocation Failure) [DefNew: 623615K->5915K(623616K), 0.0608753 secs] 1871026K->1317954K(2009472K), 0.0609427 secs] [Times: user=0.05 sys=0.00, real=0.06 secs] 
[GC (Allocation Failure) [DefNew: 560283K->560283K(623616K), 0.0000212 secs][Tenured: 1312039K->788183K(1385856K), 2.4056601 secs] 1872322K->788183K(2009472K), [Metaspace: 10572K->10572K(12288K)], 2.4057602 secs] [Times: user=2.37 sys=0.00, real=2.40 secs] 

*** PauseDetector detected a 2401 ms pause at Mon Dec 22 03:26:53 EET 2014 ***

[GC (Allocation Failure) [DefNew: 554368K->5910K(623616K), 0.0115047 secs] 1342551K->794094K(2009472K), 0.0116504 secs] [Times: user=0.00 sys=0.00, real=0.01 secs] 
[GC (Allocation Failure) [DefNew: 560278K->69247K(623616K), 0.2071668 secs] 1348462K->901148K(2009472K), 0.2072091 secs] [Times: user=0.20 sys=0.00, real=0.20 secs] 
[GC (Allocation Failure) [DefNew: 623615K->5865K(623616K), 0.0522724 secs] 1455516K->902381K(2009472K), 0.0523147 secs] [Times: user=0.05 sys=0.00, real=0.05 secs] 
[GC (Allocation Failure) [DefNew: 560233K->69248K(623616K), 0.1777852 secs] 1456749K->1008043K(2009472K), 0.1778250 secs] [Times: user=0.17 sys=0.00, real=0.17 secs] 
[GC (Allocation Failure) [DefNew: 623616K->5899K(623616K), 0.0598918 secs] 1562411K->1009270K(2009472K), 0.0599347 secs] [Times: user=0.06 sys=0.00, real=0.06 secs] 
[GC (Allocation Failure) [DefNew: 560267K->69248K(623616K), 0.1656286 secs] 1563638K->1114535K(2009472K), 0.1656716 secs] [Times: user=0.16 sys=0.00, real=0.16 secs] 
[GC (Allocation Failure) [DefNew: 623616K->5921K(623616K), 0.0527632 secs] 1668903K->1115827K(2009472K), 0.0528723 secs] [Times: user=0.06 sys=0.00, real=0.05 secs] 
[GC (Allocation Failure) [DefNew: 560289K->69248K(623616K), 0.1888209 secs] 1670195K->1220825K(2009472K), 0.1888646 secs] [Times: user=0.17 sys=0.00, real=0.18 secs] 
[GC (Allocation Failure) [DefNew: 623616K->5917K(623616K), 0.0494386 secs] 1775193K->1222063K(2009472K), 0.0494841 secs] [Times: user=0.03 sys=0.00, real=0.05 secs] 
[GC (Allocation Failure) [DefNew: 560285K->69248K(623616K), 0.1540578 secs] 1776431K->1326816K(2009472K), 0.1541707 secs] [Times: user=0.16 sys=0.00, real=0.15 secs] 
[GC (Allocation Failure) [DefNew: 623616K->5890K(623616K), 0.0511144 secs] 1881184K->1328037K(2009472K), 0.0511586 secs] [Times: user=0.05 sys=0.00, real=0.05 secs] 
[Full GC (System.gc()) [Tenured: 1322146K->778953K(1385856K), 2.0281119 secs] 1339633K->778953K(2009472K), [Metaspace: 10572K->10572K(12288K)], 2.0281851 secs] [Times: user=2.03 sys=0.00, real=2.03 secs] 
[Full GC (System.gc()) [Tenured: 778953K->778953K(1385856K), 1.8452808 secs] 778955K->778953K(2009472K), [Metaspace: 10572K->10572K(12288K)], 1.8453424 secs] [Times: user=1.86 sys=0.00, real=1.84 secs] 
[Full GC (System.gc()) [Tenured: 778953K->778953K(1385856K), 2.0919462 secs] 778955K->778953K(2009472K), [Metaspace: 10572K->10572K(12288K)], 2.0919872 secs] [Times: user=2.09 sys=0.00, real=2.09 secs] 

*** PauseDetector detected a 3873 ms pause at Mon Dec 22 03:27:15 EET 2014 ***
[Full GC (System.gc()) [Tenured
: 778953K->705518K(1385856K), 1.9452024 secs] 790076K->705518K(2009472K), [Metaspace: 10572K->10572K(12288K)], 1.9453602 secs] [Times: user=1.93 sys=0.00, real=1.95 secs] 
[Full GC (System.gc()) [Tenured: 705518K->705518K(1385856K), 1.8876415 secs] 705518K->705518K(2009472K), [Metaspace: 10572K->10572K(12288K)], 1.8877922 secs] [Times: user=1.87 sys=0.00, real=1.88 secs] 
[Full GC (System.gc()) [Tenured: 705518K->705518K(1385856K), 1.9297885 secs] 716641K->705518K(2009472K), [Metaspace: 10572K->10572K(12288K)], 1.9298328 secs] [Times: user=1.93 sys=0.00, real=1.93 secs] 

*** PauseDetector detected a 5923 ms pause at Mon Dec 22 03:27:21 EET 2014 ***


*** PauseDetector detected a 1944 ms pause at Mon Dec 22 03:27:23 EET 2014 ***

[GC (Allocation Failure) [DefNew: 554368K->69247K(623616K), 0.1148228 secs] 1259886K->815998K(2009472K), 0.1148665 secs] [Times: user=0.11 sys=0.00, real=0.11 secs] 
[GC (Allocation Failure) [DefNew: 623615K->5954K(623616K), 0.0512330 secs] 1370366K->817229K(2009472K), 0.0513909 secs] [Times: user=0.05 sys=0.00, real=0.05 secs] 
[GC (Allocation Failure) [DefNew: 560322K->69247K(623616K), 0.1326465 secs] 1371597K->921606K(2009472K), 0.1326862 secs] [Times: user=0.13 sys=0.00, real=0.13 secs] 
[GC (Allocation Failure) [DefNew: 623615K->5954K(623616K), 0.0568828 secs] 1475974K->922836K(2009472K), 0.0570412 secs] [Times: user=0.06 sys=0.00, real=0.05 secs] 
[GC (Allocation Failure) [DefNew: 560322K->69247K(623616K), 0.1483311 secs] 1477204K->1026343K(2009472K), 0.1483708 secs] [Times: user=0.16 sys=0.00, real=0.14 secs] 
[GC (Allocation Failure) [DefNew: 623615K->5954K(623616K), 0.0441295 secs] 1580711K->1027549K(2009472K), 0.0441930 secs] [Times: user=0.05 sys=0.00, real=0.04 secs] 
[Full GC (System.gc()) [Tenured: 1021594K->849903K(1385856K), 1.9855447 secs] 1249977K->849903K(2009472K), [Metaspace: 10572K->10572K(12288K)], 1.9857140 secs] [Times: user=1.98 sys=0.00, real=1.98 secs] 
[Full GC (System.gc()) [Tenured: 849903K->780554K(1385856K), 2.1872459 secs] 849903K->780554K(2009472K), [Metaspace: 10572K->10572K(12288K)], 2.1872888 secs] [Times: user=2.20 sys=0.00, real=2.19 secs] 
[Full GC (System.gc()) [Tenured: 780554K->780555K(1385856K), 1.9804428 secs] 780556K->780555K(2009472K), [Metaspace: 10572K->10572K(12288K)], 1.9805962 secs] [Times: user=1.97 sys=0.00, real=1.98 secs] 

*** PauseDetector detected a 4173 ms pause at Mon Dec 22 03:27:37 EET 2014 ***


*** PauseDetector detected a 1992 ms pause at Mon Dec 22 03:27:39 EET 2014 ***

********************************
********** ROUND   75 **********
********************************
[GC (Allocation Failure) [DefNew: 554368K->5881K(623616K), 0.0115221 secs] 1334923K->786436K(2009472K), 0.0115586 secs] [Times: user=0.02 sys=0.00, real=0.01 secs] 
[GC (Allocation Failure) [DefNew: 560249K->69248K(623616K), 0.1120917 secs] 1340804K->889641K(2009472K), 0.1121577 secs] [Times: user=0.09 sys=0.00, real=0.11 secs] 
[GC (Allocation Failure) [DefNew: 623616K->5890K(623616K), 0.0553257 secs] 1444009K->890867K(2009472K), 0.0553905 secs] [Times: user=0.06 sys=0.00, real=0.06 secs] 
[GC (Allocation Failure) [DefNew: 560258K->69247K(623616K), 0.1163338 secs] 1445235K->993955K(2009472K), 0.1163755 secs] [Times: user=0.11 sys=0.00, real=0.12 secs] 
[GC (Allocation Failure) [DefNew: 623615K->5882K(623616K), 0.0469441 secs] 1548323K->995161K(2009472K), 0.0470583 secs] [Times: user=0.05 sys=0.00, real=0.05 secs] 
[GC (Allocation Failure) [DefNew: 560250K->69248K(623616K), 0.1072567 secs] 1549529K->1098149K(2009472K), 0.1073812 secs] [Times: user=0.11 sys=0.00, real=0.11 secs] 
[GC (Allocation Failure) [DefNew: 623616K->5892K(623616K), 0.0496740 secs] 1652517K->1099364K(2009472K), 0.0497164 secs] [Times: user=0.05 sys=0.00, real=0.04 secs] 
[GC (Allocation Failure) [DefNew: 560260K->69248K(623616K), 0.1069327 secs] 1653732K->1202254K(2009472K), 0.1069719 secs] [Times: user=0.11 sys=0.00, real=0.10 secs] 
[GC (Allocation Failure) [DefNew: 623616K->5885K(623616K), 0.0487245 secs] 1756622K->1203452K(2009472K), 0.0488278 secs] [Times: user=0.05 sys=0.00, real=0.05 secs] 
[GC (Allocation Failure) [DefNew: 560253K->69248K(623616K), 0.1060904 secs] 1757820K->1306255K(2009472K), 0.1061552 secs] [Times: user=0.11 sys=0.00, real=0.11 secs] 
[GC (Allocation Failure) [DefNew: 623616K->5893K(623616K), 0.0509751 secs] 1860623K->1307463K(2009472K), 0.0510175 secs] [Times: user=0.05 sys=0.00, real=0.04 secs] 
[GC (Allocation Failure) [DefNew: 560261K->560261K(623616K), 0.0000212 secs][Tenured: 1301570K->852692K(1385856K), 2.1638457 secs] 1861831K->852692K(2009472K), [Metaspace: 10572K->10572K(12288K)], 2.1639329 secs] [Times: user=2.15 sys=0.00, real=2.15 secs] 

*** PauseDetector detected a 2158 ms pause at Mon Dec 22 03:27:59 EET 2014 ***

[GC (Allocation Failure) [DefNew: 554368K->5890K(623616K), 0.0120969 secs] 1407060K->858583K(2009472K), 0.0122105 secs] [Times: user=0.02 sys=0.00, real=0.01 secs] 
[GC (Allocation Failure) [DefNew: 560258K->69248K(623616K), 0.1365524 secs] 1412951K->960758K(2009472K), 0.1365954 secs] [Times: user=0.13 sys=0.00, real=0.13 secs] 
[GC (Allocation Failure) [DefNew: 623616K->5898K(623616K), 0.0425994 secs] 1515126K->961947K(2009472K), 0.0426417 secs] [Times: user=0.03 sys=0.00, real=0.03 secs] 
[GC (Allocation Failure) [DefNew: 560266K->69247K(623616K), 0.1091879 secs] 1516315K->1064041K(2009472K), 0.1092289 secs] [Times: user=0.11 sys=0.00, real=0.10 secs] 
[GC (Allocation Failure) [DefNew: 623615K->5894K(623616K), 0.0420438 secs] 1618409K->1065227K(2009472K), 0.0420810 secs] [Times: user=0.03 sys=0.00, real=0.04 secs] 
[GC (Allocation Failure) [DefNew: 560262K->69248K(623616K), 0.1116291 secs] 1619595K->1167257K(2009472K), 0.1117401 secs] [Times: user=0.11 sys=0.00, real=0.11 secs] 
[GC (Allocation Failure) [DefNew: 623616K->5905K(623616K), 0.0403134 secs] 1721625K->1168450K(2009472K), 0.0404212 secs] [Times: user=0.03 sys=0.00, real=0.03 secs] 
[GC (Allocation Failure) [DefNew: 560273K->69248K(623616K), 0.1073081 secs] 1722818K->1270394K(2009472K), 0.1074178 secs] [Times: user=0.11 sys=0.00, real=0.11 secs] 
[GC (Allocation Failure) [DefNew: 623616K->5895K(623616K), 0.0427347 secs] 1824762K->1271588K(2009472K), 0.0427784 secs] [Times: user=0.03 sys=0.00, real=0.04 secs] 
[GC (Allocation Failure) [DefNew: 560263K->69248K(623616K), 0.3332480 secs] 1825956K->1398202K(2009472K), 0.3332897 secs] [Times: user=0.33 sys=0.00, real=0.33 secs] 
[GC (Allocation Failure) [DefNew: 623616K->623616K(623616K), 0.0000218 secs][Tenured: 1328954K->876989K(1385856K), 2.3093576 secs] 1952570K->876989K(2009472K), [Metaspace: 10572K->10572K(12288K)], 2.3094372 secs]
*** PauseDetector detected a 2302 ms pause at Mon Dec 22 03:28:18 EET 2014 ***

 [Times: user=2.31 sys=0.00, real=2.30 secs] 
[GC (Allocation Failure) [DefNew: 554368K->69247K(623616K), 0.4308997 secs] 1431357K->1001947K(2009472K), 0.4310402 secs] [Times: user=0.42 sys=0.00, real=0.43 secs] 

*** PauseDetector detected a 432 ms pause at Mon Dec 22 03:28:21 EET 2014 ***

[GC (Allocation Failure) [DefNew: 623615K->5893K(623616K), 0.0978686 secs] 1556315K->1003463K(2009472K), 0.0979167 secs] [Times: user=0.09 sys=0.00, real=0.10 secs] 
[GC (Allocation Failure) [DefNew: 560261K->69248K(623616K), 0.3681375 secs] 1557831K->1119976K(2009472K), 0.3682819 secs] [Times: user=0.38 sys=0.00, real=0.36 secs] 

*** PauseDetector detected a 367 ms pause at Mon Dec 22 03:28:24 EET 2014 ***

[GC (Allocation Failure) [DefNew: 623616K->5886K(623616K), 0.0651950 secs] 1674344K->1121439K(2009472K), 0.0653381 secs] [Times: user=0.06 sys=0.00, real=0.06 secs] 
[GC (Allocation Failure) [DefNew: 560254K->69247K(623616K), 0.3826064 secs] 1675807K->1233919K(2009472K), 0.3826449 secs] [Times: user=0.37 sys=0.00, real=0.37 secs] 

*** PauseDetector detected a 377 ms pause at Mon Dec 22 03:28:28 EET 2014 ***

[GC (Allocation Failure) [DefNew: 623615K->5875K(623616K), 0.0713343 secs] 1788287K->1235275K(2009472K), 0.0713772 secs] [Times: user=0.06 sys=0.00, real=0.07 secs] 
[GC (Allocation Failure) [DefNew: 560243K->69248K(623616K), 0.2842823 secs] 1789643K->1346533K(2009472K), 0.2843471 secs] [Times: user=0.28 sys=0.00, real=0.28 secs] 
[GC (Allocation Failure) [DefNew: 623616K->5896K(623616K), 0.0601721 secs] 1900901K->1347905K(2009472K), 0.0602234 secs] [Times: user=0.06 sys=0.00, real=0.06 secs] 
[GC (Allocation Failure) [DefNew: 560264K->560264K(623616K), 0.0000192 secs][Tenured
*** PauseDetector detected a 2447 ms pause at Mon Dec 22 03:28:37 EET 2014 ***

: 1342009K->789380K(1385856K), 2.4503901 secs] 1902273K->789380K(2009472K), [Metaspace: 10572K->10572K(12288K)], 2.4504703 secs] [Times: user=2.45 sys=0.00, real=2.45 secs] 
[GC (Allocation Failure) [DefNew: 554368K->5859K(623616K), 0.0114245 secs] 1343748K->795240K(2009472K), 0.0115317 secs] [Times: user=0.02 sys=0.00, real=0.01 secs] 
[GC (Allocation Failure) [DefNew: 560227K->69247K(623616K), 0.2182192 secs] 1349608K->903333K(2009472K), 0.2182840 secs] [Times: user=0.20 sys=0.00, real=0.21 secs] 
[GC (Allocation Failure) [DefNew: 623615K->5912K(623616K), 0.0671659 secs] 1457701K->904667K(2009472K), 0.0672153 secs] [Times: user=0.06 sys=0.00, real=0.07 secs] 
[GC (Allocation Failure) [DefNew: 560280K->69248K(623616K), 0.1785422 secs] 1459035K->1012155K(2009472K), 0.1786911 secs] [Times: user=0.17 sys=0.00, real=0.17 secs] 
[GC (Allocation Failure) [DefNew: 623616K->5874K(623616K), 0.0589230 secs] 1566523K->1013417K(2009472K), 0.0589660 secs] [Times: user=0.06 sys=0.00, real=0.05 secs] 
[GC (Allocation Failure) [DefNew: 560242K->69248K(623616K), 0.1714477 secs] 1567785K->1120364K(2009472K), 0.1715144 secs] [Times: user=0.16 sys=0.00, real=0.17 secs] 
[GC (Allocation Failure) [DefNew: 623616K->5879K(623616K), 0.0597718 secs] 1674732K->1121777K(2009472K), 0.0598160 secs] [Times: user=0.06 sys=0.00, real=0.06 secs] 
[GC (Allocation Failure) [DefNew: 560247K->69248K(623616K), 0.1674237 secs] 1676145K->1227404K(2009472K), 0.1675719 secs] [Times: user=0.17 sys=0.00, real=0.16 secs] 
[GC (Allocation Failure) [DefNew: 623616K->5882K(623616K), 0.0545275 secs] 1781772K->1228636K(2009472K), 0.0545705 secs] [Times: user=0.06 sys=0.00, real=0.05 secs] 
[GC (Allocation Failure) [DefNew: 560250K->69248K(623616K), 0.2046845 secs] 1783004K->1333949K(2009472K), 0.2048943 secs] [Times: user=0.20 sys=0.00, real=0.20 secs] 
[GC (Allocation Failure) [DefNew: 623616K->5870K(623616K), 0.0557222 secs] 1888317K->1335159K(2009472K), 0.0557671 secs] [Times: user=0.06 sys=0.00, real=0.05 secs] 
[GC (Allocation Failure) [DefNew: 560238K->560238K(623616K), 0.0000199 secs][Tenured: 1329288K->854973K(1385856K), 2.2603040 secs] 1889527K->854973K(2009472K), [Metaspace: 10572K->10572K(12288K)], 2.2604631 secs] [Times: user=2.25 sys=0.00, real=2.26 secs] 

*** PauseDetector detected a 2257 ms pause at Mon Dec 22 03:28:58 EET 2014 ***

[GC (Allocation Failure) [DefNew: 554368K->5883K(623616K), 0.0110409 secs] 1409341K->860856K(2009472K), 0.0110839 secs] [Times: user=0.01 sys=0.00, real=0.01 secs] 
[GC (Allocation Failure) [DefNew: 560251K->69247K(623616K), 0.1683694 secs] 1415224K->965611K(2009472K), 0.1684162 secs] [Times: user=0.17 sys=0.00, real=0.16 secs] 
[GC (Allocation Failure) [DefNew: 623615K->5900K(623616K), 0.0503303 secs] 1519979K->966874K(2009472K), 0.0503720 secs] [Times: user=0.05 sys=0.00, real=0.05 secs] 
[GC (Allocation Failure) [DefNew: 560268K->69247K(623616K), 0.1326708 secs] 1521242K->1071441K(2009472K), 0.1327100 secs] [Times: user=0.13 sys=0.00, real=0.13 secs] 
[GC (Allocation Failure) [DefNew: 623615K->5910K(623616K), 0.0509617 secs] 1625809K->1072676K(2009472K), 0.0510656 secs] [Times: user=0.06 sys=0.00, real=0.05 secs] 
[GC (Allocation Failure) [DefNew: 560278K->69247K(623616K), 0.1535529 secs] 1627044K->1177055K(2009472K), 0.1535946 secs] [Times: user=0.14 sys=0.00, real=0.14 secs] 
[GC (Allocation Failure) [DefNew: 623615K->5912K(623616K), 0.0478244 secs] 1731423K->1178285K(2009472K), 0.0478673 secs] [Times: user=0.05 sys=0.00, real=0.04 secs] 
[GC (Allocation Failure) [DefNew: 560280K->69247K(623616K), 0.1313659 secs] 1732653K->1281787K(2009472K), 0.1314057 secs] [Times: user=0.12 sys=0.00, real=0.13 secs] 
[GC (Allocation Failure) [DefNew: 623615K->5914K(623616K), 0.0429407 secs] 1836155K->1283000K(2009472K), 0.0430908 secs] [Times: user=0.03 sys=0.00, real=0.03 secs] 
[GC (Allocation Failure) [DefNew: 560282K->69248K(623616K), 0.1519207 secs] 1837368K->1386353K(2009472K), 0.1519624 secs] [Times: user=0.14 sys=0.00, real=0.14 secs] 
[GC (Allocation Failure) [DefNew: 623616K->623616K(623616K), 0.0000860 secs][Tenured: 1317105K->854488K(1385856K), 2.2154502 secs] 1940721K->854488K(2009472K), [Metaspace: 10572K->10572K(12288K)], 2.2157376 secs] [Times: user=2.22 sys=0.00, real=2.22 secs] 

*** PauseDetector detected a 2218 ms pause at Mon Dec 22 03:29:18 EET 2014 ***

[GC (Allocation Failure) [DefNew: 554368K->69247K(623616K), 0.1212084 secs] 1408856K->963577K(2009472K), 0.1212534 secs] [Times: user=0.11 sys=0.00, real=0.11 secs] 
[GC (Allocation Failure) [DefNew: 623615K->5920K(623616K), 0.0523526 secs] 1517945K->964831K(2009472K), 0.0523962 secs] [Times: user=0.05 sys=0.00, real=0.05 secs] 
[GC (Allocation Failure) [DefNew: 560288K->69247K(623616K), 0.1226802 secs] 1519199K->1067905K(2009472K), 0.1228233 secs] [Times: user=0.11 sys=0.00, real=0.12 secs] 
[GC (Allocation Failure) [DefNew: 623615K->5788K(623616K), 0.0386055 secs] 1622273K->1069001K(2009472K), 0.0386716 secs] [Times: user=0.03 sys=0.00, real=0.03 secs] 
[GC (Allocation Failure) [DefNew: 560156K->69247K(623616K), 0.1153720 secs] 1623369K->1172115K(2009472K), 0.1154157 secs] [Times: user=0.13 sys=0.00, real=0.12 secs] 
[GC (Allocation Failure) [DefNew: 623615K->5918K(623616K), 0.0554238 secs] 1726483K->1173325K(2009472K), 0.0554739 secs] [Times: user=0.05 sys=0.00, real=0.05 secs] 
[GC (Allocation Failure) [DefNew: 560286K->69247K(623616K), 0.1025200 secs] 1727693K->1276152K(2009472K), 0.1026688 secs] [Times: user=0.11 sys=0.00, real=0.10 secs] 
[GC (Allocation Failure) [DefNew: 623615K->5914K(623616K), 0.0428059 secs] 1830520K->1277416K(2009472K), 0.0429503 secs] [Times: user=0.03 sys=0.00, real=0.03 secs] 
[GC (Allocation Failure) [DefNew: 560282K->69247K(623616K), 0.1031930 secs] 1831784K->1380198K(2009472K), 0.1033027 secs] [Times: user=0.09 sys=0.00, real=0.09 secs] 
[GC (Allocation Failure) [DefNew: 623615K->623615K(623616K), 0.0000205 secs][Tenured
*** PauseDetector detected a 2269 ms pause at Mon Dec 22 03:29:35 EET 2014 ***

: 1310950K->853989K(1385856K), 2.2725228 secs] 1934566K->853989K(2009472K), [Metaspace: 10572K->10572K(12288K)], 2.2726313 secs] [Times: user=2.26 sys=0.00, real=2.27 secs] 
[GC (Allocation Failure) [DefNew: 554368K->69247K(623616K), 0.1072997 secs] 1408357K->962624K(2009472K), 0.1073376 secs] [Times: user=0.11 sys=0.00, real=0.10 secs] 
[GC (Allocation Failure) [DefNew: 623615K->5915K(623616K), 0.0434212 secs] 1516992K->963824K(2009472K), 0.0434693 secs] [Times: user=0.03 sys=0.00, real=0.04 secs] 
[GC (Allocation Failure) [DefNew: 560283K->69247K(623616K), 0.1256424 secs] 1518192K->1065981K(2009472K), 0.1256847 secs] [Times: user=0.12 sys=0.00, real=0.12 secs] 
[GC (Allocation Failure) [DefNew: 623615K->5881K(623616K), 0.0393703 secs] 1620349K->1067147K(2009472K), 0.0394730 secs] [Times: user=0.03 sys=0.00, real=0.03 secs] 
[GC (Allocation Failure) [DefNew: 560249K->69247K(623616K), 0.1008256 secs] 1621515K->1169237K(2009472K), 0.1009802 secs] [Times: user=0.09 sys=0.00, real=0.10 secs] 
[GC (Allocation Failure) [DefNew: 623615K->5903K(623616K), 0.0402672 secs] 1723605K->1170453K(2009472K), 0.0403449 secs] [Times: user=0.05 sys=0.00, real=0.04 secs] 
[GC (Allocation Failure) [DefNew: 560271K->69247K(623616K), 0.1314608 secs] 1724821K->1272454K(2009472K), 0.1315038 secs] [Times: user=0.11 sys=0.00, real=0.12 secs] 
[GC (Allocation Failure) [DefNew: 623615K->5920K(623616K), 0.0424409 secs] 1826822K->1273682K(2009472K), 0.0424852 secs] [Times: user=0.03 sys=0.00, real=0.03 secs] 
[GC (Allocation Failure) [DefNew: 560288K->69247K(623616K), 0.1133466 secs] 1828050K->1375610K(2009472K), 0.1134114 secs] [Times: user=0.09 sys=0.00, real=0.11 secs] 
[GC (Allocation Failure) [DefNew: 623615K->623615K(623616K), 0.0000834 secs][Tenured: 1306362K->783863K(1385856K), 2.2826783 secs] 1929978K->783863K(2009472K), [Metaspace: 10572K->10572K(12288K)], 2.2828266 secs] [Times: user=2.28 sys=0.00, real=2.28 secs] 

*** PauseDetector detected a 2286 ms pause at Mon Dec 22 03:29:53 EET 2014 ***

[GC (Allocation Failure) [DefNew: 554368K->69248K(623616K), 0.3093647 secs] 1338231K->916394K(2009472K), 0.3094295 secs] [Times: user=0.30 sys=0.00, real=0.30 secs] 
[GC (Allocation Failure) [DefNew: 623616K->5918K(623616K), 0.1038705 secs] 1470762K->918039K(2009472K), 0.1039911 secs] [Times: user=0.11 sys=0.00, real=0.10 secs] 
[GC (Allocation Failure) [DefNew: 560286K->69247K(623616K), 0.4767089 secs] 1472407K->1037113K(2009472K), 0.4767525 secs] [Times: user=0.47 sys=0.00, real=0.47 secs] 

*** PauseDetector detected a 474 ms pause at Mon Dec 22 03:29:59 EET 2014 ***

[GC (Allocation Failure) [DefNew: 623615K->5913K(623616K), 0.0690470 secs] 1591481K->1038615K(2009472K), 0.0691202 secs] [Times: user=0.06 sys=0.00, real=0.06 secs] 
[GC (Allocation Failure) [DefNew: 560281K->69248K(623616K), 0.3729468 secs] 1592983K->1155130K(2009472K), 0.3729923 secs] [Times: user=0.37 sys=0.00, real=0.37 secs] 

*** PauseDetector detected a 375 ms pause at Mon Dec 22 03:30:02 EET 2014 ***

[GC (Allocation Failure) [DefNew: 623616K->5917K(623616K), 0.0636379 secs] 1709498K->1156603K(2009472K), 0.0636803 secs] [Times: user=0.06 sys=0.00, real=0.06 secs] 
[GC (Allocation Failure) [DefNew: 560285K->69248K(623616K), 0.3883491 secs] 1710971K->1269075K(2009472K), 0.3883992 secs] [Times: user=0.39 sys=0.00, real=0.38 secs] 

*** PauseDetector detected a 397 ms pause at Mon Dec 22 03:30:06 EET 2014 ***

[GC (Allocation Failure) [DefNew: 623616K->5919K(623616K), 0.0756572 secs] 1823443K->1270451K(2009472K), 0.0757008 secs] [Times: user=0.08 sys=0.00, real=0.08 secs] 
[GC (Allocation Failure) [DefNew: 560287K->69247K(623616K), 0.2825795 secs] 1824819K->1381696K(2009472K), 0.2826918 secs] [Times: user=0.28 sys=0.00, real=0.27 secs] 
[Full GC (System.gc()) [Tenured: 1312448K->859544K(1385856K), 2.4184454 secs] 1661737K->859544K(2009472K), [Metaspace: 10572K->10572K(12288K)], 2.4185025 secs] [Times: user=2.42 sys=0.00, real=2.41 secs] 
[Full GC (System.gc()) [Tenured: 859544K->859466K(1385856K), 2.0062413 secs] 859546K->859466K(2009472K), [Metaspace: 10572K->10572K(12288K)], 2.0062817 secs] [Times: user=2.00 sys=0.00, real=2.01 secs] 
[Full GC (System.gc()) [Tenured: 859466K->856583K(1385856K), 1.9666470 secs] 870547K->856583K(2009472K), [Metaspace: 10572K->10572K(12288K)], 1.9666900 secs] [Times: user=1.97 sys=0.00, real=1.96 secs] 

*** PauseDetector detected a 2417 ms pause at Mon Dec 22 03:30:13 EET 2014 ***

[Full GC (System.gc()) [Tenured: 856583K->786240K(1385856K), 2.1347406 secs] 867666K->786240K(2009472K), [Metaspace: 10572K->10572K(12288K)], 2.1348625 secs] [Times: user=2.14 sys=0.00, real=2.14 secs] 

*** PauseDetector detected a 6107 ms pause at Mon Dec 22 03:30:19 EET 2014 ***

[Full GC (System.gc()) [Tenured: 786240K->786241K(1385856K), 1.9892619 secs] 797324K->786241K(2009472K), [Metaspace: 10572K->10572K(12288K)], 1.9893248 secs] [Times: user=2.00 sys=0.00, real=1.99 secs] 
[Full GC (System.gc()) [Tenured: 786241K->786241K(1385856K), 1.8941304 secs] 797324K->786241K(2009472K), [Metaspace: 10572K->10572K(12288K)], 1.8941919 secs] [Times: user=1.89 sys=0.00, real=1.89 secs] 

*** PauseDetector detected a 1991 ms pause at Mon Dec 22 03:30:21 EET 2014 ***


*** PauseDetector detected a 1904 ms pause at Mon Dec 22 03:30:23 EET 2014 ***

[GC (Allocation Failure) [DefNew: 554368K->69247K(623616K), 0.2183212 secs] 1340609K->900966K(2009472K), 0.2183796 secs] [Times: user=0.22 sys=0.00, real=0.21 secs] 
[GC (Allocation Failure) [DefNew: 623615K->5954K(623616K), 0.0676035 secs] 1455334K->902265K(2009472K), 0.0676484 secs] [Times: user=0.06 sys=0.00, real=0.06 secs] 
[GC (Allocation Failure) [DefNew: 560322K->69248K(623616K), 0.2060485 secs] 1456633K->1010347K(2009472K), 0.2060870 secs] [Times: user=0.20 sys=0.00, real=0.21 secs] 
[GC (Allocation Failure) [DefNew: 623616K->5954K(623616K), 0.0610421 secs] 1564715K->1011639K(2009472K), 0.0610800 secs] [Times: user=0.06 sys=0.00, real=0.06 secs] 
[GC (Allocation Failure) [DefNew: 560322K->69248K(623616K), 0.2009865 secs] 1566007K->1119140K(2009472K), 0.2011469 secs] [Times: user=0.20 sys=0.00, real=0.19 secs] 
[GC (Allocation Failure) [DefNew: 623616K->5954K(623616K), 0.0635000 secs] 1673508K->1120426K(2009472K), 0.0635430 secs] [Times: user=0.06 sys=0.00, real=0.06 secs] 
[Full GC (System.gc()) [Tenured: 1114471K->858675K(1385856K), 2.0259049 secs] 1131587K->858675K(2009472K), [Metaspace: 10572K->10572K(12288K)], 2.0260294 secs] [Times: user=2.03 sys=0.00, real=2.02 secs] 
[Full GC (System.gc()) [Tenured: 858675K->789383K(1385856K), 1.9829809 secs] 858677K->789383K(2009472K), [Metaspace: 10572K->10572K(12288K)], 1.9830457 secs] [Times: user=1.98 sys=0.00, real=1.99 secs] 
[Full GC (System.gc()) [Tenured: 789383K->789383K(1385856K), 2.0571246 secs] 800543K->789383K(2009472K), [Metaspace: 10572K->10572K(12288K)], 2.0572331 secs] [Times: user=2.06 sys=0.00, real=2.05 secs] 

*** PauseDetector detected a 2027 ms pause at Mon Dec 22 03:30:35 EET 2014 ***
********************************
********** ROUND   76 **********
********************************


*** PauseDetector detected a 4050 ms pause at Mon Dec 22 03:30:39 EET 2014 ***

[GC (Allocation Failure) [DefNew: 554368K->69248K(623616K), 0.1648863 secs] 1343751K->902341K(2009472K), 0.1650236 secs] [Times: user=0.17 sys=0.00, real=0.16 secs] 
[GC (Allocation Failure) [DefNew: 623616K->5878K(623616K), 0.0582557 secs] 1456709K->903617K(2009472K), 0.0582968 secs] [Times: user=0.06 sys=0.00, real=0.06 secs] 
[GC (Allocation Failure) [DefNew: 560246K->69248K(623616K), 0.1759714 secs] 1457985K->1009224K(2009472K), 0.1761453 secs] [Times: user=0.19 sys=0.00, real=0.17 secs] 
[GC (Allocation Failure) [DefNew: 623616K->5865K(623616K), 0.0652066 secs] 1563592K->1010461K(2009472K), 0.0652496 secs] [Times: user=0.06 sys=0.00, real=0.07 secs] 
[GC (Allocation Failure) [DefNew: 560233K->69248K(623616K), 0.1608482 secs] 1564829K->1115772K(2009472K), 0.1609720 secs] [Times: user=0.16 sys=0.00, real=0.16 secs] 
[GC (Allocation Failure) [DefNew: 623616K->5886K(623616K), 0.0461389 secs] 1670140K->1117016K(2009472K), 0.0461813 secs] [Times: user=0.03 sys=0.00, real=0.04 secs] 
[GC (Allocation Failure) [DefNew: 560254K->69247K(623616K), 0.1603452 secs] 1671384K->1222012K(2009472K), 0.1603946 secs] [Times: user=0.16 sys=0.00, real=0.15 secs] 
[GC (Allocation Failure) [DefNew: 623615K->5872K(623616K), 0.0529647 secs] 1776380K->1223242K(2009472K), 0.0530134 secs] [Times: user=0.05 sys=0.00, real=0.05 secs] 
[GC (Allocation Failure) [DefNew: 560240K->69248K(623616K), 0.1627794 secs] 1777610K->1328024K(2009472K), 0.1628865 secs] [Times: user=0.16 sys=0.00, real=0.16 secs] 
[GC (Allocation Failure) [DefNew: 623616K->5887K(623616K), 0.0487386 secs] 1882392K->1329258K(2009472K), 0.0488823 secs] [Times: user=0.05 sys=0.00, real=0.05 secs] 
[GC (Allocation Failure) [DefNew: 560255K->560255K(623616K), 0.0000840 secs][Tenured: 1323370K->854538K(1385856K), 2.4460377 secs] 1883626K->854538K(2009472K), [Metaspace: 10572K->10572K(12288K)], 2.4461923 secs] [Times: user=2.43 sys=0.00, real=2.44 secs] 

*** PauseDetector detected a 2441 ms pause at Mon Dec 22 03:30:59 EET 2014 ***

[GC (Allocation Failure) [DefNew: 554368K->5870K(623616K), 0.0120020 secs] 1408906K->860408K(2009472K), 0.0120443 secs] [Times: user=0.00 sys=0.00, real=0.00 secs] 
[GC (Allocation Failure) [DefNew: 560238K->69247K(623616K), 0.1313672 secs] 1414776K->964800K(2009472K), 0.1315102 secs] [Times: user=0.13 sys=0.00, real=0.13 secs] 
[GC (Allocation Failure) [DefNew: 623615K->5893K(623616K), 0.0442835 secs] 1519168K->966038K(2009472K), 0.0444343 secs] [Times: user=0.05 sys=0.00, real=0.04 secs] 
[GC (Allocation Failure) [DefNew: 560261K->69247K(623616K), 0.1414085 secs] 1520406K->1069512K(2009472K), 0.1414508 secs] [Times: user=0.14 sys=0.00, real=0.14 secs] 
[GC (Allocation Failure) [DefNew: 623615K->5898K(623616K), 0.0411398 secs] 1623880K->1070757K(2009472K), 0.0411872 secs] [Times: user=0.03 sys=0.00, real=0.03 secs] 
[GC (Allocation Failure) [DefNew: 560266K->69248K(623616K), 0.1099899 secs] 1625125K->1174097K(2009472K), 0.1101310 secs] [Times: user=0.11 sys=0.00, real=0.10 secs] 
[GC (Allocation Failure) [DefNew: 623616K->5897K(623616K), 0.0463288 secs] 1728465K->1175313K(2009472K), 0.0464796 secs] [Times: user=0.05 sys=0.00, real=0.05 secs] 
[GC (Allocation Failure) [DefNew: 560265K->69248K(623616K), 0.1380068 secs] 1729681K->1278530K(2009472K), 0.1380909 secs] [Times: user=0.12 sys=0.00, real=0.13 secs] 
[GC (Allocation Failure) [DefNew: 623616K->5840K(623616K), 0.0456366 secs] 1832898K->1279678K(2009472K), 0.0456776 secs] [Times: user=0.05 sys=0.00, real=0.04 secs] 
[GC (Allocation Failure) [DefNew: 560208K->69247K(623616K), 0.1347034 secs] 1834046K->1382832K(2009472K), 0.1348143 secs] [Times: user=0.14 sys=0.00, real=0.13 secs] 
[GC (Allocation Failure) [DefNew: 623615K->623615K(623616K), 0.0000186 secs][Tenured: 1313584K->854272K(1385856K), 2.3202676 secs] 1937200K->854272K(2009472K), [Metaspace: 10572K->10572K(12288K)], 2.3203504 secs] [Times: user=2.31 sys=0.00, real=2.32 secs] 

*** PauseDetector detected a 2320 ms pause at Mon Dec 22 03:31:18 EET 2014 ***

[GC (Allocation Failure) [DefNew: 554368K->69247K(623616K), 0.1020465 secs] 1408640K->963165K(2009472K), 0.1021594 secs] [Times: user=0.11 sys=0.00, real=0.10 secs] 
[GC (Allocation Failure) [DefNew: 623615K->5896K(623616K), 0.0408344 secs] 1517533K->964362K(2009472K), 0.0408793 secs] [Times: user=0.03 sys=0.00, real=0.04 secs] 
[GC (Allocation Failure) [DefNew: 560264K->69248K(623616K), 0.1012118 secs] 1518730K->1067259K(2009472K), 0.1012561 secs] [Times: user=0.11 sys=0.00, real=0.10 secs] 
[GC (Allocation Failure) [DefNew: 623616K->5903K(623616K), 0.0511836 secs] 1621627K->1068464K(2009472K), 0.0512330 secs] [Times: user=0.05 sys=0.00, real=0.05 secs] 
[GC (Allocation Failure) [DefNew: 560271K->69248K(623616K), 0.1082736 secs] 1622832K->1171255K(2009472K), 0.1084186 secs] [Times: user=0.11 sys=0.00, real=0.10 secs] 
[GC (Allocation Failure) [DefNew: 623616K->5875K(623616K), 0.0442944 secs] 1725623K->1172439K(2009472K), 0.0443374 secs] [Times: user=0.05 sys=0.00, real=0.04 secs] 
[GC (Allocation Failure) [DefNew: 560243K->69247K(623616K), 0.1017867 secs] 1726807K->1275061K(2009472K), 0.1018277 secs] [Times: user=0.09 sys=0.00, real=0.09 secs] 
[GC (Allocation Failure) [DefNew: 623615K->5901K(623616K), 0.0582134 secs] 1829429K->1276385K(2009472K), 0.0582596 secs] [Times: user=0.06 sys=0.00, real=0.06 secs] 
[GC (Allocation Failure) [DefNew: 560269K->69247K(623616K), 0.1164935 secs] 1830753K->1378527K(2009472K), 0.1166398 secs] [Times: user=0.11 sys=0.00, real=0.11 secs] 
[GC (Allocation Failure) [DefNew: 623615K->623615K(623616K), 0.0000192 secs][Tenured: 1309279K->784041K(1385856K), 2.1719731 secs] 1932895K->784041K(2009472K), [Metaspace: 10572K->10572K(12288K)], 2.1720752 secs] [Times: user=2.17 sys=0.00, real=2.17 secs] 

*** PauseDetector detected a 2168 ms pause at Mon Dec 22 03:31:35 EET 2014 ***

[GC (Allocation Failure) [DefNew: 554368K->69248K(623616K), 0.1187031 secs] 1338409K->892049K(2009472K), 0.1187454 secs] [Times: user=0.11 sys=0.00, real=0.11 secs] 
[GC (Allocation Failure) [DefNew: 623616K->5873K(623616K), 0.0388436 secs] 1446417K->893200K(2009472K), 0.0389084 secs] [Times: user=0.03 sys=0.00, real=0.03 secs] 
[GC (Allocation Failure) [DefNew: 560241K->69247K(623616K), 0.0961350 secs] 1447568K->995255K(2009472K), 0.0962839 secs] [Times: user=0.11 sys=0.00, real=0.09 secs] 
[GC (Allocation Failure) [DefNew: 623615K->5900K(623616K), 0.0432538 secs] 1549623K->996438K(2009472K), 0.0433006 secs] [Times: user=0.03 sys=0.00, real=0.04 secs] 
[GC (Allocation Failure) [DefNew: 560268K->69247K(623616K), 0.1074806 secs] 1550806K->1098409K(2009472K), 0.1075236 secs] [Times: user=0.09 sys=0.00, real=0.10 secs] 
[GC (Allocation Failure) [DefNew: 623615K->5872K(623616K), 0.0405489 secs] 1652777K->1099558K(2009472K), 0.0406958 secs] [Times: user=0.05 sys=0.00, real=0.04 secs] 
[GC (Allocation Failure) [DefNew: 560240K->69248K(623616K), 0.3167082 secs] 1653926K->1226207K(2009472K), 0.3167512 secs] [Times: user=0.31 sys=0.00, real=0.31 secs] 
[GC (Allocation Failure) [DefNew: 623616K->5849K(623616K), 0.0952400 secs] 1780575K->1227793K(2009472K), 0.0952817 secs] [Times: user=0.09 sys=0.00, real=0.10 secs] 
[GC (Allocation Failure) [DefNew: 560217K->69248K(623616K), 0.5144367 secs] 1782161K->1346923K(2009472K), 0.5144951 secs] [Times: user=0.51 sys=0.00, real=0.51 secs] 

*** PauseDetector detected a 517 ms pause at Mon Dec 22 03:31:50 EET 2014 ***

[GC (Allocation Failure) [DefNew: 623616K->5911K(623616K), 0.0775024 secs] 1901291K->1348435K(2009472K), 0.0775473 secs] [Times: user=0.08 sys=0.00, real=0.08 secs] 
[GC (Allocation Failure) [DefNew: 560279K->560279K(623616K), 0.0000840 secs][Tenured: 1342524K->866100K(1385856K), 2.3153788 secs] 1902803K->866100K(2009472K), [Metaspace: 10572K->10572K(12288K)]
*** PauseDetector detected a 2312 ms pause at Mon Dec 22 03:31:56 EET 2014 ***

, 2.3155424 secs] [Times: user=2.31 sys=0.00, real=2.31 secs] 
[GC (Allocation Failure) [DefNew: 554368K->5916K(623616K), 0.0120032 secs] 1420468K->872017K(2009472K), 0.0120469 secs] [Times: user=0.02 sys=0.00, real=0.01 secs] 
[GC (Allocation Failure) [DefNew: 560284K->69248K(623616K), 0.3348199 secs] 1426385K->984474K(2009472K), 0.3348782 secs] [Times: user=0.33 sys=0.00, real=0.33 secs] 
[GC (Allocation Failure) [DefNew: 623616K->5884K(623616K), 0.0671467 secs] 1538842K->985831K(2009472K), 0.0672955 secs] [Times: user=0.06 sys=0.00, real=0.07 secs] 
[GC (Allocation Failure) [DefNew: 560252K->69247K(623616K), 0.3044701 secs] 1540199K->1097063K(2009472K), 0.3045150 secs] [Times: user=0.30 sys=0.00, real=0.30 secs] 
[GC (Allocation Failure) [DefNew: 623615K->5914K(623616K), 0.0580331 secs] 1651431K->1098471K(2009472K), 0.0581820 secs] [Times: user=0.05 sys=0.00, real=0.05 secs] 
[GC (Allocation Failure) [DefNew: 560282K->69247K(623616K), 0.2670348 secs] 1652839K->1207212K(2009472K), 0.2671452 secs] [Times: user=0.26 sys=0.02, real=0.26 secs] 
[GC (Allocation Failure) [DefNew: 623615K->5846K(623616K), 0.0633839 secs] 1761580K->1208473K(2009472K), 0.0634268 secs] [Times: user=0.05 sys=0.00, real=0.06 secs] 
[GC (Allocation Failure) [DefNew: 560214K->69248K(623616K), 0.2676950 secs] 1762841K->1316609K(2009472K), 0.2678041 secs] [Times: user=0.25 sys=0.00, real=0.26 secs] 
[GC (Allocation Failure) [DefNew: 623616K->5879K(623616K), 0.0670838 secs] 1870977K->1317880K(2009472K), 0.0671268 secs] [Times: user=0.06 sys=0.00, real=0.06 secs] 
[GC (Allocation Failure) [DefNew: 560247K->560247K(623616K), 0.0000289 secs][Tenured: 1312001K->857448K(1385856K), 2.3202978 secs] 1872248K->857448K(2009472K), [Metaspace: 10572K->10572K(12288K)], 2.3205044 secs] [Times: user=2.32 sys=0.00, real=2.31 secs] 

*** PauseDetector detected a 2313 ms pause at Mon Dec 22 03:32:15 EET 2014 ***

[GC (Allocation Failure) [DefNew: 554368K->5918K(623616K), 0.0119872 secs] 1411816K->863366K(2009472K), 0.0120328 secs] [Times: user=0.00 sys=0.00, real=0.00 secs] 
[GC (Allocation Failure) [DefNew: 560286K->69247K(623616K), 0.1675764 secs] 1417734K->970451K(2009472K), 0.1677496 secs] [Times: user=0.17 sys=0.00, real=0.16 secs] 
[GC (Allocation Failure) [DefNew: 623615K->5887K(623616K), 0.0501103 secs] 1524819K->971711K(2009472K), 0.0501744 secs] [Times: user=0.05 sys=0.00, real=0.05 secs] 
[GC (Allocation Failure) [DefNew: 560255K->69247K(623616K), 0.1847213 secs] 1526079K->1077292K(2009472K), 0.1847630 secs] [Times: user=0.17 sys=0.00, real=0.18 secs] 
[GC (Allocation Failure) [DefNew: 623615K->5916K(623616K), 0.0542837 secs] 1631660K->1078597K(2009472K), 0.0543274 secs] [Times: user=0.05 sys=0.00, real=0.05 secs] 
[GC (Allocation Failure) [DefNew: 560284K->69248K(623616K), 0.1580157 secs] 1632965K->1183886K(2009472K), 0.1581600 secs] [Times: user=0.14 sys=0.00, real=0.15 secs] 
[GC (Allocation Failure) [DefNew: 623616K->5850K(623616K), 0.0480335 secs] 1738254K->1185065K(2009472K), 0.0480752 secs] [Times: user=0.05 sys=0.00, real=0.04 secs] 
[GC (Allocation Failure) [DefNew: 560218K->69247K(623616K), 0.1532949 secs] 1739433K->1290059K(2009472K), 0.1533341 secs] [Times: user=0.14 sys=0.00, real=0.15 secs] 
[GC (Allocation Failure) [DefNew: 623615K->5916K(623616K), 0.0539174 secs] 1844427K->1291372K(2009472K), 0.0539604 secs] [Times: user=0.05 sys=0.00, real=0.04 secs] 
[GC (Allocation Failure) [DefNew: 560284K->69247K(623616K), 0.1448139 secs] 1845740K->1396126K(2009472K), 0.1448524 secs] [Times: user=0.12 sys=0.00, real=0.14 secs] 
[GC (Allocation Failure) [DefNew: 623615K->623615K(623616K), 0.0000199 secs][Tenured: 1326878K->855939K(1385856K), 2.2556603 secs] 1950494K->855939K(2009472K), [Metaspace: 10572K->10572K(12288K)], 2.2558509 secs] [Times: user=2.25 sys=0.00, real=2.26 secs] 

*** PauseDetector detected a 2259 ms pause at Mon Dec 22 03:32:34 EET 2014 ***

[GC (Allocation Failure) [DefNew: 554368K->69247K(623616K), 0.1712353 secs] 1410307K->966407K(2009472K), 0.1712886 secs] [Times: user=0.16 sys=0.00, real=0.17 secs] 
[GC (Allocation Failure) [DefNew: 623615K->5915K(623616K), 0.0490985 secs] 1520775K->967647K(2009472K), 0.0492069 secs] [Times: user=0.05 sys=0.00, real=0.05 secs] 
[GC (Allocation Failure) [DefNew: 560283K->69248K(623616K), 0.1493229 secs] 1522015K->1072019K(2009472K), 0.1494327 secs] [Times: user=0.14 sys=0.00, real=0.15 secs] 
[GC (Allocation Failure) [DefNew: 623616K->5886K(623616K), 0.0433802 secs] 1626387K->1073224K(2009472K), 0.0434244 secs] [Times: user=0.05 sys=0.00, real=0.04 secs] 
[GC (Allocation Failure) [DefNew: 560254K->69247K(623616K), 0.1523768 secs] 1627592K->1176722K(2009472K), 0.1524237 secs] [Times: user=0.16 sys=0.00, real=0.15 secs] 
[GC (Allocation Failure) [DefNew: 623615K->5858K(623616K), 0.0457283 secs] 1731090K->1177910K(2009472K), 0.0459080 secs] [Times: user=0.03 sys=0.00, real=0.04 secs] 
[GC (Allocation Failure) [DefNew: 560226K->69248K(623616K), 0.1225487 secs] 1732278K->1281309K(2009472K), 0.1227309 secs] [Times: user=0.13 sys=0.00, real=0.12 secs] 
[GC (Allocation Failure) [DefNew: 623616K->5883K(623616K), 0.0425525 secs] 1835677K->1282493K(2009472K), 0.0426565 secs] [Times: user=0.03 sys=0.00, real=0.04 secs] 
[GC (Allocation Failure) [DefNew: 560251K->69248K(623616K), 0.1390808 secs] 1836861K->1385736K(2009472K), 0.1391912 secs] [Times: user=0.14 sys=0.00, real=0.14 secs] 
[GC (Allocation Failure) [DefNew: 623616K->623616K(623616K), 0.0000847 secs][Tenured: 1316488K->785077K(1385856K), 2.1839225 secs] 1940104K->785077K(2009472K), [Metaspace: 10572K->10572K(12288K)], 2.1840739 secs] [Times: user=2.17 sys=0.00, real=2.17 secs] 

*** PauseDetector detected a 2188 ms pause at Mon Dec 22 03:32:52 EET 2014 ***

[GC (Allocation Failure) [DefNew: 554368K->69247K(623616K), 0.1170093 secs] 1339445K->894092K(2009472K), 0.1170549 secs] [Times: user=0.11 sys=0.00, real=0.11 secs] 
[GC (Allocation Failure) [DefNew: 623615K->5850K(623616K), 0.0497196 secs] 1448460K->895229K(2009472K), 0.0497638 secs] [Times: user=0.05 sys=0.00, real=0.04 secs] 
[GC (Allocation Failure) [DefNew: 560218K->69248K(623616K), 0.1075390 secs] 1449597K->998285K(2009472K), 0.1075807 secs] [Times: user=0.09 sys=0.00, real=0.10 secs] 
[GC (Allocation Failure) [DefNew: 623616K->5890K(623616K), 0.0394139 secs] 1552653K->999463K(2009472K), 0.0394601 secs] [Times: user=0.03 sys=0.00, real=0.04 secs] 
[GC (Allocation Failure) [DefNew: 560258K->69247K(623616K), 0.1017623 secs] 1553831K->1102383K(2009472K), 0.1018303 secs] [Times: user=0.09 sys=0.00, real=0.09 secs] 
[GC (Allocation Failure) [DefNew: 623615K->5922K(623616K), 0.0508500 secs] 1656751K->1103590K(2009472K), 0.0508937 secs] [Times: user=0.05 sys=0.00, real=0.05 secs] 
[GC (Allocation Failure) [DefNew: 560290K->69248K(623616K), 0.1119986 secs] 1657958K->1206333K(2009472K), 0.1120628 secs] [Times: user=0.11 sys=0.00, real=0.11 secs] 
[GC (Allocation Failure) [DefNew: 623616K->5918K(623616K), 0.0377407 secs] 1760701K->1207589K(2009472K), 0.0378036 secs] [Times: user=0.03 sys=0.00, real=0.03 secs] 
[GC (Allocation Failure) [DefNew: 560286K->69248K(623616K), 0.1082627 secs] 1761957K->1310306K(2009472K), 0.1084129 secs] [Times: user=0.11 sys=0.00, real=0.11 secs] 
[GC (Allocation Failure) [DefNew: 623616K->5858K(623616K), 0.0453569 secs] 1864674K->1311449K(2009472K), 0.0454011 secs] [Times: user=0.05 sys=0.00, real=0.04 secs] 
[GC (Allocation Failure) [DefNew: 560226K->560226K(623616K), 0.0000212 secs][Tenured
*** PauseDetector detected a 2118 ms pause at Mon Dec 22 03:33:11 EET 2014 ***
: 1305590K->852214K(1385856K), 2.1185312 secs] 1865817K->852214K(2009472K), [Metaspace: 10572K->10572K(12288K)], 2.1186171 secs] [Times: user=2.11 sys=0.00, real=2.12 secs] 

[Full GC (System.gc()) [Tenured: 852214K->850484K(1385856K), 2.0583263 secs] 1142347K->850484K(2009472K), [Metaspace: 10572K->10572K(12288K)], 2.0583815 secs] [Times: user=2.06 sys=0.00, real=2.05 secs] 
[Full GC (System.gc()) [Tenured: 850484K->850407K(1385856K), 2.0692042 secs] 861542K->850407K(2009472K), [Metaspace: 10572K->10572K(12288K)], 2.0693775 secs] [Times: user=2.06 sys=0.00, real=2.07 secs] 
[Full GC (System.gc()) [Tenured: 850407K->778186K(1385856K), 1.9396155 secs] 861462K->778186K(2009472K), [Metaspace: 10572K->10572K(12288K)], 1.9396591 secs] [Times: user=1.93 sys=0.00, real=1.93 secs] 

*** PauseDetector detected a 2056 ms pause at Mon Dec 22 03:33:14 EET 2014 ***

[Full GC (System.gc()) [Tenured: 778186K->778188K(1385856K), 1.8609705 secs] 789244K->778188K(2009472K), [Metaspace: 10572K->10572K(12288K)], 1.8610391 secs] [Times: user=1.87 sys=0.00, real=1.86 secs] 
[Full GC (System.gc()) [Tenured: 778188K->778188K(1385856K), 2.1364440 secs] 778188K->778188K(2009472K), [Metaspace: 10572K->10572K(12288K)], 2.1365043 secs] [Times: user=2.14 sys=0.00, real=2.14 secs] 
[Full GC (System.gc()) [Tenured: 778188K->778188K(1385856K), 1.8616833 secs] 778190K->778188K(2009472K), [Metaspace: 10572K->10572K(12288K)], 1.8618803 secs] [Times: user=1.87 sys=0.00, real=1.86 secs] 

*** PauseDetector detected a 8013 ms pause at Mon Dec 22 03:33:22 EET 2014 ***


*** PauseDetector detected a 1874 ms pause at Mon Dec 22 03:33:24 EET 2014 ***

[GC (Allocation Failure) [DefNew: 554368K->69248K(623616K), 0.0946517 secs] 1332556K->886245K(2009472K), 0.0947486 secs] [Times: user=0.09 sys=0.00, real=0.09 secs] 
[GC (Allocation Failure) [DefNew: 623616K->5954K(623616K), 0.0458797 secs] 1440613K->887426K(2009472K), 0.0459234 secs] [Times: user=0.05 sys=0.00, real=0.04 secs] 
[GC (Allocation Failure) [DefNew: 560322K->69247K(623616K), 0.1138521 secs] 1441794K->989457K(2009472K), 0.1138919 secs] [Times: user=0.13 sys=0.00, real=0.11 secs] 
[GC (Allocation Failure) [DefNew: 623615K->5954K(623616K), 0.0545615 secs] 1543825K->990637K(2009472K), 0.0546148 secs] [Times: user=0.05 sys=0.00, real=0.06 secs] 
[GC (Allocation Failure) [DefNew: 560322K->69247K(623616K), 0.1125889 secs] 1545005K->1092606K(2009472K), 0.1127050 secs] [Times: user=0.11 sys=0.00, real=0.11 secs] 
[GC (Allocation Failure) [DefNew: 623615K->5954K(623616K), 0.0385978 secs] 1646974K->1093785K(2009472K), 0.0386607 secs] [Times: user=0.03 sys=0.00, real=0.04 secs] 
[Full GC (System.gc()) [Tenured: 1087830K->802848K(1385856K), 2.4451998 secs] 1338911K->802848K(2009472K), [Metaspace: 10572K->10572K(12288K)], 2.4453640 secs] [Times: user=2.42 sys=0.00, real=2.44 secs] 
[Full GC (System.gc()) [Tenured: 802848K->802849K(1385856K), 2.0775184 secs] 813984K->802849K(2009472K), [Metaspace: 10572K->10572K(12288K)], 2.0776711 secs] [Times: user=2.09 sys=0.00, real=2.08 secs] 
[Full GC (System.gc()) [Tenured: 802849K->802904K(1385856K), 2.2253555 secs] 813982K->802904K(2009472K), [Metaspace: 10572K->10572K(12288K)], 2.2254754 secs] [Times: user=2.22 sys=0.00, real=2.23 secs] 

*** PauseDetector detected a 2440 ms pause at Mon Dec 22 03:33:36 EET 2014 ***


*** PauseDetector detected a 4322 ms pause at Mon Dec 22 03:33:40 EET 2014 ***
********************************
********** ROUND   77 **********
********************************

[GC (Allocation Failure) [DefNew: 554368K->5828K(623616K), 0.0114104 secs] 1357272K->808732K(2009472K), 0.0114528 secs] [Times: user=0.00 sys=0.00, real=0.00 secs] 
[GC (Allocation Failure) [DefNew: 560196K->69247K(623616K), 0.4370024 secs] 1363100K->933407K(2009472K), 0.4371493 secs] [Times: user=0.44 sys=0.00, real=0.44 secs] 

*** PauseDetector detected a 440 ms pause at Mon Dec 22 03:33:44 EET 2014 ***

[GC (Allocation Failure) [DefNew: 623615K->5829K(623616K), 0.0791403 secs] 1487775K->934971K(2009472K), 0.0791820 secs] [Times: user=0.08 sys=0.00, real=0.08 secs] 
[GC (Allocation Failure) [DefNew: 560197K->69248K(623616K), 0.4212767 secs] 1489339K->1051512K(2009472K), 0.4213191 secs] [Times: user=0.42 sys=0.00, real=0.42 secs] 

*** PauseDetector detected a 417 ms pause at Mon Dec 22 03:33:48 EET 2014 ***

[GC (Allocation Failure) [DefNew: 623616K->5886K(623616K), 0.0797440 secs] 1605880K->1053011K(2009472K), 0.0797883 secs] [Times: user=0.06 sys=0.02, real=0.07 secs] 
[GC (Allocation Failure) [DefNew: 560254K->69247K(623616K), 0.3568946 secs] 1607379K->1165435K(2009472K), 0.3570389 secs] [Times: user=0.36 sys=0.00, real=0.35 secs] 

*** PauseDetector detected a 362 ms pause at Mon Dec 22 03:33:51 EET 2014 ***

[GC (Allocation Failure) [DefNew: 623615K->5884K(623616K), 0.0677196 secs] 1719803K->1166856K(2009472K), 0.0677851 secs] [Times: user=0.06 sys=0.00, real=0.07 secs] 
[GC (Allocation Failure) [DefNew: 560252K->69248K(623616K), 0.2878725 secs] 1721224K->1278108K(2009472K), 0.2879168 secs] [Times: user=0.28 sys=0.00, real=0.29 secs] 
[GC (Allocation Failure) [DefNew: 623616K->5887K(623616K), 0.0751581 secs] 1832476K->1279468K(2009472K), 0.0752934 secs] [Times: user=0.08 sys=0.00, real=0.08 secs] 
[GC (Allocation Failure) [DefNew: 560255K->69247K(623616K), 0.2697820 secs] 1833836K->1388213K(2009472K), 0.2698212 secs] [Times: user=0.27 sys=0.00, real=0.27 secs] 
[GC (Allocation Failure) [DefNew: 623615K->623615K(623616K), 0.0000385 secs][Tenured: 1318965K->859915K(1385856K), 2.5316162 secs] 1942581K->859915K(2009472K), [Metaspace: 10572K->10572K(12288K)], 2.5317888 secs] [Times: user=2.53 sys=0.00, real=2.53 secs] 

*** PauseDetector detected a 2529 ms pause at Mon Dec 22 03:34:02 EET 2014 ***

[GC (Allocation Failure) [DefNew: 554368K->69248K(623616K), 0.2299883 secs] 1414283K->973868K(2009472K), 0.2300306 secs] [Times: user=0.23 sys=0.00, real=0.23 secs] 
[GC (Allocation Failure) [DefNew: 623616K->5887K(623616K), 0.0580254 secs] 1528236K->975177K(2009472K), 0.0580684 secs] [Times: user=0.06 sys=0.00, real=0.06 secs] 
[GC (Allocation Failure) [DefNew: 560255K->69247K(623616K), 0.2359293 secs] 1529545K->1082683K(2009472K), 0.2360743 secs] [Times: user=0.23 sys=0.00, real=0.23 secs] 
[GC (Allocation Failure) [DefNew: 623615K->5872K(623616K), 0.0592835 secs] 1637051K->1083949K(2009472K), 0.0593900 secs] [Times: user=0.05 sys=0.00, real=0.06 secs] 
[GC (Allocation Failure) [DefNew: 560240K->69248K(623616K), 0.1876725 secs] 1638317K->1191015K(2009472K), 0.1877161 secs] [Times: user=0.19 sys=0.00, real=0.19 secs] 
[GC (Allocation Failure) [DefNew: 623616K->5894K(623616K), 0.0494899 secs] 1745383K->1192303K(2009472K), 0.0496330 secs] [Times: user=0.03 sys=0.00, real=0.04 secs] 
[GC (Allocation Failure) [DefNew: 560262K->69247K(623616K), 0.1981020 secs] 1746671K->1297943K(2009472K), 0.1981449 secs] [Times: user=0.20 sys=0.00, real=0.20 secs] 
[GC (Allocation Failure) [DefNew: 623615K->5897K(623616K), 0.0566422 secs] 1852311K->1299187K(2009472K), 0.0566864 secs] [Times: user=0.05 sys=0.00, real=0.05 secs] 
[GC (Allocation Failure) [DefNew: 560265K->69247K(623616K), 0.1626902 secs] 1853555K->1404472K(2009472K), 0.1627498 secs] [Times: user=0.16 sys=0.00, real=0.16 secs] 
[GC (Allocation Failure) [DefNew: 623615K->623615K(623616K), 0.0000199 secs][Tenured: 1335224K->787109K(1385856K), 2.4876850 secs] 1958840K->787109K(2009472K), [Metaspace: 10572K->10572K(12288K)], 2.4877677 secs] [Times: user=2.50 sys=0.00, real=2.49 secs] 

*** PauseDetector detected a 2490 ms pause at Mon Dec 22 03:34:21 EET 2014 ***

[GC (Allocation Failure) [DefNew: 554368K->69248K(623616K), 0.1432960 secs] 1341477K->898003K(2009472K), 0.1434083 secs] [Times: user=0.14 sys=0.00, real=0.14 secs] 
[GC (Allocation Failure) [DefNew: 623616K->5862K(623616K), 0.0471962 secs] 1452371K->899212K(2009472K), 0.0473496 secs] [Times: user=0.05 sys=0.00, real=0.05 secs] 
[GC (Allocation Failure) [DefNew: 560230K->69247K(623616K), 0.1397994 secs] 1453580K->1003992K(2009472K), 0.1399065 secs] [Times: user=0.13 sys=0.00, real=0.14 secs] 
[GC (Allocation Failure) [DefNew: 623615K->5908K(623616K), 0.0523840 secs] 1558360K->1005258K(2009472K), 0.0528280 secs] [Times: user=0.05 sys=0.00, real=0.05 secs] 
[GC (Allocation Failure) [DefNew: 560276K->69247K(623616K), 0.1286462 secs] 1559626K->1109738K(2009472K), 0.1287117 secs] [Times: user=0.13 sys=0.00, real=0.12 secs] 
[GC (Allocation Failure) [DefNew: 623615K->5842K(623616K), 0.0552378 secs] 1664106K->1110984K(2009472K), 0.0553045 secs] [Times: user=0.06 sys=0.00, real=0.05 secs] 
[GC (Allocation Failure) [DefNew: 560210K->69247K(623616K), 0.1286546 secs] 1665352K->1215416K(2009472K), 0.1287592 secs] [Times: user=0.13 sys=0.00, real=0.13 secs] 
[GC (Allocation Failure) [DefNew: 623615K->5909K(623616K), 0.0498915 secs] 1769784K->1216659K(2009472K), 0.0499332 secs] [Times: user=0.05 sys=0.00, real=0.04 secs] 
[GC (Allocation Failure) [DefNew: 560277K->69248K(623616K), 0.1373691 secs] 1771027K->1320156K(2009472K), 0.1375186 secs] [Times: user=0.14 sys=0.00, real=0.13 secs] 
[GC (Allocation Failure) [DefNew: 623616K->5881K(623616K), 0.0404437 secs] 1874524K->1321344K(2009472K), 0.0404918 secs] [Times: user=0.03 sys=0.00, real=0.04 secs] 
[GC (Allocation Failure) [DefNew: 560249K->560249K(623616K), 0.0000199 secs][Tenured: 1315462K->853369K(1385856K), 2.4305103 secs] 1875712K->853369K(2009472K), [Metaspace: 10572K->10572K(12288K)], 2.4306591 secs] [Times: user=2.42 sys=0.00, real=2.42 secs] 

*** PauseDetector detected a 2425 ms pause at Mon Dec 22 03:34:40 EET 2014 ***

[GC (Allocation Failure) [DefNew: 554368K->5875K(623616K), 0.0120789 secs] 1407737K->859245K(2009472K), 0.0121213 secs] [Times: user=0.00 sys=0.00, real=0.00 secs] 
[GC (Allocation Failure) [DefNew: 560243K->69247K(623616K), 0.1082056 secs] 1413613K->962490K(2009472K), 0.1082460 secs] [Times: user=0.11 sys=0.00, real=0.11 secs] 
[GC (Allocation Failure) [DefNew: 623615K->5842K(623616K), 0.0396622 secs] 1516858K->963634K(2009472K), 0.0397007 secs] [Times: user=0.03 sys=0.00, real=0.04 secs] 
[GC (Allocation Failure) [DefNew: 560210K->69247K(623616K), 0.1301103 secs] 1518002K->1066752K(2009472K), 0.1301546 secs] [Times: user=0.13 sys=0.00, real=0.13 secs] 
[GC (Allocation Failure) [DefNew: 623615K->5845K(623616K), 0.0405931 secs] 1621120K->1067940K(2009472K), 0.0406355 secs] [Times: user=0.03 sys=0.00, real=0.04 secs] 
[GC (Allocation Failure) [DefNew: 560213K->69247K(623616K), 0.1174584 secs] 1622308K->1170990K(2009472K), 0.1174976 secs] [Times: user=0.11 sys=0.00, real=0.12 secs] 
[GC (Allocation Failure) [DefNew: 623615K->5897K(623616K), 0.0413374 secs] 1725358K->1172185K(2009472K), 0.0413765 secs] [Times: user=0.03 sys=0.00, real=0.04 secs] 
[GC (Allocation Failure) [DefNew: 560265K->69248K(623616K), 0.1248359 secs] 1726553K->1275089K(2009472K), 0.1248783 secs] [Times: user=0.12 sys=0.00, real=0.12 secs] 
[GC (Allocation Failure) [DefNew: 623616K->5911K(623616K), 0.0459208 secs] 1829457K->1276294K(2009472K), 0.0459644 secs] [Times: user=0.05 sys=0.00, real=0.04 secs] 
[GC (Allocation Failure) [DefNew: 560279K->69247K(623616K), 0.1162337 secs] 1830662K->1379068K(2009472K), 0.1162799 secs] [Times: user=0.11 sys=0.00, real=0.11 secs] 
[GC (Allocation Failure) [DefNew: 623615K->623615K(623616K), 0.0000212 secs][Tenured: 1309820K->853557K(1385856K), 2.3344137 secs] 1933436K->853557K(2009472K), [Metaspace: 10572K->10572K(12288K)], 2.3344972 secs] [Times: user=2.34 sys=0.00, real=2.33 secs] 

*** PauseDetector detected a 2332 ms pause at Mon Dec 22 03:34:59 EET 2014 ***

[GC (Allocation Failure) [DefNew: 554368K->69248K(623616K), 0.0987302 secs] 1407925K->962113K(2009472K), 0.0987911 secs] [Times: user=0.09 sys=0.00, real=0.10 secs] 
[GC (Allocation Failure) [DefNew: 623616K->5874K(623616K), 0.0473855 secs] 1516481K->963350K(2009472K), 0.0474259 secs] [Times: user=0.05 sys=0.00, real=0.05 secs] 
[GC (Allocation Failure) [DefNew: 560242K->69247K(623616K), 0.0915150 secs] 1517718K->1065528K(2009472K), 0.0916645 secs] [Times: user=0.09 sys=0.00, real=0.09 secs] 
[GC (Allocation Failure) [DefNew: 623615K->5808K(623616K), 0.0446595 secs] 1619896K->1066641K(2009472K), 0.0447012 secs] [Times: user=0.05 sys=0.00, real=0.05 secs] 
[GC (Allocation Failure) [DefNew: 560176K->69248K(623616K), 0.0954614 secs] 1621009K->1168848K(2009472K), 0.0955063 secs] [Times: user=0.09 sys=0.00, real=0.10 secs] 
[GC (Allocation Failure) [DefNew: 623616K->5910K(623616K), 0.0446428 secs] 1723216K->1170027K(2009472K), 0.0447846 secs] [Times: user=0.05 sys=0.00, real=0.05 secs] 
[GC (Allocation Failure) [DefNew: 560278K->69248K(623616K), 0.1023442 secs] 1724395K->1271991K(2009472K), 0.1023833 secs] [Times: user=0.09 sys=0.00, real=0.10 secs] 
[GC (Allocation Failure) [DefNew: 623616K->5911K(623616K), 0.0443778 secs] 1826359K->1273240K(2009472K), 0.0444195 secs] [Times: user=0.03 sys=0.00, real=0.04 secs] 
[GC (Allocation Failure) [DefNew: 560279K->69247K(623616K), 0.1013882 secs] 1827608K->1375202K(2009472K), 0.1014287 secs] [Times: user=0.09 sys=0.00, real=0.10 secs] 
[GC (Allocation Failure) [DefNew: 623615K->623615K(623616K), 0.0000186 secs][Tenured: 1305954K->853115K(1385856K), 2.0811818 secs] 1929570K->853115K(2009472K), [Metaspace: 10572K->10572K(12288K)], 2.0813717 secs] [Times: user=2.07 sys=0.00, real=2.07 secs] 

*** PauseDetector detected a 2073 ms pause at Mon Dec 22 03:35:17 EET 2014 ***

[GC (Allocation Failure) [DefNew: 554368K->69248K(623616K), 0.3383659 secs] 1407483K->985641K(2009472K), 0.3384698 secs] [Times: user=0.34 sys=0.00, real=0.33 secs] 
[GC (Allocation Failure) [DefNew: 623616K->5913K(623616K), 0.0996970 secs] 1540009K->987287K(2009472K), 0.0998427 secs] [Times: user=0.09 sys=0.00, real=0.09 secs] 
[GC (Allocation Failure) [DefNew: 560281K->69247K(623616K), 0.4114362 secs] 1541655K->1106362K(2009472K), 0.4115767 secs] [Times: user=0.41 sys=0.00, real=0.41 secs] 

*** PauseDetector detected a 411 ms pause at Mon Dec 22 03:35:22 EET 2014 ***

[GC (Allocation Failure) [DefNew: 623615K->5885K(623616K), 0.0873358 secs] 1660730K->1107839K(2009472K), 0.0874449 secs] [Times: user=0.08 sys=0.00, real=0.09 secs] 
[GC (Allocation Failure) [DefNew: 560253K->69247K(623616K), 0.3755169 secs] 1662207K->1224383K(2009472K), 0.3755651 secs] [Times: user=0.38 sys=0.00, real=0.37 secs] 

*** PauseDetector detected a 371 ms pause at Mon Dec 22 03:35:26 EET 2014 ***

[GC (Allocation Failure) [DefNew: 623615K->5837K(623616K), 0.0704123 secs] 1778751K->1225775K(2009472K), 0.0704566 secs] [Times: user=0.06 sys=0.00, real=0.07 secs] 
[GC (Allocation Failure) [DefNew: 560205K->69248K(623616K), 0.3051579 secs] 1780143K->1338266K(2009472K), 0.3053067 secs] [Times: user=0.31 sys=0.00, real=0.30 secs] 
[GC (Allocation Failure) [DefNew: 623616K->5913K(623616K), 0.0788946 secs] 1892634K->1339698K(2009472K), 0.0789966 secs] [Times: user=0.06 sys=0.00, real=0.07 secs] 
[GC (Allocation Failure) [DefNew: 560281K->560281K(623616K), 0.0000796 secs][Tenured: 1333784K->791872K(1385856K), 2.3376665 secs] 1894066K->791872K(2009472K), [Metaspace: 10572K->10572K(12288K)], 2.3379200 secs] [Times: user=2.34 sys=0.00, real=2.34 secs] 

*** PauseDetector detected a 2337 ms pause at Mon Dec 22 03:35:35 EET 2014 ***

[GC (Allocation Failure) [DefNew: 554368K->5861K(623616K), 0.0114970 secs] 1346240K->797733K(2009472K), 0.0116067 secs] [Times: user=0.02 sys=0.00, real=0.01 secs] 
[GC (Allocation Failure) [DefNew: 560229K->69247K(623616K), 0.2729989 secs] 1352101K->906558K(2009472K), 0.2730425 secs] [Times: user=0.27 sys=0.00, real=0.27 secs] 
[GC (Allocation Failure) [DefNew: 623615K->5843K(623616K), 0.0536794 secs] 1460926K->907787K(2009472K), 0.0537461 secs] [Times: user=0.05 sys=0.00, real=0.05 secs] 
[GC (Allocation Failure) [DefNew: 560211K->69247K(623616K), 0.2238356 secs] 1462155K->1015913K(2009472K), 0.2238792 secs] [Times: user=0.22 sys=0.00, real=0.22 secs] 
[GC (Allocation Failure) [DefNew: 623615K->5917K(623616K), 0.0773798 secs] 1570281K->1017235K(2009472K), 0.0774273 secs] [Times: user=0.08 sys=0.00, real=0.08 secs] 
[GC (Allocation Failure) [DefNew: 560285K->69247K(623616K), 0.2343824 secs] 1571603K->1124738K(2009472K), 0.2344928 secs] [Times: user=0.23 sys=0.00, real=0.23 secs] 
[GC (Allocation Failure) [DefNew: 623615K->5867K(623616K), 0.0569739 secs] 1679106K->1125973K(2009472K), 0.0570534 secs] [Times: user=0.06 sys=0.00, real=0.05 secs] 
[GC (Allocation Failure) [DefNew: 560235K->69248K(623616K), 0.2114807 secs] 1680341K->1233045K(2009472K), 0.2115218 secs] [Times: user=0.22 sys=0.00, real=0.21 secs] 
[GC (Allocation Failure) [DefNew: 623616K->5916K(623616K), 0.0485256 secs] 1787413K->1234353K(2009472K), 0.0485891 secs] [Times: user=0.05 sys=0.00, real=0.04 secs] 
[GC (Allocation Failure) [DefNew: 560284K->69247K(623616K), 0.2031832 secs] 1788721K->1339951K(2009472K), 0.2032269 secs] [Times: user=0.20 sys=0.00, real=0.20 secs] 
[GC (Allocation Failure) [DefNew: 623615K->5823K(623616K), 0.0476004 secs] 1894319K->1341141K(2009472K), 0.0476684 secs] [Times: user=0.05 sys=0.00, real=0.05 secs] 
[GC (Allocation Failure) [DefNew: 560191K->560191K(623616K), 0.0000225 secs][Tenured: 1335317K->855267K(1385856K), 2.2519892 secs] 1895509K->855267K(2009472K), [Metaspace: 10572K->10572K(12288K)], 2.2520803 secs] [Times: user=2.25 sys=0.00, real=2.25 secs] 

*** PauseDetector detected a 2252 ms pause at Mon Dec 22 03:35:57 EET 2014 ***

[GC (Allocation Failure) [DefNew: 554368K->5867K(623616K), 0.0119320 secs] 1409635K->861134K(2009472K), 0.0119866 secs] [Times: user=0.00 sys=0.00, real=0.00 secs] 
[GC (Allocation Failure) [DefNew: 560235K->69248K(623616K), 0.1501416 secs] 1415502K->966119K(2009472K), 0.1502821 secs] [Times: user=0.14 sys=0.00, real=0.15 secs] 
[GC (Allocation Failure) [DefNew: 623616K->5827K(623616K), 0.0525188 secs] 1520487K->967334K(2009472K), 0.0525650 secs] [Times: user=0.05 sys=0.00, real=0.05 secs] 
[GC (Allocation Failure) [DefNew: 560195K->69248K(623616K), 0.1421893 secs] 1521702K->1072125K(2009472K), 0.1422964 secs] [Times: user=0.14 sys=0.00, real=0.14 secs] 
[GC (Allocation Failure) [DefNew: 623616K->5837K(623616K), 0.0544884 secs] 1626493K->1073346K(2009472K), 0.0545359 secs] [Times: user=0.05 sys=0.00, real=0.05 secs] 
[GC (Allocation Failure) [DefNew: 560205K->69247K(623616K), 0.1454959 secs] 1627714K->1177984K(2009472K), 0.1456320 secs] [Times: user=0.14 sys=0.00, real=0.14 secs] 
[GC (Allocation Failure) [DefNew: 623615K->5869K(623616K), 0.0482754 secs] 1732352K->1179170K(2009472K), 0.0483280 secs] [Times: user=0.05 sys=0.00, real=0.04 secs] 
[GC (Allocation Failure) [DefNew: 560237K->69247K(623616K), 0.1585405 secs] 1733538K->1283593K(2009472K), 0.1585822 secs] [Times: user=0.16 sys=0.00, real=0.15 secs] 
[GC (Allocation Failure) [DefNew: 623615K->5915K(623616K), 0.0539026 secs] 1837961K->1284822K(2009472K), 0.0539456 secs] [Times: user=0.05 sys=0.00, real=0.04 secs] 
[GC (Allocation Failure) [DefNew: 560283K->69248K(623616K), 0.1504528 secs] 1839190K->1388331K(2009472K), 0.1504983 secs] [Times: user=0.16 sys=0.00, real=0.15 secs] 
[Full GC (System.gc()) [Tenured: 1319083K->850008K(1385856K), 2.1035074 secs] 1499803K->850008K(2009472K), [Metaspace: 10572K->10572K(12288K)], 2.1035632 secs] [Times: user=2.11 sys=0.00, real=2.10 secs] 
[Full GC (System.gc()) [Tenured: 850008K->850008K(1385856K), 2.3978014 secs] 850010K->850008K(2009472K), [Metaspace: 10572K->10572K(12288K)], 2.3978451 secs] [Times: user=2.40 sys=0.00, real=2.40 secs] 
[Full GC (System.gc()) [Tenured: 850008K->780642K(1385856K), 2.0268339 secs] 861063K->780642K(2009472K), [Metaspace: 10572K->10572K(12288K)], 2.0268814 secs] [Times: user=2.01 sys=0.00, real=2.02 secs] 

*** PauseDetector detected a 2104 ms pause at Mon Dec 22 03:36:15 EET 2014 ***

[Full GC (System.gc()) [Tenured
*** PauseDetector detected a 6246 ms pause at Mon Dec 22 03:36:21 EET 2014 ***

: 780642K->780645K(1385856K), 1.8191474 secs] 791699K->780645K(2009472K), [Metaspace: 10572K->10572K(12288K)], 1.8192167 secs] [Times: user=1.81 sys=0.00, real=1.82 secs] 
[Full GC (System.gc()) [Tenured: 780645K->780645K(1385856K), 1.9412624 secs] 791702K->780645K(2009472K), [Metaspace: 10572K->10572K(12288K)], 1.9413067 secs] [Times: user=1.97 sys=0.00, real=1.94 secs] 
[Full GC (System.gc()) [Tenured: 780645K->780645K(1385856K), 2.0837109 secs] 780645K->780645K(2009472K), [Metaspace: 10572K->10572K(12288K)], 2.0837642 secs] [Times: user=2.06 sys=0.00, real=2.09 secs] 

*** PauseDetector detected a 4026 ms pause at Mon Dec 22 03:36:25 EET 2014 ***

[GC (Allocation Failure) [DefNew: 554368K->69248K(623616K), 0.1067948 secs] 1335013K->889951K(2009472K), 0.1068609 secs] [Times: user=0.11 sys=0.00, real=0.11 secs] 
[GC (Allocation Failure) [DefNew: 623616K->5954K(623616K), 0.0622220 secs] 1444319K->891155K(2009472K), 0.0622701 secs] [Times: user=0.06 sys=0.00, real=0.06 secs] 
[GC (Allocation Failure) [DefNew: 560322K->69248K(623616K), 0.1280464 secs] 1445523K->994375K(2009472K), 0.1280900 secs] [Times: user=0.13 sys=0.00, real=0.13 secs] 
[GC (Allocation Failure) [DefNew: 623616K->5941K(623616K), 0.0464546 secs] 1548743K->995564K(2009472K), 0.0464976 secs] [Times: user=0.03 sys=0.00, real=0.04 secs] 
[GC (Allocation Failure) [DefNew: 560309K->69248K(623616K), 0.1241020 secs] 1549932K->1098678K(2009472K), 0.1241533 secs] [Times: user=0.12 sys=0.00, real=0.12 secs] 
[GC (Allocation Failure) [DefNew: 623616K->5954K(623616K), 0.0448308 secs] 1653046K->1099880K(2009472K), 0.0448693 secs] [Times: user=0.05 sys=0.00, real=0.04 secs] 
[Full GC (System.gc()) [Tenured: 1093925K->780415K(1385856K), 2.2814998 secs] 1333676K->780415K(2009472K), [Metaspace: 10572K->10572K(12288K)], 2.2815825 secs] [Times: user=2.28 sys=0.00, real=2.28 secs] 
[Full GC (System.gc()) [Tenured: 780415K->780415K(1385856K), 2.0054515 secs] 780415K->780415K(2009472K), [Metaspace: 10572K->10572K(12288K)], 2.0054900 secs] [Times: user=2.01 sys=0.00, real=2.00 secs] 
[Full GC (System.gc()) [Tenured: 780415K->780415K(1385856K), 1.8741267 secs] 780417K->780415K(2009472K), [Metaspace: 10572K->10572K(12288K)], 1.8741690 secs] [Times: user=1.87 sys=0.00, real=1.87 secs] 

*** PauseDetector detected a 6154 ms pause at Mon Dec 22 03:36:41 EET 2014 ***
********************************
********** ROUND   78 **********
********************************

[GC (Allocation Failure) [DefNew: 554368K->5881K(623616K), 0.0120687 secs] 1334783K->786297K(2009472K), 0.0121123 secs] [Times: user=0.02 sys=0.00, real=0.01 secs] 
[GC (Allocation Failure) [DefNew: 560249K->69248K(623616K), 0.1222407 secs] 1340665K->889197K(2009472K), 0.1222831 secs] [Times: user=0.11 sys=0.00, real=0.11 secs] 
[GC (Allocation Failure) [DefNew: 623616K->5874K(623616K), 0.0426064 secs] 1443565K->890384K(2009472K), 0.0427508 secs] [Times: user=0.03 sys=0.00, real=0.03 secs] 
[GC (Allocation Failure) [DefNew: 560242K->69247K(623616K), 0.1138727 secs] 1444752K->993191K(2009472K), 0.1139760 secs] [Times: user=0.11 sys=0.00, real=0.11 secs] 
[GC (Allocation Failure) [DefNew: 623615K->5879K(623616K), 0.0453703 secs] 1547559K->994393K(2009472K), 0.0454140 secs] [Times: user=0.05 sys=0.00, real=0.05 secs] 
[GC (Allocation Failure) [DefNew: 560247K->69247K(623616K), 0.1180743 secs] 1548761K->1097117K(2009472K), 0.1181193 secs] [Times: user=0.13 sys=0.00, real=0.12 secs] 
[GC (Allocation Failure) [DefNew: 623615K->5886K(623616K), 0.0424441 secs] 1651485K->1098319K(2009472K), 0.0425942 secs] [Times: user=0.03 sys=0.00, real=0.03 secs] 
[GC (Allocation Failure) [DefNew: 560254K->69248K(623616K), 0.1180820 secs] 1652687K->1200491K(2009472K), 0.1181488 secs] [Times: user=0.11 sys=0.00, real=0.12 secs] 
[GC (Allocation Failure) [DefNew: 623616K->5885K(623616K), 0.0422869 secs] 1754859K->1201675K(2009472K), 0.0423267 secs] [Times: user=0.05 sys=0.00, real=0.04 secs] 
[GC (Allocation Failure) [DefNew: 560253K->69247K(623616K), 0.1198881 secs] 1756043K->1303786K(2009472K), 0.1199304 secs] [Times: user=0.13 sys=0.00, real=0.12 secs] 
[GC (Allocation Failure) [DefNew: 623615K->5892K(623616K), 0.0384727 secs] 1858154K->1304966K(2009472K), 0.0385395 secs] [Times: user=0.05 sys=0.00, real=0.04 secs] 
[GC (Allocation Failure) [DefNew: 560260K->69248K(623616K), 0.1159411 secs] 1859334K->1406993K(2009472K), 0.1160059 secs] [Times: user=0.11 sys=0.00, real=0.12 secs] 
[GC (Allocation Failure) [DefNew: 623616K->623616K(623616K), 0.0000192 secs][Tenured: 1337745K->853171K(1385856K), 2.4274371 secs] 1961361K->853171K(2009472K), [Metaspace: 10572K->10572K(12288K)], 2.4275924 secs] [Times: user=2.42 sys=0.00, real=2.42 secs] 

*** PauseDetector detected a 2424 ms pause at Mon Dec 22 03:37:03 EET 2014 ***

[GC (Allocation Failure) [DefNew: 554368K->69247K(623616K), 0.0930324 secs] 1407539K->961030K(2009472K), 0.0930888 secs] [Times: user=0.08 sys=0.00, real=0.09 secs] 
[GC (Allocation Failure) [DefNew: 623615K->5893K(623616K), 0.0466676 secs] 1515398K->962213K(2009472K), 0.0467715 secs] [Times: user=0.05 sys=0.00, real=0.05 secs] 
[GC (Allocation Failure) [DefNew: 560261K->69247K(623616K), 0.3139128 secs] 1516581K->1088826K(2009472K), 0.3140553 secs] [Times: user=0.31 sys=0.00, real=0.31 secs] 
[GC (Allocation Failure) [DefNew: 623615K->5874K(623616K), 0.1155793 secs] 1643194K->1090452K(2009472K), 0.1156299 secs] [Times: user=0.13 sys=0.00, real=0.12 secs] 
[GC (Allocation Failure) [DefNew: 560242K->69247K(623616K), 0.4247784 secs] 1644820K->1209544K(2009472K), 0.4248875 secs] [Times: user=0.41 sys=0.00, real=0.42 secs] 

*** PauseDetector detected a 417 ms pause at Mon Dec 22 03:37:12 EET 2014 ***

[GC (Allocation Failure) [DefNew: 623615K->5894K(623616K), 0.0741296 secs] 1763912K->1211053K(2009472K), 0.0741694 secs] [Times: user=0.06 sys=0.00, real=0.07 secs] 
[GC (Allocation Failure) [DefNew: 560262K->69247K(623616K), 0.4350744 secs] 1765421K->1327552K(2009472K), 0.4351187 secs] [Times: user=0.44 sys=0.00, real=0.43 secs] 

*** PauseDetector detected a 434 ms pause at Mon Dec 22 03:37:16 EET 2014 ***

[GC (Allocation Failure) [DefNew: 623615K->5902K(623616K), 0.0739891 secs] 1881920K->1329044K(2009472K), 0.0740308 secs] [Times: user=0.08 sys=0.00, real=0.07 secs] 
[GC (Allocation Failure) [DefNew: 560270K->560270K(623616K), 0.0000205 secs][Tenured: 1323142K->793026K(1385856K), 2.3551180 secs] 1883412K->793026K(2009472K), [Metaspace: 10572K->10572K(12288K)], 2.3552008 secs] [Times: user=2.36 sys=0.00, real=2.35 secs] 

*** PauseDetector detected a 2357 ms pause at Mon Dec 22 03:37:21 EET 2014 ***

[GC (Allocation Failure) [DefNew: 554368K->5906K(623616K), 0.0123946 secs] 1347394K->798933K(2009472K), 0.0124376 secs] [Times: user=0.00 sys=0.00, real=0.00 secs] 
[GC (Allocation Failure) [DefNew: 560274K->69247K(623616K), 0.2508222 secs] 1353301K->910167K(2009472K), 0.2509678 secs] [Times: user=0.25 sys=0.00, real=0.25 secs] 
[GC (Allocation Failure) [DefNew: 623615K->5865K(623616K), 0.0673295 secs] 1464535K->911501K(2009472K), 0.0673950 secs] [Times: user=0.08 sys=0.00, real=0.06 secs] 
[GC (Allocation Failure) [DefNew: 560233K->69248K(623616K), 0.2586032 secs] 1465869K->1020299K(2009472K), 0.2586443 secs] [Times: user=0.25 sys=0.00, real=0.26 secs] 
[GC (Allocation Failure) [DefNew: 623616K->5908K(623616K), 0.0578952 secs] 1574667K->1021615K(2009472K), 0.0580030 secs] [Times: user=0.06 sys=0.00, real=0.05 secs] 
[GC (Allocation Failure) [DefNew: 560276K->69247K(623616K), 0.2393194 secs] 1575983K->1129684K(2009472K), 0.2393566 secs] [Times: user=0.23 sys=0.00, real=0.24 secs] 
[GC (Allocation Failure) [DefNew: 623615K->5901K(623616K), 0.0612795 secs] 1684052K->1130981K(2009472K), 0.0613186 secs] [Times: user=0.06 sys=0.00, real=0.06 secs] 
[GC (Allocation Failure) [DefNew: 560269K->69247K(623616K), 0.2472749 secs] 1685349K->1238481K(2009472K), 0.2473846 secs] [Times: user=0.23 sys=0.00, real=0.24 secs] 
[GC (Allocation Failure) [DefNew: 623615K->5875K(623616K), 0.0507275 secs] 1792849K->1239743K(2009472K), 0.0507788 secs] [Times: user=0.05 sys=0.00, real=0.05 secs] 
[GC (Allocation Failure) [DefNew: 560243K->69248K(623616K), 0.2109765 secs] 1794111K->1346787K(2009472K), 0.2110201 secs] [Times: user=0.22 sys=0.00, real=0.21 secs] 
[GC (Allocation Failure) [DefNew: 623616K->5875K(623616K), 0.0468402 secs] 1901155K->1348075K(2009472K), 0.0469877 secs] [Times: user=0.05 sys=0.00, real=0.05 secs] 
[GC (Allocation Failure) [DefNew: 560243K->560243K(623616K), 0.0000199 secs][Tenured: 1342199K->855567K(1385856K), 2.5211810 secs] 1902443K->855567K(2009472K), [Metaspace: 10572K->10572K(12288K)], 2.5212676 secs] [Times: user=2.51 sys=0.00, real=2.52 secs] 

*** PauseDetector detected a 2521 ms pause at Mon Dec 22 03:37:44 EET 2014 ***

[GC (Allocation Failure) [DefNew: 554368K->5903K(623616K), 0.0111057 secs] 1409935K->861471K(2009472K), 0.0111455 secs] [Times: user=0.00 sys=0.00, real=0.00 secs] 
[GC (Allocation Failure) [DefNew: 560271K->69248K(623616K), 0.1420481 secs] 1415839K->966762K(2009472K), 0.1420937 secs] [Times: user=0.13 sys=0.00, real=0.13 secs] 
[GC (Allocation Failure) [DefNew: 623616K->5909K(623616K), 0.0564818 secs] 1521130K->968012K(2009472K), 0.0565235 secs] [Times: user=0.06 sys=0.00, real=0.05 secs] 
[GC (Allocation Failure) [DefNew: 560277K->69248K(623616K), 0.1448544 secs] 1522380K->1073012K(2009472K), 0.1449910 secs] [Times: user=0.16 sys=0.00, real=0.14 secs] 
[GC (Allocation Failure) [DefNew: 623616K->5902K(623616K), 0.0488958 secs] 1627380K->1074245K(2009472K), 0.0489407 secs] [Times: user=0.05 sys=0.00, real=0.04 secs] 
[GC (Allocation Failure) [DefNew: 560270K->69247K(623616K), 0.1351723 secs] 1628613K->1179011K(2009472K), 0.1352083 secs] [Times: user=0.14 sys=0.00, real=0.13 secs] 
[GC (Allocation Failure) [DefNew: 623615K->5866K(623616K), 0.0586779 secs] 1733379K->1180209K(2009472K), 0.0587209 secs] [Times: user=0.05 sys=0.00, real=0.06 secs] 
[GC (Allocation Failure) [DefNew: 560234K->69248K(623616K), 0.1659622 secs] 1734577K->1284797K(2009472K), 0.1660129 secs] [Times: user=0.17 sys=0.00, real=0.17 secs] 
[GC (Allocation Failure) [DefNew: 623616K->5900K(623616K), 0.0409544 secs] 1839165K->1286035K(2009472K), 0.0410172 secs] [Times: user=0.03 sys=0.00, real=0.03 secs] 
[GC (Allocation Failure) [DefNew: 560268K->69247K(623616K), 0.1394517 secs] 1840403K->1390417K(2009472K), 0.1395947 secs] [Times: user=0.14 sys=0.00, real=0.14 secs] 
[GC (Allocation Failure) [DefNew: 623615K->623615K(623616K), 0.0000225 secs][Tenured: 1321169K->855561K(1385856K), 2.3835488 secs] 1944785K->855561K(2009472K), [Metaspace: 10572K->10572K(12288K)], 2.3836964 secs] [Times: user=2.37 sys=0.00, real=2.38 secs] 

*** PauseDetector detected a 2387 ms pause at Mon Dec 22 03:38:03 EET 2014 ***

[GC (Allocation Failure) [DefNew: 554368K->69247K(623616K), 0.1227360 secs] 1409929K->964966K(2009472K), 0.1227790 secs] [Times: user=0.13 sys=0.00, real=0.12 secs] 
[GC (Allocation Failure) [DefNew: 623615K->5910K(623616K), 0.0533939 secs] 1519334K->966185K(2009472K), 0.0535485 secs] [Times: user=0.05 sys=0.00, real=0.05 secs] 
[GC (Allocation Failure) [DefNew: 560278K->69247K(623616K), 0.1377637 secs] 1520553K->1069500K(2009472K), 0.1378092 secs] [Times: user=0.14 sys=0.00, real=0.14 secs] 
[GC (Allocation Failure) [DefNew: 623615K->5917K(623616K), 0.0466381 secs] 1623868K->1070749K(2009472K), 0.0466811 secs] [Times: user=0.05 sys=0.00, real=0.04 secs] 
[GC (Allocation Failure) [DefNew: 560285K->69248K(623616K), 0.1158083 secs] 1625117K->1173920K(2009472K), 0.1159565 secs] [Times: user=0.11 sys=0.00, real=0.11 secs] 
[GC (Allocation Failure) [DefNew: 623616K->5912K(623616K), 0.0470217 secs] 1728288K->1175166K(2009472K), 0.0470654 secs] [Times: user=0.05 sys=0.00, real=0.04 secs] 
[GC (Allocation Failure) [DefNew: 560280K->69247K(623616K), 0.1379594 secs] 1729534K->1278263K(2009472K), 0.1380023 secs] [Times: user=0.13 sys=0.00, real=0.13 secs] 
[GC (Allocation Failure) [DefNew: 623615K->5910K(623616K), 0.0437876 secs] 1832631K->1279467K(2009472K), 0.0438363 secs] [Times: user=0.05 sys=0.00, real=0.04 secs] 
[GC (Allocation Failure) [DefNew: 560278K->69247K(623616K), 0.1297228 secs] 1833835K->1382459K(2009472K), 0.1297645 secs] [Times: user=0.12 sys=0.00, real=0.13 secs] 
[GC (Allocation Failure) [DefNew: 623615K->623615K(623616K), 0.0000205 secs][Tenured: 1313211K->854177K(1385856K), 2.2178099 secs] 1936827K->854177K(2009472K), [Metaspace: 10572K->10572K(12288K)], 2.2178933 secs]
*** PauseDetector detected a 2219 ms pause at Mon Dec 22 03:38:21 EET 2014 ***

 [Times: user=2.22 sys=0.00, real=2.22 secs] 
[GC (Allocation Failure) [DefNew: 554368K->69248K(623616K), 0.1091962 secs] 1408545K->962964K(2009472K), 0.1092739 secs] [Times: user=0.11 sys=0.00, real=0.11 secs] 
[GC (Allocation Failure) [DefNew: 623616K->5895K(623616K), 0.0441802 secs] 1517332K->964168K(2009472K), 0.0442867 secs] [Times: user=0.05 sys=0.00, real=0.04 secs] 
[GC (Allocation Failure) [DefNew: 560263K->69248K(623616K), 0.1035240 secs] 1518536K->1066942K(2009472K), 0.1035882 secs] [Times: user=0.11 sys=0.00, real=0.10 secs] 
[GC (Allocation Failure) [DefNew: 623616K->5900K(623616K), 0.0465643 secs] 1621310K->1068176K(2009472K), 0.0466073 secs] [Times: user=0.03 sys=0.00, real=0.04 secs] 
[GC (Allocation Failure) [DefNew: 560268K->69247K(623616K), 0.1062565 secs] 1622544K->1170916K(2009472K), 0.1063232 secs] [Times: user=0.11 sys=0.00, real=0.10 secs] 
[GC (Allocation Failure) [DefNew: 623615K->5912K(623616K), 0.0383098 secs] 1725284K->1172109K(2009472K), 0.0384150 secs] [Times: user=0.03 sys=0.00, real=0.04 secs] 
[GC (Allocation Failure) [DefNew: 560280K->69248K(623616K), 0.0987430 secs] 1726477K->1274281K(2009472K), 0.0988906 secs] [Times: user=0.09 sys=0.00, real=0.09 secs] 
[GC (Allocation Failure) [DefNew: 623616K->5875K(623616K), 0.0373205 secs] 1828649K->1275427K(2009472K), 0.0374610 secs] [Times: user=0.03 sys=0.00, real=0.04 secs] 
[GC (Allocation Failure) [DefNew: 560243K->69248K(623616K), 0.1193742 secs] 1829795K->1377527K(2009472K), 0.1194152 secs] [Times: user=0.12 sys=0.00, real=0.12 secs] 
[GC (Allocation Failure) [DefNew: 623616K->623616K(623616K), 0.0001257 secs][Tenured: 1308279K->783976K(1385856K), 2.0960907 secs] 1931895K->783976K(2009472K), [Metaspace: 10572K->10572K(12288K)], 2.0962871 secs] [Times: user=2.09 sys=0.00, real=2.09 secs] 

*** PauseDetector detected a 2103 ms pause at Mon Dec 22 03:38:38 EET 2014 ***

[GC (Allocation Failure) [DefNew: 554368K->69248K(623616K), 0.0951855 secs] 1338344K->891884K(2009472K), 0.0952278 secs] [Times: user=0.09 sys=0.00, real=0.10 secs] 
[GC (Allocation Failure) [DefNew: 623616K->5922K(623616K), 0.0619750 secs] 1446252K->893111K(2009472K), 0.0620282 secs] [Times: user=0.06 sys=0.00, real=0.06 secs] 
[GC (Allocation Failure) [DefNew: 560290K->69247K(623616K), 0.1053910 secs] 1447479K->995047K(2009472K), 0.1054347 secs] [Times: user=0.09 sys=0.00, real=0.10 secs] 
[GC (Allocation Failure) [DefNew: 623615K->5915K(623616K), 0.0423395 secs] 1549415K->996252K(2009472K), 0.0424916 secs] [Times: user=0.03 sys=0.00, real=0.03 secs] 
[GC (Allocation Failure) [DefNew: 560283K->69247K(623616K), 0.2927658 secs] 1550620K->1122866K(2009472K), 0.2928069 secs] [Times: user=0.30 sys=0.00, real=0.29 secs] 
[GC (Allocation Failure) [DefNew: 623615K->5922K(623616K), 0.1063913 secs] 1677234K->1124517K(2009472K), 0.1064336 secs] [Times: user=0.11 sys=0.00, real=0.11 secs] 
[GC (Allocation Failure) [DefNew: 560290K->69248K(623616K), 0.4344476 secs] 1678885K->1243585K(2009472K), 0.4345092 secs] [Times: user=0.44 sys=0.00, real=0.43 secs] 

*** PauseDetector detected a 427 ms pause at Mon Dec 22 03:38:50 EET 2014 ***

[GC (Allocation Failure) [DefNew: 623616K->5916K(623616K), 0.0784423 secs] 1797953K->1245092K(2009472K), 0.0784910 secs] [Times: user=0.08 sys=0.00, real=0.08 secs] 
[GC (Allocation Failure) [DefNew
*** PauseDetector detected a 420 ms pause at Mon Dec 22 03:38:54 EET 2014 ***

: 560284K->69248K(623616K), 0.4271843 secs] 1799460K->1361569K(2009472K), 0.4272267 secs] [Times: user=0.42 sys=0.00, real=0.42 secs] 
[GC (Allocation Failure) [DefNew: 623616K->5917K(623616K), 0.0869894 secs] 1915937K->1363076K(2009472K), 0.0870336 secs] [Times: user=0.08 sys=0.00, real=0.08 secs] 
[GC (Allocation Failure) [DefNew: 560285K->560285K(623616K), 0.0000205 secs][Tenured: 1357158K->862321K(1385856K), 2.3268034 secs] 1917444K->862321K(2009472K), [Metaspace: 10572K->10572K(12288K)]
*** PauseDetector detected a 2329 ms pause at Mon Dec 22 03:38:59 EET 2014 ***

, 2.3268868 secs] [Times: user=2.33 sys=0.00, real=2.33 secs] 
[GC (Allocation Failure) [DefNew: 554368K->5924K(623616K), 0.0121463 secs] 1416689K->868246K(2009472K), 0.0121880 secs] [Times: user=0.02 sys=0.00, real=0.01 secs] 
[GC (Allocation Failure) [DefNew: 560292K->69247K(623616K), 0.2634067 secs] 1422614K->979463K(2009472K), 0.2635151 secs] [Times: user=0.25 sys=0.00, real=0.26 secs] 
[GC (Allocation Failure) [DefNew: 623615K->5918K(623616K), 0.0711315 secs] 1533831K->980849K(2009472K), 0.0711751 secs] [Times: user=0.06 sys=0.00, real=0.06 secs] 
[GC (Allocation Failure) [DefNew: 560286K->69247K(623616K), 0.2749095 secs] 1535217K->1089615K(2009472K), 0.2749474 secs] [Times: user=0.27 sys=0.00, real=0.27 secs] 
[GC (Allocation Failure) [DefNew: 623615K->5913K(623616K), 0.0565370 secs] 1643983K->1090915K(2009472K), 0.0565812 secs] [Times: user=0.05 sys=0.00, real=0.05 secs] 
[GC (Allocation Failure) [DefNew: 560281K->69247K(623616K), 0.2449332 secs] 1645283K->1198998K(2009472K), 0.2450839 secs] [Times: user=0.23 sys=0.00, real=0.24 secs] 
[GC (Allocation Failure) [DefNew: 623615K->5865K(623616K), 0.0542202 secs] 1753366K->1200240K(2009472K), 0.0543620 secs] [Times: user=0.05 sys=0.00, real=0.05 secs] 
[GC (Allocation Failure) [DefNew: 560233K->69247K(623616K), 0.2476958 secs] 1754608K->1307767K(2009472K), 0.2477516 secs] [Times: user=0.23 sys=0.00, real=0.24 secs] 
[Full GC (System.gc()) [Tenured: 1238519K->854990K(1385856K), 2.2362565 secs] 1520484K->854990K(2009472K), [Metaspace: 10572K->10572K(12288K)], 2.2363335 secs] [Times: user=2.23 sys=0.00, real=2.23 secs] 
[Full GC (System.gc()) [Tenured: 854990K->854990K(1385856K), 1.9552084 secs] 854990K->854990K(2009472K), [Metaspace: 10572K->10572K(12288K)], 1.9552514 secs] [Times: user=1.93 sys=0.00, real=1.95 secs] 
[Full GC (System.gc()) [Tenured: 854990K->785621K(1385856K), 2.2197725 secs] 854990K->785621K(2009472K), [Metaspace: 10572K->10572K(12288K)], 2.2198155 secs] [Times: user=2.23 sys=0.00, real=2.22 secs] 

*** PauseDetector detected a 6409 ms pause at Mon Dec 22 03:39:20 EET 2014 ***

[Full GC (System.gc()) [Tenured: 785621K->785621K(1385856K), 2.0703629 secs] 796755K->785621K(2009472K), [Metaspace: 10572K->10572K(12288K)], 2.0704104 secs] [Times: user=2.07 sys=0.00, real=2.07 secs] 
[Full GC (System.gc()) [Tenured: 785621K->785621K(1385856K), 1.9310614 secs] 785621K->785621K(2009472K), [Metaspace: 10572K->10572K(12288K)], 1.9311230 secs] [Times: user=1.92 sys=0.00, real=1.93 secs] 
[Full GC (System.gc()) [Tenured: 785621K->785621K(1385856K), 1.9743293 secs] 785623K->785621K(2009472K), [Metaspace: 10572K->10572K(12288K)]
*** PauseDetector detected a 4003 ms pause at Mon Dec 22 03:39:24 EET 2014 ***


*** PauseDetector detected a 1984 ms pause at Mon Dec 22 03:39:26 EET 2014 ***

, 1.9743876 secs] [Times: user=1.98 sys=0.00, real=1.97 secs] 
[GC (Allocation Failure) [DefNew: 554368K->69248K(623616K), 0.2072220 secs] 1339989K->898586K(2009472K), 0.2073657 secs] [Times: user=0.20 sys=0.00, real=0.21 secs] 
[GC (Allocation Failure) [DefNew: 623616K->5954K(623616K), 0.0722607 secs] 1452954K->899908K(2009472K), 0.0722979 secs] [Times: user=0.06 sys=0.00, real=0.07 secs] 
[GC (Allocation Failure) [DefNew: 560322K->69248K(623616K), 0.1768568 secs] 1454276K->1005521K(2009472K), 0.1770146 secs] [Times: user=0.17 sys=0.00, real=0.17 secs] 
[GC (Allocation Failure) [DefNew: 623616K->5954K(623616K), 0.0534356 secs] 1559889K->1006764K(2009472K), 0.0534766 secs] [Times: user=0.05 sys=0.00, real=0.05 secs] 
[GC (Allocation Failure) [DefNew: 560322K->69248K(623616K), 0.1806505 secs] 1561132K->1112082K(2009472K), 0.1806973 secs] [Times: user=0.19 sys=0.00, real=0.18 secs] 
[GC (Allocation Failure) [DefNew: 623616K->5950K(623616K), 0.0541695 secs] 1666450K->1113318K(2009472K), 0.0542106 secs] [Times: user=0.06 sys=0.00, real=0.05 secs] 
[Full GC (System.gc()) [Tenured: 1107368K->728614K(1385856K), 2.0046938 secs] 1180118K->728614K(2009472K), [Metaspace: 10572K->10572K(12288K)], 2.0047733 secs] [Times: user=2.00 sys=0.00, real=2.00 secs] 
[Full GC (System.gc()) [Tenured: 728614K->728614K(1385856K), 2.0397052 secs] 739748K->728614K(2009472K), [Metaspace: 10572K->10572K(12288K)], 2.0397469 secs] [Times: user=2.03 sys=0.00, real=2.04 secs] 
[Full GC (System.gc()) [Tenured: 728614K->728615K(1385856K), 2.0292713 secs] 739747K->728615K(2009472K), [Metaspace: 10572K->10572K(12288K)], 2.0294201 secs] [Times: user=2.03 sys=0.00, real=2.03 secs] 

*** PauseDetector detected a 2001 ms pause at Mon Dec 22 03:39:38 EET 2014 ***


*** PauseDetector detected a 4085 ms pause at Mon Dec 22 03:39:42 EET 2014 ***

********************************
********** ROUND   79 **********
********************************
[GC (Allocation Failure) [DefNew: 554368K->58762K(623616K), 0.0506312 secs] 1282983K->787377K(2009472K), 0.0507807 secs] [Times: user=0.05 sys=0.00, real=0.05 secs] 
[GC (Allocation Failure) [DefNew: 613130K->5879K(623616K), 0.0379377 secs] 1341745K->787947K(2009472K), 0.0380788 secs] [Times: user=0.03 sys=0.00, real=0.04 secs] 
[GC (Allocation Failure) [DefNew: 560247K->69248K(623616K), 0.1709851 secs] 1342315K->892714K(2009472K), 0.1710281 secs] [Times: user=0.17 sys=0.00, real=0.16 secs] 
[GC (Allocation Failure) [DefNew: 623616K->5889K(623616K), 0.0453722 secs] 1447082K->893957K(2009472K), 0.0454749 secs] [Times: user=0.05 sys=0.00, real=0.04 secs] 
[GC (Allocation Failure) [DefNew: 560257K->69247K(623616K), 0.1262981 secs] 1448325K->998512K(2009472K), 0.1264463 secs] [Times: user=0.12 sys=0.00, real=0.12 secs] 
[GC (Allocation Failure) [DefNew: 623615K->5883K(623616K), 0.0460882 secs] 1552880K->999743K(2009472K), 0.0461287 secs] [Times: user=0.03 sys=0.00, real=0.04 secs] 
[GC (Allocation Failure) [DefNew: 560251K->69247K(623616K), 0.1553242 secs] 1554111K->1104118K(2009472K), 0.1553666 secs] [Times: user=0.16 sys=0.00, real=0.15 secs] 
[GC (Allocation Failure) [DefNew: 623615K->5869K(623616K), 0.0421894 secs] 1658486K->1105337K(2009472K), 0.0422535 secs] [Times: user=0.05 sys=0.00, real=0.04 secs] 
[GC (Allocation Failure) [DefNew: 560237K->69248K(623616K), 0.1369117 secs] 1659705K->1208851K(2009472K), 0.1369559 secs] [Times: user=0.14 sys=0.00, real=0.14 secs] 
[GC (Allocation Failure) [DefNew: 623616K->5889K(623616K), 0.0510528 secs] 1763219K->1210070K(2009472K), 0.0511015 secs] [Times: user=0.05 sys=0.00, real=0.05 secs] 
[GC (Allocation Failure) [DefNew: 560257K->69247K(623616K), 0.1428077 secs] 1764438K->1313422K(2009472K), 0.1428507 secs] [Times: user=0.14 sys=0.00, real=0.14 secs] 
[GC (Allocation Failure) [DefNew: 623615K->5883K(623616K), 0.0491717 secs] 1867790K->1314622K(2009472K), 0.0492782 secs] [Times: user=0.06 sys=0.00, real=0.05 secs] 
[GC (Allocation Failure) [DefNew: 560251K->560251K(623616K), 0.0000199 secs][Tenured: 1308739K->853212K(1385856K), 2.1544158 secs] 1868990K->853212K(2009472K), [Metaspace: 10572K->10572K(12288K)], 2.1545749 secs] [Times: user=2.14 sys=0.00, real=2.15 secs] 

*** PauseDetector detected a 2149 ms pause at Mon Dec 22 03:40:04 EET 2014 ***

[GC (Allocation Failure) [DefNew: 554368K->5886K(623616K), 0.0122066 secs] 1407580K->859099K(2009472K), 0.0122496 secs] [Times: user=0.02 sys=0.00, real=0.00 secs] 
[GC (Allocation Failure) [DefNew: 560254K->69247K(623616K), 0.1083468 secs] 1413467K->962181K(2009472K), 0.1083917 secs] [Times: user=0.11 sys=0.00, real=0.11 secs] 
[GC (Allocation Failure) [DefNew: 623615K->5887K(623616K), 0.0479296 secs] 1516549K->963402K(2009472K), 0.0479687 secs] [Times: user=0.03 sys=0.00, real=0.04 secs] 
[GC (Allocation Failure) [DefNew: 560255K->69248K(623616K), 0.1052492 secs] 1517770K->1066401K(2009472K), 0.1052903 secs] [Times: user=0.09 sys=0.00, real=0.10 secs] 
[GC (Allocation Failure) [DefNew: 623616K->5892K(623616K), 0.0467010 secs] 1620769K->1067601K(2009472K), 0.0467439 secs] [Times: user=0.05 sys=0.00, real=0.04 secs] 
[GC (Allocation Failure) [DefNew: 560260K->69247K(623616K), 0.1269563 secs] 1621969K->1170490K(2009472K), 0.1269967 secs] [Times: user=0.13 sys=0.00, real=0.12 secs] 
[GC (Allocation Failure) [DefNew: 623615K->5884K(623616K), 0.0465495 secs] 1724858K->1171687K(2009472K), 0.0465919 secs] [Times: user=0.05 sys=0.00, real=0.04 secs] 
[GC (Allocation Failure) [DefNew: 560252K->69248K(623616K), 0.1220136 secs] 1726055K->1274502K(2009472K), 0.1220566 secs] [Times: user=0.11 sys=0.00, real=0.12 secs] 
[GC (Allocation Failure) [DefNew: 623616K->5893K(623616K), 0.0435617 secs] 1828870K->1275700K(2009472K), 0.0436182 secs] [Times: user=0.03 sys=0.00, real=0.04 secs] 
[GC (Allocation Failure) [DefNew: 560261K->69248K(623616K), 0.1352461 secs] 1830068K->1378431K(2009472K), 0.1352885 secs] [Times: user=0.13 sys=0.00, real=0.13 secs] 
[GC (Allocation Failure) [DefNew: 623616K->623616K(623616K), 0.0000866 secs][Tenured: 1309183K->784599K(1385856K), 2.1815955 secs] 1932799K->784599K(2009472K), [Metaspace: 10572K->10572K(12288K)], 2.1818618 secs] [Times: user=2.17 sys=0.00, real=2.17 secs] 

*** PauseDetector detected a 2175 ms pause at Mon Dec 22 03:40:23 EET 2014 ***

[GC (Allocation Failure) [DefNew: 554368K->69247K(623616K), 0.1159341 secs] 1338967K->892670K(2009472K), 0.1159764 secs] [Times: user=0.13 sys=0.00, real=0.12 secs] 
[GC (Allocation Failure) [DefNew: 623615K->5895K(623616K), 0.0410339 secs] 1447038K->893851K(2009472K), 0.0411731 secs] [Times: user=0.05 sys=0.00, real=0.03 secs] 
[GC (Allocation Failure) [DefNew: 560263K->69247K(623616K), 0.1061609 secs] 1448219K->995957K(2009472K), 0.1063059 secs] [Times: user=0.09 sys=0.00, real=0.10 secs] 
[GC (Allocation Failure) [DefNew: 623615K->5898K(623616K), 0.0517931 secs] 1550325K->997138K(2009472K), 0.0518381 secs] [Times: user=0.05 sys=0.00, real=0.05 secs] 
[GC (Allocation Failure) [DefNew: 560266K->69248K(623616K), 0.0994417 secs] 1551506K->1099150K(2009472K), 0.0995976 secs] [Times: user=0.09 sys=0.00, real=0.09 secs] 
[GC (Allocation Failure) [DefNew: 623616K->5909K(623616K), 0.0486744 secs] 1653518K->1100361K(2009472K), 0.0487200 secs] [Times: user=0.05 sys=0.00, real=0.05 secs] 
[GC (Allocation Failure) [DefNew: 560277K->69247K(623616K), 0.0981810 secs] 1654729K->1202321K(2009472K), 0.0982208 secs] [Times: user=0.09 sys=0.00, real=0.09 secs] 
[GC (Allocation Failure) [DefNew: 623615K->5883K(623616K), 0.0457918 secs] 1756689K->1203483K(2009472K), 0.0458348 secs] [Times: user=0.03 sys=0.00, real=0.04 secs] 
[GC (Allocation Failure) [DefNew: 560251K->69247K(623616K), 0.2846852 secs] 1757851K->1330116K(2009472K), 0.2848289 secs] [Times: user=0.28 sys=0.00, real=0.28 secs] 
[GC (Allocation Failure) [DefNew: 623615K->5909K(623616K), 0.1107488 secs] 1884484K->1331768K(2009472K), 0.1107957 secs] [Times: user=0.09 sys=0.00, real=0.11 secs] 
[GC (Allocation Failure) [DefNew: 560277K->560277K(623616K), 0.0000192 secs][Tenured: 1325858K->868132K(1385856K), 2.3347807 secs] 1886136K->868132K(2009472K), [Metaspace: 10572K->10572K(12288K)], 2.3348616 secs]
*** PauseDetector detected a 2331 ms pause at Mon Dec 22 03:40:43 EET 2014 ***
 [Times: user=2.33 sys=0.00, real=2.33 secs] 

[GC (Allocation Failure) [DefNew: 554368K->5911K(623616K), 0.0119160 secs] 1422500K->874043K(2009472K), 0.0119590 secs] [Times: user=0.01 sys=0.00, real=0.00 secs] 
[GC (Allocation Failure) [DefNew: 560279K->69248K(623616K), 0.3530772 secs] 1428411K->990546K(2009472K), 0.3532222 secs] [Times: user=0.34 sys=0.00, real=0.34 secs] 

*** PauseDetector detected a 356 ms pause at Mon Dec 22 03:40:46 EET 2014 ***

[GC (Allocation Failure) [DefNew: 623616K->5905K(623616K), 0.0676959 secs] 1544914K->992021K(2009472K), 0.0677395 secs] [Times: user=0.08 sys=0.00, real=0.07 secs] 
[GC (Allocation Failure) [DefNew: 560273K->69248K(623616K), 0.2898415 secs] 1546389K->1104487K(2009472K), 0.2899083 secs] [Times: user=0.28 sys=0.00, real=0.29 secs] 
[GC (Allocation Failure) [DefNew: 623616K->5914K(623616K), 0.0764733 secs] 1658855K->1105877K(2009472K), 0.0765169 secs] [Times: user=0.06 sys=0.00, real=0.07 secs] 
[GC (Allocation Failure) [DefNew: 560282K->69247K(623616K), 0.3002826 secs] 1660245K->1217114K(2009472K), 0.3003275 secs] [Times: user=0.30 sys=0.00, real=0.30 secs] 
[GC (Allocation Failure) [DefNew: 623615K->5892K(623616K), 0.0618659 secs] 1771482K->1218464K(2009472K), 0.0619102 secs] [Times: user=0.05 sys=0.00, real=0.06 secs] 
[GC (Allocation Failure) [DefNew: 560260K->69247K(623616K), 0.2827027 secs] 1772832K->1327242K(2009472K), 0.2827470 secs] [Times: user=0.28 sys=0.00, real=0.28 secs] 
[GC (Allocation Failure) [DefNew: 623615K->5917K(623616K), 0.0615566 secs] 1881610K->1328559K(2009472K), 0.0616246 secs] [Times: user=0.06 sys=0.00, real=0.06 secs] 
[GC (Allocation Failure) [DefNew: 560285K->560285K(623616K), 0.0000192 secs][Tenured: 1322642K->858011K(1385856K), 2.3490391 secs] 1882927K->858011K(2009472K), [Metaspace: 10572K->10572K(12288K)], 2.3491379 secs] [Times: user=2.34 sys=0.00, real=2.34 secs] 

*** PauseDetector detected a 2341 ms pause at Mon Dec 22 03:41:02 EET 2014 ***

[GC (Allocation Failure) [DefNew: 554368K->5898K(623616K), 0.0118987 secs] 1412379K->863910K(2009472K), 0.0119449 secs] [Times: user=0.00 sys=0.00, real=0.01 secs] 
[GC (Allocation Failure) [DefNew: 560266K->69248K(623616K), 0.1947985 secs] 1418278K->971421K(2009472K), 0.1948999 secs] [Times: user=0.19 sys=0.02, real=0.20 secs] 
[GC (Allocation Failure) [DefNew: 623616K->5881K(623616K), 0.0526221 secs] 1525789K->972680K(2009472K), 0.0528331 secs] [Times: user=0.05 sys=0.00, real=0.05 secs] 
[GC (Allocation Failure) [DefNew: 560249K->69248K(623616K), 0.1838686 secs] 1527048K->1079755K(2009472K), 0.1839090 secs] [Times: user=0.19 sys=0.00, real=0.18 secs] 
[GC (Allocation Failure) [DefNew: 623616K->5909K(623616K), 0.0603601 secs] 1634123K->1081039K(2009472K), 0.0604127 secs] [Times: user=0.05 sys=0.00, real=0.05 secs] 
[GC (Allocation Failure) [DefNew: 560277K->69247K(623616K), 0.1663914 secs] 1635407K->1186644K(2009472K), 0.1664338 secs] [Times: user=0.17 sys=0.00, real=0.17 secs] 
[GC (Allocation Failure) [DefNew: 623615K->5912K(623616K), 0.0468389 secs] 1741012K->1187899K(2009472K), 0.0469820 secs] [Times: user=0.05 sys=0.00, real=0.04 secs] 
[GC (Allocation Failure) [DefNew: 560280K->69247K(623616K), 0.1470858 secs] 1742267K->1293211K(2009472K), 0.1471480 secs] [Times: user=0.14 sys=0.00, real=0.14 secs] 
[GC (Allocation Failure) [DefNew: 623615K->5884K(623616K), 0.0552730 secs] 1847579K->1294429K(2009472K), 0.0553173 secs] [Times: user=0.05 sys=0.00, real=0.05 secs] 
[GC (Allocation Failure) [DefNew: 560252K->69248K(623616K), 0.1782131 secs] 1848797K->1399461K(2009472K), 0.1782548 secs] [Times: user=0.17 sys=0.00, real=0.17 secs] 
[GC (Allocation Failure) [DefNew: 623616K->623616K(623616K), 0.0000205 secs][Tenured: 1330213K->856161K(1385856K), 2.1934172 secs] 1953829K->856161K(2009472K), [Metaspace: 10572K->10572K(12288K)], 2.1935237 secs] [Times: user=2.18 sys=0.00, real=2.18 secs] 

*** PauseDetector detected a 2187 ms pause at Mon Dec 22 03:41:22 EET 2014 ***

[GC (Allocation Failure) [DefNew: 554368K->69248K(623616K), 0.1623835 secs] 1410529K->966843K(2009472K), 0.1624894 secs] [Times: user=0.16 sys=0.00, real=0.16 secs] 
[GC (Allocation Failure) [DefNew: 623616K->5885K(623616K), 0.0424845 secs] 1521211K->968048K(2009472K), 0.0425897 secs] [Times: user=0.03 sys=0.00, real=0.04 secs] 
[GC (Allocation Failure) [DefNew: 560253K->69247K(623616K), 0.1403601 secs] 1522416K->1072633K(2009472K), 0.1404686 secs] [Times: user=0.14 sys=0.00, real=0.14 secs] 
[GC (Allocation Failure) [DefNew: 623615K->5912K(623616K), 0.0476800 secs] 1627001K->1073867K(2009472K), 0.0478179 secs] [Times: user=0.05 sys=0.00, real=0.04 secs] 
[GC (Allocation Failure) [DefNew: 560280K->69247K(623616K), 0.1639592 secs] 1628235K->1178247K(2009472K), 0.1640009 secs] [Times: user=0.16 sys=0.00, real=0.16 secs] 
[GC (Allocation Failure) [DefNew: 623615K->5915K(623616K), 0.0500532 secs] 1732615K->1179477K(2009472K), 0.0501642 secs] [Times: user=0.05 sys=0.00, real=0.05 secs] 
[GC (Allocation Failure) [DefNew: 560283K->69248K(623616K), 0.1328768 secs] 1733845K->1282979K(2009472K), 0.1329448 secs] [Times: user=0.13 sys=0.00, real=0.13 secs] 
[GC (Allocation Failure) [DefNew: 623616K->5885K(623616K), 0.0414888 secs] 1837347K->1284160K(2009472K), 0.0415946 secs] [Times: user=0.05 sys=0.00, real=0.04 secs] 
[GC (Allocation Failure) [DefNew: 560253K->69248K(623616K), 0.1406501 secs] 1838528K->1387506K(2009472K), 0.1406931 secs] [Times: user=0.14 sys=0.00, real=0.13 secs] 
[GC (Allocation Failure) [DefNew: 623616K->623616K(623616K), 0.0001206 secs][Tenured: 1318258K->785255K(1385856K), 2.1911389 secs] 1941874K->785255K(2009472K), [Metaspace: 10572K->10572K(12288K)], 2.1913468 secs] [Times: user=2.18 sys=0.00, real=2.18 secs] 

*** PauseDetector detected a 2185 ms pause at Mon Dec 22 03:41:40 EET 2014 ***

[GC (Allocation Failure) [DefNew: 554368K->69248K(623616K), 0.1286616 secs] 1339623K->894386K(2009472K), 0.1287059 secs] [Times: user=0.12 sys=0.00, real=0.12 secs] 
[GC (Allocation Failure) [DefNew: 623616K->5918K(623616K), 0.0494944 secs] 1448754K->895595K(2009472K), 0.0495367 secs] [Times: user=0.05 sys=0.00, real=0.05 secs] 
[GC (Allocation Failure) [DefNew: 560286K->69248K(623616K), 0.1160566 secs] 1449963K->998690K(2009472K), 0.1161958 secs] [Times: user=0.11 sys=0.00, real=0.12 secs] 
[GC (Allocation Failure) [DefNew: 623616K->5913K(623616K), 0.0405053 secs] 1553058K->999893K(2009472K), 0.0405470 secs] [Times: user=0.05 sys=0.00, real=0.04 secs] 
[GC (Allocation Failure) [DefNew: 560281K->69248K(623616K), 0.1076571 secs] 1554261K->1102877K(2009472K), 0.1077200 secs] [Times: user=0.11 sys=0.00, real=0.11 secs] 
[GC (Allocation Failure) [DefNew: 623616K->5908K(623616K), 0.0416864 secs] 1657245K->1104082K(2009472K), 0.0417371 secs] [Times: user=0.05 sys=0.00, real=0.04 secs] 
[GC (Allocation Failure) [DefNew: 560276K->69247K(623616K), 0.1052371 secs] 1658450K->1206988K(2009472K), 0.1053853 secs] [Times: user=0.09 sys=0.00, real=0.10 secs] 
[GC (Allocation Failure) [DefNew: 623615K->5918K(623616K), 0.0389603 secs] 1761356K->1208186K(2009472K), 0.0391393 secs] [Times: user=0.03 sys=0.00, real=0.03 secs] 
[GC (Allocation Failure) [DefNew: 560286K->69248K(623616K), 0.1075878 secs] 1762554K->1310989K(2009472K), 0.1076513 secs] [Times: user=0.11 sys=0.00, real=0.10 secs] 
[GC (Allocation Failure) [DefNew: 623616K->5918K(623616K), 0.0488509 secs] 1865357K->1312190K(2009472K), 0.0488990 secs] [Times: user=0.05 sys=0.00, real=0.05 secs] 
[GC (Allocation Failure) [DefNew: 560286K->560286K(623616K), 0.0000834 secs][Tenured: 1306272K->852746K(1385856K), 2.1044511 secs] 1866558K->852746K(2009472K), [Metaspace: 10572K->10572K(12288K)], 2.1047110 secs] [Times: user=2.08 sys=0.00, real=2.10 secs] 

*** PauseDetector detected a 2105 ms pause at Mon Dec 22 03:41:59 EET 2014 ***

[GC (Allocation Failure) [DefNew: 554368K->5875K(623616K), 0.0123529 secs] 1407114K->858621K(2009472K), 0.0123946 secs] [Times: user=0.02 sys=0.00, real=0.01 secs] 
[GC (Allocation Failure) [DefNew: 560243K->69247K(623616K), 0.1143436 secs] 1412989K->960826K(2009472K), 0.1143911 secs] [Times: user=0.13 sys=0.00, real=0.11 secs] 
[GC (Allocation Failure) [DefNew: 623615K->5875K(623616K), 0.0465374 secs] 1515194K->961977K(2009472K), 0.0465829 secs] [Times: user=0.05 sys=0.00, real=0.04 secs] 
[GC (Allocation Failure) [DefNew: 560243K->69247K(623616K), 0.1049150 secs] 1516345K->1064095K(2009472K), 0.1050215 secs] [Times: user=0.09 sys=0.00, real=0.10 secs] 
[GC (Allocation Failure) [DefNew: 623615K->5918K(623616K), 0.0473104 secs] 1618463K->1065305K(2009472K), 0.0473618 secs] [Times: user=0.05 sys=0.00, real=0.04 secs] 
[GC (Allocation Failure) [DefNew: 560286K->69248K(623616K), 0.1151417 secs] 1619673K->1167334K(2009472K), 0.1152456 secs] [Times: user=0.11 sys=0.00, real=0.11 secs] 
[GC (Allocation Failure) [DefNew: 623616K->5909K(623616K), 0.0436624 secs] 1721702K->1168508K(2009472K), 0.0437683 secs] [Times: user=0.03 sys=0.00, real=0.04 secs] 
[GC (Allocation Failure) [DefNew: 560277K->69248K(623616K), 0.0957642 secs] 1722876K->1270462K(2009472K), 0.0958078 secs] [Times: user=0.09 sys=0.00, real=0.09 secs] 
[Full GC (System.gc()) [Tenured: 1201214K->852109K(1385856K), 2.1065305 secs] 1729864K->852109K(2009472K), [Metaspace: 10572K->10572K(12288K)], 2.1065856 secs] [Times: user=2.11 sys=0.00, real=2.11 secs] 
[Full GC (System.gc()) [Tenured: 852109K->852109K(1385856K), 2.1436270 secs] 852109K->852109K(2009472K), [Metaspace: 10572K->10572K(12288K)], 2.1437412 secs] [Times: user=2.14 sys=0.00, real=2.14 secs] 
[Full GC (System.gc()) [Tenured: 852109K->782818K(1385856K), 1.9501791 secs] 852111K->782818K(2009472K), [Metaspace: 10572K->10572K(12288K)], 1.9502227 secs] [Times: user=1.97 sys=0.00, real=1.96 secs] 

*** PauseDetector detected a 4245 ms pause at Mon Dec 22 03:42:16 EET 2014 ***

[Full GC (System.gc()) [Tenured: 782818K->782818K(1385856K), 1.8498565 secs] 782820K->782818K(2009472K), [Metaspace: 10572K->10572K(12288K)], 1.8500149 secs] [Times: user=1.84 sys=0.00, real=1.85 secs] 
[Full GC (System.gc()) [Tenured: 782818K->782818K(1385856K), 2.0727451 secs] 793910K->782818K(2009472K), [Metaspace: 10572K->10572K(12288K)], 2.0727874 secs] [Times: user=2.08 sys=0.00, real=2.07 secs] 

*** PauseDetector detected a 5879 ms pause at Mon Dec 22 03:42:22 EET 2014 ***

[Full GC (System.gc()) [Tenured: 782818K->782818K(1385856K), 1.8970425 secs] 782820K->782818K(2009472K), [Metaspace: 10572K->10572K(12288K)], 1.8971952 secs] [Times: user=1.90 sys=0.00, real=1.89 secs] 

*** PauseDetector detected a 1903 ms pause at Mon Dec 22 03:42:24 EET 2014 ***

[GC (Allocation Failure) [DefNew: 554368K->69247K(623616K), 0.2971953 secs] 1337186K->915390K(2009472K), 0.2972620 secs] [Times: user=0.30 sys=0.00, real=0.29 secs] 
[GC (Allocation Failure) [DefNew: 623615K->5954K(623616K), 0.1001077 secs] 1469758K->917032K(2009472K), 0.1002231 secs] [Times: user=0.09 sys=0.00, real=0.10 secs] 
[GC (Allocation Failure) [DefNew: 560322K->69247K(623616K), 0.4461256 secs] 1471400K->1036096K(2009472K), 0.4462007 secs] [Times: user=0.44 sys=0.00, real=0.44 secs] 

*** PauseDetector detected a 439 ms pause at Mon Dec 22 03:42:30 EET 2014 ***

[GC (Allocation Failure) [DefNew: 623615K->5954K(623616K), 0.0925935 secs] 1590464K->1037588K(2009472K), 0.0926442 secs] [Times: user=0.09 sys=0.00, real=0.09 secs] 
[GC (Allocation Failure) [DefNew: 560322K->69248K(623616K), 0.3919657 secs] 1591956K->1154131K(2009472K), 0.3921126 secs] [Times: user=0.39 sys=0.00, real=0.39 secs] 

*** PauseDetector detected a 391 ms pause at Mon Dec 22 03:42:33 EET 2014 ***

[Full GC (System.gc()) [Tenured: 1084883K->795022K(1385856K), 2.3962565 secs] 1398158K->795022K(2009472K), [Metaspace: 10572K->10572K(12288K)], 2.3963181 secs] [Times: user=2.40 sys=0.00, real=2.39 secs] 
[Full GC (System.gc()) [Tenured: 795022K->795022K(1385856K), 2.0145407 secs] 795022K->795022K(2009472K), [Metaspace: 10572K->10572K(12288K)], 2.0146594 secs] [Times: user=2.01 sys=0.00, real=2.02 secs] 
[Full GC (System.gc()) [Tenured: 795022K->795023K(1385856K), 1.9273313 secs] 795024K->795023K(2009472K), [Metaspace: 10572K->10572K(12288K)], 1.9274467 secs] [Times: user=1.90 sys=0.00, real=1.92 secs] 
********************************

*** PauseDetector detected a 4410 ms pause at Mon Dec 22 03:42:38 EET 2014 ***

********** ROUND   80 **********
********************************

*** PauseDetector detected a 1963 ms pause at Mon Dec 22 03:42:40 EET 2014 ***

[GC (Allocation Failure) [DefNew: 554368K->69247K(623616K), 0.3063108 secs] 1349391K->913372K(2009472K), 0.3063679 secs] [Times: user=0.31 sys=0.00, real=0.31 secs] 
[GC (Allocation Failure) [DefNew: 623615K->5876K(623616K), 0.0647363 secs] 1467740K->914747K(2009472K), 0.0647767 secs] [Times: user=0.08 sys=0.00, real=0.06 secs] 
[GC (Allocation Failure) [DefNew: 560244K->69248K(623616K), 0.2528374 secs] 1469115K->1025992K(2009472K), 0.2529022 secs] [Times: user=0.25 sys=0.00, real=0.25 secs] 
[GC (Allocation Failure) [DefNew: 623616K->5880K(623616K), 0.0761185 secs] 1580360K->1027360K(2009472K), 0.0761634 secs] [Times: user=0.06 sys=0.00, real=0.07 secs] 
[GC (Allocation Failure) [DefNew: 560248K->69248K(623616K), 0.2616398 secs] 1581728K->1136135K(2009472K), 0.2616834 secs] [Times: user=0.25 sys=0.00, real=0.26 secs] 
[GC (Allocation Failure) [DefNew: 623616K->5875K(623616K), 0.0588986 secs] 1690503K->1137426K(2009472K), 0.0590436 secs] [Times: user=0.06 sys=0.00, real=0.05 secs] 
[GC (Allocation Failure) [DefNew: 560243K->69248K(623616K), 0.2217626 secs] 1691794K->1245494K(2009472K), 0.2218063 secs] [Times: user=0.20 sys=0.00, real=0.22 secs] 
[GC (Allocation Failure) [DefNew: 623616K->5866K(623616K), 0.0761211 secs] 1799862K->1246790K(2009472K), 0.0761647 secs] [Times: user=0.08 sys=0.00, real=0.07 secs] 
[GC (Allocation Failure) [DefNew: 560234K->69248K(623616K), 0.2037870 secs] 1801158K->1354311K(2009472K), 0.2038550 secs] [Times: user=0.20 sys=0.00, real=0.20 secs] 
[GC (Allocation Failure) [DefNew: 623616K->5889K(623616K), 0.0706401 secs] 1908679K->1355600K(2009472K), 0.0706837 secs] [Times: user=0.06 sys=0.00, real=0.06 secs] 
[GC (Allocation Failure) [DefNew: 560257K->560257K(623616K), 0.0001206 secs][Tenured: 1349711K->855035K(1385856K), 2.5050101 secs] 1909968K->855035K(2009472K), [Metaspace: 10572K->10572K(12288K)], 2.5051980 secs] [Times: user=2.50 sys=0.00, real=2.50 secs] 

*** PauseDetector detected a 2503 ms pause at Mon Dec 22 03:43:01 EET 2014 ***

[GC (Allocation Failure) [DefNew: 554368K->5896K(623616K), 0.0140531 secs] 1409403K->860931K(2009472K), 0.0141692 secs] [Times: user=0.00 sys=0.00, real=0.01 secs] 
[GC (Allocation Failure) [DefNew: 560264K->69248K(623616K), 0.1602015 secs] 1415299K->966534K(2009472K), 0.1602471 secs] [Times: user=0.16 sys=0.00, real=0.15 secs] 
[GC (Allocation Failure) [DefNew: 623616K->5881K(623616K), 0.0458040 secs] 1520902K->967773K(2009472K), 0.0458688 secs] [Times: user=0.03 sys=0.00, real=0.04 secs] 
[GC (Allocation Failure) [DefNew: 560249K->69248K(623616K), 0.1763840 secs] 1522141K->1073103K(2009472K), 0.1764263 secs] [Times: user=0.17 sys=0.00, real=0.17 secs] 
[GC (Allocation Failure) [DefNew: 623616K->5900K(623616K), 0.0453633 secs] 1627471K->1074350K(2009472K), 0.0454082 secs] [Times: user=0.05 sys=0.00, real=0.04 secs] 
[GC (Allocation Failure) [DefNew: 560268K->69248K(623616K), 0.1465327 secs] 1628718K->1179342K(2009472K), 0.1465956 secs] [Times: user=0.14 sys=0.00, real=0.14 secs] 
[GC (Allocation Failure) [DefNew: 623616K->5893K(623616K), 0.0515025 secs] 1733710K->1180583K(2009472K), 0.0515461 secs] [Times: user=0.05 sys=0.00, real=0.05 secs] 
[GC (Allocation Failure) [DefNew: 560261K->69248K(623616K), 0.1723600 secs] 1734951K->1285353K(2009472K), 0.1724024 secs] [Times: user=0.17 sys=0.00, real=0.17 secs] 
[GC (Allocation Failure) [DefNew: 623616K->5902K(623616K), 0.0486263 secs] 1839721K->1286593K(2009472K), 0.0486687 secs] [Times: user=0.05 sys=0.00, real=0.05 secs] 
[GC (Allocation Failure) [DefNew: 560270K->69247K(623616K), 0.1397647 secs] 1840961K->1391134K(2009472K), 0.1399162 secs] [Times: user=0.14 sys=0.00, real=0.14 secs] 
[GC (Allocation Failure) [DefNew: 623615K->623615K(623616K), 0.0000892 secs][Tenured: 1321886K->786449K(1385856K), 2.4134758 secs] 1945502K->786449K(2009472K), [Metaspace: 10572K->10572K(12288K)], 2.4136291 secs] [Times: user=2.40 sys=0.00, real=2.40 secs] 

*** PauseDetector detected a 2408 ms pause at Mon Dec 22 03:43:21 EET 2014 ***

[GC (Allocation Failure) [DefNew: 554368K->69248K(623616K), 0.1483843 secs] 1340817K->896721K(2009472K), 0.1485338 secs] [Times: user=0.14 sys=0.00, real=0.15 secs] 
[GC (Allocation Failure) [DefNew: 623616K->5866K(623616K), 0.0416177 secs] 1451089K->897923K(2009472K), 0.0416543 secs] [Times: user=0.05 sys=0.00, real=0.04 secs] 
[GC (Allocation Failure) [DefNew: 560234K->69247K(623616K), 0.1312562 secs] 1452291K->1001458K(2009472K), 0.1312966 secs] [Times: user=0.13 sys=0.00, real=0.13 secs] 
[GC (Allocation Failure) [DefNew: 623615K->5893K(623616K), 0.0529384 secs] 1555826K->1002663K(2009472K), 0.0529794 secs] [Times: user=0.06 sys=0.00, real=0.05 secs] 
[GC (Allocation Failure) [DefNew: 560261K->69248K(623616K), 0.1208274 secs] 1557031K->1106024K(2009472K), 0.1208889 secs] [Times: user=0.13 sys=0.00, real=0.12 secs] 
[GC (Allocation Failure) [DefNew: 623616K->5865K(623616K), 0.0474266 secs] 1660392K->1107193K(2009472K), 0.0474696 secs] [Times: user=0.05 sys=0.00, real=0.05 secs] 
[GC (Allocation Failure) [DefNew: 560233K->69248K(623616K), 0.1207767 secs] 1661561K->1210446K(2009472K), 0.1208190 secs] [Times: user=0.11 sys=0.00, real=0.12 secs] 
[GC (Allocation Failure) [DefNew: 623616K->5904K(623616K), 0.0476062 secs] 1764814K->1211654K(2009472K), 0.0476479 secs] [Times: user=0.05 sys=0.00, real=0.05 secs] 
[GC (Allocation Failure) [DefNew: 560272K->69248K(623616K), 0.1161086 secs] 1766022K->1314755K(2009472K), 0.1161528 secs] [Times: user=0.11 sys=0.00, real=0.11 secs] 
[GC (Allocation Failure) [DefNew: 623616K->5903K(623616K), 0.0401774 secs] 1869123K->1315955K(2009472K), 0.0403192 secs] [Times: user=0.05 sys=0.00, real=0.04 secs] 
[GC (Allocation Failure) [DefNew: 560271K->560271K(623616K), 0.0000205 secs][Tenured: 1310052K->853004K(1385856K), 2.2701554 secs] 1870323K->853004K(2009472K), [Metaspace: 10572K->10572K(12288K)], 2.2702427 secs] [Times: user=2.26 sys=0.00, real=2.26 secs] 

*** PauseDetector detected a 2262 ms pause at Mon Dec 22 03:43:40 EET 2014 ***

[GC (Allocation Failure) [DefNew: 554368K->5907K(623616K), 0.0115862 secs] 1407372K->858912K(2009472K), 0.0117286 secs] [Times: user=0.00 sys=0.00, real=0.01 secs] 
[GC (Allocation Failure) [DefNew: 560275K->69248K(623616K), 0.1120878 secs] 1413280K->961906K(2009472K), 0.1121295 secs] [Times: user=0.11 sys=0.00, real=0.11 secs] 
[GC (Allocation Failure) [DefNew: 623616K->5891K(623616K), 0.0443810 secs] 1516274K->963135K(2009472K), 0.0445228 secs] [Times: user=0.05 sys=0.00, real=0.04 secs] 
[GC (Allocation Failure) [DefNew: 560259K->69248K(623616K), 0.1168708 secs] 1517503K->1065947K(2009472K), 0.1169131 secs] [Times: user=0.13 sys=0.00, real=0.11 secs] 
[GC (Allocation Failure) [DefNew: 623616K->5879K(623616K), 0.0429362 secs] 1620315K->1067127K(2009472K), 0.0429772 secs] [Times: user=0.03 sys=0.00, real=0.03 secs] 
[GC (Allocation Failure) [DefNew: 560247K->69248K(623616K), 0.1043222 secs] 1621495K->1169817K(2009472K), 0.1044383 secs] [Times: user=0.11 sys=0.00, real=0.10 secs] 
[GC (Allocation Failure) [DefNew: 623616K->5906K(623616K), 0.0392542 secs] 1724185K->1171073K(2009472K), 0.0393171 secs] [Times: user=0.03 sys=0.00, real=0.03 secs] 
[GC (Allocation Failure) [DefNew: 560274K->69247K(623616K), 0.0973213 secs] 1725441K->1273192K(2009472K), 0.0974695 secs] [Times: user=0.09 sys=0.00, real=0.10 secs] 
[GC (Allocation Failure) [DefNew: 623615K->5914K(623616K), 0.0461980 secs] 1827560K->1274437K(2009472K), 0.0462409 secs] [Times: user=0.05 sys=0.00, real=0.04 secs] 
[GC (Allocation Failure) [DefNew: 560282K->69248K(623616K), 0.0935777 secs] 1828805K->1376533K(2009472K), 0.0937259 secs] [Times: user=0.09 sys=0.00, real=0.09 secs] 
[GC (Allocation Failure) [DefNew: 623616K->623616K(623616K), 0.0000821 secs][Tenured: 1307285K->851995K(1385856K), 2.1745228 secs] 1930901K->851995K(2009472K), [Metaspace: 10572K->10572K(12288K)], 2.1746761 secs] [Times: user=2.17 sys=0.00, real=2.17 secs] 

*** PauseDetector detected a 2170 ms pause at Mon Dec 22 03:43:59 EET 2014 ***

[GC (Allocation Failure) [DefNew: 554368K->69248K(623616K), 0.1048316 secs] 1406363K->959925K(2009472K), 0.1048964 secs] [Times: user=0.09 sys=0.00, real=0.10 secs] 
[GC (Allocation Failure) [DefNew: 623616K->5908K(623616K), 0.0421265 secs] 1514293K->961114K(2009472K), 0.0421701 secs] [Times: user=0.03 sys=0.00, real=0.04 secs] 
[GC (Allocation Failure) [DefNew: 560276K->69248K(623616K), 0.1030647 secs] 1515482K->1063037K(2009472K), 0.1031141 secs] [Times: user=0.09 sys=0.00, real=0.10 secs] 
[GC (Allocation Failure) [DefNew: 623616K->5909K(623616K), 0.0454832 secs] 1617405K->1064263K(2009472K), 0.0455275 secs] [Times: user=0.03 sys=0.00, real=0.04 secs] 
[GC (Allocation Failure) [DefNew: 560277K->69247K(623616K), 0.3305027 secs] 1618631K->1190865K(2009472K), 0.3306169 secs] [Times: user=0.33 sys=0.00, real=0.33 secs] 
[GC (Allocation Failure) [DefNew: 623615K->5854K(623616K), 0.0964674 secs] 1745233K->1192466K(2009472K), 0.0965110 secs] [Times: user=0.09 sys=0.00, real=0.09 secs] 
[GC (Allocation Failure) [DefNew
*** PauseDetector detected a 401 ms pause at Mon Dec 22 03:44:11 EET 2014 ***

: 560222K->69247K(623616K), 0.4082976 secs] 1746834K->1311530K(2009472K), 0.4083413 secs] [Times: user=0.41 sys=0.00, real=0.40 secs] 
[GC (Allocation Failure) [DefNew: 623615K->5858K(623616K), 0.0971493 secs] 1865898K->1313027K(2009472K), 0.0971975 secs] [Times: user=0.09 sys=0.00, real=0.10 secs] 
[GC (Allocation Failure) [DefNew: 560226K->560226K(623616K), 0.0000212 secs][Tenured: 1307168K->866068K(1385856K), 2.2484150 secs] 1867395K->866068K(2009472K), [Metaspace: 10572K->10572K(12288K)], 2.2486107 secs] [Times: user=2.23 sys=0.00, real=2.24 secs] 

*** PauseDetector detected a 2249 ms pause at Mon Dec 22 03:44:16 EET 2014 ***

[GC (Allocation Failure) [DefNew: 554368K->5912K(623616K), 0.0119904 secs] 1420436K->871981K(2009472K), 0.0121553 secs] [Times: user=0.01 sys=0.00, real=0.01 secs] 
[GC (Allocation Failure) [DefNew: 560280K->69248K(623616K), 0.3500695 secs] 1426349K->984454K(2009472K), 0.3501182 secs] [Times: user=0.34 sys=0.00, real=0.34 secs] 
[GC (Allocation Failure) [DefNew: 623616K->5861K(623616K), 0.0582051 secs] 1538822K->985776K(2009472K), 0.0582692 secs] [Times: user=0.06 sys=0.00, real=0.05 secs] 
[GC (Allocation Failure) [DefNew: 560229K->69248K(623616K), 0.2998174 secs] 1540144K->1097070K(2009472K), 0.2998816 secs] [Times: user=0.30 sys=0.00, real=0.30 secs] 
[GC (Allocation Failure) [DefNew: 623616K->5913K(623616K), 0.0671820 secs] 1651438K->1098438K(2009472K), 0.0672833 secs] [Times: user=0.08 sys=0.00, real=0.07 secs] 
[GC (Allocation Failure) [DefNew: 560281K->69248K(623616K), 0.2607698 secs] 1652806K->1207203K(2009472K), 0.2608134 secs] [Times: user=0.27 sys=0.00, real=0.26 secs] 
[GC (Allocation Failure) [DefNew: 623616K->5883K(623616K), 0.0843865 secs] 1761571K->1208479K(2009472K), 0.0845315 secs] [Times: user=0.08 sys=0.00, real=0.08 secs] 
[GC (Allocation Failure) [DefNew: 560251K->69247K(623616K), 0.2204981 secs] 1762847K->1316586K(2009472K), 0.2205642 secs] [Times: user=0.20 sys=0.00, real=0.21 secs] 
[GC (Allocation Failure) [DefNew: 623615K->5914K(623616K), 0.0671691 secs] 1870954K->1317884K(2009472K), 0.0672121 secs] [Times: user=0.06 sys=0.00, real=0.06 secs] 
[GC (Allocation Failure) [DefNew: 560282K->560282K(623616K), 0.0000218 secs][Tenured: 1311969K->788184K(1385856K), 2.2597503 secs] 1872252K->788184K(2009472K), [Metaspace: 10572K->10572K(12288K)], 2.2598639 secs] [Times: user=2.26 sys=0.00, real=2.26 secs] 

*** PauseDetector detected a 2294 ms pause at Mon Dec 22 03:44:35 EET 2014 ***

[GC (Allocation Failure) [DefNew: 554368K->5914K(623616K), 0.0121174 secs] 1342552K->794099K(2009472K), 0.0121553 secs] [Times: user=0.02 sys=0.00, real=0.01 secs] 
[GC (Allocation Failure) [DefNew: 560282K->69247K(623616K), 0.2155811 secs] 1348467K->901148K(2009472K), 0.2156343 secs] [Times: user=0.22 sys=0.00, real=0.21 secs] 
[GC (Allocation Failure) [DefNew: 623615K->5918K(623616K), 0.0556330 secs] 1455516K->902435K(2009472K), 0.0556747 secs] [Times: user=0.05 sys=0.00, real=0.05 secs] 
[GC (Allocation Failure) [DefNew: 560286K->69248K(623616K), 0.1586329 secs] 1456803K->1007972K(2009472K), 0.1587753 secs] [Times: user=0.16 sys=0.00, real=0.15 secs] 
[GC (Allocation Failure) [DefNew: 623616K->5858K(623616K), 0.0494232 secs] 1562340K->1009231K(2009472K), 0.0495746 secs] [Times: user=0.05 sys=0.00, real=0.04 secs] 
[GC (Allocation Failure) [DefNew: 560226K->69248K(623616K), 0.1792345 secs] 1563599K->1114581K(2009472K), 0.1792762 secs] [Times: user=0.17 sys=0.00, real=0.17 secs] 
[GC (Allocation Failure) [DefNew: 623616K->5916K(623616K), 0.0467196 secs] 1668949K->1115824K(2009472K), 0.0468273 secs] [Times: user=0.03 sys=0.00, real=0.04 secs] 
[GC (Allocation Failure) [DefNew: 560284K->69247K(623616K), 0.1659975 secs] 1670192K->1220847K(2009472K), 0.1660431 secs] [Times: user=0.16 sys=0.00, real=0.16 secs] 
[GC (Allocation Failure) [DefNew: 623615K->5916K(623616K), 0.0520889 secs] 1775215K->1222087K(2009472K), 0.0521640 secs] [Times: user=0.05 sys=0.00, real=0.05 secs] 
[GC (Allocation Failure) [DefNew: 560284K->69248K(623616K), 0.1766207 secs] 1776455K->1326832K(2009472K), 0.1766643 secs] [Times: user=0.17 sys=0.00, real=0.18 secs] 
[GC (Allocation Failure) [DefNew: 623616K->5921K(623616K), 0.0442707 secs] 1881200K->1328093K(2009472K), 0.0443124 secs] [Times: user=0.03 sys=0.00, real=0.04 secs] 
[GC (Allocation Failure) [DefNew: 560289K->560289K(623616K), 0.0000167 secs][Tenured: 1322172K->854534K(1385856K), 2.1954882 secs] 1882461K->854534K(2009472K), [Metaspace: 10572K->10572K(12288K)], 2.1955863 secs] [Times: user=2.18 sys=0.00, real=2.19 secs] 

*** PauseDetector detected a 2196 ms pause at Mon Dec 22 03:44:56 EET 2014 ***

[GC (Allocation Failure) [DefNew: 554368K->5920K(623616K), 0.0120199 secs] 1408902K->860455K(2009472K), 0.0120629 secs] [Times: user=0.02 sys=0.00, real=0.01 secs] 
[GC (Allocation Failure) [DefNew: 560288K->69248K(623616K), 0.1298877 secs] 1414823K->964829K(2009472K), 0.1299531 secs] [Times: user=0.13 sys=0.00, real=0.13 secs] 
[GC (Allocation Failure) [DefNew: 623616K->5911K(623616K), 0.0432993 secs] 1519197K->966053K(2009472K), 0.0433692 secs] [Times: user=0.03 sys=0.00, real=0.04 secs] 
[GC (Allocation Failure) [DefNew: 560279K->69247K(623616K), 0.1257091 secs] 1520421K->1069564K(2009472K), 0.1257733 secs] [Times: user=0.13 sys=0.00, real=0.13 secs] 
[GC (Allocation Failure) [DefNew: 623615K->5885K(623616K), 0.0649288 secs] 1623932K->1070740K(2009472K), 0.0649820 secs] [Times: user=0.06 sys=0.00, real=0.06 secs] 
[GC (Allocation Failure) [DefNew: 560253K->69247K(623616K), 0.1248648 secs] 1625108K->1174093K(2009472K), 0.1249745 secs] [Times: user=0.13 sys=0.00, real=0.12 secs] 
[GC (Allocation Failure) [DefNew: 623615K->5920K(623616K), 0.0430189 secs] 1728461K->1175333K(2009472K), 0.0431646 secs] [Times: user=0.03 sys=0.00, real=0.03 secs] 
[GC (Allocation Failure) [DefNew: 560288K->69248K(623616K), 0.1222613 secs] 1729701K->1278547K(2009472K), 0.1223049 secs] [Times: user=0.13 sys=0.00, real=0.12 secs] 
[GC (Allocation Failure) [DefNew: 623616K->5920K(623616K), 0.0498723 secs] 1832915K->1279754K(2009472K), 0.0499152 secs] [Times: user=0.05 sys=0.00, real=0.04 secs] 
[Full GC (System.gc()) [Tenured: 1273834K->850541K(1385856K), 2.2013528 secs] 1592249K->850541K(2009472K), [Metaspace: 10572K->10572K(12288K)], 2.2014067 secs] [Times: user=2.20 sys=0.00, real=2.20 secs] 
[Full GC (System.gc()) [Tenured: 850541K->850542K(1385856K), 1.9112745 secs] 850543K->850542K(2009472K), [Metaspace: 10572K->10572K(12288K)], 1.9113182 secs] [Times: user=1.92 sys=0.00, real=1.91 secs] 
[Full GC (System.gc()) [Tenured: 850542K->781186K(1385856K), 2.1706271 secs] 850542K->781186K(2009472K), [Metaspace: 10572K->10572K(12288K)], 2.1706701 secs] [Times: user=2.15 sys=0.00, real=2.17 secs] 

*** PauseDetector detected a 2203 ms pause at Mon Dec 22 03:45:14 EET 2014 ***

[Full GC (System.gc()) [Tenured: 781186K->781375K(1385856K), 1.9968755 secs] 792254K->781375K(2009472K), [Metaspace: 10572K->10572K(12288K)], 1.9970404 secs] [Times: user=2.00 sys=0.00, real=2.00 secs] 
[Full GC (System.gc()) [Tenured: 781375K->781375K(1385856K), 1.9175286 secs] 781377K->781375K(2009472K), [Metaspace: 10572K->10572K(12288K)], 1.9176794 secs] [Times: user=1.92 sys=0.00, real=1.92 secs] 
[Full GC (System.gc()) [Tenured: 781375K->781402K(1385856K), 1.9639312 secs] 792442K->781402K(2009472K), [Metaspace: 10572K->10572K(12288K)], 1.9640538 secs] [Times: user=1.97 sys=0.00, real=1.96 secs] 

*** PauseDetector detected a 6081 ms pause at Mon Dec 22 03:45:20 EET 2014 ***


*** PauseDetector detected a 3918 ms pause at Mon Dec 22 03:45:24 EET 2014 ***

[GC (Allocation Failure) [DefNew: 554368K->69247K(623616K), 0.1048489 secs] 1335770K->890350K(2009472K), 0.1048932 secs] [Times: user=0.11 sys=0.00, real=0.11 secs] 
[GC (Allocation Failure) [DefNew: 623615K->5946K(623616K), 0.0468633 secs] 1444718K->891543K(2009472K), 0.0470172 secs] [Times: user=0.05 sys=0.00, real=0.04 secs] 
[GC (Allocation Failure) [DefNew: 560314K->69247K(623616K), 0.1240076 secs] 1445911K->994446K(2009472K), 0.1240570 secs] [Times: user=0.13 sys=0.00, real=0.12 secs] 
[GC (Allocation Failure) [DefNew: 623615K->5954K(623616K), 0.0439807 secs] 1548814K->995646K(2009472K), 0.0440859 secs] [Times: user=0.05 sys=0.00, real=0.04 secs] 
[GC (Allocation Failure) [DefNew: 560322K->69247K(623616K), 0.1222715 secs] 1550014K->1098451K(2009472K), 0.1223158 secs] [Times: user=0.11 sys=0.00, real=0.11 secs] 
[GC (Allocation Failure) [DefNew: 623615K->5954K(623616K), 0.0535600 secs] 1652819K->1099649K(2009472K), 0.0536159 secs] [Times: user=0.05 sys=0.00, real=0.05 secs] 
[Full GC (System.gc()) [Tenured: 1093695K->780315K(1385856K), 2.0249265 secs] 1355967K->780315K(2009472K), [Metaspace: 10572K->10572K(12288K)], 2.0250555 secs] [Times: user=2.01 sys=0.00, real=2.02 secs] 
[Full GC (System.gc()) [Tenured: 780315K->780315K(1385856K), 2.0510290 secs] 780315K->780315K(2009472K), [Metaspace: 10572K->10572K(12288K)], 2.0510707 secs]
*** PauseDetector detected a 4071 ms pause at Mon Dec 22 03:45:38 EET 2014 ***

 [Times: user=2.06 sys=0.00, real=2.05 secs] 
[Full GC (System.gc()) [Tenured: 780315K->780315K(1385856K), 1.9772439 secs] 780317K->780315K(2009472K), [Metaspace: 10572K->10572K(12288K)], 1.9773055 secs] [Times: user=1.98 sys=0.00, real=1.98 secs] 

*** PauseDetector detected a 1981 ms pause at Mon Dec 22 03:45:40 EET 2014 ***

********************************
********** ROUND   81 **********
********************************
[GC (Allocation Failure) [DefNew: 554368K->5886K(623616K), 0.0115227 secs] 1334683K->786201K(2009472K), 0.0115740 secs] [Times: user=0.02 sys=0.00, real=0.01 secs] 
[GC (Allocation Failure) [DefNew: 560254K->69247K(623616K), 0.1012163 secs] 1340569K->888362K(2009472K), 0.1013241 secs] [Times: user=0.09 sys=0.00, real=0.10 secs] 
[GC (Allocation Failure) [DefNew: 623615K->5886K(623616K), 0.0467240 secs] 1442730K->889558K(2009472K), 0.0467728 secs] [Times: user=0.05 sys=0.00, real=0.05 secs] 
[GC (Allocation Failure) [DefNew: 560254K->69248K(623616K), 0.0985756 secs] 1443926K->991657K(2009472K), 0.0986384 secs] [Times: user=0.09 sys=0.00, real=0.10 secs] 
[GC (Allocation Failure) [DefNew: 623616K->5879K(623616K), 0.0451548 secs] 1546025K->992835K(2009472K), 0.0452965 secs] [Times: user=0.05 sys=0.00, real=0.04 secs] 
[GC (Allocation Failure) [DefNew: 560247K->69247K(623616K), 0.1011451 secs] 1547203K->1094867K(2009472K), 0.1013209 secs] [Times: user=0.09 sys=0.00, real=0.10 secs] 
[GC (Allocation Failure) [DefNew: 623615K->5887K(623616K), 0.0553000 secs] 1649235K->1096055K(2009472K), 0.0553488 secs] [Times: user=0.06 sys=0.00, real=0.05 secs] 
[GC (Allocation Failure) [DefNew: 560255K->69248K(623616K), 0.0974554 secs] 1650423K->1198027K(2009472K), 0.0975208 secs] [Times: user=0.09 sys=0.00, real=0.09 secs] 
[GC (Allocation Failure) [DefNew: 623616K->5886K(623616K), 0.0421355 secs] 1752395K->1199202K(2009472K), 0.0422016 secs] [Times: user=0.03 sys=0.00, real=0.03 secs] 
[GC (Allocation Failure) [DefNew: 560254K->69247K(623616K), 0.2983495 secs] 1753570K->1325818K(2009472K), 0.2983918 secs] [Times: user=0.30 sys=0.00, real=0.29 secs] 
[GC (Allocation Failure) [DefNew: 623615K->5893K(623616K), 0.1093585 secs] 1880186K->1327467K(2009472K), 0.1094002 secs] [Times: user=0.11 sys=0.00, real=0.11 secs] 
[GC (Allocation Failure) [DefNew: 560261K->560261K(623616K), 0.0000199 secs][Tenured: 1321574K->868163K(1385856K), 2.3713666 secs] 1881835K->868163K(2009472K), [Metaspace: 10572K->10572K(12288K)], 2.3714506 secs] [Times: user=2.37 sys=0.00, real=2.37 secs] 

*** PauseDetector detected a 2374 ms pause at Mon Dec 22 03:46:01 EET 2014 ***

[GC (Allocation Failure) [DefNew: 554368K->5888K(623616K), 0.0122490 secs] 1422531K->874052K(2009472K), 0.0123920 secs] [Times: user=0.02 sys=0.00, real=0.01 secs] 
[GC (Allocation Failure) [DefNew: 560256K->69248K(623616K), 0.3446000 secs] 1428420K->990592K(2009472K), 0.3446443 secs] [Times: user=0.36 sys=0.00, real=0.34 secs] 
[GC (Allocation Failure) [DefNew: 623616K->5892K(623616K), 0.0818446 secs] 1544960K->992062K(2009472K), 0.0818927 secs] [Times: user=0.08 sys=0.00, real=0.08 secs] 
[GC (Allocation Failure) [DefNew: 560260K->69247K(623616K), 0.3141759 secs] 1546430K->1104526K(2009472K), 0.3142189 secs] [Times: user=0.31 sys=0.00, real=0.31 secs] 
[GC (Allocation Failure) [DefNew: 623615K->5896K(623616K), 0.0800828 secs] 1658894K->1105913K(2009472K), 0.0801322 secs] [Times: user=0.08 sys=0.00, real=0.08 secs] 
[GC (Allocation Failure) [DefNew: 560264K->69248K(623616K), 0.2801178 secs] 1660281K->1217159K(2009472K), 0.2802262 secs] [Times: user=0.27 sys=0.00, real=0.28 secs] 
[GC (Allocation Failure) [DefNew: 623616K->5892K(623616K), 0.0717558 secs] 1771527K->1218519K(2009472K), 0.0717988 secs] [Times: user=0.06 sys=0.00, real=0.07 secs] 
[GC (Allocation Failure) [DefNew: 560260K->69248K(623616K), 0.2485645 secs] 1772887K->1327286K(2009472K), 0.2486094 secs] [Times: user=0.23 sys=0.00, real=0.24 secs] 
[GC (Allocation Failure) [DefNew: 623616K->5903K(623616K), 0.0697861 secs] 1881654K->1328601K(2009472K), 0.0698336 secs] [Times: user=0.06 sys=0.00, real=0.06 secs] 
[GC (Allocation Failure) [DefNew: 560271K->560271K(623616K), 0.0000308 secs][Tenured: 1322697K->788719K(1385856K), 2.5100606 secs] 1882969K->788719K(2009472K), [Metaspace: 10572K->10572K(12288K)], 2.5101696 secs] [Times: user=2.51 sys=0.00, real=2.50 secs] 

*** PauseDetector detected a 2503 ms pause at Mon Dec 22 03:46:21 EET 2014 ***

[GC (Allocation Failure) [DefNew: 554368K->5899K(623616K), 0.0120212 secs] 1343087K->794618K(2009472K), 0.0120661 secs] [Times: user=0.02 sys=0.00, real=0.01 secs] 
[GC (Allocation Failure) [DefNew: 560267K->69248K(623616K), 0.1987756 secs] 1348986K->902123K(2009472K), 0.1988141 secs] [Times: user=0.19 sys=0.00, real=0.19 secs] 
[GC (Allocation Failure) [DefNew: 623616K->5900K(623616K), 0.0595286 secs] 1456491K->903406K(2009472K), 0.0596723 secs] [Times: user=0.05 sys=0.00, real=0.06 secs] 
[GC (Allocation Failure) [DefNew: 560268K->69248K(623616K), 0.2028374 secs] 1457774K->1010448K(2009472K), 0.2028804 secs] [Times: user=0.20 sys=0.00, real=0.20 secs] 
[GC (Allocation Failure) [DefNew: 623616K->5902K(623616K), 0.0592149 secs] 1564816K->1011741K(2009472K), 0.0592585 secs] [Times: user=0.05 sys=0.00, real=0.05 secs] 
[GC (Allocation Failure) [DefNew: 560270K->69248K(623616K), 0.2037138 secs] 1566109K->1117358K(2009472K), 0.2037562 secs] [Times: user=0.19 sys=0.00, real=0.19 secs] 
[GC (Allocation Failure) [DefNew: 623616K->5899K(623616K), 0.0507448 secs] 1671726K->1118593K(2009472K), 0.0507865 secs] [Times: user=0.05 sys=0.00, real=0.05 secs] 
[GC (Allocation Failure) [DefNew: 560267K->69247K(623616K), 0.1607141 secs] 1672961K->1223884K(2009472K), 0.1607783 secs] [Times: user=0.16 sys=0.00, real=0.16 secs] 
[GC (Allocation Failure) [DefNew: 623615K->5881K(623616K), 0.0512279 secs] 1778252K->1225111K(2009472K), 0.0512741 secs] [Times: user=0.05 sys=0.00, real=0.05 secs] 
[GC (Allocation Failure) [DefNew: 560249K->69247K(623616K), 0.1613820 secs] 1779479K->1330164K(2009472K), 0.1614243 secs] [Times: user=0.17 sys=0.00, real=0.16 secs] 
[GC (Allocation Failure) [DefNew: 623615K->5906K(623616K), 0.0524835 secs] 1884532K->1331399K(2009472K), 0.0525271 secs] [Times: user=0.05 sys=0.00, real=0.05 secs] 
[GC (Allocation Failure) [DefNew: 560274K->560274K(623616K), 0.0000218 secs][Tenured: 1325493K->854758K(1385856K), 2.3285145 secs] 1885767K->854758K(2009472K), [Metaspace: 10572K->10572K(12288K)], 2.3286017 secs] [Times: user=2.32 sys=0.00, real=2.32 secs] 

*** PauseDetector detected a 2335 ms pause at Mon Dec 22 03:46:42 EET 2014 ***

[GC (Allocation Failure) [DefNew: 554368K->5897K(623616K), 0.0113706 secs] 1409126K->860655K(2009472K), 0.0114816 secs] [Times: user=0.00 sys=0.00, real=0.01 secs] 
[GC (Allocation Failure) [DefNew: 560265K->69248K(623616K), 0.1624252 secs] 1415023K->965221K(2009472K), 0.1624708 secs] [Times: user=0.16 sys=0.00, real=0.16 secs] 
[GC (Allocation Failure) [DefNew: 623616K->5904K(623616K), 0.0491306 secs] 1519589K->966456K(2009472K), 0.0491813 secs] [Times: user=0.05 sys=0.00, real=0.04 secs] 
[GC (Allocation Failure) [DefNew: 560272K->69247K(623616K), 0.1598384 secs] 1520824K->1070831K(2009472K), 0.1598807 secs] [Times: user=0.16 sys=0.00, real=0.15 secs] 
[GC (Allocation Failure) [DefNew: 623615K->5912K(623616K), 0.0431030 secs] 1625199K->1072071K(2009472K), 0.0432082 secs] [Times: user=0.05 sys=0.00, real=0.04 secs] 
[GC (Allocation Failure) [DefNew: 560280K->69247K(623616K), 0.1202352 secs] 1626439K->1175561K(2009472K), 0.1202801 secs] [Times: user=0.11 sys=0.00, real=0.11 secs] 
[GC (Allocation Failure) [DefNew: 623615K->5903K(623616K), 0.0481548 secs] 1729929K->1176775K(2009472K), 0.0482606 secs] [Times: user=0.05 sys=0.00, real=0.05 secs] 
[GC (Allocation Failure) [DefNew: 560271K->69248K(623616K), 0.1302527 secs] 1731143K->1280128K(2009472K), 0.1302944 secs] [Times: user=0.13 sys=0.00, real=0.13 secs] 
[GC (Allocation Failure) [DefNew: 623616K->5915K(623616K), 0.0493102 secs] 1834496K->1281345K(2009472K), 0.0493558 secs] [Times: user=0.05 sys=0.00, real=0.05 secs] 
[GC (Allocation Failure) [DefNew: 560283K->69248K(623616K), 0.1357241 secs] 1835713K->1384522K(2009472K), 0.1357703 secs] [Times: user=0.14 sys=0.00, real=0.13 secs] 
[GC (Allocation Failure) [DefNew: 623616K->623616K(623616K), 0.0000218 secs][Tenured: 1315274K->854367K(1385856K), 2.2587386 secs] 1938890K->854367K(2009472K), [Metaspace: 10572K->10572K(12288K)], 2.2588246 secs] [Times: user=2.26 sys=0.00, real=2.25 secs] 

*** PauseDetector detected a 2255 ms pause at Mon Dec 22 03:47:01 EET 2014 ***

[GC (Allocation Failure) [DefNew: 554368K->69248K(623616K), 0.1076821 secs] 1408735K->963378K(2009472K), 0.1077982 secs] [Times: user=0.09 sys=0.00, real=0.10 secs] 
[GC (Allocation Failure) [DefNew: 623616K->5873K(623616K), 0.0393209 secs] 1517746K->964543K(2009472K), 0.0393652 secs] [Times: user=0.05 sys=0.00, real=0.03 secs] 
[GC (Allocation Failure) [DefNew: 560241K->69247K(623616K), 0.1092238 secs] 1518911K->1067534K(2009472K), 0.1092892 secs] [Times: user=0.11 sys=0.00, real=0.11 secs] 
[GC (Allocation Failure) [DefNew: 623615K->5910K(623616K), 0.0395371 secs] 1621902K->1068774K(2009472K), 0.0395769 secs] [Times: user=0.03 sys=0.00, real=0.04 secs] 
[GC (Allocation Failure) [DefNew: 560278K->69247K(623616K), 0.1277628 secs] 1623142K->1171674K(2009472K), 0.1278051 secs] [Times: user=0.13 sys=0.00, real=0.13 secs] 
[GC (Allocation Failure) [DefNew: 623615K->5909K(623616K), 0.0400664 secs] 1726042K->1172867K(2009472K), 0.0401088 secs] [Times: user=0.05 sys=0.00, real=0.04 secs] 
[GC (Allocation Failure) [DefNew: 560277K->69248K(623616K), 0.1241193 secs] 1727235K->1275671K(2009472K), 0.1241648 secs] [Times: user=0.13 sys=0.00, real=0.12 secs] 
[GC (Allocation Failure) [DefNew: 623616K->5911K(623616K), 0.0405931 secs] 1830039K->1276872K(2009472K), 0.0406374 secs] [Times: user=0.03 sys=0.00, real=0.03 secs] 
[GC (Allocation Failure) [DefNew: 560279K->69247K(623616K), 0.1233224 secs] 1831240K->1379599K(2009472K), 0.1233654 secs] [Times: user=0.13 sys=0.00, real=0.12 secs] 
[GC (Allocation Failure) [DefNew: 623615K->623615K(623616K), 0.0000199 secs][Tenured: 1310351K->853899K(1385856K), 2.1446138 secs] 1933967K->853899K(2009472K), [Metaspace: 10572K->10572K(12288K)], 2.1447710 secs] [Times: user=2.14 sys=0.00, real=2.14 secs] 

*** PauseDetector detected a 2139 ms pause at Mon Dec 22 03:47:19 EET 2014 ***

[GC (Allocation Failure) [DefNew: 554368K->69247K(623616K), 0.0989952 secs] 1408267K->961952K(2009472K), 0.0990362 secs] [Times: user=0.09 sys=0.00, real=0.09 secs] 
[GC (Allocation Failure) [DefNew: 623615K->5896K(623616K), 0.0447903 secs] 1516320K->963152K(2009472K), 0.0448346 secs] [Times: user=0.05 sys=0.00, real=0.04 secs] 
[GC (Allocation Failure) [DefNew: 560264K->69248K(623616K), 0.0995790 secs] 1517520K->1065236K(2009472K), 0.0997221 secs] [Times: user=0.09 sys=0.00, real=0.09 secs] 
[GC (Allocation Failure) [DefNew: 623616K->5908K(623616K), 0.0415465 secs] 1619604K->1066448K(2009472K), 0.0416530 secs] [Times: user=0.03 sys=0.00, real=0.04 secs] 
[GC (Allocation Failure) [DefNew: 560276K->69248K(623616K), 0.0971519 secs] 1620816K->1168483K(2009472K), 0.0972610 secs] [Times: user=0.09 sys=0.00, real=0.09 secs] 
[GC (Allocation Failure) [DefNew: 623616K->5877K(623616K), 0.0458534 secs] 1722851K->1169629K(2009472K), 0.0458971 secs] [Times: user=0.05 sys=0.00, real=0.04 secs] 
[GC (Allocation Failure) [DefNew: 560245K->69248K(623616K), 0.0946966 secs] 1723997K->1271624K(2009472K), 0.0948070 secs] [Times: user=0.09 sys=0.00, real=0.09 secs] 
[GC (Allocation Failure) [DefNew: 623616K->5890K(623616K), 0.0376586 secs] 1825992K->1272790K(2009472K), 0.0378081 secs] [Times: user=0.05 sys=0.00, real=0.04 secs] 
[GC (Allocation Failure) [DefNew: 560258K->69248K(623616K), 0.3057340 secs] 1827158K->1399429K(2009472K), 0.3057744 secs] [Times: user=0.30 sys=0.00, real=0.31 secs] 
[GC (Allocation Failure) [DefNew: 623616K->623616K(623616K), 0.0000205 secs][Tenured: 1330181K->807720K(1385856K), 2.3412401 secs] 1953797K->807720K(2009472K), [Metaspace: 10572K->10572K(12288K)], 2.3413222 secs] [Times: user=2.34 sys=0.00, real=2.34 secs] 

*** PauseDetector detected a 2342 ms pause at Mon Dec 22 03:47:37 EET 2014 ***

[GC (Allocation Failure) [DefNew: 554368K->69248K(623616K), 0.4232406 secs] 1362088K->932659K(2009472K), 0.4232816 secs] [Times: user=0.42 sys=0.00, real=0.42 secs] 

*** PauseDetector detected a 427 ms pause at Mon Dec 22 03:47:39 EET 2014 ***

[GC (Allocation Failure) [DefNew: 623616K->5918K(623616K), 0.0921964 secs] 1487027K->934196K(2009472K), 0.0922413 secs] [Times: user=0.09 sys=0.00, real=0.09 secs] 
[GC (Allocation Failure) [DefNew: 560286K->69247K(623616K), 0.3433163 secs] 1488564K->1050721K(2009472K), 0.3433554 secs] [Times: user=0.34 sys=0.00, real=0.34 secs] 
[GC (Allocation Failure) [DefNew: 623615K->5912K(623616K), 0.0806949 secs] 1605089K->1052197K(2009472K), 0.0807378 secs] [Times: user=0.06 sys=0.00, real=0.08 secs] 
[GC (Allocation Failure) [DefNew: 560280K->69247K(623616K), 0.3126707 secs] 1606565K->1164668K(2009472K), 0.3127349 secs] [Times: user=0.30 sys=0.00, real=0.31 secs] 
[GC (Allocation Failure) [DefNew: 623615K->5921K(623616K), 0.0958925 secs] 1719036K->1166053K(2009472K), 0.0959368 secs] [Times: user=0.09 sys=0.00, real=0.10 secs] 
[GC (Allocation Failure) [DefNew: 560289K->69247K(623616K), 0.2688492 secs] 1720421K->1277293K(2009472K), 0.2689961 secs] [Times: user=0.26 sys=0.00, real=0.26 secs] 
[GC (Allocation Failure) [DefNew: 623615K->5916K(623616K), 0.0691651 secs] 1831661K->1278657K(2009472K), 0.0692799 secs] [Times: user=0.06 sys=0.00, real=0.06 secs] 
[GC (Allocation Failure) [DefNew: 560284K->69248K(623616K), 0.3170489 secs] 1833025K->1387423K(2009472K), 0.3171008 secs] [Times: user=0.31 sys=0.00, real=0.31 secs] 
[GC (Allocation Failure) [DefNew: 623616K->623616K(623616K), 0.0000186 secs][Tenured: 1318175K->859942K(1385856K), 2.2572514 secs] 1941791K->859942K(2009472K), [Metaspace: 10572K->10572K(12288K)], 2.2573335 secs] [Times: user=2.25 sys=0.00, real=2.25 secs] 

*** PauseDetector detected a 2261 ms pause at Mon Dec 22 03:47:57 EET 2014 ***

[GC (Allocation Failure) [DefNew: 554368K->69248K(623616K), 0.2174198 secs] 1414310K->973938K(2009472K), 0.2175584 secs] [Times: user=0.20 sys=0.00, real=0.21 secs] 
[GC (Allocation Failure) [DefNew: 623616K->5920K(623616K), 0.0848747 secs] 1528306K->975236K(2009472K), 0.0849658 secs] [Times: user=0.08 sys=0.00, real=0.08 secs] 
[GC (Allocation Failure) [DefNew: 560288K->69248K(623616K), 0.1873363 secs] 1529604K->1082733K(2009472K), 0.1874396 secs] [Times: user=0.19 sys=0.00, real=0.18 secs] 
[GC (Allocation Failure) [DefNew: 623616K->5917K(623616K), 0.0512959 secs] 1637101K->1084021K(2009472K), 0.0514422 secs] [Times: user=0.05 sys=0.00, real=0.04 secs] 
[GC (Allocation Failure) [DefNew: 560285K->69248K(623616K), 0.2261350 secs] 1638389K->1191057K(2009472K), 0.2261825 secs] [Times: user=0.22 sys=0.00, real=0.22 secs] 
[GC (Allocation Failure) [DefNew: 623616K->5921K(623616K), 0.0635981 secs] 1745425K->1192356K(2009472K), 0.0636469 secs] [Times: user=0.06 sys=0.00, real=0.06 secs] 
[GC (Allocation Failure) [DefNew: 560289K->69247K(623616K), 0.1712084 secs] 1746724K->1297964K(2009472K), 0.1713495 secs] [Times: user=0.17 sys=0.00, real=0.16 secs] 
[GC (Allocation Failure) [DefNew: 623615K->5897K(623616K), 0.0529743 secs] 1852332K->1299188K(2009472K), 0.0530198 secs] [Times: user=0.05 sys=0.00, real=0.05 secs] 
[GC (Allocation Failure) [DefNew: 560265K->69248K(623616K), 0.1553198 secs] 1853556K->1404484K(2009472K), 0.1553647 secs] [Times: user=0.16 sys=0.00, real=0.15 secs] 
[Full GC (System.gc()) [Tenured: 1335236K->852836K(1385856K), 2.3760353 secs] 1617866K->852836K(2009472K), [Metaspace: 10572K->10572K(12288K)], 2.3761136 secs] [Times: user=2.37 sys=0.00, real=2.38 secs] 
[Full GC (System.gc()) [Tenured: 852836K->852836K(1385856K), 1.8878641 secs] 852836K->852836K(2009472K), [Metaspace: 10572K->10572K(12288K)], 1.8879808 secs] [Times: user=1.89 sys=0.00, real=1.88 secs] 
[Full GC (System.gc()) [Tenured: 852836K->783469K(1385856K), 1.9628964 secs] 852838K->783469K(2009472K), [Metaspace: 10572K->10572K(12288K)], 1.9629355 secs] [Times: user=1.97 sys=0.00, real=1.96 secs] 

*** PauseDetector detected a 4259 ms pause at Mon Dec 22 03:48:17 EET 2014 ***

[Full GC (System.gc()) [Tenured: 783469K->783471K(1385856K), 2.1376328 secs] 794615K->783471K(2009472K), [Metaspace: 10572K->10572K(12288K)], 2.1377515 secs] [Times: user=2.14 sys=0.00, real=2.14 secs] 
[Full GC (System.gc()) [Tenured: 783471K->783471K(1385856K), 1.8584279 secs] 783473K->783471K(2009472K), [Metaspace: 10572K->10572K(12288K)], 1.8585447 secs] [Times: user=1.87 sys=0.00, real=1.86 secs] 
[Full GC (System.gc()) [Tenured: 783471K->783471K(1385856K), 1.9357680 secs] 783471K->783471K(2009472K), [Metaspace: 10572K->10572K(12288K)], 1.9358071 secs] [Times: user=1.93 sys=0.00, real=1.93 secs] 

*** PauseDetector detected a 4105 ms pause at Mon Dec 22 03:48:21 EET 2014 ***


*** PauseDetector detected a 3808 ms pause at Mon Dec 22 03:48:24 EET 2014 ***

[GC (Allocation Failure) [DefNew: 554368K->69248K(623616K), 0.1413719 secs] 1337839K->894452K(2009472K), 0.1414142 secs] [Times: user=0.14 sys=0.00, real=0.14 secs] 
[GC (Allocation Failure) [DefNew: 623616K->5952K(623616K), 0.0631779 secs] 1448820K->895687K(2009472K), 0.0633319 secs] [Times: user=0.06 sys=0.00, real=0.06 secs] 
[GC (Allocation Failure) [DefNew: 560320K->69248K(623616K), 0.1715452 secs] 1450055K->1000455K(2009472K), 0.1715876 secs] [Times: user=0.17 sys=0.00, real=0.16 secs] 
[GC (Allocation Failure) [DefNew: 623616K->5954K(623616K), 0.0666495 secs] 1554823K->1001689K(2009472K), 0.0667669 secs] [Times: user=0.06 sys=0.00, real=0.06 secs] 
[GC (Allocation Failure) [DefNew: 560322K->69247K(623616K), 0.1623758 secs] 1556057K->1106250K(2009472K), 0.1624335 secs] [Times: user=0.16 sys=0.00, real=0.15 secs] 
[GC (Allocation Failure) [DefNew: 623615K->5954K(623616K), 0.0503849 secs] 1660618K->1107481K(2009472K), 0.0505016 secs] [Times: user=0.05 sys=0.00, real=0.05 secs] 
[Full GC (System.gc()) [Tenured: 1101527K->780783K(1385856K), 2.0513928 secs] 1252357K->780783K(2009472K), [Metaspace: 10572K->10572K(12288K)], 2.0515564 secs] [Times: user=2.04 sys=0.00, real=2.05 secs] 
[Full GC (System.gc()) [Tenured: 780783K->780783K(1385856K), 1.9034755 secs] 780783K->780783K(2009472K), [Metaspace: 10572K->10572K(12288K)], 1.9036270 secs] [Times: user=1.90 sys=0.00, real=1.90 secs] 
[Full GC (System.gc()) [Tenured: 780783K->780839K(1385856K), 2.1277686 secs] 791929K->780839K(2009472K), [Metaspace: 10572K->10572K(12288K)], 2.1278135 secs] [Times: user=2.12 sys=0.00, real=2.13 secs] 

*** PauseDetector detected a 3955 ms pause at Mon Dec 22 03:48:38 EET 2014 ***

********************************
********** ROUND   82 **********
********************************

*** PauseDetector detected a 2142 ms pause at Mon Dec 22 03:48:41 EET 2014 ***

[GC (Allocation Failure) [DefNew: 554368K->5836K(623616K), 0.0115022 secs] 1335207K->786675K(2009472K), 0.0116452 secs] [Times: user=0.02 sys=0.00, real=0.01 secs] 
[GC (Allocation Failure) [DefNew: 560204K->69248K(623616K), 0.1342177 secs] 1341043K->895884K(2009472K), 0.1342568 secs] [Times: user=0.14 sys=0.00, real=0.13 secs] 
[GC (Allocation Failure) [DefNew: 623616K->5880K(623616K), 0.0418904 secs] 1450252K->897097K(2009472K), 0.0420290 secs] [Times: user=0.03 sys=0.00, real=0.03 secs] 
[GC (Allocation Failure) [DefNew: 560248K->69247K(623616K), 0.1333945 secs] 1451465K->1000457K(2009472K), 0.1334369 secs] [Times: user=0.12 sys=0.00, real=0.13 secs] 
[GC (Allocation Failure) [DefNew: 623615K->5881K(623616K), 0.0453177 secs] 1554825K->1001656K(2009472K), 0.0453601 secs] [Times: user=0.05 sys=0.00, real=0.04 secs] 
[GC (Allocation Failure) [DefNew: 560249K->69247K(623616K), 0.1208941 secs] 1556024K->1104873K(2009472K), 0.1210365 secs] [Times: user=0.11 sys=0.00, real=0.11 secs] 
[GC (Allocation Failure) [DefNew: 623615K->5887K(623616K), 0.0499614 secs] 1659241K->1106085K(2009472K), 0.0500025 secs] [Times: user=0.05 sys=0.00, real=0.05 secs] 
[GC (Allocation Failure) [DefNew: 560255K->69247K(623616K), 0.1374506 secs] 1660453K->1209185K(2009472K), 0.1375609 secs] [Times: user=0.13 sys=0.00, real=0.14 secs] 
[GC (Allocation Failure) [DefNew: 623615K->5891K(623616K), 0.0450925 secs] 1763553K->1210391K(2009472K), 0.0451650 secs] [Times: user=0.05 sys=0.00, real=0.04 secs] 
[GC (Allocation Failure) [DefNew: 560259K->69247K(623616K), 0.1142576 secs] 1764759K->1313376K(2009472K), 0.1143237 secs] [Times: user=0.11 sys=0.00, real=0.11 secs] 
[GC (Allocation Failure) [DefNew: 623615K->5891K(623616K), 0.0525027 secs] 1867744K->1314584K(2009472K), 0.0525483 secs] [Times: user=0.06 sys=0.00, real=0.05 secs] 
[GC (Allocation Failure) [DefNew: 560259K->560259K(623616K), 0.0000199 secs][Tenured: 1308693K->852884K(1385856K), 2.3889599 secs] 1868952K->852884K(2009472K), [Metaspace: 10572K->10572K(12288K)], 2.3891504 secs] [Times: user=2.39 sys=0.00, real=2.38 secs] 

*** PauseDetector detected a 2388 ms pause at Mon Dec 22 03:49:01 EET 2014 ***

[GC (Allocation Failure) [DefNew: 554368K->5889K(623616K), 0.0122336 secs] 1407252K->858773K(2009472K), 0.0122759 secs] [Times: user=0.02 sys=0.00, real=0.01 secs] 
[GC (Allocation Failure) [DefNew: 560257K->69248K(623616K), 0.1201903 secs] 1413141K->961579K(2009472K), 0.1203038 secs] [Times: user=0.11 sys=0.00, real=0.12 secs] 
[GC (Allocation Failure) [DefNew: 623616K->5896K(623616K), 0.0458310 secs] 1515947K->962784K(2009472K), 0.0458752 secs] [Times: user=0.05 sys=0.00, real=0.04 secs] 
[GC (Allocation Failure) [DefNew: 560264K->69247K(623616K), 0.1023038 secs] 1517152K->1065508K(2009472K), 0.1023468 secs] [Times: user=0.08 sys=0.00, real=0.10 secs] 
[GC (Allocation Failure) [DefNew: 623615K->5890K(623616K), 0.0400478 secs] 1619876K->1066697K(2009472K), 0.0401671 secs] [Times: user=0.03 sys=0.00, real=0.03 secs] 
[GC (Allocation Failure) [DefNew: 560258K->69248K(623616K), 0.0986077 secs] 1621065K->1168865K(2009472K), 0.0987571 secs] [Times: user=0.09 sys=0.00, real=0.10 secs] 
[GC (Allocation Failure) [DefNew: 623616K->5883K(623616K), 0.0451413 secs] 1723233K->1170047K(2009472K), 0.0451868 secs] [Times: user=0.03 sys=0.00, real=0.04 secs] 
[GC (Allocation Failure) [DefNew: 560251K->69248K(623616K), 0.1104640 secs] 1724415K->1272170K(2009472K), 0.1106122 secs] [Times: user=0.11 sys=0.00, real=0.11 secs] 
[GC (Allocation Failure) [DefNew: 623616K->5873K(623616K), 0.0420078 secs] 1826538K->1273321K(2009472K), 0.0420502 secs] [Times: user=0.05 sys=0.00, real=0.04 secs] 
[GC (Allocation Failure) [DefNew: 560241K->69247K(623616K), 0.1023217 secs] 1827689K->1375363K(2009472K), 0.1023628 secs] [Times: user=0.09 sys=0.00, real=0.10 secs] 
[GC (Allocation Failure) [DefNew: 623615K->623615K(623616K), 0.0000192 secs][Tenured: 1306115K->783880K(1385856K), 2.4371185 secs] 1929731K->783880K(2009472K), [Metaspace: 10572K->10572K(12288K)], 2.4372718 secs] [Times: user=2.43 sys=0.00, real=2.43 secs] 

*** PauseDetector detected a 2438 ms pause at Mon Dec 22 03:49:20 EET 2014 ***

[GC (Allocation Failure) [DefNew: 554368K->69248K(623616K), 0.0961254 secs] 1338248K->891724K(2009472K), 0.0962768 secs] [Times: user=0.09 sys=0.00, real=0.10 secs] 
[GC (Allocation Failure) [DefNew: 623616K->5899K(623616K), 0.0420797 secs] 1446092K->892927K(2009472K), 0.0421689 secs] [Times: user=0.05 sys=0.00, real=0.04 secs] 
[GC (Allocation Failure) [DefNew: 560267K->69247K(623616K), 0.3506873 secs] 1447295K->1019541K(2009472K), 0.3507303 secs] [Times: user=0.34 sys=0.00, real=0.35 secs] 
[GC (Allocation Failure) [DefNew: 623615K->5908K(623616K), 0.0909331 secs] 1573909K->1021194K(2009472K), 0.0910011 secs] [Times: user=0.08 sys=0.00, real=0.09 secs] 
[GC (Allocation Failure) [DefNew: 560276K->69248K(623616K), 0.4473484 secs] 1575562K->1140232K(2009472K), 0.4473921 secs] [Times: user=0.44 sys=0.00, real=0.45 secs] 

*** PauseDetector detected a 449 ms pause at Mon Dec 22 03:49:29 EET 2014 ***

[GC (Allocation Failure) [DefNew: 623616K->5900K(623616K), 0.0679262 secs] 1694600K->1141742K(2009472K), 0.0679897 secs] [Times: user=0.06 sys=0.00, real=0.07 secs] 
[GC (Allocation Failure) [DefNew: 560268K->69248K(623616K), 0.4069003 secs] 1696110K->1258262K(2009472K), 0.4069452 secs] [Times: user=0.41 sys=0.00, real=0.41 secs] 

*** PauseDetector detected a 411 ms pause at Mon Dec 22 03:49:33 EET 2014 ***

[GC (Allocation Failure) [DefNew: 623616K->5902K(623616K), 0.0806294 secs] 1812630K->1259752K(2009472K), 0.0808219 secs] [Times: user=0.08 sys=0.00, real=0.07 secs] 
[GC (Allocation Failure) [DefNew: 560270K->69247K(623616K), 0.3682209 secs] 1814120K->1372218K(2009472K), 0.3683730 secs] [Times: user=0.37 sys=0.00, real=0.37 secs] 

*** PauseDetector detected a 372 ms pause at Mon Dec 22 03:49:36 EET 2014 ***

[GC (Allocation Failure) [DefNew: 623615K->623615K(623616K), 0.0000205 secs][Tenured: 1302970K->863643K(1385856K), 2.5302362 secs] 1926586K->863643K(2009472K), [Metaspace: 10572K->10572K(12288K)], 2.5303908 secs] [Times: user=2.53 sys=0.00, real=2.53 secs] 

*** PauseDetector detected a 2528 ms pause at Mon Dec 22 03:49:40 EET 2014 ***

[GC (Allocation Failure) [DefNew: 554368K->69247K(623616K), 0.2893623 secs] 1418011K->980789K(2009472K), 0.2894066 secs] [Times: user=0.28 sys=0.00, real=0.28 secs] 
[GC (Allocation Failure) [DefNew: 623615K->5905K(623616K), 0.0637316 secs] 1535157K->982158K(2009472K), 0.0637977 secs] [Times: user=0.06 sys=0.00, real=0.06 secs] 
[GC (Allocation Failure) [DefNew: 560273K->69248K(623616K), 0.2907057 secs] 1536526K->1090931K(2009472K), 0.2907532 secs] [Times: user=0.28 sys=0.00, real=0.28 secs] 
[GC (Allocation Failure) [DefNew: 623616K->5907K(623616K), 0.0640293 secs] 1645299K->1092231K(2009472K), 0.0640735 secs] [Times: user=0.06 sys=0.00, real=0.06 secs] 
[GC (Allocation Failure) [DefNew: 560275K->69247K(623616K), 0.2355058 secs] 1646599K->1200294K(2009472K), 0.2355495 secs] [Times: user=0.23 sys=0.00, real=0.23 secs] 
[GC (Allocation Failure) [DefNew: 623615K->5908K(623616K), 0.0564914 secs] 1754662K->1201606K(2009472K), 0.0565350 secs] [Times: user=0.06 sys=0.00, real=0.05 secs] 
[GC (Allocation Failure) [DefNew: 560276K->69247K(623616K), 0.2473455 secs] 1755974K->1309107K(2009472K), 0.2473878 secs] [Times: user=0.23 sys=0.00, real=0.24 secs] 
[GC (Allocation Failure) [DefNew: 623615K->5907K(623616K), 0.0578150 secs] 1863475K->1310392K(2009472K), 0.0579215 secs] [Times: user=0.06 sys=0.00, real=0.06 secs] 
[GC (Allocation Failure) [DefNew: 560275K->69247K(623616K), 0.2069942 secs] 1864760K->1417440K(2009472K), 0.2071052 secs] [Times: user=0.20 sys=0.00, real=0.20 secs] 
[GC (Allocation Failure) [DefNew: 623615K->623615K(623616K), 0.0000199 secs][Tenured: 1348192K->858250K(1385856K), 2.4957502 secs] 1971808K->858250K(2009472K), [Metaspace: 10572K->10572K(12288K)], 2.4958368 secs] [Times: user=2.50 sys=0.00, real=2.50 secs] 

*** PauseDetector detected a 2499 ms pause at Mon Dec 22 03:50:00 EET 2014 ***

[GC (Allocation Failure) [DefNew: 554368K->69248K(623616K), 0.1858825 secs] 1412618K->969769K(2009472K), 0.1859236 secs] [Times: user=0.17 sys=0.00, real=0.19 secs] 
[GC (Allocation Failure) [DefNew: 623616K->5906K(623616K), 0.0529037 secs] 1524137K->971013K(2009472K), 0.0529448 secs] [Times: user=0.05 sys=0.00, real=0.05 secs] 
[GC (Allocation Failure) [DefNew: 560274K->69248K(623616K), 0.1813331 secs] 1525381K->1076308K(2009472K), 0.1813735 secs] [Times: user=0.17 sys=0.00, real=0.17 secs] 
[GC (Allocation Failure) [DefNew: 623616K->5914K(623616K), 0.0556657 secs] 1630676K->1077555K(2009472K), 0.0557087 secs] [Times: user=0.05 sys=0.00, real=0.06 secs] 
[GC (Allocation Failure) [DefNew: 560282K->69248K(623616K), 0.1508858 secs] 1631923K->1182543K(2009472K), 0.1510327 secs] [Times: user=0.14 sys=0.00, real=0.14 secs] 
[GC (Allocation Failure) [DefNew: 623616K->5910K(623616K), 0.0502553 secs] 1736911K->1183792K(2009472K), 0.0503002 secs] [Times: user=0.05 sys=0.00, real=0.04 secs] 
[GC (Allocation Failure) [DefNew: 560278K->69248K(623616K), 0.1663286 secs] 1738160K->1288578K(2009472K), 0.1663709 secs] [Times: user=0.17 sys=0.00, real=0.16 secs] 
[GC (Allocation Failure) [DefNew: 623616K->5917K(623616K), 0.0514005 secs] 1842946K->1289824K(2009472K), 0.0514435 secs] [Times: user=0.06 sys=0.00, real=0.05 secs] 
[GC (Allocation Failure) [DefNew: 560285K->69247K(623616K), 0.1461741 secs] 1844192K->1394372K(2009472K), 0.1462184 secs] [Times: user=0.14 sys=0.00, real=0.15 secs] 
[GC (Allocation Failure) [DefNew: 623615K->623615K(623616K), 0.0000205 secs][Tenured: 1325124K->855740K(1385856K), 2.3075292 secs] 1948740K->855740K(2009472K), [Metaspace: 10572K->10572K(12288K)], 2.3076145 secs] [Times: user=2.29 sys=0.00, real=2.30 secs] 

*** PauseDetector detected a 2307 ms pause at Mon Dec 22 03:50:18 EET 2014 ***

[GC (Allocation Failure) [DefNew: 554368K->69247K(623616K), 0.1373248 secs] 1410108K->966029K(2009472K), 0.1373665 secs] [Times: user=0.12 sys=0.00, real=0.13 secs] 
[GC (Allocation Failure) [DefNew: 623615K->5882K(623616K), 0.0475055 secs] 1520397K->967230K(2009472K), 0.0476120 secs] [Times: user=0.03 sys=0.00, real=0.04 secs] 
[GC (Allocation Failure) [DefNew: 560250K->69247K(623616K), 0.1197848 secs] 1521598K->1070763K(2009472K), 0.1199311 secs] [Times: user=0.13 sys=0.00, real=0.11 secs] 
[GC (Allocation Failure) [DefNew: 623615K->5914K(623616K), 0.0695180 secs] 1625131K->1071975K(2009472K), 0.0695719 secs] [Times: user=0.06 sys=0.00, real=0.07 secs] 
[GC (Allocation Failure) [DefNew: 560282K->69248K(623616K), 0.1184638 secs] 1626343K->1175310K(2009472K), 0.1185279 secs] [Times: user=0.11 sys=0.00, real=0.11 secs] 
[GC (Allocation Failure) [DefNew: 623616K->5915K(623616K), 0.0512016 secs] 1729678K->1176533K(2009472K), 0.0513158 secs] [Times: user=0.06 sys=0.00, real=0.05 secs] 
[GC (Allocation Failure) [DefNew: 560283K->69247K(623616K), 0.1179582 secs] 1730901K->1279740K(2009472K), 0.1181109 secs] [Times: user=0.11 sys=0.00, real=0.12 secs] 
[GC (Allocation Failure) [DefNew: 623615K->5914K(623616K), 0.0475735 secs] 1834108K->1280955K(2009472K), 0.0476165 secs] [Times: user=0.05 sys=0.00, real=0.04 secs] 
[GC (Allocation Failure) [DefNew: 560282K->69248K(623616K), 0.1187345 secs] 1835323K->1384044K(2009472K), 0.1188019 secs] [Times: user=0.13 sys=0.00, real=0.12 secs] 
[GC (Allocation Failure) [DefNew: 623616K->623616K(623616K), 0.0000192 secs][Tenured: 1314796K->784999K(1385856K), 2.1371298 secs] 1938412K->784999K(2009472K), [Metaspace: 10572K->10572K(12288K)], 2.1372113 secs] [Times: user=2.14 sys=0.00, real=2.13 secs] 

*** PauseDetector detected a 2134 ms pause at Mon Dec 22 03:50:36 EET 2014 ***

[GC (Allocation Failure) [DefNew: 554368K->69247K(623616K), 0.1360327 secs] 1339367K->893906K(2009472K), 0.1361046 secs] [Times: user=0.12 sys=0.00, real=0.13 secs] 
[GC (Allocation Failure) [DefNew: 623615K->5918K(623616K), 0.0397687 secs] 1448274K->895111K(2009472K), 0.0399105 secs] [Times: user=0.03 sys=0.00, real=0.03 secs] 
[GC (Allocation Failure) [DefNew: 560286K->69247K(623616K), 0.1148517 secs] 1449479K->998000K(2009472K), 0.1149159 secs] [Times: user=0.11 sys=0.00, real=0.11 secs] 
[GC (Allocation Failure) [DefNew: 623615K->5914K(623616K), 0.0435861 secs] 1552368K->999201K(2009472K), 0.0436336 secs] [Times: user=0.05 sys=0.00, real=0.04 secs] 
[GC (Allocation Failure) [DefNew: 560282K->69248K(623616K), 0.1243964 secs] 1553569K->1102005K(2009472K), 0.1244407 secs] [Times: user=0.13 sys=0.00, real=0.12 secs] 
[GC (Allocation Failure) [DefNew: 623616K->5920K(623616K), 0.0430773 secs] 1656373K->1103211K(2009472K), 0.0431178 secs] [Times: user=0.03 sys=0.00, real=0.04 secs] 
[GC (Allocation Failure) [DefNew: 560288K->69248K(623616K), 0.0992050 secs] 1657579K->1205887K(2009472K), 0.0993423 secs] [Times: user=0.09 sys=0.00, real=0.10 secs] 
[GC (Allocation Failure) [DefNew: 623616K->5915K(623616K), 0.0410981 secs] 1760255K->1207126K(2009472K), 0.0412071 secs] [Times: user=0.03 sys=0.00, real=0.03 secs] 
[GC (Allocation Failure) [DefNew: 560283K->69247K(623616K), 0.1017424 secs] 1761494K->1309301K(2009472K), 0.1018604 secs] [Times: user=0.09 sys=0.00, real=0.09 secs] 
[GC (Allocation Failure) [DefNew: 623615K->5874K(623616K), 0.0478930 secs] 1863669K->1310441K(2009472K), 0.0479360 secs] [Times: user=0.05 sys=0.00, real=0.05 secs] 
[GC (Allocation Failure) [DefNew: 560242K->560242K(623616K), 0.0000186 secs][Tenured: 1304566K->852136K(1385856K), 2.1137565 secs] 1864809K->852136K(2009472K), [Metaspace: 10572K->10572K(12288K)], 2.1138399 secs] [Times: user=2.11 sys=0.00, real=2.11 secs] 

*** PauseDetector detected a 2109 ms pause at Mon Dec 22 03:50:54 EET 2014 ***

[GC (Allocation Failure) [DefNew: 554368K->5915K(623616K), 0.0122798 secs] 1406504K->858052K(2009472K), 0.0123798 secs] [Times: user=0.00 sys=0.00, real=0.01 secs] 
[GC (Allocation Failure) [DefNew: 560283K->69248K(623616K), 0.1112088 secs] 1412420K->960089K(2009472K), 0.1112512 secs] [Times: user=0.11 sys=0.00, real=0.10 secs] 
[GC (Allocation Failure) [DefNew: 623616K->5916K(623616K), 0.0433750 secs] 1514457K->961265K(2009472K), 0.0434796 secs] [Times: user=0.03 sys=0.00, real=0.04 secs] 
[GC (Allocation Failure) [DefNew: 560284K->69248K(623616K), 0.0949815 secs] 1515633K->1063232K(2009472K), 0.0951252 secs] [Times: user=0.09 sys=0.00, real=0.09 secs] 
[GC (Allocation Failure) [DefNew: 623616K->5908K(623616K), 0.0509546 secs] 1617600K->1064404K(2009472K), 0.0510014 secs] [Times: user=0.05 sys=0.00, real=0.04 secs] 
[GC (Allocation Failure) [DefNew: 560276K->69247K(623616K), 0.3296860 secs] 1618772K->1191032K(2009472K), 0.3297347 secs] [Times: user=0.33 sys=0.00, real=0.33 secs] 
[GC (Allocation Failure) [DefNew: 623615K->5900K(623616K), 0.0796369 secs] 1745400K->1192654K(2009472K), 0.0797960 secs] [Times: user=0.08 sys=0.00, real=0.08 secs] 
[GC (Allocation Failure) [DefNew: 560268K->69248K(623616K), 0.4235562 secs] 1747022K->1311672K(2009472K), 0.4236197 secs] [Times: user=0.41 sys=0.00, real=0.42 secs] 

*** PauseDetector detected a 417 ms pause at Mon Dec 22 03:51:08 EET 2014 ***

[GC (Allocation Failure) [DefNew: 623616K->5920K(623616K), 0.1012715 secs] 1866040K->1313231K(2009472K), 0.1013157 secs] [Times: user=0.09 sys=0.00, real=0.10 secs] 
[GC (Allocation Failure) [DefNew: 560288K->560288K(623616K), 0.0000289 secs][Tenured: 1307310K->866141K(1385856K), 2.2609058 secs] 1867599K->866141K(2009472K), [Metaspace: 10572K->10572K(12288K)], 2.2611028 secs] [Times: user=2.26 sys=0.00, real=2.26 secs] 

*** PauseDetector detected a 2257 ms pause at Mon Dec 22 03:51:14 EET 2014 ***

[Full GC (System.gc()) [Tenured: 866141K->864267K(1385856K), 2.2100430 secs] 1113011K->864267K(2009472K), [Metaspace: 10572K->10572K(12288K)], 2.2101046 secs] [Times: user=2.20 sys=0.00, real=2.20 secs] 
[Full GC (System.gc()) [Tenured: 864267K->794898K(1385856K), 2.2376513 secs] 864269K->794898K(2009472K), [Metaspace: 10572K->10572K(12288K)], 2.2376962 secs] [Times: user=2.25 sys=0.00, real=2.24 secs] 

*** PauseDetector detected a 2205 ms pause at Mon Dec 22 03:51:16 EET 2014 ***

[Full GC (System.gc()) [Tenured: 794898K->794899K(1385856K), 2.0109402 secs] 806044K->794899K(2009472K), [Metaspace: 10572K->10572K(12288K)], 2.0110556 secs] [Times: user=2.01 sys=0.00, real=2.01 secs] 

*** PauseDetector detected a 4254 ms pause at Mon Dec 22 03:51:21 EET 2014 ***

[Full GC (System.gc()) [Tenured: 794899K->794900K(1385856K), 2.0997330 secs] 806045K->794900K(2009472K), [Metaspace: 10572K->10572K(12288K)], 2.0998068 secs] [Times: user=2.09 sys=0.00, real=2.10 secs] 
[Full GC (System.gc()) [Tenured: 794900K->794900K(1385856K), 2.1845358 secs] 794900K->794900K(2009472K), [Metaspace: 10572K->10572K(12288K)], 2.1846475 secs] [Times: user=2.17 sys=0.00, real=2.18 secs] 
[Full GC (System.gc()) [Tenured: 794900K->792380K(1385856K), 1.9264953 secs] 806047K->792380K(2009472K), [Metaspace: 10572K->10572K(12288K)], 1.9266461 secs] [Times: user=1.93 sys=0.00, real=1.93 secs] 

*** PauseDetector detected a 4283 ms pause at Mon Dec 22 03:51:25 EET 2014 ***


*** PauseDetector detected a 1944 ms pause at Mon Dec 22 03:51:27 EET 2014 ***

[GC (Allocation Failure) [DefNew: 554368K->69248K(623616K), 0.3314125 secs] 1346748K->910808K(2009472K), 0.3314689 secs] [Times: user=0.33 sys=0.00, real=0.33 secs] 
[GC (Allocation Failure) [DefNew: 623616K->5951K(623616K), 0.0781362 secs] 1465176K->912176K(2009472K), 0.0781792 secs] [Times: user=0.06 sys=0.00, real=0.08 secs] 
[GC (Allocation Failure) [DefNew: 560319K->69247K(623616K), 0.3093262 secs] 1466544K->1023430K(2009472K), 0.3093730 secs] [Times: user=0.31 sys=0.00, real=0.30 secs] 
[GC (Allocation Failure) [DefNew: 623615K->5954K(623616K), 0.0740167 secs] 1577798K->1024789K(2009472K), 0.0740712 secs] [Times: user=0.08 sys=0.00, real=0.07 secs] 
[GC (Allocation Failure) [DefNew: 560322K->69248K(623616K), 0.2885334 secs] 1579157K->1133561K(2009472K), 0.2885764 secs] [Times: user=0.30 sys=0.00, real=0.29 secs] 
[Full GC (System.gc()) [Tenured: 1064313K->858654K(1385856K), 2.1785961 secs] 1568312K->858654K(2009472K), [Metaspace: 10572K->10572K(12288K)], 2.1786744 secs] [Times: user=2.17 sys=0.00, real=2.17 secs] 
[Full GC (System.gc()) [Tenured: 858654K->858654K(1385856K), 1.9199871 secs] 858656K->858654K(2009472K), [Metaspace: 10572K->10572K(12288K)], 1.9200500 secs] [Times: user=1.92 sys=0.00, real=1.92 secs] 
[Full GC (System.gc()) [Tenured: 858654K->858576K(1385856K), 2.1558985 secs] 858654K->858576K(2009472K), [Metaspace: 10572K->10572K(12288K)]
*** PauseDetector detected a 2172 ms pause at Mon Dec 22 03:51:39 EET 2014 ***

, 2.1559408 secs] [Times: user=2.17 sys=0.00, real=2.15 secs] 
********************************
********** ROUND   83 **********
********************************

*** PauseDetector detected a 4096 ms pause at Mon Dec 22 03:51:43 EET 2014 ***

[GC (Allocation Failure) [DefNew: 554368K->69247K(623616K), 0.2124437 secs] 1412944K->972536K(2009472K), 0.2124848 secs] [Times: user=0.20 sys=0.00, real=0.21 secs] 
[GC (Allocation Failure) [DefNew: 623615K->5880K(623616K), 0.0596319 secs] 1526904K->973830K(2009472K), 0.0597391 secs] [Times: user=0.05 sys=0.00, real=0.05 secs] 
[GC (Allocation Failure) [DefNew: 560248K->69248K(623616K), 0.2045248 secs] 1528198K->1081322K(2009472K), 0.2045684 secs] [Times: user=0.19 sys=0.00, real=0.20 secs] 
[GC (Allocation Failure) [DefNew: 623616K->5891K(623616K), 0.0649827 secs] 1635690K->1082629K(2009472K), 0.0650263 secs] [Times: user=0.06 sys=0.00, real=0.07 secs] 
[GC (Allocation Failure) [DefNew: 560259K->69248K(623616K), 0.1879837 secs] 1636997K->1189664K(2009472K), 0.1880510 secs] [Times: user=0.19 sys=0.00, real=0.18 secs] 
[GC (Allocation Failure) [DefNew: 623616K->5883K(623616K), 0.0487777 secs] 1744032K->1190953K(2009472K), 0.0489266 secs] [Times: user=0.05 sys=0.00, real=0.04 secs] 
[GC (Allocation Failure) [DefNew: 560251K->69247K(623616K), 0.1722022 secs] 1745321K->1296561K(2009472K), 0.1722452 secs] [Times: user=0.16 sys=0.00, real=0.16 secs] 
[GC (Allocation Failure) [DefNew: 623615K->5894K(623616K), 0.0649589 secs] 1850929K->1297820K(2009472K), 0.0650013 secs] [Times: user=0.06 sys=0.00, real=0.06 secs] 
[GC (Allocation Failure) [DefNew: 560262K->69248K(623616K), 0.1709017 secs] 1852188K->1403105K(2009472K), 0.1710031 secs] [Times: user=0.17 sys=0.00, real=0.16 secs] 
[GC (Allocation Failure) [DefNew: 623616K->623616K(623616K), 0.0000199 secs][Tenured: 1333857K->787153K(1385856K), 2.2704544 secs] 1957473K->787153K(2009472K), [Metaspace: 10572K->10572K(12288K)], 2.2706456 secs] [Times: user=2.26 sys=0.00, real=2.26 secs] 

*** PauseDetector detected a 2264 ms pause at Mon Dec 22 03:52:01 EET 2014 ***

[GC (Allocation Failure) [DefNew: 554368K->69248K(623616K), 0.1675706 secs] 1341521K->898052K(2009472K), 0.1676130 secs] [Times: user=0.16 sys=0.00, real=0.16 secs] 
[GC (Allocation Failure) [DefNew: 623616K->5890K(623616K), 0.0484563 secs] 1452420K->899284K(2009472K), 0.0484999 secs] [Times: user=0.05 sys=0.00, real=0.05 secs] 
[GC (Allocation Failure) [DefNew: 560258K->69248K(623616K), 0.1467425 secs] 1453652K->1004047K(2009472K), 0.1467881 secs] [Times: user=0.14 sys=0.00, real=0.14 secs] 
[GC (Allocation Failure) [DefNew: 623616K->5889K(623616K), 0.0429298 secs] 1558415K->1005308K(2009472K), 0.0429715 secs] [Times: user=0.05 sys=0.00, real=0.04 secs] 
[GC (Allocation Failure) [DefNew: 560257K->69248K(623616K), 0.1555103 secs] 1559676K->1109866K(2009472K), 0.1555559 secs] [Times: user=0.14 sys=0.00, real=0.15 secs] 
[GC (Allocation Failure) [DefNew: 623616K->5890K(623616K), 0.0475587 secs] 1664234K->1111101K(2009472K), 0.0476980 secs] [Times: user=0.05 sys=0.00, real=0.04 secs] 
[GC (Allocation Failure) [DefNew: 560258K->69247K(623616K), 0.1358556 secs] 1665469K->1215477K(2009472K), 0.1359641 secs] [Times: user=0.13 sys=0.00, real=0.13 secs] 
[GC (Allocation Failure) [DefNew: 623615K->5894K(623616K), 0.0417403 secs] 1769845K->1216711K(2009472K), 0.0418032 secs] [Times: user=0.05 sys=0.00, real=0.04 secs] 
[GC (Allocation Failure) [DefNew: 560262K->69247K(623616K), 0.1701421 secs] 1771079K->1320225K(2009472K), 0.1702005 secs] [Times: user=0.17 sys=0.00, real=0.16 secs] 
[GC (Allocation Failure) [DefNew: 623615K->5883K(623616K), 0.0494450 secs] 1874593K->1321414K(2009472K), 0.0494860 secs] [Times: user=0.05 sys=0.00, real=0.05 secs] 
[GC (Allocation Failure) [DefNew: 560251K->560251K(623616K), 0.0000436 secs][Tenured: 1315531K->853363K(1385856K), 2.1822095 secs] 1875782K->853363K(2009472K), [Metaspace: 10572K->10572K(12288K)], 2.1823846 secs] [Times: user=2.18 sys=0.00, real=2.18 secs] 

*** PauseDetector detected a 2179 ms pause at Mon Dec 22 03:52:21 EET 2014 ***

[GC (Allocation Failure) [DefNew: 554368K->5868K(623616K), 0.0122252 secs] 1407731K->859232K(2009472K), 0.0122669 secs] [Times: user=0.00 sys=0.00, real=0.01 secs] 
[GC (Allocation Failure) [DefNew: 560236K->69247K(623616K), 0.1078726 secs] 1413600K->962443K(2009472K), 0.1079195 secs] [Times: user=0.11 sys=0.00, real=0.11 secs] 
[GC (Allocation Failure) [DefNew: 623615K->5895K(623616K), 0.0443560 secs] 1516811K->963681K(2009472K), 0.0444997 secs] [Times: user=0.03 sys=0.00, real=0.04 secs] 
[GC (Allocation Failure) [DefNew: 560263K->69247K(623616K), 0.1062200 secs] 1518049K->1066775K(2009472K), 0.1063688 secs] [Times: user=0.09 sys=0.00, real=0.10 secs] 
[GC (Allocation Failure) [DefNew: 623615K->5907K(623616K), 0.0502893 secs] 1621143K->1067995K(2009472K), 0.0503400 secs] [Times: user=0.05 sys=0.00, real=0.05 secs] 
[GC (Allocation Failure) [DefNew: 560275K->69247K(623616K), 0.1147901 secs] 1622363K->1170947K(2009472K), 0.1148299 secs] [Times: user=0.11 sys=0.00, real=0.11 secs] 
[GC (Allocation Failure) [DefNew: 623615K->5899K(623616K), 0.0455474 secs] 1725315K->1172180K(2009472K), 0.0455885 secs] [Times: user=0.05 sys=0.00, real=0.05 secs] 
[GC (Allocation Failure) [DefNew: 560267K->69247K(623616K), 0.1188442 secs] 1726548K->1275073K(2009472K), 0.1189475 secs] [Times: user=0.11 sys=0.00, real=0.11 secs] 
[GC (Allocation Failure) [DefNew: 623615K->5907K(623616K), 0.0486796 secs] 1829441K->1276284K(2009472K), 0.0487258 secs] [Times: user=0.05 sys=0.00, real=0.04 secs] 
[GC (Allocation Failure) [DefNew: 560275K->69247K(623616K), 0.1329255 secs] 1830652K->1379052K(2009472K), 0.1329692 secs] [Times: user=0.13 sys=0.00, real=0.13 secs] 
[GC (Allocation Failure) [DefNew: 623615K->623615K(623616K), 0.0000212 secs][Tenured: 1309804K->853583K(1385856K), 2.1823205 secs] 1933420K->853583K(2009472K), [Metaspace: 10572K->10572K(12288K)], 2.1823987 secs] [Times: user=2.17 sys=0.00, real=2.18 secs] 

*** PauseDetector detected a 2180 ms pause at Mon Dec 22 03:52:40 EET 2014 ***

[GC (Allocation Failure) [DefNew: 554368K->69248K(623616K), 0.1210570 secs] 1407951K->962198K(2009472K), 0.1211007 secs] [Times: user=0.11 sys=0.00, real=0.12 secs] 
[GC (Allocation Failure) [DefNew: 623616K->5877K(623616K), 0.0463827 secs] 1516566K->963381K(2009472K), 0.0464860 secs] [Times: user=0.05 sys=0.00, real=0.04 secs] 
[GC (Allocation Failure) [DefNew: 560245K->69248K(623616K), 0.1096152 secs] 1517749K->1065565K(2009472K), 0.1096607 secs] [Times: user=0.11 sys=0.00, real=0.11 secs] 
[GC (Allocation Failure) [DefNew: 623616K->5902K(623616K), 0.0425269 secs] 1619933K->1066762K(2009472K), 0.0425705 secs] [Times: user=0.05 sys=0.00, real=0.04 secs] 
[GC (Allocation Failure) [DefNew: 560270K->69248K(623616K), 0.1170183 secs] 1621130K->1168866K(2009472K), 0.1171710 secs] [Times: user=0.13 sys=0.00, real=0.12 secs] 
[GC (Allocation Failure) [DefNew: 623616K->5908K(623616K), 0.0395711 secs] 1723234K->1170051K(2009472K), 0.0397142 secs] [Times: user=0.03 sys=0.00, real=0.03 secs] 
[GC (Allocation Failure) [DefNew: 560276K->69248K(623616K), 0.0981438 secs] 1724419K->1272076K(2009472K), 0.0982047 secs] [Times: user=0.08 sys=0.00, real=0.09 secs] 
[GC (Allocation Failure) [DefNew: 623616K->5904K(623616K), 0.0420585 secs] 1826444K->1273259K(2009472K), 0.0421984 secs] [Times: user=0.03 sys=0.00, real=0.04 secs] 
[GC (Allocation Failure) [DefNew: 560272K->69248K(623616K), 0.1146599 secs] 1827627K->1375228K(2009472K), 0.1147016 secs] [Times: user=0.11 sys=0.00, real=0.11 secs] 
[GC (Allocation Failure) [DefNew: 623616K->623616K(623616K), 0.0000199 secs][Tenured: 1305980K->853150K(1385856K), 2.1039507 secs] 1929596K->853150K(2009472K), [Metaspace: 10572K->10572K(12288K)], 2.1041079 secs] [Times: user=2.11 sys=0.00, real=2.10 secs] 

*** PauseDetector detected a 2104 ms pause at Mon Dec 22 03:52:57 EET 2014 ***

[GC (Allocation Failure) [DefNew: 554368K->69247K(623616K), 0.2776542 secs] 1407518K->985629K(2009472K), 0.2776972 secs] [Times: user=0.28 sys=0.00, real=0.28 secs] 
[GC (Allocation Failure) [DefNew: 623615K->5913K(623616K), 0.1134492 secs] 1539997K->987321K(2009472K), 0.1134903 secs] [Times: user=0.13 sys=0.00, real=0.11 secs] 
[GC (Allocation Failure) [DefNew: 560281K->69247K(623616K), 0.4313443 secs] 1541689K->1106367K(2009472K), 0.4314887 secs] [Times: user=0.42 sys=0.00, real=0.42 secs] 

*** PauseDetector detected a 427 ms pause at Mon Dec 22 03:53:03 EET 2014 ***

[GC (Allocation Failure) [DefNew: 623615K->5905K(623616K), 0.0694525 secs] 1660735K->1107870K(2009472K), 0.0695988 secs] [Times: user=0.06 sys=0.00, real=0.06 secs] 
[GC (Allocation Failure) [DefNew: 560273K->69248K(623616K), 0.4194091 secs] 1662238K->1224407K(2009472K), 0.4195226 secs] [Times: user=0.42 sys=0.00, real=0.42 secs] 

*** PauseDetector detected a 420 ms pause at Mon Dec 22 03:53:07 EET 2014 ***

[GC (Allocation Failure) [DefNew: 623616K->5915K(623616K), 0.0896333 secs] 1778775K->1225888K(2009472K), 0.0896769 secs] [Times: user=0.08 sys=0.00, real=0.08 secs] 
[GC (Allocation Failure) [DefNew: 560283K->69248K(623616K), 0.3395464 secs] 1780256K->1338349K(2009472K), 0.3395951 secs] [Times: user=0.34 sys=0.00, real=0.33 secs] 
[GC (Allocation Failure) [DefNew: 623616K->5878K(623616K), 0.0651315 secs] 1892717K->1339697K(2009472K), 0.0652008 secs] [Times: user=0.06 sys=0.00, real=0.06 secs] 
[GC (Allocation Failure) [DefNew: 560246K->560246K(623616K), 0.0000212 secs][Tenured: 1333819K->791869K(1385856K), 2.3789763 secs] 1894065K->791869K(2009472K), [Metaspace: 10572K->10572K(12288K)], 2.3790822 secs] [Times: user=2.39 sys=0.00, real=2.37 secs] 

*** PauseDetector detected a 2377 ms pause at Mon Dec 22 03:53:16 EET 2014 ***

[GC (Allocation Failure) [DefNew: 554368K->5911K(623616K), 0.0155717 secs] 1346237K->797780K(2009472K), 0.0156166 secs] [Times: user=0.02 sys=0.00, real=0.02 secs] 
[GC (Allocation Failure) [DefNew: 560279K->69247K(623616K), 0.2331538 secs] 1352148K->906514K(2009472K), 0.2332000 secs] [Times: user=0.22 sys=0.00, real=0.23 secs] 
[GC (Allocation Failure) [DefNew: 623615K->5879K(623616K), 0.0811959 secs] 1460882K->907819K(2009472K), 0.0812389 secs] [Times: user=0.08 sys=0.00, real=0.08 secs] 
[GC (Allocation Failure) [DefNew: 560247K->69248K(623616K), 0.2048610 secs] 1462187K->1015930K(2009472K), 0.2050098 secs] [Times: user=0.22 sys=0.00, real=0.20 secs] 
[GC (Allocation Failure) [DefNew: 623616K->5909K(623616K), 0.0580973 secs] 1570298K->1017223K(2009472K), 0.0582416 secs] [Times: user=0.06 sys=0.00, real=0.05 secs] 
[GC (Allocation Failure) [DefNew: 560277K->69247K(623616K), 0.2120537 secs] 1571591K->1124722K(2009472K), 0.2120960 secs] [Times: user=0.20 sys=0.00, real=0.21 secs] 
[GC (Allocation Failure) [DefNew: 623615K->5916K(623616K), 0.0674457 secs] 1679090K->1126018K(2009472K), 0.0674919 secs] [Times: user=0.06 sys=0.00, real=0.06 secs] 
[GC (Allocation Failure) [DefNew: 560284K->69248K(623616K), 0.1813774 secs] 1680386K->1233060K(2009472K), 0.1814415 secs] [Times: user=0.17 sys=0.00, real=0.17 secs] 
[GC (Allocation Failure) [DefNew: 623616K->5873K(623616K), 0.0557350 secs] 1787428K->1234306K(2009472K), 0.0557760 secs] [Times: user=0.06 sys=0.00, real=0.06 secs] 
[GC (Allocation Failure) [DefNew: 560241K->69248K(623616K), 0.1945624 secs] 1788674K->1339953K(2009472K), 0.1946221 secs] [Times: user=0.19 sys=0.00, real=0.19 secs] 
[GC (Allocation Failure) [DefNew: 623616K->5892K(623616K), 0.0554803 secs] 1894321K->1341181K(2009472K), 0.0555207 secs] [Times: user=0.05 sys=0.00, real=0.05 secs] 
[GC (Allocation Failure) [DefNew: 560260K->560260K(623616K), 0.0000218 secs][Tenured: 1335289K->855248K(1385856K), 2.3238540 secs] 1895549K->855248K(2009472K), [Metaspace: 10572K->10572K(12288K)], 2.3239599 secs] [Times: user=2.31 sys=0.00, real=2.32 secs] 

*** PauseDetector detected a 2318 ms pause at Mon Dec 22 03:53:37 EET 2014 ***

[GC (Allocation Failure) [DefNew: 554368K->5916K(623616K), 0.0148377 secs] 1409616K->861164K(2009472K), 0.0148801 secs] [Times: user=0.01 sys=0.00, real=0.02 secs] 
[GC (Allocation Failure) [DefNew: 560284K->69248K(623616K), 0.1445054 secs] 1415532K->966147K(2009472K), 0.1446516 secs] [Times: user=0.16 sys=0.00, real=0.14 secs] 
[GC (Allocation Failure) [DefNew: 623616K->5914K(623616K), 0.0536665 secs] 1520515K->967403K(2009472K), 0.0537070 secs] [Times: user=0.05 sys=0.00, real=0.05 secs] 
[GC (Allocation Failure) [DefNew: 560282K->69247K(623616K), 0.1359461 secs] 1521771K->1072168K(2009472K), 0.1360096 secs] [Times: user=0.13 sys=0.00, real=0.13 secs] 
[GC (Allocation Failure) [DefNew: 623615K->5915K(623616K), 0.0559923 secs] 1626536K->1073404K(2009472K), 0.0560346 secs] [Times: user=0.06 sys=0.00, real=0.06 secs] 
[GC (Allocation Failure) [DefNew: 560283K->69248K(623616K), 0.1322012 secs] 1627772K->1177957K(2009472K), 0.1322974 secs] [Times: user=0.13 sys=0.00, real=0.13 secs] 
[GC (Allocation Failure) [DefNew: 623616K->5917K(623616K), 0.0481977 secs] 1732325K->1179222K(2009472K), 0.0482420 secs] [Times: user=0.03 sys=0.00, real=0.04 secs] 
[GC (Allocation Failure) [DefNew: 560285K->69248K(623616K), 0.1266208 secs] 1733590K->1283590K(2009472K), 0.1266856 secs] [Times: user=0.13 sys=0.00, real=0.12 secs] 
[GC (Allocation Failure) [DefNew: 623616K->5891K(623616K), 0.0441699 secs] 1837958K->1284803K(2009472K), 0.0442848 secs] [Times: user=0.03 sys=0.00, real=0.04 secs] 
[GC (Allocation Failure) [DefNew: 560259K->69247K(623616K), 0.1619979 secs] 1839171K->1388338K(2009472K), 0.1621538 secs] [Times: user=0.16 sys=0.00, real=0.16 secs] 
[GC (Allocation Failure) [DefNew: 623615K->623615K(623616K), 0.0000160 secs][Tenured: 1319090K->854682K(1385856K), 2.2227693 secs] 1942706K->854682K(2009472K), [Metaspace: 10572K->10572K(12288K)], 2.2228662 secs] [Times: user=2.22 sys=0.00, real=2.21 secs] 

*** PauseDetector detected a 2217 ms pause at Mon Dec 22 03:53:57 EET 2014 ***

[GC (Allocation Failure) [DefNew: 554368K->69247K(623616K), 0.1370823 secs] 1409050K->963939K(2009472K), 0.1371253 secs] [Times: user=0.14 sys=0.00, real=0.14 secs] 
[GC (Allocation Failure) [DefNew: 623615K->5904K(623616K), 0.0476370 secs] 1518307K->965144K(2009472K), 0.0477409 secs] [Times: user=0.05 sys=0.00, real=0.05 secs] 
[GC (Allocation Failure) [DefNew: 560272K->69247K(623616K), 0.1207933 secs] 1519512K->1068345K(2009472K), 0.1208344 secs] [Times: user=0.13 sys=0.00, real=0.12 secs] 
[GC (Allocation Failure) [DefNew: 623615K->5866K(623616K), 0.0471866 secs] 1622713K->1069529K(2009472K), 0.0472303 secs] [Times: user=0.05 sys=0.00, real=0.05 secs] 
[GC (Allocation Failure) [DefNew: 560234K->69248K(623616K), 0.1322198 secs] 1623897K->1172679K(2009472K), 0.1322641 secs] [Times: user=0.13 sys=0.00, real=0.13 secs] 
[GC (Allocation Failure) [DefNew: 623616K->5901K(623616K), 0.0447711 secs] 1727047K->1173867K(2009472K), 0.0448141 secs] [Times: user=0.05 sys=0.00, real=0.04 secs] 
[GC (Allocation Failure) [DefNew: 560269K->69247K(623616K), 0.1067884 secs] 1728235K->1276875K(2009472K), 0.1068519 secs] [Times: user=0.09 sys=0.00, real=0.10 secs] 
[GC (Allocation Failure) [DefNew: 623615K->5920K(623616K), 0.0466939 secs] 1831243K->1278079K(2009472K), 0.0467382 secs] [Times: user=0.05 sys=0.00, real=0.04 secs] 
[GC (Allocation Failure) [DefNew: 560288K->69247K(623616K), 0.1142794 secs] 1832447K->1380936K(2009472K), 0.1143231 secs] [Times: user=0.09 sys=0.00, real=0.11 secs] 
[GC (Allocation Failure) [DefNew: 623615K->623615K(623616K), 0.0000212 secs][Tenured: 1311688K->854035K(1385856K), 2.2175013 secs] 1935304K->854035K(2009472K), [Metaspace: 10572K->10572K(12288K)], 2.2176931 secs] [Times: user=2.22 sys=0.00, real=2.21 secs] 

*** PauseDetector detected a 2218 ms pause at Mon Dec 22 03:54:14 EET 2014 ***

[GC (Allocation Failure) [DefNew: 554368K->69247K(623616K), 0.1006639 secs] 1408403K->962709K(2009472K), 0.1008089 secs] [Times: user=0.09 sys=0.00, real=0.10 secs] 
[Full GC (System.gc()) [Tenured: 893461K->783424K(1385856K), 2.1829133 secs] 973974K->783424K(2009472K), [Metaspace: 10572K->10572K(12288K)], 2.1829627 secs] [Times: user=2.18 sys=0.00, real=2.18 secs] 
[Full GC (System.gc()) [Tenured: 783424K->783479K(1385856K), 2.0070856 secs] 794548K->783479K(2009472K), [Metaspace: 10572K->10572K(12288K)]
*** PauseDetector detected a 2180 ms pause at Mon Dec 22 03:54:18 EET 2014 ***

, 2.0071568 secs] [Times: user=2.00 sys=0.00, real=2.00 secs] 
[Full GC (System.gc()) [Tenured: 783479K->783561K(1385856K), 1.7963041 secs] 794604K->783561K(2009472K), [Metaspace: 10572K->10572K(12288K)], 1.7963529 secs] [Times: user=1.79 sys=0.00, real=1.80 secs] 

*** PauseDetector detected a 3808 ms pause at Mon Dec 22 03:54:22 EET 2014 ***

[Full GC (System.gc()) [Tenured: 783561K->783561K(1385856K), 1.8916738 secs] 794686K->783561K(2009472K), [Metaspace: 10572K->10572K(12288K)], 1.8918322 secs] [Times: user=1.89 sys=0.00, real=1.89 secs] 
[Full GC (System.gc()) [Tenured: 783561K->778785K(1385856K), 2.1295201 secs] 794684K->778785K(2009472K), [Metaspace: 10572K->10572K(12288K)], 2.1295630 secs] [Times: user=2.14 sys=0.00, real=2.13 secs] 

*** PauseDetector detected a 4024 ms pause at Mon Dec 22 03:54:26 EET 2014 ***

[Full GC (System.gc()) [Tenured: 778785K->778785K(1385856K), 1.8385487 secs] 778787K->778785K(2009472K), [Metaspace: 10572K->10572K(12288K)], 1.8385866 secs]
*** PauseDetector detected a 1831 ms pause at Mon Dec 22 03:54:28 EET 2014 ***

 [Times: user=1.83 sys=0.00, real=1.83 secs] 
[GC (Allocation Failure) [DefNew: 554368K->69248K(623616K), 0.0990093 secs] 1333153K->887462K(2009472K), 0.0990683 secs] [Times: user=0.08 sys=0.00, real=0.09 secs] 
[GC (Allocation Failure) [DefNew: 623616K->5954K(623616K), 0.0589005 secs] 1441830K->888660K(2009472K), 0.0589525 secs] [Times: user=0.06 sys=0.00, real=0.06 secs] 
[GC (Allocation Failure) [DefNew: 560322K->69247K(623616K), 0.1125369 secs] 1443028K->990834K(2009472K), 0.1125805 secs] [Times: user=0.11 sys=0.00, real=0.11 secs] 
[GC (Allocation Failure) [DefNew: 623615K->5954K(623616K), 0.0435508 secs] 1545202K->992016K(2009472K), 0.0435867 secs] [Times: user=0.05 sys=0.00, real=0.04 secs] 
[GC (Allocation Failure) [DefNew: 560322K->69248K(623616K), 0.1266740 secs] 1546384K->1094118K(2009472K), 0.1268357 secs] [Times: user=0.13 sys=0.00, real=0.12 secs] 
[GC (Allocation Failure) [DefNew: 623616K->5954K(623616K), 0.0449238 secs] 1648486K->1095300K(2009472K), 0.0450309 secs] [Times: user=0.03 sys=0.00, real=0.05 secs] 
[Full GC (System.gc()) [Tenured: 1089345K->849003K(1385856K), 2.1281278 secs] 1362258K->849003K(2009472K), [Metaspace: 10572K->10572K(12288K)], 2.1282003 secs] [Times: user=2.14 sys=0.00, real=2.13 secs] 
[Full GC (System.gc()) [Tenured: 849003K->849003K(1385856K), 1.8412959 secs] 849003K->849003K(2009472K), [Metaspace: 10572K->10572K(12288K)], 1.8414076 secs] [Times: user=1.84 sys=0.00, real=1.84 secs] 
[Full GC (System.gc()) [Tenured: 849003K->779747K(1385856K), 1.8898825 secs] 860126K->779747K(2009472K), [Metaspace: 10572K->10572K(12288K)], 1.8899454 secs] [Times: user=1.89 sys=0.00, real=1.89 secs] 

*** PauseDetector detected a 5858 ms pause at Mon Dec 22 03:54:44 EET 2014 ***

********************************
********** ROUND   84 **********
********************************
[GC (Allocation Failure) [DefNew: 554368K->5889K(623616K), 0.0113597 secs] 1334115K->785636K(2009472K), 0.0114014 secs] [Times: user=0.00 sys=0.00, real=0.00 secs] 
[GC (Allocation Failure) [DefNew: 560257K->69248K(623616K), 0.1011675 secs] 1340004K->887582K(2009472K), 0.1012625 secs] [Times: user=0.09 sys=0.00, real=0.10 secs] 
[GC (Allocation Failure) [DefNew: 623616K->5877K(623616K), 0.0460388 secs] 1441950K->888779K(2009472K), 0.0460786 secs] [Times: user=0.05 sys=0.00, real=0.04 secs] 
[GC (Allocation Failure) [DefNew: 560245K->69247K(623616K), 0.2799042 secs] 1443147K->1015396K(2009472K), 0.2800132 secs] [Times: user=0.28 sys=0.00, real=0.27 secs] 
[GC (Allocation Failure) [DefNew: 623615K->5892K(623616K), 0.1182046 secs] 1569764K->1017052K(2009472K), 0.1182456 secs] [Times: user=0.13 sys=0.00, real=0.12 secs] 
[GC (Allocation Failure) [DefNew: 560260K->69248K(623616K), 0.4310498 secs] 1571420K->1136088K(2009472K), 0.4310903 secs] [Times: user=0.44 sys=0.00, real=0.43 secs] 

*** PauseDetector detected a 430 ms pause at Mon Dec 22 03:54:54 EET 2014 ***

[GC (Allocation Failure) [DefNew: 623616K->5884K(623616K), 0.0808886 secs] 1690456K->1137600K(2009472K), 0.0809316 secs] [Times: user=0.08 sys=0.00, real=0.08 secs] 
[GC (Allocation Failure) [DefNew: 560252K->69248K(623616K), 0.4295101 secs] 1691968K->1254128K(2009472K), 0.4295582 secs] [Times: user=0.42 sys=0.00, real=0.42 secs] 

*** PauseDetector detected a 429 ms pause at Mon Dec 22 03:54:58 EET 2014 ***

[GC (Allocation Failure) [DefNew: 623616K->5894K(623616K), 0.0652502 secs] 1808496K->1255618K(2009472K), 0.0654074 secs] [Times: user=0.06 sys=0.00, real=0.06 secs] 
[GC (Allocation Failure) [DefNew: 560262K->69248K(623616K), 0.3357040 secs] 1809986K->1368063K(2009472K), 0.3357495 secs] [Times: user=0.34 sys=0.00, real=0.34 secs] 
[GC (Allocation Failure) [DefNew: 623616K->5886K(623616K), 0.0701108 secs] 1922431K->1369456K(2009472K), 0.0702615 secs] [Times: user=0.06 sys=0.00, real=0.07 secs] 
[GC (Allocation Failure) [DefNew: 560254K->560254K(623616K), 0.0000199 secs][Tenured: 1363570K->861102K(1385856K), 2.4511799 secs] 1923824K->861102K(2009472K), [Metaspace: 10572K->10572K(12288K)], 2.4513730 secs] [Times: user=2.45 sys=0.00, real=2.44 secs] 

*** PauseDetector detected a 2463 ms pause at Mon Dec 22 03:55:07 EET 2014 ***

[GC (Allocation Failure) [DefNew: 554368K->5892K(623616K), 0.0119647 secs] 1415470K->866995K(2009472K), 0.0120084 secs] [Times: user=0.00 sys=0.00, real=0.00 secs] 
[GC (Allocation Failure) [DefNew: 560260K->69247K(623616K), 0.2547698 secs] 1421363K->975757K(2009472K), 0.2548102 secs] [Times: user=0.25 sys=0.00, real=0.26 secs] 
[GC (Allocation Failure) [DefNew: 623615K->5903K(623616K), 0.0679435 secs] 1530125K->977076K(2009472K), 0.0679859 secs] [Times: user=0.06 sys=0.00, real=0.06 secs] 
[GC (Allocation Failure) [DefNew: 560271K->69248K(623616K), 0.2227892 secs] 1531444K->1085132K(2009472K), 0.2229181 secs] [Times: user=0.23 sys=0.00, real=0.22 secs] 
[GC (Allocation Failure) [DefNew: 623616K->5891K(623616K), 0.0497863 secs] 1639500K->1086438K(2009472K), 0.0498280 secs] [Times: user=0.05 sys=0.00, real=0.04 secs] 
[GC (Allocation Failure) [DefNew: 560259K->69248K(623616K), 0.2330576 secs] 1640806K->1193935K(2009472K), 0.2330993 secs] [Times: user=0.22 sys=0.00, real=0.22 secs] 
[GC (Allocation Failure) [DefNew: 623616K->5905K(623616K), 0.0628699 secs] 1748303K->1195239K(2009472K), 0.0629187 secs] [Times: user=0.05 sys=0.00, real=0.06 secs] 
[GC (Allocation Failure) [DefNew: 560273K->69248K(623616K), 0.2026450 secs] 1749607K->1302267K(2009472K), 0.2027944 secs] [Times: user=0.19 sys=0.00, real=0.20 secs] 
[GC (Allocation Failure) [DefNew: 623616K->5894K(623616K), 0.0621719 secs] 1856635K->1303561K(2009472K), 0.0622361 secs] [Times: user=0.06 sys=0.00, real=0.06 secs] 
[GC (Allocation Failure) [DefNew: 560262K->69248K(623616K), 0.2187800 secs] 1857929K->1409164K(2009472K), 0.2188210 secs] [Times: user=0.20 sys=0.00, real=0.21 secs] 
[GC (Allocation Failure) [DefNew: 623616K->623616K(623616K), 0.0001200 secs][Tenured: 1339916K->856756K(1385856K), 2.2461939 secs] 1963532K->856756K(2009472K), [Metaspace: 10572K->10572K(12288K)]
*** PauseDetector detected a 2249 ms pause at Mon Dec 22 03:55:27 EET 2014 ***

, 2.2464530 secs] [Times: user=2.25 sys=0.00, real=2.25 secs] 
[GC (Allocation Failure) [DefNew: 554368K->69247K(623616K), 0.1628493 secs] 1411124K->967911K(2009472K), 0.1629962 secs] [Times: user=0.16 sys=0.00, real=0.15 secs] 
[GC (Allocation Failure) [DefNew: 623615K->5874K(623616K), 0.0606912 secs] 1522279K->969165K(2009472K), 0.0607354 secs] [Times: user=0.05 sys=0.00, real=0.05 secs] 
[GC (Allocation Failure) [DefNew: 560242K->69248K(623616K), 0.1417934 secs] 1523533K->1074196K(2009472K), 0.1419397 secs] [Times: user=0.14 sys=0.00, real=0.14 secs] 
[GC (Allocation Failure) [DefNew: 623616K->5899K(623616K), 0.0558364 secs] 1628564K->1075430K(2009472K), 0.0558813 secs] [Times: user=0.06 sys=0.00, real=0.06 secs] 
[GC (Allocation Failure) [DefNew: 560267K->69248K(623616K), 0.1319856 secs] 1629798K->1180195K(2009472K), 0.1320953 secs] [Times: user=0.13 sys=0.00, real=0.12 secs] 
[GC (Allocation Failure) [DefNew: 623616K->5905K(623616K), 0.0511086 secs] 1734563K->1181438K(2009472K), 0.0511528 secs] [Times: user=0.05 sys=0.00, real=0.04 secs] 
[GC (Allocation Failure) [DefNew: 560273K->69248K(623616K), 0.1347759 secs] 1735806K->1286021K(2009472K), 0.1348208 secs] [Times: user=0.14 sys=0.00, real=0.13 secs] 
[GC (Allocation Failure) [DefNew: 623616K->5901K(623616K), 0.0463731 secs] 1840389K->1287249K(2009472K), 0.0465162 secs] [Times: user=0.03 sys=0.00, real=0.04 secs] 
[GC (Allocation Failure) [DefNew: 560269K->69248K(623616K), 0.1403236 secs] 1841617K->1391586K(2009472K), 0.1404698 secs] [Times: user=0.14 sys=0.00, real=0.13 secs] 
[GC (Allocation Failure) [DefNew: 623616K->623616K(623616K), 0.0000192 secs][Tenured: 1322338K->855448K(1385856K), 2.3970136 secs] 1945954K->855448K(2009472K), [Metaspace: 10572K->10572K(12288K)], 2.3970957 secs] [Times: user=2.40 sys=0.00, real=2.40 secs] 

*** PauseDetector detected a 2398 ms pause at Mon Dec 22 03:55:45 EET 2014 ***

[GC (Allocation Failure) [DefNew: 554368K->69247K(623616K), 0.1161977 secs] 1409816K->964852K(2009472K), 0.1162394 secs] [Times: user=0.11 sys=0.00, real=0.12 secs] 
[GC (Allocation Failure) [DefNew: 623615K->5861K(623616K), 0.0402198 secs] 1519220K->966023K(2009472K), 0.0403615 secs] [Times: user=0.03 sys=0.00, real=0.04 secs] 
[GC (Allocation Failure) [DefNew: 560229K->69247K(623616K), 0.1360885 secs] 1520391K->1069397K(2009472K), 0.1361315 secs] [Times: user=0.12 sys=0.00, real=0.13 secs] 
[GC (Allocation Failure) [DefNew: 623615K->5892K(623616K), 0.0544005 secs] 1623765K->1070612K(2009472K), 0.0544499 secs] [Times: user=0.05 sys=0.00, real=0.05 secs] 
[GC (Allocation Failure) [DefNew: 560260K->69247K(623616K), 0.1200786 secs] 1624980K->1173840K(2009472K), 0.1201396 secs] [Times: user=0.11 sys=0.00, real=0.11 secs] 
[GC (Allocation Failure) [DefNew: 623615K->5906K(623616K), 0.0461838 secs] 1728208K->1175048K(2009472K), 0.0462275 secs] [Times: user=0.05 sys=0.00, real=0.04 secs] 
[GC (Allocation Failure) [DefNew: 560274K->69247K(623616K), 0.1370740 secs] 1729416K->1278148K(2009472K), 0.1371157 secs] [Times: user=0.14 sys=0.00, real=0.14 secs] 
[GC (Allocation Failure) [DefNew: 623615K->5914K(623616K), 0.0465406 secs] 1832516K->1279359K(2009472K), 0.0466483 secs] [Times: user=0.05 sys=0.00, real=0.05 secs] 
[GC (Allocation Failure) [DefNew: 560282K->69247K(623616K), 0.1206259 secs] 1833727K->1382340K(2009472K), 0.1206734 secs] [Times: user=0.11 sys=0.00, real=0.11 secs] 
[GC (Allocation Failure) [DefNew: 623615K->623615K(623616K), 0.0000218 secs][Tenured: 1313092K->784865K(1385856K), 2.2404511 secs] 1936708K->784865K(2009472K), [Metaspace: 10572K->10572K(12288K)], 2.2406391 secs] [Times: user=2.25 sys=0.00, real=2.24 secs] 

*** PauseDetector detected a 2239 ms pause at Mon Dec 22 03:56:03 EET 2014 ***

[GC (Allocation Failure) [DefNew: 554368K->69247K(623616K), 0.1058632 secs] 1339233K->893673K(2009472K), 0.1060146 secs] [Times: user=0.09 sys=0.00, real=0.10 secs] 
[GC (Allocation Failure) [DefNew: 623615K->5874K(623616K), 0.0431331 secs] 1448041K->894835K(2009472K), 0.0432403 secs] [Times: user=0.03 sys=0.00, real=0.03 secs] 
[GC (Allocation Failure) [DefNew: 560242K->69247K(623616K), 0.1073838 secs] 1449203K->997645K(2009472K), 0.1075333 secs] [Times: user=0.09 sys=0.00, real=0.10 secs] 
[GC (Allocation Failure) [DefNew: 623615K->5908K(623616K), 0.0461858 secs] 1552013K->998872K(2009472K), 0.0462281 secs] [Times: user=0.03 sys=0.00, real=0.04 secs] 
[GC (Allocation Failure) [DefNew: 560276K->69248K(623616K), 0.0964661 secs] 1553240K->1101577K(2009472K), 0.0966329 secs] [Times: user=0.09 sys=0.00, real=0.10 secs] 
[GC (Allocation Failure) [DefNew: 623616K->5910K(623616K), 0.0375476 secs] 1655945K->1102794K(2009472K), 0.0375925 secs] [Times: user=0.03 sys=0.00, real=0.03 secs] 
[GC (Allocation Failure) [DefNew: 560278K->69248K(623616K), 0.1197200 secs] 1657162K->1204965K(2009472K), 0.1197636 secs] [Times: user=0.11 sys=0.00, real=0.12 secs] 
[GC (Allocation Failure) [DefNew: 623616K->5911K(623616K), 0.0451066 secs] 1759333K->1206151K(2009472K), 0.0452112 secs] [Times: user=0.05 sys=0.00, real=0.05 secs] 
[GC (Allocation Failure) [DefNew: 560279K->69248K(623616K), 0.1217352 secs] 1760519K->1308247K(2009472K), 0.1217782 secs] [Times: user=0.11 sys=0.00, real=0.11 secs] 
[GC (Allocation Failure) [DefNew: 623616K->5901K(623616K), 0.0444169 secs] 1862615K->1309425K(2009472K), 0.0444580 secs] [Times: user=0.05 sys=0.00, real=0.05 secs] 
[GC (Allocation Failure) [DefNew: 560269K->560269K(623616K), 0.0000212 secs][Tenured: 1303524K->852013K(1385856K), 2.4223834 secs] 1863793K->852013K(2009472K), [Metaspace: 10572K->10572K(12288K)]
*** PauseDetector detected a 2422 ms pause at Mon Dec 22 03:56:22 EET 2014 ***

, 2.4224694 secs] [Times: user=2.42 sys=0.00, real=2.42 secs] 
[GC (Allocation Failure) [DefNew: 554368K->5918K(623616K), 0.0145400 secs] 1406381K->857931K(2009472K), 0.0145882 secs] [Times: user=0.00 sys=0.00, real=0.01 secs] 
[GC (Allocation Failure) [DefNew: 560286K->69248K(623616K), 0.0902229 secs] 1412299K->959854K(2009472K), 0.0902858 secs] [Times: user=0.08 sys=0.00, real=0.08 secs] 
[GC (Allocation Failure) [DefNew: 623616K->5883K(623616K), 0.0449912 secs] 1514222K->961043K(2009472K), 0.0451092 secs] [Times: user=0.05 sys=0.00, real=0.05 secs] 
[GC (Allocation Failure) [DefNew: 560251K->69247K(623616K), 0.3119162 secs] 1515411K->1087686K(2009472K), 0.3119618 secs] [Times: user=0.31 sys=0.00, real=0.31 secs] 
[GC (Allocation Failure) [DefNew: 623615K->5920K(623616K), 0.1129154 secs] 1642054K->1089339K(2009472K), 0.1129578 secs] [Times: user=0.11 sys=0.00, real=0.11 secs] 
[GC (Allocation Failure) [DefNew: 560288K->69247K(623616K), 0.4116492 secs] 1643707K->1208369K(2009472K), 0.4116896 secs] [Times: user=0.41 sys=0.00, real=0.41 secs] 

*** PauseDetector detected a 418 ms pause at Mon Dec 22 03:56:32 EET 2014 ***

[GC (Allocation Failure) [DefNew: 623615K->5894K(623616K), 0.0753486 secs] 1762737K->1209870K(2009472K), 0.0754038 secs] [Times: user=0.08 sys=0.00, real=0.08 secs] 
[GC (Allocation Failure) [DefNew: 560262K->69247K(623616K), 0.4215564 secs] 1764238K->1326411K(2009472K), 0.4216007 secs] [Times: user=0.41 sys=0.00, real=0.41 secs] 

*** PauseDetector detected a 416 ms pause at Mon Dec 22 03:56:36 EET 2014 ***

[GC (Allocation Failure) [DefNew: 623615K->5882K(623616K), 0.0703032 secs] 1880779K->1327864K(2009472K), 0.0704495 secs] [Times: user=0.06 sys=0.00, real=0.07 secs] 
[GC (Allocation Failure) [DefNew: 560250K->560250K(623616K), 0.0000205 secs][Tenured: 1321982K->862338K(1385856K), 2.3242518 secs] 1882232K->862338K(2009472K), [Metaspace: 10572K->10572K(12288K)], 2.3243378 secs] [Times: user=2.31 sys=0.00, real=2.32 secs] 

*** PauseDetector detected a 2317 ms pause at Mon Dec 22 03:56:41 EET 2014 ***

[GC (Allocation Failure) [DefNew: 554368K->5921K(623616K), 0.0127597 secs] 1416706K->868259K(2009472K), 0.0128046 secs] [Times: user=0.01 sys=0.00, real=0.01 secs] 
[GC (Allocation Failure) [DefNew: 560289K->69247K(623616K), 0.2740331 secs] 1422627K->979499K(2009472K), 0.2740742 secs] [Times: user=0.27 sys=0.00, real=0.27 secs] 
[GC (Allocation Failure) [DefNew: 623615K->5917K(623616K), 0.0750734 secs] 1533867K->980864K(2009472K), 0.0751741 secs] [Times: user=0.08 sys=0.00, real=0.07 secs] 
[GC (Allocation Failure) [DefNew: 560285K->69248K(623616K), 0.2760618 secs] 1535232K->1089628K(2009472K), 0.2761054 secs] [Times: user=0.27 sys=0.00, real=0.27 secs] 
[GC (Allocation Failure) [DefNew: 623616K->5890K(623616K), 0.0589987 secs] 1643996K->1090909K(2009472K), 0.0591013 secs] [Times: user=0.06 sys=0.00, real=0.06 secs] 
[GC (Allocation Failure) [DefNew: 560258K->69247K(623616K), 0.2319759 secs] 1645277K->1199011K(2009472K), 0.2320798 secs] [Times: user=0.22 sys=0.00, real=0.23 secs] 
[GC (Allocation Failure) [DefNew: 623615K->5917K(623616K), 0.0562361 secs] 1753379K->1200309K(2009472K), 0.0563387 secs] [Times: user=0.06 sys=0.00, real=0.06 secs] 
[GC (Allocation Failure) [DefNew: 560285K->69248K(623616K), 0.2448228 secs] 1754677K->1307807K(2009472K), 0.2448651 secs] [Times: user=0.25 sys=0.00, real=0.24 secs] 
[GC (Allocation Failure) [DefNew: 623616K->5920K(623616K), 0.0629668 secs] 1862175K->1309100K(2009472K), 0.0631150 secs] [Times: user=0.06 sys=0.00, real=0.06 secs] 
[GC (Allocation Failure) [DefNew: 560288K->560288K(623616K), 0.0000218 secs][Tenured: 1303179K->856986K(1385856K), 2.3229661 secs] 1863468K->856986K(2009472K), [Metaspace: 10572K->10572K(12288K)]
*** PauseDetector detected a 2324 ms pause at Mon Dec 22 03:57:00 EET 2014 ***

, 2.3230476 secs] [Times: user=2.31 sys=0.00, real=2.32 secs] 
[GC (Allocation Failure) [DefNew: 554368K->5921K(623616K), 0.0119500 secs] 1411354K->862908K(2009472K), 0.0119930 secs] [Times: user=0.00 sys=0.00, real=0.00 secs] 
[GC (Allocation Failure) [DefNew: 560289K->69248K(623616K), 0.1790125 secs] 1417276K->968515K(2009472K), 0.1790561 secs] [Times: user=0.17 sys=0.00, real=0.17 secs] 
[GC (Allocation Failure) [DefNew: 623616K->5916K(623616K), 0.0523763 secs] 1522883K->969759K(2009472K), 0.0526002 secs] [Times: user=0.06 sys=0.00, real=0.05 secs] 
[GC (Allocation Failure) [DefNew: 560284K->69248K(623616K), 0.1538576 secs] 1524127K->1075011K(2009472K), 0.1539224 secs] [Times: user=0.14 sys=0.00, real=0.15 secs] 
[GC (Allocation Failure) [DefNew: 623616K->5908K(623616K), 0.0555380 secs] 1629379K->1076285K(2009472K), 0.0555829 secs] [Times: user=0.05 sys=0.00, real=0.05 secs] 
[GC (Allocation Failure) [DefNew: 560276K->69247K(623616K), 0.1501108 secs] 1630653K->1181283K(2009472K), 0.1501871 secs] [Times: user=0.16 sys=0.00, real=0.14 secs] 
[GC (Allocation Failure) [DefNew: 623615K->5918K(623616K), 0.0505357 secs] 1735651K->1182535K(2009472K), 0.0505774 secs] [Times: user=0.05 sys=0.00, real=0.04 secs] 
[GC (Allocation Failure) [DefNew: 560286K->69248K(623616K), 0.1302001 secs] 1736903K->1287258K(2009472K), 0.1302444 secs] [Times: user=0.14 sys=0.00, real=0.13 secs] 
[GC (Allocation Failure) [DefNew: 623616K->5921K(623616K), 0.0528030 secs] 1841626K->1288539K(2009472K), 0.0528466 secs] [Times: user=0.05 sys=0.00, real=0.05 secs] 
[GC (Allocation Failure) [DefNew: 560289K->69248K(623616K), 0.1348753 secs] 1842907K->1393105K(2009472K), 0.1350280 secs] [Times: user=0.12 sys=0.00, real=0.13 secs] 
[Full GC (System.gc()) [Tenured: 1323857K->783382K(1385856K), 2.1334337 secs] 1661898K->783382K(2009472K), [Metaspace: 10572K->10572K(12288K)], 2.1335042 secs] [Times: user=2.12 sys=0.00, real=2.13 secs] 
[Full GC (System.gc()) [Tenured: 783382K->783382K(1385856K), 2.0517495 secs] 783382K->783382K(2009472K), [Metaspace: 10572K->10572K(12288K)], 2.0517906 secs] [Times: user=2.06 sys=0.00, real=2.05 secs] 

*** PauseDetector detected a 4184 ms pause at Mon Dec 22 03:57:21 EET 2014 ***

[Full GC (System.gc()) [Tenured: 783382K->783387K(1385856K), 1.9804056 secs] 794507K->783387K(2009472K), [Metaspace: 10572K->10572K(12288K)], 1.9804717 secs] [Times: user=1.98 sys=0.00, real=1.98 secs] 

*** PauseDetector detected a 1981 ms pause at Mon Dec 22 03:57:23 EET 2014 ***

[Full GC (System.gc()) [Tenured: 783387K->783387K(1385856K), 1.8767096 secs] 794512K->783387K(2009472K), [Metaspace: 10572K->10572K(12288K)], 1.8768213 secs] [Times: user=1.87 sys=0.00, real=1.88 secs] 
[Full GC (System.gc()) [Tenured: 783387K->780549K(1385856K), 1.9811191 secs] 794511K->780549K(2009472K), [Metaspace: 10572K->10572K(12288K)], 1.9811633 secs] [Times: user=1.97 sys=0.00, real=1.98 secs] 
[Full GC (System.gc()) [Tenured: 780549K->780549K(1385856K), 2.1048149 secs] 780549K->780549K(2009472K), [Metaspace: 10572K->10572K(12288K)], 2.1049637 secs] [Times: user=2.11 sys=0.00, real=2.11 secs] 

*** PauseDetector detected a 1876 ms pause at Mon Dec 22 03:57:25 EET 2014 ***


*** PauseDetector detected a 4104 ms pause at Mon Dec 22 03:57:29 EET 2014 ***

[GC (Allocation Failure) [DefNew: 554368K->69248K(623616K), 0.1240455 secs] 1334917K->890880K(2009472K), 0.1241129 secs] [Times: user=0.11 sys=0.00, real=0.12 secs] 
[GC (Allocation Failure) [DefNew: 623616K->5954K(623616K), 0.0601651 secs] 1445248K->892111K(2009472K), 0.0602850 secs] [Times: user=0.05 sys=0.00, real=0.05 secs] 
[GC (Allocation Failure) [DefNew: 560322K->69247K(623616K), 0.1608046 secs] 1446479K->995618K(2009472K), 0.1608566 secs] [Times: user=0.16 sys=0.00, real=0.15 secs] 
[GC (Allocation Failure) [DefNew: 623615K->5954K(623616K), 0.0473804 secs] 1549986K->996824K(2009472K), 0.0475254 secs] [Times: user=0.05 sys=0.00, real=0.04 secs] 
[GC (Allocation Failure) [DefNew: 560322K->69247K(623616K), 0.1184535 secs] 1551192K->1100178K(2009472K), 0.1184920 secs] [Times: user=0.13 sys=0.00, real=0.12 secs] 
[GC (Allocation Failure) [DefNew: 623615K->5954K(623616K), 0.0594933 secs] 1654546K->1101382K(2009472K), 0.0595350 secs] [Times: user=0.06 sys=0.00, real=0.05 secs] 
[Full GC (System.gc()) [Tenured: 1095427K->849337K(1385856K), 2.2318354 secs] 1279364K->849337K(2009472K), [Metaspace: 10572K->10572K(12288K)], 2.2319008 secs] [Times: user=2.23 sys=0.00, real=2.23 secs] 
[Full GC (System.gc()) [Tenured: 849337K->849337K(1385856K), 1.9180746 secs] 849337K->849337K(2009472K), [Metaspace: 10572K->10572K(12288K)], 1.9181368 secs] [Times: user=1.92 sys=0.00, real=1.91 secs] 
[Full GC (System.gc()) [Tenured: 849337K->780064K(1385856K), 1.9253411 secs] 860462K->780064K(2009472K), [Metaspace: 10572K->10572K(12288K)], 1.9254944 secs] [Times: user=1.93 sys=0.00, real=1.93 secs] 

*** PauseDetector detected a 4144 ms pause at Mon Dec 22 03:57:43 EET 2014 ***


*** PauseDetector detected a 1944 ms pause at Mon Dec 22 03:57:45 EET 2014 ***

********************************
********** ROUND   85 **********
********************************
[GC (Allocation Failure) [DefNew: 554368K->5882K(623616K), 0.0146574 secs] 1334432K->785947K(2009472K), 0.0147639 secs] [Times: user=0.02 sys=0.00, real=0.01 secs] 
[GC (Allocation Failure) [DefNew: 560250K->69248K(623616K), 0.1243342 secs] 1340315K->889080K(2009472K), 0.1243746 secs] [Times: user=0.13 sys=0.00, real=0.12 secs] 
[GC (Allocation Failure) [DefNew: 623616K->5883K(623616K), 0.0392112 secs] 1443448K->890279K(2009472K), 0.0392734 secs] [Times: user=0.03 sys=0.00, real=0.03 secs] 
[GC (Allocation Failure) [DefNew: 560251K->69247K(623616K), 0.1026310 secs] 1444647K->993254K(2009472K), 0.1026720 secs] [Times: user=0.11 sys=0.00, real=0.10 secs] 
[GC (Allocation Failure) [DefNew: 623615K->5884K(623616K), 0.0398932 secs] 1547622K->994474K(2009472K), 0.0400433 secs] [Times: user=0.03 sys=0.00, real=0.04 secs] 
[GC (Allocation Failure) [DefNew: 560252K->69247K(623616K), 0.1277538 secs] 1548842K->1097369K(2009472K), 0.1277968 secs] [Times: user=0.12 sys=0.00, real=0.12 secs] 
[GC (Allocation Failure) [DefNew: 623615K->5889K(623616K), 0.0465117 secs] 1651737K->1098573K(2009472K), 0.0465547 secs] [Times: user=0.05 sys=0.00, real=0.04 secs] 
[GC (Allocation Failure) [DefNew: 560257K->69247K(623616K), 0.1137617 secs] 1652941K->1201370K(2009472K), 0.1138021 secs] [Times: user=0.13 sys=0.00, real=0.11 secs] 
[GC (Allocation Failure) [DefNew: 623615K->5864K(623616K), 0.0473695 secs] 1755738K->1202553K(2009472K), 0.0474099 secs] [Times: user=0.05 sys=0.00, real=0.05 secs] 
[GC (Allocation Failure) [DefNew: 560232K->69248K(623616K), 0.1474861 secs] 1756921K->1305298K(2009472K), 0.1475329 secs] [Times: user=0.14 sys=0.00, real=0.14 secs] 
[GC (Allocation Failure) [DefNew: 623616K->5882K(623616K), 0.0459323 secs] 1859666K->1306490K(2009472K), 0.0459766 secs] [Times: user=0.05 sys=0.00, real=0.04 secs] 
[GC (Allocation Failure) [DefNew: 560250K->69248K(623616K), 0.1199888 secs] 1860858K->1408646K(2009472K), 0.1200292 secs] [Times: user=0.13 sys=0.00, real=0.12 secs] 
[GC (Allocation Failure) [DefNew: 623616K->623616K(623616K), 0.0000840 secs][Tenured: 1339398K->853289K(1385856K), 2.3678315 secs] 1963014K->853289K(2009472K), [Metaspace: 10572K->10572K(12288K)], 2.3679829 secs] [Times: user=2.37 sys=0.00, real=2.36 secs] 

*** PauseDetector detected a 2361 ms pause at Mon Dec 22 03:58:07 EET 2014 ***

[GC (Allocation Failure) [DefNew: 554368K->69247K(623616K), 0.0993160 secs] 1407657K->961277K(2009472K), 0.0993551 secs] [Times: user=0.11 sys=0.00, real=0.10 secs] 
[GC (Allocation Failure) [DefNew: 623615K->5862K(623616K), 0.0390867 secs] 1515645K->962436K(2009472K), 0.0391515 secs] [Times: user=0.03 sys=0.00, real=0.04 secs] 
[GC (Allocation Failure) [DefNew: 560230K->69248K(623616K), 0.1048380 secs] 1516804K->1064475K(2009472K), 0.1049034 secs] [Times: user=0.11 sys=0.00, real=0.10 secs] 
[GC (Allocation Failure) [DefNew: 623616K->5896K(623616K), 0.0464815 secs] 1618843K->1065681K(2009472K), 0.0465322 secs] [Times: user=0.05 sys=0.00, real=0.05 secs] 
[GC (Allocation Failure) [DefNew: 560264K->69247K(623616K), 0.0916138 secs] 1620049K->1167651K(2009472K), 0.0916806 secs] [Times: user=0.09 sys=0.00, real=0.08 secs] 
[GC (Allocation Failure) [DefNew: 623615K->5892K(623616K), 0.0439717 secs] 1722019K->1168825K(2009472K), 0.0440115 secs] [Times: user=0.03 sys=0.00, real=0.04 secs] 
[GC (Allocation Failure) [DefNew: 560260K->69248K(623616K), 0.2844035 secs] 1723193K->1295435K(2009472K), 0.2844478 secs] [Times: user=0.28 sys=0.00, real=0.28 secs] 
[GC (Allocation Failure) [DefNew: 623616K->5875K(623616K), 0.1062033 secs] 1849803K->1297066K(2009472K), 0.1062450 secs] [Times: user=0.11 sys=0.00, real=0.10 secs] 
[GC (Allocation Failure) [DefNew: 560243K->69248K(623616K), 0.4349070 secs] 1851434K->1416138K(2009472K), 0.4350571 secs] [Times: user=0.42 sys=0.00, real=0.43 secs] 

*** PauseDetector detected a 437 ms pause at Mon Dec 22 03:58:22 EET 2014 ***

[GC (Allocation Failure) [DefNew: 623616K->623616K(623616K), 0.0000334 secs][Tenured: 1346890K->869613K(1385856K), 2.2867799 secs] 1970506K->869613K(2009472K), [Metaspace: 10572K->10572K(12288K)]
*** PauseDetector detected a 2287 ms pause at Mon Dec 22 03:58:26 EET 2014 ***

, 2.2869416 secs] [Times: user=2.28 sys=0.00, real=2.28 secs] 
[GC (Allocation Failure) [DefNew: 554368K->69248K(623616K), 0.3322715 secs] 1423981K->992017K(2009472K), 0.3324146 secs] [Times: user=0.33 sys=0.00, real=0.33 secs] 
[GC (Allocation Failure) [DefNew: 623616K->5901K(623616K), 0.0839528 secs] 1546385K->993498K(2009472K), 0.0839938 secs] [Times: user=0.08 sys=0.00, real=0.08 secs] 
[GC (Allocation Failure) [DefNew: 560269K->69247K(623616K), 0.2989878 secs] 1547866K->1105987K(2009472K), 0.2991309 secs] [Times: user=0.30 sys=0.00, real=0.30 secs] 
[GC (Allocation Failure) [DefNew: 623615K->5887K(623616K), 0.0846284 secs] 1660355K->1107354K(2009472K), 0.0846720 secs] [Times: user=0.08 sys=0.00, real=0.08 secs] 
[GC (Allocation Failure) [DefNew: 560255K->69248K(623616K), 0.2866061 secs] 1661722K->1218614K(2009472K), 0.2867491 secs] [Times: user=0.28 sys=0.00, real=0.28 secs] 
[GC (Allocation Failure) [DefNew: 623616K->5898K(623616K), 0.0782472 secs] 1772982K->1219975K(2009472K), 0.0783974 secs] [Times: user=0.08 sys=0.00, real=0.08 secs] 
[GC (Allocation Failure) [DefNew: 560266K->69247K(623616K), 0.2782451 secs] 1774343K->1328742K(2009472K), 0.2782868 secs] [Times: user=0.28 sys=0.00, real=0.27 secs] 
[GC (Allocation Failure) [DefNew: 623615K->5881K(623616K), 0.0692812 secs] 1883110K->1330029K(2009472K), 0.0693268 secs] [Times: user=0.06 sys=0.00, real=0.06 secs] 
[GC (Allocation Failure) [DefNew: 560249K->560249K(623616K), 0.0000186 secs][Tenured: 1324147K->857967K(1385856K), 2.3125091 secs] 1884397K->857967K(2009472K), [Metaspace: 10572K->10572K(12288K)], 2.3125880 secs] [Times: user=2.32 sys=0.00, real=2.31 secs] 

*** PauseDetector detected a 2314 ms pause at Mon Dec 22 03:58:44 EET 2014 ***

[GC (Allocation Failure) [DefNew: 554368K->5905K(623616K), 0.0121271 secs] 1412335K->863872K(2009472K), 0.0121688 secs] [Times: user=0.00 sys=0.00, real=0.01 secs] 
[GC (Allocation Failure) [DefNew: 560273K->69248K(623616K), 0.1829062 secs] 1418240K->971365K(2009472K), 0.1829717 secs] [Times: user=0.17 sys=0.00, real=0.18 secs] 
[GC (Allocation Failure) [DefNew: 623616K->5907K(623616K), 0.0630182 secs] 1525733K->972665K(2009472K), 0.0630618 secs] [Times: user=0.05 sys=0.00, real=0.05 secs] 
[GC (Allocation Failure) [DefNew: 560275K->69248K(623616K), 0.1901734 secs] 1527033K->1079710K(2009472K), 0.1903222 secs] [Times: user=0.19 sys=0.00, real=0.18 secs] 
[GC (Allocation Failure) [DefNew: 623616K->5906K(623616K), 0.0593817 secs] 1634078K->1080996K(2009472K), 0.0594253 secs] [Times: user=0.06 sys=0.00, real=0.06 secs] 
[GC (Allocation Failure) [DefNew: 560274K->69247K(623616K), 0.1931060 secs] 1635364K->1186594K(2009472K), 0.1931509 secs] [Times: user=0.19 sys=0.00, real=0.19 secs] 
[GC (Allocation Failure) [DefNew: 623615K->5907K(623616K), 0.0471122 secs] 1740962K->1187853K(2009472K), 0.0472566 secs] [Times: user=0.03 sys=0.00, real=0.04 secs] 
[GC (Allocation Failure) [DefNew: 560275K->69248K(623616K), 0.1682841 secs] 1742221K->1293122K(2009472K), 0.1683919 secs] [Times: user=0.16 sys=0.00, real=0.16 secs] 
[GC (Allocation Failure) [DefNew: 623616K->5906K(623616K), 0.0558402 secs] 1847490K->1294387K(2009472K), 0.0558851 secs] [Times: user=0.06 sys=0.00, real=0.05 secs] 
[GC (Allocation Failure) [DefNew: 560274K->69247K(623616K), 0.1485903 secs] 1848755K->1399389K(2009472K), 0.1486544 secs] [Times: user=0.14 sys=0.00, real=0.14 secs] 
[GC (Allocation Failure) [DefNew: 623615K->623615K(623616K), 0.0000828 secs][Tenured: 1330141K->786889K(1385856K), 2.2636210 secs] 1953757K->786889K(2009472K), [Metaspace: 10572K->10572K(12288K)], 2.2637705 secs] [Times: user=2.26 sys=0.00, real=2.26 secs] 

*** PauseDetector detected a 2268 ms pause at Mon Dec 22 03:59:03 EET 2014 ***

[GC (Allocation Failure) [DefNew: 554368K->69247K(623616K), 0.1599917 secs] 1341257K->897565K(2009472K), 0.1600379 secs] [Times: user=0.16 sys=0.00, real=0.15 secs] 
[GC (Allocation Failure) [DefNew: 623615K->5900K(623616K), 0.0488182 secs] 1451933K->898790K(2009472K), 0.0488599 secs] [Times: user=0.05 sys=0.00, real=0.05 secs] 
[GC (Allocation Failure) [DefNew: 560268K->69248K(623616K), 0.1216543 secs] 1453158K->1003355K(2009472K), 0.1217775 secs] [Times: user=0.11 sys=0.00, real=0.11 secs] 
[GC (Allocation Failure) [DefNew: 623616K->5902K(623616K), 0.0411872 secs] 1557723K->1004584K(2009472K), 0.0413348 secs] [Times: user=0.03 sys=0.00, real=0.04 secs] 
[GC (Allocation Failure) [DefNew: 560270K->69247K(623616K), 0.1466264 secs] 1558952K->1108987K(2009472K), 0.1466758 secs] [Times: user=0.14 sys=0.00, real=0.14 secs] 
[GC (Allocation Failure) [DefNew: 623615K->5879K(623616K), 0.0468049 secs] 1663355K->1110192K(2009472K), 0.0469492 secs] [Times: user=0.05 sys=0.00, real=0.05 secs] 
[GC (Allocation Failure) [DefNew: 560247K->69248K(623616K), 0.1497945 secs] 1664560K->1213724K(2009472K), 0.1499356 secs] [Times: user=0.14 sys=0.00, real=0.14 secs] 
[GC (Allocation Failure) [DefNew: 623616K->5909K(623616K), 0.0457104 secs] 1768092K->1214935K(2009472K), 0.0458547 secs] [Times: user=0.05 sys=0.00, real=0.04 secs] 
[GC (Allocation Failure) [DefNew: 560277K->69247K(623616K), 0.1488989 secs] 1769303K->1318286K(2009472K), 0.1489418 secs] [Times: user=0.14 sys=0.00, real=0.14 secs] 
[GC (Allocation Failure) [DefNew: 623615K->5917K(623616K), 0.0465656 secs] 1872654K->1319501K(2009472K), 0.0467048 secs] [Times: user=0.05 sys=0.00, real=0.05 secs] 
[GC (Allocation Failure) [DefNew: 560285K->560285K(623616K), 0.0000321 secs][Tenured: 1313584K->853202K(1385856K), 2.1222324 secs] 1873869K->853202K(2009472K), [Metaspace: 10572K->10572K(12288K)], 2.1224480 secs] [Times: user=2.11 sys=0.00, real=2.11 secs] 

*** PauseDetector detected a 2117 ms pause at Mon Dec 22 03:59:22 EET 2014 ***

[GC (Allocation Failure) [DefNew: 554368K->5913K(623616K), 0.0119769 secs] 1407570K->859116K(2009472K), 0.0120186 secs] [Times: user=0.00 sys=0.00, real=0.00 secs] 
[GC (Allocation Failure) [DefNew: 560281K->69248K(623616K), 0.1111408 secs] 1413484K->962224K(2009472K), 0.1112178 secs] [Times: user=0.11 sys=0.00, real=0.11 secs] 
[GC (Allocation Failure) [DefNew: 623616K->5877K(623616K), 0.0399189 secs] 1516592K->963389K(2009472K), 0.0400671 secs] [Times: user=0.05 sys=0.00, real=0.04 secs] 
[GC (Allocation Failure) [DefNew: 560245K->69247K(623616K), 0.1010591 secs] 1517757K->1066393K(2009472K), 0.1011008 secs] [Times: user=0.11 sys=0.00, real=0.10 secs] 
[GC (Allocation Failure) [DefNew: 623615K->5912K(623616K), 0.0468453 secs] 1620761K->1067618K(2009472K), 0.0468877 secs] [Times: user=0.05 sys=0.00, real=0.04 secs] 
[GC (Allocation Failure) [DefNew: 560280K->69248K(623616K), 0.1080651 secs] 1621986K->1170516K(2009472K), 0.1081286 secs] [Times: user=0.11 sys=0.00, real=0.10 secs] 
[GC (Allocation Failure) [DefNew: 623616K->5912K(623616K), 0.0478718 secs] 1724884K->1171713K(2009472K), 0.0479174 secs] [Times: user=0.05 sys=0.00, real=0.05 secs] 
[GC (Allocation Failure) [DefNew: 560280K->69248K(623616K), 0.1075948 secs] 1726081K->1274486K(2009472K), 0.1076603 secs] [Times: user=0.11 sys=0.00, real=0.11 secs] 
[GC (Allocation Failure) [DefNew: 623616K->5900K(623616K), 0.0533842 secs] 1828854K->1275704K(2009472K), 0.0535010 secs] [Times: user=0.05 sys=0.00, real=0.05 secs] 
[GC (Allocation Failure) [DefNew: 560268K->69247K(623616K), 0.1327273 secs] 1830072K->1378444K(2009472K), 0.1327729 secs] [Times: user=0.11 sys=0.00, real=0.12 secs] 
[GC (Allocation Failure) [DefNew: 623615K->623615K(623616K), 0.0000199 secs][Tenured: 1309196K->853243K(1385856K), 2.1170966 secs] 1932812K->853243K(2009472K), [Metaspace: 10572K->10572K(12288K)], 2.1172024 secs] [Times: user=2.12 sys=0.00, real=2.12 secs] 

*** PauseDetector detected a 2120 ms pause at Mon Dec 22 03:59:41 EET 2014 ***

[GC (Allocation Failure) [DefNew: 554368K->69247K(623616K), 0.1081537 secs] 1407611K->961286K(2009472K), 0.1081966 secs] [Times: user=0.09 sys=0.00, real=0.10 secs] 
[GC (Allocation Failure) [DefNew: 623615K->5879K(623616K), 0.0416030 secs] 1515654K->962478K(2009472K), 0.0417461 secs] [Times: user=0.05 sys=0.00, real=0.04 secs] 
[GC (Allocation Failure) [DefNew: 560247K->69247K(623616K), 0.1043600 secs] 1516846K->1064594K(2009472K), 0.1044043 secs] [Times: user=0.11 sys=0.00, real=0.11 secs] 
[GC (Allocation Failure) [DefNew: 623615K->5913K(623616K), 0.0402640 secs] 1618962K->1065797K(2009472K), 0.0404045 secs] [Times: user=0.03 sys=0.00, real=0.04 secs] 
[GC (Allocation Failure) [DefNew: 560281K->69248K(623616K), 0.0935187 secs] 1620165K->1167829K(2009472K), 0.0935610 secs] [Times: user=0.09 sys=0.00, real=0.09 secs] 
[GC (Allocation Failure) [DefNew: 623616K->5865K(623616K), 0.0454794 secs] 1722197K->1168961K(2009472K), 0.0455224 secs] [Times: user=0.03 sys=0.00, real=0.04 secs] 
[GC (Allocation Failure) [DefNew: 560233K->69248K(623616K), 0.1125805 secs] 1723329K->1270979K(2009472K), 0.1126197 secs] [Times: user=0.11 sys=0.00, real=0.11 secs] 
[GC (Allocation Failure) [DefNew: 623616K->5909K(623616K), 0.0393312 secs] 1825347K->1272152K(2009472K), 0.0394402 secs] [Times: user=0.03 sys=0.00, real=0.03 secs] 
[GC (Allocation Failure) [DefNew: 560277K->69248K(623616K), 0.2922096 secs] 1826520K->1398772K(2009472K), 0.2922532 secs] [Times: user=0.28 sys=0.00, real=0.28 secs] 
[GC (Allocation Failure) [DefNew: 623616K->623616K(623616K), 0.0000218 secs][Tenured: 1329524K->877002K(1385856K), 2.3320611 secs] 1953140K->877002K(2009472K), [Metaspace: 10572K->10572K(12288K)]
*** PauseDetector detected a 2334 ms pause at Mon Dec 22 03:59:59 EET 2014 ***

, 2.3321464 secs] [Times: user=2.34 sys=0.00, real=2.33 secs] 
[GC (Allocation Failure) [DefNew: 554368K->69247K(623616K), 0.4304410 secs] 1431370K->1001970K(2009472K), 0.4304776 secs] [Times: user=0.44 sys=0.00, real=0.42 secs] 

*** PauseDetector detected a 427 ms pause at Mon Dec 22 04:00:02 EET 2014 ***

[GC (Allocation Failure) [DefNew: 623615K->5903K(623616K), 0.0930086 secs] 1556338K->1003462K(2009472K), 0.0930529 secs] [Times: user=0.09 sys=0.00, real=0.08 secs] 
[GC (Allocation Failure) [DefNew: 560271K->69247K(623616K), 0.4076253 secs] 1557830K->1119987K(2009472K), 0.4077407 secs] [Times: user=0.41 sys=0.00, real=0.40 secs] 

*** PauseDetector detected a 407 ms pause at Mon Dec 22 04:00:05 EET 2014 ***

[GC (Allocation Failure) [DefNew: 623615K->5918K(623616K), 0.0763270 secs] 1674355K->1121460K(2009472K), 0.0763918 secs] [Times: user=0.08 sys=0.00, real=0.07 secs] 
[GC (Allocation Failure) [DefNew: 560286K->69248K(623616K), 0.3239137 secs] 1675828K->1233932K(2009472K), 0.3239625 secs] [Times: user=0.31 sys=0.00, real=0.32 secs] 
[GC (Allocation Failure) [DefNew: 623616K->5883K(623616K), 0.0770019 secs] 1788300K->1235296K(2009472K), 0.0770507 secs] [Times: user=0.08 sys=0.00, real=0.08 secs] 
[GC (Allocation Failure) [DefNew: 560251K->69247K(623616K), 0.2932817 secs] 1789664K->1346575K(2009472K), 0.2933279 secs] [Times: user=0.30 sys=0.00, real=0.29 secs] 
[GC (Allocation Failure) [DefNew: 623615K->5905K(623616K), 0.0593015 secs] 1900943K->1347927K(2009472K), 0.0593605 secs] [Times: user=0.05 sys=0.00, real=0.06 secs] 
[GC (Allocation Failure) [DefNew: 560273K->560273K(623616K), 0.0000218 secs][Tenured: 1342022K->789348K(1385856K), 2.5537878 secs] 1902295K->789348K(2009472K), [Metaspace: 10572K->10572K(12288K)], 2.5538770 secs]
*** PauseDetector detected a 2549 ms pause at Mon Dec 22 04:00:18 EET 2014 ***

 [Times: user=2.54 sys=0.00, real=2.55 secs] 
[GC (Allocation Failure) [DefNew: 554368K->5862K(623616K), 0.0114682 secs] 1343716K->795211K(2009472K), 0.0115086 secs] [Times: user=0.00 sys=0.00, real=0.01 secs] 
[Full GC (System.gc()) [Tenured: 789348K->789443K(1385856K), 1.9821475 secs] 806703K->789443K(2009472K), [Metaspace: 10572K->10572K(12288K)], 1.9822925 secs] [Times: user=1.97 sys=0.00, real=1.97 secs] 
[Full GC (System.gc()) [Tenured: 789443K->789444K(1385856K), 2.1986319 secs] 789445K->789444K(2009472K), [Metaspace: 10572K->10572K(12288K)], 2.1986967 secs] [Times: user=2.22 sys=0.00, real=2.20 secs] 
[Full GC (System.gc()) [Tenured: 789444K->789444K(1385856K), 1.9575642 secs] 800567K->789444K(2009472K), [Metaspace: 10572K->10572K(12288K)], 1.9576053 secs] [Times: user=1.95 sys=0.00, real=1.96 secs] 

*** PauseDetector detected a 1974 ms pause at Mon Dec 22 04:00:22 EET 2014 ***

[Full GC (System.gc()) [Tenured: 789444K->781738K(1385856K), 2.0369971 secs] 800569K->781738K(2009472K), [Metaspace: 10572K->10572K(12288K)], 2.0370664 secs] [Times: user=2.04 sys=0.00, real=2.04 secs] 
[Full GC (System.gc()) [Tenured: 781738K->781738K(1385856K), 2.2010442 secs] 781740K->781738K(2009472K), [Metaspace: 10572K->10572K(12288K)], 2.2010911 secs] [Times: user=2.20 sys=0.00, real=2.20 secs] 
[Full GC (System.gc()) [Tenured: 781738K->781738K(1385856K), 1.9427329 secs] 781740K->781738K(2009472K), [Metaspace: 10572K->10572K(12288K)], 1.9428920 secs] [Times: user=1.95 sys=0.00, real=1.95 secs] 

*** PauseDetector detected a 6202 ms pause at Mon Dec 22 04:00:28 EET 2014 ***


*** PauseDetector detected a 4157 ms pause at Mon Dec 22 04:00:32 EET 2014 ***

[GC (Allocation Failure) [DefNew: 554368K->69247K(623616K), 0.1955889 secs] 1336106K->895772K(2009472K), 0.1956537 secs] [Times: user=0.19 sys=0.00, real=0.19 secs] 
[GC (Allocation Failure) [DefNew: 623615K->5954K(623616K), 0.0725802 secs] 1450140K->897064K(2009472K), 0.0726225 secs] [Times: user=0.06 sys=0.00, real=0.06 secs] 
[GC (Allocation Failure) [DefNew: 560322K->69248K(623616K), 0.2219397 secs] 1451432K->1004566K(2009472K), 0.2220898 secs] [Times: user=0.22 sys=0.00, real=0.22 secs] 
[GC (Allocation Failure) [DefNew: 623616K->5954K(623616K), 0.0634307 secs] 1558934K->1005852K(2009472K), 0.0635904 secs] [Times: user=0.06 sys=0.00, real=0.06 secs] 
[GC (Allocation Failure) [DefNew: 560322K->69247K(623616K), 0.2069685 secs] 1560220K->1112903K(2009472K), 0.2071225 secs] [Times: user=0.20 sys=0.00, real=0.20 secs] 
[GC (Allocation Failure) [DefNew: 623615K->5954K(623616K), 0.0750990 secs] 1667271K->1114183K(2009472K), 0.0752556 secs] [Times: user=0.08 sys=0.00, real=0.07 secs] 
[Full GC (System.gc()) [Tenured: 1108228K->759327K(1385856K), 2.1929706 secs] 1125309K->759327K(2009472K), [Metaspace: 10572K->10572K(12288K)], 2.1930258 secs] [Times: user=2.18 sys=0.00, real=2.19 secs] 
[Full GC (System.gc()) [Tenured: 759327K->690036K(1385856K), 1.8458826 secs] 759327K->690036K(2009472K), [Metaspace: 10572K->10572K(12288K)], 1.8459255 secs] [Times: user=1.84 sys=0.00, real=1.84 secs] 
[Full GC (System.gc()) [Tenured: 690036K->690036K(1385856K), 1.8290643 secs] 690038K->690036K(2009472K), [Metaspace: 10572K->10572K(12288K)], 1.8291047 secs] [Times: user=1.84 sys=0.00, real=1.84 secs] 

*** PauseDetector detected a 4037 ms pause at Mon Dec 22 04:00:46 EET 2014 ***


*** PauseDetector detected a 1846 ms pause at Mon Dec 22 04:00:48 EET 2014 ***

********************************
********** ROUND   86 **********
********************************
[GC (Allocation Failure) [DefNew: 554368K->69248K(623616K), 0.1379728 secs] 1244404K->801469K(2009472K), 0.1380158 secs] [Times: user=0.14 sys=0.00, real=0.13 secs] 
[GC (Allocation Failure) [DefNew: 623616K->5873K(623616K), 0.0541259 secs] 1355837K->802707K(2009472K), 0.0541683 secs] [Times: user=0.05 sys=0.00, real=0.05 secs] 
[GC (Allocation Failure) [DefNew: 560241K->69247K(623616K), 0.1649274 secs] 1357075K->908001K(2009472K), 0.1650762 secs] [Times: user=0.16 sys=0.00, real=0.16 secs] 
[GC (Allocation Failure) [DefNew: 623615K->5880K(623616K), 0.0576764 secs] 1462369K->909248K(2009472K), 0.0577168 secs] [Times: user=0.06 sys=0.00, real=0.05 secs] 
[GC (Allocation Failure) [DefNew: 560248K->69248K(623616K), 0.1707477 secs] 1463616K->1014253K(2009472K), 0.1707907 secs] [Times: user=0.16 sys=0.00, real=0.17 secs] 
[GC (Allocation Failure) [DefNew: 623616K->5883K(623616K), 0.0601837 secs] 1568621K->1015491K(2009472K), 0.0602344 secs] [Times: user=0.05 sys=0.00, real=0.06 secs] 
[GC (Allocation Failure) [DefNew: 560251K->69247K(623616K), 0.1390641 secs] 1569859K->1120252K(2009472K), 0.1391264 secs] [Times: user=0.14 sys=0.00, real=0.14 secs] 
[GC (Allocation Failure) [DefNew: 623615K->5885K(623616K), 0.0485160 secs] 1674620K->1121494K(2009472K), 0.0485821 secs] [Times: user=0.05 sys=0.00, real=0.05 secs] 
[GC (Allocation Failure) [DefNew: 560253K->69248K(623616K), 0.1626562 secs] 1675862K->1226052K(2009472K), 0.1626998 secs] [Times: user=0.16 sys=0.00, real=0.16 secs] 
[GC (Allocation Failure) [DefNew: 623616K->5896K(623616K), 0.0471629 secs] 1780420K->1227297K(2009472K), 0.0473143 secs] [Times: user=0.05 sys=0.00, real=0.05 secs] 
[GC (Allocation Failure) [DefNew: 560264K->69247K(623616K), 0.1221721 secs] 1781665K->1331684K(2009472K), 0.1222125 secs] [Times: user=0.11 sys=0.00, real=0.11 secs] 
[GC (Allocation Failure) [DefNew: 623615K->5881K(623616K), 0.0467337 secs] 1886052K->1332912K(2009472K), 0.0468857 secs] [Times: user=0.05 sys=0.00, real=0.05 secs] 
[GC (Allocation Failure) [DefNew: 560249K->560249K(623616K), 0.0000205 secs][Tenured: 1327031K->852897K(1385856K), 2.4004678 secs] 1887280K->852897K(2009472K), [Metaspace: 10572K->10572K(12288K)], 2.4005544 secs] [Times: user=2.40 sys=0.00, real=2.40 secs] 

*** PauseDetector detected a 2401 ms pause at Mon Dec 22 04:01:10 EET 2014 ***

[GC (Allocation Failure) [DefNew: 554368K->5891K(623616K), 0.0115516 secs] 1407265K->858789K(2009472K), 0.0116626 secs] [Times: user=0.00 sys=0.00, real=0.01 secs] 
[GC (Allocation Failure) [DefNew: 560259K->69247K(623616K), 0.1122026 secs] 1413157K->962138K(2009472K), 0.1123508 secs] [Times: user=0.11 sys=0.00, real=0.10 secs] 
[GC (Allocation Failure) [DefNew: 623615K->5894K(623616K), 0.0468800 secs] 1516506K->963351K(2009472K), 0.0469236 secs] [Times: user=0.05 sys=0.00, real=0.05 secs] 
[GC (Allocation Failure) [DefNew: 560262K->69248K(623616K), 0.1071740 secs] 1517719K->1066569K(2009472K), 0.1073209 secs] [Times: user=0.11 sys=0.00, real=0.11 secs] 
[GC (Allocation Failure) [DefNew: 623616K->5897K(623616K), 0.0489984 secs] 1620937K->1067776K(2009472K), 0.0490408 secs] [Times: user=0.03 sys=0.00, real=0.05 secs] 
[GC (Allocation Failure) [DefNew: 560265K->69247K(623616K), 0.1098519 secs] 1622144K->1170872K(2009472K), 0.1099180 secs] [Times: user=0.11 sys=0.00, real=0.11 secs] 
[GC (Allocation Failure) [DefNew: 623615K->5896K(623616K), 0.0537718 secs] 1725240K->1172077K(2009472K), 0.0538167 secs] [Times: user=0.05 sys=0.00, real=0.05 secs] 
[GC (Allocation Failure) [DefNew: 560264K->69247K(623616K), 0.1078406 secs] 1726445K->1275076K(2009472K), 0.1078771 secs] [Times: user=0.11 sys=0.00, real=0.11 secs] 
[GC (Allocation Failure) [DefNew: 623615K->5894K(623616K), 0.0432762 secs] 1829444K->1276269K(2009472K), 0.0434257 secs] [Times: user=0.03 sys=0.00, real=0.04 secs] 
[GC (Allocation Failure) [DefNew: 560262K->69247K(623616K), 0.1162799 secs] 1830637K->1379164K(2009472K), 0.1163203 secs] [Times: user=0.11 sys=0.00, real=0.12 secs] 
[GC (Allocation Failure) [DefNew: 623615K->623615K(623616K), 0.0000840 secs][Tenured: 1309916K->854022K(1385856K), 2.3757992 secs] 1933532K->854022K(2009472K), [Metaspace: 10572K->10572K(12288K)], 2.3760604 secs] [Times: user=2.37 sys=0.00, real=2.37 secs] 

*** PauseDetector detected a 2372 ms pause at Mon Dec 22 04:01:30 EET 2014 ***

[GC (Allocation Failure) [DefNew: 554368K->69247K(623616K), 0.1210070 secs] 1408390K->962700K(2009472K), 0.1210545 secs] [Times: user=0.12 sys=0.00, real=0.12 secs] 
[GC (Allocation Failure) [DefNew: 623615K->5900K(623616K), 0.0401466 secs] 1517068K->963926K(2009472K), 0.0402955 secs] [Times: user=0.05 sys=0.00, real=0.04 secs] 
[GC (Allocation Failure) [DefNew: 560268K->69248K(623616K), 0.1188770 secs] 1518294K->1066629K(2009472K), 0.1189450 secs] [Times: user=0.11 sys=0.00, real=0.12 secs] 
[GC (Allocation Failure) [DefNew: 623616K->5900K(623616K), 0.0409999 secs] 1620997K->1067846K(2009472K), 0.0411103 secs] [Times: user=0.05 sys=0.00, real=0.04 secs] 
[GC (Allocation Failure) [DefNew: 560268K->69248K(623616K), 0.1049066 secs] 1622214K->1170019K(2009472K), 0.1050510 secs] [Times: user=0.09 sys=0.00, real=0.10 secs] 
[GC (Allocation Failure) [DefNew: 623616K->5899K(623616K), 0.0407901 secs] 1724387K->1171201K(2009472K), 0.0409005 secs] [Times: user=0.05 sys=0.00, real=0.04 secs] 
[GC (Allocation Failure) [DefNew: 560267K->69248K(623616K), 0.1156319 secs] 1725569K->1273307K(2009472K), 0.1156749 secs] [Times: user=0.11 sys=0.00, real=0.12 secs] 
[GC (Allocation Failure) [DefNew: 623616K->5874K(623616K), 0.0477563 secs] 1827675K->1274461K(2009472K), 0.0478032 secs] [Times: user=0.05 sys=0.00, real=0.05 secs] 
[GC (Allocation Failure) [DefNew: 560242K->69247K(623616K), 0.1032655 secs] 1828829K->1376520K(2009472K), 0.1033348 secs] [Times: user=0.11 sys=0.00, real=0.10 secs] 
[GC (Allocation Failure) [DefNew: 623615K->623615K(623616K), 0.0000225 secs][Tenured: 1307272K->783908K(1385856K), 2.1178806 secs] 1930888K->783908K(2009472K), [Metaspace: 10572K->10572K(12288K)], 2.1179634 secs] [Times: user=2.12 sys=0.00, real=2.11 secs] 

*** PauseDetector detected a 2117 ms pause at Mon Dec 22 04:01:47 EET 2014 ***

[GC (Allocation Failure) [DefNew: 554368K->69247K(623616K), 0.1098301 secs] 1338276K->891772K(2009472K), 0.1099745 secs] [Times: user=0.11 sys=0.00, real=0.11 secs] 
[GC (Allocation Failure) [DefNew: 623615K->5905K(623616K), 0.0419860 secs] 1446140K->892961K(2009472K), 0.0420322 secs] [Times: user=0.05 sys=0.00, real=0.03 secs] 
[GC (Allocation Failure) [DefNew: 560273K->69248K(623616K), 0.2818552 secs] 1447329K->1019577K(2009472K), 0.2818982 secs] [Times: user=0.28 sys=0.00, real=0.28 secs] 
[GC (Allocation Failure) [DefNew: 623616K->5906K(623616K), 0.0897764 secs] 1573945K->1021221K(2009472K), 0.0898168 secs] [Times: user=0.09 sys=0.00, real=0.09 secs] 
[GC (Allocation Failure) [DefNew
*** PauseDetector detected a 437 ms pause at Mon Dec 22 04:01:56 EET 2014 ***

: 560274K->69248K(623616K), 0.4369170 secs] 1575589K->1140276K(2009472K), 0.4369555 secs] [Times: user=0.44 sys=0.00, real=0.44 secs] 
[GC (Allocation Failure) [DefNew: 623616K->5908K(623616K), 0.0728959 secs] 1694644K->1141778K(2009472K), 0.0730036 secs] [Times: user=0.08 sys=0.00, real=0.07 secs] 
[GC (Allocation Failure) [DefNew: 560276K->69248K(623616K), 0.3761123 secs] 1696146K->1258285K(2009472K), 0.3762567 secs] [Times: user=0.38 sys=0.00, real=0.37 secs] 

*** PauseDetector detected a 377 ms pause at Mon Dec 22 04:02:00 EET 2014 ***

[GC (Allocation Failure) [DefNew: 623616K->5911K(623616K), 0.0843531 secs] 1812653K->1259766K(2009472K), 0.0843961 secs] [Times: user=0.08 sys=0.00, real=0.08 secs] 
[GC (Allocation Failure) [DefNew: 560279K->69247K(623616K), 0.3303962 secs] 1814134K->1372254K(2009472K), 0.3305418 secs] [Times: user=0.31 sys=0.00, real=0.32 secs] 
[GC (Allocation Failure) [DefNew: 623615K->623615K(623616K), 0.0000192 secs][Tenured
*** PauseDetector detected a 2283 ms pause at Mon Dec 22 04:02:07 EET 2014 ***

: 1303006K->863651K(1385856K), 2.2800357 secs] 1926622K->863651K(2009472K), [Metaspace: 10572K->10572K(12288K)], 2.2801178 secs] [Times: user=2.28 sys=0.00, real=2.28 secs] 
[GC (Allocation Failure) [DefNew: 554368K->69247K(623616K), 0.2552747 secs] 1418019K->980787K(2009472K), 0.2553344 secs] [Times: user=0.25 sys=0.00, real=0.25 secs] 
[GC (Allocation Failure) [DefNew: 623615K->5891K(623616K), 0.0744895 secs] 1535155K->982153K(2009472K), 0.0745325 secs] [Times: user=0.06 sys=0.00, real=0.07 secs] 
[GC (Allocation Failure) [DefNew: 560259K->69248K(623616K), 0.2363585 secs] 1536521K->1090902K(2009472K), 0.2364175 secs] [Times: user=0.25 sys=0.00, real=0.24 secs] 
[GC (Allocation Failure) [DefNew: 623616K->5914K(623616K), 0.0708935 secs] 1645270K->1092246K(2009472K), 0.0709358 secs] [Times: user=0.06 sys=0.00, real=0.07 secs] 
[GC (Allocation Failure) [DefNew: 560282K->69247K(623616K), 0.2378437 secs] 1646614K->1200317K(2009472K), 0.2378867 secs] [Times: user=0.23 sys=0.00, real=0.23 secs] 
[GC (Allocation Failure) [DefNew: 623615K->5909K(623616K), 0.0528896 secs] 1754685K->1201614K(2009472K), 0.0529307 secs] [Times: user=0.05 sys=0.00, real=0.05 secs] 
[GC (Allocation Failure) [DefNew: 560277K->69248K(623616K), 0.2092898 secs] 1755982K->1309115K(2009472K), 0.2094591 secs] [Times: user=0.20 sys=0.00, real=0.20 secs] 
[GC (Allocation Failure) [DefNew: 623616K->5863K(623616K), 0.0628436 secs] 1863483K->1310357K(2009472K), 0.0628943 secs] [Times: user=0.06 sys=0.00, real=0.06 secs] 
[GC (Allocation Failure) [DefNew: 560231K->69248K(623616K), 0.1990720 secs] 1864725K->1417455K(2009472K), 0.1991715 secs] [Times: user=0.20 sys=0.00, real=0.19 secs] 
[GC (Allocation Failure) [DefNew: 623616K->623616K(623616K), 0.0000821 secs][Tenured: 1348207K->858215K(1385856K), 2.2492105 secs] 1971823K->858215K(2009472K), [Metaspace: 10572K->10572K(12288K)], 2.2494691 secs] [Times: user=2.25 sys=0.00, real=2.25 secs] 

*** PauseDetector detected a 2251 ms pause at Mon Dec 22 04:02:26 EET 2014 ***

[GC (Allocation Failure) [DefNew: 554368K->69248K(623616K), 0.2016300 secs] 1412583K->969743K(2009472K), 0.2016736 secs] [Times: user=0.20 sys=0.00, real=0.20 secs] 
[GC (Allocation Failure) [DefNew: 623616K->5911K(623616K), 0.0557594 secs] 1524111K->970983K(2009472K), 0.0558043 secs] [Times: user=0.05 sys=0.00, real=0.05 secs] 
[GC (Allocation Failure) [DefNew: 560279K->69247K(623616K), 0.1477723 secs] 1525351K->1076251K(2009472K), 0.1478351 secs] [Times: user=0.14 sys=0.00, real=0.14 secs] 
[GC (Allocation Failure) [DefNew: 623615K->5914K(623616K), 0.0455147 secs] 1630619K->1077521K(2009472K), 0.0455577 secs] [Times: user=0.03 sys=0.00, real=0.04 secs] 
[GC (Allocation Failure) [DefNew: 560282K->69248K(623616K), 0.1814755 secs] 1631889K->1182519K(2009472K), 0.1815172 secs] [Times: user=0.17 sys=0.00, real=0.18 secs] 
[GC (Allocation Failure) [DefNew: 623616K->5913K(623616K), 0.0570791 secs] 1736887K->1183760K(2009472K), 0.0571234 secs] [Times: user=0.06 sys=0.00, real=0.06 secs] 
[GC (Allocation Failure) [DefNew: 560281K->69248K(623616K), 0.1634601 secs] 1738128K->1288495K(2009472K), 0.1635024 secs] [Times: user=0.16 sys=0.00, real=0.16 secs] 
[GC (Allocation Failure) [DefNew: 623616K->5915K(623616K), 0.0500846 secs] 1842863K->1289762K(2009472K), 0.0501270 secs] [Times: user=0.05 sys=0.00, real=0.05 secs] 
[GC (Allocation Failure) [DefNew: 560283K->69248K(623616K), 0.1682680 secs] 1844130K->1394319K(2009472K), 0.1683117 secs] [Times: user=0.17 sys=0.00, real=0.17 secs] 
[GC (Allocation Failure) [DefNew: 623616K->623616K(623616K), 0.0000192 secs][Tenured: 1325071K->855713K(1385856K), 2.0957796 secs] 1948687K->855713K(2009472K), [Metaspace: 10572K->10572K(12288K)]
*** PauseDetector detected a 2097 ms pause at Mon Dec 22 04:02:44 EET 2014 ***

, 2.0958636 secs] [Times: user=2.09 sys=0.00, real=2.09 secs] 
[GC (Allocation Failure) [DefNew: 554368K->69248K(623616K), 0.1410498 secs] 1410081K->966001K(2009472K), 0.1411762 secs] [Times: user=0.13 sys=0.00, real=0.13 secs] 
[GC (Allocation Failure) [DefNew: 623616K->5920K(623616K), 0.0529865 secs] 1520369K->967241K(2009472K), 0.0530295 secs] [Times: user=0.05 sys=0.00, real=0.05 secs] 
[GC (Allocation Failure) [DefNew: 560288K->69247K(623616K), 0.1204668 secs] 1521609K->1070728K(2009472K), 0.1205322 secs] [Times: user=0.11 sys=0.00, real=0.12 secs] 
[GC (Allocation Failure) [DefNew: 623615K->5915K(623616K), 0.0405720 secs] 1625096K->1071973K(2009472K), 0.0406349 secs] [Times: user=0.03 sys=0.00, real=0.03 secs] 
[GC (Allocation Failure) [DefNew: 560283K->69247K(623616K), 0.1114103 secs] 1626341K->1175325K(2009472K), 0.1114559 secs] [Times: user=0.11 sys=0.00, real=0.10 secs] 
[GC (Allocation Failure) [DefNew: 623615K->5898K(623616K), 0.0476075 secs] 1729693K->1176514K(2009472K), 0.0476505 secs] [Times: user=0.05 sys=0.00, real=0.04 secs] 
[GC (Allocation Failure) [DefNew: 560266K->69248K(623616K), 0.1265560 secs] 1730882K->1279751K(2009472K), 0.1265996 secs] [Times: user=0.12 sys=0.00, real=0.13 secs] 
[GC (Allocation Failure) [DefNew: 623616K->5914K(623616K), 0.0413842 secs] 1834119K->1280952K(2009472K), 0.0415254 secs] [Times: user=0.03 sys=0.00, real=0.03 secs] 
[GC (Allocation Failure) [DefNew: 560282K->69247K(623616K), 0.1200581 secs] 1835320K->1384053K(2009472K), 0.1201582 secs] [Times: user=0.11 sys=0.00, real=0.11 secs] 
[GC (Allocation Failure) [DefNew: 623615K->623615K(623616K), 0.0000199 secs][Tenured: 1314805K->785004K(1385856K), 2.2658517 secs] 1938421K->785004K(2009472K), [Metaspace: 10572K->10572K(12288K)], 2.2660070 secs]
*** PauseDetector detected a 2266 ms pause at Mon Dec 22 04:03:01 EET 2014 ***

 [Times: user=2.26 sys=0.00, real=2.26 secs] 
[GC (Allocation Failure) [DefNew: 554368K->69247K(623616K), 0.1033303 secs] 1339372K->893912K(2009472K), 0.1034766 secs] [Times: user=0.09 sys=0.00, real=0.10 secs] 
[GC (Allocation Failure) [DefNew: 623615K->5899K(623616K), 0.0454300 secs] 1448280K->895098K(2009472K), 0.0455788 secs] [Times: user=0.05 sys=0.00, real=0.04 secs] 
[GC (Allocation Failure) [DefNew: 560267K->69248K(623616K), 0.1267042 secs] 1449466K->998016K(2009472K), 0.1267542 secs] [Times: user=0.11 sys=0.00, real=0.12 secs] 
[GC (Allocation Failure) [DefNew: 623616K->5918K(623616K), 0.0463500 secs] 1552384K->999212K(2009472K), 0.0463904 secs] [Times: user=0.05 sys=0.00, real=0.05 secs] 
[GC (Allocation Failure) [DefNew: 560286K->69248K(623616K), 0.1010232 secs] 1553580K->1102015K(2009472K), 0.1010681 secs] [Times: user=0.09 sys=0.00, real=0.09 secs] 
[GC (Allocation Failure) [DefNew: 623616K->5875K(623616K), 0.0400837 secs] 1656383K->1103172K(2009472K), 0.0401267 secs] [Times: user=0.03 sys=0.00, real=0.03 secs] 
[GC (Allocation Failure) [DefNew: 560243K->69247K(623616K), 0.1511732 secs] 1657540K->1205939K(2009472K), 0.1512169 secs] [Times: user=0.16 sys=0.00, real=0.15 secs] 
[GC (Allocation Failure) [DefNew: 623615K->5920K(623616K), 0.0387640 secs] 1760307K->1207138K(2009472K), 0.0389090 secs] [Times: user=0.03 sys=0.00, real=0.04 secs] 
[GC (Allocation Failure) [DefNew: 560288K->69248K(623616K), 0.1168169 secs] 1761506K->1309308K(2009472K), 0.1169683 secs] [Times: user=0.11 sys=0.00, real=0.11 secs] 
[GC (Allocation Failure) [DefNew: 623616K->5917K(623616K), 0.0442001 secs] 1863676K->1310491K(2009472K), 0.0442431 secs] [Times: user=0.03 sys=0.00, real=0.04 secs] 
[GC (Allocation Failure) [DefNew: 560285K->560285K(623616K), 0.0000263 secs][Tenured: 1304573K->852096K(1385856K), 2.2513233 secs] 1864859K->852096K(2009472K), [Metaspace: 10572K->10572K(12288K)], 2.2514182 secs] [Times: user=2.25 sys=0.00, real=2.25 secs] 

*** PauseDetector detected a 2252 ms pause at Mon Dec 22 04:03:20 EET 2014 ***

[Full GC (System.gc()) [Tenured: 852096K->851946K(1385856K), 1.8966376 secs] 852171K->851946K(2009472K), [Metaspace: 10572K->10572K(12288K)], 1.8967980 secs] [Times: user=1.90 sys=0.00, real=1.89 secs] 
[Full GC (System.gc()) [Tenured: 851946K->847353K(1385856K), 1.8409982 secs] 863069K->847353K(2009472K), [Metaspace: 10572K->10572K(12288K)], 1.8410412 secs] [Times: user=1.84 sys=0.00, real=1.84 secs] 
[Full GC (System.gc()) [Tenured: 847353K->778076K(1385856K), 2.1729445 secs] 847355K->778076K(2009472K), [Metaspace: 10572K->10572K(12288K)], 2.1730112 secs] [Times: user=2.17 sys=0.00, real=2.17 secs] 

*** PauseDetector detected a 3734 ms pause at Mon Dec 22 04:03:24 EET 2014 ***


*** PauseDetector detected a 2182 ms pause at Mon Dec 22 04:03:26 EET 2014 ***

[Full GC (System.gc()) [Tenured: 778076K->778263K(1385856K), 1.9084176 secs] 789203K->778263K(2009472K), [Metaspace: 10572K->10572K(12288K)], 1.9084875 secs] [Times: user=1.90 sys=0.00, real=1.90 secs] 
[Full GC (System.gc()) [Tenured: 778263K->778264K(1385856K), 1.9224399 secs] 789388K->778264K(2009472K), [Metaspace: 10572K->10572K(12288K)], 1.9224829 secs] [Times: user=1.92 sys=0.00, real=1.92 secs] 
[Full GC (System.gc()) [Tenured: 778264K->778265K(1385856K), 2.0825227 secs] 789387K->778265K(2009472K), [Metaspace: 10572K->10572K(12288K)], 2.0826363 secs] [Times: user=2.09 sys=0.00, real=2.09 secs] 

*** PauseDetector detected a 1902 ms pause at Mon Dec 22 04:03:28 EET 2014 ***


*** PauseDetector detected a 4019 ms pause at Mon Dec 22 04:03:32 EET 2014 ***

[GC (Allocation Failure) [DefNew: 554368K->69247K(623616K), 0.0962120 secs] 1332633K->886251K(2009472K), 0.0962730 secs] [Times: user=0.11 sys=0.00, real=0.10 secs] 
[GC (Allocation Failure) [DefNew: 623615K->5954K(623616K), 0.0526997 secs] 1440619K->887431K(2009472K), 0.0527510 secs] [Times: user=0.05 sys=0.00, real=0.05 secs] 
[GC (Allocation Failure) [DefNew: 560322K->69247K(623616K), 0.0888044 secs] 1441799K->989399K(2009472K), 0.0888653 secs] [Times: user=0.09 sys=0.00, real=0.08 secs] 
[GC (Allocation Failure) [DefNew: 623615K->5954K(623616K), 0.0428002 secs] 1543767K->990579K(2009472K), 0.0429080 secs] [Times: user=0.03 sys=0.00, real=0.04 secs] 
[GC (Allocation Failure) [DefNew: 560322K->69247K(623616K), 0.3006008 secs] 1544947K->1117195K(2009472K), 0.3006701 secs] [Times: user=0.30 sys=0.00, real=0.29 secs] 
[GC (Allocation Failure) [DefNew: 623615K->5954K(623616K), 0.0883123 secs] 1671563K->1118837K(2009472K), 0.0883521 secs] [Times: user=0.08 sys=0.00, real=0.08 secs] 
[Full GC (System.gc()) [Tenured: 1112882K->716964K(1385856K), 2.1663594 secs] 1129964K->716964K(2009472K), [Metaspace: 10572K->10572K(12288K)], 2.1664922 secs] [Times: user=2.11 sys=0.00, real=2.16 secs] 
[Full GC (System.gc()) [Tenured: 716964K->716964K(1385856K), 2.0777776 secs] 716964K->716964K(2009472K), [Metaspace: 10572K->10572K(12288K)], 2.0778366 secs] [Times: user=2.09 sys=0.00, real=2.09 secs] 
[Full GC (System.gc()) [Tenured: 716964K->716965K(1385856K), 1.9456412 secs] 716966K->716965K(2009472K), [Metaspace: 10572K->10572K(12288K)], 1.9456803 secs] [Times: user=1.93 sys=0.00, real=1.94 secs] 

*** PauseDetector detected a 4249 ms pause at Mon Dec 22 04:03:47 EET 2014 ***

********************************
********** ROUND   87 **********
********************************

*** PauseDetector detected a 1975 ms pause at Mon Dec 22 04:03:49 EET 2014 ***

[GC (Allocation Failure) [DefNew: 554368K->69248K(623616K), 0.3182845 secs] 1271333K->841772K(2009472K), 0.3183256 secs] [Times: user=0.33 sys=0.00, real=0.31 secs] 
[GC (Allocation Failure) [DefNew: 623616K->5861K(623616K), 0.0943675 secs] 1396140K->843244K(2009472K), 0.0944246 secs] [Times: user=0.09 sys=0.00, real=0.09 secs] 
[GC (Allocation Failure) [DefNew: 560229K->69247K(623616K), 0.3467577 secs] 1397612K->959770K(2009472K), 0.3469007 secs] [Times: user=0.33 sys=0.00, real=0.34 secs] 
[GC (Allocation Failure) [DefNew: 623615K->5881K(623616K), 0.0715575 secs] 1514138K->961247K(2009472K), 0.0715992 secs] [Times: user=0.08 sys=0.00, real=0.06 secs] 
[GC (Allocation Failure) [DefNew: 560249K->69247K(623616K), 0.2858028 secs] 1515615K->1073735K(2009472K), 0.2859093 secs] [Times: user=0.28 sys=0.00, real=0.28 secs] 
[GC (Allocation Failure) [DefNew: 623615K->5897K(623616K), 0.0766670 secs] 1628103K->1075134K(2009472K), 0.0767094 secs] [Times: user=0.08 sys=0.00, real=0.08 secs] 
[GC (Allocation Failure) [DefNew: 560265K->69247K(623616K), 0.2659852 secs] 1629502K->1186352K(2009472K), 0.2660474 secs] [Times: user=0.27 sys=0.00, real=0.26 secs] 
[GC (Allocation Failure) [DefNew: 623615K->5887K(623616K), 0.0624895 secs] 1740720K->1187734K(2009472K), 0.0625575 secs] [Times: user=0.06 sys=0.00, real=0.05 secs] 
[GC (Allocation Failure) [DefNew: 560255K->69248K(623616K), 0.3311154 secs] 1742102K->1296498K(2009472K), 0.3311558 secs] [Times: user=0.33 sys=0.00, real=0.33 secs] 
[GC (Allocation Failure) [DefNew: 623616K->5898K(623616K), 0.0616888 secs] 1850866K->1297815K(2009472K), 0.0618300 secs] [Times: user=0.06 sys=0.00, real=0.06 secs] 
[GC (Allocation Failure) [DefNew: 560266K->69248K(623616K), 0.2893482 secs] 1852183K->1405878K(2009472K), 0.2893886 secs] [Times: user=0.28 sys=0.00, real=0.29 secs] 
[GC (Allocation Failure) [DefNew: 623616K->623616K(623616K), 0.0000205 secs][Tenured: 1336630K->859250K(1385856K), 2.5601298 secs] 1960246K->859250K(2009472K), [Metaspace: 10572K->10572K(12288K)], 2.5602151 secs] [Times: user=2.54 sys=0.00, real=2.55 secs] 

*** PauseDetector detected a 2556 ms pause at Mon Dec 22 04:04:12 EET 2014 ***

[GC (Allocation Failure) [DefNew: 554368K->69248K(623616K), 0.1961259 secs] 1413618K->972638K(2009472K), 0.1962619 secs] [Times: user=0.19 sys=0.00, real=0.19 secs] 
[GC (Allocation Failure) [DefNew: 623616K->5891K(623616K), 0.0514409 secs] 1527006K->973929K(2009472K), 0.0514820 secs] [Times: user=0.05 sys=0.00, real=0.05 secs] 
[GC (Allocation Failure) [DefNew: 560259K->69247K(623616K), 0.1769678 secs] 1528297K->1080973K(2009472K), 0.1770300 secs] [Times: user=0.17 sys=0.00, real=0.17 secs] 
[GC (Allocation Failure) [DefNew: 623615K->5900K(623616K), 0.0606045 secs] 1635341K->1082270K(2009472K), 0.0606495 secs] [Times: user=0.05 sys=0.00, real=0.05 secs] 
[GC (Allocation Failure) [DefNew: 560268K->69248K(623616K), 0.1710692 secs] 1636638K->1187862K(2009472K), 0.1711096 secs] [Times: user=0.17 sys=0.00, real=0.17 secs] 
[GC (Allocation Failure) [DefNew: 623616K->5871K(623616K), 0.0438164 secs] 1742230K->1189097K(2009472K), 0.0438806 secs] [Times: user=0.05 sys=0.00, real=0.04 secs] 
[GC (Allocation Failure) [DefNew: 560239K->69248K(623616K), 0.1575441 secs] 1743465K->1294410K(2009472K), 0.1576480 secs] [Times: user=0.14 sys=0.00, real=0.15 secs] 
[GC (Allocation Failure) [DefNew: 623616K->5902K(623616K), 0.0585528 secs] 1848778K->1295663K(2009472K), 0.0586060 secs] [Times: user=0.05 sys=0.00, real=0.05 secs] 
[GC (Allocation Failure) [DefNew: 560270K->69247K(623616K), 0.1794257 secs] 1850031K->1400659K(2009472K), 0.1794667 secs] [Times: user=0.17 sys=0.00, real=0.17 secs] 
[GC (Allocation Failure) [DefNew: 623615K->623615K(623616K), 0.0000821 secs][Tenured: 1331411K->786892K(1385856K), 2.2143813 secs] 1955027K->786892K(2009472K), [Metaspace: 10572K->10572K(12288K)], 2.2145507 secs] [Times: user=2.21 sys=0.00, real=2.21 secs] 

*** PauseDetector detected a 2209 ms pause at Mon Dec 22 04:04:30 EET 2014 ***

[GC (Allocation Failure) [DefNew: 554368K->69248K(623616K), 0.1618131 secs] 1341260K->897561K(2009472K), 0.1618574 secs] [Times: user=0.16 sys=0.00, real=0.16 secs] 
[GC (Allocation Failure) [DefNew: 623616K->5897K(623616K), 0.0532957 secs] 1451929K->898791K(2009472K), 0.0533419 secs] [Times: user=0.06 sys=0.00, real=0.05 secs] 
[GC (Allocation Failure) [DefNew: 560265K->69248K(623616K), 0.1322622 secs] 1453159K->1003337K(2009472K), 0.1323000 secs] [Times: user=0.14 sys=0.00, real=0.13 secs] 
[GC (Allocation Failure) [DefNew: 623616K->5899K(623616K), 0.0488175 secs] 1557705K->1004585K(2009472K), 0.0489747 secs] [Times: user=0.05 sys=0.00, real=0.05 secs] 
[GC (Allocation Failure) [DefNew: 560267K->69248K(623616K), 0.1489495 secs] 1558953K->1108967K(2009472K), 0.1489925 secs] [Times: user=0.14 sys=0.00, real=0.15 secs] 
[GC (Allocation Failure) [DefNew: 623616K->5874K(623616K), 0.0460453 secs] 1663335K->1110167K(2009472K), 0.0461473 secs] [Times: user=0.05 sys=0.00, real=0.04 secs] 
[GC (Allocation Failure) [DefNew: 560242K->69248K(623616K), 0.1104165 secs] 1664535K->1213712K(2009472K), 0.1104819 secs] [Times: user=0.09 sys=0.00, real=0.10 secs] 
[GC (Allocation Failure) [DefNew: 623616K->5902K(623616K), 0.0468851 secs] 1768080K->1214932K(2009472K), 0.0469294 secs] [Times: user=0.05 sys=0.00, real=0.04 secs] 
[GC (Allocation Failure) [DefNew: 560270K->69248K(623616K), 0.1494096 secs] 1769300K->1318260K(2009472K), 0.1494519 secs] [Times: user=0.14 sys=0.00, real=0.14 secs] 
[GC (Allocation Failure) [DefNew: 623616K->5906K(623616K), 0.0435431 secs] 1872628K->1319495K(2009472K), 0.0435861 secs] [Times: user=0.05 sys=0.00, real=0.04 secs] 
[GC (Allocation Failure) [DefNew: 560274K->560274K(623616K), 0.0000212 secs][Tenured: 1313588K->853217K(1385856K), 2.1437643 secs] 1873863K->853217K(2009472K), [Metaspace: 10572K->10572K(12288K)], 2.1439594 secs] [Times: user=2.14 sys=0.00, real=2.14 secs] 

*** PauseDetector detected a 2146 ms pause at Mon Dec 22 04:04:49 EET 2014 ***

[GC (Allocation Failure) [DefNew: 554368K->5911K(623616K), 0.0150482 secs] 1407585K->859128K(2009472K), 0.0150924 secs] [Times: user=0.01 sys=0.00, real=0.02 secs] 
[GC (Allocation Failure) [DefNew: 560279K->69247K(623616K), 0.1169971 secs] 1413496K->962224K(2009472K), 0.1170414 secs] [Times: user=0.13 sys=0.00, real=0.12 secs] 
[GC (Allocation Failure) [DefNew: 623615K->5861K(623616K), 0.0416870 secs] 1516592K->963383K(2009472K), 0.0417281 secs] [Times: user=0.03 sys=0.00, real=0.04 secs] 
[GC (Allocation Failure) [DefNew: 560229K->69248K(623616K), 0.0990908 secs] 1517751K->1066386K(2009472K), 0.0992428 secs] [Times: user=0.09 sys=0.00, real=0.10 secs] 
[GC (Allocation Failure) [DefNew: 623616K->5909K(623616K), 0.0444375 secs] 1620754K->1067625K(2009472K), 0.0444792 secs] [Times: user=0.03 sys=0.00, real=0.04 secs] 
[GC (Allocation Failure) [DefNew: 560277K->69248K(623616K), 0.1043671 secs] 1621993K->1170519K(2009472K), 0.1045486 secs] [Times: user=0.11 sys=0.00, real=0.11 secs] 
[GC (Allocation Failure) [DefNew: 623616K->5905K(623616K), 0.0429452 secs] 1724887K->1171715K(2009472K), 0.0429882 secs] [Times: user=0.05 sys=0.00, real=0.04 secs] 
[GC (Allocation Failure) [DefNew: 560273K->69247K(623616K), 0.1014364 secs] 1726083K->1274475K(2009472K), 0.1015826 secs] [Times: user=0.09 sys=0.00, real=0.10 secs] 
[GC (Allocation Failure) [DefNew: 623615K->5890K(623616K), 0.0539527 secs] 1828843K->1275704K(2009472K), 0.0540040 secs] [Times: user=0.05 sys=0.00, real=0.05 secs] 
[GC (Allocation Failure) [DefNew: 560258K->69247K(623616K), 0.1087150 secs] 1830072K->1378444K(2009472K), 0.1088177 secs] [Times: user=0.11 sys=0.00, real=0.11 secs] 
[GC (Allocation Failure) [DefNew: 623615K->623615K(623616K), 0.0000321 secs][Tenured: 1309196K->853232K(1385856K), 2.0826440 secs] 1932812K->853232K(2009472K), [Metaspace: 10572K->10572K(12288K)], 2.0828146 secs]
*** PauseDetector detected a 2087 ms pause at Mon Dec 22 04:05:08 EET 2014 ***

 [Times: user=2.09 sys=0.00, real=2.08 secs] 
[GC (Allocation Failure) [DefNew: 554368K->69247K(623616K), 0.1142268 secs] 1407600K->961316K(2009472K), 0.1142698 secs] [Times: user=0.11 sys=0.00, real=0.11 secs] 
[GC (Allocation Failure) [DefNew: 623615K->5872K(623616K), 0.0450489 secs] 1515684K->962463K(2009472K), 0.0450983 secs] [Times: user=0.05 sys=0.00, real=0.04 secs] 
[GC (Allocation Failure) [DefNew: 560240K->69247K(623616K), 0.0949455 secs] 1516831K->1064553K(2009472K), 0.0950867 secs] [Times: user=0.09 sys=0.00, real=0.09 secs] 
[GC (Allocation Failure) [DefNew: 623615K->5907K(623616K), 0.0471398 secs] 1618921K->1065783K(2009472K), 0.0471853 secs] [Times: user=0.03 sys=0.00, real=0.04 secs] 
[GC (Allocation Failure) [DefNew: 560275K->69247K(623616K), 0.1108233 secs] 1620151K->1167788K(2009472K), 0.1108662 secs] [Times: user=0.09 sys=0.00, real=0.11 secs] 
[GC (Allocation Failure) [DefNew: 623615K->5917K(623616K), 0.0561257 secs] 1722156K->1169005K(2009472K), 0.0561828 secs] [Times: user=0.05 sys=0.00, real=0.05 secs] 
[GC (Allocation Failure) [DefNew: 560285K->69248K(623616K), 0.0995636 secs] 1723373K->1270954K(2009472K), 0.0996855 secs] [Times: user=0.09 sys=0.00, real=0.10 secs] 
[GC (Allocation Failure) [DefNew: 623616K->5912K(623616K), 0.0475183 secs] 1825322K->1272147K(2009472K), 0.0475619 secs] [Times: user=0.05 sys=0.00, real=0.04 secs] 
[GC (Allocation Failure) [DefNew: 560280K->69247K(623616K), 0.3497230 secs] 1826515K->1398759K(2009472K), 0.3497667 secs] [Times: user=0.34 sys=0.00, real=0.35 secs] 
[GC (Allocation Failure) [DefNew: 623615K->623615K(623616K), 0.0000860 secs][Tenured: 1329511K->877000K(1385856K), 2.2627889 secs] 1953127K->877000K(2009472K), [Metaspace: 10572K->10572K(12288K)], 2.2630500 secs] [Times: user=2.26 sys=0.00, real=2.26 secs] 

*** PauseDetector detected a 2256 ms pause at Mon Dec 22 04:05:26 EET 2014 ***

[GC (Allocation Failure) [DefNew: 554368K->69247K(623616K), 0.4109608 secs] 1431368K->1001963K(2009472K), 0.4110044 secs] [Times: user=0.40 sys=0.00, real=0.40 secs] 

*** PauseDetector detected a 406 ms pause at Mon Dec 22 04:05:28 EET 2014 ***

[GC (Allocation Failure) [DefNew: 623615K->5919K(623616K), 0.0974554 secs] 1556331K->1003476K(2009472K), 0.0975003 secs] [Times: user=0.09 sys=0.00, real=0.09 secs] 
[GC (Allocation Failure) [DefNew: 560287K->69248K(623616K), 0.3628458 secs] 1557844K->1119962K(2009472K), 0.3629093 secs] [Times: user=0.36 sys=0.00, real=0.36 secs] 

*** PauseDetector detected a 362 ms pause at Mon Dec 22 04:05:32 EET 2014 ***

[GC (Allocation Failure) [DefNew: 623616K->5913K(623616K), 0.0747750 secs] 1674330K->1121454K(2009472K), 0.0748809 secs] [Times: user=0.06 sys=0.00, real=0.07 secs] 
[GC (Allocation Failure) [DefNew: 560281K->69248K(623616K), 0.3569683 secs] 1675822K->1233944K(2009472K), 0.3570101 secs] [Times: user=0.36 sys=0.00, real=0.36 secs] 

*** PauseDetector detected a 357 ms pause at Mon Dec 22 04:05:35 EET 2014 ***

[GC (Allocation Failure) [DefNew: 623616K->5903K(623616K), 0.0622925 secs] 1788312K->1235314K(2009472K), 0.0623933 secs] [Times: user=0.06 sys=0.00, real=0.06 secs] 
[GC (Allocation Failure) [DefNew: 560271K->69247K(623616K), 0.2724895 secs] 1789682K->1346533K(2009472K), 0.2726300 secs] [Times: user=0.28 sys=0.00, real=0.27 secs] 
[GC (Allocation Failure) [DefNew: 623615K->5913K(623616K), 0.0757554 secs] 1900901K->1347934K(2009472K), 0.0759042 secs] [Times: user=0.06 sys=0.00, real=0.07 secs] 
[GC (Allocation Failure) [DefNew: 560281K->560281K(623616K), 0.0000205 secs][Tenured: 1342020K->789390K(1385856K), 2.4204536 secs] 1902302K->789390K(2009472K), [Metaspace: 10572K->10572K(12288K)], 2.4205575 secs] [Times: user=2.42 sys=0.00, real=2.42 secs] 

*** PauseDetector detected a 2417 ms pause at Mon Dec 22 04:05:44 EET 2014 ***

[GC (Allocation Failure) [DefNew: 554368K->5869K(623616K), 0.0110710 secs] 1343758K->795260K(2009472K), 0.0111910 secs] [Times: user=0.00 sys=0.00, real=0.00 secs] 
[GC (Allocation Failure) [DefNew: 560237K->69247K(623616K), 0.2160398 secs] 1349628K->903347K(2009472K), 0.2161899 secs] [Times: user=0.20 sys=0.00, real=0.21 secs] 
[GC (Allocation Failure) [DefNew: 623615K->5904K(623616K), 0.0680840 secs] 1457715K->904668K(2009472K), 0.0681270 secs] [Times: user=0.06 sys=0.00, real=0.06 secs] 
[GC (Allocation Failure) [DefNew: 560272K->69247K(623616K), 0.1939882 secs] 1459036K->1012179K(2009472K), 0.1941370 secs] [Times: user=0.19 sys=0.00, real=0.19 secs] 
[GC (Allocation Failure) [DefNew: 623615K->5913K(623616K), 0.0591398 secs] 1566547K->1013466K(2009472K), 0.0592078 secs] [Times: user=0.06 sys=0.00, real=0.06 secs] 
[GC (Allocation Failure) [DefNew: 560281K->69248K(623616K), 0.1973455 secs] 1567834K->1120514K(2009472K), 0.1974970 secs] [Times: user=0.19 sys=0.00, real=0.19 secs] 
[GC (Allocation Failure) [DefNew: 623616K->5864K(623616K), 0.0595261 secs] 1674882K->1121747K(2009472K), 0.0595678 secs] [Times: user=0.05 sys=0.00, real=0.06 secs] 
[GC (Allocation Failure) [DefNew: 560232K->69248K(623616K), 0.2037510 secs] 1676115K->1227410K(2009472K), 0.2038717 secs] [Times: user=0.20 sys=0.00, real=0.20 secs] 
[GC (Allocation Failure) [DefNew: 623616K->5915K(623616K), 0.0485160 secs] 1781778K->1228654K(2009472K), 0.0485814 secs] [Times: user=0.05 sys=0.00, real=0.04 secs] 
[GC (Allocation Failure) [DefNew: 560283K->69248K(623616K), 0.1830724 secs] 1783022K->1333912K(2009472K), 0.1832161 secs] [Times: user=0.17 sys=0.00, real=0.18 secs] 
[GC (Allocation Failure) [DefNew: 623616K->5898K(623616K), 0.0719617 secs] 1888280K->1335173K(2009472K), 0.0720060 secs] [Times: user=0.06 sys=0.00, real=0.07 secs] 
[GC (Allocation Failure) [DefNew: 560266K->560266K(623616K), 0.0000192 secs][Tenured: 1329274K->855000K(1385856K), 2.2253741 secs] 1889541K->855000K(2009472K), [Metaspace: 10572K->10572K(12288K)], 2.2255653 secs] [Times: user=2.22 sys=0.00, real=2.22 secs] 

*** PauseDetector detected a 2220 ms pause at Mon Dec 22 04:06:06 EET 2014 ***

[GC (Allocation Failure) [DefNew: 554368K->5906K(623616K), 0.0121957 secs] 1409368K->860907K(2009472K), 0.0122535 secs] [Times: user=0.00 sys=0.00, real=0.01 secs] 
[GC (Allocation Failure) [DefNew: 560274K->69248K(623616K), 0.1554725 secs] 1415275K->965637K(2009472K), 0.1555790 secs] [Times: user=0.16 sys=0.00, real=0.15 secs] 
[GC (Allocation Failure) [DefNew: 623616K->5919K(623616K), 0.0432897 secs] 1520005K->966920K(2009472K), 0.0434392 secs] [Times: user=0.03 sys=0.00, real=0.04 secs] 
[GC (Allocation Failure) [DefNew: 560287K->69248K(623616K), 0.1271796 secs] 1521288K->1071477K(2009472K), 0.1273265 secs] [Times: user=0.11 sys=0.00, real=0.12 secs] 
[GC (Allocation Failure) [DefNew: 623616K->5905K(623616K), 0.0503451 secs] 1625845K->1072698K(2009472K), 0.0503849 secs] [Times: user=0.05 sys=0.00, real=0.05 secs] 
[GC (Allocation Failure) [DefNew: 560273K->69248K(623616K), 0.1693427 secs] 1627066K->1177084K(2009472K), 0.1693895 secs] [Times: user=0.17 sys=0.00, real=0.16 secs] 
[GC (Allocation Failure) [DefNew: 623616K->5919K(623616K), 0.0424139 secs] 1731452K->1178319K(2009472K), 0.0424787 secs] [Times: user=0.03 sys=0.00, real=0.04 secs] 
[GC (Allocation Failure) [DefNew: 560287K->69248K(623616K), 0.1356388 secs] 1732687K->1281823K(2009472K), 0.1356824 secs] [Times: user=0.13 sys=0.00, real=0.13 secs] 
[GC (Allocation Failure) [DefNew: 623616K->5904K(623616K), 0.0418718 secs] 1836191K->1283017K(2009472K), 0.0419129 secs] [Times: user=0.03 sys=0.00, real=0.04 secs] 
[Full GC (System.gc()) [Tenured: 1277113K->851599K(1385856K), 2.6249514 secs] 1674867K->851599K(2009472K), [Metaspace: 10572K->10572K(12288K)], 2.6250072 secs] [Times: user=2.62 sys=0.00, real=2.62 secs] 
[Full GC (System.gc()) [Tenured: 851599K->851522K(1385856K), 2.0195450 secs] 862687K->851522K(2009472K), [Metaspace: 10572K->10572K(12288K)], 2.0196104 secs] [Times: user=2.01 sys=0.00, real=2.02 secs] 
[Full GC (System.gc()) [Tenured: 851522K->779436K(1385856K), 2.0797774 secs] 862609K->779436K(2009472K), [Metaspace: 10572K->10572K(12288K)], 2.0798217 secs] [Times: user=2.09 sys=0.00, real=2.08 secs] 

*** PauseDetector detected a 2619 ms pause at Mon Dec 22 04:06:23 EET 2014 ***
[Full GC (System.gc()) [Tenured
: 779436K->779532K(1385856K), 2.0055349 secs] 790523K->779532K(2009472K), [Metaspace: 10572K->10572K(12288K)], 2.0055939 secs] [Times: user=2.00 sys=0.00, real=2.01 secs] 
[Full GC (System.gc()) [Tenured: 779532K->779532K(1385856K), 1.9161890 secs] 779532K->779532K(2009472K), [Metaspace: 10572K->10572K(12288K)], 1.9162294 secs] [Times: user=1.92 sys=0.00, real=1.92 secs] 
[Full GC (System.gc()) [Tenured: 779532K->779532K(1385856K), 2.0939460 secs] 779534K->779532K(2009472K), [Metaspace: 10572K->10572K(12288K)], 2.0939877 secs] [Times: user=2.09 sys=0.00, real=2.10 secs] 

*** PauseDetector detected a 8031 ms pause at Mon Dec 22 04:06:31 EET 2014 ***


*** PauseDetector detected a 2105 ms pause at Mon Dec 22 04:06:34 EET 2014 ***

[GC (Allocation Failure) [DefNew: 554368K->69248K(623616K), 0.1188551 secs] 1333900K->888707K(2009472K), 0.1188949 secs] [Times: user=0.11 sys=0.00, real=0.11 secs] 
[GC (Allocation Failure) [DefNew: 623616K->5954K(623616K), 0.0454884 secs] 1443075K->889909K(2009472K), 0.0455301 secs] [Times: user=0.05 sys=0.00, real=0.05 secs] 
[GC (Allocation Failure) [DefNew: 560322K->69248K(623616K), 0.1523845 secs] 1444277K->993010K(2009472K), 0.1524243 secs] [Times: user=0.16 sys=0.00, real=0.15 secs] 
[GC (Allocation Failure) [DefNew: 623616K->5954K(623616K), 0.0459862 secs] 1547378K->994212K(2009472K), 0.0460356 secs] [Times: user=0.05 sys=0.00, real=0.04 secs] 
[GC (Allocation Failure) [DefNew: 560322K->69247K(623616K), 0.1341176 secs] 1548580K->1097205K(2009472K), 0.1341606 secs] [Times: user=0.14 sys=0.00, real=0.13 secs] 
[GC (Allocation Failure) [DefNew: 623615K->5954K(623616K), 0.0594638 secs] 1651573K->1098406K(2009472K), 0.0595376 secs] [Times: user=0.05 sys=0.00, real=0.05 secs] 
[Full GC (System.gc()) [Tenured: 1092451K->779945K(1385856K), 2.0467343 secs] 1299344K->779945K(2009472K), [Metaspace: 10572K->10572K(12288K)], 2.0467908 secs] [Times: user=2.04 sys=0.00, real=2.04 secs] 
[Full GC (System.gc()) [Tenured: 779945K->779945K(1385856K), 2.0978846 secs] 791109K->779945K(2009472K), [Metaspace: 10572K->10572K(12288K)], 2.0979282 secs] [Times: user=2.09 sys=0.00, real=2.10 secs] 
[Full GC (System.gc()) [Tenured: 779945K->779945K(1385856K), 2.0088775 secs] 779945K->779945K(2009472K), [Metaspace: 10572K->10572K(12288K)], 2.0090231 secs] [Times: user=2.03 sys=0.00, real=2.01 secs] 

*** PauseDetector detected a 2044 ms pause at Mon Dec 22 04:06:46 EET 2014 ***

********************************
********** ROUND   88 **********
********************************

*** PauseDetector detected a 4120 ms pause at Mon Dec 22 04:06:50 EET 2014 ***

[GC (Allocation Failure) [DefNew: 554368K->5800K(623616K), 0.0107727 secs] 1334313K->785745K(2009472K), 0.0108170 secs] [Times: user=0.02 sys=0.00, real=0.01 secs] 
[GC (Allocation Failure) [DefNew: 560168K->69247K(623616K), 0.0952304 secs] 1340113K->888617K(2009472K), 0.0953908 secs] [Times: user=0.08 sys=0.00, real=0.09 secs] 
[GC (Allocation Failure) [DefNew: 623615K->5883K(623616K), 0.0503271 secs] 1442985K->889851K(2009472K), 0.0503708 secs] [Times: user=0.03 sys=0.00, real=0.04 secs] 
[GC (Allocation Failure) [DefNew: 560251K->69248K(623616K), 0.1093617 secs] 1444219K->992538K(2009472K), 0.1094060 secs] [Times: user=0.11 sys=0.00, real=0.11 secs] 
[GC (Allocation Failure) [DefNew: 623616K->5866K(623616K), 0.0442533 secs] 1546906K->993754K(2009472K), 0.0442989 secs] [Times: user=0.03 sys=0.00, real=0.04 secs] 
[GC (Allocation Failure) [DefNew: 560234K->69248K(623616K), 0.1026310 secs] 1548122K->1095940K(2009472K), 0.1026714 secs] [Times: user=0.09 sys=0.00, real=0.10 secs] 
[GC (Allocation Failure) [DefNew: 623616K->5887K(623616K), 0.0537050 secs] 1650308K->1097131K(2009472K), 0.0537564 secs] [Times: user=0.05 sys=0.00, real=0.05 secs] 
[GC (Allocation Failure) [DefNew: 560255K->69247K(623616K), 0.1004483 secs] 1651499K->1199194K(2009472K), 0.1005914 secs] [Times: user=0.11 sys=0.00, real=0.10 secs] 
[GC (Allocation Failure) [DefNew: 623615K->5887K(623616K), 0.0438601 secs] 1753562K->1200415K(2009472K), 0.0439069 secs] [Times: user=0.05 sys=0.00, real=0.04 secs] 
[GC (Allocation Failure) [DefNew: 560255K->69248K(623616K), 0.1013581 secs] 1754783K->1302424K(2009472K), 0.1014011 secs] [Times: user=0.11 sys=0.00, real=0.10 secs] 
[GC (Allocation Failure) [DefNew: 623616K->5893K(623616K), 0.0459503 secs] 1856792K->1303633K(2009472K), 0.0460542 secs] [Times: user=0.05 sys=0.00, real=0.05 secs] 
[GC (Allocation Failure) [DefNew: 560261K->69247K(623616K), 0.1152508 secs] 1858001K->1405605K(2009472K), 0.1153072 secs] [Times: user=0.11 sys=0.00, real=0.11 secs] 
[GC (Allocation Failure) [DefNew: 623615K->623615K(623616K), 0.0000776 secs][Tenured: 1336357K->853113K(1385856K), 2.2034232 secs] 1959973K->853113K(2009472K), [Metaspace: 10572K->10572K(12288K)], 2.2035675 secs] [Times: user=2.20 sys=0.00, real=2.20 secs] 

*** PauseDetector detected a 2202 ms pause at Mon Dec 22 04:07:12 EET 2014 ***

[GC (Allocation Failure) [DefNew: 554368K->69247K(623616K), 0.3542352 secs] 1407481K->985621K(2009472K), 0.3542911 secs] [Times: user=0.36 sys=0.00, real=0.35 secs] 

*** PauseDetector detected a 354 ms pause at Mon Dec 22 04:07:13 EET 2014 ***

[GC (Allocation Failure) [DefNew: 623615K->5879K(623616K), 0.0809560 secs] 1539989K->987251K(2009472K), 0.0810253 secs] [Times: user=0.06 sys=0.00, real=0.07 secs] 
[GC (Allocation Failure) [DefNew: 560247K->69247K(623616K), 0.4104366 secs] 1541619K->1106310K(2009472K), 0.4104771 secs] [Times: user=0.41 sys=0.00, real=0.41 secs] 

*** PauseDetector detected a 410 ms pause at Mon Dec 22 04:07:17 EET 2014 ***

[GC (Allocation Failure) [DefNew: 623615K->5850K(623616K), 0.0888705 secs] 1660678K->1107779K(2009472K), 0.0889789 secs] [Times: user=0.09 sys=0.00, real=0.09 secs] 
[GC (Allocation Failure) [DefNew: 560218K->69248K(623616K), 0.3742774 secs] 1662147K->1224337K(2009472K), 0.3744282 secs] [Times: user=0.36 sys=0.00, real=0.37 secs] 

*** PauseDetector detected a 377 ms pause at Mon Dec 22 04:07:21 EET 2014 ***

[GC (Allocation Failure) [DefNew: 623616K->5855K(623616K), 0.0697175 secs] 1778705K->1225767K(2009472K), 0.0697804 secs] [Times: user=0.06 sys=0.00, real=0.07 secs] 
[GC (Allocation Failure) [DefNew: 560223K->69248K(623616K), 0.3208585 secs] 1780135K->1338285K(2009472K), 0.3208990 secs] [Times: user=0.33 sys=0.00, real=0.32 secs] 
[GC (Allocation Failure) [DefNew: 623616K->5899K(623616K), 0.0844352 secs] 1892653K->1339681K(2009472K), 0.0844859 secs] [Times: user=0.08 sys=0.00, real=0.08 secs] 
[GC (Allocation Failure) [DefNew: 560267K->560267K(623616K), 0.0000314 secs][Tenured: 1333782K->791855K(1385856K), 2.3792695 secs] 1894049K->791855K(2009472K), [Metaspace: 10572K->10572K(12288K)], 2.3794498 secs] [Times: user=2.39 sys=0.00, real=2.37 secs] 

*** PauseDetector detected a 2375 ms pause at Mon Dec 22 04:07:30 EET 2014 ***

[GC (Allocation Failure) [DefNew: 554368K->5891K(623616K), 0.0117729 secs] 1346223K->797747K(2009472K), 0.0119147 secs] [Times: user=0.02 sys=0.00, real=0.01 secs] 
[GC (Allocation Failure) [DefNew: 560259K->69248K(623616K), 0.2875267 secs] 1352115K->906523K(2009472K), 0.2875761 secs] [Times: user=0.30 sys=0.00, real=0.28 secs] 
[GC (Allocation Failure) [DefNew: 623616K->5900K(623616K), 0.0615246 secs] 1460891K->907827K(2009472K), 0.0615906 secs] [Times: user=0.06 sys=0.00, real=0.05 secs] 
[GC (Allocation Failure) [DefNew: 560268K->69248K(623616K), 0.2123674 secs] 1462195K->1015857K(2009472K), 0.2124758 secs] [Times: user=0.20 sys=0.00, real=0.21 secs] 
[GC (Allocation Failure) [DefNew: 623616K->5900K(623616K), 0.0655979 secs] 1570225K->1017200K(2009472K), 0.0656441 secs] [Times: user=0.06 sys=0.00, real=0.06 secs] 
[GC (Allocation Failure) [DefNew: 560268K->69247K(623616K), 0.2449870 secs] 1571568K->1124694K(2009472K), 0.2451038 secs] [Times: user=0.23 sys=0.00, real=0.24 secs] 
[GC (Allocation Failure) [DefNew: 623615K->5881K(623616K), 0.0514409 secs] 1679062K->1125969K(2009472K), 0.0515891 secs] [Times: user=0.05 sys=0.00, real=0.04 secs] 
[GC (Allocation Failure) [DefNew: 560249K->69247K(623616K), 0.1823712 secs] 1680337K->1233036K(2009472K), 0.1824167 secs] [Times: user=0.17 sys=0.00, real=0.18 secs] 
[GC (Allocation Failure) [DefNew: 623615K->5883K(623616K), 0.0602722 secs] 1787404K->1234303K(2009472K), 0.0603165 secs] [Times: user=0.06 sys=0.00, real=0.05 secs] 
[GC (Allocation Failure) [DefNew: 560251K->69247K(623616K), 0.2348784 secs] 1788671K->1339913K(2009472K), 0.2349214 secs] [Times: user=0.23 sys=0.00, real=0.23 secs] 
[GC (Allocation Failure) [DefNew: 623615K->5904K(623616K), 0.0562008 secs] 1894281K->1341180K(2009472K), 0.0563503 secs] [Times: user=0.05 sys=0.00, real=0.05 secs] 
[GC (Allocation Failure) [DefNew: 560272K->560272K(623616K), 0.0000808 secs][Tenured: 1335275K->855224K(1385856K), 2.2369494 secs] 1895548K->855224K(2009472K), [Metaspace: 10572K->10572K(12288K)], 2.2370976 secs] [Times: user=2.23 sys=0.00, real=2.23 secs] 

*** PauseDetector detected a 2231 ms pause at Mon Dec 22 04:07:52 EET 2014 ***

[GC (Allocation Failure) [DefNew: 554368K->5913K(623616K), 0.0159784 secs] 1409592K->861137K(2009472K), 0.0160336 secs] [Times: user=0.02 sys=0.00, real=0.02 secs] 
[GC (Allocation Failure) [DefNew: 560281K->69247K(623616K), 0.1651391 secs] 1415505K->966114K(2009472K), 0.1652821 secs] [Times: user=0.17 sys=0.00, real=0.16 secs] 
[GC (Allocation Failure) [DefNew: 623615K->5906K(623616K), 0.0511759 secs] 1520482K->967373K(2009472K), 0.0512196 secs] [Times: user=0.05 sys=0.00, real=0.04 secs] 
[GC (Allocation Failure) [DefNew: 560274K->69247K(623616K), 0.1380428 secs] 1521741K->1072110K(2009472K), 0.1381069 secs] [Times: user=0.13 sys=0.00, real=0.14 secs] 
[GC (Allocation Failure) [DefNew: 623615K->5843K(623616K), 0.0510162 secs] 1626478K->1073311K(2009472K), 0.0510746 secs] [Times: user=0.05 sys=0.00, real=0.05 secs] 
[GC (Allocation Failure) [DefNew: 560211K->69248K(623616K), 0.1308443 secs] 1627679K->1177917K(2009472K), 0.1308847 secs] [Times: user=0.13 sys=0.00, real=0.13 secs] 
[GC (Allocation Failure) [DefNew: 623616K->5879K(623616K), 0.0438036 secs] 1732285K->1179139K(2009472K), 0.0438652 secs] [Times: user=0.03 sys=0.00, real=0.04 secs] 
[GC (Allocation Failure) [DefNew: 560247K->69247K(623616K), 0.1502507 secs] 1733507K->1283530K(2009472K), 0.1502930 secs] [Times: user=0.14 sys=0.00, real=0.14 secs] 
[GC (Allocation Failure) [DefNew: 623615K->5856K(623616K), 0.0587414 secs] 1837898K->1284723K(2009472K), 0.0587889 secs] [Times: user=0.05 sys=0.00, real=0.05 secs] 
[GC (Allocation Failure) [DefNew: 560224K->69248K(623616K), 0.1419602 secs] 1839091K->1388282K(2009472K), 0.1420135 secs] [Times: user=0.14 sys=0.00, real=0.14 secs] 
[GC (Allocation Failure) [DefNew: 623616K->623616K(623616K), 0.0000802 secs][Tenured: 1319034K->854617K(1385856K), 2.1788823 secs] 1942650K->854617K(2009472K), [Metaspace: 10572K->10572K(12288K)], 2.1791395 secs] [Times: user=2.17 sys=0.00, real=2.17 secs] 

*** PauseDetector detected a 2173 ms pause at Mon Dec 22 04:08:11 EET 2014 ***

[GC (Allocation Failure) [DefNew: 554368K->69248K(623616K), 0.1352654 secs] 1408985K->963869K(2009472K), 0.1353777 secs] [Times: user=0.13 sys=0.00, real=0.13 secs] 
[GC (Allocation Failure) [DefNew: 623616K->5845K(623616K), 0.0440795 secs] 1518237K->965044K(2009472K), 0.0441924 secs] [Times: user=0.05 sys=0.00, real=0.05 secs] 
[GC (Allocation Failure) [DefNew: 560213K->69248K(623616K), 0.1168342 secs] 1519412K->1068267K(2009472K), 0.1168733 secs] [Times: user=0.11 sys=0.00, real=0.12 secs] 
[GC (Allocation Failure) [DefNew: 623616K->5908K(623616K), 0.0458214 secs] 1622635K->1069529K(2009472K), 0.0458637 secs] [Times: user=0.05 sys=0.00, real=0.04 secs] 
[GC (Allocation Failure) [DefNew: 560276K->69247K(623616K), 0.1344647 secs] 1623897K->1172634K(2009472K), 0.1345096 secs] [Times: user=0.14 sys=0.00, real=0.13 secs] 
[GC (Allocation Failure) [DefNew: 623615K->5854K(623616K), 0.0546802 secs] 1727002K->1173778K(2009472K), 0.0547219 secs] [Times: user=0.05 sys=0.00, real=0.06 secs] 
[GC (Allocation Failure) [DefNew: 560222K->69248K(623616K), 0.1095048 secs] 1728146K->1276799K(2009472K), 0.1096575 secs] [Times: user=0.11 sys=0.00, real=0.11 secs] 
[GC (Allocation Failure) [DefNew: 623616K->5911K(623616K), 0.0576212 secs] 1831167K->1278029K(2009472K), 0.0576629 secs] [Times: user=0.05 sys=0.00, real=0.05 secs] 
[GC (Allocation Failure) [DefNew: 560279K->69248K(623616K), 0.1296516 secs] 1832397K->1380924K(2009472K), 0.1296926 secs] [Times: user=0.12 sys=0.00, real=0.12 secs] 
[GC (Allocation Failure) [DefNew: 623616K->623616K(623616K), 0.0000212 secs][Tenured: 1311676K->854075K(1385856K), 2.0880082 secs] 1935292K->854075K(2009472K), [Metaspace: 10572K->10572K(12288K)], 2.0881051 secs] [Times: user=2.07 sys=0.00, real=2.09 secs] 

*** PauseDetector detected a 2087 ms pause at Mon Dec 22 04:08:28 EET 2014 ***

[GC (Allocation Failure) [DefNew: 554368K->69248K(623616K), 0.1040546 secs] 1408443K->962790K(2009472K), 0.1041201 secs] [Times: user=0.11 sys=0.00, real=0.10 secs] 
[GC (Allocation Failure) [DefNew: 623616K->5859K(623616K), 0.0450290 secs] 1517158K->963937K(2009472K), 0.0450720 secs] [Times: user=0.05 sys=0.00, real=0.04 secs] 
[GC (Allocation Failure) [DefNew: 560227K->69247K(623616K), 0.0996675 secs] 1518305K->1066710K(2009472K), 0.0998170 secs] [Times: user=0.08 sys=0.00, real=0.09 secs] 
[GC (Allocation Failure) [DefNew: 623615K->5912K(623616K), 0.0484255 secs] 1621078K->1067911K(2009472K), 0.0485423 secs] [Times: user=0.05 sys=0.00, real=0.05 secs] 
[GC (Allocation Failure) [DefNew: 560280K->69247K(623616K), 0.0974689 secs] 1622279K->1170050K(2009472K), 0.0975324 secs] [Times: user=0.11 sys=0.00, real=0.10 secs] 
[GC (Allocation Failure) [DefNew: 623615K->5904K(623616K), 0.0449713 secs] 1724418K->1171258K(2009472K), 0.0450855 secs] [Times: user=0.03 sys=0.00, real=0.04 secs] 
[GC (Allocation Failure) [DefNew: 560272K->69248K(623616K), 0.0939325 secs] 1725626K->1273375K(2009472K), 0.0939979 secs] [Times: user=0.09 sys=0.00, real=0.09 secs] 
[GC (Allocation Failure) [DefNew: 623616K->5914K(623616K), 0.0451118 secs] 1827743K->1274553K(2009472K), 0.0452170 secs] [Times: user=0.05 sys=0.00, real=0.04 secs] 
[GC (Allocation Failure) [DefNew: 560282K->69247K(623616K), 0.1129340 secs] 1828921K->1376549K(2009472K), 0.1129764 secs] [Times: user=0.11 sys=0.00, real=0.11 secs] 
[GC (Allocation Failure) [DefNew: 623615K->623615K(623616K), 0.0000186 secs][Tenured: 1307301K->783925K(1385856K), 2.3591972 secs] 1930917K->783925K(2009472K), [Metaspace: 10572K->10572K(12288K)], 2.3593826 secs] [Times: user=2.36 sys=0.00, real=2.36 secs] 

*** PauseDetector detected a 2355 ms pause at Mon Dec 22 04:08:46 EET 2014 ***

[GC (Allocation Failure) [DefNew: 554368K->69248K(623616K), 0.0910191 secs] 1338293K->891806K(2009472K), 0.0910640 secs] [Times: user=0.08 sys=0.00, real=0.08 secs] 
[GC (Allocation Failure) [DefNew: 623616K->5842K(623616K), 0.0433583 secs] 1446174K->892915K(2009472K), 0.0434026 secs] [Times: user=0.03 sys=0.00, real=0.04 secs] 
[GC (Allocation Failure) [DefNew: 560210K->69248K(623616K), 0.3303673 secs] 1447283K->1019603K(2009472K), 0.3304103 secs] [Times: user=0.31 sys=0.00, real=0.33 secs] 
[GC (Allocation Failure) [DefNew: 623616K->5868K(623616K), 0.0970364 secs] 1573971K->1021200K(2009472K), 0.0970826 secs] [Times: user=0.09 sys=0.00, real=0.10 secs] 
[GC (Allocation Failure) [DefNew: 560236K->69248K(623616K), 0.3811750 secs] 1575568K->1140297K(2009472K), 0.3812404 secs] [Times: user=0.37 sys=0.00, real=0.37 secs] 

*** PauseDetector detected a 377 ms pause at Mon Dec 22 04:08:55 EET 2014 ***

[GC (Allocation Failure) [DefNew: 623616K->5916K(623616K), 0.1174796 secs] 1694665K->1141804K(2009472K), 0.1175245 secs] [Times: user=0.11 sys=0.00, real=0.12 secs] 
[GC (Allocation Failure) [DefNew: 560284K->69247K(623616K), 0.4280864 secs] 1696172K->1258249K(2009472K), 0.4281294 secs] [Times: user=0.42 sys=0.00, real=0.42 secs] 

*** PauseDetector detected a 430 ms pause at Mon Dec 22 04:08:58 EET 2014 ***

[GC (Allocation Failure) [DefNew: 623615K->5866K(623616K), 0.0840330 secs] 1812617K->1259738K(2009472K), 0.0841055 secs] [Times: user=0.08 sys=0.00, real=0.08 secs] 
[GC (Allocation Failure) [DefNew: 560234K->69247K(623616K), 0.3053760 secs] 1814106K->1372278K(2009472K), 0.3054171 secs] [Times: user=0.31 sys=0.00, real=0.31 secs] 
[GC (Allocation Failure) [DefNew: 623615K->623615K(623616K), 0.0000186 secs][Tenured: 1303030K->863656K(1385856K), 2.4646986 secs] 1926646K->863656K(2009472K), [Metaspace: 10572K->10572K(12288K)], 2.4648917 secs] [Times: user=2.45 sys=0.00, real=2.46 secs] 

*** PauseDetector detected a 2465 ms pause at Mon Dec 22 04:09:06 EET 2014 ***

[GC (Allocation Failure) [DefNew: 554368K->69248K(623616K), 0.2446509 secs] 1418024K->980818K(2009472K), 0.2446958 secs] [Times: user=0.25 sys=0.00, real=0.24 secs] 
[GC (Allocation Failure) [DefNew: 623616K->5917K(623616K), 0.0751215 secs] 1535186K->982183K(2009472K), 0.0751645 secs] [Times: user=0.08 sys=0.00, real=0.07 secs] 
[GC (Allocation Failure) [DefNew: 560285K->69248K(623616K), 0.2932849 secs] 1536551K->1090955K(2009472K), 0.2933259 secs] [Times: user=0.30 sys=0.00, real=0.29 secs] 
[GC (Allocation Failure) [DefNew: 623616K->5857K(623616K), 0.0658860 secs] 1645323K->1092193K(2009472K), 0.0659906 secs] [Times: user=0.06 sys=0.00, real=0.06 secs] 
[GC (Allocation Failure) [DefNew: 560225K->69248K(623616K), 0.2175501 secs] 1646561K->1200301K(2009472K), 0.2176630 secs] [Times: user=0.20 sys=0.00, real=0.21 secs] 
[GC (Allocation Failure) [DefNew: 623616K->5912K(623616K), 0.0518509 secs] 1754669K->1201622K(2009472K), 0.0520023 secs] [Times: user=0.05 sys=0.00, real=0.05 secs] 
[GC (Allocation Failure) [DefNew: 560280K->69247K(623616K), 0.2358606 secs] 1755990K->1309088K(2009472K), 0.2359703 secs] [Times: user=0.23 sys=0.00, real=0.24 secs] 
[GC (Allocation Failure) [DefNew: 623615K->5854K(623616K), 0.0611069 secs] 1863456K->1310351K(2009472K), 0.0612564 secs] [Times: user=0.05 sys=0.00, real=0.05 secs] 
[GC (Allocation Failure) [DefNew: 560222K->69248K(623616K), 0.1922059 secs] 1864719K->1417416K(2009472K), 0.1922713 secs] [Times: user=0.19 sys=0.00, real=0.19 secs] 
[Full GC (System.gc()) [Tenured: 1348168K->857049K(1385856K), 2.4971713 secs] 1863766K->857049K(2009472K), [Metaspace: 10572K->10572K(12288K)], 2.4972303 secs] [Times: user=2.50 sys=0.00, real=2.50 secs] 
[Full GC (System.gc()) [Tenured: 857049K->857050K(1385856K), 1.9222262 secs] 857051K->857050K(2009472K), [Metaspace: 10572K->10572K(12288K)], 1.9223783 secs] [Times: user=1.92 sys=0.00, real=1.92 secs] 
[Full GC (System.gc()) [Tenured: 857050K->787680K(1385856K), 1.9551192 secs] 868111K->787680K(2009472K), [Metaspace: 10572K->10572K(12288K)], 1.9552706 secs] [Times: user=1.95 sys=0.00, real=1.95 secs] 
[Full GC (System.gc()) [Tenured: 787680K->787682K(1385856K), 2.1936270 secs] 798740K->787682K(2009472K), [Metaspace: 10572K->10572K(12288K)], 2.1937540 secs] [Times: user=2.20 sys=0.00, real=2.19 secs] 

*** PauseDetector detected a 2497 ms pause at Mon Dec 22 04:09:25 EET 2014 ***

[Full GC (System.gc()) [Tenured: 787682K->787682K(1385856K), 1.9098496 secs] 787684K->787682K(2009472K), [Metaspace: 10572K->10572K(12288K)], 1.9100004 secs] [Times: user=1.90 sys=0.00, real=1.91 secs] 

*** PauseDetector detected a 7984 ms pause at Mon Dec 22 04:09:33 EET 2014 ***

[Full GC (System.gc()) [Tenured: 787682K->787683K(1385856K), 1.8937300 secs] 798744K->787683K(2009472K), [Metaspace: 10572K->10572K(12288K)], 1.8937749 secs] [Times: user=1.90 sys=0.00, real=1.89 secs] 

*** PauseDetector detected a 1891 ms pause at Mon Dec 22 04:09:35 EET 2014 ***

[GC (Allocation Failure) [DefNew: 554368K->69248K(623616K), 0.2069223 secs] 1342051K->899249K(2009472K), 0.2069640 secs] [Times: user=0.22 sys=0.00, real=0.20 secs] 
[GC (Allocation Failure) [DefNew: 623616K->5954K(623616K), 0.0626723 secs] 1453617K->900492K(2009472K), 0.0628173 secs] [Times: user=0.06 sys=0.00, real=0.06 secs] 
[GC (Allocation Failure) [DefNew: 560322K->69247K(623616K), 0.1830063 secs] 1454860K->1005787K(2009472K), 0.1831751 secs] [Times: user=0.19 sys=0.00, real=0.18 secs] 
[GC (Allocation Failure) [DefNew: 623615K->5954K(623616K), 0.0491101 secs] 1560155K->1007027K(2009472K), 0.0492596 secs] [Times: user=0.05 sys=0.00, real=0.05 secs] 
[GC (Allocation Failure) [DefNew: 560322K->69248K(623616K), 0.1703615 secs] 1561395K->1112030K(2009472K), 0.1704038 secs] [Times: user=0.17 sys=0.00, real=0.17 secs] 
[GC (Allocation Failure) [DefNew: 623616K->5954K(623616K), 0.0601176 secs] 1666398K->1113267K(2009472K), 0.0601651 secs] [Times: user=0.05 sys=0.00, real=0.05 secs] 
[Full GC (System.gc()) [Tenured: 1107312K->731200K(1385856K), 2.0292219 secs] 1180093K->731200K(2009472K), [Metaspace: 10572K->10572K(12288K)], 2.0293829 secs] [Times: user=2.01 sys=0.00, real=2.02 secs] 
[Full GC (System.gc()) [Tenured: 731200K->731206K(1385856K), 1.8726324 secs] 742339K->731206K(2009472K), [Metaspace: 10572K->10572K(12288K)], 1.8727858 secs] [Times: user=1.87 sys=0.00, real=1.87 secs] 
[Full GC (System.gc()) [Tenured: 731206K->731206K(1385856K), 2.0927039 secs] 742345K->731206K(2009472K), [Metaspace: 10572K->10572K(12288K)], 2.0927475 secs] [Times: user=2.11 sys=0.00, real=2.10 secs] 

*** PauseDetector detected a 3899 ms pause at Mon Dec 22 04:09:51 EET 2014 ***

********************************
********** ROUND   89 **********
********************************

*** PauseDetector detected a 2108 ms pause at Mon Dec 22 04:09:51 EET 2014 ***

[GC (Allocation Failure) [DefNew: 554368K->55978K(623616K), 0.0495868 secs] 1285574K->787184K(2009472K), 0.0496535 secs] [Times: user=0.05 sys=0.00, real=0.05 secs] 
[GC (Allocation Failure) [DefNew: 610346K->5881K(623616K), 0.0399946 secs] 1341552K->787709K(2009472K), 0.0401030 secs] [Times: user=0.03 sys=0.00, real=0.04 secs] 
[GC (Allocation Failure) [DefNew: 560249K->69247K(623616K), 0.1392021 secs] 1342077K->892261K(2009472K), 0.1393445 secs] [Times: user=0.14 sys=0.00, real=0.14 secs] 
[GC (Allocation Failure) [DefNew: 623615K->5886K(623616K), 0.0506120 secs] 1446629K->893506K(2009472K), 0.0506537 secs] [Times: user=0.05 sys=0.00, real=0.05 secs] 
[GC (Allocation Failure) [DefNew: 560254K->69248K(623616K), 0.1213996 secs] 1447874K->997881K(2009472K), 0.1214420 secs] [Times: user=0.11 sys=0.00, real=0.11 secs] 
[GC (Allocation Failure) [DefNew: 623616K->5882K(623616K), 0.0456571 secs] 1552249K->999109K(2009472K), 0.0457001 secs] [Times: user=0.05 sys=0.00, real=0.04 secs] 
[GC (Allocation Failure) [DefNew: 560250K->69247K(623616K), 0.1394927 secs] 1553477K->1102612K(2009472K), 0.1395325 secs] [Times: user=0.13 sys=0.00, real=0.13 secs] 
[GC (Allocation Failure) [DefNew: 623615K->5888K(623616K), 0.0518502 secs] 1656980K->1103828K(2009472K), 0.0518964 secs] [Times: user=0.05 sys=0.00, real=0.04 secs] 
[GC (Allocation Failure) [DefNew: 560256K->69247K(623616K), 0.1287938 secs] 1658196K->1207184K(2009472K), 0.1289452 secs] [Times: user=0.13 sys=0.00, real=0.12 secs] 
[GC (Allocation Failure) [DefNew: 623615K->5887K(623616K), 0.0418365 secs] 1761552K->1208386K(2009472K), 0.0419007 secs] [Times: user=0.03 sys=0.00, real=0.04 secs] 
[GC (Allocation Failure) [DefNew: 560255K->69248K(623616K), 0.1186877 secs] 1762754K->1311609K(2009472K), 0.1187512 secs] [Times: user=0.11 sys=0.00, real=0.12 secs] 
[GC (Allocation Failure) [DefNew: 623616K->5887K(623616K), 0.0517200 secs] 1865977K->1312832K(2009472K), 0.0517623 secs] [Times: user=0.05 sys=0.00, real=0.05 secs] 
[GC (Allocation Failure) [DefNew: 560255K->560255K(623616K), 0.0000308 secs][Tenured: 1306944K->851498K(1385856K), 2.1975772 secs] 1867200K->851498K(2009472K), [Metaspace: 10572K->10572K(12288K)], 2.1976881 secs] [Times: user=2.20 sys=0.00, real=2.20 secs] 

*** PauseDetector detected a 2200 ms pause at Mon Dec 22 04:10:13 EET 2014 ***

[GC (Allocation Failure) [DefNew: 554368K->5890K(623616K), 0.0119571 secs] 1405866K->857389K(2009472K), 0.0121380 secs] [Times: user=0.02 sys=0.00, real=0.01 secs] 
[GC (Allocation Failure) [DefNew: 560258K->69247K(623616K), 0.1258535 secs] 1411757K->960399K(2009472K), 0.1259651 secs] [Times: user=0.13 sys=0.00, real=0.13 secs] 
[GC (Allocation Failure) [DefNew: 623615K->5899K(623616K), 0.0391727 secs] 1514767K->961609K(2009472K), 0.0393126 secs] [Times: user=0.05 sys=0.00, real=0.03 secs] 
[GC (Allocation Failure) [DefNew: 560267K->69248K(623616K), 0.0973579 secs] 1515977K->1064493K(2009472K), 0.0974021 secs] [Times: user=0.09 sys=0.00, real=0.09 secs] 
[GC (Allocation Failure) [DefNew: 623616K->5892K(623616K), 0.0454133 secs] 1618861K->1065696K(2009472K), 0.0454544 secs] [Times: user=0.05 sys=0.00, real=0.05 secs] 
[GC (Allocation Failure) [DefNew: 560260K->69248K(623616K), 0.1192318 secs] 1620064K->1168503K(2009472K), 0.1192728 secs] [Times: user=0.11 sys=0.00, real=0.11 secs] 
[GC (Allocation Failure) [DefNew: 623616K->5906K(623616K), 0.0509828 secs] 1722871K->1169714K(2009472K), 0.0510316 secs] [Times: user=0.05 sys=0.00, real=0.05 secs] 
[GC (Allocation Failure) [DefNew: 560274K->69248K(623616K), 0.1054019 secs] 1724082K->1272417K(2009472K), 0.1054436 secs] [Times: user=0.11 sys=0.00, real=0.10 secs] 
[GC (Allocation Failure) [DefNew: 623616K->5897K(623616K), 0.0483145 secs] 1826785K->1273625K(2009472K), 0.0483581 secs] [Times: user=0.05 sys=0.00, real=0.05 secs] 
[GC (Allocation Failure) [DefNew: 560265K->69248K(623616K), 0.1200972 secs] 1827993K->1375796K(2009472K), 0.1201389 secs] [Times: user=0.11 sys=0.00, real=0.12 secs] 
[GC (Allocation Failure) [DefNew: 623616K->623616K(623616K), 0.0000205 secs][Tenured: 1306548K->784045K(1385856K), 2.1773707 secs] 1930164K->784045K(2009472K), [Metaspace: 10572K->10572K(12288K)], 2.1774740 secs] [Times: user=2.17 sys=0.00, real=2.18 secs] 

*** PauseDetector detected a 2177 ms pause at Mon Dec 22 04:10:31 EET 2014 ***

[GC (Allocation Failure) [DefNew: 554368K->69247K(623616K), 0.0963981 secs] 1338413K->892045K(2009472K), 0.0964411 secs] [Times: user=0.09 sys=0.00, real=0.10 secs] 
[GC (Allocation Failure) [DefNew: 623615K->5896K(623616K), 0.0409043 secs] 1446413K->893225K(2009472K), 0.0409479 secs] [Times: user=0.03 sys=0.00, real=0.03 secs] 
[GC (Allocation Failure) [DefNew: 560264K->69248K(623616K), 0.0974502 secs] 1447593K->995242K(2009472K), 0.0974952 secs] [Times: user=0.09 sys=0.00, real=0.10 secs] 
[GC (Allocation Failure) [DefNew: 623616K->5898K(623616K), 0.0401145 secs] 1549610K->996439K(2009472K), 0.0401562 secs] [Times: user=0.05 sys=0.00, real=0.04 secs] 
[GC (Allocation Failure) [DefNew: 560266K->69247K(623616K), 0.1101150 secs] 1550807K->1098408K(2009472K), 0.1101579 secs] [Times: user=0.09 sys=0.00, real=0.10 secs] 
[GC (Allocation Failure) [DefNew: 623615K->5873K(623616K), 0.0370934 secs] 1652776K->1099562K(2009472K), 0.0371575 secs] [Times: user=0.03 sys=0.00, real=0.04 secs] 
[GC (Allocation Failure) [DefNew: 560241K->69247K(623616K), 0.3176019 secs] 1653930K->1226187K(2009472K), 0.3176442 secs] [Times: user=0.31 sys=0.00, real=0.31 secs] 
[GC (Allocation Failure) [DefNew: 623615K->5902K(623616K), 0.0893170 secs] 1780555K->1227850K(2009472K), 0.0893805 secs] [Times: user=0.09 sys=0.00, real=0.09 secs] 
[GC (Allocation Failure) [DefNew: 560270K->69248K(623616K), 0.4419970 secs] 1782218K->1346886K(2009472K), 0.4420452 secs] [Times: user=0.44 sys=0.00, real=0.44 secs] 

*** PauseDetector detected a 443 ms pause at Mon Dec 22 04:10:46 EET 2014 ***

[GC (Allocation Failure) [DefNew: 623616K->5906K(623616K), 0.0978050 secs] 1901254K->1348410K(2009472K), 0.0978480 secs] [Times: user=0.09 sys=0.00, real=0.10 secs] 
[GC (Allocation Failure) [DefNew: 560274K->560274K(623616K), 0.0000192 secs][Tenured: 1342503K->866078K(1385856K), 2.3379341 secs] 1902778K->866078K(2009472K), [Metaspace: 10572K->10572K(12288K)], 2.3380271 secs] [Times: user=2.34 sys=0.00, real=2.34 secs] 

*** PauseDetector detected a 2338 ms pause at Mon Dec 22 04:10:52 EET 2014 ***

[GC (Allocation Failure) [DefNew: 554368K->5904K(623616K), 0.0128578 secs] 1420446K->871983K(2009472K), 0.0128989 secs] [Times: user=0.02 sys=0.00, real=0.01 secs] 
[GC (Allocation Failure) [DefNew: 560272K->69247K(623616K), 0.3042597 secs] 1426351K->984483K(2009472K), 0.3043059 secs] [Times: user=0.30 sys=0.00, real=0.30 secs] 
[GC (Allocation Failure) [DefNew: 623615K->5881K(623616K), 0.0632543 secs] 1538851K->985836K(2009472K), 0.0633332 secs] [Times: user=0.05 sys=0.00, real=0.06 secs] 
[GC (Allocation Failure) [DefNew: 560249K->69248K(623616K), 0.2439188 secs] 1540204K->1097104K(2009472K), 0.2439541 secs] [Times: user=0.25 sys=0.00, real=0.24 secs] 
[GC (Allocation Failure) [DefNew: 623616K->5907K(623616K), 0.0787842 secs] 1651472K->1098495K(2009472K), 0.0788266 secs] [Times: user=0.08 sys=0.00, real=0.07 secs] 
[GC (Allocation Failure) [DefNew: 560275K->69247K(623616K), 0.2809660 secs] 1652863K->1207259K(2009472K), 0.2810366 secs] [Times: user=0.28 sys=0.00, real=0.27 secs] 
[GC (Allocation Failure) [DefNew: 623615K->5906K(623616K), 0.0610639 secs] 1761627K->1208564K(2009472K), 0.0611095 secs] [Times: user=0.06 sys=0.00, real=0.06 secs] 
[GC (Allocation Failure) [DefNew: 560274K->69247K(623616K), 0.2330383 secs] 1762932K->1316641K(2009472K), 0.2331025 secs] [Times: user=0.23 sys=0.00, real=0.23 secs] 
[GC (Allocation Failure) [DefNew: 623615K->5909K(623616K), 0.0679878 secs] 1871009K->1317941K(2009472K), 0.0680308 secs] [Times: user=0.08 sys=0.00, real=0.06 secs] 
[GC (Allocation Failure) [DefNew: 560277K->560277K(623616K), 0.0000192 secs][Tenured: 1312032K->857453K(1385856K), 2.2278018 secs] 1872309K->857453K(2009472K), [Metaspace: 10572K->10572K(12288K)], 2.2279044 secs] [Times: user=2.22 sys=0.00, real=2.23 secs] 

*** PauseDetector detected a 2227 ms pause at Mon Dec 22 04:11:11 EET 2014 ***

[GC (Allocation Failure) [DefNew: 554368K->5879K(623616K), 0.0119577 secs] 1411821K->863332K(2009472K), 0.0120013 secs] [Times: user=0.00 sys=0.00, real=0.01 secs] 
[GC (Allocation Failure) [DefNew: 560247K->69248K(623616K), 0.2234038 secs] 1417700K->970414K(2009472K), 0.2234461 secs] [Times: user=0.22 sys=0.00, real=0.22 secs] 
[GC (Allocation Failure) [DefNew: 623616K->5911K(623616K), 0.0540168 secs] 1524782K->971696K(2009472K), 0.0541586 secs] [Times: user=0.05 sys=0.00, real=0.05 secs] 
[GC (Allocation Failure) [DefNew: 560279K->69248K(623616K), 0.1822602 secs] 1526064K->1077286K(2009472K), 0.1823057 secs] [Times: user=0.19 sys=0.00, real=0.18 secs] 
[GC (Allocation Failure) [DefNew: 623616K->5908K(623616K), 0.0465489 secs] 1631654K->1078549K(2009472K), 0.0466913 secs] [Times: user=0.05 sys=0.00, real=0.05 secs] 
[GC (Allocation Failure) [DefNew: 560276K->69247K(623616K), 0.1932837 secs] 1632917K->1183840K(2009472K), 0.1933267 secs] [Times: user=0.19 sys=0.00, real=0.19 secs] 
[GC (Allocation Failure) [DefNew: 623615K->5913K(623616K), 0.0545109 secs] 1738208K->1185089K(2009472K), 0.0546520 secs] [Times: user=0.06 sys=0.00, real=0.05 secs] 
[GC (Allocation Failure) [DefNew: 560281K->69247K(623616K), 0.1421854 secs] 1739457K->1290087K(2009472K), 0.1423278 secs] [Times: user=0.13 sys=0.00, real=0.14 secs] 
[GC (Allocation Failure) [DefNew: 623615K->5909K(623616K), 0.0486623 secs] 1844455K->1291325K(2009472K), 0.0487033 secs] [Times: user=0.05 sys=0.00, real=0.04 secs] 
[GC (Allocation Failure) [DefNew: 560277K->69247K(623616K), 0.1739543 secs] 1845693K->1396091K(2009472K), 0.1740621 secs] [Times: user=0.17 sys=0.00, real=0.17 secs] 
[GC (Allocation Failure) [DefNew: 623615K->623615K(623616K), 0.0000828 secs][Tenured: 1326843K->855947K(1385856K), 2.2187787 secs] 1950459K->855947K(2009472K), [Metaspace: 10572K->10572K(12288K)], 2.2189314 secs] [Times: user=2.20 sys=0.00, real=2.21 secs] 

*** PauseDetector detected a 2210 ms pause at Mon Dec 22 04:11:31 EET 2014 ***

[GC (Allocation Failure) [DefNew: 554368K->69247K(623616K), 0.1558978 secs] 1410315K->966376K(2009472K), 0.1559389 secs] [Times: user=0.16 sys=0.00, real=0.16 secs] 
[GC (Allocation Failure) [DefNew: 623615K->5913K(623616K), 0.0525900 secs] 1520744K->967653K(2009472K), 0.0526342 secs] [Times: user=0.05 sys=0.00, real=0.05 secs] 
[GC (Allocation Failure) [DefNew: 560281K->69247K(623616K), 0.1349151 secs] 1522021K->1072030K(2009472K), 0.1350646 secs] [Times: user=0.13 sys=0.00, real=0.13 secs] 
[GC (Allocation Failure) [DefNew: 623615K->5879K(623616K), 0.0428977 secs] 1626398K->1073226K(2009472K), 0.0430010 secs] [Times: user=0.05 sys=0.00, real=0.04 secs] 
[GC (Allocation Failure) [DefNew: 560247K->69247K(623616K), 0.1400124 secs] 1627594K->1176763K(2009472K), 0.1401247 secs] [Times: user=0.14 sys=0.00, real=0.14 secs] 
[GC (Allocation Failure) [DefNew: 623615K->5917K(623616K), 0.0482491 secs] 1731131K->1177977K(2009472K), 0.0482927 secs] [Times: user=0.05 sys=0.00, real=0.04 secs] 
[GC (Allocation Failure) [DefNew: 560285K->69248K(623616K), 0.1221214 secs] 1732345K->1281315K(2009472K), 0.1221650 secs] [Times: user=0.11 sys=0.00, real=0.12 secs] 
[GC (Allocation Failure) [DefNew: 623616K->5914K(623616K), 0.0447871 secs] 1835683K->1282532K(2009472K), 0.0448269 secs] [Times: user=0.05 sys=0.00, real=0.04 secs] 
[GC (Allocation Failure) [DefNew: 560282K->69248K(623616K), 0.1257964 secs] 1836900K->1385773K(2009472K), 0.1258400 secs] [Times: user=0.13 sys=0.00, real=0.13 secs] 
[GC (Allocation Failure) [DefNew: 623616K->623616K(623616K), 0.0000314 secs][Tenured: 1316525K->785078K(1385856K), 2.3269606 secs] 1940141K->785078K(2009472K), [Metaspace: 10572K->10572K(12288K)], 2.3271729 secs] [Times: user=2.31 sys=0.00, real=2.32 secs] 

*** PauseDetector detected a 2320 ms pause at Mon Dec 22 04:11:49 EET 2014 ***

[GC (Allocation Failure) [DefNew: 554368K->69248K(623616K), 0.1135403 secs] 1339446K->894093K(2009472K), 0.1135814 secs] [Times: user=0.11 sys=0.00, real=0.11 secs] 
[GC (Allocation Failure) [DefNew: 623616K->5915K(623616K), 0.0418577 secs] 1448461K->895296K(2009472K), 0.0419000 secs] [Times: user=0.03 sys=0.00, real=0.04 secs] 
[GC (Allocation Failure) [DefNew: 560283K->69248K(623616K), 0.1342799 secs] 1449664K->998290K(2009472K), 0.1343280 secs] [Times: user=0.13 sys=0.00, real=0.13 secs] 
[GC (Allocation Failure) [DefNew: 623616K->5887K(623616K), 0.0470153 secs] 1552658K->999462K(2009472K), 0.0470583 secs] [Times: user=0.05 sys=0.00, real=0.04 secs] 
[GC (Allocation Failure) [DefNew: 560255K->69248K(623616K), 0.1224300 secs] 1553830K->1102356K(2009472K), 0.1224730 secs] [Times: user=0.13 sys=0.00, real=0.12 secs] 
[GC (Allocation Failure) [DefNew: 623616K->5916K(623616K), 0.0427617 secs] 1656724K->1103586K(2009472K), 0.0428008 secs] [Times: user=0.03 sys=0.00, real=0.03 secs] 
[GC (Allocation Failure) [DefNew: 560284K->69248K(623616K), 0.1256514 secs] 1657954K->1206347K(2009472K), 0.1256950 secs] [Times: user=0.12 sys=0.00, real=0.12 secs] 
[GC (Allocation Failure) [DefNew: 623616K->5900K(623616K), 0.0438119 secs] 1760715K->1207573K(2009472K), 0.0438498 secs] [Times: user=0.03 sys=0.00, real=0.03 secs] 
[GC (Allocation Failure) [DefNew: 560268K->69247K(623616K), 0.1101220 secs] 1761941K->1310309K(2009472K), 0.1101644 secs] [Times: user=0.11 sys=0.00, real=0.11 secs] 
[GC (Allocation Failure) [DefNew: 623615K->5882K(623616K), 0.0398553 secs] 1864677K->1311475K(2009472K), 0.0399926 secs] [Times: user=0.05 sys=0.00, real=0.04 secs] 
[GC (Allocation Failure) [DefNew: 560250K->560250K(623616K), 0.0000199 secs][Tenured: 1305592K->852205K(1385856K), 2.3495812 secs] 1865843K->852205K(2009472K), [Metaspace: 10572K->10572K(12288K)], 2.3497711 secs] [Times: user=2.34 sys=0.00, real=2.34 secs] 

*** PauseDetector detected a 2347 ms pause at Mon Dec 22 04:12:08 EET 2014 ***

[GC (Allocation Failure) [DefNew: 554368K->5901K(623616K), 0.0124106 secs] 1406573K->858107K(2009472K), 0.0124543 secs] [Times: user=0.00 sys=0.00, real=0.01 secs] 
[GC (Allocation Failure) [DefNew: 560269K->69248K(623616K), 0.0981104 secs] 1412475K->960224K(2009472K), 0.0981515 secs] [Times: user=0.09 sys=0.00, real=0.09 secs] 
[GC (Allocation Failure) [DefNew: 623616K->5919K(623616K), 0.0449353 secs] 1514592K->961410K(2009472K), 0.0449777 secs] [Times: user=0.03 sys=0.00, real=0.04 secs] 
[GC (Allocation Failure) [DefNew: 560287K->69248K(623616K), 0.0945362 secs] 1515778K->1063443K(2009472K), 0.0945972 secs] [Times: user=0.09 sys=0.00, real=0.09 secs] 
[GC (Allocation Failure) [DefNew: 623616K->5918K(623616K), 0.0377644 secs] 1617811K->1064621K(2009472K), 0.0378292 secs] [Times: user=0.03 sys=0.00, real=0.03 secs] 
[GC (Allocation Failure) [DefNew: 560286K->69248K(623616K), 0.1007537 secs] 1618989K->1166543K(2009472K), 0.1008006 secs] [Times: user=0.09 sys=0.00, real=0.10 secs] 
[GC (Allocation Failure) [DefNew: 623616K->5908K(623616K), 0.0454082 secs] 1720911K->1167758K(2009472K), 0.0454499 secs] [Times: user=0.05 sys=0.00, real=0.05 secs] 
[GC (Allocation Failure) [DefNew: 560276K->69248K(623616K), 0.3460968 secs] 1722126K->1294337K(2009472K), 0.3462361 secs] [Times: user=0.36 sys=0.00, real=0.35 secs] 
[Full GC (System.gc()) [Tenured: 1225089K->871591K(1385856K), 2.1200331 secs] 1339366K->871591K(2009472K), [Metaspace: 10572K->10572K(12288K)], 2.1200934 secs] [Times: user=2.11 sys=0.00, real=2.12 secs] 
[Full GC (System.gc()) [Tenured: 871591K->871513K(1385856K), 2.0712797 secs] 871593K->871513K(2009472K), [Metaspace: 10572K->10572K(12288K)], 2.0714324 secs] [Times: user=2.07 sys=0.00, real=2.07 secs] 
[Full GC (System.gc()) [Tenured: 871513K->802222K(1385856K), 2.3027417 secs] 871515K->802222K(2009472K), [Metaspace: 10572K->10572K(12288K)], 2.3028059 secs] [Times: user=2.31 sys=0.00, real=2.30 secs] 

*** PauseDetector detected a 4192 ms pause at Mon Dec 22 04:12:25 EET 2014 ***

[Full GC (System.gc()) [Tenured: 802222K->802222K(1385856K), 1.9401121 secs] 802224K->802222K(2009472K), [Metaspace: 10572K->10572K(12288K)], 1.9401583 secs] [Times: user=1.93 sys=0.00, real=1.95 secs] 
[Full GC (System.gc()) [Tenured: 802222K->802222K(1385856K), 1.9831734 secs] 802222K->802222K(2009472K), [Metaspace: 10572K->10572K(12288K)], 1.9833216 secs] [Times: user=2.00 sys=0.00, real=1.98 secs] 
[Full GC (System.gc()) [Tenured: 802222K->802222K(1385856K), 2.2273180 secs] 802222K->802222K(2009472K), [Metaspace: 10572K->10572K(12288K)], 2.2273719 secs] [Times: user=2.22 sys=0.00, real=2.22 secs] 

*** PauseDetector detected a 8458 ms pause at Mon Dec 22 04:12:33 EET 2014 ***

[GC (Allocation Failure) [DefNew: 554368K->69248K(623616K), 0.4607471 secs] 1356590K->927242K(2009472K), 0.4608202 secs] [Times: user=0.45 sys=0.00, real=0.45 secs] 

*** PauseDetector detected a 454 ms pause at Mon Dec 22 04:12:35 EET 2014 ***

[GC (Allocation Failure) [DefNew: 623616K->5954K(623616K), 0.0806429 secs] 1481610K->928733K(2009472K), 0.0807956 secs] [Times: user=0.08 sys=0.00, real=0.07 secs] 
[GC (Allocation Failure) [DefNew: 560322K->69247K(623616K), 0.4332023 secs] 1483101K->1045253K(2009472K), 0.4332421 secs] [Times: user=0.42 sys=0.00, real=0.43 secs] 

*** PauseDetector detected a 429 ms pause at Mon Dec 22 04:12:39 EET 2014 ***

[GC (Allocation Failure) [DefNew: 623615K->5954K(623616K), 0.0946735 secs] 1599621K->1046717K(2009472K), 0.0947261 secs] [Times: user=0.09 sys=0.00, real=0.09 secs] 
[GC (Allocation Failure) [DefNew: 560322K->69248K(623616K), 0.3327572 secs] 1601085K->1159191K(2009472K), 0.3329150 secs] [Times: user=0.33 sys=0.00, real=0.33 secs] 
[Full GC (System.gc()) [Tenured: 1089943K->789836K(1385856K), 2.2748633 secs] 1281703K->789836K(2009472K), [Metaspace: 10572K->10572K(12288K)], 2.2749198 secs] [Times: user=2.26 sys=0.00, real=2.27 secs] 
[Full GC (System.gc()) [Tenured: 789836K->789836K(1385856K), 2.1121289 secs] 789838K->789836K(2009472K), [Metaspace: 10572K->10572K(12288K)], 2.1122758 secs] [Times: user=2.12 sys=0.00, real=2.12 secs] 
[Full GC (System.gc()) [Tenured: 789836K->789836K(1385856K), 1.9285836 secs] 800973K->789836K(2009472K), [Metaspace: 10572K->10572K(12288K)], 1.9286471 secs] [Times: user=1.94 sys=0.00, real=1.93 secs] 

*** PauseDetector detected a 2268 ms pause at Mon Dec 22 04:12:45 EET 2014 ***

********************************
********** ROUND   90 **********
********************************

*** PauseDetector detected a 4057 ms pause at Mon Dec 22 04:12:49 EET 2014 ***

[GC (Allocation Failure) [DefNew: 554368K->69247K(623616K), 0.2830440 secs] 1344204K->906984K(2009472K), 0.2830832 secs] [Times: user=0.26 sys=0.00, real=0.27 secs] 
[GC (Allocation Failure) [DefNew: 623615K->5888K(623616K), 0.0758067 secs] 1461352K->908359K(2009472K), 0.0758490 secs] [Times: user=0.06 sys=0.00, real=0.07 secs] 
[GC (Allocation Failure) [DefNew: 560256K->69248K(623616K), 0.2550046 secs] 1462727K->1017115K(2009472K), 0.2552106 secs] [Times: user=0.25 sys=0.00, real=0.25 secs] 
[GC (Allocation Failure) [DefNew: 623616K->5879K(623616K), 0.0604987 secs] 1571483K->1018420K(2009472K), 0.0605423 secs] [Times: user=0.05 sys=0.00, real=0.05 secs] 
[GC (Allocation Failure) [DefNew: 560247K->69248K(623616K), 0.2104606 secs] 1572788K->1126498K(2009472K), 0.2105209 secs] [Times: user=0.20 sys=0.00, real=0.20 secs] 
[GC (Allocation Failure) [DefNew: 623616K->5892K(623616K), 0.0696649 secs] 1680866K->1127806K(2009472K), 0.0697143 secs] [Times: user=0.06 sys=0.00, real=0.07 secs] 
[GC (Allocation Failure) [DefNew: 560260K->69248K(623616K), 0.2069095 secs] 1682174K->1235286K(2009472K), 0.2069506 secs] [Times: user=0.20 sys=0.00, real=0.20 secs] 
[GC (Allocation Failure) [DefNew: 623616K->5869K(623616K), 0.0518381 secs] 1789654K->1236572K(2009472K), 0.0519728 secs] [Times: user=0.05 sys=0.00, real=0.05 secs] 
[GC (Allocation Failure) [DefNew: 560237K->69247K(623616K), 0.1987089 secs] 1790940K->1343632K(2009472K), 0.1987711 secs] [Times: user=0.19 sys=0.00, real=0.19 secs] 
[GC (Allocation Failure) [DefNew: 623615K->5874K(623616K), 0.0653015 secs] 1898000K->1344908K(2009472K), 0.0653445 secs] [Times: user=0.06 sys=0.00, real=0.06 secs] 
[GC (Allocation Failure) [DefNew: 560242K->560242K(623616K), 0.0000186 secs][Tenured: 1339034K->855554K(1385856K), 2.2929917 secs] 1899276K->855554K(2009472K), [Metaspace: 10572K->10572K(12288K)], 2.2930911 secs] [Times: user=2.29 sys=0.00, real=2.29 secs] 

*** PauseDetector detected a 2289 ms pause at Mon Dec 22 04:13:10 EET 2014 ***

[GC (Allocation Failure) [DefNew: 554368K->5891K(623616K), 0.0146382 secs] 1409922K->861445K(2009472K), 0.0146825 secs] [Times: user=0.01 sys=0.00, real=0.02 secs] 
[GC (Allocation Failure) [DefNew: 560259K->69248K(623616K), 0.1561923 secs] 1415813K->966728K(2009472K), 0.1562366 secs] [Times: user=0.16 sys=0.00, real=0.16 secs] 
[GC (Allocation Failure) [DefNew: 623616K->5891K(623616K), 0.0534908 secs] 1521096K->967986K(2009472K), 0.0535331 secs] [Times: user=0.06 sys=0.00, real=0.05 secs] 
[GC (Allocation Failure) [DefNew: 560259K->69248K(623616K), 0.1486974 secs] 1522354K->1072987K(2009472K), 0.1487385 secs] [Times: user=0.14 sys=0.00, real=0.14 secs] 
[GC (Allocation Failure) [DefNew: 623616K->5893K(623616K), 0.0518855 secs] 1627355K->1074228K(2009472K), 0.0520895 secs] [Times: user=0.05 sys=0.00, real=0.05 secs] 
[GC (Allocation Failure) [DefNew: 560261K->69248K(623616K), 0.1695698 secs] 1628596K->1179002K(2009472K), 0.1696429 secs] [Times: user=0.16 sys=0.00, real=0.16 secs] 
[GC (Allocation Failure) [DefNew: 623616K->5893K(623616K), 0.0457104 secs] 1733370K->1180229K(2009472K), 0.0457700 secs] [Times: user=0.05 sys=0.00, real=0.05 secs] 
[GC (Allocation Failure) [DefNew: 560261K->69248K(623616K), 0.1309059 secs] 1734597K->1284785K(2009472K), 0.1309437 secs] [Times: user=0.12 sys=0.00, real=0.12 secs] 
[GC (Allocation Failure) [DefNew: 623616K->5882K(623616K), 0.0461428 secs] 1839153K->1286010K(2009472K), 0.0462012 secs] [Times: user=0.03 sys=0.00, real=0.04 secs] 
[GC (Allocation Failure) [DefNew: 560250K->69248K(623616K), 0.1600276 secs] 1840378K->1390407K(2009472K), 0.1600700 secs] [Times: user=0.16 sys=0.00, real=0.15 secs] 
[GC (Allocation Failure) [DefNew: 623616K->623616K(623616K), 0.0000860 secs][Tenured: 1321159K->786259K(1385856K), 2.1682058 secs] 1944775K->786259K(2009472K), [Metaspace: 10572K->10572K(12288K)], 2.1683579 secs] [Times: user=2.17 sys=0.00, real=2.16 secs] 

*** PauseDetector detected a 2162 ms pause at Mon Dec 22 04:13:29 EET 2014 ***

[GC (Allocation Failure) [DefNew: 554368K->69248K(623616K), 0.1403274 secs] 1340627K->895665K(2009472K), 0.1403685 secs] [Times: user=0.12 sys=0.00, real=0.13 secs] 
[GC (Allocation Failure) [DefNew: 623616K->5906K(623616K), 0.0512985 secs] 1450033K->896879K(2009472K), 0.0514448 secs] [Times: user=0.05 sys=0.00, real=0.04 secs] 
[GC (Allocation Failure) [DefNew: 560274K->69248K(623616K), 0.1122828 secs] 1451247K->1000222K(2009472K), 0.1123483 secs] [Times: user=0.09 sys=0.00, real=0.10 secs] 
[GC (Allocation Failure) [DefNew: 623616K->5900K(623616K), 0.0466708 secs] 1554590K->1001431K(2009472K), 0.0467087 secs] [Times: user=0.05 sys=0.00, real=0.05 secs] 
[GC (Allocation Failure) [DefNew: 560268K->69248K(623616K), 0.1295996 secs] 1555799K->1104644K(2009472K), 0.1296458 secs] [Times: user=0.13 sys=0.00, real=0.13 secs] 
[GC (Allocation Failure) [DefNew: 623616K->5887K(623616K), 0.0468453 secs] 1659012K->1105839K(2009472K), 0.0468883 secs] [Times: user=0.05 sys=0.00, real=0.04 secs] 
[GC (Allocation Failure) [DefNew: 560255K->69248K(623616K), 0.1070264 secs] 1660207K->1208974K(2009472K), 0.1071303 secs] [Times: user=0.11 sys=0.00, real=0.10 secs] 
[GC (Allocation Failure) [DefNew: 623616K->5877K(623616K), 0.0411520 secs] 1763342K->1210156K(2009472K), 0.0412148 secs] [Times: user=0.05 sys=0.00, real=0.03 secs] 
[GC (Allocation Failure) [DefNew: 560245K->69247K(623616K), 0.1218680 secs] 1764524K->1313172K(2009472K), 0.1219103 secs] [Times: user=0.11 sys=0.00, real=0.12 secs] 
[GC (Allocation Failure) [DefNew: 623615K->5910K(623616K), 0.0470070 secs] 1867540K->1314382K(2009472K), 0.0470500 secs] [Times: user=0.03 sys=0.00, real=0.04 secs] 
[GC (Allocation Failure) [DefNew: 560278K->560278K(623616K), 0.0000218 secs][Tenured: 1308472K->852892K(1385856K), 2.0998485 secs] 1868750K->852892K(2009472K), [Metaspace: 10572K->10572K(12288K)], 2.0999351 secs] [Times: user=2.09 sys=0.00, real=2.09 secs] 

*** PauseDetector detected a 2095 ms pause at Mon Dec 22 04:13:48 EET 2014 ***

[GC (Allocation Failure) [DefNew: 554368K->5903K(623616K), 0.0121553 secs] 1407260K->858796K(2009472K), 0.0121983 secs] [Times: user=0.00 sys=0.00, real=0.01 secs] 
[GC (Allocation Failure) [DefNew: 560271K->69248K(623616K), 0.1214009 secs] 1413164K->961607K(2009472K), 0.1214433 secs] [Times: user=0.13 sys=0.00, real=0.12 secs] 
[GC (Allocation Failure) [DefNew: 623616K->5905K(623616K), 0.0431582 secs] 1515975K->962802K(2009472K), 0.0431986 secs] [Times: user=0.05 sys=0.00, real=0.04 secs] 
[GC (Allocation Failure) [DefNew: 560273K->69247K(623616K), 0.1140305 secs] 1517170K->1065521K(2009472K), 0.1141748 secs] [Times: user=0.11 sys=0.00, real=0.11 secs] 
[GC (Allocation Failure) [DefNew: 623615K->5906K(623616K), 0.0400799 secs] 1619889K->1066722K(2009472K), 0.0401453 secs] [Times: user=0.03 sys=0.00, real=0.04 secs] 
[GC (Allocation Failure) [DefNew: 560274K->69247K(623616K), 0.1177382 secs] 1621090K->1168899K(2009472K), 0.1177792 secs] [Times: user=0.12 sys=0.00, real=0.11 secs] 
[GC (Allocation Failure) [DefNew: 623615K->5873K(623616K), 0.0449899 secs] 1723267K->1170045K(2009472K), 0.0450264 secs] [Times: user=0.05 sys=0.00, real=0.04 secs] 
[GC (Allocation Failure) [DefNew: 560241K->69248K(623616K), 0.0982054 secs] 1724413K->1272179K(2009472K), 0.0983555 secs] [Times: user=0.09 sys=0.00, real=0.09 secs] 
[GC (Allocation Failure) [DefNew: 623616K->5900K(623616K), 0.0387615 secs] 1826547K->1273357K(2009472K), 0.0388076 secs] [Times: user=0.03 sys=0.00, real=0.04 secs] 
[GC (Allocation Failure) [DefNew: 560268K->69248K(623616K), 0.1202134 secs] 1827725K->1375398K(2009472K), 0.1202563 secs] [Times: user=0.13 sys=0.00, real=0.12 secs] 
[GC (Allocation Failure) [DefNew: 623616K->623616K(623616K), 0.0000199 secs][Tenured: 1306150K->851801K(1385856K), 2.1729778 secs] 1929766K->851801K(2009472K), [Metaspace: 10572K->10572K(12288K)], 2.1730593 secs] [Times: user=2.15 sys=0.00, real=2.17 secs] 

*** PauseDetector detected a 2169 ms pause at Mon Dec 22 04:14:07 EET 2014 ***

[GC (Allocation Failure) [DefNew: 554368K->69247K(623616K), 0.0982926 secs] 1406169K->959677K(2009472K), 0.0984447 secs] [Times: user=0.09 sys=0.00, real=0.09 secs] 
[GC (Allocation Failure) [DefNew: 623615K->5913K(623616K), 0.0567333 secs] 1514045K->960862K(2009472K), 0.0567968 secs] [Times: user=0.06 sys=0.00, real=0.06 secs] 
[GC (Allocation Failure) [DefNew: 560281K->69248K(623616K), 0.2875672 secs] 1515230K->1087453K(2009472K), 0.2876082 secs] [Times: user=0.28 sys=0.00, real=0.29 secs] 
[GC (Allocation Failure) [DefNew: 623616K->5785K(623616K), 0.0940897 secs] 1641821K->1088993K(2009472K), 0.0942366 secs] [Times: user=0.09 sys=0.00, real=0.09 secs] 
[GC (Allocation Failure) [DefNew: 560153K->69247K(623616K), 0.4254393 secs] 1643361K->1208153K(2009472K), 0.4254803 secs] [Times: user=0.44 sys=0.00, real=0.43 secs] 

*** PauseDetector detected a 427 ms pause at Mon Dec 22 04:14:16 EET 2014 ***

[GC (Allocation Failure) [DefNew: 623615K->5908K(623616K), 0.0730357 secs] 1762521K->1209672K(2009472K), 0.0730749 secs] [Times: user=0.06 sys=0.00, real=0.07 secs] 
[GC (Allocation Failure) [DefNew: 560276K->69248K(623616K), 0.3541351 secs] 1764040K->1326182K(2009472K), 0.3541999 secs] [Times: user=0.34 sys=0.00, real=0.35 secs] 
[GC (Allocation Failure) [DefNew: 623616K->5877K(623616K), 0.0886061 secs] 1880550K->1327625K(2009472K), 0.0886472 secs] [Times: user=0.09 sys=0.00, real=0.09 secs] 
[GC (Allocation Failure) [DefNew: 560245K->560245K(623616K), 0.0000192 secs][Tenured: 1321747K->862319K(1385856K), 2.4930139 secs] 1881993K->862319K(2009472K), [Metaspace: 10572K->10572K(12288K)], 2.4930973 secs] [Times: user=2.48 sys=0.00, real=2.48 secs] 

*** PauseDetector detected a 2498 ms pause at Mon Dec 22 04:14:25 EET 2014 ***

[GC (Allocation Failure) [DefNew: 554368K->5903K(623616K), 0.0118576 secs] 1416687K->868222K(2009472K), 0.0119006 secs] [Times: user=0.00 sys=0.00, real=0.00 secs] 
[GC (Allocation Failure) [DefNew: 560271K->69248K(623616K), 0.2580341 secs] 1422590K->979499K(2009472K), 0.2580778 secs] [Times: user=0.25 sys=0.00, real=0.25 secs] 
[GC (Allocation Failure) [DefNew: 623616K->5918K(623616K), 0.0829853 secs] 1533867K->980871K(2009472K), 0.0830417 secs] [Times: user=0.08 sys=0.00, real=0.08 secs] 
[GC (Allocation Failure) [DefNew: 560286K->69248K(623616K), 0.2428788 secs] 1535239K->1089634K(2009472K), 0.2429289 secs] [Times: user=0.23 sys=0.00, real=0.23 secs] 
[GC (Allocation Failure) [DefNew: 623616K->5912K(623616K), 0.0540925 secs] 1644002K->1090937K(2009472K), 0.0541336 secs] [Times: user=0.05 sys=0.00, real=0.05 secs] 
[GC (Allocation Failure) [DefNew: 560280K->69248K(623616K), 0.2499464 secs] 1645305K->1199011K(2009472K), 0.2499875 secs] [Times: user=0.25 sys=0.00, real=0.25 secs] 
[GC (Allocation Failure) [DefNew: 623616K->5919K(623616K), 0.0611993 secs] 1753379K->1200317K(2009472K), 0.0612436 secs] [Times: user=0.06 sys=0.00, real=0.06 secs] 
[GC (Allocation Failure) [DefNew: 560287K->69247K(623616K), 0.2227135 secs] 1754685K->1307809K(2009472K), 0.2228212 secs] [Times: user=0.23 sys=0.00, real=0.22 secs] 
[GC (Allocation Failure) [DefNew: 623615K->5914K(623616K), 0.0543517 secs] 1862177K->1309099K(2009472K), 0.0543941 secs] [Times: user=0.05 sys=0.00, real=0.05 secs] 
[GC (Allocation Failure) [DefNew: 560282K->69248K(623616K), 0.2343696 secs] 1863467K->1416120K(2009472K), 0.2344120 secs] [Times: user=0.23 sys=0.00, real=0.23 secs] 
[GC (Allocation Failure) [DefNew: 623616K->623616K(623616K), 0.0000199 secs][Tenured: 1346872K->788954K(1385856K), 2.2961906 secs] 1970488K->788954K(2009472K), [Metaspace: 10572K->10572K(12288K)], 2.2962932 secs] [Times: user=2.29 sys=0.00, real=2.29 secs] 

*** PauseDetector detected a 2297 ms pause at Mon Dec 22 04:14:46 EET 2014 ***

[GC (Allocation Failure) [DefNew: 554368K->69248K(623616K), 0.1516422 secs] 1343322K->900479K(2009472K), 0.1517090 secs] [Times: user=0.14 sys=0.00, real=0.14 secs] 
[GC (Allocation Failure) [DefNew: 623616K->5910K(623616K), 0.0557703 secs] 1454847K->901720K(2009472K), 0.0558235 secs] [Times: user=0.05 sys=0.00, real=0.06 secs] 
[GC (Allocation Failure) [DefNew: 560278K->69248K(623616K), 0.1505638 secs] 1456088K->1007021K(2009472K), 0.1506292 secs] [Times: user=0.14 sys=0.00, real=0.14 secs] 
[GC (Allocation Failure) [DefNew: 623616K->5915K(623616K), 0.0532957 secs] 1561389K->1008260K(2009472K), 0.0533381 secs] [Times: user=0.05 sys=0.00, real=0.05 secs] 
[GC (Allocation Failure) [DefNew: 560283K->69247K(623616K), 0.1540116 secs] 1562628K->1113231K(2009472K), 0.1540635 secs] [Times: user=0.16 sys=0.00, real=0.15 secs] 
[GC (Allocation Failure) [DefNew: 623615K->5900K(623616K), 0.0598751 secs] 1667599K->1114485K(2009472K), 0.0599200 secs] [Times: user=0.06 sys=0.00, real=0.05 secs] 
[GC (Allocation Failure) [DefNew: 560268K->69247K(623616K), 0.1592924 secs] 1668853K->1219266K(2009472K), 0.1593540 secs] [Times: user=0.16 sys=0.00, real=0.16 secs] 
[GC (Allocation Failure) [DefNew: 623615K->5894K(623616K), 0.0498928 secs] 1773634K->1220479K(2009472K), 0.0499313 secs] [Times: user=0.06 sys=0.00, real=0.05 secs] 
[GC (Allocation Failure) [DefNew: 560262K->69247K(623616K), 0.1755788 secs] 1774847K->1325060K(2009472K), 0.1757302 secs] [Times: user=0.17 sys=0.00, real=0.17 secs] 
[GC (Allocation Failure) [DefNew: 623615K->5918K(623616K), 0.0500641 secs] 1879428K->1326296K(2009472K), 0.0501058 secs] [Times: user=0.05 sys=0.00, real=0.04 secs] 
[GC (Allocation Failure) [DefNew: 560286K->560286K(623616K), 0.0000218 secs][Tenured: 1320377K->854388K(1385856K), 2.2396761 secs] 1880664K->854388K(2009472K), [Metaspace: 10572K->10572K(12288K)], 2.2397614 secs] [Times: user=2.23 sys=0.00, real=2.23 secs] 

*** PauseDetector detected a 2237 ms pause at Mon Dec 22 04:15:05 EET 2014 ***

[GC (Allocation Failure) [DefNew: 554368K->5868K(623616K), 0.0120302 secs] 1408756K->860257K(2009472K), 0.0120732 secs] [Times: user=0.00 sys=0.00, real=0.01 secs] 
[GC (Allocation Failure) [DefNew: 560236K->69248K(623616K), 0.1515229 secs] 1414625K->963771K(2009472K), 0.1515665 secs] [Times: user=0.16 sys=0.00, real=0.15 secs] 
[GC (Allocation Failure) [DefNew: 623616K->5920K(623616K), 0.0468415 secs] 1518139K->965022K(2009472K), 0.0468844 secs] [Times: user=0.03 sys=0.00, real=0.04 secs] 
[GC (Allocation Failure) [DefNew: 560288K->69247K(623616K), 0.1307891 secs] 1519390K->1068336K(2009472K), 0.1308533 secs] [Times: user=0.13 sys=0.00, real=0.12 secs] 
[GC (Allocation Failure) [DefNew: 623615K->5916K(623616K), 0.0482856 secs] 1622704K->1069577K(2009472K), 0.0483306 secs] [Times: user=0.03 sys=0.00, real=0.04 secs] 
[GC (Allocation Failure) [DefNew: 560284K->69248K(623616K), 0.1289433 secs] 1623945K->1172797K(2009472K), 0.1289850 secs] [Times: user=0.13 sys=0.00, real=0.13 secs] 
[GC (Allocation Failure) [DefNew: 623616K->5906K(623616K), 0.0469217 secs] 1727165K->1173988K(2009472K), 0.0469678 secs] [Times: user=0.05 sys=0.00, real=0.05 secs] 
[GC (Allocation Failure) [DefNew: 560274K->69247K(623616K), 0.1161246 secs] 1728356K->1277098K(2009472K), 0.1161669 secs] [Times: user=0.11 sys=0.00, real=0.12 secs] 
[GC (Allocation Failure) [DefNew: 623615K->5894K(623616K), 0.0411751 secs] 1831466K->1278279K(2009472K), 0.0412809 secs] [Times: user=0.03 sys=0.00, real=0.04 secs] 
[Full GC (System.gc()) [Tenured: 1272384K->848085K(1385856K), 2.3566007 secs] 1782938K->848085K(2009472K), [Metaspace: 10572K->10572K(12288K)], 2.3566732 secs] [Times: user=2.35 sys=0.00, real=2.36 secs] 
[Full GC (System.gc()) [Tenured: 848085K->848085K(1385856K), 1.9154223 secs] 848085K->848085K(2009472K), [Metaspace: 10572K->10572K(12288K)], 1.9155718 secs] [Times: user=1.92 sys=0.00, real=1.91 secs] 
[Full GC (System.gc()) [Tenured: 848085K->783203K(1385856K), 2.0041908 secs] 859178K->783203K(2009472K), [Metaspace: 10572K->10572K(12288K)], 2.0042549 secs] [Times: user=2.00 sys=0.00, real=2.01 secs] 

*** PauseDetector detected a 6276 ms pause at Mon Dec 22 04:15:27 EET 2014 ***

[Full GC (System.gc()) [Tenured: 783203K->783203K(1385856K), 2.1821197 secs] 794298K->783203K(2009472K), [Metaspace: 10572K->10572K(12288K)], 2.1821678 secs] [Times: user=2.18 sys=0.00, real=2.18 secs] 
[Full GC (System.gc()) [Tenured: 783203K->783203K(1385856K), 1.8858643 secs] 783203K->783203K(2009472K), [Metaspace: 10572K->10572K(12288K)], 1.8859291 secs] [Times: user=1.89 sys=0.00, real=1.88 secs] 
[Full GC (System.gc()) [Tenured: 783203K->783258K(1385856K), 1.9000624 secs] 794298K->783258K(2009472K), [Metaspace: 10572K->10572K(12288K)], 1.9001259 secs] [Times: user=1.90 sys=0.00, real=1.90 secs] 

*** PauseDetector detected a 4067 ms pause at Mon Dec 22 04:15:31 EET 2014 ***


*** PauseDetector detected a 1913 ms pause at Mon Dec 22 04:15:33 EET 2014 ***

[GC (Allocation Failure) [DefNew: 554368K->5909K(623616K), 0.0112552 secs] 1337626K->789167K(2009472K), 0.0112962 secs] [Times: user=0.01 sys=0.00, real=0.01 secs] 
[GC (Allocation Failure) [DefNew: 560277K->69247K(623616K), 0.1266099 secs] 1343535K->897844K(2009472K), 0.1267696 secs] [Times: user=0.13 sys=0.00, real=0.13 secs] 
[GC (Allocation Failure) [DefNew: 623615K->5954K(623616K), 0.0433423 secs] 1452212K->899044K(2009472K), 0.0433879 secs] [Times: user=0.05 sys=0.00, real=0.04 secs] 
[GC (Allocation Failure) [DefNew: 560322K->69248K(623616K), 0.1074717 secs] 1453412K->1001849K(2009472K), 0.1076128 secs] [Times: user=0.09 sys=0.00, real=0.10 secs] 
[GC (Allocation Failure) [DefNew: 623616K->5954K(623616K), 0.0570387 secs] 1556217K->1003048K(2009472K), 0.0571901 secs] [Times: user=0.06 sys=0.00, real=0.06 secs] 
[GC (Allocation Failure) [DefNew: 560322K->69248K(623616K), 0.1278686 secs] 1557416K->1105770K(2009472K), 0.1279168 secs] [Times: user=0.13 sys=0.00, real=0.12 secs] 
[Full GC (System.gc()) [Tenured: 1036522K->781794K(1385856K), 2.0432275 secs] 1394191K->781794K(2009472K), [Metaspace: 10572K->10572K(12288K)], 2.0432929 secs] [Times: user=2.04 sys=0.00, real=2.04 secs] 
[Full GC (System.gc()) [Tenured: 781794K->781794K(1385856K), 1.9041620 secs] 781796K->781794K(2009472K), [Metaspace: 10572K->10572K(12288K)], 1.9042005 secs] [Times: user=1.90 sys=0.00, real=1.90 secs] 
[Full GC (System.gc()) [Tenured: 781794K->781795K(1385856K), 2.1427596 secs] 792887K->781795K(2009472K), [Metaspace: 10572K->10572K(12288K)], 2.1428238 secs] [Times: user=2.14 sys=0.00, real=2.14 secs] 

*** PauseDetector detected a 2042 ms pause at Mon Dec 22 04:15:45 EET 2014 ***

********************************
********** ROUND   91 **********
********************************

*** PauseDetector detected a 4052 ms pause at Mon Dec 22 04:15:49 EET 2014 ***

[GC (Allocation Failure) [DefNew: 554368K->69247K(623616K), 0.1046680 secs] 1336163K->889850K(2009472K), 0.1047924 secs] [Times: user=0.11 sys=0.00, real=0.11 secs] 
[GC (Allocation Failure) [DefNew: 623615K->5879K(623616K), 0.0427739 secs] 1444218K->891030K(2009472K), 0.0428201 secs] [Times: user=0.05 sys=0.00, real=0.04 secs] 
[GC (Allocation Failure) [DefNew: 560247K->69248K(623616K), 0.1003797 secs] 1445398K->993120K(2009472K), 0.1004888 secs] [Times: user=0.09 sys=0.00, real=0.09 secs] 
[GC (Allocation Failure) [DefNew: 623616K->5875K(623616K), 0.0473201 secs] 1547488K->994311K(2009472K), 0.0473631 secs] [Times: user=0.05 sys=0.00, real=0.05 secs] 
[GC (Allocation Failure) [DefNew: 560243K->69247K(623616K), 0.1053763 secs] 1548679K->1096339K(2009472K), 0.1054141 secs] [Times: user=0.09 sys=0.00, real=0.10 secs] 
[GC (Allocation Failure) [DefNew: 623615K->5845K(623616K), 0.0431235 secs] 1650707K->1097493K(2009472K), 0.0432679 secs] [Times: user=0.03 sys=0.00, real=0.04 secs] 
[GC (Allocation Failure) [DefNew: 560213K->69248K(623616K), 0.0999710 secs] 1651861K->1199498K(2009472K), 0.1000133 secs] [Times: user=0.09 sys=0.00, real=0.10 secs] 
[GC (Allocation Failure) [DefNew: 623616K->5871K(623616K), 0.0479636 secs] 1753866K->1200666K(2009472K), 0.0480149 secs] [Times: user=0.05 sys=0.00, real=0.04 secs] 
[GC (Allocation Failure) [DefNew: 560239K->69248K(623616K), 0.2968694 secs] 1755034K->1327290K(2009472K), 0.2970176 secs] [Times: user=0.30 sys=0.00, real=0.30 secs] 
[GC (Allocation Failure) [DefNew: 623616K->5884K(623616K), 0.0881057 secs] 1881658K->1328938K(2009472K), 0.0881500 secs] [Times: user=0.09 sys=0.00, real=0.08 secs] 
[GC (Allocation Failure) [DefNew: 560252K->560252K(623616K), 0.0000205 secs][Tenured: 1323053K->868110K(1385856K), 2.5933846 secs] 1883306K->868110K(2009472K), [Metaspace: 10572K->10572K(12288K)], 2.5935411 secs] [Times: user=2.57 sys=0.00, real=2.58 secs] 

*** PauseDetector detected a 2587 ms pause at Mon Dec 22 04:16:09 EET 2014 ***

[GC (Allocation Failure) [DefNew: 554368K->5892K(623616K), 0.0121130 secs] 1422478K->874003K(2009472K), 0.0121527 secs] [Times: user=0.00 sys=0.00, real=0.01 secs] 
[GC (Allocation Failure) [DefNew: 560260K->69248K(623616K), 0.3656546 secs] 1428371K->990505K(2009472K), 0.3657945 secs] [Times: user=0.36 sys=0.00, real=0.36 secs] 

*** PauseDetector detected a 367 ms pause at Mon Dec 22 04:16:13 EET 2014 ***

[GC (Allocation Failure) [DefNew: 623616K->5879K(623616K), 0.1185645 secs] 1544873K->991973K(2009472K), 0.1186088 secs] [Times: user=0.08 sys=0.00, real=0.12 secs] 
[GC (Allocation Failure) [DefNew: 560247K->69248K(623616K), 0.3106267 secs] 1546341K->1104448K(2009472K), 0.3107774 secs] [Times: user=0.31 sys=0.00, real=0.31 secs] 
[GC (Allocation Failure) [DefNew: 623616K->5863K(623616K), 0.0605231 secs] 1658816K->1105804K(2009472K), 0.0606693 secs] [Times: user=0.06 sys=0.00, real=0.06 secs] 
[GC (Allocation Failure) [DefNew: 560231K->69248K(623616K), 0.2686657 secs] 1660172K->1217098K(2009472K), 0.2687055 secs] [Times: user=0.26 sys=0.00, real=0.27 secs] 
[GC (Allocation Failure) [DefNew: 623616K->5902K(623616K), 0.0822667 secs] 1771466K->1218476K(2009472K), 0.0823129 secs] [Times: user=0.08 sys=0.00, real=0.08 secs] 
[GC (Allocation Failure) [DefNew: 560270K->69248K(623616K), 0.2581496 secs] 1772844K->1327237K(2009472K), 0.2581920 secs] [Times: user=0.25 sys=0.00, real=0.26 secs] 
[GC (Allocation Failure) [DefNew: 623616K->5894K(623616K), 0.0807706 secs] 1881605K->1328539K(2009472K), 0.0808148 secs] [Times: user=0.08 sys=0.00, real=0.07 secs] 
[GC (Allocation Failure) [DefNew: 560262K->560262K(623616K), 0.0001213 secs][Tenured: 1322644K->788665K(1385856K), 2.6281208 secs] 1882907K->788665K(2009472K), [Metaspace: 10572K->10572K(12288K)], 2.6284172 secs] [Times: user=2.62 sys=0.00, real=2.62 secs] 

*** PauseDetector detected a 2626 ms pause at Mon Dec 22 04:16:29 EET 2014 ***

[GC (Allocation Failure) [DefNew: 554368K->5896K(623616K), 0.0108061 secs] 1343033K->794562K(2009472K), 0.0108728 secs] [Times: user=0.00 sys=0.00, real=0.00 secs] 
[GC (Allocation Failure) [DefNew: 560264K->69247K(623616K), 0.1898507 secs] 1348930K->902056K(2009472K), 0.1899142 secs] [Times: user=0.19 sys=0.00, real=0.19 secs] 
[GC (Allocation Failure) [DefNew: 623615K->5855K(623616K), 0.0660496 secs] 1456424K->903309K(2009472K), 0.0661009 secs] [Times: user=0.06 sys=0.00, real=0.06 secs] 
[GC (Allocation Failure) [DefNew: 560223K->69248K(623616K), 0.1939009 secs] 1457677K->1010406K(2009472K), 0.1940401 secs] [Times: user=0.19 sys=0.00, real=0.19 secs] 
[GC (Allocation Failure) [DefNew: 623616K->5847K(623616K), 0.0524264 secs] 1564774K->1011632K(2009472K), 0.0525791 secs] [Times: user=0.05 sys=0.00, real=0.05 secs] 
[GC (Allocation Failure) [DefNew: 560215K->69247K(623616K), 0.1964339 secs] 1566000K->1117293K(2009472K), 0.1965038 secs] [Times: user=0.19 sys=0.00, real=0.19 secs] 
[GC (Allocation Failure) [DefNew: 623615K->5900K(623616K), 0.0561905 secs] 1671661K->1118541K(2009472K), 0.0562341 secs] [Times: user=0.05 sys=0.00, real=0.05 secs] 
[GC (Allocation Failure) [DefNew: 560268K->69248K(623616K), 0.1694627 secs] 1672909K->1223842K(2009472K), 0.1695088 secs] [Times: user=0.16 sys=0.00, real=0.16 secs] 
[GC (Allocation Failure) [DefNew: 623616K->5860K(623616K), 0.0450617 secs] 1778210K->1225035K(2009472K), 0.0452106 secs] [Times: user=0.05 sys=0.00, real=0.04 secs] 
[GC (Allocation Failure) [DefNew: 560228K->69247K(623616K), 0.1704051 secs] 1779403K->1330073K(2009472K), 0.1704520 secs] [Times: user=0.16 sys=0.00, real=0.16 secs] 
[GC (Allocation Failure) [DefNew: 623615K->5750K(623616K), 0.0491806 secs] 1884441K->1331166K(2009472K), 0.0493321 secs] [Times: user=0.05 sys=0.00, real=0.05 secs] 
[GC (Allocation Failure) [DefNew: 560118K->560118K(623616K), 0.0000186 secs][Tenured: 1325415K->854757K(1385856K), 2.2736661 secs] 1885534K->854757K(2009472K), [Metaspace: 10572K->10572K(12288K)], 2.2737714 secs] [Times: user=2.26 sys=0.00, real=2.27 secs] 

*** PauseDetector detected a 2267 ms pause at Mon Dec 22 04:16:50 EET 2014 ***

[GC (Allocation Failure) [DefNew: 554368K->5862K(623616K), 0.0117306 secs] 1409125K->860619K(2009472K), 0.0118788 secs] [Times: user=0.01 sys=0.00, real=0.01 secs] 
[GC (Allocation Failure) [DefNew: 560230K->69247K(623616K), 0.1726089 secs] 1414987K->965219K(2009472K), 0.1726628 secs] [Times: user=0.17 sys=0.00, real=0.17 secs] 
[GC (Allocation Failure) [DefNew: 623615K->5912K(623616K), 0.0508757 secs] 1519587K->966462K(2009472K), 0.0509155 secs] [Times: user=0.05 sys=0.00, real=0.05 secs] 
[GC (Allocation Failure) [DefNew: 560280K->69248K(623616K), 0.1528022 secs] 1520830K->1070828K(2009472K), 0.1528503 secs] [Times: user=0.14 sys=0.00, real=0.14 secs] 
[GC (Allocation Failure) [DefNew: 623616K->5906K(623616K), 0.0475029 secs] 1625196K->1072063K(2009472K), 0.0475446 secs] [Times: user=0.05 sys=0.00, real=0.04 secs] 
[GC (Allocation Failure) [DefNew: 560274K->69248K(623616K), 0.1455075 secs] 1626431K->1175565K(2009472K), 0.1456255 secs] [Times: user=0.14 sys=0.00, real=0.14 secs] 
[GC (Allocation Failure) [DefNew: 623616K->5915K(623616K), 0.0408626 secs] 1729933K->1176785K(2009472K), 0.0409088 secs] [Times: user=0.05 sys=0.00, real=0.04 secs] 
[GC (Allocation Failure) [DefNew: 560283K->69247K(623616K), 0.1150936 secs] 1731153K->1280119K(2009472K), 0.1152245 secs] [Times: user=0.11 sys=0.00, real=0.12 secs] 
[GC (Allocation Failure) [DefNew: 623615K->5908K(623616K), 0.0463500 secs] 1834487K->1281337K(2009472K), 0.0463962 secs] [Times: user=0.03 sys=0.00, real=0.04 secs] 
[GC (Allocation Failure) [DefNew: 560276K->69247K(623616K), 0.1143866 secs] 1835705K->1384552K(2009472K), 0.1144270 secs] [Times: user=0.09 sys=0.00, real=0.11 secs] 
[GC (Allocation Failure) [DefNew: 623615K->623615K(623616K), 0.0000186 secs][Tenured: 1315304K->854405K(1385856K), 2.2075909 secs] 1938920K->854405K(2009472K), [Metaspace: 10572K->10572K(12288K)], 2.2076948 secs] [Times: user=2.22 sys=0.00, real=2.21 secs] 

*** PauseDetector detected a 2230 ms pause at Mon Dec 22 04:17:09 EET 2014 ***

[GC (Allocation Failure) [DefNew: 554368K->69248K(623616K), 0.1047122 secs] 1408773K->963413K(2009472K), 0.1048566 secs] [Times: user=0.09 sys=0.00, real=0.10 secs] 
[GC (Allocation Failure) [DefNew: 623616K->5909K(623616K), 0.0465707 secs] 1517781K->964618K(2009472K), 0.0466163 secs] [Times: user=0.05 sys=0.00, real=0.05 secs] 
[GC (Allocation Failure) [DefNew: 560277K->69247K(623616K), 0.1131515 secs] 1518986K->1067639K(2009472K), 0.1131952 secs] [Times: user=0.09 sys=0.00, real=0.11 secs] 
[GC (Allocation Failure) [DefNew: 623615K->5896K(623616K), 0.0403943 secs] 1622007K->1068822K(2009472K), 0.0405008 secs] [Times: user=0.03 sys=0.00, real=0.03 secs] 
[GC (Allocation Failure) [DefNew: 560264K->69247K(623616K), 0.1027221 secs] 1623190K->1171712K(2009472K), 0.1027644 secs] [Times: user=0.09 sys=0.00, real=0.10 secs] 
[GC (Allocation Failure) [DefNew: 623615K->5883K(623616K), 0.0453998 secs] 1726080K->1172904K(2009472K), 0.0454954 secs] [Times: user=0.05 sys=0.00, real=0.05 secs] 
[GC (Allocation Failure) [DefNew: 560251K->69247K(623616K), 0.1219257 secs] 1727272K->1275741K(2009472K), 0.1220367 secs] [Times: user=0.11 sys=0.00, real=0.12 secs] 
[GC (Allocation Failure) [DefNew: 623615K->5862K(623616K), 0.0441571 secs] 1830109K->1276887K(2009472K), 0.0442642 secs] [Times: user=0.05 sys=0.00, real=0.04 secs] 
[GC (Allocation Failure) [DefNew: 560230K->69247K(623616K), 0.1162715 secs] 1831255K->1379654K(2009472K), 0.1163145 secs] [Times: user=0.11 sys=0.00, real=0.11 secs] 
[GC (Allocation Failure) [DefNew: 623615K->623615K(623616K), 0.0000840 secs][Tenured: 1310406K->853899K(1385856K), 2.4092600 secs] 1934022K->853899K(2009472K), [Metaspace: 10572K->10572K(12288K)], 2.4094108 secs] [Times: user=2.42 sys=0.00, real=2.41 secs] 

*** PauseDetector detected a 2410 ms pause at Mon Dec 22 04:17:27 EET 2014 ***

[GC (Allocation Failure) [DefNew: 554368K->69247K(623616K), 0.0946459 secs] 1408267K->961934K(2009472K), 0.0947948 secs] [Times: user=0.09 sys=0.00, real=0.09 secs] 
[GC (Allocation Failure) [DefNew: 623615K->5900K(623616K), 0.0397418 secs] 1516302K->963156K(2009472K), 0.0398868 secs] [Times: user=0.03 sys=0.00, real=0.04 secs] 
[GC (Allocation Failure) [DefNew: 560268K->69247K(623616K), 0.1016943 secs] 1517524K->1065241K(2009472K), 0.1017353 secs] [Times: user=0.09 sys=0.00, real=0.09 secs] 
[GC (Allocation Failure) [DefNew: 623615K->5916K(623616K), 0.0437818 secs] 1619609K->1066456K(2009472K), 0.0438344 secs] [Times: user=0.05 sys=0.00, real=0.04 secs] 
[GC (Allocation Failure) [DefNew: 560284K->69247K(623616K), 0.1003085 secs] 1620824K->1168472K(2009472K), 0.1004535 secs] [Times: user=0.09 sys=0.00, real=0.09 secs] 
[GC (Allocation Failure) [DefNew: 623615K->5887K(623616K), 0.0441597 secs] 1722840K->1169639K(2009472K), 0.0441988 secs] [Times: user=0.05 sys=0.00, real=0.04 secs] 
[GC (Allocation Failure) [DefNew: 560255K->69248K(623616K), 0.1026951 secs] 1724007K->1271624K(2009472K), 0.1028036 secs] [Times: user=0.11 sys=0.00, real=0.10 secs] 
[GC (Allocation Failure) [DefNew: 623616K->5912K(623616K), 0.0452054 secs] 1825992K->1272812K(2009472K), 0.0452491 secs] [Times: user=0.03 sys=0.00, real=0.04 secs] 
[GC (Allocation Failure) [DefNew: 560280K->69247K(623616K), 0.2971946 secs] 1827180K->1399431K(2009472K), 0.2973409 secs] [Times: user=0.28 sys=0.00, real=0.29 secs] 
[GC (Allocation Failure) [DefNew: 623615K->623615K(623616K), 0.0001155 secs][Tenured: 1330183K->807711K(1385856K), 2.2603951 secs] 1953799K->807711K(2009472K), [Metaspace: 10572K->10572K(12288K)], 2.2605780 secs] [Times: user=2.26 sys=0.00, real=2.26 secs] 

*** PauseDetector detected a 2258 ms pause at Mon Dec 22 04:17:45 EET 2014 ***

[GC (Allocation Failure) [DefNew: 554368K->69248K(623616K), 0.4007918 secs] 1362079K->932650K(2009472K), 0.4009330 secs] [Times: user=0.41 sys=0.00, real=0.40 secs] 

*** PauseDetector detected a 402 ms pause at Mon Dec 22 04:17:47 EET 2014 ***

[GC (Allocation Failure) [DefNew: 623616K->5850K(623616K), 0.0768364 secs] 1487018K->934118K(2009472K), 0.0769769 secs] [Times: user=0.08 sys=0.00, real=0.08 secs] 
[GC (Allocation Failure) [DefNew: 560218K->69248K(623616K), 0.3679419 secs] 1488486K->1050690K(2009472K), 0.3680067 secs] [Times: user=0.36 sys=0.00, real=0.37 secs] 

*** PauseDetector detected a 371 ms pause at Mon Dec 22 04:17:51 EET 2014 ***

[GC (Allocation Failure) [DefNew: 623616K->5918K(623616K), 0.0838527 secs] 1605058K->1052169K(2009472K), 0.0838950 secs] [Times: user=0.08 sys=0.00, real=0.08 secs] 
[GC (Allocation Failure) [DefNew: 560286K->69247K(623616K), 0.3280070 secs] 1606537K->1164637K(2009472K), 0.3280480 secs] [Times: user=0.33 sys=0.00, real=0.32 secs] 
[GC (Allocation Failure) [DefNew: 623615K->5914K(623616K), 0.0750965 secs] 1719005K->1166012K(2009472K), 0.0751356 secs] [Times: user=0.06 sys=0.00, real=0.07 secs] 
[GC (Allocation Failure) [DefNew: 560282K->69247K(623616K), 0.2658094 secs] 1720380K->1277283K(2009472K), 0.2658543 secs] [Times: user=0.25 sys=0.00, real=0.26 secs] 
[GC (Allocation Failure) [DefNew: 623615K->5917K(623616K), 0.0747455 secs] 1831651K->1278648K(2009472K), 0.0747891 secs] [Times: user=0.06 sys=0.00, real=0.07 secs] 
[GC (Allocation Failure) [DefNew: 560285K->69248K(623616K), 0.2534084 secs] 1833016K->1387358K(2009472K), 0.2535579 secs] [Times: user=0.25 sys=0.00, real=0.25 secs] 
[GC (Allocation Failure) [DefNew: 623616K->623616K(623616K), 0.0000199 secs][Tenured: 1318110K->859940K(1385856K), 2.3317134 secs] 1941726K->859940K(2009472K), [Metaspace: 10572K->10572K(12288K)], 2.3317987 secs] [Times: user=2.33 sys=0.00, real=2.32 secs] 

*** PauseDetector detected a 2327 ms pause at Mon Dec 22 04:18:05 EET 2014 ***

[GC (Allocation Failure) [DefNew: 554368K->69247K(623616K), 0.2146739 secs] 1414308K->973896K(2009472K), 0.2148189 secs] [Times: user=0.20 sys=0.00, real=0.21 secs] 
[GC (Allocation Failure) [DefNew: 623615K->5900K(623616K), 0.0528575 secs] 1528264K->975214K(2009472K), 0.0529197 secs] [Times: user=0.05 sys=0.00, real=0.04 secs] 
[GC (Allocation Failure) [DefNew: 560268K->69248K(623616K), 0.1986588 secs] 1529582K->1082730K(2009472K), 0.1987018 secs] [Times: user=0.19 sys=0.00, real=0.19 secs] 
[GC (Allocation Failure) [DefNew: 623616K->5919K(623616K), 0.0616420 secs] 1637098K->1084021K(2009472K), 0.0616862 secs] [Times: user=0.06 sys=0.00, real=0.06 secs] 
[GC (Allocation Failure) [DefNew: 560287K->69248K(623616K), 0.1871471 secs] 1638389K->1191050K(2009472K), 0.1872523 secs] [Times: user=0.19 sys=0.00, real=0.18 secs] 
[GC (Allocation Failure) [DefNew: 623616K->5876K(623616K), 0.0558068 secs] 1745418K->1192310K(2009472K), 0.0559165 secs] [Times: user=0.05 sys=0.00, real=0.06 secs] 
[GC (Allocation Failure) [DefNew: 560244K->69247K(623616K), 0.1973244 secs] 1746678K->1297922K(2009472K), 0.1974662 secs] [Times: user=0.20 sys=0.00, real=0.20 secs] 
[GC (Allocation Failure) [DefNew: 623615K->5919K(623616K), 0.0549792 secs] 1852290K->1299209K(2009472K), 0.0550851 secs] [Times: user=0.06 sys=0.00, real=0.05 secs] 
[GC (Allocation Failure) [DefNew: 560287K->69248K(623616K), 0.1747524 secs] 1853577K->1404485K(2009472K), 0.1747922 secs] [Times: user=0.17 sys=0.00, real=0.17 secs] 
[GC (Allocation Failure) [DefNew: 623616K->623616K(623616K), 0.0000205 secs][Tenured: 1335237K->856423K(1385856K), 2.2116341 secs] 1958853K->856423K(2009472K), [Metaspace: 10572K->10572K(12288K)], 2.2117194 secs] [Times: user=2.20 sys=0.00, real=2.20 secs] 

*** PauseDetector detected a 2206 ms pause at Mon Dec 22 04:18:23 EET 2014 ***

[Full GC (System.gc()) [Tenured: 856423K->850952K(1385856K), 2.2230753 secs] 1024279K->850952K(2009472K), [Metaspace: 10572K->10572K(12288K)], 2.2231484 secs] [Times: user=2.22 sys=0.00, real=2.22 secs] 
[Full GC (System.gc()) [Tenured: 850952K->781661K(1385856K), 1.9971726 secs] 862045K->781661K(2009472K), [Metaspace: 10572K->10572K(12288K)], 1.9973208 secs] [Times: user=2.00 sys=0.00, real=1.99 secs] 
[Full GC (System.gc()) [Tenured: 781661K->781661K(1385856K), 1.9234350 secs] 792754K->781661K(2009472K), [Metaspace: 10572K->10572K(12288K)], 1.9235864 secs] [Times: user=1.93 sys=0.00, real=1.93 secs] 

*** PauseDetector detected a 2222 ms pause at Mon Dec 22 04:18:26 EET 2014 ***

[Full GC (System.gc()) [Tenured: 781661K->781844K(1385856K), 2.1365338 secs] 792754K->781844K(2009472K), [Metaspace: 10572K->10572K(12288K)], 2.1365864 secs] [Times: user=2.12 sys=0.00, real=2.13 secs] 
[Full GC (System.gc()) [Tenured: 781844K->781845K(1385856K), 1.8975852 secs] 792937K->781845K(2009472K), [Metaspace: 10572K->10572K(12288K)], 1.8976282 secs] [Times: user=1.90 sys=0.00, real=1.90 secs] 
[Full GC (System.gc()) [Tenured: 781845K->781100K(1385856K), 1.9110397 secs] 781847K->781100K(2009472K), [Metaspace: 10572K->10572K(12288K)], 1.9111918 secs] [Times: user=1.92 sys=0.00, real=1.91 secs] 

*** PauseDetector detected a 6055 ms pause at Mon Dec 22 04:18:32 EET 2014 ***


*** PauseDetector detected a 3823 ms pause at Mon Dec 22 04:18:36 EET 2014 ***

[GC (Allocation Failure) [DefNew: 554368K->69247K(623616K), 0.1645212 secs] 1335468K->891822K(2009472K), 0.1645649 secs] [Times: user=0.16 sys=0.00, real=0.16 secs] 
[GC (Allocation Failure) [DefNew: 623615K->5954K(623616K), 0.0430273 secs] 1446190K->893056K(2009472K), 0.0431684 secs] [Times: user=0.03 sys=0.00, real=0.04 secs] 
[GC (Allocation Failure) [DefNew: 560322K->69248K(623616K), 0.1423522 secs] 1447424K->997615K(2009472K), 0.1423997 secs] [Times: user=0.13 sys=0.00, real=0.14 secs] 
[GC (Allocation Failure) [DefNew: 623616K->5954K(623616K), 0.0657776 secs] 1551983K->998848K(2009472K), 0.0658257 secs] [Times: user=0.06 sys=0.00, real=0.07 secs] 
[GC (Allocation Failure) [DefNew: 560322K->69247K(623616K), 0.1487892 secs] 1553216K->1103225K(2009472K), 0.1488405 secs] [Times: user=0.16 sys=0.00, real=0.15 secs] 
[GC (Allocation Failure) [DefNew: 623615K->5954K(623616K), 0.0719059 secs] 1657593K->1104454K(2009472K), 0.0719630 secs] [Times: user=0.08 sys=0.00, real=0.07 secs] 
[Full GC (System.gc()) [Tenured: 1098500K->849304K(1385856K), 2.0644636 secs] 1259747K->849304K(2009472K), [Metaspace: 10572K->10572K(12288K)], 2.0645303 secs] [Times: user=2.06 sys=0.00, real=2.06 secs] 
[Full GC (System.gc()) [Tenured: 849304K->849304K(1385856K), 1.8631166 secs] 849306K->849304K(2009472K), [Metaspace: 10572K->10572K(12288K)], 1.8632295 secs] [Times: user=1.86 sys=0.00, real=1.86 secs] 

*** PauseDetector detected a 3924 ms pause at Mon Dec 22 04:18:50 EET 2014 ***

[Full GC (System.gc()) [Tenured: 849304K->849333K(1385856K), 2.1825386 secs] 860397K->849333K(2009472K), [Metaspace: 10572K->10572K(12288K)], 2.1825829 secs] [Times: user=2.18 sys=0.00, real=2.19 secs] 

*** PauseDetector detected a 2189 ms pause at Mon Dec 22 04:18:52 EET 2014 ***

********************************
********** ROUND   92 **********
********************************
[GC (Allocation Failure) [DefNew: 554368K->5872K(623616K), 0.0112712 secs] 1403701K->855205K(2009472K), 0.0113129 secs] [Times: user=0.02 sys=0.00, real=0.01 secs] 
[GC (Allocation Failure) [DefNew: 560240K->69247K(623616K), 0.1119075 secs] 1409573K->958560K(2009472K), 0.1120519 secs] [Times: user=0.11 sys=0.00, real=0.11 secs] 
[GC (Allocation Failure) [DefNew: 623615K->5880K(623616K), 0.0493763 secs] 1512928K->959772K(2009472K), 0.0494264 secs] [Times: user=0.06 sys=0.00, real=0.05 secs] 
[GC (Allocation Failure) [DefNew: 560248K->69248K(623616K), 0.1327228 secs] 1514140K->1062996K(2009472K), 0.1327664 secs] [Times: user=0.13 sys=0.00, real=0.12 secs] 
[GC (Allocation Failure) [DefNew: 623616K->5870K(623616K), 0.0436458 secs] 1617364K->1064184K(2009472K), 0.0437574 secs] [Times: user=0.05 sys=0.00, real=0.04 secs] 
[GC (Allocation Failure) [DefNew: 560238K->69247K(623616K), 0.1076372 secs] 1618552K->1167292K(2009472K), 0.1077013 secs] [Times: user=0.11 sys=0.00, real=0.11 secs] 
[GC (Allocation Failure) [DefNew: 623615K->5886K(623616K), 0.0497452 secs] 1721660K->1168502K(2009472K), 0.0498562 secs] [Times: user=0.06 sys=0.00, real=0.05 secs] 
[GC (Allocation Failure) [DefNew: 560254K->69248K(623616K), 0.1318746 secs] 1722870K->1271486K(2009472K), 0.1319240 secs] [Times: user=0.13 sys=0.00, real=0.13 secs] 
[GC (Allocation Failure) [DefNew: 623616K->5895K(623616K), 0.0416210 secs] 1825854K->1272704K(2009472K), 0.0416665 secs] [Times: user=0.03 sys=0.00, real=0.03 secs] 
[GC (Allocation Failure) [DefNew: 560263K->69248K(623616K), 0.1251413 secs] 1827072K->1375601K(2009472K), 0.1251817 secs] [Times: user=0.11 sys=0.00, real=0.12 secs] 
[GC (Allocation Failure) [DefNew: 623616K->623616K(623616K), 0.0000372 secs][Tenured: 1306353K->784768K(1385856K), 2.4128612 secs] 1929969K->784768K(2009472K), [Metaspace: 10572K->10572K(12288K)], 2.4130177 secs] [Times: user=2.42 sys=0.00, real=2.41 secs] 

*** PauseDetector detected a 2412 ms pause at Mon Dec 22 04:19:11 EET 2014 ***

[GC (Allocation Failure) [DefNew: 554368K->69248K(623616K), 0.1065677 secs] 1339136K->893462K(2009472K), 0.1067088 secs] [Times: user=0.11 sys=0.00, real=0.11 secs] 
[GC (Allocation Failure) [DefNew: 623616K->5858K(623616K), 0.0412001 secs] 1447830K->894632K(2009472K), 0.0413509 secs] [Times: user=0.03 sys=0.00, real=0.03 secs] 
[GC (Allocation Failure) [DefNew: 560226K->69248K(623616K), 0.1001814 secs] 1449000K->997374K(2009472K), 0.1002263 secs] [Times: user=0.11 sys=0.00, real=0.10 secs] 
[GC (Allocation Failure) [DefNew: 623616K->5862K(623616K), 0.0464430 secs] 1551742K->998556K(2009472K), 0.0464937 secs] [Times: user=0.05 sys=0.00, real=0.04 secs] 
[GC (Allocation Failure) [DefNew: 560230K->69247K(623616K), 0.1109875 secs] 1552924K->1100746K(2009472K), 0.1110292 secs] [Times: user=0.11 sys=0.00, real=0.10 secs] 
[GC (Allocation Failure) [DefNew: 623615K->5850K(623616K), 0.0470102 secs] 1655114K->1101901K(2009472K), 0.0470545 secs] [Times: user=0.05 sys=0.00, real=0.05 secs] 
[GC (Allocation Failure) [DefNew: 560218K->69248K(623616K), 0.0979199 secs] 1656269K->1204047K(2009472K), 0.0979866 secs] [Times: user=0.09 sys=0.00, real=0.10 secs] 
[GC (Allocation Failure) [DefNew: 623616K->5896K(623616K), 0.0502578 secs] 1758415K->1205231K(2009472K), 0.0503060 secs] [Times: user=0.05 sys=0.00, real=0.05 secs] 
[GC (Allocation Failure) [DefNew: 560264K->69247K(623616K), 0.1035574 secs] 1759599K->1307267K(2009472K), 0.1037294 secs] [Times: user=0.09 sys=0.00, real=0.10 secs] 
[GC (Allocation Failure) [DefNew: 623615K->5877K(623616K), 0.0404475 secs] 1861635K->1308424K(2009472K), 0.0406021 secs] [Times: user=0.03 sys=0.00, real=0.03 secs] 
[GC (Allocation Failure) [DefNew: 560245K->560245K(623616K), 0.0000218 secs][Tenured: 1302546K->851982K(1385856K), 2.2026661 secs] 1862792K->851982K(2009472K), [Metaspace: 10572K->10572K(12288K)]
*** PauseDetector detected a 2202 ms pause at Mon Dec 22 04:19:30 EET 2014 ***

, 2.2027502 secs] [Times: user=2.20 sys=0.00, real=2.20 secs] 
[GC (Allocation Failure) [DefNew: 554368K->5908K(623616K), 0.0117210 secs] 1406350K->857891K(2009472K), 0.0118724 secs] [Times: user=0.02 sys=0.00, real=0.00 secs] 
[GC (Allocation Failure) [DefNew: 560276K->69247K(623616K), 0.2935729 secs] 1412259K->984496K(2009472K), 0.2936172 secs] [Times: user=0.28 sys=0.00, real=0.29 secs] 
[GC (Allocation Failure) [DefNew: 623615K->5899K(623616K), 0.0845899 secs] 1538864K->986153K(2009472K), 0.0846572 secs] [Times: user=0.09 sys=0.00, real=0.08 secs] 
[GC (Allocation Failure) [DefNew: 560267K->69248K(623616K), 0.5199357 secs] 1540521K->1105189K(2009472K), 0.5199857 secs] [Times: user=0.52 sys=0.00, real=0.51 secs] 

*** PauseDetector detected a 517 ms pause at Mon Dec 22 04:19:37 EET 2014 ***

[GC (Allocation Failure) [DefNew: 623616K->5887K(623616K), 0.0709384 secs] 1659557K->1106697K(2009472K), 0.0710885 secs] [Times: user=0.06 sys=0.00, real=0.06 secs] 
[GC (Allocation Failure) [DefNew: 560255K->69247K(623616K), 0.3674716 secs] 1661065K->1223216K(2009472K), 0.3676230 secs] [Times: user=0.37 sys=0.00, real=0.37 secs] 

*** PauseDetector detected a 368 ms pause at Mon Dec 22 04:19:41 EET 2014 ***

[GC (Allocation Failure) [DefNew: 623615K->5901K(623616K), 0.0708698 secs] 1777584K->1224695K(2009472K), 0.0709352 secs] [Times: user=0.08 sys=0.00, real=0.07 secs] 
[GC (Allocation Failure) [DefNew: 560269K->69248K(623616K), 0.3653037 secs] 1779063K->1337168K(2009472K), 0.3654096 secs] [Times: user=0.36 sys=0.00, real=0.36 secs] 

*** PauseDetector detected a 359 ms pause at Mon Dec 22 04:19:44 EET 2014 ***

[GC (Allocation Failure) [DefNew: 623616K->5902K(623616K), 0.0655735 secs] 1891536K->1338543K(2009472K), 0.0656390 secs] [Times: user=0.06 sys=0.00, real=0.07 secs] 
[GC (Allocation Failure) [DefNew: 560270K->560270K(623616K), 0.0000218 secs][Tenured: 1332640K->861130K(1385856K), 2.5441847 secs] 1892911K->861130K(2009472K), [Metaspace: 10572K->10572K(12288K)], 2.5442752 secs] [Times: user=2.54 sys=0.00, real=2.54 secs] 

*** PauseDetector detected a 2557 ms pause at Mon Dec 22 04:19:50 EET 2014 ***

[GC (Allocation Failure) [DefNew: 554368K->5875K(623616K), 0.0109581 secs] 1415498K->867005K(2009472K), 0.0110710 secs] [Times: user=0.02 sys=0.00, real=0.01 secs] 
[GC (Allocation Failure) [DefNew: 560243K->69248K(623616K), 0.2337210 secs] 1421373K->975925K(2009472K), 0.2337633 secs] [Times: user=0.22 sys=0.00, real=0.23 secs] 
[GC (Allocation Failure) [DefNew: 623616K->5896K(623616K), 0.0688071 secs] 1530293K->977222K(2009472K), 0.0688475 secs] [Times: user=0.06 sys=0.00, real=0.07 secs] 
[GC (Allocation Failure) [DefNew: 560264K->69248K(623616K), 0.2605465 secs] 1531590K->1085313K(2009472K), 0.2605902 secs] [Times: user=0.27 sys=0.00, real=0.26 secs] 
[GC (Allocation Failure) [DefNew: 623616K->5908K(623616K), 0.0777128 secs] 1639681K->1086608K(2009472K), 0.0778629 secs] [Times: user=0.08 sys=0.00, real=0.08 secs] 
[GC (Allocation Failure) [DefNew: 560276K->69247K(623616K), 0.2092327 secs] 1640976K->1194068K(2009472K), 0.2092936 secs] [Times: user=0.20 sys=0.00, real=0.20 secs] 
[GC (Allocation Failure) [DefNew: 623615K->5906K(623616K), 0.0575757 secs] 1748436K->1195393K(2009472K), 0.0576148 secs] [Times: user=0.06 sys=0.00, real=0.05 secs] 
[GC (Allocation Failure) [DefNew: 560274K->69248K(623616K), 0.2286878 secs] 1749761K->1302405K(2009472K), 0.2287398 secs] [Times: user=0.22 sys=0.00, real=0.22 secs] 
[GC (Allocation Failure) [DefNew: 623616K->5907K(623616K), 0.0469473 secs] 1856773K->1303726K(2009472K), 0.0470942 secs] [Times: user=0.05 sys=0.00, real=0.05 secs] 
[GC (Allocation Failure) [DefNew: 560275K->69248K(623616K), 0.1918062 secs] 1858094K->1409320K(2009472K), 0.1919435 secs] [Times: user=0.19 sys=0.00, real=0.19 secs] 
[GC (Allocation Failure) [DefNew: 623616K->623616K(623616K), 0.0000192 secs][Tenured: 1340072K->856776K(1385856K), 2.5329809 secs] 1963688K->856776K(2009472K), [Metaspace: 10572K->10572K(12288K)], 2.5330630 secs] [Times: user=2.53 sys=0.00, real=2.53 secs] 

*** PauseDetector detected a 2530 ms pause at Mon Dec 22 04:20:10 EET 2014 ***

[GC (Allocation Failure) [DefNew: 554368K->69248K(623616K), 0.1525931 secs] 1411144K->967975K(2009472K), 0.1526367 secs] [Times: user=0.16 sys=0.00, real=0.15 secs] 
[GC (Allocation Failure) [DefNew: 623616K->5852K(623616K), 0.0526606 secs] 1522343K->969164K(2009472K), 0.0527645 secs] [Times: user=0.05 sys=0.00, real=0.04 secs] 
[GC (Allocation Failure) [DefNew: 560220K->69248K(623616K), 0.1602246 secs] 1523532K->1074218K(2009472K), 0.1603741 secs] [Times: user=0.16 sys=0.00, real=0.15 secs] 
[GC (Allocation Failure) [DefNew: 623616K->5863K(623616K), 0.0518785 secs] 1628586K->1075414K(2009472K), 0.0519202 secs] [Times: user=0.05 sys=0.00, real=0.05 secs] 
[GC (Allocation Failure) [DefNew: 560231K->69247K(623616K), 0.1479756 secs] 1629782K->1180227K(2009472K), 0.1480199 secs] [Times: user=0.14 sys=0.00, real=0.14 secs] 
[GC (Allocation Failure) [DefNew: 623615K->5908K(623616K), 0.0436111 secs] 1734595K->1181460K(2009472K), 0.0436490 secs] [Times: user=0.03 sys=0.00, real=0.04 secs] 
[GC (Allocation Failure) [DefNew: 560276K->69247K(623616K), 0.1330968 secs] 1735828K->1285996K(2009472K), 0.1332476 secs] [Times: user=0.13 sys=0.00, real=0.13 secs] 
[GC (Allocation Failure) [DefNew: 623615K->5915K(623616K), 0.0531212 secs] 1840364K->1287259K(2009472K), 0.0531661 secs] [Times: user=0.05 sys=0.00, real=0.04 secs] 
[GC (Allocation Failure) [DefNew: 560283K->69248K(623616K), 0.1443007 secs] 1841627K->1391631K(2009472K), 0.1443655 secs] [Times: user=0.14 sys=0.00, real=0.13 secs] 
[GC (Allocation Failure) [DefNew: 623616K->623616K(623616K), 0.0000199 secs][Tenured: 1322383K->786240K(1385856K), 2.1848220 secs] 1945999K->786240K(2009472K), [Metaspace: 10572K->10572K(12288K)], 2.1849015 secs] [Times: user=2.18 sys=0.00, real=2.18 secs] 

*** PauseDetector detected a 2176 ms pause at Mon Dec 22 04:20:28 EET 2014 ***

[GC (Allocation Failure) [DefNew: 554368K->69247K(623616K), 0.1319382 secs] 1340608K->895612K(2009472K), 0.1319811 secs] [Times: user=0.14 sys=0.00, real=0.13 secs] 
[GC (Allocation Failure) [DefNew: 623615K->5913K(623616K), 0.0481990 secs] 1449980K->896867K(2009472K), 0.0482401 secs] [Times: user=0.05 sys=0.00, real=0.05 secs] 
[GC (Allocation Failure) [DefNew: 560281K->69248K(623616K), 0.1236131 secs] 1451235K->1000217K(2009472K), 0.1236753 secs] [Times: user=0.13 sys=0.00, real=0.12 secs] 
[GC (Allocation Failure) [DefNew: 623616K->5914K(623616K), 0.0420617 secs] 1554585K->1001426K(2009472K), 0.0422035 secs] [Times: user=0.03 sys=0.00, real=0.03 secs] 
[GC (Allocation Failure) [DefNew: 560282K->69247K(623616K), 0.1417831 secs] 1555794K->1104598K(2009472K), 0.1418268 secs] [Times: user=0.14 sys=0.00, real=0.14 secs] 
[GC (Allocation Failure) [DefNew: 623615K->5914K(623616K), 0.0395743 secs] 1658966K->1105848K(2009472K), 0.0396167 secs] [Times: user=0.03 sys=0.00, real=0.04 secs] 
[GC (Allocation Failure) [DefNew: 560282K->69248K(623616K), 0.1343069 secs] 1660216K->1208944K(2009472K), 0.1343518 secs] [Times: user=0.13 sys=0.00, real=0.14 secs] 
[GC (Allocation Failure) [DefNew: 623616K->5851K(623616K), 0.0406528 secs] 1763312K->1210087K(2009472K), 0.0407600 secs] [Times: user=0.05 sys=0.00, real=0.04 secs] 
[GC (Allocation Failure) [DefNew: 560219K->69247K(623616K), 0.1278661 secs] 1764455K->1313147K(2009472K), 0.1279213 secs] [Times: user=0.13 sys=0.00, real=0.12 secs] 
[GC (Allocation Failure) [DefNew: 623615K->5911K(623616K), 0.0413887 secs] 1867515K->1314342K(2009472K), 0.0415337 secs] [Times: user=0.03 sys=0.00, real=0.04 secs] 
[GC (Allocation Failure) [DefNew: 560279K->560279K(623616K), 0.0000225 secs][Tenured: 1308430K->852904K(1385856K), 2.1199599 secs] 1868710K->852904K(2009472K), [Metaspace: 10572K->10572K(12288K)], 2.1200504 secs] [Times: user=2.12 sys=0.00, real=2.12 secs] 

*** PauseDetector detected a 2121 ms pause at Mon Dec 22 04:20:47 EET 2014 ***

[GC (Allocation Failure) [DefNew: 554368K->5919K(623616K), 0.0119205 secs] 1407272K->858824K(2009472K), 0.0119654 secs] [Times: user=0.00 sys=0.00, real=0.00 secs] 
[GC (Allocation Failure) [DefNew: 560287K->69248K(623616K), 0.1094073 secs] 1413192K->961587K(2009472K), 0.1095510 secs] [Times: user=0.11 sys=0.00, real=0.10 secs] 
[GC (Allocation Failure) [DefNew: 623616K->5887K(623616K), 0.0398329 secs] 1515955K->962819K(2009472K), 0.0398893 secs] [Times: user=0.05 sys=0.00, real=0.04 secs] 
[GC (Allocation Failure) [DefNew: 560255K->69248K(623616K), 0.1075827 secs] 1517187K->1065567K(2009472K), 0.1076231 secs] [Times: user=0.11 sys=0.00, real=0.11 secs] 
[GC (Allocation Failure) [DefNew: 623616K->5875K(623616K), 0.0473534 secs] 1619935K->1066727K(2009472K), 0.0474028 secs] [Times: user=0.05 sys=0.00, real=0.05 secs] 
[GC (Allocation Failure) [DefNew: 560243K->69248K(623616K), 0.0991562 secs] 1621095K->1168883K(2009472K), 0.0993050 secs] [Times: user=0.09 sys=0.00, real=0.10 secs] 
[GC (Allocation Failure) [DefNew: 623616K->5894K(623616K), 0.0463558 secs] 1723251K->1170102K(2009472K), 0.0464706 secs] [Times: user=0.05 sys=0.00, real=0.05 secs] 
[GC (Allocation Failure) [DefNew: 560262K->69247K(623616K), 0.1004515 secs] 1724470K->1272223K(2009472K), 0.1004932 secs] [Times: user=0.09 sys=0.00, real=0.10 secs] 
[GC (Allocation Failure) [DefNew: 623615K->5918K(623616K), 0.0463462 secs] 1826591K->1273411K(2009472K), 0.0463879 secs] [Times: user=0.05 sys=0.00, real=0.05 secs] 
[GC (Allocation Failure) [DefNew: 560286K->69247K(623616K), 0.0988527 secs] 1827779K->1375444K(2009472K), 0.0990016 secs] [Times: user=0.09 sys=0.00, real=0.09 secs] 
[GC (Allocation Failure) [DefNew: 623615K->623615K(623616K), 0.0000186 secs][Tenured: 1306196K->851795K(1385856K), 2.0860597 secs] 1929812K->851795K(2009472K), [Metaspace: 10572K->10572K(12288K)]
*** PauseDetector detected a 2089 ms pause at Mon Dec 22 04:21:06 EET 2014 ***

, 2.0861412 secs] [Times: user=2.09 sys=0.00, real=2.09 secs] 
[GC (Allocation Failure) [DefNew: 554368K->69248K(623616K), 0.1088247 secs] 1406163K->959651K(2009472K), 0.1088684 secs] [Times: user=0.11 sys=0.00, real=0.11 secs] 
[GC (Allocation Failure) [DefNew: 623616K->5897K(623616K), 0.0449482 secs] 1514019K->960840K(2009472K), 0.0449918 secs] [Times: user=0.05 sys=0.00, real=0.05 secs] 
[GC (Allocation Failure) [DefNew: 560265K->69247K(623616K), 0.3037227 secs] 1515208K->1087436K(2009472K), 0.3037663 secs] [Times: user=0.30 sys=0.00, real=0.30 secs] 
[GC (Allocation Failure) [DefNew: 623615K->5862K(623616K), 0.1013549 secs] 1641804K->1089063K(2009472K), 0.1015063 secs] [Times: user=0.11 sys=0.00, real=0.09 secs] 
[GC (Allocation Failure) [DefNew: 560230K->69247K(623616K), 0.5028993 secs] 1643431K->1208172K(2009472K), 0.5029416 secs] [Times: user=0.48 sys=0.00, real=0.49 secs] 

*** PauseDetector detected a 497 ms pause at Mon Dec 22 04:21:15 EET 2014 ***

[GC (Allocation Failure) [DefNew: 623615K->5919K(623616K), 0.0781747 secs] 1762540K->1209676K(2009472K), 0.0783268 secs] [Times: user=0.06 sys=0.00, real=0.07 secs] 
[GC (Allocation Failure) [DefNew: 560287K->69248K(623616K), 0.3709483 secs] 1764044K->1326186K(2009472K), 0.3711010 secs] [Times: user=0.36 sys=0.00, real=0.36 secs] 

*** PauseDetector detected a 365 ms pause at Mon Dec 22 04:21:19 EET 2014 ***

[GC (Allocation Failure) [DefNew: 623616K->5878K(623616K), 0.0972526 secs] 1880554K->1327619K(2009472K), 0.0973020 secs] [Times: user=0.09 sys=0.00, real=0.10 secs] 
[GC (Allocation Failure) [DefNew: 560246K->560246K(623616K), 0.0000199 secs][Tenured: 1321740K->862311K(1385856K), 2.2702068 secs] 1881987K->862311K(2009472K), [Metaspace: 10572K->10572K(12288K)], 2.2703999 secs] [Times: user=2.26 sys=0.00, real=2.26 secs] 

*** PauseDetector detected a 2266 ms pause at Mon Dec 22 04:21:24 EET 2014 ***

[GC (Allocation Failure) [DefNew: 554368K->5879K(623616K), 0.0116055 secs] 1416679K->868191K(2009472K), 0.0117498 secs] [Times: user=0.00 sys=0.00, real=0.01 secs] 
[Full GC (System.gc()) [Tenured: 862311K->794266K(1385856K), 2.3688632 secs] 879432K->794266K(2009472K), [Metaspace: 10572K->10572K(12288K)], 2.3689228 secs] [Times: user=2.35 sys=0.00, real=2.36 secs] 
[Full GC (System.gc()) [Tenured: 794266K->794266K(1385856K), 2.1567126 secs] 794266K->794266K(2009472K), [Metaspace: 10572K->10572K(12288K)], 2.1567550 secs] [Times: user=2.17 sys=0.00, real=2.16 secs] 
[Full GC (System.gc()) [Tenured: 794266K->794267K(1385856K), 2.0227240 secs] 805359K->794267K(2009472K), [Metaspace: 10572K->10572K(12288K)], 2.0227817 secs] [Times: user=2.01 sys=0.00, real=2.02 secs] 
[Full GC (System.gc()) [Tenured: 794267K->794268K(1385856K), 2.1441692 secs] 805358K->794268K(2009472K), [Metaspace: 10572K->10572K(12288K)], 2.1442417 secs] [Times: user=2.14 sys=0.00, real=2.14 secs] 
[Full GC (System.gc()) [Tenured: 794268K->787495K(1385856K), 2.1335870 secs] 805359K->787495K(2009472K), [Metaspace: 10572K->10572K(12288K)], 2.1336531 secs] [Times: user=2.14 sys=0.00, real=2.13 secs] 
[Full GC (System.gc()) [Tenured: 787495K->787495K(1385856K), 1.9749811 secs] 787495K->787495K(2009472K), [Metaspace: 10572K->10572K(12288K)], 1.9751357 secs] [Times: user=1.97 sys=0.00, real=1.97 secs] 

*** PauseDetector detected a 4522 ms pause at Mon Dec 22 04:21:30 EET 2014 ***


*** PauseDetector detected a 8288 ms pause at Mon Dec 22 04:21:38 EET 2014 ***

[GC (Allocation Failure) [DefNew: 554368K->69247K(623616K), 0.2994806 secs] 1341863K->904699K(2009472K), 0.2995325 secs] [Times: user=0.30 sys=0.00, real=0.29 secs] 
[GC (Allocation Failure) [DefNew: 623615K->5954K(623616K), 0.0635917 secs] 1459067K->906058K(2009472K), 0.0637226 secs] [Times: user=0.06 sys=0.00, real=0.06 secs] 
[GC (Allocation Failure) [DefNew: 560322K->69247K(623616K), 0.2186638 secs] 1460426K->1014853K(2009472K), 0.2188133 secs] [Times: user=0.22 sys=0.00, real=0.21 secs] 
[GC (Allocation Failure) [DefNew: 623615K->5954K(623616K), 0.0696219 secs] 1569221K->1016153K(2009472K), 0.0696713 secs] [Times: user=0.06 sys=0.00, real=0.06 secs] 
[GC (Allocation Failure) [DefNew: 560322K->69248K(623616K), 0.2519591 secs] 1570521K->1124235K(2009472K), 0.2520001 secs] [Times: user=0.25 sys=0.00, real=0.25 secs] 
[Full GC (System.gc()) [Tenured: 1054987K->859104K(1385856K), 2.1643294 secs] 1667699K->859104K(2009472K), [Metaspace: 10572K->10572K(12288K)], 2.1643820 secs] [Times: user=2.17 sys=0.00, real=2.16 secs] 
[Full GC (System.gc()) [Tenured: 859104K->859104K(1385856K), 1.9113977 secs] 859104K->859104K(2009472K), [Metaspace: 10572K->10572K(12288K)], 1.9115126 secs] [Times: user=1.90 sys=0.00, real=1.91 secs] 
[Full GC (System.gc()) [Tenured: 859104K->789735K(1385856K), 2.2402798 secs] 859106K->789735K(2009472K), [Metaspace: 10572K->10572K(12288K)], 2.2403266 secs] [Times: user=2.23 sys=0.00, real=2.23 secs] 

*** PauseDetector detected a 4070 ms pause at Mon Dec 22 04:21:53 EET 2014 ***


*** PauseDetector detected a 2254 ms pause at Mon Dec 22 04:21:55 EET 2014 ***

********************************
********** ROUND   93 **********
********************************
[GC (Allocation Failure) [DefNew: 554368K->69248K(623616K), 0.1917144 secs] 1344103K->903110K(2009472K), 0.1917779 secs] [Times: user=0.19 sys=0.00, real=0.19 secs] 
[GC (Allocation Failure) [DefNew: 623616K->5881K(623616K), 0.0512760 secs] 1457478K->904404K(2009472K), 0.0513845 secs] [Times: user=0.05 sys=0.00, real=0.04 secs] 
[GC (Allocation Failure) [DefNew: 560249K->69248K(623616K), 0.1865594 secs] 1458772K->1011427K(2009472K), 0.1867217 secs] [Times: user=0.19 sys=0.00, real=0.19 secs] 
[GC (Allocation Failure) [DefNew: 623616K->5891K(623616K), 0.0581216 secs] 1565795K->1012746K(2009472K), 0.0581653 secs] [Times: user=0.05 sys=0.00, real=0.05 secs] 
[GC (Allocation Failure) [DefNew: 560259K->69247K(623616K), 0.1821723 secs] 1567114K->1118346K(2009472K), 0.1823173 secs] [Times: user=0.17 sys=0.00, real=0.17 secs] 
[GC (Allocation Failure) [DefNew: 623615K->5886K(623616K), 0.0514736 secs] 1672714K->1119597K(2009472K), 0.0515166 secs] [Times: user=0.05 sys=0.00, real=0.05 secs] 
[GC (Allocation Failure) [DefNew: 560254K->69247K(623616K), 0.1767330 secs] 1673965K->1224868K(2009472K), 0.1767965 secs] [Times: user=0.17 sys=0.00, real=0.17 secs] 
[GC (Allocation Failure) [DefNew: 623615K->5871K(623616K), 0.0537653 secs] 1779236K->1226116K(2009472K), 0.0538103 secs] [Times: user=0.05 sys=0.00, real=0.05 secs] 
[GC (Allocation Failure) [DefNew: 560239K->69247K(623616K), 0.1965744 secs] 1780484K->1331135K(2009472K), 0.1966828 secs] [Times: user=0.19 sys=0.00, real=0.20 secs] 
[GC (Allocation Failure) [DefNew: 623615K->5885K(623616K), 0.0444182 secs] 1885503K->1332370K(2009472K), 0.0444728 secs] [Times: user=0.05 sys=0.00, real=0.05 secs] 
[GC (Allocation Failure) [DefNew: 560253K->560253K(623616K), 0.0000218 secs][Tenured: 1326485K->854723K(1385856K), 2.4874251 secs] 1886738K->854723K(2009472K), [Metaspace: 10572K->10572K(12288K)], 2.4875111 secs] [Times: user=2.48 sys=0.00, real=2.48 secs] 

*** PauseDetector detected a 2480 ms pause at Mon Dec 22 04:22:15 EET 2014 ***

[GC (Allocation Failure) [DefNew: 554368K->5889K(623616K), 0.0121867 secs] 1409091K->860613K(2009472K), 0.0122329 secs] [Times: user=0.00 sys=0.00, real=0.01 secs] 
[GC (Allocation Failure) [DefNew: 560257K->69248K(623616K), 0.1324784 secs] 1414981K->965136K(2009472K), 0.1325214 secs] [Times: user=0.14 sys=0.00, real=0.13 secs] 
[GC (Allocation Failure) [DefNew: 623616K->5894K(623616K), 0.0536961 secs] 1519504K->966409K(2009472K), 0.0537410 secs] [Times: user=0.05 sys=0.00, real=0.05 secs] 
[GC (Allocation Failure) [DefNew: 560262K->69247K(623616K), 0.1620858 secs] 1520777K->1070762K(2009472K), 0.1621294 secs] [Times: user=0.17 sys=0.00, real=0.16 secs] 
[GC (Allocation Failure) [DefNew: 623615K->5897K(623616K), 0.0449430 secs] 1625130K->1072020K(2009472K), 0.0449815 secs] [Times: user=0.05 sys=0.00, real=0.05 secs] 
[GC (Allocation Failure) [DefNew: 560265K->69248K(623616K), 0.1302463 secs] 1626388K->1175520K(2009472K), 0.1302887 secs] [Times: user=0.13 sys=0.00, real=0.12 secs] 
[GC (Allocation Failure) [DefNew: 623616K->5896K(623616K), 0.0436586 secs] 1729888K->1176732K(2009472K), 0.0437542 secs] [Times: user=0.05 sys=0.00, real=0.04 secs] 
[GC (Allocation Failure) [DefNew: 560264K->69248K(623616K), 0.1621711 secs] 1731100K->1280083K(2009472K), 0.1622148 secs] [Times: user=0.16 sys=0.00, real=0.16 secs] 
[GC (Allocation Failure) [DefNew: 623616K->5899K(623616K), 0.0388827 secs] 1834451K->1281293K(2009472K), 0.0389558 secs] [Times: user=0.03 sys=0.00, real=0.03 secs] 
[GC (Allocation Failure) [DefNew: 560267K->69247K(623616K), 0.1394844 secs] 1835661K->1384505K(2009472K), 0.1395370 secs] [Times: user=0.14 sys=0.00, real=0.14 secs] 
[GC (Allocation Failure) [DefNew: 623615K->623615K(623616K), 0.0000192 secs][Tenured: 1315257K->851213K(1385856K), 2.4408967 secs] 1938873K->851213K(2009472K), [Metaspace: 10572K->10572K(12288K)], 2.4409795 secs] [Times: user=2.43 sys=0.00, real=2.44 secs] 

*** PauseDetector detected a 2440 ms pause at Mon Dec 22 04:22:34 EET 2014 ***

[GC (Allocation Failure) [DefNew: 554368K->69247K(623616K), 0.1082024 secs] 1405581K->960172K(2009472K), 0.1082428 secs] [Times: user=0.09 sys=0.00, real=0.10 secs] 
[GC (Allocation Failure) [DefNew: 623615K->5899K(623616K), 0.0459792 secs] 1514540K->961415K(2009472K), 0.0460234 secs] [Times: user=0.05 sys=0.00, real=0.05 secs] 
[GC (Allocation Failure) [DefNew: 560267K->69247K(623616K), 0.1031295 secs] 1515783K->1064388K(2009472K), 0.1031737 secs] [Times: user=0.11 sys=0.00, real=0.10 secs] 
[GC (Allocation Failure) [DefNew: 623615K->5900K(623616K), 0.0501199 secs] 1618756K->1065609K(2009472K), 0.0501693 secs] [Times: user=0.05 sys=0.00, real=0.05 secs] 
[GC (Allocation Failure) [DefNew: 560268K->69248K(623616K), 0.1026258 secs] 1619977K->1168503K(2009472K), 0.1026926 secs] [Times: user=0.09 sys=0.00, real=0.09 secs] 
[GC (Allocation Failure) [DefNew: 623616K->5901K(623616K), 0.0404943 secs] 1722871K->1169705K(2009472K), 0.0406015 secs] [Times: user=0.05 sys=0.00, real=0.03 secs] 
[GC (Allocation Failure) [DefNew: 560269K->69247K(623616K), 0.1091763 secs] 1724073K->1272505K(2009472K), 0.1092148 secs] [Times: user=0.11 sys=0.00, real=0.11 secs] 
[GC (Allocation Failure) [DefNew: 623615K->5904K(623616K), 0.0486122 secs] 1826873K->1273735K(2009472K), 0.0486565 secs] [Times: user=0.05 sys=0.00, real=0.05 secs] 
[GC (Allocation Failure) [DefNew: 560272K->69247K(623616K), 0.1105538 secs] 1828103K->1376459K(2009472K), 0.1106160 secs] [Times: user=0.11 sys=0.00, real=0.11 secs] 
[GC (Allocation Failure) [DefNew: 623615K->623615K(623616K), 0.0000186 secs][Tenured: 1307211K->853888K(1385856K), 2.1178915 secs] 1930827K->853888K(2009472K), [Metaspace: 10572K->10572K(12288K)], 2.1179871 secs] [Times: user=2.11 sys=0.00, real=2.12 secs] 

*** PauseDetector detected a 2121 ms pause at Mon Dec 22 04:22:52 EET 2014 ***

[GC (Allocation Failure) [DefNew: 554368K->69247K(623616K), 0.1272482 secs] 1408256K->961968K(2009472K), 0.1272970 secs] [Times: user=0.12 sys=0.00, real=0.13 secs] 
[GC (Allocation Failure) [DefNew: 623615K->5904K(623616K), 0.0459054 secs] 1516336K->963148K(2009472K), 0.0460183 secs] [Times: user=0.05 sys=0.00, real=0.05 secs] 
[GC (Allocation Failure) [DefNew: 560272K->69248K(623616K), 0.1145271 secs] 1517516K->1065247K(2009472K), 0.1145713 secs] [Times: user=0.11 sys=0.00, real=0.11 secs] 
[GC (Allocation Failure) [DefNew: 623616K->5903K(623616K), 0.0433936 secs] 1619615K->1066432K(2009472K), 0.0434360 secs] [Times: user=0.05 sys=0.00, real=0.04 secs] 
[GC (Allocation Failure) [DefNew: 560271K->69248K(623616K), 0.1207241 secs] 1620800K->1168444K(2009472K), 0.1207914 secs] [Times: user=0.13 sys=0.00, real=0.12 secs] 
[GC (Allocation Failure) [DefNew: 623616K->5870K(623616K), 0.0390322 secs] 1722812K->1169610K(2009472K), 0.0391810 secs] [Times: user=0.03 sys=0.00, real=0.03 secs] 
[GC (Allocation Failure) [DefNew: 560238K->69248K(623616K), 0.0953087 secs] 1723978K->1271613K(2009472K), 0.0954793 secs] [Times: user=0.11 sys=0.00, real=0.10 secs] 
[GC (Allocation Failure) [DefNew: 623616K->5890K(623616K), 0.0417332 secs] 1825981K->1272779K(2009472K), 0.0417967 secs] [Times: user=0.03 sys=0.00, real=0.04 secs] 
[GC (Allocation Failure) [DefNew: 560258K->69248K(623616K), 0.3449876 secs] 1827147K->1399412K(2009472K), 0.3450979 secs] [Times: user=0.34 sys=0.00, real=0.34 secs] 
[GC (Allocation Failure) [DefNew: 623616K->623616K(623616K), 0.0000205 secs][Tenured: 1330164K->807714K(1385856K), 2.2905550 secs] 1953780K->807714K(2009472K), [Metaspace: 10572K->10572K(12288K)], 2.2906397 secs] [Times: user=2.29 sys=0.00, real=2.29 secs] 

*** PauseDetector detected a 2294 ms pause at Mon Dec 22 04:23:09 EET 2014 ***

[GC (Allocation Failure) [DefNew
*** PauseDetector detected a 438 ms pause at Mon Dec 22 04:23:12 EET 2014 ***

: 554368K->69247K(623616K), 0.4453403 secs] 1362082K->932667K(2009472K), 0.4453948 secs] [Times: user=0.44 sys=0.00, real=0.44 secs] 
[GC (Allocation Failure) [DefNew: 623615K->5854K(623616K), 0.0866827 secs] 1487035K->934125K(2009472K), 0.0867488 secs] [Times: user=0.08 sys=0.00, real=0.08 secs] 
[GC (Allocation Failure) [DefNew: 560222K->69247K(623616K), 0.3916936 secs] 1488493K->1050654K(2009472K), 0.3918361 secs] [Times: user=0.39 sys=0.00, real=0.38 secs] 

*** PauseDetector detected a 388 ms pause at Mon Dec 22 04:23:16 EET 2014 ***

[GC (Allocation Failure) [DefNew: 623615K->5906K(623616K), 0.0716300 secs] 1605022K->1052161K(2009472K), 0.0717795 secs] [Times: user=0.08 sys=0.00, real=0.07 secs] 
[GC (Allocation Failure) [DefNew: 560274K->69247K(623616K), 0.3907986 secs] 1606529K->1164632K(2009472K), 0.3908410 secs] [Times: user=0.39 sys=0.00, real=0.38 secs] 

*** PauseDetector detected a 387 ms pause at Mon Dec 22 04:23:19 EET 2014 ***

[GC (Allocation Failure) [DefNew: 623615K->5912K(623616K), 0.0662164 secs] 1719000K->1166013K(2009472K), 0.0663691 secs] [Times: user=0.06 sys=0.00, real=0.06 secs] 
[GC (Allocation Failure) [DefNew: 560280K->69248K(623616K), 0.2821183 secs] 1720381K->1277200K(2009472K), 0.2821638 secs] [Times: user=0.27 sys=0.00, real=0.28 secs] 
[GC (Allocation Failure) [DefNew: 623616K->5879K(623616K), 0.0577162 secs] 1831568K->1278589K(2009472K), 0.0577784 secs] [Times: user=0.06 sys=0.00, real=0.05 secs] 
[GC (Allocation Failure) [DefNew: 560247K->69247K(623616K), 0.3040454 secs] 1832957K->1387416K(2009472K), 0.3040884 secs] [Times: user=0.28 sys=0.00, real=0.30 secs] 
[GC (Allocation Failure) [DefNew: 623615K->623615K(623616K), 0.0000815 secs][Tenured: 1318168K->859935K(1385856K), 2.2705455 secs] 1941784K->859935K(2009472K), [Metaspace: 10572K->10572K(12288K)], 2.2708041 secs] [Times: user=2.26 sys=0.00, real=2.27 secs] 

*** PauseDetector detected a 2268 ms pause at Mon Dec 22 04:23:30 EET 2014 ***

[GC (Allocation Failure) [DefNew: 554368K->69247K(623616K), 0.2455972 secs] 1414303K->973924K(2009472K), 0.2456395 secs] [Times: user=0.23 sys=0.00, real=0.24 secs] 
[GC (Allocation Failure) [DefNew: 623615K->5879K(623616K), 0.0607540 secs] 1528292K->975188K(2009472K), 0.0608682 secs] [Times: user=0.05 sys=0.00, real=0.06 secs] 
[GC (Allocation Failure) [DefNew: 560247K->69248K(623616K), 0.1912538 secs] 1529556K->1082720K(2009472K), 0.1912910 secs] [Times: user=0.19 sys=0.00, real=0.18 secs] 
[GC (Allocation Failure) [DefNew: 623616K->5906K(623616K), 0.0630432 secs] 1637088K->1084003K(2009472K), 0.0630842 secs] [Times: user=0.05 sys=0.00, real=0.06 secs] 
[GC (Allocation Failure) [DefNew: 560274K->69247K(623616K), 0.2153013 secs] 1638371K->1191006K(2009472K), 0.2153450 secs] [Times: user=0.20 sys=0.00, real=0.21 secs] 
[GC (Allocation Failure) [DefNew: 623615K->5908K(623616K), 0.0480720 secs] 1745374K->1192337K(2009472K), 0.0482234 secs] [Times: user=0.05 sys=0.00, real=0.04 secs] 
[GC (Allocation Failure) [DefNew: 560276K->69247K(623616K), 0.1760683 secs] 1746705K->1297926K(2009472K), 0.1761107 secs] [Times: user=0.17 sys=0.00, real=0.17 secs] 
[GC (Allocation Failure) [DefNew: 623615K->5915K(623616K), 0.0457752 secs] 1852294K->1299200K(2009472K), 0.0458387 secs] [Times: user=0.05 sys=0.00, real=0.04 secs] 
[GC (Allocation Failure) [DefNew: 560283K->69248K(623616K), 0.2047044 secs] 1853568K->1404491K(2009472K), 0.2047455 secs] [Times: user=0.20 sys=0.00, real=0.20 secs] 
[GC (Allocation Failure) [DefNew: 623616K->623616K(623616K), 0.0000250 secs][Tenured: 1335243K->856426K(1385856K), 2.1871483 secs] 1958859K->856426K(2009472K), [Metaspace: 10572K->10572K(12288K)], 2.1872439 secs] [Times: user=2.18 sys=0.00, real=2.18 secs] 

*** PauseDetector detected a 2187 ms pause at Mon Dec 22 04:23:48 EET 2014 ***

[GC (Allocation Failure) [DefNew: 554368K->69248K(623616K), 0.1406309 secs] 1410794K->967315K(2009472K), 0.1406700 secs] [Times: user=0.14 sys=0.00, real=0.14 secs] 
[GC (Allocation Failure) [DefNew: 623616K->5875K(623616K), 0.0604313 secs] 1521683K->968541K(2009472K), 0.0604756 secs] [Times: user=0.06 sys=0.00, real=0.06 secs] 
[GC (Allocation Failure) [DefNew: 560243K->69247K(623616K), 0.1335126 secs] 1522909K->1073321K(2009472K), 0.1335562 secs] [Times: user=0.13 sys=0.00, real=0.13 secs] 
[GC (Allocation Failure) [DefNew: 623615K->5915K(623616K), 0.0516892 secs] 1627689K->1074582K(2009472K), 0.0517303 secs] [Times: user=0.05 sys=0.00, real=0.05 secs] 
[GC (Allocation Failure) [DefNew: 560283K->69248K(623616K), 0.1299159 secs] 1628950K->1179111K(2009472K), 0.1299551 secs] [Times: user=0.12 sys=0.00, real=0.13 secs] 
[GC (Allocation Failure) [DefNew: 623616K->5887K(623616K), 0.0517315 secs] 1733479K->1180346K(2009472K), 0.0517765 secs] [Times: user=0.05 sys=0.00, real=0.05 secs] 
[GC (Allocation Failure) [DefNew: 560255K->69247K(623616K), 0.1371786 secs] 1734714K->1284728K(2009472K), 0.1373280 secs] [Times: user=0.14 sys=0.00, real=0.13 secs] 
[GC (Allocation Failure) [DefNew: 623615K->5900K(623616K), 0.0494777 secs] 1839096K->1285966K(2009472K), 0.0495188 secs] [Times: user=0.05 sys=0.00, real=0.05 secs] 
[GC (Allocation Failure) [DefNew: 560268K->69248K(623616K), 0.1284223 secs] 1840334K->1389454K(2009472K), 0.1285320 secs] [Times: user=0.14 sys=0.00, real=0.13 secs] 
[GC (Allocation Failure) [DefNew: 623616K->623616K(623616K), 0.0000218 secs][Tenured: 1320206K->854668K(1385856K), 2.4055363 secs] 1943822K->854668K(2009472K), [Metaspace: 10572K->10572K(12288K)], 2.4056434 secs] [Times: user=2.40 sys=0.00, real=2.40 secs] 

*** PauseDetector detected a 2397 ms pause at Mon Dec 22 04:24:06 EET 2014 ***

[GC (Allocation Failure) [DefNew: 554368K->69247K(623616K), 0.1221708 secs] 1409036K->963936K(2009472K), 0.1222119 secs] [Times: user=0.11 sys=0.00, real=0.11 secs] 
[GC (Allocation Failure) [DefNew: 623615K->5917K(623616K), 0.0469242 secs] 1518304K->965143K(2009472K), 0.0470307 secs] [Times: user=0.05 sys=0.00, real=0.05 secs] 
[GC (Allocation Failure) [DefNew: 560285K->69247K(623616K), 0.1308122 secs] 1519511K->1068292K(2009472K), 0.1308545 secs] [Times: user=0.13 sys=0.00, real=0.12 secs] 
[GC (Allocation Failure) [DefNew: 623615K->5908K(623616K), 0.0391618 secs] 1622660K->1069557K(2009472K), 0.0393100 secs] [Times: user=0.03 sys=0.00, real=0.04 secs] 
[GC (Allocation Failure) [DefNew: 560276K->69248K(623616K), 0.1095164 secs] 1623925K->1172665K(2009472K), 0.1096614 secs] [Times: user=0.09 sys=0.00, real=0.11 secs] 
[GC (Allocation Failure) [DefNew: 623616K->5902K(623616K), 0.0447948 secs] 1727033K->1173854K(2009472K), 0.0448352 secs] [Times: user=0.05 sys=0.00, real=0.04 secs] 
[GC (Allocation Failure) [DefNew: 560270K->69247K(623616K), 0.1308789 secs] 1728222K->1276860K(2009472K), 0.1309206 secs] [Times: user=0.12 sys=0.00, real=0.13 secs] 
[GC (Allocation Failure) [DefNew: 623615K->5923K(623616K), 0.0498177 secs] 1831228K->1278069K(2009472K), 0.0498691 secs] [Times: user=0.05 sys=0.00, real=0.04 secs] 
[GC (Allocation Failure) [DefNew: 560291K->69247K(623616K), 0.1149338 secs] 1832437K->1380908K(2009472K), 0.1149736 secs] [Times: user=0.11 sys=0.00, real=0.11 secs] 
[GC (Allocation Failure) [DefNew: 623615K->623615K(623616K), 0.0000192 secs][Tenured: 1311660K->784738K(1385856K), 2.1881415 secs] 1935276K->784738K(2009472K), [Metaspace: 10572K->10572K(12288K)], 2.1882268 secs] [Times: user=2.18 sys=0.00, real=2.19 secs] 

*** PauseDetector detected a 2190 ms pause at Mon Dec 22 04:24:23 EET 2014 ***

[GC (Allocation Failure) [DefNew: 554368K->69247K(623616K), 0.0997644 secs] 1339106K->893463K(2009472K), 0.0998048 secs] [Times: user=0.09 sys=0.00, real=0.09 secs] 
[GC (Allocation Failure) [DefNew: 623615K->5900K(623616K), 0.0432570 secs] 1447831K->894665K(2009472K), 0.0433269 secs] [Times: user=0.03 sys=0.00, real=0.04 secs] 
[GC (Allocation Failure) [DefNew: 560268K->69248K(623616K), 0.0999473 secs] 1449033K->997421K(2009472K), 0.1000878 secs] [Times: user=0.09 sys=0.00, real=0.09 secs] 
[Full GC (System.gc()) [Tenured: 928173K->848258K(1385856K), 2.1145547 secs] 1019957K->848258K(2009472K), [Metaspace: 10572K->10572K(12288K)], 2.1146092 secs] [Times: user=2.11 sys=0.00, real=2.11 secs] 
[Full GC (System.gc()) [Tenured: 848258K->848180K(1385856K), 2.0434623 secs] 859349K->848180K(2009472K), [Metaspace: 10572K->10572K(12288K)], 2.0436156 secs] [Times: user=2.04 sys=0.00, real=2.05 secs] 
[Full GC (System.gc()) [Tenured
*** PauseDetector detected a 2107 ms pause at Mon Dec 22 04:24:30 EET 2014 ***

: 848180K->847994K(1385856K), 1.8216650 secs] 859272K->847994K(2009472K), [Metaspace: 10572K->10572K(12288K)], 1.8217105 secs] [Times: user=1.83 sys=0.00, real=1.82 secs] 
[Full GC (System.gc()) [Tenured: 847994K->772866K(1385856K), 1.8846594 secs] 859086K->772866K(2009472K), [Metaspace: 10572K->10572K(12288K)], 1.8847300 secs] [Times: user=1.89 sys=0.00, real=1.88 secs] 
[Full GC (System.gc()) [Tenured: 772866K->772866K(1385856K), 2.0928989 secs] 772866K->772866K(2009472K), [Metaspace: 10572K->10572K(12288K)], 2.0929393 secs] [Times: user=2.09 sys=0.00, real=2.09 secs] 
[Full GC (System.gc()) [Tenured: 772866K->772866K(1385856K), 1.8195427 secs] 772866K->772866K(2009472K), [Metaspace: 10572K->10572K(12288K)], 1.8196915 secs] [Times: user=1.82 sys=0.00, real=1.82 secs] 

*** PauseDetector detected a 9670 ms pause at Mon Dec 22 04:24:40 EET 2014 ***

[GC (Allocation Failure) [DefNew: 554368K->69248K(623616K), 0.0929419 secs] 1327234K->880993K(2009472K), 0.0929842 secs] [Times: user=0.08 sys=0.00, real=0.08 secs] 
[GC (Allocation Failure) [DefNew: 623616K->5954K(623616K), 0.0453992 secs] 1435361K->882175K(2009472K), 0.0455160 secs] [Times: user=0.05 sys=0.00, real=0.04 secs] 
[GC (Allocation Failure) [DefNew: 560322K->69247K(623616K), 0.0966451 secs] 1436543K->984277K(2009472K), 0.0967901 secs] [Times: user=0.09 sys=0.00, real=0.09 secs] 
[GC (Allocation Failure) [DefNew: 623615K->5954K(623616K), 0.0584784 secs] 1538645K->985459K(2009472K), 0.0585265 secs] [Times: user=0.06 sys=0.00, real=0.06 secs] 
[GC (Allocation Failure) [DefNew: 560322K->69248K(623616K), 0.1081472 secs] 1539827K->1087490K(2009472K), 0.1081966 secs] [Times: user=0.09 sys=0.00, real=0.10 secs] 
[GC (Allocation Failure) [DefNew: 623616K->5954K(623616K), 0.0568006 secs] 1641858K->1088671K(2009472K), 0.0568552 secs] [Times: user=0.05 sys=0.00, real=0.06 secs] 
[Full GC (System.gc()) [Tenured: 1082716K->849287K(1385856K), 2.1088600 secs] 1388100K->849287K(2009472K), [Metaspace: 10572K->10572K(12288K)], 2.1089370 secs] [Times: user=2.09 sys=0.00, real=2.10 secs] 
[Full GC (System.gc()) [Tenured: 849287K->779998K(1385856K), 1.9237891 secs] 849287K->779998K(2009472K), [Metaspace: 10572K->10572K(12288K)], 1.9238494 secs] [Times: user=1.93 sys=0.00, real=1.93 secs] 
[Full GC (System.gc()) [Tenured: 779998K->779999K(1385856K), 1.8587102 secs] 780000K->779999K(2009472K), [Metaspace: 10572K->10572K(12288K)], 1.8587539 secs] [Times: user=1.86 sys=0.00, real=1.85 secs] 

*** PauseDetector detected a 4030 ms pause at Mon Dec 22 04:24:54 EET 2014 ***

********************************
********** ROUND   94 **********
********************************

*** PauseDetector detected a 1914 ms pause at Mon Dec 22 04:24:56 EET 2014 ***

[GC (Allocation Failure) [DefNew: 554368K->5859K(623616K), 0.0143379 secs] 1334367K->785858K(2009472K), 0.0143816 secs] [Times: user=0.02 sys=0.00, real=0.01 secs] 
[GC (Allocation Failure) [DefNew: 560227K->69248K(623616K), 0.2867434 secs] 1340226K->912477K(2009472K), 0.2867851 secs] [Times: user=0.30 sys=0.00, real=0.29 secs] 
[GC (Allocation Failure) [DefNew: 623616K->5879K(623616K), 0.0841440 secs] 1466845K->914137K(2009472K), 0.0842094 secs] [Times: user=0.08 sys=0.00, real=0.08 secs] 
[GC (Allocation Failure) [DefNew: 560247K->69247K(623616K), 0.4927438 secs] 1468505K->1033178K(2009472K), 0.4927880 secs] [Times: user=0.47 sys=0.00, real=0.48 secs] 

*** PauseDetector detected a 487 ms pause at Mon Dec 22 04:25:03 EET 2014 ***

[GC (Allocation Failure) [DefNew: 623615K->5881K(623616K), 0.0782197 secs] 1587546K->1034695K(2009472K), 0.0783704 secs] [Times: user=0.08 sys=0.00, real=0.08 secs] 
[GC (Allocation Failure) [DefNew: 560249K->69247K(623616K), 0.3689113 secs] 1589063K->1151201K(2009472K), 0.3690588 secs] [Times: user=0.36 sys=0.00, real=0.36 secs] 

*** PauseDetector detected a 365 ms pause at Mon Dec 22 04:25:07 EET 2014 ***

[GC (Allocation Failure) [DefNew: 623615K->5876K(623616K), 0.0659514 secs] 1705569K->1152673K(2009472K), 0.0659976 secs] [Times: user=0.06 sys=0.00, real=0.06 secs] 
[GC (Allocation Failure) [DefNew: 560244K->69248K(623616K), 0.4165804 secs] 1707041K->1265147K(2009472K), 0.4166317 secs] [Times: user=0.42 sys=0.00, real=0.41 secs] 

*** PauseDetector detected a 412 ms pause at Mon Dec 22 04:25:10 EET 2014 ***

[GC (Allocation Failure) [DefNew: 623616K->5889K(623616K), 0.0690881 secs] 1819515K->1266533K(2009472K), 0.0691516 secs] [Times: user=0.06 sys=0.00, real=0.06 secs] 
[GC (Allocation Failure) [DefNew: 560257K->69248K(623616K), 0.2948439 secs] 1820901K->1377771K(2009472K), 0.2949953 secs] [Times: user=0.28 sys=0.00, real=0.29 secs] 
[GC (Allocation Failure) [DefNew: 623616K->623616K(623616K), 0.0001129 secs][Tenured: 1308523K->862388K(1385856K), 2.6054244 secs] 1932139K->862388K(2009472K), [Metaspace: 10572K->10572K(12288K)], 2.6056791 secs] [Times: user=2.61 sys=0.00, real=2.60 secs] 

*** PauseDetector detected a 2603 ms pause at Mon Dec 22 04:25:18 EET 2014 ***

[GC (Allocation Failure) [DefNew: 554368K->69247K(623616K), 0.2201112 secs] 1416756K->977041K(2009472K), 0.2201497 secs] [Times: user=0.22 sys=0.00, real=0.22 secs] 
[GC (Allocation Failure) [DefNew: 623615K->5891K(623616K), 0.0572741 secs] 1531409K->978374K(2009472K), 0.0573158 secs] [Times: user=0.06 sys=0.00, real=0.06 secs] 
[GC (Allocation Failure) [DefNew: 560259K->69248K(623616K), 0.2454920 secs] 1532742K->1086413K(2009472K), 0.2455311 secs] [Times: user=0.25 sys=0.00, real=0.24 secs] 
[GC (Allocation Failure) [DefNew: 623616K->5900K(623616K), 0.0617369 secs] 1640781K->1087757K(2009472K), 0.0618838 secs] [Times: user=0.05 sys=0.00, real=0.06 secs] 
[GC (Allocation Failure) [DefNew: 560268K->69248K(623616K), 0.1997245 secs] 1642125K->1195248K(2009472K), 0.1999279 secs] [Times: user=0.20 sys=0.00, real=0.19 secs] 
[GC (Allocation Failure) [DefNew: 623616K->5896K(623616K), 0.0522955 secs] 1749616K->1196540K(2009472K), 0.0523417 secs] [Times: user=0.05 sys=0.00, real=0.05 secs] 
[GC (Allocation Failure) [DefNew: 560264K->69248K(623616K), 0.2520283 secs] 1750908K->1303579K(2009472K), 0.2520726 secs] [Times: user=0.25 sys=0.00, real=0.25 secs] 
[GC (Allocation Failure) [DefNew: 623616K->5902K(623616K), 0.0605423 secs] 1857947K->1304879K(2009472K), 0.0605866 secs] [Times: user=0.06 sys=0.00, real=0.06 secs] 
[GC (Allocation Failure) [DefNew: 560270K->69247K(623616K), 0.1936193 secs] 1859247K->1410482K(2009472K), 0.1937623 secs] [Times: user=0.19 sys=0.00, real=0.19 secs] 
[GC (Allocation Failure) [DefNew: 623615K->623615K(623616K), 0.0000192 secs][Tenured: 1341234K->856740K(1385856K), 2.4575148 secs] 1964850K->856740K(2009472K), [Metaspace: 10572K->10572K(12288K)]
*** PauseDetector detected a 2454 ms pause at Mon Dec 22 04:25:37 EET 2014 ***

, 2.4575957 secs] [Times: user=2.45 sys=0.00, real=2.45 secs] 
[GC (Allocation Failure) [DefNew: 554368K->69247K(623616K), 0.1771648 secs] 1411108K->967928K(2009472K), 0.1772071 secs] [Times: user=0.17 sys=0.00, real=0.17 secs] 
[GC (Allocation Failure) [DefNew: 623615K->5889K(623616K), 0.0500314 secs] 1522296K->969165K(2009472K), 0.0501725 secs] [Times: user=0.05 sys=0.00, real=0.05 secs] 
[GC (Allocation Failure) [DefNew: 560257K->69247K(623616K), 0.1518148 secs] 1523533K->1074153K(2009472K), 0.1518559 secs] [Times: user=0.14 sys=0.00, real=0.14 secs] 
[GC (Allocation Failure) [DefNew: 623615K->5891K(623616K), 0.0523609 secs] 1628521K->1075407K(2009472K), 0.0524052 secs] [Times: user=0.05 sys=0.00, real=0.05 secs] 
[GC (Allocation Failure) [DefNew: 560259K->69248K(623616K), 0.1369104 secs] 1629775K->1180181K(2009472K), 0.1369752 secs] [Times: user=0.14 sys=0.00, real=0.13 secs] 
[GC (Allocation Failure) [DefNew: 623616K->5901K(623616K), 0.0425378 secs] 1734549K->1181418K(2009472K), 0.0425820 secs] [Times: user=0.03 sys=0.00, real=0.04 secs] 
[GC (Allocation Failure) [DefNew: 560269K->69248K(623616K), 0.1362714 secs] 1735786K->1285954K(2009472K), 0.1363124 secs] [Times: user=0.14 sys=0.00, real=0.13 secs] 
[GC (Allocation Failure) [DefNew: 623616K->5896K(623616K), 0.0505799 secs] 1840322K->1287204K(2009472K), 0.0506223 secs] [Times: user=0.05 sys=0.00, real=0.04 secs] 
[GC (Allocation Failure) [DefNew: 560264K->69248K(623616K), 0.1301892 secs] 1841572K->1391588K(2009472K), 0.1302547 secs] [Times: user=0.13 sys=0.00, real=0.13 secs] 
[GC (Allocation Failure) [DefNew: 623616K->623616K(623616K), 0.0000212 secs][Tenured: 1322340K->786235K(1385856K), 2.1987602 secs] 1945956K->786235K(2009472K), [Metaspace: 10572K->10572K(12288K)], 2.1989129 secs] [Times: user=2.18 sys=0.00, real=2.20 secs] 

*** PauseDetector detected a 2197 ms pause at Mon Dec 22 04:25:54 EET 2014 ***

[GC (Allocation Failure) [DefNew: 554368K->69247K(623616K), 0.1418287 secs] 1340603K->895650K(2009472K), 0.1418717 secs] [Times: user=0.13 sys=0.00, real=0.13 secs] 
[GC (Allocation Failure) [DefNew: 623615K->5889K(623616K), 0.0495168 secs] 1450018K->896841K(2009472K), 0.0495714 secs] [Times: user=0.05 sys=0.00, real=0.05 secs] 
[GC (Allocation Failure) [DefNew: 560257K->69247K(623616K), 0.1244080 secs] 1451209K->1000205K(2009472K), 0.1244734 secs] [Times: user=0.13 sys=0.00, real=0.12 secs] 
[GC (Allocation Failure) [DefNew: 623615K->5905K(623616K), 0.0478815 secs] 1554573K->1001414K(2009472K), 0.0479251 secs] [Times: user=0.05 sys=0.00, real=0.04 secs] 
[GC (Allocation Failure) [DefNew: 560273K->69247K(623616K), 0.1438201 secs] 1555782K->1104575K(2009472K), 0.1438644 secs] [Times: user=0.14 sys=0.00, real=0.14 secs] 
[GC (Allocation Failure) [DefNew: 623615K->5909K(623616K), 0.0420200 secs] 1658943K->1105840K(2009472K), 0.0420842 secs] [Times: user=0.05 sys=0.00, real=0.04 secs] 
[GC (Allocation Failure) [DefNew: 560277K->69247K(623616K), 0.1340278 secs] 1660208K->1208903K(2009472K), 0.1340676 secs] [Times: user=0.13 sys=0.00, real=0.13 secs] 
[GC (Allocation Failure) [DefNew: 623615K->5879K(623616K), 0.0414105 secs] 1763271K->1210113K(2009472K), 0.0414529 secs] [Times: user=0.03 sys=0.00, real=0.03 secs] 
[GC (Allocation Failure) [DefNew: 560247K->69247K(623616K), 0.1373338 secs] 1764481K->1313133K(2009472K), 0.1374403 secs] [Times: user=0.14 sys=0.00, real=0.14 secs] 
[GC (Allocation Failure) [DefNew: 623615K->5901K(623616K), 0.0388801 secs] 1867501K->1314329K(2009472K), 0.0389238 secs] [Times: user=0.03 sys=0.00, real=0.04 secs] 
[GC (Allocation Failure) [DefNew: 560269K->560269K(623616K), 0.0000199 secs][Tenured: 1308427K->852836K(1385856K), 2.1251593 secs] 1868697K->852836K(2009472K), [Metaspace: 10572K->10572K(12288K)], 2.1252408 secs] [Times: user=2.11 sys=0.00, real=2.12 secs] 

*** PauseDetector detected a 2121 ms pause at Mon Dec 22 04:26:13 EET 2014 ***

[GC (Allocation Failure) [DefNew: 554368K->5896K(623616K), 0.0157654 secs] 1407204K->858732K(2009472K), 0.0158200 secs] [Times: user=0.02 sys=0.00, real=0.02 secs] 
[GC (Allocation Failure) [DefNew: 560264K->69248K(623616K), 0.1026842 secs] 1413100K->961550K(2009472K), 0.1027291 secs] [Times: user=0.11 sys=0.00, real=0.10 secs] 
[GC (Allocation Failure) [DefNew: 623616K->5908K(623616K), 0.0409852 secs] 1515918K->962749K(2009472K), 0.0410269 secs] [Times: user=0.03 sys=0.00, real=0.04 secs] 
[GC (Allocation Failure) [DefNew: 560276K->69247K(623616K), 0.1067204 secs] 1517117K->1065471K(2009472K), 0.1067646 secs] [Times: user=0.11 sys=0.00, real=0.11 secs] 
[GC (Allocation Failure) [DefNew: 623615K->5886K(623616K), 0.0449969 secs] 1619839K->1066647K(2009472K), 0.0450399 secs] [Times: user=0.05 sys=0.00, real=0.05 secs] 
[GC (Allocation Failure) [DefNew: 560254K->69247K(623616K), 0.1043632 secs] 1621015K->1168856K(2009472K), 0.1044062 secs] [Times: user=0.11 sys=0.00, real=0.11 secs] 
[GC (Allocation Failure) [DefNew: 623615K->5800K(623616K), 0.0434860 secs] 1723224K->1169941K(2009472K), 0.0435887 secs] [Times: user=0.05 sys=0.00, real=0.04 secs] 
[GC (Allocation Failure) [DefNew: 560168K->69248K(623616K), 0.1004073 secs] 1724309K->1272152K(2009472K), 0.1004541 secs] [Times: user=0.09 sys=0.00, real=0.10 secs] 
[GC (Allocation Failure) [DefNew: 623616K->5906K(623616K), 0.0457880 secs] 1826520K->1273331K(2009472K), 0.0458977 secs] [Times: user=0.05 sys=0.00, real=0.04 secs] 
[GC (Allocation Failure) [DefNew: 560274K->69248K(623616K), 0.1179204 secs] 1827699K->1375374K(2009472K), 0.1179634 secs] [Times: user=0.11 sys=0.00, real=0.11 secs] 
[GC (Allocation Failure) [DefNew: 623616K->623616K(623616K), 0.0000218 secs][Tenured: 1306126K->851753K(1385856K), 2.1161227 secs] 1929742K->851753K(2009472K), [Metaspace: 10572K->10572K(12288K)], 2.1162048 secs] [Times: user=2.12 sys=0.00, real=2.11 secs] 

*** PauseDetector detected a 2109 ms pause at Mon Dec 22 04:26:32 EET 2014 ***

[GC (Allocation Failure) [DefNew: 554368K->69248K(623616K), 0.1134358 secs] 1406121K->959580K(2009472K), 0.1134794 secs] [Times: user=0.11 sys=0.00, real=0.11 secs] 
[GC (Allocation Failure) [DefNew: 623616K->5919K(623616K), 0.0577976 secs] 1513948K->960821K(2009472K), 0.0578503 secs] [Times: user=0.05 sys=0.00, real=0.05 secs] 
[GC (Allocation Failure) [DefNew: 560287K->69248K(623616K), 0.2801140 secs] 1515189K->1087421K(2009472K), 0.2802577 secs] [Times: user=0.27 sys=0.00, real=0.27 secs] 
[GC (Allocation Failure) [DefNew: 623616K->5879K(623616K), 0.1030923 secs] 1641789K->1089039K(2009472K), 0.1031975 secs] [Times: user=0.11 sys=0.00, real=0.10 secs] 
[GC (Allocation Failure) [DefNew: 560247K->69248K(623616K), 0.5029384 secs] 1643407K->1208111K(2009472K), 0.5029820 secs] [Times: user=0.50 sys=0.00, real=0.50 secs] 

*** PauseDetector detected a 505 ms pause at Mon Dec 22 04:26:41 EET 2014 ***

[GC (Allocation Failure) [DefNew: 623616K->5850K(623616K), 0.0772637 secs] 1762479K->1209566K(2009472K), 0.0774093 secs] [Times: user=0.08 sys=0.00, real=0.08 secs] 
[GC (Allocation Failure) [DefNew: 560218K->69247K(623616K), 0.3744423 secs] 1763934K->1326132K(2009472K), 0.3744936 secs] [Times: user=0.36 sys=0.00, real=0.37 secs] 

*** PauseDetector detected a 374 ms pause at Mon Dec 22 04:26:45 EET 2014 ***

[GC (Allocation Failure) [DefNew: 623615K->5862K(623616K), 0.0835248 secs] 1880500K->1327562K(2009472K), 0.0835672 secs] [Times: user=0.08 sys=0.00, real=0.08 secs] 
[GC (Allocation Failure) [DefNew: 560230K->560230K(623616K), 0.0000192 secs][Tenured: 1321699K->862310K(1385856K), 2.3080681 secs] 1881930K->862310K(2009472K), [Metaspace: 10572K->10572K(12288K)], 2.3081496 secs] [Times: user=2.31 sys=0.00, real=2.31 secs] 

*** PauseDetector detected a 2309 ms pause at Mon Dec 22 04:26:50 EET 2014 ***

[GC (Allocation Failure) [DefNew: 554368K->5908K(623616K), 0.0113161 secs] 1416678K->868219K(2009472K), 0.0114207 secs] [Times: user=0.01 sys=0.00, real=0.01 secs] 
[GC (Allocation Failure) [DefNew: 560276K->69248K(623616K), 0.3109327 secs] 1422587K->979407K(2009472K), 0.3109751 secs] [Times: user=0.31 sys=0.00, real=0.31 secs] 
[GC (Allocation Failure) [DefNew: 623616K->5854K(623616K), 0.0578907 secs] 1533775K->980774K(2009472K), 0.0579337 secs] [Times: user=0.06 sys=0.00, real=0.06 secs] 
[GC (Allocation Failure) [DefNew: 560222K->69247K(623616K), 0.2318219 secs] 1535142K->1089626K(2009472K), 0.2319265 secs] [Times: user=0.22 sys=0.00, real=0.22 secs] 
[GC (Allocation Failure) [DefNew: 623615K->5913K(623616K), 0.0613712 secs] 1643994K->1090928K(2009472K), 0.0615214 secs] [Times: user=0.06 sys=0.00, real=0.05 secs] 
[GC (Allocation Failure) [DefNew: 560281K->69248K(623616K), 0.2533596 secs] 1645296K->1198994K(2009472K), 0.2534013 secs] [Times: user=0.27 sys=0.00, real=0.25 secs] 
[GC (Allocation Failure) [DefNew: 623616K->5915K(623616K), 0.0596403 secs] 1753362K->1200304K(2009472K), 0.0596839 secs] [Times: user=0.06 sys=0.00, real=0.06 secs] 
[GC (Allocation Failure) [DefNew: 560283K->69247K(623616K), 0.2210325 secs] 1754672K->1307799K(2009472K), 0.2211827 secs] [Times: user=0.22 sys=0.00, real=0.22 secs] 
[GC (Allocation Failure) [DefNew: 623615K->5915K(623616K), 0.0581537 secs] 1862167K->1309091K(2009472K), 0.0581941 secs] [Times: user=0.05 sys=0.00, real=0.05 secs] 
[GC (Allocation Failure) [DefNew: 560283K->69247K(623616K), 0.2278140 secs] 1863459K->1416086K(2009472K), 0.2278589 secs] [Times: user=0.22 sys=0.00, real=0.23 secs] 
[GC (Allocation Failure) [DefNew: 623615K->623615K(623616K), 0.0000199 secs][Tenured: 1346838K->788959K(1385856K), 2.2977464 secs] 1970454K->788959K(2009472K), [Metaspace: 10572K->10572K(12288K)], 2.2978959 secs] [Times: user=2.28 sys=0.00, real=2.29 secs] 

*** PauseDetector detected a 2290 ms pause at Mon Dec 22 04:27:11 EET 2014 ***

[GC (Allocation Failure) [DefNew: 554368K->69247K(623616K), 0.1995275 secs] 1343327K->900485K(2009472K), 0.1996398 secs] [Times: user=0.20 sys=0.00, real=0.20 secs] 
[GC (Allocation Failure) [DefNew: 623615K->5891K(623616K), 0.0614803 secs] 1454853K->901707K(2009472K), 0.0615252 secs] [Times: user=0.06 sys=0.00, real=0.05 secs] 
[GC (Allocation Failure) [DefNew: 560259K->69247K(623616K), 0.1532571 secs] 1456075K->1006985K(2009472K), 0.1533219 secs] [Times: user=0.14 sys=0.00, real=0.15 secs] 
[GC (Allocation Failure) [DefNew: 623615K->5918K(623616K), 0.0462647 secs] 1561353K->1008268K(2009472K), 0.0463802 secs] [Times: user=0.05 sys=0.00, real=0.05 secs] 
[GC (Allocation Failure) [DefNew: 560286K->69247K(623616K), 0.1430317 secs] 1562636K->1113266K(2009472K), 0.1430778 secs] [Times: user=0.13 sys=0.00, real=0.13 secs] 
[GC (Allocation Failure) [DefNew: 623615K->5899K(623616K), 0.0521762 secs] 1667634K->1114490K(2009472K), 0.0522204 secs] [Times: user=0.05 sys=0.00, real=0.05 secs] 
[GC (Allocation Failure) [DefNew: 560267K->69247K(623616K), 0.1367814 secs] 1668858K->1219241K(2009472K), 0.1369848 secs] [Times: user=0.14 sys=0.00, real=0.14 secs] 
[GC (Allocation Failure) [DefNew: 623615K->5916K(623616K), 0.0598417 secs] 1773609K->1220507K(2009472K), 0.0599912 secs] [Times: user=0.05 sys=0.00, real=0.05 secs] 
[GC (Allocation Failure) [DefNew: 560284K->69248K(623616K), 0.1495167 secs] 1774875K->1325023K(2009472K), 0.1495597 secs] [Times: user=0.14 sys=0.00, real=0.14 secs] 
[GC (Allocation Failure) [DefNew: 623616K->5923K(623616K), 0.0582211 secs] 1879391K->1326306K(2009472K), 0.0582641 secs] [Times: user=0.06 sys=0.00, real=0.05 secs] 
[GC (Allocation Failure) [DefNew: 560291K->560291K(623616K), 0.0000738 secs][Tenured: 1320382K->854390K(1385856K), 2.1326702 secs] 1880674K->854390K(2009472K), [Metaspace: 10572K->10572K(12288K)], 2.1328158 secs] [Times: user=2.14 sys=0.00, real=2.13 secs] 

*** PauseDetector detected a 2137 ms pause at Mon Dec 22 04:27:30 EET 2014 ***

[Full GC (System.gc()) [Tenured: 854390K->852899K(1385856K), 2.1396576 secs] 1155892K->852899K(2009472K), [Metaspace: 10572K->10572K(12288K)], 2.1397096 secs] [Times: user=2.12 sys=0.00, real=2.13 secs] 
[Full GC (System.gc()) [Tenured: 852899K->852900K(1385856K), 1.9853483 secs] 852901K->852900K(2009472K), [Metaspace: 10572K->10572K(12288K)], 1.9853926 secs] [Times: user=2.00 sys=0.00, real=1.99 secs] 
[Full GC (System.gc()) [Tenured: 852900K->783529K(1385856K), 1.9673592 secs] 852902K->783529K(2009472K), [Metaspace: 10572K->10572K(12288K)], 1.9674253 secs] [Times: user=1.97 sys=0.00, real=1.96 secs] 

*** PauseDetector detected a 2132 ms pause at Mon Dec 22 04:27:33 EET 2014 ***

[Full GC (System.gc()) [Tenured: 783529K->783529K(1385856K), 2.0073082 secs] 783531K->783529K(2009472K), [Metaspace: 10572K->10572K(12288K)], 2.0074205 secs] [Times: user=2.01 sys=0.00, real=2.01 secs] 
[Full GC (System.gc()) [Tenured: 783529K->783529K(1385856K), 2.0361810 secs] 794590K->783529K(2009472K), [Metaspace: 10572K->10572K(12288K)], 2.0362247 secs] [Times: user=2.04 sys=0.00, real=2.04 secs] 
[Full GC (System.gc()) [Tenured: 783529K->783530K(1385856K), 1.8690236 secs] 794592K->783530K(2009472K), [Metaspace: 10572K->10572K(12288K)], 1.8691750 secs] [Times: user=1.86 sys=0.00, real=1.86 secs] 

*** PauseDetector detected a 8007 ms pause at Mon Dec 22 04:27:41 EET 2014 ***


*** PauseDetector detected a 1872 ms pause at Mon Dec 22 04:27:43 EET 2014 ***

[GC (Allocation Failure) [DefNew: 554368K->69247K(623616K), 0.1353263 secs] 1337898K->892992K(2009472K), 0.1353796 secs] [Times: user=0.12 sys=0.00, real=0.13 secs] 
[GC (Allocation Failure) [DefNew: 623615K->5954K(623616K), 0.0462172 secs] 1447360K->894198K(2009472K), 0.0463276 secs] [Times: user=0.05 sys=0.00, real=0.04 secs] 
[GC (Allocation Failure) [DefNew: 560322K->69248K(623616K), 0.1131875 secs] 1448566K->997550K(2009472K), 0.1133376 secs] [Times: user=0.11 sys=0.00, real=0.11 secs] 
[GC (Allocation Failure) [DefNew: 623616K->5954K(623616K), 0.0644739 secs] 1551918K->998756K(2009472K), 0.0645887 secs] [Times: user=0.06 sys=0.00, real=0.07 secs] 
[GC (Allocation Failure) [DefNew: 560322K->69247K(623616K), 0.1267837 secs] 1553124K->1101975K(2009472K), 0.1268254 secs] [Times: user=0.13 sys=0.00, real=0.13 secs] 
[GC (Allocation Failure) [DefNew: 623615K->5954K(623616K), 0.0520459 secs] 1656343K->1103178K(2009472K), 0.0520889 secs] [Times: user=0.06 sys=0.00, real=0.05 secs] 
[Full GC (System.gc()) [Tenured: 1097223K->780162K(1385856K), 2.0950944 secs] 1303679K->780162K(2009472K), [Metaspace: 10572K->10572K(12288K)], 2.0951662 secs] [Times: user=2.09 sys=0.00, real=2.09 secs] 
[Full GC (System.gc()) [Tenured: 780162K->780163K(1385856K), 1.8484732 secs] 780164K->780163K(2009472K), [Metaspace: 10572K->10572K(12288K)], 1.8486227 secs] [Times: user=1.86 sys=0.00, real=1.85 secs] 

*** PauseDetector detected a 2094 ms pause at Mon Dec 22 04:27:55 EET 2014 ***

[Full GC (System.gc()) [Tenured: 780163K->780172K(1385856K), 1.9875919 secs] 791303K->780172K(2009472K), [Metaspace: 10572K->10572K(12288K)], 1.9876343 secs] [Times: user=1.98 sys=0.00, real=1.99 secs] 

*** PauseDetector detected a 3839 ms pause at Mon Dec 22 04:27:59 EET 2014 ***

********************************
********** ROUND   95 **********
********************************
[GC (Allocation Failure) [DefNew: 554368K->5877K(623616K), 0.0114387 secs] 1334540K->786049K(2009472K), 0.0114823 secs] [Times: user=0.00 sys=0.00, real=0.00 secs] 
[GC (Allocation Failure) [DefNew: 560245K->69247K(623616K), 0.1258041 secs] 1340417K->889041K(2009472K), 0.1259568 secs] [Times: user=0.12 sys=0.00, real=0.12 secs] 
[GC (Allocation Failure) [DefNew: 623615K->5882K(623616K), 0.0477223 secs] 1443409K->890248K(2009472K), 0.0477660 secs] [Times: user=0.03 sys=0.00, real=0.04 secs] 
[GC (Allocation Failure) [DefNew: 560250K->69247K(623616K), 0.1170658 secs] 1444616K->993134K(2009472K), 0.1171800 secs] [Times: user=0.11 sys=0.00, real=0.11 secs] 
[GC (Allocation Failure) [DefNew: 623615K->5896K(623616K), 0.0447705 secs] 1547502K->994357K(2009472K), 0.0448776 secs] [Times: user=0.05 sys=0.00, real=0.05 secs] 
[GC (Allocation Failure) [DefNew: 560264K->69247K(623616K), 0.1095645 secs] 1548725K->1097144K(2009472K), 0.1096030 secs] [Times: user=0.11 sys=0.00, real=0.11 secs] 
[GC (Allocation Failure) [DefNew: 623615K->5883K(623616K), 0.0438915 secs] 1651512K->1098348K(2009472K), 0.0440031 secs] [Times: user=0.05 sys=0.00, real=0.04 secs] 
[GC (Allocation Failure) [DefNew: 560251K->69247K(623616K), 0.0985923 secs] 1652716K->1201066K(2009472K), 0.0986340 secs] [Times: user=0.09 sys=0.00, real=0.10 secs] 
[GC (Allocation Failure) [DefNew: 623615K->5900K(623616K), 0.0485006 secs] 1755434K->1202284K(2009472K), 0.0485525 secs] [Times: user=0.03 sys=0.00, real=0.05 secs] 
[GC (Allocation Failure) [DefNew: 560268K->69248K(623616K), 0.1068339 secs] 1756652K->1304466K(2009472K), 0.1068731 secs] [Times: user=0.11 sys=0.00, real=0.10 secs] 
[GC (Allocation Failure) [DefNew: 623616K->5887K(623616K), 0.0442995 secs] 1858834K->1305652K(2009472K), 0.0443432 secs] [Times: user=0.03 sys=0.00, real=0.04 secs] 
[GC (Allocation Failure) [DefNew: 560255K->69248K(623616K), 0.1274228 secs] 1860020K->1407751K(2009472K), 0.1274689 secs] [Times: user=0.13 sys=0.00, real=0.13 secs] 
[GC (Allocation Failure) [DefNew: 623616K->623616K(623616K), 0.0000212 secs][Tenured: 1338503K->853249K(1385856K), 2.2425183 secs] 1962119K->853249K(2009472K), [Metaspace: 10572K->10572K(12288K)], 2.2427120 secs] [Times: user=2.23 sys=0.00, real=2.24 secs] 

*** PauseDetector detected a 2238 ms pause at Mon Dec 22 04:28:21 EET 2014 ***

[GC (Allocation Failure) [DefNew: 554368K->69248K(623616K), 0.0900388 secs] 1407617K->961168K(2009472K), 0.0901838 secs] [Times: user=0.08 sys=0.00, real=0.08 secs] 
[GC (Allocation Failure) [DefNew: 623616K->5890K(623616K), 0.0387409 secs] 1515536K->962351K(2009472K), 0.0388429 secs] [Times: user=0.03 sys=0.00, real=0.03 secs] 
[GC (Allocation Failure) [DefNew: 560258K->69248K(623616K), 0.1076038 secs] 1516719K->1064303K(2009472K), 0.1076475 secs] [Times: user=0.09 sys=0.00, real=0.10 secs] 
[GC (Allocation Failure) [DefNew: 623616K->5875K(623616K), 0.0397565 secs] 1618671K->1065483K(2009472K), 0.0398637 secs] [Times: user=0.03 sys=0.00, real=0.03 secs] 
[GC (Allocation Failure) [DefNew: 560243K->69247K(623616K), 0.2891756 secs] 1619851K->1192116K(2009472K), 0.2892154 secs] [Times: user=0.28 sys=0.00, real=0.28 secs] 
[GC (Allocation Failure) [DefNew: 623615K->5896K(623616K), 0.0852359 secs] 1746484K->1193763K(2009472K), 0.0852853 secs] [Times: user=0.08 sys=0.00, real=0.09 secs] 
[GC (Allocation Failure) [DefNew: 560264K->69248K(623616K), 0.4356711 secs] 1748131K->1312815K(2009472K), 0.4357135 secs] [Times: user=0.44 sys=0.00, real=0.44 secs] 

*** PauseDetector detected a 438 ms pause at Mon Dec 22 04:28:33 EET 2014 ***

[GC (Allocation Failure) [DefNew: 623616K->5883K(623616K), 0.0838520 secs] 1867183K->1314307K(2009472K), 0.0840022 secs] [Times: user=0.08 sys=0.00, real=0.08 secs] 
[GC (Allocation Failure) [DefNew: 560251K->560251K(623616K), 0.0000167 secs][Tenured
*** PauseDetector detected a 2600 ms pause at Mon Dec 22 04:28:39 EET 2014 ***

: 1308423K->796826K(1385856K), 2.6048438 secs] 1868675K->796826K(2009472K), [Metaspace: 10572K->10572K(12288K)], 2.6049201 secs] [Times: user=2.59 sys=0.00, real=2.60 secs] 
[GC (Allocation Failure) [DefNew: 554368K->5888K(623616K), 0.0114970 secs] 1351194K->802715K(2009472K), 0.0116478 secs] [Times: user=0.00 sys=0.00, real=0.01 secs] 
[GC (Allocation Failure) [DefNew: 560256K->69247K(623616K), 0.2911369 secs] 1357083K->915177K(2009472K), 0.2911786 secs] [Times: user=0.30 sys=0.00, real=0.29 secs] 
[GC (Allocation Failure) [DefNew: 623615K->5901K(623616K), 0.0718334 secs] 1469545K->916574K(2009472K), 0.0718777 secs] [Times: user=0.06 sys=0.00, real=0.06 secs] 
[GC (Allocation Failure) [DefNew: 560269K->69247K(623616K), 0.2931283 secs] 1470942K->1027824K(2009472K), 0.2931713 secs] [Times: user=0.30 sys=0.00, real=0.29 secs] 
[GC (Allocation Failure) [DefNew: 623615K->5897K(623616K), 0.0642904 secs] 1582192K->1029180K(2009472K), 0.0643359 secs] [Times: user=0.06 sys=0.00, real=0.06 secs] 
[GC (Allocation Failure) [DefNew: 560265K->69248K(623616K), 0.2311367 secs] 1583548K->1137974K(2009472K), 0.2312849 secs] [Times: user=0.22 sys=0.00, real=0.22 secs] 
[GC (Allocation Failure) [DefNew: 623616K->5904K(623616K), 0.0767543 secs] 1692342K->1139282K(2009472K), 0.0767973 secs] [Times: user=0.08 sys=0.00, real=0.08 secs] 
[GC (Allocation Failure) [DefNew: 560272K->69248K(623616K), 0.2140708 secs] 1693650K->1247337K(2009472K), 0.2141106 secs] [Times: user=0.20 sys=0.00, real=0.21 secs] 
[GC (Allocation Failure) [DefNew: 623616K->5902K(623616K), 0.0614072 secs] 1801705K->1248654K(2009472K), 0.0614514 secs] [Times: user=0.06 sys=0.00, real=0.05 secs] 
[GC (Allocation Failure) [DefNew: 560270K->69248K(623616K), 0.2193420 secs] 1803022K->1356152K(2009472K), 0.2194850 secs] [Times: user=0.20 sys=0.00, real=0.21 secs] 
[GC (Allocation Failure) [DefNew: 623616K->5892K(623616K), 0.0657141 secs] 1910520K->1357431K(2009472K), 0.0657647 secs] [Times: user=0.06 sys=0.00, real=0.07 secs] 
[GC (Allocation Failure) [DefNew: 560260K->560260K(623616K), 0.0000205 secs][Tenured: 1351538K->857011K(1385856K), 2.3210292 secs] 1911799K->857011K(2009472K), [Metaspace: 10572K->10572K(12288K)], 2.3211152 secs] [Times: user=2.31 sys=0.00, real=2.31 secs] 

*** PauseDetector detected a 2316 ms pause at Mon Dec 22 04:29:01 EET 2014 ***

[GC (Allocation Failure) [DefNew: 554368K->5883K(623616K), 0.0114541 secs] 1411379K->862895K(2009472K), 0.0114964 secs] [Times: user=0.01 sys=0.00, real=0.01 secs] 
[GC (Allocation Failure) [DefNew: 560251K->69248K(623616K), 0.2218043 secs] 1417263K->968528K(2009472K), 0.2219506 secs] [Times: user=0.22 sys=0.00, real=0.21 secs] 
[GC (Allocation Failure) [DefNew: 623616K->5911K(623616K), 0.0490228 secs] 1522896K->969778K(2009472K), 0.0491717 secs] [Times: user=0.03 sys=0.00, real=0.04 secs] 
[GC (Allocation Failure) [DefNew: 560279K->69247K(623616K), 0.1759073 secs] 1524146K->1075063K(2009472K), 0.1759464 secs] [Times: user=0.17 sys=0.00, real=0.17 secs] 
[GC (Allocation Failure) [DefNew: 623615K->5906K(623616K), 0.0475029 secs] 1629431K->1076308K(2009472K), 0.0475658 secs] [Times: user=0.05 sys=0.00, real=0.05 secs] 
[GC (Allocation Failure) [DefNew: 560274K->69248K(623616K), 0.1881428 secs] 1630676K->1181290K(2009472K), 0.1881851 secs] [Times: user=0.19 sys=0.00, real=0.19 secs] 
[GC (Allocation Failure) [DefNew: 623616K->5909K(623616K), 0.0422433 secs] 1735658K->1182551K(2009472K), 0.0423190 secs] [Times: user=0.03 sys=0.00, real=0.03 secs] 
[GC (Allocation Failure) [DefNew: 560277K->69247K(623616K), 0.1503636 secs] 1736919K->1287312K(2009472K), 0.1504034 secs] [Times: user=0.14 sys=0.00, real=0.14 secs] 
[GC (Allocation Failure) [DefNew: 623615K->5908K(623616K), 0.0503329 secs] 1841680K->1288551K(2009472K), 0.0503778 secs] [Times: user=0.05 sys=0.00, real=0.05 secs] 
[GC (Allocation Failure) [DefNew: 560276K->69247K(623616K), 0.1691861 secs] 1842919K->1393111K(2009472K), 0.1692291 secs] [Times: user=0.16 sys=0.00, real=0.16 secs] 
[GC (Allocation Failure) [DefNew: 623615K->623615K(623616K), 0.0000205 secs][Tenured: 1323863K->855752K(1385856K), 2.2274586 secs] 1947479K->855752K(2009472K), [Metaspace: 10572K->10572K(12288K)], 2.2276478 secs] [Times: user=2.22 sys=0.00, real=2.22 secs] 

*** PauseDetector detected a 2229 ms pause at Mon Dec 22 04:29:21 EET 2014 ***

[GC (Allocation Failure) [DefNew: 554368K->69248K(623616K), 0.1384662 secs] 1410120K->966036K(2009472K), 0.1385098 secs] [Times: user=0.14 sys=0.00, real=0.14 secs] 
[GC (Allocation Failure) [DefNew: 623616K->5915K(623616K), 0.0503874 secs] 1520404K->967277K(2009472K), 0.0504311 secs] [Times: user=0.03 sys=0.00, real=0.04 secs] 
[GC (Allocation Failure) [DefNew: 560283K->69247K(623616K), 0.1358383 secs] 1521645K->1070774K(2009472K), 0.1359878 secs] [Times: user=0.14 sys=0.00, real=0.13 secs] 
[GC (Allocation Failure) [DefNew: 623615K->5895K(623616K), 0.0417570 secs] 1625142K->1071971K(2009472K), 0.0418718 secs] [Times: user=0.05 sys=0.00, real=0.04 secs] 
[GC (Allocation Failure) [DefNew: 560263K->69247K(623616K), 0.1323366 secs] 1626339K->1175300K(2009472K), 0.1323802 secs] [Times: user=0.13 sys=0.00, real=0.13 secs] 
[GC (Allocation Failure) [DefNew: 623615K->5913K(623616K), 0.0518932 secs] 1729668K->1176546K(2009472K), 0.0519375 secs] [Times: user=0.05 sys=0.00, real=0.05 secs] 
[GC (Allocation Failure) [DefNew: 560281K->69248K(623616K), 0.1314345 secs] 1730914K->1279746K(2009472K), 0.1314762 secs] [Times: user=0.12 sys=0.00, real=0.13 secs] 
[GC (Allocation Failure) [DefNew: 623616K->5908K(623616K), 0.0478924 secs] 1834114K->1280963K(2009472K), 0.0480008 secs] [Times: user=0.05 sys=0.00, real=0.05 secs] 
[GC (Allocation Failure) [DefNew: 560276K->69247K(623616K), 0.1127018 secs] 1835331K->1384061K(2009472K), 0.1128487 secs] [Times: user=0.11 sys=0.00, real=0.11 secs] 
[GC (Allocation Failure) [DefNew: 623615K->623615K(623616K), 0.0000212 secs][Tenured
*** PauseDetector detected a 2300 ms pause at Mon Dec 22 04:29:38 EET 2014 ***

: 1314813K->854262K(1385856K), 2.3020084 secs] 1938429K->854262K(2009472K), [Metaspace: 10572K->10572K(12288K)], 2.3020944 secs] [Times: user=2.29 sys=0.00, real=2.30 secs] 
[GC (Allocation Failure) [DefNew: 554368K->69247K(623616K), 0.1161535 secs] 1408630K->963162K(2009472K), 0.1161900 secs] [Times: user=0.11 sys=0.00, real=0.12 secs] 
[GC (Allocation Failure) [DefNew: 623615K->5913K(623616K), 0.0434110 secs] 1517530K->964369K(2009472K), 0.0434520 secs] [Times: user=0.05 sys=0.00, real=0.03 secs] 
[GC (Allocation Failure) [DefNew: 560281K->69247K(623616K), 0.1246813 secs] 1518737K->1067266K(2009472K), 0.1247249 secs] [Times: user=0.11 sys=0.00, real=0.12 secs] 
[GC (Allocation Failure) [DefNew: 623615K->5916K(623616K), 0.0429368 secs] 1621634K->1068468K(2009472K), 0.0430106 secs] [Times: user=0.03 sys=0.00, real=0.04 secs] 
[GC (Allocation Failure) [DefNew: 560284K->69247K(623616K), 0.1157891 secs] 1622836K->1171266K(2009472K), 0.1158532 secs] [Times: user=0.11 sys=0.00, real=0.11 secs] 
[GC (Allocation Failure) [DefNew: 623615K->5901K(623616K), 0.0401453 secs] 1725634K->1172456K(2009472K), 0.0402044 secs] [Times: user=0.03 sys=0.00, real=0.04 secs] 
[GC (Allocation Failure) [DefNew: 560269K->69247K(623616K), 0.1223594 secs] 1726824K->1275161K(2009472K), 0.1224043 secs] [Times: user=0.13 sys=0.00, real=0.12 secs] 
[GC (Allocation Failure) [DefNew: 623615K->5896K(623616K), 0.0405572 secs] 1829529K->1276370K(2009472K), 0.0405983 secs] [Times: user=0.03 sys=0.00, real=0.04 secs] 
[GC (Allocation Failure) [DefNew: 560264K->69247K(623616K), 0.1017097 secs] 1830738K->1378555K(2009472K), 0.1018168 secs] [Times: user=0.09 sys=0.00, real=0.10 secs] 
[GC (Allocation Failure) [DefNew: 623615K->623615K(623616K), 0.0000225 secs][Tenured: 1309307K->784052K(1385856K), 2.1929912 secs] 1932923K->784052K(2009472K), [Metaspace: 10572K->10572K(12288K)]
*** PauseDetector detected a 2198 ms pause at Mon Dec 22 04:29:56 EET 2014 ***

, 2.1930791 secs] [Times: user=2.17 sys=0.00, real=2.18 secs] 
[GC (Allocation Failure) [DefNew: 554368K->69247K(623616K), 0.0999133 secs] 1338420K->892098K(2009472K), 0.0999793 secs] [Times: user=0.09 sys=0.00, real=0.09 secs] 
[GC (Allocation Failure) [DefNew: 623615K->5893K(623616K), 0.0426763 secs] 1446466K->893256K(2009472K), 0.0427187 secs] [Times: user=0.03 sys=0.00, real=0.03 secs] 
[GC (Allocation Failure) [DefNew: 560261K->69247K(623616K), 0.0959239 secs] 1447624K->995303K(2009472K), 0.0959746 secs] [Times: user=0.11 sys=0.00, real=0.10 secs] 
[GC (Allocation Failure) [DefNew: 623615K->5917K(623616K), 0.0464276 secs] 1549671K->996491K(2009472K), 0.0464706 secs] [Times: user=0.05 sys=0.00, real=0.05 secs] 
[GC (Allocation Failure) [DefNew: 560285K->69247K(623616K), 0.1084417 secs] 1550859K->1098455K(2009472K), 0.1084834 secs] [Times: user=0.11 sys=0.00, real=0.11 secs] 
[GC (Allocation Failure) [DefNew: 623615K->5917K(623616K), 0.0385561 secs] 1652823K->1099639K(2009472K), 0.0386197 secs] [Times: user=0.03 sys=0.00, real=0.03 secs] 
[GC (Allocation Failure) [DefNew: 560285K->69248K(623616K), 0.3030657 secs] 1654007K->1226216K(2009472K), 0.3031068 secs] [Times: user=0.30 sys=0.00, real=0.30 secs] 
[GC (Allocation Failure) [DefNew: 623616K->5916K(623616K), 0.1116586 secs] 1780584K->1227897K(2009472K), 0.1117779 secs] [Times: user=0.11 sys=0.00, real=0.11 secs] 
[GC (Allocation Failure) [DefNew: 560284K->69248K(623616K), 0.4172258 secs] 1782265K->1346953K(2009472K), 0.4173746 secs] [Times: user=0.41 sys=0.00, real=0.41 secs] 

*** PauseDetector detected a 420 ms pause at Mon Dec 22 04:30:11 EET 2014 ***

[GC (Allocation Failure) [DefNew: 623616K->5891K(623616K), 0.1089479 secs] 1901321K->1348428K(2009472K), 0.1089948 secs] [Times: user=0.11 sys=0.00, real=0.11 secs] 
[GC (Allocation Failure) [DefNew: 560259K->560259K(623616K), 0.0000847 secs][Tenured: 1342536K->866139K(1385856K), 2.5974073 secs] 1902796K->866139K(2009472K), [Metaspace: 10572K->10572K(12288K)], 2.5976697 secs] [Times: user=2.59 sys=0.00, real=2.60 secs] 

*** PauseDetector detected a 2601 ms pause at Mon Dec 22 04:30:17 EET 2014 ***

[GC (Allocation Failure) [DefNew: 554368K->5898K(623616K), 0.0115445 secs] 1420507K->872038K(2009472K), 0.0117877 secs] [Times: user=0.02 sys=0.00, real=0.00 secs] 
[GC (Allocation Failure) [DefNew: 560266K->69247K(623616K), 0.2920871 secs] 1426406K->984523K(2009472K), 0.2922006 secs] [Times: user=0.28 sys=0.00, real=0.29 secs] 
[GC (Allocation Failure) [DefNew: 623615K->5918K(623616K), 0.0771546 secs] 1538891K->985905K(2009472K), 0.0771963 secs] [Times: user=0.08 sys=0.00, real=0.07 secs] 
[GC (Allocation Failure) [DefNew: 560286K->69248K(623616K), 0.2565630 secs] 1540273K->1097151K(2009472K), 0.2566329 secs] [Times: user=0.25 sys=0.00, real=0.25 secs] 
[GC (Allocation Failure) [DefNew: 623616K->5916K(623616K), 0.0698946 secs] 1651519K->1098512K(2009472K), 0.0700601 secs] [Times: user=0.06 sys=0.00, real=0.07 secs] 
[GC (Allocation Failure) [DefNew: 560284K->69247K(623616K), 0.2255781 secs] 1652880K->1207281K(2009472K), 0.2257404 secs] [Times: user=0.23 sys=0.00, real=0.23 secs] 
[GC (Allocation Failure) [DefNew: 623615K->5922K(623616K), 0.0750830 secs] 1761649K->1208589K(2009472K), 0.0751260 secs] [Times: user=0.06 sys=0.00, real=0.07 secs] 
[GC (Allocation Failure) [DefNew: 560290K->69247K(623616K), 0.2435544 secs] 1762957K->1316687K(2009472K), 0.2436032 secs] [Times: user=0.23 sys=0.00, real=0.24 secs] 
[Full GC (System.gc()) [Tenured: 1247439K->854805K(1385856K), 2.1825790 secs] 1451406K->854805K(2009472K), [Metaspace: 10572K->10572K(12288K)], 2.1827401 secs] [Times: user=2.17 sys=0.00, real=2.18 secs] 
[Full GC (System.gc()) [Tenured: 854805K->854805K(1385856K), 2.0771534 secs] 854805K->854805K(2009472K), [Metaspace: 10572K->10572K(12288K)], 2.0771970 secs] [Times: user=2.08 sys=0.00, real=2.07 secs] 
[Full GC (System.gc()) [Tenured: 854805K->785435K(1385856K), 2.0929874 secs] 865943K->785435K(2009472K), [Metaspace: 10572K->10572K(12288K)], 2.0930510 secs] [Times: user=2.11 sys=0.00, real=2.10 secs] 

*** PauseDetector detected a 6358 ms pause at Mon Dec 22 04:30:37 EET 2014 ***

[Full GC (System.gc()) [Tenured: 785435K->785437K(1385856K), 1.8813123 secs] 796576K->785437K(2009472K), [Metaspace: 10572K->10572K(12288K)], 1.8814316 secs] [Times: user=1.89 sys=0.00, real=1.88 secs] 
[Full GC (System.gc()) [Tenured: 785437K->785437K(1385856K), 1.8970245 secs] 785437K->785437K(2009472K), [Metaspace: 10572K->10572K(12288K)], 1.8970656 secs] [Times: user=1.89 sys=0.00, real=1.89 secs] 

*** PauseDetector detected a 3772 ms pause at Mon Dec 22 04:30:41 EET 2014 ***

[Full GC (System.gc()) [Tenured: 785437K->785438K(1385856K), 2.1464570 secs] 796578K->785438K(2009472K), [Metaspace: 10572K->10572K(12288K)], 2.1465257 secs] [Times: user=2.15 sys=0.00, real=2.14 secs] 

*** PauseDetector detected a 2142 ms pause at Mon Dec 22 04:30:43 EET 2014 ***

[GC (Allocation Failure) [DefNew: 554368K->69247K(623616K), 0.2090986 secs] 1339806K->898893K(2009472K), 0.2092570 secs] [Times: user=0.20 sys=0.00, real=0.21 secs] 
[GC (Allocation Failure) [DefNew: 623615K->5954K(623616K), 0.0723723 secs] 1453261K->900178K(2009472K), 0.0725244 secs] [Times: user=0.06 sys=0.00, real=0.06 secs] 
[GC (Allocation Failure) [DefNew: 560322K->69247K(623616K), 0.2028111 secs] 1454546K->1007229K(2009472K), 0.2028612 secs] [Times: user=0.20 sys=0.00, real=0.20 secs] 
[GC (Allocation Failure) [DefNew: 623615K->5954K(623616K), 0.0756424 secs] 1561597K->1008510K(2009472K), 0.0757958 secs] [Times: user=0.08 sys=0.00, real=0.07 secs] 
[GC (Allocation Failure) [DefNew: 560322K->69248K(623616K), 0.2076929 secs] 1562878K->1114123K(2009472K), 0.2077455 secs] [Times: user=0.22 sys=0.00, real=0.21 secs] 
[GC (Allocation Failure) [DefNew: 623616K->5954K(623616K), 0.0521120 secs] 1668491K->1115366K(2009472K), 0.0522198 secs] [Times: user=0.05 sys=0.00, real=0.05 secs] 
[Full GC (System.gc()) [Tenured: 1109411K->678861K(1385856K), 2.2844587 secs] 1126507K->678861K(2009472K), [Metaspace: 10572K->10572K(12288K)], 2.2845113 secs] [Times: user=2.28 sys=0.00, real=2.28 secs] 
[Full GC (System.gc()) [Tenured: 678861K->678861K(1385856K), 1.8907961 secs] 678861K->678861K(2009472K), [Metaspace: 10572K->10572K(12288K)], 1.8908371 secs] [Times: user=1.89 sys=0.00, real=1.89 secs] 
[Full GC (System.gc()) [Tenured: 678861K->678861K(1385856K), 1.8334276 secs] 678863K->678861K(2009472K), [Metaspace: 10572K->10572K(12288K)], 1.8334732 secs] [Times: user=1.84 sys=0.00, real=1.84 secs] 

*** PauseDetector detected a 6011 ms pause at Mon Dec 22 04:30:59 EET 2014 ***

********************************
********** ROUND   96 **********
********************************
[GC (Allocation Failure) [DefNew: 554368K->69248K(623616K), 0.1139946 secs] 1233229K->786193K(2009472K), 0.1140966 secs] [Times: user=0.11 sys=0.00, real=0.11 secs] 
[GC (Allocation Failure) [DefNew: 623616K->5889K(623616K), 0.0550453 secs] 1340561K->787390K(2009472K), 0.0550915 secs] [Times: user=0.06 sys=0.00, real=0.05 secs] 
[GC (Allocation Failure) [DefNew: 560257K->69247K(623616K), 0.1503668 secs] 1341758K->892379K(2009472K), 0.1504316 secs] [Times: user=0.14 sys=0.00, real=0.14 secs] 
[GC (Allocation Failure) [DefNew: 623615K->5877K(623616K), 0.0459606 secs] 1446747K->893619K(2009472K), 0.0460004 secs] [Times: user=0.05 sys=0.00, real=0.04 secs] 
[GC (Allocation Failure) [DefNew: 560245K->69248K(623616K), 0.1441685 secs] 1447987K->998385K(2009472K), 0.1442154 secs] [Times: user=0.14 sys=0.00, real=0.14 secs] 
[GC (Allocation Failure) [DefNew: 623616K->5893K(623616K), 0.0598314 secs] 1552753K->999635K(2009472K), 0.0599219 secs] [Times: user=0.06 sys=0.00, real=0.06 secs] 
[GC (Allocation Failure) [DefNew: 560261K->69248K(623616K), 0.1295547 secs] 1554003K->1104183K(2009472K), 0.1296561 secs] [Times: user=0.13 sys=0.00, real=0.12 secs] 
[GC (Allocation Failure) [DefNew: 623616K->5882K(623616K), 0.0501000 secs] 1658551K->1105416K(2009472K), 0.0502508 secs] [Times: user=0.05 sys=0.00, real=0.05 secs] 
[GC (Allocation Failure) [DefNew: 560250K->69247K(623616K), 0.1450186 secs] 1659784K->1209791K(2009472K), 0.1451713 secs] [Times: user=0.14 sys=0.00, real=0.14 secs] 
[GC (Allocation Failure) [DefNew: 623615K->5883K(623616K), 0.0584790 secs] 1764159K->1211024K(2009472K), 0.0585226 secs] [Times: user=0.06 sys=0.00, real=0.06 secs] 
[GC (Allocation Failure) [DefNew: 560251K->69247K(623616K), 0.1261819 secs] 1765392K->1314536K(2009472K), 0.1262204 secs] [Times: user=0.12 sys=0.00, real=0.13 secs] 
[GC (Allocation Failure) [DefNew: 623615K->5890K(623616K), 0.0411532 secs] 1868904K->1315745K(2009472K), 0.0411949 secs] [Times: user=0.03 sys=0.00, real=0.03 secs] 
[GC (Allocation Failure) [DefNew: 560258K->560258K(623616K), 0.0000192 secs][Tenured: 1309854K->853336K(1385856K), 2.4684807 secs] 1870113K->853336K(2009472K), [Metaspace: 10572K->10572K(12288K)], 2.4685660 secs] [Times: user=2.46 sys=0.00, real=2.46 secs] 

*** PauseDetector detected a 2467 ms pause at Mon Dec 22 04:31:22 EET 2014 ***

[GC (Allocation Failure) [DefNew: 554368K->5893K(623616K), 0.0108452 secs] 1407704K->859229K(2009472K), 0.0108882 secs] [Times: user=0.02 sys=0.00, real=0.00 secs] 
[GC (Allocation Failure) [DefNew: 560261K->69247K(623616K), 0.1118767 secs] 1413597K->962446K(2009472K), 0.1119807 secs] [Times: user=0.11 sys=0.00, real=0.10 secs] 
[GC (Allocation Failure) [DefNew: 623615K->5889K(623616K), 0.0428650 secs] 1516814K->963648K(2009472K), 0.0429073 secs] [Times: user=0.05 sys=0.00, real=0.03 secs] 
[GC (Allocation Failure) [DefNew: 560257K->69248K(623616K), 0.1272925 secs] 1518016K->1066735K(2009472K), 0.1273355 secs] [Times: user=0.12 sys=0.00, real=0.13 secs] 
[GC (Allocation Failure) [DefNew: 623616K->5891K(623616K), 0.0483504 secs] 1621103K->1067952K(2009472K), 0.0483941 secs] [Times: user=0.05 sys=0.00, real=0.04 secs] 
[GC (Allocation Failure) [DefNew: 560259K->69248K(623616K), 0.1075769 secs] 1622320K->1170949K(2009472K), 0.1076423 secs] [Times: user=0.11 sys=0.00, real=0.10 secs] 
[GC (Allocation Failure) [DefNew: 623616K->5896K(623616K), 0.0467010 secs] 1725317K->1172152K(2009472K), 0.0467446 secs] [Times: user=0.05 sys=0.00, real=0.04 secs] 
[GC (Allocation Failure) [DefNew: 560264K->69247K(623616K), 0.1317329 secs] 1726520K->1275047K(2009472K), 0.1317829 secs] [Times: user=0.12 sys=0.00, real=0.13 secs] 
[GC (Allocation Failure) [DefNew: 623615K->5903K(623616K), 0.0513729 secs] 1829415K->1276252K(2009472K), 0.0514185 secs] [Times: user=0.05 sys=0.00, real=0.05 secs] 
[GC (Allocation Failure) [DefNew: 560271K->69248K(623616K), 0.1161394 secs] 1830620K->1379049K(2009472K), 0.1161932 secs] [Times: user=0.13 sys=0.00, real=0.12 secs] 
[GC (Allocation Failure) [DefNew: 623616K->623616K(623616K), 0.0000199 secs][Tenured: 1309801K->784672K(1385856K), 2.3727819 secs] 1933417K->784672K(2009472K), [Metaspace: 10572K->10572K(12288K)]
*** PauseDetector detected a 2372 ms pause at Mon Dec 22 04:31:41 EET 2014 ***

, 2.3728672 secs] [Times: user=2.36 sys=0.00, real=2.37 secs] 
[GC (Allocation Failure) [DefNew: 554368K->69248K(623616K), 0.1144045 secs] 1339040K->893296K(2009472K), 0.1145110 secs] [Times: user=0.11 sys=0.00, real=0.11 secs] 
[GC (Allocation Failure) [DefNew: 623616K->5898K(623616K), 0.0391304 secs] 1447664K->894490K(2009472K), 0.0391721 secs] [Times: user=0.03 sys=0.00, real=0.04 secs] 
[GC (Allocation Failure) [DefNew: 560266K->69248K(623616K), 0.1116252 secs] 1448858K->996664K(2009472K), 0.1116721 secs] [Times: user=0.13 sys=0.00, real=0.11 secs] 
[GC (Allocation Failure) [DefNew: 623616K->5904K(623616K), 0.0441590 secs] 1551032K->997853K(2009472K), 0.0442020 secs] [Times: user=0.03 sys=0.00, real=0.04 secs] 
[GC (Allocation Failure) [DefNew: 560272K->69247K(623616K), 0.1022986 secs] 1552221K->1099953K(2009472K), 0.1023448 secs] [Times: user=0.09 sys=0.00, real=0.10 secs] 
[GC (Allocation Failure) [DefNew: 623615K->5900K(623616K), 0.0427020 secs] 1654321K->1101133K(2009472K), 0.0427476 secs] [Times: user=0.05 sys=0.00, real=0.04 secs] 
[GC (Allocation Failure) [DefNew: 560268K->69248K(623616K), 0.0992730 secs] 1655501K->1203171K(2009472K), 0.0993147 secs] [Times: user=0.09 sys=0.00, real=0.10 secs] 
[GC (Allocation Failure) [DefNew: 623616K->5907K(623616K), 0.0441590 secs] 1757539K->1204376K(2009472K), 0.0442046 secs] [Times: user=0.05 sys=0.00, real=0.04 secs] 
[GC (Allocation Failure) [DefNew: 560275K->69248K(623616K), 0.0935957 secs] 1758744K->1306344K(2009472K), 0.0937015 secs] [Times: user=0.09 sys=0.00, real=0.09 secs] 
[GC (Allocation Failure) [DefNew: 623616K->5904K(623616K), 0.0405906 secs] 1860712K->1307521K(2009472K), 0.0406361 secs] [Times: user=0.03 sys=0.00, real=0.04 secs] 
[GC (Allocation Failure) [DefNew: 560272K->560272K(623616K), 0.0000192 secs][Tenured: 1301616K->875385K(1385856K), 2.6265387 secs] 1861889K->875385K(2009472K), [Metaspace: 10572K->10572K(12288K)]
*** PauseDetector detected a 2628 ms pause at Mon Dec 22 04:32:00 EET 2014 ***

, 2.6266413 secs] [Times: user=2.62 sys=0.00, real=2.63 secs] 
[GC (Allocation Failure) [DefNew: 554368K->5906K(623616K), 0.0125877 secs] 1429753K->881291K(2009472K), 0.0126666 secs] [Times: user=0.00 sys=0.00, real=0.01 secs] 
[GC (Allocation Failure) [DefNew: 560274K->69248K(623616K), 0.4316619 secs] 1435659K->1000341K(2009472K), 0.4317267 secs] [Times: user=0.42 sys=0.00, real=0.43 secs] 

*** PauseDetector detected a 428 ms pause at Mon Dec 22 04:32:04 EET 2014 ***

[GC (Allocation Failure) [DefNew: 623616K->5907K(623616K), 0.0750528 secs] 1554709K->1001848K(2009472K), 0.0751606 secs] [Times: user=0.06 sys=0.00, real=0.07 secs] 
[GC (Allocation Failure) [DefNew: 560275K->69248K(623616K), 0.3509664 secs] 1556216K->1118363K(2009472K), 0.3511088 secs] [Times: user=0.34 sys=0.00, real=0.34 secs] 
[GC (Allocation Failure) [DefNew: 623616K->5908K(623616K), 0.0844949 secs] 1672731K->1119832K(2009472K), 0.0845334 secs] [Times: user=0.09 sys=0.00, real=0.08 secs] 
[GC (Allocation Failure) [DefNew: 560276K->69247K(623616K), 0.3269099 secs] 1674200K->1232297K(2009472K), 0.3269715 secs] [Times: user=0.33 sys=0.00, real=0.33 secs] 
[GC (Allocation Failure) [DefNew: 623615K->5911K(623616K), 0.0814423 secs] 1786665K->1233683K(2009472K), 0.0814891 secs] [Times: user=0.08 sys=0.00, real=0.08 secs] 
[GC (Allocation Failure) [DefNew: 560279K->69248K(623616K), 0.3068568 secs] 1788051K->1344902K(2009472K), 0.3070095 secs] [Times: user=0.31 sys=0.00, real=0.31 secs] 
[GC (Allocation Failure) [DefNew: 623616K->5909K(623616K), 0.0749669 secs] 1899270K->1346290K(2009472K), 0.0751196 secs] [Times: user=0.06 sys=0.00, real=0.07 secs] 
[GC (Allocation Failure) [DefNew: 560277K->560277K(623616K), 0.0000802 secs][Tenured: 1340381K->858673K(1385856K), 2.6859762 secs] 1900658K->858673K(2009472K), [Metaspace: 10572K->10572K(12288K)], 2.6861212 secs] [Times: user=2.68 sys=0.00, real=2.68 secs] 

*** PauseDetector detected a 2684 ms pause at Mon Dec 22 04:32:21 EET 2014 ***

[GC (Allocation Failure) [DefNew: 554368K->5907K(623616K), 0.0119949 secs] 1413041K->864581K(2009472K), 0.0120398 secs] [Times: user=0.00 sys=0.00, real=0.00 secs] 
[GC (Allocation Failure) [DefNew: 560275K->69248K(623616K), 0.1933274 secs] 1418949K->972684K(2009472K), 0.1933691 secs] [Times: user=0.19 sys=0.00, real=0.19 secs] 
[GC (Allocation Failure) [DefNew: 623616K->5909K(623616K), 0.0681989 secs] 1527052K->973981K(2009472K), 0.0682419 secs] [Times: user=0.06 sys=0.00, real=0.07 secs] 
[GC (Allocation Failure) [DefNew: 560277K->69248K(623616K), 0.1780328 secs] 1528349K->1081457K(2009472K), 0.1781733 secs] [Times: user=0.19 sys=0.00, real=0.18 secs] 
[GC (Allocation Failure) [DefNew: 623616K->5891K(623616K), 0.0523135 secs] 1635825K->1082750K(2009472K), 0.0523597 secs] [Times: user=0.05 sys=0.00, real=0.05 secs] 
[GC (Allocation Failure) [DefNew: 560259K->69248K(623616K), 0.2137551 secs] 1637118K->1189815K(2009472K), 0.2139123 secs] [Times: user=0.20 sys=0.00, real=0.21 secs] 
[GC (Allocation Failure) [DefNew: 623616K->5911K(623616K), 0.0561995 secs] 1744183K->1191102K(2009472K), 0.0562438 secs] [Times: user=0.05 sys=0.00, real=0.05 secs] 
[GC (Allocation Failure) [DefNew: 560279K->69248K(623616K), 0.1685298 secs] 1745470K->1296716K(2009472K), 0.1685946 secs] [Times: user=0.16 sys=0.00, real=0.16 secs] 
[GC (Allocation Failure) [DefNew: 623616K->5910K(623616K), 0.0492320 secs] 1851084K->1297957K(2009472K), 0.0492730 secs] [Times: user=0.05 sys=0.00, real=0.04 secs] 
[GC (Allocation Failure) [DefNew: 560278K->69247K(623616K), 0.1722522 secs] 1852325K->1403250K(2009472K), 0.1724075 secs] [Times: user=0.16 sys=0.00, real=0.16 secs] 
[GC (Allocation Failure) [DefNew: 623615K->623615K(623616K), 0.0000199 secs][Tenured: 1334002K->856455K(1385856K), 2.4385037 secs] 1957618K->856455K(2009472K), [Metaspace: 10572K->10572K(12288K)], 2.4386589 secs] [Times: user=2.45 sys=0.00, real=2.44 secs] 

*** PauseDetector detected a 2439 ms pause at Mon Dec 22 04:32:41 EET 2014 ***

[GC (Allocation Failure) [DefNew: 554368K->69247K(623616K), 0.1461664 secs] 1410823K->967367K(2009472K), 0.1462338 secs] [Times: user=0.14 sys=0.00, real=0.15 secs] 
[GC (Allocation Failure) [DefNew: 623615K->5911K(623616K), 0.0462653 secs] 1521735K->968606K(2009472K), 0.0464167 secs] [Times: user=0.05 sys=0.00, real=0.05 secs] 
[GC (Allocation Failure) [DefNew: 560279K->69247K(623616K), 0.1647779 secs] 1522974K->1073354K(2009472K), 0.1648253 secs] [Times: user=0.16 sys=0.00, real=0.16 secs] 
[GC (Allocation Failure) [DefNew: 623615K->5896K(623616K), 0.0446960 secs] 1627722K->1074592K(2009472K), 0.0448365 secs] [Times: user=0.05 sys=0.00, real=0.04 secs] 
[GC (Allocation Failure) [DefNew: 560264K->69247K(623616K), 0.1319972 secs] 1628960K->1179125K(2009472K), 0.1321608 secs] [Times: user=0.13 sys=0.00, real=0.13 secs] 
[GC (Allocation Failure) [DefNew: 623615K->5871K(623616K), 0.0442091 secs] 1733493K->1180359K(2009472K), 0.0443226 secs] [Times: user=0.03 sys=0.00, real=0.04 secs] 
[GC (Allocation Failure) [DefNew: 560239K->69247K(623616K), 0.1628499 secs] 1734727K->1284779K(2009472K), 0.1628929 secs] [Times: user=0.16 sys=0.00, real=0.16 secs] 
[GC (Allocation Failure) [DefNew: 623615K->5910K(623616K), 0.0429888 secs] 1839147K->1286005K(2009472K), 0.0430311 secs] [Times: user=0.05 sys=0.00, real=0.04 secs] 
[GC (Allocation Failure) [DefNew: 560278K->69248K(623616K), 0.1236785 secs] 1840373K->1389514K(2009472K), 0.1238030 secs] [Times: user=0.12 sys=0.00, real=0.12 secs] 
[GC (Allocation Failure) [DefNew: 623616K->623616K(623616K), 0.0000834 secs][Tenured: 1320266K->785367K(1385856K), 2.3261952 secs] 1943882K->785367K(2009472K), [Metaspace: 10572K->10572K(12288K)], 2.3263459 secs] [Times: user=2.32 sys=0.00, real=2.32 secs] 

*** PauseDetector detected a 2324 ms pause at Mon Dec 22 04:32:59 EET 2014 ***

[GC (Allocation Failure) [DefNew: 554368K->69248K(623616K), 0.1292038 secs] 1339735K->894636K(2009472K), 0.1293128 secs] [Times: user=0.13 sys=0.00, real=0.13 secs] 
[GC (Allocation Failure) [DefNew: 623616K->5915K(623616K), 0.0382501 secs] 1449004K->895840K(2009472K), 0.0383130 secs] [Times: user=0.03 sys=0.00, real=0.04 secs] 
[GC (Allocation Failure) [DefNew: 560283K->69248K(623616K), 0.1113757 secs] 1450208K->999046K(2009472K), 0.1114231 secs] [Times: user=0.11 sys=0.00, real=0.11 secs] 
[GC (Allocation Failure) [DefNew: 623616K->5918K(623616K), 0.0521126 secs] 1553414K->1000266K(2009472K), 0.0521569 secs] [Times: user=0.05 sys=0.00, real=0.05 secs] 
[GC (Allocation Failure) [DefNew: 560286K->69248K(623616K), 0.1118626 secs] 1554634K->1103367K(2009472K), 0.1119043 secs] [Times: user=0.11 sys=0.00, real=0.11 secs] 
[GC (Allocation Failure) [DefNew: 623616K->5897K(623616K), 0.0425763 secs] 1657735K->1104548K(2009472K), 0.0426160 secs] [Times: user=0.03 sys=0.00, real=0.04 secs] 
[GC (Allocation Failure) [DefNew: 560265K->69247K(623616K), 0.1099180 secs] 1658916K->1207552K(2009472K), 0.1100219 secs] [Times: user=0.11 sys=0.00, real=0.10 secs] 
[GC (Allocation Failure) [DefNew: 623615K->5908K(623616K), 0.0478410 secs] 1761920K->1208752K(2009472K), 0.0478853 secs] [Times: user=0.03 sys=0.00, real=0.04 secs] 
[GC (Allocation Failure) [DefNew: 560276K->69247K(623616K), 0.1068814 secs] 1763120K->1311613K(2009472K), 0.1069866 secs] [Times: user=0.11 sys=0.00, real=0.11 secs] 
[GC (Allocation Failure) [DefNew: 623615K->5883K(623616K), 0.0418962 secs] 1865981K->1312822K(2009472K), 0.0419494 secs] [Times: user=0.05 sys=0.00, real=0.04 secs] 
[GC (Allocation Failure) [DefNew: 560251K->560251K(623616K), 0.0000160 secs][Tenured: 1306938K->852828K(1385856K), 2.1134704 secs] 1867190K->852828K(2009472K), [Metaspace: 10572K->10572K(12288K)], 2.1136327 secs] [Times: user=2.11 sys=0.00, real=2.11 secs] 

*** PauseDetector detected a 2107 ms pause at Mon Dec 22 04:33:18 EET 2014 ***

[GC (Allocation Failure) [DefNew: 554368K->5923K(623616K), 0.0114431 secs] 1407196K->858752K(2009472K), 0.0114893 secs] [Times: user=0.02 sys=0.00, real=0.01 secs] 
[GC (Allocation Failure) [DefNew: 560291K->69248K(623616K), 0.1059652 secs] 1413120K->961466K(2009472K), 0.1060653 secs] [Times: user=0.09 sys=0.00, real=0.11 secs] 
[GC (Allocation Failure) [DefNew: 623616K->5878K(623616K), 0.0424691 secs] 1515834K->962626K(2009472K), 0.0425731 secs] [Times: user=0.03 sys=0.00, real=0.04 secs] 
[GC (Allocation Failure) [DefNew: 560246K->69247K(623616K), 0.1062815 secs] 1516994K->1064796K(2009472K), 0.1063220 secs] [Times: user=0.11 sys=0.00, real=0.10 secs] 
[GC (Allocation Failure) [DefNew: 623615K->5923K(623616K), 0.0544826 secs] 1619164K->1066027K(2009472K), 0.0545391 secs] [Times: user=0.06 sys=0.00, real=0.05 secs] 
[GC (Allocation Failure) [DefNew: 560291K->69247K(623616K), 0.1026964 secs] 1620395K->1168110K(2009472K), 0.1027323 secs] [Times: user=0.11 sys=0.00, real=0.10 secs] 
[GC (Allocation Failure) [DefNew: 623615K->5919K(623616K), 0.0471090 secs] 1722478K->1169307K(2009472K), 0.0471526 secs] [Times: user=0.05 sys=0.00, real=0.05 secs] 
[Full GC (System.gc()) [Tenured: 1163388K->848294K(1385856K), 2.1177157 secs] 1360299K->848294K(2009472K), [Metaspace: 10572K->10572K(12288K)], 2.1177664 secs] [Times: user=2.11 sys=0.00, real=2.11 secs] 
[Full GC (System.gc()) [Tenured: 848294K->848217K(1385856K), 2.0245845 secs] 859435K->848217K(2009472K), [Metaspace: 10572K->10572K(12288K)], 2.0247405 secs] [Times: user=2.04 sys=0.00, real=2.03 secs] 

*** PauseDetector detected a 2115 ms pause at Mon Dec 22 04:33:31 EET 2014 ***

[Full GC (System.gc()) [Tenured: 848217K->778158K(1385856K), 1.9300387 secs] 859357K->778158K(2009472K), [Metaspace: 10572K->10572K(12288K)], 1.9301542 secs] [Times: user=1.92 sys=0.00, real=1.92 secs] 

*** PauseDetector detected a 3956 ms pause at Mon Dec 22 04:33:35 EET 2014 ***

[Full GC (System.gc()) [Tenured: 778158K->778164K(1385856K), 1.8572385 secs] 789299K->778164K(2009472K), [Metaspace: 10572K->10572K(12288K)], 1.8572859 secs] [Times: user=1.86 sys=0.00, real=1.86 secs] 
[Full GC (System.gc()) [Tenured: 778164K->778164K(1385856K), 2.0840310 secs] 778164K->778164K(2009472K), [Metaspace: 10572K->10572K(12288K)], 2.0840933 secs] [Times: user=2.09 sys=0.00, real=2.08 secs] 
[Full GC (System.gc()) [Tenured: 778164K->778164K(1385856K), 1.9008040 secs] 789304K->778164K(2009472K), [Metaspace: 10572K->10572K(12288K)]
*** PauseDetector detected a 3941 ms pause at Mon Dec 22 04:33:39 EET 2014 ***

, 1.9008496 secs] [Times: user=1.90 sys=0.00, real=1.90 secs] 

*** PauseDetector detected a 1920 ms pause at Mon Dec 22 04:33:41 EET 2014 ***

[GC (Allocation Failure) [DefNew: 554368K->69247K(623616K), 0.1062700 secs] 1332532K->886111K(2009472K), 0.1063194 secs] [Times: user=0.11 sys=0.00, real=0.10 secs] 
[GC (Allocation Failure) [DefNew: 623615K->5954K(623616K), 0.0504811 secs] 1440479K->887291K(2009472K), 0.0505260 secs] [Times: user=0.05 sys=0.00, real=0.04 secs] 
[GC (Allocation Failure) [DefNew: 560322K->69248K(623616K), 0.2774431 secs] 1441659K->1013907K(2009472K), 0.2775060 secs] [Times: user=0.27 sys=0.00, real=0.28 secs] 
[GC (Allocation Failure) [DefNew: 623616K->5954K(623616K), 0.1221464 secs] 1568275K->1015549K(2009472K), 0.1221984 secs] [Times: user=0.11 sys=0.00, real=0.11 secs] 
[GC (Allocation Failure) [DefNew: 560322K->69248K(623616K), 0.4480291 secs] 1569917K->1134614K(2009472K), 0.4480798 secs] [Times: user=0.44 sys=0.00, real=0.44 secs] 

*** PauseDetector detected a 439 ms pause at Mon Dec 22 04:33:50 EET 2014 ***

[Full GC (System.gc()) [Tenured: 1065366K->799643K(1385856K), 2.3672522 secs] 1624718K->799643K(2009472K), [Metaspace: 10572K->10572K(12288K)], 2.3673086 secs] [Times: user=2.37 sys=0.00, real=2.37 secs] 

*** PauseDetector detected a 2369 ms pause at Mon Dec 22 04:33:53 EET 2014 ***

[Full GC (System.gc()) [Tenured: 799643K->799643K(1385856K), 2.0076502 secs] 799645K->799643K(2009472K), [Metaspace: 10572K->10572K(12288K)], 2.0077066 secs] [Times: user=2.00 sys=0.00, real=2.01 secs] 
[Full GC (System.gc()) [Tenured: 799643K->799646K(1385856K), 2.0147255 secs] 810766K->799646K(2009472K), [Metaspace: 10572K->10572K(12288K)], 2.0147691 secs] [Times: user=2.01 sys=0.00, real=2.01 secs] 

*** PauseDetector detected a 2006 ms pause at Mon Dec 22 04:33:55 EET 2014 ***

********************************
********** ROUND   97 **********
********************************

*** PauseDetector detected a 2023 ms pause at Mon Dec 22 04:33:57 EET 2014 ***

[GC (Allocation Failure) [DefNew: 554368K->69247K(623616K), 0.3814740 secs] 1354014K->922034K(2009472K), 0.3815176 secs] [Times: user=0.39 sys=0.00, real=0.38 secs] 

*** PauseDetector detected a 383 ms pause at Mon Dec 22 04:33:59 EET 2014 ***

[GC (Allocation Failure) [DefNew: 623615K->5877K(623616K), 0.0678787 secs] 1476402K->923509K(2009472K), 0.0680224 secs] [Times: user=0.06 sys=0.00, real=0.07 secs] 
[GC (Allocation Failure) [DefNew: 560245K->69248K(623616K), 0.3067657 secs] 1477877K->1035974K(2009472K), 0.3069087 secs] [Times: user=0.30 sys=0.00, real=0.30 secs] 
[GC (Allocation Failure) [DefNew: 623616K->5888K(623616K), 0.0747102 secs] 1590342K->1037367K(2009472K), 0.0747622 secs] [Times: user=0.06 sys=0.00, real=0.07 secs] 
[GC (Allocation Failure) [DefNew: 560256K->69248K(623616K), 0.3119759 secs] 1591735K->1148604K(2009472K), 0.3120420 secs] [Times: user=0.30 sys=0.00, real=0.31 secs] 
[GC (Allocation Failure) [DefNew: 623616K->5882K(623616K), 0.0551929 secs] 1702972K->1149970K(2009472K), 0.0552961 secs] [Times: user=0.05 sys=0.00, real=0.06 secs] 
[GC (Allocation Failure) [DefNew: 560250K->69247K(623616K), 0.2603740 secs] 1704338K->1258736K(2009472K), 0.2604407 secs] [Times: user=0.27 sys=0.00, real=0.26 secs] 
[GC (Allocation Failure) [DefNew: 623615K->5896K(623616K), 0.0860693 secs] 1813104K->1260055K(2009472K), 0.0861175 secs] [Times: user=0.08 sys=0.00, real=0.08 secs] 
[GC (Allocation Failure) [DefNew: 560264K->69247K(623616K), 0.2648188 secs] 1814423K->1368142K(2009472K), 0.2648573 secs] [Times: user=0.26 sys=0.00, real=0.26 secs] 
[GC (Allocation Failure) [DefNew: 623615K->5879K(623616K), 0.0626685 secs] 1922510K->1369435K(2009472K), 0.0627756 secs] [Times: user=0.06 sys=0.00, real=0.06 secs] 
[GC (Allocation Failure) [DefNew: 560247K->560247K(623616K), 0.0000199 secs][Tenured: 1363556K->855108K(1385856K), 2.5729709 secs] 1923803K->855108K(2009472K), [Metaspace: 10572K->10572K(12288K)], 2.5731640 secs] [Times: user=2.56 sys=0.00, real=2.57 secs] 

*** PauseDetector detected a 2569 ms pause at Mon Dec 22 04:34:19 EET 2014 ***

[GC (Allocation Failure) [DefNew: 554368K->5892K(623616K), 0.0126942 secs] 1409476K->861000K(2009472K), 0.0127411 secs] [Times: user=0.02 sys=0.00, real=0.01 secs] 
[GC (Allocation Failure) [DefNew: 560260K->69247K(623616K), 0.1732204 secs] 1415368K->968047K(2009472K), 0.1733609 secs] [Times: user=0.16 sys=0.00, real=0.17 secs] 
[GC (Allocation Failure) [DefNew: 623615K->5893K(623616K), 0.0598058 secs] 1522415K->969333K(2009472K), 0.0598494 secs] [Times: user=0.05 sys=0.00, real=0.05 secs] 
[GC (Allocation Failure) [DefNew: 560261K->69248K(623616K), 0.1546519 secs] 1523701K->1074928K(2009472K), 0.1547654 secs] [Times: user=0.16 sys=0.00, real=0.15 secs] 
[GC (Allocation Failure) [DefNew: 623616K->5894K(623616K), 0.0514871 secs] 1629296K->1076191K(2009472K), 0.0515301 secs] [Times: user=0.05 sys=0.00, real=0.04 secs] 
[GC (Allocation Failure) [DefNew: 560262K->69248K(623616K), 0.1761761 secs] 1630559K->1181481K(2009472K), 0.1762858 secs] [Times: user=0.17 sys=0.00, real=0.17 secs] 
[GC (Allocation Failure) [DefNew: 623616K->5897K(623616K), 0.0537140 secs] 1735849K->1182728K(2009472K), 0.0537570 secs] [Times: user=0.05 sys=0.00, real=0.05 secs] 
[GC (Allocation Failure) [DefNew: 560265K->69248K(623616K), 0.1595651 secs] 1737096K->1287723K(2009472K), 0.1597094 secs] [Times: user=0.14 sys=0.00, real=0.15 secs] 
[GC (Allocation Failure) [DefNew: 623616K->5864K(623616K), 0.0445530 secs] 1842091K->1288935K(2009472K), 0.0446595 secs] [Times: user=0.05 sys=0.00, real=0.04 secs] 
[GC (Allocation Failure) [DefNew: 560232K->69248K(623616K), 0.1680480 secs] 1843303K->1393731K(2009472K), 0.1681975 secs] [Times: user=0.16 sys=0.00, real=0.17 secs] 
[GC (Allocation Failure) [DefNew: 623616K->623616K(623616K), 0.0000225 secs][Tenured: 1324483K->786654K(1385856K), 2.5124684 secs] 1948099K->786654K(2009472K), [Metaspace: 10572K->10572K(12288K)], 2.5126596 secs] [Times: user=2.50 sys=0.00, real=2.50 secs] 

*** PauseDetector detected a 2508 ms pause at Mon Dec 22 04:34:39 EET 2014 ***

[GC (Allocation Failure) [DefNew: 554368K->69247K(623616K), 0.1437688 secs] 1341022K->897084K(2009472K), 0.1438112 secs] [Times: user=0.14 sys=0.00, real=0.14 secs] 
[GC (Allocation Failure) [DefNew: 623615K->5899K(623616K), 0.0434899 secs] 1451452K->898346K(2009472K), 0.0435322 secs] [Times: user=0.05 sys=0.00, real=0.04 secs] 
[GC (Allocation Failure) [DefNew: 560267K->69248K(623616K), 0.1620108 secs] 1452714K->1002715K(2009472K), 0.1620518 secs] [Times: user=0.16 sys=0.00, real=0.15 secs] 
[GC (Allocation Failure) [DefNew: 623616K->5904K(623616K), 0.0450341 secs] 1557083K->1003958K(2009472K), 0.0451028 secs] [Times: user=0.05 sys=0.00, real=0.04 secs] 
[GC (Allocation Failure) [DefNew: 560272K->69248K(623616K), 0.1245825 secs] 1558326K->1107425K(2009472K), 0.1246236 secs] [Times: user=0.13 sys=0.00, real=0.13 secs] 
[GC (Allocation Failure) [DefNew: 623616K->5887K(623616K), 0.0411032 secs] 1661793K->1108654K(2009472K), 0.0412110 secs] [Times: user=0.03 sys=0.00, real=0.04 secs] 
[GC (Allocation Failure) [DefNew: 560255K->69247K(623616K), 0.1669451 secs] 1663022K->1211983K(2009472K), 0.1669855 secs] [Times: user=0.17 sys=0.00, real=0.17 secs] 
[GC (Allocation Failure) [DefNew: 623615K->5910K(623616K), 0.0448558 secs] 1766351K->1213235K(2009472K), 0.0450117 secs] [Times: user=0.05 sys=0.00, real=0.04 secs] 
[GC (Allocation Failure) [DefNew: 560278K->69248K(623616K), 0.1104787 secs] 1767603K->1316443K(2009472K), 0.1106199 secs] [Times: user=0.09 sys=0.00, real=0.10 secs] 
[GC (Allocation Failure) [DefNew: 623616K->5903K(623616K), 0.0451900 secs] 1870811K->1317650K(2009472K), 0.0452420 secs] [Times: user=0.05 sys=0.00, real=0.04 secs] 
[GC (Allocation Failure) [DefNew: 560271K->560271K(623616K), 0.0000244 secs][Tenured: 1311747K->853112K(1385856K), 2.3684263 secs] 1872018K->853112K(2009472K), [Metaspace: 10572K->10572K(12288K)], 2.3685161 secs] [Times: user=2.37 sys=0.00, real=2.37 secs] 

*** PauseDetector detected a 2368 ms pause at Mon Dec 22 04:34:58 EET 2014 ***

[GC (Allocation Failure) [DefNew: 554368K->5888K(623616K), 0.0120372 secs] 1407480K->859000K(2009472K), 0.0120815 secs] [Times: user=0.00 sys=0.00, real=0.01 secs] 
[GC (Allocation Failure) [DefNew: 560256K->69247K(623616K), 0.1072972 secs] 1413368K->962006K(2009472K), 0.1073363 secs] [Times: user=0.09 sys=0.00, real=0.10 secs] 
[GC (Allocation Failure) [DefNew: 623615K->5907K(623616K), 0.0497433 secs] 1516374K->963213K(2009472K), 0.0497882 secs] [Times: user=0.05 sys=0.00, real=0.05 secs] 
[GC (Allocation Failure) [DefNew: 560275K->69248K(623616K), 0.1041906 secs] 1517581K->1066112K(2009472K), 0.1042343 secs] [Times: user=0.11 sys=0.00, real=0.10 secs] 
[GC (Allocation Failure) [DefNew: 623616K->5906K(623616K), 0.0407247 secs] 1620480K->1067307K(2009472K), 0.0408305 secs] [Times: user=0.03 sys=0.00, real=0.04 secs] 
[GC (Allocation Failure) [DefNew: 560274K->69248K(623616K), 0.1231184 secs] 1621675K->1170111K(2009472K), 0.1231595 secs] [Times: user=0.13 sys=0.00, real=0.12 secs] 
[GC (Allocation Failure) [DefNew: 623616K->5906K(623616K), 0.0395018 secs] 1724479K->1171310K(2009472K), 0.0396468 secs] [Times: user=0.03 sys=0.00, real=0.04 secs] 
[GC (Allocation Failure) [DefNew: 560274K->69247K(623616K), 0.1284685 secs] 1725678K->1274039K(2009472K), 0.1285121 secs] [Times: user=0.13 sys=0.00, real=0.13 secs] 
[GC (Allocation Failure) [DefNew: 623615K->5907K(623616K), 0.0400651 secs] 1828407K->1275231K(2009472K), 0.0401056 secs] [Times: user=0.03 sys=0.00, real=0.03 secs] 
[GC (Allocation Failure) [DefNew: 560275K->69248K(623616K), 0.1035561 secs] 1829599K->1377385K(2009472K), 0.1037056 secs] [Times: user=0.09 sys=0.00, real=0.10 secs] 
[GC (Allocation Failure) [DefNew: 623616K->623616K(623616K), 0.0000212 secs][Tenured: 1308137K->852367K(1385856K), 2.4349564 secs] 1931753K->852367K(2009472K), [Metaspace: 10572K->10572K(12288K)], 2.4351508 secs] [Times: user=2.43 sys=0.00, real=2.43 secs] 

*** PauseDetector detected a 2433 ms pause at Mon Dec 22 04:35:17 EET 2014 ***

[GC (Allocation Failure) [DefNew: 554368K->69248K(623616K), 0.0973707 secs] 1406735K->960378K(2009472K), 0.0974150 secs] [Times: user=0.09 sys=0.00, real=0.10 secs] 
[GC (Allocation Failure) [DefNew: 623616K->5896K(623616K), 0.0461197 secs] 1514746K->961547K(2009472K), 0.0462191 secs] [Times: user=0.05 sys=0.00, real=0.05 secs] 
[GC (Allocation Failure) [DefNew: 560264K->69248K(623616K), 0.1017129 secs] 1515915K->1063587K(2009472K), 0.1017571 secs] [Times: user=0.09 sys=0.00, real=0.10 secs] 
[GC (Allocation Failure) [DefNew: 623616K->5917K(623616K), 0.0476845 secs] 1617955K->1064781K(2009472K), 0.0477300 secs] [Times: user=0.05 sys=0.00, real=0.04 secs] 
[GC (Allocation Failure) [DefNew: 560285K->69248K(623616K), 0.0978095 secs] 1619149K->1166764K(2009472K), 0.0978525 secs] [Times: user=0.09 sys=0.00, real=0.10 secs] 
[GC (Allocation Failure) [DefNew: 623616K->5910K(623616K), 0.0435053 secs] 1721132K->1167945K(2009472K), 0.0436066 secs] [Times: user=0.05 sys=0.00, real=0.04 secs] 
[GC (Allocation Failure) [DefNew: 560278K->69247K(623616K), 0.3107030 secs] 1722313K->1294547K(2009472K), 0.3107415 secs] [Times: user=0.31 sys=0.00, real=0.31 secs] 
[GC (Allocation Failure) [DefNew: 623615K->5919K(623616K), 0.1097788 secs] 1848915K->1296212K(2009472K), 0.1098667 secs] [Times: user=0.11 sys=0.00, real=0.10 secs] 
[GC (Allocation Failure) [DefNew: 560287K->69248K(623616K), 0.4700012 secs] 1850580K->1415252K(2009472K), 0.4700461 secs] [Times: user=0.45 sys=0.00, real=0.47 secs] 

*** PauseDetector detected a 469 ms pause at Mon Dec 22 04:35:32 EET 2014 ***

[GC (Allocation Failure) [DefNew: 623616K->623616K(623616K), 0.0000327 secs][Tenured: 1346004K->869609K(1385856K), 2.4460813 secs] 1969620K->869609K(2009472K), [Metaspace: 10572K->10572K(12288K)], 2.4462424 secs] [Times: user=2.43 sys=0.00, real=2.44 secs] 

*** PauseDetector detected a 2439 ms pause at Mon Dec 22 04:35:36 EET 2014 ***

[GC (Allocation Failure) [DefNew: 554368K->69247K(623616K), 0.3951870 secs] 1423977K->992033K(2009472K), 0.3952525 secs] [Times: user=0.39 sys=0.00, real=0.39 secs] 

*** PauseDetector detected a 397 ms pause at Mon Dec 22 04:35:38 EET 2014 ***

[GC (Allocation Failure) [DefNew: 623615K->5904K(623616K), 0.0685562 secs] 1546401K->993497K(2009472K), 0.0686980 secs] [Times: user=0.06 sys=0.00, real=0.07 secs] 
[GC (Allocation Failure) [DefNew: 560272K->69248K(623616K), 0.3586929 secs] 1547865K->1105968K(2009472K), 0.3587340 secs] [Times: user=0.36 sys=0.00, real=0.36 secs] 

*** PauseDetector detected a 357 ms pause at Mon Dec 22 04:35:42 EET 2014 ***

[GC (Allocation Failure) [DefNew: 623616K->5920K(623616K), 0.0741463 secs] 1660336K->1107359K(2009472K), 0.0742117 secs] [Times: user=0.06 sys=0.00, real=0.07 secs] 
[GC (Allocation Failure) [DefNew: 560288K->69247K(623616K), 0.2838094 secs] 1661727K->1218598K(2009472K), 0.2838537 secs] [Times: user=0.28 sys=0.00, real=0.27 secs] 
[GC (Allocation Failure) [DefNew: 623615K->5896K(623616K), 0.0699068 secs] 1772966K->1219945K(2009472K), 0.0700479 secs] [Times: user=0.06 sys=0.00, real=0.07 secs] 
[GC (Allocation Failure) [DefNew: 560264K->69248K(623616K), 0.2991232 secs] 1774313K->1328732K(2009472K), 0.2991656 secs] [Times: user=0.30 sys=0.00, real=0.30 secs] 
[GC (Allocation Failure) [DefNew: 623616K->5916K(623616K), 0.0748264 secs] 1883100K->1330036K(2009472K), 0.0748770 secs] [Times: user=0.06 sys=0.00, real=0.07 secs] 
[GC (Allocation Failure) [DefNew: 560284K->560284K(623616K), 0.0000167 secs][Tenured: 1324119K->788679K(1385856K), 2.3073482 secs] 1884404K->788679K(2009472K), [Metaspace: 10572K->10572K(12288K)], 2.3075343 secs]
*** PauseDetector detected a 2302 ms pause at Mon Dec 22 04:35:54 EET 2014 ***

 [Times: user=2.31 sys=0.00, real=2.30 secs] 
[GC (Allocation Failure) [DefNew: 554368K->5896K(623616K), 0.0125871 secs] 1343047K->794575K(2009472K), 0.0126949 secs] [Times: user=0.00 sys=0.00, real=0.01 secs] 
[GC (Allocation Failure) [DefNew: 560264K->69248K(623616K), 0.2145436 secs] 1348943K->902093K(2009472K), 0.2146578 secs] [Times: user=0.20 sys=0.00, real=0.21 secs] 
[GC (Allocation Failure) [DefNew: 623616K->5902K(623616K), 0.0525335 secs] 1456461K->903369K(2009472K), 0.0526407 secs] [Times: user=0.05 sys=0.00, real=0.05 secs] 
[GC (Allocation Failure) [DefNew: 560270K->69248K(623616K), 0.1703301 secs] 1457737K->1010430K(2009472K), 0.1704789 secs] [Times: user=0.16 sys=0.00, real=0.16 secs] 
[GC (Allocation Failure) [DefNew: 623616K->5876K(623616K), 0.0596909 secs] 1564798K->1011674K(2009472K), 0.0597333 secs] [Times: user=0.06 sys=0.00, real=0.06 secs] 
[GC (Allocation Failure) [DefNew: 560244K->69248K(623616K), 0.1743527 secs] 1566042K->1117327K(2009472K), 0.1743977 secs] [Times: user=0.17 sys=0.00, real=0.17 secs] 
[GC (Allocation Failure) [DefNew: 623616K->5915K(623616K), 0.0541869 secs] 1671695K->1118570K(2009472K), 0.0542343 secs] [Times: user=0.05 sys=0.00, real=0.05 secs] 
[GC (Allocation Failure) [DefNew: 560283K->69248K(623616K), 0.1699239 secs] 1672938K->1223822K(2009472K), 0.1699862 secs] [Times: user=0.17 sys=0.00, real=0.16 secs] 
[GC (Allocation Failure) [DefNew: 623616K->5866K(623616K), 0.0583295 secs] 1778190K->1225056K(2009472K), 0.0584399 secs] [Times: user=0.05 sys=0.00, real=0.06 secs] 
[GC (Allocation Failure) [DefNew: 560234K->69247K(623616K), 0.1542830 secs] 1779424K->1330108K(2009472K), 0.1543247 secs] [Times: user=0.16 sys=0.00, real=0.15 secs] 
[GC (Allocation Failure) [DefNew: 623615K->5916K(623616K), 0.0452760 secs] 1884476K->1331345K(2009472K), 0.0454313 secs] [Times: user=0.05 sys=0.00, real=0.04 secs] 
[GC (Allocation Failure) [DefNew: 560284K->560284K(623616K), 0.0000167 secs][Tenured: 1325429K->854748K(1385856K), 2.5081718 secs] 1885713K->854748K(2009472K), [Metaspace: 10572K->10572K(12288K)], 2.5082455 secs] [Times: user=2.50 sys=0.00, real=2.50 secs] 

*** PauseDetector detected a 2504 ms pause at Mon Dec 22 04:36:16 EET 2014 ***

[GC (Allocation Failure) [DefNew: 554368K->5917K(623616K), 0.0120623 secs] 1409116K->860666K(2009472K), 0.0121053 secs] [Times: user=0.00 sys=0.00, real=0.00 secs] 
[GC (Allocation Failure) [DefNew: 560285K->69248K(623616K), 0.1361135 secs] 1415034K->965223K(2009472K), 0.1361552 secs] [Times: user=0.13 sys=0.00, real=0.14 secs] 
[GC (Allocation Failure) [DefNew: 623616K->5916K(623616K), 0.0616073 secs] 1519591K->966457K(2009472K), 0.0616561 secs] [Times: user=0.06 sys=0.00, real=0.05 secs] 
[GC (Allocation Failure) [DefNew: 560284K->69248K(623616K), 0.1467246 secs] 1520825K->1070824K(2009472K), 0.1467682 secs] [Times: user=0.16 sys=0.00, real=0.14 secs] 
[GC (Allocation Failure) [DefNew: 623616K->5920K(623616K), 0.0482927 secs] 1625192K->1072068K(2009472K), 0.0483331 secs] [Times: user=0.05 sys=0.00, real=0.05 secs] 
[GC (Allocation Failure) [DefNew: 560288K->69248K(623616K), 0.1164030 secs] 1626436K->1175525K(2009472K), 0.1165429 secs] [Times: user=0.11 sys=0.00, real=0.12 secs] 
[GC (Allocation Failure) [DefNew: 623616K->5919K(623616K), 0.0474497 secs] 1729893K->1176780K(2009472K), 0.0475587 secs] [Times: user=0.05 sys=0.00, real=0.05 secs] 
[GC (Allocation Failure) [DefNew: 560287K->69247K(623616K), 0.1467765 secs] 1731148K->1280120K(2009472K), 0.1468221 secs] [Times: user=0.14 sys=0.00, real=0.14 secs] 
[GC (Allocation Failure) [DefNew: 623615K->5921K(623616K), 0.0496323 secs] 1834488K->1281340K(2009472K), 0.0496727 secs] [Times: user=0.05 sys=0.00, real=0.05 secs] 
[Full GC (System.gc()) [Tenured: 1275418K->854457K(1385856K), 2.4002568 secs] 1292743K->854457K(2009472K), [Metaspace: 10572K->10572K(12288K)], 2.4003305 secs] [Times: user=2.40 sys=0.00, real=2.40 secs] 
[Full GC (System.gc()) [Tenured: 854457K->848709K(1385856K), 1.9962019 secs] 865579K->848709K(2009472K), [Metaspace: 10572K->10572K(12288K)], 1.9962442 secs] [Times: user=2.00 sys=0.00, real=1.99 secs] 
[Full GC (System.gc()) [Tenured: 848709K->779430K(1385856K), 2.1342453 secs] 848709K->779430K(2009472K), [Metaspace: 10572K->10572K(12288K)], 2.1342870 secs] [Times: user=2.14 sys=0.00, real=2.14 secs] 

*** PauseDetector detected a 2402 ms pause at Mon Dec 22 04:36:32 EET 2014 ***

[Full GC (System.gc()) [Tenured: 779430K->779432K(1385856K), 1.8561189 secs] 790552K->779432K(2009472K), [Metaspace: 10572K->10572K(12288K)], 1.8562780 secs] [Times: user=1.84 sys=0.00, real=1.85 secs] 
[Full GC (System.gc()) [Tenured: 779432K->779432K(1385856K), 1.8988305 secs] 779434K->779432K(2009472K), [Metaspace: 10572K->10572K(12288K)], 1.8988767 secs] [Times: user=1.90 sys=0.00, real=1.90 secs] 
[Full GC (System.gc()) [Tenured: 779432K->779432K(1385856K), 2.2150595 secs] 779432K->779432K(2009472K), [Metaspace: 10572K->10572K(12288K)], 2.2151031 secs] [Times: user=2.22 sys=0.00, real=2.21 secs] 

*** PauseDetector detected a 5983 ms pause at Mon Dec 22 04:36:38 EET 2014 ***


*** PauseDetector detected a 4123 ms pause at Mon Dec 22 04:36:42 EET 2014 ***

[GC (Allocation Failure) [DefNew: 554368K->69247K(623616K), 0.1124208 secs] 1333800K->888604K(2009472K), 0.1125664 secs] [Times: user=0.11 sys=0.00, real=0.11 secs] 
[GC (Allocation Failure) [DefNew: 623615K->5954K(623616K), 0.0585990 secs] 1442972K->889807K(2009472K), 0.0586471 secs] [Times: user=0.06 sys=0.00, real=0.06 secs] 
[GC (Allocation Failure) [DefNew: 560322K->69248K(623616K), 0.1213868 secs] 1444175K->992908K(2009472K), 0.1214599 secs] [Times: user=0.11 sys=0.00, real=0.12 secs] 
[GC (Allocation Failure) [DefNew: 623616K->5954K(623616K), 0.0463936 secs] 1547276K->994110K(2009472K), 0.0464379 secs] [Times: user=0.03 sys=0.00, real=0.04 secs] 
[GC (Allocation Failure) [DefNew: 560322K->69248K(623616K), 0.1157140 secs] 1548478K->1097103K(2009472K), 0.1157589 secs] [Times: user=0.13 sys=0.00, real=0.12 secs] 
[GC (Allocation Failure) [DefNew: 623616K->5954K(623616K), 0.0566095 secs] 1651471K->1098304K(2009472K), 0.0566704 secs] [Times: user=0.05 sys=0.00, real=0.06 secs] 
[Full GC (System.gc()) [Tenured: 1092349K->780100K(1385856K), 2.1012894 secs] 1320723K->780100K(2009472K), [Metaspace: 10572K->10572K(12288K)], 2.1013440 secs] [Times: user=2.09 sys=0.00, real=2.09 secs] 
[Full GC (System.gc()) [Tenured: 780100K->780101K(1385856K), 2.0504939 secs] 780102K->780101K(2009472K), [Metaspace: 10572K->10572K(12288K)], 2.0505318 secs] [Times: user=2.06 sys=0.00, real=2.05 secs] 
[Full GC (System.gc()) [Tenured: 780101K->780101K(1385856K), 1.8119111 secs] 791223K->780101K(2009472K), [Metaspace: 10572K->10572K(12288K)], 1.8119554 secs] [Times: user=1.81 sys=0.00, real=1.81 secs] 

*** PauseDetector detected a 2093 ms pause at Mon Dec 22 04:36:54 EET 2014 ***
********************************
********** ROUND   98 **********
********************************


*** PauseDetector detected a 3904 ms pause at Mon Dec 22 04:36:58 EET 2014 ***

[GC (Allocation Failure) [DefNew: 554368K->5883K(623616K), 0.0102703 secs] 1334469K->785984K(2009472K), 0.0103133 secs] [Times: user=0.00 sys=0.00, real=0.00 secs] 
[GC (Allocation Failure) [DefNew: 560251K->69248K(623616K), 0.1205502 secs] 1340352K->888788K(2009472K), 0.1205996 secs] [Times: user=0.13 sys=0.00, real=0.12 secs] 
[GC (Allocation Failure) [DefNew: 623616K->5891K(623616K), 0.0417390 secs] 1443156K->889995K(2009472K), 0.0418070 secs] [Times: user=0.05 sys=0.00, real=0.04 secs] 
[GC (Allocation Failure) [DefNew: 560259K->69247K(623616K), 0.1055457 secs] 1444363K->992703K(2009472K), 0.1056085 secs] [Times: user=0.11 sys=0.00, real=0.10 secs] 
[GC (Allocation Failure) [DefNew: 623615K->5881K(623616K), 0.0415600 secs] 1547071K->993906K(2009472K), 0.0416049 secs] [Times: user=0.03 sys=0.00, real=0.04 secs] 
[GC (Allocation Failure) [DefNew: 560249K->69247K(623616K), 0.1215645 secs] 1548274K->1096077K(2009472K), 0.1216171 secs] [Times: user=0.12 sys=0.00, real=0.12 secs] 
[GC (Allocation Failure) [DefNew: 623615K->5866K(623616K), 0.0437863 secs] 1650445K->1097247K(2009472K), 0.0438286 secs] [Times: user=0.05 sys=0.00, real=0.04 secs] 
[GC (Allocation Failure) [DefNew: 560234K->69248K(623616K), 0.1002559 secs] 1651615K->1199366K(2009472K), 0.1004053 secs] [Times: user=0.09 sys=0.00, real=0.09 secs] 
[GC (Allocation Failure) [DefNew: 623616K->5889K(623616K), 0.0385857 secs] 1753734K->1200553K(2009472K), 0.0386479 secs] [Times: user=0.03 sys=0.00, real=0.04 secs] 
[GC (Allocation Failure) [DefNew: 560257K->69247K(623616K), 0.1088966 secs] 1754921K->1302579K(2009472K), 0.1090467 secs] [Times: user=0.09 sys=0.00, real=0.10 secs] 
[GC (Allocation Failure) [DefNew: 623615K->5884K(623616K), 0.0444208 secs] 1856947K->1303761K(2009472K), 0.0444638 secs] [Times: user=0.03 sys=0.00, real=0.04 secs] 
[GC (Allocation Failure) [DefNew: 560252K->69248K(623616K), 0.1098096 secs] 1858129K->1405728K(2009472K), 0.1098545 secs] [Times: user=0.11 sys=0.00, real=0.11 secs] 
[GC (Allocation Failure) [DefNew: 623616K->623616K(623616K), 0.0000192 secs][Tenured: 1336480K->853126K(1385856K), 2.1760350 secs] 1960096K->853126K(2009472K), [Metaspace: 10572K->10572K(12288K)], 2.1761171 secs] [Times: user=2.17 sys=0.00, real=2.17 secs] 

*** PauseDetector detected a 2175 ms pause at Mon Dec 22 04:37:20 EET 2014 ***

[GC (Allocation Failure) [DefNew: 554368K->69248K(623616K), 0.2896837 secs] 1407494K->985664K(2009472K), 0.2897492 secs] [Times: user=0.28 sys=0.00, real=0.28 secs] 
[GC (Allocation Failure) [DefNew: 623616K->5891K(623616K), 0.1201569 secs] 1540032K->987300K(2009472K), 0.1202025 secs] [Times: user=0.13 sys=0.00, real=0.12 secs] 
[GC (Allocation Failure) [DefNew: 560259K->69247K(623616K), 0.4117750 secs] 1541668K->1106336K(2009472K), 0.4119180 secs] [Times: user=0.42 sys=0.00, real=0.41 secs] 

*** PauseDetector detected a 412 ms pause at Mon Dec 22 04:37:26 EET 2014 ***

[GC (Allocation Failure) [DefNew: 623615K->5885K(623616K), 0.1145252 secs] 1660704K->1107850K(2009472K), 0.1145765 secs] [Times: user=0.11 sys=0.00, real=0.11 secs] 
[GC (Allocation Failure) [DefNew: 560253K->69247K(623616K), 0.3702676 secs] 1662218K->1224356K(2009472K), 0.3703292 secs] [Times: user=0.38 sys=0.00, real=0.36 secs] 

*** PauseDetector detected a 367 ms pause at Mon Dec 22 04:37:29 EET 2014 ***

[GC (Allocation Failure) [DefNew: 623615K->5883K(623616K), 0.0680391 secs] 1778724K->1225832K(2009472K), 0.0680815 secs] [Times: user=0.08 sys=0.00, real=0.07 secs] 
[GC (Allocation Failure) [DefNew: 560251K->69248K(623616K), 0.3165741 secs] 1780200K->1338308K(2009472K), 0.3166139 secs] [Times: user=0.31 sys=0.00, real=0.31 secs] 
[GC (Allocation Failure) [DefNew: 623616K->5899K(623616K), 0.0755019 secs] 1892676K->1339695K(2009472K), 0.0756155 secs] [Times: user=0.06 sys=0.00, real=0.07 secs] 
[GC (Allocation Failure) [DefNew: 560267K->560267K(623616K), 0.0000199 secs][Tenured: 1333795K->791845K(1385856K), 2.4430191 secs] 1894063K->791845K(2009472K), [Metaspace: 10572K->10572K(12288K)], 2.4431801 secs] [Times: user=2.43 sys=0.00, real=2.44 secs] 

*** PauseDetector detected a 2437 ms pause at Mon Dec 22 04:37:39 EET 2014 ***

[GC (Allocation Failure) [DefNew: 554368K->5875K(623616K), 0.0118345 secs] 1346213K->797720K(2009472K), 0.0118775 secs] [Times: user=0.00 sys=0.00, real=0.01 secs] 
[GC (Allocation Failure) [DefNew: 560243K->69247K(623616K), 0.2377417 secs] 1352088K->906505K(2009472K), 0.2378899 secs] [Times: user=0.23 sys=0.00, real=0.23 secs] 
[GC (Allocation Failure) [DefNew: 623615K->5875K(623616K), 0.0732583 secs] 1460873K->907791K(2009472K), 0.0733000 secs] [Times: user=0.08 sys=0.00, real=0.07 secs] 
[GC (Allocation Failure) [DefNew: 560243K->69247K(623616K), 0.2128627 secs] 1462159K->1015891K(2009472K), 0.2130071 secs] [Times: user=0.22 sys=0.00, real=0.21 secs] 
[GC (Allocation Failure) [DefNew: 623615K->5906K(623616K), 0.0700075 secs] 1570259K->1017196K(2009472K), 0.0700511 secs] [Times: user=0.06 sys=0.00, real=0.07 secs] 
[GC (Allocation Failure) [DefNew: 560274K->69248K(623616K), 0.2305952 secs] 1571564K->1124705K(2009472K), 0.2306401 secs] [Times: user=0.22 sys=0.00, real=0.23 secs] 
[GC (Allocation Failure) [DefNew: 623616K->5901K(623616K), 0.0657275 secs] 1679073K->1126002K(2009472K), 0.0657686 secs] [Times: user=0.06 sys=0.00, real=0.06 secs] 
[GC (Allocation Failure) [DefNew: 560269K->69247K(623616K), 0.2150665 secs] 1680370K->1233014K(2009472K), 0.2151127 secs] [Times: user=0.22 sys=0.00, real=0.21 secs] 
[GC (Allocation Failure) [DefNew: 623615K->5907K(623616K), 0.0628526 secs] 1787382K->1234341K(2009472K), 0.0628943 secs] [Times: user=0.05 sys=0.00, real=0.06 secs] 
[GC (Allocation Failure) [DefNew: 560275K->69248K(623616K), 0.1864426 secs] 1788709K->1339912K(2009472K), 0.1865844 secs] [Times: user=0.19 sys=0.00, real=0.18 secs] 
[GC (Allocation Failure) [DefNew: 623616K->5891K(623616K), 0.0612833 secs] 1894280K->1341181K(2009472K), 0.0613270 secs] [Times: user=0.05 sys=0.00, real=0.05 secs] 
[GC (Allocation Failure) [DefNew: 560259K->560259K(623616K), 0.0000950 secs][Tenured: 1335289K->855264K(1385856K), 2.5040830 secs] 1895549K->855264K(2009472K), [Metaspace: 10572K->10572K(12288K)]
*** PauseDetector detected a 2506 ms pause at Mon Dec 22 04:38:00 EET 2014 ***

, 2.5042466 secs] [Times: user=2.51 sys=0.00, real=2.50 secs] 
[GC (Allocation Failure) [DefNew: 554368K->5902K(623616K), 0.0116119 secs] 1409632K->861167K(2009472K), 0.0117152 secs] [Times: user=0.00 sys=0.00, real=0.01 secs] 
[GC (Allocation Failure) [DefNew: 560270K->69248K(623616K), 0.1372697 secs] 1415535K->966170K(2009472K), 0.1373088 secs] [Times: user=0.13 sys=0.00, real=0.13 secs] 
[GC (Allocation Failure) [DefNew: 623616K->5904K(623616K), 0.0438876 secs] 1520538K->967409K(2009472K), 0.0439319 secs] [Times: user=0.05 sys=0.00, real=0.04 secs] 
[GC (Allocation Failure) [DefNew: 560272K->69248K(623616K), 0.1704693 secs] 1521777K->1072180K(2009472K), 0.1705097 secs] [Times: user=0.17 sys=0.00, real=0.17 secs] 
[GC (Allocation Failure) [DefNew: 623616K->5895K(623616K), 0.0440333 secs] 1626548K->1073400K(2009472K), 0.0441398 secs] [Times: user=0.05 sys=0.00, real=0.04 secs] 
[GC (Allocation Failure) [DefNew: 560263K->69247K(623616K), 0.1261402 secs] 1627768K->1177939K(2009472K), 0.1262044 secs] [Times: user=0.13 sys=0.00, real=0.12 secs] 
[GC (Allocation Failure) [DefNew: 623615K->5907K(623616K), 0.0526092 secs] 1732307K->1179204K(2009472K), 0.0526593 secs] [Times: user=0.06 sys=0.00, real=0.05 secs] 
[GC (Allocation Failure) [DefNew: 560275K->69248K(623616K), 0.1602451 secs] 1733572K->1283585K(2009472K), 0.1602875 secs] [Times: user=0.14 sys=0.00, real=0.15 secs] 
[GC (Allocation Failure) [DefNew: 623616K->5874K(623616K), 0.0425512 secs] 1837953K->1284779K(2009472K), 0.0426199 secs] [Times: user=0.05 sys=0.00, real=0.04 secs] 
[GC (Allocation Failure) [DefNew: 560242K->69248K(623616K), 0.1519162 secs] 1839147K->1388279K(2009472K), 0.1520246 secs] [Times: user=0.14 sys=0.00, real=0.15 secs] 
[GC (Allocation Failure) [DefNew: 623616K->623616K(623616K), 0.0000180 secs][Tenured: 1319031K->854675K(1385856K), 2.4225567 secs] 1942647K->854675K(2009472K), [Metaspace: 10572K->10572K(12288K)], 2.4226446 secs] [Times: user=2.42 sys=0.00, real=2.42 secs] 

*** PauseDetector detected a 2427 ms pause at Mon Dec 22 04:38:20 EET 2014 ***

[GC (Allocation Failure) [DefNew: 554368K->69248K(623616K), 0.1179191 secs] 1409043K->963935K(2009472K), 0.1180224 secs] [Times: user=0.13 sys=0.00, real=0.12 secs] 
[GC (Allocation Failure) [DefNew: 623616K->5879K(623616K), 0.0416761 secs] 1518303K->965112K(2009472K), 0.0418231 secs] [Times: user=0.05 sys=0.00, real=0.03 secs] 
[GC (Allocation Failure) [DefNew: 560247K->69248K(623616K), 0.1241090 secs] 1519480K->1068356K(2009472K), 0.1241533 secs] [Times: user=0.13 sys=0.00, real=0.12 secs] 
[GC (Allocation Failure) [DefNew: 623616K->5914K(623616K), 0.0470551 secs] 1622724K->1069570K(2009472K), 0.0470974 secs] [Times: user=0.03 sys=0.00, real=0.04 secs] 
[GC (Allocation Failure) [DefNew: 560282K->69248K(623616K), 0.1085200 secs] 1623938K->1172631K(2009472K), 0.1086624 secs] [Times: user=0.11 sys=0.00, real=0.11 secs] 
[GC (Allocation Failure) [DefNew: 623616K->5887K(623616K), 0.0425050 secs] 1726999K->1173845K(2009472K), 0.0425467 secs] [Times: user=0.05 sys=0.00, real=0.04 secs] 
[GC (Allocation Failure) [DefNew: 560255K->69247K(623616K), 0.1059819 secs] 1728213K->1276861K(2009472K), 0.1060435 secs] [Times: user=0.11 sys=0.00, real=0.11 secs] 
[GC (Allocation Failure) [DefNew: 623615K->5911K(623616K), 0.0481400 secs] 1831229K->1278063K(2009472K), 0.0481811 secs] [Times: user=0.05 sys=0.00, real=0.05 secs] 
[GC (Allocation Failure) [DefNew: 560279K->69247K(623616K), 0.1082473 secs] 1832431K->1380942K(2009472K), 0.1083814 secs] [Times: user=0.11 sys=0.00, real=0.11 secs] 
[GC (Allocation Failure) [DefNew: 623615K->623615K(623616K), 0.0000186 secs][Tenured: 1311694K->854076K(1385856K), 2.1826387 secs] 1935310K->854076K(2009472K), [Metaspace: 10572K->10572K(12288K)], 2.1827407 secs] [Times: user=2.18 sys=0.00, real=2.18 secs] 

*** PauseDetector detected a 2181 ms pause at Mon Dec 22 04:38:37 EET 2014 ***

[GC (Allocation Failure) [DefNew: 554368K->69247K(623616K), 0.1246813 secs] 1408444K->962796K(2009472K), 0.1247955 secs] [Times: user=0.13 sys=0.00, real=0.13 secs] 
[GC (Allocation Failure) [DefNew: 623615K->5914K(623616K), 0.0399798 secs] 1517164K->963994K(2009472K), 0.0400215 secs] [Times: user=0.03 sys=0.00, real=0.03 secs] 
[GC (Allocation Failure) [DefNew: 560282K->69248K(623616K), 0.1054289 secs] 1518362K->1066685K(2009472K), 0.1054655 secs] [Times: user=0.09 sys=0.00, real=0.10 secs] 
[GC (Allocation Failure) [DefNew: 623616K->5913K(623616K), 0.0426815 secs] 1621053K->1067913K(2009472K), 0.0428220 secs] [Times: user=0.05 sys=0.00, real=0.04 secs] 
[GC (Allocation Failure) [DefNew: 560281K->69247K(623616K), 0.1202211 secs] 1622281K->1170084K(2009472K), 0.1202743 secs] [Times: user=0.11 sys=0.00, real=0.12 secs] 
[GC (Allocation Failure) [DefNew: 623615K->5917K(623616K), 0.0389879 secs] 1724452K->1171273K(2009472K), 0.0390489 secs] [Times: user=0.03 sys=0.00, real=0.04 secs] 
[GC (Allocation Failure) [DefNew: 560285K->69248K(623616K), 0.1172672 secs] 1725641K->1273370K(2009472K), 0.1173102 secs] [Times: user=0.11 sys=0.00, real=0.12 secs] 
[GC (Allocation Failure) [DefNew: 623616K->5897K(623616K), 0.0412559 secs] 1827738K->1274538K(2009472K), 0.0414060 secs] [Times: user=0.03 sys=0.00, real=0.03 secs] 
[GC (Allocation Failure) [DefNew: 560265K->69247K(623616K), 0.1341651 secs] 1828906K->1376571K(2009472K), 0.1342138 secs] [Times: user=0.12 sys=0.00, real=0.13 secs] 
[GC (Allocation Failure) [DefNew: 623615K->623615K(623616K), 0.0000186 secs][Tenured: 1307323K->783871K(1385856K), 2.1553550 secs] 1930939K->783871K(2009472K), [Metaspace: 10572K->10572K(12288K)], 2.1555058 secs] [Times: user=2.15 sys=0.00, real=2.15 secs] 

*** PauseDetector detected a 2154 ms pause at Mon Dec 22 04:38:55 EET 2014 ***

[GC (Allocation Failure) [DefNew: 554368K->69248K(623616K), 0.0878099 secs] 1338239K->891713K(2009472K), 0.0878677 secs] [Times: user=0.09 sys=0.00, real=0.09 secs] 
[GC (Allocation Failure) [DefNew: 623616K->5896K(623616K), 0.0443059 secs] 1446081K->892915K(2009472K), 0.0443496 secs] [Times: user=0.05 sys=0.00, real=0.04 secs] 
[GC (Allocation Failure) [DefNew: 560264K->69247K(623616K), 0.3013784 secs] 1447283K->1019551K(2009472K), 0.3014842 secs] [Times: user=0.30 sys=0.00, real=0.30 secs] 
[GC (Allocation Failure) [DefNew: 623615K->5875K(623616K), 0.1078361 secs] 1573919K->1021153K(2009472K), 0.1078797 secs] [Times: user=0.11 sys=0.00, real=0.11 secs] 
[GC (Allocation Failure) [DefNew: 560243K->69248K(623616K), 0.4168312 secs] 1575521K->1140268K(2009472K), 0.4168774 secs] [Times: user=0.42 sys=0.00, real=0.41 secs] 

*** PauseDetector detected a 417 ms pause at Mon Dec 22 04:39:04 EET 2014 ***

[GC (Allocation Failure) [DefNew: 623616K->5897K(623616K), 0.1189373 secs] 1694636K->1141755K(2009472K), 0.1189931 secs] [Times: user=0.11 sys=0.00, real=0.12 secs] 
[GC (Allocation Failure) [DefNew: 560265K->69248K(623616K), 0.3640950 secs] 1696123K->1258258K(2009472K), 0.3641598 secs] [Times: user=0.36 sys=0.00, real=0.36 secs] 

*** PauseDetector detected a 367 ms pause at Mon Dec 22 04:39:07 EET 2014 ***

[GC (Allocation Failure) [DefNew: 623616K->5917K(623616K), 0.0731724 secs] 1812626K->1259758K(2009472K), 0.0733142 secs] [Times: user=0.06 sys=0.00, real=0.07 secs] 
[GC (Allocation Failure) [DefNew: 560285K->69248K(623616K), 0.3643869 secs] 1814126K->1372212K(2009472K), 0.3644318 secs] [Times: user=0.36 sys=0.00, real=0.36 secs] 

*** PauseDetector detected a 362 ms pause at Mon Dec 22 04:39:11 EET 2014 ***

[GC (Allocation Failure) [DefNew: 623616K->623616K(623616K), 0.0000205 secs][Tenured: 1302964K->863659K(1385856K), 2.3049911 secs] 1926580K->863659K(2009472K), [Metaspace: 10572K->10572K(12288K)], 2.3051418 secs] [Times: user=2.29 sys=0.00, real=2.30 secs] 

*** PauseDetector detected a 2301 ms pause at Mon Dec 22 04:39:15 EET 2014 ***

[GC (Allocation Failure) [DefNew: 554368K->69248K(623616K), 0.2657998 secs] 1418027K->980810K(2009472K), 0.2658633 secs] [Times: user=0.27 sys=0.00, real=0.27 secs] 
[GC (Allocation Failure) [DefNew: 623616K->5900K(623616K), 0.0735984 secs] 1535178K->982169K(2009472K), 0.0736414 secs] [Times: user=0.08 sys=0.00, real=0.07 secs] 
[GC (Allocation Failure) [DefNew: 560268K->69247K(623616K), 0.2338903 secs] 1536537K->1090926K(2009472K), 0.2340033 secs] [Times: user=0.23 sys=0.00, real=0.23 secs] 
[GC (Allocation Failure) [DefNew: 623615K->5904K(623616K), 0.0658655 secs] 1645294K->1092244K(2009472K), 0.0659046 secs] [Times: user=0.06 sys=0.00, real=0.07 secs] 
[GC (Allocation Failure) [DefNew: 560272K->69248K(623616K), 0.2414443 secs] 1646612K->1200335K(2009472K), 0.2414866 secs] [Times: user=0.25 sys=0.00, real=0.23 secs] 
[GC (Allocation Failure) [DefNew: 623616K->5924K(623616K), 0.0631965 secs] 1754703K->1201638K(2009472K), 0.0632389 secs] [Times: user=0.05 sys=0.00, real=0.05 secs] 
[GC (Allocation Failure) [DefNew: 560292K->69248K(623616K), 0.2038601 secs] 1756006K->1309152K(2009472K), 0.2039005 secs] [Times: user=0.19 sys=0.00, real=0.20 secs] 
[GC (Allocation Failure) [DefNew: 623616K->5919K(623616K), 0.0551345 secs] 1863520K->1310444K(2009472K), 0.0552814 secs] [Times: user=0.06 sys=0.00, real=0.05 secs] 
[GC (Allocation Failure) [DefNew: 560287K->69247K(623616K), 0.2021638 secs] 1864812K->1417450K(2009472K), 0.2022068 secs] [Times: user=0.20 sys=0.00, real=0.20 secs] 
[Full GC (System.gc()) [Tenured: 1348202K->855862K(1385856K), 2.3381869 secs] 1741710K->855862K(2009472K), [Metaspace: 10572K->10572K(12288K)], 2.3383165 secs] [Times: user=2.34 sys=0.00, real=2.33 secs] 
[Full GC (System.gc()) [Tenured: 855862K->855862K(1385856K), 1.8945480 secs] 855862K->855862K(2009472K), [Metaspace: 10572K->10572K(12288K)], 1.8945897 secs] [Times: user=1.89 sys=0.00, real=1.89 secs] 
[Full GC (System.gc()) [Tenured: 855862K->786491K(1385856K), 2.0878208 secs] 866950K->786491K(2009472K), [Metaspace: 10572K->10572K(12288K)], 2.0878632 secs] [Times: user=2.09 sys=0.00, real=2.09 secs] 

*** PauseDetector detected a 6320 ms pause at Mon Dec 22 04:39:37 EET 2014 ***

[Full GC (System.gc()) [Tenured: 786491K->786492K(1385856K), 2.0167278 secs] 797580K->786492K(2009472K), [Metaspace: 10572K->10572K(12288K)], 2.0168844 secs] [Times: user=2.03 sys=0.00, real=2.02 secs] 
[Full GC (System.gc()) [Tenured: 786492K->786492K(1385856K), 1.8263190 secs] 797581K->786492K(2009472K), [Metaspace: 10572K->10572K(12288K)], 1.8263613 secs] [Times: user=1.82 sys=0.00, real=1.82 secs] 
[Full GC (System.gc()) [Tenured: 786492K->786492K(1385856K), 1.9171450 secs] 786492K->786492K(2009472K), [Metaspace: 10572K->10572K(12288K)], 1.9172925 secs] [Times: user=1.92 sys=0.00, real=1.92 secs] 

*** PauseDetector detected a 2021 ms pause at Mon Dec 22 04:39:39 EET 2014 ***


*** PauseDetector detected a 3754 ms pause at Mon Dec 22 04:39:43 EET 2014 ***

[GC (Allocation Failure) [DefNew: 554368K->69248K(623616K), 0.2133336 secs] 1340860K->898060K(2009472K), 0.2133798 secs] [Times: user=0.20 sys=0.00, real=0.21 secs] 
[GC (Allocation Failure) [DefNew: 623616K->5953K(623616K), 0.0587433 secs] 1452428K->899302K(2009472K), 0.0588614 secs] [Times: user=0.05 sys=0.00, real=0.05 secs] 
[GC (Allocation Failure) [DefNew: 560321K->69247K(623616K), 0.1702935 secs] 1453670K->1004597K(2009472K), 0.1703686 secs] [Times: user=0.17 sys=0.00, real=0.16 secs] 
[GC (Allocation Failure) [DefNew: 623615K->5954K(623616K), 0.0678050 secs] 1558965K->1005837K(2009472K), 0.0679378 secs] [Times: user=0.08 sys=0.00, real=0.07 secs] 
[GC (Allocation Failure) [DefNew: 560322K->69247K(623616K), 0.1721842 secs] 1560205K->1110835K(2009472K), 0.1722246 secs] [Times: user=0.17 sys=0.00, real=0.16 secs] 
[GC (Allocation Failure) [DefNew: 623615K->5954K(623616K), 0.0522762 secs] 1665203K->1112077K(2009472K), 0.0523173 secs] [Times: user=0.05 sys=0.00, real=0.05 secs] 
[Full GC (System.gc()) [Tenured: 1106122K->743079K(1385856K), 2.0334255 secs] 1189695K->743079K(2009472K), [Metaspace: 10572K->10572K(12288K)], 2.0334787 secs] [Times: user=2.03 sys=0.00, real=2.03 secs] 
[Full GC (System.gc()) [Tenured: 743079K->743087K(1385856K), 1.9652503 secs] 754168K->743087K(2009472K), [Metaspace: 10572K->10572K(12288K)], 1.9652946 secs] [Times: user=1.97 sys=0.00, real=1.96 secs] 
[Full GC (System.gc()) [Tenured: 743087K->743114K(1385856K), 2.0125037 secs] 754174K->743114K(2009472K), [Metaspace: 10572K->10572K(12288K)], 2.0125659 secs] [Times: user=2.01 sys=0.00, real=2.01 secs] 

*** PauseDetector detected a 2036 ms pause at Mon Dec 22 04:39:55 EET 2014 ***

********************************
********** ROUND   99 **********
********************************

*** PauseDetector detected a 3984 ms pause at Mon Dec 22 04:39:59 EET 2014 ***

[GC (Allocation Failure) [DefNew: 554368K->44677K(623616K), 0.0457155 secs] 1297482K->787791K(2009472K), 0.0458246 secs] [Times: user=0.05 sys=0.00, real=0.05 secs] 
[GC (Allocation Failure) [DefNew: 599045K->5862K(623616K), 0.0327890 secs] 1342159K->788177K(2009472K), 0.0329327 secs] [Times: user=0.03 sys=0.00, real=0.03 secs] 
[GC (Allocation Failure) [DefNew: 560230K->69248K(623616K), 0.1741532 secs] 1342545K->892749K(2009472K), 0.1741968 secs] [Times: user=0.17 sys=0.00, real=0.17 secs] 
[GC (Allocation Failure) [DefNew: 623616K->5879K(623616K), 0.0422997 secs] 1447117K->893986K(2009472K), 0.0423504 secs] [Times: user=0.03 sys=0.00, real=0.04 secs] 
[GC (Allocation Failure) [DefNew: 560247K->69248K(623616K), 0.1437765 secs] 1448354K->998361K(2009472K), 0.1438285 secs] [Times: user=0.14 sys=0.00, real=0.14 secs] 
[GC (Allocation Failure) [DefNew: 623616K->5844K(623616K), 0.0424499 secs] 1552729K->999559K(2009472K), 0.0425140 secs] [Times: user=0.05 sys=0.00, real=0.04 secs] 
[GC (Allocation Failure) [DefNew: 560212K->69247K(623616K), 0.1436392 secs] 1553927K->1103094K(2009472K), 0.1436822 secs] [Times: user=0.14 sys=0.00, real=0.13 secs] 
[GC (Allocation Failure) [DefNew: 623615K->5866K(623616K), 0.0482106 secs] 1657462K->1104294K(2009472K), 0.0482529 secs] [Times: user=0.05 sys=0.00, real=0.04 secs] 
[GC (Allocation Failure) [DefNew: 560234K->69247K(623616K), 0.1263032 secs] 1658662K->1207665K(2009472K), 0.1263667 secs] [Times: user=0.13 sys=0.00, real=0.12 secs] 
[GC (Allocation Failure) [DefNew: 623615K->5886K(623616K), 0.0408286 secs] 1762033K->1208871K(2009472K), 0.0409768 secs] [Times: user=0.03 sys=0.00, real=0.04 secs] 
[GC (Allocation Failure) [DefNew: 560254K->69248K(623616K), 0.1185895 secs] 1763239K->1312074K(2009472K), 0.1187352 secs] [Times: user=0.11 sys=0.00, real=0.12 secs] 
[GC (Allocation Failure) [DefNew: 623616K->5862K(623616K), 0.0517803 secs] 1866442K->1313269K(2009472K), 0.0518239 secs] [Times: user=0.05 sys=0.00, real=0.05 secs] 
[GC (Allocation Failure) [DefNew: 560230K->560230K(623616K), 0.0000205 secs][Tenured: 1307407K->853092K(1385856K), 2.1555603 secs] 1867637K->853092K(2009472K), [Metaspace: 10572K->10572K(12288K)], 2.1556662 secs] [Times: user=2.15 sys=0.00, real=2.15 secs] 

*** PauseDetector detected a 2150 ms pause at Mon Dec 22 04:40:21 EET 2014 ***

[GC (Allocation Failure) [DefNew: 554368K->5891K(623616K), 0.0122349 secs] 1407460K->858984K(2009472K), 0.0122746 secs] [Times: user=0.02 sys=0.00, real=0.01 secs] 
[GC (Allocation Failure) [DefNew: 560259K->69247K(623616K), 0.1253004 secs] 1413352K->961984K(2009472K), 0.1254133 secs] [Times: user=0.13 sys=0.00, real=0.12 secs] 
[GC (Allocation Failure) [DefNew: 623615K->5891K(623616K), 0.0443021 secs] 1516352K->963177K(2009472K), 0.0443419 secs] [Times: user=0.05 sys=0.00, real=0.04 secs] 
[GC (Allocation Failure) [DefNew: 560259K->69248K(623616K), 0.1068012 secs] 1517545K->1066072K(2009472K), 0.1069090 secs] [Times: user=0.11 sys=0.00, real=0.10 secs] 
[GC (Allocation Failure) [DefNew: 623616K->5893K(623616K), 0.0460318 secs] 1620440K->1067274K(2009472K), 0.0460754 secs] [Times: user=0.05 sys=0.00, real=0.05 secs] 
[GC (Allocation Failure) [DefNew: 560261K->69248K(623616K), 0.1254505 secs] 1621642K->1170064K(2009472K), 0.1254955 secs] [Times: user=0.13 sys=0.00, real=0.13 secs] 
[GC (Allocation Failure) [DefNew: 623616K->5866K(623616K), 0.0398547 secs] 1724432K->1171251K(2009472K), 0.0398996 secs] [Times: user=0.03 sys=0.00, real=0.04 secs] 
[GC (Allocation Failure) [DefNew: 560234K->69248K(623616K), 0.1142704 secs] 1725619K->1273999K(2009472K), 0.1143134 secs] [Times: user=0.11 sys=0.00, real=0.11 secs] 
[GC (Allocation Failure) [DefNew: 623616K->5888K(623616K), 0.0434629 secs] 1828367K->1275193K(2009472K), 0.0435065 secs] [Times: user=0.05 sys=0.00, real=0.04 secs] 
[GC (Allocation Failure) [DefNew: 560256K->69248K(623616K), 0.1204360 secs] 1829561K->1377327K(2009472K), 0.1204796 secs] [Times: user=0.11 sys=0.00, real=0.12 secs] 
[GC (Allocation Failure) [DefNew: 623616K->623616K(623616K), 0.0000212 secs][Tenured: 1308079K->784021K(1385856K), 2.2064450 secs] 1931695K->784021K(2009472K), [Metaspace: 10572K->10572K(12288K)], 2.2066413 secs] [Times: user=2.20 sys=0.00, real=2.20 secs] 

*** PauseDetector detected a 2208 ms pause at Mon Dec 22 04:40:40 EET 2014 ***

[GC (Allocation Failure) [DefNew: 554368K->69247K(623616K), 0.0929849 secs] 1338389K->892019K(2009472K), 0.0931312 secs] [Times: user=0.09 sys=0.00, real=0.09 secs] 
[GC (Allocation Failure) [DefNew: 623615K->5907K(623616K), 0.0544153 secs] 1446387K->893213K(2009472K), 0.0544576 secs] [Times: user=0.06 sys=0.00, real=0.05 secs] 
[GC (Allocation Failure) [DefNew: 560275K->69248K(623616K), 0.1323821 secs] 1447581K->995237K(2009472K), 0.1324258 secs] [Times: user=0.13 sys=0.00, real=0.12 secs] 
[GC (Allocation Failure) [DefNew: 623616K->5900K(623616K), 0.0414387 secs] 1549605K->996417K(2009472K), 0.0415446 secs] [Times: user=0.03 sys=0.00, real=0.03 secs] 
[GC (Allocation Failure) [DefNew: 560268K->69247K(623616K), 0.1100027 secs] 1550785K->1098383K(2009472K), 0.1101496 secs] [Times: user=0.11 sys=0.00, real=0.11 secs] 
[GC (Allocation Failure) [DefNew: 623615K->5890K(623616K), 0.0474445 secs] 1652751K->1099555K(2009472K), 0.0474882 secs] [Times: user=0.05 sys=0.00, real=0.05 secs] 
[GC (Allocation Failure) [DefNew: 560258K->69248K(623616K), 0.2993401 secs] 1653923K->1226183K(2009472K), 0.2993792 secs] [Times: user=0.30 sys=0.00, real=0.30 secs] 
[GC (Allocation Failure) [DefNew: 623616K->5904K(623616K), 0.1107264 secs] 1780551K->1227827K(2009472K), 0.1108335 secs] [Times: user=0.11 sys=0.00, real=0.10 secs] 
[GC (Allocation Failure) [DefNew: 560272K->69248K(623616K), 0.4291078 secs] 1782195K->1346897K(2009472K), 0.4292502 secs] [Times: user=0.41 sys=0.00, real=0.42 secs] 

*** PauseDetector detected a 424 ms pause at Mon Dec 22 04:40:55 EET 2014 ***

[GC (Allocation Failure) [DefNew: 623616K->5913K(623616K), 0.0852808 secs] 1901265K->1348416K(2009472K), 0.0853681 secs] [Times: user=0.08 sys=0.00, real=0.09 secs] 
[GC (Allocation Failure) [DefNew: 560281K->560281K(623616K), 0.0000173 secs][Tenured: 1342503K->866123K(1385856K), 2.3843130 secs] 1902784K->866123K(2009472K), [Metaspace: 10572K->10572K(12288K)]
*** PauseDetector detected a 2379 ms pause at Mon Dec 22 04:41:00 EET 2014 ***

, 2.3843983 secs] [Times: user=2.37 sys=0.00, real=2.38 secs] 
[GC (Allocation Failure) [DefNew: 554368K->5867K(623616K), 0.0118813 secs] 1420491K->871991K(2009472K), 0.0119237 secs] [Times: user=0.02 sys=0.00, real=0.01 secs] 
[GC (Allocation Failure) [DefNew: 560235K->69248K(623616K), 0.2930411 secs] 1426359K->984452K(2009472K), 0.2931514 secs] [Times: user=0.28 sys=0.00, real=0.29 secs] 
[GC (Allocation Failure) [DefNew: 623616K->5904K(623616K), 0.0699215 secs] 1538820K->985875K(2009472K), 0.0699639 secs] [Times: user=0.06 sys=0.00, real=0.06 secs] 
[GC (Allocation Failure) [DefNew: 560272K->69248K(623616K), 0.2568870 secs] 1540243K->1096975K(2009472K), 0.2569492 secs] [Times: user=0.26 sys=0.00, real=0.25 secs] 
[GC (Allocation Failure) [DefNew: 623616K->5858K(623616K), 0.0769455 secs] 1651343K->1098438K(2009472K), 0.0769878 secs] [Times: user=0.08 sys=0.00, real=0.08 secs] 
[GC (Allocation Failure) [DefNew: 560226K->69247K(623616K), 0.2519173 secs] 1652806K->1207246K(2009472K), 0.2520649 secs] [Times: user=0.23 sys=0.00, real=0.25 secs] 
[GC (Allocation Failure) [DefNew: 623615K->5866K(623616K), 0.0558100 secs] 1761614K->1208517K(2009472K), 0.0558761 secs] [Times: user=0.05 sys=0.00, real=0.05 secs] 
[GC (Allocation Failure) [DefNew: 560234K->69247K(623616K), 0.2350708 secs] 1762885K->1316591K(2009472K), 0.2351145 secs] [Times: user=0.22 sys=0.00, real=0.23 secs] 
[GC (Allocation Failure) [DefNew: 623615K->5915K(623616K), 0.0729183 secs] 1870959K->1317939K(2009472K), 0.0729587 secs] [Times: user=0.08 sys=0.00, real=0.07 secs] 
[GC (Allocation Failure) [DefNew: 560283K->560283K(623616K), 0.0000199 secs][Tenured: 1312024K->857462K(1385856K), 2.3004853 secs] 1872307K->857462K(2009472K), [Metaspace: 10572K->10572K(12288K)], 2.3005886 secs] [Times: user=2.29 sys=0.00, real=2.29 secs] 

*** PauseDetector detected a 2297 ms pause at Mon Dec 22 04:41:19 EET 2014 ***

[GC (Allocation Failure) [DefNew: 554368K->5908K(623616K), 0.0124568 secs] 1411830K->863371K(2009472K), 0.0125069 secs] [Times: user=0.02 sys=0.00, real=0.01 secs] 
[GC (Allocation Failure) [DefNew: 560276K->69248K(623616K), 0.1730908 secs] 1417739K->970395K(2009472K), 0.1732043 secs] [Times: user=0.17 sys=0.00, real=0.17 secs] 
[GC (Allocation Failure) [DefNew: 623616K->5910K(623616K), 0.0494681 secs] 1524763K->971711K(2009472K), 0.0495759 secs] [Times: user=0.05 sys=0.00, real=0.04 secs] 
[GC (Allocation Failure) [DefNew: 560278K->69247K(623616K), 0.1617958 secs] 1526079K->1077276K(2009472K), 0.1618375 secs] [Times: user=0.16 sys=0.00, real=0.16 secs] 
[GC (Allocation Failure) [DefNew: 623615K->5862K(623616K), 0.0461646 secs] 1631644K->1078520K(2009472K), 0.0462057 secs] [Times: user=0.03 sys=0.00, real=0.04 secs] 
[GC (Allocation Failure) [DefNew: 560230K->69248K(623616K), 0.1509288 secs] 1632888K->1183862K(2009472K), 0.1509904 secs] [Times: user=0.14 sys=0.00, real=0.14 secs] 
[GC (Allocation Failure) [DefNew: 623616K->5866K(623616K), 0.0452196 secs] 1738230K->1185058K(2009472K), 0.0452600 secs] [Times: user=0.03 sys=0.00, real=0.04 secs] 
[GC (Allocation Failure) [DefNew: 560234K->69248K(623616K), 0.1506658 secs] 1739426K->1290103K(2009472K), 0.1508736 secs] [Times: user=0.16 sys=0.00, real=0.14 secs] 
[GC (Allocation Failure) [DefNew: 623616K->5867K(623616K), 0.0607348 secs] 1844471K->1291299K(2009472K), 0.0607829 secs] [Times: user=0.05 sys=0.00, real=0.06 secs] 
[GC (Allocation Failure) [DefNew: 560235K->69248K(623616K), 0.1729766 secs] 1845667K->1396043K(2009472K), 0.1730208 secs] [Times: user=0.17 sys=0.00, real=0.17 secs] 
[GC (Allocation Failure) [DefNew: 623616K->623616K(623616K), 0.0000192 secs][Tenured: 1326795K->855911K(1385856K), 2.1958853 secs] 1950411K->855911K(2009472K), [Metaspace: 10572K->10572K(12288K)], 2.1959662 secs] [Times: user=2.18 sys=0.00, real=2.19 secs] 

*** PauseDetector detected a 2189 ms pause at Mon Dec 22 04:41:39 EET 2014 ***

[GC (Allocation Failure) [DefNew: 554368K->69248K(623616K), 0.1652122 secs] 1410279K->966381K(2009472K), 0.1652635 secs] [Times: user=0.17 sys=0.00, real=0.16 secs] 
[GC (Allocation Failure) [DefNew: 623616K->5875K(623616K), 0.0468530 secs] 1520749K->967578K(2009472K), 0.0470063 secs] [Times: user=0.05 sys=0.00, real=0.05 secs] 
[GC (Allocation Failure) [DefNew: 560243K->69247K(623616K), 0.1405468 secs] 1521946K->1071990K(2009472K), 0.1406123 secs] [Times: user=0.13 sys=0.00, real=0.13 secs] 
[GC (Allocation Failure) [DefNew: 623615K->5913K(623616K), 0.0444080 secs] 1626358K->1073222K(2009472K), 0.0445170 secs] [Times: user=0.05 sys=0.00, real=0.04 secs] 
[GC (Allocation Failure) [DefNew: 560281K->69247K(623616K), 0.1402062 secs] 1627590K->1176727K(2009472K), 0.1402485 secs] [Times: user=0.14 sys=0.00, real=0.14 secs] 
[GC (Allocation Failure) [DefNew: 623615K->5920K(623616K), 0.0446800 secs] 1731095K->1177943K(2009472K), 0.0447448 secs] [Times: user=0.03 sys=0.00, real=0.04 secs] 
[GC (Allocation Failure) [DefNew: 560288K->69247K(623616K), 0.1255198 secs] 1732311K->1281249K(2009472K), 0.1255622 secs] [Times: user=0.13 sys=0.00, real=0.12 secs] 
[GC (Allocation Failure) [DefNew: 623615K->5915K(623616K), 0.0461909 secs] 1835617K->1282496K(2009472K), 0.0462320 secs] [Times: user=0.05 sys=0.00, real=0.05 secs] 
[GC (Allocation Failure) [DefNew: 560283K->69248K(623616K), 0.1146374 secs] 1836864K->1385710K(2009472K), 0.1147843 secs] [Times: user=0.11 sys=0.00, real=0.11 secs] 
[GC (Allocation Failure) [DefNew: 623616K->623616K(623616K), 0.0000661 secs][Tenured: 1316462K->785124K(1385856K), 2.2144859 secs] 1940078K->785124K(2009472K), [Metaspace: 10572K->10572K(12288K)], 2.2147849 secs] [Times: user=2.22 sys=0.00, real=2.21 secs] 

*** PauseDetector detected a 2212 ms pause at Mon Dec 22 04:41:56 EET 2014 ***

[GC (Allocation Failure) [DefNew: 554368K->69247K(623616K), 0.1072016 secs] 1339492K->894137K(2009472K), 0.1072632 secs] [Times: user=0.11 sys=0.00, real=0.10 secs] 
[GC (Allocation Failure) [DefNew: 623615K->5916K(623616K), 0.0466054 secs] 1448505K->895343K(2009472K), 0.0467099 secs] [Times: user=0.05 sys=0.00, real=0.04 secs] 
[GC (Allocation Failure) [DefNew: 560284K->69248K(623616K), 0.1122283 secs] 1449711K->998294K(2009472K), 0.1122835 secs] [Times: user=0.11 sys=0.00, real=0.11 secs] 
[GC (Allocation Failure) [DefNew: 623616K->5917K(623616K), 0.0432012 secs] 1552662K->999537K(2009472K), 0.0433827 secs] [Times: user=0.05 sys=0.00, real=0.04 secs] 
[GC (Allocation Failure) [DefNew: 560285K->69248K(623616K), 0.1184054 secs] 1553905K->1102414K(2009472K), 0.1184516 secs] [Times: user=0.11 sys=0.00, real=0.12 secs] 
[GC (Allocation Failure) [DefNew: 623616K->5918K(623616K), 0.0420264 secs] 1656782K->1103633K(2009472K), 0.0421727 secs] [Times: user=0.03 sys=0.00, real=0.03 secs] 
[GC (Allocation Failure) [DefNew: 560286K->69247K(623616K), 0.1304568 secs] 1658001K->1206413K(2009472K), 0.1305004 secs] [Times: user=0.12 sys=0.00, real=0.13 secs] 
[GC (Allocation Failure) [DefNew: 623615K->5918K(623616K), 0.0465232 secs] 1760781K->1207637K(2009472K), 0.0466278 secs] [Times: user=0.03 sys=0.00, real=0.05 secs] 
[GC (Allocation Failure) [DefNew: 560286K->69248K(623616K), 0.1250265 secs] 1762005K->1310299K(2009472K), 0.1250707 secs] [Times: user=0.13 sys=0.00, real=0.12 secs] 
[GC (Allocation Failure) [DefNew: 623616K->5850K(623616K), 0.0442585 secs] 1864667K->1311489K(2009472K), 0.0443688 secs] [Times: user=0.05 sys=0.00, real=0.04 secs] 
[GC (Allocation Failure) [DefNew: 560218K->560218K(623616K), 0.0000244 secs][Tenured: 1305638K->852144K(1385856K), 2.1909163 secs] 1865857K->852144K(2009472K), [Metaspace: 10572K->10572K(12288K)], 2.1911210 secs] [Times: user=2.20 sys=0.00, real=2.19 secs] 

*** PauseDetector detected a 2188 ms pause at Mon Dec 22 04:42:15 EET 2014 ***

[GC (Allocation Failure) [DefNew: 554368K->5862K(623616K), 0.0112661 secs] 1406512K->858006K(2009472K), 0.0113078 secs] [Times: user=0.02 sys=0.00, real=0.01 secs] 
[GC (Allocation Failure) [DefNew: 560230K->69247K(623616K), 0.1040193 secs] 1412374K->960163K(2009472K), 0.1040630 secs] [Times: user=0.11 sys=0.00, real=0.10 secs] 
[GC (Allocation Failure) [DefNew: 623615K->5916K(623616K), 0.0446858 secs] 1514531K->961345K(2009472K), 0.0447294 secs] [Times: user=0.03 sys=0.00, real=0.04 secs] 
[GC (Allocation Failure) [DefNew: 560284K->69248K(623616K), 0.0985441 secs] 1515713K->1063375K(2009472K), 0.0985820 secs] [Times: user=0.09 sys=0.00, real=0.10 secs] 
[GC (Allocation Failure) [DefNew: 623616K->5917K(623616K), 0.0393177 secs] 1617743K->1064557K(2009472K), 0.0393831 secs] [Times: user=0.05 sys=0.00, real=0.04 secs] 
[GC (Allocation Failure) [DefNew: 560285K->69248K(623616K), 0.0956006 secs] 1618925K->1166482K(2009472K), 0.0957552 secs] [Times: user=0.09 sys=0.00, real=0.09 secs] 
[GC (Allocation Failure) [DefNew: 623616K->5913K(623616K), 0.0455121 secs] 1720850K->1167701K(2009472K), 0.0455557 secs] [Times: user=0.05 sys=0.00, real=0.04 secs] 
[GC (Allocation Failure) [DefNew: 560281K->69247K(623616K), 0.2849450 secs] 1722069K->1294320K(2009472K), 0.2850124 secs] [Times: user=0.28 sys=0.00, real=0.28 secs] 
[Full GC (System.gc()) [Tenured: 1225072K->873916K(1385856K), 2.2032095 secs] 1562307K->873916K(2009472K), [Metaspace: 10572K->10572K(12288K)], 2.2033764 secs] [Times: user=2.20 sys=0.00, real=2.19 secs] 
[Full GC (System.gc()) [Tenured: 873916K->873916K(1385856K), 2.1945034 secs] 873916K->873916K(2009472K), [Metaspace: 10572K->10572K(12288K)], 2.1946092 secs] [Times: user=2.18 sys=0.00, real=2.19 secs] 

*** PauseDetector detected a 4391 ms pause at Mon Dec 22 04:42:33 EET 2014 ***

[Full GC (System.gc()) [Tenured: 873916K->804545K(1385856K), 2.0561738 secs] 873918K->804545K(2009472K), [Metaspace: 10572K->10572K(12288K)], 2.0562200 secs] [Times: user=2.06 sys=0.00, real=2.06 secs] 

*** PauseDetector detected a 2061 ms pause at Mon Dec 22 04:42:35 EET 2014 ***

[Full GC (System.gc()) [Tenured: 804545K->804546K(1385856K), 2.1062565 secs] 815635K->804546K(2009472K), [Metaspace: 10572K->10572K(12288K)], 2.1063053 secs] [Times: user=2.12 sys=0.00, real=2.11 secs] 
[Full GC (System.gc()) [Tenured: 804546K->804546K(1385856K), 2.2060812 secs] 804546K->804546K(2009472K), [Metaspace: 10572K->10572K(12288K)], 2.2061229 secs] [Times: user=2.18 sys=0.00, real=2.20 secs] 
[Full GC (System.gc()) [Tenured: 804546K->804547K(1385856K), 2.0641800 secs] 815636K->804547K(2009472K), [Metaspace: 10572K->10572K(12288K)], 2.0642442 secs] [Times: user=2.06 sys=0.00, real=2.07 secs] 

*** PauseDetector detected a 4313 ms pause at Mon Dec 22 04:42:39 EET 2014 ***


*** PauseDetector detected a 2078 ms pause at Mon Dec 22 04:42:42 EET 2014 ***

[GC (Allocation Failure) [DefNew: 554368K->69248K(623616K), 0.3992784 secs] 1358915K->929590K(2009472K), 0.3993322 secs] [Times: user=0.40 sys=0.00, real=0.40 secs] 

*** PauseDetector detected a 397 ms pause at Mon Dec 22 04:42:44 EET 2014 ***

[GC (Allocation Failure) [DefNew: 623616K->5954K(623616K), 0.1123714 secs] 1483958K->931082K(2009472K), 0.1124304 secs] [Times: user=0.11 sys=0.00, real=0.11 secs] 
[GC (Allocation Failure) [DefNew: 560322K->69248K(623616K), 0.3852689 secs] 1485450K->1047601K(2009472K), 0.3853145 secs] [Times: user=0.39 sys=0.00, real=0.38 secs] 

*** PauseDetector detected a 382 ms pause at Mon Dec 22 04:42:47 EET 2014 ***

[GC (Allocation Failure) [DefNew: 623616K->5954K(623616K), 0.0779489 secs] 1601969K->1049066K(2009472K), 0.0780009 secs] [Times: user=0.06 sys=0.00, real=0.07 secs] 
[GC (Allocation Failure) [DefNew: 560322K->69248K(623616K), 0.3130435 secs] 1603434K->1161540K(2009472K), 0.3131057 secs] [Times: user=0.31 sys=0.00, real=0.31 secs] 
[Full GC (System.gc()) [Tenured: 1092292K->790391K(1385856K), 2.4387173 secs] 1338949K->790391K(2009472K), [Metaspace: 10572K->10572K(12288K)], 2.4387770 secs] [Times: user=2.42 sys=0.00, real=2.43 secs] 
[Full GC (System.gc()) [Tenured: 790391K->790391K(1385856K), 1.9259576 secs] 801480K->790391K(2009472K), [Metaspace: 10572K->10572K(12288K)], 1.9260013 secs] [Times: user=1.93 sys=0.00, real=1.93 secs] 
[Full GC (System.gc()) [Tenured: 790391K->790391K(1385856K), 1.9750575 secs] 801480K->790391K(2009472K), [Metaspace: 10572K->10572K(12288K)], 1.9751184 secs] [Times: user=1.97 sys=0.00, real=1.97 secs] 

*** PauseDetector detected a 4364 ms pause at Mon Dec 22 04:42:58 EET 2014 ***

********************************
********** ROUND  100 **********
********************************

*** PauseDetector detected a 1981 ms pause at Mon Dec 22 04:42:58 EET 2014 ***

[GC (Allocation Failure) [DefNew: 554368K->69247K(623616K), 0.3137633 secs] 1344759K->907517K(2009472K), 0.3138115 secs] [Times: user=0.31 sys=0.00, real=0.31 secs] 
[GC (Allocation Failure) [DefNew: 623615K->5878K(623616K), 0.0739391 secs] 1461885K->908879K(2009472K), 0.0739910 secs] [Times: user=0.06 sys=0.00, real=0.07 secs] 
[GC (Allocation Failure) [DefNew: 560246K->69247K(623616K), 0.2287449 secs] 1463247K->1017621K(2009472K), 0.2288104 secs] [Times: user=0.22 sys=0.00, real=0.23 secs] 
[GC (Allocation Failure) [DefNew: 623615K->5884K(623616K), 0.0570624 secs] 1571989K->1018956K(2009472K), 0.0570996 secs] [Times: user=0.06 sys=0.00, real=0.05 secs] 
[GC (Allocation Failure) [DefNew: 560252K->69248K(623616K), 0.2659768 secs] 1573324K->1127040K(2009472K), 0.2661276 secs] [Times: user=0.27 sys=0.00, real=0.26 secs] 
[GC (Allocation Failure) [DefNew: 623616K->5882K(623616K), 0.0526862 secs] 1681408K->1128327K(2009472K), 0.0528306 secs] [Times: user=0.03 sys=0.00, real=0.04 secs] 
[GC (Allocation Failure) [DefNew: 560250K->69248K(623616K), 0.1936212 secs] 1682695K->1235850K(2009472K), 0.1936841 secs] [Times: user=0.19 sys=0.00, real=0.19 secs] 
[GC (Allocation Failure) [DefNew: 623616K->5874K(623616K), 0.0496240 secs] 1790218K->1237131K(2009472K), 0.0496663 secs] [Times: user=0.05 sys=0.00, real=0.04 secs] 
[GC (Allocation Failure) [DefNew: 560242K->69247K(623616K), 0.2028079 secs] 1791499K->1344199K(2009472K), 0.2028509 secs] [Times: user=0.20 sys=0.00, real=0.19 secs] 
[GC (Allocation Failure) [DefNew: 623615K->5891K(623616K), 0.0624491 secs] 1898567K->1345479K(2009472K), 0.0624927 secs] [Times: user=0.06 sys=0.00, real=0.06 secs] 
[GC (Allocation Failure) [DefNew: 560259K->560259K(623616K), 0.0000192 secs][Tenured: 1339588K->855550K(1385856K), 2.3905035 secs] 1899847K->855550K(2009472K), [Metaspace: 10572K->10572K(12288K)]
*** PauseDetector detected a 2387 ms pause at Mon Dec 22 04:43:18 EET 2014 ***

, 2.3905869 secs] [Times: user=2.37 sys=0.00, real=2.39 secs] 
[GC (Allocation Failure) [DefNew: 554368K->5898K(623616K), 0.0121572 secs] 1409918K->861448K(2009472K), 0.0123106 secs] [Times: user=0.02 sys=0.00, real=0.01 secs] 
[GC (Allocation Failure) [DefNew: 560266K->69248K(623616K), 0.1571110 secs] 1415816K->966712K(2009472K), 0.1572547 secs] [Times: user=0.14 sys=0.00, real=0.15 secs] 
[GC (Allocation Failure) [DefNew: 623616K->5893K(623616K), 0.0423113 secs] 1521080K->967977K(2009472K), 0.0423812 secs] [Times: user=0.05 sys=0.00, real=0.04 secs] 
[GC (Allocation Failure) [DefNew: 560261K->69247K(623616K), 0.1716857 secs] 1522345K->1072974K(2009472K), 0.1717300 secs] [Times: user=0.16 sys=0.00, real=0.16 secs] 
[GC (Allocation Failure) [DefNew: 623615K->5902K(623616K), 0.0519798 secs] 1627342K->1074226K(2009472K), 0.0520247 secs] [Times: user=0.05 sys=0.00, real=0.05 secs] 
[GC (Allocation Failure) [DefNew: 560270K->69247K(623616K), 0.1380081 secs] 1628594K->1178979K(2009472K), 0.1381576 secs] [Times: user=0.12 sys=0.00, real=0.13 secs] 
[GC (Allocation Failure) [DefNew: 623615K->5881K(623616K), 0.0478840 secs] 1733347K->1180206K(2009472K), 0.0479296 secs] [Times: user=0.03 sys=0.00, real=0.04 secs] 
[GC (Allocation Failure) [DefNew: 560249K->69248K(623616K), 0.1611081 secs] 1734574K->1284777K(2009472K), 0.1611498 secs] [Times: user=0.16 sys=0.00, real=0.16 secs] 
[GC (Allocation Failure) [DefNew: 623616K->5906K(623616K), 0.0490267 secs] 1839145K->1286023K(2009472K), 0.0490709 secs] [Times: user=0.05 sys=0.00, real=0.05 secs] 
[GC (Allocation Failure) [DefNew: 560274K->69248K(623616K), 0.1370034 secs] 1840391K->1390379K(2009472K), 0.1372376 secs] [Times: user=0.14 sys=0.00, real=0.13 secs] 
[GC (Allocation Failure) [DefNew: 623616K->623616K(623616K), 0.0000430 secs][Tenured: 1321131K->786262K(1385856K), 2.2690032 secs] 1944747K->786262K(2009472K), [Metaspace: 10572K->10572K(12288K)], 2.2692758 secs] [Times: user=2.26 sys=0.00, real=2.27 secs] 

*** PauseDetector detected a 2272 ms pause at Mon Dec 22 04:43:38 EET 2014 ***

[GC (Allocation Failure) [DefNew: 554368K->69248K(623616K), 0.1423548 secs] 1340630K->895670K(2009472K), 0.1423946 secs] [Times: user=0.14 sys=0.00, real=0.14 secs] 
[GC (Allocation Failure) [DefNew: 623616K->5843K(623616K), 0.0408350 secs] 1450038K->896819K(2009472K), 0.0409839 secs] [Times: user=0.03 sys=0.00, real=0.03 secs] 
[GC (Allocation Failure) [DefNew: 560211K->69248K(623616K), 0.1265207 secs] 1451187K->1000208K(2009472K), 0.1266676 secs] [Times: user=0.13 sys=0.00, real=0.13 secs] 
[GC (Allocation Failure) [DefNew: 623616K->5901K(623616K), 0.0707004 secs] 1554576K->1001436K(2009472K), 0.0707466 secs] [Times: user=0.03 sys=0.00, real=0.07 secs] 
[GC (Allocation Failure) [DefNew: 560269K->69247K(623616K), 0.1218500 secs] 1555804K->1104612K(2009472K), 0.1218930 secs] [Times: user=0.13 sys=0.00, real=0.12 secs] 
[GC (Allocation Failure) [DefNew: 623615K->5901K(623616K), 0.0454537 secs] 1658980K->1105857K(2009472K), 0.0455705 secs] [Times: user=0.05 sys=0.00, real=0.05 secs] 
[GC (Allocation Failure) [DefNew: 560269K->69247K(623616K), 0.1147587 secs] 1660225K->1208953K(2009472K), 0.1149050 secs] [Times: user=0.11 sys=0.00, real=0.11 secs] 
[GC (Allocation Failure) [DefNew: 623615K->5889K(623616K), 0.0415889 secs] 1763321K->1210147K(2009472K), 0.0416319 secs] [Times: user=0.05 sys=0.00, real=0.04 secs] 
[GC (Allocation Failure) [DefNew: 560257K->69247K(623616K), 0.1152148 secs] 1764515K->1313118K(2009472K), 0.1152790 secs] [Times: user=0.11 sys=0.00, real=0.11 secs] 
[GC (Allocation Failure) [DefNew: 623615K->5904K(623616K), 0.0435200 secs] 1867486K->1314356K(2009472K), 0.0436682 secs] [Times: user=0.05 sys=0.00, real=0.04 secs] 
[GC (Allocation Failure) [DefNew: 560272K->560272K(623616K), 0.0000180 secs][Tenured: 1308452K->852882K(1385856K), 2.2012110 secs] 1868724K->852882K(2009472K), [Metaspace: 10572K->10572K(12288K)], 2.2013618 secs] [Times: user=2.20 sys=0.00, real=2.20 secs] 

*** PauseDetector detected a 2201 ms pause at Mon Dec 22 04:43:57 EET 2014 ***

[GC (Allocation Failure) [DefNew: 554368K->5913K(623616K), 0.0119821 secs] 1407250K->858795K(2009472K), 0.0120231 secs] [Times: user=0.00 sys=0.00, real=0.00 secs] 
[GC (Allocation Failure) [DefNew: 560281K->69247K(623616K), 0.1059287 secs] 1413163K->961591K(2009472K), 0.1059697 secs] [Times: user=0.11 sys=0.00, real=0.10 secs] 
[GC (Allocation Failure) [DefNew: 623615K->5904K(623616K), 0.0467266 secs] 1515959K->962789K(2009472K), 0.0467670 secs] [Times: user=0.05 sys=0.00, real=0.04 secs] 
[GC (Allocation Failure) [DefNew: 560272K->69248K(623616K), 0.1110221 secs] 1517157K->1065509K(2009472K), 0.1110683 secs] [Times: user=0.09 sys=0.00, real=0.11 secs] 
[GC (Allocation Failure) [DefNew: 623616K->5914K(623616K), 0.0495611 secs] 1619877K->1066719K(2009472K), 0.0496041 secs] [Times: user=0.05 sys=0.00, real=0.04 secs] 
[GC (Allocation Failure) [DefNew: 560282K->69247K(623616K), 0.1117215 secs] 1621087K->1168837K(2009472K), 0.1118684 secs] [Times: user=0.11 sys=0.00, real=0.11 secs] 
[GC (Allocation Failure) [DefNew: 623615K->5850K(623616K), 0.0476774 secs] 1723205K->1170011K(2009472K), 0.0478160 secs] [Times: user=0.05 sys=0.00, real=0.05 secs] 
[GC (Allocation Failure) [DefNew: 560218K->69247K(623616K), 0.0997163 secs] 1724379K->1272161K(2009472K), 0.0997535 secs] [Times: user=0.09 sys=0.00, real=0.10 secs] 
[GC (Allocation Failure) [DefNew: 623615K->5887K(623616K), 0.0440410 secs] 1826529K->1273333K(2009472K), 0.0440852 secs] [Times: user=0.03 sys=0.00, real=0.04 secs] 
[GC (Allocation Failure) [DefNew: 560255K->69247K(623616K), 0.0983016 secs] 1827701K->1375365K(2009472K), 0.0983427 secs] [Times: user=0.09 sys=0.00, real=0.10 secs] 
[GC (Allocation Failure) [DefNew: 623615K->623615K(623616K), 0.0000321 secs][Tenured: 1306117K->851761K(1385856K), 2.1539051 secs] 1929733K->851761K(2009472K), [Metaspace: 10572K->10572K(12288K)], 2.1541701 secs] [Times: user=2.15 sys=0.00, real=2.15 secs] 

*** PauseDetector detected a 2156 ms pause at Mon Dec 22 04:44:16 EET 2014 ***

[GC (Allocation Failure) [DefNew: 554368K->69248K(623616K), 0.1240904 secs] 1406129K->959640K(2009472K), 0.1241360 secs] [Times: user=0.11 sys=0.00, real=0.12 secs] 
[GC (Allocation Failure) [DefNew: 623616K->5910K(623616K), 0.0406907 secs] 1514008K->960819K(2009472K), 0.0408427 secs] [Times: user=0.03 sys=0.00, real=0.03 secs] 
[GC (Allocation Failure) [DefNew: 560278K->69247K(623616K), 0.3050276 secs] 1515187K->1087390K(2009472K), 0.3050726 secs] [Times: user=0.30 sys=0.00, real=0.30 secs] 
[GC (Allocation Failure) [DefNew: 623615K->5854K(623616K), 0.0843416 secs] 1641758K->1089021K(2009472K), 0.0844532 secs] [Times: user=0.08 sys=0.00, real=0.08 secs] 
[GC (Allocation Failure) [DefNew: 560222K->69247K(623616K), 0.4443497 secs] 1643389K->1208130K(2009472K), 0.4443972 secs] [Times: user=0.45 sys=0.00, real=0.44 secs] 

*** PauseDetector detected a 441 ms pause at Mon Dec 22 04:44:24 EET 2014 ***

[GC (Allocation Failure) [DefNew: 623615K->5910K(623616K), 0.0804010 secs] 1762498K->1209657K(2009472K), 0.0804453 secs] [Times: user=0.08 sys=0.00, real=0.07 secs] 
[GC (Allocation Failure) [DefNew: 560278K->69248K(623616K), 0.3516118 secs] 1764025K->1326168K(2009472K), 0.3516766 secs] [Times: user=0.34 sys=0.00, real=0.35 secs] 
[GC (Allocation Failure) [DefNew: 623616K->5912K(623616K), 0.0897667 secs] 1880536K->1327643K(2009472K), 0.0898084 secs] [Times: user=0.08 sys=0.00, real=0.08 secs] 
[GC (Allocation Failure) [DefNew: 560280K->560280K(623616K), 0.0000192 secs][Tenured: 1321731K->862323K(1385856K), 2.2909977 secs] 1882011K->862323K(2009472K), [Metaspace: 10572K->10572K(12288K)], 2.2910849 secs] [Times: user=2.29 sys=0.00, real=2.29 secs] 

*** PauseDetector detected a 2292 ms pause at Mon Dec 22 04:44:34 EET 2014 ***

[GC (Allocation Failure) [DefNew: 554368K->5851K(623616K), 0.0107413 secs] 1416691K->868175K(2009472K), 0.0108080 secs] [Times: user=0.00 sys=0.00, real=0.01 secs] 
[GC (Allocation Failure) [DefNew: 560219K->69248K(623616K), 0.3064115 secs] 1422543K->979486K(2009472K), 0.3064519 secs] [Times: user=0.30 sys=0.00, real=0.31 secs] 
[GC (Allocation Failure) [DefNew: 623616K->5912K(623616K), 0.0672660 secs] 1533854K->980845K(2009472K), 0.0673071 secs] [Times: user=0.06 sys=0.00, real=0.06 secs] 
[GC (Allocation Failure) [DefNew: 560280K->69247K(623616K), 0.2510602 secs] 1535213K->1089553K(2009472K), 0.2511263 secs] [Times: user=0.25 sys=0.00, real=0.25 secs] 
[GC (Allocation Failure) [DefNew: 623615K->5862K(623616K), 0.0583411 secs] 1643921K->1090866K(2009472K), 0.0583821 secs] [Times: user=0.06 sys=0.00, real=0.06 secs] 
[GC (Allocation Failure) [DefNew: 560230K->69247K(623616K), 0.2219461 secs] 1645234K->1198999K(2009472K), 0.2220109 secs] [Times: user=0.22 sys=0.00, real=0.22 secs] 
[GC (Allocation Failure) [DefNew: 623615K->5912K(623616K), 0.0674085 secs] 1753367K->1200289K(2009472K), 0.0674630 secs] [Times: user=0.06 sys=0.00, real=0.07 secs] 
[GC (Allocation Failure) [DefNew: 560280K->69247K(623616K), 0.2044330 secs] 1754657K->1307746K(2009472K), 0.2045793 secs] [Times: user=0.20 sys=0.00, real=0.20 secs] 
[GC (Allocation Failure) [DefNew: 623615K->5877K(623616K), 0.0707440 secs] 1862114K->1309042K(2009472K), 0.0707921 secs] [Times: user=0.06 sys=0.00, real=0.07 secs] 
[GC (Allocation Failure) [DefNew: 560245K->69248K(623616K), 0.2203441 secs] 1863410K->1416156K(2009472K), 0.2203961 secs] [Times: user=0.20 sys=0.00, real=0.21 secs] 
[GC (Allocation Failure) [DefNew: 623616K->623616K(623616K), 0.0000199 secs][Tenured: 1346908K->788900K(1385856K), 2.2573836 secs] 1970524K->788900K(2009472K), [Metaspace: 10572K->10572K(12288K)], 2.2575760 secs] [Times: user=2.26 sys=0.00, real=2.26 secs] 

*** PauseDetector detected a 2259 ms pause at Mon Dec 22 04:44:54 EET 2014 ***

[GC (Allocation Failure) [DefNew: 554368K->69247K(623616K), 0.1975014 secs] 1343268K->900427K(2009472K), 0.1975444 secs] [Times: user=0.19 sys=0.00, real=0.19 secs] 
[GC (Allocation Failure) [DefNew: 623615K->5895K(623616K), 0.0579125 secs] 1454795K->901651K(2009472K), 0.0579568 secs] [Times: user=0.05 sys=0.00, real=0.06 secs] 
[GC (Allocation Failure) [DefNew: 560263K->69247K(623616K), 0.1532924 secs] 1456019K->1006838K(2009472K), 0.1533572 secs] [Times: user=0.14 sys=0.00, real=0.14 secs] 
[GC (Allocation Failure) [DefNew: 623615K->5856K(623616K), 0.0549612 secs] 1561206K->1008147K(2009472K), 0.0550042 secs] [Times: user=0.05 sys=0.00, real=0.05 secs] 
[GC (Allocation Failure) [DefNew: 560224K->69248K(623616K), 0.1803957 secs] 1562515K->1113208K(2009472K), 0.1804375 secs] [Times: user=0.17 sys=0.00, real=0.18 secs] 
[GC (Allocation Failure) [DefNew: 623616K->5854K(623616K), 0.0489522 secs] 1667576K->1114385K(2009472K), 0.0490254 secs] [Times: user=0.05 sys=0.00, real=0.05 secs] 
[GC (Allocation Failure) [DefNew: 560222K->69248K(623616K), 0.1639913 secs] 1668753K->1219210K(2009472K), 0.1640317 secs] [Times: user=0.16 sys=0.00, real=0.16 secs] 
[GC (Allocation Failure) [DefNew: 623616K->5901K(623616K), 0.0482112 secs] 1773578K->1220432K(2009472K), 0.0482561 secs] [Times: user=0.03 sys=0.00, real=0.04 secs] 
[GC (Allocation Failure) [DefNew: 560269K->69248K(623616K), 0.1722073 secs] 1774800K->1325006K(2009472K), 0.1722490 secs] [Times: user=0.17 sys=0.00, real=0.17 secs] 
[GC (Allocation Failure) [DefNew: 623616K->5921K(623616K), 0.0477352 secs] 1879374K->1326244K(2009472K), 0.0478815 secs] [Times: user=0.05 sys=0.00, real=0.05 secs] 
[GC (Allocation Failure) [DefNew: 560289K->560289K(623616K), 0.0000840 secs][Tenured: 1320323K->854314K(1385856K), 2.1748506 secs] 1880612K->854314K(2009472K), [Metaspace: 10572K->10572K(12288K)], 2.1750039 secs] [Times: user=2.17 sys=0.00, real=2.17 secs] 

*** PauseDetector detected a 2168 ms pause at Mon Dec 22 04:45:14 EET 2014 ***

[GC (Allocation Failure) [DefNew: 554368K->5920K(623616K), 0.0146112 secs] 1408682K->860235K(2009472K), 0.0146574 secs] [Times: user=0.00 sys=0.00, real=0.00 secs] 
[GC (Allocation Failure) [DefNew: 560288K->69248K(623616K), 0.1271135 secs] 1414603K->963715K(2009472K), 0.1272643 secs] [Times: user=0.13 sys=0.00, real=0.12 secs] 
[GC (Allocation Failure) [DefNew: 623616K->5916K(623616K), 0.0409922 secs] 1518083K->964944K(2009472K), 0.0411340 secs] [Times: user=0.05 sys=0.00, real=0.04 secs] 
[GC (Allocation Failure) [DefNew: 560284K->69247K(623616K), 0.1098641 secs] 1519312K->1068294K(2009472K), 0.1099308 secs] [Times: user=0.11 sys=0.00, real=0.10 secs] 
[GC (Allocation Failure) [DefNew: 623615K->5918K(623616K), 0.0506261 secs] 1622662K->1069504K(2009472K), 0.0506781 secs] [Times: user=0.05 sys=0.00, real=0.04 secs] 
[GC (Allocation Failure) [DefNew: 560286K->69247K(623616K), 0.1163074 secs] 1623872K->1172724K(2009472K), 0.1163511 secs] [Times: user=0.13 sys=0.00, real=0.12 secs] 
[GC (Allocation Failure) [DefNew: 623615K->5846K(623616K), 0.0471314 secs] 1727092K->1173853K(2009472K), 0.0471725 secs] [Times: user=0.05 sys=0.00, real=0.05 secs] 
[GC (Allocation Failure) [DefNew: 560214K->69247K(623616K), 0.1188481 secs] 1728221K->1277024K(2009472K), 0.1190637 secs] [Times: user=0.11 sys=0.00, real=0.11 secs] 
[GC (Allocation Failure) [DefNew: 623615K->5889K(623616K), 0.0463327 secs] 1831392K->1278199K(2009472K), 0.0463763 secs] [Times: user=0.05 sys=0.00, real=0.05 secs] 
[GC (Allocation Failure) [DefNew: 560257K->69247K(623616K), 0.1164877 secs] 1832567K->1381177K(2009472K), 0.1165962 secs] [Times: user=0.11 sys=0.00, real=0.11 secs] 
[Full GC (System.gc()) [Tenured: 1311929K->848526K(1385856K), 2.0297313 secs] 1392336K->848526K(2009472K), [Metaspace: 10572K->10572K(12288K)], 2.0298031 secs] [Times: user=2.03 sys=0.00, real=2.02 secs] 
[Full GC (System.gc()) [Tenured: 848526K->844195K(1385856K), 1.8267469 secs] 859616K->844195K(2009472K), [Metaspace: 10572K->10572K(12288K)], 1.8268091 secs] [Times: user=1.82 sys=0.00, real=1.83 secs] 
[Full GC (System.gc()) [Tenured: 844195K->779105K(1385856K), 2.1433184 secs] 855284K->779105K(2009472K), [Metaspace: 10572K->10572K(12288K)], 2.1433621 secs] [Times: user=2.14 sys=0.00, real=2.14 secs] 

*** PauseDetector detected a 3854 ms pause at Mon Dec 22 04:45:35 EET 2014 ***

[Full GC (System.gc()) [Tenured: 779105K->779236K(1385856K), 1.8642214 secs] 790195K->779236K(2009472K), [Metaspace: 10572K->10572K(12288K)], 1.8642785 secs] [Times: user=1.86 sys=0.00, real=1.86 secs] 
[Full GC (System.gc()) [Tenured: 779236K->779236K(1385856K), 1.8257095 secs] 779236K->779236K(2009472K), [Metaspace: 10572K->10572K(12288K)], 1.8258211 secs] [Times: user=1.83 sys=0.00, real=1.83 secs] 
[Full GC (System.gc()) [Tenured: 779236K->779237K(1385856K), 1.8374721 secs] 790326K->779237K(2009472K), [Metaspace: 10572K->10572K(12288K)], 1.8375921 secs] [Times: user=1.84 sys=0.00, real=1.83 secs] 

*** PauseDetector detected a 5839 ms pause at Mon Dec 22 04:45:39 EET 2014 ***


*** PauseDetector detected a 1844 ms pause at Mon Dec 22 04:45:41 EET 2014 ***

[GC (Allocation Failure) [DefNew: 554368K->69247K(623616K), 0.1039263 secs] 1333605K->888087K(2009472K), 0.1039699 secs] [Times: user=0.11 sys=0.00, real=0.10 secs] 
[GC (Allocation Failure) [DefNew: 623615K->5954K(623616K), 0.0494815 secs] 1442455K->889286K(2009472K), 0.0495213 secs] [Times: user=0.05 sys=0.00, real=0.04 secs] 
[GC (Allocation Failure) [DefNew: 560322K->69248K(623616K), 0.1432318 secs] 1443654K->992090K(2009472K), 0.1433903 secs] [Times: user=0.14 sys=0.00, real=0.14 secs] 
[GC (Allocation Failure) [DefNew: 623616K->5954K(623616K), 0.0400683 secs] 1546458K->993290K(2009472K), 0.0401100 secs] [Times: user=0.05 sys=0.00, real=0.04 secs] 
[GC (Allocation Failure) [DefNew: 560322K->69248K(623616K), 0.1174591 secs] 1547658K->1096012K(2009472K), 0.1175014 secs] [Times: user=0.11 sys=0.00, real=0.12 secs] 
[GC (Allocation Failure) [DefNew: 623616K->5954K(623616K), 0.0557536 secs] 1650380K->1097210K(2009472K), 0.0558043 secs] [Times: user=0.05 sys=0.00, real=0.05 secs] 
[Full GC (System.gc()) [Tenured: 1091255K->779623K(1385856K), 1.9912425 secs] 1341151K->779623K(2009472K), [Metaspace: 10572K->10572K(12288K)], 1.9914157 secs] [Times: user=1.98 sys=0.00, real=1.98 secs] 
[Full GC (System.gc()) [Tenured: 779623K->779625K(1385856K), 2.0128803 secs] 790713K->779625K(2009472K), [Metaspace: 10572K->10572K(12288K)], 2.0130330 secs] [Times: user=2.01 sys=0.00, real=2.01 secs] 

*** PauseDetector detected a 1987 ms pause at Mon Dec 22 04:45:53 EET 2014 ***

[Full GC (System.gc()) [Tenured: 779625K->779626K(1385856K), 2.0000000 secs] 790715K->779626K(2009472K), [Metaspace: 10572K->10572K(12288K)], 2.0001565 secs] [Times: user=2.00 sys=0.00, real=2.00 secs] 
********************************
[Full GC (System.gc()) [Tenured: 779626K->779626K(1385856K), 1.8875151 secs] 779695K->779626K(2009472K), [Metaspace: 10572K->10572K(12288K)], 1.8876710 secs] [Times: user=1.89 sys=0.00, real=1.89 secs] 

*** PauseDetector detected a 5903 ms pause at Mon Dec 22 04:45:59 EET 2014 ***

[Full GC (System.gc()) [Tenured: 779626K->768719K(1385856K), 1.9868471 secs] 790715K->768719K(2009472K), [Metaspace: 10572K->10572K(12288K)], 1.9869003 secs] [Times: user=1.98 sys=0.00, real=1.99 secs] 
[Full GC (System.gc()) [Tenured: 768719K->768719K(1385856K), 2.1113487 secs] 768721K->768719K(2009472K), [Metaspace: 10572K->10572K(12288K)], 2.1114135 secs] [Times: user=2.11 sys=0.00, real=2.10 secs] 
Person [id=0, username=Username-0, firstName=Firstname-0, lastName=Lastname-0, accountNo=986570, debt=407.79521971124944]

*** PauseDetector detected a 1992 ms pause at Mon Dec 22 04:46:01 EET 2014 ***

*** PauseDetector detected a 2115 ms pause at Mon Dec 22 04:46:03 EET 2014 ***

[Full GC (System.gc()) [Tenured: 768719K->769826K(1385856K), 1.9379352 secs] 893388K->769826K(2009472K), [Metaspace: 10572K->10572K(12288K)], 1.9379898 secs] [Times: user=2.09 sys=0.00, real=1.93 secs] 
[Full GC (System.gc()) [Tenured: 769826K->769826K(1385856K), 1.9021975 secs] 769826K->769826K(2009472K), [Metaspace: 10572K->10572K(12288K)], 1.9023130 secs] [Times: user=1.90 sys=0.00, real=1.90 secs] 
[Full GC (System.gc()) [Tenured: 769826K->769796K(1385856K), 2.1754627 secs] 769826K->769796K(2009472K), [Metaspace: 10572K->10572K(12288K)], 2.1755057 secs] [Times: user=2.18 sys=0.00, real=2.18 secs] 

*** PauseDetector detected a 6016 ms pause at Mon Dec 22 04:46:09 EET 2014 ***

Heap
 def new generation   total 623616K, used 180380K [0x0000000080000000, 0x00000000aa4a0000, 0x00000000aa4a0000)
  eden space 554368K,  32% used [0x0000000080000000, 0x000000008b027238, 0x00000000a1d60000)
  from space 69248K,   0% used [0x00000000a6100000, 0x00000000a6100000, 0x00000000aa4a0000)
  to   space 69248K,   0% used [0x00000000a1d60000, 0x00000000a1d60000, 0x00000000a6100000)
 tenured generation   total 1385856K, used 769796K [0x00000000aa4a0000, 0x00000000fee00000, 0x00000000fee00000)
   the space 1385856K,  55% used [0x00000000aa4a0000, 0x00000000d9461098, 0x00000000d9461200, 0x00000000fee00000)
 Metaspace       used 10575K, capacity 10635K, committed 10752K, reserved 12288K
