[Console output redirected to file:D:\Computer Sciences\Software\Workspaces\Eclipse Workspace\T2\jillegal\output.txt]
[GC (Allocation Failure) [ParNew: 1024K->126K(1152K), 0.0217603 secs] 1024K->580K(130944K), 0.0218315 secs] [Times: user=0.05 sys=0.00, real=0.02 secs] 
[Full GC (System.gc()) [CMS: 454K->742K(129792K), 0.0145606 secs] 1397K->742K(130944K), [Metaspace: 2923K->2923K(8192K)], 0.0148056 secs] [Times: user=0.02 sys=0.00, real=0.02 secs] 
[GC (Allocation Failure) [ParNew: 52032K->6464K(58496K), 0.1131272 secs] 52774K->31614K(188288K), 0.1131727 secs] [Times: user=0.55 sys=0.05, real=0.11 secs] 
[GC (Allocation Failure) [ParNew: 58496K->4960K(58496K), 0.0308348 secs] 83646K->37743K(188288K), 0.0308893 secs] [Times: user=0.17 sys=0.00, real=0.03 secs] 
JVM Name                   : Java HotSpot(TM) 64-Bit Server VM
JVM Version                : 25.5-b02
JVM Vendor                 : Oracle Corporation
Java Version               : 1.8.0_05
Java Specification Version : 1.8
Java Runtime Version       : 1.8.0_05-b13
Java Vendor                : Oracle Corporation
OS Architecture            : amd64
OS Name                    : Windows 7
OS Version                 : 6.1
Word Size                  : 8 byte
Running 64-bit HotSpot VM.
Objects are 8 bytes aligned.

******************************************************************
* Jillegal-Agent by Serkan OZAL (https://github.com/serkan-ozal) *
******************************************************************
[DEBUG] Using attach provider: sun.tools.attach.WindowsAttachProvider@123772c4
[INFO ] OS Name: windows 7
[INFO ] Class Path: D:\Computer Sciences\Software\Workspaces\Eclipse Workspace\T2\jillegal\target\test-classes;D:\Computer Sciences\Software\Workspaces\Eclipse Workspace\T2\jillegal\target\classes;C:\Users\Asus\.m2\repository\tr\com\serkanozal\jillegal-agent-java8\1.1.0-RELEASE\jillegal-agent-java8-1.1.0-RELEASE.jar;C:\Users\Asus\.m2\repository\com\sun\tools\1.8\tools-1.8.jar;C:\Users\Asus\.m2\repository\com\sun\tools\sa_jdi\1.8\sa_jdi-1.8.jar;C:\Users\Asus\.m2\repository\com\sun\tools\sa-jdi-all\1.0\sa-jdi-all-1.0.jar;C:\Users\Asus\.m2\repository\cglib\cglib\2.2\cglib-2.2.jar;C:\Users\Asus\.m2\repository\asm\asm\3.1\asm-3.1.jar;C:\Users\Asus\.m2\repository\org\javassist\javassist\3.17.1-GA\javassist-3.17.1-GA.jar;C:\Users\Asus\.m2\repository\org\ow2\asm\asm\5.0.3\asm-5.0.3.jar;C:\Users\Asus\.m2\repository\org\reflections\reflections\0.9.9-RC1\reflections-0.9.9-RC1.jar;C:\Users\Asus\.m2\repository\dom4j\dom4j\1.6.1\dom4j-1.6.1.jar;C:\Users\Asus\.m2\repository\xml-apis\xml-apis\1.0.b2\xml-apis-1.0.b2.jar;C:\Users\Asus\.m2\repository\com\google\guava\guava\13.0\guava-13.0.jar;C:\Users\Asus\.m2\repository\org\codehaus\groovy\groovy\1.8.4\groovy-1.8.4.jar;C:\Users\Asus\.m2\repository\antlr\antlr\2.7.7\antlr-2.7.7.jar;C:\Users\Asus\.m2\repository\asm\asm-commons\3.2\asm-commons-3.2.jar;C:\Users\Asus\.m2\repository\asm\asm-util\3.2\asm-util-3.2.jar;C:\Users\Asus\.m2\repository\asm\asm-analysis\3.2\asm-analysis-3.2.jar;C:\Users\Asus\.m2\repository\asm\asm-tree\3.2\asm-tree-3.2.jar;C:\Users\Asus\.m2\repository\org\codehaus\groovy\groovy-all\1.8.4\groovy-all-1.8.4.jar;C:\Users\Asus\.m2\repository\log4j\log4j\1.2.16\log4j-1.2.16.jar;C:\Users\Asus\.m2\repository\commons-lang\commons-lang\2.6\commons-lang-2.6.jar;C:\Users\Asus\.m2\repository\junit\junit\4.11\junit-4.11.jar;C:\Users\Asus\.m2\repository\org\hamcrest\hamcrest-core\1.3\hamcrest-core-1.3.jar;C:\Users\Asus\.m2\repository\org\giltene\HeapFragger\1.0\HeapFragger-1.0.jar;/D:/Computer Sciences/Tools/Eclipse/Eclipse 4.3 - Kepler/configuration/org.eclipse.osgi/bundles/361/1/.cp/;/D:/Computer Sciences/Tools/Eclipse/Eclipse 4.3 - Kepler/configuration/org.eclipse.osgi/bundles/360/1/.cp/;C:\Users\Asus\.m2\repository\org\giltene\HeapFragger\1.0\HeapFragger-1.0.jar;D:/Computer%20Sciences/Software/Workspaces/Eclipse%20Workspace/T2/jillegal/target/test-classes/;D:/Computer%20Sciences/Software/Workspaces/Eclipse%20Workspace/T2/jillegal/target/classes/;C:/Users/Asus/.m2/repository/tr/com/serkanozal/jillegal-agent-java8/1.1.0-RELEASE/jillegal-agent-java8-1.1.0-RELEASE.jar;C:/Users/Asus/.m2/repository/com/sun/tools/1.8/tools-1.8.jar;C:/Users/Asus/.m2/repository/com/sun/tools/sa_jdi/1.8/sa_jdi-1.8.jar;C:/Users/Asus/.m2/repository/com/sun/tools/sa-jdi-all/1.0/sa-jdi-all-1.0.jar;C:/Users/Asus/.m2/repository/cglib/cglib/2.2/cglib-2.2.jar;C:/Users/Asus/.m2/repository/asm/asm/3.1/asm-3.1.jar;C:/Users/Asus/.m2/repository/org/javassist/javassist/3.17.1-GA/javassist-3.17.1-GA.jar;C:/Users/Asus/.m2/repository/org/ow2/asm/asm/5.0.3/asm-5.0.3.jar;C:/Users/Asus/.m2/repository/org/reflections/reflections/0.9.9-RC1/reflections-0.9.9-RC1.jar;C:/Users/Asus/.m2/repository/dom4j/dom4j/1.6.1/dom4j-1.6.1.jar;C:/Users/Asus/.m2/repository/xml-apis/xml-apis/1.0.b2/xml-apis-1.0.b2.jar;C:/Users/Asus/.m2/repository/com/google/guava/guava/13.0/guava-13.0.jar;C:/Users/Asus/.m2/repository/org/codehaus/groovy/groovy/1.8.4/groovy-1.8.4.jar;C:/Users/Asus/.m2/repository/antlr/antlr/2.7.7/antlr-2.7.7.jar;C:/Users/Asus/.m2/repository/asm/asm-commons/3.2/asm-commons-3.2.jar;C:/Users/Asus/.m2/repository/asm/asm-util/3.2/asm-util-3.2.jar;C:/Users/Asus/.m2/repository/asm/asm-analysis/3.2/asm-analysis-3.2.jar;C:/Users/Asus/.m2/repository/asm/asm-tree/3.2/asm-tree-3.2.jar;C:/Users/Asus/.m2/repository/org/codehaus/groovy/groovy-all/1.8.4/groovy-all-1.8.4.jar;C:/Users/Asus/.m2/repository/log4j/log4j/1.2.16/log4j-1.2.16.jar;C:/Users/Asus/.m2/repository/commons-lang/commons-lang/2.6/commons-lang-2.6.jar;C:/Users/Asus/.m2/repository/junit/junit/4.11/junit-4.11.jar;C:/Users/Asus/.m2/repository/org/hamcrest/hamcrest-core/1.3/hamcrest-core-1.3.jar;C:/Users/Asus/.m2/repository/org/giltene/HeapFragger/1.0/HeapFragger-1.0.jar;D:/Computer%20Sciences/Tools/Eclipse/Eclipse%204.3%20-%20Kepler/configuration/org.eclipse.osgi/bundles/361/1/.cp/;D:/Computer%20Sciences/Tools/Eclipse/Eclipse%204.3%20-%20Kepler/configuration/org.eclipse.osgi/bundles/360/1/.cp/;C:/Users/Asus/.m2/repository/org/giltene/HeapFragger/1.0/HeapFragger-1.0.jar;
[INFO ] Agent path: C:\Users\Asus\.m2\repository\tr\com\serkanozal\jillegal-agent-java8\1.1.0-RELEASE\jillegal-agent-java8-1.1.0-RELEASE.jar
[DEBUG] Agent Jar File: C:\Users\Asus\.m2\repository\tr\com\serkanozal\jillegal-agent-java8\1.1.0-RELEASE\jillegal-agent-java8-1.1.0-RELEASE.jar
[DEBUG] Agentmain: sun.instrument.InstrumentationImpl@1a53155b - Arguments: null
log4j:WARN No appenders could be found for logger (tr.com.serkanozal.jillegal.instrument.transformer.impl.DefaultClassTransformer).
log4j:WARN Please initialize the log4j system properly.
log4j:WARN See http://logging.apache.org/log4j/1.2/faq.html#noconfig for more info.
[GC (Allocation Failure) [ParNew: 56992K->6463K(58496K), 0.0110890 secs] 89775K->47595K(188288K), 0.0111455 secs] [Times: user=0.08 sys=0.00, real=0.01 secs] 
[GC (Allocation Failure) [ParNew: 58495K->6108K(58496K), 0.0122746 secs] 99627K->49812K(188288K), 0.0123426 secs] [Times: user=0.03 sys=0.00, real=0.01 secs] 
[GC (Allocation Failure) [ParNew: 58140K->6107K(58496K), 0.0133275 secs] 101844K->50519K(188288K), 0.0133923 secs] [Times: user=0.02 sys=0.00, real=0.01 secs] 
[GC (Allocation Failure) [ParNew: 58139K->5633K(58496K), 0.0166066 secs] 102551K->50310K(188288K), 0.0166790 secs] [Times: user=0.06 sys=0.00, real=0.02 secs] 
[GC (Allocation Failure) [ParNew: 57665K->5861K(58496K), 0.0081961 secs] 102342K->50744K(188288K), 0.0082648 secs] [Times: user=0.00 sys=0.00, real=0.01 secs] 
[GC (Allocation Failure) [ParNew: 57893K->6150K(58496K), 0.0075988 secs] 102776K->51290K(188288K), 0.0076553 secs] [Times: user=0.00 sys=0.00, real=0.01 secs] 
[GC (Allocation Failure) [ParNew: 58182K->5393K(58496K), 0.0084181 secs] 103322K->50761K(188288K), 0.0084771 secs] [Times: user=0.00 sys=0.00, real=0.01 secs] 
[GC (Allocation Failure) [ParNew: 57425K->3180K(58496K), 0.0041189 secs] 102793K->48854K(188288K), 0.0041683 secs] [Times: user=0.00 sys=0.00, real=0.00 secs] 
[GC (Allocation Failure) [ParNew: 55212K->1010K(58496K), 0.0035389 secs] 100886K->46685K(188288K), 0.0035864 secs] [Times: user=0.00 sys=0.00, real=0.00 secs] 
[GC (Allocation Failure) [ParNew: 53042K->2036K(58496K), 0.0030372 secs] 98717K->47711K(188288K), 0.0030873 secs] [Times: user=0.00 sys=0.00, real=0.00 secs] 
[GC (Allocation Failure) [ParNew: 54068K->2006K(58496K), 0.0029962 secs] 99743K->47680K(188288K), 0.0031848 secs] [Times: user=0.09 sys=0.00, real=0.00 secs] 
[GC (Allocation Failure) [ParNew: 54038K->6464K(58496K), 0.0099258 secs] 99712K->53908K(188288K), 0.0099816 secs] [Times: user=0.01 sys=0.00, real=0.01 secs] 
[GC (Allocation Failure) [ParNew: 58496K->6463K(58496K), 0.0190965 secs] 105940K->58576K(188288K), 0.0191594 secs] [Times: user=0.08 sys=0.00, real=0.02 secs] 
[GC (Allocation Failure) [ParNew: 58495K->6464K(58496K), 0.5119795 secs] 110608K->107905K(188288K), 0.5120372 secs] [Times: user=3.32 sys=0.03, real=0.51 secs] 
[GC (CMS Initial Mark) [1 CMS-initial-mark: 101441K(129792K)] 109060K(188288K), 0.0028249 secs] [Times: user=0.00 sys=0.00, real=0.00 secs] 
[CMS-concurrent-mark-start]
[GC (GCLocker Initiated GC) [ParNew: 58496K->6464K(58496K), 0.3806059 secs] 159937K->156904K(209792K), 0.3806643 secs] [Times: user=2.54 sys=0.02, real=0.38 secs] 
[GC (Allocation Failure) [ParNew: 58496K->6464K(58496K), 0.3953173 secs] 208936K->205237K(258176K), 0.3953680 secs] [Times: user=2.75 sys=0.03, real=0.40 secs] 
[GC (GCLocker Initiated GC) [ParNew: 58496K->6464K(58496K), 0.3695028 secs] 257270K->252581K(305600K), 0.3695612 secs] [Times: user=2.29 sys=0.02, real=0.37 secs] 
[GC (Allocation Failure) [ParNew: 58496K->6464K(58496K), 0.3565693 secs] 304613K->299805K(353024K), 0.3566264 secs] [Times: user=2.18 sys=0.00, real=0.36 secs] 
[GC (GCLocker Initiated GC) [ParNew: 7314K->1614K(58496K), 0.0191113 secs] 300655K->301420K(359360K), 0.0191587 secs] [Times: user=0.11 sys=0.00, real=0.02 secs] 
[CMS-concurrent-mark: 0.094/1.617 secs] [Times: user=10.28 sys=0.06, real=1.62 secs] 
[CMS-concurrent-preclean-start]
[GC (Allocation Failure) [ParNew: 53646K->6464K(58496K), 0.3434042 secs] 353452K->346652K(399680K), 0.3434600 secs] [Times: user=2.32 sys=0.02, real=0.34 secs] 
[GC (Allocation Failure) [ParNew: 58496K->6464K(58496K), 0.3607241 secs] 398684K->393490K(446528K), 0.3607710 secs] [Times: user=2.17 sys=0.00, real=0.36 secs] 
[GC (Allocation Failure) [ParNew: 58496K->6464K(58496K), 0.3587417 secs] 445522K->440861K(493952K), 0.3587981 secs] [Times: user=2.29 sys=0.02, real=0.36 secs] 
[GC (Allocation Failure) [ParNew: 58496K->6464K(58496K), 0.3837484 secs] 492893K->488540K(541568K), 0.3838023 secs] [Times: user=2.53 sys=0.00, real=0.38 secs] 
[GC (Allocation Failure) [ParNew: 58496K->6464K(58496K), 0.3586377 secs] 540572K->536516K(589568K), 0.3586961 secs] [Times: user=2.15 sys=0.02, real=0.36 secs] 
[GC (Allocation Failure) [ParNew: 58496K->6464K(58496K), 0.1257393 secs] 588548K->580409K(633536K), 0.1257944 secs] [Times: user=0.52 sys=0.01, real=0.13 secs] 
[GC (GCLocker Initiated GC) [ParNew: 58496K->6463K(58496K), 0.1388056 secs] 632441K->626985K(680000K), 0.1388614 secs] [Times: user=0.55 sys=0.03, real=0.14 secs] 
[GC (Allocation Failure) [ParNew: 58495K->6464K(58496K), 0.1635871 secs] 679017K->674488K(727616K), 0.1636436 secs] [Times: user=0.81 sys=0.02, real=0.16 secs] 
[GC (Allocation Failure) [ParNew: 58496K->6464K(58496K), 0.1477087 secs] 726520K->721409K(774080K), 0.1477697 secs] [Times: user=0.62 sys=0.00, real=0.15 secs] 
[GC (Allocation Failure) [ParNew: 58496K->6463K(58496K), 0.1387337 secs] 773441K->768546K(821312K), 0.1387998 secs] [Times: user=0.56 sys=0.03, real=0.14 secs] 
[GC (Allocation Failure) [ParNew: 58495K->6463K(58496K), 0.1277698 secs] 820578K->815275K(867968K), 0.1278244 secs] [Times: user=0.62 sys=0.02, real=0.13 secs] 
[GC (Allocation Failure) [ParNew: 58495K->6463K(58496K), 0.1248205 secs] 867307K->862167K(915008K), 0.1248712 secs] [Times: user=0.70 sys=0.03, real=0.13 secs] 
[GC (GCLocker Initiated GC) [ParNew: 58495K->6463K(58496K), 0.1321512 secs] 914199K->909585K(962432K), 0.1322044 secs] [Times: user=0.53 sys=0.01, real=0.13 secs] 
[GC (Allocation Failure) [ParNew: 58495K->6464K(58496K), 0.1297594 secs] 961617K->956313K(1009088K), 0.1298684 secs] [Times: user=0.51 sys=0.06, real=0.13 secs] 
[GC (Allocation Failure) [ParNew: 58496K->6464K(58496K), 0.1308943 secs] 1008345K->1004113K(1057088K), 0.1309546 secs] [Times: user=0.58 sys=0.02, real=0.13 secs] 
[GC (Allocation Failure) [ParNew: 58496K->6463K(58496K), 0.1239634 secs] 1056145K->1051834K(1104896K), 0.1240185 secs] [Times: user=0.44 sys=0.01, real=0.12 secs] 
[GC (Allocation Failure) [ParNew: 58495K->6463K(58496K), 0.1343922 secs] 1103866K->1099542K(1152512K), 0.1344442 secs] [Times: user=0.56 sys=0.02, real=0.13 secs] 
[Full GC (System.gc()) [CMS[CMS-concurrent-preclean: 1.996/5.427 secs] [Times: user=21.31 sys=0.34, real=5.43 secs] 
 (concurrent mode interrupted): 1093078K->574237K(1094016K), 3.8733754 secs] 1100690K->574237K(1152512K), [Metaspace: 7996K->7996K(8192K)], 3.8744346 secs] [Times: user=3.81 sys=0.00, real=3.87 secs] 
[GC (Allocation Failure) [ParNew: 437760K->54656K(492416K), 0.2636306 secs] 1011997K->729611K(1586432K), 0.2636794 secs] [Times: user=1.25 sys=0.03, real=0.26 secs] 
[GC (CMS Initial Mark) [1 CMS-initial-mark: 674955K(1094016K)] 738369K(1586432K), 0.0093413 secs] [Times: user=0.11 sys=0.00, real=0.01 secs] 
[CMS-concurrent-mark-start]
[GC (Allocation Failure) [ParNew: 492416K->54656K(492416K), 0.0987693 secs] 1167371K->786769K(1586432K), 0.0988681 secs] [Times: user=0.59 sys=0.00, real=0.10 secs] 
[INFO] : Class tr.com.serkanozal.jillegal.offheap.pool.SampleOffHeapWrapperClass is being instrumented ...
********** ROUND    1 **********
********************************
[GC (Allocation Failure) [ParNew: 492416K->14816K(492416K), 0.0094228 secs] 1224529K->746930K(1586432K), 0.0094799 secs] [Times: user=0.09 sys=0.00, real=0.01 secs] 
[CMS-concurrent-mark: 1.743/1.945 secs] [Times: user=8.53 sys=0.16, real=1.94 secs] 
[CMS-concurrent-preclean-start]
[CMS-concurrent-preclean: 0.134/0.135 secs] [Times: user=0.42 sys=0.00, real=0.13 secs] 
[CMS-concurrent-abortable-preclean-start]
[CMS-concurrent-abortable-preclean: 0.220/0.618 secs] [Times: user=1.44 sys=0.06, real=0.62 secs] 
[GC (CMS Final Remark) [YG occupancy: 316053 K (492416 K)][Rescan (parallel) , 0.0587433 secs][weak refs processing, 0.0000212 secs][class unloading, 0.0153516 secs][scrub symbol table, 0.0016193 secs][scrub string table, 0.0004664 secs][1 CMS-remark: 732113K(1094016K)] 1048167K(1586432K), 0.0787207 secs] [Times: user=0.34 sys=0.00, real=0.08 secs] 
[CMS-concurrent-sweep-start]
[GC (Allocation Failure) [ParNew: 452576K->17887K(492416K), 0.0117030 secs] 1184436K->749746K(1586432K), 0.0117627 secs] [Times: user=0.11 sys=0.00, real=0.01 secs] 
[CMS-concurrent-sweep: 0.571/0.583 secs] [Times: user=2.09 sys=0.00, real=0.58 secs] 
[CMS-concurrent-reset-start]
[CMS-concurrent-reset: 0.003/0.003 secs] [Times: user=0.00 sys=0.00, real=0.00 secs] 
[GC (Allocation Failure) [ParNew: 455647K->25584K(492416K), 0.0133255 secs] 1187139K->757076K(1711572K), 0.0133724 secs] [Times: user=0.05 sys=0.00, real=0.01 secs] 
[GC (Allocation Failure) [ParNew: 463344K->28111K(492416K), 0.0141301 secs] 1194836K->759603K(1711572K), 0.0141782 secs] [Times: user=0.00 sys=0.00, real=0.01 secs] 
********************************
[Full GC (System.gc()) [CMS: 731492K->726294K(1219156K), 2.4040607 secs] 967683K->726294K(1711572K), [Metaspace: 9603K->9603K(10240K)], 2.4045540 secs] [Times: user=2.40 sys=0.00, real=2.40 secs] 
[Full GC (System.gc()) [CMS: 726294K->726294K(1219156K), 1.8454925 secs] 726294K->726294K(1767828K), [Metaspace: 9603K->9603K(10240K)], 1.8458190 secs] [Times: user=1.81 sys=0.00, real=1.85 secs] 
[Full GC (System.gc()) [CMS: 726294K->726297K(1219156K), 1.6639207 secs] 735441K->726297K(1767828K), [Metaspace: 9603K->9603K(10240K)], 1.6640927 secs] [Times: user=1.62 sys=0.00, real=1.66 secs] 

*** PauseDetector detected a 2407 ms pause at Fri Dec 19 16:22:32 EET 2014 ***


*** PauseDetector detected a 3562 ms pause at Fri Dec 19 16:22:32 EET 2014 ***

[Full GC (System.gc()) [CMS: 726297K->726731K(1219156K), 2.0098893 secs] 791758K->726731K(1767828K), [Metaspace: 9830K->9830K(10240K)], 2.0100946 secs] [Times: user=2.00 sys=0.00, real=2.01 secs] 
[Full GC (System.gc()) [CMS: 726731K->726733K(1219156K), 1.9060188 secs] 740756K->726733K(1767828K), [Metaspace: 9830K->9830K(10240K)], 1.9062876 secs] [Times: user=1.89 sys=0.00, real=1.91 secs] 
[Full GC (System.gc()) [CMS: 726733K->726734K(1219156K), 1.6286469 secs] 740758K->726734K(1767828K), [Metaspace: 9830K->9830K(10240K)]
*** PauseDetector detected a 2016 ms pause at Fri Dec 19 16:22:34 EET 2014 ***

, 1.6288220 secs] [Times: user=1.62 sys=0.00, real=1.63 secs] 
********** ROUND 
*** PauseDetector detected a 3541 ms pause at Fri Dec 19 16:22:37 EET 2014 ***

   2 **********
********************************
[GC (Allocation Failure) [ParNew: 487744K->22120K(548672K), 0.0111461 secs] 1214478K->748855K(1767828K), 0.0111897 secs] [Times: user=0.00 sys=0.00, real=0.01 secs] 
[GC (Allocation Failure) [ParNew: 509864K->60928K(548672K), 0.2312958 secs] 1236599K->861231K(1767828K), 0.2313529 secs] [Times: user=0.92 sys=0.00, real=0.23 secs] 
[GC (Allocation Failure) [ParNew: 548672K->28948K(548672K), 0.0661664 secs] 1348975K->889664K(1767828K), 0.0662228 secs] [Times: user=0.25 sys=0.01, real=0.07 secs] 
[GC (Allocation Failure) [ParNew: 516692K->15506K(548672K), 0.0086247 secs] 1377408K->876221K(1767828K), 0.0086683 secs] [Times: user=0.06 sys=0.00, real=0.01 secs] 
[GC (Allocation Failure) [ParNew: 503250K->19410K(548672K), 0.0129489 secs] 1363965K->880125K(1767828K), 0.0130413 secs] [Times: user=0.00 sys=0.00, real=0.01 secs] 
[GC (Allocation Failure) [ParNew: 507154K->24572K(548672K), 0.0149352 secs] 1367869K->885287K(1767828K), 0.0149885 secs] [Times: user=0.06 sys=0.00, real=0.02 secs] 
[GC (Allocation Failure) [ParNew: 512316K->34445K(548672K), 0.0160651 secs] 1373031K->895160K(1767828K), 0.0161125 secs] [Times: user=0.06 sys=0.00, real=0.02 secs] 
[GC (Allocation Failure) [ParNew: 522189K->37277K(548672K), 0.0162774 secs] 1382904K->897992K(1767828K), 0.0163243 secs] [Times: user=0.08 sys=0.00, real=0.02 secs] 
[GC (Allocation Failure) [ParNew: 525021K->44952K(548672K), 0.0214774 secs] 1385736K->910802K(1767828K), 0.0215249 secs] [Times: user=0.06 sys=0.00, real=0.02 secs] 
[GC (Allocation Failure) [ParNew: 532696K->39313K(548672K), 0.0208846 secs] 1398546K->910116K(1767828K), 0.0209321 secs] [Times: user=0.05 sys=0.00, real=0.02 secs] 
[GC (Allocation Failure) [ParNew: 527057K->60928K(548672K), 0.2342208 secs] 1397860K->1024283K(1767828K), 0.2342625 secs] [Times: user=1.01 sys=0.00, real=0.23 secs] 
[GC (CMS Initial Mark) [1 CMS-initial-mark: 963355K(1219156K)] 1034021K(1767828K), 0.0091226 secs] [Times: user=0.11 sys=0.00, real=0.01 secs] 
[CMS-concurrent-mark-start]
[GC (Allocation Failure) [ParNew: 548672K->26090K(548672K), 0.0605096 secs] 1512027K->1050068K(1767828K), 0.0605590 secs] [Times: user=0.33 sys=0.00, real=0.06 secs] 
[CMS-concurrent-mark: 1.424/1.485 secs] [Times: user=4.63 sys=0.02, real=1.49 secs] 
[CMS-concurrent-preclean-start]
[CMS-concurrent-preclean: 0.053/0.055 secs] [Times: user=0.12 sys=0.00, real=0.05 secs] 
[CMS-concurrent-abortable-preclean-start]
[GC (Allocation Failure) [ParNew[CMS-concurrent-abortable-preclean: 0.166/0.966 secs] [Times: user=1.23 sys=0.00, real=0.97 secs] 
: 513834K->16347K(548672K), 0.0067462 secs] 1537812K->1040326K(1767828K), 0.0068020 secs] [Times: user=0.09 sys=0.00, real=0.01 secs] 
[GC (CMS Final Remark) [YG occupancy: 26085 K (548672 K)][Rescan (parallel) , 0.0040150 secs][weak refs processing, 0.0000154 secs][class unloading, 0.0048766 secs][scrub symbol table, 0.0014063 secs][scrub string table, 0.0005222 secs][1 CMS-remark: 1023978K(1219156K)] 1050063K(1767828K), 0.0116722 secs] [Times: user=0.00 sys=0.00, real=0.01 secs] 
[CMS-concurrent-sweep-start]
[CMS-concurrent-sweep: 0.748/0.748 secs] [Times: user=1.50 sys=0.00, real=0.75 secs] 
[CMS-concurrent-reset-start]
[CMS-concurrent-reset: 0.003/0.003 secs] [Times: user=0.03 sys=0.00, real=0.00 secs] 
[GC (Allocation Failure) [ParNew: 504091K->22710K(548672K), 0.0116818 secs] 1249442K->768060K(1790924K), 0.0117254 secs] [Times: user=0.06 sys=0.00, real=0.01 secs] 
[GC (Allocation Failure) [ParNew: 510454K->27603K(548672K), 0.0132408 secs] 1255804K->772953K(1790924K), 0.0132864 secs] [Times: user=0.06 sys=0.00, real=0.01 secs] 
[GC (Allocation Failure) [ParNew: 515347K->33372K(548672K), 0.0155717 secs] 1260697K->778722K(1790924K), 0.0156192 secs] [Times: user=0.05 sys=0.00, real=0.01 secs] 
[GC (Allocation Failure) [ParNew: 521116K->40106K(548672K), 0.0186622 secs] 1266466K->785456K(1790924K), 0.0187116 secs] [Times: user=0.05 sys=0.00, real=0.02 secs] 
[GC (Allocation Failure) [ParNew: 527850K->53582K(548672K), 0.0189669 secs] 1273200K->804005K(1790924K), 0.0190189 secs] [Times: user=0.09 sys=0.00, real=0.02 secs] 
[GC (Allocation Failure) [ParNew: 541326K->44242K(548672K), 0.0195681 secs] 1291749K->799586K(1790924K), 0.0196175 secs] [Times: user=0.16 sys=0.00, real=0.02 secs] 
[GC (Allocation Failure) [ParNew: 531986K->60928K(548672K), 0.1965237 secs] 1287330K->905578K(1790924K), 0.1965699 secs] [Times: user=0.70 sys=0.05, real=0.20 secs] 
[GC (Allocation Failure) [ParNew: 548672K->42814K(548672K), 0.0591539 secs] 1393322K->948125K(1790924K), 0.0592008 secs] [Times: user=0.14 sys=0.00, real=0.06 secs] 
[GC (Allocation Failure) [ParNew: 530558K->19795K(548672K), 0.0095466 secs] 1435869K->925106K(1790924K), 0.0095916 secs] [Times: user=0.06 sys=0.00, real=0.01 secs] 
[GC (Allocation Failure) [ParNew: 507539K->22755K(548672K), 0.0125929 secs] 1412850K->928066K(1790924K), 0.0126435 secs] [Times: user=0.06 sys=0.00, real=0.01 secs] 
[GC (Allocation Failure) [ParNew: 510499K->28715K(548672K), 0.0144951 secs] 1415810K->934026K(1790924K), 0.0145426 secs] [Times: user=0.06 sys=0.00, real=0.01 secs] 
[GC (Allocation Failure) [ParNew: 516459K->36799K(548672K), 0.0177704 secs] 1421770K->942110K(1790924K), 0.0178185 secs] [Times: user=0.11 sys=0.00, real=0.02 secs] 
[GC (Allocation Failure) [ParNew: 524543K->42440K(548672K), 0.0200428 secs] 1429854K->947751K(1790924K), 0.0201096 secs] [Times: user=0.06 sys=0.00, real=0.02 secs] 
[GC (Allocation Failure) [ParNew: 530184K->39290K(548672K), 0.0208365 secs] 1435495K->953890K(1790924K), 0.0208833 secs] [Times: user=0.08 sys=0.00, real=0.02 secs] 
[GC (Allocation Failure) [ParNew: 527034K->44438K(548672K), 0.0190760 secs] 1441634K->963963K(1790924K), 0.0191228 secs] [Times: user=0.08 sys=0.00, real=0.02 secs] 
[GC (Allocation Failure) [ParNew: 532182K->60928K(548672K), 0.1940562 secs] 1451707K->1065758K(1790924K), 0.1941030 secs] [Times: user=0.64 sys=0.05, real=0.19 secs] 
[GC (CMS Initial Mark) [1 CMS-initial-mark: 1004830K(1242252K)] 1075495K(1790924K), 0.0104840 secs] [Times: user=0.09 sys=0.00, real=0.01 secs] 
[CMS-concurrent-mark-start]
[GC (Allocation Failure) [ParNew: 548672K->45807K(548672K), 0.0565209 secs] 1553502K->1111262K(1790924K), 0.0565690 secs] [Times: user=0.19 sys=0.00, real=0.06 secs] 
[CMS-concurrent-mark: 1.439/1.496 secs] [Times: user=4.65 sys=0.02, real=1.50 secs] 
[CMS-concurrent-preclean-start]
[CMS-concurrent-preclean: 0.045/0.046 secs] [Times: user=0.09 sys=0.00, real=0.05 secs] 
[CMS-concurrent-abortable-preclean-start]
[GC (Allocation Failure) [ParNew[CMS-concurrent-abortable-preclean: 0.154/0.953 secs] [Times: user=1.14 sys=0.00, real=0.95 secs] 
: 533551K->14070K(548672K), 0.0080043 secs] 1599006K->1079525K(1790924K), 0.0080486 secs] [Times: user=0.08 sys=0.00, real=0.01 secs] 
[GC (CMS Final Remark) [YG occupancy: 23808 K (548672 K)][Rescan (parallel) , 0.0037436 secs][weak refs processing, 0.0000148 secs][class unloading, 0.0046193 secs][scrub symbol table, 0.0011183 secs][scrub string table, 0.0003683 secs][1 CMS-remark: 1065454K(1242252K)] 1089262K(1790924K), 0.0106258 secs] [Times: user=0.02 sys=0.00, real=0.01 secs] 
[CMS-concurrent-sweep-start]
[CMS-concurrent-sweep: 0.883/0.883 secs] [Times: user=1.78 sys=0.00, real=0.88 secs] 
[CMS-concurrent-reset-start]
[CMS-concurrent-reset: 0.003/0.003 secs] [Times: user=0.03 sys=0.00, real=0.00 secs] 
[GC (Allocation Failure) [ParNew: 501814K->20051K(548672K), 0.0095466 secs] 1248500K->766737K(1793152K), 0.0095980 secs] [Times: user=0.00 sys=0.00, real=0.01 secs] 
[GC (Allocation Failure) [ParNew: 507795K->30859K(548672K), 0.0160259 secs] 1254481K->777544K(1793152K), 0.0160721 secs] [Times: user=0.05 sys=0.00, real=0.02 secs] 
[GC (Allocation Failure) [ParNew: 518603K->39224K(548672K), 0.0157610 secs] 1265288K->785910K(1793152K), 0.0158071 secs] [Times: user=0.08 sys=0.00, real=0.02 secs] 
[GC (Allocation Failure) [ParNew: 526968K->41289K(548672K), 0.0191921 secs] 1273654K->793055K(1793152K), 0.0192377 secs] [Times: user=0.08 sys=0.00, real=0.02 secs] 
[GC (Allocation Failure) [ParNew: 529033K->44414K(548672K), 0.0188771 secs] 1280799K->801106K(1793152K), 0.0189246 secs] [Times: user=0.08 sys=0.00, real=0.02 secs] 
[GC (Allocation Failure) [ParNew: 532158K->60928K(548672K), 0.1699650 secs] 1288850K->901983K(1793152K), 0.1700195 secs] [Times: user=0.67 sys=0.01, real=0.17 secs] 
[GC (Allocation Failure) [ParNew: 548672K->17620K(548672K), 0.0529685 secs] 1389727K->919456K(1793152K), 0.0530147 secs] [Times: user=0.19 sys=0.02, real=0.05 secs] 
[GC (Allocation Failure) [ParNew: 505364K->14689K(548672K), 0.0084925 secs] 1407200K->916525K(1793152K), 0.0085419 secs] [Times: user=0.06 sys=0.00, real=0.01 secs] 
[GC (Allocation Failure) [ParNew: 502433K->17913K(548672K), 0.0105584 secs] 1404269K->919749K(1793152K), 0.0106020 secs] [Times: user=0.06 sys=0.00, real=0.01 secs] 
[GC (Allocation Failure) [ParNew: 505657K->23035K(548672K), 0.0146170 secs] 1407493K->924871K(1793152K), 0.0146626 secs] [Times: user=0.06 sys=0.00, real=0.02 secs] 
[GC (Allocation Failure) [ParNew: 510779K->30618K(548672K), 0.0138959 secs] 1412615K->932454K(1793152K), 0.0139421 secs] [Times: user=0.06 sys=0.00, real=0.01 secs] 
[GC (Allocation Failure) [ParNew: 518362K->42080K(548672K), 0.0155531 secs] 1420198K->943916K(1793152K), 0.0156006 secs] [Times: user=0.11 sys=0.00, real=0.02 secs] 
[GC (Allocation Failure) [ParNew: 529824K->49169K(548672K), 0.0200634 secs] 1431660K->956085K(1793152K), 0.0201166 secs] [Times: user=0.09 sys=0.00, real=0.02 secs] 
[GC (Allocation Failure) [ParNew: 536913K->42855K(548672K), 0.0250824 secs] 1443829K->954684K(1793152K), 0.0251350 secs] [Times: user=0.16 sys=0.00, real=0.03 secs] 
[GC (Allocation Failure) [ParNew: 530599K->60928K(548672K), 0.1856913 secs] 1442428K->1054856K(1796608K), 0.1857388 secs] [Times: user=0.70 sys=0.06, real=0.18 secs] 
[GC (CMS Initial Mark) [1 CMS-initial-mark: 993928K(1247936K)] 1064593K(1796608K), 0.0087691 secs] [Times: user=0.08 sys=0.00, real=0.01 secs] 
[CMS-concurrent-mark-start]
[GC (Allocation Failure) [ParNew: 548672K->39800K(548672K), 0.1562340 secs] 1542600K->1094388K(1846584K), 0.1562853 secs] [Times: user=0.31 sys=0.05, real=0.16 secs] 
[CMS-concurrent-mark: 1.813/1.969 secs] [Times: user=5.96 sys=0.05, real=1.97 secs] 
[CMS-concurrent-preclean-start]
[CMS-concurrent-preclean: 0.057/0.059 secs] [Times: user=0.14 sys=0.00, real=0.06 secs] 
[CMS-concurrent-abortable-preclean-start]
[GC (Allocation Failure) [ParNew: 527544K->16532K(548672K), 0.0081666 secs] 1582132K->1071120K(1846584K), 0.0082231 secs] [Times: user=0.09 sys=0.00, real=0.01 secs] 
[CMS-concurrent-abortable-preclean: 0.400/1.344 secs] [Times: user=1.90 sys=0.00, real=1.35 secs] 
[GC (CMS Final Remark) [YG occupancy: 309803 K (548672 K)][Rescan (parallel) , 0.0638965 secs][weak refs processing, 0.0000212 secs][class unloading, 0.0061482 secs][scrub symbol table, 0.0013364 secs][scrub string table, 0.0004100 secs][1 CMS-remark: 1054588K(1297912K)] 1364391K(1846584K), 0.0725956 secs] [Times: user=0.36 sys=0.00, real=0.07 secs] 
[CMS-concurrent-sweep-start]
[GC (Allocation Failure) [ParNew: 504276K->19491K(548672K), 0.0174817 secs] 1558842K->1074057K(1846584K), 0.0175388 secs] [Times: user=0.09 sys=0.00, real=0.02 secs] 
[CMS-concurrent-sweep: 1.031/1.049 secs] [Times: user=2.25 sys=0.00, real=1.05 secs] 
[CMS-concurrent-reset-start]
[CMS-concurrent-reset: 0.003/0.003 secs] [Times: user=0.00 sys=0.00, real=0.00 secs] 
[GC (Allocation Failure) [ParNew: 507235K->24431K(548672K), 0.0131754 secs] 1257013K->774209K(1846584K), 0.0132210 secs] [Times: user=0.08 sys=0.00, real=0.01 secs] 
[GC (Allocation Failure) [ParNew: 512175K->30573K(548672K), 0.0149494 secs] 1261953K->780351K(1846584K), 0.0149949 secs] [Times: user=0.06 sys=0.00, real=0.01 secs] 
[GC (Allocation Failure) [ParNew: 518317K->46925K(548672K), 0.0154338 secs] 1268095K->796703K(1846584K), 0.0154960 secs] [Times: user=0.13 sys=0.00, real=0.02 secs] 
[GC (Allocation Failure) [ParNew: 534669K->38925K(548672K), 0.0205234 secs] 1284447K->793792K(1846584K), 0.0205696 secs] [Times: user=0.05 sys=0.00, real=0.02 secs] 
[GC (Allocation Failure) [ParNew: 526669K->57529K(548672K), 0.0246526 secs] 1281536K->817327K(1846584K), 0.0247000 secs] [Times: user=0.08 sys=0.00, real=0.02 secs] 
[GC (Allocation Failure) [ParNew: 545273K->60928K(548672K), 0.1489688 secs] 1305071K->911712K(1846584K), 0.1490137 secs] [Times: user=0.61 sys=0.00, real=0.15 secs] 
[GC (Allocation Failure) [ParNew: 548672K->28272K(548672K), 0.0452779 secs] 1399456K->939715K(1856084K), 0.0453338 secs] [Times: user=0.13 sys=0.02, real=0.05 secs] 
[GC (Allocation Failure) [ParNew: 516016K->17200K(548672K), 0.0092534 secs] 1427459K->928643K(1856084K), 0.0093093 secs] [Times: user=0.08 sys=0.00, real=0.01 secs] 
[GC (Allocation Failure) [ParNew: 504944K->17104K(548672K), 0.0096718 secs] 1416387K->928548K(1856084K), 0.0097199 secs] [Times: user=0.00 sys=0.00, real=0.01 secs] 
[GC (Allocation Failure) [ParNew: 504848K->21633K(548672K), 0.0113501 secs] 1416292K->933076K(1856084K), 0.0114136 secs] [Times: user=0.06 sys=0.00, real=0.01 secs] 
[GC (Allocation Failure) [ParNew: 509377K->29814K(548672K), 0.0143033 secs] 1420820K->941258K(1856084K), 0.0143521 secs] [Times: user=0.08 sys=0.00, real=0.01 secs] 
[GC (Allocation Failure) [ParNew: 517558K->37951K(548672K), 0.0182650 secs] 1429002K->949394K(1856084K), 0.0183112 secs] [Times: user=0.06 sys=0.00, real=0.02 secs] 
[GC (Allocation Failure) [ParNew: 525695K->49454K(548672K), 0.0199267 secs] 1437138K->965975K(1856388K), 0.0199844 secs] [Times: user=0.09 sys=0.00, real=0.02 secs] 
[GC (Allocation Failure) [ParNew: 537198K->47993K(548672K), 0.0210411 secs] 1453719K->969435K(1856388K), 0.0210892 secs] [Times: user=0.06 sys=0.00, real=0.02 secs] 
[GC (Allocation Failure) [ParNew: 535737K->60928K(548672K), 0.1537113 secs] 1457179K->1063448K(1863492K), 0.1537588 secs] [Times: user=0.53 sys=0.00, real=0.15 secs] 
[GC (Allocation Failure) [ParNew: 548672K->19639K(548672K), 0.3819327 secs] 1551192K->1082819K(1879676K), 0.3819821 secs] [Times: user=0.47 sys=0.05, real=0.38 secs] 
[GC (CMS Initial Mark) [1 CMS-initial-mark: 1063179K(1331004K)] 1095043K(1879676K), 0.0060501 secs] [Times: user=0.03 sys=0.00, real=0.01 secs] 
[CMS-concurrent-mark-start]

*** PauseDetector detected a 388 ms pause at Fri Dec 19 16:24:03 EET 2014 ***

[GC (Allocation Failure) [ParNew: 507383K->14400K(548672K), 0.0078882 secs] 1570563K->1077579K(1879676K), 0.0079357 secs] [Times: user=0.09 sys=0.00, real=0.01 secs] 
[CMS-concurrent-mark: 1.481/1.490 secs] [Times: user=4.54 sys=0.00, real=1.49 secs] 
[CMS-concurrent-preclean-start]
[CMS-concurrent-preclean: 0.006/0.006 secs] [Times: user=0.03 sys=0.00, real=0.01 secs] 
[CMS-concurrent-abortable-preclean-start]
[GC (Allocation Failure) [ParNew: 502144K->21673K(548672K), 0.0082186 secs] 1565323K->1084852K(1879676K), 0.0082744 secs] [Times: user=0.12 sys=0.00, real=0.01 secs] 
[CMS-concurrent-abortable-preclean: 0.582/1.784 secs] [Times: user=2.47 sys=0.00, real=1.78 secs] 
[GC (CMS Final Remark) [YG occupancy: 324607 K (548672 K)][Rescan (parallel) , 0.0657269 secs][weak refs processing, 0.0000160 secs][class unloading, 0.0060796 secs][scrub symbol table, 0.0015648 secs][scrub string table, 0.0005691 secs][1 CMS-remark: 1063179K(1331004K)] 1387786K(1879676K), 0.0747956 secs] [Times: user=0.44 sys=0.00, real=0.08 secs] 
[CMS-concurrent-sweep-start]
[GC (Allocation Failure) [ParNew: 509417K->24631K(548672K), 0.0113065 secs] 1572596K->1087810K(1879676K), 0.0113520 secs] [Times: user=0.08 sys=0.00, real=0.01 secs] 
[CMS-concurrent-sweep: 1.168/1.179 secs] [Times: user=2.48 sys=0.00, real=1.18 secs] 
[CMS-concurrent-reset-start]
[CMS-concurrent-reset: 0.003/0.003 secs] [Times: user=0.05 sys=0.00, real=0.00 secs] 
[GC (Allocation Failure) [ParNew: 512375K->28976K(548672K), 0.0139870 secs] 1233994K->750595K(1879676K), 0.0140332 secs] [Times: user=0.06 sys=0.00, real=0.01 secs] 
[Full GC (System.gc()) [CMS: 721618K->734575K(1331004K), 3.0420309 secs] 828913K->734575K(1879676K), [Metaspace: 9967K->9967K(10240K)], 3.0424011 secs] [Times: user=3.01 sys=0.00, real=3.04 secs] 
[Full GC (System.gc()) [CMS: 734575K->734576K(1331004K), 2.1408766 secs] 746991K->734576K(1930044K), [Metaspace: 9967K->9967K(10240K)], 2.1410992 secs] [Times: user=2.14 sys=0.00, real=2.14 secs] 
[Full GC (System.gc()) [CMS: 734576K->734576K(1331004K), 1.7921365 secs] 745207K->734576K(1930044K), [Metaspace: 9967K->9967K(10240K)]
*** PauseDetector detected a 3044 ms pause at Fri Dec 19 16:24:11 EET 2014 ***

, 1.7923302 secs] [Times: user=1.78 sys=0.00, real=1.79 secs] 

*** PauseDetector detected a 3939 ms pause at Fri Dec 19 16:24:15 EET 2014 ***

[GC (Allocation Failure) [ParNew: 532544K->12427K(599040K), 0.0076161 secs] 1267120K->747003K(1930044K), 0.0076585 secs] [Times: user=0.06 sys=0.00, real=0.01 secs] 
[GC (Allocation Failure) [ParNew: 544971K->66496K(599040K), 0.1007717 secs] 1279547K->853435K(1930044K), 0.1008185 secs] [Times: user=0.28 sys=0.00, real=0.10 secs] 
[GC (Allocation Failure) [ParNew: 599040K->12749K(599040K), 0.0464430 secs] 1385979K->866364K(1930044K), 0.0464892 secs] [Times: user=0.19 sys=0.00, real=0.05 secs] 
[GC (Allocation Failure) [ParNew: 545293K->14891K(599040K), 0.0093029 secs] 1398908K->868506K(1930044K), 0.0093484 secs] [Times: user=0.00 sys=0.00, real=0.01 secs] 
[GC (Allocation Failure) [ParNew: 547435K->20121K(599040K), 0.0141063 secs] 1401050K->873736K(1930044K), 0.0141551 secs] [Times: user=0.03 sys=0.00, real=0.01 secs] 
[GC (Allocation Failure) [ParNew: 552665K->25178K(599040K), 0.0142417 secs] 1406280K->878793K(1930044K), 0.0142885 secs] [Times: user=0.06 sys=0.00, real=0.01 secs] 
[GC (Allocation Failure) [ParNew: 557722K->33019K(599040K), 0.0180860 secs] 1411337K->886634K(1930044K), 0.0181316 secs] [Times: user=0.02 sys=0.05, real=0.02 secs] 
[Full GC (System.gc()) [CMS: 853615K->736950K(1331004K), 2.1121334 secs] 961576K->736950K(1930044K), [Metaspace: 9967K->9967K(10240K)], 2.1123765 secs] [Times: user=2.11 sys=0.00, real=2.11 secs] 
[Full GC (System.gc()) [CMS: 736950K->736950K(1331004K), 2.0766933 secs] 736950K->736950K(1930044K), [Metaspace: 9967K->9967K(10240K)], 2.0769089 secs] [Times: user=2.06 sys=0.00, real=2.08 secs] 
[Full GC (System.gc()) [CMS: 736950K->736950K(1331004K), 1.9206544 secs] 736950K->736950K(1930044K), [Metaspace: 9967K->9967K(10240K)], 1.9208937 secs] [Times: user=1.90 sys=0.00, real=1.92 secs] 
********************************

*** PauseDetector detected a 4189 ms pause at Fri Dec 19 16:24:32 EET 2014 ***
********** ROUND    3 **********
********************************


*** PauseDetector detected a 1927 ms pause at Fri Dec 19 16:24:32 EET 2014 ***

[GC (Allocation Failure) [ParNew: 532544K->12722K(599040K), 0.0078965 secs] 1269494K->749673K(1930044K), 0.0079401 secs] [Times: user=0.06 sys=0.00, real=0.01 secs] 
[GC (Allocation Failure) [ParNew: 545266K->66496K(599040K), 0.0925852 secs] 1282217K->855271K(1930044K), 0.0926397 secs] [Times: user=0.27 sys=0.05, real=0.09 secs] 
[GC (Allocation Failure) [ParNew: 599040K->25645K(599040K), 0.0479828 secs] 1387815K->881008K(1930044K), 0.0480297 secs] [Times: user=0.14 sys=0.00, real=0.05 secs] 
[GC (Allocation Failure) [ParNew: 558189K->14253K(599040K), 0.0111679 secs] 1413552K->869616K(1930044K), 0.0112141 secs] [Times: user=0.05 sys=0.00, real=0.01 secs] 
[GC (Allocation Failure) [ParNew: 546797K->21379K(599040K), 0.0120039 secs] 1402160K->876741K(1930044K), 0.0120565 secs] [Times: user=0.00 sys=0.00, real=0.01 secs] 
[GC (Allocation Failure) [ParNew: 553923K->26752K(599040K), 0.0152682 secs] 1409285K->882115K(1930044K), 0.0153163 secs] [Times: user=0.05 sys=0.00, real=0.02 secs] 
[GC (Allocation Failure) [ParNew: 559296K->33117K(599040K), 0.0168388 secs] 1414659K->888480K(1930044K), 0.0168953 secs] [Times: user=0.08 sys=0.00, real=0.02 secs] 
[GC (Allocation Failure) [ParNew: 565661K->38631K(599040K), 0.0185306 secs] 1421024K->893994K(1930044K), 0.0185762 secs] [Times: user=0.06 sys=0.00, real=0.02 secs] 
[GC (Allocation Failure) [ParNew: 571175K->46920K(599040K), 0.0199703 secs] 1426538K->907838K(1930044K), 0.0200319 secs] [Times: user=0.09 sys=0.00, real=0.02 secs] 
[GC (Allocation Failure) [ParNew: 579464K->48657K(599040K), 0.0210661 secs] 1440382K->914968K(1930044K), 0.0211188 secs] [Times: user=0.09 sys=0.00, real=0.02 secs] 
[GC (Allocation Failure) [ParNew: 581201K->66496K(599040K), 0.0983074 secs] 1447512K->1010159K(1930044K), 0.0983671 secs] [Times: user=0.56 sys=0.00, real=0.10 secs] 
[GC (Allocation Failure) [ParNew: 599040K->28488K(599040K), 0.0417467 secs] 1542703K->1038691K(1930044K), 0.0417929 secs] [Times: user=0.11 sys=0.00, real=0.04 secs] 
[GC (CMS Initial Mark) [1 CMS-initial-mark: 1010202K(1331004K)] 1038691K(1930044K), 0.0046546 secs] [Times: user=0.00 sys=0.00, real=0.00 secs] 
[CMS-concurrent-mark-start]
[GC (Allocation Failure) [ParNew: 561032K->17634K(599040K), 0.0092688 secs] 1571235K->1027837K(1930044K), 0.0093176 secs] [Times: user=0.00 sys=0.00, real=0.01 secs] 
[CMS-concurrent-mark: 1.382/1.392 secs] [Times: user=4.18 sys=0.00, real=1.39 secs] 
[CMS-concurrent-preclean-start]
[CMS-concurrent-preclean: 0.005/0.005 secs] [Times: user=0.03 sys=0.00, real=0.00 secs] 
[CMS-concurrent-abortable-preclean-start]
[CMS-concurrent-abortable-preclean: 0.247/0.846 secs] [Times: user=1.09 sys=0.00, real=0.85 secs] 
[GC (CMS Final Remark) [YG occupancy: 361865 K (599040 K)][Rescan (parallel) , 0.0759324 secs][weak refs processing, 0.0000212 secs][class unloading, 0.0056407 secs][scrub symbol table, 0.0013544 secs][scrub string table, 0.0003894 secs][1 CMS-remark: 1010202K(1331004K)] 1372068K(1930044K), 0.0842588 secs] [Times: user=0.48 sys=0.02, real=0.08 secs] 
[CMS-concurrent-sweep-start]
[GC (Allocation Failure) [ParNew: 550178K->20145K(599040K), 0.0224372 secs] 1560381K->1030348K(1930044K), 0.0225058 secs] [Times: user=0.14 sys=0.00, real=0.02 secs] 
[CMS-concurrent-sweep: 0.645/0.667 secs] [Times: user=1.45 sys=0.00, real=0.67 secs] 
[CMS-concurrent-reset-start]
[CMS-concurrent-reset: 0.004/0.004 secs] [Times: user=0.00 sys=0.00, real=0.00 secs] 
[GC (Allocation Failure) [ParNew: 552689K->27584K(599040K), 0.0212407 secs] 1276488K->751383K(1930044K), 0.0213010 secs] [Times: user=0.05 sys=0.00, real=0.02 secs] 
[GC (Allocation Failure) [ParNew: 560128K->35398K(599040K), 0.0170569 secs] 1283927K->759197K(1930044K), 0.0171025 secs] [Times: user=0.06 sys=0.00, real=0.02 secs] 
[GC (Allocation Failure) [ParNew: 567942K->38564K(599040K), 0.0192088 secs] 1291741K->762363K(1930044K), 0.0192550 secs] [Times: user=0.06 sys=0.00, real=0.02 secs] 
[GC (Allocation Failure) [ParNew: 571108K->39090K(599040K), 0.0247026 secs] 1294907K->768444K(1930044K), 0.0247488 secs] [Times: user=0.08 sys=0.00, real=0.02 secs] 
[GC (Allocation Failure) [ParNew: 571634K->52716K(599040K), 0.0216673 secs] 1300988K->787458K(1930044K), 0.0217167 secs] [Times: user=0.06 sys=0.00, real=0.02 secs] 
[GC (Allocation Failure) [ParNew: 585260K->66496K(599040K), 0.0967387 secs] 1320002K->878336K(1930044K), 0.0967869 secs] [Times: user=0.42 sys=0.00, real=0.10 secs] 
[GC (Allocation Failure) [ParNew: 599040K->58119K(599040K), 0.0387717 secs] 1410880K->936176K(1930044K), 0.0388314 secs] [Times: user=0.14 sys=0.00, real=0.04 secs] 
[GC (Allocation Failure) [ParNew: 590663K->15901K(599040K), 0.0089295 secs] 1468720K->893959K(1930044K), 0.0089737 secs] [Times: user=0.05 sys=0.00, real=0.01 secs] 
[GC (Allocation Failure) [ParNew: 548445K->20059K(599040K), 0.0115214 secs] 1426503K->898116K(1930044K), 0.0115708 secs] [Times: user=0.08 sys=0.00, real=0.01 secs] 
[GC (Allocation Failure) [ParNew: 552603K->26791K(599040K), 0.0146773 secs] 1430660K->904848K(1930044K), 0.0147312 secs] [Times: user=0.06 sys=0.00, real=0.01 secs] 
[GC (Allocation Failure) [ParNew: 559335K->33416K(599040K), 0.0135174 secs] 1437392K->911473K(1930044K), 0.0135680 secs] [Times: user=0.09 sys=0.00, real=0.01 secs] 
[GC (Allocation Failure) [ParNew: 565960K->38289K(599040K), 0.0174464 secs] 1444017K->916346K(1930044K), 0.0174919 secs] [Times: user=0.08 sys=0.00, real=0.02 secs] 
[GC (Allocation Failure) [ParNew: 570833K->39036K(599040K), 0.0213138 secs] 1448890K->922641K(1930044K), 0.0213606 secs] [Times: user=0.11 sys=0.00, real=0.02 secs] 
[GC (Allocation Failure) [ParNew: 571580K->48645K(599040K), 0.0247251 secs] 1455185K->937653K(1930044K), 0.0247706 secs] [Times: user=0.06 sys=0.00, real=0.02 secs] 
[GC (Allocation Failure) [ParNew: 581189K->66496K(599040K), 0.0904699 secs] 1470197K->1032335K(1930044K), 0.0905174 secs] [Times: user=0.39 sys=0.00, real=0.09 secs] 
[GC (Allocation Failure) [ParNew: 599040K->28487K(599040K), 0.0444773 secs] 1564879K->1060699K(1930044K), 0.0445247 secs] [Times: user=0.13 sys=0.00, real=0.04 secs] 
[GC (CMS Initial Mark) [1 CMS-initial-mark: 1032211K(1331004K)] 1071404K(1930044K), 0.0049517 secs] [Times: user=0.00 sys=0.00, real=0.01 secs] 
[CMS-concurrent-mark-start]
[CMS-concurrent-mark: 1.306/1.306 secs] [Times: user=4.03 sys=0.00, real=1.31 secs] 
[CMS-concurrent-preclean-start]
[CMS-concurrent-preclean: 0.005/0.005 secs] [Times: user=0.00 sys=0.00, real=0.00 secs] 
[CMS-concurrent-abortable-preclean-start]
[GC (Allocation Failure) [ParNew: 561031K->15970K(599040K), 0.0095126 secs] 1593243K->1048182K(1930044K), 0.0095665 secs] [Times: user=0.00 sys=0.00, real=0.01 secs] 
[CMS-concurrent-abortable-preclean: 0.249/0.857 secs] [Times: user=1.12 sys=0.00, real=0.86 secs] 
[GC (CMS Final Remark) [YG occupancy: 328019 K (599040 K)][Rescan (parallel) , 0.0849883 secs][weak refs processing, 0.0000218 secs][class unloading, 0.0060956 secs][scrub symbol table, 0.0027889 secs][scrub string table, 0.0004016 secs][1 CMS-remark: 1032211K(1331004K)] 1360231K(1930044K), 0.0958623 secs] [Times: user=0.39 sys=0.00, real=0.10 secs] 
[CMS-concurrent-sweep-start]
[GC (Allocation Failure) [ParNew: 548514K->18556K(599040K), 0.0104429 secs] 1570957K->1040999K(1930044K), 0.0104891 secs] [Times: user=0.05 sys=0.00, real=0.01 secs] 
[CMS-concurrent-sweep: 0.688/0.699 secs] [Times: user=1.39 sys=0.01, real=0.70 secs] 
[CMS-concurrent-reset-start]
[CMS-concurrent-reset: 0.003/0.003 secs] [Times: user=0.00 sys=0.00, real=0.00 secs] 
[GC (Allocation Failure) [ParNew: 551100K->24867K(599040K), 0.0135443 secs] 1278634K->752401K(1930044K), 0.0135892 secs] [Times: user=0.00 sys=0.00, real=0.01 secs] 
[GC (Allocation Failure) [ParNew: 557411K->33399K(599040K), 0.0141705 secs] 1284945K->760933K(1930044K), 0.0142257 secs] [Times: user=0.06 sys=0.00, real=0.01 secs] 
[GC (Allocation Failure) [ParNew: 565943K->38275K(599040K), 0.0186288 secs] 1293477K->765809K(1930044K), 0.0186744 secs] [Times: user=0.05 sys=0.00, real=0.02 secs] 
[GC (Allocation Failure) [ParNew: 570819K->42911K(599040K), 0.0250112 secs] 1298353K->775984K(1930044K), 0.0250664 secs] [Times: user=0.06 sys=0.00, real=0.03 secs] 
[GC (Allocation Failure) [ParNew: 575455K->56786K(599040K), 0.0230178 secs] 1308528K->795263K(1930044K), 0.0230672 secs] [Times: user=0.13 sys=0.00, real=0.02 secs] 
[GC (Allocation Failure) [ParNew: 589330K->66496K(599040K), 0.0968735 secs] 1327807K->881670K(1930044K), 0.0969761 secs] [Times: user=0.37 sys=0.00, real=0.10 secs] 
[GC (Allocation Failure) [ParNew: 599040K->55008K(599040K), 0.0387634 secs] 1414214K->936396K(1930044K), 0.0388680 secs] [Times: user=0.14 sys=0.00, real=0.04 secs] 
[GC (Allocation Failure) [ParNew: 587552K->14825K(599040K), 0.0087318 secs] 1468940K->896213K(1930044K), 0.0087800 secs] [Times: user=0.05 sys=0.00, real=0.01 secs] 
[GC (Allocation Failure) [ParNew: 547369K->22869K(599040K), 0.0110101 secs] 1428757K->904257K(1930044K), 0.0110569 secs] [Times: user=0.06 sys=0.00, real=0.01 secs] 
[GC (Allocation Failure) [ParNew: 555413K->27727K(599040K), 0.0125633 secs] 1436801K->909115K(1930044K), 0.0126134 secs] [Times: user=0.00 sys=0.00, real=0.01 secs] 
[GC (Allocation Failure) [ParNew: 560271K->30639K(599040K), 0.0155390 secs] 1441659K->912027K(1930044K), 0.0155807 secs] [Times: user=0.06 sys=0.00, real=0.01 secs] 
[GC (Allocation Failure) [ParNew: 563183K->38671K(599040K), 0.0190189 secs] 1444571K->920059K(1930044K), 0.0190638 secs] [Times: user=0.05 sys=0.00, real=0.02 secs] 
[GC (Allocation Failure) [ParNew: 571215K->54783K(599040K), 0.0215775 secs] 1452603K->941729K(1930044K), 0.0216243 secs] [Times: user=0.06 sys=0.00, real=0.02 secs] 
[GC (Allocation Failure) [ParNew: 587327K->40289K(599040K), 0.0226322 secs] 1474273K->932636K(1930044K), 0.0226804 secs] [Times: user=0.13 sys=0.00, real=0.02 secs] 
[GC (Allocation Failure) [ParNew: 572833K->66496K(599040K), 0.0934346 secs] 1465180K->1034666K(1930044K), 0.0934808 secs] [Times: user=0.39 sys=0.00, real=0.09 secs] 
[GC (Allocation Failure) [ParNew: 599040K->50183K(599040K), 0.0381904 secs] 1567210K->1084564K(1930044K), 0.0382366 secs] [Times: user=0.11 sys=0.00, real=0.04 secs] 
[GC (CMS Initial Mark) [1 CMS-initial-mark: 1034381K(1331004K)] 1095321K(1930044K), 0.0029955 secs] [Times: user=0.00 sys=0.00, real=0.00 secs] 
[CMS-concurrent-mark-start]
[CMS-concurrent-mark: 1.300/1.300 secs] [Times: user=4.01 sys=0.00, real=1.30 secs] 
[CMS-concurrent-preclean-start]
[CMS-concurrent-preclean: 0.005/0.005 secs] [Times: user=0.00 sys=0.00, real=0.01 secs] 
[CMS-concurrent-abortable-preclean-start]
[GC (Allocation Failure) [ParNew: 582727K->13783K(599040K), 0.0072665 secs] 1617108K->1048165K(1930044K), 0.0073120 secs] [Times: user=0.00 sys=0.00, real=0.01 secs] 
[CMS-concurrent-abortable-preclean: 0.262/0.872 secs] [Times: user=1.12 sys=0.00, real=0.87 secs] 
[GC (CMS Final Remark) [YG occupancy: 336467 K (599040 K)][Rescan (parallel) , 0.0753268 secs][weak refs processing, 0.0000160 secs][class unloading, 0.0050158 secs][scrub symbol table, 0.0010554 secs][scrub string table, 0.0003721 secs][1 CMS-remark: 1034381K(1331004K)] 1370849K(1930044K), 0.0824855 secs] [Times: user=0.39 sys=0.00, real=0.08 secs] 
[CMS-concurrent-sweep-start]
[GC (Allocation Failure) [ParNew: 546327K->22704K(599040K), 0.0123715 secs] 1557429K->1033806K(1930044K), 0.0124196 secs] [Times: user=0.00 sys=0.00, real=0.01 secs] 
[CMS-concurrent-sweep: 0.727/0.739 secs] [Times: user=1.53 sys=0.00, real=0.74 secs] 
[CMS-concurrent-reset-start]
[CMS-concurrent-reset: 0.003/0.003 secs] [Times: user=0.00 sys=0.00, real=0.00 secs] 
[GC (Allocation Failure) [ParNew: 555248K->27469K(599040K), 0.0135206 secs] 1285629K->757850K(1930044K), 0.0142674 secs] [Times: user=0.00 sys=0.00, real=0.01 secs] 
[GC (Allocation Failure) [ParNew: 560013K->30298K(599040K), 0.0158168 secs] 1290394K->760679K(1930044K), 0.0158630 secs] [Times: user=0.06 sys=0.00, real=0.02 secs] 
[GC (Allocation Failure) [ParNew: 562842K->38535K(599040K), 0.0180084 secs] 1293223K->768916K(1930044K), 0.0180546 secs] [Times: user=0.06 sys=0.00, real=0.02 secs] 
[GC (Allocation Failure) [ParNew: 571079K->50774K(599040K), 0.0204560 secs] 1301460K->786702K(1930044K), 0.0205054 secs] [Times: user=0.08 sys=0.00, real=0.02 secs] 
[GC (Allocation Failure) [ParNew: 583318K->52666K(599040K), 0.0218078 secs] 1319246K->793995K(1930044K), 0.0218566 secs] [Times: user=0.11 sys=0.00, real=0.02 secs] 
[GC (Allocation Failure) [ParNew: 585210K->66496K(599040K), 0.1014768 secs] 1326539K->883429K(1930044K), 0.1015364 secs] [Times: user=0.36 sys=0.00, real=0.10 secs] 
[GC (Allocation Failure) [ParNew: 599040K->21791K(599040K), 0.0461524 secs] 1415973K->905101K(1930044K), 0.0462948 secs] [Times: user=0.14 sys=0.00, real=0.05 secs] 
[GC (Allocation Failure) [ParNew: 554335K->15956K(599040K), 0.0092060 secs] 1437645K->899266K(1930044K), 0.0092534 secs] [Times: user=0.06 sys=0.00, real=0.01 secs] 
[GC (Allocation Failure) [ParNew: 548500K->18993K(599040K), 0.0111307 secs] 1431810K->902303K(1930044K), 0.0111769 secs] [Times: user=0.00 sys=0.00, real=0.01 secs] 
[Full GC (System.gc()) [CMS: 883309K->741178K(1331004K), 2.1970863 secs] 1311066K->741178K(1930044K), [Metaspace: 9967K->9967K(10240K)], 2.1973276 secs] [Times: user=2.20 sys=0.00, real=2.20 secs] 
[Full GC (System.gc()) [CMS: 741178K->741100K(1331004K), 1.7071411 secs] 741948K->741100K(1930044K), [Metaspace: 9967K->9967K(10240K)], 1.7074343 secs] [Times: user=1.72 sys=0.00, real=1.71 secs] 
[Full GC (System.gc()) [CMS: 741100K->741100K(1331004K), 1.6772103 secs] 741100K->741100K(1930044K), [Metaspace: 9967K->9967K(10240K)], 1.6774297 secs] [Times: user=1.67 sys=0.00, real=1.68 secs] 

*** PauseDetector detected a 2200 ms pause at Fri Dec 19 16:25:57 EET 2014 ***


*** PauseDetector detected a 3390 ms pause at Fri Dec 19 16:26:00 EET 2014 ***

[GC (Allocation Failure) [ParNew: 532544K->8361K(599040K), 0.0070843 secs] 1273644K->749462K(1930044K), 0.0071311 secs] [Times: user=0.06 sys=0.00, real=0.01 secs] 
[GC (Allocation Failure) [ParNew: 540905K->66496K(599040K), 0.0725468 secs] 1282006K->856660K(1930044K), 0.0726007 secs] [Times: user=0.31 sys=0.00, real=0.07 secs] 
[GC (Allocation Failure) [ParNew: 599040K->19251K(599040K), 0.0358064 secs] 1389204K->876021K(1930044K), 0.0358686 secs] [Times: user=0.08 sys=0.00, real=0.04 secs] 
[GC (Allocation Failure) [ParNew: 551795K->14261K(599040K), 0.0100214 secs] 1408565K->871030K(1930044K), 0.0100702 secs] [Times: user=0.06 sys=0.00, real=0.01 secs] 
[GC (Allocation Failure) [ParNew: 546805K->19546K(599040K), 0.0130490 secs] 1403574K->876316K(1930044K), 0.0131324 secs] [Times: user=0.00 sys=0.00, real=0.01 secs] 
[GC (Allocation Failure) [ParNew: 552090K->23205K(599040K), 0.0144970 secs] 1408860K->879975K(1930044K), 0.0145432 secs] [Times: user=0.06 sys=0.00, real=0.01 secs] 
[GC (Allocation Failure) [ParNew: 555749K->30550K(599040K), 0.0204072 secs] 1412519K->887319K(1930044K), 0.0204611 secs] [Times: user=0.06 sys=0.00, real=0.02 secs] 
[Full GC (System.gc()) [CMS: 856769K->750962K(1331004K), 1.8453898 secs] 1026016K->750962K(1930044K), [Metaspace: 9967K->9967K(10240K)], 1.8456234 secs] [Times: user=1.86 sys=0.00, real=1.85 secs] 
[Full GC (System.gc()) [CMS: 750962K->750884K(1331004K), 1.7321498 secs] 762137K->750884K(1930044K), [Metaspace: 9967K->9967K(10240K)], 1.7324866 secs] [Times: user=1.73 sys=0.00, real=1.73 secs] 
[Full GC (System.gc()) [CMS: 750884K->750947K(1331004K), 1.9984070 secs] 761552K->750947K(1930044K), [Metaspace: 9967K->9967K(10240K)]
*** PauseDetector detected a 1848 ms pause at Fri Dec 19 16:26:16 EET 2014 ***
, 1.9985924 secs] [Times: user=2.00 sys=0.00, real=2.00 secs] 
********************************
********** ROUND    4 **********
********************************


*** PauseDetector detected a 3737 ms pause at Fri Dec 19 16:26:16 EET 2014 ***

[GC (Allocation Failure) [ParNew: 532544K->12841K(599040K), 0.0077502 secs] 1283491K->763788K(1930044K), 0.0078009 secs] [Times: user=0.00 sys=0.00, real=0.01 secs] 
[GC (Allocation Failure) [ParNew: 545385K->66496K(599040K), 0.0694910 secs] 1296332K->866675K(1930044K), 0.0695411 secs] [Times: user=0.27 sys=0.00, real=0.07 secs] 
[GC (Allocation Failure) [ParNew: 599040K->51310K(599040K), 0.0425314 secs] 1399219K->917989K(1930044K), 0.0425840 secs] [Times: user=0.16 sys=0.00, real=0.04 secs] 
[GC (Allocation Failure) [ParNew: 583854K->15934K(599040K), 0.0078490 secs] 1450533K->882613K(1930044K), 0.0079010 secs] [Times: user=0.08 sys=0.00, real=0.01 secs] 
[GC (Allocation Failure) [ParNew: 548478K->20473K(599040K), 0.0106931 secs] 1415157K->887152K(1930044K), 0.0107348 secs] [Times: user=0.08 sys=0.00, real=0.01 secs] 
[GC (Allocation Failure) [ParNew: 553017K->26897K(599040K), 0.0155056 secs] 1419696K->893576K(1930044K), 0.0155569 secs] [Times: user=0.08 sys=0.00, real=0.02 secs] 
[GC (Allocation Failure) [ParNew: 559441K->30781K(599040K), 0.0172565 secs] 1426120K->897460K(1930044K), 0.0173046 secs] [Times: user=0.06 sys=0.00, real=0.02 secs] 
[GC (Allocation Failure) [ParNew: 563325K->41321K(599040K), 0.0179596 secs] 1430004K->908000K(1930044K), 0.0180078 secs] [Times: user=0.08 sys=0.00, real=0.02 secs] 
[GC (Allocation Failure) [ParNew: 573865K->50547K(599040K), 0.0200743 secs] 1440544K->922761K(1930044K), 0.0201371 secs] [Times: user=0.09 sys=0.00, real=0.02 secs] 
[GC (Allocation Failure) [ParNew: 583091K->40375K(599040K), 0.0229530 secs] 1455305K->917961K(1930044K), 0.0230037 secs] [Times: user=0.09 sys=0.00, real=0.02 secs] 
[GC (Allocation Failure) [ParNew: 572919K->66496K(599040K), 0.0882109 secs] 1450505K->1019233K(1930044K), 0.0882590 secs] [Times: user=0.30 sys=0.00, real=0.09 secs] 
[GC (Allocation Failure) [ParNew: 599040K->50824K(599040K), 0.0358359 secs] 1551777K->1069957K(1930044K), 0.0358962 secs] [Times: user=0.20 sys=0.00, real=0.04 secs] 
[GC (Allocation Failure) [ParNew: 583368K->17837K(599040K), 0.0090879 secs] 1602501K->1036969K(1930044K), 0.0091502 secs] [Times: user=0.00 sys=0.00, real=0.01 secs] 
[GC (Allocation Failure) [ParNew: 550381K->19983K(599040K), 0.0108054 secs] 1569513K->1039115K(1930044K), 0.0108567 secs] [Times: user=0.09 sys=0.00, real=0.01 secs] 
[GC (Allocation Failure) [ParNew: 552527K->27435K(599040K), 0.0125088 secs] 1571659K->1046568K(1930044K), 0.0125627 secs] [Times: user=0.09 sys=0.00, real=0.01 secs] 
[GC (Allocation Failure) [ParNew: 559979K->33037K(599040K), 0.0151643 secs] 1579112K->1052170K(1930044K), 0.0152317 secs] [Times: user=0.08 sys=0.00, real=0.01 secs] 
[GC (Allocation Failure) [ParNew: 565581K->41265K(599040K), 0.0182054 secs] 1584714K->1060398K(1930044K), 0.0182689 secs] [Times: user=0.09 sys=0.00, real=0.02 secs] 
[GC (Allocation Failure) [ParNew: 573809K->52796K(599040K), 0.0206113 secs] 1592942K->1077452K(1930044K), 0.0206639 secs] [Times: user=0.09 sys=0.00, real=0.02 secs] 
[GC (Allocation Failure) [ParNew: 585340K->56100K(599040K), 0.0211733 secs] 1609996K->1086126K(1930044K), 0.0212439 secs] [Times: user=0.08 sys=0.00, real=0.02 secs] 
[GC (Allocation Failure) [ParNew: 588644K->66496K(599040K), 0.0810278 secs] 1618670K->1171566K(1930044K), 0.0810907 secs] [Times: user=0.37 sys=0.00, real=0.08 secs] 
[GC (CMS Initial Mark) [1 CMS-initial-mark: 1105070K(1331004K)] 1182284K(1930044K), 0.0083623 secs] [Times: user=0.02 sys=0.00, real=0.01 secs] 
[CMS-concurrent-mark-start]
[GC (Allocation Failure) [ParNew: 599040K->53825K(599040K), 0.0333940 secs] 1704110K->1225120K(1930044K), 0.0334486 secs] [Times: user=0.22 sys=0.00, real=0.03 secs] 
[CMS-concurrent-mark: 1.550/1.583 secs] [Times: user=5.07 sys=0.00, real=1.58 secs] 
[CMS-concurrent-preclean-start]
[CMS-concurrent-preclean: 0.048/0.056 secs] [Times: user=0.14 sys=0.00, real=0.06 secs] 
[CMS-concurrent-abortable-preclean-start]
[GC (Allocation Failure) [ParNew: 586369K->14823K(599040K), 0.0079312 secs] 1757664K->1186118K(1930044K), 0.0080069 secs] [Times: user=0.00 sys=0.00, real=0.01 secs] 
[CMS-concurrent-abortable-preclean: 0.661/2.087 secs] [Times: user=2.93 sys=0.00, real=2.09 secs] 
[GC (CMS Final Remark) [YG occupancy: 357945 K (599040 K)][Rescan (parallel) , 0.0549362 secs][weak refs processing, 0.0000212 secs][class unloading, 0.0059705 secs][scrub symbol table, 0.0012639 secs][scrub string table, 0.0003875 secs][1 CMS-remark: 1171295K(1331004K)] 1529241K(1930044K), 0.0634974 secs] [Times: user=0.33 sys=0.00, real=0.06 secs] 
[CMS-concurrent-sweep-start]
[GC (Allocation Failure) [ParNew: 547367K->66496K(599040K), 0.0691439 secs] 1718662K->1285281K(1930044K), 0.0692556 secs] [Times: user=0.34 sys=0.01, real=0.07 secs] 
[CMS-concurrent-sweep: 0.661/0.731 secs] [Times: user=1.76 sys=0.01, real=0.73 secs] 
[CMS-concurrent-reset-start]
[CMS-concurrent-reset: 0.003/0.003 secs] [Times: user=0.03 sys=0.00, real=0.00 secs] 
[GC (Allocation Failure) [ParNew: 599040K->39434K(599040K), 0.0306205 secs] 1423399K->925827K(1972976K), 0.0306660 secs] [Times: user=0.08 sys=0.00, real=0.03 secs] 
[GC (Allocation Failure) [ParNew: 571978K->66496K(599040K), 0.0630015 secs] 1458371K->994767K(1972976K), 0.0630477 secs] [Times: user=0.22 sys=0.00, real=0.06 secs] 
[GC (Allocation Failure) [ParNew: 599040K->20029K(599040K), 0.0390989 secs] 1527311K->1010336K(1972976K), 0.0391477 secs] [Times: user=0.16 sys=0.00, real=0.04 secs] 
[GC (Allocation Failure) [ParNew: 552573K->66496K(599040K), 0.0649993 secs] 1542880K->1098137K(1972976K), 0.0650455 secs] [Times: user=0.22 sys=0.03, real=0.06 secs] 
[GC (Allocation Failure) [ParNew (0: promotion failure size = 101)  (1: promotion failure size = 101)  (2: promotion failure size = 101)  (3: promotion failure size = 1237)  (4: promotion failure size = 101)  (5: promotion failure size = 101)  (6: promotion failure size = 101)  (7: promotion failure size = 101)  (promotion failed): 599040K->552626K(599040K), 1.3252392 secs][CMS: 1067595K->744097K(1397184K), 1.9673014 secs] 1630681K->744097K(1996224K), [Metaspace: 9967K->9967K(10240K)], 3.2926683 secs] [Times: user=3.31 sys=0.28, real=3.29 secs] 

*** PauseDetector detected a 3298 ms pause at Fri Dec 19 16:26:58 EET 2014 ***

[GC (Allocation Failure) [ParNew: 545344K->68096K(613440K), 0.0599097 secs] 1289441K->852364K(2010624K), 0.0599585 secs] [Times: user=0.19 sys=0.00, real=0.06 secs] 
[GC (Allocation Failure) [ParNew: 613440K->27377K(613440K), 0.0394165 secs] 1397708K->875539K(2010624K), 0.0394633 secs] [Times: user=0.11 sys=0.00, real=0.04 secs] 
[GC (Allocation Failure) [ParNew: 572721K->68096K(613440K), 0.0537936 secs] 1420883K->956041K(2010624K), 0.0538404 secs] [Times: user=0.22 sys=0.00, real=0.05 secs] 
[GC (Allocation Failure) [ParNew: 613440K->34277K(613440K), 0.0318202 secs] 1501385K->985725K(2010624K), 0.0318677 secs] [Times: user=0.09 sys=0.00, real=0.03 secs] 
[GC (Allocation Failure) [ParNew: 579621K->68096K(613440K), 0.0523256 secs] 1531069K->1059200K(2010624K), 0.0523821 secs] [Times: user=0.22 sys=0.00, real=0.05 secs] 
[GC (Allocation Failure) [ParNew: 613440K->27378K(613440K), 0.0299186 secs] 1604544K->1082111K(2010624K), 0.0299764 secs] [Times: user=0.09 sys=0.00, real=0.03 secs] 
[GC (Allocation Failure) [ParNew: 572722K->68096K(613440K), 0.1763237 secs] 1627455K->1190359K(2010624K), 0.1763686 secs] [Times: user=0.75 sys=0.00, real=0.18 secs] 
[GC (CMS Initial Mark) [1 CMS-initial-mark: 1122263K(1397184K)] 1201285K(2010624K), 0.0158258 secs] [Times: user=0.08 sys=0.00, real=0.02 secs] 
[CMS-concurrent-mark-start]
[CMS-concurrent-mark: 1.298/1.298 secs] [Times: user=4.01 sys=0.00, real=1.30 secs] 
[CMS-concurrent-preclean-start]
[CMS-concurrent-preclean: 0.006/0.006 secs] [Times: user=0.00 sys=0.00, real=0.01 secs] 
[CMS-concurrent-abortable-preclean-start]
[GC (Allocation Failure) [ParNew: 613440K->27426K(613440K), 0.0823078 secs] 1735703K->1214058K(2010624K), 0.0823957 secs] [Times: user=0.44 sys=0.00, real=0.08 secs] 
[CMS-concurrent-abortable-preclean: 0.864/1.655 secs] [Times: user=3.73 sys=0.00, real=1.66 secs] 
[GC (CMS Final Remark) [YG occupancy: 346996 K (613440 K)][Rescan (parallel) , 0.0780201 secs][weak refs processing, 0.0000154 secs][class unloading, 0.0046758 secs][scrub symbol table, 0.0010560 secs][scrub string table, 0.0003702 secs][1 CMS-remark: 1186631K(1397184K)] 1533628K(2010624K), 0.0848568 secs] [Times: user=0.34 sys=0.00, real=0.09 secs] 
[CMS-concurrent-sweep-start]
[GC (Allocation Failure) [ParNew: 572770K->68096K(613440K), 0.2018539 secs] 1562111K->1114219K(2010624K), 0.2019104 secs] [Times: user=1.05 sys=0.00, real=0.20 secs] 
[CMS-concurrent-sweep: 0.643/0.845 secs] [Times: user=2.32 sys=0.00, real=0.85 secs] 
[CMS-concurrent-reset-start]
[CMS-concurrent-reset: 0.003/0.003 secs] [Times: user=0.00 sys=0.00, real=0.00 secs] 
[GC (Allocation Failure) [ParNew: 613440K->20563K(613440K), 0.0702397 secs] 1444856K->915784K(2010624K), 0.0702943 secs] [Times: user=0.30 sys=0.00, real=0.07 secs] 
[GC (Allocation Failure) [ParNew: 565907K->68096K(613440K), 0.1681840 secs] 1461128K->1017545K(2010624K), 0.1682360 secs] [Times: user=0.73 sys=0.00, real=0.17 secs] 
[GC (Allocation Failure) [ParNew: 613440K->27429K(613440K), 0.0655011 secs] 1562889K->1040624K(2010624K), 0.0655472 secs] [Times: user=0.23 sys=0.00, real=0.07 secs] 
[GC (Allocation Failure) [ParNew: 572773K->68096K(613440K), 0.1462812 secs] 1585968K->1131452K(2010624K), 0.1463268 secs] [Times: user=0.81 sys=0.00, real=0.15 secs] 
[GC (Allocation Failure) [ParNew (0: promotion failure size = 6249)  (1: promotion failure size = 6249)  (2: promotion failure size = 6249)  (3: promotion failure size = 6249)  (4: promotion failure size = 6249)  (5: promotion failure size = 6249)  (6: promotion failure size = 6249)  (7: promotion failure size = 6249)  (promotion failed): 613440K->579630K(613440K), 0.2038986 secs][CMS: 1126263K->762279K(1397184K), 2.2270236 secs] 1676796K->762279K(2010624K), [Metaspace: 9967K->9967K(10240K)], 2.4309889 secs] [Times: user=2.56 sys=0.00, real=2.43 secs] 

*** PauseDetector detected a 2436 ms pause at Fri Dec 19 16:27:23 EET 2014 ***

[GC (Allocation Failure) [ParNew: 545344K->68096K(613440K), 0.1362483 secs] 1307623K->881017K(2010624K), 0.1363079 secs] [Times: user=0.51 sys=0.00, real=0.14 secs] 
[GC (Allocation Failure) [ParNew: 613440K->41053K(613440K), 0.0641300 secs] 1426361K->918513K(2010624K), 0.0641794 secs] [Times: user=0.26 sys=0.00, real=0.06 secs] 
[GC (Allocation Failure) [ParNew: 586397K->68096K(613440K), 0.1174726 secs] 1463857K->992140K(2010624K), 0.1175194 secs] [Times: user=0.41 sys=0.00, real=0.12 secs] 
[GC (Allocation Failure) [ParNew: 613440K->34223K(613440K), 0.0608625 secs] 1537484K->1022348K(2010624K), 0.0609099 secs] [Times: user=0.20 sys=0.00, real=0.06 secs] 
[GC (Allocation Failure) [ParNew: 579567K->68096K(613440K), 0.1099058 secs] 1567692K->1104806K(2010624K), 0.1099629 secs] [Times: user=0.41 sys=0.00, real=0.11 secs] 
[GC (Allocation Failure) [ParNew: 613440K->26333K(613440K), 0.0466618 secs] 1650150K->1123914K(2010624K), 0.0467144 secs] [Times: user=0.17 sys=0.00, real=0.05 secs] 
[GC (Allocation Failure) [ParNew: 571677K->68096K(613440K), 0.1095286 secs] 1669258K->1210865K(2010624K), 0.1095754 secs] [Times: user=0.44 sys=0.00, real=0.11 secs] 
[GC (CMS Initial Mark) [1 CMS-initial-mark: 1142769K(1397184K)] 1210865K(2010624K), 0.0112552 secs] [Times: user=0.00 sys=0.00, real=0.01 secs] 
[CMS-concurrent-mark-start]
[CMS-concurrent-mark: 1.297/1.297 secs] [Times: user=3.96 sys=0.00, real=1.30 secs] 
[CMS-concurrent-preclean-start]
[CMS-concurrent-preclean: 0.006/0.006 secs] [Times: user=0.00 sys=0.00, real=0.01 secs] 
[CMS-concurrent-abortable-preclean-start]
[GC (Allocation Failure) [ParNew: 613440K->34199K(613440K), 0.0491396 secs] 1756209K->1240644K(2010624K), 0.0491845 secs] [Times: user=0.17 sys=0.00, real=0.05 secs] 
[CMS-concurrent-abortable-preclean: 0.465/1.122 secs] [Times: user=2.04 sys=0.00, real=1.12 secs] 
[GC (CMS Final Remark) [YG occupancy: 341911 K (613440 K)][Rescan (parallel) , 0.0647972 secs][weak refs processing, 0.0000205 secs][class unloading, 0.0065813 secs][scrub symbol table, 0.0016136 secs][scrub string table, 0.0004003 secs][1 CMS-remark: 1206444K(1397184K)] 1548356K(2010624K), 0.0744190 secs] [Times: user=0.27 sys=0.00, real=0.07 secs] 
[CMS-concurrent-sweep-start]
[GC (Allocation Failure) [ParNew: 579543K->68096K(613440K), 0.0921662 secs] 1659472K->1193739K(2010624K), 0.0922156 secs] [Times: user=0.47 sys=0.02, real=0.09 secs] 
[CMS-concurrent-sweep: 0.754/0.847 secs] [Times: user=1.98 sys=0.02, real=0.85 secs] 
[CMS-concurrent-reset-start]
[CMS-concurrent-reset: 0.003/0.003 secs] [Times: user=0.00 sys=0.00, real=0.00 secs] 
[GC (Allocation Failure) [ParNew: 613440K->40521K(613440K), 0.0422292 secs] 1414184K->903837K(2010624K), 0.0422773 secs] [Times: user=0.16 sys=0.00, real=0.04 secs] 
[GC (Allocation Failure) [ParNew: 585865K->68096K(613440K), 0.0890488 secs] 1449181K->974715K(2010624K), 0.0890995 secs] [Times: user=0.31 sys=0.00, real=0.09 secs] 
[GC (Allocation Failure) [ParNew: 613440K->20515K(613440K), 0.0417044 secs] 1520059K->990640K(2010624K), 0.0417499 secs] [Times: user=0.14 sys=0.00, real=0.04 secs] 
[GC (Allocation Failure) [ParNew (0: promotion failure size = 2779)  (1: promotion failure size = 2779)  (2: promotion failure size = 2779)  (3: promotion failure size = 2779)  (4: promotion failure size = 2779)  (5: promotion failure size = 2779)  (6: promotion failure size = 49)  (7: promotion failure size = 49)  (promotion failed): 565859K->613440K(613440K), 1.4622182 secs][CMS: 996257K->753900K(1397184K), 2.5086889 secs] 1535984K->753900K(2010624K), [Metaspace: 9967K->9967K(10240K)], 3.9709847 secs] [Times: user=4.21 sys=0.23, real=3.97 secs] 

*** PauseDetector detected a 3977 ms pause at Fri Dec 19 16:27:48 EET 2014 ***

[GC (Allocation Failure) [ParNew: 545344K->27417K(613440K), 0.0073576 secs] 1299244K->781317K(2010624K), 0.0074064 secs] [Times: user=0.05 sys=0.00, real=0.01 secs] 
[GC (Allocation Failure) [ParNew: 572761K->68096K(613440K), 0.0726155 secs] 1326661K->865883K(2010624K), 0.0726610 secs] [Times: user=0.33 sys=0.00, real=0.07 secs] 
[GC (Allocation Failure) [ParNew: 613440K->34076K(613440K), 0.0391400 secs] 1411227K->895501K(2010624K), 0.0391932 secs] [Times: user=0.11 sys=0.00, real=0.04 secs] 
[GC (Allocation Failure) [ParNew: 579420K->68096K(613440K), 0.0689938 secs] 1440845K->973227K(2010624K), 0.0690419 secs] [Times: user=0.34 sys=0.00, real=0.07 secs] 
[Full GC (System.gc()) [CMS: 905131K->751569K(1397184K), 1.8887501 secs] 1236759K->751569K(2010624K), [Metaspace: 9967K->9967K(10240K)], 1.8890651 secs] [Times: user=1.89 sys=0.00, real=1.89 secs] 
[Full GC (System.gc()) [CMS: 751569K->751569K(1397184K), 1.7205886 secs] 762494K->751569K(2010624K), [Metaspace: 9967K->9967K(10240K)], 1.7208882 secs] [Times: user=1.70 sys=0.00, real=1.72 secs] 
[Full GC (System.gc()) [CMS: 751569K->751490K(1397184K), 1.9625743 secs] 751569K->751490K(2010624K), [Metaspace: 9967K->9967K(10240K)]
*** PauseDetector detected a 1892 ms pause at Fri Dec 19 16:28:00 EET 2014 ***

, 1.9628277 secs] [Times: user=1.95 sys=0.00, real=1.96 secs] 

*** PauseDetector detected a 3690 ms pause at Fri Dec 19 16:28:00 EET 2014 ***

[GC (Allocation Failure) [ParNew: 545344K->68096K(613440K), 0.0755154 secs] 1296834K->873451K(2010624K), 0.0755680 secs] [Times: user=0.31 sys=0.00, real=0.08 secs] 
[GC (Allocation Failure) [ParNew: 613440K->21180K(613440K), 0.0325292 secs] 1418795K->879990K(2010624K), 0.0325811 secs] [Times: user=0.12 sys=0.00, real=0.03 secs] 
[GC (Allocation Failure) [ParNew: 566524K->68096K(613440K), 0.0806108 secs] 1425334K->969700K(2010624K), 0.0806666 secs] [Times: user=0.28 sys=0.00, real=0.08 secs] 
[GC (Allocation Failure) [ParNew: 613440K->34001K(613440K), 0.0484833 secs] 1515044K->1000918K(2010624K), 0.0485294 secs] [Times: user=0.17 sys=0.00, real=0.05 secs] 
[GC (Allocation Failure) [ParNew: 579345K->68096K(613440K), 0.0664641 secs] 1546262K->1077419K(2010624K), 0.0665135 secs] [Times: user=0.23 sys=0.00, real=0.07 secs] 
[GC (Allocation Failure) [ParNew: 613440K->26916K(613440K), 0.0378594 secs] 1622763K->1098709K(2010624K), 0.0379017 secs] [Times: user=0.08 sys=0.00, real=0.04 secs] 
[Full GC (System.gc()) [CMS: 1071792K->750034K(1397184K), 2.2019726 secs] 1448326K->750034K(2010624K), [Metaspace: 9967K->9967K(10240K)], 2.2022356 secs] [Times: user=2.20 sys=0.00, real=2.20 secs] 
[Full GC (System.gc()) [CMS: 750034K->749956K(1397184K), 1.9674150 secs] 761016K->749956K(2010624K), [Metaspace: 9967K->9967K(10240K)], 1.9677223 secs] [Times: user=1.95 sys=0.00, real=1.97 secs] 

*** PauseDetector detected a 2206 ms pause at Fri Dec 19 16:28:12 EET 2014 ***

[Full GC (System.gc()) [CMS: 749956K->747575K(1397184K), 1.8669724 secs] 760938K->747575K(2010624K), [Metaspace: 9967K->9967K(10240K)]
*** PauseDetector detected a 3838 ms pause at Fri Dec 19 16:28:16 EET 2014 ***

, 1.8672092 secs] [Times: user=1.87 sys=0.00, real=1.87 secs] 
********************************
********** ROUND    5 **********
********************************
[GC (Allocation Failure) [ParNew: 545344K->68096K(613440K), 0.0593849 secs] 1292919K->857414K(2010624K), 0.0594362 secs] [Times: user=0.26 sys=0.00, real=0.06 secs] 
[GC (Allocation Failure) [ParNew: 613440K->47766K(613440K), 0.0316130 secs] 1402758K->900648K(2010624K), 0.0316611 secs] [Times: user=0.20 sys=0.00, real=0.03 secs] 
[GC (Allocation Failure) [ParNew: 593110K->68096K(613440K), 0.0589287 secs] 1445992K->962691K(2010624K), 0.0589852 secs] [Times: user=0.25 sys=0.00, real=0.06 secs] 
[GC (Allocation Failure) [ParNew: 613440K->27035K(613440K), 0.0347125 secs] 1508035K->984403K(2010624K), 0.0347696 secs] [Times: user=0.14 sys=0.00, real=0.03 secs] 
[GC (Allocation Failure) [ParNew: 572379K->68096K(613440K), 0.0600906 secs] 1529747K->1069204K(2010624K), 0.0601400 secs] [Times: user=0.23 sys=0.00, real=0.06 secs] 
[GC (Allocation Failure) [ParNew: 613440K->32815K(613440K), 0.0314552 secs] 1614548K->1094419K(2010624K), 0.0315039 secs] [Times: user=0.08 sys=0.00, real=0.03 secs] 
[GC (Allocation Failure) [ParNew: 578159K->68096K(613440K), 0.0600765 secs] 1639763K->1170587K(2010624K), 0.0601317 secs] [Times: user=0.22 sys=0.00, real=0.06 secs] 
[GC (Allocation Failure) [ParNew: 613440K->33989K(613440K), 0.0357191 secs] 1715931K->1199676K(2010624K), 0.0357634 secs] [Times: user=0.13 sys=0.00, real=0.04 secs] 
[GC (CMS Initial Mark) [1 CMS-initial-mark: 1165686K(1397184K)] 1210653K(2010624K), 0.0050524 secs] [Times: user=0.05 sys=0.00, real=0.01 secs] 
[CMS-concurrent-mark-start]
[CMS-concurrent-mark: 1.415/1.415 secs] [Times: user=4.46 sys=0.02, real=1.42 secs] 
[CMS-concurrent-preclean-start]
[CMS-concurrent-preclean: 0.083/0.088 secs] [Times: user=0.17 sys=0.00, real=0.09 secs] 
[CMS-concurrent-abortable-preclean-start]
[GC (Allocation Failure) [ParNew: 579333K->68096K(613440K), 0.0608394 secs] 1745020K->1274865K(2010624K), 0.0608977 secs] [Times: user=0.39 sys=0.00, real=0.06 secs] 
[CMS-concurrent-abortable-preclean: 0.530/0.901 secs] [Times: user=1.78 sys=0.00, real=0.90 secs] 
[GC (CMS Final Remark) [YG occupancy: 397244 K (613440 K)][Rescan (parallel) , 0.0848369 secs][weak refs processing, 0.0000160 secs][class unloading, 0.0050550 secs][scrub symbol table, 0.0011510 secs][scrub string table, 0.0003805 secs][1 CMS-remark: 1206769K(1397184K)] 1604014K(2010624K), 0.0921816 secs] [Times: user=0.39 sys=0.00, real=0.09 secs] 
[CMS-concurrent-sweep-start]
[GC (Allocation Failure) [ParNew: 613440K->47501K(613440K), 0.0326447 secs] 1810312K->1307299K(2010624K), 0.0327088 secs] [Times: user=0.19 sys=0.00, real=0.03 secs] 
[CMS-concurrent-sweep: 0.688/0.721 secs] [Times: user=1.65 sys=0.00, real=0.72 secs] 
[CMS-concurrent-reset-start]
[CMS-concurrent-reset: 0.004/0.004 secs] [Times: user=0.00 sys=0.00, real=0.00 secs] 
[GC (Allocation Failure) [ParNew: 592845K->68096K(613440K), 0.0573011 secs] 1340940K->856634K(2010624K), 0.0573492 secs] [Times: user=0.26 sys=0.00, real=0.06 secs] 
[GC (Allocation Failure) [ParNew: 613440K->41043K(613440K), 0.0329642 secs] 1401978K->893124K(2010624K), 0.0330110 secs] [Times: user=0.08 sys=0.00, real=0.03 secs] 
[GC (Allocation Failure) [ParNew: 586387K->68096K(613440K), 0.0617889 secs] 1438468K->960066K(2010624K), 0.0618402 secs] [Times: user=0.23 sys=0.00, real=0.06 secs] 
[GC (Allocation Failure) [ParNew: 613440K->41064K(613440K), 0.0651366 secs] 1505410K->996456K(2010624K), 0.0652521 secs] [Times: user=0.17 sys=0.02, real=0.07 secs] 
[GC (Allocation Failure) [ParNew (0: promotion failure size = 105)  (1: promotion failure size = 105)  (2: promotion failure size = 105)  (3: promotion failure size = 105)  (4: promotion failure size = 105)  (5: promotion failure size = 105)  (6: promotion failure size = 105)  (7: promotion failure size = 105)  (promotion failed): 586408K->613440K(613440K), 0.2851959 secs][CMS: 993147K->750813K(1397184K), 2.1367872 secs] 1541800K->750813K(2010624K), [Metaspace: 9967K->9967K(10240K)], 2.4220428 secs]
*** PauseDetector detected a 2423 ms pause at Fri Dec 19 16:28:41 EET 2014 ***

 [Times: user=2.54 sys=0.05, real=2.42 secs] 
[GC (Allocation Failure) [ParNew: 545344K->27378K(613440K), 0.0075911 secs] 1296157K->778192K(2010624K), 0.0076392 secs] [Times: user=0.00 sys=0.00, real=0.01 secs] 
[GC (Allocation Failure) [ParNew: 572722K->68096K(613440K), 0.0529364 secs] 1323536K->860382K(2010624K), 0.0529845 secs] [Times: user=0.25 sys=0.00, real=0.05 secs] 
[GC (Allocation Failure) [ParNew: 613440K->26928K(613440K), 0.0394261 secs] 1405726K->881689K(2010624K), 0.0394736 secs] [Times: user=0.11 sys=0.00, real=0.04 secs] 
[GC (Allocation Failure) [ParNew: 572272K->68096K(613440K), 0.0557324 secs] 1427033K->962654K(2010624K), 0.0557799 secs] [Times: user=0.16 sys=0.00, real=0.06 secs] 
[GC (Allocation Failure) [ParNew: 613440K->27391K(613440K), 0.0319396 secs] 1507998K->985371K(2010624K), 0.0319851 secs] [Times: user=0.06 sys=0.00, real=0.03 secs] 
[GC (Allocation Failure) [ParNew: 572735K->68096K(613440K), 0.1836242 secs] 1530715K->1093938K(2010624K), 0.1836748 secs] [Times: user=0.87 sys=0.00, real=0.18 secs] 
[GC (Allocation Failure) [ParNew: 613440K->47953K(613440K), 0.0892477 secs] 1639282K->1138425K(2010624K), 0.0893170 secs] [Times: user=0.45 sys=0.00, real=0.09 secs] 
[GC (Allocation Failure) [ParNew: 593297K->68096K(613440K), 0.1957474 secs] 1683769K->1215466K(2010624K), 0.1958045 secs] [Times: user=0.98 sys=0.00, real=0.20 secs] 
[GC (CMS Initial Mark) [1 CMS-initial-mark: 1147370K(1397184K)] 1226446K(2010624K), 0.0121701 secs] [Times: user=0.00 sys=0.00, real=0.01 secs] 
[CMS-concurrent-mark-start]
[GC (Allocation Failure) [ParNew: 613440K->41057K(613440K), 0.0730575 secs] 1760810K->1252204K(2010624K), 0.0731057 secs] [Times: user=0.42 sys=0.00, real=0.07 secs] 
[CMS-concurrent-mark: 1.495/1.569 secs] [Times: user=5.04 sys=0.00, real=1.57 secs] 
[CMS-concurrent-preclean-start]
[CMS-concurrent-preclean: 0.160/0.162 secs] [Times: user=0.45 sys=0.00, real=0.16 secs] 
[CMS-concurrent-abortable-preclean-start]
[CMS-concurrent-abortable-preclean: 0.489/1.098 secs] [Times: user=2.14 sys=0.00, real=1.10 secs] 
[GC (CMS Final Remark) [YG occupancy: 393022 K (613440 K)][Rescan (parallel) , 0.0902447 secs][weak refs processing, 0.0000218 secs][class unloading, 0.0050659 secs][scrub symbol table, 0.0012536 secs][scrub string table, 0.0005255 secs][1 CMS-remark: 1211146K(1397184K)] 1604169K(2010624K), 0.0979404 secs] [Times: user=0.44 sys=0.00, real=0.10 secs] 
[CMS-concurrent-sweep-start]
[GC (Allocation Failure) [ParNew: 586401K->68096K(613440K), 0.1598987 secs] 1790578K->1326746K(2010624K), 0.1599462 secs] [Times: user=0.94 sys=0.00, real=0.16 secs] 
[CMS-concurrent-sweep: 0.797/0.957 secs] [Times: user=2.57 sys=0.00, real=0.96 secs] 
[CMS-concurrent-reset-start]
[CMS-concurrent-reset: 0.003/0.003 secs] [Times: user=0.03 sys=0.00, real=0.00 secs] 
[GC (Allocation Failure) [ParNew: 613440K->20475K(613440K), 0.0638163 secs] 1435742K->906241K(2010624K), 0.0638650 secs] [Times: user=0.28 sys=0.00, real=0.06 secs] 
[GC (Allocation Failure) [ParNew: 565819K->68096K(613440K), 0.1391148 secs] 1451585K->1004075K(2010624K), 0.1391629 secs] [Times: user=0.86 sys=0.00, real=0.14 secs] 
[GC (Allocation Failure) [ParNew: 613440K->13711K(613440K), 0.0861450 secs] 1549419K->1013277K(2010624K), 0.0861996 secs] [Times: user=0.25 sys=0.01, real=0.09 secs] 
[GC (Allocation Failure) [ParNew: 559055K->68096K(613440K), 0.1235694 secs] 1558621K->1116644K(2010624K), 0.1236195 secs] [Times: user=0.73 sys=0.00, real=0.12 secs] 
[GC (Allocation Failure) [ParNew (0: promotion failure size = 6249)  (1: promotion failure size = 6249)  (2: promotion failure size = 6249)  (3: promotion failure size = 6249)  (4: promotion failure size = 6249)  (5: promotion failure size = 6249)  (6: promotion failure size = 6249)  (7: promotion failure size = 6249)  (promotion failed): 613440K->565983K(613440K), 0.2283991 secs][CMS: 1110518K->761151K(1397184K), 2.3561568 secs] 1661988K->761151K(2010624K), [Metaspace: 9967K->9967K(10240K)]
*** PauseDetector detected a 2587 ms pause at Fri Dec 19 16:29:08 EET 2014 ***

, 2.5846303 secs] [Times: user=2.76 sys=0.00, real=2.59 secs] 
[GC (Allocation Failure) [ParNew: 545344K->68096K(613440K), 0.1182065 secs] 1306495K->877124K(2010624K), 0.1182553 secs] [Times: user=0.50 sys=0.00, real=0.12 secs] 
[GC (Allocation Failure) [ParNew: 613440K->27436K(613440K), 0.0618903 secs] 1422468K->905701K(2010624K), 0.0619390 secs] [Times: user=0.23 sys=0.00, real=0.06 secs] 
[GC (Allocation Failure) [ParNew: 572780K->15169K(613440K), 0.0122894 secs] 1451045K->893434K(2010624K), 0.0123362 secs] [Times: user=0.00 sys=0.00, real=0.01 secs] 
[GC (Allocation Failure) [ParNew: 560513K->68096K(613440K), 0.1137899 secs] 1438778K->998280K(2010624K), 0.1138374 secs] [Times: user=0.45 sys=0.00, real=0.11 secs] 
[GC (Allocation Failure) [ParNew: 613440K->27087K(613440K), 0.0494167 secs] 1543624K->1021005K(2010624K), 0.0494694 secs] [Times: user=0.20 sys=0.00, real=0.05 secs] 
[GC (Allocation Failure) [ParNew: 572431K->68096K(613440K), 0.0937689 secs] 1566349K->1107281K(2010624K), 0.0938157 secs] [Times: user=0.51 sys=0.00, real=0.09 secs] 
[GC (Allocation Failure) [ParNew: 613440K->34252K(613440K), 0.0522031 secs] 1652625K->1137071K(2010624K), 0.0522499 secs] [Times: user=0.13 sys=0.00, real=0.05 secs] 
[GC (Allocation Failure) [ParNew: 579596K->68096K(613440K), 0.1006671 secs] 1682415K->1217472K(2010624K), 0.1007229 secs] [Times: user=0.39 sys=0.00, real=0.10 secs] 
[GC (CMS Initial Mark) [1 CMS-initial-mark: 1149376K(1397184K)] 1228391K(2010624K), 0.0109806 secs] [Times: user=0.08 sys=0.00, real=0.01 secs] 
[CMS-concurrent-mark-start]
[CMS-concurrent-mark: 1.263/1.263 secs] [Times: user=3.87 sys=0.00, real=1.26 secs] 
[CMS-concurrent-preclean-start]
[CMS-concurrent-preclean: 0.006/0.006 secs] [Times: user=0.00 sys=0.00, real=0.01 secs] 
[CMS-concurrent-abortable-preclean-start]
[GC (Allocation Failure) [ParNew: 613440K->26704K(613440K), 0.0445876 secs] 1762816K->1240033K(2010624K), 0.0446370 secs] [Times: user=0.20 sys=0.00, real=0.05 secs] 
[CMS-concurrent-abortable-preclean: 0.513/1.266 secs] [Times: user=2.26 sys=0.00, real=1.27 secs] 
[GC (CMS Final Remark) [YG occupancy: 378049 K (613440 K)][Rescan (parallel) , 0.0751882 secs][weak refs processing, 0.0000154 secs][class unloading, 0.0050575 secs][scrub symbol table, 0.0011959 secs][scrub string table, 0.0007288 secs][1 CMS-remark: 1213328K(1397184K)] 1591377K(2010624K), 0.0830943 secs] [Times: user=0.28 sys=0.00, real=0.08 secs] 
[CMS-concurrent-sweep-start]
[GC (Allocation Failure) [ParNew: 572048K->68096K(613440K), 0.0813922 secs] 1785377K->1324785K(2010624K), 0.0814397 secs] [Times: user=0.58 sys=0.00, real=0.08 secs] 
[CMS-concurrent-sweep: 0.773/0.855 secs] [Times: user=2.17 sys=0.00, real=0.86 secs] 
[CMS-concurrent-reset-start]
[CMS-concurrent-reset: 0.003/0.003 secs] [Times: user=0.00 sys=0.00, real=0.00 secs] 
[GC (Allocation Failure) [ParNew: 613440K->13690K(613440K), 0.0525945 secs] 1413370K->877070K(2010624K), 0.0526394 secs] [Times: user=0.20 sys=0.00, real=0.05 secs] 
[GC (Allocation Failure) [ParNew: 559034K->68096K(613440K), 0.0825490 secs] 1422414K->976126K(2010624K), 0.0825978 secs] [Times: user=0.39 sys=0.00, real=0.08 secs] 
[GC (Allocation Failure) [ParNew: 613440K->33641K(613440K), 0.0401781 secs] 1521470K->1003510K(2010624K), 0.0402249 secs] [Times: user=0.11 sys=0.00, real=0.04 secs] 
[GC (Allocation Failure) [ParNew (0: promotion failure size = 2779)  (1: promotion failure size = 2779)  (2: promotion failure size = 2779)  (3: promotion failure size = 2779)  (4: promotion failure size = 2779)  (5: promotion failure size = 2779)  (6: promotion failure size = 2779)  (7: promotion failure size = 2779)  (promotion failed): 578985K->613440K(613440K), 1.1758175 secs][CMS: 999153K->753688K(1397184K), 2.1458187 secs] 1548854K->753688K(2010624K), [Metaspace: 9967K->9967K(10240K)], 3.3217061 secs] [Times: user=3.59 sys=0.09, real=3.32 secs] 

*** PauseDetector detected a 3328 ms pause at Fri Dec 19 16:29:33 EET 2014 ***

[GC (Allocation Failure) [ParNew: 545344K->27350K(613440K), 0.0082750 secs] 1299032K->781038K(2010624K), 0.0083347 secs] [Times: user=0.00 sys=0.00, real=0.01 secs] 
[GC (Allocation Failure) [ParNew: 572694K->68096K(613440K), 0.0695789 secs] 1326382K->866654K(2010624K), 0.0696283 secs] [Times: user=0.31 sys=0.00, real=0.07 secs] 
[GC (Allocation Failure) [ParNew: 613440K->20109K(613440K), 0.0386569 secs] 1411998K->881190K(2010624K), 0.0387063 secs] [Times: user=0.13 sys=0.00, real=0.04 secs] 
[GC (Allocation Failure) [ParNew: 565453K->68096K(613440K), 0.0705066 secs] 1426534K->972026K(2010624K), 0.0705554 secs] [Times: user=0.23 sys=0.00, real=0.07 secs] 
[GC (Allocation Failure) [ParNew: 613440K->33966K(613440K), 0.0350782 secs] 1517370K->1000901K(2010624K), 0.0351282 secs] [Times: user=0.09 sys=0.00, real=0.04 secs] 
[GC (Allocation Failure) [ParNew: 579310K->68096K(613440K), 0.0705124 secs] 1546245K->1078593K(2010624K), 0.0705580 secs] [Times: user=0.25 sys=0.00, real=0.07 secs] 
[GC (Allocation Failure) [ParNew: 613440K->40294K(613440K), 0.0326928 secs] 1623937K->1112999K(2010624K), 0.0327409 secs] [Times: user=0.11 sys=0.00, real=0.03 secs] 
[GC (Allocation Failure) [ParNew: 585638K->68096K(613440K), 0.0688777 secs] 1658343K->1183837K(2010624K), 0.0689219 secs] [Times: user=0.28 sys=0.00, real=0.07 secs] 
[GC (Allocation Failure) [ParNew: 613440K->26679K(613440K), 0.0575044 secs] 1729181K->1204079K(2010624K), 0.0575506 secs] [Times: user=0.20 sys=0.00, real=0.06 secs] 
[GC (CMS Initial Mark) [1 CMS-initial-mark: 1177400K(1397184K)] 1204133K(2010624K), 0.0060334 secs] [Times: user=0.00 sys=0.00, real=0.01 secs] 
[CMS-concurrent-mark-start]
[CMS-concurrent-mark: 1.242/1.242 secs] [Times: user=4.09 sys=0.00, real=1.24 secs] 
[CMS-concurrent-preclean-start]
[CMS-concurrent-preclean: 0.085/0.091 secs] [Times: user=0.16 sys=0.00, real=0.09 secs] 
[CMS-concurrent-abortable-preclean-start]
[GC (Allocation Failure) [ParNew[CMS-concurrent-abortable-preclean: 0.041/0.271 secs] [Times: user=0.37 sys=0.00, real=0.27 secs] 
: 572023K->68096K(613440K), 0.0693107 secs] 1749423K->1286607K(2010624K), 0.0693569 secs] [Times: user=0.17 sys=0.02, real=0.07 secs] 
[GC (CMS Final Remark) [YG occupancy: 79017 K (613440 K)][Rescan (parallel) , 0.0341979 secs][weak refs processing, 0.0000205 secs][class unloading, 0.0054091 secs][scrub symbol table, 0.0011292 secs][scrub string table, 0.0003901 secs][1 CMS-remark: 1218511K(1397184K)] 1297528K(2010624K), 0.0420046 secs] [Times: user=0.16 sys=0.00, real=0.04 secs] 
[CMS-concurrent-sweep-start]
[CMS-concurrent-sweep: 0.677/0.677 secs] [Times: user=1.36 sys=0.00, real=0.68 secs] 
[CMS-concurrent-reset-start]
[CMS-concurrent-reset: 0.003/0.003 secs] [Times: user=0.03 sys=0.00, real=0.00 secs] 
[GC (Allocation Failure) [ParNew: 613440K->41071K(613440K), 0.0323091 secs] 1299193K->790224K(2010624K), 0.0323598 secs] [Times: user=0.17 sys=0.00, real=0.03 secs] 
[GC (Allocation Failure) [ParNew: 586415K->68096K(613440K), 0.0655954 secs] 1335568K->858221K(2010624K), 0.0656512 secs] [Times: user=0.25 sys=0.00, real=0.07 secs] 
[GC (Allocation Failure) [ParNew: 613440K->34222K(613440K), 0.0322642 secs] 1403565K->887767K(2010624K), 0.0323091 secs] [Times: user=0.09 sys=0.00, real=0.03 secs] 
[Full GC (System.gc()) [CMS: 853545K->747916K(1397184K), 1.9282513 secs] 1063618K->747916K(2010624K), [Metaspace: 9967K->9967K(10240K)], 1.9285701 secs] [Times: user=1.93 sys=0.00, real=1.93 secs] 
[Full GC (System.gc()) [CMS: 747916K->747916K(1397184K), 1.9253141 secs] 747918K->747916K(2010624K), [Metaspace: 9967K->9967K(10240K)], 1.9255599 secs] [Times: user=1.90 sys=0.00, real=1.92 secs] 
[Full GC (System.gc()) [CMS: 747916K->747916K(1397184K), 1.6635499 secs] 747916K->747916K(2010624K), [Metaspace: 9967K->9967K(10240K)]
*** PauseDetector detected a 1929 ms pause at Fri Dec 19 16:29:55 EET 2014 ***

, 1.6637924 secs] [Times: user=1.67 sys=0.00, real=1.66 secs] 

*** PauseDetector detected a 3595 ms pause at Fri Dec 19 16:29:59 EET 2014 ***

[GC (Allocation Failure) [ParNew: 545344K->7385K(613440K), 0.0074667 secs] 1293260K->755302K(2010624K), 0.0075129 secs] [Times: user=0.00 sys=0.00, real=0.01 secs] 
[GC (Allocation Failure) [ParNew: 552729K->68096K(613440K), 0.0611281 secs] 1300646K->857969K(2010624K), 0.0611852 secs] [Times: user=0.20 sys=0.00, real=0.06 secs] 
[GC (Allocation Failure) [ParNew: 613440K->39413K(613440K), 0.0321584 secs] 1403313K->892296K(2010624K), 0.0322058 secs] [Times: user=0.13 sys=0.00, real=0.03 secs] 
[GC (Allocation Failure) [ParNew: 584757K->68096K(613440K), 0.0579568 secs] 1437640K->963533K(2010624K), 0.0580023 secs] [Times: user=0.16 sys=0.00, real=0.06 secs] 
[GC (Allocation Failure) [ParNew: 613440K->19972K(613440K), 0.0331560 secs] 1508877K->977296K(2010624K), 0.0333106 secs] [Times: user=0.11 sys=0.00, real=0.03 secs] 
[GC (Allocation Failure) [ParNew: 565316K->68096K(613440K), 0.0608233 secs] 1522640K->1067089K(2010624K), 0.0608734 secs] [Times: user=0.20 sys=0.00, real=0.06 secs] 
[Full GC (System.gc()) [CMS: 998993K->750660K(1397184K), 2.0324516 secs] 1427415K->750660K(2010624K), [Metaspace: 9967K->9967K(10240K)], 2.0327159 secs] [Times: user=2.04 sys=0.00, real=2.03 secs] 
[Full GC (System.gc()) [CMS: 750660K->750660K(1397184K), 1.6672755 secs] 750660K->750660K(2010624K), [Metaspace: 9967K->9967K(10240K)], 1.6674937 secs] [Times: user=1.65 sys=0.00, real=1.67 secs] 
[Full GC (System.gc()) [CMS: 750660K->750583K(1397184K), 1.8615813 secs] 761577K->750583K(2010624K), [Metaspace: 9967K->9967K(10240K)], 1.8618135 secs] [Times: user=1.84 sys=0.00, real=1.86 secs] 
********************************
********** ROUND    6 **********
********************************

*** PauseDetector detected a 3702 ms pause at Fri Dec 19 16:30:13 EET 2014 ***


*** PauseDetector detected a 1871 ms pause at Fri Dec 19 16:30:15 EET 2014 ***

[GC (Allocation Failure) [ParNew: 545344K->68096K(613440K), 0.0545911 secs] 1295927K->861160K(2010624K), 0.0546520 secs] [Times: user=0.26 sys=0.00, real=0.05 secs] 
[GC (Allocation Failure) [ParNew: 613440K->39603K(613440K), 0.0317048 secs] 1406504K->894805K(2010624K), 0.0317676 secs] [Times: user=0.16 sys=0.00, real=0.03 secs] 
[GC (Allocation Failure) [ParNew: 584947K->68096K(613440K), 0.0549574 secs] 1440149K->963224K(2010624K), 0.0550087 secs] [Times: user=0.27 sys=0.00, real=0.06 secs] 
[GC (Allocation Failure) [ParNew: 613440K->41472K(613440K), 0.0334543 secs] 1508568K->1000129K(2010624K), 0.0334986 secs] [Times: user=0.16 sys=0.00, real=0.03 secs] 
[GC (Allocation Failure) [ParNew: 586816K->68096K(613440K), 0.0515898 secs] 1545473K->1066808K(2010624K), 0.0516379 secs] [Times: user=0.28 sys=0.00, real=0.05 secs] 
[GC (Allocation Failure) [ParNew: 613440K->20489K(613440K), 0.0420861 secs] 1612152K->1082667K(2010624K), 0.0421342 secs] [Times: user=0.14 sys=0.00, real=0.04 secs] 
[GC (Allocation Failure) [ParNew: 565833K->68096K(613440K), 0.0570233 secs] 1628011K->1170863K(2010624K), 0.0570707 secs] [Times: user=0.14 sys=0.00, real=0.06 secs] 
[GC (Allocation Failure) [ParNew: 613440K->20330K(613440K), 0.0300533 secs] 1716207K->1185674K(2010624K), 0.0300989 secs] [Times: user=0.09 sys=0.00, real=0.03 secs] 
[GC (CMS Initial Mark) [1 CMS-initial-mark: 1165343K(1397184K)] 1196651K(2010624K), 0.0065839 secs] [Times: user=0.00 sys=0.00, real=0.01 secs] 
[CMS-concurrent-mark-start]
[CMS-concurrent-mark: 1.221/1.221 secs] [Times: user=3.85 sys=0.00, real=1.22 secs] 
[CMS-concurrent-preclean-start]
[CMS-concurrent-preclean: 0.070/0.073 secs] [Times: user=0.16 sys=0.00, real=0.07 secs] 
[CMS-concurrent-abortable-preclean-start]
[GC (Allocation Failure) [ParNew[CMS-concurrent-abortable-preclean: 0.051/0.252 secs] [Times: user=0.53 sys=0.00, real=0.25 secs] 
: 565674K->68096K(613440K), 0.0483966 secs] 1731018K->1273143K(2010624K), 0.0484409 secs] [Times: user=0.37 sys=0.00, real=0.05 secs] 
[GC (CMS Final Remark) [YG occupancy: 79071 K (613440 K)][Rescan (parallel) , 0.0235240 secs][weak refs processing, 0.0000205 secs][class unloading, 0.0050717 secs][scrub symbol table, 0.0011086 secs][scrub string table, 0.0003753 secs][1 CMS-remark: 1205047K(1397184K)] 1284118K(2010624K), 0.0308521 secs] [Times: user=0.23 sys=0.00, real=0.03 secs] 
[CMS-concurrent-sweep-start]
[CMS-concurrent-sweep: 0.576/0.576 secs] [Times: user=1.17 sys=0.00, real=0.58 secs] 
[CMS-concurrent-reset-start]
[CMS-concurrent-reset: 0.003/0.003 secs] [Times: user=0.00 sys=0.00, real=0.00 secs] 
[GC (Allocation Failure) [ParNew: 613440K->41107K(613440K), 0.0302465 secs] 1297201K->788307K(2010624K), 0.0303029 secs] [Times: user=0.08 sys=0.00, real=0.03 secs] 
[GC (Allocation Failure) [ParNew: 586451K->68096K(613440K), 0.1842888 secs] 1333651K->882978K(2010624K), 0.1843357 secs] [Times: user=0.70 sys=0.00, real=0.18 secs] 
[GC (Allocation Failure) [ParNew: 613440K->27311K(613440K), 0.0938189 secs] 1428322K->906394K(2010624K), 0.0938741 secs] [Times: user=0.37 sys=0.00, real=0.09 secs] 
[GC (Allocation Failure) [ParNew: 572655K->68096K(613440K), 0.1765033 secs] 1451738K->1004202K(2010624K), 0.1765630 secs] [Times: user=1.12 sys=0.00, real=0.18 secs] 
[GC (Allocation Failure) [ParNew (0: promotion failure size = 9372)  (1: promotion failure size = 9372)  (2: promotion failure size = 9372)  (3: promotion failure size = 9372)  (4: promotion failure size = 9372)  (5: promotion failure size = 9372)  (6: promotion failure size = 9372)  (7: promotion failure size = 9372)  (promotion failed): 613440K->579564K(613440K), 0.2462638 secs][CMS: 995864K->768330K(1397184K), 2.4507270 secs] 1549546K->768330K(2010624K), [Metaspace: 9967K->9967K(10240K)], 2.6971370 secs] [Times: user=2.98 sys=0.00, real=2.70 secs] 

*** PauseDetector detected a 2700 ms pause at Fri Dec 19 16:30:39 EET 2014 ***

[GC (Allocation Failure) [ParNew: 545344K->68096K(613440K), 0.1710018 secs] 1313674K->893173K(2010624K), 0.1710589 secs] [Times: user=0.69 sys=0.00, real=0.17 secs] 
[GC (Allocation Failure) [ParNew: 613440K->27343K(613440K), 0.0626127 secs] 1438517K->916722K(2010624K), 0.0626614 secs] [Times: user=0.22 sys=0.00, real=0.06 secs] 
[GC (Allocation Failure) [ParNew: 572687K->68096K(613440K), 0.1541739 secs] 1462066K->1009031K(2010624K), 0.1542227 secs] [Times: user=0.59 sys=0.00, real=0.15 secs] 
[GC (Allocation Failure) [ParNew: 613440K->27039K(613440K), 0.0623663 secs] 1554375K->1032974K(2010624K), 0.0624119 secs] [Times: user=0.25 sys=0.00, real=0.06 secs] 
[GC (Allocation Failure) [ParNew: 572383K->68096K(613440K), 0.1473616 secs] 1578318K->1126179K(2010624K), 0.1474213 secs] [Times: user=0.55 sys=0.00, real=0.15 secs] 
[GC (Allocation Failure) [ParNew: 613440K->13103K(613440K), 0.0536890 secs] 1671523K->1131777K(2010624K), 0.0537378 secs] [Times: user=0.25 sys=0.00, real=0.05 secs] 
[GC (Allocation Failure) [ParNew: 558447K->68096K(613440K), 0.1291948 secs] 1677121K->1233872K(2010624K), 0.1292564 secs] [Times: user=0.56 sys=0.00, real=0.13 secs] 
[GC (Allocation Failure) [ParNew: 613440K->27223K(613440K), 0.0552467 secs] 1779216K->1255921K(2010624K), 0.0552936 secs] [Times: user=0.19 sys=0.00, real=0.06 secs] 
[GC (CMS Initial Mark) [1 CMS-initial-mark: 1228697K(1397184K)] 1266896K(2010624K), 0.0058608 secs] [Times: user=0.02 sys=0.00, real=0.01 secs] 
[CMS-concurrent-mark-start]
[CMS-concurrent-mark: 1.428/1.428 secs] [Times: user=4.68 sys=0.00, real=1.43 secs] 
[CMS-concurrent-preclean-start]
[GC (Allocation Failure) [ParNew: 572567K->68096K(613440K), 0.0982503 secs] 1801265K->1342567K(2010624K), 0.0983010 secs] [Times: user=0.70 sys=0.00, real=0.10 secs] 
[CMS-concurrent-preclean: 0.213/0.321 secs] [Times: user=1.23 sys=0.00, real=0.32 secs] 
[GC (CMS Final Remark) [YG occupancy: 68152 K (613440 K)][Rescan (parallel) , 0.0634153 secs][weak refs processing, 0.0000160 secs][class unloading, 0.0062413 secs][scrub symbol table, 0.0014461 secs][scrub string table, 0.0004895 secs][1 CMS-remark: 1274471K(1397184K)] 1342624K(2010624K), 0.0724852 secs] [Times: user=0.50 sys=0.00, real=0.07 secs] 
[CMS-concurrent-sweep-start]
[CMS-concurrent-sweep: 0.981/0.981 secs] [Times: user=2.06 sys=0.00, real=0.98 secs] 
[CMS-concurrent-reset-start]
[CMS-concurrent-reset: 0.003/0.003 secs] [Times: user=0.00 sys=0.00, real=0.00 secs] 
[GC (Allocation Failure) [ParNew: 613440K->47962K(613440K), 0.0469621 secs] 1305956K->804032K(2010624K), 0.0470108 secs] [Times: user=0.23 sys=0.00, real=0.05 secs] 
[GC (Allocation Failure) [ParNew: 593306K->68096K(613440K), 0.1198040 secs] 1349376K->869379K(2010624K), 0.1198611 secs] [Times: user=0.44 sys=0.00, real=0.12 secs] 
[GC (Allocation Failure) [ParNew: 613440K->47907K(613440K), 0.0558428 secs] 1414723K->912718K(2010624K), 0.0558902 secs] [Times: user=0.23 sys=0.00, real=0.06 secs] 
[GC (Allocation Failure) [ParNew (0: promotion failure size = 4167)  (1: promotion failure size = 4167)  (2: promotion failure size = 4167)  (3: promotion failure size = 4167)  (4: promotion failure size = 4167)  (5: promotion failure size = 4167)  (6: promotion failure size = 4167)  (7: promotion failure size = 4167)  (promotion failed): 593251K->613440K(613440K), 1.8798059 secs][CMS: 893298K->755651K(1397184K), 2.3867336 secs] 1458062K->755651K(2010624K), [Metaspace: 9967K->9967K(10240K)], 4.2666120 secs] [Times: user=4.45 sys=0.19, real=4.27 secs] 

*** PauseDetector detected a 4267 ms pause at Fri Dec 19 16:31:05 EET 2014 ***

[GC (Allocation Failure) [ParNew: 545344K->27379K(613440K), 0.0083001 secs] 1300995K->783031K(2010624K), 0.0083488 secs] [Times: user=0.00 sys=0.00, real=0.01 secs] 
[GC (Allocation Failure) [ParNew: 572723K->68096K(613440K), 0.0815565 secs] 1328375K->870188K(2010624K), 0.0816129 secs] [Times: user=0.36 sys=0.00, real=0.08 secs] 
[GC (Allocation Failure) [ParNew: 613440K->46544K(613440K), 0.0371357 secs] 1415532K->910314K(2010624K), 0.0371947 secs] [Times: user=0.23 sys=0.00, real=0.04 secs] 
[GC (Allocation Failure) [ParNew: 591888K->68096K(613440K), 0.0874462 secs] 1455658K->975329K(2010624K), 0.0874949 secs] [Times: user=0.33 sys=0.00, real=0.09 secs] 
[GC (Allocation Failure) [ParNew: 613440K->40773K(613440K), 0.0551524 secs] 1520673K->1011442K(2010624K), 0.0551967 secs] [Times: user=0.19 sys=0.00, real=0.05 secs] 
[GC (Allocation Failure) [ParNew: 586117K->68096K(613440K), 0.0715017 secs] 1556786K->1083253K(2010624K), 0.0715524 secs] [Times: user=0.39 sys=0.00, real=0.07 secs] 
[GC (Allocation Failure) [ParNew: 613440K->40074K(613440K), 0.0383932 secs] 1628597K->1117090K(2010624K), 0.0384407 secs] [Times: user=0.16 sys=0.00, real=0.04 secs] 
[GC (Allocation Failure) [ParNew: 585418K->68096K(613440K), 0.0815231 secs] 1662434K->1188181K(2010624K), 0.0815732 secs] [Times: user=0.28 sys=0.00, real=0.08 secs] 
[GC (Allocation Failure) [ParNew: 613440K->27137K(613440K), 0.0430562 secs] 1733525K->1210275K(2010624K), 0.0431056 secs] [Times: user=0.14 sys=0.00, real=0.04 secs] 
[GC (CMS Initial Mark) [1 CMS-initial-mark: 1183138K(1397184K)] 1210326K(2010624K), 0.0059153 secs] [Times: user=0.02 sys=0.00, real=0.01 secs] 
[CMS-concurrent-mark-start]
[CMS-concurrent-mark: 1.284/1.284 secs] [Times: user=4.18 sys=0.00, real=1.28 secs] 
[CMS-concurrent-preclean-start]
[CMS-concurrent-preclean: 0.107/0.114 secs] [Times: user=0.22 sys=0.00, real=0.12 secs] 
[CMS-concurrent-abortable-preclean-start]
[GC (Allocation Failure) [ParNew: 572481K->68096K(613440K), 0.0694570 secs] 1755619K->1294654K(2010624K), 0.0695282 secs] [Times: user=0.42 sys=0.00, real=0.07 secs] 
[CMS-concurrent-abortable-preclean: 0.639/1.015 secs] [Times: user=2.03 sys=0.00, real=1.01 secs] 
[GC (CMS Final Remark) [YG occupancy: 374890 K (613440 K)][Rescan (parallel) , 0.0694326 secs][weak refs processing, 0.0000411 secs][class unloading, 0.0092528 secs][scrub symbol table, 0.0017887 secs][scrub string table, 0.0005562 secs][1 CMS-remark: 1226558K(1397184K)] 1601449K(2010624K), 0.0821865 secs] [Times: user=0.38 sys=0.00, real=0.08 secs] 
[CMS-concurrent-sweep-start]
[GC (Allocation Failure) [ParNew: 613440K->40451K(613440K), 0.0355010 secs] 1749235K->1238572K(2010624K), 0.0355504 secs] [Times: user=0.11 sys=0.00, real=0.04 secs] 
[CMS-concurrent-sweep: 0.838/0.874 secs] [Times: user=1.95 sys=0.01, real=0.87 secs] 
[CMS-concurrent-reset-start]
[CMS-concurrent-reset: 0.004/0.004 secs] [Times: user=0.00 sys=0.00, real=0.01 secs] 
[GC (Allocation Failure) [ParNew: 585795K->68096K(613440K), 0.0665507 secs] 1336423K->860871K(2010624K), 0.0666174 secs] [Times: user=0.37 sys=0.00, real=0.07 secs] 
[GC (Allocation Failure) [ParNew: 613440K->41013K(613440K), 0.0342287 secs] 1406215K->897251K(2010624K), 0.0342794 secs] [Times: user=0.19 sys=0.00, real=0.03 secs] 
[GC (Allocation Failure) [ParNew: 586357K->68096K(613440K), 0.0775678 secs] 1442595K->965591K(2010624K), 0.0776179 secs] [Times: user=0.36 sys=0.00, real=0.08 secs] 
[GC (Allocation Failure) [ParNew (0: promotion failure size = 1854)  (1: promotion failure size = 1854)  (2: promotion failure size = 1854)  (3: promotion failure size = 1854)  (4: promotion failure size = 1854)  (5: promotion failure size = 1854)  (6: promotion failure size = 1854)  (7: promotion failure size = 1854)  (promotion failed): 613440K->572720K(613440K), 0.3912760 secs][CMS: 960383K->753361K(1397184K), 2.5152804 secs] 1510935K->753361K(2010624K), [Metaspace: 9967K->9967K(10240K)], 2.9066353 secs] [Times: user=3.00 sys=0.03, real=2.91 secs] 

*** PauseDetector detected a 2909 ms pause at Fri Dec 19 16:31:30 EET 2014 ***

[GC (Allocation Failure) [ParNew: 545344K->68096K(613440K), 0.0613751 secs] 1298705K->864707K(2010624K), 0.0614213 secs] [Times: user=0.33 sys=0.00, real=0.06 secs] 
[GC (Allocation Failure) [ParNew: 613440K->33536K(613440K), 0.0388096 secs] 1410051K->892585K(2010624K), 0.0388609 secs] [Times: user=0.09 sys=0.00, real=0.04 secs] 
[GC (Allocation Failure) [ParNew: 578880K->68096K(613440K), 0.0583340 secs] 1437929K->968146K(2010624K), 0.0583943 secs] [Times: user=0.33 sys=0.00, real=0.06 secs] 
[GC (Allocation Failure) [ParNew: 613440K->34179K(613440K), 0.0359757 secs] 1513490K->997883K(2010624K), 0.0360322 secs] [Times: user=0.16 sys=0.00, real=0.04 secs] 
[GC (Allocation Failure) [ParNew: 579523K->68096K(613440K), 0.0622393 secs] 1543227K->1074228K(2010624K), 0.0622938 secs] [Times: user=0.28 sys=0.00, real=0.06 secs] 
[GC (Allocation Failure) [ParNew: 613440K->26786K(613440K), 0.0392260 secs] 1619572K->1094832K(2010624K), 0.0392747 secs] [Times: user=0.14 sys=0.00, real=0.04 secs] 
[GC (Allocation Failure) [ParNew: 572130K->68096K(613440K), 0.0553828 secs] 1640176K->1176815K(2010624K), 0.0554437 secs] [Times: user=0.39 sys=0.00, real=0.06 secs] 
[GC (Allocation Failure) [ParNew: 613440K->27388K(613440K), 0.0338207 secs] 1722159K->1199704K(2010624K), 0.0338688 secs] [Times: user=0.08 sys=0.00, real=0.03 secs] 
[GC (CMS Initial Mark) [1 CMS-initial-mark: 1172316K(1397184K)] 1199754K(2010624K), 0.0054662 secs] [Times: user=0.00 sys=0.00, real=0.00 secs] 
[CMS-concurrent-mark-start]
[CMS-concurrent-mark: 1.455/1.455 secs] [Times: user=4.66 sys=0.00, real=1.46 secs] 
[CMS-concurrent-preclean-start]
[CMS-concurrent-preclean: 0.083/0.089 secs] [Times: user=0.16 sys=0.00, real=0.09 secs] 
[CMS-concurrent-abortable-preclean-start]
[GC (Allocation Failure) [ParNew: 572732K->68096K(613440K), 0.0542979 secs] 1745048K->1281011K(2010624K), 0.0543447 secs] [Times: user=0.36 sys=0.00, real=0.05 secs] 
[CMS-concurrent-abortable-preclean: 0.649/1.031 secs] [Times: user=2.01 sys=0.00, real=1.03 secs] 
[GC (CMS Final Remark) [YG occupancy: 440733 K (613440 K)][Rescan (parallel) , 0.0987045 secs][weak refs processing, 0.0000154 secs][class unloading, 0.0061591 secs][scrub symbol table, 0.0015039 secs][scrub string table, 0.0004036 secs][1 CMS-remark: 1212915K(1397184K)] 1653649K(2010624K), 0.1075897 secs] [Times: user=0.47 sys=0.00, real=0.11 secs] 
[CMS-concurrent-sweep-start]
[GC (Allocation Failure) [ParNew: 613440K->34282K(613440K), 0.0313763 secs] 1826355K->1310647K(2010624K), 0.0314231 secs] [Times: user=0.09 sys=0.00, real=0.03 secs] 
[CMS-concurrent-sweep: 0.595/0.627 secs] [Times: user=1.42 sys=0.00, real=0.63 secs] 
[CMS-concurrent-reset-start]
[CMS-concurrent-reset: 0.003/0.003 secs] [Times: user=0.00 sys=0.00, real=0.00 secs] 
[GC (Allocation Failure) [ParNew: 579626K->68096K(613440K), 0.0569938 secs] 1328181K->857898K(2010624K), 0.0570432 secs] [Times: user=0.41 sys=0.00, real=0.06 secs] 
[GC (Allocation Failure) [ParNew: 613440K->47442K(613440K), 0.0331676 secs] 1403242K->899955K(2010624K), 0.0332214 secs] [Times: user=0.11 sys=0.00, real=0.03 secs] 
[GC (Allocation Failure) [ParNew (0: promotion failure size = 97)  (1: promotion failure size = 97)  (2: promotion failure size = 97)  (3: promotion failure size = 97)  (4: promotion failure size = 97)  (5: promotion failure size = 97)  (6: promotion failure size = 97)  (7: promotion failure size = 97)  (promotion failed): 592786K->613440K(613440K), 0.5084220 secs][CMS: 885065K->751398K(1397184K), 2.1304022 secs] 1445299K->751398K(2010624K), [Metaspace: 9967K->9967K(10240K)], 2.6389005 secs] [Times: user=2.82 sys=0.01, real=2.64 secs] 

*** PauseDetector detected a 2643 ms pause at Fri Dec 19 16:31:53 EET 2014 ***

[GC (Allocation Failure) [ParNew: 545344K->41033K(613440K), 0.0063574 secs] 1296742K->792432K(2010624K), 0.0064042 secs] [Times: user=0.08 sys=0.00, real=0.01 secs] 
[GC (Allocation Failure) [ParNew: 586377K->68096K(613440K), 0.0536338 secs] 1337776K->859732K(2010624K), 0.0536832 secs] [Times: user=0.23 sys=0.00, real=0.05 secs] 
[GC (Allocation Failure) [ParNew: 613440K->27375K(613440K), 0.0319428 secs] 1405076K->882837K(2010624K), 0.0319858 secs] [Times: user=0.13 sys=0.00, real=0.03 secs] 
[GC (Allocation Failure) [ParNew: 572719K->68096K(613440K), 0.0550376 secs] 1428181K->963476K(2010624K), 0.0550851 secs] [Times: user=0.20 sys=0.00, real=0.06 secs] 
[Full GC (System.gc()) [CMS: 895380K->750724K(1397184K), 2.2193599 secs] 974540K->750724K(2010624K), [Metaspace: 9967K->9967K(10240K)], 2.2195742 secs] [Times: user=2.23 sys=0.00, real=2.22 secs] 
[Full GC (System.gc()) [CMS: 750724K->750724K(1397184K), 1.6649383 secs] 750724K->750724K(2010624K), [Metaspace: 9967K->9967K(10240K)], 1.6651789 secs] [Times: user=1.65 sys=0.00, real=1.66 secs] 
[Full GC (System.gc()) [CMS: 750724K->746230K(1397184K), 1.8924058 secs] 761638K->746230K(2010624K), [Metaspace: 9967K->9967K(10240K)], 1.8927304 secs] [Times: user=1.89 sys=0.00, real=1.89 secs] 

*** PauseDetector detected a 5779 ms pause at Fri Dec 19 16:32:04 EET 2014 ***

[GC (Allocation Failure) [ParNew: 545344K->27422K(613440K), 0.0071484 secs] 1291574K->773653K(2010624K), 0.0071933 secs] [Times: user=0.05 sys=0.00, real=0.01 secs] 
[GC (Allocation Failure) [ParNew: 572766K->68096K(613440K), 0.0544428 secs] 1318997K->860202K(2010624K), 0.0545006 secs] [Times: user=0.30 sys=0.00, real=0.05 secs] 
[GC (Allocation Failure) [ParNew: 613440K->20512K(613440K), 0.0362837 secs] 1405546K->876197K(2010624K), 0.0363440 secs] [Times: user=0.11 sys=0.00, real=0.04 secs] 
[GC (Allocation Failure) [ParNew: 565856K->68096K(613440K), 0.0557292 secs] 1421541K->965272K(2010624K), 0.0557850 secs] [Times: user=0.13 sys=0.00, real=0.06 secs] 
[GC (Allocation Failure) [ParNew: 613440K->33479K(613440K), 0.0333915 secs] 1510616K->992378K(2010624K), 0.0334357 secs] [Times: user=0.12 sys=0.00, real=0.03 secs] 
[GC (Allocation Failure) [ParNew: 578823K->68096K(613440K), 0.1821203 secs] 1537722K->1095159K(2010624K), 0.1821755 secs] [Times: user=0.72 sys=0.00, real=0.18 secs] 
[Full GC (System.gc()) [CMS: 1027063K->772948K(1397184K), 2.0851628 secs] 1389856K->772948K(2010624K), [Metaspace: 9967K->9967K(10240K)], 2.0855124 secs] [Times: user=2.09 sys=0.00, real=2.09 secs] 
[Full GC (System.gc()) [CMS: 772948K->772871K(1397184K), 2.0773548 secs] 783862K->772871K(2010624K), [Metaspace: 9967K->9967K(10240K)], 2.0775948 secs] [Times: user=2.07 sys=0.00, real=2.08 secs] 
[Full GC (System.gc()) [CMS: 772871K->772871K(1397184K), 2.2629704 secs] 772871K->772871K(2010624K), [Metaspace: 9967K->9967K(10240K)]
*** PauseDetector detected a 2086 ms pause at Fri Dec 19 16:32:16 EET 2014 ***

, 2.2632110 secs] [Times: user=2.26 sys=0.00, real=2.26 secs] 
********************************
********** ROUND    7 **********
********************************

*** PauseDetector detected a 4347 ms pause at Fri Dec 19 16:32:21 EET 2014 ***

[GC (Allocation Failure) [ParNew: 545344K->68096K(613440K), 0.1792589 secs] 1318215K->900790K(2010624K), 0.1793108 secs] [Times: user=1.03 sys=0.00, real=0.18 secs] 
[GC (Allocation Failure) [ParNew: 613440K->24267K(613440K), 0.0745197 secs] 1446134K->921474K(2010624K), 0.0745710 secs] [Times: user=0.20 sys=0.00, real=0.07 secs] 
[GC (Allocation Failure) [ParNew: 569611K->68096K(613440K), 0.1648478 secs] 1466818K->1019895K(2010624K), 0.1649043 secs] [Times: user=0.87 sys=0.00, real=0.16 secs] 
[GC (Allocation Failure) [ParNew: 613440K->20766K(613440K), 0.0614360 secs] 1565239K->1036209K(2010624K), 0.0614841 secs] [Times: user=0.23 sys=0.00, real=0.06 secs] 
[GC (Allocation Failure) [ParNew: 566110K->68096K(613440K), 0.1567973 secs] 1581553K->1133780K(2010624K), 0.1568531 secs] [Times: user=0.64 sys=0.02, real=0.16 secs] 
[GC (Allocation Failure) [ParNew: 613440K->48022K(613440K), 0.0566184 secs] 1679124K->1177447K(2010624K), 0.0567705 secs] [Times: user=0.30 sys=0.00, real=0.06 secs] 
[GC (Allocation Failure) [ParNew: 593366K->68096K(613440K), 0.1216107 secs] 1722791K->1246503K(2010624K), 0.1216595 secs] [Times: user=0.76 sys=0.00, real=0.12 secs] 
[GC (CMS Initial Mark) [1 CMS-initial-mark: 1178407K(1397184K)] 1257415K(2010624K), 0.0091668 secs] [Times: user=0.00 sys=0.00, real=0.01 secs] 
[CMS-concurrent-mark-start]
[GC (Allocation Failure) [ParNew: 613440K->47895K(613440K), 0.0559666 secs] 1791847K->1289883K(2010624K), 0.0560237 secs] [Times: user=0.22 sys=0.00, real=0.06 secs] 
[CMS-concurrent-mark: 1.518/1.575 secs] [Times: user=4.88 sys=0.00, real=1.58 secs] 
[CMS-concurrent-preclean-start]
[CMS-concurrent-preclean: 0.156/0.157 secs] [Times: user=0.45 sys=0.00, real=0.16 secs] 
[CMS-concurrent-abortable-preclean-start]
[CMS-concurrent-abortable-preclean: 0.310/0.824 secs] [Times: user=1.48 sys=0.00, real=0.83 secs] 
[GC (CMS Final Remark) [YG occupancy: 377388 K (613440 K)][Rescan (parallel) , 0.0729106 secs][weak refs processing, 0.0000160 secs][class unloading, 0.0055862 secs][scrub symbol table, 0.0011978 secs][scrub string table, 0.0004036 secs][1 CMS-remark: 1241987K(1397184K)] 1619376K(2010624K), 0.0809316 secs] [Times: user=0.34 sys=0.00, real=0.08 secs] 
[CMS-concurrent-sweep-start]
[GC (Allocation Failure) [ParNew: 593239K->68096K(613440K), 0.1103132 secs] 1817169K->1338571K(2010624K), 0.1103594 secs] [Times: user=0.81 sys=0.00, real=0.11 secs] 
[CMS-concurrent-sweep: 1.060/1.170 secs] [Times: user=2.98 sys=0.00, real=1.17 secs] 
[CMS-concurrent-reset-start]
[CMS-concurrent-reset: 0.003/0.003 secs] [Times: user=0.00 sys=0.00, real=0.00 secs] 
[GC (Allocation Failure) [ParNew: 613440K->20526K(613440K), 0.0583731 secs] 1419578K->890142K(2010624K), 0.0584258 secs] [Times: user=0.19 sys=0.00, real=0.06 secs] 
[GC (Allocation Failure) [ParNew: 565870K->68096K(613440K), 0.1097095 secs] 1435486K->983558K(2010624K), 0.1097570 secs] [Times: user=0.56 sys=0.00, real=0.11 secs] 
[GC (Allocation Failure) [ParNew (4: promotion failure size = 4167)  (5: promotion failure size = 4167)  (6: promotion failure size = 4167)  (promotion failed): 613440K->579611K(613440K), 0.2038120 secs][CMS: 978845K->757943K(1397184K), 2.3327771 secs] 1528902K->757943K(2010624K), [Metaspace: 9967K->9967K(10240K)], 2.5366539 secs] [Times: user=2.64 sys=0.03, real=2.54 secs] 

*** PauseDetector detected a 2541 ms pause at Fri Dec 19 16:32:43 EET 2014 ***

[GC (Allocation Failure) [ParNew: 545344K->68096K(613440K), 0.0990003 secs] 1303287K->872471K(2010624K), 0.0990561 secs] [Times: user=0.48 sys=0.02, real=0.10 secs] 
[GC (Allocation Failure) [ParNew: 613440K->20508K(613440K), 0.0442508 secs] 1417815K->888995K(2010624K), 0.0442976 secs] [Times: user=0.17 sys=0.00, real=0.05 secs] 
[GC (Allocation Failure) [ParNew: 565852K->68096K(613440K), 0.0910557 secs] 1434339K->982360K(2010624K), 0.0911025 secs] [Times: user=0.37 sys=0.00, real=0.09 secs] 
[GC (Allocation Failure) [ParNew: 613440K->40597K(613440K), 0.0434340 secs] 1527704K->1021092K(2010624K), 0.0434796 secs] [Times: user=0.19 sys=0.00, real=0.04 secs] 
[GC (Allocation Failure) [ParNew: 585941K->68096K(613440K), 0.0830674 secs] 1566436K->1094232K(2010624K), 0.0831495 secs] [Times: user=0.39 sys=0.00, real=0.08 secs] 
[GC (Allocation Failure) [ParNew: 613440K->39755K(613440K), 0.0388205 secs] 1639576K->1127059K(2010624K), 0.0388718 secs] [Times: user=0.22 sys=0.00, real=0.04 secs] 
[GC (Allocation Failure) [ParNew: 585099K->68096K(613440K), 0.0843647 secs] 1672403K->1200088K(2010624K), 0.0844141 secs] [Times: user=0.36 sys=0.00, real=0.08 secs] 
[GC (Allocation Failure) [ParNew: 613440K->40047K(613440K), 0.0386652 secs] 1745432K->1233846K(2010624K), 0.0387159 secs] [Times: user=0.09 sys=0.00, real=0.04 secs] 
[GC (CMS Initial Mark) [1 CMS-initial-mark: 1193798K(1397184K)] 1244760K(2010624K), 0.0031514 secs] [Times: user=0.00 sys=0.00, real=0.00 secs] 
[CMS-concurrent-mark-start]
[CMS-concurrent-mark: 1.284/1.284 secs] [Times: user=4.20 sys=0.00, real=1.28 secs] 
[CMS-concurrent-preclean-start]
[CMS-concurrent-preclean: 0.114/0.122 secs] [Times: user=0.22 sys=0.00, real=0.12 secs] 
[CMS-concurrent-abortable-preclean-start]
[GC (Allocation Failure) [ParNew: 585391K->68096K(613440K), 0.0752729 secs] 1779190K->1304632K(2010624K), 0.0753294 secs] [Times: user=0.41 sys=0.00, real=0.07 secs] 
[CMS-concurrent-abortable-preclean: 0.802/1.201 secs] [Times: user=2.37 sys=0.00, real=1.20 secs] 
[GC (CMS Final Remark) [YG occupancy: 451794 K (613440 K)][Rescan (parallel) , 0.0954575 secs][weak refs processing, 0.0000205 secs][class unloading, 0.0067051 secs][scrub symbol table, 0.0015962 secs][scrub string table, 0.0005832 secs][1 CMS-remark: 1236536K(1397184K)] 1688330K(2010624K), 0.1055546 secs] [Times: user=0.55 sys=0.00, real=0.11 secs] 
[CMS-concurrent-sweep-start]
[GC (Allocation Failure) [ParNew: 613440K->34171K(613440K), 0.0365981 secs] 1849976K->1334163K(2010624K), 0.0366462 secs] [Times: user=0.11 sys=0.00, real=0.04 secs] 
[CMS-concurrent-sweep: 0.783/0.820 secs] [Times: user=2.00 sys=0.01, real=0.82 secs] 
[CMS-concurrent-reset-start]
[CMS-concurrent-reset: 0.003/0.003 secs] [Times: user=0.00 sys=0.00, real=0.00 secs] 
[GC (Allocation Failure) [ParNew: 579515K->68096K(613440K), 0.0807879 secs] 1330681K->863585K(2010624K), 0.0808488 secs] [Times: user=0.23 sys=0.00, real=0.08 secs] 
[GC (Allocation Failure) [ParNew: 613440K->40025K(613440K), 0.0352418 secs] 1408929K->897146K(2010624K), 0.0352944 secs] [Times: user=0.13 sys=0.00, real=0.04 secs] 
[GC (Allocation Failure) [ParNew (0: promotion failure size = 2779)  (1: promotion failure size = 2779)  (2: promotion failure size = 2779)  (3: promotion failure size = 61)  (4: promotion failure size = 61)  (5: promotion failure size = 2779)  (6: promotion failure size = 61)  (7: promotion failure size = 61)  (promotion failed): 585369K->613440K(613440K), 1.5216602 secs][CMS: 879474K->753192K(1397184K), 2.8444384 secs] 1442490K->753192K(2010624K), [Metaspace: 9967K->9967K(10240K)], 4.3662263 secs] [Times: user=4.48 sys=0.27, real=4.37 secs] 

*** PauseDetector detected a 4367 ms pause at Fri Dec 19 16:33:08 EET 2014 ***

[GC (Allocation Failure) [ParNew: 545344K->27332K(613440K), 0.0094350 secs] 1298536K->780525K(2010624K), 0.0094915 secs] [Times: user=0.00 sys=0.00, real=0.01 secs] 
[GC (Allocation Failure) [ParNew: 572676K->68096K(613440K), 0.0768146 secs] 1325869K->863989K(2010624K), 0.0769128 secs] [Times: user=0.38 sys=0.00, real=0.08 secs] 
[GC (Allocation Failure) [ParNew: 613440K->41119K(613440K), 0.0360354 secs] 1409333K->901086K(2010624K), 0.0360893 secs] [Times: user=0.20 sys=0.00, real=0.04 secs] 
[GC (Allocation Failure) [ParNew: 586463K->68096K(613440K), 0.0647934 secs] 1446430K->970513K(2010624K), 0.0648460 secs] [Times: user=0.31 sys=0.00, real=0.07 secs] 
[GC (Allocation Failure) [ParNew: 613440K->47135K(613440K), 0.0353579 secs] 1515857K->1011963K(2010624K), 0.0354034 secs] [Times: user=0.13 sys=0.00, real=0.04 secs] 
[GC (Allocation Failure) [ParNew: 592479K->68096K(613440K), 0.0629874 secs] 1557307K->1074698K(2010624K), 0.0630380 secs] [Times: user=0.28 sys=0.00, real=0.06 secs] 
[GC (Allocation Failure) [ParNew: 613440K->33860K(613440K), 0.0343205 secs] 1620042K->1103199K(2010624K), 0.0343724 secs] [Times: user=0.16 sys=0.00, real=0.04 secs] 
[GC (Allocation Failure) [ParNew: 579204K->68096K(613440K), 0.0675579 secs] 1648543K->1180308K(2010624K), 0.0676106 secs] [Times: user=0.28 sys=0.00, real=0.07 secs] 
[GC (Allocation Failure) [ParNew: 613440K->19986K(613440K), 0.0428079 secs] 1725652K->1193816K(2010624K), 0.0428547 secs] [Times: user=0.16 sys=0.00, real=0.04 secs] 
[GC (CMS Initial Mark) [1 CMS-initial-mark: 1173829K(1397184K)] 1204782K(2010624K), 0.0043338 secs] [Times: user=0.00 sys=0.00, real=0.01 secs] 
[CMS-concurrent-mark-start]
[CMS-concurrent-mark: 1.384/1.384 secs] [Times: user=4.52 sys=0.00, real=1.38 secs] 
[CMS-concurrent-preclean-start]
[CMS-concurrent-preclean: 0.100/0.105 secs] [Times: user=0.22 sys=0.00, real=0.11 secs] 
[CMS-concurrent-abortable-preclean-start]
[GC (Allocation Failure) [ParNew[CMS-concurrent-abortable-preclean: 0.022/0.125 secs] [Times: user=0.39 sys=0.00, real=0.13 secs] 
: 565330K->68096K(613440K), 0.0643501 secs] 1739160K->1283257K(2010624K), 0.0644091 secs] [Times: user=0.31 sys=0.00, real=0.07 secs] 
[GC (CMS Final Remark) [YG occupancy: 79058 K (613440 K)][Rescan (parallel) , 0.0303549 secs][weak refs processing, 0.0000205 secs][class unloading, 0.0076611 secs][scrub symbol table, 0.0020299 secs][scrub string table, 0.0006146 secs][1 CMS-remark: 1215161K(1397184K)] 1294219K(2010624K), 0.0418141 secs] [Times: user=0.20 sys=0.00, real=0.04 secs] 
[CMS-concurrent-sweep-start]
[CMS-concurrent-sweep: 0.638/0.638 secs] [Times: user=1.33 sys=0.00, real=0.64 secs] 
[CMS-concurrent-reset-start]
[CMS-concurrent-reset: 0.003/0.003 secs] [Times: user=0.00 sys=0.00, real=0.00 secs] 
[GC (Allocation Failure) [ParNew: 613440K->27180K(613440K), 0.0327999 secs] 1299136K->775802K(2010624K), 0.0328596 secs] [Times: user=0.14 sys=0.00, real=0.03 secs] 
[GC (Allocation Failure) [ParNew: 572524K->68096K(613440K), 0.0614258 secs] 1321146K->857411K(2010624K), 0.0614745 secs] [Times: user=0.30 sys=0.00, real=0.06 secs] 
[GC (Allocation Failure) [ParNew: 613440K->34259K(613440K), 0.0330174 secs] 1402755K->887069K(2010624K), 0.0330649 secs] [Times: user=0.14 sys=0.00, real=0.03 secs] 
[GC (Allocation Failure) [ParNew: 579603K->68096K(613440K), 0.0773259 secs] 1432413K->961497K(2010624K), 0.0773728 secs] [Times: user=0.20 sys=0.00, real=0.08 secs] 
[GC (Allocation Failure) [ParNew (0: promotion failure size = 1854)  (1: promotion failure size = 1854)  (2: promotion failure size = 1854)  (3: promotion failure size = 1854)  (4: promotion failure size = 1854)  (5: promotion failure size = 1854)  (6: promotion failure size = 1854)  (7: promotion failure size = 1854)  (promotion failed): 613440K->593249K(613440K), 0.2712731 secs][CMS: 956699K->752735K(1397184K), 2.4515026 secs] 1506841K->752735K(2010624K), [Metaspace: 9967K->9967K(10240K)], 2.7228559 secs] [Times: user=2.71 sys=0.03, real=2.72 secs] 

*** PauseDetector detected a 2724 ms pause at Fri Dec 19 16:33:33 EET 2014 ***

[GC (Allocation Failure) [ParNew: 545344K->68096K(613440K), 0.0606572 secs] 1298079K->861762K(2010624K), 0.0607040 secs] [Times: user=0.23 sys=0.00, real=0.06 secs] 
[GC (Allocation Failure) [ParNew: 613440K->20533K(613440K), 0.0332484 secs] 1407106K->877952K(2010624K), 0.0332978 secs] [Times: user=0.11 sys=0.00, real=0.03 secs] 
[GC (Allocation Failure) [ParNew: 565877K->68096K(613440K), 0.0677504 secs] 1423296K->966127K(2010624K), 0.0678088 secs] [Times: user=0.34 sys=0.00, real=0.07 secs] 
[GC (Allocation Failure) [ParNew: 613440K->27424K(613440K), 0.0449661 secs] 1511471K->989110K(2010624K), 0.0450168 secs] [Times: user=0.14 sys=0.00, real=0.05 secs] 
[GC (Allocation Failure) [ParNew: 572768K->68096K(613440K), 0.0579651 secs] 1534454K->1072867K(2010624K), 0.0580132 secs] [Times: user=0.22 sys=0.00, real=0.06 secs] 
[GC (Allocation Failure) [ParNew: 613440K->19686K(613440K), 0.0524386 secs] 1618211K->1085010K(2010624K), 0.0524867 secs] [Times: user=0.16 sys=0.00, real=0.05 secs] 
[GC (Allocation Failure) [ParNew: 565030K->68096K(613440K), 0.0620904 secs] 1630354K->1174191K(2010624K), 0.0621507 secs] [Times: user=0.30 sys=0.00, real=0.06 secs] 
[GC (Allocation Failure) [ParNew: 613440K->40487K(613440K), 0.0292334 secs] 1719535K->1209111K(2010624K), 0.0292828 secs] [Times: user=0.17 sys=0.00, real=0.03 secs] 
[GC (CMS Initial Mark) [1 CMS-initial-mark: 1168623K(1397184K)] 1220022K(2010624K), 0.0037134 secs] [Times: user=0.02 sys=0.00, real=0.00 secs] 
[CMS-concurrent-mark-start]
[CMS-concurrent-mark: 1.412/1.412 secs] [Times: user=4.48 sys=0.00, real=1.41 secs] 
[CMS-concurrent-preclean-start]
[CMS-concurrent-preclean: 0.083/0.087 secs] [Times: user=0.20 sys=0.00, real=0.09 secs] 
[CMS-concurrent-abortable-preclean-start]
[GC (Allocation Failure) [ParNew: 585831K->68096K(613440K), 0.0509283 secs] 1754455K->1276480K(2010624K), 0.0509771 secs] [Times: user=0.30 sys=0.00, real=0.05 secs] 
[CMS-concurrent-abortable-preclean: 0.603/0.965 secs] [Times: user=1.84 sys=0.00, real=0.97 secs] 
[GC (CMS Final Remark) [YG occupancy: 418681 K (613440 K)][Rescan (parallel) , 0.0917396 secs][weak refs processing, 0.0000154 secs][class unloading, 0.0068097 secs][scrub symbol table, 0.0014172 secs][scrub string table, 0.0005543 secs][1 CMS-remark: 1208384K(1397184K)] 1627066K(2010624K), 0.1015012 secs] [Times: user=0.33 sys=0.00, real=0.10 secs] 
[CMS-concurrent-sweep-start]
[GC (Allocation Failure) [ParNew: 613440K->34189K(613440K), 0.0344507 secs] 1821697K->1305851K(2010624K), 0.0345020 secs] [Times: user=0.16 sys=0.00, real=0.03 secs] 
[CMS-concurrent-sweep: 0.606/0.640 secs] [Times: user=1.44 sys=0.00, real=0.64 secs] 
[CMS-concurrent-reset-start]
[CMS-concurrent-reset: 0.003/0.003 secs] [Times: user=0.00 sys=0.00, real=0.00 secs] 
[GC (Allocation Failure) [ParNew: 579533K->68096K(613440K), 0.0564766 secs] 1327090K->855973K(2010624K), 0.0565235 secs] [Times: user=0.22 sys=0.00, real=0.06 secs] 
[GC (Allocation Failure) [ParNew: 613440K->47526K(613440K), 0.0283160 secs] 1401317K->898198K(2010624K), 0.0283628 secs] [Times: user=0.17 sys=0.00, real=0.03 secs] 
[GC (Allocation Failure) [ParNew (0: promotion failure size = 14056)  (1: promotion failure size = 14056)  (2: promotion failure size = 14056)  (3: promotion failure size = 14056)  (4: promotion failure size = 14056)  (5: promotion failure size = 14056)  (6: promotion failure size = 14056)  (7: promotion failure size = 14056)  (promotion failed): 592870K->613440K(613440K), 0.3527307 secs][CMS: 915650K->774069K(1397184K), 2.2712705 secs] 1443542K->774069K(2010624K), [Metaspace: 9967K->9967K(10240K)], 2.6241533 secs] [Times: user=3.25 sys=0.00, real=2.63 secs] 

*** PauseDetector detected a 2629 ms pause at Fri Dec 19 16:33:55 EET 2014 ***

[GC (Allocation Failure) [ParNew: 545344K->40935K(613440K), 0.0072299 secs] 1319413K->815004K(2010624K), 0.0073075 secs] [Times: user=0.00 sys=0.00, real=0.01 secs] 
[GC (Allocation Failure) [ParNew: 586279K->68096K(613440K), 0.1958180 secs] 1360348K->902254K(2010624K), 0.1958654 secs] [Times: user=1.00 sys=0.00, real=0.20 secs] 
[GC (Allocation Failure) [ParNew: 613440K->34124K(613440K), 0.0799667 secs] 1447598K->932340K(2010624K), 0.0800186 secs] [Times: user=0.33 sys=0.00, real=0.08 secs] 
[GC (Allocation Failure) [ParNew: 579468K->68096K(613440K), 0.1734494 secs] 1477684K->1020727K(2010624K), 0.1735129 secs] [Times: user=0.76 sys=0.00, real=0.17 secs] 
[GC (Allocation Failure) [ParNew: 613440K->47815K(613440K), 0.0585611 secs] 1566071K->1064038K(2010624K), 0.0586137 secs] [Times: user=0.36 sys=0.00, real=0.06 secs] 
[Full GC (System.gc()) [CMS: 1016222K->759087K(1397184K), 2.8589765 secs] 1426240K->759087K(2010624K), [Metaspace: 9967K->9967K(10240K)], 2.8592671 secs] [Times: user=2.84 sys=0.00, real=2.86 secs] 
[Full GC (System.gc()) [CMS: 759087K->759087K(1397184K), 2.3575143 secs] 759089K->759087K(2010624K), [Metaspace: 9967K->9967K(10240K)], 2.3577466 secs] [Times: user=2.34 sys=0.00, real=2.36 secs] 
[Full GC (System.gc()) [CMS: 759087K->759009K(1397184K), 2.4800489 secs] 769977K->759009K(2010624K), [Metaspace: 9967K->9967K(10240K)]
*** PauseDetector detected a 5218 ms pause at Fri Dec 19 16:34:10 EET 2014 ***

, 2.4802510 secs] [Times: user=2.47 sys=0.00, real=2.48 secs] 

*** PauseDetector detected a 2487 ms pause at Fri Dec 19 16:34:13 EET 2014 ***

[GC (Allocation Failure) [ParNew: 545344K->7378K(613440K), 0.0146767 secs] 1304353K->766388K(2010624K), 0.0147299 secs] [Times: user=0.03 sys=0.00, real=0.02 secs] 
[GC (Allocation Failure) [ParNew: 552722K->68096K(613440K), 0.1192856 secs] 1311732K->877845K(2010624K), 0.1193325 secs] [Times: user=0.67 sys=0.00, real=0.12 secs] 
[GC (Allocation Failure) [ParNew: 613440K->33134K(613440K), 0.0642583 secs] 1423189K->907056K(2010624K), 0.0643064 secs] [Times: user=0.25 sys=0.00, real=0.06 secs] 
[GC (Allocation Failure) [ParNew: 578478K->68096K(613440K), 0.1201704 secs] 1452400K->989455K(2010624K), 0.1202275 secs] [Times: user=0.48 sys=0.00, real=0.12 secs] 
[GC (Allocation Failure) [ParNew: 613440K->20351K(613440K), 0.0567358 secs] 1534799K->1004981K(2010624K), 0.0567801 secs] [Times: user=0.12 sys=0.00, real=0.06 secs] 
[GC (Allocation Failure) [ParNew: 565695K->68096K(613440K), 0.1143012 secs] 1550325K->1098641K(2010624K), 0.1143673 secs] [Times: user=0.41 sys=0.00, real=0.12 secs] 
[Full GC (System.gc()) [CMS: 1030545K->753666K(1397184K), 2.4507173 secs] 1241176K->753666K(2010624K), [Metaspace: 9967K->9967K(10240K)], 2.4509810 secs] [Times: user=2.42 sys=0.00, real=2.45 secs] 
[Full GC (System.gc()) [CMS: 753666K->753666K(1397184K), 1.9352021 secs] 753666K->753666K(2010624K), [Metaspace: 9967K->9967K(10240K)], 1.9353959 secs] [Times: user=1.93 sys=0.00, real=1.94 secs] 
[Full GC (System.gc()) [CMS: 753666K->753666K(1397184K), 1.9244525 secs] 753666K->753666K(2010624K), [Metaspace: 9967K->9967K(10240K)]
*** PauseDetector detected a 6316 ms pause at Fri Dec 19 16:34:29 EET 2014 ***

, 1.9246610 secs] [Times: user=1.90 sys=0.00, real=1.93 secs] 
********************************
********** ROUND    8 **********
********************************
[GC (Allocation Failure) [ParNew: 545344K->68096K(613440K), 0.1140254 secs] 1299010K->875405K(2010624K), 0.1140844 secs] [Times: user=0.45 sys=0.00, real=0.11 secs] 
[GC (Allocation Failure) [ParNew: 613440K->37090K(613440K), 0.0436265 secs] 1420749K->905184K(2010624K), 0.0436766 secs] [Times: user=0.16 sys=0.00, real=0.04 secs] 
[GC (Allocation Failure) [ParNew: 582434K->68096K(613440K), 0.0937176 secs] 1450528K->981050K(2010624K), 0.0937824 secs] [Times: user=0.30 sys=0.00, real=0.09 secs] 
[GC (Allocation Failure) [ParNew: 613440K->41281K(613440K), 0.0554642 secs] 1526394K->1018121K(2010624K), 0.0555124 secs] [Times: user=0.23 sys=0.00, real=0.06 secs] 
[GC (Allocation Failure) [ParNew: 586625K->68096K(613440K), 0.0928578 secs] 1563465K->1088604K(2010624K), 0.0929047 secs] [Times: user=0.47 sys=0.00, real=0.09 secs] 
[GC (Allocation Failure) [ParNew: 613440K->40909K(613440K), 0.0421432 secs] 1633948K->1124559K(2010624K), 0.0421926 secs] [Times: user=0.14 sys=0.00, real=0.04 secs] 
[GC (Allocation Failure) [ParNew: 586253K->68096K(613440K), 0.0857793 secs] 1669903K->1194781K(2010624K), 0.0858268 secs] [Times: user=0.30 sys=0.00, real=0.09 secs] 
[GC (Allocation Failure) [ParNew: 613440K->34218K(613440K), 0.0434097 secs] 1740125K->1224356K(2010624K), 0.0434571 secs] [Times: user=0.17 sys=0.00, real=0.04 secs] 
[GC (CMS Initial Mark) [1 CMS-initial-mark: 1190137K(1397184K)] 1224358K(2010624K), 0.0033747 secs] [Times: user=0.00 sys=0.00, real=0.00 secs] 
[CMS-concurrent-mark-start]
[GC (Allocation Failure) [ParNew: 579562K->68096K(613440K), 0.0722402 secs] 1769700K->1300989K(2010624K), 0.0723043 secs] [Times: user=0.44 sys=0.00, real=0.07 secs] 
[CMS-concurrent-mark: 1.690/1.763 secs] [Times: user=6.02 sys=0.00, real=1.76 secs] 
[CMS-concurrent-preclean-start]
[CMS-concurrent-preclean: 0.173/0.181 secs] [Times: user=0.34 sys=0.00, real=0.18 secs] 
[CMS-concurrent-abortable-preclean-start]
[CMS-concurrent-abortable-preclean: 0.461/0.660 secs] [Times: user=1.14 sys=0.00, real=0.66 secs] 
[GC (CMS Final Remark) [YG occupancy: 420488 K (613440 K)][Rescan (parallel) , 0.0794900 secs][weak refs processing, 0.0000218 secs][class unloading, 0.0056914 secs][scrub symbol table, 0.0012119 secs][scrub string table, 0.0003952 secs][1 CMS-remark: 1232893K(1397184K)] 1653381K(2010624K), 0.0876187 secs] [Times: user=0.51 sys=0.00, real=0.09 secs] 
[CMS-concurrent-sweep-start]
[GC (Allocation Failure) [ParNew: 613440K->54762K(613440K), 0.0369285 secs] 1846333K->1351093K(2010624K), 0.0369779 secs] [Times: user=0.23 sys=0.00, real=0.04 secs] 
[CMS-concurrent-sweep: 0.833/0.870 secs] [Times: user=2.14 sys=0.00, real=0.87 secs] 
[CMS-concurrent-reset-start]
[CMS-concurrent-reset: 0.003/0.003 secs] [Times: user=0.00 sys=0.00, real=0.00 secs] 
[GC (Allocation Failure) [ParNew: 600106K->68096K(613440K), 0.0724666 secs] 1351659K->863173K(2010624K), 0.0725282 secs] [Times: user=0.38 sys=0.00, real=0.07 secs] 
[GC (Allocation Failure) [ParNew: 613440K->40481K(613440K), 0.0398220 secs] 1408517K->897988K(2010624K), 0.0398701 secs] [Times: user=0.14 sys=0.00, real=0.04 secs] 
[GC (Allocation Failure) [ParNew (0: promotion failure size = 2779)  (1: promotion failure size = 2779)  (2: promotion failure size = 2779)  (3: promotion failure size = 2779)  (4: promotion failure size = 2779)  (5: promotion failure size = 2779)  (6: promotion failure size = 2779)  (7: promotion failure size = 2779)  (promotion failed): 585825K->613440K(613440K), 0.2771197 secs][CMS: 899551K->753197K(1397184K), 2.4499994 secs] 1443332K->753197K(2010624K), [Metaspace: 9967K->9967K(10240K)], 2.7271852 secs] [Times: user=3.00 sys=0.02, real=2.73 secs] 

*** PauseDetector detected a 2728 ms pause at Fri Dec 19 16:34:52 EET 2014 ***

[GC (Allocation Failure) [ParNew: 545344K->41033K(613440K), 0.0060905 secs] 1298541K->794231K(2010624K), 0.0061354 secs] [Times: user=0.00 sys=0.00, real=0.01 secs] 
[GC (Allocation Failure) [ParNew: 586377K->68096K(613440K), 0.0705156 secs] 1339575K->864155K(2010624K), 0.0705740 secs] [Times: user=0.26 sys=0.00, real=0.07 secs] 
[GC (Allocation Failure) [ParNew: 613440K->54677K(613440K), 0.0364941 secs] 1409499K->914495K(2010624K), 0.0365410 secs] [Times: user=0.23 sys=0.00, real=0.04 secs] 
[GC (Allocation Failure) [ParNew: 600021K->68096K(613440K), 0.0659040 secs] 1459839K->969185K(2010624K), 0.0659688 secs] [Times: user=0.33 sys=0.00, real=0.07 secs] 
[GC (Allocation Failure) [ParNew: 613440K->34222K(613440K), 0.0413252 secs] 1514529K->998981K(2010624K), 0.0413714 secs] [Times: user=0.20 sys=0.00, real=0.04 secs] 
[GC (Allocation Failure) [ParNew: 579566K->68096K(613440K), 0.0613417 secs] 1544325K->1073948K(2010624K), 0.0613982 secs] [Times: user=0.30 sys=0.00, real=0.06 secs] 
[GC (Allocation Failure) [ParNew: 613440K->54742K(613440K), 0.0321372 secs] 1619292K->1124043K(2010624K), 0.0321853 secs] [Times: user=0.19 sys=0.00, real=0.03 secs] 
[GC (Allocation Failure) [ParNew: 600086K->68096K(613440K), 0.0629578 secs] 1669387K->1178488K(2010624K), 0.0630182 secs] [Times: user=0.30 sys=0.00, real=0.06 secs] 
[GC (Allocation Failure) [ParNew: 613440K->40999K(613440K), 0.0378844 secs] 1723832K->1214703K(2010624K), 0.0379454 secs] [Times: user=0.14 sys=0.00, real=0.04 secs] 
[GC (CMS Initial Mark) [1 CMS-initial-mark: 1173704K(1397184K)] 1225669K(2010624K), 0.0026683 secs] [Times: user=0.00 sys=0.00, real=0.00 secs] 
[CMS-concurrent-mark-start]
[CMS-concurrent-mark: 1.509/1.509 secs] [Times: user=4.88 sys=0.00, real=1.51 secs] 
[CMS-concurrent-preclean-start]
[GC (Allocation Failure) [ParNew: 586343K->68096K(613440K), 0.0753159 secs] 1760047K->1284863K(2010624K), 0.0753730 secs] [Times: user=0.37 sys=0.00, real=0.08 secs] 
[CMS-concurrent-preclean: 0.061/0.137 secs] [Times: user=0.48 sys=0.00, real=0.14 secs] 
[GC (CMS Final Remark) [YG occupancy: 68146 K (613440 K)][Rescan (parallel) , 0.0300521 secs][weak refs processing, 0.0000218 secs][class unloading, 0.0067025 secs][scrub symbol table, 0.0014865 secs][scrub string table, 0.0005550 secs][1 CMS-remark: 1216767K(1397184K)] 1284914K(2010624K), 0.0399580 secs] [Times: user=0.23 sys=0.00, real=0.04 secs] 
[CMS-concurrent-sweep-start]
[CMS-concurrent-sweep: 0.650/0.650 secs] [Times: user=1.33 sys=0.00, real=0.65 secs] 
[CMS-concurrent-reset-start]
[CMS-concurrent-reset: 0.003/0.003 secs] [Times: user=0.00 sys=0.00, real=0.00 secs] 
[GC (Allocation Failure) [ParNew: 613440K->46429K(613440K), 0.0338861 secs] 1300737K->794920K(2010624K), 0.0339477 secs] [Times: user=0.11 sys=0.00, real=0.03 secs] 
[GC (Allocation Failure) [ParNew: 591773K->68096K(613440K), 0.0637733 secs] 1340264K->857487K(2010624K), 0.0638291 secs] [Times: user=0.30 sys=0.00, real=0.06 secs] 
[GC (Allocation Failure) [ParNew: 613440K->27253K(613440K), 0.0325998 secs] 1402831K->879969K(2010624K), 0.0326479 secs] [Times: user=0.09 sys=0.00, real=0.03 secs] 
[GC (Allocation Failure) [ParNew: 572597K->68096K(613440K), 0.0814570 secs] 1425313K->961461K(2010624K), 0.0815058 secs] [Times: user=0.25 sys=0.00, real=0.08 secs] 
[GC (Allocation Failure) [ParNew (0: promotion failure size = 1854)  (1: promotion failure size = 1854)  (2: promotion failure size = 1854)  (3: promotion failure size = 1854)  (4: promotion failure size = 1854)  (5: promotion failure size = 1854)  (6: promotion failure size = 1854)  (7: promotion failure size = 1854)  (promotion failed): 613440K->579613K(613440K), 1.4420695 secs][CMS: 931396K->752723K(1397184K), 2.2853216 secs] 1506805K->752723K(2010624K), [Metaspace: 9967K->9967K(10240K)], 3.7275541 secs] [Times: user=3.76 sys=0.16, real=3.73 secs] 

*** PauseDetector detected a 3732 ms pause at Fri Dec 19 16:35:19 EET 2014 ***

[GC (Allocation Failure) [ParNew: 545344K->68096K(613440K), 0.0571330 secs] 1298067K->864136K(2010624K), 0.0571824 secs] [Times: user=0.20 sys=0.00, real=0.06 secs] 
[GC (Allocation Failure) [ParNew: 613440K->33141K(613440K), 0.0322751 secs] 1409480K->890672K(2010624K), 0.0323213 secs] [Times: user=0.14 sys=0.00, real=0.03 secs] 
[GC (Allocation Failure) [ParNew: 578485K->68096K(613440K), 0.0582711 secs] 1436016K->966821K(2010624K), 0.0583173 secs] [Times: user=0.20 sys=0.00, real=0.06 secs] 
[GC (Allocation Failure) [ParNew: 613440K->33814K(613440K), 0.0321917 secs] 1512165K->995347K(2010624K), 0.0322392 secs] [Times: user=0.13 sys=0.00, real=0.03 secs] 
[GC (Allocation Failure) [ParNew: 579158K->68096K(613440K), 0.0563740 secs] 1540691K->1070807K(2010624K), 0.0564221 secs] [Times: user=0.25 sys=0.00, real=0.06 secs] 
[GC (Allocation Failure) [ParNew: 613440K->26889K(613440K), 0.0355998 secs] 1616151K->1091982K(2010624K), 0.0356434 secs] [Times: user=0.11 sys=0.00, real=0.04 secs] 
[GC (Allocation Failure) [ParNew: 572233K->68096K(613440K), 0.0562579 secs] 1637326K->1174309K(2010624K), 0.0563060 secs] [Times: user=0.25 sys=0.00, real=0.06 secs] 
[GC (Allocation Failure) [ParNew: 613440K->26908K(613440K), 0.0410230 secs] 1719653K->1195366K(2010624K), 0.0410692 secs] [Times: user=0.09 sys=0.00, real=0.04 secs] 
[GC (CMS Initial Mark) [1 CMS-initial-mark: 1168457K(1397184K)] 1206332K(2010624K), 0.0032361 secs] [Times: user=0.06 sys=0.00, real=0.00 secs] 
[CMS-concurrent-mark-start]
[CMS-concurrent-mark: 1.397/1.397 secs] [Times: user=4.42 sys=0.02, real=1.40 secs] 
[CMS-concurrent-preclean-start]
[CMS-concurrent-preclean: 0.079/0.083 secs] [Times: user=0.19 sys=0.00, real=0.08 secs] 
[CMS-concurrent-abortable-preclean-start]
[GC (Allocation Failure) [ParNew[CMS-concurrent-abortable-preclean: 0.023/0.122 secs] [Times: user=0.36 sys=0.00, real=0.12 secs] 
: 572252K->68096K(613440K), 0.0522031 secs] 1740710K->1276348K(2010624K), 0.0522512 secs] [Times: user=0.30 sys=0.00, real=0.05 secs] 
[GC (CMS Final Remark) [YG occupancy: 79062 K (613440 K)][Rescan (parallel) , 0.0252531 secs][weak refs processing, 0.0000212 secs][class unloading, 0.0060546 secs][scrub symbol table, 0.0014833 secs][scrub string table, 0.0005216 secs][1 CMS-remark: 1208252K(1397184K)] 1287315K(2010624K), 0.0342332 secs] [Times: user=0.12 sys=0.00, real=0.04 secs] 
[CMS-concurrent-sweep-start]
[CMS-concurrent-sweep: 0.707/0.707 secs] [Times: user=1.45 sys=0.00, real=0.71 secs] 
[CMS-concurrent-reset-start]
[CMS-concurrent-reset: 0.003/0.003 secs] [Times: user=0.00 sys=0.00, real=0.00 secs] 
[GC (Allocation Failure) [ParNew: 613440K->41089K(613440K), 0.0318421 secs] 1297472K->788492K(2010624K), 0.0319043 secs] [Times: user=0.14 sys=0.00, real=0.03 secs] 
[GC (Allocation Failure) [ParNew: 586433K->68096K(613440K), 0.0532001 secs] 1333836K->855225K(2010624K), 0.0532495 secs] [Times: user=0.26 sys=0.00, real=0.05 secs] 
[GC (Allocation Failure) [ParNew: 613440K->34221K(613440K), 0.0338297 secs] 1400569K->884801K(2010624K), 0.0338823 secs] [Times: user=0.12 sys=0.00, real=0.03 secs] 
[GC (Allocation Failure) [ParNew (0: promotion failure size = 14056)  (1: promotion failure size = 14056)  (2: promotion failure size = 14056)  (3: promotion failure size = 14056)  (4: promotion failure size = 14056)  (5: promotion failure size = 14056)  (6: promotion failure size = 14056)  (7: promotion failure size = 14056)  (promotion failed): 579565K->613440K(613440K), 0.3252925 secs][CMS: 916132K->774085K(1397184K), 2.4519922 secs] 1430145K->774085K(2010624K), [Metaspace: 9967K->9967K(10240K)]
*** PauseDetector detected a 2780 ms pause at Fri Dec 19 16:35:41 EET 2014 ***

, 2.7773533 secs] [Times: user=3.37 sys=0.00, real=2.78 secs] 
[GC (Allocation Failure) [ParNew: 545344K->27369K(613440K), 0.0075623 secs] 1319429K->801454K(2010624K), 0.0076078 secs] [Times: user=0.00 sys=0.00, real=0.01 secs] 
[GC (Allocation Failure) [ParNew: 572713K->68096K(613440K), 0.2065874 secs] 1346798K->903191K(2010624K), 0.2066349 secs] [Times: user=0.97 sys=0.00, real=0.21 secs] 
[GC (Allocation Failure) [ParNew: 613440K->33768K(613440K), 0.0893491 secs] 1448535K->933175K(2010624K), 0.0893965 secs] [Times: user=0.33 sys=0.00, real=0.09 secs] 
[GC (Allocation Failure) [ParNew: 579112K->68096K(613440K), 0.1728932 secs] 1478519K->1022197K(2010624K), 0.1729503 secs] [Times: user=0.76 sys=0.00, real=0.17 secs] 
[GC (Allocation Failure) [ParNew: 613440K->27281K(613440K), 0.0637297 secs] 1567541K->1045048K(2010624K), 0.0637759 secs] [Times: user=0.23 sys=0.00, real=0.06 secs] 
[GC (Allocation Failure) [ParNew: 572625K->68096K(613440K), 0.1713957 secs] 1590392K->1136076K(2010624K), 0.1714419 secs] [Times: user=0.64 sys=0.00, real=0.17 secs] 
[GC (Allocation Failure) [ParNew: 613440K->20566K(613440K), 0.0604563 secs] 1681420K->1152143K(2010624K), 0.0605019 secs] [Times: user=0.19 sys=0.00, real=0.06 secs] 
[GC (Allocation Failure) [ParNew: 565910K->68096K(613440K), 0.1248949 secs] 1697487K->1248733K(2010624K), 0.1249443 secs] [Times: user=0.70 sys=0.00, real=0.13 secs] 
[GC (CMS Initial Mark) [1 CMS-initial-mark: 1180637K(1397184K)] 1259756K(2010624K), 0.0113001 secs] [Times: user=0.00 sys=0.00, real=0.01 secs] 
[CMS-concurrent-mark-start]
[GC (Allocation Failure) [ParNew: 613440K->41108K(613440K), 0.0575917 secs] 1794077K->1285368K(2010624K), 0.0576482 secs] [Times: user=0.23 sys=0.00, real=0.06 secs] 
[CMS-concurrent-mark: 1.448/1.506 secs] [Times: user=4.65 sys=0.00, real=1.51 secs] 
[CMS-concurrent-preclean-start]
[CMS-concurrent-preclean: 0.081/0.082 secs] [Times: user=0.22 sys=0.00, real=0.08 secs] 
[CMS-concurrent-abortable-preclean-start]
[CMS-concurrent-abortable-preclean: 0.435/1.050 secs] [Times: user=1.89 sys=0.00, real=1.05 secs] 
[GC (CMS Final Remark) [YG occupancy: 405048 K (613440 K)][Rescan (parallel) , 0.0827999 secs][weak refs processing, 0.0000154 secs][class unloading, 0.0073826 secs][scrub symbol table, 0.0011536 secs][scrub string table, 0.0004055 secs][1 CMS-remark: 1244259K(1397184K)] 1649308K(2010624K), 0.0925743 secs] [Times: user=0.38 sys=0.00, real=0.09 secs] 
[CMS-concurrent-sweep-start]
[GC (Allocation Failure) [ParNew: 586452K->68096K(613440K), 0.1158866 secs] 1790127K->1318311K(2010624K), 0.1159373 secs] [Times: user=0.70 sys=0.01, real=0.12 secs] 
[CMS-concurrent-sweep: 0.871/0.987 secs] [Times: user=2.46 sys=0.01, real=0.99 secs] 
[CMS-concurrent-reset-start]
[CMS-concurrent-reset: 0.003/0.003 secs] [Times: user=0.00 sys=0.00, real=0.00 secs] 
[GC (Allocation Failure) [ParNew: 613440K->34216K(613440K), 0.0572087 secs] 1420631K->904891K(2010624K), 0.0572536 secs] [Times: user=0.19 sys=0.00, real=0.06 secs] 
[GC (Allocation Failure) [ParNew: 579560K->68096K(613440K), 0.1162888 secs] 1450235K->984594K(2010624K), 0.1163459 secs] [Times: user=0.47 sys=0.00, real=0.12 secs] 
[GC (Allocation Failure) [ParNew (1: promotion failure size = 4167)  (2: promotion failure size = 4167)  (3: promotion failure size = 4167)  (5: promotion failure size = 4167)  (promotion failed): 613440K->572709K(613440K), 0.2199656 secs][CMS: 979871K->757947K(1397184K), 2.3250840 secs] 1529938K->757947K(2010624K), [Metaspace: 9967K->9967K(10240K)], 2.5451079 secs]
*** PauseDetector detected a 2547 ms pause at Fri Dec 19 16:36:05 EET 2014 ***

 [Times: user=2.65 sys=0.00, real=2.55 secs] 
[GC (Allocation Failure) [ParNew: 545344K->68096K(613440K), 0.0921489 secs] 1303291K->872341K(2010624K), 0.0922015 secs] [Times: user=0.50 sys=0.00, real=0.09 secs] 
[GC (Allocation Failure) [ParNew: 613440K->34282K(613440K), 0.0528081 secs] 1417685K->902807K(2010624K), 0.0528569 secs] [Times: user=0.17 sys=0.00, real=0.05 secs] 
[GC (Allocation Failure) [ParNew: 579626K->68096K(613440K), 0.0977242 secs] 1448151K->981542K(2010624K), 0.0977717 secs] [Times: user=0.40 sys=0.00, real=0.10 secs] 
[GC (Allocation Failure) [ParNew: 613440K->34210K(613440K), 0.0505324 secs] 1526886K->1011763K(2010624K), 0.0505793 secs] [Times: user=0.17 sys=0.00, real=0.05 secs] 
[GC (Allocation Failure) [ParNew: 579554K->68096K(613440K), 0.0976190 secs] 1557107K->1089028K(2010624K), 0.0976671 secs] [Times: user=0.31 sys=0.00, real=0.10 secs] 
[Full GC (System.gc()) [CMS: 1020932K->750766K(1397184K), 2.2238625 secs] 1188206K->750766K(2010624K), [Metaspace: 9967K->9967K(10240K)], 2.2241685 secs] [Times: user=2.20 sys=0.00, real=2.23 secs] 
[Full GC (System.gc()) [CMS: 750766K->750767K(1397184K), 1.9325813 secs] 761732K->750767K(2010624K), [Metaspace: 9967K->9967K(10240K)], 1.9328950 secs] [Times: user=1.92 sys=0.00, real=1.93 secs] 
[Full GC (System.gc()) [CMS: 750767K->750767K(1397184K), 2.0576988 secs] 750767K->750767K(2010624K), [Metaspace: 9967K->9967K(10240K)], 2.0579138 secs] [Times: user=2.06 sys=0.00, real=2.06 secs] 

*** PauseDetector detected a 2228 ms pause at Fri Dec 19 16:36:16 EET 2014 ***


*** PauseDetector detected a 3997 ms pause at Fri Dec 19 16:36:20 EET 2014 ***

[GC (Allocation Failure) [ParNew: 545344K->68096K(613440K), 0.0845424 secs] 1296111K->866469K(2010624K), 0.0846033 secs] [Times: user=0.26 sys=0.00, real=0.09 secs] 
[GC (Allocation Failure) [ParNew: 613440K->23252K(613440K), 0.0491133 secs] 1411813K->882120K(2010624K), 0.0491678 secs] [Times: user=0.12 sys=0.00, real=0.05 secs] 
[GC (Allocation Failure) [ParNew: 568596K->68096K(613440K), 0.0836994 secs] 1427464K->970763K(2010624K), 0.0837417 secs] [Times: user=0.31 sys=0.00, real=0.08 secs] 
[GC (Allocation Failure) [ParNew: 613440K->20493K(613440K), 0.0467298 secs] 1516107K->986253K(2010624K), 0.0467792 secs] [Times: user=0.14 sys=0.00, real=0.05 secs] 
[GC (Allocation Failure) [ParNew: 565837K->68096K(613440K), 0.0741347 secs] 1531597K->1076422K(2010624K), 0.0741931 secs] [Times: user=0.41 sys=0.00, real=0.07 secs] 
[GC (Allocation Failure) [ParNew: 613440K->20567K(613440K), 0.0389520 secs] 1621766K->1092305K(2010624K), 0.0390001 secs] [Times: user=0.13 sys=0.00, real=0.04 secs] 
[Full GC (System.gc()) [CMS: 1071738K->749628K(1397184K), 1.9195329 secs] 1289663K->749628K(2010624K), [Metaspace: 9967K->9967K(10240K)], 1.9197575 secs] [Times: user=1.92 sys=0.00, real=1.92 secs] 
[Full GC (System.gc()) [CMS: 749628K->749629K(1397184K), 1.9795299 secs] 760594K->749629K(2010624K), [Metaspace: 9967K->9967K(10240K)], 1.9797583 secs] [Times: user=1.95 sys=0.00, real=1.98 secs] 
[Full GC (System.gc()) [CMS: 749629K->749552K(1397184K), 1.9405343 secs] 760595K->749552K(2010624K), [Metaspace: 9967K->9967K(10240K)], 1.9409186 secs] [Times: user=1.93 sys=0.00, real=1.94 secs] 
********************************
********** ROUND    9 **********
********************************

*** PauseDetector detected a 1924 ms pause at Fri Dec 19 16:36:32 EET 2014 ***


*** PauseDetector detected a 3927 ms pause at Fri Dec 19 16:36:36 EET 2014 ***

[GC (Allocation Failure) [ParNew: 545344K->7588K(613440K), 0.0089031 secs] 1294896K->757140K(2010624K), 0.0089500 secs] [Times: user=0.05 sys=0.00, real=0.01 secs] 
[GC (Allocation Failure) [ParNew: 552932K->68096K(613440K), 0.0677241 secs] 1302484K->861319K(2010624K), 0.0677735 secs] [Times: user=0.30 sys=0.00, real=0.07 secs] 
[GC (Allocation Failure) [ParNew: 613440K->26205K(613440K), 0.0379473 secs] 1406663K->882360K(2010624K), 0.0380070 secs] [Times: user=0.08 sys=0.00, real=0.04 secs] 
[GC (Allocation Failure) [ParNew: 571549K->68096K(613440K), 0.0638901 secs] 1427704K->968264K(2010624K), 0.0639375 secs] [Times: user=0.25 sys=0.00, real=0.06 secs] 
[GC (Allocation Failure) [ParNew: 613440K->26335K(613440K), 0.0414971 secs] 1513608K->987713K(2010624K), 0.0415587 secs] [Times: user=0.17 sys=0.00, real=0.04 secs] 
[GC (Allocation Failure) [ParNew: 571679K->68096K(613440K), 0.0662600 secs] 1533057K->1070807K(2010624K), 0.0663062 secs] [Times: user=0.30 sys=0.00, real=0.07 secs] 
[GC (Allocation Failure) [ParNew: 613440K->34101K(613440K), 0.0356081 secs] 1616151K->1100114K(2010624K), 0.0356658 secs] [Times: user=0.16 sys=0.00, real=0.03 secs] 
[GC (Allocation Failure) [ParNew: 579445K->68096K(613440K), 0.0689502 secs] 1645458K->1176310K(2010624K), 0.0689996 secs] [Times: user=0.26 sys=0.00, real=0.07 secs] 
[GC (Allocation Failure) [ParNew: 613440K->20182K(613440K), 0.0441892 secs] 1721654K->1190700K(2010624K), 0.0442341 secs] [Times: user=0.11 sys=0.00, real=0.04 secs] 
[GC (CMS Initial Mark) [1 CMS-initial-mark: 1170517K(1397184K)] 1201664K(2010624K), 0.0052898 secs] [Times: user=0.00 sys=0.00, real=0.01 secs] 
[CMS-concurrent-mark-start]
[CMS-concurrent-mark: 1.253/1.253 secs] [Times: user=4.07 sys=0.00, real=1.25 secs] 
[CMS-concurrent-preclean-start]
[CMS-concurrent-preclean: 0.075/0.079 secs] [Times: user=0.19 sys=0.00, real=0.08 secs] 
[CMS-concurrent-abortable-preclean-start]
[GC (Allocation Failure) [ParNew[CMS-concurrent-abortable-preclean: 0.045/0.252 secs] [Times: user=0.53 sys=0.00, real=0.25 secs] 
: 565526K->68096K(613440K), 0.0575391 secs] 1736044K->1279479K(2010624K), 0.0575968 secs] [Times: user=0.41 sys=0.00, real=0.06 secs] 
[GC (CMS Final Remark) [YG occupancy: 79062 K (613440 K)][Rescan (parallel) , 0.0285572 secs][weak refs processing, 0.0000212 secs][class unloading, 0.0066775 secs][scrub symbol table, 0.0011054 secs][scrub string table, 0.0003946 secs][1 CMS-remark: 1211383K(1397184K)] 1290445K(2010624K), 0.0375444 secs] [Times: user=0.25 sys=0.00, real=0.04 secs] 
[CMS-concurrent-sweep-start]
[CMS-concurrent-sweep: 0.582/0.582 secs] [Times: user=1.20 sys=0.00, real=0.58 secs] 
[CMS-concurrent-reset-start]
[CMS-concurrent-reset: 0.002/0.002 secs] [Times: user=0.00 sys=0.00, real=0.00 secs] 
[GC (Allocation Failure) [ParNew: 613440K->41084K(613440K), 0.0366481 secs] 1299022K->790058K(2010624K), 0.0366924 secs] [Times: user=0.11 sys=0.00, real=0.04 secs] 
[GC (Allocation Failure) [ParNew: 586428K->68096K(613440K), 0.0555053 secs] 1335402K->857809K(2010624K), 0.0555656 secs] [Times: user=0.26 sys=0.00, real=0.06 secs] 
[GC (Allocation Failure) [ParNew: 613440K->27380K(613440K), 0.0340414 secs] 1403153K->880585K(2010624K), 0.0340863 secs] [Times: user=0.08 sys=0.00, real=0.03 secs] 
[GC (Allocation Failure) [ParNew: 572724K->68096K(613440K), 0.0704733 secs] 1425929K->961944K(2010624K), 0.0705297 secs] [Times: user=0.23 sys=0.00, real=0.07 secs] 
[GC (Allocation Failure) [ParNew: 613440K->34279K(613440K), 0.0933134 secs] 1507288K->991532K(2010624K), 0.0933641 secs] [Times: user=0.16 sys=0.02, real=0.09 secs] 
[GC (Allocation Failure) [ParNew (0: promotion failure size = 93)  (1: promotion failure size = 93)  (2: promotion failure size = 93)  (3: promotion failure size = 93)  (4: promotion failure size = 93)  (5: promotion failure size = 1854)  (6: promotion failure size = 93)  (7: promotion failure size = 93)  (promotion failed): 579623K->613440K(613440K), 0.5870432 secs][CMS: 989788K->751390K(1397184K), 2.0058813 secs] 1536876K->751390K(2010624K), [Metaspace: 9967K->9967K(10240K)], 2.5929817 secs] [Times: user=2.85 sys=0.06, real=2.59 secs] 

*** PauseDetector detected a 2594 ms pause at Fri Dec 19 16:37:02 EET 2014 ***

[GC (Allocation Failure) [ParNew: 545344K->34216K(613440K), 0.0069014 secs] 1296734K->785606K(2010624K), 0.0069515 secs] [Times: user=0.00 sys=0.00, real=0.01 secs] 
[GC (Allocation Failure) [ParNew: 579560K->68096K(613440K), 0.0537705 secs] 1330950K->860374K(2010624K), 0.0538334 secs] [Times: user=0.23 sys=0.00, real=0.05 secs] 
[GC (Allocation Failure) [ParNew: 613440K->20532K(613440K), 0.0415754 secs] 1405718K->876619K(2010624K), 0.0416203 secs] [Times: user=0.19 sys=0.00, real=0.04 secs] 
[GC (Allocation Failure) [ParNew: 565876K->68096K(613440K), 0.0567981 secs] 1421963K->964186K(2010624K), 0.0568462 secs] [Times: user=0.25 sys=0.00, real=0.06 secs] 
[GC (Allocation Failure) [ParNew: 613440K->27384K(613440K), 0.0325998 secs] 1509530K->986990K(2010624K), 0.0326517 secs] [Times: user=0.08 sys=0.00, real=0.03 secs] 
[GC (Allocation Failure) [ParNew: 572728K->68096K(613440K), 0.0550305 secs] 1532334K->1067552K(2010624K), 0.0550806 secs] [Times: user=0.22 sys=0.00, real=0.06 secs] 
[GC (Allocation Failure) [ParNew: 613440K->34275K(613440K), 0.0305358 secs] 1612896K->1097135K(2010624K), 0.0305852 secs] [Times: user=0.16 sys=0.00, real=0.03 secs] 
[GC (Allocation Failure) [ParNew: 579619K->68096K(613440K), 0.0566903 secs] 1642479K->1172292K(2010624K), 0.0567461 secs] [Times: user=0.19 sys=0.00, real=0.06 secs] 
[GC (Allocation Failure) [ParNew: 613440K->26803K(613440K), 0.0309984 secs] 1717636K->1192845K(2010624K), 0.0310465 secs] [Times: user=0.08 sys=0.00, real=0.03 secs] 
[GC (CMS Initial Mark) [1 CMS-initial-mark: 1166041K(1397184K)] 1192847K(2010624K), 0.0053430 secs] [Times: user=0.00 sys=0.00, real=0.01 secs] 
[CMS-concurrent-mark-start]
[CMS-concurrent-mark: 1.262/1.262 secs] [Times: user=4.01 sys=0.00, real=1.26 secs] 
[CMS-concurrent-preclean-start]
[CMS-concurrent-preclean: 0.065/0.069 secs] [Times: user=0.13 sys=0.00, real=0.07 secs] 
[CMS-concurrent-abortable-preclean-start]
[GC (Allocation Failure) [ParNew[CMS-concurrent-abortable-preclean: 0.039/0.248 secs] [Times: user=0.45 sys=0.00, real=0.25 secs] 
: 572147K->68096K(613440K), 0.0521665 secs] 1738189K->1273871K(2010624K), 0.0522140 secs] [Times: user=0.30 sys=0.00, real=0.05 secs] 
[GC (CMS Final Remark) [YG occupancy: 79062 K (613440 K)][Rescan (parallel) , 0.0229966 secs][weak refs processing, 0.0000212 secs][class unloading, 0.0048689 secs][scrub symbol table, 0.0011074 secs][scrub string table, 0.0003721 secs][1 CMS-remark: 1205775K(1397184K)] 1284838K(2010624K), 0.0301355 secs] [Times: user=0.22 sys=0.00, real=0.03 secs] 
[CMS-concurrent-sweep-start]
[CMS-concurrent-sweep: 0.558/0.558 secs] [Times: user=1.12 sys=0.00, real=0.56 secs] 
[CMS-concurrent-reset-start]
[CMS-concurrent-reset: 0.004/0.004 secs] [Times: user=0.00 sys=0.00, real=0.00 secs] 
[GC (Allocation Failure) [ParNew: 613440K->41076K(613440K), 0.0300187 secs] 1297123K->788200K(2010624K), 0.0300694 secs] [Times: user=0.11 sys=0.00, real=0.03 secs] 
[GC (Allocation Failure) [ParNew: 586420K->68096K(613440K), 0.1860795 secs] 1333544K->882991K(2010624K), 0.1861327 secs] [Times: user=0.72 sys=0.00, real=0.19 secs] 
[GC (Allocation Failure) [ParNew: 613440K->47752K(613440K), 0.0859186 secs] 1428335K->926907K(2010624K), 0.0859660 secs] [Times: user=0.36 sys=0.00, real=0.09 secs] 
[GC (Allocation Failure) [ParNew: 593096K->68096K(613440K), 0.2052735 secs] 1472251K->1004216K(2010624K), 0.2053332 secs] [Times: user=0.92 sys=0.00, real=0.20 secs] 
[GC (Allocation Failure) [ParNew (0: promotion failure size = 9372)  (1: promotion failure size = 9372)  (2: promotion failure size = 9372)  (3: promotion failure size = 9372)  (4: promotion failure size = 9372)  (5: promotion failure size = 9372)  (6: promotion failure size = 9372)  (7: promotion failure size = 9372)  (promotion failed): 613440K->593149K(613440K), 0.2217556 secs][CMS: 996777K->768275K(1397184K), 2.3862512 secs] 1549560K->768275K(2010624K), [Metaspace: 9967K->9967K(10240K)], 2.6080722 secs] [Times: user=2.87 sys=0.00, real=2.61 secs] 

*** PauseDetector detected a 2611 ms pause at Fri Dec 19 16:37:28 EET 2014 ***

[GC (Allocation Failure) [ParNew: 545344K->68096K(613440K), 0.1712347 secs] 1313619K->894879K(2010624K), 0.1712834 secs] [Times: user=0.70 sys=0.00, real=0.17 secs] 
[GC (Allocation Failure) [ParNew: 613440K->40075K(613440K), 0.0648075 secs] 1440223K->930248K(2010624K), 0.0648601 secs] [Times: user=0.25 sys=0.00, real=0.07 secs] 
[GC (Allocation Failure) [ParNew: 585419K->68096K(613440K), 0.1508916 secs] 1475592K->1009300K(2010624K), 0.1509429 secs] [Times: user=0.61 sys=0.00, real=0.15 secs] 
[GC (Allocation Failure) [ParNew: 613440K->20275K(613440K), 0.0654337 secs] 1554644K->1024466K(2010624K), 0.0654831 secs] [Times: user=0.20 sys=0.00, real=0.06 secs] 
[GC (Allocation Failure) [ParNew: 565619K->68096K(613440K), 0.1371112 secs] 1569810K->1121326K(2010624K), 0.1371709 secs] [Times: user=0.58 sys=0.00, real=0.14 secs] 
[GC (Allocation Failure) [ParNew: 613440K->27380K(613440K), 0.0570111 secs] 1666670K->1144254K(2010624K), 0.0570579 secs] [Times: user=0.23 sys=0.00, real=0.06 secs] 
[GC (Allocation Failure) [ParNew: 572724K->68096K(613440K), 0.1241918 secs] 1689598K->1231480K(2010624K), 0.1242380 secs] [Times: user=0.48 sys=0.00, real=0.12 secs] 
[GC (Allocation Failure) [ParNew: 613440K->27428K(613440K), 0.0547611 secs] 1776824K->1254370K(2010624K), 0.0548137 secs] [Times: user=0.20 sys=0.00, real=0.06 secs] 
[GC (CMS Initial Mark) [1 CMS-initial-mark: 1226942K(1397184K)] 1254430K(2010624K), 0.0053026 secs] [Times: user=0.00 sys=0.00, real=0.01 secs] 
[CMS-concurrent-mark-start]
[CMS-concurrent-mark: 1.375/1.375 secs] [Times: user=4.57 sys=0.00, real=1.37 secs] 
[CMS-concurrent-preclean-start]
[CMS-concurrent-preclean: 0.174/0.186 secs] [Times: user=0.37 sys=0.00, real=0.19 secs] 
[CMS-concurrent-abortable-preclean-start]
[GC (Allocation Failure) [ParNew[CMS-concurrent-abortable-preclean: 0.019/0.131 secs] [Times: user=0.30 sys=0.00, real=0.13 secs] 
: 572772K->68096K(613440K), 0.1136808 secs] 1799714K->1341494K(2010624K), 0.1137379 secs] [Times: user=0.53 sys=0.02, real=0.11 secs] 
[GC (CMS Final Remark) [YG occupancy: 79116 K (613440 K)][Rescan (parallel) , 0.0716461 secs][weak refs processing, 0.0000160 secs][class unloading, 0.0059532 secs][scrub symbol table, 0.0011439 secs][scrub string table, 0.0004902 secs][1 CMS-remark: 1273398K(1397184K)] 1352515K(2010624K), 0.0800712 secs] [Times: user=0.50 sys=0.00, real=0.08 secs] 
[CMS-concurrent-sweep-start]
[CMS-concurrent-sweep: 0.919/0.919 secs] [Times: user=1.84 sys=0.00, real=0.92 secs] 
[CMS-concurrent-reset-start]
[CMS-concurrent-reset: 0.003/0.003 secs] [Times: user=0.00 sys=0.00, real=0.00 secs] 
[GC (Allocation Failure) [ParNew: 613440K->33993K(613440K), 0.0470147 secs] 1306990K->790414K(2010624K), 0.0470609 secs] [Times: user=0.16 sys=0.00, real=0.05 secs] 
[GC (Allocation Failure) [ParNew: 579337K->68096K(613440K), 0.1062719 secs] 1335758K->869769K(2010624K), 0.1063207 secs] [Times: user=0.39 sys=0.00, real=0.11 secs] 
[GC (Allocation Failure) [ParNew: 613440K->41030K(613440K), 0.0511176 secs] 1415113K->906193K(2010624K), 0.0511644 secs] [Times: user=0.16 sys=0.00, real=0.05 secs] 
[GC (Allocation Failure) [ParNew (0: promotion failure size = 4167)  (1: promotion failure size = 4167)  (2: promotion failure size = 4167)  (3: promotion failure size = 4167)  (4: promotion failure size = 4167)  (5: promotion failure size = 4167)  (6: promotion failure size = 4167)  (7: promotion failure size = 4167)  (promotion failed): 586374K->613440K(613440K), 1.9623209 secs][CMS: 892902K->755367K(1397184K), 2.5511099 secs] 1451537K->755367K(2010624K), [Metaspace: 9967K->9967K(10240K)]
*** PauseDetector detected a 4517 ms pause at Fri Dec 19 16:37:54 EET 2014 ***

, 4.5135000 secs] [Times: user=4.77 sys=0.26, real=4.51 secs] 
[GC (Allocation Failure) [ParNew: 545344K->27371K(613440K), 0.0070419 secs] 1300711K->782739K(2010624K), 0.0070888 secs] [Times: user=0.06 sys=0.00, real=0.01 secs] 
[GC (Allocation Failure) [ParNew: 572715K->68096K(613440K), 0.0794970 secs] 1328083K->867719K(2010624K), 0.0795477 secs] [Times: user=0.42 sys=0.00, real=0.08 secs] 
[GC (Allocation Failure) [ParNew: 613440K->20566K(613440K), 0.1249091 secs] 1413063K->884212K(2010624K), 0.1249572 secs] [Times: user=0.45 sys=0.00, real=0.13 secs] 
[GC (Allocation Failure) [ParNew: 565910K->68096K(613440K), 0.0825221 secs] 1429556K->974818K(2010624K), 0.0825715 secs] [Times: user=0.30 sys=0.00, real=0.08 secs] 
[GC (Allocation Failure) [ParNew: 613440K->27429K(613440K), 0.0401915 secs] 1520162K->997926K(2010624K), 0.0402390 secs] [Times: user=0.14 sys=0.00, real=0.04 secs] 
[GC (Allocation Failure) [ParNew: 572773K->68096K(613440K), 0.0788535 secs] 1543270K->1081476K(2010624K), 0.0789055 secs] [Times: user=0.33 sys=0.00, real=0.08 secs] 
[GC (Allocation Failure) [ParNew: 613440K->27429K(613440K), 0.0392696 secs] 1626820K->1104311K(2010624K), 0.0393119 secs] [Times: user=0.09 sys=0.00, real=0.04 secs] 
[GC (Allocation Failure) [ParNew: 572773K->68096K(613440K), 0.0727836 secs] 1649655K->1187924K(2010624K), 0.0728330 secs] [Times: user=0.34 sys=0.00, real=0.07 secs] 
[GC (Allocation Failure) [ParNew: 613440K->20462K(613440K), 0.0417910 secs] 1733268K->1203354K(2010624K), 0.0418410 secs] [Times: user=0.14 sys=0.00, real=0.04 secs] 
[GC (CMS Initial Mark) [1 CMS-initial-mark: 1182891K(1397184K)] 1214371K(2010624K), 0.0050505 secs] [Times: user=0.00 sys=0.00, real=0.01 secs] 
[CMS-concurrent-mark-start]
[CMS-concurrent-mark: 1.299/1.299 secs] [Times: user=4.23 sys=0.00, real=1.30 secs] 
[CMS-concurrent-preclean-start]
[CMS-concurrent-preclean: 0.098/0.105 secs] [Times: user=0.22 sys=0.00, real=0.11 secs] 
[CMS-concurrent-abortable-preclean-start]
[GC (Allocation Failure) [ParNew: 565806K->68096K(613440K), 0.0689925 secs] 1748698K->1294218K(2010624K), 0.0690393 secs] [Times: user=0.36 sys=0.00, real=0.07 secs] 
[CMS-concurrent-abortable-preclean: 0.775/1.150 secs] [Times: user=2.21 sys=0.00, real=1.15 secs] 
[GC (CMS Final Remark) [YG occupancy: 431283 K (613440 K)][Rescan (parallel) , 0.0961568 secs][weak refs processing, 0.0000160 secs][class unloading, 0.0075975 secs][scrub symbol table, 0.0021095 secs][scrub string table, 0.0007166 secs][1 CMS-remark: 1226122K(1397184K)] 1657405K(2010624K), 0.1078079 secs] [Times: user=0.44 sys=0.00, real=0.11 secs] 
[CMS-concurrent-sweep-start]
[GC (Allocation Failure) [ParNew: 613440K->40614K(613440K), 0.0343673 secs] 1839562K->1329251K(2010624K), 0.0344154 secs] [Times: user=0.13 sys=0.00, real=0.04 secs] 
[CMS-concurrent-sweep: 0.718/0.753 secs] [Times: user=1.79 sys=0.00, real=0.75 secs] 
[CMS-concurrent-reset-start]
[CMS-concurrent-reset: 0.003/0.003 secs] [Times: user=0.00 sys=0.00, real=0.00 secs] 
[Full GC (System.gc()) [CMS: 750324K->719477K(1397184K), 2.0255065 secs] 879337K->719477K(2010624K), [Metaspace: 9963K->9963K(10240K)], 2.0258151 secs] [Times: user=2.03 sys=0.00, real=2.02 secs] 
[Full GC (System.gc()) [CMS: 719477K->719477K(1397184K), 1.8846055 secs] 719477K->719477K(2010624K), [Metaspace: 9963K->9963K(10240K)], 1.8848301 secs] [Times: user=1.79 sys=0.00, real=1.88 secs] 
[Full GC (System.gc()) [CMS: 719477K->719484K(1397184K), 1.8940803 secs] 730443K->719484K(2010624K), [Metaspace: 9963K->9963K(10240K)], 1.8943414 secs] [Times: user=1.90 sys=0.00, real=1.90 secs] 

*** PauseDetector detected a 3914 ms pause at Fri Dec 19 16:38:17 EET 2014 ***


*** PauseDetector detected a 1901 ms pause at Fri Dec 19 16:38:17 EET 2014 ***

[GC (Allocation Failure) [ParNew: 545344K->38410K(613440K), 0.0213985 secs] 1264828K->757894K(2010624K), 0.0215037 secs] [Times: user=0.03 sys=0.00, real=0.02 secs] 
[GC (Allocation Failure) [ParNew: 583754K->19030K(613440K), 0.0234156 secs] 1303238K->769098K(2010624K), 0.0234644 secs] [Times: user=0.09 sys=0.00, real=0.02 secs] 
[GC (Allocation Failure) [ParNew: 564374K->68096K(613440K), 0.0659213 secs] 1314442K->861371K(2010624K), 0.0659713 secs] [Times: user=0.25 sys=0.00, real=0.07 secs] 
[GC (Allocation Failure) [ParNew: 613440K->19549K(613440K), 0.0360155 secs] 1406715K->875168K(2010624K), 0.0360611 secs] [Times: user=0.08 sys=0.00, real=0.04 secs] 
[GC (Allocation Failure) [ParNew: 564893K->68096K(613440K), 0.0656441 secs] 1420512K->967451K(2010624K), 0.0657006 secs] [Times: user=0.26 sys=0.00, real=0.07 secs] 
[GC (Allocation Failure) [ParNew: 613440K->19789K(613440K), 0.0528055 secs] 1512795K->980158K(2010624K), 0.0528466 secs] [Times: user=0.14 sys=0.00, real=0.05 secs] 
[Full GC (System.gc()) [CMS: 960368K->749992K(1397184K), 2.1789214 secs] 1374872K->749992K(2010624K), [Metaspace: 9963K->9963K(10240K)], 2.1791845 secs] [Times: user=2.17 sys=0.00, real=2.18 secs] 
[Full GC (System.gc()) [CMS: 749992K->749914K(1397184K), 2.1025540 secs] 760938K->749914K(2010624K), [Metaspace: 9963K->9963K(10240K)], 2.1027830 secs] [Times: user=2.11 sys=0.00, real=2.10 secs] 

*** PauseDetector detected a 2181 ms pause at Fri Dec 19 16:38:30 EET 2014 ***

[Full GC (System.gc()) [CMS: 749914K->747216K(1397184K), 1.8887879 secs] 760860K->747216K(2010624K), [Metaspace: 9963K->9963K(10240K)], 1.8890330 secs] [Times: user=1.87 sys=0.00, real=1.89 secs] 
********************************
********** ROUND   10 **********
********************************

*** PauseDetector detected a 3997 ms pause at Fri Dec 19 16:38:34 EET 2014 ***

[GC (Allocation Failure) [ParNew: 545344K->68096K(613440K), 0.0708127 secs] 1292560K->858126K(2010624K), 0.0708621 secs] [Times: user=0.30 sys=0.00, real=0.07 secs] 
[GC (Allocation Failure) [ParNew: 613440K->53630K(613440K), 0.0331663 secs] 1403470K->905885K(2010624K), 0.0332170 secs] [Times: user=0.08 sys=0.00, real=0.03 secs] 
[GC (Allocation Failure) [ParNew: 598974K->68096K(613440K), 0.0592162 secs] 1451229K->961869K(2010624K), 0.0592701 secs] [Times: user=0.20 sys=0.00, real=0.06 secs] 
[GC (Allocation Failure) [ParNew: 613440K->40583K(613440K), 0.0447948 secs] 1507213K->997388K(2010624K), 0.0448385 secs] [Times: user=0.17 sys=0.00, real=0.05 secs] 
[GC (Allocation Failure) [ParNew: 585927K->68096K(613440K), 0.0683926 secs] 1542732K->1069615K(2010624K), 0.0684427 secs] [Times: user=0.25 sys=0.00, real=0.07 secs] 
[GC (Allocation Failure) [ParNew: 613440K->25857K(613440K), 0.0313731 secs] 1614959K->1086825K(2010624K), 0.0314193 secs] [Times: user=0.16 sys=0.00, real=0.03 secs] 
[GC (Allocation Failure) [ParNew: 571201K->68096K(613440K), 0.0586849 secs] 1632169K->1172336K(2010624K), 0.0587344 secs] [Times: user=0.19 sys=0.00, real=0.06 secs] 
[GC (Allocation Failure) [ParNew: 613440K->39466K(613440K), 0.0319973 secs] 1717680K->1204422K(2010624K), 0.0320506 secs] [Times: user=0.16 sys=0.00, real=0.03 secs] 
[GC (CMS Initial Mark) [1 CMS-initial-mark: 1164956K(1397184K)] 1215369K(2010624K), 0.0072877 secs] [Times: user=0.01 sys=0.00, real=0.01 secs] 
[CMS-concurrent-mark-start]
[CMS-concurrent-mark: 1.382/1.382 secs] [Times: user=4.40 sys=0.00, real=1.38 secs] 
[CMS-concurrent-preclean-start]
[CMS-concurrent-preclean: 0.087/0.092 secs] [Times: user=0.20 sys=0.00, real=0.09 secs] 
[CMS-concurrent-abortable-preclean-start]
[GC (Allocation Failure) [ParNew[CMS-concurrent-abortable-preclean: 0.027/0.133 secs] [Times: user=0.53 sys=0.00, real=0.13 secs] 
: 584810K->68096K(613440K), 0.0532527 secs] 1749766K->1273535K(2010624K), 0.0533002 secs] [Times: user=0.42 sys=0.00, real=0.05 secs] 
[GC (CMS Final Remark) [YG occupancy: 79096 K (613440 K)][Rescan (parallel) , 0.0264971 secs][weak refs processing, 0.0000199 secs][class unloading, 0.0070477 secs][scrub symbol table, 0.0014455 secs][scrub string table, 0.0005383 secs][1 CMS-remark: 1205439K(1397184K)] 1284536K(2010624K), 0.0364364 secs] [Times: user=0.22 sys=0.00, real=0.04 secs] 
[CMS-concurrent-sweep-start]
[CMS-concurrent-sweep: 0.564/0.564 secs] [Times: user=1.14 sys=0.00, real=0.56 secs] 
[CMS-concurrent-reset-start]
[CMS-concurrent-reset: 0.003/0.003 secs] [Times: user=0.03 sys=0.00, real=0.00 secs] 
[GC (Allocation Failure) [ParNew: 613440K->27309K(613440K), 0.0316964 secs] 1297810K->775181K(2010624K), 0.0317548 secs] [Times: user=0.14 sys=0.02, real=0.03 secs] 
[GC (Allocation Failure) [ParNew: 572653K->68096K(613440K), 0.0551922 secs] 1320525K->857211K(2010624K), 0.0552423 secs] [Times: user=0.22 sys=0.01, real=0.06 secs] 
[GC (Allocation Failure) [ParNew: 613440K->20193K(613440K), 0.0377003 secs] 1402555K->871395K(2010624K), 0.0377452 secs] [Times: user=0.12 sys=0.00, real=0.04 secs] 
[GC (Allocation Failure) [ParNew: 565537K->68096K(613440K), 0.0611223 secs] 1416739K->959142K(2010624K), 0.0611832 secs] [Times: user=0.17 sys=0.00, real=0.06 secs] 
[GC (Allocation Failure) [ParNew: 613440K->34241K(613440K), 0.0731788 secs] 1504486K->988681K(2010624K), 0.0732243 secs] [Times: user=0.14 sys=0.00, real=0.07 secs] 
[GC (Allocation Failure) [ParNew (0: promotion failure size = 109)  (1: promotion failure size = 109)  (2: promotion failure size = 109)  (3: promotion failure size = 109)  (4: promotion failure size = 109)  (5: promotion failure size = 109)  (6: promotion failure size = 109)  (7: promotion failure size = 109)  (promotion failed): 579585K->613440K(613440K), 0.2862622 secs][CMS: 992323K->750445K(1397184K), 2.1337654 secs] 1534025K->750445K(2010624K), [Metaspace: 9963K->9963K(10240K)], 2.4201674 secs]
*** PauseDetector detected a 2422 ms pause at Fri Dec 19 16:38:59 EET 2014 ***

 [Times: user=2.53 sys=0.03, real=2.42 secs] 
[GC (Allocation Failure) [ParNew: 545344K->20533K(613440K), 0.0097507 secs] 1295789K->770979K(2010624K), 0.0098046 secs] [Times: user=0.00 sys=0.00, real=0.01 secs] 
[GC (Allocation Failure) [ParNew: 565877K->68096K(613440K), 0.0529570 secs] 1316323K->858959K(2010624K), 0.0530012 secs] [Times: user=0.25 sys=0.00, real=0.05 secs] 
[GC (Allocation Failure) [ParNew: 613440K->54576K(613440K), 0.0284802 secs] 1404303K->908782K(2010624K), 0.0285367 secs] [Times: user=0.11 sys=0.00, real=0.03 secs] 
[GC (Allocation Failure) [ParNew: 599920K->68096K(613440K), 0.1732037 secs] 1454126K->990463K(2010624K), 0.1732614 secs] [Times: user=0.87 sys=0.00, real=0.17 secs] 
[GC (Allocation Failure) [ParNew: 613440K->34165K(613440K), 0.0836859 secs] 1535807K->1020905K(2010624K), 0.0837475 secs] [Times: user=0.42 sys=0.00, real=0.08 secs] 
[GC (Allocation Failure) [ParNew: 579509K->68096K(613440K), 0.1857401 secs] 1566249K->1111881K(2010624K), 0.1858081 secs] [Times: user=1.09 sys=0.00, real=0.19 secs] 
[GC (Allocation Failure) [ParNew: 613440K->20452K(613440K), 0.0736715 secs] 1657225K->1127842K(2010624K), 0.0737408 secs] [Times: user=0.39 sys=0.00, real=0.07 secs] 
[GC (Allocation Failure) [ParNew: 565796K->68096K(613440K), 0.1595516 secs] 1673186K->1229792K(2010624K), 0.1596055 secs] [Times: user=0.84 sys=0.00, real=0.16 secs] 
[GC (Allocation Failure) [ParNew: 613440K->47967K(613440K), 0.0677164 secs] 1775136K->1273609K(2010624K), 0.0677761 secs] [Times: user=0.19 sys=0.00, real=0.07 secs] 
[GC (CMS Initial Mark) [1 CMS-initial-mark: 1225641K(1397184K)] 1284553K(2010624K), 0.0024335 secs] [Times: user=0.00 sys=0.00, real=0.00 secs] 
[CMS-concurrent-mark-start]
[CMS-concurrent-mark: 1.728/1.728 secs] [Times: user=5.93 sys=0.00, real=1.73 secs] 
[CMS-concurrent-preclean-start]
[GC (Allocation Failure) [ParNew: 593311K->68096K(613440K), 0.1367500 secs] 1818953K->1343986K(2010624K), 0.1368141 secs] [Times: user=0.97 sys=0.00, real=0.14 secs] 
[CMS-concurrent-preclean: 0.203/0.341 secs] [Times: user=1.39 sys=0.00, real=0.34 secs] 
[GC (CMS Final Remark) [YG occupancy: 68152 K (613440 K)][Rescan (parallel) , 0.0916356 secs][weak refs processing, 0.0000212 secs][class unloading, 0.0074474 secs][scrub symbol table, 0.0021441 secs][scrub string table, 0.0005883 secs][1 CMS-remark: 1275890K(1397184K)] 1344043K(2010624K), 0.1031064 secs] [Times: user=0.73 sys=0.00, real=0.10 secs] 
[CMS-concurrent-sweep-start]
[CMS-concurrent-sweep: 1.051/1.051 secs] [Times: user=2.18 sys=0.01, real=1.05 secs] 
[CMS-concurrent-reset-start]
[CMS-concurrent-reset: 0.003/0.003 secs] [Times: user=0.00 sys=0.00, real=0.00 secs] 
[GC (Allocation Failure) [ParNew: 613440K->34215K(613440K), 0.0716749 secs] 1311495K->795822K(2010624K), 0.0717218 secs] [Times: user=0.14 sys=0.00, real=0.07 secs] 
[GC (Allocation Failure) [ParNew: 579559K->68096K(613440K), 0.1446009 secs] 1341166K->878740K(2010624K), 0.1446593 secs] [Times: user=0.55 sys=0.00, real=0.14 secs] 
[GC (Allocation Failure) [ParNew: 613440K->27349K(613440K), 0.0546725 secs] 1424084K->901518K(2010624K), 0.0547174 secs] [Times: user=0.23 sys=0.00, real=0.05 secs] 
[GC (Allocation Failure) [ParNew (0: promotion failure size = 4167)  (3: promotion failure size = 4167)  (5: promotion failure size = 4167)  (6: promotion failure size = 4167)  (promotion failed): 572693K->613440K(613440K), 0.2478908 secs][CMS: 920524K->757002K(1397184K), 2.4825177 secs] 1446862K->757002K(2010624K), [Metaspace: 9963K->9963K(10240K)], 2.7304784 secs] [Times: user=3.28 sys=0.00, real=2.73 secs] 

*** PauseDetector detected a 2731 ms pause at Fri Dec 19 16:39:25 EET 2014 ***

[GC (Allocation Failure) [ParNew: 545344K->27418K(613440K), 0.0073980 secs] 1302346K->784421K(2010624K), 0.0074615 secs] [Times: user=0.00 sys=0.00, real=0.01 secs] 
[GC (Allocation Failure) [ParNew: 572762K->68096K(613440K), 0.1048540 secs] 1329765K->873721K(2010624K), 0.1049054 secs] [Times: user=0.41 sys=0.00, real=0.11 secs] 
[GC (Allocation Failure) [ParNew: 613440K->40246K(613440K), 0.0473380 secs] 1419065K->908459K(2010624K), 0.0473862 secs] [Times: user=0.17 sys=0.00, real=0.05 secs] 
[GC (Allocation Failure) [ParNew: 585590K->68096K(613440K), 0.1048900 secs] 1453803K->981980K(2010624K), 0.1049522 secs] [Times: user=0.41 sys=0.00, real=0.11 secs] 
[GC (Allocation Failure) [ParNew: 613440K->54570K(613440K), 0.0551556 secs] 1527324K->1032240K(2010624K), 0.0553038 secs] [Times: user=0.22 sys=0.00, real=0.06 secs] 
[GC (Allocation Failure) [ParNew: 599914K->68096K(613440K), 0.0947960 secs] 1577584K->1090561K(2010624K), 0.0948448 secs] [Times: user=0.39 sys=0.00, real=0.10 secs] 
[GC (Allocation Failure) [ParNew: 613440K->54751K(613440K), 0.0421862 secs] 1635905K->1140739K(2010624K), 0.0422523 secs] [Times: user=0.26 sys=0.00, real=0.04 secs] 
[GC (Allocation Failure) [ParNew: 600095K->68096K(613440K), 0.0916299 secs] 1686083K->1197530K(2010624K), 0.0916940 secs] [Times: user=0.30 sys=0.00, real=0.09 secs] 
[GC (Allocation Failure) [ParNew: 613440K->27358K(613440K), 0.0481644 secs] 1742874K->1220267K(2010624K), 0.0482183 secs] [Times: user=0.16 sys=0.00, real=0.05 secs] 
[GC (CMS Initial Mark) [1 CMS-initial-mark: 1192909K(1397184K)] 1231212K(2010624K), 0.0069906 secs] [Times: user=0.00 sys=0.00, real=0.01 secs] 
[CMS-concurrent-mark-start]
[CMS-concurrent-mark: 1.467/1.467 secs] [Times: user=4.91 sys=0.02, real=1.47 secs] 
[CMS-concurrent-preclean-start]
[CMS-concurrent-preclean: 0.135/0.144 secs] [Times: user=0.30 sys=0.00, real=0.14 secs] 
[CMS-concurrent-abortable-preclean-start]
[GC (Allocation Failure) [ParNew: 572702K->68096K(613440K), 0.0788048 secs] 1765611K->1304016K(2010624K), 0.0788619 secs] [Times: user=0.51 sys=0.00, real=0.08 secs] 
[CMS-concurrent-abortable-preclean: 0.836/1.124 secs] [Times: user=2.40 sys=0.00, real=1.12 secs] 
[GC (CMS Final Remark) [YG occupancy: 463766 K (613440 K)][Rescan (parallel) , 0.0854444 secs][weak refs processing, 0.0000385 secs][class unloading, 0.0057780 secs][scrub symbol table, 0.0014294 secs][scrub string table, 0.0003541 secs][1 CMS-remark: 1235920K(1397184K)] 1699687K(2010624K), 0.0938632 secs] [Times: user=0.56 sys=0.00, real=0.09 secs] 
[CMS-concurrent-sweep-start]
[GC (Allocation Failure) [ParNew: 613440K->41138K(613440K), 0.0372525 secs] 1849360K->1340536K(2010624K), 0.0373038 secs] [Times: user=0.23 sys=0.00, real=0.04 secs] 
[CMS-concurrent-sweep: 0.838/0.876 secs] [Times: user=2.18 sys=0.00, real=0.88 secs] 
[CMS-concurrent-reset-start]
[CMS-concurrent-reset: 0.004/0.004 secs] [Times: user=0.00 sys=0.00, real=0.00 secs] 
[GC (Allocation Failure) [ParNew: 586482K->68096K(613440K), 0.0908946 secs] 1338193K->862557K(2010624K), 0.0909421 secs] [Times: user=0.28 sys=0.00, real=0.09 secs] 
[GC (Allocation Failure) [ParNew: 613440K->20538K(613440K), 0.0382848 secs] 1407901K->878442K(2010624K), 0.0383335 secs] [Times: user=0.16 sys=0.00, real=0.04 secs] 
[GC (Allocation Failure) [ParNew (0: promotion failure size = 2779)  (1: promotion failure size = 2779)  (2: promotion failure size = 2779)  (3: promotion failure size = 2779)  (4: promotion failure size = 2779)  (5: promotion failure size = 2779)  (6: promotion failure size = 2779)  (7: promotion failure size = 2779)  (promotion failed): 565882K->613440K(613440K), 0.2550944 secs][CMS: 900071K->753142K(1397184K), 2.5932364 secs] 1423786K->753142K(2010624K), [Metaspace: 9963K->9963K(10240K)]
*** PauseDetector detected a 2851 ms pause at Fri Dec 19 16:39:50 EET 2014 ***

, 2.8484046 secs] [Times: user=3.03 sys=0.03, real=2.85 secs] 
[GC (Allocation Failure) [ParNew: 545344K->27426K(613440K), 0.0078574 secs] 1298486K->780568K(2010624K), 0.0080011 secs] [Times: user=0.00 sys=0.00, real=0.01 secs] 
[GC (Allocation Failure) [ParNew: 572770K->68096K(613440K), 0.0718450 secs] 1325912K->865288K(2010624K), 0.0719110 secs] [Times: user=0.30 sys=0.00, real=0.07 secs] 
[GC (Allocation Failure) [ParNew: 613440K->27025K(613440K), 0.0434834 secs] 1410632K->887144K(2010624K), 0.0435624 secs] [Times: user=0.20 sys=0.00, real=0.04 secs] 
[GC (Allocation Failure) [ParNew: 572369K->68096K(613440K), 0.0610107 secs] 1432488K->970390K(2010624K), 0.0610767 secs] [Times: user=0.45 sys=0.00, real=0.06 secs] 
[GC (Allocation Failure) [ParNew: 613440K->27403K(613440K), 0.0476056 secs] 1515734K->993414K(2010624K), 0.0476575 secs] [Times: user=0.22 sys=0.00, real=0.05 secs] 
[GC (Allocation Failure) [ParNew: 572747K->68096K(613440K), 0.0691503 secs] 1538758K->1075606K(2010624K), 0.0692087 secs] [Times: user=0.31 sys=0.00, real=0.07 secs] 
[GC (Allocation Failure) [ParNew: 613440K->27337K(613440K), 0.0339650 secs] 1620950K->1098093K(2010624K), 0.0340131 secs] [Times: user=0.09 sys=0.00, real=0.03 secs] 
[GC (Allocation Failure) [ParNew: 572681K->68096K(613440K), 0.0604948 secs] 1643437K->1179967K(2010624K), 0.0605673 secs] [Times: user=0.44 sys=0.01, real=0.06 secs] 
[GC (Allocation Failure) [ParNew: 613440K->47981K(613440K), 0.0339682 secs] 1725311K->1223283K(2010624K), 0.0340414 secs] [Times: user=0.14 sys=0.00, real=0.03 secs] 
[GC (CMS Initial Mark) [1 CMS-initial-mark: 1175301K(1397184K)] 1234227K(2010624K), 0.0023867 secs] [Times: user=0.00 sys=0.00, real=0.00 secs] 
[CMS-concurrent-mark-start]
[CMS-concurrent-mark: 1.551/1.551 secs] [Times: user=5.05 sys=0.00, real=1.55 secs] 
[CMS-concurrent-preclean-start]
[GC (Allocation Failure) [ParNew: 593325K->68096K(613440K), 0.0583212 secs] 1768627K->1284335K(2010624K), 0.0583789 secs] [Times: user=0.47 sys=0.00, real=0.06 secs] 
[CMS-concurrent-preclean: 0.042/0.101 secs] [Times: user=0.53 sys=0.00, real=0.10 secs] 
[CMS-concurrent-abortable-preclean-start]
[CMS-concurrent-abortable-preclean: 0.626/0.834 secs] [Times: user=1.54 sys=0.00, real=0.83 secs] 
[GC (CMS Final Remark) [YG occupancy: 397668 K (613440 K)][Rescan (parallel) , 0.0786425 secs][weak refs processing, 0.0000237 secs][class unloading, 0.0060725 secs][scrub symbol table, 0.0011580 secs][scrub string table, 0.0004106 secs][1 CMS-remark: 1216239K(1397184K)] 1613908K(2010624K), 0.0872171 secs] [Times: user=0.47 sys=0.00, real=0.09 secs] 
[CMS-concurrent-sweep-start]
[GC (Allocation Failure) [ParNew: 613440K->54764K(613440K), 0.0355311 secs] 1815293K->1320068K(2010624K), 0.0355869 secs] [Times: user=0.23 sys=0.00, real=0.04 secs] 
[CMS-concurrent-sweep: 0.735/0.771 secs] [Times: user=1.84 sys=0.00, real=0.77 secs] 
[CMS-concurrent-reset-start]
[CMS-concurrent-reset: 0.004/0.004 secs] [Times: user=0.00 sys=0.00, real=0.00 secs] 
[GC (Allocation Failure) [ParNew: 600108K->68096K(613440K), 0.0609234 secs] 1348728K->857573K(2010624K), 0.0609876 secs] [Times: user=0.34 sys=0.00, real=0.06 secs] 
[GC (Allocation Failure) [ParNew: 613440K->47914K(613440K), 0.0395313 secs] 1402917K->900806K(2010624K), 0.0395833 secs] [Times: user=0.13 sys=0.00, real=0.04 secs] 
[GC (Allocation Failure) [ParNew: 593258K->68096K(613440K), 0.0818600 secs] 1446150K->961722K(2010624K), 0.0819126 secs] [Times: user=0.36 sys=0.00, real=0.08 secs] 
[GC (Allocation Failure) [ParNew (0: promotion failure size = 1854)  (1: promotion failure size = 1854)  (2: promotion failure size = 1854)  (3: promotion failure size = 1854)  (4: promotion failure size = 1854)  (5: promotion failure size = 1854)  (6: promotion failure size = 1854)  (7: promotion failure size = 1854)  (promotion failed): 613440K->572722K(613440K), 1.5923760 secs][CMS: 928783K->752501K(1397184K), 3.1470062 secs] 1507066K->752501K(2010624K), [Metaspace: 9963K->9963K(10240K)], 4.7394689 secs] [Times: user=4.88 sys=0.22, real=4.74 secs] 

*** PauseDetector detected a 4744 ms pause at Fri Dec 19 16:40:17 EET 2014 ***

[GC (Allocation Failure) [ParNew: 545344K->68096K(613440K), 0.0630842 secs] 1297845K->864449K(2010624K), 0.0631465 secs] [Times: user=0.25 sys=0.00, real=0.06 secs] 
[GC (Allocation Failure) [ParNew: 613440K->39600K(613440K), 0.0308406 secs] 1409793K->897012K(2010624K), 0.0308977 secs] [Times: user=0.17 sys=0.00, real=0.03 secs] 
[Full GC (System.gc()) [CMS: 857411K->750865K(1397184K), 2.1358473 secs] 1413460K->750865K(2010624K), [Metaspace: 9963K->9963K(10240K)], 2.1360879 secs] [Times: user=2.14 sys=0.00, real=2.14 secs] 
[Full GC (System.gc()) [CMS: 750865K->750865K(1397184K), 1.6817694 secs] 750867K->750865K(2010624K), [Metaspace: 9963K->9963K(10240K)], 1.6819978 secs] [Times: user=1.69 sys=0.00, real=1.68 secs] 
[Full GC (System.gc()) [CMS: 750865K->750866K(1397184K), 1.7646096 secs] 761781K->750866K(2010624K), [Metaspace: 9963K->9963K(10240K)], 1.7648169 secs] [Times: user=1.76 sys=0.00, real=1.76 secs] 

*** PauseDetector detected a 5585 ms pause at Fri Dec 19 16:40:27 EET 2014 ***

[GC (Allocation Failure) [ParNew: 545344K->8934K(613440K), 0.0080030 secs] 1296210K->759801K(2010624K), 0.0080473 secs] [Times: user=0.00 sys=0.00, real=0.01 secs] 
[GC (Allocation Failure) [ParNew: 554278K->68096K(613440K), 0.0563894 secs] 1305145K->860455K(2010624K), 0.0564388 secs] [Times: user=0.28 sys=0.00, real=0.06 secs] 
[GC (Allocation Failure) [ParNew: 613440K->39467K(613440K), 0.0330649 secs] 1405799K->894887K(2010624K), 0.0331085 secs] [Times: user=0.13 sys=0.00, real=0.03 secs] 
[GC (Allocation Failure) [ParNew: 584811K->68096K(613440K), 0.0603620 secs] 1440231K->964061K(2010624K), 0.0604050 secs] [Times: user=0.25 sys=0.00, real=0.06 secs] 
[GC (Allocation Failure) [ParNew: 613440K->33950K(613440K), 0.0324413 secs] 1509405K->993200K(2010624K), 0.0324849 secs] [Times: user=0.11 sys=0.00, real=0.03 secs] 
[GC (Allocation Failure) [ParNew: 579294K->68096K(613440K), 0.0562309 secs] 1538544K->1069841K(2010624K), 0.0562957 secs] [Times: user=0.17 sys=0.00, real=0.06 secs] 
[Full GC (System.gc()) [CMS: 1001745K->749866K(1397184K), 1.8989608 secs] 1451892K->749866K(2010624K), [Metaspace: 9963K->9963K(10240K)], 1.8992059 secs] [Times: user=1.89 sys=0.00, real=1.90 secs] 
[Full GC (System.gc()) [CMS: 749866K->749867K(1397184K), 1.7824063 secs] 749868K->749867K(2010624K), [Metaspace: 9963K->9963K(10240K)], 1.7826245 secs] [Times: user=1.76 sys=0.00, real=1.78 secs] 
[Full GC (System.gc()) [CMS: 749867K->749867K(1397184K), 1.8610372 secs] 760779K->749867K(2010624K), [Metaspace: 9963K->9963K(10240K)]
*** PauseDetector detected a 1900 ms pause at Fri Dec 19 16:40:39 EET 2014 ***

, 1.8612797 secs] [Times: user=1.84 sys=0.00, real=1.86 secs] 
********************************
********** ROUND   11 **********
********************************

*** PauseDetector detected a 3650 ms pause at Fri Dec 19 16:40:43 EET 2014 ***

[GC (Allocation Failure) [ParNew: 545344K->68096K(613440K), 0.0543485 secs] 1295211K->858044K(2010624K), 0.0543979 secs] [Times: user=0.16 sys=0.00, real=0.06 secs] 
[GC (Allocation Failure) [ParNew: 613440K->48195K(613440K), 0.0307353 secs] 1403388K->901879K(2010624K), 0.0307809 secs] [Times: user=0.12 sys=0.00, real=0.03 secs] 
[GC (Allocation Failure) [ParNew: 593539K->68096K(613440K), 0.0503490 secs] 1447223K->961480K(2010624K), 0.0503939 secs] [Times: user=0.27 sys=0.00, real=0.05 secs] 
[GC (Allocation Failure) [ParNew: 613440K->20754K(613440K), 0.0334402 secs] 1506824K->977779K(2010624K), 0.0334845 secs] [Times: user=0.08 sys=0.00, real=0.03 secs] 
[GC (Allocation Failure) [ParNew: 566098K->68096K(613440K), 0.1735142 secs] 1523123K->1092897K(2010624K), 0.1735623 secs] [Times: user=0.75 sys=0.00, real=0.17 secs] 
[GC (Allocation Failure) [ParNew: 613440K->41169K(613440K), 0.0837892 secs] 1638241K->1130880K(2010624K), 0.0838411 secs] [Times: user=0.34 sys=0.00, real=0.08 secs] 
[GC (Allocation Failure) [ParNew: 586513K->68096K(613440K), 0.1900354 secs] 1676224K->1214800K(2010624K), 0.1900829 secs] [Times: user=1.09 sys=0.00, real=0.19 secs] 
[GC (CMS Initial Mark) [1 CMS-initial-mark: 1146704K(1397184K)] 1214802K(2010624K), 0.0114938 secs] [Times: user=0.11 sys=0.00, real=0.01 secs] 
[CMS-concurrent-mark-start]
[GC (Allocation Failure) [ParNew: 613440K->27300K(613440K), 0.0707126 secs] 1760144K->1237637K(2010624K), 0.0707639 secs] [Times: user=0.33 sys=0.00, real=0.07 secs] 
[CMS-concurrent-mark: 1.570/1.641 secs] [Times: user=5.24 sys=0.02, real=1.64 secs] 
[CMS-concurrent-preclean-start]
[CMS-concurrent-preclean: 0.200/0.202 secs] [Times: user=0.48 sys=0.00, real=0.20 secs] 
[CMS-concurrent-abortable-preclean-start]
[CMS-concurrent-abortable-preclean: 0.370/0.978 secs] [Times: user=1.78 sys=0.00, real=0.98 secs] 
[GC (CMS Final Remark) [YG occupancy: 379220 K (613440 K)][Rescan (parallel) , 0.0803195 secs][weak refs processing, 0.0000160 secs][class unloading, 0.0049741 secs][scrub symbol table, 0.0010888 secs][scrub string table, 0.0003631 secs][1 CMS-remark: 1210337K(1397184K)] 1589558K(2010624K), 0.0875379 secs] [Times: user=0.31 sys=0.00, real=0.09 secs] 
[CMS-concurrent-sweep-start]
[GC (Allocation Failure) [ParNew: 572644K->68096K(613440K), 0.1639271 secs] 1698726K->1248467K(2010624K), 0.1639733 secs] [Times: user=0.84 sys=0.00, real=0.16 secs] 
[CMS-concurrent-sweep: 0.706/0.870 secs] [Times: user=2.23 sys=0.00, real=0.87 secs] 
[CMS-concurrent-reset-start]
[CMS-concurrent-reset: 0.003/0.003 secs] [Times: user=0.03 sys=0.00, real=0.00 secs] 
[GC (Allocation Failure) [ParNew: 613440K->27408K(613440K), 0.0632825 secs] 1435361K->912977K(2010624K), 0.0633300 secs] [Times: user=0.16 sys=0.00, real=0.06 secs] 
[GC (Allocation Failure) [ParNew: 572752K->68096K(613440K), 0.1358993 secs] 1458321K->1003951K(2010624K), 0.1359544 secs] [Times: user=0.80 sys=0.00, real=0.14 secs] 
[GC (Allocation Failure) [ParNew: 613440K->27401K(613440K), 0.0607162 secs] 1549295K->1026770K(2010624K), 0.0607643 secs] [Times: user=0.20 sys=0.00, real=0.06 secs] 
[GC (Allocation Failure) [ParNew: 572745K->68096K(613440K), 0.1385419 secs] 1572114K->1116438K(2010624K), 0.1385894 secs] [Times: user=0.62 sys=0.00, real=0.14 secs] 
[GC (Allocation Failure) [ParNew (0: promotion failure size = 6249)  (1: promotion failure size = 6249)  (2: promotion failure size = 6249)  (3: promotion failure size = 6249)  (4: promotion failure size = 6249)  (5: promotion failure size = 6249)  (6: promotion failure size = 6249)  (7: promotion failure size = 6249)  (promotion failed): 613440K->579629K(613440K), 0.2027367 secs][CMS: 1110711K->760838K(1397184K), 2.4613033 secs] 1661782K->760838K(2010624K), [Metaspace: 9964K->9964K(10240K)], 2.6641049 secs] [Times: user=2.81 sys=0.00, real=2.66 secs] 

*** PauseDetector detected a 2667 ms pause at Fri Dec 19 16:41:08 EET 2014 ***

[GC (Allocation Failure) [ParNew: 545344K->68096K(613440K), 0.1277602 secs] 1306182K->878856K(2010624K), 0.1278160 secs] [Times: user=0.47 sys=0.00, real=0.13 secs] 
[GC (Allocation Failure) [ParNew: 613440K->26618K(613440K), 0.0580305 secs] 1424200K->899900K(2010624K), 0.0580780 secs] [Times: user=0.14 sys=0.00, real=0.06 secs] 
[GC (Allocation Failure) [ParNew: 571962K->68096K(613440K), 0.0981810 secs] 1445244K->987197K(2010624K), 0.0982355 secs] [Times: user=0.39 sys=0.00, real=0.10 secs] 
[GC (Allocation Failure) [ParNew: 613440K->27378K(613440K), 0.0499448 secs] 1532541K->1010450K(2010624K), 0.0499942 secs] [Times: user=0.14 sys=0.00, real=0.05 secs] 
[GC (Allocation Failure) [ParNew: 572722K->68096K(613440K), 0.1106577 secs] 1555794K->1098318K(2010624K), 0.1107501 secs] [Times: user=0.48 sys=0.00, real=0.11 secs] 
[GC (Allocation Failure) [ParNew: 613440K->33383K(613440K), 0.0463577 secs] 1643662K->1126534K(2010624K), 0.0464071 secs] [Times: user=0.14 sys=0.00, real=0.05 secs] 
[GC (Allocation Failure) [ParNew: 578727K->68096K(613440K), 0.0998273 secs] 1671878K->1207502K(2010624K), 0.0998825 secs] [Times: user=0.42 sys=0.00, real=0.10 secs] 
[GC (Allocation Failure) [ParNew: 613440K->33479K(613440K), 0.0431184 secs] 1752846K->1235039K(2010624K), 0.0431716 secs] [Times: user=0.14 sys=0.00, real=0.04 secs] 
[GC (CMS Initial Mark) [1 CMS-initial-mark: 1201560K(1397184K)] 1245954K(2010624K), 0.0041176 secs] [Times: user=0.03 sys=0.00, real=0.00 secs] 
[CMS-concurrent-mark-start]
[CMS-concurrent-mark: 1.260/1.260 secs] [Times: user=4.15 sys=0.01, real=1.26 secs] 
[CMS-concurrent-preclean-start]
[CMS-concurrent-preclean: 0.139/0.148 secs] [Times: user=0.33 sys=0.00, real=0.15 secs] 
[CMS-concurrent-abortable-preclean-start]
[GC (Allocation Failure) [ParNew[CMS-concurrent-abortable-preclean: 0.047/0.265 secs] [Times: user=0.47 sys=0.00, real=0.27 secs] 
: 578823K->68096K(613440K), 0.0958713 secs] 1780383K->1313022K(2010624K), 0.0959214 secs] [Times: user=0.34 sys=0.00, real=0.10 secs] 
[GC (CMS Final Remark) [YG occupancy: 79067 K (613440 K)][Rescan (parallel) , 0.0540322 secs][weak refs processing, 0.0000148 secs][class unloading, 0.0079620 secs][scrub symbol table, 0.0017772 secs][scrub string table, 0.0005652 secs][1 CMS-remark: 1244926K(1397184K)] 1323993K(2010624K), 0.0654927 secs] [Times: user=0.28 sys=0.00, real=0.06 secs] 
[CMS-concurrent-sweep-start]
[CMS-concurrent-sweep: 0.732/0.732 secs] [Times: user=1.45 sys=0.00, real=0.73 secs] 
[CMS-concurrent-reset-start]
[CMS-concurrent-reset: 0.003/0.003 secs] [Times: user=0.03 sys=0.00, real=0.00 secs] 
[GC (Allocation Failure) [ParNew: 613440K->27341K(613440K), 0.0422632 secs] 1302519K->779864K(2010624K), 0.0423094 secs] [Times: user=0.13 sys=0.00, real=0.04 secs] 
[GC (Allocation Failure) [ParNew: 572685K->68096K(613440K), 0.0831835 secs] 1325208K->864695K(2010624K), 0.0832342 secs] [Times: user=0.34 sys=0.00, real=0.08 secs] 
[GC (Allocation Failure) [ParNew: 613440K->20269K(613440K), 0.0416620 secs] 1410039K->879321K(2010624K), 0.0417089 secs] [Times: user=0.11 sys=0.00, real=0.04 secs] 
[GC (Allocation Failure) [ParNew (0: promotion failure size = 2779)  (1: promotion failure size = 2779)  (2: promotion failure size = 2779)  (3: promotion failure size = 2779)  (4: promotion failure size = 2779)  (5: promotion failure size = 2779)  (6: promotion failure size = 2779)  (7: promotion failure size = 2779)  (promotion failed): 565613K->613440K(613440K), 0.2493466 secs][CMS: 901344K->753311K(1397184K), 2.1210134 secs] 1424665K->753311K(2010624K), [Metaspace: 9964K->9964K(10240K)], 2.3704260 secs] [Times: user=2.68 sys=0.00, real=2.37 secs] 

*** PauseDetector detected a 2372 ms pause at Fri Dec 19 16:41:31 EET 2014 ***

[GC (Allocation Failure) [ParNew: 545344K->27402K(613440K), 0.0089660 secs] 1298655K->780713K(2010624K), 0.0090122 secs] [Times: user=0.06 sys=0.00, real=0.01 secs] 
[GC (Allocation Failure) [ParNew: 572746K->68096K(613440K), 0.0728323 secs] 1326057K->866848K(2010624K), 0.0728869 secs] [Times: user=0.33 sys=0.00, real=0.07 secs] 
[GC (Allocation Failure) [ParNew: 613440K->33222K(613440K), 0.0405797 secs] 1412192K->893636K(2010624K), 0.0406316 secs] [Times: user=0.11 sys=0.00, real=0.04 secs] 
[GC (Allocation Failure) [ParNew: 578566K->68096K(613440K), 0.0641063 secs] 1438980K->970842K(2010624K), 0.0641698 secs] [Times: user=0.30 sys=0.00, real=0.06 secs] 
[GC (Allocation Failure) [ParNew: 613440K->34149K(613440K), 0.0496111 secs] 1516186K->1000701K(2010624K), 0.0496702 secs] [Times: user=0.25 sys=0.00, real=0.05 secs] 
[GC (Allocation Failure) [ParNew: 579493K->68096K(613440K), 0.0639151 secs] 1546045K->1077679K(2010624K), 0.0639927 secs] [Times: user=0.44 sys=0.02, real=0.06 secs] 
[GC (Allocation Failure) [ParNew: 613440K->40514K(613440K), 0.0345713 secs] 1623023K->1112758K(2010624K), 0.0346207 secs] [Times: user=0.16 sys=0.00, real=0.04 secs] 
[GC (Allocation Failure) [ParNew: 585858K->68096K(613440K), 0.0647196 secs] 1658102K->1183053K(2010624K), 0.0647729 secs] [Times: user=0.39 sys=0.00, real=0.06 secs] 
[GC (Allocation Failure) [ParNew: 613440K->40181K(613440K), 0.0452818 secs] 1728397K->1217103K(2010624K), 0.0453415 secs] [Times: user=0.20 sys=0.00, real=0.05 secs] 
[GC (CMS Initial Mark) [1 CMS-initial-mark: 1176921K(1397184K)] 1228017K(2010624K), 0.0031251 secs] [Times: user=0.00 sys=0.00, real=0.00 secs] 
[CMS-concurrent-mark-start]
[GC (Allocation Failure) [ParNew: 585525K->68096K(613440K), 0.0643841 secs] 1762447K->1286068K(2010624K), 0.0644437 secs] [Times: user=0.33 sys=0.00, real=0.06 secs] 
[CMS-concurrent-mark: 1.695/1.760 secs] [Times: user=5.83 sys=0.00, real=1.76 secs] 
[CMS-concurrent-preclean-start]
[CMS-concurrent-preclean: 0.144/0.154 secs] [Times: user=0.31 sys=0.00, real=0.15 secs] 
[CMS-concurrent-abortable-preclean-start]
[CMS-concurrent-abortable-preclean: 0.442/0.641 secs] [Times: user=1.14 sys=0.00, real=0.64 secs] 
[GC (CMS Final Remark) [YG occupancy: 429447 K (613440 K)][Rescan (parallel) , 0.0848657 secs][weak refs processing, 0.0000212 secs][class unloading, 0.0078837 secs][scrub symbol table, 0.0019491 secs][scrub string table, 0.0005639 secs][1 CMS-remark: 1217972K(1397184K)] 1647419K(2010624K), 0.0962954 secs] [Times: user=0.53 sys=0.02, real=0.10 secs] 
[CMS-concurrent-sweep-start]
[GC (Allocation Failure) [ParNew: 613440K->54682K(613440K), 0.0334601 secs] 1831412K->1336429K(2010624K), 0.0335281 secs] [Times: user=0.13 sys=0.00, real=0.03 secs] 
[CMS-concurrent-sweep: 0.725/0.758 secs] [Times: user=1.78 sys=0.00, real=0.76 secs] 
[CMS-concurrent-reset-start]
[CMS-concurrent-reset: 0.003/0.003 secs] [Times: user=0.00 sys=0.00, real=0.00 secs] 
[GC (Allocation Failure) [ParNew: 600026K->68096K(613440K), 0.0638605 secs] 1349087K->858129K(2010624K), 0.0639164 secs] [Times: user=0.34 sys=0.00, real=0.06 secs] 
[GC (Allocation Failure) [ParNew: 613440K->27375K(613440K), 0.0390591 secs] 1403473K->880869K(2010624K), 0.0391143 secs] [Times: user=0.13 sys=0.00, real=0.04 secs] 
[GC (Allocation Failure) [ParNew: 572719K->68096K(613440K), 0.0985615 secs] 1426213K->962443K(2010624K), 0.0986211 secs] [Times: user=0.37 sys=0.00, real=0.10 secs] 
[GC (Allocation Failure) [ParNew (0: promotion failure size = 1854)  (1: promotion failure size = 1854)  (2: promotion failure size = 1854)  (3: promotion failure size = 1854)  (4: promotion failure size = 1854)  (5: promotion failure size = 1854)  (6: promotion failure size = 1854)  (7: promotion failure size = 1854)  (promotion failed): 613440K->586479K(613440K), 1.1325329 secs][CMS: 941161K->752610K(1397184K), 2.8446341 secs] 1507787K->752610K(2010624K), [Metaspace: 9964K->9964K(10240K)]
*** PauseDetector detected a 3981 ms pause at Fri Dec 19 16:41:58 EET 2014 ***

, 3.9772510 secs] [Times: user=4.07 sys=0.05, real=3.98 secs] 
[GC (Allocation Failure) [ParNew: 545344K->68096K(613440K), 0.0579895 secs] 1297954K->861920K(2010624K), 0.0581005 secs] [Times: user=0.31 sys=0.00, real=0.06 secs] 
[GC (Allocation Failure) [ParNew: 613440K->27381K(613440K), 0.0382411 secs] 1407264K->885021K(2010624K), 0.0382989 secs] [Times: user=0.13 sys=0.00, real=0.04 secs] 
[GC (Allocation Failure) [ParNew: 572725K->68096K(613440K), 0.0617940 secs] 1430365K->966840K(2010624K), 0.0618704 secs] [Times: user=0.27 sys=0.00, real=0.06 secs] 
[GC (Allocation Failure) [ParNew: 613440K->47703K(613440K), 0.0490543 secs] 1512184K->1009531K(2010624K), 0.0491126 secs] [Times: user=0.22 sys=0.00, real=0.05 secs] 
[GC (Allocation Failure) [ParNew: 593047K->68096K(613440K), 0.0587356 secs] 1554875K->1071834K(2010624K), 0.0588062 secs] [Times: user=0.31 sys=0.00, real=0.06 secs] 
[GC (Allocation Failure) [ParNew: 613440K->47021K(613440K), 0.0360033 secs] 1617178K->1112937K(2010624K), 0.0361579 secs] [Times: user=0.19 sys=0.00, real=0.04 secs] 
[GC (Allocation Failure) [ParNew: 592365K->68096K(613440K), 0.0561161 secs] 1658281K->1174487K(2010624K), 0.0561764 secs] [Times: user=0.22 sys=0.00, real=0.06 secs] 
[GC (Allocation Failure) [ParNew: 613440K->34180K(613440K), 0.0345655 secs] 1719831K->1204035K(2010624K), 0.0346182 secs] [Times: user=0.11 sys=0.00, real=0.03 secs] 
[GC (CMS Initial Mark) [1 CMS-initial-mark: 1169855K(1397184K)] 1214949K(2010624K), 0.0026086 secs] [Times: user=0.03 sys=0.00, real=0.00 secs] 
[CMS-concurrent-mark-start]
[CMS-concurrent-mark: 1.549/1.549 secs] [Times: user=4.93 sys=0.00, real=1.55 secs] 
[CMS-concurrent-preclean-start]
[GC (Allocation Failure) [ParNew: 579524K->68096K(613440K), 0.0548592 secs] 1749379K->1277848K(2010624K), 0.0549106 secs] [Times: user=0.45 sys=0.02, real=0.06 secs] 
[CMS-concurrent-preclean: 0.028/0.083 secs] [Times: user=0.48 sys=0.02, real=0.08 secs] 
[GC (CMS Final Remark) [YG occupancy: 68139 K (613440 K)][Rescan (parallel) , 0.0272054 secs][weak refs processing, 0.0000218 secs][class unloading, 0.0079260 secs][scrub symbol table, 0.0017400 secs][scrub string table, 0.0005935 secs][1 CMS-remark: 1209752K(1397184K)] 1277891K(2010624K), 0.0385587 secs] [Times: user=0.22 sys=0.00, real=0.04 secs] 
[CMS-concurrent-sweep-start]
[CMS-concurrent-sweep: 0.773/0.773 secs] [Times: user=1.67 sys=0.00, real=0.77 secs] 
[CMS-concurrent-reset-start]
[CMS-concurrent-reset: 0.003/0.003 secs] [Times: user=0.00 sys=0.00, real=0.00 secs] 
[GC (Allocation Failure) [ParNew: 613440K->54752K(613440K), 0.0349011 secs] 1297111K->801847K(2010624K), 0.0349556 secs] [Times: user=0.22 sys=0.00, real=0.03 secs] 
[GC (Allocation Failure) [ParNew: 600096K->68096K(613440K), 0.0546899 secs] 1347191K->855043K(2010624K), 0.0547636 secs] [Times: user=0.30 sys=0.00, real=0.06 secs] 
[GC (Allocation Failure) [ParNew: 613440K->54749K(613440K), 0.0337822 secs] 1400387K->905097K(2010624K), 0.0338367 secs] [Times: user=0.17 sys=0.00, real=0.03 secs] 
[GC (Allocation Failure) [ParNew: 600093K->68096K(613440K), 0.0733584 secs] 1450441K->958146K(2010624K), 0.0734091 secs] [Times: user=0.23 sys=0.00, real=0.07 secs] 
[GC (Allocation Failure) [ParNew (0: promotion failure size = 109)  (1: promotion failure size = 109)  (2: promotion failure size = 109)  (3: promotion failure size = 109)  (4: promotion failure size = 109)  (5: promotion failure size = 109)  (6: promotion failure size = 109)  (7: promotion failure size = 109)  (promotion failed): 613440K->593257K(613440K), 1.7777645 secs][CMS: 912487K->751516K(1397184K), 2.5969575 secs] 1503490K->751516K(2010624K), [Metaspace: 9964K->9964K(10240K)], 4.3748504 secs] [Times: user=4.42 sys=0.25, real=4.38 secs] 

*** PauseDetector detected a 4380 ms pause at Fri Dec 19 16:42:23 EET 2014 ***

[GC (Allocation Failure) [ParNew: 545344K->68096K(613440K), 0.0509437 secs] 1296860K->859698K(2010624K), 0.0510002 secs] [Times: user=0.28 sys=0.00, real=0.05 secs] 
[GC (Allocation Failure) [ParNew: 613440K->27373K(613440K), 0.0420752 secs] 1405042K->882772K(2010624K), 0.0421233 secs] [Times: user=0.13 sys=0.00, real=0.04 secs] 
[GC (Allocation Failure) [ParNew: 572717K->68096K(613440K), 0.1715253 secs] 1428116K->991418K(2010624K), 0.1715766 secs] [Times: user=0.75 sys=0.03, real=0.17 secs] 
[Full GC (System.gc()) [CMS: 923322K->772531K(1397184K), 2.7363745 secs] 1276378K->772531K(2010624K), [Metaspace: 9964K->9964K(10240K)], 2.7367126 secs] [Times: user=2.71 sys=0.00, real=2.74 secs] 
[Full GC (System.gc()) [CMS: 772531K->772531K(1397184K), 2.7262197 secs] 772531K->772531K(2010624K), [Metaspace: 9964K->9964K(10240K)], 2.7264872 secs] [Times: user=2.72 sys=0.00, real=2.73 secs] 
[Full GC (System.gc()) [CMS: 772531K->772453K(1397184K), 2.7566515 secs] 783427K->772453K(2010624K), [Metaspace: 9964K->9964K(10240K)], 2.7570512 secs] [Times: user=2.73 sys=0.00, real=2.76 secs] 

*** PauseDetector detected a 5468 ms pause at Fri Dec 19 16:42:34 EET 2014 ***


*** PauseDetector detected a 2764 ms pause at Fri Dec 19 16:42:37 EET 2014 ***

[GC (Allocation Failure) [ParNew: 545344K->68096K(613440K), 0.2121897 secs] 1317797K->902195K(2010624K), 0.2122423 secs] [Times: user=0.87 sys=0.00, real=0.21 secs] 
[GC (Allocation Failure) [ParNew: 613440K->31769K(613440K), 0.0807956 secs] 1447539K->928961K(2010624K), 0.0808533 secs] [Times: user=0.28 sys=0.00, real=0.08 secs] 
[GC (Allocation Failure) [ParNew: 577113K->68096K(613440K), 0.1760099 secs] 1474305K->1019899K(2010624K), 0.1760638 secs] [Times: user=0.69 sys=0.00, real=0.18 secs] 
[GC (Allocation Failure) [ParNew: 613440K->20723K(613440K), 0.0681790 secs] 1565243K->1036390K(2010624K), 0.0682342 secs] [Times: user=0.31 sys=0.00, real=0.07 secs] 
[GC (Allocation Failure) [ParNew: 566067K->68096K(613440K), 0.1568089 secs] 1581734K->1134008K(2010624K), 0.1568615 secs] [Times: user=0.66 sys=0.00, real=0.16 secs] 
[Full GC (System.gc()) [CMS: 1065912K->759002K(1397184K), 3.0366879 secs] 1397297K->759002K(2010624K), [Metaspace: 9964K->9964K(10240K)], 3.0369593 secs] [Times: user=3.04 sys=0.00, real=3.04 secs] 
[Full GC (System.gc()) [CMS: 759002K->758924K(1397184K), 2.5255078 secs] 759004K->758924K(2010624K), [Metaspace: 9964K->9964K(10240K)]
*** PauseDetector detected a 5567 ms pause at Fri Dec 19 16:42:53 EET 2014 ***

, 2.5258177 secs] [Times: user=2.53 sys=0.00, real=2.53 secs] 
[Full GC (System.gc()) [CMS: 758924K->756238K(1397184K), 2.5024399 secs] 769896K->756238K(2010624K), [Metaspace: 9964K->9964K(10240K)]
*** PauseDetector detected a 2503 ms pause at Fri Dec 19 16:42:55 EET 2014 ***

, 2.5026580 secs] [Times: user=2.50 sys=0.00, real=2.50 secs] 
********************************
********** ROUND   12 **********
********************************
[GC (Allocation Failure) [ParNew: 545344K->68096K(613440K), 0.1234662 secs] 1301582K->881812K(2010624K), 0.1235303 secs] [Times: user=0.62 sys=0.00, real=0.12 secs] 
[GC (Allocation Failure) [ParNew: 613440K->52319K(613440K), 0.0494738 secs] 1427156K->923408K(2010624K), 0.0495438 secs] [Times: user=0.23 sys=0.00, real=0.05 secs] 
[GC (Allocation Failure) [ParNew: 597663K->68096K(613440K), 0.1219796 secs] 1468752K->985829K(2010624K), 0.1220624 secs] [Times: user=0.50 sys=0.00, real=0.12 secs] 
[GC (Allocation Failure) [ParNew: 613440K->20646K(613440K), 0.0572151 secs] 1531173K->1002599K(2010624K), 0.0572722 secs] [Times: user=0.19 sys=0.00, real=0.06 secs] 
[GC (Allocation Failure) [ParNew: 565990K->68096K(613440K), 0.1182335 secs] 1547943K->1098691K(2010624K), 0.1182867 secs] [Times: user=0.45 sys=0.00, real=0.12 secs] 
[GC (Allocation Failure) [ParNew: 613440K->32986K(613440K), 0.0513954 secs] 1644035K->1124319K(2010624K), 0.0514537 secs] [Times: user=0.28 sys=0.00, real=0.05 secs] 
[GC (Allocation Failure) [ParNew: 578330K->68096K(613440K), 0.1102272 secs] 1669663K->1207660K(2010624K), 0.1102754 secs] [Times: user=0.47 sys=0.00, real=0.11 secs] 
[GC (Allocation Failure) [ParNew: 613440K->32759K(613440K), 0.0490260 secs] 1753004K->1232986K(2010624K), 0.0490741 secs] [Times: user=0.22 sys=0.00, real=0.05 secs] 
[GC (CMS Initial Mark) [1 CMS-initial-mark: 1200227K(1397184K)] 1244019K(2010624K), 0.0057761 secs] [Times: user=0.03 sys=0.00, real=0.01 secs] 
[CMS-concurrent-mark-start]
[CMS-concurrent-mark: 1.563/1.563 secs] [Times: user=5.04 sys=0.00, real=1.56 secs] 
[CMS-concurrent-preclean-start]
[GC (Allocation Failure) [ParNew: 578103K->68096K(613440K), 0.0893504 secs] 1778330K->1313498K(2010624K), 0.0894164 secs] [Times: user=0.61 sys=0.00, real=0.09 secs] 
[CMS-concurrent-preclean: 0.057/0.147 secs] [Times: user=0.73 sys=0.00, real=0.15 secs] 
[CMS-concurrent-abortable-preclean-start]
[CMS-concurrent-abortable-preclean: 0.875/0.986 secs] [Times: user=1.97 sys=0.00, real=0.99 secs] 
[GC (CMS Final Remark) [YG occupancy: 453638 K (613440 K)][Rescan (parallel) , 0.0812703 secs][weak refs processing, 0.0000353 secs][class unloading, 0.0067603 secs][scrub symbol table, 0.0012536 secs][scrub string table, 0.0004959 secs][1 CMS-remark: 1245402K(1397184K)] 1699040K(2010624K), 0.0911718 secs] [Times: user=0.51 sys=0.00, real=0.09 secs] 
[CMS-concurrent-sweep-start]
[GC (Allocation Failure) [ParNew: 613440K->54334K(613440K), 0.0475902 secs] 1858842K->1362847K(2010624K), 0.0476537 secs] [Times: user=0.22 sys=0.00, real=0.05 secs] 
[CMS-concurrent-sweep: 1.113/1.161 secs] [Times: user=2.89 sys=0.00, real=1.16 secs] 
[CMS-concurrent-reset-start]
[CMS-concurrent-reset: 0.004/0.004 secs] [Times: user=0.00 sys=0.00, real=0.00 secs] 
[GC (Allocation Failure) [ParNew: 599678K->68096K(613440K), 0.0870413 secs] 1353767K->866075K(2010624K), 0.0870926 secs] [Times: user=0.44 sys=0.00, real=0.09 secs] 
[GC (Allocation Failure) [ParNew: 613440K->40745K(613440K), 0.0482940 secs] 1411419K->901644K(2010624K), 0.0483575 secs] [Times: user=0.17 sys=0.00, real=0.05 secs] 
[GC (Allocation Failure) [ParNew (0: promotion failure size = 2779)  (1: promotion failure size = 2779)  (2: promotion failure size = 2779)  (3: promotion failure size = 2779)  (4: promotion failure size = 2779)  (5: promotion failure size = 2779)  (6: promotion failure size = 2779)  (7: promotion failure size = 2779)  (promotion failed): 586089K->613440K(613440K), 0.3560926 secs][CMS: 903344K->753641K(1397184K), 3.2746394 secs] 1446988K->753641K(2010624K), [Metaspace: 9964K->9964K(10240K)]
*** PauseDetector detected a 3631 ms pause at Fri Dec 19 16:43:19 EET 2014 ***

, 3.6308032 secs] [Times: user=3.85 sys=0.00, real=3.63 secs] 
[GC (Allocation Failure) [ParNew: 545344K->41051K(613440K), 0.0065351 secs] 1298985K->794693K(2010624K), 0.0065941 secs] [Times: user=0.06 sys=0.00, real=0.01 secs] 
[GC (Allocation Failure) [ParNew: 586395K->68096K(613440K), 0.0784250 secs] 1340037K->865631K(2010624K), 0.0784821 secs] [Times: user=0.38 sys=0.00, real=0.08 secs] 
[GC (Allocation Failure) [ParNew: 613440K->54459K(613440K), 0.0367790 secs] 1410975K->915515K(2010624K), 0.0368399 secs] [Times: user=0.20 sys=0.00, real=0.04 secs] 
[GC (Allocation Failure) [ParNew: 599803K->68096K(613440K), 0.0693492 secs] 1460859K->971814K(2010624K), 0.0694025 secs] [Times: user=0.36 sys=0.00, real=0.07 secs] 
[GC (Allocation Failure) [ParNew: 613440K->27305K(613440K), 0.0382700 secs] 1517158K->994511K(2010624K), 0.0383233 secs] [Times: user=0.09 sys=0.00, real=0.04 secs] 
[GC (Allocation Failure) [ParNew: 572649K->68096K(613440K), 0.0683272 secs] 1539855K->1079405K(2010624K), 0.0683811 secs] [Times: user=0.34 sys=0.00, real=0.07 secs] 
[GC (Allocation Failure) [ParNew: 613440K->40126K(613440K), 0.0382020 secs] 1624749K->1113159K(2010624K), 0.0382527 secs] [Times: user=0.17 sys=0.00, real=0.04 secs] 
[GC (Allocation Failure) [ParNew: 585470K->68096K(613440K), 0.0698862 secs] 1658503K->1183515K(2010624K), 0.0699375 secs] [Times: user=0.31 sys=0.00, real=0.07 secs] 
[GC (Allocation Failure) [ParNew: 613440K->27243K(613440K), 0.0737132 secs] 1728859K->1206058K(2010624K), 0.0737569 secs] [Times: user=0.28 sys=0.00, real=0.07 secs] 
[GC (CMS Initial Mark) [1 CMS-initial-mark: 1178814K(1397184K)] 1217030K(2010624K), 0.0051910 secs] [Times: user=0.00 sys=0.00, real=0.01 secs] 
[CMS-concurrent-mark-start]
[CMS-concurrent-mark: 1.318/1.318 secs] [Times: user=4.35 sys=0.00, real=1.32 secs] 
[CMS-concurrent-preclean-start]
[CMS-concurrent-preclean: 0.103/0.109 secs] [Times: user=0.22 sys=0.00, real=0.11 secs] 
[CMS-concurrent-abortable-preclean-start]
[GC (Allocation Failure) [ParNew[CMS-concurrent-abortable-preclean: 0.022/0.143 secs] [Times: user=0.30 sys=0.00, real=0.14 secs] 
: 572587K->68096K(613440K), 0.0649653 secs] 1751402K->1288179K(2010624K), 0.0650269 secs] [Times: user=0.26 sys=0.00, real=0.07 secs] 
[GC (CMS Final Remark) [YG occupancy: 79068 K (613440 K)][Rescan (parallel) , 0.0341184 secs][weak refs processing, 0.0000212 secs][class unloading, 0.0058762 secs][scrub symbol table, 0.0011382 secs][scrub string table, 0.0004690 secs][1 CMS-remark: 1220083K(1397184K)] 1299152K(2010624K), 0.0425127 secs] [Times: user=0.25 sys=0.00, real=0.04 secs] 
[CMS-concurrent-sweep-start]
[CMS-concurrent-sweep: 0.669/0.669 secs] [Times: user=1.33 sys=0.00, real=0.67 secs] 
[CMS-concurrent-reset-start]
[CMS-concurrent-reset: 0.003/0.003 secs] [Times: user=0.03 sys=0.00, real=0.00 secs] 
[GC (Allocation Failure) [ParNew: 613440K->47972K(613440K), 0.0424268 secs] 1298935K->796866K(2010624K), 0.0424787 secs] [Times: user=0.17 sys=0.00, real=0.04 secs] 
[GC (Allocation Failure) [ParNew: 593316K->68096K(613440K), 0.0713381 secs] 1342210K->858792K(2010624K), 0.0713933 secs] [Times: user=0.28 sys=0.00, real=0.07 secs] 
[GC (Allocation Failure) [ParNew: 613440K->47429K(613440K), 0.0367142 secs] 1404136K->900849K(2010624K), 0.0367706 secs] [Times: user=0.09 sys=0.00, real=0.04 secs] 
[GC (Allocation Failure) [ParNew: 592773K->68096K(613440K), 0.0910306 secs] 1446193K->962464K(2010624K), 0.0911128 secs] [Times: user=0.31 sys=0.00, real=0.09 secs] 
[GC (Allocation Failure) [ParNew (0: promotion failure size = 1854)  (1: promotion failure size = 1854)  (2: promotion failure size = 1854)  (3: promotion failure size = 1854)  (4: promotion failure size = 1854)  (5: promotion failure size = 1854)  (6: promotion failure size = 1854)  (7: promotion failure size = 1854)  (promotion failed): 613440K->586387K(613440K), 1.7905036 secs][CMS: 931270K->752777K(1397184K), 2.6529325 secs] 1507808K->752777K(2010624K), [Metaspace: 9964K->9964K(10240K)], 4.4435118 secs] [Times: user=4.35 sys=0.33, real=4.44 secs] 

*** PauseDetector detected a 4446 ms pause at Fri Dec 19 16:43:47 EET 2014 ***

[GC (Allocation Failure) [ParNew: 545344K->68096K(613440K), 0.0606199 secs] 1298121K->862312K(2010624K), 0.0606815 secs] [Times: user=0.30 sys=0.00, real=0.06 secs] 
[GC (Allocation Failure) [ParNew: 613440K->54681K(613440K), 0.0334235 secs] 1407656K->912480K(2010624K), 0.0334948 secs] [Times: user=0.14 sys=0.00, real=0.03 secs] 
[GC (Allocation Failure) [ParNew: 600025K->68096K(613440K), 0.0600598 secs] 1457824K->966650K(2010624K), 0.0601176 secs] [Times: user=0.23 sys=0.00, real=0.06 secs] 
[GC (Allocation Failure) [ParNew: 613440K->41066K(613440K), 0.0339625 secs] 1511994K->1003185K(2010624K), 0.0340189 secs] [Times: user=0.14 sys=0.00, real=0.03 secs] 
[GC (Allocation Failure) [ParNew: 586410K->68096K(613440K), 0.0625767 secs] 1548529K->1070876K(2010624K), 0.0626358 secs] [Times: user=0.26 sys=0.00, real=0.06 secs] 
[GC (Allocation Failure) [ParNew: 613440K->54757K(613440K), 0.0325792 secs] 1616220K->1120959K(2010624K), 0.0326312 secs] [Times: user=0.23 sys=0.00, real=0.03 secs] 
[GC (Allocation Failure) [ParNew: 600101K->68096K(613440K), 0.0576122 secs] 1666303K->1174827K(2010624K), 0.0576687 secs] [Times: user=0.27 sys=0.00, real=0.06 secs] 
[GC (Allocation Failure) [ParNew: 613440K->34223K(613440K), 0.0334229 secs] 1720171K->1205017K(2010624K), 0.0334781 secs] [Times: user=0.09 sys=0.00, real=0.03 secs] 
[GC (CMS Initial Mark) [1 CMS-initial-mark: 1170794K(1397184K)] 1215988K(2010624K), 0.0026837 secs] [Times: user=0.00 sys=0.00, real=0.00 secs] 
[CMS-concurrent-mark-start]
[CMS-concurrent-mark: 1.530/1.530 secs] [Times: user=5.02 sys=0.00, real=1.53 secs] 
[CMS-concurrent-preclean-start]
[GC (Allocation Failure) [ParNew: 579567K->68096K(613440K), 0.0534484 secs] 1750361K->1279393K(2010624K), 0.0535248 secs] [Times: user=0.34 sys=0.00, real=0.05 secs] 
[CMS-concurrent-preclean: 0.025/0.078 secs] [Times: user=0.42 sys=0.00, real=0.08 secs] 
[CMS-concurrent-abortable-preclean-start]
[CMS-concurrent-abortable-preclean: 0.696/1.005 secs] [Times: user=1.78 sys=0.00, real=1.01 secs] 
[GC (CMS Final Remark) [YG occupancy: 464547 K (613440 K)][Rescan (parallel) , 0.0730222 secs][weak refs processing, 0.0000218 secs][class unloading, 0.0070349 secs][scrub symbol table, 0.0021409 secs][scrub string table, 0.0005909 secs][1 CMS-remark: 1211297K(1397184K)] 1675845K(2010624K), 0.0838463 secs] [Times: user=0.42 sys=0.00, real=0.08 secs] 
[CMS-concurrent-sweep-start]
[GC (Allocation Failure) [ParNew: 613440K->54741K(613440K), 0.0328121 secs] 1824737K->1329409K(2010624K), 0.0328801 secs] [Times: user=0.25 sys=0.00, real=0.03 secs] 
[CMS-concurrent-sweep: 0.755/0.788 secs] [Times: user=2.04 sys=0.00, real=0.79 secs] 
[CMS-concurrent-reset-start]
[CMS-concurrent-reset: 0.004/0.004 secs] [Times: user=0.00 sys=0.00, real=0.00 secs] 
[GC (Allocation Failure) [ParNew: 600085K->68096K(613440K), 0.0596300 secs] 1347680K->856911K(2010624K), 0.0596890 secs] [Times: user=0.22 sys=0.00, real=0.06 secs] 
[GC (Allocation Failure) [ParNew: 613440K->40319K(613440K), 0.0317542 secs] 1402255K->891224K(2010624K), 0.0318016 secs] [Times: user=0.11 sys=0.00, real=0.03 secs] 
[GC (Allocation Failure) [ParNew: 585663K->68096K(613440K), 0.0818176 secs] 1436568K->958861K(2010624K), 0.0818766 secs] [Times: user=0.30 sys=0.00, real=0.08 secs] 
[GC (Allocation Failure) [ParNew (0: promotion failure size = 105)  (1: promotion failure size = 105)  (2: promotion failure size = 1237)  (3: promotion failure size = 1237)  (4: promotion failure size = 105)  (5: promotion failure size = 105)  (6: promotion failure size = 105)  (7: promotion failure size = 105)  (promotion failed): 613440K->579527K(613440K), 1.0847759 secs][CMS: 933272K->751597K(1397184K), 3.0321417 secs] 1504205K->751597K(2010624K), [Metaspace: 9964K->9964K(10240K)], 4.1169920 secs] [Times: user=4.10 sys=0.09, real=4.12 secs] 

*** PauseDetector detected a 4117 ms pause at Fri Dec 19 16:44:12 EET 2014 ***

[GC (Allocation Failure) [ParNew: 545344K->68096K(613440K), 0.0512600 secs] 1296941K->859827K(2010624K), 0.0513094 secs] [Times: user=0.26 sys=0.00, real=0.05 secs] 
[GC (Allocation Failure) [ParNew: 613440K->47907K(613440K), 0.0317240 secs] 1405171K->903311K(2010624K), 0.0318369 secs] [Times: user=0.11 sys=0.00, real=0.03 secs] 
[GC (Allocation Failure) [ParNew: 593251K->68096K(613440K), 0.0543845 secs] 1448655K->963258K(2010624K), 0.0544352 secs] [Times: user=0.26 sys=0.00, real=0.05 secs] 
[GC (Allocation Failure) [ParNew: 613440K->20533K(613440K), 0.0354548 secs] 1508602K->979282K(2010624K), 0.0355048 secs] [Times: user=0.11 sys=0.02, real=0.04 secs] 
[GC (Allocation Failure) [ParNew: 565877K->68096K(613440K), 0.1791421 secs] 1524626K->1094870K(2010624K), 0.1792082 secs] [Times: user=0.83 sys=0.00, real=0.18 secs] 
[GC (Allocation Failure) [ParNew: 613440K->27347K(613440K), 0.0871170 secs] 1640214K->1118608K(2010624K), 0.0871658 secs] [Times: user=0.26 sys=0.00, real=0.09 secs] 
[GC (Allocation Failure) [ParNew: 572691K->68096K(613440K), 0.2019970 secs] 1663952K->1216609K(2010624K), 0.2020618 secs] [Times: user=0.94 sys=0.00, real=0.20 secs] 
[GC (Allocation Failure) [ParNew: 613440K->20525K(613440K), 0.0819029 secs] 1761953K->1233056K(2010624K), 0.0820082 secs] [Times: user=0.25 sys=0.00, real=0.08 secs] 
[GC (CMS Initial Mark) [1 CMS-initial-mark: 1212531K(1397184K)] 1244082K(2010624K), 0.0046277 secs] [Times: user=0.00 sys=0.00, real=0.00 secs] 
[CMS-concurrent-mark-start]
[CMS-concurrent-mark: 1.510/1.510 secs] [Times: user=5.34 sys=0.00, real=1.51 secs] 
[CMS-concurrent-preclean-start]
[CMS-concurrent-preclean: 0.350/0.361 secs] [Times: user=0.72 sys=0.00, real=0.36 secs] 
[CMS-concurrent-abortable-preclean-start]
[GC (Allocation Failure) [ParNew[CMS-concurrent-abortable-preclean: 0.023/0.137 secs] [Times: user=0.53 sys=0.00, real=0.14 secs] 
: 565869K->68096K(613440K), 0.1524744 secs] 1778400K->1334878K(2010624K), 0.1525302 secs] [Times: user=0.98 sys=0.00, real=0.15 secs] 
[GC (CMS Final Remark) [YG occupancy: 79121 K (613440 K)][Rescan (parallel) , 0.1040335 secs][weak refs processing, 0.0000218 secs][class unloading, 0.0088704 secs][scrub symbol table, 0.0016476 secs][scrub string table, 0.0006121 secs][1 CMS-remark: 1266782K(1397184K)] 1345903K(2010624K), 0.1164249 secs] [Times: user=0.76 sys=0.00, real=0.12 secs] 
[CMS-concurrent-sweep-start]
[CMS-concurrent-sweep: 0.938/0.938 secs] [Times: user=1.95 sys=0.00, real=0.94 secs] 
[CMS-concurrent-reset-start]
[CMS-concurrent-reset: 0.004/0.004 secs] [Times: user=0.00 sys=0.00, real=0.00 secs] 
[GC (Allocation Failure) [ParNew: 613440K->27427K(613440K), 0.0684728 secs] 1315765K->793439K(2010624K), 0.0685460 secs] [Times: user=0.33 sys=0.00, real=0.07 secs] 
[GC (Allocation Failure) [ParNew: 572771K->68096K(613440K), 0.1363490 secs] 1338783K->884372K(2010624K), 0.1363997 secs] [Times: user=0.84 sys=0.00, real=0.14 secs] 
[GC (Allocation Failure) [ParNew: 613440K->47973K(613440K), 0.0673943 secs] 1429716K->927785K(2010624K), 0.0674482 secs] [Times: user=0.25 sys=0.00, real=0.07 secs] 
[GC (Allocation Failure) [ParNew: 593317K->68096K(613440K), 0.1382147 secs] 1473129K->996983K(2010624K), 0.1382628 secs] [Times: user=0.58 sys=0.00, real=0.14 secs] 
[GC (Allocation Failure) [ParNew: 613440K->34185K(613440K), 0.0592457 secs] 1542327K->1026560K(2010624K), 0.0592957 secs] [Times: user=0.22 sys=0.00, real=0.06 secs] 
[GC (Allocation Failure) [ParNew (0: promotion failure size = 4167)  (1: promotion failure size = 4167)  (2: promotion failure size = 4167)  (3: promotion failure size = 4167)  (4: promotion failure size = 4167)  (5: promotion failure size = 4167)  (6: promotion failure size = 4167)  (7: promotion failure size = 4167)  (promotion failed): 579529K->613440K(613440K), 4.4145145 secs][CMS: 1012072K->757050K(1397184K), 2.5847393 secs] 1571904K->757050K(2010624K), [Metaspace: 9964K->9964K(10240K)], 6.9993142 secs] [Times: user=7.07 sys=1.09, real=7.00 secs] 

*** PauseDetector detected a 7003 ms pause at Fri Dec 19 16:44:44 EET 2014 ***

[GC (Allocation Failure) [ParNew: 545344K->34225K(613440K), 0.0064260 secs] 1302394K->791275K(2010624K), 0.0064729 secs] [Times: user=0.06 sys=0.00, real=0.01 secs] 
[GC (Allocation Failure) [ParNew: 579569K->68096K(613440K), 0.0993660 secs] 1336619K->872223K(2010624K), 0.0994269 secs] [Times: user=0.44 sys=0.00, real=0.10 secs] 
[GC (Allocation Failure) [ParNew: 613440K->13688K(613440K), 0.0460793 secs] 1417567K->882104K(2010624K), 0.0461267 secs] [Times: user=0.20 sys=0.00, real=0.05 secs] 
[GC (Allocation Failure) [ParNew: 559032K->68096K(613440K), 0.1022646 secs] 1427448K->983497K(2010624K), 0.1023140 secs] [Times: user=0.41 sys=0.00, real=0.10 secs] 
[Full GC (System.gc()) [CMS: 915401K->754304K(1397184K), 2.0704559 secs] 1270045K->754304K(2010624K), [Metaspace: 9964K->9964K(10240K)], 2.0708184 secs] [Times: user=2.06 sys=0.00, real=2.07 secs] 
[Full GC (System.gc()) [CMS: 754304K->754227K(1397184K), 2.1907335 secs] 765237K->754227K(2010624K), [Metaspace: 9964K->9964K(10240K)]
*** PauseDetector detected a 2075 ms pause at Fri Dec 19 16:44:54 EET 2014 ***

, 2.1909599 secs] [Times: user=2.20 sys=0.00, real=2.19 secs] 
[Full GC (System.gc()) [CMS: 754227K->751259K(1397184K), 1.9994399 secs] 765159K->751259K(2010624K), [Metaspace: 9964K->9964K(10240K)]
*** PauseDetector detected a 4191 ms pause at Fri Dec 19 16:44:58 EET 2014 ***

, 1.9996677 secs] [Times: user=2.00 sys=0.00, real=2.00 secs] 
[GC (Allocation Failure) [ParNew: 545344K->68096K(613440K), 0.0948256 secs] 1296603K->872842K(2010624K), 0.0948711 secs] [Times: user=0.31 sys=0.00, real=0.09 secs] 
[GC (Allocation Failure) [ParNew: 613440K->29437K(613440K), 0.0477371 secs] 1418186K->890764K(2010624K), 0.0478051 secs] [Times: user=0.19 sys=0.00, real=0.05 secs] 
[GC (Allocation Failure) [ParNew: 574781K->68096K(613440K), 0.0837148 secs] 1436108K->974775K(2010624K), 0.0837693 secs] [Times: user=0.37 sys=0.00, real=0.08 secs] 
[GC (Allocation Failure) [ParNew: 613440K->20114K(613440K), 0.0522705 secs] 1520119K->988589K(2010624K), 0.0523276 secs] [Times: user=0.14 sys=0.00, real=0.05 secs] 
[GC (Allocation Failure) [ParNew: 565458K->68096K(613440K), 0.0848927 secs] 1533933K->1080238K(2010624K), 0.0849427 secs] [Times: user=0.33 sys=0.00, real=0.09 secs] 
[GC (Allocation Failure) [ParNew: 613440K->33989K(613440K), 0.0473111 secs] 1625582K->1109167K(2010624K), 0.0473675 secs] [Times: user=0.14 sys=0.00, real=0.05 secs] 
[Full GC (System.gc()) [CMS: 1075177K->749553K(1397184K), 2.3230136 secs] 1294990K->749553K(2010624K), [Metaspace: 9964K->9964K(10240K)], 2.3232683 secs] [Times: user=2.33 sys=0.00, real=2.32 secs] 
[Full GC (System.gc()) [CMS: 749553K->749554K(1397184K), 1.8115191 secs] 760485K->749554K(2010624K), [Metaspace: 9964K->9964K(10240K)], 1.8117552 secs] [Times: user=1.81 sys=0.00, real=1.81 secs] 
[Full GC (System.gc()) [CMS: 749554K->749554K(1397184K), 2.0456282 secs] 749554K->749554K(2010624K), [Metaspace: 9964K->9964K(10240K)], 2.0460664 secs] [Times: user=2.04 sys=0.00, real=2.05 secs] 
********************************
********** ROUND   13 **********
********************************

*** PauseDetector detected a 2323 ms pause at Fri Dec 19 16:45:10 EET 2014 ***


*** PauseDetector detected a 3865 ms pause at Fri Dec 19 16:45:14 EET 2014 ***

[GC (Allocation Failure) [ParNew: 545344K->9184K(613440K), 0.0060886 secs] 1294898K->758738K(2010624K), 0.0061367 secs] [Times: user=0.00 sys=0.00, real=0.01 secs] 
[GC (Allocation Failure) [ParNew: 554528K->68096K(613440K), 0.0709455 secs] 1304082K->861134K(2010624K), 0.0709910 secs] [Times: user=0.30 sys=0.00, real=0.07 secs] 
[GC (Allocation Failure) [ParNew: 613440K->33019K(613440K), 0.0397546 secs] 1406478K->889870K(2010624K), 0.0398181 secs] [Times: user=0.14 sys=0.00, real=0.04 secs] 
[GC (Allocation Failure) [ParNew: 578363K->68096K(613440K), 0.0702006 secs] 1435214K->967216K(2010624K), 0.0703032 secs] [Times: user=0.28 sys=0.00, real=0.07 secs] 
[GC (Allocation Failure) [ParNew: 613440K->47795K(613440K), 0.0379723 secs] 1512560K->1010463K(2010624K), 0.0380185 secs] [Times: user=0.11 sys=0.00, real=0.04 secs] 
[GC (Allocation Failure) [ParNew: 593139K->68096K(613440K), 0.0700133 secs] 1555807K->1073824K(2010624K), 0.0700729 secs] [Times: user=0.25 sys=0.00, real=0.07 secs] 
[GC (Allocation Failure) [ParNew: 613440K->27021K(613440K), 0.0471051 secs] 1619168K->1095571K(2010624K), 0.0471488 secs] [Times: user=0.17 sys=0.00, real=0.05 secs] 
[GC (Allocation Failure) [ParNew: 572365K->68096K(613440K), 0.0679807 secs] 1640915K->1181247K(2010624K), 0.0680295 secs] [Times: user=0.25 sys=0.00, real=0.07 secs] 
[GC (Allocation Failure) [ParNew: 613440K->45791K(613440K), 0.0350416 secs] 1726591K->1219158K(2010624K), 0.0350891 secs] [Times: user=0.09 sys=0.00, real=0.03 secs] 
[GC (CMS Initial Mark) [1 CMS-initial-mark: 1173367K(1397184K)] 1230091K(2010624K), 0.0017477 secs] [Times: user=0.00 sys=0.00, real=0.00 secs] 
[CMS-concurrent-mark-start]
[CMS-concurrent-mark: 1.380/1.380 secs] [Times: user=4.48 sys=0.01, real=1.38 secs] 
[CMS-concurrent-preclean-start]
[CMS-concurrent-preclean: 0.091/0.096 secs] [Times: user=0.19 sys=0.00, real=0.10 secs] 
[CMS-concurrent-abortable-preclean-start]
[GC (Allocation Failure) [ParNew: 591135K->68096K(613440K), 0.0632600 secs] 1764502K->1284954K(2010624K), 0.0633120 secs] [Times: user=0.31 sys=0.00, real=0.06 secs] 
[CMS-concurrent-abortable-preclean: 0.705/1.194 secs] [Times: user=2.14 sys=0.00, real=1.19 secs] 
[GC (CMS Final Remark) [YG occupancy: 452834 K (613440 K)][Rescan (parallel) , 0.0999043 secs][weak refs processing, 0.0000160 secs][class unloading, 0.0052930 secs][scrub symbol table, 0.0010939 secs][scrub string table, 0.0003535 secs][1 CMS-remark: 1216858K(1397184K)] 1669693K(2010624K), 0.1074287 secs] [Times: user=0.47 sys=0.00, real=0.11 secs] 
[CMS-concurrent-sweep-start]
[GC (Allocation Failure) [ParNew: 613440K->46202K(613440K), 0.0330655 secs] 1830298K->1324080K(2010624K), 0.0331156 secs] [Times: user=0.20 sys=0.00, real=0.03 secs] 
[CMS-concurrent-sweep: 0.654/0.687 secs] [Times: user=1.68 sys=0.00, real=0.69 secs] 
[CMS-concurrent-reset-start]
[CMS-concurrent-reset: 0.003/0.003 secs] [Times: user=0.00 sys=0.00, real=0.00 secs] 
[GC (Allocation Failure) [ParNew: 591546K->68096K(613440K), 0.0620603 secs] 1340495K->860182K(2010624K), 0.0621058 secs] [Times: user=0.28 sys=0.00, real=0.06 secs] 
[GC (Allocation Failure) [ParNew: 613440K->46377K(613440K), 0.0346066 secs] 1405526K->899702K(2010624K), 0.0347003 secs] [Times: user=0.09 sys=0.00, real=0.03 secs] 
[GC (Allocation Failure) [ParNew: 591721K->68096K(613440K), 0.0864479 secs] 1445046K->962219K(2010624K), 0.0864966 secs] [Times: user=0.30 sys=0.02, real=0.08 secs] 
[GC (Allocation Failure) [ParNew: 613440K->40987K(613440K), 0.1294861 secs] 1507563K->998568K(2010624K), 0.1295342 secs] [Times: user=0.16 sys=0.00, real=0.13 secs] 
[GC (Allocation Failure) [ParNew (0: promotion failure size = 85)  (1: promotion failure size = 85)  (2: promotion failure size = 85)  (3: promotion failure size = 1854)  (4: promotion failure size = 85)  (5: promotion failure size = 85)  (6: promotion failure size = 1854)  (7: promotion failure size = 85)  (promotion failed): 586331K->613440K(613440K), 0.5081756 secs][CMS: 995323K->751382K(1397184K), 1.8315048 secs] 1543912K->751382K(2010624K), [Metaspace: 9964K->9964K(10240K)]
*** PauseDetector detected a 2342 ms pause at Fri Dec 19 16:45:41 EET 2014 ***

, 2.3397523 secs] [Times: user=2.62 sys=0.03, real=2.34 secs] 
[GC (Allocation Failure) [ParNew: 545344K->27375K(613440K), 0.0068918 secs] 1296726K->778757K(2010624K), 0.0069617 secs] [Times: user=0.00 sys=0.00, real=0.01 secs] 
[GC (Allocation Failure) [ParNew: 572719K->68096K(613440K), 0.0549548 secs] 1324101K->864904K(2010624K), 0.0549978 secs] [Times: user=0.19 sys=0.00, real=0.05 secs] 
[GC (Allocation Failure) [ParNew: 613440K->25809K(613440K), 0.0335089 secs] 1410248K->882222K(2010624K), 0.0336410 secs] [Times: user=0.13 sys=0.00, real=0.03 secs] 
[GC (Allocation Failure) [ParNew: 571153K->68096K(613440K), 0.0543646 secs] 1427566K->968159K(2010624K), 0.0544217 secs] [Times: user=0.23 sys=0.00, real=0.05 secs] 
[GC (Allocation Failure) [ParNew: 613440K->26198K(613440K), 0.0316874 secs] 1513503K->986665K(2010624K), 0.0317388 secs] [Times: user=0.12 sys=0.00, real=0.03 secs] 
[GC (Allocation Failure) [ParNew: 571542K->68096K(613440K), 0.0532585 secs] 1532009K->1069036K(2010624K), 0.0533085 secs] [Times: user=0.27 sys=0.00, real=0.05 secs] 
[GC (Allocation Failure) [ParNew: 613440K->54697K(613440K), 0.0297326 secs] 1614380K->1119117K(2010624K), 0.0297935 secs] [Times: user=0.17 sys=0.00, real=0.03 secs] 
[GC (Allocation Failure) [ParNew: 600041K->68096K(613440K), 0.0514332 secs] 1664461K->1173274K(2010624K), 0.0514910 secs] [Times: user=0.28 sys=0.00, real=0.05 secs] 
[GC (Allocation Failure) [ParNew: 613440K->54090K(613440K), 0.0288581 secs] 1718618K->1221820K(2010624K), 0.0289370 secs] [Times: user=0.14 sys=0.00, real=0.03 secs] 
[GC (CMS Initial Mark) [1 CMS-initial-mark: 1167730K(1397184K)] 1232804K(2010624K), 0.0024373 secs] [Times: user=0.00 sys=0.00, real=0.00 secs] 
[CMS-concurrent-mark-start]
[GC (Allocation Failure) [ParNew: 599434K->68096K(613440K), 0.0491280 secs] 1767164K->1275690K(2010624K), 0.0492012 secs] [Times: user=0.34 sys=0.00, real=0.05 secs] 
[CMS-concurrent-mark: 1.651/1.700 secs] [Times: user=5.48 sys=0.00, real=1.70 secs] 
[CMS-concurrent-preclean-start]
[CMS-concurrent-preclean: 0.121/0.134 secs] [Times: user=0.26 sys=0.00, real=0.13 secs] 
[CMS-concurrent-abortable-preclean-start]
[CMS-concurrent-abortable-preclean: 0.462/0.760 secs] [Times: user=1.19 sys=0.00, real=0.76 secs] 
[GC (CMS Final Remark) [YG occupancy: 430175 K (613440 K)][Rescan (parallel) , 0.0700748 secs][weak refs processing, 0.0000244 secs][class unloading, 0.0069547 secs][scrub symbol table, 0.0012960 secs][scrub string table, 0.0003862 secs][1 CMS-remark: 1207594K(1397184K)] 1637770K(2010624K), 0.0795830 secs] [Times: user=0.50 sys=0.00, real=0.08 secs] 
[CMS-concurrent-sweep-start]
[GC (Allocation Failure) [ParNew: 613440K->54716K(613440K), 0.0301900 secs] 1821034K->1325684K(2010624K), 0.0302586 secs] [Times: user=0.14 sys=0.00, real=0.03 secs] 
[CMS-concurrent-sweep: 0.732/0.763 secs] [Times: user=1.72 sys=0.00, real=0.76 secs] 
[CMS-concurrent-reset-start]
[CMS-concurrent-reset: 0.003/0.003 secs] [Times: user=0.00 sys=0.00, real=0.00 secs] 
[GC (Allocation Failure) [ParNew: 600060K->68096K(613440K), 0.0503695 secs] 1347020K->854868K(2010624K), 0.0504311 secs] [Times: user=0.28 sys=0.00, real=0.05 secs] 
[GC (Allocation Failure) [ParNew: 613440K->54755K(613440K), 0.0318344 secs] 1400212K->905161K(2010624K), 0.0318838 secs] [Times: user=0.13 sys=0.00, real=0.03 secs] 
[GC (Allocation Failure) [ParNew: 600099K->68096K(613440K), 0.0844654 secs] 1450505K->958209K(2010624K), 0.0845379 secs] [Times: user=0.37 sys=0.00, real=0.09 secs] 
[GC (Allocation Failure) [ParNew (0: promotion failure size = 113)  (1: promotion failure size = 1237)  (2: promotion failure size = 1237)  (3: promotion failure size = 1237)  (4: promotion failure size = 1237)  (5: promotion failure size = 113)  (6: promotion failure size = 113)  (7: promotion failure size = 113)  (promotion failed): 613440K->572722K(613440K), 0.3602154 secs][CMS: 951744K->751525K(1397184K), 2.5376817 secs] 1503553K->751525K(2010624K), [Metaspace: 9964K->9964K(10240K)]
*** PauseDetector detected a 2900 ms pause at Fri Dec 19 16:46:06 EET 2014 ***

, 2.8979721 secs] [Times: user=2.92 sys=0.02, real=2.90 secs] 
[GC (Allocation Failure) [ParNew: 545344K->68096K(613440K), 0.1481611 secs] 1296869K->888286K(2010624K), 0.1482214 secs] [Times: user=0.91 sys=0.00, real=0.15 secs] 
[GC (Allocation Failure) [ParNew: 613440K->34279K(613440K), 0.0799173 secs] 1433630K->919385K(2010624K), 0.0799750 secs] [Times: user=0.37 sys=0.00, real=0.08 secs] 
[GC (Allocation Failure) [ParNew: 579623K->68096K(613440K), 0.1660007 secs] 1464729K->1010035K(2010624K), 0.1660565 secs] [Times: user=1.06 sys=0.00, real=0.17 secs] 
[GC (Allocation Failure) [ParNew: 613440K->41040K(613440K), 0.0646016 secs] 1555379K->1046687K(2010624K), 0.0646657 secs] [Times: user=0.41 sys=0.00, real=0.06 secs] 
[GC (Allocation Failure) [ParNew: 586384K->68096K(613440K), 0.1446221 secs] 1592031K->1127961K(2010624K), 0.1446837 secs] [Times: user=1.03 sys=0.00, real=0.14 secs] 
[GC (Allocation Failure) [ParNew: 613440K->27381K(613440K), 0.0598039 secs] 1673305K->1150965K(2010624K), 0.0598545 secs] [Times: user=0.22 sys=0.00, real=0.06 secs] 
[GC (Allocation Failure) [ParNew: 572725K->68096K(613440K), 0.1252664 secs] 1696309K->1241897K(2010624K), 0.1253139 secs] [Times: user=0.81 sys=0.00, real=0.13 secs] 
[GC (CMS Initial Mark) [1 CMS-initial-mark: 1173801K(1397184K)] 1252830K(2010624K), 0.0092111 secs] [Times: user=0.00 sys=0.00, real=0.01 secs] 
[CMS-concurrent-mark-start]
[GC (Allocation Failure) [ParNew: 613440K->47999K(613440K), 0.0594176 secs] 1787241K->1285383K(2010624K), 0.0594811 secs] [Times: user=0.37 sys=0.00, real=0.06 secs] 
[CMS-concurrent-mark: 1.837/1.897 secs] [Times: user=6.05 sys=0.00, real=1.90 secs] 
[CMS-concurrent-preclean-start]
[CMS-concurrent-preclean: 0.387/0.406 secs] [Times: user=1.11 sys=0.00, real=0.41 secs] 
[CMS-concurrent-abortable-preclean-start]
[CMS-concurrent-abortable-preclean: 0.112/0.510 secs] [Times: user=0.65 sys=0.00, real=0.51 secs] 
[GC (CMS Final Remark) [YG occupancy: 377670 K (613440 K)][Rescan (parallel) , 0.0499242 secs][weak refs processing, 0.0000205 secs][class unloading, 0.0073704 secs][scrub symbol table, 0.0013332 secs][scrub string table, 0.0005441 secs][1 CMS-remark: 1237384K(1397184K)] 1615054K(2010624K), 0.0603550 secs] [Times: user=0.33 sys=0.00, real=0.06 secs] 
[CMS-concurrent-sweep-start]
[GC (Allocation Failure) [ParNew: 593343K->68096K(613440K), 0.1234976 secs] 1830727K->1354499K(2010624K), 0.1235566 secs] [Times: user=0.76 sys=0.00, real=0.12 secs] 
[CMS-concurrent-sweep: 1.076/1.199 secs] [Times: user=2.96 sys=0.00, real=1.20 secs] 
[CMS-concurrent-reset-start]
[CMS-concurrent-reset: 0.004/0.004 secs] [Times: user=0.03 sys=0.00, real=0.00 secs] 
[GC (Allocation Failure) [ParNew: 613440K->41052K(613440K), 0.0557639 secs] 1424053K->915209K(2010624K), 0.0558190 secs] [Times: user=0.14 sys=0.00, real=0.06 secs] 
[GC (Allocation Failure) [ParNew: 586396K->68096K(613440K), 0.1140408 secs] 1460553K->988772K(2010624K), 0.1140966 secs] [Times: user=0.70 sys=0.00, real=0.11 secs] 
[GC (Allocation Failure) [ParNew (0: promotion failure size = 29)  (1: promotion failure size = 4167)  (2: promotion failure size = 4167)  (3: promotion failure size = 4167)  (4: promotion failure size = 4167)  (5: promotion failure size = 4167)  (6: promotion failure size = 4167)  (7: promotion failure size = 4167)  (promotion failed): 613440K->593258K(613440K), 1.1615001 secs][CMS: 978610K->758314K(1397184K), 2.9866257 secs] 1534116K->758314K(2010624K), [Metaspace: 9964K->9964K(10240K)]
*** PauseDetector detected a 4149 ms pause at Fri Dec 19 16:46:31 EET 2014 ***

, 4.1482079 secs] [Times: user=4.17 sys=0.09, real=4.15 secs] 
[GC (Allocation Failure) [ParNew: 545344K->68096K(613440K), 0.0999312 secs] 1303658K->873447K(2010624K), 0.0999877 secs] [Times: user=0.44 sys=0.00, real=0.10 secs] 
[GC (Allocation Failure) [ParNew: 613440K->41073K(613440K), 0.0444497 secs] 1418791K->910517K(2010624K), 0.0445074 secs] [Times: user=0.25 sys=0.00, real=0.04 secs] 
[GC (Allocation Failure) [ParNew: 586417K->68096K(613440K), 0.0882263 secs] 1455861K->982804K(2010624K), 0.0882879 secs] [Times: user=0.47 sys=0.00, real=0.09 secs] 
[GC (Allocation Failure) [ParNew: 613440K->41069K(613440K), 0.0505164 secs] 1528148K->1019524K(2010624K), 0.0505632 secs] [Times: user=0.20 sys=0.00, real=0.05 secs] 
[GC (Allocation Failure) [ParNew: 586413K->68096K(613440K), 0.0853084 secs] 1564868K->1092666K(2010624K), 0.0853719 secs] [Times: user=0.41 sys=0.00, real=0.09 secs] 
[GC (Allocation Failure) [ParNew: 613440K->47054K(613440K), 0.0402384 secs] 1638010K->1133795K(2010624K), 0.0403044 secs] [Times: user=0.26 sys=0.00, real=0.04 secs] 
[GC (Allocation Failure) [ParNew: 592398K->68096K(613440K), 0.0760389 secs] 1679139K->1198203K(2010624K), 0.0760986 secs] [Times: user=0.53 sys=0.00, real=0.08 secs] 
[GC (Allocation Failure) [ParNew: 613440K->41007K(613440K), 0.0402082 secs] 1743547K->1234567K(2010624K), 0.0402563 secs] [Times: user=0.09 sys=0.00, real=0.04 secs] 
[GC (CMS Initial Mark) [1 CMS-initial-mark: 1193560K(1397184K)] 1245500K(2010624K), 0.0045828 secs] [Times: user=0.02 sys=0.00, real=0.00 secs] 
[CMS-concurrent-mark-start]
[CMS-concurrent-mark: 1.600/1.600 secs] [Times: user=5.10 sys=0.00, real=1.60 secs] 
[CMS-concurrent-preclean-start]
[GC (Allocation Failure) [ParNew: 586351K->68096K(613440K), 0.0714876 secs] 1779911K->1304707K(2010624K), 0.0715421 secs] [Times: user=0.50 sys=0.00, real=0.07 secs] 
[CMS-concurrent-preclean: 0.035/0.107 secs] [Times: user=0.56 sys=0.00, real=0.11 secs] 
[CMS-concurrent-abortable-preclean-start]
[CMS-concurrent-abortable-preclean: 0.746/0.855 secs] [Times: user=1.61 sys=0.00, real=0.86 secs] 
[GC (CMS Final Remark) [YG occupancy: 397130 K (613440 K)][Rescan (parallel) , 0.0569418 secs][weak refs processing, 0.0000423 secs][class unloading, 0.0067102 secs][scrub symbol table, 0.0011702 secs][scrub string table, 0.0003888 secs][1 CMS-remark: 1236611K(1397184K)] 1633741K(2010624K), 0.0661818 secs] [Times: user=0.38 sys=0.00, real=0.07 secs] 
[CMS-concurrent-sweep-start]
[GC (Allocation Failure) [ParNew: 613440K->54757K(613440K), 0.0377067 secs] 1850051K->1354806K(2010624K), 0.0377709 secs] [Times: user=0.25 sys=0.00, real=0.04 secs] 
[CMS-concurrent-sweep: 0.997/1.035 secs] [Times: user=2.50 sys=0.00, real=1.04 secs] 
[CMS-concurrent-reset-start]
[CMS-concurrent-reset: 0.004/0.004 secs] [Times: user=0.05 sys=0.00, real=0.00 secs] 
[GC (Allocation Failure) [ParNew: 600101K->68096K(613440K), 0.0704110 secs] 1351161K->861913K(2010624K), 0.0704611 secs] [Times: user=0.37 sys=0.00, real=0.07 secs] 
[GC (Allocation Failure) [ParNew: 613440K->54762K(613440K), 0.0368213 secs] 1407257K->912038K(2010624K), 0.0368784 secs] [Times: user=0.19 sys=0.00, real=0.04 secs] 
[GC (Allocation Failure) [ParNew (0: promotion failure size = 2779)  (1: promotion failure size = 2779)  (2: promotion failure size = 57)  (3: promotion failure size = 57)  (4: promotion failure size = 57)  (5: promotion failure size = 57)  (6: promotion failure size = 57)  (7: promotion failure size = 57)  (promotion failed): 600106K->613440K(613440K), 1.8798194 secs][CMS: 878201K->753087K(1397184K), 2.6635332 secs] 1457382K->753087K(2010624K), [Metaspace: 9964K->9964K(10240K)]
*** PauseDetector detected a 4545 ms pause at Fri Dec 19 16:46:56 EET 2014 ***

, 4.5434251 secs] [Times: user=4.84 sys=0.30, real=4.54 secs] 
[GC (Allocation Failure) [ParNew: 545344K->41059K(613440K), 0.0060738 secs] 1298431K->794147K(2010624K), 0.0061277 secs] [Times: user=0.00 sys=0.00, real=0.01 secs] 
[GC (Allocation Failure) [ParNew: 586403K->68096K(613440K), 0.0617684 secs] 1339491K->864120K(2010624K), 0.0618210 secs] [Times: user=0.38 sys=0.00, real=0.06 secs] 
[GC (Allocation Failure) [ParNew: 613440K->54761K(613440K), 0.0353791 secs] 1409464K->914585K(2010624K), 0.0354387 secs] [Times: user=0.11 sys=0.00, real=0.04 secs] 
[GC (Allocation Failure) [ParNew: 600105K->68096K(613440K), 0.0608041 secs] 1459929K->970038K(2010624K), 0.0608637 secs] [Times: user=0.33 sys=0.00, real=0.06 secs] 
[GC (Allocation Failure) [ParNew: 613440K->34224K(613440K), 0.0373057 secs] 1515382K->1000006K(2010624K), 0.0373583 secs] [Times: user=0.17 sys=0.00, real=0.04 secs] 
[GC (Allocation Failure) [ParNew: 579568K->68096K(613440K), 0.0599572 secs] 1545350K->1075140K(2010624K), 0.0600220 secs] [Times: user=0.31 sys=0.00, real=0.06 secs] 
[Full GC (System.gc()) [CMS: 1007044K->749259K(1397184K), 2.5349640 secs] 1261730K->749259K(2010624K), [Metaspace: 9964K->9964K(10240K)], 2.5352058 secs] [Times: user=2.54 sys=0.00, real=2.54 secs] 
[Full GC (System.gc()) [CMS: 749259K->749182K(1397184K), 2.1203962 secs] 749261K->749182K(2010624K), [Metaspace: 9964K->9964K(10240K)], 2.1206066 secs] [Times: user=2.12 sys=0.00, real=2.12 secs] 
[Full GC (System.gc()) [CMS: 749182K->749182K(1397184K), 2.1618054 secs] 749182K->749182K(2010624K), [Metaspace: 9964K->9964K(10240K)]
*** PauseDetector detected a 2537 ms pause at Fri Dec 19 16:47:08 EET 2014 ***

, 2.1620287 secs] [Times: user=2.15 sys=0.00, real=2.16 secs] 

*** PauseDetector detected a 4288 ms pause at Fri Dec 19 16:47:12 EET 2014 ***

[GC (Allocation Failure) [ParNew: 545344K->68096K(613440K), 0.0566338 secs] 1294526K->858945K(2010624K), 0.0567185 secs] [Times: user=0.39 sys=0.00, real=0.06 secs] 
[GC (Allocation Failure) [ParNew: 613440K->32380K(613440K), 0.0347702 secs] 1404289K->887134K(2010624K), 0.0348183 secs] [Times: user=0.16 sys=0.00, real=0.03 secs] 
[GC (Allocation Failure) [ParNew: 577724K->68096K(613440K), 0.0731223 secs] 1432478K->965202K(2010624K), 0.0731814 secs] [Times: user=0.30 sys=0.00, real=0.07 secs] 
[GC (Allocation Failure) [ParNew: 613440K->13596K(613440K), 0.0396988 secs] 1510546K->975189K(2010624K), 0.0397424 secs] [Times: user=0.13 sys=0.00, real=0.04 secs] 
[GC (Allocation Failure) [ParNew: 558940K->68096K(613440K), 0.0552031 secs] 1520533K->1071709K(2010624K), 0.0552891 secs] [Times: user=0.41 sys=0.00, real=0.06 secs] 
[GC (Allocation Failure) [ParNew: 613440K->20309K(613440K), 0.0395878 secs] 1617053K->1086309K(2010624K), 0.0396539 secs] [Times: user=0.13 sys=0.00, real=0.04 secs] 
[Full GC (System.gc()) [CMS: 1066000K->748787K(1397184K), 1.8375312 secs] 1381439K->748787K(2010624K), [Metaspace: 9964K->9964K(10240K)], 1.8377403 secs] [Times: user=1.84 sys=0.00, real=1.84 secs] 
[Full GC (System.gc()) [CMS: 748787K->748710K(1397184K), 2.0444445 secs] 748789K->748710K(2010624K), [Metaspace: 9964K->9964K(10240K)], 2.0447063 secs] [Times: user=2.03 sys=0.02, real=2.04 secs] 
[Full GC (System.gc()) [CMS: 748710K->746799K(1397184K), 1.8258641 secs] 759634K->746799K(2010624K), [Metaspace: 9964K->9964K(10240K)]
*** PauseDetector detected a 1841 ms pause at Fri Dec 19 16:47:24 EET 2014 ***

, 1.8260957 secs] [Times: user=1.83 sys=0.00, real=1.83 secs] 
********************************
********** ROUND   14 **********
********************************

*** PauseDetector detected a 3877 ms pause at Fri Dec 19 16:47:28 EET 2014 ***

[GC (Allocation Failure) [ParNew: 545344K->7702K(613440K), 0.0067757 secs] 1292143K->754502K(2010624K), 0.0068180 secs] [Times: user=0.00 sys=0.00, real=0.01 secs] 
[GC (Allocation Failure) [ParNew: 553046K->68096K(613440K), 0.0586631 secs] 1299846K->863296K(2010624K), 0.0587087 secs] [Times: user=0.22 sys=0.00, real=0.06 secs] 
[GC (Allocation Failure) [ParNew: 613440K->25808K(613440K), 0.0414381 secs] 1408640K->882980K(2010624K), 0.0414837 secs] [Times: user=0.14 sys=0.00, real=0.04 secs] 
[GC (Allocation Failure) [ParNew: 571152K->68096K(613440K), 0.0567083 secs] 1428324K->967688K(2010624K), 0.0567577 secs] [Times: user=0.25 sys=0.00, real=0.06 secs] 
[GC (Allocation Failure) [ParNew: 613440K->33327K(613440K), 0.0424390 secs] 1513032K->994991K(2010624K), 0.0424813 secs] [Times: user=0.14 sys=0.00, real=0.04 secs] 
[GC (Allocation Failure) [ParNew: 578671K->68096K(613440K), 0.0540213 secs] 1540335K->1073219K(2010624K), 0.0540695 secs] [Times: user=0.20 sys=0.00, real=0.06 secs] 
[GC (Allocation Failure) [ParNew: 613440K->26219K(613440K), 0.0277809 secs] 1618563K->1091884K(2010624K), 0.0278354 secs] [Times: user=0.08 sys=0.00, real=0.03 secs] 
[GC (Allocation Failure) [ParNew: 571563K->68096K(613440K), 0.0516821 secs] 1637228K->1175260K(2010624K), 0.0517315 secs] [Times: user=0.27 sys=0.00, real=0.05 secs] 
[GC (Allocation Failure) [ParNew: 613440K->33462K(613440K), 0.0353649 secs] 1720604K->1202534K(2010624K), 0.0354169 secs] [Times: user=0.13 sys=0.00, real=0.04 secs] 
[GC (CMS Initial Mark) [1 CMS-initial-mark: 1169072K(1397184K)] 1213456K(2010624K), 0.0051493 secs] [Times: user=0.01 sys=0.00, real=0.01 secs] 
[CMS-concurrent-mark-start]
[CMS-concurrent-mark: 1.201/1.201 secs] [Times: user=3.81 sys=0.00, real=1.20 secs] 
[CMS-concurrent-preclean-start]
[CMS-concurrent-preclean: 0.074/0.078 secs] [Times: user=0.16 sys=0.00, real=0.08 secs] 
[CMS-concurrent-abortable-preclean-start]
[GC (Allocation Failure) [ParNew: 578806K->68096K(613440K), 0.0519683 secs] 1747878K->1277376K(2010624K), 0.0520164 secs] [Times: user=0.25 sys=0.00, real=0.05 secs] 
[CMS-concurrent-abortable-preclean: 0.618/1.196 secs] [Times: user=2.01 sys=0.00, real=1.20 secs] 
[GC (CMS Final Remark) [YG occupancy: 408476 K (613440 K)][Rescan (parallel) , 0.0824130 secs][weak refs processing, 0.0000160 secs][class unloading, 0.0057370 secs][scrub symbol table, 0.0012049 secs][scrub string table, 0.0003805 secs][1 CMS-remark: 1209280K(1397184K)] 1617756K(2010624K), 0.0906001 secs] [Times: user=0.50 sys=0.00, real=0.09 secs] 
[CMS-concurrent-sweep-start]
[GC (Allocation Failure) [ParNew: 613440K->40805K(613440K), 0.0321301 secs] 1674091K->1164496K(2010624K), 0.0321795 secs] [Times: user=0.13 sys=0.00, real=0.03 secs] 
[CMS-concurrent-sweep: 0.572/0.605 secs] [Times: user=1.28 sys=0.00, real=0.61 secs] 
[CMS-concurrent-reset-start]
[CMS-concurrent-reset: 0.003/0.003 secs] [Times: user=0.00 sys=0.00, real=0.00 secs] 
[GC (Allocation Failure) [ParNew: 586149K->68096K(613440K), 0.0511849 secs] 1333420K->855785K(2010624K), 0.0512407 secs] [Times: user=0.25 sys=0.00, real=0.05 secs] 
[GC (Allocation Failure) [ParNew: 613440K->33891K(613440K), 0.0275384 secs] 1401129K->884328K(2010624K), 0.0276628 secs] [Times: user=0.08 sys=0.00, real=0.03 secs] 
[GC (Allocation Failure) [ParNew: 579235K->68096K(613440K), 0.0653368 secs] 1429672K->958239K(2010624K), 0.0653862 secs] [Times: user=0.19 sys=0.02, real=0.06 secs] 
[GC (Allocation Failure) [ParNew: 613440K->34200K(613440K), 0.1067813 secs] 1503583K->987738K(2010624K), 0.1069000 secs] [Times: user=0.20 sys=0.00, real=0.11 secs] 
[GC (Allocation Failure) [ParNew (0: promotion failure size = 14056)  (1: promotion failure size = 14056)  (2: promotion failure size = 14056)  (3: promotion failure size = 14056)  (4: promotion failure size = 14056)  (5: promotion failure size = 14056)  (6: promotion failure size = 14056)  (7: promotion failure size = 14056)  (promotion failed): 579544K->613440K(613440K), 0.8291400 secs][CMS: 1002349K->773772K(1397184K), 2.1155151 secs] 1533082K->773772K(2010624K), [Metaspace: 9964K->9964K(10240K)], 2.9447263 secs] [Times: user=3.87 sys=0.08, real=2.94 secs] 

*** PauseDetector detected a 2947 ms pause at Fri Dec 19 16:47:55 EET 2014 ***

[GC (Allocation Failure) [ParNew: 545344K->27380K(613440K), 0.0072331 secs] 1319116K->801152K(2010624K), 0.0072780 secs] [Times: user=0.00 sys=0.00, real=0.01 secs] 
[GC (Allocation Failure) [ParNew: 572724K->68096K(613440K), 0.1963344 secs] 1346496K->901820K(2010624K), 0.1963800 secs] [Times: user=0.95 sys=0.00, real=0.20 secs] 
[GC (Allocation Failure) [ParNew: 613440K->20544K(613440K), 0.0704271 secs] 1447164K->919030K(2010624K), 0.0704752 secs] [Times: user=0.26 sys=0.00, real=0.07 secs] 
[GC (Allocation Failure) [ParNew: 565888K->68096K(613440K), 0.1602958 secs] 1464374K->1021054K(2010624K), 0.1603420 secs] [Times: user=0.80 sys=0.00, real=0.16 secs] 
[GC (Allocation Failure) [ParNew: 613440K->41108K(613440K), 0.0645887 secs] 1566398K->1057792K(2010624K), 0.0646394 secs] [Times: user=0.22 sys=0.01, real=0.07 secs] 
[GC (Allocation Failure) [ParNew: 586452K->68096K(613440K), 0.1314948 secs] 1603136K->1135039K(2010624K), 0.1315423 secs] [Times: user=0.83 sys=0.00, real=0.13 secs] 
[GC (Allocation Failure) [ParNew: 613440K->27366K(613440K), 0.0649487 secs] 1680383K->1158033K(2010624K), 0.0650070 secs] [Times: user=0.22 sys=0.00, real=0.06 secs] 
[GC (CMS Initial Mark) [1 CMS-initial-mark: 1130667K(1397184K)] 1168956K(2010624K), 0.0055124 secs] [Times: user=0.02 sys=0.00, real=0.01 secs] 
[CMS-concurrent-mark-start]
[CMS-concurrent-mark: 1.316/1.316 secs] [Times: user=4.45 sys=0.00, real=1.32 secs] 
[CMS-concurrent-preclean-start]
[CMS-concurrent-preclean: 0.227/0.240 secs] [Times: user=0.47 sys=0.00, real=0.24 secs] 
[CMS-concurrent-abortable-preclean-start]
[GC (Allocation Failure) [ParNew[CMS-concurrent-abortable-preclean: 0.037/0.276 secs] [Times: user=0.67 sys=0.00, real=0.28 secs] 
: 572710K->68096K(613440K), 0.1388017 secs] 1703377K->1247867K(2010624K), 0.1388499 secs] [Times: user=0.61 sys=0.00, real=0.14 secs] 
[GC (CMS Final Remark) [YG occupancy: 79020 K (613440 K)][Rescan (parallel) , 0.0771040 secs][weak refs processing, 0.0000199 secs][class unloading, 0.0064575 secs][scrub symbol table, 0.0013345 secs][scrub string table, 0.0003856 secs][1 CMS-remark: 1179771K(1397184K)] 1258791K(2010624K), 0.0861393 secs] [Times: user=0.38 sys=0.00, real=0.08 secs] 
[CMS-concurrent-sweep-start]
[CMS-concurrent-sweep: 0.796/0.796 secs] [Times: user=1.59 sys=0.00, real=0.80 secs] 
[CMS-concurrent-reset-start]
[CMS-concurrent-reset: 0.003/0.003 secs] [Times: user=0.00 sys=0.00, real=0.00 secs] 
[GC (Allocation Failure) [ParNew: 613440K->41077K(613440K), 0.0637419 secs] 1309629K->800726K(2010624K), 0.0637893 secs] [Times: user=0.22 sys=0.00, real=0.06 secs] 
[GC (Allocation Failure) [ParNew: 586421K->68096K(613440K), 0.1178498 secs] 1346070K->875991K(2010624K), 0.1178998 secs] [Times: user=0.50 sys=0.00, real=0.11 secs] 
[GC (Allocation Failure) [ParNew: 613440K->33413K(613440K), 0.0517110 secs] 1421335K->903110K(2010624K), 0.0518791 secs] [Times: user=0.09 sys=0.00, real=0.05 secs] 
[GC (Allocation Failure) [ParNew: 578757K->68096K(613440K), 0.1124740 secs] 1448454K->983611K(2010624K), 0.1125228 secs] [Times: user=0.42 sys=0.00, real=0.11 secs] 
[GC (Allocation Failure) [ParNew: 613440K->27341K(613440K), 0.0518919 secs] 1528955K->1006365K(2010624K), 0.0519786 secs] [Times: user=0.19 sys=0.00, real=0.05 secs] 
[GC (Allocation Failure) [ParNew (0: promotion failure size = 4167)  (1: promotion failure size = 4167)  (2: promotion failure size = 4167)  (3: promotion failure size = 4167)  (4: promotion failure size = 4167)  (5: promotion failure size = 4167)  (6: promotion failure size = 4167)  (7: promotion failure size = 4167)  (promotion failed): 572685K->613440K(613440K), 0.4223462 secs][CMS: 1023396K->755834K(1397184K), 2.0882302 secs] 1551709K->755834K(2010624K), [Metaspace: 9964K->9964K(10240K)], 2.5106450 secs] [Times: user=2.82 sys=0.00, real=2.50 secs] 

*** PauseDetector detected a 2506 ms pause at Fri Dec 19 16:48:21 EET 2014 ***

[GC (Allocation Failure) [ParNew: 545344K->27421K(613440K), 0.0076707 secs] 1301178K->783255K(2010624K), 0.0077175 secs] [Times: user=0.06 sys=0.00, real=0.01 secs] 
[GC (Allocation Failure) [ParNew: 572765K->68096K(613440K), 0.0879248 secs] 1328599K->869733K(2010624K), 0.0879748 secs] [Times: user=0.33 sys=0.00, real=0.08 secs] 
[GC (Allocation Failure) [ParNew: 613440K->27416K(613440K), 0.0467799 secs] 1415077K->893439K(2010624K), 0.0468447 secs] [Times: user=0.19 sys=0.00, real=0.04 secs] 
[GC (Allocation Failure) [ParNew: 572760K->68096K(613440K), 0.0824476 secs] 1438783K->978912K(2010624K), 0.0824938 secs] [Times: user=0.34 sys=0.00, real=0.08 secs] 
[GC (Allocation Failure) [ParNew: 613440K->26938K(613440K), 0.0390027 secs] 1524256K->1000161K(2010624K), 0.0391586 secs] [Times: user=0.13 sys=0.00, real=0.03 secs] 
[GC (Allocation Failure) [ParNew: 572282K->68096K(613440K), 0.0813262 secs] 1545505K->1086609K(2010624K), 0.0813743 secs] [Times: user=0.34 sys=0.00, real=0.08 secs] 
[GC (Allocation Failure) [ParNew: 613440K->19942K(613440K), 0.0367623 secs] 1631953K->1099813K(2010624K), 0.0368117 secs] [Times: user=0.11 sys=0.00, real=0.03 secs] 
[GC (Allocation Failure) [ParNew: 565286K->68096K(613440K), 0.0755539 secs] 1645157K->1190702K(2010624K), 0.0756020 secs] [Times: user=0.30 sys=0.00, real=0.07 secs] 
[GC (Allocation Failure) [ParNew: 613440K->27375K(613440K), 0.0428406 secs] 1736046K->1214880K(2010624K), 0.0428919 secs] [Times: user=0.13 sys=0.00, real=0.04 secs] 
[GC (CMS Initial Mark) [1 CMS-initial-mark: 1187504K(1397184K)] 1225864K(2010624K), 0.0043871 secs] [Times: user=0.02 sys=0.00, real=0.01 secs] 
[CMS-concurrent-mark-start]
[CMS-concurrent-mark: 1.189/1.189 secs] [Times: user=3.82 sys=0.00, real=1.19 secs] 
[CMS-concurrent-preclean-start]
[CMS-concurrent-preclean: 0.105/0.113 secs] [Times: user=0.25 sys=0.00, real=0.11 secs] 
[CMS-concurrent-abortable-preclean-start]
[GC (Allocation Failure) [ParNew: 572719K->68096K(613440K), 0.0735201 secs] 1760224K->1298729K(2010624K), 0.0735727 secs] [Times: user=0.40 sys=0.00, real=0.07 secs] 
[CMS-concurrent-abortable-preclean: 0.713/1.392 secs] [Times: user=2.47 sys=0.00, real=1.39 secs] 
[GC (CMS Final Remark) [YG occupancy: 430264 K (613440 K)][Rescan (parallel) , 0.0841606 secs][weak refs processing, 0.0000160 secs][class unloading, 0.0055772 secs][scrub symbol table, 0.0010637 secs][scrub string table, 0.0003689 secs][1 CMS-remark: 1230633K(1397184K)] 1660897K(2010624K), 0.0919904 secs] [Times: user=0.42 sys=0.00, real=0.08 secs] 
[CMS-concurrent-sweep-start]
[GC (Allocation Failure) [ParNew: 613440K->47591K(613440K), 0.0352270 secs] 1844073K->1341050K(2010624K), 0.0352758 secs] [Times: user=0.09 sys=0.00, real=0.03 secs] 
[CMS-concurrent-sweep: 0.761/0.796 secs] [Times: user=1.86 sys=0.00, real=0.80 secs] 
[CMS-concurrent-reset-start]
[CMS-concurrent-reset: 0.003/0.003 secs] [Times: user=0.00 sys=0.00, real=0.00 secs] 
[GC (Allocation Failure) [ParNew: 592935K->68096K(613440K), 0.0710180 secs] 1343986K->863051K(2010624K), 0.0710699 secs] [Times: user=0.28 sys=0.00, real=0.07 secs] 
[GC (Allocation Failure) [ParNew: 613440K->20074K(613440K), 0.0391701 secs] 1408395K->876873K(2010624K), 0.0392208 secs] [Times: user=0.13 sys=0.00, real=0.03 secs] 
[GC (Allocation Failure) [ParNew (0: promotion failure size = 2779)  (1: promotion failure size = 2779)  (2: promotion failure size = 2779)  (3: promotion failure size = 2779)  (4: promotion failure size = 2779)  (5: promotion failure size = 2779)  (6: promotion failure size = 2779)  (7: promotion failure size = 2779)  (promotion failed): 565418K->613440K(613440K), 0.2380837 secs][CMS: 898764K->752747K(1397184K), 2.1555603 secs] 1422217K->752747K(2010624K), [Metaspace: 9964K->9964K(10240K)], 2.3937262 secs] [Times: user=2.59 sys=0.00, real=2.39 secs] 

*** PauseDetector detected a 2395 ms pause at Fri Dec 19 16:48:44 EET 2014 ***

[GC (Allocation Failure) [ParNew: 545344K->27380K(613440K), 0.0083957 secs] 1298091K->780127K(2010624K), 0.0084483 secs] [Times: user=0.00 sys=0.00, real=0.01 secs] 
[GC (Allocation Failure) [ParNew: 572724K->68096K(613440K), 0.0613385 secs] 1325471K->862669K(2010624K), 0.0613860 secs] [Times: user=0.27 sys=0.00, real=0.06 secs] 
[GC (Allocation Failure) [ParNew: 613440K->27411K(613440K), 0.0411340 secs] 1408013K->886101K(2010624K), 0.0411789 secs] [Times: user=0.17 sys=0.00, real=0.04 secs] 
[GC (Allocation Failure) [ParNew: 572755K->68096K(613440K), 0.0560930 secs] 1431445K->967995K(2010624K), 0.0561597 secs] [Times: user=0.39 sys=0.00, real=0.06 secs] 
[GC (Allocation Failure) [ParNew: 613440K->54854K(613440K), 0.0322418 secs] 1513339K->1018219K(2010624K), 0.0323040 secs] [Times: user=0.25 sys=0.00, real=0.03 secs] 
[GC (Allocation Failure) [ParNew: 600198K->68096K(613440K), 0.0564548 secs] 1563563K->1072464K(2010624K), 0.0565042 secs] [Times: user=0.39 sys=0.00, real=0.06 secs] 
[GC (Allocation Failure) [ParNew: 613440K->27382K(613440K), 0.0329276 secs] 1617808K->1095276K(2010624K), 0.0330033 secs] [Times: user=0.11 sys=0.00, real=0.03 secs] 
[GC (Allocation Failure) [ParNew: 572726K->68096K(613440K), 0.0551101 secs] 1640620K->1176844K(2010624K), 0.0551672 secs] [Times: user=0.44 sys=0.00, real=0.06 secs] 
[GC (Allocation Failure) [ParNew: 613440K->54846K(613440K), 0.0314661 secs] 1722188K->1226996K(2010624K), 0.0315296 secs] [Times: user=0.14 sys=0.00, real=0.03 secs] 
[GC (CMS Initial Mark) [1 CMS-initial-mark: 1172150K(1397184K)] 1237960K(2010624K), 0.0028011 secs] [Times: user=0.00 sys=0.00, real=0.00 secs] 
[CMS-concurrent-mark-start]
[Full GC (System.gc()) [CMS[CMS-concurrent-mark: 1.396/1.397 secs] [Times: user=2.90 sys=0.00, real=1.40 secs] 
 (concurrent mode interrupted): 1172150K->689133K(1397184K), 3.5598764 secs] 1238118K->689133K(2010624K), [Metaspace: 9964K->9964K(10240K)], 3.5601811 secs] [Times: user=4.73 sys=0.00, real=3.56 secs] 
[Full GC (System.gc()) [CMS: 689133K->689133K(1397184K), 2.2694343 secs] 689133K->689133K(2010624K), [Metaspace: 9964K->9964K(10240K)], 2.2697410 secs] [Times: user=2.26 sys=0.00, real=2.27 secs] 
[Full GC (System.gc()) [CMS: 689133K->689134K(1397184K), 2.2408842 secs] 689135K->689134K(2010624K), [Metaspace: 9964K->9964K(10240K)], 2.2411299 secs] [Times: user=2.21 sys=0.00, real=2.24 secs] 

*** PauseDetector detected a 5832 ms pause at Fri Dec 19 16:49:04 EET 2014 ***


*** PauseDetector detected a 2248 ms pause at Fri Dec 19 16:49:06 EET 2014 ***

[GC (Allocation Failure) [ParNew: 545344K->68096K(613440K), 0.0507827 secs] 1234478K->798450K(2010624K), 0.0508391 secs] [Times: user=0.22 sys=0.00, real=0.05 secs] 
[GC (Allocation Failure) [ParNew: 613440K->27382K(613440K), 0.0402923 secs] 1343794K->821570K(2010624K), 0.0403404 secs] [Times: user=0.11 sys=0.00, real=0.04 secs] 
[GC (Allocation Failure) [ParNew: 572726K->68096K(613440K), 0.0538558 secs] 1366914K->904072K(2010624K), 0.0539546 secs] [Times: user=0.28 sys=0.00, real=0.05 secs] 
[GC (Allocation Failure) [ParNew: 613440K->20282K(613440K), 0.0415414 secs] 1449416K->919097K(2010624K), 0.0415914 secs] [Times: user=0.14 sys=0.00, real=0.04 secs] 
[GC (Allocation Failure) [ParNew: 565626K->68096K(613440K), 0.0558184 secs] 1464441K->1009670K(2010624K), 0.0558684 secs] [Times: user=0.20 sys=0.00, real=0.06 secs] 
[GC (Allocation Failure) [ParNew: 613440K->39894K(613440K), 0.0509315 secs] 1555014K->1042769K(2010624K), 0.0509815 secs] [Times: user=0.11 sys=0.00, real=0.05 secs] 
[Full GC (System.gc()) [CMS: 1002874K->748841K(1397184K), 2.6273528 secs] 1370441K->748841K(2010624K), [Metaspace: 9964K->9964K(10240K)], 2.6276062 secs] [Times: user=2.62 sys=0.00, real=2.63 secs] 
[Full GC (System.gc()) [CMS: 748841K->748841K(1397184K), 2.2553992 secs] 748841K->748841K(2010624K), [Metaspace: 9964K->9964K(10240K)], 2.2556449 secs] [Times: user=2.26 sys=0.00, real=2.26 secs] 
[Full GC (System.gc()) [CMS: 748841K->748841K(1397184K), 2.1470742 secs] 748841K->748841K(2010624K), [Metaspace: 9964K->9964K(10240K)], 2.1473090 secs] [Times: user=2.14 sys=0.00, real=2.15 secs] 
********************************

*** PauseDetector detected a 7036 ms pause at Fri Dec 19 16:49:23 EET 2014 ***

********** ROUND   15 **********
********************************
[GC (Allocation Failure) [ParNew: 545344K->10798K(613440K), 0.0064049 secs] 1294185K->759639K(2010624K), 0.0064671 secs] [Times: user=0.00 sys=0.00, real=0.01 secs] 
[GC (Allocation Failure) [ParNew: 556142K->68096K(613440K), 0.0489086 secs] 1304983K->857689K(2010624K), 0.0489619 secs] [Times: user=0.31 sys=0.00, real=0.05 secs] 
[GC (Allocation Failure) [ParNew: 613440K->39090K(613440K), 0.0302708 secs] 1403033K->892024K(2010624K), 0.0303311 secs] [Times: user=0.16 sys=0.00, real=0.03 secs] 
[GC (Allocation Failure) [ParNew: 584434K->68096K(613440K), 0.0503079 secs] 1437368K->961165K(2010624K), 0.0503727 secs] [Times: user=0.23 sys=0.00, real=0.05 secs] 
[GC (Allocation Failure) [ParNew: 613440K->54404K(613440K), 0.0288048 secs] 1506509K->1010669K(2010624K), 0.0288613 secs] [Times: user=0.25 sys=0.00, real=0.03 secs] 
[GC (Allocation Failure) [ParNew: 599748K->68096K(613440K), 0.0482196 secs] 1556013K->1064099K(2010624K), 0.0482722 secs] [Times: user=0.28 sys=0.00, real=0.05 secs] 
[GC (Allocation Failure) [ParNew: 613440K->34206K(613440K), 0.0317965 secs] 1609443K->1093701K(2010624K), 0.0318485 secs] [Times: user=0.09 sys=0.00, real=0.03 secs] 
[GC (Allocation Failure) [ParNew: 579550K->68096K(613440K), 0.0468697 secs] 1639045K->1167247K(2010624K), 0.0469358 secs] [Times: user=0.38 sys=0.00, real=0.05 secs] 
[GC (Allocation Failure) [ParNew: 613440K->34220K(613440K), 0.0336622 secs] 1712591K->1196831K(2010624K), 0.0337232 secs] [Times: user=0.20 sys=0.00, real=0.03 secs] 
[GC (CMS Initial Mark) [1 CMS-initial-mark: 1162610K(1397184K)] 1196831K(2010624K), 0.0038020 secs] [Times: user=0.00 sys=0.00, real=0.00 secs] 
[CMS-concurrent-mark-start]
[CMS-concurrent-mark: 1.679/1.679 secs] [Times: user=5.55 sys=0.02, real=1.68 secs] 
[CMS-concurrent-preclean-start]
[CMS-concurrent-preclean: 0.075/0.079 secs] [Times: user=0.19 sys=0.00, real=0.08 secs] 
[CMS-concurrent-abortable-preclean-start]
[GC (Allocation Failure) [ParNew[CMS-concurrent-abortable-preclean: 0.048/0.279 secs] [Times: user=0.81 sys=0.00, real=0.28 secs] 
: 579564K->68096K(613440K), 0.1599327 secs] 1742175K->1298561K(2010624K), 0.1599827 secs] [Times: user=0.95 sys=0.00, real=0.16 secs] 
[GC (CMS Final Remark) [YG occupancy: 79014 K (613440 K)][Rescan (parallel) , 0.0496862 secs][weak refs processing, 0.0000218 secs][class unloading, 0.0075770 secs][scrub symbol table, 0.0016123 secs][scrub string table, 0.0005755 secs][1 CMS-remark: 1230465K(1397184K)] 1309480K(2010624K), 0.0606636 secs] [Times: user=0.36 sys=0.00, real=0.06 secs] 
[CMS-concurrent-sweep-start]
[CMS-concurrent-sweep: 0.692/0.692 secs] [Times: user=1.39 sys=0.00, real=0.69 secs] 
[CMS-concurrent-reset-start]
[CMS-concurrent-reset: 0.003/0.003 secs] [Times: user=0.03 sys=0.00, real=0.00 secs] 
[GC (Allocation Failure) [ParNew: 613440K->47850K(613440K), 0.0801745 secs] 1323567K->822007K(2010624K), 0.0802336 secs] [Times: user=0.42 sys=0.00, real=0.08 secs] 
[GC (Allocation Failure) [ParNew: 593194K->68096K(613440K), 0.1696545 secs] 1367351K->899067K(2010624K), 0.1697122 secs] [Times: user=1.14 sys=0.00, real=0.17 secs] 
[GC (Allocation Failure) [ParNew: 613440K->54746K(613440K), 0.0658481 secs] 1444411K->949412K(2010624K), 0.0659129 secs] [Times: user=0.36 sys=0.00, real=0.07 secs] 
[GC (Allocation Failure) [ParNew (0: promotion failure size = 9372)  (1: promotion failure size = 9372)  (2: promotion failure size = 9372)  (3: promotion failure size = 9372)  (4: promotion failure size = 9372)  (5: promotion failure size = 9372)  (6: promotion failure size = 9372)  (7: promotion failure size = 9372)  (promotion failed): 600090K->613440K(613440K), 0.2648034 secs][CMS: 948320K->764509K(1397184K), 2.7159275 secs] 1494756K->764509K(2010624K), [Metaspace: 9964K->9964K(10240K)]
*** PauseDetector detected a 2984 ms pause at Fri Dec 19 16:49:49 EET 2014 ***

, 2.9808342 secs] [Times: user=3.81 sys=0.00, real=2.98 secs] 
[GC (Allocation Failure) [ParNew: 545344K->40959K(613440K), 0.0061078 secs] 1309853K->805469K(2010624K), 0.0061739 secs] [Times: user=0.00 sys=0.00, real=0.01 secs] 
[GC (Allocation Failure) [ParNew: 586303K->68096K(613440K), 0.1191137 secs] 1350813K->884687K(2010624K), 0.1191650 secs] [Times: user=0.80 sys=0.00, real=0.12 secs] 
[GC (Allocation Failure) [ParNew: 613440K->34220K(613440K), 0.0690701 secs] 1430031K->915189K(2010624K), 0.0691176 secs] [Times: user=0.22 sys=0.00, real=0.07 secs] 
[GC (Allocation Failure) [ParNew: 579564K->68096K(613440K), 0.1183393 secs] 1460533K->998355K(2010624K), 0.1183900 secs] [Times: user=0.59 sys=0.00, real=0.12 secs] 
[GC (Allocation Failure) [ParNew: 613440K->34222K(613440K), 0.0515673 secs] 1543699K->1028129K(2010624K), 0.0516533 secs] [Times: user=0.25 sys=0.00, real=0.05 secs] 
[GC (Allocation Failure) [ParNew: 579566K->68096K(613440K), 0.1004772 secs] 1573473K->1108536K(2010624K), 0.1005401 secs] [Times: user=0.62 sys=0.00, real=0.10 secs] 
[GC (Allocation Failure) [ParNew: 613440K->41062K(613440K), 0.0490485 secs] 1653880K->1145165K(2010624K), 0.0491062 secs] [Times: user=0.19 sys=0.00, real=0.05 secs] 
[GC (Allocation Failure) [ParNew: 586406K->68096K(613440K), 0.1016397 secs] 1690509K->1218083K(2010624K), 0.1016962 secs] [Times: user=0.53 sys=0.00, real=0.10 secs] 
[GC (Allocation Failure) [ParNew: 613440K->34199K(613440K), 0.0448455 secs] 1763427K->1247630K(2010624K), 0.0448962 secs] [Times: user=0.20 sys=0.00, real=0.05 secs] 
[GC (CMS Initial Mark) [1 CMS-initial-mark: 1213431K(1397184K)] 1258598K(2010624K), 0.0045545 secs] [Times: user=0.02 sys=0.00, real=0.00 secs] 
[CMS-concurrent-mark-start]
[CMS-concurrent-mark: 1.669/1.669 secs] [Times: user=5.29 sys=0.00, real=1.67 secs] 
[CMS-concurrent-preclean-start]
[GC (Allocation Failure) [ParNew: 579543K->68096K(613440K), 0.0880505 secs] 1792974K->1326740K(2010624K), 0.0881153 secs] [Times: user=0.59 sys=0.00, real=0.09 secs] 
[CMS-concurrent-preclean: 0.049/0.138 secs] [Times: user=0.69 sys=0.00, real=0.14 secs] 
[CMS-concurrent-abortable-preclean-start]
[CMS-concurrent-abortable-preclean: 0.908/1.020 secs] [Times: user=2.01 sys=0.00, real=1.02 secs] 
[GC (CMS Final Remark) [YG occupancy: 473552 K (613440 K)][Rescan (parallel) , 0.0695558 secs][weak refs processing, 0.0000192 secs][class unloading, 0.0077688 secs][scrub symbol table, 0.0012896 secs][scrub string table, 0.0003939 secs][1 CMS-remark: 1258644K(1397184K)] 1732196K(2010624K), 0.0799237 secs] [Times: user=0.52 sys=0.00, real=0.08 secs] 
[CMS-concurrent-sweep-start]
[GC (Allocation Failure) [ParNew: 613440K->20535K(613440K), 0.0426128 secs] 1872084K->1342707K(2010624K), 0.0426731 secs] [Times: user=0.25 sys=0.00, real=0.04 secs] 
[CMS-concurrent-sweep: 1.098/1.140 secs] [Times: user=2.89 sys=0.00, real=1.14 secs] 
[CMS-concurrent-reset-start]
[CMS-concurrent-reset: 0.003/0.003 secs] [Times: user=0.00 sys=0.00, real=0.00 secs] 
[GC (Allocation Failure) [ParNew: 565879K->68096K(613440K), 0.0837224 secs] 1320297K->867284K(2010624K), 0.0837738 secs] [Times: user=0.53 sys=0.00, real=0.08 secs] 
[GC (Allocation Failure) [ParNew: 613440K->41126K(613440K), 0.0598205 secs] 1412628K->903830K(2010624K), 0.0598860 secs] [Times: user=0.27 sys=0.00, real=0.06 secs] 
[GC (Allocation Failure) [ParNew (0: promotion failure size = 2779)  (1: promotion failure size = 2779)  (2: promotion failure size = 2779)  (3: promotion failure size = 2779)  (4: promotion failure size = 2779)  (5: promotion failure size = 2779)  (6: promotion failure size = 2779)  (7: promotion failure size = 2779)  (promotion failed): 586470K->613440K(613440K), 0.4283206 secs][CMS: 905214K->753883K(1397184K), 2.7517204 secs] 1449174K->753883K(2010624K), [Metaspace: 9964K->9964K(10240K)]
*** PauseDetector detected a 3182 ms pause at Fri Dec 19 16:50:15 EET 2014 ***

, 3.1801269 secs] [Times: user=3.57 sys=0.05, real=3.18 secs] 
[GC (Allocation Failure) [ParNew: 545344K->41075K(613440K), 0.0060539 secs] 1299227K->794959K(2010624K), 0.0061033 secs] [Times: user=0.09 sys=0.00, real=0.01 secs] 
[GC (Allocation Failure) [ParNew: 586419K->68096K(613440K), 0.0669850 secs] 1340303K->865787K(2010624K), 0.0670389 secs] [Times: user=0.45 sys=0.00, real=0.07 secs] 
[GC (Allocation Failure) [ParNew: 613440K->34226K(613440K), 0.0366564 secs] 1411131K->895984K(2010624K), 0.0367026 secs] [Times: user=0.20 sys=0.00, real=0.04 secs] 
[GC (Allocation Failure) [ParNew: 579570K->68096K(613440K), 0.0687724 secs] 1441328K->973755K(2010624K), 0.0688372 secs] [Times: user=0.41 sys=0.00, real=0.07 secs] 
[GC (Allocation Failure) [ParNew: 613440K->47165K(613440K), 0.0369067 secs] 1519099K->1015339K(2010624K), 0.0369676 secs] [Times: user=0.17 sys=0.00, real=0.04 secs] 
[GC (Allocation Failure) [ParNew: 592509K->68096K(613440K), 0.0633935 secs] 1560683K->1078786K(2010624K), 0.0634615 secs] [Times: user=0.38 sys=0.00, real=0.06 secs] 
[GC (Allocation Failure) [ParNew: 613440K->41020K(613440K), 0.0365827 secs] 1624130K->1115196K(2010624K), 0.0366391 secs] [Times: user=0.09 sys=0.00, real=0.04 secs] 
[GC (Allocation Failure) [ParNew: 586364K->68096K(613440K), 0.0677151 secs] 1660540K->1185713K(2010624K), 0.0677652 secs] [Times: user=0.33 sys=0.00, real=0.07 secs] 
[GC (Allocation Failure) [ParNew: 613440K->53929K(613440K), 0.0330559 secs] 1731057K->1233926K(2010624K), 0.0331021 secs] [Times: user=0.09 sys=0.00, real=0.03 secs] 
[GC (CMS Initial Mark) [1 CMS-initial-mark: 1179997K(1397184K)] 1244843K(2010624K), 0.0022981 secs] [Times: user=0.00 sys=0.00, real=0.00 secs] 
[CMS-concurrent-mark-start]
[GC (Allocation Failure) [ParNew: 599273K->68096K(613440K), 0.0612166 secs] 1779270K->1290231K(2010624K), 0.0612782 secs] [Times: user=0.48 sys=0.00, real=0.06 secs] 
[CMS-concurrent-mark: 1.705/1.767 secs] [Times: user=5.82 sys=0.00, real=1.77 secs] 
[CMS-concurrent-preclean-start]
[CMS-concurrent-preclean: 0.172/0.183 secs] [Times: user=0.44 sys=0.00, real=0.18 secs] 
[CMS-concurrent-abortable-preclean-start]
[CMS-concurrent-abortable-preclean: 0.487/0.686 secs] [Times: user=1.23 sys=0.00, real=0.69 secs] 
[GC (CMS Final Remark) [YG occupancy: 451461 K (613440 K)][Rescan (parallel) , 0.0681572 secs][weak refs processing, 0.0000218 secs][class unloading, 0.0083738 secs][scrub symbol table, 0.0016976 secs][scrub string table, 0.0005139 secs][1 CMS-remark: 1222135K(1397184K)] 1673596K(2010624K), 0.0797691 secs] [Times: user=0.47 sys=0.00, real=0.08 secs] 
[CMS-concurrent-sweep-start]
[GC (Allocation Failure) [ParNew: 613440K->47868K(613440K), 0.0328249 secs] 1835575K->1333426K(2010624K), 0.0328865 secs] [Times: user=0.14 sys=0.00, real=0.03 secs] 
[CMS-concurrent-sweep: 0.798/0.831 secs] [Times: user=1.97 sys=0.00, real=0.83 secs] 
[CMS-concurrent-reset-start]
[CMS-concurrent-reset: 0.003/0.003 secs] [Times: user=0.03 sys=0.00, real=0.00 secs] 
[GC (Allocation Failure) [ParNew: 593212K->68096K(613440K), 0.0639593 secs] 1343036K->859446K(2010624K), 0.0640126 secs] [Times: user=0.33 sys=0.00, real=0.06 secs] 
[GC (Allocation Failure) [ParNew: 613440K->54557K(613440K), 0.0345046 secs] 1404790K->909109K(2010624K), 0.0345540 secs] [Times: user=0.09 sys=0.00, real=0.03 secs] 
[GC (Allocation Failure) [ParNew: 599901K->68096K(613440K), 0.1209101 secs] 1454453K->963730K(2010624K), 0.1209711 secs] [Times: user=0.41 sys=0.00, real=0.12 secs] 
[GC (Allocation Failure) [ParNew (0: promotion failure size = 1854)  (1: promotion failure size = 1854)  (2: promotion failure size = 1854)  (3: promotion failure size = 1854)  (4: promotion failure size = 1854)  (5: promotion failure size = 1854)  (6: promotion failure size = 1854)  (7: promotion failure size = 1854)  (promotion failed): 613440K->572713K(613440K), 2.4051719 secs][CMS: 921150K->752831K(1397184K), 2.7737816 secs] 1509074K->752831K(2010624K), [Metaspace: 9964K->9964K(10240K)]
*** PauseDetector detected a 5182 ms pause at Fri Dec 19 16:50:43 EET 2014 ***

, 5.1790407 secs] [Times: user=5.12 sys=0.33, real=5.18 secs] 
[GC (Allocation Failure) [ParNew: 545344K->68096K(613440K), 0.0537904 secs] 1298175K->862826K(2010624K), 0.0538552 secs] [Times: user=0.33 sys=0.00, real=0.05 secs] 
[GC (Allocation Failure) [ParNew: 613440K->54526K(613440K), 0.0322616 secs] 1408170K->912650K(2010624K), 0.0323136 secs] [Times: user=0.17 sys=0.00, real=0.03 secs] 
[GC (Allocation Failure) [ParNew: 599870K->68096K(613440K), 0.0578477 secs] 1457994K->969871K(2010624K), 0.0578965 secs] [Times: user=0.26 sys=0.00, real=0.06 secs] 
[GC (Allocation Failure) [ParNew: 613440K->46085K(613440K), 0.0317843 secs] 1515215K->1008661K(2010624K), 0.0318363 secs] [Times: user=0.16 sys=0.00, real=0.03 secs] 
[GC (Allocation Failure) [ParNew: 591429K->68096K(613440K), 0.0515609 secs] 1554005K->1071341K(2010624K), 0.0516250 secs] [Times: user=0.36 sys=0.00, real=0.05 secs] 
[GC (Allocation Failure) [ParNew: 613440K->40970K(613440K), 0.0307148 secs] 1616685K->1107779K(2010624K), 0.0307738 secs] [Times: user=0.19 sys=0.00, real=0.03 secs] 
[GC (Allocation Failure) [ParNew: 586314K->68096K(613440K), 0.0540226 secs] 1653123K->1175585K(2010624K), 0.0540861 secs] [Times: user=0.31 sys=0.00, real=0.05 secs] 
[GC (Allocation Failure) [ParNew: 613440K->41044K(613440K), 0.0398059 secs] 1720929K->1212008K(2010624K), 0.0398611 secs] [Times: user=0.19 sys=0.00, real=0.04 secs] 
[GC (CMS Initial Mark) [1 CMS-initial-mark: 1170964K(1397184K)] 1212051K(2010624K), 0.0029634 secs] [Times: user=0.00 sys=0.00, real=0.00 secs] 
[CMS-concurrent-mark-start]
[GC (Allocation Failure) [ParNew: 586388K->68096K(613440K), 0.0528081 secs] 1757352K->1279641K(2010624K), 0.0528697 secs] [Times: user=0.36 sys=0.00, real=0.05 secs] 
[CMS-concurrent-mark: 1.690/1.743 secs] [Times: user=5.80 sys=0.00, real=1.74 secs] 
[CMS-concurrent-preclean-start]
[CMS-concurrent-preclean: 0.139/0.153 secs] [Times: user=0.30 sys=0.00, real=0.15 secs] 
[CMS-concurrent-abortable-preclean-start]
[CMS-concurrent-abortable-preclean: 0.377/0.576 secs] [Times: user=0.95 sys=0.00, real=0.58 secs] 
[GC (CMS Final Remark) [YG occupancy: 396647 K (613440 K)][Rescan (parallel) , 0.0549702 secs][weak refs processing, 0.0000218 secs][class unloading, 0.0080499 secs][scrub symbol table, 0.0016123 secs][scrub string table, 0.0005883 secs][1 CMS-remark: 1211545K(1397184K)] 1608193K(2010624K), 0.0664493 secs] [Times: user=0.48 sys=0.00, real=0.07 secs] 
[CMS-concurrent-sweep-start]
[GC (Allocation Failure) [ParNew: 613440K->54744K(613440K), 0.0300174 secs] 1824985K->1329666K(2010624K), 0.0300829 secs] [Times: user=0.25 sys=0.00, real=0.03 secs] 
[CMS-concurrent-sweep: 0.739/0.769 secs] [Times: user=1.87 sys=0.00, real=0.77 secs] 
[CMS-concurrent-reset-start]
[CMS-concurrent-reset: 0.003/0.003 secs] [Times: user=0.00 sys=0.00, real=0.00 secs] 
[GC (Allocation Failure) [ParNew: 600088K->68096K(613440K), 0.0547463 secs] 1347884K->858035K(2010624K), 0.0548066 secs] [Times: user=0.25 sys=0.00, real=0.06 secs] 
[GC (Allocation Failure) [ParNew: 613440K->33424K(613440K), 0.0303388 secs] 1403379K->885095K(2010624K), 0.0306648 secs] [Times: user=0.14 sys=0.00, real=0.03 secs] 
[GC (Allocation Failure) [ParNew: 578768K->68096K(613440K), 0.0703084 secs] 1430439K->959702K(2010624K), 0.0703706 secs] [Times: user=0.25 sys=0.00, real=0.07 secs] 
[GC (Allocation Failure) [ParNew (0: promotion failure size = 1237)  (1: promotion failure size = 101)  (2: promotion failure size = 101)  (3: promotion failure size = 101)  (4: promotion failure size = 1237)  (5: promotion failure size = 101)  (6: promotion failure size = 101)  (7: promotion failure size = 101)  (promotion failed): 613440K->579516K(613440K), 1.0512247 secs][CMS: 934820K->751679K(1397184K), 2.6490644 secs] 1505046K->751679K(2010624K), [Metaspace: 9964K->9964K(10240K)], 3.7003558 secs]
*** PauseDetector detected a 3703 ms pause at Fri Dec 19 16:51:07 EET 2014 ***

 [Times: user=3.73 sys=0.17, real=3.70 secs] 
[GC (Allocation Failure) [ParNew: 545344K->68096K(613440K), 0.0496002 secs] 1297023K->859965K(2010624K), 0.0496580 secs] [Times: user=0.23 sys=0.00, real=0.05 secs] 
[GC (Allocation Failure) [ParNew: 613440K->41048K(613440K), 0.0298288 secs] 1405309K->896614K(2010624K), 0.0298878 secs] [Times: user=0.11 sys=0.00, real=0.03 secs] 
[GC (Allocation Failure) [ParNew: 586392K->68096K(613440K), 0.0496484 secs] 1441958K->963408K(2010624K), 0.0497099 secs] [Times: user=0.27 sys=0.00, real=0.05 secs] 
[GC (Allocation Failure) [ParNew: 613440K->41057K(613440K), 0.0356120 secs] 1508752K->999984K(2010624K), 0.0356607 secs] [Times: user=0.14 sys=0.00, real=0.04 secs] 
[GC (Allocation Failure) [ParNew: 586401K->68096K(613440K), 0.0517078 secs] 1545328K->1069510K(2010624K), 0.0517591 secs] [Times: user=0.26 sys=0.00, real=0.05 secs] 
[GC (Allocation Failure) [ParNew: 613440K->46083K(613440K), 0.0288350 secs] 1614854K->1108168K(2010624K), 0.0288953 secs] [Times: user=0.13 sys=0.00, real=0.03 secs] 
[GC (Allocation Failure) [ParNew: 591427K->68096K(613440K), 0.1452849 secs] 1653512K->1197980K(2010624K), 0.1453323 secs] [Times: user=0.98 sys=0.00, real=0.15 secs] 
[GC (CMS Initial Mark) [1 CMS-initial-mark: 1129884K(1397184K)] 1197982K(2010624K), 0.0110293 secs] [Times: user=0.06 sys=0.00, real=0.01 secs] 
[CMS-concurrent-mark-start]
[GC (Allocation Failure) [ParNew: 613440K->54636K(613440K), 0.0811157 secs] 1743324K->1248494K(2010624K), 0.0811671 secs] [Times: user=0.50 sys=0.00, real=0.08 secs] 
[CMS-concurrent-mark: 1.723/1.805 secs] [Times: user=5.82 sys=0.02, real=1.81 secs] 
[CMS-concurrent-preclean-start]
[CMS-concurrent-preclean: 0.477/0.487 secs] [Times: user=1.34 sys=0.00, real=0.49 secs] 
[CMS-concurrent-abortable-preclean-start]
[CMS-concurrent-abortable-preclean: 0.301/0.902 secs] [Times: user=1.59 sys=0.00, real=0.90 secs] 
[GC (CMS Final Remark) [YG occupancy: 406185 K (613440 K)][Rescan (parallel) , 0.0606565 secs][weak refs processing, 0.0000225 secs][class unloading, 0.0076880 secs][scrub symbol table, 0.0014564 secs][scrub string table, 0.0005139 secs][1 CMS-remark: 1193858K(1397184K)] 1600043K(2010624K), 0.0713099 secs] [Times: user=0.45 sys=0.00, real=0.07 secs] 
[CMS-concurrent-sweep-start]
[GC (Allocation Failure) [ParNew: 599980K->68096K(613440K), 0.1741564 secs] 1793838K->1318822K(2010624K), 0.1742231 secs] [Times: user=1.17 sys=0.00, real=0.17 secs] 
[CMS-concurrent-sweep: 0.802/0.977 secs] [Times: user=2.81 sys=0.00, real=0.98 secs] 
[CMS-concurrent-reset-start]
[CMS-concurrent-reset: 0.003/0.003 secs] [Times: user=0.00 sys=0.00, real=0.00 secs] 
[GC (Allocation Failure) [ParNew: 613440K->27354K(613440K), 0.0659309 secs] 1444300K->921856K(2010624K), 0.0659797 secs] [Times: user=0.39 sys=0.00, real=0.07 secs] 
[GC (Allocation Failure) [ParNew: 572698K->68096K(613440K), 0.1546865 secs] 1467200K->1016875K(2010624K), 0.1547436 secs] [Times: user=0.84 sys=0.00, real=0.15 secs] 
[Full GC (System.gc()) [CMS: 948779K->763957K(1397184K), 2.9750299 secs] 1378518K->763957K(2010624K), [Metaspace: 9964K->9964K(10240K)], 2.9753186 secs] [Times: user=2.98 sys=0.00, real=2.98 secs] 
[Full GC (System.gc()) [CMS: 763957K->763957K(1397184K), 2.5049074 secs] 763957K->763957K(2010624K), [Metaspace: 9964K->9964K(10240K)], 2.5051884 secs] [Times: user=2.51 sys=0.00, real=2.51 secs] 
[Full GC (System.gc()) [CMS: 763957K->763880K(1397184K), 2.5291827 secs] 774858K->763880K(2010624K), [Metaspace: 9964K->9964K(10240K)]
*** PauseDetector detected a 5485 ms pause at Fri Dec 19 16:51:32 EET 2014 ***

, 2.5294278 secs] [Times: user=2.53 sys=0.00, real=2.53 secs] 

*** PauseDetector detected a 2535 ms pause at Fri Dec 19 16:51:35 EET 2014 ***

[GC (Allocation Failure) [ParNew: 545344K->68096K(613440K), 0.1329801 secs] 1309224K->886510K(2010624K), 0.1330385 secs] [Times: user=0.73 sys=0.00, real=0.13 secs] 
[GC (Allocation Failure) [ParNew: 613440K->47308K(613440K), 0.0579664 secs] 1431854K->927784K(2010624K), 0.0580145 secs] [Times: user=0.19 sys=0.00, real=0.06 secs] 
[GC (Allocation Failure) [ParNew: 592652K->68096K(613440K), 0.1287168 secs] 1473128K->999242K(2010624K), 0.1287765 secs] [Times: user=0.50 sys=0.00, real=0.13 secs] 
[GC (Allocation Failure) [ParNew: 613440K->40679K(613440K), 0.0771399 secs] 1544586K->1034248K(2010624K), 0.0771899 secs] [Times: user=0.28 sys=0.00, real=0.08 secs] 
[GC (Allocation Failure) [ParNew: 586023K->68096K(613440K), 0.0982490 secs] 1579592K->1108209K(2010624K), 0.0983145 secs] [Times: user=0.58 sys=0.00, real=0.10 secs] 
[GC (Allocation Failure) [ParNew: 613440K->20524K(613440K), 0.0530134 secs] 1653553K->1124259K(2010624K), 0.0530705 secs] [Times: user=0.22 sys=0.00, real=0.05 secs] 
[Full GC (System.gc()) [CMS: 1103734K->758230K(1397184K), 2.7147303 secs] 1135236K->758230K(2010624K), [Metaspace: 9964K->9964K(10240K)], 2.7150145 secs] [Times: user=2.71 sys=0.00, real=2.72 secs] 
[Full GC (System.gc()) [CMS: 758230K->752531K(1397184K), 2.2400860 secs] 769204K->752531K(2010624K), [Metaspace: 9964K->9964K(10240K)], 2.2403549 secs] [Times: user=2.23 sys=0.00, real=2.24 secs] 
[Full GC (System.gc()) [CMS: 752531K->752531K(1397184K), 2.4144292 secs] 752533K->752531K(2010624K), [Metaspace: 9964K->9964K(10240K)]
*** PauseDetector detected a 4956 ms pause at Fri Dec 19 16:51:50 EET 2014 ***

, 2.4146800 secs] [Times: user=2.40 sys=0.00, real=2.41 secs] 
********************************
********** ROUND   16 **********
********************************

*** PauseDetector detected a 2420 ms pause at Fri Dec 19 16:51:52 EET 2014 ***

[GC (Allocation Failure) [ParNew: 545344K->68096K(613440K), 0.0963288 secs] 1297875K->867653K(2010624K), 0.0963807 secs] [Times: user=0.41 sys=0.00, real=0.10 secs] 
[GC (Allocation Failure) [ParNew: 613440K->47989K(613440K), 0.0477884 secs] 1412997K->911553K(2010624K), 0.0478481 secs] [Times: user=0.23 sys=0.00, real=0.05 secs] 
[GC (Allocation Failure) [ParNew: 593333K->68096K(613440K), 0.0857652 secs] 1456897K->976963K(2010624K), 0.0858255 secs] [Times: user=0.50 sys=0.00, real=0.09 secs] 
[GC (Allocation Failure) [ParNew: 613440K->34215K(613440K), 0.0442816 secs] 1522307K->1006899K(2010624K), 0.0443374 secs] [Times: user=0.17 sys=0.00, real=0.05 secs] 
[GC (Allocation Failure) [ParNew: 579559K->68096K(613440K), 0.0782665 secs] 1552243K->1085649K(2010624K), 0.0783242 secs] [Times: user=0.42 sys=0.00, real=0.08 secs] 
[GC (Allocation Failure) [ParNew: 613440K->34198K(613440K), 0.0407985 secs] 1630993K->1115313K(2010624K), 0.0408491 secs] [Times: user=0.11 sys=0.00, real=0.04 secs] 
[GC (Allocation Failure) [ParNew: 579542K->68096K(613440K), 0.0737992 secs] 1660657K->1192591K(2010624K), 0.0738505 secs] [Times: user=0.47 sys=0.00, real=0.07 secs] 
[GC (Allocation Failure) [ParNew: 613440K->34215K(613440K), 0.0392657 secs] 1737935K->1222229K(2010624K), 0.0393286 secs] [Times: user=0.19 sys=0.00, real=0.04 secs] 
[GC (CMS Initial Mark) [1 CMS-initial-mark: 1188014K(1397184K)] 1222229K(2010624K), 0.0047130 secs] [Times: user=0.00 sys=0.00, real=0.00 secs] 
[CMS-concurrent-mark-start]
[CMS-concurrent-mark: 1.321/1.321 secs] [Times: user=4.29 sys=0.00, real=1.32 secs] 
[CMS-concurrent-preclean-start]
[CMS-concurrent-preclean: 0.126/0.134 secs] [Times: user=0.25 sys=0.00, real=0.13 secs] 
[CMS-concurrent-abortable-preclean-start]
[GC (Allocation Failure) [ParNew[CMS-concurrent-abortable-preclean: 0.044/0.252 secs] [Times: user=0.55 sys=0.00, real=0.25 secs] 
: 579559K->68096K(613440K), 0.0803670 secs] 1767573K->1299168K(2010624K), 0.0804171 secs] [Times: user=0.39 sys=0.00, real=0.08 secs] 
[GC (CMS Final Remark) [YG occupancy: 79073 K (613440 K)][Rescan (parallel) , 0.0428913 secs][weak refs processing, 0.0000154 secs][class unloading, 0.0070727 secs][scrub symbol table, 0.0011125 secs][scrub string table, 0.0003721 secs][1 CMS-remark: 1231072K(1397184K)] 1310145K(2010624K), 0.0522570 secs] [Times: user=0.30 sys=0.00, real=0.05 secs] 
[CMS-concurrent-sweep-start]
[CMS-concurrent-sweep: 0.664/0.664 secs] [Times: user=1.33 sys=0.00, real=0.66 secs] 
[CMS-concurrent-reset-start]
[CMS-concurrent-reset: 0.003/0.003 secs] [Times: user=0.00 sys=0.00, real=0.00 secs] 
[GC (Allocation Failure) [ParNew: 613440K->27373K(613440K), 0.0397931 secs] 1301330K->778848K(2010624K), 0.0398438 secs] [Times: user=0.14 sys=0.00, real=0.04 secs] 
[GC (Allocation Failure) [ParNew: 572717K->68096K(613440K), 0.0758285 secs] 1324192K->862299K(2010624K), 0.0758805 secs] [Times: user=0.28 sys=0.00, real=0.07 secs] 
[GC (Allocation Failure) [ParNew: 613440K->27424K(613440K), 0.0381629 secs] 1407643K->885103K(2010624K), 0.0382071 secs] [Times: user=0.12 sys=0.00, real=0.03 secs] 
[GC (Allocation Failure) [ParNew (0: promotion failure size = 2779)  (1: promotion failure size = 2779)  (2: promotion failure size = 2779)  (3: promotion failure size = 2779)  (4: promotion failure size = 2779)  (5: promotion failure size = 2779)  (6: promotion failure size = 2779)  (7: promotion failure size = 2779)  (promotion failed): 572768K->613440K(613440K), 0.2250886 secs][CMS: 900001K->753133K(1397184K), 2.3520096 secs] 1430447K->753133K(2010624K), [Metaspace: 9964K->9964K(10240K)], 2.5771630 secs] [Times: user=2.81 sys=0.00, real=2.58 secs] 

*** PauseDetector detected a 2581 ms pause at Fri Dec 19 16:52:15 EET 2014 ***

[GC (Allocation Failure) [ParNew: 545344K->27424K(613440K), 0.0068084 secs] 1298477K->780557K(2010624K), 0.0068546 secs] [Times: user=0.00 sys=0.00, real=0.01 secs] 
[GC (Allocation Failure) [ParNew: 572768K->68096K(613440K), 0.0595492 secs] 1325901K->865499K(2010624K), 0.0596133 secs] [Times: user=0.33 sys=0.00, real=0.06 secs] 
[GC (Allocation Failure) [ParNew: 613440K->47148K(613440K), 0.0341556 secs] 1410843K->907101K(2010624K), 0.0342223 secs] [Times: user=0.11 sys=0.00, real=0.03 secs] 
[GC (Allocation Failure) [ParNew: 592492K->68096K(613440K), 0.0593618 secs] 1452445K->971096K(2010624K), 0.0594163 secs] [Times: user=0.33 sys=0.00, real=0.06 secs] 
[GC (Allocation Failure) [ParNew: 613440K->54002K(613440K), 0.0348427 secs] 1516440K->1019603K(2010624K), 0.0349364 secs] [Times: user=0.13 sys=0.00, real=0.04 secs] 
[GC (Allocation Failure) [ParNew: 599346K->68096K(613440K), 0.0573351 secs] 1564947K->1074952K(2010624K), 0.0573999 secs] [Times: user=0.36 sys=0.00, real=0.06 secs] 
[GC (Allocation Failure) [ParNew: 613440K->41035K(613440K), 0.0324073 secs] 1620296K->1111429K(2010624K), 0.0324650 secs] [Times: user=0.11 sys=0.00, real=0.03 secs] 
[GC (Allocation Failure) [ParNew: 586379K->68096K(613440K), 0.0591950 secs] 1656773K->1180632K(2010624K), 0.0592527 secs] [Times: user=0.39 sys=0.00, real=0.06 secs] 
[GC (Allocation Failure) [ParNew: 613440K->53996K(613440K), 0.0318748 secs] 1725976K->1228926K(2010624K), 0.0319351 secs] [Times: user=0.14 sys=0.00, real=0.03 secs] 
[GC (CMS Initial Mark) [1 CMS-initial-mark: 1174929K(1397184K)] 1228974K(2010624K), 0.0024059 secs] [Times: user=0.00 sys=0.00, real=0.00 secs] 
[CMS-concurrent-mark-start]
[CMS-concurrent-mark: 1.560/1.560 secs] [Times: user=4.96 sys=0.02, real=1.56 secs] 
[CMS-concurrent-preclean-start]
[GC (Allocation Failure) [ParNew: 599340K->68096K(613440K), 0.0557805 secs] 1774270K->1284004K(2010624K), 0.0558254 secs] [Times: user=0.38 sys=0.00, real=0.06 secs] 
[CMS-concurrent-preclean: 0.006/0.062 secs] [Times: user=0.38 sys=0.00, real=0.06 secs] 
[CMS-concurrent-abortable-preclean-start]
[CMS-concurrent-abortable-preclean: 0.663/0.872 secs] [Times: user=1.61 sys=0.00, real=0.87 secs] 
[GC (CMS Final Remark) [YG occupancy: 409718 K (613440 K)][Rescan (parallel) , 0.0659842 secs][weak refs processing, 0.0000199 secs][class unloading, 0.0081942 secs][scrub symbol table, 0.0016995 secs][scrub string table, 0.0004530 secs][1 CMS-remark: 1215908K(1397184K)] 1625627K(2010624K), 0.0775178 secs] [Times: user=0.45 sys=0.00, real=0.08 secs] 
[CMS-concurrent-sweep-start]
[GC (Allocation Failure) [ParNew: 613440K->54709K(613440K), 0.0314064 secs] 1827097K->1331763K(2010624K), 0.0314616 secs] [Times: user=0.13 sys=0.00, real=0.03 secs] 
[CMS-concurrent-sweep: 0.756/0.788 secs] [Times: user=1.76 sys=0.00, real=0.79 secs] 
[CMS-concurrent-reset-start]
[CMS-concurrent-reset: 0.004/0.004 secs] [Times: user=0.05 sys=0.00, real=0.00 secs] 
[GC (Allocation Failure) [ParNew: 600053K->68096K(613440K), 0.0593669 secs] 1348274K->858705K(2010624K), 0.0594285 secs] [Times: user=0.25 sys=0.00, real=0.06 secs] 
[GC (Allocation Failure) [ParNew: 613440K->53605K(613440K), 0.0327582 secs] 1404049K->906082K(2010624K), 0.0328198 secs] [Times: user=0.22 sys=0.00, real=0.03 secs] 
[GC (Allocation Failure) [ParNew: 598949K->68096K(613440K), 0.0748867 secs] 1451426K->961323K(2010624K), 0.0749418 secs] [Times: user=0.37 sys=0.00, real=0.08 secs] 
[GC (Allocation Failure) [ParNew (0: promotion failure size = 1854)  (1: promotion failure size = 1854)  (2: promotion failure size = 1854)  (3: promotion failure size = 1854)  (4: promotion failure size = 1854)  (5: promotion failure size = 1854)  (6: promotion failure size = 1854)  (7: promotion failure size = 1854)  (promotion failed): 613440K->572685K(613440K), 0.9532946 secs][CMS: 943491K->752551K(1397184K), 2.6684130 secs] 1506667K->752551K(2010624K), [Metaspace: 9964K->9964K(10240K)]
*** PauseDetector detected a 3625 ms pause at Fri Dec 19 16:52:41 EET 2014 ***

, 3.6217814 secs] [Times: user=3.59 sys=0.13, real=3.62 secs] 
[GC (Allocation Failure) [ParNew: 545344K->68096K(613440K), 0.0553783 secs] 1297895K->863572K(2010624K), 0.0554341 secs] [Times: user=0.34 sys=0.00, real=0.05 secs] 
[GC (Allocation Failure) [ParNew: 613440K->33429K(613440K), 0.0304165 secs] 1408916K->890882K(2010624K), 0.0304659 secs] [Times: user=0.14 sys=0.00, real=0.03 secs] 
[GC (Allocation Failure) [ParNew: 578773K->68096K(613440K), 0.0491037 secs] 1436226K->966119K(2010624K), 0.0491531 secs] [Times: user=0.33 sys=0.00, real=0.05 secs] 
[GC (Allocation Failure) [ParNew: 613440K->27339K(613440K), 0.0309727 secs] 1511463K->988901K(2010624K), 0.0310208 secs] [Times: user=0.16 sys=0.00, real=0.03 secs] 
[GC (Allocation Failure) [ParNew: 572683K->68096K(613440K), 0.0499165 secs] 1534245K->1070124K(2010624K), 0.0500051 secs] [Times: user=0.39 sys=0.00, real=0.05 secs] 
[GC (Allocation Failure) [ParNew: 613440K->47977K(613440K), 0.0297159 secs] 1615468K->1113509K(2010624K), 0.0297775 secs] [Times: user=0.17 sys=0.00, real=0.03 secs] 
[GC (Allocation Failure) [ParNew: 593321K->68096K(613440K), 0.0509944 secs] 1658853K->1173525K(2010624K), 0.0510534 secs] [Times: user=0.30 sys=0.00, real=0.05 secs] 
[GC (Allocation Failure) [ParNew: 613440K->34223K(613440K), 0.0287798 secs] 1718869K->1203138K(2010624K), 0.0288318 secs] [Times: user=0.16 sys=0.00, real=0.03 secs] 
[GC (CMS Initial Mark) [1 CMS-initial-mark: 1168915K(1397184K)] 1203183K(2010624K), 0.0034292 secs] [Times: user=0.00 sys=0.00, real=0.00 secs] 
[CMS-concurrent-mark-start]
[GC (Allocation Failure) [ParNew: 579567K->68096K(613440K), 0.0491928 secs] 1748482K->1276878K(2010624K), 0.0492531 secs] [Times: user=0.38 sys=0.00, real=0.05 secs] 
[CMS-concurrent-mark: 1.597/1.647 secs] [Times: user=5.41 sys=0.01, real=1.65 secs] 
[CMS-concurrent-preclean-start]
[CMS-concurrent-preclean: 0.125/0.137 secs] [Times: user=0.28 sys=0.00, real=0.14 secs] 
[CMS-concurrent-abortable-preclean-start]
[CMS-concurrent-abortable-preclean: 0.478/0.776 secs] [Times: user=1.25 sys=0.00, real=0.78 secs] 
[GC (CMS Final Remark) [YG occupancy: 453516 K (613440 K)][Rescan (parallel) , 0.0774876 secs][weak refs processing, 0.0000276 secs][class unloading, 0.0075520 secs][scrub symbol table, 0.0011940 secs][scrub string table, 0.0003734 secs][1 CMS-remark: 1208782K(1397184K)] 1662299K(2010624K), 0.0874879 secs] [Times: user=0.39 sys=0.00, real=0.09 secs] 
[CMS-concurrent-sweep-start]
[GC (Allocation Failure) [ParNew: 613440K->54754K(613440K), 0.0287234 secs] 1822222K->1326907K(2010624K), 0.0287849 secs] [Times: user=0.14 sys=0.00, real=0.03 secs] 
[CMS-concurrent-sweep: 0.718/0.747 secs] [Times: user=1.75 sys=0.00, real=0.75 secs] 
[CMS-concurrent-reset-start]
[CMS-concurrent-reset: 0.004/0.004 secs] [Times: user=0.00 sys=0.00, real=0.00 secs] 
[GC (Allocation Failure) [ParNew: 600098K->68096K(613440K), 0.0490273 secs] 1347075K->854863K(2010624K), 0.0490761 secs] [Times: user=0.30 sys=0.00, real=0.05 secs] 
[GC (Allocation Failure) [ParNew: 613440K->41067K(613440K), 0.0391631 secs] 1400207K->891280K(2010624K), 0.0392208 secs] [Times: user=0.13 sys=0.00, real=0.04 secs] 
[GC (Allocation Failure) [ParNew: 586411K->68096K(613440K), 0.0793424 secs] 1436624K->958034K(2010624K), 0.0794021 secs] [Times: user=0.30 sys=0.00, real=0.08 secs] 
[GC (Allocation Failure) [ParNew (0: promotion failure size = 113)  (1: promotion failure size = 113)  (2: promotion failure size = 113)  (3: promotion failure size = 113)  (4: promotion failure size = 113)  (5: promotion failure size = 113)  (6: promotion failure size = 113)  (7: promotion failure size = 113)  (promotion failed): 613440K->579566K(613440K), 2.0291352 secs][CMS: 902754K->751526K(1397184K), 2.5755982 secs] 1503378K->751526K(2010624K), [Metaspace: 9964K->9964K(10240K)]
*** PauseDetector detected a 4608 ms pause at Fri Dec 19 16:53:07 EET 2014 ***

, 4.6048104 secs] [Times: user=4.60 sys=0.14, real=4.61 secs] 
[GC (Allocation Failure) [ParNew: 545344K->68096K(613440K), 0.1395209 secs] 1296870K->888416K(2010624K), 0.1395890 secs] [Times: user=1.00 sys=0.00, real=0.14 secs] 
[GC (Allocation Failure) [ParNew: 613440K->34183K(613440K), 0.0780291 secs] 1433760K->918615K(2010624K), 0.0780862 secs] [Times: user=0.33 sys=0.00, real=0.08 secs] 
[GC (Allocation Failure) [ParNew: 579527K->68096K(613440K), 0.1833027 secs] 1463959K->1009403K(2010624K), 0.1833528 secs] [Times: user=0.92 sys=0.00, real=0.18 secs] 
[GC (Allocation Failure) [ParNew: 613440K->34179K(613440K), 0.0651488 secs] 1554747K->1039120K(2010624K), 0.0652181 secs] [Times: user=0.39 sys=0.00, real=0.07 secs] 
[GC (Allocation Failure) [ParNew: 579523K->68096K(613440K), 0.1514741 secs] 1584464K->1127430K(2010624K), 0.1515312 secs] [Times: user=0.89 sys=0.00, real=0.15 secs] 
[GC (Allocation Failure) [ParNew: 613440K->27331K(613440K), 0.0623439 secs] 1672774K->1150383K(2010624K), 0.0623945 secs] [Times: user=0.19 sys=0.00, real=0.06 secs] 
[GC (Allocation Failure) [ParNew: 572675K->68096K(613440K), 0.1381679 secs] 1695727K->1241674K(2010624K), 0.1382166 secs] [Times: user=0.70 sys=0.00, real=0.14 secs] 
[GC (CMS Initial Mark) [1 CMS-initial-mark: 1173578K(1397184K)] 1241724K(2010624K), 0.0092785 secs] [Times: user=0.00 sys=0.00, real=0.01 secs] 
[CMS-concurrent-mark-start]
[GC (Allocation Failure) [ParNew: 613440K->40956K(613440K), 0.0597808 secs] 1787018K->1277832K(2010624K), 0.0598533 secs] [Times: user=0.39 sys=0.00, real=0.06 secs] 
[CMS-concurrent-mark: 1.959/2.019 secs] [Times: user=6.40 sys=0.00, real=2.02 secs] 
[CMS-concurrent-preclean-start]
[CMS-concurrent-preclean: 0.444/0.464 secs] [Times: user=1.17 sys=0.02, real=0.46 secs] 
[CMS-concurrent-abortable-preclean-start]
[CMS-concurrent-abortable-preclean: 0.101/0.399 secs] [Times: user=0.48 sys=0.00, real=0.40 secs] 
[GC (CMS Final Remark) [YG occupancy: 404737 K (613440 K)][Rescan (parallel) , 0.0619172 secs][weak refs processing, 0.0000160 secs][class unloading, 0.0074782 secs][scrub symbol table, 0.0011920 secs][scrub string table, 0.0004048 secs][1 CMS-remark: 1236876K(1397184K)] 1641614K(2010624K), 0.0718905 secs] [Times: user=0.42 sys=0.00, real=0.07 secs] 
[CMS-concurrent-sweep-start]
[GC (Allocation Failure) [ParNew: 586300K->68096K(613440K), 0.1157172 secs] 1823176K->1354100K(2010624K), 0.1157679 secs] [Times: user=0.81 sys=0.02, real=0.12 secs] 
[CMS-concurrent-sweep: 1.106/1.222 secs] [Times: user=3.04 sys=0.03, real=1.22 secs] 
[CMS-concurrent-reset-start]
[CMS-concurrent-reset: 0.003/0.003 secs] [Times: user=0.00 sys=0.00, real=0.00 secs] 
[GC (Allocation Failure) [ParNew: 613440K->27330K(613440K), 0.0553224 secs] 1423630K->900955K(2010624K), 0.0553795 secs] [Times: user=0.20 sys=0.00, real=0.06 secs] 
[GC (Allocation Failure) [ParNew: 572674K->68096K(613440K), 0.1051812 secs] 1446299K->988208K(2010624K), 0.1052294 secs] [Times: user=0.61 sys=0.00, real=0.10 secs] 
[GC (Allocation Failure) [ParNew: 613440K->41137K(613440K), 0.0499525 secs] 1533552K->1024786K(2010624K), 0.0500141 secs] [Times: user=0.23 sys=0.00, real=0.05 secs] 
[GC (Allocation Failure) [ParNew: 586481K->68096K(613440K), 0.1243842 secs] 1570130K->1097575K(2010624K), 0.1244458 secs] [Times: user=0.51 sys=0.00, real=0.12 secs] 
[GC (Allocation Failure) [ParNew (0: promotion failure size = 33)  (1: promotion failure size = 4167)  (2: promotion failure size = 4167)  (3: promotion failure size = 4167)  (4: promotion failure size = 33)  (5: promotion failure size = 33)  (6: promotion failure size = 4167)  (7: promotion failure size = 33)  (promotion failed): 613440K->586422K(613440K), 4.8721031 secs][CMS: 1057225K->757642K(1397184K), 2.9975107 secs] 1642919K->757642K(2010624K), [Metaspace: 9964K->9964K(10240K)], 7.8696966 secs] [Times: user=8.17 sys=0.55, real=7.87 secs] 

*** PauseDetector detected a 7875 ms pause at Fri Dec 19 16:53:39 EET 2014 ***

[GC (Allocation Failure) [ParNew: 545344K->68096K(613440K), 0.0818035 secs] 1302986K->872034K(2010624K), 0.0818715 secs] [Times: user=0.45 sys=0.00, real=0.08 secs] 
[GC (Allocation Failure) [ParNew: 613440K->20534K(613440K), 0.0445472 secs] 1417378K->888492K(2010624K), 0.0446043 secs] [Times: user=0.13 sys=0.00, real=0.05 secs] 
[GC (Allocation Failure) [ParNew: 565878K->68096K(613440K), 0.0867058 secs] 1433836K->980863K(2010624K), 0.0867674 secs] [Times: user=0.41 sys=0.00, real=0.09 secs] 
[GC (Allocation Failure) [ParNew: 613440K->34282K(613440K), 0.0418417 secs] 1526207K->1010917K(2010624K), 0.0418911 secs] [Times: user=0.19 sys=0.00, real=0.04 secs] 
[GC (Allocation Failure) [ParNew: 579626K->68096K(613440K), 0.0781157 secs] 1556261K->1088059K(2010624K), 0.0781651 secs] [Times: user=0.41 sys=0.00, real=0.08 secs] 
[GC (Allocation Failure) [ParNew: 613440K->47922K(613440K), 0.0396051 secs] 1633403K->1131366K(2010624K), 0.0396661 secs] [Times: user=0.26 sys=0.00, real=0.04 secs] 
[GC (Allocation Failure) [ParNew: 593266K->68096K(613440K), 0.0723595 secs] 1676710K->1194589K(2010624K), 0.0724076 secs] [Times: user=0.41 sys=0.00, real=0.07 secs] 
[GC (Allocation Failure) [ParNew: 613440K->34217K(613440K), 0.0412623 secs] 1739933K->1224307K(2010624K), 0.0413156 secs] [Times: user=0.20 sys=0.00, real=0.04 secs] 
[GC (CMS Initial Mark) [1 CMS-initial-mark: 1190089K(1397184K)] 1235284K(2010624K), 0.0031617 secs] [Times: user=0.00 sys=0.00, real=0.00 secs] 
[CMS-concurrent-mark-start]
[CMS-concurrent-mark: 1.544/1.544 secs] [Times: user=4.91 sys=0.00, real=1.54 secs] 
[CMS-concurrent-preclean-start]
[GC (Allocation Failure) [ParNew: 579561K->68096K(613440K), 0.0696206 secs] 1769651K->1300932K(2010624K), 0.0696713 secs] [Times: user=0.44 sys=0.00, real=0.07 secs] 
[CMS-concurrent-preclean: 0.085/0.155 secs] [Times: user=0.59 sys=0.00, real=0.16 secs] 
[CMS-concurrent-abortable-preclean-start]
[CMS-concurrent-abortable-preclean: 0.943/1.151 secs] [Times: user=2.18 sys=0.00, real=1.15 secs] 
[GC (CMS Final Remark) [YG occupancy: 530485 K (613440 K)][Rescan (parallel) , 0.0812319 secs][weak refs processing, 0.0000366 secs][class unloading, 0.0084342 secs][scrub symbol table, 0.0012049 secs][scrub string table, 0.0003657 secs][1 CMS-remark: 1232836K(1397184K)] 1763322K(2010624K), 0.0921425 secs] [Times: user=0.61 sys=0.00, real=0.09 secs] 
[CMS-concurrent-sweep-start]
[GC (Allocation Failure) [ParNew: 613440K->47915K(613440K), 0.0363863 secs] 1846276K->1344199K(2010624K), 0.0364967 secs] [Times: user=0.23 sys=0.00, real=0.04 secs] 
[CMS-concurrent-sweep: 0.995/1.032 secs] [Times: user=2.59 sys=0.00, real=1.03 secs] 
[CMS-concurrent-reset-start]
[CMS-concurrent-reset: 0.003/0.003 secs] [Times: user=0.00 sys=0.00, real=0.00 secs] 
[GC (Allocation Failure) [ParNew: 593259K->68096K(613440K), 0.0660278 secs] 1344107K->861465K(2010624K), 0.0660765 secs] [Times: user=0.39 sys=0.00, real=0.07 secs] 
[Full GC (System.gc()) [CMS: 793369K->751969K(1397184K), 2.6356850 secs] 1180919K->751969K(2010624K), [Metaspace: 9964K->9964K(10240K)], 2.6359249 secs] [Times: user=2.62 sys=0.00, real=2.64 secs] 

*** PauseDetector detected a 2640 ms pause at Fri Dec 19 16:54:00 EET 2014 ***

[Full GC (System.gc()) [CMS: 751969K->751898K(1397184K), 2.4243094 secs] 762908K->751898K(2010624K), [Metaspace: 9964K->9964K(10240K)], 2.4245064 secs] [Times: user=2.42 sys=0.00, real=2.42 secs] 
[Full GC (System.gc()) [CMS: 751898K->748540K(1397184K), 2.2178279 secs] 762837K->748540K(2010624K), [Metaspace: 9964K->9964K(10240K)], 2.2180601 secs] [Times: user=2.22 sys=0.00, real=2.22 secs] 

*** PauseDetector detected a 4643 ms pause at Fri Dec 19 16:54:04 EET 2014 ***

[GC (Allocation Failure) [ParNew: 545344K->68096K(613440K), 0.0666848 secs] 1293884K->859618K(2010624K), 0.0667348 secs] [Times: user=0.30 sys=0.00, real=0.07 secs] 
[GC (Allocation Failure) [ParNew: 613440K->24285K(613440K), 0.0352989 secs] 1404962K->879605K(2010624K), 0.0353900 secs] [Times: user=0.17 sys=0.00, real=0.04 secs] 
[GC (Allocation Failure) [ParNew: 569629K->68096K(613440K), 0.0670222 secs] 1424949K->966604K(2010624K), 0.0670768 secs] [Times: user=0.27 sys=0.02, real=0.07 secs] 
[GC (Allocation Failure) [ParNew: 613440K->34300K(613440K), 0.0346169 secs] 1511948K->995515K(2010624K), 0.0346682 secs] [Times: user=0.16 sys=0.00, real=0.04 secs] 
[GC (Allocation Failure) [ParNew: 579644K->68096K(613440K), 0.0662684 secs] 1540859K->1072456K(2010624K), 0.0663178 secs] [Times: user=0.25 sys=0.00, real=0.07 secs] 
[GC (Allocation Failure) [ParNew: 613440K->13343K(613440K), 0.0356171 secs] 1617800K->1079435K(2010624K), 0.0356646 secs] [Times: user=0.14 sys=0.00, real=0.04 secs] 
[Full GC (System.gc()) [CMS: 1066091K->748748K(1397184K), 2.3495254 secs] 1341929K->748748K(2010624K), [Metaspace: 9964K->9964K(10240K)], 2.3498161 secs] [Times: user=2.32 sys=0.00, real=2.35 secs] 
[Full GC (System.gc()) [CMS: 748748K->748748K(1397184K), 1.7581323 secs] 759685K->748748K(2010624K), [Metaspace: 9964K->9964K(10240K)], 1.7584050 secs] [Times: user=1.75 sys=0.00, real=1.76 secs] 
[Full GC (System.gc()) [CMS: 748748K->748671K(1397184K), 1.9665219 secs] 759687K->748671K(2010624K), [Metaspace: 9964K->9964K(10240K)]
*** PauseDetector detected a 4109 ms pause at Fri Dec 19 16:54:18 EET 2014 ***

, 1.9667452 secs] [Times: user=1.97 sys=0.00, real=1.97 secs] 
********************************
********** ROUND   17 **********
********************************

*** PauseDetector detected a 1973 ms pause at Fri Dec 19 16:54:20 EET 2014 ***

[GC (Allocation Failure) [ParNew: 545344K->7771K(613440K), 0.0070355 secs] 1294015K->756442K(2010624K), 0.0071362 secs] [Times: user=0.06 sys=0.00, real=0.01 secs] 
[GC (Allocation Failure) [ParNew: 553115K->68096K(613440K), 0.0597512 secs] 1301786K->858758K(2010624K), 0.0597949 secs] [Times: user=0.22 sys=0.00, real=0.06 secs] 
[GC (Allocation Failure) [ParNew: 613440K->46123K(613440K), 0.0326273 secs] 1404102K->900014K(2010624K), 0.0326992 secs] [Times: user=0.11 sys=0.00, real=0.03 secs] 
[GC (Allocation Failure) [ParNew: 591467K->68096K(613440K), 0.0538898 secs] 1445358K->965390K(2010624K), 0.0539392 secs] [Times: user=0.39 sys=0.00, real=0.05 secs] 
[GC (Allocation Failure) [ParNew: 613440K->52764K(613440K), 0.0313512 secs] 1510734K->1011070K(2010624K), 0.0314481 secs] [Times: user=0.17 sys=0.00, real=0.03 secs] 
[GC (Allocation Failure) [ParNew: 598108K->68096K(613440K), 0.0544313 secs] 1556414K->1067951K(2010624K), 0.0544807 secs] [Times: user=0.23 sys=0.00, real=0.06 secs] 
[GC (Allocation Failure) [ParNew: 613440K->26998K(613440K), 0.0410525 secs] 1613295K->1089648K(2010624K), 0.0411045 secs] [Times: user=0.13 sys=0.00, real=0.04 secs] 
[GC (Allocation Failure) [ParNew: 572342K->68096K(613440K), 0.0550556 secs] 1634992K->1172689K(2010624K), 0.0551050 secs] [Times: user=0.27 sys=0.00, real=0.05 secs] 
[GC (Allocation Failure) [ParNew: 613440K->47100K(613440K), 0.0308046 secs] 1718033K->1213860K(2010624K), 0.0308649 secs] [Times: user=0.12 sys=0.00, real=0.03 secs] 
[GC (CMS Initial Mark) [1 CMS-initial-mark: 1166760K(1397184K)] 1213912K(2010624K), 0.0020851 secs] [Times: user=0.00 sys=0.00, real=0.00 secs] 
[CMS-concurrent-mark-start]
[GC (Allocation Failure) [ParNew: 592444K->68096K(613440K), 0.0502534 secs] 1759204K->1275381K(2010624K), 0.0503105 secs] [Times: user=0.37 sys=0.00, real=0.05 secs] 
[CMS-concurrent-mark: 1.631/1.681 secs] [Times: user=5.60 sys=0.02, real=1.68 secs] 
[CMS-concurrent-preclean-start]
[CMS-concurrent-preclean: 0.119/0.130 secs] [Times: user=0.27 sys=0.00, real=0.13 secs] 
[CMS-concurrent-abortable-preclean-start]
[CMS-concurrent-abortable-preclean: 0.510/0.810 secs] [Times: user=1.34 sys=0.00, real=0.81 secs] 
[GC (CMS Final Remark) [YG occupancy: 452518 K (613440 K)][Rescan (parallel) , 0.0759735 secs][weak refs processing, 0.0000225 secs][class unloading, 0.0070163 secs][scrub symbol table, 0.0016027 secs][scrub string table, 0.0005408 secs][1 CMS-remark: 1207285K(1397184K)] 1659804K(2010624K), 0.0861252 secs] [Times: user=0.47 sys=0.00, real=0.09 secs] 
[CMS-concurrent-sweep-start]
[GC (Allocation Failure) [ParNew: 613440K->54697K(613440K), 0.0303934 secs] 1820725K->1325414K(2010624K), 0.0304530 secs] [Times: user=0.14 sys=0.00, real=0.03 secs] 
[CMS-concurrent-sweep: 0.755/0.786 secs] [Times: user=1.75 sys=0.00, real=0.79 secs] 
[CMS-concurrent-reset-start]
[CMS-concurrent-reset: 0.003/0.003 secs] [Times: user=0.00 sys=0.00, real=0.00 secs] 
[GC (Allocation Failure) [ParNew: 600041K->68096K(613440K), 0.0571221 secs] 1347816K->857172K(2010624K), 0.0571715 secs] [Times: user=0.22 sys=0.00, real=0.06 secs] 
[GC (Allocation Failure) [ParNew: 613440K->20286K(613440K), 0.0297755 secs] 1402516K->871935K(2010624K), 0.0298307 secs] [Times: user=0.19 sys=0.00, real=0.03 secs] 
[GC (Allocation Failure) [ParNew: 565630K->68096K(613440K), 0.0599790 secs] 1417279K->959659K(2010624K), 0.0600284 secs] [Times: user=0.25 sys=0.00, real=0.06 secs] 
[GC (Allocation Failure) [ParNew: 613440K->20550K(613440K), 0.0847753 secs] 1505003K->976683K(2010624K), 0.0848247 secs] [Times: user=0.19 sys=0.00, real=0.09 secs] 
[GC (Allocation Failure) [ParNew (0: promotion failure size = 105)  (1: promotion failure size = 105)  (2: promotion failure size = 105)  (3: promotion failure size = 105)  (4: promotion failure size = 105)  (5: promotion failure size = 105)  (6: promotion failure size = 105)  (7: promotion failure size = 105)  (promotion failed): 565894K->613440K(613440K), 0.2796450 secs][CMS
*** PauseDetector detected a 2865 ms pause at Fri Dec 19 16:54:47 EET 2014 ***

: 994237K->750476K(1397184K), 2.5827864 secs] 1522027K->750476K(2010624K), [Metaspace: 9964K->9964K(10240K)], 2.8625154 secs] [Times: user=3.04 sys=0.02, real=2.86 secs] 
[GC (Allocation Failure) [ParNew: 545344K->34280K(613440K), 0.0068193 secs] 1295820K->784756K(2010624K), 0.0068687 secs] [Times: user=0.00 sys=0.00, real=0.01 secs] 
[GC (Allocation Failure) [ParNew: 579624K->68096K(613440K), 0.0495778 secs] 1330100K->858716K(2010624K), 0.0496362 secs] [Times: user=0.17 sys=0.00, real=0.05 secs] 
[GC (Allocation Failure) [ParNew: 613440K->27379K(613440K), 0.0301040 secs] 1404060K->881777K(2010624K), 0.0301592 secs] [Times: user=0.16 sys=0.00, real=0.03 secs] 
[GC (Allocation Failure) [ParNew: 572723K->68096K(613440K), 0.0486353 secs] 1427121K->962227K(2010624K), 0.0486963 secs] [Times: user=0.19 sys=0.00, real=0.05 secs] 
[GC (Allocation Failure) [ParNew: 613440K->41135K(613440K), 0.0281889 secs] 1507571K->998683K(2010624K), 0.0282364 secs] [Times: user=0.11 sys=0.00, real=0.03 secs] 
[GC (Allocation Failure) [ParNew: 586479K->68096K(613440K), 0.1566703 secs] 1544027K->1093624K(2010624K), 0.1567177 secs] [Times: user=0.84 sys=0.00, real=0.16 secs] 
[GC (Allocation Failure) [ParNew: 613440K->27340K(613440K), 0.0795176 secs] 1638968K->1117411K(2010624K), 0.0795836 secs] [Times: user=0.41 sys=0.00, real=0.08 secs] 
[GC (CMS Initial Mark) [1 CMS-initial-mark: 1090070K(1397184K)] 1117411K(2010624K), 0.0049703 secs] [Times: user=0.01 sys=0.00, real=0.00 secs] 
[CMS-concurrent-mark-start]
[CMS-concurrent-mark: 1.676/1.676 secs] [Times: user=5.91 sys=0.00, real=1.68 secs] 
[CMS-concurrent-preclean-start]
[CMS-concurrent-preclean: 0.525/0.535 secs] [Times: user=1.08 sys=0.02, real=0.54 secs] 
[CMS-concurrent-abortable-preclean-start]
[GC (Allocation Failure) [ParNew: 572684K->68096K(613440K), 0.1705848 secs] 1662755K->1214997K(2010624K), 0.1706438 secs] [Times: user=1.22 sys=0.00, real=0.17 secs] 
[GC (Allocation Failure) [ParNew: 613440K->27425K(613440K), 0.0716249 secs] 1760341K->1238034K(2010624K), 0.0716826 secs] [Times: user=0.39 sys=0.00, real=0.07 secs] 
[CMS-concurrent-abortable-preclean: 1.535/1.890 secs] [Times: user=4.87 sys=0.00, real=1.89 secs] 
[GC (CMS Final Remark) [YG occupancy: 38503 K (613440 K)][Rescan (parallel) , 0.0038514 secs][weak refs processing, 0.0000160 secs][class unloading, 0.0065191 secs][scrub symbol table, 0.0012087 secs][scrub string table, 0.0003894 secs][1 CMS-remark: 1210609K(1397184K)] 1249112K(2010624K), 0.0128623 secs] [Times: user=0.02 sys=0.00, real=0.01 secs] 
[CMS-concurrent-sweep-start]
[CMS-concurrent-sweep: 0.865/0.865 secs] [Times: user=2.45 sys=0.00, real=0.87 secs] 
[CMS-concurrent-reset-start]
[CMS-concurrent-reset: 0.003/0.003 secs] [Times: user=0.00 sys=0.00, real=0.00 secs] 
[GC (Allocation Failure) [ParNew: 572769K->68096K(613440K), 0.1582428 secs] 1340089K->889640K(2010624K), 0.1582903 secs] [Times: user=0.78 sys=0.00, real=0.16 secs] 
[GC (Allocation Failure) [ParNew: 613440K->20573K(613440K), 0.0630284 secs] 1434984K->905854K(2010624K), 0.0630753 secs] [Times: user=0.22 sys=0.00, real=0.06 secs] 
[GC (Allocation Failure) [ParNew: 565917K->68096K(613440K), 0.1249174 secs] 1451198K->1003669K(2010624K), 0.1250059 secs] [Times: user=0.75 sys=0.00, real=0.13 secs] 
[GC (Allocation Failure) [ParNew: 613440K->47945K(613440K), 0.0543190 secs] 1549013K->1047026K(2010624K), 0.0543787 secs] [Times: user=0.22 sys=0.00, real=0.05 secs] 
[GC (Allocation Failure) [ParNew: 593289K->68096K(613440K), 0.1182476 secs] 1592370K->1116233K(2010624K), 0.1183117 secs] [Times: user=0.62 sys=0.00, real=0.12 secs] 
[GC (Allocation Failure) [ParNew (0: promotion failure size = 6249)  (1: promotion failure size = 6249)  (2: promotion failure size = 6249)  (3: promotion failure size = 6249)  (4: promotion failure size = 6249)  (5: promotion failure size = 6249)  (6: promotion failure size = 6249)  (7: promotion failure size = 6249)  (promotion failed): 613440K->572704K(613440K), 0.2223221 secs][CMS: 1110803K->760849K(1397184K), 3.0039887 secs] 1661577K->760849K(2010624K), [Metaspace: 9964K->9964K(10240K)], 3.2263839 secs] [Times: user=3.35 sys=0.00, real=3.23 secs] 

*** PauseDetector detected a 3227 ms pause at Fri Dec 19 16:55:15 EET 2014 ***

[GC (Allocation Failure) [ParNew: 545344K->68096K(613440K), 0.0990176 secs] 1306193K->876775K(2010624K), 0.0990766 secs] [Times: user=0.56 sys=0.00, real=0.10 secs] 
[GC (Allocation Failure) [ParNew: 613440K->41140K(613440K), 0.0500500 secs] 1422119K->914161K(2010624K), 0.0500981 secs] [Times: user=0.19 sys=0.00, real=0.05 secs] 
[GC (Allocation Failure) [ParNew: 586484K->68096K(613440K), 0.0846386 secs] 1459505K->986959K(2010624K), 0.0846957 secs] [Times: user=0.58 sys=0.00, real=0.09 secs] 
[GC (Allocation Failure) [ParNew: 613440K->34224K(613440K), 0.0470782 secs] 1532303K->1016923K(2010624K), 0.0471295 secs] [Times: user=0.23 sys=0.00, real=0.05 secs] 
[GC (Allocation Failure) [ParNew: 579568K->68096K(613440K), 0.0905026 secs] 1562267K->1096071K(2010624K), 0.0905597 secs] [Times: user=0.45 sys=0.00, real=0.09 secs] 
[GC (Allocation Failure) [ParNew: 613440K->34227K(613440K), 0.0447551 secs] 1641415K->1125736K(2010624K), 0.0448038 secs] [Times: user=0.17 sys=0.00, real=0.05 secs] 
[GC (CMS Initial Mark) [1 CMS-initial-mark: 1091509K(1397184K)] 1136674K(2010624K), 0.0046899 secs] [Times: user=0.00 sys=0.00, real=0.01 secs] 
[CMS-concurrent-mark-start]
[CMS-concurrent-mark: 1.455/1.455 secs] [Times: user=4.71 sys=0.00, real=1.45 secs] 
[CMS-concurrent-preclean-start]
[CMS-concurrent-preclean: 0.141/0.149 secs] [Times: user=0.31 sys=0.00, real=0.15 secs] 
[CMS-concurrent-abortable-preclean-start]
[GC (Allocation Failure) [ParNew[CMS-concurrent-abortable-preclean: 0.030/0.130 secs] [Times: user=0.61 sys=0.00, real=0.13 secs] 
: 579571K->68096K(613440K), 0.0930259 secs] 1671080K->1205701K(2010624K), 0.0930741 secs] [Times: user=0.55 sys=0.00, real=0.09 secs] 
[GC (CMS Final Remark) [YG occupancy: 79080 K (613440 K)][Rescan (parallel) , 0.0479058 secs][weak refs processing, 0.0000359 secs][class unloading, 0.0074429 secs][scrub symbol table, 0.0011119 secs][scrub string table, 0.0003728 secs][1 CMS-remark: 1137605K(1397184K)] 1216686K(2010624K), 0.0577239 secs] [Times: user=0.36 sys=0.00, real=0.06 secs] 
[CMS-concurrent-sweep-start]
[CMS-concurrent-sweep: 0.741/0.741 secs] [Times: user=1.45 sys=0.00, real=0.74 secs] 
[CMS-concurrent-reset-start]
[CMS-concurrent-reset: 0.003/0.003 secs] [Times: user=0.03 sys=0.00, real=0.00 secs] 
[GC (Allocation Failure) [ParNew: 613440K->40318K(613440K), 0.0394139 secs] 1304590K->793657K(2010624K), 0.0394640 secs] [Times: user=0.11 sys=0.00, real=0.04 secs] 
[GC (Allocation Failure) [ParNew: 585662K->68096K(613440K), 0.0841459 secs] 1339001K->864833K(2010624K), 0.0841902 secs] [Times: user=0.34 sys=0.00, real=0.08 secs] 
[GC (Allocation Failure) [ParNew: 613440K->20484K(613440K), 0.0567288 secs] 1410177K->880978K(2010624K), 0.0567756 secs] [Times: user=0.19 sys=0.00, real=0.06 secs] 
[GC (Allocation Failure) [ParNew: 565828K->68096K(613440K), 0.0707318 secs] 1426322K->971616K(2010624K), 0.0707896 secs] [Times: user=0.37 sys=0.00, real=0.07 secs] 
[GC (Allocation Failure) [ParNew: 613440K->54828K(613440K), 0.0380955 secs] 1516960K->1021810K(2010624K), 0.0381539 secs] [Times: user=0.25 sys=0.00, real=0.04 secs] 
[GC (Allocation Failure) [ParNew (1: promotion failure size = 2779)  (2: promotion failure size = 2779)  (3: promotion failure size = 2779)  (4: promotion failure size = 2779)  (5: promotion failure size = 2779)  (6: promotion failure size = 2779)  (7: promotion failure size = 2779)  (promotion failed): 600172K->613440K(613440K), 0.2215002 secs][CMS: 1009549K->753338K(1397184K), 2.1500890 secs] 1567154K->753338K(2010624K), [Metaspace: 9964K->9964K(10240K)], 2.3716572 secs] [Times: user=2.73 sys=0.00, real=2.37 secs] 

*** PauseDetector detected a 2375 ms pause at Fri Dec 19 16:55:38 EET 2014 ***

[GC (Allocation Failure) [ParNew: 545344K->27380K(613440K), 0.0071016 secs] 1298682K->780718K(2010624K), 0.0071427 secs] [Times: user=0.06 sys=0.00, real=0.01 secs] 
[GC (Allocation Failure) [ParNew: 572724K->68096K(613440K), 0.0626800 secs] 1326062K->864606K(2010624K), 0.0627262 secs] [Times: user=0.42 sys=0.00, real=0.06 secs] 
[GC (Allocation Failure) [ParNew: 613440K->34282K(613440K), 0.0375906 secs] 1409950K->894917K(2010624K), 0.0376464 secs] [Times: user=0.16 sys=0.00, real=0.04 secs] 
[GC (Allocation Failure) [ParNew: 579626K->68096K(613440K), 0.0665866 secs] 1440261K->971546K(2010624K), 0.0666873 secs] [Times: user=0.27 sys=0.00, real=0.07 secs] 
[GC (Allocation Failure) [ParNew: 613440K->40864K(613440K), 0.0364736 secs] 1516890K->1007569K(2010624K), 0.0365224 secs] [Times: user=0.16 sys=0.00, real=0.04 secs] 
[GC (Allocation Failure) [ParNew: 586208K->68096K(613440K), 0.0630374 secs] 1552913K->1078149K(2010624K), 0.0630842 secs] [Times: user=0.30 sys=0.00, real=0.06 secs] 
[GC (Allocation Failure) [ParNew: 613440K->26886K(613440K), 0.0410917 secs] 1623493K->1099251K(2010624K), 0.0411411 secs] [Times: user=0.12 sys=0.00, real=0.04 secs] 
[GC (Allocation Failure) [ParNew: 572230K->68096K(613440K), 0.0639324 secs] 1644595K->1182298K(2010624K), 0.0639799 secs] [Times: user=0.22 sys=0.00, real=0.06 secs] 
[GC (Allocation Failure) [ParNew: 613440K->33969K(613440K), 0.0443855 secs] 1727642K->1211300K(2010624K), 0.0444336 secs] [Times: user=0.14 sys=0.00, real=0.05 secs] 
[GC (CMS Initial Mark) [1 CMS-initial-mark: 1177331K(1397184K)] 1222240K(2010624K), 0.0048587 secs] [Times: user=0.00 sys=0.00, real=0.00 secs] 
[CMS-concurrent-mark-start]
[CMS-concurrent-mark: 1.299/1.299 secs] [Times: user=4.21 sys=0.00, real=1.30 secs] 
[CMS-concurrent-preclean-start]
[CMS-concurrent-preclean: 0.085/0.091 secs] [Times: user=0.19 sys=0.00, real=0.09 secs] 
[CMS-concurrent-abortable-preclean-start]
[GC (Allocation Failure) [ParNew: 579313K->68096K(613440K), 0.0588633 secs] 1756644K->1286477K(2010624K), 0.0589153 secs] [Times: user=0.44 sys=0.00, real=0.06 secs] 
[CMS-concurrent-abortable-preclean: 0.668/1.053 secs] [Times: user=2.15 sys=0.00, real=1.05 secs] 
[GC (CMS Final Remark) [YG occupancy: 397546 K (613440 K)][Rescan (parallel) , 0.0709435 secs][weak refs processing, 0.0000167 secs][class unloading, 0.0065999 secs][scrub symbol table, 0.0015982 secs][scrub string table, 0.0004818 secs][1 CMS-remark: 1218381K(1397184K)] 1615928K(2010624K), 0.0805197 secs] [Times: user=0.36 sys=0.00, real=0.08 secs] 
[CMS-concurrent-sweep-start]
[GC (Allocation Failure) [ParNew: 613440K->41051K(613440K), 0.0330630 secs] 1365642K->856740K(2010624K), 0.0331265 secs] [Times: user=0.17 sys=0.00, real=0.03 secs] 
[CMS-concurrent-sweep: 0.552/0.586 secs] [Times: user=1.28 sys=0.00, real=0.59 secs] 
[CMS-concurrent-reset-start]
[CMS-concurrent-reset: 0.003/0.003 secs] [Times: user=0.00 sys=0.00, real=0.00 secs] 
[GC (Allocation Failure) [ParNew: 586395K->68096K(613440K), 0.0643270 secs] 1335525K->858192K(2010624K), 0.0643802 secs] [Times: user=0.22 sys=0.00, real=0.07 secs] 
[GC (Allocation Failure) [ParNew: 613440K->54750K(613440K), 0.0332606 secs] 1403536K->908296K(2010624K), 0.0333100 secs] [Times: user=0.09 sys=0.00, real=0.03 secs] 
[GC (Allocation Failure) [ParNew: 600094K->68096K(613440K), 0.0743535 secs] 1453640K->962490K(2010624K), 0.0744016 secs] [Times: user=0.22 sys=0.00, real=0.07 secs] 
[GC (Allocation Failure) [ParNew (0: promotion failure size = 1854)  (1: promotion failure size = 1854)  (2: promotion failure size = 1854)  (3: promotion failure size = 1854)  (4: promotion failure size = 1854)  (5: promotion failure size = 1854)  (6: promotion failure size = 1854)  (7: promotion failure size = 1854)  (promotion failed): 613440K->579567K(613440K), 0.2951114 secs][CMS: 957628K->752661K(1397184K), 1.7495146 secs] 1507834K->752661K(2010624K), [Metaspace: 9964K->9964K(10240K)], 2.0446903 secs]
*** PauseDetector detected a 2045 ms pause at Fri Dec 19 16:56:03 EET 2014 ***

 [Times: user=2.08 sys=0.02, real=2.04 secs] 
[GC (Allocation Failure) [ParNew: 545344K->68096K(613440K), 0.0555271 secs] 1298005K->864418K(2010624K), 0.0555733 secs] [Times: user=0.26 sys=0.00, real=0.06 secs] 
[GC (Allocation Failure) [ParNew: 613440K->39677K(613440K), 0.0393645 secs] 1409762K->897403K(2010624K), 0.0394139 secs] [Times: user=0.14 sys=0.00, real=0.04 secs] 
[Full GC (System.gc()) [CMS: 857725K->747368K(1397184K), 1.7977156 secs] 1073421K->747368K(2010624K), [Metaspace: 9964K->9964K(10240K)], 1.7979209 secs] [Times: user=1.81 sys=0.00, real=1.80 secs] 
[Full GC (System.gc()) [CMS: 747368K->747372K(1397184K), 1.5210841 secs] 758307K->747372K(2010624K), [Metaspace: 9964K->9964K(10240K)], 1.5213112 secs] [Times: user=1.50 sys=0.00, real=1.52 secs] 
[Full GC (System.gc()) [CMS: 747372K->747373K(1397184K), 1.6948177 secs] 758311K->747373K(2010624K), [Metaspace: 9964K->9964K(10240K)], 1.6950327 secs] [Times: user=1.70 sys=0.00, real=1.70 secs] 

*** PauseDetector detected a 1799 ms pause at Fri Dec 19 16:56:08 EET 2014 ***


*** PauseDetector detected a 3222 ms pause at Fri Dec 19 16:56:11 EET 2014 ***

[GC (Allocation Failure) [ParNew: 545344K->7159K(613440K), 0.0076886 secs] 1292717K->754533K(2010624K), 0.0077380 secs] [Times: user=0.06 sys=0.00, real=0.01 secs] 
[GC (Allocation Failure) [ParNew: 552503K->68096K(613440K), 0.0600169 secs] 1299877K->857247K(2010624K), 0.0600778 secs] [Times: user=0.28 sys=0.00, real=0.06 secs] 
[GC (Allocation Failure) [ParNew: 613440K->26244K(613440K), 0.0375232 secs] 1402591K->878446K(2010624K), 0.0375810 secs] [Times: user=0.09 sys=0.00, real=0.03 secs] 
[GC (Allocation Failure) [ParNew: 571588K->68096K(613440K), 0.0568577 secs] 1423790K->963666K(2010624K), 0.0569084 secs] [Times: user=0.28 sys=0.00, real=0.05 secs] 
[GC (Allocation Failure) [ParNew: 613440K->26319K(613440K), 0.0287785 secs] 1509010K->982636K(2010624K), 0.0288837 secs] [Times: user=0.06 sys=0.00, real=0.03 secs] 
[GC (Allocation Failure) [ParNew: 571663K->68096K(613440K), 0.0523032 secs] 1527980K->1064372K(2010624K), 0.0523507 secs] [Times: user=0.20 sys=0.00, real=0.04 secs] 
[Full GC (System.gc()) [CMS: 996276K->749846K(1397184K), 1.5595915 secs] 1436231K->749846K(2010624K), [Metaspace: 9964K->9964K(10240K)], 1.5598751 secs] [Times: user=1.56 sys=0.00, real=1.56 secs] 
[Full GC (System.gc()) [CMS: 749846K->749846K(1397184K), 1.3253021 secs] 749846K->749846K(2010624K), [Metaspace: 9964K->9964K(10240K)], 1.3254843 secs] [Times: user=1.31 sys=0.00, real=1.32 secs] 
[Full GC (System.gc()) [CMS: 749846K->749846K(1397184K), 1.4075322 secs] 749848K->749846K(2010624K), [Metaspace: 9964K->9964K(10240K)]
*** PauseDetector detected a 2877 ms pause at Fri Dec 19 16:56:24 EET 2014 ***

, 1.4077510 secs] [Times: user=1.42 sys=0.00, real=1.41 secs] 
********************************
********** ROUND   18 **********
********************************

*** PauseDetector detected a 1425 ms pause at Fri Dec 19 16:56:26 EET 2014 ***

[GC (Allocation Failure) [ParNew: 545344K->68096K(613440K), 0.0513241 secs] 1295190K->858162K(2010624K), 0.0513684 secs] [Times: user=0.20 sys=0.00, real=0.05 secs] 
[GC (Allocation Failure) [ParNew: 613440K->24280K(613440K), 0.0335936 secs] 1403506K->878190K(2010624K), 0.0336430 secs] [Times: user=0.09 sys=0.00, real=0.03 secs] 
[GC (Allocation Failure) [ParNew: 569624K->68096K(613440K), 0.0507294 secs] 1423534K->964274K(2010624K), 0.0507756 secs] [Times: user=0.13 sys=0.00, real=0.04 secs] 
[GC (Allocation Failure) [ParNew: 613440K->26838K(613440K), 0.0276975 secs] 1509618K->984106K(2010624K), 0.0277456 secs] [Times: user=0.12 sys=0.00, real=0.02 secs] 
[GC (Allocation Failure) [ParNew: 572182K->68096K(613440K), 0.0511221 secs] 1529450K->1066891K(2010624K), 0.0511702 secs] [Times: user=0.23 sys=0.00, real=0.05 secs] 
[GC (Allocation Failure) [ParNew: 613440K->26709K(613440K), 0.0278790 secs] 1612235K->1087177K(2010624K), 0.0279432 secs] [Times: user=0.13 sys=0.00, real=0.03 secs] 
[GC (Allocation Failure) [ParNew: 572053K->68096K(613440K), 0.1621833 secs] 1632521K->1196427K(2010624K), 0.1622366 secs] [Times: user=0.65 sys=0.00, real=0.16 secs] 
[GC (CMS Initial Mark) [1 CMS-initial-mark: 1128331K(1397184K)] 1207355K(2010624K), 0.0122175 secs] [Times: user=0.00 sys=0.00, real=0.01 secs] 
[CMS-concurrent-mark-start]
[CMS-concurrent-mark: 1.321/1.321 secs] [Times: user=3.99 sys=0.00, real=1.33 secs] 
[CMS-concurrent-preclean-start]
[CMS-concurrent-preclean: 0.006/0.006 secs] [Times: user=0.03 sys=0.00, real=0.01 secs] 
[CMS-concurrent-abortable-preclean-start]
[GC (Allocation Failure) [ParNew: 613440K->34103K(613440K), 0.1050395 secs] 1741771K->1226753K(2010624K), 0.1051928 secs] [Times: user=0.28 sys=0.00, real=0.11 secs] 
[CMS-concurrent-abortable-preclean: 0.865/1.879 secs] [Times: user=3.73 sys=0.00, real=1.88 secs] 
[GC (CMS Final Remark) [YG occupancy: 365518 K (613440 K)][Rescan (parallel) , 0.0683901 secs][weak refs processing, 0.0000205 secs][class unloading, 0.0053886 secs][scrub symbol table, 0.0012421 secs][scrub string table, 0.0003862 secs][1 CMS-remark: 1192650K(1397184K)] 1558168K(2010624K), 0.0762160 secs] [Times: user=0.41 sys=0.00, real=0.07 secs] 
[CMS-concurrent-sweep-start]
[GC (Allocation Failure) [ParNew: 579447K->68096K(613440K), 0.1717300 secs] 1461813K->1007190K(2010624K), 0.1717813 secs] [Times: user=1.14 sys=0.00, real=0.17 secs] 
[CMS-concurrent-sweep: 0.585/0.757 secs] [Times: user=2.31 sys=0.00, real=0.76 secs] 
[CMS-concurrent-reset-start]
[CMS-concurrent-reset: 0.003/0.003 secs] [Times: user=0.00 sys=0.00, real=0.00 secs] 
[GC (Allocation Failure) [ParNew: 613440K->27358K(613440K), 0.0740372 secs] 1444784K->923150K(2010624K), 0.0740847 secs] [Times: user=0.26 sys=0.00, real=0.07 secs] 
[GC (Allocation Failure) [ParNew: 572702K->68096K(613440K), 0.1638995 secs] 1468494K->1018124K(2010624K), 0.1639669 secs] [Times: user=0.75 sys=0.00, real=0.16 secs] 
[GC (Allocation Failure) [ParNew: 613440K->27426K(613440K), 0.0625338 secs] 1563468K->1041218K(2010624K), 0.0625832 secs] [Times: user=0.17 sys=0.00, real=0.05 secs] 
[GC (Allocation Failure) [ParNew: 572770K->68096K(613440K), 0.1454850 secs] 1586562K->1132078K(2010624K), 0.1455672 secs] [Times: user=0.59 sys=0.00, real=0.14 secs] 
[GC (Allocation Failure) [ParNew (0: promotion failure size = 6249)  (1: promotion failure size = 6249)  (2: promotion failure size = 6249)  (3: promotion failure size = 6249)  (4: promotion failure size = 6249)  (5: promotion failure size = 6249)  (6: promotion failure size = 6249)  (7: promotion failure size = 6249)  (promotion failed): 613440K->572771K(613440K), 0.1822005 secs][CMS: 1126664K->761993K(1397184K), 1.8334373 secs] 1677422K->761993K(2010624K), [Metaspace: 9964K->9964K(10240K)], 2.0157218 secs] [Times: user=2.12 sys=0.00, real=2.01 secs] 

*** PauseDetector detected a 2012 ms pause at Fri Dec 19 16:56:50 EET 2014 ***

[GC (Allocation Failure) [ParNew: 545344K->68096K(613440K), 0.1192972 secs] 1307337K->881780K(2010624K), 0.1193472 secs] [Times: user=0.53 sys=0.00, real=0.11 secs] 
[GC (Allocation Failure) [ParNew: 613440K->20273K(613440K), 0.0549433 secs] 1427124K->897656K(2010624K), 0.0549875 secs] [Times: user=0.14 sys=0.00, real=0.05 secs] 
[GC (Allocation Failure) [ParNew: 565617K->68096K(613440K), 0.1142923 secs] 1443000K->992375K(2010624K), 0.1143378 secs] [Times: user=0.44 sys=0.00, real=0.11 secs] 
[GC (Allocation Failure) [ParNew: 613440K->20447K(613440K), 0.0500994 secs] 1537719K->1008183K(2010624K), 0.0501501 secs] [Times: user=0.17 sys=0.00, real=0.04 secs] 
[GC (Allocation Failure) [ParNew: 565791K->68096K(613440K), 0.1060621 secs] 1553527K->1103462K(2010624K), 0.1061102 secs] [Times: user=0.44 sys=0.00, real=0.10 secs] 
[GC (Allocation Failure) [ParNew: 613440K->26718K(613440K), 0.0445972 secs] 1648806K->1123823K(2010624K), 0.0446543 secs] [Times: user=0.16 sys=0.00, real=0.05 secs] 
[GC (Allocation Failure) [ParNew: 572062K->68096K(613440K), 0.1024212 secs] 1669167K->1212324K(2010624K), 0.1024667 secs] [Times: user=0.44 sys=0.00, real=0.10 secs] 
[GC (CMS Initial Mark) [1 CMS-initial-mark: 1144228K(1397184K)] 1223252K(2010624K), 0.0068238 secs] [Times: user=0.00 sys=0.00, real=0.01 secs] 
[CMS-concurrent-mark-start]
[CMS-concurrent-mark: 1.166/1.166 secs] [Times: user=3.51 sys=0.00, real=1.17 secs] 
[CMS-concurrent-preclean-start]
[CMS-concurrent-preclean: 0.007/0.007 secs] [Times: user=0.00 sys=0.00, real=0.01 secs] 
[CMS-concurrent-abortable-preclean-start]
[GC (Allocation Failure) [ParNew[CMS-concurrent-abortable-preclean: 0.268/0.371 secs] [Times: user=0.72 sys=0.00, real=0.37 secs] 
: 613440K->40018K(613440K), 0.0434879 secs] 1757668K->1245960K(2010624K), 0.0435348 secs] [Times: user=0.09 sys=0.00, real=0.04 secs] 
[GC (CMS Final Remark) [YG occupancy: 50946 K (613440 K)][Rescan (parallel) , 0.0103916 secs][weak refs processing, 0.0000154 secs][class unloading, 0.0050319 secs][scrub symbol table, 0.0010503 secs][scrub string table, 0.0003522 secs][1 CMS-remark: 1205942K(1397184K)] 1256888K(2010624K), 0.0176081 secs] [Times: user=0.09 sys=0.00, real=0.01 secs] 
[CMS-concurrent-sweep-start]
[CMS-concurrent-sweep: 0.683/0.683 secs] [Times: user=1.68 sys=0.00, real=0.69 secs] 
[CMS-concurrent-reset-start]
[CMS-concurrent-reset: 0.002/0.002 secs] [Times: user=0.00 sys=0.00, real=0.00 secs] 
[GC (Allocation Failure) [ParNew: 585362K->68096K(613440K), 0.0872941 secs] 1339890K->867361K(2010624K), 0.0873435 secs] [Times: user=0.38 sys=0.00, real=0.08 secs] 
[GC (Allocation Failure) [ParNew: 613440K->27333K(613440K), 0.0549292 secs] 1412705K->890167K(2010624K), 0.0549786 secs] [Times: user=0.19 sys=0.00, real=0.06 secs] 
[GC (Allocation Failure) [ParNew: 572677K->68096K(613440K), 0.0846187 secs] 1435511K->974280K(2010624K), 0.0846701 secs] [Times: user=0.34 sys=0.00, real=0.08 secs] 
[GC (Allocation Failure) [ParNew: 613440K->20568K(613440K), 0.0380102 secs] 1519624K->990212K(2010624K), 0.0380564 secs] [Times: user=0.13 sys=0.00, real=0.03 secs] 
[GC (Allocation Failure) [ParNew (0: promotion failure size = 2779)  (1: promotion failure size = 2779)  (2: promotion failure size = 2779)  (3: promotion failure size = 2779)  (4: promotion failure size = 2779)  (5: promotion failure size = 2779)  (6: promotion failure size = 2779)  (7: promotion failure size = 2779)  (promotion failed): 565912K->613440K(613440K), 1.1110831 secs][CMS: 1005169K->753641K(1397184K), 2.0767716 secs] 1535556K->753641K(2010624K), [Metaspace: 9964K->9964K(10240K)], 3.1879150 secs]
*** PauseDetector detected a 3182 ms pause at Fri Dec 19 16:57:14 EET 2014 ***

 [Times: user=3.65 sys=0.17, real=3.18 secs] 
[GC (Allocation Failure) [ParNew: 545344K->27429K(613440K), 0.0067821 secs] 1298985K->781071K(2010624K), 0.0069354 secs] [Times: user=0.00 sys=0.00, real=0.01 secs] 
[GC (Allocation Failure) [ParNew: 572773K->68096K(613440K), 0.0706061 secs] 1326415K->868128K(2010624K), 0.0706523 secs] [Times: user=0.28 sys=0.00, real=0.07 secs] 
[GC (Allocation Failure) [ParNew: 613440K->32959K(613440K), 0.0358635 secs] 1413472K->894307K(2010624K), 0.0359141 secs] [Times: user=0.13 sys=0.00, real=0.03 secs] 
[GC (Allocation Failure) [ParNew: 578303K->68096K(613440K), 0.0700999 secs] 1439651K->972647K(2010624K), 0.0702109 secs] [Times: user=0.26 sys=0.00, real=0.07 secs] 
[GC (Allocation Failure) [ParNew: 613440K->33840K(613440K), 0.0354740 secs] 1517991K->1001556K(2010624K), 0.0355176 secs] [Times: user=0.12 sys=0.00, real=0.04 secs] 
[GC (Allocation Failure) [ParNew: 579184K->68096K(613440K), 0.0680924 secs] 1546900K->1078118K(2010624K), 0.0681373 secs] [Times: user=0.28 sys=0.00, real=0.07 secs] 
[GC (Allocation Failure) [ParNew: 613440K->34198K(613440K), 0.0421336 secs] 1623462K->1107803K(2010624K), 0.0421830 secs] [Times: user=0.13 sys=0.00, real=0.04 secs] 
[GC (Allocation Failure) [ParNew: 579542K->68096K(613440K), 0.0651899 secs] 1653147K->1186553K(2010624K), 0.0652380 secs] [Times: user=0.30 sys=0.00, real=0.06 secs] 
[GC (Allocation Failure) [ParNew: 613440K->32976K(613440K), 0.0346554 secs] 1731897K->1212233K(2010624K), 0.0348177 secs] [Times: user=0.13 sys=0.00, real=0.03 secs] 
[GC (CMS Initial Mark) [1 CMS-initial-mark: 1179257K(1397184K)] 1223161K(2010624K), 0.0034703 secs] [Times: user=0.00 sys=0.00, real=0.00 secs] 
[CMS-concurrent-mark-start]
[CMS-concurrent-mark: 1.157/1.157 secs] [Times: user=3.76 sys=0.00, real=1.17 secs] 
[CMS-concurrent-preclean-start]
[CMS-concurrent-preclean: 0.088/0.093 secs] [Times: user=0.19 sys=0.00, real=0.09 secs] 
[CMS-concurrent-abortable-preclean-start]
[GC (Allocation Failure) [ParNew[CMS-concurrent-abortable-preclean: 0.062/0.391 secs] [Times: user=0.67 sys=0.00, real=0.39 secs] 
: 578320K->68096K(613440K), 0.0662087 secs] 1757577K->1292538K(2010624K), 0.0662536 secs] [Times: user=0.28 sys=0.00, real=0.07 secs] 
[GC (CMS Final Remark) [YG occupancy: 79024 K (613440 K)][Rescan (parallel) , 0.0321006 secs][weak refs processing, 0.0000154 secs][class unloading, 0.0048952 secs][scrub symbol table, 0.0010515 secs][scrub string table, 0.0003484 secs][1 CMS-remark: 1224442K(1397184K)] 1303467K(2010624K), 0.0391669 secs] [Times: user=0.16 sys=0.00, real=0.04 secs] 
[CMS-concurrent-sweep-start]
[CMS-concurrent-sweep: 0.599/0.599 secs] [Times: user=1.22 sys=0.00, real=0.60 secs] 
[CMS-concurrent-reset-start]
[CMS-concurrent-reset: 0.003/0.003 secs] [Times: user=0.00 sys=0.00, real=0.00 secs] 
[GC (Allocation Failure) [ParNew: 613440K->12922K(613440K), 0.0336333 secs] 1303302K->762266K(2010624K), 0.0336770 secs] [Times: user=0.06 sys=0.00, real=0.03 secs] 
[GC (Allocation Failure) [ParNew: 558266K->68096K(613440K), 0.0635353 secs] 1307610K->858503K(2010624K), 0.0635859 secs] [Times: user=0.26 sys=0.00, real=0.06 secs] 
[GC (Allocation Failure) [ParNew: 613440K->20563K(613440K), 0.0311094 secs] 1403847K->874418K(2010624K), 0.0311549 secs] [Times: user=0.06 sys=0.00, real=0.03 secs] 
[GC (Allocation Failure) [ParNew: 565907K->68096K(613440K), 0.0802502 secs] 1419762K->962898K(2010624K), 0.0803067 secs] [Times: user=0.26 sys=0.00, real=0.07 secs] 
[GC (Allocation Failure) [ParNew (0: promotion failure size = 1854)  (1: promotion failure size = 1854)  (2: promotion failure size = 1854)  (3: promotion failure size = 1854)  (4: promotion failure size = 1854)  (5: promotion failure size = 1854)  (6: promotion failure size = 1854)  (7: promotion failure size = 1854)  (promotion failed): 613440K->586483K(613440K), 0.3420395 secs][CMS: 957956K->752731K(1397184K), 1.9936535 secs] 1508242K->752731K(2010624K), [Metaspace: 9964K->9964K(10240K)]
*** PauseDetector detected a 2333 ms pause at Fri Dec 19 16:57:39 EET 2014 ***

, 2.3357643 secs] [Times: user=2.42 sys=0.01, real=2.33 secs] 
[GC (Allocation Failure) [ParNew: 545344K->68096K(613440K), 0.0586266 secs] 1298075K->863580K(2010624K), 0.0586740 secs] [Times: user=0.19 sys=0.00, real=0.06 secs] 
[GC (Allocation Failure) [ParNew: 613440K->40258K(613440K), 0.0304492 secs] 1408924K->898097K(2010624K), 0.0304980 secs] [Times: user=0.16 sys=0.00, real=0.03 secs] 
[GC (Allocation Failure) [ParNew: 585602K->68096K(613440K), 0.0553128 secs] 1443441K->967539K(2010624K), 0.0553616 secs] [Times: user=0.22 sys=0.00, real=0.06 secs] 
[GC (Allocation Failure) [ParNew: 613440K->33804K(613440K), 0.0308110 secs] 1512883K->995954K(2010624K), 0.0308592 secs] [Times: user=0.17 sys=0.00, real=0.03 secs] 
[GC (Allocation Failure) [ParNew: 579148K->68096K(613440K), 0.0618646 secs] 1541298K->1072192K(2010624K), 0.0619217 secs] [Times: user=0.20 sys=0.00, real=0.06 secs] 
[GC (Allocation Failure) [ParNew: 613440K->33576K(613440K), 0.0307251 secs] 1617536K->1099865K(2010624K), 0.0308418 secs] [Times: user=0.13 sys=0.00, real=0.03 secs] 
[Full GC (System.gc()) [CMS: 1066288K->749615K(1397184K), 2.1318605 secs] 1495126K->749615K(2010624K), [Metaspace: 9964K->9964K(10240K)], 2.1321287 secs] [Times: user=2.12 sys=0.00, real=2.12 secs] 
[Full GC (System.gc()) [CMS: 749615K->749616K(1397184K), 1.7151666 secs] 749617K->749616K(2010624K), [Metaspace: 9964K->9964K(10240K)], 1.7154021 secs] [Times: user=1.73 sys=0.00, real=1.72 secs] 
[Full GC (System.gc()) [CMS: 749616K->749538K(1397184K), 1.6294341 secs] 760517K->749538K(2010624K), [Metaspace: 9964K->9964K(10240K)], 1.6297324 secs] [Times: user=1.62 sys=0.00, real=1.63 secs] 

*** PauseDetector detected a 2124 ms pause at Fri Dec 19 16:57:51 EET 2014 ***


*** PauseDetector detected a 3360 ms pause at Fri Dec 19 16:57:54 EET 2014 ***

[GC (Allocation Failure) [ParNew: 545344K->7260K(613440K), 0.0071683 secs] 1294882K->756798K(2010624K), 0.0072132 secs] [Times: user=0.00 sys=0.00, real=0.01 secs] 
[GC (Allocation Failure) [ParNew: 552604K->68096K(613440K), 0.0629367 secs] 1302142K->858560K(2010624K), 0.0629951 secs] [Times: user=0.25 sys=0.00, real=0.06 secs] 
[GC (Allocation Failure) [ParNew: 613440K->33161K(613440K), 0.0326222 secs] 1403904K->887397K(2010624K), 0.0326742 secs] [Times: user=0.17 sys=0.00, real=0.03 secs] 
[GC (Allocation Failure) [ParNew: 578505K->68096K(613440K), 0.0617337 secs] 1432741K->962290K(2010624K), 0.0617966 secs] [Times: user=0.23 sys=0.00, real=0.06 secs] 
[GC (Allocation Failure) [ParNew: 613440K->27326K(613440K), 0.0296979 secs] 1507634K->985049K(2010624K), 0.0297428 secs] [Times: user=0.11 sys=0.00, real=0.03 secs] 
[GC (Allocation Failure) [ParNew: 572670K->68096K(613440K), 0.0629559 secs] 1530393K->1065702K(2010624K), 0.0630149 secs] [Times: user=0.20 sys=0.00, real=0.06 secs] 
[Full GC (System.gc()) [CMS: 997606K->750115K(1397184K), 2.1078874 secs] 1471869K->750115K(2010624K), [Metaspace: 9964K->9964K(10240K)], 2.1081479 secs] [Times: user=2.09 sys=0.00, real=2.11 secs] 
[Full GC (System.gc()) [CMS: 750115K->750116K(1397184K), 2.0494552 secs] 761070K->750116K(2010624K), [Metaspace: 9964K->9964K(10240K)], 2.0496907 secs] [Times: user=2.06 sys=0.00, real=2.05 secs] 
[Full GC (System.gc()) [CMS: 750116K->750116K(1397184K), 2.5354458 secs] 750116K->750116K(2010624K), [Metaspace: 9964K->9964K(10240K)]
*** PauseDetector detected a 2109 ms pause at Fri Dec 19 16:58:07 EET 2014 ***

, 2.5356742 secs] [Times: user=2.50 sys=0.00, real=2.54 secs] 
********************************
********** ROUND   19 **********
********************************

*** PauseDetector detected a 4591 ms pause at Fri Dec 19 16:58:11 EET 2014 ***

[GC (Allocation Failure) [ParNew: 545344K->68096K(613440K), 0.0508212 secs] 1295460K->860331K(2010624K), 0.0508744 secs] [Times: user=0.20 sys=0.00, real=0.05 secs] 
[GC (Allocation Failure) [ParNew: 613440K->31648K(613440K), 0.0287227 secs] 1405675K->885624K(2010624K), 0.0287695 secs] [Times: user=0.08 sys=0.00, real=0.03 secs] 
[GC (Allocation Failure) [ParNew: 576992K->68096K(613440K), 0.0506454 secs] 1430968K->963162K(2010624K), 0.0506967 secs] [Times: user=0.25 sys=0.00, real=0.05 secs] 
[GC (Allocation Failure) [ParNew: 613440K->33951K(613440K), 0.0327204 secs] 1508506K->991358K(2010624K), 0.0327723 secs] [Times: user=0.16 sys=0.00, real=0.03 secs] 
[GC (Allocation Failure) [ParNew: 579295K->68096K(613440K), 0.1376803 secs] 1536702K->1093285K(2010624K), 0.1377290 secs] [Times: user=0.98 sys=0.00, real=0.14 secs] 
[GC (Allocation Failure) [ParNew: 613440K->34166K(613440K), 0.0865659 secs] 1638629K->1124128K(2010624K), 0.0866281 secs] [Times: user=0.34 sys=0.00, real=0.09 secs] 
[GC (Allocation Failure) [ParNew: 579510K->68096K(613440K), 0.1651891 secs] 1669472K->1214929K(2010624K), 0.1652571 secs] [Times: user=1.09 sys=0.00, real=0.16 secs] 
[GC (Allocation Failure) [ParNew: 613440K->34170K(613440K), 0.0664872 secs] 1760273K->1244642K(2010624K), 0.0665430 secs] [Times: user=0.30 sys=0.00, real=0.07 secs] 
[GC (CMS Initial Mark) [1 CMS-initial-mark: 1210471K(1397184K)] 1244700K(2010624K), 0.0059513 secs] [Times: user=0.02 sys=0.00, real=0.01 secs] 
[CMS-concurrent-mark-start]
[CMS-concurrent-mark: 1.696/1.696 secs] [Times: user=5.88 sys=0.00, real=1.70 secs] 
[CMS-concurrent-preclean-start]
[CMS-concurrent-preclean: 0.327/0.339 secs] [Times: user=0.72 sys=0.00, real=0.34 secs] 
[CMS-concurrent-abortable-preclean-start]
[GC (Allocation Failure) [ParNew[CMS-concurrent-abortable-preclean: 0.026/0.135 secs] [Times: user=0.83 sys=0.00, real=0.13 secs] 
: 579514K->68096K(613440K), 0.1413090 secs] 1789986K->1332928K(2010624K), 0.1413591 secs] [Times: user=1.01 sys=0.00, real=0.14 secs] 
[GC (CMS Final Remark) [YG occupancy: 79050 K (613440 K)][Rescan (parallel) , 0.0975375 secs][weak refs processing, 0.0000205 secs][class unloading, 0.0066993 secs][scrub symbol table, 0.0013056 secs][scrub string table, 0.0005800 secs][1 CMS-remark: 1264832K(1397184K)] 1343883K(2010624K), 0.1070732 secs] [Times: user=0.76 sys=0.00, real=0.11 secs] 
[CMS-concurrent-sweep-start]
[CMS-concurrent-sweep: 0.858/0.858 secs] [Times: user=1.78 sys=0.00, real=0.86 secs] 
[CMS-concurrent-reset-start]
[CMS-concurrent-reset: 0.003/0.003 secs] [Times: user=0.03 sys=0.00, real=0.00 secs] 
[GC (Allocation Failure) [ParNew: 613440K->41026K(613440K), 0.0601907 secs] 1315320K->806508K(2010624K), 0.0602485 secs] [Times: user=0.30 sys=0.00, real=0.06 secs] 
[GC (Allocation Failure) [ParNew: 586370K->68096K(613440K), 0.1375128 secs] 1351852K->883804K(2010624K), 0.1375629 secs] [Times: user=0.72 sys=0.00, real=0.14 secs] 
[GC (Allocation Failure) [ParNew: 613440K->27374K(613440K), 0.0574397 secs] 1429148K->906655K(2010624K), 0.0574884 secs] [Times: user=0.14 sys=0.00, real=0.05 secs] 
[GC (Allocation Failure) [ParNew: 572718K->68096K(613440K), 0.1322987 secs] 1451999K->996409K(2010624K), 0.1323481 secs] [Times: user=0.53 sys=0.00, real=0.13 secs] 
[GC (Allocation Failure) [ParNew (0: promotion failure size = 6249)  (1: promotion failure size = 6249)  (2: promotion failure size = 6249)  (3: promotion failure size = 6249)  (4: promotion failure size = 6249)  (5: promotion failure size = 6249)  (6: promotion failure size = 6249)  (7: promotion failure size = 6249)  (promotion failed): 613440K->579603K(613440K), 0.2005406 secs][CMS: 990770K->760835K(1397184K), 2.0454986 secs] 1541753K->760835K(2010624K), [Metaspace: 9964K->9964K(10240K)], 2.2461072 secs] [Times: user=2.39 sys=0.00, real=2.25 secs] 

*** PauseDetector detected a 2249 ms pause at Fri Dec 19 16:58:37 EET 2014 ***

[GC (Allocation Failure) [ParNew: 545344K->68096K(613440K), 0.1072028 secs] 1306179K->876809K(2010624K), 0.1072516 secs] [Times: user=0.45 sys=0.00, real=0.11 secs] 
[GC (Allocation Failure) [ParNew: 613440K->20538K(613440K), 0.0500031 secs] 1422153K->893782K(2010624K), 0.0500506 secs] [Times: user=0.20 sys=0.00, real=0.05 secs] 
[GC (Allocation Failure) [ParNew: 565882K->68096K(613440K), 0.0978198 secs] 1439126K->987213K(2010624K), 0.0978653 secs] [Times: user=0.50 sys=0.00, real=0.09 secs] 
[GC (Allocation Failure) [ParNew: 613440K->20570K(613440K), 0.0477429 secs] 1532557K->1003199K(2010624K), 0.0478013 secs] [Times: user=0.19 sys=0.00, real=0.04 secs] 
[GC (Allocation Failure) [ParNew: 565914K->68096K(613440K), 0.0919962 secs] 1548543K->1096669K(2010624K), 0.0920463 secs] [Times: user=0.31 sys=0.00, real=0.09 secs] 
[GC (Allocation Failure) [ParNew: 613440K->27186K(613440K), 0.0461428 secs] 1642013K->1123516K(2010624K), 0.0462474 secs] [Times: user=0.16 sys=0.00, real=0.05 secs] 
[GC (Allocation Failure) [ParNew: 572530K->68096K(613440K), 0.0955762 secs] 1668860K->1211112K(2010624K), 0.0956237 secs] [Times: user=0.42 sys=0.00, real=0.10 secs] 
[GC (Allocation Failure) [ParNew: 613440K->26702K(613440K), 0.0406085 secs] 1756456K->1231318K(2010624K), 0.0406579 secs] [Times: user=0.13 sys=0.00, real=0.03 secs] 
[GC (CMS Initial Mark) [1 CMS-initial-mark: 1204615K(1397184K)] 1242333K(2010624K), 0.0043184 secs] [Times: user=0.02 sys=0.00, real=0.01 secs] 
[CMS-concurrent-mark-start]
[CMS-concurrent-mark: 1.238/1.238 secs] [Times: user=3.99 sys=0.00, real=1.24 secs] 
[CMS-concurrent-preclean-start]
[CMS-concurrent-preclean: 0.158/0.168 secs] [Times: user=0.34 sys=0.00, real=0.17 secs] 
[CMS-concurrent-abortable-preclean-start]
[GC (Allocation Failure) [ParNew[CMS-concurrent-abortable-preclean: 0.046/0.252 secs] [Times: user=0.51 sys=0.00, real=0.25 secs] 
: 572046K->68096K(613440K), 0.0798679 secs] 1776662K->1316082K(2010624K), 0.0799173 secs] [Times: user=0.41 sys=0.00, real=0.08 secs] 
[GC (CMS Final Remark) [YG occupancy: 79050 K (613440 K)][Rescan (parallel) , 0.0445036 secs][weak refs processing, 0.0000212 secs][class unloading, 0.0062958 secs][scrub symbol table, 0.0018246 secs][scrub string table, 0.0003779 secs][1 CMS-remark: 1247986K(1397184K)] 1327037K(2010624K), 0.0539174 secs] [Times: user=0.50 sys=0.00, real=0.06 secs] 
[CMS-concurrent-sweep-start]
[CMS-concurrent-sweep: 0.703/0.703 secs] [Times: user=1.40 sys=0.00, real=0.70 secs] 
[CMS-concurrent-reset-start]
[CMS-concurrent-reset: 0.004/0.004 secs] [Times: user=0.03 sys=0.00, real=0.00 secs] 
[GC (Allocation Failure) [ParNew: 613440K->27378K(613440K), 0.0420245 secs] 1302358K->779756K(2010624K), 0.0420688 secs] [Times: user=0.11 sys=0.00, real=0.04 secs] 
[GC (Allocation Failure) [ParNew: 572722K->68096K(613440K), 0.0771938 secs] 1325100K->863549K(2010624K), 0.0772393 secs] [Times: user=0.41 sys=0.00, real=0.08 secs] 
[GC (Allocation Failure) [ParNew: 613440K->34282K(613440K), 0.0421618 secs] 1408893K->893221K(2010624K), 0.0422112 secs] [Times: user=0.13 sys=0.00, real=0.04 secs] 
[GC (Allocation Failure) [ParNew (0: promotion failure size = 2779)  (1: promotion failure size = 2779)  (2: promotion failure size = 2779)  (3: promotion failure size = 2779)  (4: promotion failure size = 2779)  (5: promotion failure size = 2779)  (6: promotion failure size = 2779)  (7: promotion failure size = 2779)  (promotion failed): 579626K->613440K(613440K), 0.7410914 secs][CMS: 894952K->753373K(1397184K), 2.4136631 secs] 1438565K->753373K(2010624K), [Metaspace: 9964K->9964K(10240K)], 3.1548193 secs]
*** PauseDetector detected a 3158 ms pause at Fri Dec 19 16:59:00 EET 2014 ***

 [Times: user=3.43 sys=0.05, real=3.15 secs] 
[GC (Allocation Failure) [ParNew: 545344K->27383K(613440K), 0.0075077 secs] 1298717K->780757K(2010624K), 0.0075526 secs] [Times: user=0.00 sys=0.00, real=0.01 secs] 
[GC (Allocation Failure) [ParNew: 572727K->68096K(613440K), 0.0720868 secs] 1326101K->866216K(2010624K), 0.0721414 secs] [Times: user=0.28 sys=0.00, real=0.07 secs] 
[GC (Allocation Failure) [ParNew: 613440K->47003K(613440K), 0.0367822 secs] 1411560K->907453K(2010624K), 0.0368309 secs] [Times: user=0.19 sys=0.00, real=0.04 secs] 
[GC (Allocation Failure) [ParNew: 592347K->68096K(613440K), 0.0692196 secs] 1452797K->973174K(2010624K), 0.0692844 secs] [Times: user=0.33 sys=0.00, real=0.07 secs] 
[GC (Allocation Failure) [ParNew: 613440K->33117K(613440K), 0.0414086 secs] 1518518K->999719K(2010624K), 0.0414593 secs] [Times: user=0.14 sys=0.00, real=0.04 secs] 
[GC (Allocation Failure) [ParNew: 578461K->68096K(613440K), 0.0668086 secs] 1545063K->1078431K(2010624K), 0.0668599 secs] [Times: user=0.33 sys=0.00, real=0.07 secs] 
[GC (Allocation Failure) [ParNew: 613440K->46774K(613440K), 0.0358865 secs] 1623775K->1119033K(2010624K), 0.0359443 secs] [Times: user=0.11 sys=0.00, real=0.04 secs] 
[GC (Allocation Failure) [ParNew: 592118K->68096K(613440K), 0.0637938 secs] 1664377K->1181639K(2010624K), 0.0638503 secs] [Times: user=0.36 sys=0.00, real=0.06 secs] 
[GC (Allocation Failure) [ParNew: 613440K->20498K(613440K), 0.0408171 secs] 1726983K->1197483K(2010624K), 0.0408793 secs] [Times: user=0.17 sys=0.00, real=0.04 secs] 
[GC (CMS Initial Mark) [1 CMS-initial-mark: 1176985K(1397184K)] 1197484K(2010624K), 0.0073217 secs] [Times: user=0.00 sys=0.00, real=0.01 secs] 
[CMS-concurrent-mark-start]
[CMS-concurrent-mark: 1.596/1.596 secs] [Times: user=5.13 sys=0.02, real=1.60 secs] 
[CMS-concurrent-preclean-start]
[GC (Allocation Failure) [ParNew: 565842K->68096K(613440K), 0.0683708 secs] 1742827K->1286192K(2010624K), 0.0684286 secs] [Times: user=0.36 sys=0.00, real=0.07 secs] 
[CMS-concurrent-preclean: 0.036/0.104 secs] [Times: user=0.42 sys=0.00, real=0.10 secs] 
[CMS-concurrent-abortable-preclean-start]
[CMS-concurrent-abortable-preclean: 0.609/0.816 secs] [Times: user=1.47 sys=0.00, real=0.82 secs] 
[GC (CMS Final Remark) [YG occupancy: 376160 K (613440 K)][Rescan (parallel) , 0.0883264 secs][weak refs processing, 0.0000154 secs][class unloading, 0.0062278 secs][scrub symbol table, 0.0012235 secs][scrub string table, 0.0003914 secs][1 CMS-remark: 1218096K(1397184K)] 1594256K(2010624K), 0.0970576 secs] [Times: user=0.31 sys=0.00, real=0.10 secs] 
[CMS-concurrent-sweep-start]
[GC (Allocation Failure) [ParNew: 613440K->27422K(613440K), 0.0356556 secs] 1741326K->1218710K(2010624K), 0.0357050 secs] [Times: user=0.20 sys=0.00, real=0.04 secs] 
[CMS-concurrent-sweep: 0.759/0.795 secs] [Times: user=1.79 sys=0.00, real=0.80 secs] 
[CMS-concurrent-reset-start]
[CMS-concurrent-reset: 0.003/0.003 secs] [Times: user=0.00 sys=0.00, real=0.00 secs] 
[GC (Allocation Failure) [ParNew: 572766K->68096K(613440K), 0.0605404 secs] 1321515K->857769K(2010624K), 0.0605879 secs] [Times: user=0.39 sys=0.00, real=0.06 secs] 
[GC (Allocation Failure) [ParNew: 613440K->20567K(613440K), 0.0326492 secs] 1403113K->873698K(2010624K), 0.0326941 secs] [Times: user=0.11 sys=0.00, real=0.03 secs] 
[GC (Allocation Failure) [ParNew: 565911K->68096K(613440K), 0.0805197 secs] 1419042K->962043K(2010624K), 0.0805691 secs] [Times: user=0.30 sys=0.00, real=0.08 secs] 
[GC (Allocation Failure) [ParNew (0: promotion failure size = 1854)  (1: promotion failure size = 1854)  (2: promotion failure size = 1854)  (3: promotion failure size = 1854)  (4: promotion failure size = 1854)  (5: promotion failure size = 1854)  (6: promotion failure size = 1854)  (7: promotion failure size = 1854)  (promotion failed): 613440K->565915K(613440K), 0.3813091 secs][CMS: 957053K->752633K(1397184K), 2.2304342 secs] 1507387K->752633K(2010624K), [Metaspace: 9964K->9964K(10240K)], 2.6118960 secs] [Times: user=2.71 sys=0.00, real=2.61 secs] 

*** PauseDetector detected a 2617 ms pause at Fri Dec 19 16:59:26 EET 2014 ***

[GC (Allocation Failure) [ParNew: 545344K->68096K(613440K), 0.0588056 secs] 1297977K->863851K(2010624K), 0.0588550 secs] [Times: user=0.19 sys=0.00, real=0.06 secs] 
[GC (Allocation Failure) [ParNew: 613440K->26717K(613440K), 0.0347073 secs] 1409195K->884505K(2010624K), 0.0347510 secs] [Times: user=0.12 sys=0.00, real=0.04 secs] 
[GC (Allocation Failure) [ParNew: 572061K->68096K(613440K), 0.0592123 secs] 1429849K->968479K(2010624K), 0.0592669 secs] [Times: user=0.25 sys=0.00, real=0.06 secs] 
[GC (Allocation Failure) [ParNew: 613440K->33333K(613440K), 0.0305640 secs] 1513823K->995414K(2010624K), 0.0307488 secs] [Times: user=0.08 sys=0.00, real=0.03 secs] 
[GC (Allocation Failure) [ParNew: 578677K->68096K(613440K), 0.0578047 secs] 1540758K->1071135K(2010624K), 0.0578528 secs] [Times: user=0.20 sys=0.00, real=0.06 secs] 
[GC (Allocation Failure) [ParNew: 613440K->40803K(613440K), 0.0297184 secs] 1616479K->1106933K(2010624K), 0.0297640 secs] [Times: user=0.08 sys=0.00, real=0.03 secs] 
[GC (Allocation Failure) [ParNew: 586147K->68096K(613440K), 0.0583411 secs] 1652277K->1178342K(2010624K), 0.0583898 secs] [Times: user=0.20 sys=0.00, real=0.06 secs] 
[GC (Allocation Failure) [ParNew: 613440K->52037K(613440K), 0.0296177 secs] 1723686K->1222155K(2010624K), 0.0296671 secs] [Times: user=0.19 sys=0.00, real=0.03 secs] 
[GC (CMS Initial Mark) [1 CMS-initial-mark: 1170117K(1397184K)] 1233110K(2010624K), 0.0037276 secs] [Times: user=0.00 sys=0.00, real=0.00 secs] 
[CMS-concurrent-mark-start]
[CMS-concurrent-mark: 1.445/1.445 secs] [Times: user=4.62 sys=0.00, real=1.45 secs] 
[CMS-concurrent-preclean-start]
[CMS-concurrent-preclean: 0.070/0.074 secs] [Times: user=0.16 sys=0.00, real=0.07 secs] 
[GC (Allocation Failure) [ParNew: 597381K->68096K(613440K), 0.0525483 secs] 1767499K->1279452K(2010624K), 0.0525919 secs] [Times: user=0.28 sys=0.00, real=0.05 secs] 
[GC (CMS Final Remark) [YG occupancy: 68140 K (613440 K)][Rescan (parallel) , 0.0250106 secs][weak refs processing, 0.0000199 secs][class unloading, 0.0054188 secs][scrub symbol table, 0.0010990 secs][scrub string table, 0.0003567 secs][1 CMS-remark: 1211356K(1397184K)] 1279496K(2010624K), 0.0326986 secs] [Times: user=0.19 sys=0.00, real=0.03 secs] 
[CMS-concurrent-sweep-start]
[CMS-concurrent-sweep: 0.543/0.543 secs] [Times: user=1.09 sys=0.00, real=0.54 secs] 
[CMS-concurrent-reset-start]
[CMS-concurrent-reset: 0.003/0.003 secs] [Times: user=0.00 sys=0.00, real=0.00 secs] 
[GC (Allocation Failure) [ParNew: 613440K->26802K(613440K), 0.0282775 secs] 1298692K->774126K(2010624K), 0.0284379 secs] [Times: user=0.13 sys=0.00, real=0.03 secs] 
[GC (Allocation Failure) [ParNew: 572146K->68096K(613440K), 0.0530032 secs] 1319470K->857140K(2010624K), 0.0530500 secs] [Times: user=0.27 sys=0.00, real=0.05 secs] 
[GC (Allocation Failure) [ParNew: 613440K->26668K(613440K), 0.0276821 secs] 1402484K->877231K(2010624K), 0.0277321 secs] [Times: user=0.08 sys=0.00, real=0.03 secs] 
[GC (Allocation Failure) [ParNew (0: promotion failure size = 109)  (1: promotion failure size = 109)  (2: promotion failure size = 1237)  (3: promotion failure size = 109)  (4: promotion failure size = 109)  (5: promotion failure size = 109)  (6: promotion failure size = 109)  (7: promotion failure size = 109)  (promotion failed): 572012K->613440K(613440K), 0.3349289 secs][CMS: 885523K->750445K(1397184K), 1.8124609 secs] 1422575K->750445K(2010624K), [Metaspace: 9964K->9964K(10240K)], 2.1476247 secs] [Times: user=2.31 sys=0.00, real=2.15 secs] 

*** PauseDetector detected a 2148 ms pause at Fri Dec 19 16:59:47 EET 2014 ***

[GC (Allocation Failure) [ParNew: 545344K->27378K(613440K), 0.0068661 secs] 1295789K->777823K(2010624K), 0.0069136 secs] [Times: user=0.06 sys=0.00, real=0.01 secs] 
[Full GC (System.gc()) [CMS: 750445K->748120K(1397184K), 1.8439007 secs] 1108338K->748120K(2010624K), [Metaspace: 9964K->9964K(10240K)], 1.8441619 secs] [Times: user=1.86 sys=0.00, real=1.84 secs] 
[Full GC (System.gc()) [CMS: 748120K->748043K(1397184K), 1.5562078 secs] 748122K->748043K(2010624K), [Metaspace: 9964K->9964K(10240K)], 1.5564465 secs] [Times: user=1.54 sys=0.00, real=1.56 secs] 
[Full GC (System.gc()) [CMS: 748043K->748043K(1397184K), 1.5958290 secs] 748043K->748043K(2010624K), [Metaspace: 9964K->9964K(10240K)]
*** PauseDetector detected a 1846 ms pause at Fri Dec 19 16:59:51 EET 2014 ***

, 1.5960657 secs] [Times: user=1.61 sys=0.00, real=1.60 secs] 

*** PauseDetector detected a 3158 ms pause at Fri Dec 19 16:59:55 EET 2014 ***

[GC (Allocation Failure) [ParNew: 545344K->9467K(613440K), 0.0067154 secs] 1293387K->757510K(2010624K), 0.0067699 secs] [Times: user=0.00 sys=0.00, real=0.01 secs] 
[GC (Allocation Failure) [ParNew: 554811K->68096K(613440K), 0.1754960 secs] 1302854K->884873K(2010624K), 0.1755512 secs] [Times: user=0.69 sys=0.00, real=0.18 secs] 
[GC (Allocation Failure) [ParNew: 613440K->26351K(613440K), 0.0920405 secs] 1430217K->908151K(2010624K), 0.0921021 secs] [Times: user=0.36 sys=0.00, real=0.09 secs] 
[GC (Allocation Failure) [ParNew: 571695K->68096K(613440K), 0.1904229 secs] 1453495K->1006932K(2010624K), 0.1904691 secs] [Times: user=0.84 sys=0.00, real=0.19 secs] 
[GC (Allocation Failure) [ParNew: 613440K->34182K(613440K), 0.0697207 secs] 1552276K->1036745K(2010624K), 0.0697656 secs] [Times: user=0.23 sys=0.00, real=0.07 secs] 
[Full GC (System.gc()) [CMS: 1002562K->763820K(1397184K), 1.9742061 secs] 1517099K->763820K(2010624K), [Metaspace: 9964K->9964K(10240K)], 1.9744172 secs] [Times: user=1.97 sys=0.00, real=1.97 secs] 
[Full GC (System.gc()) [CMS: 763820K->763821K(1397184K), 1.6790022 secs] 763822K->763821K(2010624K), [Metaspace: 9964K->9964K(10240K)], 1.6791915 secs] [Times: user=1.68 sys=0.00, real=1.69 secs] 
[Full GC (System.gc()) [CMS: 763821K->763743K(1397184K), 2.0416498 secs] 774731K->763743K(2010624K), [Metaspace: 9964K->9964K(10240K)], 2.0419340 secs] [Times: user=2.04 sys=0.00, real=2.04 secs] 
********************************
********** ROUND   20 **********
********************************

*** PauseDetector detected a 1968 ms pause at Fri Dec 19 17:00:07 EET 2014 ***


*** PauseDetector detected a 3735 ms pause at Fri Dec 19 17:00:10 EET 2014 ***

[GC (Allocation Failure) [ParNew: 545344K->9232K(613440K), 0.0064279 secs] 1309087K->772975K(2010624K), 0.0064741 secs] [Times: user=0.00 sys=0.00, real=0.01 secs] 
[GC (Allocation Failure) [ParNew: 554576K->68096K(613440K), 0.1323853 secs] 1318319K->884129K(2010624K), 0.1324925 secs] [Times: user=0.69 sys=0.00, real=0.13 secs] 
[GC (Allocation Failure) [ParNew: 613440K->26475K(613440K), 0.0615464 secs] 1429473K->906935K(2010624K), 0.0616041 secs] [Times: user=0.20 sys=0.00, real=0.06 secs] 
[GC (Allocation Failure) [ParNew: 571819K->68096K(613440K), 0.1170465 secs] 1452279K->999083K(2010624K), 0.1171043 secs] [Times: user=0.66 sys=0.00, real=0.12 secs] 
[GC (Allocation Failure) [ParNew: 613440K->20125K(613440K), 0.0559204 secs] 1544427K->1013542K(2010624K), 0.0559653 secs] [Times: user=0.13 sys=0.00, real=0.06 secs] 
[GC (Allocation Failure) [ParNew: 565469K->68096K(613440K), 0.1171870 secs] 1558886K->1108009K(2010624K), 0.1172371 secs] [Times: user=0.45 sys=0.00, real=0.12 secs] 
[GC (Allocation Failure) [ParNew: 613440K->27381K(613440K), 0.0527889 secs] 1653353K->1130994K(2010624K), 0.0528376 secs] [Times: user=0.22 sys=0.00, real=0.05 secs] 
[GC (Allocation Failure) [ParNew: 572725K->68096K(613440K), 0.0984723 secs] 1676338K->1217519K(2010624K), 0.0985268 secs] [Times: user=0.44 sys=0.00, real=0.10 secs] 
[GC (Allocation Failure) [ParNew: 613440K->20569K(613440K), 0.0477807 secs] 1762863K->1233660K(2010624K), 0.0478288 secs] [Times: user=0.14 sys=0.00, real=0.05 secs] 
[GC (CMS Initial Mark) [1 CMS-initial-mark: 1213090K(1397184K)] 1233660K(2010624K), 0.0031854 secs] [Times: user=0.00 sys=0.00, real=0.00 secs] 
[CMS-concurrent-mark-start]
[CMS-concurrent-mark: 1.237/1.237 secs] [Times: user=4.10 sys=0.00, real=1.24 secs] 
[CMS-concurrent-preclean-start]
[CMS-concurrent-preclean: 0.170/0.182 secs] [Times: user=0.37 sys=0.00, real=0.18 secs] 
[CMS-concurrent-abortable-preclean-start]
[GC (Allocation Failure) [ParNew[CMS-concurrent-abortable-preclean: 0.042/0.266 secs] [Times: user=0.58 sys=0.00, real=0.27 secs] 
: 565913K->68096K(613440K), 0.0977441 secs] 1779004K->1326379K(2010624K), 0.0977948 secs] [Times: user=0.51 sys=0.00, real=0.10 secs] 
[GC (CMS Final Remark) [YG occupancy: 79008 K (613440 K)][Rescan (parallel) , 0.0523892 secs][weak refs processing, 0.0000423 secs][class unloading, 0.0054175 secs][scrub symbol table, 0.0011317 secs][scrub string table, 0.0003657 secs][1 CMS-remark: 1258283K(1397184K)] 1337292K(2010624K), 0.0602132 secs] [Times: user=0.44 sys=0.00, real=0.06 secs] 
[CMS-concurrent-sweep-start]
[CMS-concurrent-sweep: 0.745/0.745 secs] [Times: user=1.51 sys=0.01, real=0.75 secs] 
[CMS-concurrent-reset-start]
[CMS-concurrent-reset: 0.003/0.003 secs] [Times: user=0.00 sys=0.00, real=0.00 secs] 
[GC (Allocation Failure) [ParNew: 613440K->41135K(613440K), 0.0457213 secs] 1304760K->796003K(2010624K), 0.0457675 secs] [Times: user=0.14 sys=0.00, real=0.04 secs] 
[GC (Allocation Failure) [ParNew: 586479K->68096K(613440K), 0.0914874 secs] 1341347K->867772K(2010624K), 0.0915375 secs] [Times: user=0.34 sys=0.00, real=0.09 secs] 
[GC (Allocation Failure) [ParNew: 613440K->13685K(613440K), 0.0430895 secs] 1413116K->879182K(2010624K), 0.0431325 secs] [Times: user=0.14 sys=0.00, real=0.04 secs] 
[GC (Allocation Failure) [ParNew (0: promotion failure size = 2779)  (1: promotion failure size = 2779)  (2: promotion failure size = 2779)  (3: promotion failure size = 2779)  (4: promotion failure size = 2779)  (5: promotion failure size = 2779)  (6: promotion failure size = 2779)  (7: promotion failure size = 2779)  (promotion failed): 559029K->613440K(613440K), 0.2846846 secs][CMS: 908326K->753939K(1397184K), 1.9856229 secs] 1424526K->753939K(2010624K), [Metaspace: 9964K->9964K(10240K)], 2.2704473 secs] [Times: user=2.57 sys=0.00, real=2.27 secs] 

*** PauseDetector detected a 2271 ms pause at Fri Dec 19 17:00:35 EET 2014 ***

[GC (Allocation Failure) [ParNew: 545344K->34394K(613440K), 0.0065524 secs] 1299283K->788333K(2010624K), 0.0066063 secs] [Times: user=0.00 sys=0.00, real=0.01 secs] 
[GC (Allocation Failure) [ParNew: 579738K->68096K(613440K), 0.0747603 secs] 1333677K->865877K(2010624K), 0.0748572 secs] [Times: user=0.28 sys=0.00, real=0.07 secs] 
[GC (Allocation Failure) [ParNew: 613440K->34226K(613440K), 0.0388782 secs] 1411221K->896342K(2010624K), 0.0389276 secs] [Times: user=0.14 sys=0.00, real=0.04 secs] 
[GC (Allocation Failure) [ParNew: 579570K->68096K(613440K), 0.0749053 secs] 1441686K->975071K(2010624K), 0.0749547 secs] [Times: user=0.30 sys=0.00, real=0.08 secs] 
[GC (Allocation Failure) [ParNew: 613440K->26602K(613440K), 0.0353816 secs] 1520415K->995169K(2010624K), 0.0354297 secs] [Times: user=0.08 sys=0.00, real=0.03 secs] 
[GC (Allocation Failure) [ParNew: 571946K->68096K(613440K), 0.0703982 secs] 1540513K->1080839K(2010624K), 0.0704611 secs] [Times: user=0.27 sys=0.00, real=0.07 secs] 
[GC (Allocation Failure) [ParNew: 613440K->26732K(613440K), 0.0434873 secs] 1626183K->1101311K(2010624K), 0.0435373 secs] [Times: user=0.20 sys=0.00, real=0.04 secs] 
[GC (Allocation Failure) [ParNew: 572076K->68096K(613440K), 0.0711110 secs] 1646655K->1187805K(2010624K), 0.0711623 secs] [Times: user=0.26 sys=0.00, real=0.07 secs] 
[GC (Allocation Failure) [ParNew: 613440K->32928K(613440K), 0.0499133 secs] 1733149K->1213411K(2010624K), 0.0499608 secs] [Times: user=0.20 sys=0.00, real=0.04 secs] 
[GC (CMS Initial Mark) [1 CMS-initial-mark: 1180482K(1397184K)] 1224324K(2010624K), 0.0024900 secs] [Times: user=0.05 sys=0.00, real=0.01 secs] 
[CMS-concurrent-mark-start]
[CMS-concurrent-mark: 1.255/1.255 secs] [Times: user=4.10 sys=0.00, real=1.26 secs] 
[CMS-concurrent-preclean-start]
[CMS-concurrent-preclean: 0.111/0.118 secs] [Times: user=0.25 sys=0.00, real=0.12 secs] 
[CMS-concurrent-abortable-preclean-start]
[GC (Allocation Failure) [ParNew: 578272K->68096K(613440K), 0.0667951 secs] 1758755K->1292142K(2010624K), 0.0668535 secs] [Times: user=0.28 sys=0.00, real=0.07 secs] 
[CMS-concurrent-abortable-preclean: 0.804/1.375 secs] [Times: user=2.42 sys=0.00, real=1.38 secs] 
[GC (CMS Final Remark) [YG occupancy: 473811 K (613440 K)][Rescan (parallel) , 0.0980636 secs][weak refs processing, 0.0000192 secs][class unloading, 0.0064228 secs][scrub symbol table, 0.0011831 secs][scrub string table, 0.0004068 secs][1 CMS-remark: 1224046K(1397184K)] 1697858K(2010624K), 0.1069161 secs] [Times: user=0.44 sys=0.00, real=0.11 secs] 
[CMS-concurrent-sweep-start]
[GC (Allocation Failure) [ParNew: 613440K->33469K(613440K), 0.0348087 secs] 1837486K->1319572K(2010624K), 0.0348735 secs] [Times: user=0.09 sys=0.00, real=0.04 secs] 
[CMS-concurrent-sweep: 0.685/0.720 secs] [Times: user=1.70 sys=0.00, real=0.72 secs] 
[CMS-concurrent-reset-start]
[CMS-concurrent-reset: 0.003/0.003 secs] [Times: user=0.00 sys=0.00, real=0.00 secs] 
[GC (Allocation Failure) [ParNew: 578813K->68096K(613440K), 0.0689386 secs] 1329127K->860727K(2010624K), 0.0689855 secs] [Times: user=0.27 sys=0.00, real=0.07 secs] 
[GC (Allocation Failure) [ParNew: 613440K->40413K(613440K), 0.0375540 secs] 1406071K->895483K(2010624K), 0.0376406 secs] [Times: user=0.13 sys=0.00, real=0.04 secs] 
[GC (Allocation Failure) [ParNew: 585757K->68096K(613440K), 0.1050285 secs] 1440827K->964267K(2010624K), 0.1050773 secs] [Times: user=0.25 sys=0.00, real=0.10 secs] 
[GC (Allocation Failure) [ParNew (0: promotion failure size = 1854)  (1: promotion failure size = 1854)  (2: promotion failure size = 1854)  (3: promotion failure size = 1854)  (4: promotion failure size = 1854)  (5: promotion failure size = 1854)  (6: promotion failure size = 1854)  (7: promotion failure size = 1854)  (promotion failed): 613440K->572696K(613440K), 1.8024010 secs][CMS: 939722K->752884K(1397184K), 1.9291867 secs] 1509611K->752884K(2010624K), [Metaspace: 9964K->9964K(10240K)], 3.7317282 secs] [Times: user=3.95 sys=0.44, real=3.73 secs] 

*** PauseDetector detected a 3736 ms pause at Fri Dec 19 17:01:01 EET 2014 ***

[GC (Allocation Failure) [ParNew: 545344K->68096K(613440K), 0.0571824 secs] 1298228K->862847K(2010624K), 0.0572299 secs] [Times: user=0.28 sys=0.00, real=0.06 secs] 
[GC (Allocation Failure) [ParNew: 613440K->34070K(613440K), 0.0323945 secs] 1408191K->892389K(2010624K), 0.0324400 secs] [Times: user=0.13 sys=0.00, real=0.03 secs] 
[GC (Allocation Failure) [ParNew: 579414K->68096K(613440K), 0.0592733 secs] 1437733K->969195K(2010624K), 0.0593175 secs] [Times: user=0.22 sys=0.00, real=0.06 secs] 
[GC (Allocation Failure) [ParNew: 613440K->33348K(613440K), 0.0306147 secs] 1514539K->996185K(2010624K), 0.0306667 secs] [Times: user=0.16 sys=0.00, real=0.03 secs] 
[GC (Allocation Failure) [ParNew: 578692K->68096K(613440K), 0.0587722 secs] 1541529K->1074136K(2010624K), 0.0588332 secs] [Times: user=0.26 sys=0.00, real=0.06 secs] 
[GC (Allocation Failure) [ParNew: 613440K->33026K(613440K), 0.0385966 secs] 1619480K->1100117K(2010624K), 0.0386473 secs] [Times: user=0.13 sys=0.00, real=0.04 secs] 
[GC (Allocation Failure) [ParNew: 578370K->68096K(613440K), 0.0598032 secs] 1645461K->1177323K(2010624K), 0.0598526 secs] [Times: user=0.25 sys=0.00, real=0.06 secs] 
[GC (Allocation Failure) [ParNew: 613440K->33437K(613440K), 0.0296184 secs] 1722667K->1204629K(2010624K), 0.0296998 secs] [Times: user=0.16 sys=0.00, real=0.03 secs] 
[GC (CMS Initial Mark) [1 CMS-initial-mark: 1171192K(1397184K)] 1215540K(2010624K), 0.0023090 secs] [Times: user=0.00 sys=0.00, real=0.00 secs] 
[CMS-concurrent-mark-start]
[CMS-concurrent-mark: 1.213/1.213 secs] [Times: user=3.87 sys=0.00, real=1.21 secs] 
[CMS-concurrent-preclean-start]
[CMS-concurrent-preclean: 0.083/0.089 secs] [Times: user=0.19 sys=0.00, real=0.09 secs] 
[CMS-concurrent-abortable-preclean-start]
[GC (Allocation Failure) [ParNew[CMS-concurrent-abortable-preclean: 0.060/0.275 secs] [Times: user=0.42 sys=0.00, real=0.28 secs] 
: 578781K->68096K(613440K), 0.0564972 secs] 1749973K->1279907K(2010624K), 0.0565568 secs] [Times: user=0.31 sys=0.00, real=0.06 secs] 
[GC (CMS Final Remark) [YG occupancy: 79008 K (613440 K)][Rescan (parallel) , 0.0290903 secs][weak refs processing, 0.0000180 secs][class unloading, 0.0073653 secs][scrub symbol table, 0.0011382 secs][scrub string table, 0.0003516 secs][1 CMS-remark: 1211811K(1397184K)] 1290820K(2010624K), 0.0387833 secs] [Times: user=0.22 sys=0.00, real=0.04 secs] 
[CMS-concurrent-sweep-start]
[CMS-concurrent-sweep: 0.577/0.577 secs] [Times: user=1.18 sys=0.00, real=0.58 secs] 
[CMS-concurrent-reset-start]
[CMS-concurrent-reset: 0.003/0.003 secs] [Times: user=0.00 sys=0.00, real=0.00 secs] 
[GC (Allocation Failure) [ParNew: 613440K->47806K(613440K), 0.0301900 secs] 1298096K->795816K(2010624K), 0.0302612 secs] [Times: user=0.09 sys=0.00, real=0.03 secs] 
[GC (Allocation Failure) [ParNew: 593150K->68096K(613440K), 0.0561931 secs] 1341160K->859517K(2010624K), 0.0562367 secs] [Times: user=0.23 sys=0.00, real=0.06 secs] 
[GC (Allocation Failure) [ParNew: 613440K->45933K(613440K), 0.0289646 secs] 1404861K->897862K(2010624K), 0.0290101 secs] [Times: user=0.06 sys=0.00, real=0.03 secs] 
[GC (Allocation Failure) [ParNew: 591277K->68096K(613440K), 0.0718674 secs] 1443206K->959883K(2010624K), 0.0719110 secs] [Times: user=0.23 sys=0.00, real=0.07 secs] 
[GC (Allocation Failure) [ParNew (0: promotion failure size = 101)  (1: promotion failure size = 101)  (2: promotion failure size = 101)  (3: promotion failure size = 101)  (4: promotion failure size = 101)  (5: promotion failure size = 1237)  (6: promotion failure size = 101)  (7: promotion failure size = 101)  (promotion failed): 613440K->586305K(613440K), 1.8002402 secs][CMS: 919722K->751650K(1397184K), 1.7587161 secs] 1505227K->751650K(2010624K), [Metaspace: 9964K->9964K(10240K)], 3.5591289 secs] [Times: user=3.76 sys=0.36, real=3.56 secs] 

*** PauseDetector detected a 3558 ms pause at Fri Dec 19 17:01:25 EET 2014 ***

[GC (Allocation Failure) [ParNew: 545344K->68096K(613440K), 0.0514313 secs] 1296994K->863320K(2010624K), 0.0514820 secs] [Times: user=0.20 sys=0.00, real=0.05 secs] 
[GC (Allocation Failure) [ParNew: 613440K->26123K(613440K), 0.0378780 secs] 1408664K->881865K(2010624K), 0.0379345 secs] [Times: user=0.13 sys=0.00, real=0.04 secs] 
[GC (Allocation Failure) [ParNew: 571467K->68096K(613440K), 0.0519580 secs] 1427209K->966333K(2010624K), 0.0520023 secs] [Times: user=0.20 sys=0.00, real=0.05 secs] 
[GC (Allocation Failure) [ParNew: 613440K->19744K(613440K), 0.0281466 secs] 1511677K->978968K(2010624K), 0.0281921 secs] [Times: user=0.12 sys=0.00, real=0.03 secs] 
[GC (Allocation Failure) [ParNew: 565088K->68096K(613440K), 0.0522846 secs] 1524312K->1068587K(2010624K), 0.0523481 secs] [Times: user=0.19 sys=0.00, real=0.05 secs] 
[GC (Allocation Failure) [ParNew: 613440K->33446K(613440K), 0.0301348 secs] 1613931K->1095862K(2010624K), 0.0301855 secs] [Times: user=0.13 sys=0.00, real=0.03 secs] 
[GC (Allocation Failure) [ParNew: 578790K->68096K(613440K), 0.1671318 secs] 1641206K->1198145K(2010624K), 0.1671780 secs] [Times: user=0.69 sys=0.00, real=0.17 secs] 
[GC (Allocation Failure) [ParNew: 613440K->34081K(613440K), 0.0817682 secs] 1743489K->1228706K(2010624K), 0.0818292 secs] [Times: user=0.34 sys=0.00, real=0.08 secs] 
[GC (CMS Initial Mark) [1 CMS-initial-mark: 1194625K(1397184K)] 1239677K(2010624K), 0.0025676 secs] [Times: user=0.02 sys=0.00, real=0.01 secs] 
[CMS-concurrent-mark-start]
[CMS-concurrent-mark: 1.189/1.189 secs] [Times: user=4.37 sys=0.00, real=1.19 secs] 
[CMS-concurrent-preclean-start]
[Full GC (System.gc()) [CMS[CMS-concurrent-preclean: 0.356/0.364 secs] [Times: user=0.75 sys=0.00, real=0.36 secs] 
 (concurrent mode interrupted): 1194625K->763743K(1397184K), 1.9712574 secs] 1514754K->763743K(2010624K), [Metaspace: 9964K->9964K(10240K)]
*** PauseDetector detected a 1971 ms pause at Fri Dec 19 17:01:41 EET 2014 ***

, 1.9715269 secs] [Times: user=1.97 sys=0.00, real=1.97 secs] 
[Full GC (System.gc()) [CMS: 763743K->763751K(1397184K), 1.7935197 secs] 774623K->763751K(2010624K), [Metaspace: 9964K->9964K(10240K)], 1.7937179 secs] [Times: user=1.79 sys=0.00, real=1.79 secs] 
[Full GC (System.gc()) [CMS: 763751K->763751K(1397184K), 1.6021421 secs] 763753K->763751K(2010624K), [Metaspace: 9964K->9964K(10240K)]
*** PauseDetector detected a 3395 ms pause at Fri Dec 19 17:01:44 EET 2014 ***

, 1.6023269 secs] [Times: user=1.61 sys=0.00, real=1.60 secs] 
[GC (Allocation Failure) [ParNew: 545344K->7356K(613440K), 0.0070548 secs] 1309095K->771108K(2010624K), 0.0070978 secs] [Times: user=0.00 sys=0.00, real=0.01 secs] 
[GC (Allocation Failure) [ParNew: 552700K->68096K(613440K), 0.1502442 secs] 1316452K->888595K(2010624K), 0.1503026 secs] [Times: user=0.78 sys=0.00, real=0.15 secs] 
[GC (Allocation Failure) [ParNew: 613440K->26520K(613440K), 0.0682085 secs] 1433939K->911640K(2010624K), 0.0682675 secs] [Times: user=0.20 sys=0.00, real=0.07 secs] 
[GC (Allocation Failure) [ParNew: 571864K->68096K(613440K), 0.1625272 secs] 1456984K->1006414K(2010624K), 0.1625888 secs] [Times: user=0.67 sys=0.00, real=0.16 secs] 
[GC (Allocation Failure) [ParNew: 613440K->19719K(613440K), 0.0685877 secs] 1551758K->1018930K(2010624K), 0.0686505 secs] [Times: user=0.22 sys=0.00, real=0.07 secs] 
[GC (Allocation Failure) [ParNew: 565063K->68096K(613440K), 0.1301989 secs] 1564274K->1116328K(2010624K), 0.1302540 secs] [Times: user=0.51 sys=0.00, real=0.12 secs] 
[Full GC (System.gc()) [CMS: 1048232K->759417K(1397184K), 1.8616628 secs] 1127284K->759417K(2010624K), [Metaspace: 9964K->9964K(10240K)], 1.8619983 secs] [Times: user=1.87 sys=0.00, real=1.86 secs] 
[Full GC (System.gc()) [CMS: 759417K->755072K(1397184K), 1.4162737 secs] 770371K->755072K(2010624K), [Metaspace: 9964K->9964K(10240K)], 1.4164418 secs] [Times: user=1.40 sys=0.00, real=1.42 secs] 
[Full GC (System.gc()) [CMS: 755072K->755142K(1397184K), 1.4723635 secs] 766027K->755142K(2010624K), [Metaspace: 9964K->9964K(10240K)]
*** PauseDetector detected a 3278 ms pause at Fri Dec 19 17:01:58 EET 2014 ***

, 1.4725373 secs] [Times: user=1.48 sys=0.00, real=1.47 secs] 
********************************
********** ROUND   21 **********
********************************

*** PauseDetector detected a 1480 ms pause at Fri Dec 19 17:01:59 EET 2014 ***

[GC (Allocation Failure) [ParNew: 545344K->68096K(613440K), 0.1039237 secs] 1300486K->871111K(2010624K), 0.1039738 secs] [Times: user=0.48 sys=0.00, real=0.10 secs] 
[GC (Allocation Failure) [ParNew: 613440K->32375K(613440K), 0.0506576 secs] 1416455K->900066K(2010624K), 0.0507608 secs] [Times: user=0.14 sys=0.00, real=0.05 secs] 
[GC (Allocation Failure) [ParNew: 577719K->68096K(613440K), 0.1061622 secs] 1445410K->983027K(2010624K), 0.1062129 secs] [Times: user=0.42 sys=0.00, real=0.11 secs] 
[GC (Allocation Failure) [ParNew: 613440K->27192K(613440K), 0.0499858 secs] 1528371K->1004660K(2010624K), 0.0501475 secs] [Times: user=0.20 sys=0.00, real=0.05 secs] 
[GC (Allocation Failure) [ParNew: 572536K->68096K(613440K), 0.0959336 secs] 1550004K->1090815K(2010624K), 0.0959798 secs] [Times: user=0.40 sys=0.00, real=0.09 secs] 
[GC (Allocation Failure) [ParNew: 613440K->27405K(613440K), 0.0510540 secs] 1636159K->1113625K(2010624K), 0.0511041 secs] [Times: user=0.14 sys=0.00, real=0.05 secs] 
[GC (Allocation Failure) [ParNew: 572749K->68096K(613440K), 0.0879607 secs] 1658969K->1199487K(2010624K), 0.0880082 secs] [Times: user=0.36 sys=0.00, real=0.08 secs] 
[GC (Allocation Failure) [ParNew: 613440K->34093K(613440K), 0.0410480 secs] 1744831K->1228642K(2010624K), 0.0410987 secs] [Times: user=0.14 sys=0.00, real=0.04 secs] 
[GC (CMS Initial Mark) [1 CMS-initial-mark: 1194549K(1397184K)] 1239670K(2010624K), 0.0030796 secs] [Times: user=0.00 sys=0.00, real=0.00 secs] 
[CMS-concurrent-mark-start]
[CMS-concurrent-mark: 1.143/1.143 secs] [Times: user=3.74 sys=0.00, real=1.15 secs] 
[CMS-concurrent-preclean-start]
[CMS-concurrent-preclean: 0.118/0.126 secs] [Times: user=0.25 sys=0.00, real=0.13 secs] 
[CMS-concurrent-abortable-preclean-start]
[GC (Allocation Failure) [ParNew[CMS-concurrent-abortable-preclean: 0.099/0.625 secs] [Times: user=1.06 sys=0.00, real=0.63 secs] 
: 579437K->68096K(613440K), 0.0836108 secs] 1773986K->1306509K(2010624K), 0.0836615 secs] [Times: user=0.42 sys=0.00, real=0.08 secs] 
[GC (CMS Final Remark) [YG occupancy: 79051 K (613440 K)][Rescan (parallel) , 0.0472084 secs][weak refs processing, 0.0000154 secs][class unloading, 0.0049344 secs][scrub symbol table, 0.0010624 secs][scrub string table, 0.0003516 secs][1 CMS-remark: 1238413K(1397184K)] 1317465K(2010624K), 0.0543319 secs] [Times: user=0.38 sys=0.00, real=0.05 secs] 
[CMS-concurrent-sweep-start]
[CMS-concurrent-sweep: 0.750/0.750 secs] [Times: user=1.48 sys=0.00, real=0.76 secs] 
[CMS-concurrent-reset-start]
[CMS-concurrent-reset: 0.003/0.003 secs] [Times: user=0.03 sys=0.00, real=0.00 secs] 
[GC (Allocation Failure) [ParNew: 613440K->27162K(613440K), 0.0384990 secs] 1302803K->779685K(2010624K), 0.0387159 secs] [Times: user=0.08 sys=0.00, real=0.03 secs] 
[GC (Allocation Failure) [ParNew: 572506K->68096K(613440K), 0.0792423 secs] 1325029K->864894K(2010624K), 0.0792892 secs] [Times: user=0.34 sys=0.00, real=0.08 secs] 
[GC (Allocation Failure) [ParNew: 613440K->20196K(613440K), 0.0407510 secs] 1410238K->879238K(2010624K), 0.0407972 secs] [Times: user=0.13 sys=0.00, real=0.03 secs] 
[GC (Allocation Failure) [ParNew (0: promotion failure size = 2779)  (1: promotion failure size = 2779)  (3: promotion failure size = 2779)  (4: promotion failure size = 2779)  (5: promotion failure size = 2779)  (6: promotion failure size = 2779)  (7: promotion failure size = 2779)  (promotion failed): 565540K->613440K(613440K), 0.2515273 secs][CMS: 901519K->753366K(1397184K), 2.1157653 secs] 1424582K->753366K(2010624K), [Metaspace: 9964K->9964K(10240K)], 2.3673503 secs]
*** PauseDetector detected a 2362 ms pause at Fri Dec 19 17:02:22 EET 2014 ***

 [Times: user=2.64 sys=0.00, real=2.36 secs] 
[GC (Allocation Failure) [ParNew: 545344K->20547K(613440K), 0.0087588 secs] 1298710K->773914K(2010624K), 0.0088076 secs] [Times: user=0.05 sys=0.00, real=0.01 secs] 
[GC (Allocation Failure) [ParNew: 565891K->68096K(613440K), 0.0680064 secs] 1319258K->864800K(2010624K), 0.0680552 secs] [Times: user=0.28 sys=0.00, real=0.07 secs] 
[GC (Allocation Failure) [ParNew: 613440K->20522K(613440K), 0.0350467 secs] 1410144K->881178K(2010624K), 0.0352039 secs] [Times: user=0.13 sys=0.00, real=0.03 secs] 
[GC (Allocation Failure) [ParNew: 565866K->68096K(613440K), 0.0628103 secs] 1426522K->971847K(2010624K), 0.0628622 secs] [Times: user=0.33 sys=0.00, real=0.06 secs] 
[GC (Allocation Failure) [ParNew: 613440K->27180K(613440K), 0.0414015 secs] 1517191K->994054K(2010624K), 0.0414477 secs] [Times: user=0.13 sys=0.00, real=0.04 secs] 
[GC (Allocation Failure) [ParNew: 572524K->68096K(613440K), 0.0631792 secs] 1539398K->1078496K(2010624K), 0.0632312 secs] [Times: user=0.30 sys=0.00, real=0.06 secs] 
[GC (Allocation Failure) [ParNew: 613440K->20203K(613440K), 0.0409749 secs] 1623840K->1092837K(2010624K), 0.0410236 secs] [Times: user=0.09 sys=0.00, real=0.04 secs] 
[GC (Allocation Failure) [ParNew: 565547K->68096K(613440K), 0.0610453 secs] 1638181K->1183133K(2010624K), 0.0610973 secs] [Times: user=0.27 sys=0.00, real=0.06 secs] 
[GC (Allocation Failure) [ParNew: 613440K->20212K(613440K), 0.0325690 secs] 1728477K->1197519K(2010624K), 0.0326164 secs] [Times: user=0.08 sys=0.00, real=0.03 secs] 
[GC (CMS Initial Mark) [1 CMS-initial-mark: 1177306K(1397184K)] 1208540K(2010624K), 0.0045719 secs] [Times: user=0.02 sys=0.00, real=0.01 secs] 
[CMS-concurrent-mark-start]
[CMS-concurrent-mark: 1.159/1.159 secs] [Times: user=3.63 sys=0.00, real=1.16 secs] 
[CMS-concurrent-preclean-start]
[CMS-concurrent-preclean: 0.085/0.090 secs] [Times: user=0.19 sys=0.00, real=0.09 secs] 
[CMS-concurrent-abortable-preclean-start]
[GC (Allocation Failure) [ParNew: 565556K->68096K(613440K), 0.0652021 secs] 1742863K->1288740K(2010624K), 0.0652528 secs] [Times: user=0.20 sys=0.00, real=0.07 secs] 
[CMS-concurrent-abortable-preclean: 0.725/1.405 secs] [Times: user=2.26 sys=0.00, real=1.41 secs] 
[GC (CMS Final Remark) [YG occupancy: 431607 K (613440 K)][Rescan (parallel) , 0.0909055 secs][weak refs processing, 0.0000167 secs][class unloading, 0.0052628 secs][scrub symbol table, 0.0010939 secs][scrub string table, 0.0003522 secs][1 CMS-remark: 1220644K(1397184K)] 1652251K(2010624K), 0.0984056 secs] [Times: user=0.42 sys=0.00, real=0.10 secs] 
[CMS-concurrent-sweep-start]
[GC (Allocation Failure) [ParNew: 613440K->39840K(613440K), 0.0310266 secs] 1764853K->1252498K(2010624K), 0.0311472 secs] [Times: user=0.16 sys=0.00, real=0.02 secs] 
[CMS-concurrent-sweep: 0.575/0.606 secs] [Times: user=1.36 sys=0.00, real=0.61 secs] 
[CMS-concurrent-reset-start]
[CMS-concurrent-reset: 0.003/0.003 secs] [Times: user=0.00 sys=0.00, real=0.00 secs] 
[GC (Allocation Failure) [ParNew: 585184K->68096K(613440K), 0.0654497 secs] 1334332K->860693K(2010624K), 0.0654998 secs] [Times: user=0.23 sys=0.00, real=0.07 secs] 
[GC (Allocation Failure) [ParNew: 613440K->39573K(613440K), 0.0315546 secs] 1406037K->893158K(2010624K), 0.0316060 secs] [Times: user=0.06 sys=0.00, real=0.03 secs] 
[GC (Allocation Failure) [ParNew: 584917K->68096K(613440K), 0.0715165 secs] 1438502K->962524K(2010624K), 0.0716364 secs] [Times: user=0.22 sys=0.00, real=0.06 secs] 
[GC (Allocation Failure) [ParNew (0: promotion failure size = 1854)  (1: promotion failure size = 1854)  (2: promotion failure size = 1854)  (3: promotion failure size = 1854)  (4: promotion failure size = 1854)  (5: promotion failure size = 1854)  (6: promotion failure size = 1854)  (7: promotion failure size = 1854)  (promotion failed): 613440K->586320K(613440K), 1.3293594 secs][CMS: 945645K->752606K(1397184K), 2.0596929 secs] 1507868K->752606K(2010624K), [Metaspace: 9964K->9964K(10240K)], 3.3891184 secs] [Times: user=3.46 sys=0.25, real=3.39 secs] 

*** PauseDetector detected a 3389 ms pause at Fri Dec 19 17:02:48 EET 2014 ***

[GC (Allocation Failure) [ParNew: 545344K->68096K(613440K), 0.0564612 secs] 1297950K->862659K(2010624K), 0.0565459 secs] [Times: user=0.19 sys=0.00, real=0.06 secs] 
[GC (Allocation Failure) [ParNew: 613440K->27093K(613440K), 0.0306539 secs] 1408003K->884791K(2010624K), 0.0308033 secs] [Times: user=0.06 sys=0.00, real=0.03 secs] 
[GC (Allocation Failure) [ParNew: 572437K->68096K(613440K), 0.0559076 secs] 1430135K->966875K(2010624K), 0.0559576 secs] [Times: user=0.20 sys=0.00, real=0.06 secs] 
[GC (Allocation Failure) [ParNew: 613440K->13620K(613440K), 0.0305493 secs] 1512219K->975761K(2010624K), 0.0306000 secs] [Times: user=0.12 sys=0.00, real=0.03 secs] 
[GC (Allocation Failure) [ParNew: 558964K->68096K(613440K), 0.0555226 secs] 1521105K->1072556K(2010624K), 0.0555688 secs] [Times: user=0.19 sys=0.00, real=0.05 secs] 
[GC (Allocation Failure) [ParNew: 613440K->26864K(613440K), 0.0312948 secs] 1617900K->1093138K(2010624K), 0.0313403 secs] [Times: user=0.12 sys=0.00, real=0.03 secs] 
[GC (Allocation Failure) [ParNew: 572208K->68096K(613440K), 0.0545545 secs] 1638482K->1175211K(2010624K), 0.0546084 secs] [Times: user=0.20 sys=0.00, real=0.06 secs] 
[GC (Allocation Failure) [ParNew: 613440K->27243K(613440K), 0.0298025 secs] 1720555K->1197397K(2010624K), 0.0298615 secs] [Times: user=0.14 sys=0.00, real=0.03 secs] 
[GC (CMS Initial Mark) [1 CMS-initial-mark: 1170154K(1397184K)] 1208353K(2010624K), 0.0033073 secs] [Times: user=0.00 sys=0.00, real=0.00 secs] 
[CMS-concurrent-mark-start]
[CMS-concurrent-mark: 1.246/1.246 secs] [Times: user=3.98 sys=0.00, real=1.25 secs] 
[CMS-concurrent-preclean-start]
[CMS-concurrent-preclean: 0.074/0.079 secs] [Times: user=0.17 sys=0.00, real=0.08 secs] 
[CMS-concurrent-abortable-preclean-start]
[GC (Allocation Failure) [ParNew[CMS-concurrent-abortable-preclean: 0.061/0.396 secs] [Times: user=0.61 sys=0.00, real=0.41 secs] 
: 572587K->68096K(613440K), 0.0562938 secs] 1742741K->1280387K(2010624K), 0.0563445 secs] [Times: user=0.20 sys=0.00, real=0.06 secs] 
[GC (CMS Final Remark) [YG occupancy: 79051 K (613440 K)][Rescan (parallel) , 0.0252807 secs][weak refs processing, 0.0000154 secs][class unloading, 0.0052628 secs][scrub symbol table, 0.0012491 secs][scrub string table, 0.0003503 secs][1 CMS-remark: 1212291K(1397184K)] 1291343K(2010624K), 0.0329321 secs] [Times: user=0.09 sys=0.00, real=0.03 secs] 
[CMS-concurrent-sweep-start]
[CMS-concurrent-sweep: 0.518/0.518 secs] [Times: user=1.03 sys=0.00, real=0.52 secs] 
[CMS-concurrent-reset-start]
[CMS-concurrent-reset: 0.003/0.003 secs] [Times: user=0.00 sys=0.00, real=0.00 secs] 
[GC (Allocation Failure) [ParNew: 613440K->19940K(613440K), 0.0283256 secs] 1299655K->767328K(2010624K), 0.0284892 secs] [Times: user=0.11 sys=0.00, real=0.02 secs] 
[GC (Allocation Failure) [ParNew: 565284K->68096K(613440K), 0.0548541 secs] 1312672K->856881K(2010624K), 0.0549061 secs] [Times: user=0.22 sys=0.00, real=0.05 secs] 
[GC (Allocation Failure) [ParNew: 613440K->26785K(613440K), 0.0284276 secs] 1402225K->877470K(2010624K), 0.0284770 secs] [Times: user=0.08 sys=0.00, real=0.03 secs] 
[GC (Allocation Failure) [ParNew: 572129K->68096K(613440K), 0.0624561 secs] 1422814K->958570K(2010624K), 0.0625100 secs] [Times: user=0.20 sys=0.00, real=0.06 secs] 
[GC (Allocation Failure) [ParNew (0: promotion failure size = 109)  (1: promotion failure size = 109)  (2: promotion failure size = 109)  (3: promotion failure size = 109)  (4: promotion failure size = 1237)  (5: promotion failure size = 109)  (6: promotion failure size = 109)  (7: promotion failure size = 109)  (promotion failed): 613440K->572729K(613440K), 2.6898000 secs][CMS: 913650K->751553K(1397184K), 1.8747188 secs] 1503914K->751553K(2010624K), [Metaspace: 9964K->9964K(10240K)], 4.5645862 secs] [Times: user=4.60 sys=0.44, real=4.56 secs] 

*** PauseDetector detected a 4562 ms pause at Fri Dec 19 17:03:13 EET 2014 ***

[GC (Allocation Failure) [ParNew: 545344K->68096K(613440K), 0.0507904 secs] 1296897K->860605K(2010624K), 0.0508398 secs] [Times: user=0.19 sys=0.00, real=0.05 secs] 
[GC (Allocation Failure) [ParNew: 613440K->33865K(613440K), 0.0277944 secs] 1405949K->889166K(2010624K), 0.0278425 secs] [Times: user=0.08 sys=0.00, real=0.03 secs] 
[GC (Allocation Failure) [ParNew: 579209K->68096K(613440K), 0.1675751 secs] 1434510K->991618K(2010624K), 0.1676265 secs] [Times: user=0.70 sys=0.00, real=0.17 secs] 
[GC (Allocation Failure) [ParNew: 613440K->27308K(613440K), 0.0794938 secs] 1536962K->1015263K(2010624K), 0.0795464 secs] [Times: user=0.28 sys=0.00, real=0.08 secs] 
[GC (Allocation Failure) [ParNew: 572652K->68096K(613440K), 0.1892912 secs] 1560607K->1112933K(2010624K), 0.1893592 secs] [Times: user=0.90 sys=0.00, real=0.19 secs] 
[Full GC (System.gc()) [CMS: 1044837K->767703K(1397184K), 1.8060696 secs] 1630666K->767703K(2010624K), [Metaspace: 9964K->9964K(10240K)], 1.8062794 secs] [Times: user=1.79 sys=0.00, real=1.80 secs] 
[Full GC (System.gc()) [CMS: 767703K->767627K(1397184K), 1.8559258 secs] 778621K->767627K(2010624K), [Metaspace: 9964K->9964K(10240K)], 1.8561414 secs] [Times: user=1.86 sys=0.00, real=1.86 secs] 
[Full GC (System.gc()) [CMS: 767627K->767627K(1397184K), 1.5395390 secs] 767627K->767627K(2010624K), [Metaspace: 9964K->9964K(10240K)]
*** PauseDetector detected a 1803 ms pause at Fri Dec 19 17:03:25 EET 2014 ***

, 1.5397392 secs] [Times: user=1.54 sys=0.00, real=1.54 secs] 

*** PauseDetector detected a 3405 ms pause at Fri Dec 19 17:03:28 EET 2014 ***

[GC (Allocation Failure) [ParNew: 545344K->68096K(613440K), 0.1621519 secs] 1312971K->892418K(2010624K), 0.1622128 secs] [Times: user=0.76 sys=0.00, real=0.16 secs] 
[GC (Allocation Failure) [ParNew: 613440K->40469K(613440K), 0.0734803 secs] 1437762K->929802K(2010624K), 0.0735426 secs] [Times: user=0.30 sys=0.00, real=0.07 secs] 
[GC (Allocation Failure) [ParNew: 585813K->68096K(613440K), 0.1392528 secs] 1475146K->1007933K(2010624K), 0.1393009 secs] [Times: user=0.58 sys=0.00, real=0.13 secs] 
[GC (Allocation Failure) [ParNew: 613440K->13813K(613440K), 0.0735086 secs] 1553277K->1017058K(2010624K), 0.0735702 secs] [Times: user=0.25 sys=0.00, real=0.07 secs] 
[GC (Allocation Failure) [ParNew: 559157K->68096K(613440K), 0.1357049 secs] 1562402K->1120444K(2010624K), 0.1357716 secs] [Times: user=0.61 sys=0.00, real=0.14 secs] 
[GC (Allocation Failure) [ParNew: 613440K->20629K(613440K), 0.0714177 secs] 1665788K->1136437K(2010624K), 0.0715665 secs] [Times: user=0.28 sys=0.00, real=0.07 secs] 
[Full GC (System.gc()) [CMS: 1115808K->760746K(1397184K), 1.9601023 secs] 1147356K->760746K(2010624K), [Metaspace: 9964K->9964K(10240K)], 1.9603442 secs] [Times: user=1.97 sys=0.00, real=1.96 secs] 
[Full GC (System.gc()) [CMS: 760746K->760746K(1397184K), 1.5343294 secs] 760746K->760746K(2010624K), [Metaspace: 9964K->9964K(10240K)], 1.5346701 secs] [Times: user=1.53 sys=0.00, real=1.54 secs] 
[Full GC (System.gc()) [CMS: 760746K->755046K(1397184K), 1.4739841 secs] 771661K->755046K(2010624K), [Metaspace: 9964K->9964K(10240K)]
*** PauseDetector detected a 4971 ms pause at Fri Dec 19 17:03:43 EET 2014 ***

, 1.4743241 secs] [Times: user=1.48 sys=0.00, real=1.47 secs] 
********************************
********** ROUND   22 **********
********************************
[GC (Allocation Failure) [ParNew: 545344K->68096K(613440K), 0.1090063 secs] 1300390K->872950K(2010624K), 0.1090538 secs] [Times: user=0.45 sys=0.00, real=0.10 secs] 
[GC (Allocation Failure) [ParNew: 613440K->20037K(613440K), 0.0557998 secs] 1418294K->887458K(2010624K), 0.0558492 secs] [Times: user=0.16 sys=0.00, real=0.05 secs] 
[GC (Allocation Failure) [ParNew: 565381K->68096K(613440K), 0.1084738 secs] 1432802K->983370K(2010624K), 0.1085264 secs] [Times: user=0.39 sys=0.00, real=0.11 secs] 
[GC (Allocation Failure) [ParNew: 613440K->20040K(613440K), 0.0457328 secs] 1528714K->997366K(2010624K), 0.0457829 secs] [Times: user=0.14 sys=0.00, real=0.05 secs] 
[GC (Allocation Failure) [ParNew: 565384K->68096K(613440K), 0.0939607 secs] 1542710K->1093772K(2010624K), 0.0940095 secs] [Times: user=0.37 sys=0.00, real=0.09 secs] 
[GC (Allocation Failure) [ParNew: 613440K->19686K(613440K), 0.0406515 secs] 1639116K->1105893K(2010624K), 0.0407478 secs] [Times: user=0.11 sys=0.00, real=0.04 secs] 
[GC (Allocation Failure) [ParNew: 565030K->68096K(613440K), 0.0888576 secs] 1651237K->1200299K(2010624K), 0.0889051 secs] [Times: user=0.36 sys=0.00, real=0.09 secs] 
[GC (Allocation Failure) [ParNew: 613440K->26898K(613440K), 0.0400722 secs] 1745643K->1221525K(2010624K), 0.0401190 secs] [Times: user=0.13 sys=0.00, real=0.03 secs] 
[GC (CMS Initial Mark) [1 CMS-initial-mark: 1194627K(1397184K)] 1232516K(2010624K), 0.0041420 secs] [Times: user=0.02 sys=0.00, real=0.01 secs] 
[CMS-concurrent-mark-start]
[CMS-concurrent-mark: 1.174/1.174 secs] [Times: user=3.82 sys=0.00, real=1.18 secs] 
[CMS-concurrent-preclean-start]
[CMS-concurrent-preclean: 0.143/0.151 secs] [Times: user=0.30 sys=0.00, real=0.15 secs] 
[CMS-concurrent-abortable-preclean-start]
[GC (Allocation Failure) [ParNew: 572242K->68096K(613440K), 0.0819581 secs] 1766869K->1306901K(2010624K), 0.0820075 secs] [Times: user=0.42 sys=0.00, real=0.08 secs] 
[CMS-concurrent-abortable-preclean: 0.785/1.372 secs] [Times: user=2.53 sys=0.00, real=1.37 secs] 
[GC (CMS Final Remark) [YG occupancy: 419785 K (613440 K)][Rescan (parallel) , 0.0828082 secs][weak refs processing, 0.0000212 secs][class unloading, 0.0051480 secs][scrub symbol table, 0.0013050 secs][scrub string table, 0.0003509 secs][1 CMS-remark: 1238805K(1397184K)] 1658590K(2010624K), 0.0904250 secs] [Times: user=0.39 sys=0.00, real=0.09 secs] 
[CMS-concurrent-sweep-start]
[GC (Allocation Failure) [ParNew: 613440K->47278K(613440K), 0.0409967 secs] 1834456K->1333129K(2010624K), 0.0410435 secs] [Times: user=0.17 sys=0.00, real=0.04 secs] 
[CMS-concurrent-sweep: 0.787/0.829 secs] [Times: user=1.97 sys=0.00, real=0.83 secs] 
[CMS-concurrent-reset-start]
[CMS-concurrent-reset: 0.003/0.003 secs] [Times: user=0.00 sys=0.00, real=0.00 secs] 
[GC (Allocation Failure) [ParNew: 592622K->68096K(613440K), 0.0770911 secs] 1347307K->865806K(2010624K), 0.0771373 secs] [Times: user=0.30 sys=0.00, real=0.08 secs] 
[GC (Allocation Failure) [ParNew: 613440K->27353K(613440K), 0.0364993 secs] 1411150K->888526K(2010624K), 0.0366532 secs] [Times: user=0.11 sys=0.00, real=0.04 secs] 
[GC (Allocation Failure) [ParNew (0: promotion failure size = 2779)  (1: promotion failure size = 2779)  (2: promotion failure size = 2779)  (3: promotion failure size = 2779)  (4: promotion failure size = 2779)  (5: promotion failure size = 2779)  (6: promotion failure size = 2779)  (7: promotion failure size = 2779)  (promotion failed): 572697K->613440K(613440K), 0.2470998 secs][CMS: 903648K->753354K(1397184K), 1.8536585 secs] 1433870K->753354K(2010624K), [Metaspace: 9964K->9964K(10240K)], 2.1008910 secs] [Times: user=2.31 sys=0.00, real=2.10 secs] 

*** PauseDetector detected a 2098 ms pause at Fri Dec 19 17:04:06 EET 2014 ***

[GC (Allocation Failure) [ParNew: 545344K->27412K(613440K), 0.0070522 secs] 1298698K->780767K(2010624K), 0.0071715 secs] [Times: user=0.02 sys=0.00, real=0.01 secs] 
[GC (Allocation Failure) [ParNew: 572756K->68096K(613440K), 0.0668811 secs] 1326111K->866821K(2010624K), 0.0669266 secs] [Times: user=0.30 sys=0.00, real=0.07 secs] 
[GC (Allocation Failure) [ParNew: 613440K->19952K(613440K), 0.0340664 secs] 1412165K->880821K(2010624K), 0.0341921 secs] [Times: user=0.11 sys=0.00, real=0.03 secs] 
[GC (Allocation Failure) [ParNew: 565296K->68096K(613440K), 0.0701236 secs] 1426165K->972092K(2010624K), 0.0701775 secs] [Times: user=0.28 sys=0.00, real=0.07 secs] 
[GC (Allocation Failure) [ParNew: 613440K->40611K(613440K), 0.0458226 secs] 1517436K->1007757K(2010624K), 0.0458752 secs] [Times: user=0.19 sys=0.00, real=0.04 secs] 
[GC (Allocation Failure) [ParNew: 585955K->68096K(613440K), 0.0643943 secs] 1553101K->1079927K(2010624K), 0.0644457 secs] [Times: user=0.28 sys=0.00, real=0.07 secs] 
[GC (Allocation Failure) [ParNew: 613440K->19796K(613440K), 0.0330970 secs] 1625271K->1092523K(2010624K), 0.0331592 secs] [Times: user=0.17 sys=0.00, real=0.03 secs] 
[GC (Allocation Failure) [ParNew: 565140K->68096K(613440K), 0.0642173 secs] 1637867K->1183435K(2010624K), 0.0642654 secs] [Times: user=0.28 sys=0.00, real=0.06 secs] 
[GC (Allocation Failure) [ParNew: 613440K->26840K(613440K), 0.0341357 secs] 1728779K->1204304K(2010624K), 0.0341832 secs] [Times: user=0.16 sys=0.00, real=0.03 secs] 
[GC (CMS Initial Mark) [1 CMS-initial-mark: 1177464K(1397184K)] 1204370K(2010624K), 0.0032432 secs] [Times: user=0.00 sys=0.00, real=0.00 secs] 
[CMS-concurrent-mark-start]
[CMS-concurrent-mark: 1.372/1.372 secs] [Times: user=4.43 sys=0.00, real=1.37 secs] 
[CMS-concurrent-preclean-start]
[CMS-concurrent-preclean: 0.096/0.102 secs] [Times: user=0.22 sys=0.00, real=0.10 secs] 
[CMS-concurrent-abortable-preclean-start]
[GC (Allocation Failure) [ParNew[CMS-concurrent-abortable-preclean: 0.021/0.138 secs] [Times: user=0.31 sys=0.00, real=0.14 secs] 
: 572184K->68096K(613440K), 0.0624863 secs] 1749648K->1287311K(2010624K), 0.0625350 secs] [Times: user=0.31 sys=0.00, real=0.06 secs] 
[GC (CMS Final Remark) [YG occupancy: 79014 K (613440 K)][Rescan (parallel) , 0.0297807 secs][weak refs processing, 0.0000160 secs][class unloading, 0.0053899 secs][scrub symbol table, 0.0011542 secs][scrub string table, 0.0003766 secs][1 CMS-remark: 1219215K(1397184K)] 1298230K(2010624K), 0.0375085 secs] [Times: user=0.14 sys=0.00, real=0.04 secs] 
[CMS-concurrent-sweep-start]
[CMS-concurrent-sweep: 0.664/0.664 secs] [Times: user=1.36 sys=0.00, real=0.66 secs] 
[CMS-concurrent-reset-start]
[CMS-concurrent-reset: 0.003/0.003 secs] [Times: user=0.00 sys=0.00, real=0.00 secs] 
[GC (Allocation Failure) [ParNew: 613440K->40725K(613440K), 0.0503329 secs] 1299926K->790084K(2010624K), 0.0503797 secs] [Times: user=0.14 sys=0.00, real=0.05 secs] 
[GC (Allocation Failure) [ParNew: 586069K->68096K(613440K), 0.0643026 secs] 1335428K->858643K(2010624K), 0.0643481 secs] [Times: user=0.27 sys=0.00, real=0.07 secs] 
[GC (Allocation Failure) [ParNew: 613440K->40893K(613440K), 0.0330476 secs] 1403987K->894628K(2010624K), 0.0330976 secs] [Times: user=0.17 sys=0.00, real=0.03 secs] 
[GC (Allocation Failure) [ParNew: 586237K->68096K(613440K), 0.0803170 secs] 1439972K->962624K(2010624K), 0.0803651 secs] [Times: user=0.22 sys=0.00, real=0.07 secs] 
[GC (Allocation Failure) [ParNew (0: promotion failure size = 1854)  (1: promotion failure size = 1854)  (2: promotion failure size = 1854)  (3: promotion failure size = 1854)  (4: promotion failure size = 1854)  (5: promotion failure size = 1854)  (6: promotion failure size = 1854)  (7: promotion failure size = 1854)  (promotion failed): 613440K->572716K(613440K), 1.8259193 secs][CMS: 937973K->752633K(1397184K), 1.9408525 secs] 1507968K->752633K(2010624K), [Metaspace: 9964K->9964K(10240K)], 3.7668475 secs] [Times: user=4.04 sys=0.33, real=3.77 secs] 

*** PauseDetector detected a 3771 ms pause at Fri Dec 19 17:04:32 EET 2014 ***

[GC (Allocation Failure) [ParNew: 545344K->68096K(613440K), 0.0558267 secs] 1297977K->863925K(2010624K), 0.0558793 secs] [Times: user=0.25 sys=0.00, real=0.06 secs] 
[GC (Allocation Failure) [ParNew: 613440K->40025K(613440K), 0.0295869 secs] 1409269K->897638K(2010624K), 0.0296318 secs] [Times: user=0.13 sys=0.00, real=0.03 secs] 
[GC (Allocation Failure) [ParNew: 585369K->68096K(613440K), 0.0553250 secs] 1442982K->966480K(2010624K), 0.0553706 secs] [Times: user=0.19 sys=0.00, real=0.06 secs] 
[GC (Allocation Failure) [ParNew: 613440K->27304K(613440K), 0.0318703 secs] 1511824K->989343K(2010624K), 0.0319203 secs] [Times: user=0.13 sys=0.00, real=0.03 secs] 
[GC (Allocation Failure) [ParNew: 572648K->68096K(613440K), 0.0548438 secs] 1534687K->1072803K(2010624K), 0.0548939 secs] [Times: user=0.26 sys=0.00, real=0.06 secs] 
[GC (Allocation Failure) [ParNew: 613440K->26616K(613440K), 0.0390290 secs] 1618147K->1092849K(2010624K), 0.0390822 secs] [Times: user=0.13 sys=0.00, real=0.04 secs] 
[GC (Allocation Failure) [ParNew: 571960K->68096K(613440K), 0.0546988 secs] 1638193K->1178160K(2010624K), 0.0547476 secs] [Times: user=0.20 sys=0.00, real=0.05 secs] 
[GC (Allocation Failure) [ParNew: 613440K->32645K(613440K), 0.0275820 secs] 1723504K->1202752K(2010624K), 0.0276307 secs] [Times: user=0.09 sys=0.00, real=0.03 secs] 
[GC (CMS Initial Mark) [1 CMS-initial-mark: 1170107K(1397184K)] 1213670K(2010624K), 0.0025766 secs] [Times: user=0.00 sys=0.00, real=0.00 secs] 
[CMS-concurrent-mark-start]
[CMS-concurrent-mark: 1.279/1.279 secs] [Times: user=4.13 sys=0.03, real=1.28 secs] 
[CMS-concurrent-preclean-start]
[CMS-concurrent-preclean: 0.076/0.081 secs] [Times: user=0.16 sys=0.00, real=0.08 secs] 
[CMS-concurrent-abortable-preclean-start]
[GC (Allocation Failure) [ParNew: 577989K->68096K(613440K), 0.0567448 secs] 1748096K->1279771K(2010624K), 0.0567929 secs] [Times: user=0.26 sys=0.00, real=0.05 secs] 
[CMS-concurrent-abortable-preclean: 0.713/1.219 secs] [Times: user=2.18 sys=0.00, real=1.22 secs] 
[GC (CMS Final Remark) [YG occupancy: 451784 K (613440 K)][Rescan (parallel) , 0.0970980 secs][weak refs processing, 0.0000160 secs][class unloading, 0.0053674 secs][scrub symbol table, 0.0010920 secs][scrub string table, 0.0003580 secs][1 CMS-remark: 1211675K(1397184K)] 1663460K(2010624K), 0.1047559 secs] [Times: user=0.44 sys=0.00, real=0.11 secs] 
[CMS-concurrent-sweep-start]
[GC (Allocation Failure) [ParNew: 613440K->46701K(613440K), 0.0308136 secs] 1825115K->1320122K(2010624K), 0.0308643 secs] [Times: user=0.09 sys=0.00, real=0.03 secs] 
[CMS-concurrent-sweep: 0.592/0.623 secs] [Times: user=1.36 sys=0.00, real=0.62 secs] 
[CMS-concurrent-reset-start]
[CMS-concurrent-reset: 0.003/0.003 secs] [Times: user=0.00 sys=0.00, real=0.00 secs] 
[GC (Allocation Failure) [ParNew: 592045K->68096K(613440K), 0.0535241 secs] 1339363K->856560K(2010624K), 0.0535709 secs] [Times: user=0.22 sys=0.00, real=0.05 secs] 
[GC (Allocation Failure) [ParNew: 613440K->26850K(613440K), 0.0283506 secs] 1401904K->877416K(2010624K), 0.0285007 secs] [Times: user=0.06 sys=0.02, real=0.03 secs] 
[GC (Allocation Failure) [ParNew: 572194K->68096K(613440K), 0.0626602 secs] 1422760K->958385K(2010624K), 0.0627089 secs] [Times: user=0.17 sys=0.00, real=0.06 secs] 
[GC (Allocation Failure) [ParNew (0: promotion failure size = 109)  (1: promotion failure size = 109)  (2: promotion failure size = 109)  (3: promotion failure size = 109)  (4: promotion failure size = 109)  (5: promotion failure size = 109)  (6: promotion failure size = 109)  (7: promotion failure size = 109)  (promotion failed): 613440K->572736K(613440K), 1.2314376 secs][CMS: 929926K->751523K(1397184K), 1.9680713 secs] 1503729K->751523K(2010624K), [Metaspace: 9964K->9964K(10240K)], 3.1995718 secs] [Times: user=3.25 sys=0.42, real=3.20 secs] 

*** PauseDetector detected a 3200 ms pause at Fri Dec 19 17:04:56 EET 2014 ***

[GC (Allocation Failure) [ParNew: 545344K->68096K(613440K), 0.0506903 secs] 1296867K->859680K(2010624K), 0.0507384 secs] [Times: user=0.20 sys=0.00, real=0.05 secs] 
[GC (Allocation Failure) [ParNew: 613440K->34278K(613440K), 0.0327768 secs] 1405024K->889696K(2010624K), 0.0328262 secs] [Times: user=0.13 sys=0.00, real=0.03 secs] 
[GC (Allocation Failure) [ParNew: 579622K->68096K(613440K), 0.1643057 secs] 1435040K->991408K(2010624K), 0.1643512 secs] [Times: user=0.78 sys=0.00, real=0.16 secs] 
[GC (Allocation Failure) [ParNew: 613440K->34230K(613440K), 0.1188962 secs] 1536752K->1023246K(2010624K), 0.1189507 secs] [Times: user=0.44 sys=0.00, real=0.12 secs] 
[GC (Allocation Failure) [ParNew: 579574K->68096K(613440K), 0.1874691 secs] 1568590K->1113988K(2010624K), 0.1875192 secs] [Times: user=0.89 sys=0.00, real=0.19 secs] 
[GC (Allocation Failure) [ParNew: 613440K->34188K(613440K), 0.0776063 secs] 1659332K->1143714K(2010624K), 0.0776583 secs] [Times: user=0.30 sys=0.00, real=0.08 secs] 
[GC (Allocation Failure) [ParNew: 579532K->68096K(613440K), 0.1668630 secs] 1689058K->1235052K(2010624K), 0.1669214 secs] [Times: user=0.70 sys=0.00, real=0.17 secs] 
[GC (CMS Initial Mark) [1 CMS-initial-mark: 1166956K(1397184K)] 1246026K(2010624K), 0.0098123 secs] [Times: user=0.09 sys=0.00, real=0.01 secs] 
[CMS-concurrent-mark-start]
[CMS-concurrent-mark: 1.324/1.324 secs] [Times: user=4.01 sys=0.00, real=1.32 secs] 
[CMS-concurrent-preclean-start]
[CMS-concurrent-preclean: 0.007/0.007 secs] [Times: user=0.00 sys=0.00, real=0.01 secs] 
[CMS-concurrent-abortable-preclean-start]
[GC (Allocation Failure) [ParNew: 613440K->32769K(613440K), 0.0665706 secs] 1780396K->1264578K(2010624K), 0.0666200 secs] [Times: user=0.31 sys=0.01, real=0.07 secs] 
[CMS-concurrent-abortable-preclean: 0.653/1.433 secs] [Times: user=2.79 sys=0.01, real=1.43 secs] 
[GC (CMS Final Remark) [YG occupancy: 384582 K (613440 K)][Rescan (parallel) , 0.0722601 secs][weak refs processing, 0.0000154 secs][class unloading, 0.0056356 secs][scrub symbol table, 0.0013961 secs][scrub string table, 0.0003638 secs][1 CMS-remark: 1231808K(1397184K)] 1616390K(2010624K), 0.0804799 secs] [Times: user=0.36 sys=0.00, real=0.08 secs] 
[CMS-concurrent-sweep-start]
[Full GC (System.gc()) [CMS[CMS-concurrent-sweep: 0.711/0.711 secs] [Times: user=1.00 sys=0.00, real=0.70 secs] 
 (concurrent mode interrupted): 1231808K->759976K(1397184K), 2.6524327 secs] 1747791K->759976K(2010624K), [Metaspace: 9964K->9964K(10240K)], 2.6526784 secs] [Times: user=2.65 sys=0.00, real=2.65 secs] 
[Full GC (System.gc()) [CMS: 759976K->759976K(1397184K), 1.8192020 secs] 759976K->759976K(2010624K), [Metaspace: 9964K->9964K(10240K)], 1.8194092 secs] [Times: user=1.81 sys=0.00, real=1.82 secs] 
[Full GC (System.gc()) [CMS: 759976K->759898K(1397184K), 1.7918247 secs] 759978K->759898K(2010624K), [Metaspace: 9964K->9964K(10240K)], 1.7920563 secs] [Times: user=1.79 sys=0.00, real=1.79 secs] 

*** PauseDetector detected a 4475 ms pause at Fri Dec 19 17:05:15 EET 2014 ***


*** PauseDetector detected a 1798 ms pause at Fri Dec 19 17:05:17 EET 2014 ***

[GC (Allocation Failure) [ParNew: 545344K->7101K(613440K), 0.0075988 secs] 1305242K->767000K(2010624K), 0.0076463 secs] [Times: user=0.06 sys=0.00, real=0.01 secs] 
[GC (Allocation Failure) [ParNew: 552445K->68096K(613440K), 0.1256276 secs] 1312344K->878711K(2010624K), 0.1256757 secs] [Times: user=0.44 sys=0.00, real=0.13 secs] 
[GC (Allocation Failure) [ParNew: 613440K->19837K(613440K), 0.0641576 secs] 1424055K->895115K(2010624K), 0.0642025 secs] [Times: user=0.17 sys=0.00, real=0.06 secs] 
[GC (Allocation Failure) [ParNew: 565181K->68096K(613440K), 0.1176214 secs] 1440459K->990174K(2010624K), 0.1176753 secs] [Times: user=0.48 sys=0.00, real=0.12 secs] 
[GC (Allocation Failure) [ParNew: 613440K->20517K(613440K), 0.0486590 secs] 1535518K->1006108K(2010624K), 0.0487155 secs] [Times: user=0.20 sys=0.00, real=0.05 secs] 
[GC (Allocation Failure) [ParNew: 565861K->68096K(613440K), 0.1187243 secs] 1551452K->1099580K(2010624K), 0.1187961 secs] [Times: user=0.48 sys=0.00, real=0.12 secs] 
[Full GC (System.gc()) [CMS: 1031484K->753505K(1397184K), 1.9325216 secs] 1253108K->753505K(2010624K), [Metaspace: 9964K->9964K(10240K)], 1.9327802 secs] [Times: user=1.93 sys=0.00, real=1.93 secs] 
[Full GC (System.gc()) [CMS: 753505K->753427K(1397184K), 1.6962093 secs] 764473K->753427K(2010624K), [Metaspace: 9964K->9964K(10240K)], 1.6964499 secs] [Times: user=1.69 sys=0.00, real=1.69 secs] 
[Full GC (System.gc()) [CMS: 753427K->751819K(1397184K), 1.8162000 secs] 764393K->751819K(2010624K), [Metaspace: 9964K->9964K(10240K)]
*** PauseDetector detected a 1934 ms pause at Fri Dec 19 17:05:29 EET 2014 ***

, 1.8164143 secs] [Times: user=1.82 sys=0.00, real=1.82 secs] 
********************************
********** ROUND   23 **********
********************************

*** PauseDetector detected a 3522 ms pause at Fri Dec 19 17:05:33 EET 2014 ***

[GC (Allocation Failure) [ParNew: 545344K->68096K(613440K), 0.0923754 secs] 1297163K->866223K(2010624K), 0.0924229 secs] [Times: user=0.36 sys=0.00, real=0.08 secs] 
[GC (Allocation Failure) [ParNew: 613440K->56664K(613440K), 0.0550254 secs] 1411567K->918999K(2010624K), 0.0551460 secs] [Times: user=0.19 sys=0.00, real=0.05 secs] 
[GC (Allocation Failure) [ParNew: 602008K->68096K(613440K), 0.0866050 secs] 1464343K->975521K(2010624K), 0.0866551 secs] [Times: user=0.34 sys=0.00, real=0.09 secs] 
[GC (Allocation Failure) [ParNew: 613440K->20768K(613440K), 0.0459657 secs] 1520865K->992180K(2010624K), 0.0460093 secs] [Times: user=0.12 sys=0.00, real=0.04 secs] 
[GC (Allocation Failure) [ParNew: 566112K->68096K(613440K), 0.0810503 secs] 1537524K->1082816K(2010624K), 0.0810971 secs] [Times: user=0.34 sys=0.00, real=0.08 secs] 
[GC (Allocation Failure) [ParNew: 613440K->27444K(613440K), 0.0394601 secs] 1628160K->1105912K(2010624K), 0.0395063 secs] [Times: user=0.14 sys=0.00, real=0.04 secs] 
[GC (Allocation Failure) [ParNew: 572788K->68096K(613440K), 0.0781080 secs] 1651256K->1191899K(2010624K), 0.0781600 secs] [Times: user=0.30 sys=0.00, real=0.07 secs] 
[GC (Allocation Failure) [ParNew: 613440K->26587K(613440K), 0.0385767 secs] 1737243K->1211682K(2010624K), 0.0386267 secs] [Times: user=0.14 sys=0.00, real=0.04 secs] 
[GC (CMS Initial Mark) [1 CMS-initial-mark: 1185094K(1397184K)] 1222720K(2010624K), 0.0053033 secs] [Times: user=0.00 sys=0.00, real=0.00 secs] 
[CMS-concurrent-mark-start]
[CMS-concurrent-mark: 1.213/1.213 secs] [Times: user=3.89 sys=0.00, real=1.22 secs] 
[CMS-concurrent-preclean-start]
[CMS-concurrent-preclean: 0.117/0.124 secs] [Times: user=0.25 sys=0.00, real=0.12 secs] 
[CMS-concurrent-abortable-preclean-start]
[GC (Allocation Failure) [ParNew[CMS-concurrent-abortable-preclean: 0.061/0.409 secs] [Times: user=0.72 sys=0.00, real=0.41 secs] 
: 571931K->68096K(613440K), 0.0773862 secs] 1757026K->1295952K(2010624K), 0.0774376 secs] [Times: user=0.34 sys=0.00, real=0.07 secs] 
[GC (CMS Final Remark) [YG occupancy: 79131 K (613440 K)][Rescan (parallel) , 0.0398682 secs][weak refs processing, 0.0000148 secs][class unloading, 0.0050428 secs][scrub symbol table, 0.0010509 secs][scrub string table, 0.0003503 secs][1 CMS-remark: 1227856K(1397184K)] 1306987K(2010624K), 0.0471045 secs] [Times: user=0.22 sys=0.00, real=0.05 secs] 
[CMS-concurrent-sweep-start]
[CMS-concurrent-sweep: 0.676/0.676 secs] [Times: user=1.39 sys=0.00, real=0.68 secs] 
[CMS-concurrent-reset-start]
[CMS-concurrent-reset: 0.002/0.002 secs] [Times: user=0.00 sys=0.00, real=0.00 secs] 
[GC (Allocation Failure) [ParNew: 613440K->20527K(613440K), 0.0419905 secs] 1301685K->772208K(2010624K), 0.0420348 secs] [Times: user=0.13 sys=0.00, real=0.04 secs] 
[GC (Allocation Failure) [ParNew: 565871K->68096K(613440K), 0.0733462 secs] 1317552K->863075K(2010624K), 0.0733937 secs] [Times: user=0.34 sys=0.00, real=0.07 secs] 
[GC (Allocation Failure) [ParNew: 613440K->33904K(613440K), 0.0343192 secs] 1408419K->891539K(2010624K), 0.0343692 secs] [Times: user=0.14 sys=0.00, real=0.03 secs] 
[GC (Allocation Failure) [ParNew (2: promotion failure size = 2779)  (3: promotion failure size = 2779)  (4: promotion failure size = 2779)  (7: promotion failure size = 2779)  (promotion failed): 579248K->613440K(613440K), 0.2047262 secs][CMS: 899866K->752925K(1397184K), 1.7528836 secs] 1436883K->752925K(2010624K), [Metaspace: 9968K->9968K(10240K)], 1.9577856 secs] [Times: user=2.15 sys=0.00, real=1.96 secs] 

*** PauseDetector detected a 1959 ms pause at Fri Dec 19 17:05:54 EET 2014 ***

[GC (Allocation Failure) [ParNew: 545344K->27357K(613440K), 0.0068475 secs] 1298269K->780282K(2010624K), 0.0069117 secs] [Times: user=0.06 sys=0.00, real=0.01 secs] 
[GC (Allocation Failure) [ParNew: 572701K->68096K(613440K), 0.1029543 secs] 1325626K->864104K(2010624K), 0.1030050 secs] [Times: user=0.44 sys=0.00, real=0.10 secs] 
[GC (Allocation Failure) [ParNew: 613440K->27295K(613440K), 0.0545070 secs] 1409448K->886925K(2010624K), 0.0545558 secs] [Times: user=0.16 sys=0.00, real=0.06 secs] 
[GC (Allocation Failure) [ParNew: 572639K->68096K(613440K), 0.0668933 secs] 1432269K->970227K(2010624K), 0.0669504 secs] [Times: user=0.27 sys=0.00, real=0.07 secs] 
[GC (Allocation Failure) [ParNew: 613440K->20268K(613440K), 0.0339471 secs] 1515571K->985028K(2010624K), 0.0340709 secs] [Times: user=0.09 sys=0.00, real=0.04 secs] 
[GC (Allocation Failure) [ParNew: 565612K->68096K(613440K), 0.0675118 secs] 1530372K->1077039K(2010624K), 0.0675592 secs] [Times: user=0.23 sys=0.00, real=0.07 secs] 
[GC (Allocation Failure) [ParNew: 613440K->26238K(613440K), 0.0339259 secs] 1622383K->1095612K(2010624K), 0.0340093 secs] [Times: user=0.14 sys=0.00, real=0.03 secs] 
[GC (Allocation Failure) [ParNew: 571582K->68096K(613440K), 0.0638111 secs] 1640956K->1181521K(2010624K), 0.0638580 secs] [Times: user=0.26 sys=0.00, real=0.06 secs] 
[GC (Allocation Failure) [ParNew: 613440K->26196K(613440K), 0.0345951 secs] 1726865K->1199954K(2010624K), 0.0346515 secs] [Times: user=0.14 sys=0.00, real=0.03 secs] 
[GC (CMS Initial Mark) [1 CMS-initial-mark: 1173757K(1397184K)] 1210922K(2010624K), 0.0036371 secs] [Times: user=0.00 sys=0.00, real=0.00 secs] 
[CMS-concurrent-mark-start]
[CMS-concurrent-mark: 1.268/1.268 secs] [Times: user=4.18 sys=0.00, real=1.27 secs] 
[CMS-concurrent-preclean-start]
[CMS-concurrent-preclean: 0.086/0.091 secs] [Times: user=0.19 sys=0.00, real=0.09 secs] 
[CMS-concurrent-abortable-preclean-start]
[GC (Allocation Failure) [ParNew[CMS-concurrent-abortable-preclean: 0.051/0.268 secs] [Times: user=0.44 sys=0.00, real=0.27 secs] 
: 571540K->68096K(613440K), 0.0573428 secs] 1745298K->1282718K(2010624K), 0.0573909 secs] [Times: user=0.30 sys=0.00, real=0.05 secs] 
[GC (CMS Final Remark) [YG occupancy: 79064 K (613440 K)][Rescan (parallel) , 0.0303350 secs][weak refs processing, 0.0000160 secs][class unloading, 0.0052192 secs][scrub symbol table, 0.0010657 secs][scrub string table, 0.0003516 secs][1 CMS-remark: 1214622K(1397184K)] 1293687K(2010624K), 0.0378292 secs] [Times: user=0.23 sys=0.00, real=0.04 secs] 
[CMS-concurrent-sweep-start]
[CMS-concurrent-sweep: 0.606/0.606 secs] [Times: user=1.23 sys=0.00, real=0.61 secs] 
[CMS-concurrent-reset-start]
[CMS-concurrent-reset: 0.003/0.003 secs] [Times: user=0.00 sys=0.00, real=0.00 secs] 
[GC (Allocation Failure) [ParNew: 613440K->41020K(613440K), 0.0333703 secs] 1298579K->789610K(2010624K), 0.0334229 secs] [Times: user=0.08 sys=0.00, real=0.03 secs] 
[GC (Allocation Failure) [ParNew: 586364K->68096K(613440K), 0.0594702 secs] 1334954K->859401K(2010624K), 0.0595196 secs] [Times: user=0.19 sys=0.00, real=0.06 secs] 
[GC (Allocation Failure) [ParNew: 613440K->26625K(613440K), 0.0321147 secs] 1404745K->879373K(2010624K), 0.0321616 secs] [Times: user=0.08 sys=0.00, real=0.03 secs] 
[GC (Allocation Failure) [ParNew: 571969K->68096K(613440K), 0.0756155 secs] 1424717K->961482K(2010624K), 0.0756649 secs] [Times: user=0.20 sys=0.00, real=0.07 secs] 
[GC (Allocation Failure) [ParNew (0: promotion failure size = 1854)  (1: promotion failure size = 1854)  (2: promotion failure size = 1854)  (3: promotion failure size = 1854)  (4: promotion failure size = 1854)  (5: promotion failure size = 1854)  (6: promotion failure size = 1854)  (7: promotion failure size = 1854)  (promotion failed): 613440K->586410K(613440K), 0.6205123 secs][CMS: 947071K->752419K(1397184K), 1.6688461 secs] 1506826K->752419K(2010624K), [Metaspace: 9968K->9968K(10240K)], 2.2894463 secs] [Times: user=2.33 sys=0.05, real=2.29 secs] 

*** PauseDetector detected a 2291 ms pause at Fri Dec 19 17:06:19 EET 2014 ***

[GC (Allocation Failure) [ParNew: 545344K->68096K(613440K), 0.0535966 secs] 1297763K->864409K(2010624K), 0.0536467 secs] [Times: user=0.20 sys=0.00, real=0.05 secs] 
[GC (Allocation Failure) [ParNew: 613440K->26294K(613440K), 0.0342865 secs] 1409753K->883387K(2010624K), 0.0344411 secs] [Times: user=0.12 sys=0.00, real=0.03 secs] 
[GC (Allocation Failure) [ParNew: 571638K->68096K(613440K), 0.0530141 secs] 1428731K->968787K(2010624K), 0.0530641 secs] [Times: user=0.20 sys=0.00, real=0.05 secs] 
[GC (Allocation Failure) [ParNew: 613440K->19686K(613440K), 0.0279470 secs] 1514131K->981184K(2010624K), 0.0279920 secs] [Times: user=0.06 sys=0.00, real=0.02 secs] 
[GC (Allocation Failure) [ParNew: 565030K->68096K(613440K), 0.0533130 secs] 1526528K->1071224K(2010624K), 0.0533939 secs] [Times: user=0.20 sys=0.00, real=0.05 secs] 
[GC (Allocation Failure) [ParNew: 613440K->20040K(613440K), 0.0279650 secs] 1616568K->1084908K(2010624K), 0.0281139 secs] [Times: user=0.13 sys=0.00, real=0.03 secs] 
[GC (Allocation Failure) [ParNew: 565384K->68096K(613440K), 0.0592226 secs] 1630252K->1174576K(2010624K), 0.0592746 secs] [Times: user=0.28 sys=0.00, real=0.06 secs] 
[GC (Allocation Failure) [ParNew: 613440K->33392K(613440K), 0.0274447 secs] 1719920K->1201557K(2010624K), 0.0274973 secs] [Times: user=0.19 sys=0.00, real=0.02 secs] 
[GC (CMS Initial Mark) [1 CMS-initial-mark: 1168164K(1397184K)] 1201616K(2010624K), 0.0039194 secs] [Times: user=0.00 sys=0.00, real=0.00 secs] 
[CMS-concurrent-mark-start]
[CMS-concurrent-mark: 1.115/1.115 secs] [Times: user=3.59 sys=0.00, real=1.12 secs] 
[CMS-concurrent-preclean-start]
[CMS-concurrent-preclean: 0.065/0.069 secs] [Times: user=0.12 sys=0.00, real=0.07 secs] 
[CMS-concurrent-abortable-preclean-start]
[GC (Allocation Failure) [ParNew[CMS-concurrent-abortable-preclean: 0.060/0.385 secs] [Times: user=0.58 sys=0.00, real=0.39 secs] 
: 578736K->68096K(613440K), 0.0511099 secs] 1746901K->1277310K(2010624K), 0.0511573 secs] [Times: user=0.23 sys=0.00, real=0.05 secs] 
[GC (CMS Final Remark) [YG occupancy: 79064 K (613440 K)][Rescan (parallel) , 0.0236562 secs][weak refs processing, 0.0000558 secs][class unloading, 0.0079369 secs][scrub symbol table, 0.0016642 secs][scrub string table, 0.0005569 secs][1 CMS-remark: 1209214K(1397184K)] 1288279K(2010624K), 0.0348466 secs] [Times: user=0.20 sys=0.00, real=0.04 secs] 
[CMS-concurrent-sweep-start]
[CMS-concurrent-sweep: 0.480/0.480 secs] [Times: user=0.97 sys=0.00, real=0.48 secs] 
[CMS-concurrent-reset-start]
[CMS-concurrent-reset: 0.003/0.003 secs] [Times: user=0.00 sys=0.00, real=0.00 secs] 
[GC (Allocation Failure) [ParNew: 613440K->40294K(613440K), 0.0278675 secs] 1298405K->787375K(2010624K), 0.0279855 secs] [Times: user=0.13 sys=0.00, real=0.02 secs] 
[GC (Allocation Failure) [ParNew: 585638K->68096K(613440K), 0.0566569 secs] 1332719K->854895K(2010624K), 0.0567076 secs] [Times: user=0.19 sys=0.00, real=0.06 secs] 
[GC (Allocation Failure) [ParNew: 613440K->41017K(613440K), 0.0412110 secs] 1400239K->891232K(2010624K), 0.0412610 secs] [Times: user=0.20 sys=0.00, real=0.04 secs] 
[GC (Allocation Failure) [ParNew (0: promotion failure size = 14056)  (1: promotion failure size = 14056)  (2: promotion failure size = 14056)  (3: promotion failure size = 14056)  (4: promotion failure size = 14056)  (5: promotion failure size = 14056)  (6: promotion failure size = 14056)  (7: promotion failure size = 14056)  (promotion failed): 586361K->613440K(613440K), 0.2873349 secs][CMS: 915538K->773767K(1397184K), 1.8746714 secs] 1436576K->773767K(2010624K), [Metaspace: 9968K->9968K(10240K)]
*** PauseDetector detected a 2165 ms pause at Fri Dec 19 17:06:41 EET 2014 ***

, 2.1620800 secs] [Times: user=2.71 sys=0.00, real=2.16 secs] 
[GC (Allocation Failure) [ParNew: 545344K->27345K(613440K), 0.0078824 secs] 1319111K->801113K(2010624K), 0.0079568 secs] [Times: user=0.06 sys=0.00, real=0.01 secs] 
[GC (Allocation Failure) [ParNew: 572689K->68096K(613440K), 0.1928102 secs] 1346457K->902163K(2010624K), 0.1928558 secs] [Times: user=0.80 sys=0.00, real=0.19 secs] 
[GC (Allocation Failure) [ParNew: 613440K->27265K(613440K), 0.0696309 secs] 1447507K->925572K(2010624K), 0.0696771 secs] [Times: user=0.20 sys=0.00, real=0.07 secs] 
[GC (Allocation Failure) [ParNew: 572609K->68096K(613440K), 0.1625279 secs] 1470916K->1021331K(2010624K), 0.1625837 secs] [Times: user=0.70 sys=0.00, real=0.16 secs] 
[GC (Allocation Failure) [ParNew: 613440K->27376K(613440K), 0.0599995 secs] 1566675K->1044431K(2010624K), 0.0600496 secs] [Times: user=0.23 sys=0.00, real=0.06 secs] 
[GC (Allocation Failure) [ParNew: 572720K->68096K(613440K), 0.1446491 secs] 1589775K->1137031K(2010624K), 0.1446953 secs] [Times: user=0.66 sys=0.00, real=0.14 secs] 
[GC (Allocation Failure) [ParNew: 613440K->33619K(613440K), 0.0581403 secs] 1682375K->1164726K(2010624K), 0.0581858 secs] [Times: user=0.20 sys=0.00, real=0.05 secs] 
[Full GC (System.gc()) [CMS: 1131107K->759122K(1397184K), 2.0517450 secs] 1672380K->759122K(2010624K), [Metaspace: 9968K->9968K(10240K)], 2.0520138 secs] [Times: user=2.04 sys=0.00, real=2.04 secs] 
[Full GC (System.gc()) [CMS: 759122K->759044K(1397184K), 1.6022447 secs] 770045K->759044K(2010624K), [Metaspace: 9968K->9968K(10240K)], 1.6024398 secs] [Times: user=1.61 sys=0.00, real=1.60 secs] 
[Full GC (System.gc()) [CMS: 759044K->755128K(1397184K), 1.4375073 secs] 769965K->755128K(2010624K), [Metaspace: 9968K->9968K(10240K)]
*** PauseDetector detected a 2048 ms pause at Fri Dec 19 17:06:56 EET 2014 ***

, 1.4378095 secs] [Times: user=1.43 sys=0.00, real=1.44 secs] 

*** PauseDetector detected a 3056 ms pause at Fri Dec 19 17:06:59 EET 2014 ***

[GC (Allocation Failure) [ParNew: 545344K->7470K(613440K), 0.0105770 secs] 1300472K->762599K(2010624K), 0.0106482 secs] [Times: user=0.06 sys=0.00, real=0.00 secs] 
[GC (Allocation Failure) [ParNew: 552814K->68096K(613440K), 0.1134171 secs] 1307943K->877318K(2010624K), 0.1134672 secs] [Times: user=0.47 sys=0.00, real=0.10 secs] 
[GC (Allocation Failure) [ParNew: 613440K->19770K(613440K), 0.0512440 secs] 1422662K->893121K(2010624K), 0.0512940 secs] [Times: user=0.17 sys=0.00, real=0.05 secs] 
[GC (Allocation Failure) [ParNew: 565114K->68096K(613440K), 0.1085181 secs] 1438465K->988777K(2010624K), 0.1085790 secs] [Times: user=0.44 sys=0.00, real=0.10 secs] 
[GC (Allocation Failure) [ParNew: 613440K->26832K(613440K), 0.0510046 secs] 1534121K->1009707K(2010624K), 0.0510528 secs] [Times: user=0.14 sys=0.00, real=0.05 secs] 
[GC (Allocation Failure) [ParNew: 572176K->68096K(613440K), 0.1045936 secs] 1555051K->1096258K(2010624K), 0.1046551 secs] [Times: user=0.44 sys=0.00, real=0.10 secs] 
[Full GC (System.gc()) [CMS: 1028162K->753771K(1397184K), 1.8760860 secs] 1325606K->753771K(2010624K), [Metaspace: 9968K->9968K(10240K)], 1.8764261 secs] [Times: user=1.87 sys=0.00, real=1.87 secs] 
[Full GC (System.gc()) [CMS: 753771K->753693K(1397184K), 1.3971015 secs] 764694K->753693K(2010624K), [Metaspace: 9968K->9968K(10240K)], 1.3974017 secs] [Times: user=1.39 sys=0.00, real=1.39 secs] 
[Full GC (System.gc()) [CMS: 753693K->753693K(1397184K), 1.3780858 secs] 753693K->753693K(2010624K), [Metaspace: 9968K->9968K(10240K)]
*** PauseDetector detected a 4647 ms pause at Fri Dec 19 17:07:14 EET 2014 ***

, 1.3783886 secs] [Times: user=1.39 sys=0.00, real=1.38 secs] 
********************************
********** ROUND   24 **********
********************************
[GC (Allocation Failure) [ParNew: 545344K->68096K(613440K), 0.0843666 secs] 1299037K->867443K(2010624K), 0.0844904 secs] [Times: user=0.34 sys=0.00, real=0.08 secs] 
[GC (Allocation Failure) [ParNew: 613440K->32382K(613440K), 0.0404116 secs] 1412787K->898115K(2010624K), 0.0406624 secs] [Times: user=0.16 sys=0.00, real=0.03 secs] 
[GC (Allocation Failure) [ParNew: 577726K->68096K(613440K), 0.0803773 secs] 1443459K->979063K(2010624K), 0.0804241 secs] [Times: user=0.34 sys=0.00, real=0.08 secs] 
[GC (Allocation Failure) [ParNew: 613440K->33715K(613440K), 0.0384278 secs] 1524407K->1006871K(2010624K), 0.0385780 secs] [Times: user=0.08 sys=0.00, real=0.03 secs] 
[GC (Allocation Failure) [ParNew: 579059K->68096K(613440K), 0.0768845 secs] 1552215K->1084277K(2010624K), 0.0769448 secs] [Times: user=0.34 sys=0.00, real=0.07 secs] 
[GC (Allocation Failure) [ParNew: 613440K->20516K(613440K), 0.0458432 secs] 1629621K->1100317K(2010624K), 0.0459567 secs] [Times: user=0.17 sys=0.00, real=0.04 secs] 
[GC (Allocation Failure) [ParNew: 565860K->68096K(613440K), 0.0741379 secs] 1645661K->1192197K(2010624K), 0.0741816 secs] [Times: user=0.34 sys=0.00, real=0.07 secs] 
[GC (Allocation Failure) [ParNew: 613440K->33545K(613440K), 0.0372724 secs] 1737541K->1219584K(2010624K), 0.0373198 secs] [Times: user=0.13 sys=0.00, real=0.03 secs] 
[GC (CMS Initial Mark) [1 CMS-initial-mark: 1186038K(1397184K)] 1230507K(2010624K), 0.0020479 secs] [Times: user=0.00 sys=0.00, real=0.01 secs] 
[CMS-concurrent-mark-start]
[CMS-concurrent-mark: 1.107/1.107 secs] [Times: user=3.57 sys=0.00, real=1.11 secs] 
[CMS-concurrent-preclean-start]
[CMS-concurrent-preclean: 0.104/0.111 secs] [Times: user=0.22 sys=0.00, real=0.11 secs] 
[CMS-concurrent-abortable-preclean-start]
[GC (Allocation Failure) [ParNew[CMS-concurrent-abortable-preclean: 0.059/0.379 secs] [Times: user=0.51 sys=0.00, real=0.38 secs] 
: 578889K->68096K(613440K), 0.0741630 secs] 1764928K->1296645K(2010624K), 0.0742124 secs] [Times: user=0.30 sys=0.00, real=0.07 secs] 
[GC (CMS Final Remark) [YG occupancy: 79017 K (613440 K)][Rescan (parallel) , 0.0379563 secs][weak refs processing, 0.0000154 secs][class unloading, 0.0053501 secs][scrub symbol table, 0.0013204 secs][scrub string table, 0.0003535 secs][1 CMS-remark: 1228549K(1397184K)] 1307566K(2010624K), 0.0458027 secs] [Times: user=0.17 sys=0.00, real=0.05 secs] 
[CMS-concurrent-sweep-start]
[CMS-concurrent-sweep: 0.619/0.619 secs] [Times: user=1.22 sys=0.00, real=0.62 secs] 
[CMS-concurrent-reset-start]
[CMS-concurrent-reset: 0.003/0.003 secs] [Times: user=0.03 sys=0.00, real=0.00 secs] 
[GC (Allocation Failure) [ParNew: 613440K->20509K(613440K), 0.0459856 secs] 1300844K->771458K(2010624K), 0.0460382 secs] [Times: user=0.14 sys=0.00, real=0.04 secs] 
[GC (Allocation Failure) [ParNew: 565853K->68096K(613440K), 0.0699202 secs] 1316802K->861925K(2010624K), 0.0699812 secs] [Times: user=0.27 sys=0.00, real=0.07 secs] 
[GC (Allocation Failure) [ParNew: 613440K->34007K(613440K), 0.0375104 secs] 1407269K->890802K(2010624K), 0.0376990 secs] [Times: user=0.13 sys=0.00, real=0.03 secs] 
[GC (Allocation Failure) [ParNew (2: promotion failure size = 2779)  (6: promotion failure size = 2779)  (7: promotion failure size = 2779)  (promotion failed): 579351K->613440K(613440K), 0.2052915 secs][CMS: 898829K->752727K(1397184K), 1.8527211 secs] 1436146K->752727K(2010624K), [Metaspace: 9968K->9968K(10240K)]
*** PauseDetector detected a 2056 ms pause at Fri Dec 19 17:07:36 EET 2014 ***

, 2.0581447 secs] [Times: user=2.29 sys=0.00, real=2.05 secs] 
[GC (Allocation Failure) [ParNew: 545344K->27369K(613440K), 0.0068899 secs] 1298071K->780097K(2010624K), 0.0070220 secs] [Times: user=0.00 sys=0.00, real=0.01 secs] 
[GC (Allocation Failure) [ParNew: 572713K->68096K(613440K), 0.0601619 secs] 1325441K->864024K(2010624K), 0.0602081 secs] [Times: user=0.28 sys=0.00, real=0.06 secs] 
[GC (Allocation Failure) [ParNew: 613440K->33639K(613440K), 0.0441654 secs] 1409368K->892205K(2010624K), 0.0442187 secs] [Times: user=0.19 sys=0.00, real=0.04 secs] 
[GC (Allocation Failure) [ParNew: 578983K->68096K(613440K), 0.0620545 secs] 1437549K->969474K(2010624K), 0.0621033 secs] [Times: user=0.27 sys=0.00, real=0.06 secs] 
[GC (Allocation Failure) [ParNew: 613440K->20065K(613440K), 0.0310818 secs] 1514818K->983701K(2010624K), 0.0312409 secs] [Times: user=0.13 sys=0.00, real=0.03 secs] 
[GC (Allocation Failure) [ParNew: 565409K->68096K(613440K), 0.0609516 secs] 1529045K->1074445K(2010624K), 0.0610023 secs] [Times: user=0.19 sys=0.00, real=0.06 secs] 
[GC (Allocation Failure) [ParNew: 613440K->26726K(613440K), 0.0428598 secs] 1619789K->1094737K(2010624K), 0.0429099 secs] [Times: user=0.14 sys=0.00, real=0.03 secs] 
[GC (Allocation Failure) [ParNew: 572070K->68096K(613440K), 0.0598950 secs] 1640081K->1179046K(2010624K), 0.0599456 secs] [Times: user=0.25 sys=0.00, real=0.06 secs] 
[GC (Allocation Failure) [ParNew: 613440K->26598K(613440K), 0.0297287 secs] 1724390K->1198984K(2010624K), 0.0297800 secs] [Times: user=0.06 sys=0.00, real=0.02 secs] 
[GC (CMS Initial Mark) [1 CMS-initial-mark: 1172386K(1397184K)] 1209974K(2010624K), 0.0030372 secs] [Times: user=0.00 sys=0.00, real=0.00 secs] 
[CMS-concurrent-mark-start]
[CMS-concurrent-mark: 1.204/1.204 secs] [Times: user=3.93 sys=0.00, real=1.21 secs] 
[CMS-concurrent-preclean-start]
[CMS-concurrent-preclean: 0.076/0.081 secs] [Times: user=0.16 sys=0.00, real=0.08 secs] 
[CMS-concurrent-abortable-preclean-start]
[GC (Allocation Failure) [ParNew: 571942K->68096K(613440K), 0.0587363 secs] 1744328K->1281816K(2010624K), 0.0587844 secs] [Times: user=0.27 sys=0.00, real=0.06 secs] 
[CMS-concurrent-abortable-preclean: 0.662/1.328 secs] [Times: user=2.23 sys=0.00, real=1.33 secs] 
[GC (CMS Final Remark) [YG occupancy: 474284 K (613440 K)][Rescan (parallel) , 0.0981714 secs][weak refs processing, 0.0000173 secs][class unloading, 0.0053700 secs][scrub symbol table, 0.0011908 secs][scrub string table, 0.0003779 secs][1 CMS-remark: 1213720K(1397184K)] 1688005K(2010624K), 0.1059620 secs] [Times: user=0.48 sys=0.00, real=0.10 secs] 
[CMS-concurrent-sweep-start]
[GC (Allocation Failure) [ParNew: 613440K->27138K(613440K), 0.0304787 secs] 1827160K->1303672K(2010624K), 0.0305249 secs] [Times: user=0.08 sys=0.00, real=0.03 secs] 
[CMS-concurrent-sweep: 0.531/0.562 secs] [Times: user=1.23 sys=0.00, real=0.57 secs] 
[CMS-concurrent-reset-start]
[CMS-concurrent-reset: 0.003/0.003 secs] [Times: user=0.00 sys=0.00, real=0.00 secs] 
[GC (Allocation Failure) [ParNew: 572482K->68096K(613440K), 0.0579914 secs] 1321035K->857230K(2010624K), 0.0580402 secs] [Times: user=0.19 sys=0.00, real=0.05 secs] 
[GC (Allocation Failure) [ParNew: 613440K->34260K(613440K), 0.0301181 secs] 1402574K->886862K(2010624K), 0.0301669 secs] [Times: user=0.06 sys=0.00, real=0.03 secs] 
[GC (Allocation Failure) [ParNew: 579604K->68096K(613440K), 0.0698971 secs] 1432206K->961247K(2010624K), 0.0700120 secs] [Times: user=0.23 sys=0.00, real=0.07 secs] 
[GC (Allocation Failure) [ParNew (0: promotion failure size = 1854)  (1: promotion failure size = 1854)  (2: promotion failure size = 1854)  (3: promotion failure size = 1854)  (4: promotion failure size = 1854)  (5: promotion failure size = 1854)  (6: promotion failure size = 1854)  (7: promotion failure size = 1854)  (promotion failed): 613440K->572722K(613440K), 0.9577285 secs][CMS: 946623K->752292K(1397184K), 1.6337673 secs] 1506591K->752292K(2010624K), [Metaspace: 9968K->9968K(10240K)], 2.5915837 secs] [Times: user=2.68 sys=0.17, real=2.59 secs] 

*** PauseDetector detected a 2588 ms pause at Fri Dec 19 17:08:01 EET 2014 ***

[GC (Allocation Failure) [ParNew: 545344K->68096K(613440K), 0.0531058 secs] 1297636K->861273K(2010624K), 0.0531571 secs] [Times: user=0.27 sys=0.00, real=0.05 secs] 
[GC (Allocation Failure) [ParNew: 613440K->34278K(613440K), 0.0400703 secs] 1406617K->891282K(2010624K), 0.0401139 secs] [Times: user=0.14 sys=0.00, real=0.04 secs] 
[GC (Allocation Failure) [ParNew: 579622K->68096K(613440K), 0.0523218 secs] 1436626K->967626K(2010624K), 0.0523712 secs] [Times: user=0.19 sys=0.00, real=0.04 secs] 
[GC (Allocation Failure) [ParNew: 613440K->26396K(613440K), 0.0276667 secs] 1512970K->987010K(2010624K), 0.0277135 secs] [Times: user=0.06 sys=0.00, real=0.02 secs] 
[GC (Allocation Failure) [ParNew: 571740K->68096K(613440K), 0.0523718 secs] 1532354K->1069424K(2010624K), 0.0524238 secs] [Times: user=0.26 sys=0.00, real=0.05 secs] 
[GC (Allocation Failure) [ParNew: 613440K->27069K(613440K), 0.0281806 secs] 1614768K->1091075K(2010624K), 0.0282281 secs] [Times: user=0.13 sys=0.00, real=0.03 secs] 
[GC (Allocation Failure) [ParNew: 572413K->68096K(613440K), 0.0535382 secs] 1636419K->1173196K(2010624K), 0.0535825 secs] [Times: user=0.22 sys=0.00, real=0.05 secs] 
[GC (Allocation Failure) [ParNew: 613440K->33635K(613440K), 0.0363350 secs] 1718540K->1200905K(2010624K), 0.0364877 secs] [Times: user=0.12 sys=0.00, real=0.03 secs] 
[GC (CMS Initial Mark) [1 CMS-initial-mark: 1167269K(1397184K)] 1211826K(2010624K), 0.0036326 secs] [Times: user=0.00 sys=0.00, real=0.00 secs] 
[CMS-concurrent-mark-start]
[CMS-concurrent-mark: 1.119/1.119 secs] [Times: user=3.59 sys=0.00, real=1.13 secs] 
[CMS-concurrent-preclean-start]
[CMS-concurrent-preclean: 0.067/0.071 secs] [Times: user=0.16 sys=0.00, real=0.07 secs] 
[CMS-concurrent-abortable-preclean-start]
[GC (Allocation Failure) [ParNew[CMS-concurrent-abortable-preclean: 0.061/0.372 secs] [Times: user=0.61 sys=0.00, real=0.37 secs] 
: 578979K->68096K(613440K), 0.0541612 secs] 1746249K->1278577K(2010624K), 0.0542151 secs] [Times: user=0.25 sys=0.00, real=0.05 secs] 
[GC (CMS Final Remark) [YG occupancy: 79019 K (613440 K)][Rescan (parallel) , 0.0238750 secs][weak refs processing, 0.0000160 secs][class unloading, 0.0052430 secs][scrub symbol table, 0.0010471 secs][scrub string table, 0.0003509 secs][1 CMS-remark: 1210481K(1397184K)] 1289501K(2010624K), 0.0313128 secs] [Times: user=0.08 sys=0.00, real=0.03 secs] 
[CMS-concurrent-sweep-start]
[CMS-concurrent-sweep: 0.580/0.580 secs] [Times: user=1.17 sys=0.00, real=0.59 secs] 
[CMS-concurrent-reset-start]
[CMS-concurrent-reset: 0.003/0.003 secs] [Times: user=0.00 sys=0.00, real=0.00 secs] 
[GC (Allocation Failure) [ParNew: 613440K->52059K(613440K), 0.0302696 secs] 1300616K->799133K(2010624K), 0.0303190 secs] [Times: user=0.16 sys=0.00, real=0.03 secs] 
[GC (Allocation Failure) [ParNew: 597403K->68096K(613440K), 0.1622693 secs] 1344477K->882603K(2010624K), 0.1623174 secs] [Times: user=0.75 sys=0.00, real=0.16 secs] 
[GC (Allocation Failure) [ParNew: 613440K->27228K(613440K), 0.0812954 secs] 1427947K->906425K(2010624K), 0.0813422 secs] [Times: user=0.28 sys=0.00, real=0.08 secs] 
[GC (Allocation Failure) [ParNew: 572572K->68096K(613440K), 0.1949929 secs] 1451769K->1004258K(2010624K), 0.1950436 secs] [Times: user=0.86 sys=0.00, real=0.19 secs] 
[GC (Allocation Failure) [ParNew (0: promotion failure size = 9372)  (1: promotion failure size = 9372)  (2: promotion failure size = 9372)  (3: promotion failure size = 9372)  (4: promotion failure size = 9372)  (5: promotion failure size = 9372)  (6: promotion failure size = 9372)  (7: promotion failure size = 9372)  (promotion failed): 613440K->559053K(613440K), 10.0544897 secs][CMS: 973923K->768023K(1397184K), 1.8727274 secs] 1549602K->768023K(2010624K), [Metaspace: 9968K->9968K(10240K)]
*** PauseDetector detected a 11922 ms pause at Fri Dec 19 17:08:34 EET 2014 ***

, 11.9272851 secs] [Times: user=12.84 sys=1.68, real=11.92 secs] 
[GC (Allocation Failure) [ParNew: 545344K->68096K(613440K), 0.1573369 secs] 1313367K->892716K(2010624K), 0.1573882 secs] [Times: user=0.69 sys=0.00, real=0.15 secs] 
[GC (Allocation Failure) [ParNew: 613440K->27522K(613440K), 0.0607450 secs] 1438060K->916929K(2010624K), 0.0607893 secs] [Times: user=0.22 sys=0.00, real=0.06 secs] 
[GC (Allocation Failure) [ParNew: 572866K->68096K(613440K), 0.1382981 secs] 1462273K->1009776K(2010624K), 0.1383494 secs] [Times: user=0.61 sys=0.00, real=0.14 secs] 
[GC (Allocation Failure) [ParNew: 613440K->26735K(613440K), 0.0547938 secs] 1555120K->1030478K(2010624K), 0.0548445 secs] [Times: user=0.20 sys=0.00, real=0.05 secs] 
[GC (Allocation Failure) [ParNew: 572079K->68096K(613440K), 0.1287624 secs] 1575822K->1120875K(2010624K), 0.1288477 secs] [Times: user=0.53 sys=0.00, real=0.12 secs] 
[GC (Allocation Failure) [ParNew: 613440K->27357K(613440K), 0.0560769 secs] 1666219K->1143821K(2010624K), 0.0561296 secs] [Times: user=0.19 sys=0.00, real=0.05 secs] 
[Full GC (System.gc()) [CMS: 1116463K->643900K(1397184K), 1.5409274 secs] 1155451K->643900K(2010624K), [Metaspace: 9968K->9968K(10240K)], 1.5411796 secs] [Times: user=1.54 sys=0.00, real=1.53 secs] 
[Full GC (System.gc()) [CMS: 643900K->643901K(1397184K), 1.4115158 secs] 643902K->643901K(2010624K), [Metaspace: 9968K->9968K(10240K)], 1.4117320 secs] [Times: user=1.40 sys=0.00, real=1.41 secs] 
[Full GC (System.gc()) [CMS: 643901K->643901K(1397184K), 1.5975734 secs] 643903K->643901K(2010624K), [Metaspace: 9968K->9968K(10240K)]
*** PauseDetector detected a 1533 ms pause at Fri Dec 19 17:08:46 EET 2014 ***

, 1.5978313 secs] [Times: user=1.59 sys=0.00, real=1.60 secs] 

*** PauseDetector detected a 3024 ms pause at Fri Dec 19 17:08:49 EET 2014 ***

[GC (Allocation Failure) [ParNew: 545344K->68096K(613440K), 0.0870163 secs] 1189245K->761669K(2010624K), 0.0870785 secs] [Times: user=0.31 sys=0.00, real=0.08 secs] 
[GC (Allocation Failure) [ParNew: 613440K->13375K(613440K), 0.0589384 secs] 1307013K->769253K(2010624K), 0.0590064 secs] [Times: user=0.20 sys=0.00, real=0.06 secs] 
[GC (Allocation Failure) [ParNew: 558719K->68096K(613440K), 0.1063592 secs] 1314597K->871241K(2010624K), 0.1064195 secs] [Times: user=0.42 sys=0.00, real=0.10 secs] 
[GC (Allocation Failure) [ParNew: 613440K->27048K(613440K), 0.0606738 secs] 1416585K->892853K(2010624K), 0.0607252 secs] [Times: user=0.22 sys=0.00, real=0.06 secs] 
[GC (Allocation Failure) [ParNew: 572392K->68096K(613440K), 0.1066966 secs] 1438197K->982780K(2010624K), 0.1067576 secs] [Times: user=0.44 sys=0.00, real=0.10 secs] 
[GC (Allocation Failure) [ParNew: 613440K->32570K(613440K), 0.0621931 secs] 1528124K->1007116K(2010624K), 0.0622624 secs] [Times: user=0.22 sys=0.00, real=0.06 secs] 
[Full GC (System.gc()) [CMS: 974546K->752125K(1397184K), 1.6555494 secs] 1247433K->752125K(2010624K), [Metaspace: 9968K->9968K(10240K)], 1.6558369 secs] [Times: user=1.65 sys=0.00, real=1.65 secs] 
[Full GC (System.gc()) [CMS: 752125K->752125K(1397184K), 1.7353692 secs] 752127K->752125K(2010624K), [Metaspace: 9968K->9968K(10240K)], 1.7355681 secs] [Times: user=1.73 sys=0.00, real=1.74 secs] 
[Full GC (System.gc()) [CMS: 752125K->752047K(1397184K), 1.3760373 secs] 763046K->752047K(2010624K), [Metaspace: 9968K->9968K(10240K)]
*** PauseDetector detected a 1652 ms pause at Fri Dec 19 17:09:01 EET 2014 ***


*** PauseDetector detected a 3119 ms pause at Fri Dec 19 17:09:04 EET 2014 ***

, 1.3762086 secs] [Times: user=1.37 sys=0.00, real=1.37 secs] 
********************************
********** ROUND   25 **********
********************************
[GC (Allocation Failure) [ParNew: 545344K->8829K(613440K), 0.0063715 secs] 1297391K->760877K(2010624K), 0.0064190 secs] [Times: user=0.08 sys=0.00, real=0.01 secs] 
[GC (Allocation Failure) [ParNew: 554173K->68096K(613440K), 0.0770764 secs] 1306221K->864342K(2010624K), 0.0771219 secs] [Times: user=0.36 sys=0.00, real=0.07 secs] 
[GC (Allocation Failure) [ParNew: 613440K->33143K(613440K), 0.0471847 secs] 1409686K->893775K(2010624K), 0.0472335 secs] [Times: user=0.14 sys=0.00, real=0.04 secs] 
[GC (Allocation Failure) [ParNew: 578487K->68096K(613440K), 0.0741367 secs] 1439119K->971960K(2010624K), 0.0741835 secs] [Times: user=0.31 sys=0.00, real=0.07 secs] 
[GC (Allocation Failure) [ParNew: 613440K->20495K(613440K), 0.0373647 secs] 1517304K->988006K(2010624K), 0.0374071 secs] [Times: user=0.13 sys=0.00, real=0.03 secs] 
[GC (Allocation Failure) [ParNew: 565839K->68096K(613440K), 0.0724115 secs] 1533350K->1081580K(2010624K), 0.0724577 secs] [Times: user=0.25 sys=0.00, real=0.07 secs] 
[GC (Allocation Failure) [ParNew: 613440K->19659K(613440K), 0.0369650 secs] 1626924K->1093511K(2010624K), 0.0370176 secs] [Times: user=0.12 sys=0.00, real=0.03 secs] 
[GC (Allocation Failure) [ParNew: 565003K->68096K(613440K), 0.0697823 secs] 1638855K->1186074K(2010624K), 0.0698330 secs] [Times: user=0.28 sys=0.00, real=0.07 secs] 
[GC (Allocation Failure) [ParNew: 613440K->20041K(613440K), 0.0382937 secs] 1731418K->1199978K(2010624K), 0.0383419 secs] [Times: user=0.11 sys=0.00, real=0.03 secs] 
[GC (CMS Initial Mark) [1 CMS-initial-mark: 1179937K(1397184K)] 1210902K(2010624K), 0.0043717 secs] [Times: user=0.00 sys=0.00, real=0.01 secs] 
[CMS-concurrent-mark-start]
[CMS-concurrent-mark: 1.113/1.113 secs] [Times: user=3.64 sys=0.00, real=1.12 secs] 
[CMS-concurrent-preclean-start]
[CMS-concurrent-preclean: 0.099/0.105 secs] [Times: user=0.19 sys=0.00, real=0.11 secs] 
[CMS-concurrent-abortable-preclean-start]
[GC (Allocation Failure) [ParNew: 565385K->68096K(613440K), 0.0687975 secs] 1745322K->1290337K(2010624K), 0.0689463 secs] [Times: user=0.23 sys=0.00, real=0.07 secs] 
[CMS-concurrent-abortable-preclean: 0.676/1.347 secs] [Times: user=2.23 sys=0.00, real=1.35 secs] 
[GC (CMS Final Remark) [YG occupancy: 419614 K (613440 K)][Rescan (parallel) , 0.0956211 secs][weak refs processing, 0.0000154 secs][class unloading, 0.0055214 secs][scrub symbol table, 0.0011369 secs][scrub string table, 0.0003779 secs][1 CMS-remark: 1222241K(1397184K)] 1641855K(2010624K), 0.1035202 secs] [Times: user=0.41 sys=0.00, real=0.10 secs] 
[CMS-concurrent-sweep-start]
[GC (Allocation Failure) [ParNew: 613440K->34231K(613440K), 0.0349101 secs] 1778503K->1262736K(2010624K), 0.0349601 secs] [Times: user=0.16 sys=0.00, real=0.03 secs] 
[CMS-concurrent-sweep: 0.717/0.752 secs] [Times: user=1.65 sys=0.00, real=0.75 secs] 
[CMS-concurrent-reset-start]
[CMS-concurrent-reset: 0.003/0.003 secs] [Times: user=0.00 sys=0.00, real=0.00 secs] 
[GC (Allocation Failure) [ParNew: 579575K->68096K(613440K), 0.0660644 secs] 1330296K->861565K(2010624K), 0.0661093 secs] [Times: user=0.22 sys=0.00, real=0.06 secs] 
[GC (Allocation Failure) [ParNew: 613440K->40701K(613440K), 0.0330925 secs] 1406909K->896983K(2010624K), 0.0331971 secs] [Times: user=0.08 sys=0.00, real=0.03 secs] 
[GC (Allocation Failure) [ParNew: 586045K->68096K(613440K), 0.1161554 secs] 1442327K->965622K(2010624K), 0.1162773 secs] [Times: user=0.28 sys=0.00, real=0.11 secs] 
[GC (Allocation Failure) [ParNew: 613440K->47888K(613440K), 0.1873235 secs] 1510966K->1008837K(2010624K), 0.1873735 secs] [Times: user=0.23 sys=0.00, real=0.18 secs] 
[GC (Allocation Failure) [ParNew (0: promotion failure size = 73)  (1: promotion failure size = 73)  (2: promotion failure size = 73)  (3: promotion failure size = 73)  (4: promotion failure size = 73)  (5: promotion failure size = 73)  (6: promotion failure size = 73)  (7: promotion failure size = 73)  (promotion failed): 593232K->613440K(613440K), 0.8561202 secs][CMS: 995687K->751727K(1397184K), 1.6801847 secs] 1554181K->751727K(2010624K), [Metaspace: 9968K->9968K(10240K)], 2.5364832 secs] [Times: user=2.71 sys=0.06, real=2.53 secs] 

*** PauseDetector detected a 2531 ms pause at Fri Dec 19 17:09:31 EET 2014 ***

[GC (Allocation Failure) [ParNew: 545344K->20533K(613440K), 0.0085670 secs] 1297071K->772260K(2010624K), 0.0086157 secs] [Times: user=0.00 sys=0.00, real=0.01 secs] 
[GC (Allocation Failure) [ParNew: 565877K->68096K(613440K), 0.0592329 secs] 1317604K->864190K(2010624K), 0.0592829 secs] [Times: user=0.25 sys=0.00, real=0.06 secs] 
[GC (Allocation Failure) [ParNew: 613440K->32943K(613440K), 0.0304216 secs] 1409534K->890090K(2010624K), 0.0305756 secs] [Times: user=0.13 sys=0.00, real=0.03 secs] 
[GC (Allocation Failure) [ParNew: 578287K->68096K(613440K), 0.0583475 secs] 1435434K->967909K(2010624K), 0.0583937 secs] [Times: user=0.25 sys=0.00, real=0.06 secs] 
[GC (Allocation Failure) [ParNew: 613440K->40030K(613440K), 0.0293925 secs] 1513253K->1001603K(2010624K), 0.0294342 secs] [Times: user=0.13 sys=0.00, real=0.02 secs] 
[GC (Allocation Failure) [ParNew: 585374K->68096K(613440K), 0.0568751 secs] 1546947K->1072050K(2010624K), 0.0569251 secs] [Times: user=0.22 sys=0.00, real=0.06 secs] 
[GC (Allocation Failure) [ParNew: 613440K->26703K(613440K), 0.0295722 secs] 1617394K->1092505K(2010624K), 0.0296241 secs] [Times: user=0.06 sys=0.00, real=0.02 secs] 
[GC (Allocation Failure) [ParNew: 572047K->68096K(613440K), 0.0560250 secs] 1637849K->1177185K(2010624K), 0.0560750 secs] [Times: user=0.28 sys=0.00, real=0.05 secs] 
[GC (Allocation Failure) [ParNew: 613440K->26402K(613440K), 0.0289056 secs] 1722529K->1196289K(2010624K), 0.0289697 secs] [Times: user=0.11 sys=0.00, real=0.03 secs] 
[GC (CMS Initial Mark) [1 CMS-initial-mark: 1169887K(1397184K)] 1196355K(2010624K), 0.0028691 secs] [Times: user=0.00 sys=0.00, real=0.00 secs] 
[CMS-concurrent-mark-start]
[CMS-concurrent-mark: 1.121/1.121 secs] [Times: user=3.59 sys=0.00, real=1.13 secs] 
[CMS-concurrent-preclean-start]
[CMS-concurrent-preclean: 0.070/0.075 secs] [Times: user=0.16 sys=0.00, real=0.07 secs] 
[CMS-concurrent-abortable-preclean-start]
[GC (Allocation Failure) [ParNew: 571746K->68096K(613440K), 0.0570470 secs] 1741633K->1278906K(2010624K), 0.0570964 secs] [Times: user=0.19 sys=0.00, real=0.05 secs] 
[CMS-concurrent-abortable-preclean: 0.669/1.337 secs] [Times: user=2.17 sys=0.00, real=1.34 secs] 
[GC (CMS Final Remark) [YG occupancy: 419211 K (613440 K)][Rescan (parallel) , 0.0855240 secs][weak refs processing, 0.0000231 secs][class unloading, 0.0055785 secs][scrub symbol table, 0.0011292 secs][scrub string table, 0.0003516 secs][1 CMS-remark: 1210810K(1397184K)] 1630021K(2010624K), 0.0934417 secs] [Times: user=0.39 sys=0.00, real=0.09 secs] 
[CMS-concurrent-sweep-start]
[GC (Allocation Failure) [ParNew: 613440K->54451K(613440K), 0.0300976 secs] 1655786K->1159838K(2010624K), 0.0301464 secs] [Times: user=0.11 sys=0.00, real=0.02 secs] 
[CMS-concurrent-sweep: 0.561/0.591 secs] [Times: user=1.30 sys=0.00, real=0.60 secs] 
[CMS-concurrent-reset-start]
[CMS-concurrent-reset: 0.004/0.004 secs] [Times: user=0.00 sys=0.00, real=0.00 secs] 
[GC (Allocation Failure) [ParNew: 599795K->68096K(613440K), 0.0554373 secs] 1347623K->856371K(2010624K), 0.0554835 secs] [Times: user=0.27 sys=0.00, real=0.05 secs] 
[GC (Allocation Failure) [ParNew: 613440K->27369K(613440K), 0.0282204 secs] 1401715K->879071K(2010624K), 0.0283846 secs] [Times: user=0.06 sys=0.00, real=0.02 secs] 
[GC (Allocation Failure) [ParNew: 572713K->68096K(613440K), 0.0616048 secs] 1424415K->959706K(2010624K), 0.0616554 secs] [Times: user=0.20 sys=0.00, real=0.06 secs] 
[GC (Allocation Failure) [ParNew: 613440K->47992K(613440K), 0.1300173 secs] 1505050K->1003004K(2010624K), 0.1300660 secs] [Times: user=0.17 sys=0.00, real=0.13 secs] 
[GC (Allocation Failure) [ParNew (0: promotion failure size = 1237)  (1: promotion failure size = 1237)  (2: promotion failure size = 1237)  (3: promotion failure size = 1237)  (4: promotion failure size = 105)  (5: promotion failure size = 105)  (6: promotion failure size = 105)  (7: promotion failure size = 1237)  (promotion failed): 593336K->613440K(613440K), 1.8408815 secs][CMS: 964624K->750506K(1397184K), 1.6811201 secs] 1548348K->750506K(2010624K), [Metaspace: 9968K->9968K(10240K)], 3.5221267 secs] [Times: user=3.32 sys=0.64, real=3.52 secs] 

*** PauseDetector detected a 3524 ms pause at Fri Dec 19 17:09:58 EET 2014 ***

[GC (Allocation Failure) [ParNew: 545344K->27380K(613440K), 0.0068591 secs] 1295850K->777887K(2010624K), 0.0069072 secs] [Times: user=0.00 sys=0.00, real=0.01 secs] 
[GC (Allocation Failure) [ParNew: 572724K->68096K(613440K), 0.0495232 secs] 1323231K->861214K(2010624K), 0.0495707 secs] [Times: user=0.16 sys=0.00, real=0.05 secs] 
[GC (Allocation Failure) [ParNew: 613440K->26496K(613440K), 0.0287035 secs] 1406558K->881002K(2010624K), 0.0287490 secs] [Times: user=0.06 sys=0.00, real=0.03 secs] 
[GC (Allocation Failure) [ParNew: 571840K->68096K(613440K), 0.0510342 secs] 1426346K->964910K(2010624K), 0.0510791 secs] [Times: user=0.20 sys=0.00, real=0.05 secs] 
[GC (Allocation Failure) [ParNew: 613440K->19786K(613440K), 0.0271502 secs] 1510254K->977649K(2010624K), 0.0271951 secs] [Times: user=0.13 sys=0.00, real=0.03 secs] 
[GC (Allocation Failure) [ParNew: 565130K->68096K(613440K), 0.1492575 secs] 1522993K->1093795K(2010624K), 0.1493069 secs] [Times: user=0.86 sys=0.00, real=0.15 secs] 
[GC (Allocation Failure) [ParNew: 613440K->27259K(613440K), 0.0854964 secs] 1639139K->1117158K(2010624K), 0.0855445 secs] [Times: user=0.30 sys=0.00, real=0.08 secs] 
[GC (Allocation Failure) [ParNew: 572603K->68096K(613440K), 0.1978748 secs] 1662502K->1215246K(2010624K), 0.1980243 secs] [Times: user=0.92 sys=0.00, real=0.19 secs] 
[GC (CMS Initial Mark) [1 CMS-initial-mark: 1147150K(1397184K)] 1226238K(2010624K), 0.0108298 secs] [Times: user=0.11 sys=0.00, real=0.02 secs] 
[CMS-concurrent-mark-start]
[CMS-concurrent-mark: 1.198/1.198 secs] [Times: user=3.57 sys=0.00, real=1.20 secs] 
[CMS-concurrent-preclean-start]
[CMS-concurrent-preclean: 0.005/0.005 secs] [Times: user=0.03 sys=0.00, real=0.01 secs] 
[CMS-concurrent-abortable-preclean-start]
[GC (Allocation Failure) [ParNew: 613440K->27345K(613440K), 0.0739930 secs] 1760590K->1238171K(2010624K), 0.0740449 secs] [Times: user=0.33 sys=0.00, real=0.07 secs] 
[CMS-concurrent-abortable-preclean: 0.854/1.639 secs] [Times: user=3.40 sys=0.00, real=1.64 secs] 
[GC (CMS Final Remark) [YG occupancy: 379210 K (613440 K)][Rescan (parallel) , 0.0804908 secs][weak refs processing, 0.0000160 secs][class unloading, 0.0076258 secs][scrub symbol table, 0.0016694 secs][scrub string table, 0.0007045 secs][1 CMS-remark: 1210825K(1397184K)] 1590035K(2010624K), 0.0913809 secs] [Times: user=0.31 sys=0.00, real=0.08 secs] 
[CMS-concurrent-sweep-start]
[GC (Allocation Failure) [ParNew: 572689K->68096K(613440K), 0.1668412 secs] 1474215K->1024949K(2010624K), 0.1669092 secs] [Times: user=0.73 sys=0.03, real=0.17 secs] 
[CMS-concurrent-sweep: 0.630/0.797 secs] [Times: user=2.03 sys=0.03, real=0.81 secs] 
[CMS-concurrent-reset-start]
[CMS-concurrent-reset: 0.003/0.003 secs] [Times: user=0.00 sys=0.00, real=0.00 secs] 
[GC (Allocation Failure) [ParNew: 613440K->33781K(613440K), 0.0617183 secs] 1436273K->919223K(2010624K), 0.0617652 secs] [Times: user=0.16 sys=0.00, real=0.06 secs] 
[GC (Allocation Failure) [ParNew: 579125K->68096K(613440K), 0.1413886 secs] 1464567K->1003726K(2010624K), 0.1414361 secs] [Times: user=0.59 sys=0.00, real=0.14 secs] 
[GC (Allocation Failure) [ParNew: 613440K->34180K(613440K), 0.0765920 secs] 1549070K->1033421K(2010624K), 0.0766427 secs] [Times: user=0.30 sys=0.00, real=0.07 secs] 
[GC (Allocation Failure) [ParNew: 579524K->68096K(613440K), 0.1331193 secs] 1578765K->1116452K(2010624K), 0.1331661 secs] [Times: user=0.51 sys=0.00, real=0.13 secs] 
[GC (Allocation Failure) [ParNew (0: promotion failure size = 6249)  (1: promotion failure size = 6249)  (2: promotion failure size = 6249)  (3: promotion failure size = 6249)  (4: promotion failure size = 6249)  (5: promotion failure size = 6249)  (6: promotion failure size = 6249)  (7: promotion failure size = 6249)  (promotion failed): 613440K->572686K(613440K), 0.2452802 secs][CMS: 1110119K->760821K(1397184K), 1.9088077 secs] 1661796K->760821K(2010624K), [Metaspace: 9968K->9968K(10240K)]
*** PauseDetector detected a 2148 ms pause at Fri Dec 19 17:10:24 EET 2014 ***

, 2.1541559 secs] [Times: user=2.31 sys=0.00, real=2.15 secs] 
[GC (Allocation Failure) [ParNew: 545344K->68096K(613440K), 0.1050106 secs] 1306165K->878731K(2010624K), 0.1050600 secs] [Times: user=0.45 sys=0.00, real=0.10 secs] 
[Full GC (System.gc()) [CMS: 810635K->756909K(1397184K), 1.6690931 secs] 889714K->756909K(2010624K), [Metaspace: 9968K->9968K(10240K)], 1.6693401 secs] [Times: user=1.68 sys=0.00, real=1.67 secs] 
[Full GC (System.gc()) [CMS: 756909K->756909K(1397184K), 1.3944941 secs] 756909K->756909K(2010624K), [Metaspace: 9968K->9968K(10240K)], 1.3946892 secs] [Times: user=1.39 sys=0.00, real=1.39 secs] 
[Full GC (System.gc()) [CMS: 756909K->752533K(1397184K), 1.4244737 secs] 767830K->752533K(2010624K), [Metaspace: 9968K->9968K(10240K)]
*** PauseDetector detected a 4484 ms pause at Fri Dec 19 17:10:31 EET 2014 ***

, 1.4246399 secs] [Times: user=1.42 sys=0.00, real=1.42 secs] 
[GC (Allocation Failure) [ParNew: 545344K->26721K(613440K), 0.0070458 secs] 1297877K->779255K(2010624K), 0.0071516 secs] [Times: user=0.00 sys=0.00, real=0.01 secs] 
[GC (Allocation Failure) [ParNew: 572065K->68096K(613440K), 0.1230523 secs] 1324599K->876389K(2010624K), 0.1231139 secs] [Times: user=0.48 sys=0.00, real=0.12 secs] 
[GC (Allocation Failure) [ParNew: 613440K->39488K(613440K), 0.0567095 secs] 1421733K->909205K(2010624K), 0.0567718 secs] [Times: user=0.20 sys=0.00, real=0.06 secs] 
[GC (Allocation Failure) [ParNew: 584832K->68096K(613440K), 0.1086124 secs] 1454549K->983107K(2010624K), 0.1086746 secs] [Times: user=0.40 sys=0.00, real=0.11 secs] 
[GC (Allocation Failure) [ParNew: 613440K->20481K(613440K), 0.0587042 secs] 1528451K->999073K(2010624K), 0.0587671 secs] [Times: user=0.19 sys=0.00, real=0.05 secs] 
[GC (Allocation Failure) [ParNew: 565825K->68096K(613440K), 0.0862092 secs] 1544417K->1091826K(2010624K), 0.0862573 secs] [Times: user=0.36 sys=0.00, real=0.08 secs] 
[Full GC (System.gc()) [CMS: 1023730K->753206K(1397184K), 1.5955852 secs] 1310253K->753206K(2010624K), [Metaspace: 9969K->9969K(10240K)], 1.5959124 secs] [Times: user=1.61 sys=0.00, real=1.59 secs] 
[Full GC (System.gc()) [CMS: 753206K->753207K(1397184K), 1.4109076 secs] 764129K->753207K(2010624K), [Metaspace: 9969K->9969K(10240K)], 1.4111199 secs] [Times: user=1.40 sys=0.00, real=1.40 secs] 
[Full GC (System.gc()) [CMS: 753207K->753207K(1397184K), 1.3728910 secs] 753207K->753207K(2010624K), [Metaspace: 9969K->9969K(10240K)]
*** PauseDetector detected a 1593 ms pause at Fri Dec 19 17:10:42 EET 2014 ***

, 1.3730578 secs] [Times: user=1.37 sys=0.00, real=1.37 secs] 
********************************
********** ROUND   26 **********
********************************

*** PauseDetector detected a 2796 ms pause at Fri Dec 19 17:10:45 EET 2014 ***

[GC (Allocation Failure) [ParNew: 545344K->68096K(613440K), 0.0782973 secs] 1298551K->865529K(2010624K), 0.0783569 secs] [Times: user=0.34 sys=0.00, real=0.07 secs] 
[GC (Allocation Failure) [ParNew: 613440K->24271K(613440K), 0.0390174 secs] 1410873K->886169K(2010624K), 0.0391721 secs] [Times: user=0.13 sys=0.00, real=0.03 secs] 
[GC (Allocation Failure) [ParNew: 569615K->68096K(613440K), 0.0749848 secs] 1431513K->973732K(2010624K), 0.0750368 secs] [Times: user=0.31 sys=0.00, real=0.07 secs] 
[GC (Allocation Failure) [ParNew: 613440K->34363K(613440K), 0.0376611 secs] 1519076K->1003138K(2010624K), 0.0377099 secs] [Times: user=0.12 sys=0.00, real=0.03 secs] 
[GC (Allocation Failure) [ParNew: 579707K->68096K(613440K), 0.0694204 secs] 1548482K->1080964K(2010624K), 0.0694705 secs] [Times: user=0.33 sys=0.00, real=0.06 secs] 
[GC (Allocation Failure) [ParNew: 613440K->26881K(613440K), 0.0366256 secs] 1626308K->1101889K(2010624K), 0.0367835 secs] [Times: user=0.13 sys=0.00, real=0.03 secs] 
[GC (Allocation Failure) [ParNew: 572225K->68096K(613440K), 0.0708428 secs] 1647233K->1188136K(2010624K), 0.0708916 secs] [Times: user=0.27 sys=0.00, real=0.07 secs] 
[GC (Allocation Failure) [ParNew: 613440K->26433K(613440K), 0.0361496 secs] 1733480K->1207406K(2010624K), 0.0363113 secs] [Times: user=0.12 sys=0.00, real=0.03 secs] 
[GC (CMS Initial Mark) [1 CMS-initial-mark: 1180972K(1397184K)] 1207408K(2010624K), 0.0034703 secs] [Times: user=0.00 sys=0.00, real=0.00 secs] 
[CMS-concurrent-mark-start]
[CMS-concurrent-mark: 1.133/1.133 secs] [Times: user=3.73 sys=0.00, real=1.14 secs] 
[CMS-concurrent-preclean-start]
[CMS-concurrent-preclean: 0.112/0.118 secs] [Times: user=0.25 sys=0.00, real=0.12 secs] 
[CMS-concurrent-abortable-preclean-start]
[GC (Allocation Failure) [ParNew[CMS-concurrent-abortable-preclean: 0.066/0.391 secs] [Times: user=0.56 sys=0.00, real=0.39 secs] 
: 571777K->68096K(613440K), 0.0722690 secs] 1752750K->1291748K(2010624K), 0.0723210 secs] [Times: user=0.28 sys=0.00, real=0.06 secs] 
[GC (CMS Final Remark) [YG occupancy: 68166 K (613440 K)][Rescan (parallel) , 0.0344776 secs][weak refs processing, 0.0000154 secs][class unloading, 0.0052398 secs][scrub symbol table, 0.0011696 secs][scrub string table, 0.0004619 secs][1 CMS-remark: 1223652K(1397184K)] 1291819K(2010624K), 0.0422523 secs] [Times: user=0.20 sys=0.00, real=0.05 secs] 
[CMS-concurrent-sweep-start]
[CMS-concurrent-sweep: 0.652/0.652 secs] [Times: user=1.33 sys=0.00, real=0.65 secs] 
[CMS-concurrent-reset-start]
[CMS-concurrent-reset: 0.003/0.003 secs] [Times: user=0.00 sys=0.00, real=0.00 secs] 
[GC (Allocation Failure) [ParNew: 613440K->34024K(613440K), 0.0334049 secs] 1300970K->784621K(2010624K), 0.0335660 secs] [Times: user=0.06 sys=0.00, real=0.03 secs] 
[GC (Allocation Failure) [ParNew: 579368K->68096K(613440K), 0.0717282 secs] 1329965K->861369K(2010624K), 0.0717757 secs] [Times: user=0.25 sys=0.00, real=0.07 secs] 
[GC (Allocation Failure) [ParNew: 613440K->20367K(613440K), 0.0397880 secs] 1406713K->876524K(2010624K), 0.0398380 secs] [Times: user=0.11 sys=0.00, real=0.04 secs] 
[GC (Allocation Failure) [ParNew: 565711K->68096K(613440K), 0.0893824 secs] 1421868K->965478K(2010624K), 0.0894312 secs] [Times: user=0.28 sys=0.00, real=0.09 secs] 
[GC (Allocation Failure) [ParNew (0: promotion failure size = 1854)  (1: promotion failure size = 1854)  (2: promotion failure size = 1854)  (3: promotion failure size = 1854)  (4: promotion failure size = 1854)  (5: promotion failure size = 1854)  (6: promotion failure size = 1854)  (7: promotion failure size = 1854)  (promotion failed): 613440K->593311K(613440K), 0.4024163 secs][CMS: 959504K->753049K(1397184K), 1.6376597 secs] 1510822K->753049K(2010624K), [Metaspace: 9969K->9969K(10240K)], 2.0401363 secs] [Times: user=2.11 sys=0.05, real=2.03 secs] 

*** PauseDetector detected a 2038 ms pause at Fri Dec 19 17:11:08 EET 2014 ***

[GC (Allocation Failure) [ParNew: 545344K->68096K(613440K), 0.0607123 secs] 1298393K->864688K(2010624K), 0.0607598 secs] [Times: user=0.28 sys=0.00, real=0.06 secs] 
[GC (Allocation Failure) [ParNew: 613440K->20013K(613440K), 0.0317028 secs] 1410032K->878854K(2010624K), 0.0317452 secs] [Times: user=0.11 sys=0.00, real=0.03 secs] 
[GC (Allocation Failure) [ParNew: 565357K->68096K(613440K), 0.0574140 secs] 1424198K->969460K(2010624K), 0.0574634 secs] [Times: user=0.23 sys=0.00, real=0.05 secs] 
[GC (Allocation Failure) [ParNew: 613440K->26808K(613440K), 0.0308630 secs] 1514804K->990333K(2010624K), 0.0309265 secs] [Times: user=0.06 sys=0.00, real=0.03 secs] 
[GC (Allocation Failure) [ParNew: 572152K->68096K(613440K), 0.0585059 secs] 1535677K->1072492K(2010624K), 0.0585528 secs] [Times: user=0.28 sys=0.00, real=0.06 secs] 
[GC (Allocation Failure) [ParNew: 613440K->20538K(613440K), 0.0305326 secs] 1617836K->1088486K(2010624K), 0.0306558 secs] [Times: user=0.13 sys=0.00, real=0.03 secs] 
[GC (Allocation Failure) [ParNew: 565882K->68096K(613440K), 0.0559114 secs] 1633830K->1178882K(2010624K), 0.0559627 secs] [Times: user=0.25 sys=0.00, real=0.05 secs] 
[GC (Allocation Failure) [ParNew: 613440K->26638K(613440K), 0.0320846 secs] 1724226K->1198740K(2010624K), 0.0321256 secs] [Times: user=0.13 sys=0.00, real=0.03 secs] 
[GC (CMS Initial Mark) [1 CMS-initial-mark: 1172102K(1397184K)] 1209663K(2010624K), 0.0034510 secs] [Times: user=0.00 sys=0.00, real=0.00 secs] 
[CMS-concurrent-mark-start]
[CMS-concurrent-mark: 1.108/1.108 secs] [Times: user=3.56 sys=0.00, real=1.12 secs] 
[CMS-concurrent-preclean-start]
[CMS-concurrent-preclean: 0.074/0.078 secs] [Times: user=0.16 sys=0.00, real=0.08 secs] 
[CMS-concurrent-abortable-preclean-start]
[GC (Allocation Failure) [ParNew[CMS-concurrent-abortable-preclean: 0.061/0.361 secs] [Times: user=0.51 sys=0.00, real=0.36 secs] 
: 571982K->68096K(613440K), 0.0605545 secs] 1744084K->1281631K(2010624K), 0.0606026 secs] [Times: user=0.22 sys=0.00, real=0.06 secs] 
[GC (CMS Final Remark) [YG occupancy: 68096 K (613440 K)][Rescan (parallel) , 0.0285078 secs][weak refs processing, 0.0000148 secs][class unloading, 0.0050531 secs][scrub symbol table, 0.0010554 secs][scrub string table, 0.0003490 secs][1 CMS-remark: 1213535K(1397184K)] 1281631K(2010624K), 0.0357640 secs] [Times: user=0.08 sys=0.00, real=0.03 secs] 
[CMS-concurrent-sweep-start]
[CMS-concurrent-sweep: 0.525/0.525 secs] [Times: user=1.11 sys=0.00, real=0.53 secs] 
[CMS-concurrent-reset-start]
[CMS-concurrent-reset: 0.003/0.003 secs] [Times: user=0.00 sys=0.00, real=0.00 secs] 
[GC (Allocation Failure) [ParNew: 613440K->27066K(613440K), 0.0478815 secs] 1299167K->775455K(2010624K), 0.0479321 secs] [Times: user=0.19 sys=0.00, real=0.04 secs] 
[GC (Allocation Failure) [ParNew: 572410K->68096K(613440K), 0.0570733 secs] 1320799K->857035K(2010624K), 0.0571246 secs] [Times: user=0.22 sys=0.00, real=0.06 secs] 
[GC (Allocation Failure) [ParNew: 613440K->27404K(613440K), 0.0295074 secs] 1402379K->879750K(2010624K), 0.0295555 secs] [Times: user=0.06 sys=0.00, real=0.02 secs] 
[GC (Allocation Failure) [ParNew: 572748K->68096K(613440K), 0.0754217 secs] 1425094K->960904K(2010624K), 0.0754692 secs] [Times: user=0.25 sys=0.00, real=0.07 secs] 
[GC (Allocation Failure) [ParNew (0: promotion failure size = 97)  (1: promotion failure size = 1854)  (2: promotion failure size = 97)  (3: promotion failure size = 97)  (4: promotion failure size = 1854)  (5: promotion failure size = 1854)  (6: promotion failure size = 97)  (7: promotion failure size = 97)  (promotion failed): 613440K->559056K(613440K), 2.8119791 secs][CMS: 907528K->752268K(1397184K), 1.8448804 secs] 1506248K->752268K(2010624K), [Metaspace: 9969K->9969K(10240K)], 4.6569288 secs] [Times: user=5.01 sys=0.83, real=4.65 secs] 

*** PauseDetector detected a 4656 ms pause at Fri Dec 19 17:11:34 EET 2014 ***

[GC (Allocation Failure) [ParNew: 545344K->68096K(613440K), 0.0530526 secs] 1297612K->864193K(2010624K), 0.0530987 secs] [Times: user=0.19 sys=0.00, real=0.05 secs] 
[GC (Allocation Failure) [ParNew: 613440K->26199K(613440K), 0.0284847 secs] 1409537K->882676K(2010624K), 0.0285354 secs] [Times: user=0.08 sys=0.00, real=0.03 secs] 
[GC (Allocation Failure) [ParNew: 571543K->68096K(613440K), 0.0512683 secs] 1428020K->966209K(2010624K), 0.0513267 secs] [Times: user=0.20 sys=0.00, real=0.05 secs] 
[GC (Allocation Failure) [ParNew: 613440K->26715K(613440K), 0.0300206 secs] 1511553K->986599K(2010624K), 0.0301861 secs] [Times: user=0.12 sys=0.00, real=0.03 secs] 
[GC (Allocation Failure) [ParNew: 572059K->68096K(613440K), 0.0588267 secs] 1531943K->1068423K(2010624K), 0.0588781 secs] [Times: user=0.19 sys=0.00, real=0.06 secs] 
[GC (Allocation Failure) [ParNew: 613440K->20348K(613440K), 0.0280426 secs] 1613767K->1083483K(2010624K), 0.0280876 secs] [Times: user=0.13 sys=0.00, real=0.03 secs] 
[GC (Allocation Failure) [ParNew: 565692K->68096K(613440K), 0.0536486 secs] 1628827K->1171249K(2010624K), 0.0537666 secs] [Times: user=0.19 sys=0.00, real=0.05 secs] 
[GC (Allocation Failure) [ParNew: 613440K->34117K(613440K), 0.0294297 secs] 1716593K->1200359K(2010624K), 0.0294798 secs] [Times: user=0.09 sys=0.00, real=0.03 secs] 
[GC (CMS Initial Mark) [1 CMS-initial-mark: 1166241K(1397184K)] 1200420K(2010624K), 0.0033811 secs] [Times: user=0.00 sys=0.00, real=0.00 secs] 
[CMS-concurrent-mark-start]
[CMS-concurrent-mark: 1.121/1.121 secs] [Times: user=3.98 sys=0.00, real=1.13 secs] 
[CMS-concurrent-preclean-start]
[CMS-concurrent-preclean: 0.060/0.063 secs] [Times: user=0.13 sys=0.00, real=0.06 secs] 
[CMS-concurrent-abortable-preclean-start]
[GC (Allocation Failure) [ParNew[CMS-concurrent-abortable-preclean: 0.076/0.488 secs] [Times: user=0.64 sys=0.00, real=0.49 secs] 
: 579461K->68096K(613440K), 0.1736663 secs] 1745703K->1302215K(2010624K), 0.1737189 secs] [Times: user=0.78 sys=0.00, real=0.17 secs] 
[GC (CMS Final Remark) [YG occupancy: 79017 K (613440 K)][Rescan (parallel) , 0.0488996 secs][weak refs processing, 0.0000160 secs][class unloading, 0.0055824 secs][scrub symbol table, 0.0014775 secs][scrub string table, 0.0003516 secs][1 CMS-remark: 1234119K(1397184K)] 1313136K(2010624K), 0.0571522 secs] [Times: user=0.30 sys=0.00, real=0.06 secs] 
[CMS-concurrent-sweep-start]
[CMS-concurrent-sweep: 0.508/0.508 secs] [Times: user=1.05 sys=0.00, real=0.51 secs] 
[CMS-concurrent-reset-start]
[CMS-concurrent-reset: 0.003/0.003 secs] [Times: user=0.00 sys=0.00, real=0.00 secs] 
[GC (Allocation Failure) [ParNew: 613440K->40883K(613440K), 0.0745486 secs] 1323795K->815464K(2010624K), 0.0745967 secs] [Times: user=0.30 sys=0.00, real=0.07 secs] 
[GC (Allocation Failure) [ParNew: 586227K->68096K(613440K), 0.1894837 secs] 1360808K->899946K(2010624K), 0.1895369 secs] [Times: user=0.86 sys=0.00, real=0.19 secs] 
[GC (Allocation Failure) [ParNew: 613440K->27337K(613440K), 0.0692645 secs] 1445290K->923029K(2010624K), 0.0693165 secs] [Times: user=0.22 sys=0.00, real=0.06 secs] 
[GC (Allocation Failure) [ParNew (0: promotion failure size = 9372)  (1: promotion failure size = 9372)  (2: promotion failure size = 9372)  (3: promotion failure size = 9372)  (promotion failed): 572681K->613440K(613440K), 0.2730521 secs][CMS: 951775K->764464K(1397184K), 1.7360910 secs] 1468373K->764464K(2010624K), [Metaspace: 9969K->9969K(10240K)], 2.0092111 secs] [Times: user=2.54 sys=0.00, real=2.01 secs] 

*** PauseDetector detected a 2014 ms pause at Fri Dec 19 17:11:57 EET 2014 ***

[GC (Allocation Failure) [ParNew: 545344K->26583K(613440K), 0.0076925 secs] 1309808K->791048K(2010624K), 0.0077554 secs] [Times: user=0.05 sys=0.00, real=0.01 secs] 
[GC (Allocation Failure) [ParNew: 571927K->68096K(613440K), 0.1365011 secs] 1336392K->884706K(2010624K), 0.1365549 secs] [Times: user=0.58 sys=0.00, real=0.13 secs] 
[GC (Allocation Failure) [ParNew: 613440K->34209K(613440K), 0.0569456 secs] 1430050K->915418K(2010624K), 0.0569912 secs] [Times: user=0.22 sys=0.00, real=0.05 secs] 
[GC (Allocation Failure) [ParNew: 579553K->68096K(613440K), 0.1229369 secs] 1460762K->998293K(2010624K), 0.1229850 secs] [Times: user=0.53 sys=0.00, real=0.12 secs] 
[GC (Allocation Failure) [ParNew: 613440K->27380K(613440K), 0.0616105 secs] 1543637K->1021316K(2010624K), 0.0616612 secs] [Times: user=0.20 sys=0.00, real=0.06 secs] 
[GC (Allocation Failure) [ParNew: 572724K->68096K(613440K), 0.1149993 secs] 1566660K->1108711K(2010624K), 0.1150506 secs] [Times: user=0.48 sys=0.00, real=0.11 secs] 
[Full GC (System.gc()) [CMS: 1040615K->755910K(1397184K), 1.6740897 secs] 1427111K->755910K(2010624K), [Metaspace: 9969K->9969K(10240K)], 1.6744169 secs] [Times: user=1.67 sys=0.00, real=1.67 secs] 
[Full GC (System.gc()) [CMS: 755910K->755911K(1397184K), 1.4298802 secs] 755912K->755911K(2010624K), [Metaspace: 9969K->9969K(10240K)], 1.4302216 secs] [Times: user=1.44 sys=0.00, real=1.43 secs] 
[Full GC (System.gc()) [CMS: 755911K->755834K(1397184K), 1.6102029 secs] 766809K->755834K(2010624K), [Metaspace: 9969K->9969K(10240K)]
*** PauseDetector detected a 1668 ms pause at Fri Dec 19 17:12:09 EET 2014 ***

, 1.6104075 secs] [Times: user=1.61 sys=0.00, real=1.62 secs] 

*** PauseDetector detected a 3058 ms pause at Fri Dec 19 17:12:12 EET 2014 ***

[GC (Allocation Failure) [ParNew: 545344K->68096K(613440K), 0.1140626 secs] 1301178K->878615K(2010624K), 0.1141235 secs] [Times: user=0.44 sys=0.00, real=0.11 secs] 
[GC (Allocation Failure) [ParNew: 613440K->44347K(613440K), 0.0603954 secs] 1423959K->914512K(2010624K), 0.0604576 secs] [Times: user=0.20 sys=0.00, real=0.06 secs] 
[GC (Allocation Failure) [ParNew: 589691K->68096K(613440K), 0.0982028 secs] 1459856K->983843K(2010624K), 0.0982638 secs] [Times: user=0.41 sys=0.00, real=0.09 secs] 
[GC (Allocation Failure) [ParNew: 613440K->20620K(613440K), 0.0444221 secs] 1529187K->1000065K(2010624K), 0.0444702 secs] [Times: user=0.14 sys=0.00, real=0.04 secs] 
[GC (Allocation Failure) [ParNew: 565964K->68096K(613440K), 0.0958046 secs] 1545409K->1093699K(2010624K), 0.0958656 secs] [Times: user=0.44 sys=0.00, real=0.09 secs] 
[GC (Allocation Failure) [ParNew: 613440K->40402K(613440K), 0.0596954 secs] 1639043K->1128263K(2010624K), 0.0598648 secs] [Times: user=0.20 sys=0.00, real=0.05 secs] 
[Full GC (System.gc()) [CMS: 1087860K->749804K(1397184K), 1.6533893 secs] 1281878K->749804K(2010624K), [Metaspace: 9969K->9969K(10240K)], 1.6536023 secs] [Times: user=1.65 sys=0.00, real=1.65 secs] 
[Full GC (System.gc()) [CMS: 749804K->749726K(1397184K), 1.5133704 secs] 760778K->749726K(2010624K), [Metaspace: 9969K->9969K(10240K)], 1.5135822 secs] [Times: user=1.51 sys=0.00, real=1.52 secs] 
[Full GC (System.gc()) [CMS: 749726K->749726K(1397184K), 1.7161662 secs] 749726K->749726K(2010624K), [Metaspace: 9969K->9969K(10240K)]
*** PauseDetector detected a 1652 ms pause at Fri Dec 19 17:12:23 EET 2014 ***

, 1.7163914 secs] [Times: user=1.72 sys=0.00, real=1.71 secs] 
********************************
********** ROUND   27 **********
********************************

*** PauseDetector detected a 3239 ms pause at Fri Dec 19 17:12:27 EET 2014 ***

[GC (Allocation Failure) [ParNew: 545344K->9104K(613440K), 0.0062695 secs] 1295070K->758831K(2010624K), 0.0064613 secs] [Times: user=0.00 sys=0.02, real=0.01 secs] 
[GC (Allocation Failure) [ParNew: 554448K->68096K(613440K), 0.0737825 secs] 1304175K->862017K(2010624K), 0.0738255 secs] [Times: user=0.25 sys=0.00, real=0.07 secs] 
[GC (Allocation Failure) [ParNew: 613440K->26400K(613440K), 0.0382867 secs] 1407361K->884045K(2010624K), 0.0383399 secs] [Times: user=0.08 sys=0.00, real=0.04 secs] 
[GC (Allocation Failure) [ParNew: 571744K->68096K(613440K), 0.0696822 secs] 1429389K->971839K(2010624K), 0.0697329 secs] [Times: user=0.31 sys=0.00, real=0.06 secs] 
[GC (Allocation Failure) [ParNew: 613440K->32656K(613440K), 0.0443451 secs] 1517183K->996784K(2010624K), 0.0444926 secs] [Times: user=0.19 sys=0.00, real=0.04 secs] 
[GC (Allocation Failure) [ParNew: 578000K->68096K(613440K), 0.0683971 secs] 1542128K->1076583K(2010624K), 0.0684452 secs] [Times: user=0.28 sys=0.00, real=0.06 secs] 
[GC (Allocation Failure) [ParNew: 613440K->46590K(613440K), 0.0502219 secs] 1621927K->1116897K(2010624K), 0.0502745 secs] [Times: user=0.17 sys=0.00, real=0.04 secs] 
[GC (Allocation Failure) [ParNew: 591934K->68096K(613440K), 0.0656274 secs] 1662241K->1183111K(2010624K), 0.0656762 secs] [Times: user=0.25 sys=0.00, real=0.06 secs] 
[GC (Allocation Failure) [ParNew: 613440K->26422K(613440K), 0.0390893 secs] 1728455K->1202614K(2010624K), 0.0391490 secs] [Times: user=0.13 sys=0.00, real=0.03 secs] 
[GC (CMS Initial Mark) [1 CMS-initial-mark: 1176192K(1397184K)] 1202615K(2010624K), 0.0041279 secs] [Times: user=0.02 sys=0.00, real=0.01 secs] 
[CMS-concurrent-mark-start]
[CMS-concurrent-mark: 1.084/1.084 secs] [Times: user=3.46 sys=0.02, real=1.08 secs] 
[CMS-concurrent-preclean-start]
[CMS-concurrent-preclean: 0.083/0.088 secs] [Times: user=0.19 sys=0.00, real=0.09 secs] 
[CMS-concurrent-abortable-preclean-start]
[GC (Allocation Failure) [ParNew: 571766K->68096K(613440K), 0.0634095 secs] 1747958K->1286893K(2010624K), 0.0634596 secs] [Times: user=0.27 sys=0.00, real=0.06 secs] 
[CMS-concurrent-abortable-preclean: 0.819/1.513 secs] [Times: user=2.54 sys=0.00, real=1.51 secs] 
[GC (CMS Final Remark) [YG occupancy: 476336 K (613440 K)][Rescan (parallel) , 0.1022249 secs][weak refs processing, 0.0000160 secs][class unloading, 0.0059217 secs][scrub symbol table, 0.0011433 secs][scrub string table, 0.0003792 secs][1 CMS-remark: 1218797K(1397184K)] 1695134K(2010624K), 0.1105345 secs] [Times: user=0.48 sys=0.00, real=0.11 secs] 
[CMS-concurrent-sweep-start]
[GC (Allocation Failure) [ParNew: 613440K->40788K(613440K), 0.0318876 secs] 1832237K->1322567K(2010624K), 0.0319364 secs] [Times: user=0.19 sys=0.00, real=0.03 secs] 
[CMS-concurrent-sweep: 0.598/0.630 secs] [Times: user=1.55 sys=0.00, real=0.63 secs] 
[CMS-concurrent-reset-start]
[CMS-concurrent-reset: 0.003/0.003 secs] [Times: user=0.03 sys=0.00, real=0.00 secs] 
[GC (Allocation Failure) [ParNew: 586132K->68096K(613440K), 0.0642846 secs] 1336334K->861252K(2010624K), 0.0643353 secs] [Times: user=0.30 sys=0.00, real=0.06 secs] 
[GC (Allocation Failure) [ParNew: 613440K->46775K(613440K), 0.0308842 secs] 1406596K->901644K(2010624K), 0.0310401 secs] [Times: user=0.13 sys=0.00, real=0.03 secs] 
[GC (Allocation Failure) [ParNew: 592119K->68096K(613440K), 0.1222375 secs] 1446988K->964058K(2010624K), 0.1222914 secs] [Times: user=0.27 sys=0.00, real=0.11 secs] 
[GC (Allocation Failure) [ParNew: 613440K->47842K(613440K), 0.2363489 secs] 1509402K->1007223K(2010624K), 0.2364008 secs] [Times: user=0.28 sys=0.02, real=0.24 secs] 
[GC (Allocation Failure) [ParNew (0: promotion failure size = 77)  (1: promotion failure size = 77)  (2: promotion failure size = 77)  (3: promotion failure size = 77)  (4: promotion failure size = 77)  (5: promotion failure size = 77)  (6: promotion failure size = 1854)  (7: promotion failure size = 1854)  (promotion failed): 593186K->613440K(613440K), 0.3405126 secs][CMS: 998146K->751610K(1397184K), 1.8650670 secs] 1552567K->751610K(2010624K), [Metaspace: 9969K->9969K(10240K)], 2.2056552 secs] [Times: user=2.43 sys=0.02, real=2.20 secs] 

*** PauseDetector detected a 2208 ms pause at Fri Dec 19 17:12:53 EET 2014 ***

[GC (Allocation Failure) [ParNew: 545344K->27376K(613440K), 0.0069335 secs] 1296954K->778987K(2010624K), 0.0069714 secs] [Times: user=0.00 sys=0.00, real=0.01 secs] 
[GC (Allocation Failure) [ParNew: 572720K->68096K(613440K), 0.0562951 secs] 1324331K->861030K(2010624K), 0.0563432 secs] [Times: user=0.28 sys=0.00, real=0.05 secs] 
[GC (Allocation Failure) [ParNew: 613440K->34267K(613440K), 0.0309856 secs] 1406374K->891098K(2010624K), 0.0310375 secs] [Times: user=0.09 sys=0.00, real=0.03 secs] 
[GC (Allocation Failure) [ParNew: 579611K->68096K(613440K), 0.0566531 secs] 1436442K->968203K(2010624K), 0.0567044 secs] [Times: user=0.20 sys=0.00, real=0.06 secs] 
[GC (Allocation Failure) [ParNew: 613440K->26466K(613440K), 0.0321122 secs] 1513547K->987704K(2010624K), 0.0321609 secs] [Times: user=0.08 sys=0.00, real=0.03 secs] 
[GC (Allocation Failure) [ParNew: 571810K->68096K(613440K), 0.0559518 secs] 1533048K->1071016K(2010624K), 0.0559955 secs] [Times: user=0.26 sys=0.00, real=0.05 secs] 
[GC (Allocation Failure) [ParNew: 613440K->26994K(613440K), 0.0293470 secs] 1616360K->1092348K(2010624K), 0.0295022 secs] [Times: user=0.13 sys=0.00, real=0.03 secs] 
[GC (Allocation Failure) [ParNew: 572338K->68096K(613440K), 0.0522981 secs] 1637692K->1174010K(2010624K), 0.0523462 secs] [Times: user=0.30 sys=0.00, real=0.05 secs] 
[GC (Allocation Failure) [ParNew: 613440K->27398K(613440K), 0.0311350 secs] 1719354K->1196730K(2010624K), 0.0311883 secs] [Times: user=0.08 sys=0.00, real=0.03 secs] 
[GC (CMS Initial Mark) [1 CMS-initial-mark: 1169331K(1397184K)] 1196797K(2010624K), 0.0045167 secs] [Times: user=0.00 sys=0.00, real=0.00 secs] 
[CMS-concurrent-mark-start]
[CMS-concurrent-mark: 1.123/1.123 secs] [Times: user=3.56 sys=0.00, real=1.13 secs] 
[CMS-concurrent-preclean-start]
[CMS-concurrent-preclean: 0.069/0.073 secs] [Times: user=0.16 sys=0.00, real=0.07 secs] 
[CMS-concurrent-abortable-preclean-start]
[GC (Allocation Failure) [ParNew[CMS-concurrent-abortable-preclean: 0.060/0.369 secs] [Times: user=0.55 sys=0.00, real=0.37 secs] 
: 572742K->68096K(613440K), 0.0560821 secs] 1742074K->1281099K(2010624K), 0.0561289 secs] [Times: user=0.20 sys=0.00, real=0.06 secs] 
[GC (CMS Final Remark) [YG occupancy: 68096 K (613440 K)][Rescan (parallel) , 0.0266453 secs][weak refs processing, 0.0000167 secs][class unloading, 0.0052834 secs][scrub symbol table, 0.0011221 secs][scrub string table, 0.0003522 secs][1 CMS-remark: 1213003K(1397184K)] 1281099K(2010624K), 0.0342467 secs] [Times: user=0.09 sys=0.00, real=0.03 secs] 
[CMS-concurrent-sweep-start]
[CMS-concurrent-sweep: 0.483/0.483 secs] [Times: user=0.97 sys=0.00, real=0.48 secs] 
[CMS-concurrent-reset-start]
[CMS-concurrent-reset: 0.003/0.003 secs] [Times: user=0.00 sys=0.00, real=0.00 secs] 
[GC (Allocation Failure) [ParNew: 613440K->32770K(613440K), 0.0280843 secs] 1300980K->780513K(2010624K), 0.0281331 secs] [Times: user=0.06 sys=0.00, real=0.03 secs] 
[GC (Allocation Failure) [ParNew: 578114K->68096K(613440K), 0.0514153 secs] 1325857K->855767K(2010624K), 0.0514653 secs] [Times: user=0.23 sys=0.00, real=0.05 secs] 
[GC (Allocation Failure) [ParNew: 613440K->34132K(613440K), 0.0280683 secs] 1401111K->885197K(2010624K), 0.0281183 secs] [Times: user=0.13 sys=0.00, real=0.03 secs] 
[GC (Allocation Failure) [ParNew: 579476K->68096K(613440K), 0.0697072 secs] 1430541K->959011K(2010624K), 0.0697605 secs] [Times: user=0.22 sys=0.00, real=0.07 secs] 
[GC (Allocation Failure) [ParNew (0: promotion failure size = 105)  (1: promotion failure size = 105)  (2: promotion failure size = 1237)  (3: promotion failure size = 105)  (4: promotion failure size = 105)  (5: promotion failure size = 105)  (6: promotion failure size = 105)  (7: promotion failure size = 1237)  (promotion failed): 613440K->565873K(613440K), 0.3620772 secs][CMS: 954220K->751638K(1397184K), 1.6544145 secs] 1504355K->751638K(2010624K), [Metaspace: 9969K->9969K(10240K)], 2.0165924 secs] [Times: user=2.06 sys=0.03, real=2.01 secs] 

*** PauseDetector detected a 2011 ms pause at Fri Dec 19 17:13:17 EET 2014 ***

[GC (Allocation Failure) [ParNew: 545344K->68096K(613440K), 0.0482638 secs] 1296982K->860486K(2010624K), 0.0483139 secs] [Times: user=0.23 sys=0.00, real=0.05 secs] 
[GC (Allocation Failure) [ParNew: 613440K->27198K(613440K), 0.0279515 secs] 1405830K->882778K(2010624K), 0.0279964 secs] [Times: user=0.06 sys=0.00, real=0.03 secs] 
[GC (Allocation Failure) [ParNew: 572542K->68096K(613440K), 0.0517162 secs] 1428122K->964694K(2010624K), 0.0517611 secs] [Times: user=0.19 sys=0.00, real=0.05 secs] 
[GC (Allocation Failure) [ParNew: 613440K->26943K(613440K), 0.0404931 secs] 1510038K->985889K(2010624K), 0.0405412 secs] [Times: user=0.14 sys=0.00, real=0.04 secs] 
[GC (Allocation Failure) [ParNew: 572287K->68096K(613440K), 0.1542926 secs] 1531233K->1094788K(2010624K), 0.1543420 secs] [Times: user=0.83 sys=0.00, real=0.15 secs] 
[GC (Allocation Failure) [ParNew: 613440K->41057K(613440K), 0.0805800 secs] 1640132K->1131739K(2010624K), 0.0806275 secs] [Times: user=0.28 sys=0.00, real=0.08 secs] 
[GC (Allocation Failure) [ParNew: 586401K->68096K(613440K), 0.1917042 secs] 1677083K->1215849K(2010624K), 0.1917516 secs] [Times: user=0.83 sys=0.00, real=0.19 secs] 
[GC (Allocation Failure) [ParNew: 613440K->27359K(613440K), 0.0727432 secs] 1761193K->1239167K(2010624K), 0.0727964 secs] [Times: user=0.20 sys=0.00, real=0.07 secs] 
[GC (CMS Initial Mark) [1 CMS-initial-mark: 1211808K(1397184K)] 1250142K(2010624K), 0.0053469 secs] [Times: user=0.00 sys=0.00, real=0.00 secs] 
[CMS-concurrent-mark-start]
[CMS-concurrent-mark: 1.304/1.304 secs] [Times: user=4.65 sys=0.00, real=1.31 secs] 
[CMS-concurrent-preclean-start]
[CMS-concurrent-preclean: 0.310/0.321 secs] [Times: user=0.66 sys=0.00, real=0.32 secs] 
[CMS-concurrent-abortable-preclean-start]
[GC (Allocation Failure) [ParNew[CMS-concurrent-abortable-preclean: 0.074/0.521 secs] [Times: user=1.03 sys=0.00, real=0.52 secs] 
: 572703K->68096K(613440K), 0.1674141 secs] 1784511K->1334274K(2010624K), 0.1674718 secs] [Times: user=0.78 sys=0.00, real=0.17 secs] 
[GC (CMS Final Remark) [YG occupancy: 79070 K (613440 K)][Rescan (parallel) , 0.1120621 secs][weak refs processing, 0.0000212 secs][class unloading, 0.0052417 secs][scrub symbol table, 0.0010592 secs][scrub string table, 0.0003541 secs][1 CMS-remark: 1266178K(1397184K)] 1345248K(2010624K), 0.1195320 secs] [Times: user=0.69 sys=0.00, real=0.12 secs] 
[CMS-concurrent-sweep-start]
[CMS-concurrent-sweep: 0.678/0.678 secs] [Times: user=1.36 sys=0.00, real=0.68 secs] 
[CMS-concurrent-reset-start]
[CMS-concurrent-reset: 0.003/0.003 secs] [Times: user=0.00 sys=0.00, real=0.00 secs] 
[GC (Allocation Failure) [ParNew: 613440K->54770K(613440K), 0.0609478 secs] 1315144K->820041K(2010624K), 0.0609985 secs] [Times: user=0.22 sys=0.00, real=0.05 secs] 
[GC (Allocation Failure) [ParNew: 600114K->68096K(613440K), 0.1461895 secs] 1365385K->883733K(2010624K), 0.1462376 secs] [Times: user=0.56 sys=0.00, real=0.14 secs] 
[GC (Allocation Failure) [ParNew: 613440K->34166K(613440K), 0.0578618 secs] 1429077K->913262K(2010624K), 0.0579131 secs] [Times: user=0.22 sys=0.00, real=0.05 secs] 
[GC (Allocation Failure) [ParNew: 579510K->68096K(613440K), 0.1322763 secs] 1458606K->996221K(2010624K), 0.1323282 secs] [Times: user=0.53 sys=0.00, real=0.12 secs] 
[GC (Allocation Failure) [ParNew: 613440K->41048K(613440K), 0.0555258 secs] 1541565K->1032706K(2010624K), 0.0555739 secs] [Times: user=0.14 sys=0.00, real=0.05 secs] 
[GC (Allocation Failure) [ParNew (0: promotion failure size = 4167)  (1: promotion failure size = 4167)  (2: promotion failure size = 4167)  (3: promotion failure size = 4167)  (4: promotion failure size = 4167)  (5: promotion failure size = 4167)  (6: promotion failure size = 4167)  (7: promotion failure size = 4167)  (promotion failed): 586392K->613440K(613440K), 4.9733194 secs][CMS: 1011400K->757046K(1397184K), 1.8838395 secs] 1578050K->757046K(2010624K), [Metaspace: 9969K->9969K(10240K)], 6.8572962 secs]
*** PauseDetector detected a 6856 ms pause at Fri Dec 19 17:13:49 EET 2014 ***

 [Times: user=7.63 sys=1.08, real=6.86 secs] 
[GC (Allocation Failure) [ParNew: 545344K->27380K(613440K), 0.0072569 secs] 1302390K->784426K(2010624K), 0.0073063 secs] [Times: user=0.00 sys=0.00, real=0.01 secs] 
[Full GC (System.gc()) [CMS: 757046K->674603K(1397184K), 1.5224558 secs] 829034K->674603K(2010624K), [Metaspace: 9969K->9969K(10240K)], 1.5226874 secs] [Times: user=1.51 sys=0.00, real=1.52 secs] 
[Full GC (System.gc()) [CMS: 674603K->674610K(1397184K), 1.3181767 secs] 685577K->674610K(2010624K), [Metaspace: 9969K->9969K(10240K)], 1.3184058 secs] [Times: user=1.33 sys=0.00, real=1.32 secs] 
[Full GC (System.gc()) [CMS: 674610K->674610K(1397184K), 1.3113760 secs] 674612K->674610K(2010624K), [Metaspace: 9969K->9969K(10240K)]
*** PauseDetector detected a 1519 ms pause at Fri Dec 19 17:13:52 EET 2014 ***

, 1.3115730 secs] [Times: user=1.31 sys=0.00, real=1.31 secs] 

*** PauseDetector detected a 2642 ms pause at Fri Dec 19 17:13:55 EET 2014 ***

[GC (Allocation Failure) [ParNew: 545344K->68096K(613440K), 0.0546546 secs] 1219954K->758212K(2010624K), 0.0547181 secs] [Times: user=0.22 sys=0.00, real=0.05 secs] 
[GC (Allocation Failure) [ParNew: 613440K->27410K(613440K), 0.0438139 secs] 1303556K->781898K(2010624K), 0.0439326 secs] [Times: user=0.17 sys=0.00, real=0.04 secs] 
[GC (Allocation Failure) [ParNew: 572754K->68096K(613440K), 0.1072131 secs] 1327242K->870180K(2010624K), 0.1072734 secs] [Times: user=0.41 sys=0.00, real=0.10 secs] 
[GC (Allocation Failure) [ParNew: 613440K->26719K(613440K), 0.0577046 secs] 1415524K->890837K(2010624K), 0.0577649 secs] [Times: user=0.20 sys=0.00, real=0.05 secs] 
[GC (Allocation Failure) [ParNew: 572063K->68096K(613440K), 0.0929105 secs] 1436181K->977042K(2010624K), 0.0929733 secs] [Times: user=0.44 sys=0.00, real=0.09 secs] 
[GC (Allocation Failure) [ParNew: 613440K->20538K(613440K), 0.0552275 secs] 1522386K->993080K(2010624K), 0.0552756 secs] [Times: user=0.16 sys=0.00, real=0.05 secs] 
[Full GC (System.gc()) [CMS: 972541K->751158K(1397184K), 1.5966444 secs] 1278364K->751158K(2010624K), [Metaspace: 9969K->9969K(10240K)], 1.5969120 secs] [Times: user=1.59 sys=0.00, real=1.60 secs] 
[Full GC (System.gc()) [CMS: 751158K->751081K(1397184K), 1.3818288 secs] 762110K->751081K(2010624K), [Metaspace: 9969K->9969K(10240K)], 1.3820155 secs] [Times: user=1.37 sys=0.00, real=1.38 secs] 
[Full GC (System.gc()) [CMS: 751081K->749395K(1397184K), 1.4095198 secs] 762030K->749395K(2010624K), [Metaspace: 9969K->9969K(10240K)]
*** PauseDetector detected a 1597 ms pause at Fri Dec 19 17:14:07 EET 2014 ***

, 1.4097206 secs] [Times: user=1.42 sys=0.00, real=1.41 secs] 
********************************
********** ROUND   28 **********
********************************

*** PauseDetector detected a 2827 ms pause at Fri Dec 19 17:14:09 EET 2014 ***

[GC (Allocation Failure) [ParNew: 545344K->7579K(613440K), 0.0135591 secs] 1294739K->756974K(2010624K), 0.0136065 secs] [Times: user=0.03 sys=0.00, real=0.01 secs] 
[GC (Allocation Failure) [ParNew: 552923K->68096K(613440K), 0.0761846 secs] 1302318K->867042K(2010624K), 0.0762308 secs] [Times: user=0.28 sys=0.00, real=0.07 secs] 
[GC (Allocation Failure) [ParNew: 613440K->26471K(613440K), 0.0403667 secs] 1412386K->889440K(2010624K), 0.0404167 secs] [Times: user=0.13 sys=0.00, real=0.03 secs] 
[GC (Allocation Failure) [ParNew: 571815K->68096K(613440K), 0.0698266 secs] 1434784K->975975K(2010624K), 0.0698727 secs] [Times: user=0.27 sys=0.02, real=0.07 secs] 
[GC (Allocation Failure) [ParNew: 613440K->26581K(613440K), 0.0373474 secs] 1521319K->996477K(2010624K), 0.0373962 secs] [Times: user=0.13 sys=0.00, real=0.03 secs] 
[GC (Allocation Failure) [ParNew: 571925K->68096K(613440K), 0.0695449 secs] 1541821K->1080898K(2010624K), 0.0696059 secs] [Times: user=0.27 sys=0.00, real=0.07 secs] 
[GC (Allocation Failure) [ParNew: 613440K->27226K(613440K), 0.0342698 secs] 1626242K->1103181K(2010624K), 0.0343140 secs] [Times: user=0.13 sys=0.00, real=0.03 secs] 
[GC (Allocation Failure) [ParNew: 572570K->68096K(613440K), 0.0687391 secs] 1648525K->1190994K(2010624K), 0.0687872 secs] [Times: user=0.28 sys=0.00, real=0.07 secs] 
[GC (Allocation Failure) [ParNew: 613440K->19254K(613440K), 0.0318036 secs] 1736338K->1200984K(2010624K), 0.0318542 secs] [Times: user=0.13 sys=0.00, real=0.03 secs] 
[GC (CMS Initial Mark) [1 CMS-initial-mark: 1181730K(1397184K)] 1212011K(2010624K), 0.0042832 secs] [Times: user=0.02 sys=0.00, real=0.01 secs] 
[CMS-concurrent-mark-start]
[CMS-concurrent-mark: 1.263/1.263 secs] [Times: user=4.07 sys=0.00, real=1.26 secs] 
[CMS-concurrent-preclean-start]
[CMS-concurrent-preclean: 0.095/0.101 secs] [Times: user=0.19 sys=0.00, real=0.10 secs] 
[CMS-concurrent-abortable-preclean-start]
[GC (Allocation Failure) [ParNew[CMS-concurrent-abortable-preclean: 0.067/0.372 secs] [Times: user=0.72 sys=0.00, real=0.37 secs] 
: 564598K->68096K(613440K), 0.0642551 secs] 1746328K->1293325K(2010624K), 0.0643655 secs] [Times: user=0.34 sys=0.00, real=0.06 secs] 
[GC (CMS Final Remark) [YG occupancy: 79047 K (613440 K)][Rescan (parallel) , 0.0333183 secs][weak refs processing, 0.0000148 secs][class unloading, 0.0051377 secs][scrub symbol table, 0.0010528 secs][scrub string table, 0.0003503 secs][1 CMS-remark: 1225229K(1397184K)] 1304277K(2010624K), 0.0406547 secs] [Times: user=0.20 sys=0.00, real=0.04 secs] 
[CMS-concurrent-sweep-start]
[CMS-concurrent-sweep: 0.590/0.590 secs] [Times: user=1.20 sys=0.00, real=0.60 secs] 
[CMS-concurrent-reset-start]
[CMS-concurrent-reset: 0.003/0.003 secs] [Times: user=0.00 sys=0.00, real=0.00 secs] 
[GC (Allocation Failure) [ParNew: 613440K->33503K(613440K), 0.0330014 secs] 1301773K->783902K(2010624K), 0.0330457 secs] [Times: user=0.06 sys=0.00, real=0.03 secs] 
[GC (Allocation Failure) [ParNew: 578847K->68096K(613440K), 0.0628315 secs] 1329246K->861933K(2010624K), 0.0628828 secs] [Times: user=0.27 sys=0.00, real=0.06 secs] 
[GC (Allocation Failure) [ParNew: 613440K->39765K(613440K), 0.0305968 secs] 1407277K->894832K(2010624K), 0.0306462 secs] [Times: user=0.06 sys=0.00, real=0.02 secs] 
[GC (Allocation Failure) [ParNew: 585109K->68096K(613440K), 0.0958771 secs] 1440176K->964231K(2010624K), 0.0959284 secs] [Times: user=0.28 sys=0.00, real=0.09 secs] 
[GC (Allocation Failure) [ParNew: 613440K->40987K(613440K), 0.1599834 secs] 1509575K->1000564K(2010624K), 0.1600353 secs] [Times: user=0.25 sys=0.02, real=0.15 secs] 
[GC (Allocation Failure) [ParNew (0: promotion failure size = 77)  (1: promotion failure size = 77)  (2: promotion failure size = 1854)  (3: promotion failure size = 1854)  (4: promotion failure size = 1854)  (5: promotion failure size = 77)  (6: promotion failure size = 77)  (7: promotion failure size = 77)  (promotion failed): 586331K->613440K(613440K), 1.1278225 secs][CMS: 990219K->751608K(1397184K), 1.7578186 secs] 1545908K->751608K(2010624K), [Metaspace: 9969K->9969K(10240K)], 2.8857154 secs] [Times: user=3.06 sys=0.17, real=2.88 secs] 

*** PauseDetector detected a 2881 ms pause at Fri Dec 19 17:14:37 EET 2014 ***

[GC (Allocation Failure) [ParNew: 545344K->27376K(613440K), 0.0068071 secs] 1296952K->778985K(2010624K), 0.0068540 secs] [Times: user=0.00 sys=0.00, real=0.01 secs] 
[GC (Allocation Failure) [ParNew: 572720K->68096K(613440K), 0.0561020 secs] 1324329K->861028K(2010624K), 0.0561501 secs] [Times: user=0.16 sys=0.00, real=0.05 secs] 
[GC (Allocation Failure) [ParNew: 613440K->27425K(613440K), 0.0338406 secs] 1406372K->884236K(2010624K), 0.0338848 secs] [Times: user=0.14 sys=0.00, real=0.03 secs] 
[GC (Allocation Failure) [ParNew: 572769K->68096K(613440K), 0.0567583 secs] 1429580K->967404K(2010624K), 0.0568071 secs] [Times: user=0.20 sys=0.00, real=0.06 secs] 
[GC (Allocation Failure) [ParNew: 613440K->26773K(613440K), 0.0324772 secs] 1512748K->987970K(2010624K), 0.0325305 secs] [Times: user=0.06 sys=0.00, real=0.03 secs] 
[GC (Allocation Failure) [ParNew: 572117K->68096K(613440K), 0.0571368 secs] 1533314K->1072876K(2010624K), 0.0571849 secs] [Times: user=0.19 sys=0.00, real=0.06 secs] 
[GC (Allocation Failure) [ParNew: 613440K->26294K(613440K), 0.0345938 secs] 1618220K->1091660K(2010624K), 0.0346451 secs] [Times: user=0.13 sys=0.00, real=0.03 secs] 
[GC (Allocation Failure) [ParNew: 571638K->68096K(613440K), 0.0557196 secs] 1637004K->1175864K(2010624K), 0.0557651 secs] [Times: user=0.20 sys=0.00, real=0.05 secs] 
[GC (Allocation Failure) [ParNew: 613440K->46645K(613440K), 0.0285001 secs] 1721208K->1216026K(2010624K), 0.0285514 secs] [Times: user=0.14 sys=0.00, real=0.03 secs] 
[GC (CMS Initial Mark) [1 CMS-initial-mark: 1169381K(1397184K)] 1226978K(2010624K), 0.0035364 secs] [Times: user=0.00 sys=0.00, real=0.00 secs] 
[CMS-concurrent-mark-start]
[CMS-concurrent-mark: 1.227/1.227 secs] [Times: user=3.91 sys=0.00, real=1.23 secs] 
[CMS-concurrent-preclean-start]
[CMS-concurrent-preclean: 0.071/0.076 secs] [Times: user=0.16 sys=0.00, real=0.08 secs] 
[CMS-concurrent-abortable-preclean-start]
[GC (Allocation Failure) [ParNew[CMS-concurrent-abortable-preclean: 0.059/0.390 secs] [Times: user=0.62 sys=0.00, real=0.39 secs] 
: 591989K->68096K(613440K), 0.0565293 secs] 1761370K->1279678K(2010624K), 0.0565761 secs] [Times: user=0.20 sys=0.00, real=0.05 secs] 
[GC (CMS Final Remark) [YG occupancy: 79108 K (613440 K)][Rescan (parallel) , 0.0257426 secs][weak refs processing, 0.0000160 secs][class unloading, 0.0050454 secs][scrub symbol table, 0.0010618 secs][scrub string table, 0.0003503 secs][1 CMS-remark: 1211582K(1397184K)] 1290691K(2010624K), 0.0330206 secs] [Times: user=0.16 sys=0.00, real=0.03 secs] 
[CMS-concurrent-sweep-start]
[CMS-concurrent-sweep: 0.507/0.507 secs] [Times: user=1.05 sys=0.00, real=0.51 secs] 
[CMS-concurrent-reset-start]
[CMS-concurrent-reset: 0.003/0.003 secs] [Times: user=0.00 sys=0.00, real=0.00 secs] 
[GC (Allocation Failure) [ParNew: 613440K->33376K(613440K), 0.0306012 secs] 1299562K->781328K(2010624K), 0.0306718 secs] [Times: user=0.12 sys=0.00, real=0.02 secs] 
[GC (Allocation Failure) [ParNew: 578720K->68096K(613440K), 0.0545558 secs] 1326672K->857619K(2010624K), 0.0546065 secs] [Times: user=0.17 sys=0.02, real=0.05 secs] 
[GC (Allocation Failure) [ParNew: 613440K->40074K(613440K), 0.0285610 secs] 1402963K->891335K(2010624K), 0.0286104 secs] [Times: user=0.06 sys=0.00, real=0.02 secs] 
[GC (Allocation Failure) [ParNew: 585418K->68096K(613440K), 0.0605712 secs] 1436679K->959216K(2010624K), 0.0606180 secs] [Times: user=0.20 sys=0.00, real=0.06 secs] 
[GC (Allocation Failure) [ParNew: 613440K->27335K(613440K), 0.1790895 secs] 1504560K->981835K(2010624K), 0.1792390 secs] [Times: user=0.19 sys=0.02, real=0.18 secs] 
[GC (Allocation Failure) [ParNew (0: promotion failure size = 1237)  (1: promotion failure size = 1237)  (2: promotion failure size = 109)  (3: promotion failure size = 1237)  (4: promotion failure size = 1237)  (5: promotion failure size = 109)  (6: promotion failure size = 1237)  (7: promotion failure size = 1237)  (promotion failed): 572679K->613440K(613440K), 1.5530339 secs][CMS: 969731K->750431K(1397184K), 1.9924692 secs] 1527179K->750431K(2010624K), [Metaspace: 9969K->9969K(10240K)], 3.5455872 secs] [Times: user=3.68 sys=0.56, real=3.54 secs] 

*** PauseDetector detected a 3543 ms pause at Fri Dec 19 17:15:04 EET 2014 ***

[GC (Allocation Failure) [ParNew: 545344K->27421K(613440K), 0.0066865 secs] 1295775K->777853K(2010624K), 0.0067340 secs] [Times: user=0.00 sys=0.00, real=0.01 secs] 
[GC (Allocation Failure) [ParNew: 572765K->68096K(613440K), 0.0508532 secs] 1323197K->860336K(2010624K), 0.0508981 secs] [Times: user=0.20 sys=0.01, real=0.05 secs] 
[GC (Allocation Failure) [ParNew: 613440K->26761K(613440K), 0.0470756 secs] 1405680K->881021K(2010624K), 0.0471257 secs] [Times: user=0.20 sys=0.00, real=0.04 secs] 
[GC (Allocation Failure) [ParNew: 572105K->68096K(613440K), 0.1643955 secs] 1426365K->990446K(2010624K), 0.1644455 secs] [Times: user=0.69 sys=0.00, real=0.16 secs] 
[GC (Allocation Failure) [ParNew: 613440K->27353K(613440K), 0.0788298 secs] 1535790K->1014445K(2010624K), 0.0788792 secs] [Times: user=0.30 sys=0.02, real=0.08 secs] 
[GC (Allocation Failure) [ParNew: 572697K->68096K(613440K), 0.1935121 secs] 1559789K->1112229K(2010624K), 0.1935731 secs] [Times: user=0.84 sys=0.00, real=0.19 secs] 
[GC (Allocation Failure) [ParNew: 613440K->20555K(613440K), 0.0674893 secs] 1657573K->1128355K(2010624K), 0.0675400 secs] [Times: user=0.23 sys=0.00, real=0.07 secs] 
[GC (Allocation Failure) [ParNew: 565899K->68096K(613440K), 0.1702608 secs] 1673699K->1230195K(2010624K), 0.1703089 secs] [Times: user=0.77 sys=0.00, real=0.17 secs] 
[GC (Allocation Failure) [ParNew: 613440K->34278K(613440K), 0.0596338 secs] 1775539K->1260039K(2010624K), 0.0596820 secs] [Times: user=0.25 sys=0.00, real=0.06 secs] 
[GC (CMS Initial Mark) [1 CMS-initial-mark: 1225760K(1397184K)] 1270991K(2010624K), 0.0026311 secs] [Times: user=0.00 sys=0.00, real=0.00 secs] 
[CMS-concurrent-mark-start]
[CMS-concurrent-mark: 1.187/1.187 secs] [Times: user=4.13 sys=0.00, real=1.19 secs] 
[CMS-concurrent-preclean-start]
[CMS-concurrent-preclean: 0.222/0.234 secs] [Times: user=0.47 sys=0.00, real=0.23 secs] 
[CMS-concurrent-abortable-preclean-start]
[GC (Allocation Failure) [ParNew[CMS-concurrent-abortable-preclean: 0.060/0.430 secs] [Times: user=0.81 sys=0.00, real=0.43 secs] 
: 579622K->68096K(613440K), 0.1505323 secs] 1805383K->1345472K(2010624K), 0.1505804 secs] [Times: user=0.59 sys=0.00, real=0.14 secs] 
[GC (CMS Final Remark) [YG occupancy: 79109 K (613440 K)][Rescan (parallel) , 0.0850672 secs][weak refs processing, 0.0000205 secs][class unloading, 0.0082994 secs][scrub symbol table, 0.0011702 secs][scrub string table, 0.0004587 secs][1 CMS-remark: 1277376K(1397184K)] 1356485K(2010624K), 0.0959175 secs] [Times: user=0.58 sys=0.00, real=0.10 secs] 
[CMS-concurrent-sweep-start]
[CMS-concurrent-sweep: 0.767/0.767 secs] [Times: user=1.56 sys=0.00, real=0.78 secs] 
[CMS-concurrent-reset-start]
[CMS-concurrent-reset: 0.003/0.003 secs] [Times: user=0.00 sys=0.00, real=0.00 secs] 
[GC (Allocation Failure) [ParNew: 613440K->33569K(613440K), 0.0637399 secs] 1312994K->795309K(2010624K), 0.0637887 secs] [Times: user=0.20 sys=0.00, real=0.06 secs] 
[GC (Allocation Failure) [ParNew: 578913K->68096K(613440K), 0.1298986 secs] 1340653K->878853K(2010624K), 0.1300494 secs] [Times: user=0.50 sys=0.00, real=0.13 secs] 
[GC (Allocation Failure) [ParNew: 613440K->27339K(613440K), 0.0529076 secs] 1424197K->901642K(2010624K), 0.0529544 secs] [Times: user=0.14 sys=0.00, real=0.05 secs] 
[GC (Allocation Failure) [ParNew: 572683K->68096K(613440K), 0.1290581 secs] 1446986K->988931K(2010624K), 0.1291043 secs] [Times: user=0.48 sys=0.00, real=0.12 secs] 
[GC (Allocation Failure) [ParNew (0: promotion failure size = 4167)  (1: promotion failure size = 4167)  (2: promotion failure size = 4167)  (3: promotion failure size = 4167)  (4: promotion failure size = 4167)  (5: promotion failure size = 4167)  (6: promotion failure size = 4167)  (7: promotion failure size = 4167)  (promotion failed): 613440K->579612K(613440K), 0.2772788 secs][CMS: 982503K->758264K(1397184K), 2.1433903 secs] 1534275K->758264K(2010624K), [Metaspace: 9969K->9969K(10240K)], 2.4207384 secs] [Times: user=2.51 sys=0.00, real=2.42 secs] 

*** PauseDetector detected a 2424 ms pause at Fri Dec 19 17:15:31 EET 2014 ***

[Full GC (System.gc()) [CMS: 758264K->733870K(1397184K), 1.4875688 secs] 769580K->733870K(2010624K), [Metaspace: 9969K->9969K(10240K)], 1.4878216 secs] [Times: user=1.48 sys=0.00, real=1.48 secs] 
[Full GC (System.gc()) [CMS: 733870K->733870K(1397184K), 1.3874098 secs] 733872K->733870K(2010624K), [Metaspace: 9969K->9969K(10240K)], 1.3877454 secs] [Times: user=1.39 sys=0.00, real=1.39 secs] 
[Full GC (System.gc()) [CMS: 733870K->733870K(1397184K), 1.4591836 secs] 733872K->733870K(2010624K), [Metaspace: 9969K->9969K(10240K)]
*** PauseDetector detected a 1487 ms pause at Fri Dec 19 17:15:33 EET 2014 ***

, 1.4593959 secs] [Times: user=1.45 sys=0.00, real=1.46 secs] 

*** PauseDetector detected a 2858 ms pause at Fri Dec 19 17:15:36 EET 2014 ***

[GC (Allocation Failure) [ParNew: 545344K->68096K(613440K), 0.1195673 secs] 1279214K->850920K(2010624K), 0.1196270 secs] [Times: user=0.51 sys=0.00, real=0.11 secs] 
[GC (Allocation Failure) [ParNew: 613440K->33359K(613440K), 0.0612455 secs] 1396264K->878251K(2010624K), 0.0613058 secs] [Times: user=0.20 sys=0.00, real=0.06 secs] 
[GC (Allocation Failure) [ParNew: 578703K->68096K(613440K), 0.1002482 secs] 1423595K->958570K(2010624K), 0.1003110 secs] [Times: user=0.44 sys=0.00, real=0.10 secs] 
[GC (Allocation Failure) [ParNew: 613440K->41008K(613440K), 0.0598552 secs] 1503914K->995149K(2010624K), 0.0599174 secs] [Times: user=0.20 sys=0.00, real=0.06 secs] 
[GC (Allocation Failure) [ParNew: 586352K->68096K(613440K), 0.0862547 secs] 1540493K->1067060K(2010624K), 0.0863035 secs] [Times: user=0.33 sys=0.00, real=0.08 secs] 
[GC (Allocation Failure) [ParNew: 613440K->27379K(613440K), 0.0513023 secs] 1612404K->1093253K(2010624K), 0.0513601 secs] [Times: user=0.14 sys=0.00, real=0.04 secs] 
[Full GC (System.gc()) [CMS: 1065874K->749744K(1397184K), 1.5990426 secs] 1235598K->749744K(2010624K), [Metaspace: 9969K->9969K(10240K)], 1.5992691 secs] [Times: user=1.61 sys=0.00, real=1.60 secs] 
[Full GC (System.gc()) [CMS: 749744K->749745K(1397184K), 1.3729128 secs] 749746K->749745K(2010624K), [Metaspace: 9969K->9969K(10240K)], 1.3732195 secs] [Times: user=1.37 sys=0.00, real=1.38 secs] 
[Full GC (System.gc()) [CMS: 749745K->749666K(1397184K), 1.7253260 secs] 749747K->749666K(2010624K), [Metaspace: 9969K->9969K(10240K)]
*** PauseDetector detected a 1598 ms pause at Fri Dec 19 17:15:47 EET 2014 ***

, 1.7256384 secs] [Times: user=1.72 sys=0.00, real=1.72 secs] 
********************************
********** ROUND   29 **********
********************************

*** PauseDetector detected a 3106 ms pause at Fri Dec 19 17:15:50 EET 2014 ***

[GC (Allocation Failure) [ParNew: 545344K->7577K(613440K), 0.0069502 secs] 1295010K->757244K(2010624K), 0.0070580 secs] [Times: user=0.00 sys=0.00, real=0.01 secs] 
[GC (Allocation Failure) [ParNew: 552921K->68096K(613440K), 0.0785892 secs] 1302588K->861935K(2010624K), 0.0786380 secs] [Times: user=0.33 sys=0.00, real=0.08 secs] 
[GC (Allocation Failure) [ParNew: 613440K->26412K(613440K), 0.0386113 secs] 1407279K->884178K(2010624K), 0.0387364 secs] [Times: user=0.14 sys=0.00, real=0.04 secs] 
[GC (Allocation Failure) [ParNew: 571756K->68096K(613440K), 0.0703007 secs] 1429522K->970032K(2010624K), 0.0703507 secs] [Times: user=0.28 sys=0.00, real=0.07 secs] 
[GC (Allocation Failure) [ParNew: 613440K->26837K(613440K), 0.0435746 secs] 1515376K->991136K(2010624K), 0.0436233 secs] [Times: user=0.19 sys=0.00, real=0.04 secs] 
[GC (Allocation Failure) [ParNew: 572181K->68096K(613440K), 0.0685684 secs] 1536480K->1076405K(2010624K), 0.0686159 secs] [Times: user=0.22 sys=0.00, real=0.07 secs] 
[GC (Allocation Failure) [ParNew: 613440K->20149K(613440K), 0.0336667 secs] 1621749K->1090908K(2010624K), 0.0338438 secs] [Times: user=0.08 sys=0.00, real=0.03 secs] 
[GC (Allocation Failure) [ParNew: 565493K->68096K(613440K), 0.0678813 secs] 1636252K->1182359K(2010624K), 0.0679307 secs] [Times: user=0.26 sys=0.00, real=0.06 secs] 
[GC (Allocation Failure) [ParNew: 613440K->20203K(613440K), 0.0347413 secs] 1727703K->1196708K(2010624K), 0.0347907 secs] [Times: user=0.08 sys=0.00, real=0.03 secs] 
[GC (CMS Initial Mark) [1 CMS-initial-mark: 1176504K(1397184K)] 1207729K(2010624K), 0.0053713 secs] [Times: user=0.00 sys=0.00, real=0.01 secs] 
[CMS-concurrent-mark-start]
[CMS-concurrent-mark: 1.157/1.157 secs] [Times: user=3.71 sys=0.00, real=1.16 secs] 
[CMS-concurrent-preclean-start]
[CMS-concurrent-preclean: 0.094/0.101 secs] [Times: user=0.22 sys=0.00, real=0.10 secs] 
[CMS-concurrent-abortable-preclean-start]
[GC (Allocation Failure) [ParNew: 565547K->68096K(613440K), 0.0677228 secs] 1742052K->1289808K(2010624K), 0.0677703 secs] [Times: user=0.28 sys=0.00, real=0.06 secs] 
[CMS-concurrent-abortable-preclean: 0.764/1.438 secs] [Times: user=2.45 sys=0.00, real=1.44 secs] 
[GC (CMS Final Remark) [YG occupancy: 453508 K (613440 K)][Rescan (parallel) , 0.0990882 secs][weak refs processing, 0.0000154 secs][class unloading, 0.0052090 secs][scrub symbol table, 0.0011266 secs][scrub string table, 0.0003477 secs][1 CMS-remark: 1221712K(1397184K)] 1675220K(2010624K), 0.1065799 secs] [Times: user=0.41 sys=0.00, real=0.10 secs] 
[CMS-concurrent-sweep-start]
[GC (Allocation Failure) [ParNew: 613440K->32800K(613440K), 0.0323098 secs] 1835152K->1314865K(2010624K), 0.0323579 secs] [Times: user=0.08 sys=0.00, real=0.03 secs] 
[CMS-concurrent-sweep: 0.615/0.648 secs] [Times: user=1.45 sys=0.00, real=0.65 secs] 
[CMS-concurrent-reset-start]
[CMS-concurrent-reset: 0.003/0.003 secs] [Times: user=0.05 sys=0.00, real=0.00 secs] 
[GC (Allocation Failure) [ParNew: 578144K->68096K(613440K), 0.0642942 secs] 1328668K->860592K(2010624K), 0.0643379 secs] [Times: user=0.28 sys=0.00, real=0.06 secs] 
[GC (Allocation Failure) [ParNew: 613440K->27036K(613440K), 0.0320980 secs] 1405936K->882227K(2010624K), 0.0321474 secs] [Times: user=0.16 sys=0.00, real=0.03 secs] 
[GC (Allocation Failure) [ParNew: 572380K->68096K(613440K), 0.1069854 secs] 1427571K->964378K(2010624K), 0.1070277 secs] [Times: user=0.27 sys=0.00, real=0.10 secs] 
[GC (Allocation Failure) [ParNew: 613440K->41106K(613440K), 0.1885656 secs] 1509722K->1000809K(2010624K), 0.1886086 secs] [Times: user=0.27 sys=0.00, real=0.19 secs] 
[GC (Allocation Failure) [ParNew (0: promotion failure size = 77)  (1: promotion failure size = 1854)  (2: promotion failure size = 77)  (3: promotion failure size = 77)  (4: promotion failure size = 1854)  (5: promotion failure size = 77)  (6: promotion failure size = 77)  (7: promotion failure size = 77)  (promotion failed): 586450K->613440K(613440K), 0.9501098 secs][CMS: 990301K->751578K(1397184K), 2.0065434 secs] 1546153K->751578K(2010624K), [Metaspace: 9969K->9969K(10240K)]
*** PauseDetector detected a 2959 ms pause at Fri Dec 19 17:16:18 EET 2014 ***

, 2.9567174 secs] [Times: user=3.20 sys=0.16, real=2.96 secs] 
[GC (Allocation Failure) [ParNew: 545344K->27380K(613440K), 0.0069329 secs] 1296922K->778958K(2010624K), 0.0069759 secs] [Times: user=0.00 sys=0.00, real=0.01 secs] 
[GC (Allocation Failure) [ParNew: 572724K->68096K(613440K), 0.0566967 secs] 1324302K->861146K(2010624K), 0.0567788 secs] [Times: user=0.20 sys=0.00, real=0.05 secs] 
[GC (Allocation Failure) [ParNew: 613440K->20528K(613440K), 0.0306449 secs] 1406490K->877491K(2010624K), 0.0306975 secs] [Times: user=0.06 sys=0.00, real=0.03 secs] 
[GC (Allocation Failure) [ParNew: 565872K->68096K(613440K), 0.0564343 secs] 1422835K->968005K(2010624K), 0.0564869 secs] [Times: user=0.25 sys=0.00, real=0.05 secs] 
[GC (Allocation Failure) [ParNew: 613440K->26620K(613440K), 0.0303690 secs] 1513349K->987916K(2010624K), 0.0305268 secs] [Times: user=0.13 sys=0.00, real=0.03 secs] 
[GC (Allocation Failure) [ParNew: 571964K->68096K(613440K), 0.0563990 secs] 1533260K->1072674K(2010624K), 0.0564478 secs] [Times: user=0.25 sys=0.00, real=0.06 secs] 
[GC (Allocation Failure) [ParNew: 613440K->26370K(613440K), 0.0286387 secs] 1618018K->1091731K(2010624K), 0.0286894 secs] [Times: user=0.06 sys=0.00, real=0.02 secs] 
[GC (Allocation Failure) [ParNew: 571714K->68096K(613440K), 0.0554553 secs] 1637075K->1175588K(2010624K), 0.0555059 secs] [Times: user=0.20 sys=0.00, real=0.05 secs] 
[GC (Allocation Failure) [ParNew: 613440K->33463K(613440K), 0.0285687 secs] 1720932K->1202855K(2010624K), 0.0286194 secs] [Times: user=0.08 sys=0.00, real=0.03 secs] 
[GC (CMS Initial Mark) [1 CMS-initial-mark: 1169392K(1397184K)] 1213807K(2010624K), 0.0053642 secs] [Times: user=0.00 sys=0.00, real=0.01 secs] 
[CMS-concurrent-mark-start]
[CMS-concurrent-mark: 1.223/1.223 secs] [Times: user=3.93 sys=0.00, real=1.22 secs] 
[CMS-concurrent-preclean-start]
[CMS-concurrent-preclean: 0.086/0.091 secs] [Times: user=0.16 sys=0.00, real=0.09 secs] 
[CMS-concurrent-abortable-preclean-start]
[GC (Allocation Failure) [ParNew[CMS-concurrent-abortable-preclean: 0.067/0.418 secs] [Times: user=0.62 sys=0.00, real=0.42 secs] 
: 578807K->68096K(613440K), 0.0603518 secs] 1748199K->1280578K(2010624K), 0.0604031 secs] [Times: user=0.19 sys=0.00, real=0.06 secs] 
[GC (CMS Final Remark) [YG occupancy: 79047 K (613440 K)][Rescan (parallel) , 0.0257843 secs][weak refs processing, 0.0000154 secs][class unloading, 0.0051474 secs][scrub symbol table, 0.0010637 secs][scrub string table, 0.0003586 secs][1 CMS-remark: 1212482K(1397184K)] 1291529K(2010624K), 0.0331688 secs] [Times: user=0.16 sys=0.00, real=0.03 secs] 
[CMS-concurrent-sweep-start]
[CMS-concurrent-sweep: 0.556/0.556 secs] [Times: user=1.14 sys=0.00, real=0.56 secs] 
[CMS-concurrent-reset-start]
[CMS-concurrent-reset: 0.003/0.003 secs] [Times: user=0.00 sys=0.00, real=0.00 secs] 
[GC (Allocation Failure) [ParNew: 613440K->26360K(613440K), 0.0278425 secs] 1300491K->774195K(2010624K), 0.0279599 secs] [Times: user=0.06 sys=0.00, real=0.02 secs] 
[GC (Allocation Failure) [ParNew: 571704K->68096K(613440K), 0.0534741 secs] 1319539K->856179K(2010624K), 0.0535241 secs] [Times: user=0.20 sys=0.00, real=0.05 secs] 
[GC (Allocation Failure) [ParNew: 613440K->34049K(613440K), 0.0297544 secs] 1401523K->885194K(2010624K), 0.0298018 secs] [Times: user=0.06 sys=0.00, real=0.03 secs] 
[GC (Allocation Failure) [ParNew: 579393K->68096K(613440K), 0.0631850 secs] 1430538K->959084K(2010624K), 0.0632324 secs] [Times: user=0.19 sys=0.00, real=0.06 secs] 
[GC (Allocation Failure) [ParNew: 613440K->47896K(613440K), 0.2192117 secs] 1504428K->1002332K(2010624K), 0.2192637 secs] [Times: user=0.26 sys=0.00, real=0.22 secs] 
[GC (Allocation Failure) [ParNew (0: promotion failure size = 1237)  (1: promotion failure size = 1237)  (2: promotion failure size = 1237)  (3: promotion failure size = 109)  (4: promotion failure size = 1237)  (5: promotion failure size = 1237)  (6: promotion failure size = 1237)  (7: promotion failure size = 1237)  (promotion failed): 593240K->613440K(613440K), 1.1913346 secs][CMS: 963349K->750440K(1397184K), 1.6085469 secs] 1547676K->750440K(2010624K), [Metaspace: 9969K->9969K(10240K)], 2.7999476 secs] [Times: user=3.14 sys=0.16, real=2.79 secs] 

*** PauseDetector detected a 2805 ms pause at Fri Dec 19 17:16:44 EET 2014 ***

[GC (Allocation Failure) [ParNew: 545344K->27375K(613440K), 0.0070317 secs] 1295784K->777816K(2010624K), 0.0070785 secs] [Times: user=0.06 sys=0.00, real=0.01 secs] 
[GC (Allocation Failure) [ParNew: 572719K->68096K(613440K), 0.0502822 secs] 1323160K->862191K(2010624K), 0.0503336 secs] [Times: user=0.19 sys=0.00, real=0.05 secs] 
[GC (Allocation Failure) [ParNew: 613440K->19564K(613440K), 0.0284135 secs] 1407535K->873734K(2010624K), 0.0284642 secs] [Times: user=0.16 sys=0.00, real=0.03 secs] 
[GC (Allocation Failure) [ParNew: 564908K->68096K(613440K), 0.1618715 secs] 1419078K->990681K(2010624K), 0.1619196 secs] [Times: user=0.70 sys=0.00, real=0.15 secs] 
[GC (Allocation Failure) [ParNew: 613440K->27218K(613440K), 0.0980174 secs] 1536025K->1014439K(2010624K), 0.0980649 secs] [Times: user=0.38 sys=0.00, real=0.10 secs] 
[GC (Allocation Failure) [ParNew: 572562K->68096K(613440K), 0.1899584 secs] 1559783K->1112147K(2010624K), 0.1900130 secs] [Times: user=0.86 sys=0.00, real=0.19 secs] 
[GC (Allocation Failure) [ParNew: 613440K->41109K(613440K), 0.0739423 secs] 1657491K->1149169K(2010624K), 0.0739942 secs] [Times: user=0.23 sys=0.00, real=0.07 secs] 
[GC (Allocation Failure) [ParNew: 586453K->68096K(613440K), 0.1639336 secs] 1694513K->1231004K(2010624K), 0.1639842 secs] [Times: user=0.72 sys=0.00, real=0.15 secs] 
[GC (Allocation Failure) [ParNew: 613440K->27170K(613440K), 0.0628141 secs] 1776348K->1253322K(2010624K), 0.0628622 secs] [Times: user=0.22 sys=0.00, real=0.06 secs] 
[GC (CMS Initial Mark) [1 CMS-initial-mark: 1226152K(1397184K)] 1264273K(2010624K), 0.0052398 secs] [Times: user=0.00 sys=0.00, real=0.00 secs] 
[CMS-concurrent-mark-start]
[CMS-concurrent-mark: 1.215/1.215 secs] [Times: user=4.23 sys=0.00, real=1.22 secs] 
[CMS-concurrent-preclean-start]
[CMS-concurrent-preclean: 0.246/0.257 secs] [Times: user=0.55 sys=0.00, real=0.26 secs] 
[CMS-concurrent-abortable-preclean-start]
[GC (Allocation Failure) [ParNew: 572514K->68096K(613440K), 0.1454741 secs] 1798666K->1344526K(2010624K), 0.1455229 secs] [Times: user=0.67 sys=0.00, real=0.15 secs] 
[CMS-concurrent-abortable-preclean: 0.851/1.406 secs] [Times: user=2.81 sys=0.00, real=1.41 secs] 
[GC (CMS Final Remark) [YG occupancy: 397891 K (613440 K)][Rescan (parallel) , 0.0796767 secs][weak refs processing, 0.0000212 secs][class unloading, 0.0056882 secs][scrub symbol table, 0.0010836 secs][scrub string table, 0.0003625 secs][1 CMS-remark: 1276430K(1397184K)] 1674322K(2010624K), 0.0876790 secs] [Times: user=0.53 sys=0.00, real=0.09 secs] 
[CMS-concurrent-sweep-start]
[GC (Allocation Failure) [ParNew: 613440K->34239K(613440K), 0.0572959 secs] 1620741K->1105287K(2010624K), 0.0573575 secs] [Times: user=0.19 sys=0.00, real=0.05 secs] 
[CMS-concurrent-sweep: 0.820/0.877 secs] [Times: user=2.11 sys=0.00, real=0.88 secs] 
[CMS-concurrent-reset-start]
[CMS-concurrent-reset: 0.003/0.003 secs] [Times: user=0.00 sys=0.00, real=0.00 secs] 
[GC (Allocation Failure) [ParNew: 579583K->68096K(613440K), 0.1253370 secs] 1341931K->879417K(2010624K), 0.1253851 secs] [Times: user=0.61 sys=0.00, real=0.13 secs] 
[GC (Allocation Failure) [ParNew: 613440K->34226K(613440K), 0.0537711 secs] 1424761K->909137K(2010624K), 0.0538199 secs] [Times: user=0.16 sys=0.00, real=0.05 secs] 
[GC (Allocation Failure) [ParNew: 579570K->68096K(613440K), 0.1274074 secs] 1454481K->989495K(2010624K), 0.1274548 secs] [Times: user=0.48 sys=0.00, real=0.13 secs] 
[GC (Allocation Failure) [ParNew (0: promotion failure size = 4167)  (1: promotion failure size = 4167)  (2: promotion failure size = 4167)  (3: promotion failure size = 4167)  (4: promotion failure size = 4167)  (5: promotion failure size = 4167)  (6: promotion failure size = 4167)  (7: promotion failure size = 4167)  (promotion failed): 613440K->579571K(613440K), 0.2666069 secs][CMS: 983210K->758309K(1397184K), 1.8420055 secs] 1534839K->758309K(2010624K), [Metaspace: 9969K->9969K(10240K)], 2.1086791 secs] [Times: user=2.18 sys=0.02, real=2.11 secs] 

*** PauseDetector detected a 2110 ms pause at Fri Dec 19 17:17:11 EET 2014 ***

[Full GC (System.gc()) [CMS: 758309K->753317K(1397184K), 1.5720188 secs] 1011946K->753317K(2010624K), [Metaspace: 9969K->9969K(10240K)], 1.5723569 secs] [Times: user=1.57 sys=0.00, real=1.57 secs] 
[Full GC (System.gc()) [CMS: 753317K->753239K(1397184K), 1.6596651 secs] 764268K->753239K(2010624K), [Metaspace: 9969K->9969K(10240K)], 1.6598884 secs] [Times: user=1.65 sys=0.00, real=1.66 secs] 
[Full GC (System.gc()) [CMS: 753239K->751878K(1397184K), 1.5715684 secs] 764188K->751878K(2010624K), [Metaspace: 9969K->9969K(10240K)]
*** PauseDetector detected a 1567 ms pause at Fri Dec 19 17:17:14 EET 2014 ***

, 1.5717436 secs] [Times: user=1.58 sys=0.00, real=1.57 secs] 

*** PauseDetector detected a 3242 ms pause at Fri Dec 19 17:17:17 EET 2014 ***

[GC (Allocation Failure) [ParNew: 545344K->7393K(613440K), 0.0107823 secs] 1297222K->759271K(2010624K), 0.0108580 secs] [Times: user=0.06 sys=0.00, real=0.01 secs] 
[GC (Allocation Failure) [ParNew: 552737K->68096K(613440K), 0.1093791 secs] 1304615K->872746K(2010624K), 0.1094426 secs] [Times: user=0.45 sys=0.00, real=0.11 secs] 
[GC (Allocation Failure) [ParNew: 613440K->26211K(613440K), 0.0517899 secs] 1418090K->894273K(2010624K), 0.0518374 secs] [Times: user=0.14 sys=0.00, real=0.04 secs] 
[GC (Allocation Failure) [ParNew: 571555K->68096K(613440K), 0.0970602 secs] 1439617K->981075K(2010624K), 0.0971224 secs] [Times: user=0.39 sys=0.00, real=0.09 secs] 
[GC (Allocation Failure) [ParNew: 613440K->41032K(613440K), 0.0562341 secs] 1526419K->1017795K(2010624K), 0.0562957 secs] [Times: user=0.19 sys=0.00, real=0.05 secs] 
[GC (Allocation Failure) [ParNew: 586376K->68096K(613440K), 0.0924286 secs] 1563139K->1088320K(2010624K), 0.0924909 secs] [Times: user=0.36 sys=0.00, real=0.09 secs] 
[Full GC (System.gc()) [CMS: 1020224K->752275K(1397184K), 1.8831639 secs] 1362055K->752275K(2010624K), [Metaspace: 9969K->9969K(10240K)], 1.8834327 secs] [Times: user=1.87 sys=0.00, real=1.88 secs] 
[Full GC (System.gc()) [CMS: 752275K->752275K(1397184K), 1.5029140 secs] 752275K->752275K(2010624K), [Metaspace: 9969K->9969K(10240K)], 1.5031059 secs] [Times: user=1.51 sys=0.00, real=1.50 secs] 
[Full GC (System.gc()) [CMS: 752275K->752197K(1397184K), 1.3800503 secs] 763209K->752197K(2010624K), [Metaspace: 9969K->9969K(10240K)]
*** PauseDetector detected a 4763 ms pause at Fri Dec 19 17:17:32 EET 2014 ***

, 1.3802479 secs] [Times: user=1.37 sys=0.00, real=1.38 secs] 
********************************
********** ROUND   30 **********
********************************
[GC (Allocation Failure) [ParNew: 545344K->68096K(613440K), 0.0728939 secs] 1297541K->865874K(2010624K), 0.0729427 secs] [Times: user=0.26 sys=0.00, real=0.07 secs] 
[GC (Allocation Failure) [ParNew: 613440K->47611K(613440K), 0.0401537 secs] 1411218K->908544K(2010624K), 0.0402050 secs] [Times: user=0.13 sys=0.00, real=0.03 secs] 
[GC (Allocation Failure) [ParNew: 592955K->68096K(613440K), 0.0702981 secs] 1453888K->974348K(2010624K), 0.0703443 secs] [Times: user=0.28 sys=0.00, real=0.07 secs] 
[GC (Allocation Failure) [ParNew: 613440K->26711K(613440K), 0.0478224 secs] 1519692K->994185K(2010624K), 0.0478731 secs] [Times: user=0.19 sys=0.00, real=0.04 secs] 
[GC (Allocation Failure) [ParNew: 572055K->68096K(613440K), 0.0748777 secs] 1539529K->1078880K(2010624K), 0.0749264 secs] [Times: user=0.25 sys=0.00, real=0.07 secs] 
[GC (Allocation Failure) [ParNew: 613440K->20298K(613440K), 0.0425378 secs] 1624224K->1093977K(2010624K), 0.0427014 secs] [Times: user=0.14 sys=0.00, real=0.04 secs] 
[GC (Allocation Failure) [ParNew: 565642K->68096K(613440K), 0.0690220 secs] 1639321K->1184099K(2010624K), 0.0690708 secs] [Times: user=0.25 sys=0.00, real=0.07 secs] 
[GC (Allocation Failure) [ParNew: 613440K->20548K(613440K), 0.0416793 secs] 1729443K->1199973K(2010624K), 0.0417262 secs] [Times: user=0.13 sys=0.00, real=0.04 secs] 
[GC (CMS Initial Mark) [1 CMS-initial-mark: 1179424K(1397184K)] 1210907K(2010624K), 0.0040015 secs] [Times: user=0.02 sys=0.00, real=0.01 secs] 
[CMS-concurrent-mark-start]
[CMS-concurrent-mark: 1.136/1.136 secs] [Times: user=3.56 sys=0.02, real=1.14 secs] 
[CMS-concurrent-preclean-start]
[CMS-concurrent-preclean: 0.089/0.094 secs] [Times: user=0.19 sys=0.00, real=0.10 secs] 
[CMS-concurrent-abortable-preclean-start]
[GC (Allocation Failure) [ParNew[CMS-concurrent-abortable-preclean: 0.055/0.360 secs] [Times: user=0.62 sys=0.00, real=0.37 secs] 
: 565892K->68096K(613440K), 0.0689643 secs] 1745317K->1294296K(2010624K), 0.0690098 secs] [Times: user=0.28 sys=0.00, real=0.07 secs] 
[GC (CMS Final Remark) [YG occupancy: 79032 K (613440 K)][Rescan (parallel) , 0.0345591 secs][weak refs processing, 0.0000160 secs][class unloading, 0.0050742 secs][scrub symbol table, 0.0010522 secs][scrub string table, 0.0003497 secs][1 CMS-remark: 1226200K(1397184K)] 1305233K(2010624K), 0.0418410 secs] [Times: user=0.23 sys=0.00, real=0.04 secs] 
[CMS-concurrent-sweep-start]
[CMS-concurrent-sweep: 0.586/0.586 secs] [Times: user=1.19 sys=0.00, real=0.59 secs] 
[CMS-concurrent-reset-start]
[CMS-concurrent-reset: 0.003/0.003 secs] [Times: user=0.00 sys=0.00, real=0.00 secs] 
[GC (Allocation Failure) [ParNew: 613440K->32099K(613440K), 0.0490202 secs] 1304860K->782359K(2010624K), 0.0490697 secs] [Times: user=0.13 sys=0.00, real=0.04 secs] 
[GC (Allocation Failure) [ParNew: 577443K->68096K(613440K), 0.0656987 secs] 1327703K->859611K(2010624K), 0.0657487 secs] [Times: user=0.23 sys=0.00, real=0.06 secs] 
[GC (Allocation Failure) [ParNew: 613440K->47724K(613440K), 0.0323989 secs] 1404955K->902651K(2010624K), 0.0325189 secs] [Times: user=0.13 sys=0.00, real=0.03 secs] 
[GC (Allocation Failure) [ParNew: 593068K->68096K(613440K), 0.0861585 secs] 1447995K->964116K(2010624K), 0.0863067 secs] [Times: user=0.28 sys=0.00, real=0.09 secs] 
[GC (Allocation Failure) [ParNew (0: promotion failure size = 1854)  (1: promotion failure size = 1854)  (2: promotion failure size = 1854)  (3: promotion failure size = 1854)  (4: promotion failure size = 1854)  (5: promotion failure size = 1854)  (6: promotion failure size = 1854)  (7: promotion failure size = 1854)  (promotion failed): 613440K->579558K(613440K), 0.4566538 secs][CMS: 958056K->752873K(1397184K), 1.9500405 secs] 1509460K->752873K(2010624K), [Metaspace: 9969K->9969K(10240K)], 2.4067739 secs] [Times: user=2.48 sys=0.03, real=2.40 secs] 

*** PauseDetector detected a 2405 ms pause at Fri Dec 19 17:17:55 EET 2014 ***

[GC (Allocation Failure) [ParNew: 545344K->68096K(613440K), 0.0604332 secs] 1298217K->863652K(2010624K), 0.0604794 secs] [Times: user=0.20 sys=0.00, real=0.06 secs] 
[GC (Allocation Failure) [ParNew: 613440K->20182K(613440K), 0.0471815 secs] 1408996K->878563K(2010624K), 0.0472309 secs] [Times: user=0.14 sys=0.00, real=0.04 secs] 
[GC (Allocation Failure) [ParNew: 565526K->68096K(613440K), 0.0576251 secs] 1423907K->967657K(2010624K), 0.0576706 secs] [Times: user=0.20 sys=0.00, real=0.05 secs] 
[GC (Allocation Failure) [ParNew: 613440K->20450K(613440K), 0.0302779 secs] 1513001K->983304K(2010624K), 0.0303286 secs] [Times: user=0.16 sys=0.00, real=0.03 secs] 
[GC (Allocation Failure) [ParNew: 565794K->68096K(613440K), 0.0562097 secs] 1528648K->1072390K(2010624K), 0.0562566 secs] [Times: user=0.22 sys=0.00, real=0.05 secs] 
[GC (Allocation Failure) [ParNew: 613440K->27168K(613440K), 0.0400112 secs] 1617734K->1094359K(2010624K), 0.0400594 secs] [Times: user=0.19 sys=0.00, real=0.03 secs] 
[GC (Allocation Failure) [ParNew: 572512K->68096K(613440K), 0.0570977 secs] 1639703K->1179383K(2010624K), 0.0571458 secs] [Times: user=0.20 sys=0.00, real=0.05 secs] 
[GC (Allocation Failure) [ParNew: 613440K->19573K(613440K), 0.0307571 secs] 1724727K->1190942K(2010624K), 0.0308078 secs] [Times: user=0.06 sys=0.00, real=0.03 secs] 
[GC (CMS Initial Mark) [1 CMS-initial-mark: 1171369K(1397184K)] 1201879K(2010624K), 0.0056016 secs] [Times: user=0.01 sys=0.00, real=0.01 secs] 
[CMS-concurrent-mark-start]
[CMS-concurrent-mark: 1.275/1.275 secs] [Times: user=4.09 sys=0.00, real=1.28 secs] 
[CMS-concurrent-preclean-start]
[CMS-concurrent-preclean: 0.074/0.079 secs] [Times: user=0.19 sys=0.00, real=0.08 secs] 
[CMS-concurrent-abortable-preclean-start]
[GC (Allocation Failure) [ParNew: 564917K->68096K(613440K), 0.0583815 secs] 1736286K->1280967K(2010624K), 0.0584328 secs] [Times: user=0.19 sys=0.00, real=0.06 secs] 
[CMS-concurrent-abortable-preclean: 0.599/1.366 secs] [Times: user=2.11 sys=0.00, real=1.37 secs] 
[GC (CMS Final Remark) [YG occupancy: 430977 K (613440 K)][Rescan (parallel) , 0.0881275 secs][weak refs processing, 0.0000160 secs][class unloading, 0.0058833 secs][scrub symbol table, 0.0015064 secs][scrub string table, 0.0003798 secs][1 CMS-remark: 1212871K(1397184K)] 1643848K(2010624K), 0.0967766 secs] [Times: user=0.40 sys=0.00, real=0.10 secs] 
[CMS-concurrent-sweep-start]
[GC (Allocation Failure) [ParNew: 613440K->40482K(613440K), 0.0291423 secs] 1684196K->1173731K(2010624K), 0.0291930 secs] [Times: user=0.08 sys=0.00, real=0.03 secs] 
[CMS-concurrent-sweep: 0.517/0.546 secs] [Times: user=1.16 sys=0.00, real=0.55 secs] 
[CMS-concurrent-reset-start]
[CMS-concurrent-reset: 0.003/0.003 secs] [Times: user=0.00 sys=0.00, real=0.00 secs] 
[GC (Allocation Failure) [ParNew: 585826K->68096K(613440K), 0.0560115 secs] 1334046K->859429K(2010624K), 0.0560654 secs] [Times: user=0.19 sys=0.00, real=0.05 secs] 
[GC (Allocation Failure) [ParNew: 613440K->26361K(613440K), 0.0273337 secs] 1404773K->878499K(2010624K), 0.0273780 secs] [Times: user=0.06 sys=0.00, real=0.02 secs] 
[GC (Allocation Failure) [ParNew: 571705K->68096K(613440K), 0.0776416 secs] 1423843K->960159K(2010624K), 0.0776929 secs] [Times: user=0.26 sys=0.00, real=0.07 secs] 
[GC (Allocation Failure) [ParNew (0: promotion failure size = 101)  (1: promotion failure size = 101)  (2: promotion failure size = 101)  (3: promotion failure size = 101)  (4: promotion failure size = 101)  (5: promotion failure size = 101)  (6: promotion failure size = 101)  (7: promotion failure size = 101)  (promotion failed): 613440K->579544K(613440K), 3.0680500 secs][CMS: 906702K->751701K(1397184K), 1.8563050 secs] 1505503K->751701K(2010624K), [Metaspace: 9969K->9969K(10240K)]
*** PauseDetector detected a 4924 ms pause at Fri Dec 19 17:18:21 EET 2014 ***

, 4.9244249 secs] [Times: user=4.96 sys=0.44, real=4.92 secs] 
[GC (Allocation Failure) [ParNew: 545344K->68096K(613440K), 0.0503708 secs] 1297045K->862216K(2010624K), 0.0504215 secs] [Times: user=0.22 sys=0.00, real=0.05 secs] 
[GC (Allocation Failure) [ParNew: 613440K->26544K(613440K), 0.0275518 secs] 1407560K->882173K(2010624K), 0.0277097 secs] [Times: user=0.06 sys=0.00, real=0.03 secs] 
[GC (Allocation Failure) [ParNew: 571888K->68096K(613440K), 0.1103729 secs] 1427517K->966589K(2010624K), 0.1104819 secs] [Times: user=0.39 sys=0.00, real=0.11 secs] 
[GC (Allocation Failure) [ParNew: 613440K->32810K(613440K), 0.0373981 secs] 1511933K->991881K(2010624K), 0.0374481 secs] [Times: user=0.14 sys=0.00, real=0.04 secs] 
[GC (Allocation Failure) [ParNew: 578154K->68096K(613440K), 0.0515859 secs] 1537225K->1069848K(2010624K), 0.0516334 secs] [Times: user=0.19 sys=0.00, real=0.05 secs] 
[GC (Allocation Failure) [ParNew: 613440K->32734K(613440K), 0.0276802 secs] 1615192K->1095021K(2010624K), 0.0277924 secs] [Times: user=0.08 sys=0.00, real=0.03 secs] 
[GC (Allocation Failure) [ParNew: 578078K->68096K(613440K), 0.1662028 secs] 1640365K->1198296K(2010624K), 0.1662516 secs] [Times: user=0.67 sys=0.00, real=0.16 secs] 
[GC (CMS Initial Mark) [1 CMS-initial-mark: 1130200K(1397184K)] 1209233K(2010624K), 0.0126159 secs] [Times: user=0.09 sys=0.00, real=0.01 secs] 
[CMS-concurrent-mark-start]
[CMS-concurrent-mark: 1.219/1.219 secs] [Times: user=3.67 sys=0.00, real=1.22 secs] 
[CMS-concurrent-preclean-start]
[CMS-concurrent-preclean: 0.005/0.005 secs] [Times: user=0.03 sys=0.00, real=0.00 secs] 
[CMS-concurrent-abortable-preclean-start]
[GC (Allocation Failure) [ParNew: 613440K->40912K(613440K), 0.1048194 secs] 1743640K->1235605K(2010624K), 0.1048701 secs] [Times: user=0.41 sys=0.00, real=0.10 secs] 
[CMS-concurrent-abortable-preclean: 1.058/1.876 secs] [Times: user=4.12 sys=0.00, real=1.88 secs] 
[GC (CMS Final Remark) [YG occupancy: 371684 K (613440 K)][Rescan (parallel) , 0.0683837 secs][weak refs processing, 0.0000148 secs][class unloading, 0.0061611 secs][scrub symbol table, 0.0010548 secs][scrub string table, 0.0003490 secs][1 CMS-remark: 1194692K(1397184K)] 1566377K(2010624K), 0.0767530 secs] [Times: user=0.30 sys=0.00, real=0.07 secs] 
[CMS-concurrent-sweep-start]
[GC (Allocation Failure) [ParNew: 586256K->68096K(613440K), 0.1778025 secs] 1361061K->900161K(2010624K), 0.1778532 secs] [Times: user=1.11 sys=0.00, real=0.18 secs] 
[CMS-concurrent-sweep: 0.560/0.738 secs] [Times: user=2.22 sys=0.00, real=0.74 secs] 
[CMS-concurrent-reset-start]
[CMS-concurrent-reset: 0.003/0.003 secs] [Times: user=0.00 sys=0.00, real=0.00 secs] 
[GC (Allocation Failure) [ParNew: 613440K->34087K(613440K), 0.0691888 secs] 1445505K->929964K(2010624K), 0.0692357 secs] [Times: user=0.20 sys=0.00, real=0.06 secs] 
[GC (Allocation Failure) [ParNew: 579431K->68096K(613440K), 0.1675071 secs] 1475308K->1018325K(2010624K), 0.1675527 secs] [Times: user=0.70 sys=0.00, real=0.17 secs] 
[GC (Allocation Failure) [ParNew: 613440K->27318K(613440K), 0.0644431 secs] 1563669K->1041145K(2010624K), 0.0644925 secs] [Times: user=0.22 sys=0.00, real=0.06 secs] 
[GC (Allocation Failure) [ParNew: 572662K->68096K(613440K), 0.1454863 secs] 1586489K->1132078K(2010624K), 0.1455299 secs] [Times: user=0.67 sys=0.00, real=0.14 secs] 
[GC (Allocation Failure) [ParNew (0: promotion failure size = 6249)  (1: promotion failure size = 6249)  (2: promotion failure size = 6249)  (3: promotion failure size = 6249)  (4: promotion failure size = 6249)  (5: promotion failure size = 6249)  (6: promotion failure size = 6249)  (7: promotion failure size = 6249)  (promotion failed): 613440K->572768K(613440K), 0.1872362 secs][CMS: 1126991K->761973K(1397184K), 1.9182048 secs] 1677422K->761973K(2010624K), [Metaspace: 9969K->9969K(10240K)], 2.1055097 secs] [Times: user=2.23 sys=0.00, real=2.11 secs] 

*** PauseDetector detected a 2105 ms pause at Fri Dec 19 17:18:46 EET 2014 ***

[GC (Allocation Failure) [ParNew: 545344K->68096K(613440K), 0.1203147 secs] 1307317K->880783K(2010624K), 0.1203648 secs] [Times: user=0.53 sys=0.00, real=0.12 secs] 
[GC (Allocation Failure) [ParNew: 613440K->34234K(613440K), 0.0549112 secs] 1426127K->911233K(2010624K), 0.0549632 secs] [Times: user=0.16 sys=0.00, real=0.05 secs] 
[GC (Allocation Failure) [ParNew: 579578K->68096K(613440K), 0.1126428 secs] 1456577K->994431K(2010624K), 0.1126922 secs] [Times: user=0.45 sys=0.00, real=0.11 secs] 
[GC (Allocation Failure) [ParNew: 613440K->46233K(613440K), 0.0578349 secs] 1539775K->1033817K(2010624K), 0.0578990 secs] [Times: user=0.20 sys=0.00, real=0.06 secs] 
[GC (Allocation Failure) [ParNew: 591577K->68096K(613440K), 0.0950270 secs] 1579161K->1101474K(2010624K), 0.0950758 secs] [Times: user=0.50 sys=0.00, real=0.09 secs] 
[Full GC (System.gc()) [CMS: 1033378K->756656K(1397184K), 1.7228431 secs] 1563121K->756656K(2010624K), [Metaspace: 9969K->9969K(10240K)], 1.7230920 secs] [Times: user=1.72 sys=0.00, real=1.72 secs] 
[Full GC (System.gc()) [CMS: 756656K->756578K(1397184K), 1.5591257 secs] 767561K->756578K(2010624K), [Metaspace: 9969K->9969K(10240K)], 1.5593349 secs] [Times: user=1.58 sys=0.00, real=1.56 secs] 
[Full GC (System.gc()) [CMS: 756578K->756579K(1397184K), 1.5907285 secs] 756580K->756579K(2010624K), [Metaspace: 9969K->9969K(10240K)]
*** PauseDetector detected a 3282 ms pause at Fri Dec 19 17:18:58 EET 2014 ***

, 1.5909434 secs] [Times: user=1.59 sys=0.00, real=1.59 secs] 

*** PauseDetector detected a 1604 ms pause at Fri Dec 19 17:19:00 EET 2014 ***

[GC (Allocation Failure) [ParNew: 545344K->68096K(613440K), 0.1053968 secs] 1301923K->882492K(2010624K), 0.1054565 secs] [Times: user=0.42 sys=0.00, real=0.11 secs] 
[GC (Allocation Failure) [ParNew: 613440K->28165K(613440K), 0.0537095 secs] 1427836K->895463K(2010624K), 0.0537705 secs] [Times: user=0.19 sys=0.00, real=0.05 secs] 
[GC (Allocation Failure) [ParNew: 573509K->68096K(613440K), 0.0973931 secs] 1440807K->980266K(2010624K), 0.0974560 secs] [Times: user=0.44 sys=0.00, real=0.09 secs] 
[GC (Allocation Failure) [ParNew: 613440K->20594K(613440K), 0.0416184 secs] 1525610K->996578K(2010624K), 0.0416691 secs] [Times: user=0.13 sys=0.00, real=0.03 secs] 
[GC (Allocation Failure) [ParNew: 565938K->68096K(613440K), 0.0928957 secs] 1541922K->1089424K(2010624K), 0.0929586 secs] [Times: user=0.41 sys=0.00, real=0.09 secs] 
[GC (Allocation Failure) [ParNew: 613440K->20039K(613440K), 0.0549843 secs] 1634768K->1103004K(2010624K), 0.0550504 secs] [Times: user=0.19 sys=0.00, real=0.05 secs] 
[Full GC (System.gc()) [CMS: 1082964K->749911K(1397184K), 1.6395421 secs] 1289688K->749911K(2010624K), [Metaspace: 9969K->9969K(10240K)], 1.6398244 secs] [Times: user=1.64 sys=0.00, real=1.64 secs] 
[Full GC (System.gc()) [CMS: 749911K->749912K(1397184K), 1.6746960 secs] 749913K->749912K(2010624K), [Metaspace: 9969K->9969K(10240K)], 1.6749270 secs] [Times: user=1.67 sys=0.00, real=1.68 secs] 
[Full GC (System.gc()) [CMS: 749912K->749913K(1397184K), 1.5563310 secs] 760893K->749913K(2010624K), [Metaspace: 9969K->9969K(10240K)]
*** PauseDetector detected a 1637 ms pause at Fri Dec 19 17:19:12 EET 2014 ***

, 1.5566717 secs] [Times: user=1.56 sys=0.00, real=1.55 secs] 
********************************
********** ROUND   31 **********
********************************

*** PauseDetector detected a 3239 ms pause at Fri Dec 19 17:19:15 EET 2014 ***

[GC (Allocation Failure) [ParNew: 545344K->7412K(613440K), 0.0069553 secs] 1295257K->757326K(2010624K), 0.0070009 secs] [Times: user=0.00 sys=0.00, real=0.01 secs] 
[GC (Allocation Failure) [ParNew: 552756K->68096K(613440K), 0.0771347 secs] 1302670K->861501K(2010624K), 0.0771822 secs] [Times: user=0.28 sys=0.00, real=0.07 secs] 
[GC (Allocation Failure) [ParNew: 613440K->39810K(613440K), 0.0385754 secs] 1406845K->897315K(2010624K), 0.0386248 secs] [Times: user=0.13 sys=0.00, real=0.03 secs] 
[GC (Allocation Failure) [ParNew: 585154K->68096K(613440K), 0.0668894 secs] 1442659K->968127K(2010624K), 0.0669350 secs] [Times: user=0.28 sys=0.00, real=0.06 secs] 
[GC (Allocation Failure) [ParNew: 613440K->20493K(613440K), 0.0349075 secs] 1513471K->984241K(2010624K), 0.0349717 secs] [Times: user=0.13 sys=0.00, real=0.03 secs] 
[GC (Allocation Failure) [ParNew: 565837K->68096K(613440K), 0.0656460 secs] 1529585K->1077536K(2010624K), 0.0656916 secs] [Times: user=0.22 sys=0.00, real=0.06 secs] 
[GC (Allocation Failure) [ParNew: 613440K->19689K(613440K), 0.0324387 secs] 1622880K->1089580K(2010624K), 0.0324984 secs] [Times: user=0.12 sys=0.00, real=0.03 secs] 
[GC (Allocation Failure) [ParNew: 565033K->68096K(613440K), 0.0638753 secs] 1634924K->1182573K(2010624K), 0.0639253 secs] [Times: user=0.30 sys=0.00, real=0.06 secs] 
[GC (Allocation Failure) [ParNew: 613440K->33055K(613440K), 0.0316797 secs] 1727917K->1208624K(2010624K), 0.0317984 secs] [Times: user=0.13 sys=0.00, real=0.03 secs] 
[GC (CMS Initial Mark) [1 CMS-initial-mark: 1175568K(1397184K)] 1208626K(2010624K), 0.0032348 secs] [Times: user=0.00 sys=0.00, real=0.00 secs] 
[CMS-concurrent-mark-start]
[CMS-concurrent-mark: 1.100/1.100 secs] [Times: user=3.56 sys=0.00, real=1.11 secs] 
[CMS-concurrent-preclean-start]
[CMS-concurrent-preclean: 0.097/0.103 secs] [Times: user=0.19 sys=0.00, real=0.10 secs] 
[CMS-concurrent-abortable-preclean-start]
[GC (Allocation Failure) [ParNew: 578399K->68096K(613440K), 0.0654792 secs] 1753968K->1286880K(2010624K), 0.0655267 secs] [Times: user=0.22 sys=0.00, real=0.06 secs] 
[CMS-concurrent-abortable-preclean: 0.786/1.463 secs] [Times: user=2.45 sys=0.00, real=1.46 secs] 
[GC (CMS Final Remark) [YG occupancy: 465597 K (613440 K)][Rescan (parallel) , 0.1086875 secs][weak refs processing, 0.0000148 secs][class unloading, 0.0054091 secs][scrub symbol table, 0.0010926 secs][scrub string table, 0.0003516 secs][1 CMS-remark: 1218784K(1397184K)] 1684381K(2010624K), 0.1163427 secs] [Times: user=0.48 sys=0.00, real=0.11 secs] 
[CMS-concurrent-sweep-start]
[GC (Allocation Failure) [ParNew: 613440K->33231K(613440K), 0.0393915 secs] 1832224K->1313466K(2010624K), 0.0394434 secs] [Times: user=0.06 sys=0.00, real=0.03 secs] 
[CMS-concurrent-sweep: 0.584/0.624 secs] [Times: user=1.50 sys=0.00, real=0.63 secs] 
[CMS-concurrent-reset-start]
[CMS-concurrent-reset: 0.003/0.003 secs] [Times: user=0.00 sys=0.00, real=0.00 secs] 
[GC (Allocation Failure) [ParNew: 578575K->68096K(613440K), 0.0625896 secs] 1327982K->858757K(2010624K), 0.0626409 secs] [Times: user=0.28 sys=0.00, real=0.06 secs] 
[GC (Allocation Failure) [ParNew: 613440K->40909K(613440K), 0.0412828 secs] 1404101K->894828K(2010624K), 0.0414355 secs] [Times: user=0.19 sys=0.00, real=0.04 secs] 
[GC (Allocation Failure) [ParNew: 586253K->68096K(613440K), 0.0880595 secs] 1440172K->962951K(2010624K), 0.0881095 secs] [Times: user=0.26 sys=0.00, real=0.08 secs] 
[GC (Allocation Failure) [ParNew: 613440K->20530K(613440K), 0.1702909 secs] 1508295K->978825K(2010624K), 0.1703423 secs] [Times: user=0.20 sys=0.01, real=0.16 secs] 
[GC (Allocation Failure) [ParNew (0: promotion failure size = 81)  (1: promotion failure size = 81)  (2: promotion failure size = 81)  (3: promotion failure size = 81)  (4: promotion failure size = 81)  (5: promotion failure size = 81)  (6: promotion failure size = 81)  (7: promotion failure size = 81)  (promotion failed): 565874K->613440K(613440K), 0.3293998 secs][CMS: 996944K->751494K(1397184K), 1.8217445 secs] 1524169K->751494K(2010624K), [Metaspace: 9969K->9969K(10240K)]
*** PauseDetector detected a 2144 ms pause at Fri Dec 19 17:19:41 EET 2014 ***

, 2.1512162 secs] [Times: user=2.28 sys=0.03, real=2.14 secs] 
[GC (Allocation Failure) [ParNew: 545344K->27425K(613440K), 0.0068187 secs] 1296838K->778919K(2010624K), 0.0068617 secs] [Times: user=0.00 sys=0.00, real=0.01 secs] 
[GC (Allocation Failure) [ParNew: 572769K->68096K(613440K), 0.0550536 secs] 1324263K->861455K(2010624K), 0.0551017 secs] [Times: user=0.19 sys=0.00, real=0.05 secs] 
[GC (Allocation Failure) [ParNew: 613440K->20385K(613440K), 0.0305294 secs] 1406799K->877011K(2010624K), 0.0306462 secs] [Times: user=0.12 sys=0.00, real=0.02 secs] 
[GC (Allocation Failure) [ParNew: 565729K->68096K(613440K), 0.0553103 secs] 1422355K->966718K(2010624K), 0.0553609 secs] [Times: user=0.20 sys=0.00, real=0.05 secs] 
[GC (Allocation Failure) [ParNew: 613440K->26918K(613440K), 0.0341838 secs] 1512062K->987861K(2010624K), 0.0343051 secs] [Times: user=0.13 sys=0.00, real=0.03 secs] 
[GC (Allocation Failure) [ParNew: 572262K->68096K(613440K), 0.0538731 secs] 1533205K->1070682K(2010624K), 0.0539200 secs] [Times: user=0.20 sys=0.00, real=0.05 secs] 
[GC (Allocation Failure) [ParNew: 613440K->26981K(613440K), 0.0290968 secs] 1616026K->1091886K(2010624K), 0.0291487 secs] [Times: user=0.13 sys=0.00, real=0.03 secs] 
[GC (Allocation Failure) [ParNew: 572325K->68096K(613440K), 0.0547572 secs] 1637230K->1177121K(2010624K), 0.0548092 secs] [Times: user=0.20 sys=0.00, real=0.05 secs] 
[GC (Allocation Failure) [ParNew: 613440K->32598K(613440K), 0.0320230 secs] 1722465K->1201563K(2010624K), 0.0320666 secs] [Times: user=0.13 sys=0.00, real=0.03 secs] 
[GC (CMS Initial Mark) [1 CMS-initial-mark: 1168964K(1397184K)] 1212546K(2010624K), 0.0021140 secs] [Times: user=0.00 sys=0.00, real=0.00 secs] 
[CMS-concurrent-mark-start]
[CMS-concurrent-mark: 1.133/1.133 secs] [Times: user=3.65 sys=0.00, real=1.14 secs] 
[CMS-concurrent-preclean-start]
[CMS-concurrent-preclean: 0.066/0.070 secs] [Times: user=0.13 sys=0.00, real=0.07 secs] 
[CMS-concurrent-abortable-preclean-start]
[GC (Allocation Failure) [ParNew[CMS-concurrent-abortable-preclean: 0.056/0.359 secs] [Times: user=0.66 sys=0.00, real=0.38 secs] 
: 577942K->68096K(613440K), 0.0553481 secs] 1746907K->1278823K(2010624K), 0.0553962 secs] [Times: user=0.26 sys=0.00, real=0.05 secs] 
[GC (CMS Final Remark) [YG occupancy: 79079 K (613440 K)][Rescan (parallel) , 0.0251389 secs][weak refs processing, 0.0000167 secs][class unloading, 0.0050646 secs][scrub symbol table, 0.0010541 secs][scrub string table, 0.0003484 secs][1 CMS-remark: 1210727K(1397184K)] 1289806K(2010624K), 0.0324111 secs] [Times: user=0.16 sys=0.00, real=0.03 secs] 
[CMS-concurrent-sweep-start]
[CMS-concurrent-sweep: 0.529/0.529 secs] [Times: user=1.06 sys=0.00, real=0.54 secs] 
[CMS-concurrent-reset-start]
[CMS-concurrent-reset: 0.003/0.003 secs] [Times: user=0.00 sys=0.00, real=0.00 secs] 
[GC (Allocation Failure) [ParNew: 613440K->19945K(613440K), 0.0343975 secs] 1299202K->767270K(2010624K), 0.0345168 secs] [Times: user=0.14 sys=0.00, real=0.03 secs] 
[GC (Allocation Failure) [ParNew: 565289K->68096K(613440K), 0.0537987 secs] 1312614K->856373K(2010624K), 0.0538500 secs] [Times: user=0.28 sys=0.00, real=0.06 secs] 
[GC (Allocation Failure) [ParNew: 613440K->47158K(613440K), 0.0416928 secs] 1401717K->897766K(2010624K), 0.0417409 secs] [Times: user=0.19 sys=0.00, real=0.04 secs] 
[GC (Allocation Failure) [ParNew: 592502K->68096K(613440K), 0.0619762 secs] 1443110K->958482K(2010624K), 0.0620256 secs] [Times: user=0.19 sys=0.00, real=0.06 secs] 
[GC (Allocation Failure) [ParNew (2: promotion failure size = 1237)  (3: promotion failure size = 1237)  (5: promotion failure size = 1237)  (6: promotion failure size = 1237)  (promotion failed): 613440K->572694K(613440K), 0.3195966 secs][CMS: 953734K->751553K(1397184K), 1.8450575 secs] 1503826K->751553K(2010624K), [Metaspace: 9969K->9969K(10240K)], 2.1647939 secs] [Times: user=2.20 sys=0.01, real=2.16 secs] 

*** PauseDetector detected a 2161 ms pause at Fri Dec 19 17:20:06 EET 2014 ***

[GC (Allocation Failure) [ParNew: 545344K->68096K(613440K), 0.0516777 secs] 1296897K->860166K(2010624K), 0.0518073 secs] [Times: user=0.20 sys=0.00, real=0.05 secs] 
[GC (Allocation Failure) [ParNew: 613440K->34047K(613440K), 0.0288420 secs] 1405510K->889474K(2010624K), 0.0288934 secs] [Times: user=0.13 sys=0.00, real=0.03 secs] 
[GC (Allocation Failure) [ParNew: 579391K->68096K(613440K), 0.1634620 secs] 1434818K->991480K(2010624K), 0.1635095 secs] [Times: user=0.76 sys=0.00, real=0.16 secs] 
[GC (Allocation Failure) [ParNew: 613440K->34192K(613440K), 0.0791326 secs] 1536824K->1022483K(2010624K), 0.0791833 secs] [Times: user=0.28 sys=0.00, real=0.08 secs] 
[GC (Allocation Failure) [ParNew: 579536K->68096K(613440K), 0.1868263 secs] 1567827K->1113503K(2010624K), 0.1868750 secs] [Times: user=0.87 sys=0.00, real=0.19 secs] 
[GC (Allocation Failure) [ParNew: 613440K->41035K(613440K), 0.0685806 secs] 1658847K->1150095K(2010624K), 0.0687307 secs] [Times: user=0.22 sys=0.00, real=0.07 secs] 
[GC (Allocation Failure) [ParNew: 586379K->68096K(613440K), 0.1588086 secs] 1695439K->1231513K(2010624K), 0.1589261 secs] [Times: user=0.72 sys=0.00, real=0.15 secs] 
[GC (Allocation Failure) [ParNew: 613440K->27371K(613440K), 0.0602626 secs] 1776857K->1254540K(2010624K), 0.0603659 secs] [Times: user=0.25 sys=0.00, real=0.06 secs] 
[GC (CMS Initial Mark) [1 CMS-initial-mark: 1227168K(1397184K)] 1254542K(2010624K), 0.0046521 secs] [Times: user=0.00 sys=0.00, real=0.00 secs] 
[CMS-concurrent-mark-start]
[CMS-concurrent-mark: 1.227/1.227 secs] [Times: user=4.29 sys=0.00, real=1.23 secs] 
[CMS-concurrent-preclean-start]
[CMS-concurrent-preclean: 0.237/0.251 secs] [Times: user=0.50 sys=0.00, real=0.25 secs] 
[CMS-concurrent-abortable-preclean-start]
[GC (Allocation Failure) [ParNew[CMS-concurrent-abortable-preclean: 0.057/0.412 secs] [Times: user=0.76 sys=0.00, real=0.41 secs] 
: 572715K->68096K(613440K), 0.1532070 secs] 1799884K->1345648K(2010624K), 0.1532552 secs] [Times: user=0.64 sys=0.00, real=0.15 secs] 
[GC (CMS Final Remark) [YG occupancy: 79140 K (613440 K)][Rescan (parallel) , 0.0853251 secs][weak refs processing, 0.0000257 secs][class unloading, 0.0059057 secs][scrub symbol table, 0.0012344 secs][scrub string table, 0.0004600 secs][1 CMS-remark: 1277552K(1397184K)] 1356692K(2010624K), 0.0938664 secs] [Times: user=0.42 sys=0.00, real=0.09 secs] 
[CMS-concurrent-sweep-start]
[CMS-concurrent-sweep: 0.804/0.804 secs] [Times: user=1.62 sys=0.00, real=0.81 secs] 
[CMS-concurrent-reset-start]
[CMS-concurrent-reset: 0.003/0.003 secs] [Times: user=0.03 sys=0.00, real=0.00 secs] 
[GC (Allocation Failure) [ParNew: 613440K->41115K(613440K), 0.0590474 secs] 1312049K->803266K(2010624K), 0.0590949 secs] [Times: user=0.22 sys=0.00, real=0.06 secs] 
[GC (Allocation Failure) [ParNew: 586459K->68096K(613440K), 0.1302970 secs] 1348610K->879270K(2010624K), 0.1303413 secs] [Times: user=0.48 sys=0.00, real=0.13 secs] 
[GC (Allocation Failure) [ParNew: 613440K->20527K(613440K), 0.0539245 secs] 1424614K->895241K(2010624K), 0.0539803 secs] [Times: user=0.14 sys=0.00, real=0.05 secs] 
[GC (Allocation Failure) [ParNew (0: promotion failure size = 4167)  (1: promotion failure size = 4167)  (2: promotion failure size = 4167)  (3: promotion failure size = 4167)  (4: promotion failure size = 4167)  (5: promotion failure size = 4167)  (6: promotion failure size = 4167)  (7: promotion failure size = 4167)  (promotion failed): 565871K->613440K(613440K), 4.3330645 secs][CMS: 900327K->757046K(1397184K), 2.0694557 secs] 1440585K->757046K(2010624K), [Metaspace: 9969K->9969K(10240K)], 6.4026043 secs] [Times: user=7.27 sys=1.36, real=6.40 secs] 

*** PauseDetector detected a 6402 ms pause at Fri Dec 19 17:20:34 EET 2014 ***

[GC (Allocation Failure) [ParNew: 545344K->34263K(613440K), 0.0064632 secs] 1302390K->791310K(2010624K), 0.0065011 secs] [Times: user=0.00 sys=0.00, real=0.01 secs] 
[GC (Allocation Failure) [ParNew: 579607K->68096K(613440K), 0.0958534 secs] 1336654K->873439K(2010624K), 0.0959073 secs] [Times: user=0.38 sys=0.00, real=0.09 secs] 
[GC (Allocation Failure) [ParNew: 613440K->26921K(613440K), 0.0467664 secs] 1418783K->895636K(2010624K), 0.0468164 secs] [Times: user=0.17 sys=0.00, real=0.04 secs] 
[Full GC (System.gc()) [CMS: 868715K->753535K(1397184K), 1.5937849 secs] 1226985K->753535K(2010624K), [Metaspace: 9969K->9969K(10240K)], 1.5940230 secs] [Times: user=1.59 sys=0.00, real=1.59 secs] 
[Full GC (System.gc()) [CMS: 753535K->753535K(1397184K), 1.4450439 secs] 753535K->753535K(2010624K), [Metaspace: 9969K->9969K(10240K)], 1.4452447 secs] [Times: user=1.45 sys=0.00, real=1.45 secs] 
[Full GC (System.gc()) [CMS: 753535K->753536K(1397184K), 1.4409455 secs] 764471K->753536K(2010624K), [Metaspace: 9969K->9969K(10240K)]
*** PauseDetector detected a 3039 ms pause at Fri Dec 19 17:20:42 EET 2014 ***


*** PauseDetector detected a 1450 ms pause at Fri Dec 19 17:20:44 EET 2014 ***

, 1.4411386 secs] [Times: user=1.43 sys=0.00, real=1.44 secs] 
[GC (Allocation Failure) [ParNew: 545344K->7457K(613440K), 0.0087870 secs] 1298880K->760994K(2010624K), 0.0088460 secs] [Times: user=0.02 sys=0.00, real=0.01 secs] 
[GC (Allocation Failure) [ParNew: 552801K->68096K(613440K), 0.0928732 secs] 1306338K->867513K(2010624K), 0.0929342 secs] [Times: user=0.36 sys=0.00, real=0.09 secs] 
[GC (Allocation Failure) [ParNew: 613440K->19892K(613440K), 0.0555881 secs] 1412857K->884033K(2010624K), 0.0556497 secs] [Times: user=0.20 sys=0.00, real=0.06 secs] 
[GC (Allocation Failure) [ParNew: 565236K->68096K(613440K), 0.0913392 secs] 1429377K->975779K(2010624K), 0.0914015 secs] [Times: user=0.42 sys=0.00, real=0.09 secs] 
[GC (Allocation Failure) [ParNew: 613440K->20527K(613440K), 0.0430497 secs] 1521123K->991885K(2010624K), 0.0430991 secs] [Times: user=0.14 sys=0.00, real=0.03 secs] 
[GC (Allocation Failure) [ParNew: 565871K->68096K(613440K), 0.0857447 secs] 1537229K->1084367K(2010624K), 0.0858076 secs] [Times: user=0.36 sys=0.00, real=0.08 secs] 
[Full GC (System.gc()) [CMS: 1016271K->751783K(1397184K), 1.5922926 secs] 1346765K->751783K(2010624K), [Metaspace: 9969K->9969K(10240K)], 1.5925120 secs] [Times: user=1.59 sys=0.00, real=1.59 secs] 
[Full GC (System.gc()) [CMS: 751783K->751784K(1397184K), 1.3370545 secs] 762716K->751784K(2010624K), [Metaspace: 9969K->9969K(10240K)], 1.3372546 secs] [Times: user=1.34 sys=0.00, real=1.34 secs] 
[Full GC (System.gc()) [CMS: 751784K->751706K(1397184K), 1.5648017 secs] 762719K->751706K(2010624K), [Metaspace: 9969K->9969K(10240K)]
*** PauseDetector detected a 2931 ms pause at Fri Dec 19 17:20:57 EET 2014 ***

, 1.5650327 secs] [Times: user=1.58 sys=0.00, real=1.57 secs] 
********************************
********** ROUND   32 **********
********************************

*** PauseDetector detected a 1575 ms pause at Fri Dec 19 17:20:58 EET 2014 ***

[GC (Allocation Failure) [ParNew: 545344K->68096K(613440K), 0.0725032 secs] 1297050K->876980K(2010624K), 0.0725533 secs] [Times: user=0.28 sys=0.00, real=0.07 secs] 
[GC (Allocation Failure) [ParNew: 613440K->27164K(613440K), 0.0309714 secs] 1422324K->886708K(2010624K), 0.0310221 secs] [Times: user=0.13 sys=0.00, real=0.03 secs] 
[GC (Allocation Failure) [ParNew: 572508K->68096K(613440K), 0.0687134 secs] 1432052K->975238K(2010624K), 0.0687583 secs] [Times: user=0.22 sys=0.00, real=0.06 secs] 
[GC (Allocation Failure) [ParNew: 613440K->25500K(613440K), 0.0356318 secs] 1520582K->991134K(2010624K), 0.0356825 secs] [Times: user=0.14 sys=0.00, real=0.03 secs] 
[GC (Allocation Failure) [ParNew: 570844K->68096K(613440K), 0.0667162 secs] 1536478K->1076227K(2010624K), 0.0667791 secs] [Times: user=0.27 sys=0.00, real=0.06 secs] 
[GC (Allocation Failure) [ParNew: 613440K->27233K(613440K), 0.0336988 secs] 1621571K->1098739K(2010624K), 0.0337430 secs] [Times: user=0.13 sys=0.00, real=0.03 secs] 
[GC (Allocation Failure) [ParNew: 572577K->68096K(613440K), 0.0668073 secs] 1644083K->1183804K(2010624K), 0.0668541 secs] [Times: user=0.27 sys=0.00, real=0.07 secs] 
[GC (Allocation Failure) [ParNew: 613440K->26611K(613440K), 0.0409813 secs] 1729148K->1203737K(2010624K), 0.0411956 secs] [Times: user=0.13 sys=0.00, real=0.04 secs] 
[GC (CMS Initial Mark) [1 CMS-initial-mark: 1177126K(1397184K)] 1214747K(2010624K), 0.0035794 secs] [Times: user=0.00 sys=0.00, real=0.00 secs] 
[CMS-concurrent-mark-start]
[CMS-concurrent-mark: 1.169/1.169 secs] [Times: user=3.85 sys=0.02, real=1.18 secs] 
[CMS-concurrent-preclean-start]
[CMS-concurrent-preclean: 0.098/0.104 secs] [Times: user=0.22 sys=0.00, real=0.10 secs] 
[CMS-concurrent-abortable-preclean-start]
[GC (Allocation Failure) [ParNew: 571955K->68096K(613440K), 0.0628449 secs] 1749081K->1287901K(2010624K), 0.0628924 secs] [Times: user=0.26 sys=0.00, real=0.06 secs] 
[CMS-concurrent-abortable-preclean: 0.772/1.357 secs] [Times: user=2.42 sys=0.00, real=1.36 secs] 
[GC (CMS Final Remark) [YG occupancy: 474853 K (613440 K)][Rescan (parallel) , 0.0967670 secs][weak refs processing, 0.0000160 secs][class unloading, 0.0052802 secs][scrub symbol table, 0.0010689 secs][scrub string table, 0.0003535 secs][1 CMS-remark: 1219805K(1397184K)] 1694658K(2010624K), 0.1042843 secs] [Times: user=0.44 sys=0.00, real=0.10 secs] 
[CMS-concurrent-sweep-start]
[GC (Allocation Failure) [ParNew: 613440K->40264K(613440K), 0.0315591 secs] 1833245K->1322057K(2010624K), 0.0316060 secs] [Times: user=0.16 sys=0.00, real=0.03 secs] 
[CMS-concurrent-sweep: 0.616/0.648 secs] [Times: user=1.55 sys=0.00, real=0.65 secs] 
[CMS-concurrent-reset-start]
[CMS-concurrent-reset: 0.003/0.003 secs] [Times: user=0.00 sys=0.00, real=0.00 secs] 
[GC (Allocation Failure) [ParNew: 585608K->68096K(613440K), 0.0650430 secs] 1334780K->861821K(2010624K), 0.0650885 secs] [Times: user=0.25 sys=0.00, real=0.07 secs] 
[GC (Allocation Failure) [ParNew: 613440K->39061K(613440K), 0.0415023 secs] 1407165K->892745K(2010624K), 0.0415491 secs] [Times: user=0.14 sys=0.00, real=0.04 secs] 
[GC (Allocation Failure) [ParNew: 584405K->68096K(613440K), 0.0943848 secs] 1438089K->962743K(2010624K), 0.0944374 secs] [Times: user=0.25 sys=0.02, real=0.09 secs] 
[GC (Allocation Failure) [ParNew (0: promotion failure size = 1854)  (1: promotion failure size = 1854)  (2: promotion failure size = 1854)  (3: promotion failure size = 1854)  (4: promotion failure size = 1854)  (5: promotion failure size = 1854)  (6: promotion failure size = 1854)  (7: promotion failure size = 1854)  (promotion failed): 613440K->565815K(613440K), 0.4294812 secs][CMS: 956867K->752752K(1397184K), 1.6338655 secs] 1508087K->752752K(2010624K), [Metaspace: 9969K->9969K(10240K)], 2.0635244 secs] [Times: user=2.14 sys=0.05, real=2.06 secs] 

*** PauseDetector detected a 2057 ms pause at Fri Dec 19 17:21:21 EET 2014 ***

[GC (Allocation Failure) [ParNew: 545344K->68096K(613440K), 0.0562944 secs] 1298096K->862174K(2010624K), 0.0564439 secs] [Times: user=0.28 sys=0.00, real=0.06 secs] 
[GC (Allocation Failure) [ParNew: 613440K->27419K(613440K), 0.0328577 secs] 1407518K->885390K(2010624K), 0.0329064 secs] [Times: user=0.13 sys=0.00, real=0.03 secs] 
[GC (Allocation Failure) [ParNew: 572763K->68096K(613440K), 0.0556689 secs] 1430734K->968792K(2010624K), 0.0557927 secs] [Times: user=0.20 sys=0.00, real=0.05 secs] 
[GC (Allocation Failure) [ParNew: 613440K->26734K(613440K), 0.0293534 secs] 1514136K->989223K(2010624K), 0.0294060 secs] [Times: user=0.13 sys=0.00, real=0.03 secs] 
[GC (Allocation Failure) [ParNew: 572078K->68096K(613440K), 0.0568443 secs] 1534567K->1073423K(2010624K), 0.0568962 secs] [Times: user=0.25 sys=0.00, real=0.05 secs] 
[GC (Allocation Failure) [ParNew: 613440K->26566K(613440K), 0.0318523 secs] 1618767K->1093202K(2010624K), 0.0319190 secs] [Times: user=0.08 sys=0.00, real=0.03 secs] 
[GC (Allocation Failure) [ParNew: 571910K->68096K(613440K), 0.0550870 secs] 1638546K->1175242K(2010624K), 0.0551377 secs] [Times: user=0.28 sys=0.00, real=0.05 secs] 
[GC (Allocation Failure) [ParNew: 613440K->41059K(613440K), 0.0293284 secs] 1720586K->1211652K(2010624K), 0.0294445 secs] [Times: user=0.13 sys=0.00, real=0.03 secs] 
[GC (CMS Initial Mark) [1 CMS-initial-mark: 1170593K(1397184K)] 1222653K(2010624K), 0.0027402 secs] [Times: user=0.00 sys=0.00, real=0.00 secs] 
[CMS-concurrent-mark-start]
[CMS-concurrent-mark: 1.091/1.091 secs] [Times: user=3.56 sys=0.00, real=1.10 secs] 
[CMS-concurrent-preclean-start]
[CMS-concurrent-preclean: 0.071/0.075 secs] [Times: user=0.16 sys=0.00, real=0.08 secs] 
[CMS-concurrent-abortable-preclean-start]
[GC (Allocation Failure) [ParNew[CMS-concurrent-abortable-preclean: 0.056/0.355 secs] [Times: user=0.52 sys=0.00, real=0.36 secs] 
: 586403K->68096K(613440K), 0.0552936 secs] 1756996K->1281101K(2010624K), 0.0553411 secs] [Times: user=0.22 sys=0.00, real=0.05 secs] 
[GC (CMS Final Remark) [YG occupancy: 79031 K (613440 K)][Rescan (parallel) , 0.0257869 secs][weak refs processing, 0.0000148 secs][class unloading, 0.0050479 secs][scrub symbol table, 0.0010772 secs][scrub string table, 0.0003503 secs][1 CMS-remark: 1213005K(1397184K)] 1292036K(2010624K), 0.0330655 secs] [Times: user=0.16 sys=0.00, real=0.03 secs] 
[CMS-concurrent-sweep-start]
[CMS-concurrent-sweep: 0.518/0.518 secs] [Times: user=1.08 sys=0.00, real=0.52 secs] 
[CMS-concurrent-reset-start]
[CMS-concurrent-reset: 0.003/0.003 secs] [Times: user=0.00 sys=0.00, real=0.00 secs] 
[GC (Allocation Failure) [ParNew: 613440K->26629K(613440K), 0.0378972 secs] 1299840K->774515K(2010624K), 0.0379441 secs] [Times: user=0.12 sys=0.00, real=0.03 secs] 
[GC (Allocation Failure) [ParNew: 571973K->68096K(613440K), 0.0547457 secs] 1319859K->858713K(2010624K), 0.0548015 secs] [Times: user=0.19 sys=0.00, real=0.05 secs] 
[GC (Allocation Failure) [ParNew: 613440K->39493K(613440K), 0.0271759 secs] 1404057K->890733K(2010624K), 0.0272246 secs] [Times: user=0.13 sys=0.00, real=0.02 secs] 
[GC (Allocation Failure) [ParNew: 584837K->68096K(613440K), 0.0682451 secs] 1436077K->959144K(2010624K), 0.0682945 secs] [Times: user=0.22 sys=0.00, real=0.07 secs] 
[GC (Allocation Failure) [ParNew (0: promotion failure size = 105)  (1: promotion failure size = 105)  (2: promotion failure size = 105)  (3: promotion failure size = 105)  (4: promotion failure size = 105)  (5: promotion failure size = 1237)  (6: promotion failure size = 105)  (7: promotion failure size = 105)  (promotion failed): 613440K->572656K(613440K), 2.9616299 secs][CMS: 895653K->751640K(1397184K), 1.6034252 secs] 1504488K->751640K(2010624K), [Metaspace: 9969K->9969K(10240K)], 4.5651200 secs] [Times: user=4.34 sys=0.33, real=4.56 secs] 

*** PauseDetector detected a 4562 ms pause at Fri Dec 19 17:21:47 EET 2014 ***

[GC (Allocation Failure) [ParNew: 545344K->68096K(613440K), 0.0499217 secs] 1296984K->861038K(2010624K), 0.0499704 secs] [Times: user=0.22 sys=0.00, real=0.05 secs] 
[GC (Allocation Failure) [ParNew: 613440K->26973K(613440K), 0.0306057 secs] 1406382K->882618K(2010624K), 0.0306500 secs] [Times: user=0.11 sys=0.00, real=0.03 secs] 
[GC (Allocation Failure) [ParNew: 572317K->68096K(613440K), 0.0520953 secs] 1427962K->965022K(2010624K), 0.0521422 secs] [Times: user=0.19 sys=0.00, real=0.05 secs] 
[GC (Allocation Failure) [ParNew: 613440K->20125K(613440K), 0.0275634 secs] 1510366K->978998K(2010624K), 0.0276128 secs] [Times: user=0.12 sys=0.00, real=0.02 secs] 
[GC (Allocation Failure) [ParNew: 565469K->68096K(613440K), 0.1632849 secs] 1524342K->1094786K(2010624K), 0.1633337 secs] [Times: user=0.75 sys=0.00, real=0.16 secs] 
[GC (Allocation Failure) [ParNew: 613440K->27355K(613440K), 0.0827704 secs] 1640130K->1119641K(2010624K), 0.0828172 secs] [Times: user=0.36 sys=0.00, real=0.08 secs] 
[GC (Allocation Failure) [ParNew: 572699K->68096K(613440K), 0.1953073 secs] 1664985K->1217334K(2010624K), 0.1953676 secs] [Times: user=0.89 sys=0.00, real=0.19 secs] 
[GC (Allocation Failure) [ParNew: 613440K->27405K(613440K), 0.0733418 secs] 1762678K->1240301K(2010624K), 0.0733924 secs] [Times: user=0.25 sys=0.02, real=0.07 secs] 
[GC (CMS Initial Mark) [1 CMS-initial-mark: 1212895K(1397184K)] 1251236K(2010624K), 0.0033708 secs] [Times: user=0.00 sys=0.00, real=0.01 secs] 
[CMS-concurrent-mark-start]
[CMS-concurrent-mark: 1.255/1.255 secs] [Times: user=4.40 sys=0.00, real=1.26 secs] 
[CMS-concurrent-preclean-start]
[CMS-concurrent-preclean: 0.273/0.284 secs] [Times: user=0.56 sys=0.00, real=0.28 secs] 
[CMS-concurrent-abortable-preclean-start]
[GC (Allocation Failure) [ParNew[CMS-concurrent-abortable-preclean: 0.094/0.649 secs] [Times: user=1.09 sys=0.00, real=0.65 secs] 
: 572749K->68096K(613440K), 0.1666089 secs] 1785645K->1335245K(2010624K), 0.1666570 secs] [Times: user=0.67 sys=0.00, real=0.17 secs] 
[GC (CMS Final Remark) [YG occupancy: 79098 K (613440 K)][Rescan (parallel) , 0.0993448 secs][weak refs processing, 0.0000148 secs][class unloading, 0.0050293 secs][scrub symbol table, 0.0010522 secs][scrub string table, 0.0003497 secs][1 CMS-remark: 1267149K(1397184K)] 1346247K(2010624K), 0.1065754 secs] [Times: user=0.73 sys=0.00, real=0.10 secs] 
[CMS-concurrent-sweep-start]
[CMS-concurrent-sweep: 0.763/0.763 secs] [Times: user=1.51 sys=0.00, real=0.77 secs] 
[CMS-concurrent-reset-start]
[CMS-concurrent-reset: 0.004/0.004 secs] [Times: user=0.00 sys=0.00, real=0.00 secs] 
[GC (Allocation Failure) [ParNew: 613440K->48002K(613440K), 0.0657795 secs] 1316090K->814393K(2010624K), 0.0658308 secs] [Times: user=0.19 sys=0.00, real=0.06 secs] 
[GC (Allocation Failure) [ParNew: 593346K->68096K(613440K), 0.1429181 secs] 1359737K->884635K(2010624K), 0.1429726 secs] [Times: user=0.61 sys=0.00, real=0.14 secs] 
[GC (Allocation Failure) [ParNew: 613440K->20539K(613440K), 0.0564670 secs] 1429979K->900730K(2010624K), 0.0565171 secs] [Times: user=0.16 sys=0.00, real=0.05 secs] 
[GC (Allocation Failure) [ParNew: 565883K->68096K(613440K), 0.1282485 secs] 1446074K->997322K(2010624K), 0.1282991 secs] [Times: user=0.51 sys=0.00, real=0.12 secs] 
[GC (Allocation Failure) [ParNew (0: promotion failure size = 6249)  (1: promotion failure size = 6249)  (2: promotion failure size = 6249)  (3: promotion failure size = 6249)  (4: promotion failure size = 6249)  (5: promotion failure size = 6249)  (6: promotion failure size = 6249)  (7: promotion failure size = 6249)  (promotion failed): 613440K->559048K(613440K), 0.1886002 secs][CMS: 992021K->760841K(1397184K), 2.1770596 secs] 1542666K->760841K(2010624K), [Metaspace: 9969K->9969K(10240K)]
*** PauseDetector detected a 2362 ms pause at Fri Dec 19 17:22:12 EET 2014 ***

, 2.3657271 secs] [Times: user=2.43 sys=0.00, real=2.36 secs] 
[GC (Allocation Failure) [ParNew: 545344K->68096K(613440K), 0.1086156 secs] 1306185K->877842K(2010624K), 0.1086618 secs] [Times: user=0.48 sys=0.00, real=0.10 secs] 
[GC (Allocation Failure) [ParNew: 613440K->40688K(613440K), 0.0534895 secs] 1423186K->913733K(2010624K), 0.0535485 secs] [Times: user=0.14 sys=0.00, real=0.05 secs] 
[GC (Allocation Failure) [ParNew: 586032K->68096K(613440K), 0.0982740 secs] 1459077K->987060K(2010624K), 0.0983247 secs] [Times: user=0.40 sys=0.00, real=0.09 secs] 
[GC (Allocation Failure) [ParNew: 613440K->27340K(613440K), 0.0459131 secs] 1532404K->1010296K(2010624K), 0.0459586 secs] [Times: user=0.14 sys=0.00, real=0.05 secs] 
[GC (Allocation Failure) [ParNew: 572684K->68096K(613440K), 0.0948974 secs] 1555640K->1096393K(2010624K), 0.0949475 secs] [Times: user=0.37 sys=0.00, real=0.10 secs] 
[Full GC (System.gc()) [CMS: 1028297K->755605K(1397184K), 1.6403377 secs] 1503249K->755605K(2010624K), [Metaspace: 9969K->9969K(10240K)], 1.6405603 secs] [Times: user=1.64 sys=0.00, real=1.64 secs] 
[Full GC (System.gc()) [CMS: 755605K->755607K(1397184K), 1.6966757 secs] 766509K->755607K(2010624K), [Metaspace: 9969K->9969K(10240K)], 1.6968849 secs] [Times: user=1.70 sys=0.00, real=1.70 secs] 
[Full GC (System.gc()) [CMS: 755607K->755610K(1397184K), 1.4425565 secs] 766511K->755610K(2010624K), [Metaspace: 9969K->9969K(10240K)]
*** PauseDetector detected a 1638 ms pause at Fri Dec 19 17:22:22 EET 2014 ***

, 1.4429613 secs] [Times: user=1.43 sys=0.00, real=1.44 secs] 

*** PauseDetector detected a 3153 ms pause at Fri Dec 19 17:22:26 EET 2014 ***

[GC (Allocation Failure) [ParNew: 545344K->68096K(613440K), 0.0977242 secs] 1300954K->870482K(2010624K), 0.0977845 secs] [Times: user=0.42 sys=0.00, real=0.09 secs] 
[GC (Allocation Failure) [ParNew: 613440K->24019K(613440K), 0.0546000 secs] 1415826K->889462K(2010624K), 0.0546616 secs] [Times: user=0.19 sys=0.00, real=0.05 secs] 
[GC (Allocation Failure) [ParNew: 569363K->68096K(613440K), 0.0777975 secs] 1434806K->977121K(2010624K), 0.0778482 secs] [Times: user=0.34 sys=0.00, real=0.07 secs] 
[GC (Allocation Failure) [ParNew: 613440K->20775K(613440K), 0.0391791 secs] 1522465K->993461K(2010624K), 0.0392260 secs] [Times: user=0.13 sys=0.00, real=0.04 secs] 
[GC (Allocation Failure) [ParNew: 566119K->68096K(613440K), 0.0962505 secs] 1538805K->1083861K(2010624K), 0.0963121 secs] [Times: user=0.41 sys=0.00, real=0.09 secs] 
[GC (Allocation Failure) [ParNew: 613440K->27447K(613440K), 0.0407529 secs] 1629205K->1106777K(2010624K), 0.0408254 secs] [Times: user=0.13 sys=0.00, real=0.03 secs] 
[Full GC (System.gc()) [CMS: 1079330K->749653K(1397184K), 1.8736480 secs] 1293415K->749653K(2010624K), [Metaspace: 9969K->9969K(10240K)], 1.8739027 secs] [Times: user=1.87 sys=0.00, real=1.87 secs] 
[Full GC (System.gc()) [CMS: 749653K->749653K(1397184K), 1.4328815 secs] 749655K->749653K(2010624K), [Metaspace: 9969K->9969K(10240K)], 1.4330516 secs] [Times: user=1.42 sys=0.00, real=1.43 secs] 
[Full GC (System.gc()) [CMS: 749653K->749654K(1397184K), 1.3690550 secs] 760631K->749654K(2010624K), [Metaspace: 9969K->9969K(10240K)]
*** PauseDetector detected a 4677 ms pause at Fri Dec 19 17:22:40 EET 2014 ***

, 1.3693501 secs] [Times: user=1.36 sys=0.02, real=1.38 secs] 
********************************
********** ROUND   33 **********
********************************
[GC (Allocation Failure) [ParNew: 545344K->7594K(613440K), 0.0067738 secs] 1294998K->757248K(2010624K), 0.0068238 secs] [Times: user=0.02 sys=0.00, real=0.01 secs] 
[GC (Allocation Failure) [ParNew: 552938K->68096K(613440K), 0.0662767 secs] 1302592K->863473K(2010624K), 0.0663255 secs] [Times: user=0.22 sys=0.00, real=0.06 secs] 
[GC (Allocation Failure) [ParNew: 613440K->19217K(613440K), 0.0370959 secs] 1408817K->876288K(2010624K), 0.0371383 secs] [Times: user=0.13 sys=0.00, real=0.03 secs] 
[GC (Allocation Failure) [ParNew: 564561K->68096K(613440K), 0.0646773 secs] 1421632K->970471K(2010624K), 0.0647254 secs] [Times: user=0.20 sys=0.00, real=0.06 secs] 
[GC (Allocation Failure) [ParNew: 613440K->26206K(613440K), 0.0324573 secs] 1515815K->989309K(2010624K), 0.0325003 secs] [Times: user=0.08 sys=0.00, real=0.03 secs] 
[GC (Allocation Failure) [ParNew: 571550K->68096K(613440K), 0.0640947 secs] 1534653K->1075117K(2010624K), 0.0642064 secs] [Times: user=0.25 sys=0.02, real=0.06 secs] 
[GC (Allocation Failure) [ParNew: 613440K->26674K(613440K), 0.0405778 secs] 1620461K->1095472K(2010624K), 0.0406291 secs] [Times: user=0.14 sys=0.00, real=0.04 secs] 
[GC (Allocation Failure) [ParNew: 572018K->68096K(613440K), 0.0700594 secs] 1640816K->1178168K(2010624K), 0.0701108 secs] [Times: user=0.30 sys=0.00, real=0.07 secs] 
[GC (Allocation Failure) [ParNew: 613440K->27380K(613440K), 0.0350262 secs] 1723512K->1200922K(2010624K), 0.0350743 secs] [Times: user=0.06 sys=0.00, real=0.03 secs] 
[GC (CMS Initial Mark) [1 CMS-initial-mark: 1173542K(1397184K)] 1211903K(2010624K), 0.0056574 secs] [Times: user=0.02 sys=0.00, real=0.01 secs] 
[CMS-concurrent-mark-start]
[CMS-concurrent-mark: 1.145/1.145 secs] [Times: user=3.82 sys=0.00, real=1.15 secs] 
[CMS-concurrent-preclean-start]
[CMS-concurrent-preclean: 0.080/0.084 secs] [Times: user=0.16 sys=0.00, real=0.08 secs] 
[CMS-concurrent-abortable-preclean-start]
[GC (Allocation Failure) [ParNew: 572724K->68096K(613440K), 0.0641185 secs] 1746266K->1284896K(2010624K), 0.0641640 secs] [Times: user=0.28 sys=0.00, real=0.06 secs] 
[CMS-concurrent-abortable-preclean: 0.775/1.469 secs] [Times: user=2.45 sys=0.00, real=1.47 secs] 
[GC (CMS Final Remark) [YG occupancy: 465449 K (613440 K)][Rescan (parallel) , 0.1009327 secs][weak refs processing, 0.0000148 secs][class unloading, 0.0053418 secs][scrub symbol table, 0.0010541 secs][scrub string table, 0.0003509 secs][1 CMS-remark: 1216800K(1397184K)] 1682249K(2010624K), 0.1084783 secs] [Times: user=0.51 sys=0.00, real=0.10 secs] 
[CMS-concurrent-sweep-start]
[GC (Allocation Failure) [ParNew: 613440K->33262K(613440K), 0.0399991 secs] 1830240K->1311435K(2010624K), 0.0400472 secs] [Times: user=0.16 sys=0.00, real=0.04 secs] 
[CMS-concurrent-sweep: 0.630/0.670 secs] [Times: user=1.48 sys=0.00, real=0.68 secs] 
[CMS-concurrent-reset-start]
[CMS-concurrent-reset: 0.003/0.003 secs] [Times: user=0.00 sys=0.00, real=0.00 secs] 
[GC (Allocation Failure) [ParNew: 578606K->68096K(613440K), 0.0615258 secs] 1327746K->858178K(2010624K), 0.0615740 secs] [Times: user=0.28 sys=0.00, real=0.06 secs] 
[GC (Allocation Failure) [ParNew: 613440K->20492K(613440K), 0.0300033 secs] 1403522K->874008K(2010624K), 0.0302272 secs] [Times: user=0.13 sys=0.00, real=0.03 secs] 
[GC (Allocation Failure) [ParNew: 565836K->68096K(613440K), 0.0897507 secs] 1419352K->962446K(2010624K), 0.0897982 secs] [Times: user=0.23 sys=0.00, real=0.08 secs] 
[GC (Allocation Failure) [ParNew: 613440K->41130K(613440K), 0.1108977 secs] 1507790K->998902K(2010624K), 0.1109509 secs] [Times: user=0.16 sys=0.01, real=0.11 secs] 
[GC (Allocation Failure) [ParNew (0: promotion failure size = 85)  (1: promotion failure size = 85)  (2: promotion failure size = 1854)  (3: promotion failure size = 85)  (4: promotion failure size = 85)  (5: promotion failure size = 85)  (6: promotion failure size = 1854)  (7: promotion failure size = 85)  (promotion failed): 586474K->613440K(613440K), 0.4440417 secs][CMS: 995550K->751366K(1397184K), 1.6348560 secs] 1544246K->751366K(2010624K), [Metaspace: 9969K->9969K(10240K)], 2.0790948 secs] [Times: user=2.23 sys=0.13, real=2.08 secs] 

*** PauseDetector detected a 2081 ms pause at Fri Dec 19 17:23:07 EET 2014 ***

[GC (Allocation Failure) [ParNew: 545344K->27381K(613440K), 0.0068315 secs] 1296710K->778748K(2010624K), 0.0068751 secs] [Times: user=0.06 sys=0.00, real=0.01 secs] 
[GC (Allocation Failure) [ParNew: 572725K->68096K(613440K), 0.0548477 secs] 1324092K->862061K(2010624K), 0.0548997 secs] [Times: user=0.20 sys=0.00, real=0.05 secs] 
[GC (Allocation Failure) [ParNew: 613440K->26850K(613440K), 0.0303793 secs] 1407405K->883123K(2010624K), 0.0304967 secs] [Times: user=0.06 sys=0.00, real=0.03 secs] 
[GC (Allocation Failure) [ParNew: 572194K->68096K(613440K), 0.0552961 secs] 1428467K->968026K(2010624K), 0.0553423 secs] [Times: user=0.23 sys=0.00, real=0.05 secs] 
[GC (Allocation Failure) [ParNew: 613440K->26240K(613440K), 0.0336673 secs] 1513370K->986609K(2010624K), 0.0337129 secs] [Times: user=0.06 sys=0.00, real=0.03 secs] 
[GC (Allocation Failure) [ParNew: 571584K->68096K(613440K), 0.0535870 secs] 1531953K->1071396K(2010624K), 0.0536999 secs] [Times: user=0.27 sys=0.00, real=0.05 secs] 
[GC (Allocation Failure) [ParNew: 613440K->39722K(613440K), 0.0285957 secs] 1616740K->1104262K(2010624K), 0.0286464 secs] [Times: user=0.16 sys=0.00, real=0.03 secs] 
[GC (Allocation Failure) [ParNew: 585066K->68096K(613440K), 0.0538045 secs] 1649606K->1173884K(2010624K), 0.0538520 secs] [Times: user=0.20 sys=0.00, real=0.05 secs] 
[GC (Allocation Failure) [ParNew: 613440K->20113K(613440K), 0.0277360 secs] 1719228K->1187963K(2010624K), 0.0278085 secs] [Times: user=0.06 sys=0.00, real=0.02 secs] 
[GC (CMS Initial Mark) [1 CMS-initial-mark: 1167849K(1397184K)] 1188028K(2010624K), 0.0039617 secs] [Times: user=0.00 sys=0.00, real=0.00 secs] 
[CMS-concurrent-mark-start]
[CMS-concurrent-mark: 1.164/1.164 secs] [Times: user=3.76 sys=0.00, real=1.17 secs] 
[CMS-concurrent-preclean-start]
[CMS-concurrent-preclean: 0.067/0.072 secs] [Times: user=0.13 sys=0.00, real=0.07 secs] 
[CMS-concurrent-abortable-preclean-start]
[GC (Allocation Failure) [ParNew[CMS-concurrent-abortable-preclean: 0.107/0.633 secs] [Times: user=0.89 sys=0.00, real=0.63 secs] 
: 565457K->68096K(613440K), 0.0556092 secs] 1733307K->1276313K(2010624K), 0.0556567 secs] [Times: user=0.22 sys=0.00, real=0.06 secs] 
[GC (CMS Final Remark) [YG occupancy: 68160 K (613440 K)][Rescan (parallel) , 0.0286663 secs][weak refs processing, 0.0000154 secs][class unloading, 0.0054605 secs][scrub symbol table, 0.0011195 secs][scrub string table, 0.0003811 secs][1 CMS-remark: 1208217K(1397184K)] 1276377K(2010624K), 0.0364967 secs] [Times: user=0.06 sys=0.00, real=0.03 secs] 
[CMS-concurrent-sweep-start]
[CMS-concurrent-sweep: 0.546/0.546 secs] [Times: user=1.11 sys=0.00, real=0.55 secs] 
[CMS-concurrent-reset-start]
[CMS-concurrent-reset: 0.003/0.003 secs] [Times: user=0.03 sys=0.00, real=0.00 secs] 
[GC (Allocation Failure) [ParNew: 613440K->33992K(613440K), 0.0316983 secs] 1297665K->781093K(2010624K), 0.0317484 secs] [Times: user=0.12 sys=0.00, real=0.03 secs] 
[GC (Allocation Failure) [ParNew: 579336K->68096K(613440K), 0.0569758 secs] 1326437K->854960K(2010624K), 0.0570278 secs] [Times: user=0.25 sys=0.00, real=0.06 secs] 
[GC (Allocation Failure) [ParNew: 613440K->41048K(613440K), 0.0437125 secs] 1400304K->891423K(2010624K), 0.0437606 secs] [Times: user=0.14 sys=0.00, real=0.04 secs] 
[GC (Allocation Failure) [ParNew: 586392K->68096K(613440K), 0.0725917 secs] 1436767K->958188K(2010624K), 0.0726444 secs] [Times: user=0.20 sys=0.00, real=0.07 secs] 
[GC (Allocation Failure) [ParNew (0: promotion failure size = 113)  (1: promotion failure size = 1237)  (2: promotion failure size = 113)  (3: promotion failure size = 1237)  (4: promotion failure size = 113)  (5: promotion failure size = 113)  (6: promotion failure size = 113)  (7: promotion failure size = 113)  (promotion failed): 613440K->579563K(613440K), 0.3028302 secs][CMS: 952832K->751512K(1397184K), 1.7648605 secs] 1503532K->751512K(2010624K), [Metaspace: 9969K->9969K(10240K)], 2.0677825 secs]
*** PauseDetector detected a 2064 ms pause at Fri Dec 19 17:23:31 EET 2014 ***

 [Times: user=2.04 sys=0.02, real=2.06 secs] 
[GC (Allocation Failure) [ParNew: 545344K->68096K(613440K), 0.1626106 secs] 1296856K->888597K(2010624K), 0.1626671 secs] [Times: user=0.70 sys=0.00, real=0.16 secs] 
[GC (Allocation Failure) [ParNew: 613440K->34094K(613440K), 0.0875982 secs] 1433941K->919650K(2010624K), 0.0876495 secs] [Times: user=0.30 sys=0.00, real=0.09 secs] 
[GC (Allocation Failure) [ParNew: 579438K->68096K(613440K), 0.1862001 secs] 1464994K->1010629K(2010624K), 0.1862533 secs] [Times: user=0.83 sys=0.00, real=0.18 secs] 
[GC (Allocation Failure) [ParNew: 613440K->27331K(613440K), 0.0671031 secs] 1555973K->1033458K(2010624K), 0.0671858 secs] [Times: user=0.22 sys=0.00, real=0.07 secs] 
[GC (Allocation Failure) [ParNew: 572675K->68096K(613440K), 0.1651141 secs] 1578802K->1128564K(2010624K), 0.1651647 secs] [Times: user=0.72 sys=0.00, real=0.17 secs] 
[GC (Allocation Failure) [ParNew: 613440K->34236K(613440K), 0.0670254 secs] 1673908K->1158376K(2010624K), 0.0670703 secs] [Times: user=0.22 sys=0.00, real=0.07 secs] 
[GC (Allocation Failure) [ParNew: 579580K->68096K(613440K), 0.1432870 secs] 1703720K->1242495K(2010624K), 0.1433351 secs] [Times: user=0.62 sys=0.00, real=0.14 secs] 
[GC (CMS Initial Mark) [1 CMS-initial-mark: 1174399K(1397184K)] 1253476K(2010624K), 0.0102158 secs] [Times: user=0.00 sys=0.00, real=0.01 secs] 
[CMS-concurrent-mark-start]
[CMS-concurrent-mark: 1.218/1.218 secs] [Times: user=3.70 sys=0.00, real=1.22 secs] 
[CMS-concurrent-preclean-start]
[CMS-concurrent-preclean: 0.005/0.005 secs] [Times: user=0.00 sys=0.00, real=0.01 secs] 
[CMS-concurrent-abortable-preclean-start]
[GC (Allocation Failure) [ParNew: 613440K->47890K(613440K), 0.0628706 secs] 1787839K->1285829K(2010624K), 0.0629219 secs] [Times: user=0.27 sys=0.00, real=0.06 secs] 
[CMS-concurrent-abortable-preclean: 0.736/1.504 secs] [Times: user=2.92 sys=0.00, real=1.50 secs] 
[GC (CMS Final Remark) [YG occupancy: 401649 K (613440 K)][Rescan (parallel) , 0.0704726 secs][weak refs processing, 0.0000167 secs][class unloading, 0.0064453 secs][scrub symbol table, 0.0013743 secs][scrub string table, 0.0003497 secs][1 CMS-remark: 1237939K(1397184K)] 1639588K(2010624K), 0.0794592 secs] [Times: user=0.30 sys=0.00, real=0.07 secs] 
[CMS-concurrent-sweep-start]
[GC (Allocation Failure) [ParNew: 593234K->68096K(613440K), 0.1387896 secs] 1644029K->1167999K(2010624K), 0.1388492 secs] [Times: user=0.53 sys=0.00, real=0.14 secs] 
[CMS-concurrent-sweep: 0.757/0.896 secs] [Times: user=2.11 sys=0.00, real=0.90 secs] 
[CMS-concurrent-reset-start]
[CMS-concurrent-reset: 0.003/0.003 secs] [Times: user=0.00 sys=0.00, real=0.00 secs] 
[GC (Allocation Failure) [ParNew: 613440K->34171K(613440K), 0.0534131 secs] 1424686K->908873K(2010624K), 0.0534644 secs] [Times: user=0.14 sys=0.00, real=0.05 secs] 
[GC (Allocation Failure) [ParNew: 579515K->68096K(613440K), 0.1147478 secs] 1454217K->989277K(2010624K), 0.1147940 secs] [Times: user=0.50 sys=0.00, real=0.11 secs] 
[GC (Allocation Failure) [ParNew: 613440K->34224K(613440K), 0.0495938 secs] 1534621K->1018950K(2010624K), 0.0496407 secs] [Times: user=0.14 sys=0.00, real=0.05 secs] 
[GC (Allocation Failure) [ParNew (0: promotion failure size = 4167)  (1: promotion failure size = 4167)  (2: promotion failure size = 4167)  (3: promotion failure size = 4167)  (4: promotion failure size = 4167)  (5: promotion failure size = 4167)  (6: promotion failure size = 4167)  (7: promotion failure size = 4167)  (promotion failed): 579568K->613440K(613440K), 3.6170363 secs][CMS: 1007418K->756381K(1397184K), 1.8427183 secs] 1564294K->756381K(2010624K), [Metaspace: 9969K->9969K(10240K)], 5.4598219 secs] [Times: user=6.10 sys=0.67, real=5.45 secs] 
[GC (CMS Initial Mark) [1 CMS-initial-mark: 756381K(1397184K)] 767360K(2010624K), 0.0003394 secs] [Times: user=0.00 sys=0.00, real=0.00 secs] 
[CMS-concurrent-mark-start]

*** PauseDetector detected a 5455 ms pause at Fri Dec 19 17:23:59 EET 2014 ***

[CMS-concurrent-mark: 1.154/1.155 secs] [Times: user=3.45 sys=0.00, real=1.16 secs] 
[CMS-concurrent-preclean-start]
[CMS-concurrent-preclean: 0.005/0.005 secs] [Times: user=0.03 sys=0.00, real=0.00 secs] 
[CMS-concurrent-abortable-preclean-start]
[GC (Allocation Failure) [ParNew: 545344K->34227K(613440K), 0.0063105 secs] 1301725K->790609K(2010624K), 0.0063555 secs] [Times: user=0.08 sys=0.00, real=0.01 secs] 
[CMS-concurrent-abortable-preclean: 0.392/1.318 secs] [Times: user=2.04 sys=0.00, real=1.32 secs] 
[GC (CMS Final Remark) [YG occupancy: 343724 K (613440 K)][Rescan (parallel) , 0.0633268 secs][weak refs processing, 0.0000160 secs][class unloading, 0.0050511 secs][scrub symbol table, 0.0010528 secs][scrub string table, 0.0003516 secs][1 CMS-remark: 756381K(1397184K)] 1100106K(2010624K), 0.0705894 secs] [Times: user=0.26 sys=0.00, real=0.07 secs] 
[CMS-concurrent-sweep-start]
[CMS-concurrent-sweep: 0.475/0.475 secs] [Times: user=0.95 sys=0.00, real=0.48 secs] 
[CMS-concurrent-reset-start]
[CMS-concurrent-reset: 0.003/0.003 secs] [Times: user=0.00 sys=0.00, real=0.00 secs] 
[GC (Allocation Failure) [ParNew: 579571K->68096K(613440K), 0.0927122 secs] 1335804K->870932K(2010624K), 0.0927629 secs] [Times: user=0.31 sys=0.00, real=0.09 secs] 
[GC (Allocation Failure) [ParNew: 613440K->27280K(613440K), 0.0544570 secs] 1416276K->894110K(2010624K), 0.0545032 secs] [Times: user=0.20 sys=0.00, real=0.05 secs] 
[Full GC (System.gc()) [CMS: 866829K->754566K(1397184K), 1.6013780 secs] 1369061K->754566K(2010624K), [Metaspace: 9969K->9969K(10240K)], 1.6015839 secs] [Times: user=1.59 sys=0.00, real=1.60 secs] 
[Full GC (System.gc()) [CMS: 754566K->754489K(1397184K), 1.4101338 secs] 765498K->754489K(2010624K), [Metaspace: 9969K->9969K(10240K)], 1.4103257 secs] [Times: user=1.40 sys=0.00, real=1.41 secs] 
[Full GC (System.gc()) [CMS: 754489K->750901K(1397184K), 1.7622634 secs] 765419K->750901K(2010624K), [Metaspace: 9969K->9969K(10240K)]
*** PauseDetector detected a 1599 ms pause at Fri Dec 19 17:24:06 EET 2014 ***

, 1.7624745 secs] [Times: user=1.75 sys=0.00, real=1.76 secs] 

*** PauseDetector detected a 3184 ms pause at Fri Dec 19 17:24:09 EET 2014 ***

[GC (Allocation Failure) [ParNew: 545344K->7745K(613440K), 0.0104808 secs] 1296245K->758647K(2010624K), 0.0105558 secs] [Times: user=0.06 sys=0.00, real=0.01 secs] 
[GC (Allocation Failure) [ParNew: 553089K->68096K(613440K), 0.0895563 secs] 1303991K->869172K(2010624K), 0.0896179 secs] [Times: user=0.34 sys=0.00, real=0.08 secs] 
[GC (Allocation Failure) [ParNew: 613440K->33002K(613440K), 0.0499229 secs] 1414516K->897983K(2010624K), 0.0499865 secs] [Times: user=0.13 sys=0.00, real=0.04 secs] 
[GC (Allocation Failure) [ParNew: 578346K->68096K(613440K), 0.0755308 secs] 1443327K->978696K(2010624K), 0.0755796 secs] [Times: user=0.31 sys=0.00, real=0.07 secs] 
[GC (Allocation Failure) [ParNew: 613440K->26383K(613440K), 0.0398637 secs] 1524040K->998300K(2010624K), 0.0399124 secs] [Times: user=0.13 sys=0.00, real=0.03 secs] 
[GC (Allocation Failure) [ParNew: 571727K->68096K(613440K), 0.0794727 secs] 1543644K->1082802K(2010624K), 0.0795381 secs] [Times: user=0.36 sys=0.00, real=0.07 secs] 
[Full GC (System.gc()) [CMS: 1014706K->752172K(1397184K), 1.5667727 secs] 1399782K->752172K(2010624K), [Metaspace: 9970K->9970K(10240K)], 1.5670582 secs] [Times: user=1.58 sys=0.00, real=1.57 secs] 
[Full GC (System.gc()) [CMS: 752172K->752172K(1397184K), 1.6863573 secs] 763096K->752172K(2010624K), [Metaspace: 9970K->9970K(10240K)], 1.6865690 secs] [Times: user=1.68 sys=0.00, real=1.68 secs] 
[Full GC (System.gc()) [CMS: 752172K->752094K(1397184K), 1.4661158 secs] 752174K->752094K(2010624K), [Metaspace: 9970K->9970K(10240K)]
*** PauseDetector detected a 1567 ms pause at Fri Dec 19 17:24:21 EET 2014 ***

, 1.4663044 secs] [Times: user=1.47 sys=0.00, real=1.47 secs] 
********************************
********** ROUND   34 **********
********************************

*** PauseDetector detected a 3189 ms pause at Fri Dec 19 17:24:24 EET 2014 ***

[GC (Allocation Failure) [ParNew: 545344K->68096K(613440K), 0.0682072 secs] 1297438K->870365K(2010624K), 0.0682566 secs] [Times: user=0.30 sys=0.00, real=0.06 secs] 
[GC (Allocation Failure) [ParNew: 613440K->52131K(613440K), 0.0414561 secs] 1415709K->911687K(2010624K), 0.0415029 secs] [Times: user=0.13 sys=0.00, real=0.04 secs] 
[GC (Allocation Failure) [ParNew: 597475K->68096K(613440K), 0.0655145 secs] 1457031K->970193K(2010624K), 0.0655652 secs] [Times: user=0.27 sys=0.00, real=0.06 secs] 
[GC (Allocation Failure) [ParNew: 613440K->27493K(613440K), 0.0344205 secs] 1515537K->993128K(2010624K), 0.0345816 secs] [Times: user=0.11 sys=0.00, real=0.03 secs] 
[GC (Allocation Failure) [ParNew: 572837K->68096K(613440K), 0.0651084 secs] 1538472K->1078522K(2010624K), 0.0651520 secs] [Times: user=0.27 sys=0.00, real=0.06 secs] 
[GC (Allocation Failure) [ParNew: 613440K->19824K(613440K), 0.0326434 secs] 1623866K->1091103K(2010624K), 0.0327576 secs] [Times: user=0.13 sys=0.00, real=0.03 secs] 
[GC (Allocation Failure) [ParNew: 565168K->68096K(613440K), 0.0640607 secs] 1636447K->1180620K(2010624K), 0.0641108 secs] [Times: user=0.22 sys=0.00, real=0.06 secs] 
[GC (Allocation Failure) [ParNew: 613440K->20524K(613440K), 0.0457213 secs] 1725964K->1196621K(2010624K), 0.0457720 secs] [Times: user=0.14 sys=0.00, real=0.04 secs] 
[GC (CMS Initial Mark) [1 CMS-initial-mark: 1176097K(1397184K)] 1207545K(2010624K), 0.0035794 secs] [Times: user=0.00 sys=0.00, real=0.01 secs] 
[CMS-concurrent-mark-start]
[CMS-concurrent-mark: 1.169/1.169 secs] [Times: user=3.70 sys=0.00, real=1.17 secs] 
[CMS-concurrent-preclean-start]
[CMS-concurrent-preclean: 0.083/0.088 secs] [Times: user=0.19 sys=0.00, real=0.09 secs] 
[CMS-concurrent-abortable-preclean-start]
[GC (Allocation Failure) [ParNew[CMS-concurrent-abortable-preclean: 0.060/0.379 secs] [Times: user=0.67 sys=0.00, real=0.41 secs] 
: 565868K->68096K(613440K), 0.0647446 secs] 1741965K->1288772K(2010624K), 0.0647928 secs] [Times: user=0.28 sys=0.00, real=0.06 secs] 
[GC (CMS Final Remark) [YG occupancy: 68166 K (613440 K)][Rescan (parallel) , 0.0306192 secs][weak refs processing, 0.0000154 secs][class unloading, 0.0053719 secs][scrub symbol table, 0.0011420 secs][scrub string table, 0.0003503 secs][1 CMS-remark: 1220676K(1397184K)] 1288842K(2010624K), 0.0382905 secs] [Times: user=0.16 sys=0.00, real=0.03 secs] 
[CMS-concurrent-sweep-start]
[CMS-concurrent-sweep: 0.557/0.557 secs] [Times: user=1.14 sys=0.00, real=0.56 secs] 
[CMS-concurrent-reset-start]
[CMS-concurrent-reset: 0.003/0.003 secs] [Times: user=0.03 sys=0.00, real=0.00 secs] 
[GC (Allocation Failure) [ParNew: 613440K->32641K(613440K), 0.0316092 secs] 1302646K->781781K(2010624K), 0.0316566 secs] [Times: user=0.13 sys=0.00, real=0.03 secs] 
[GC (Allocation Failure) [ParNew: 577985K->68096K(613440K), 0.0630092 secs] 1327125K->859314K(2010624K), 0.0631272 secs] [Times: user=0.19 sys=0.00, real=0.06 secs] 
[GC (Allocation Failure) [ParNew: 613440K->20160K(613440K), 0.0388564 secs] 1404658K->873726K(2010624K), 0.0389071 secs] [Times: user=0.12 sys=0.00, real=0.03 secs] 
[GC (Allocation Failure) [ParNew: 565504K->68096K(613440K), 0.0780631 secs] 1419070K->962473K(2010624K), 0.0781099 secs] [Times: user=0.23 sys=0.00, real=0.07 secs] 
[GC (Allocation Failure) [ParNew (0: promotion failure size = 1854)  (1: promotion failure size = 1854)  (2: promotion failure size = 1854)  (3: promotion failure size = 1854)  (4: promotion failure size = 1854)  (5: promotion failure size = 1854)  (6: promotion failure size = 1854)  (7: promotion failure size = 1854)  (promotion failed): 613440K->586434K(613440K), 0.3476649 secs][CMS: 957576K->752596K(1397184K), 1.6536170 secs] 1507817K->752596K(2010624K), [Metaspace: 9970K->9970K(10240K)], 2.0013447 secs] [Times: user=2.06 sys=0.02, real=1.99 secs] 

*** PauseDetector detected a 1994 ms pause at Fri Dec 19 17:24:47 EET 2014 ***

[GC (Allocation Failure) [ParNew: 545344K->68096K(613440K), 0.0551293 secs] 1297940K->862170K(2010624K), 0.0551807 secs] [Times: user=0.22 sys=0.00, real=0.05 secs] 
[GC (Allocation Failure) [ParNew: 613440K->27276K(613440K), 0.0321430 secs] 1407514K->884820K(2010624K), 0.0322668 secs] [Times: user=0.08 sys=0.00, real=0.03 secs] 
[GC (Allocation Failure) [ParNew: 572620K->68096K(613440K), 0.0553006 secs] 1430164K->970101K(2010624K), 0.0553507 secs] [Times: user=0.26 sys=0.00, real=0.05 secs] 
[GC (Allocation Failure) [ParNew: 613440K->26081K(613440K), 0.0284802 secs] 1515445K->988085K(2010624K), 0.0285225 secs] [Times: user=0.13 sys=0.00, real=0.03 secs] 
[GC (Allocation Failure) [ParNew: 571425K->68096K(613440K), 0.0540925 secs] 1533429K->1070976K(2010624K), 0.0541426 secs] [Times: user=0.22 sys=0.00, real=0.05 secs] 
[GC (Allocation Failure) [ParNew: 613440K->27203K(613440K), 0.0288209 secs] 1616320K->1093317K(2010624K), 0.0288722 secs] [Times: user=0.06 sys=0.00, real=0.03 secs] 
[GC (Allocation Failure) [ParNew: 572547K->68096K(613440K), 0.0539103 secs] 1638661K->1176650K(2010624K), 0.0539719 secs] [Times: user=0.27 sys=0.00, real=0.05 secs] 
[GC (Allocation Failure) [ParNew: 613440K->20001K(613440K), 0.0513203 secs] 1721994K->1190063K(2010624K), 0.0513652 secs] [Times: user=0.17 sys=0.00, real=0.05 secs] 
[GC (CMS Initial Mark) [1 CMS-initial-mark: 1170062K(1397184K)] 1200987K(2010624K), 0.0050800 secs] [Times: user=0.00 sys=0.00, real=0.00 secs] 
[CMS-concurrent-mark-start]
[CMS-concurrent-mark: 1.185/1.185 secs] [Times: user=3.71 sys=0.00, real=1.19 secs] 
[CMS-concurrent-preclean-start]
[CMS-concurrent-preclean: 0.084/0.090 secs] [Times: user=0.19 sys=0.00, real=0.09 secs] 
[CMS-concurrent-abortable-preclean-start]
[GC (Allocation Failure) [ParNew[CMS-concurrent-abortable-preclean: 0.056/0.371 secs] [Times: user=0.59 sys=0.00, real=0.37 secs] 
: 565345K->68096K(613440K), 0.0554918 secs] 1735407K->1280233K(2010624K), 0.0555399 secs] [Times: user=0.22 sys=0.00, real=0.05 secs] 
[GC (CMS Final Remark) [YG occupancy: 79083 K (613440 K)][Rescan (parallel) , 0.0244524 secs][weak refs processing, 0.0000148 secs][class unloading, 0.0053886 secs][scrub symbol table, 0.0011272 secs][scrub string table, 0.0003702 secs][1 CMS-remark: 1212137K(1397184K)] 1291221K(2010624K), 0.0321981 secs] [Times: user=0.19 sys=0.00, real=0.03 secs] 
[CMS-concurrent-sweep-start]
[CMS-concurrent-sweep: 0.572/0.572 secs] [Times: user=1.17 sys=0.00, real=0.58 secs] 
[CMS-concurrent-reset-start]
[CMS-concurrent-reset: 0.003/0.003 secs] [Times: user=0.00 sys=0.00, real=0.00 secs] 
[GC (Allocation Failure) [ParNew: 613440K->39836K(613440K), 0.0449154 secs] 1299511K->787142K(2010624K), 0.0449674 secs] [Times: user=0.16 sys=0.00, real=0.04 secs] 
[GC (Allocation Failure) [ParNew: 585180K->68096K(613440K), 0.0521216 secs] 1332486K->858620K(2010624K), 0.0521685 secs] [Times: user=0.26 sys=0.00, real=0.05 secs] 
[GC (Allocation Failure) [ParNew: 613440K->19545K(613440K), 0.0381815 secs] 1403964K->870170K(2010624K), 0.0382302 secs] [Times: user=0.14 sys=0.00, real=0.04 secs] 
[GC (Allocation Failure) [ParNew: 564889K->68096K(613440K), 0.0729741 secs] 1415514K->958509K(2010624K), 0.0730222 secs] [Times: user=0.22 sys=0.00, real=0.07 secs] 
[GC (Allocation Failure) [ParNew (0: promotion failure size = 109)  (1: promotion failure size = 109)  (2: promotion failure size = 109)  (3: promotion failure size = 109)  (4: promotion failure size = 1237)  (5: promotion failure size = 1237)  (6: promotion failure size = 109)  (7: promotion failure size = 109)  (promotion failed): 613440K->579515K(613440K), 2.1270391 secs][CMS: 909291K->751579K(1397184K), 1.6196308 secs] 1503853K->751579K(2010624K), [Metaspace: 9970K->9970K(10240K)], 3.7467398 secs] [Times: user=3.68 sys=0.76, real=3.75 secs] 

*** PauseDetector detected a 3751 ms pause at Fri Dec 19 17:25:12 EET 2014 ***

[GC (Allocation Failure) [ParNew: 545344K->68096K(613440K), 0.0506601 secs] 1296923K->861386K(2010624K), 0.0507076 secs] [Times: user=0.22 sys=0.00, real=0.05 secs] 
[GC (Allocation Failure) [ParNew: 613440K->33448K(613440K), 0.0281626 secs] 1406730K->888806K(2010624K), 0.0282127 secs] [Times: user=0.08 sys=0.00, real=0.03 secs] 
[GC (Allocation Failure) [ParNew: 578792K->68096K(613440K), 0.1619620 secs] 1434150K->991866K(2010624K), 0.1620101 secs] [Times: user=0.73 sys=0.00, real=0.16 secs] 
[GC (Allocation Failure) [ParNew: 613440K->27218K(613440K), 0.0796016 secs] 1537210K->1015185K(2010624K), 0.0796510 secs] [Times: user=0.28 sys=0.00, real=0.08 secs] 
[GC (Allocation Failure) [ParNew: 572562K->68096K(613440K), 0.1902516 secs] 1560529K->1112983K(2010624K), 0.1903062 secs] [Times: user=0.87 sys=0.00, real=0.18 secs] 
[GC (Allocation Failure) [ParNew: 613440K->20542K(613440K), 0.0767036 secs] 1658327K->1129491K(2010624K), 0.0767549 secs] [Times: user=0.26 sys=0.00, real=0.08 secs] 
[GC (Allocation Failure) [ParNew: 565886K->68096K(613440K), 0.1594624 secs] 1674835K->1231347K(2010624K), 0.1595144 secs] [Times: user=0.70 sys=0.00, real=0.16 secs] 
[GC (Allocation Failure) [ParNew: 613440K->27409K(613440K), 0.0626525 secs] 1776691K->1254515K(2010624K), 0.0627063 secs] [Times: user=0.22 sys=0.00, real=0.06 secs] 
[GC (CMS Initial Mark) [1 CMS-initial-mark: 1227105K(1397184K)] 1254582K(2010624K), 0.0032560 secs] [Times: user=0.00 sys=0.00, real=0.00 secs] 
[CMS-concurrent-mark-start]
[CMS-concurrent-mark: 1.263/1.263 secs] [Times: user=4.29 sys=0.00, real=1.27 secs] 
[CMS-concurrent-preclean-start]
[CMS-concurrent-preclean: 0.233/0.245 secs] [Times: user=0.51 sys=0.00, real=0.24 secs] 
[CMS-concurrent-abortable-preclean-start]
[GC (Allocation Failure) [ParNew[CMS-concurrent-abortable-preclean: 0.105/0.614 secs] [Times: user=0.83 sys=0.00, real=0.61 secs] 
: 572753K->68096K(613440K), 0.1397994 secs] 1799859K->1345439K(2010624K), 0.1398514 secs] [Times: user=0.72 sys=0.00, real=0.14 secs] 
[GC (CMS Final Remark) [YG occupancy: 79020 K (613440 K)][Rescan (parallel) , 0.0834087 secs][weak refs processing, 0.0000154 secs][class unloading, 0.0053552 secs][scrub symbol table, 0.0010586 secs][scrub string table, 0.0003535 secs][1 CMS-remark: 1277343K(1397184K)] 1356363K(2010624K), 0.0909915 secs] [Times: user=0.55 sys=0.00, real=0.09 secs] 
[CMS-concurrent-sweep-start]
[CMS-concurrent-sweep: 0.865/0.865 secs] [Times: user=1.76 sys=0.00, real=0.87 secs] 
[CMS-concurrent-reset-start]
[CMS-concurrent-reset: 0.003/0.003 secs] [Times: user=0.00 sys=0.00, real=0.00 secs] 
[GC (Allocation Failure) [ParNew: 613440K->34273K(613440K), 0.0660034 secs] 1311838K->796287K(2010624K), 0.0660502 secs] [Times: user=0.20 sys=0.00, real=0.06 secs] 
[GC (Allocation Failure) [ParNew: 579617K->68096K(613440K), 0.1281009 secs] 1341631K->879897K(2010624K), 0.1281497 secs] [Times: user=0.47 sys=0.00, real=0.13 secs] 
[GC (Allocation Failure) [ParNew: 613440K->20313K(613440K), 0.0561340 secs] 1425241K->894889K(2010624K), 0.0561802 secs] [Times: user=0.14 sys=0.00, real=0.05 secs] 
[GC (Allocation Failure) [ParNew: 565657K->68096K(613440K), 0.1139067 secs] 1440233K->989187K(2010624K), 0.1139567 secs] [Times: user=0.50 sys=0.00, real=0.11 secs] 
[GC (Allocation Failure) [ParNew (0: promotion failure size = 4167)  (1: promotion failure size = 4167)  (2: promotion failure size = 4167)  (3: promotion failure size = 4167)  (4: promotion failure size = 4167)  (5: promotion failure size = 4167)  (6: promotion failure size = 4167)  (7: promotion failure size = 4167)  (promotion failed): 613440K->586434K(613440K), 6.1548501 secs][CMS: 954511K->758284K(1397184K), 1.8943992 secs] 1534531K->758284K(2010624K), [Metaspace: 9970K->9970K(10240K)], 8.0493192 secs] [Times: user=8.41 sys=1.72, real=8.04 secs] 

*** PauseDetector detected a 8046 ms pause at Fri Dec 19 17:25:43 EET 2014 ***

[GC (Allocation Failure) [ParNew: 545344K->68096K(613440K), 0.0951624 secs] 1303628K->873313K(2010624K), 0.0952118 secs] [Times: user=0.39 sys=0.00, real=0.09 secs] 
[GC (Allocation Failure) [ParNew: 613440K->20533K(613440K), 0.0495303 secs] 1418657K->894585K(2010624K), 0.0496548 secs] [Times: user=0.14 sys=0.00, real=0.05 secs] 
[GC (Allocation Failure) [ParNew: 565877K->68096K(613440K), 0.0923067 secs] 1439929K->987480K(2010624K), 0.0923587 secs] [Times: user=0.36 sys=0.00, real=0.09 secs] 
[GC (Allocation Failure) [ParNew: 613440K->27426K(613440K), 0.0432576 secs] 1532824K->1010741K(2010624K), 0.0433070 secs] [Times: user=0.13 sys=0.00, real=0.03 secs] 
[GC (Allocation Failure) [ParNew: 572770K->68096K(613440K), 0.0905398 secs] 1556085K->1096870K(2010624K), 0.0905867 secs] [Times: user=0.31 sys=0.00, real=0.09 secs] 
[Full GC (System.gc()) [CMS: 1028774K->753370K(1397184K), 1.5997991 secs] 1338444K->753370K(2010624K), [Metaspace: 9970K->9970K(10240K)], 1.6001275 secs] [Times: user=1.61 sys=0.00, real=1.60 secs] 
[Full GC (System.gc()) [CMS: 753370K->753370K(1397184K), 1.6988840 secs] 753370K->753370K(2010624K), [Metaspace: 9970K->9970K(10240K)], 1.6990502 secs] [Times: user=1.68 sys=0.00, real=1.69 secs] 
[Full GC (System.gc()) [CMS: 753370K->753292K(1397184K), 1.3810351 secs] 753372K->753292K(2010624K), [Metaspace: 9970K->9970K(10240K)]
*** PauseDetector detected a 4679 ms pause at Fri Dec 19 17:25:56 EET 2014 ***

, 1.3812372 secs] [Times: user=1.39 sys=0.00, real=1.39 secs] 
[GC (Allocation Failure) [ParNew: 545344K->68096K(613440K), 0.0889821 secs] 1298636K->868565K(2010624K), 0.0890437 secs] [Times: user=0.36 sys=0.00, real=0.08 secs] 
[GC (Allocation Failure) [ParNew: 613440K->46879K(613440K), 0.0566993 secs] 1413909K->908458K(2010624K), 0.0567615 secs] [Times: user=0.19 sys=0.00, real=0.05 secs] 
[GC (Allocation Failure) [ParNew: 592223K->68096K(613440K), 0.0733270 secs] 1453802K->973182K(2010624K), 0.0733732 secs] [Times: user=0.30 sys=0.00, real=0.07 secs] 
[GC (Allocation Failure) [ParNew: 613440K->34407K(613440K), 0.0449308 secs] 1518526K->1003127K(2010624K), 0.0449892 secs] [Times: user=0.13 sys=0.00, real=0.04 secs] 
[GC (Allocation Failure) [ParNew: 579751K->68096K(613440K), 0.0738467 secs] 1548471K->1081289K(2010624K), 0.0738935 secs] [Times: user=0.34 sys=0.00, real=0.07 secs] 
[GC (Allocation Failure) [ParNew: 613440K->40143K(613440K), 0.0452754 secs] 1626633K->1115076K(2010624K), 0.0453350 secs] [Times: user=0.14 sys=0.00, real=0.04 secs] 
[Full GC (System.gc()) [CMS: 1074932K->750016K(1397184K), 1.9734420 secs] 1366288K->750016K(2010624K), [Metaspace: 9970K->9970K(10240K)], 1.9736543 secs] [Times: user=1.97 sys=0.00, real=1.97 secs] 
[Full GC (System.gc()) [CMS: 750016K->750016K(1397184K), 1.3414056 secs] 760938K->750016K(2010624K), [Metaspace: 9970K->9970K(10240K)], 1.3415923 secs] [Times: user=1.34 sys=0.00, real=1.34 secs] 
[Full GC (System.gc()) [CMS: 750016K->750016K(1397184K), 1.3681010 secs] 750018K->750016K(2010624K), [Metaspace: 9970K->9970K(10240K)]
*** PauseDetector detected a 3309 ms pause at Fri Dec 19 17:26:09 EET 2014 ***

, 1.3682973 secs] [Times: user=1.37 sys=0.00, real=1.37 secs] 
********************************
********** ROUND   35 **********
********************************

*** PauseDetector detected a 1382 ms pause at Fri Dec 19 17:26:11 EET 2014 ***

[GC (Allocation Failure) [ParNew: 545344K->7240K(613440K), 0.0068860 secs] 1295360K->757257K(2010624K), 0.0069342 secs] [Times: user=0.00 sys=0.00, real=0.01 secs] 
[GC (Allocation Failure) [ParNew: 552584K->68096K(613440K), 0.0662523 secs] 1302601K->862528K(2010624K), 0.0663024 secs] [Times: user=0.20 sys=0.00, real=0.06 secs] 
[GC (Allocation Failure) [ParNew: 613440K->32484K(613440K), 0.0339522 secs] 1407872K->889606K(2010624K), 0.0339971 secs] [Times: user=0.13 sys=0.00, real=0.03 secs] 
[GC (Allocation Failure) [ParNew: 577828K->68096K(613440K), 0.0648441 secs] 1434950K->970343K(2010624K), 0.0648999 secs] [Times: user=0.25 sys=0.00, real=0.06 secs] 
[GC (Allocation Failure) [ParNew: 613440K->13086K(613440K), 0.0454601 secs] 1515687K->975994K(2010624K), 0.0455089 secs] [Times: user=0.17 sys=0.00, real=0.04 secs] 
[GC (Allocation Failure) [ParNew: 558430K->68096K(613440K), 0.0617119 secs] 1521338K->1073938K(2010624K), 0.0617632 secs] [Times: user=0.28 sys=0.00, real=0.06 secs] 
[GC (Allocation Failure) [ParNew: 613440K->26804K(613440K), 0.0327191 secs] 1619282K->1094572K(2010624K), 0.0327685 secs] [Times: user=0.13 sys=0.00, real=0.03 secs] 
[GC (Allocation Failure) [ParNew: 572148K->68096K(613440K), 0.0610658 secs] 1639916K->1178224K(2010624K), 0.0611133 secs] [Times: user=0.27 sys=0.00, real=0.06 secs] 
[GC (Allocation Failure) [ParNew: 613440K->26898K(613440K), 0.0349428 secs] 1723568K->1199246K(2010624K), 0.0349896 secs] [Times: user=0.12 sys=0.00, real=0.03 secs] 
[GC (CMS Initial Mark) [1 CMS-initial-mark: 1172348K(1397184K)] 1210170K(2010624K), 0.0034729 secs] [Times: user=0.00 sys=0.00, real=0.00 secs] 
[CMS-concurrent-mark-start]
[CMS-concurrent-mark: 1.109/1.109 secs] [Times: user=3.57 sys=0.00, real=1.12 secs] 
[CMS-concurrent-preclean-start]
[CMS-concurrent-preclean: 0.083/0.087 secs] [Times: user=0.19 sys=0.00, real=0.09 secs] 
[CMS-concurrent-abortable-preclean-start]
[GC (Allocation Failure) [ParNew[CMS-concurrent-abortable-preclean: 0.075/0.487 secs] [Times: user=0.66 sys=0.00, real=0.49 secs] 
: 572242K->68096K(613440K), 0.0623670 secs] 1744590K->1282444K(2010624K), 0.0624151 secs] [Times: user=0.27 sys=0.00, real=0.06 secs] 
[GC (CMS Final Remark) [YG occupancy: 79090 K (613440 K)][Rescan (parallel) , 0.0292033 secs][weak refs processing, 0.0000154 secs][class unloading, 0.0051018 secs][scrub symbol table, 0.0010503 secs][scrub string table, 0.0003497 secs][1 CMS-remark: 1214348K(1397184K)] 1293439K(2010624K), 0.0365070 secs] [Times: user=0.16 sys=0.00, real=0.03 secs] 
[CMS-concurrent-sweep-start]
[CMS-concurrent-sweep: 0.654/0.654 secs] [Times: user=1.34 sys=0.00, real=0.66 secs] 
[CMS-concurrent-reset-start]
[CMS-concurrent-reset: 0.003/0.003 secs] [Times: user=0.03 sys=0.00, real=0.00 secs] 
[GC (Allocation Failure) [ParNew: 613440K->26996K(613440K), 0.0325625 secs] 1299843K->775775K(2010624K), 0.0326132 secs] [Times: user=0.08 sys=0.00, real=0.03 secs] 
[GC (Allocation Failure) [ParNew: 572340K->68096K(613440K), 0.0575930 secs] 1321119K->857713K(2010624K), 0.0576411 secs] [Times: user=0.28 sys=0.00, real=0.05 secs] 
[GC (Allocation Failure) [ParNew: 613440K->27401K(613440K), 0.0305974 secs] 1403057K->880479K(2010624K), 0.0306603 secs] [Times: user=0.06 sys=0.00, real=0.03 secs] 
[GC (Allocation Failure) [ParNew: 572745K->68096K(613440K), 0.0835640 secs] 1425823K->961899K(2010624K), 0.0836153 secs] [Times: user=0.23 sys=0.00, real=0.08 secs] 
[GC (Allocation Failure) [ParNew: 613440K->20569K(613440K), 0.1165083 secs] 1507243K->977795K(2010624K), 0.1165596 secs] [Times: user=0.14 sys=0.00, real=0.12 secs] 
[GC (Allocation Failure) [ParNew (0: promotion failure size = 89)  (1: promotion failure size = 1854)  (2: promotion failure size = 89)  (3: promotion failure size = 1854)  (4: promotion failure size = 89)  (5: promotion failure size = 89)  (6: promotion failure size = 1854)  (7: promotion failure size = 89)  (promotion failed): 565913K->613440K(613440K), 0.5395609 secs][CMS: 991851K->751293K(1397184K), 1.6226096 secs] 1523139K->751293K(2010624K), [Metaspace: 9970K->9970K(10240K)], 2.1622610 secs] [Times: user=2.39 sys=0.14, real=2.16 secs] 

*** PauseDetector detected a 2160 ms pause at Fri Dec 19 17:26:37 EET 2014 ***

[GC (Allocation Failure) [ParNew: 545344K->27424K(613440K), 0.0068058 secs] 1296637K->778717K(2010624K), 0.0069200 secs] [Times: user=0.00 sys=0.00, real=0.01 secs] 
[GC (Allocation Failure) [ParNew: 572768K->68096K(613440K), 0.0524552 secs] 1324061K->862641K(2010624K), 0.0525027 secs] [Times: user=0.22 sys=0.00, real=0.05 secs] 
[GC (Allocation Failure) [ParNew: 613440K->33227K(613440K), 0.0293162 secs] 1407985K->889453K(2010624K), 0.0293604 secs] [Times: user=0.13 sys=0.00, real=0.02 secs] 
[GC (Allocation Failure) [ParNew: 578571K->68096K(613440K), 0.0523693 secs] 1434797K->967253K(2010624K), 0.0524848 secs] [Times: user=0.22 sys=0.00, real=0.05 secs] 
[GC (Allocation Failure) [ParNew: 613440K->33031K(613440K), 0.0286701 secs] 1512597K->993414K(2010624K), 0.0287201 secs] [Times: user=0.11 sys=0.00, real=0.03 secs] 
[GC (Allocation Failure) [ParNew: 578375K->68096K(613440K), 0.0503740 secs] 1538758K->1069891K(2010624K), 0.0504253 secs] [Times: user=0.27 sys=0.00, real=0.05 secs] 
[GC (Allocation Failure) [ParNew: 613440K->40138K(613440K), 0.0433192 secs] 1615235K->1103963K(2010624K), 0.0433686 secs] [Times: user=0.17 sys=0.00, real=0.04 secs] 
[GC (Allocation Failure) [ParNew: 585482K->68096K(613440K), 0.0533567 secs] 1649307K->1175352K(2010624K), 0.0534073 secs] [Times: user=0.25 sys=0.00, real=0.05 secs] 
[GC (Allocation Failure) [ParNew: 613440K->25990K(613440K), 0.0267197 secs] 1720696K->1193053K(2010624K), 0.0268737 secs] [Times: user=0.08 sys=0.00, real=0.03 secs] 
[GC (CMS Initial Mark) [1 CMS-initial-mark: 1167063K(1397184K)] 1203977K(2010624K), 0.0031514 secs] [Times: user=0.00 sys=0.00, real=0.00 secs] 
[CMS-concurrent-mark-start]
[CMS-concurrent-mark: 1.090/1.090 secs] [Times: user=3.40 sys=0.00, real=1.10 secs] 
[CMS-concurrent-preclean-start]
[CMS-concurrent-preclean: 0.061/0.064 secs] [Times: user=0.13 sys=0.00, real=0.06 secs] 
[CMS-concurrent-abortable-preclean-start]
[GC (Allocation Failure) [ParNew[CMS-concurrent-abortable-preclean: 0.075/0.486 secs] [Times: user=0.72 sys=0.00, real=0.48 secs] 
: 571334K->68096K(613440K), 0.0534125 secs] 1738397K->1276313K(2010624K), 0.0534638 secs] [Times: user=0.19 sys=0.00, real=0.05 secs] 
[GC (CMS Final Remark) [YG occupancy: 79020 K (613440 K)][Rescan (parallel) , 0.0231596 secs][weak refs processing, 0.0000167 secs][class unloading, 0.0051865 secs][scrub symbol table, 0.0010528 secs][scrub string table, 0.0003522 secs][1 CMS-remark: 1208217K(1397184K)] 1287237K(2010624K), 0.0305602 secs] [Times: user=0.19 sys=0.00, real=0.03 secs] 
[CMS-concurrent-sweep-start]
[CMS-concurrent-sweep: 0.550/0.550 secs] [Times: user=1.12 sys=0.00, real=0.55 secs] 
[CMS-concurrent-reset-start]
[CMS-concurrent-reset: 0.003/0.003 secs] [Times: user=0.00 sys=0.00, real=0.00 secs] 
[GC (Allocation Failure) [ParNew: 613440K->26821K(613440K), 0.0294490 secs] 1298533K->773935K(2010624K), 0.0295048 secs] [Times: user=0.06 sys=0.00, real=0.02 secs] 
[GC (Allocation Failure) [ParNew: 572165K->68096K(613440K), 0.0526086 secs] 1319279K->854880K(2010624K), 0.0526561 secs] [Times: user=0.20 sys=0.00, real=0.05 secs] 
[GC (Allocation Failure) [ParNew: 613440K->20542K(613440K), 0.0327621 secs] 1400224K->870773K(2010624K), 0.0328134 secs] [Times: user=0.08 sys=0.00, real=0.03 secs] 
[GC (Allocation Failure) [ParNew (0: promotion failure size = 14056)  (1: promotion failure size = 14056)  (2: promotion failure size = 14056)  (3: promotion failure size = 14056)  (4: promotion failure size = 14056)  (5: promotion failure size = 14056)  (6: promotion failure size = 14056)  (7: promotion failure size = 14056)  (promotion failed): 565886K->613440K(613440K), 0.2734390 secs][CMS: 915565K->773748K(1397184K), 2.1444008 secs] 1416117K->773748K(2010624K), [Metaspace: 9970K->9970K(10240K)]
*** PauseDetector detected a 2410 ms pause at Fri Dec 19 17:27:00 EET 2014 ***

, 2.4179104 secs] [Times: user=2.92 sys=0.02, real=2.41 secs] 
[GC (Allocation Failure) [ParNew: 545344K->27422K(613440K), 0.0066923 secs] 1319092K->801170K(2010624K), 0.0067391 secs] [Times: user=0.00 sys=0.00, real=0.01 secs] 
[GC (Allocation Failure) [ParNew: 572766K->68096K(613440K), 0.1996077 secs] 1346514K->901770K(2010624K), 0.1996571 secs] [Times: user=0.91 sys=0.00, real=0.20 secs] 
[GC (Allocation Failure) [ParNew: 613440K->41092K(613440K), 0.0687615 secs] 1447114K->939600K(2010624K), 0.0688109 secs] [Times: user=0.23 sys=0.00, real=0.07 secs] 
[GC (Allocation Failure) [ParNew: 586436K->68096K(613440K), 0.1609579 secs] 1484944K->1021033K(2010624K), 0.1610041 secs] [Times: user=0.67 sys=0.00, real=0.15 secs] 
[GC (Allocation Failure) [ParNew: 613440K->20481K(613440K), 0.0591559 secs] 1566377K->1037273K(2010624K), 0.0592078 secs] [Times: user=0.22 sys=0.00, real=0.06 secs] 
[GC (Allocation Failure) [ParNew: 565825K->68096K(613440K), 0.1430721 secs] 1582617K->1135151K(2010624K), 0.1431343 secs] [Times: user=0.61 sys=0.00, real=0.14 secs] 
[GC (Allocation Failure) [ParNew: 613440K->34264K(613440K), 0.0605019 secs] 1680495K->1164980K(2010624K), 0.0605526 secs] [Times: user=0.22 sys=0.00, real=0.06 secs] 
[GC (Allocation Failure) [ParNew: 579608K->68096K(613440K), 0.1322692 secs] 1710324K->1247803K(2010624K), 0.1323295 secs] [Times: user=0.61 sys=0.00, real=0.13 secs] 
[GC (Allocation Failure) [ParNew: 613440K->20538K(613440K), 0.0586413 secs] 1793147K->1264065K(2010624K), 0.0586862 secs] [Times: user=0.16 sys=0.00, real=0.06 secs] 
[GC (CMS Initial Mark) [1 CMS-initial-mark: 1243527K(1397184K)] 1274987K(2010624K), 0.0052879 secs] [Times: user=0.00 sys=0.00, real=0.00 secs] 
[CMS-concurrent-mark-start]
[CMS-concurrent-mark: 1.238/1.238 secs] [Times: user=4.20 sys=0.00, real=1.25 secs] 
[CMS-concurrent-preclean-start]
[CMS-concurrent-preclean: 0.205/0.221 secs] [Times: user=0.44 sys=0.00, real=0.22 secs] 
[CMS-concurrent-abortable-preclean-start]
[GC (Allocation Failure) [ParNew[CMS-concurrent-abortable-preclean: 0.054/0.368 secs] [Times: user=0.83 sys=0.00, real=0.37 secs] 
: 565882K->68096K(613440K), 0.1247455 secs] 1809409K->1359300K(2010624K), 0.1247904 secs] [Times: user=0.52 sys=0.00, real=0.12 secs] 
[GC (CMS Final Remark) [YG occupancy: 79018 K (613440 K)][Rescan (parallel) , 0.0691952 secs][weak refs processing, 0.0000154 secs][class unloading, 0.0058756 secs][scrub symbol table, 0.0011054 secs][scrub string table, 0.0003529 secs][1 CMS-remark: 1291204K(1397184K)] 1370222K(2010624K), 0.0773644 secs] [Times: user=0.34 sys=0.00, real=0.08 secs] 
[CMS-concurrent-sweep-start]
[CMS-concurrent-sweep: 0.838/0.838 secs] [Times: user=1.72 sys=0.00, real=0.85 secs] 
[CMS-concurrent-reset-start]
[CMS-concurrent-reset: 0.003/0.003 secs] [Times: user=0.00 sys=0.00, real=0.00 secs] 
[GC (Allocation Failure) [ParNew: 613440K->33715K(613440K), 0.0488021 secs] 1308499K->791121K(2010624K), 0.0488515 secs] [Times: user=0.19 sys=0.00, real=0.05 secs] 
[GC (Allocation Failure) [ParNew: 579059K->68096K(613440K), 0.1053731 secs] 1336465K->871314K(2010624K), 0.1054584 secs] [Times: user=0.51 sys=0.00, real=0.10 secs] 
[GC (Allocation Failure) [ParNew (0: promotion failure size = 4167)  (1: promotion failure size = 4167)  (2: promotion failure size = 4167)  (3: promotion failure size = 4167)  (5: promotion failure size = 4167)  (6: promotion failure size = 4167)  (promotion failed): 613440K->559020K(613440K), 0.2133593 secs][CMS: 868588K->757575K(1397184K), 1.8075157 secs] 1416658K->757575K(2010624K), [Metaspace: 9970K->9970K(10240K)], 2.0209629 secs] [Times: user=2.12 sys=0.00, real=2.01 secs] 

*** PauseDetector detected a 2014 ms pause at Fri Dec 19 17:27:24 EET 2014 ***

[GC (Allocation Failure) [ParNew: 545344K->68096K(613440K), 0.0926076 secs] 1302919K->872414K(2010624K), 0.0926583 secs] [Times: user=0.41 sys=0.00, real=0.09 secs] 
[GC (Allocation Failure) [ParNew: 613440K->20505K(613440K), 0.0502482 secs] 1417758K->888625K(2010624K), 0.0504028 secs] [Times: user=0.16 sys=0.00, real=0.04 secs] 
[GC (Allocation Failure) [ParNew: 565849K->68096K(613440K), 0.0865492 secs] 1433969K->981137K(2010624K), 0.0866006 secs] [Times: user=0.36 sys=0.00, real=0.08 secs] 
[GC (Allocation Failure) [ParNew: 613440K->34264K(613440K), 0.0430722 secs] 1526481K->1011011K(2010624K), 0.0431229 secs] [Times: user=0.16 sys=0.00, real=0.03 secs] 
[Full GC (System.gc()) [CMS: 976746K->750523K(1397184K), 1.7913634 secs] 1231049K->750523K(2010624K), [Metaspace: 9970K->9970K(10240K)], 1.7916027 secs] [Times: user=1.78 sys=0.00, real=1.79 secs] 
[Full GC (System.gc()) [CMS: 750523K->750523K(1397184K), 1.5366808 secs] 750523K->750523K(2010624K), [Metaspace: 9970K->9970K(10240K)]
*** PauseDetector detected a 3328 ms pause at Fri Dec 19 17:27:34 EET 2014 ***
, 1.5369824 secs] [Times: user=1.55 sys=0.00, real=1.54 secs] 
[Full GC (System.gc()) [CMS: 750523K->750427K(1397184K), 1.3643837 secs] 750525K->750427K(2010624K), [Metaspace: 9970K->9970K(10240K)]
, 1.3645768 secs] [Times: user=1.36 sys=0.00, real=1.36 secs] 

*** PauseDetector detected a 1373 ms pause at Fri Dec 19 17:27:35 EET 2014 ***

[GC (Allocation Failure) [ParNew: 545344K->7399K(613440K), 0.0105353 secs] 1295771K->757827K(2010624K), 0.0106085 secs] [Times: user=0.06 sys=0.00, real=0.01 secs] 
[GC (Allocation Failure) [ParNew: 552743K->68096K(613440K), 0.0735997 secs] 1303171K->863206K(2010624K), 0.0736459 secs] [Times: user=0.31 sys=0.00, real=0.07 secs] 
[GC (Allocation Failure) [ParNew: 613440K->32811K(613440K), 0.0471122 secs] 1408550K->891254K(2010624K), 0.0471597 secs] [Times: user=0.16 sys=0.00, real=0.04 secs] 
[GC (Allocation Failure) [ParNew: 578155K->68096K(613440K), 0.0773670 secs] 1436598K->969961K(2010624K), 0.0774299 secs] [Times: user=0.34 sys=0.00, real=0.07 secs] 
[GC (Allocation Failure) [ParNew: 613440K->27147K(613440K), 0.0501841 secs] 1515305K->992191K(2010624K), 0.0502457 secs] [Times: user=0.19 sys=0.00, real=0.04 secs] 
[GC (Allocation Failure) [ParNew: 572491K->68096K(613440K), 0.0779245 secs] 1537535K->1075682K(2010624K), 0.0779861 secs] [Times: user=0.30 sys=0.00, real=0.07 secs] 
[Full GC (System.gc()) [CMS: 1007586K->752196K(1397184K), 1.8621029 secs] 1425192K->752196K(2010624K), [Metaspace: 9970K->9970K(10240K)], 1.8623441 secs] [Times: user=1.86 sys=0.00, real=1.86 secs] 
[Full GC (System.gc()) [CMS: 752196K->752118K(1397184K), 1.3717047 secs] 752198K->752118K(2010624K), [Metaspace: 9970K->9970K(10240K)], 1.3718965 secs] [Times: user=1.37 sys=0.00, real=1.37 secs] 
[Full GC (System.gc()) [CMS: 752118K->748544K(1397184K), 1.3919439 secs] 763035K->748544K(2010624K), [Metaspace: 9970K->9970K(10240K)]
*** PauseDetector detected a 1858 ms pause at Fri Dec 19 17:27:47 EET 2014 ***

, 1.3921139 secs] [Times: user=1.39 sys=0.00, real=1.39 secs] 
********************************
********** ROUND   36 **********
********************************

*** PauseDetector detected a 2771 ms pause at Fri Dec 19 17:27:50 EET 2014 ***

[GC (Allocation Failure) [ParNew: 545344K->68096K(613440K), 0.0664345 secs] 1293888K->863419K(2010624K), 0.0664827 secs] [Times: user=0.23 sys=0.00, real=0.06 secs] 
[GC (Allocation Failure) [ParNew: 613440K->30954K(613440K), 0.0321417 secs] 1408763K->886313K(2010624K), 0.0321904 secs] [Times: user=0.06 sys=0.00, real=0.03 secs] 
[GC (Allocation Failure) [ParNew: 576298K->68096K(613440K), 0.0648165 secs] 1431657K->970719K(2010624K), 0.0648620 secs] [Times: user=0.25 sys=0.00, real=0.06 secs] 
[GC (Allocation Failure) [ParNew: 613440K->19313K(613440K), 0.0388724 secs] 1516063K->981017K(2010624K), 0.0389270 secs] [Times: user=0.08 sys=0.00, real=0.04 secs] 
[GC (Allocation Failure) [ParNew: 564657K->68096K(613440K), 0.0623907 secs] 1526361K->1072186K(2010624K), 0.0624414 secs] [Times: user=0.28 sys=0.00, real=0.06 secs] 
[GC (Allocation Failure) [ParNew: 613440K->47033K(613440K), 0.0344257 secs] 1617530K->1113517K(2010624K), 0.0344751 secs] [Times: user=0.16 sys=0.00, real=0.03 secs] 
[GC (Allocation Failure) [ParNew: 592377K->68096K(613440K), 0.0631272 secs] 1658861K->1176411K(2010624K), 0.0631798 secs] [Times: user=0.19 sys=0.00, real=0.06 secs] 
[GC (Allocation Failure) [ParNew: 613440K->33839K(613440K), 0.0305352 secs] 1721755K->1204868K(2010624K), 0.0305814 secs] [Times: user=0.14 sys=0.00, real=0.03 secs] 
[GC (CMS Initial Mark) [1 CMS-initial-mark: 1171029K(1397184K)] 1215857K(2010624K), 0.0021384 secs] [Times: user=0.00 sys=0.00, real=0.00 secs] 
[CMS-concurrent-mark-start]
[CMS-concurrent-mark: 1.137/1.137 secs] [Times: user=3.60 sys=0.00, real=1.14 secs] 
[CMS-concurrent-preclean-start]
[CMS-concurrent-preclean: 0.082/0.086 secs] [Times: user=0.19 sys=0.00, real=0.09 secs] 
[CMS-concurrent-abortable-preclean-start]
[GC (Allocation Failure) [ParNew: 579183K->68096K(613440K), 0.0648114 secs] 1750212K->1280709K(2010624K), 0.0648582 secs] [Times: user=0.27 sys=0.00, real=0.06 secs] 
[CMS-concurrent-abortable-preclean: 0.760/1.544 secs] [Times: user=2.47 sys=0.00, real=1.55 secs] 
[GC (CMS Final Remark) [YG occupancy: 452387 K (613440 K)][Rescan (parallel) , 0.1231441 secs][weak refs processing, 0.0000160 secs][class unloading, 0.0068912 secs][scrub symbol table, 0.0015334 secs][scrub string table, 0.0004972 secs][1 CMS-remark: 1212613K(1397184K)] 1665001K(2010624K), 0.1329050 secs] [Times: user=0.44 sys=0.00, real=0.13 secs] 
[CMS-concurrent-sweep-start]
[GC (Allocation Failure) [ParNew: 613440K->47462K(613440K), 0.0306224 secs] 1826053K->1322868K(2010624K), 0.0306712 secs] [Times: user=0.11 sys=0.00, real=0.03 secs] 
[CMS-concurrent-sweep: 0.645/0.676 secs] [Times: user=1.56 sys=0.00, real=0.68 secs] 
[CMS-concurrent-reset-start]
[CMS-concurrent-reset: 0.003/0.003 secs] [Times: user=0.00 sys=0.00, real=0.00 secs] 
[GC (Allocation Failure) [ParNew: 592806K->68096K(613440K), 0.0587979 secs] 1341739K->858609K(2010624K), 0.0588434 secs] [Times: user=0.20 sys=0.00, real=0.06 secs] 
[GC (Allocation Failure) [ParNew: 613440K->20315K(613440K), 0.0309612 secs] 1403953K->873503K(2010624K), 0.0310760 secs] [Times: user=0.13 sys=0.00, real=0.03 secs] 
[GC (Allocation Failure) [ParNew: 565659K->68096K(613440K), 0.0742323 secs] 1418847K->962024K(2010624K), 0.0743131 secs] [Times: user=0.20 sys=0.00, real=0.07 secs] 
[GC (Allocation Failure) [ParNew (0: promotion failure size = 1854)  (1: promotion failure size = 1854)  (2: promotion failure size = 1854)  (3: promotion failure size = 1854)  (4: promotion failure size = 1854)  (5: promotion failure size = 1854)  (6: promotion failure size = 1854)  (7: promotion failure size = 1854)  (promotion failed): 613440K->572745K(613440K), 0.3267443 secs][CMS: 956375K->752539K(1397184K), 1.9531316 secs] 1507368K->752539K(2010624K), [Metaspace: 9970K->9970K(10240K)], 2.2799433 secs] [Times: user=2.37 sys=0.01, real=2.28 secs] 

*** PauseDetector detected a 2281 ms pause at Fri Dec 19 17:28:13 EET 2014 ***

[GC (Allocation Failure) [ParNew: 545344K->68096K(613440K), 0.0548579 secs] 1297883K->863453K(2010624K), 0.0549054 secs] [Times: user=0.19 sys=0.00, real=0.05 secs] 
[GC (Allocation Failure) [ParNew: 613440K->26775K(613440K), 0.0345957 secs] 1408797K->884362K(2010624K), 0.0346412 secs] [Times: user=0.11 sys=0.00, real=0.03 secs] 
[GC (Allocation Failure) [ParNew: 572119K->68096K(613440K), 0.0522923 secs] 1429706K->966299K(2010624K), 0.0523686 secs] [Times: user=0.34 sys=0.00, real=0.05 secs] 
[GC (Allocation Failure) [ParNew: 613440K->27381K(613440K), 0.0304826 secs] 1511643K->989244K(2010624K), 0.0306025 secs] [Times: user=0.06 sys=0.00, real=0.03 secs] 
[GC (Allocation Failure) [ParNew: 572725K->68096K(613440K), 0.0537397 secs] 1534588K->1071840K(2010624K), 0.0537859 secs] [Times: user=0.22 sys=0.00, real=0.05 secs] 
[GC (Allocation Failure) [ParNew: 613440K->26893K(613440K), 0.0289550 secs] 1617184K->1092693K(2010624K), 0.0289979 secs] [Times: user=0.06 sys=0.00, real=0.03 secs] 
[GC (Allocation Failure) [ParNew: 572237K->68096K(613440K), 0.0541824 secs] 1638037K->1173830K(2010624K), 0.0542343 secs] [Times: user=0.28 sys=0.00, real=0.05 secs] 
[GC (Allocation Failure) [ParNew: 613440K->27385K(613440K), 0.0555541 secs] 1719174K->1196598K(2010624K), 0.0556067 secs] [Times: user=0.13 sys=0.00, real=0.05 secs] 
[GC (CMS Initial Mark) [1 CMS-initial-mark: 1169212K(1397184K)] 1196598K(2010624K), 0.0045308 secs] [Times: user=0.02 sys=0.00, real=0.01 secs] 
[CMS-concurrent-mark-start]
[CMS-concurrent-mark: 1.261/1.261 secs] [Times: user=3.98 sys=0.00, real=1.26 secs] 
[CMS-concurrent-preclean-start]
[CMS-concurrent-preclean: 0.068/0.072 secs] [Times: user=0.12 sys=0.00, real=0.07 secs] 
[CMS-concurrent-abortable-preclean-start]
[GC (Allocation Failure) [ParNew[CMS-concurrent-abortable-preclean: 0.040/0.245 secs] [Times: user=0.51 sys=0.00, real=0.24 secs] 
: 572729K->68096K(613440K), 0.0533772 secs] 1741942K->1276989K(2010624K), 0.0534272 secs] [Times: user=0.26 sys=0.00, real=0.05 secs] 
[GC (CMS Final Remark) [YG occupancy: 79074 K (613440 K)][Rescan (parallel) , 0.0244440 secs][weak refs processing, 0.0000199 secs][class unloading, 0.0052404 secs][scrub symbol table, 0.0010554 secs][scrub string table, 0.0004607 secs][1 CMS-remark: 1208893K(1397184K)] 1287967K(2010624K), 0.0320948 secs] [Times: user=0.20 sys=0.00, real=0.03 secs] 
[CMS-concurrent-sweep-start]
[CMS-concurrent-sweep: 0.517/0.517 secs] [Times: user=1.03 sys=0.00, real=0.52 secs] 
[CMS-concurrent-reset-start]
[CMS-concurrent-reset: 0.002/0.002 secs] [Times: user=0.00 sys=0.00, real=0.00 secs] 
[GC (Allocation Failure) [ParNew: 613440K->27424K(613440K), 0.0300161 secs] 1297168K->774710K(2010624K), 0.0301451 secs] [Times: user=0.06 sys=0.00, real=0.03 secs] 
[GC (Allocation Failure) [ParNew: 572768K->68096K(613440K), 0.0544204 secs] 1320054K->855158K(2010624K), 0.0544698 secs] [Times: user=0.20 sys=0.00, real=0.05 secs] 
[GC (Allocation Failure) [ParNew: 613440K->34278K(613440K), 0.0285354 secs] 1400502K->884729K(2010624K), 0.0285867 secs] [Times: user=0.06 sys=0.00, real=0.03 secs] 
[GC (Allocation Failure) [ParNew (0: promotion failure size = 113)  (1: promotion failure size = 113)  (2: promotion failure size = 1237)  (3: promotion failure size = 113)  (4: promotion failure size = 113)  (5: promotion failure size = 113)  (6: promotion failure size = 113)  (7: promotion failure size = 113)  (promotion failed): 579622K->613440K(613440K), 0.2292684 secs][CMS: 888394K->750382K(1397184K), 1.5600727 secs] 1430073K->750382K(2010624K), [Metaspace: 9970K->9970K(10240K)], 1.7895188 secs]
*** PauseDetector detected a 1789 ms pause at Fri Dec 19 17:28:34 EET 2014 ***

 [Times: user=1.95 sys=0.03, real=1.79 secs] 
[GC (Allocation Failure) [ParNew: 545344K->27377K(613440K), 0.0068142 secs] 1295726K->777760K(2010624K), 0.0068694 secs] [Times: user=0.00 sys=0.00, real=0.01 secs] 
[GC (Allocation Failure) [ParNew: 572721K->68096K(613440K), 0.1614173 secs] 1323104K->887357K(2010624K), 0.1614680 secs] [Times: user=0.73 sys=0.00, real=0.15 secs] 
[GC (Allocation Failure) [ParNew: 613440K->34201K(613440K), 0.0795528 secs] 1432701K->917909K(2010624K), 0.0796010 secs] [Times: user=0.28 sys=0.00, real=0.08 secs] 
[GC (Allocation Failure) [ParNew: 579545K->68096K(613440K), 0.1879567 secs] 1463253K->1008650K(2010624K), 0.1881081 secs] [Times: user=0.86 sys=0.00, real=0.19 secs] 
[GC (Allocation Failure) [ParNew: 613440K->20520K(613440K), 0.0676779 secs] 1553994K->1024950K(2010624K), 0.0677286 secs] [Times: user=0.28 sys=0.00, real=0.07 secs] 
[GC (Allocation Failure) [ParNew: 565864K->68096K(613440K), 0.1602836 secs] 1570294K->1126770K(2010624K), 0.1603337 secs] [Times: user=0.75 sys=0.00, real=0.15 secs] 
[GC (Allocation Failure) [ParNew: 613440K->41137K(613440K), 0.0723749 secs] 1672114K->1163676K(2010624K), 0.0724769 secs] [Times: user=0.28 sys=0.00, real=0.07 secs] 
[GC (Allocation Failure) [ParNew: 586481K->68096K(613440K), 0.1444649 secs] 1709020K->1240809K(2010624K), 0.1445317 secs] [Times: user=0.64 sys=0.00, real=0.14 secs] 
[GC (Allocation Failure) [ParNew: 613440K->27383K(613440K), 0.0595569 secs] 1786153K->1263786K(2010624K), 0.0596140 secs] [Times: user=0.12 sys=0.00, real=0.06 secs] 
[GC (CMS Initial Mark) [1 CMS-initial-mark: 1236402K(1397184K)] 1274769K(2010624K), 0.0048779 secs] [Times: user=0.00 sys=0.00, real=0.00 secs] 
[CMS-concurrent-mark-start]
[CMS-concurrent-mark: 1.263/1.263 secs] [Times: user=4.31 sys=0.00, real=1.27 secs] 
[CMS-concurrent-preclean-start]
[CMS-concurrent-preclean: 0.223/0.236 secs] [Times: user=0.47 sys=0.00, real=0.24 secs] 
[CMS-concurrent-abortable-preclean-start]
[GC (Allocation Failure) [ParNew[CMS-concurrent-abortable-preclean: 0.045/0.262 secs] [Times: user=0.59 sys=0.00, real=0.26 secs] 
: 572727K->68096K(613440K), 0.1272848 secs] 1809130K->1353556K(2010624K), 0.1273342 secs] [Times: user=0.58 sys=0.00, real=0.13 secs] 
[GC (CMS Final Remark) [YG occupancy: 79075 K (613440 K)][Rescan (parallel) , 0.0735573 secs][weak refs processing, 0.0000148 secs][class unloading, 0.0078118 secs][scrub symbol table, 0.0020479 secs][scrub string table, 0.0005813 secs][1 CMS-remark: 1285460K(1397184K)] 1364536K(2010624K), 0.0852115 secs] [Times: user=0.45 sys=0.00, real=0.08 secs] 
[CMS-concurrent-sweep-start]
[CMS-concurrent-sweep: 0.906/0.906 secs] [Times: user=1.83 sys=0.00, real=0.91 secs] 
[CMS-concurrent-reset-start]
[CMS-concurrent-reset: 0.003/0.003 secs] [Times: user=0.03 sys=0.00, real=0.00 secs] 
[GC (Allocation Failure) [ParNew: 613440K->27411K(613440K), 0.0596897 secs] 1310376K->787876K(2010624K), 0.0597371 secs] [Times: user=0.19 sys=0.00, real=0.05 secs] 
[GC (Allocation Failure) [ParNew: 572755K->68096K(613440K), 0.1145380 secs] 1333220K->875032K(2010624K), 0.1145867 secs] [Times: user=0.44 sys=0.00, real=0.11 secs] 
[GC (Allocation Failure) [ParNew: 613440K->34280K(613440K), 0.0508943 secs] 1420376K->904769K(2010624K), 0.0509386 secs] [Times: user=0.16 sys=0.00, real=0.04 secs] 
[GC (Allocation Failure) [ParNew (0: promotion failure size = 4167)  (1: promotion failure size = 4167)  (2: promotion failure size = 4167)  (3: promotion failure size = 4167)  (4: promotion failure size = 4167)  (5: promotion failure size = 4167)  (6: promotion failure size = 4167)  (7: promotion failure size = 4167)  (promotion failed): 579624K->613440K(613440K), 0.2335779 secs][CMS: 915923K->756329K(1397184K), 2.1266804 secs] 1450113K->756329K(2010624K), [Metaspace: 9970K->9970K(10240K)]
*** PauseDetector detected a 2362 ms pause at Fri Dec 19 17:29:00 EET 2014 ***

, 2.3603302 secs] [Times: user=2.67 sys=0.00, real=2.36 secs] 
[GC (Allocation Failure) [ParNew: 545344K->27374K(613440K), 0.0068283 secs] 1301673K->783704K(2010624K), 0.0068726 secs] [Times: user=0.06 sys=0.00, real=0.01 secs] 
[GC (Allocation Failure) [ParNew: 572718K->68096K(613440K), 0.0933429 secs] 1329048K->871269K(2010624K), 0.0934013 secs] [Times: user=0.36 sys=0.00, real=0.09 secs] 
[GC (Allocation Failure) [ParNew: 613440K->34017K(613440K), 0.0419289 secs] 1416613K->900914K(2010624K), 0.0419790 secs] [Times: user=0.17 sys=0.00, real=0.04 secs] 
[GC (Allocation Failure) [ParNew: 579361K->68096K(613440K), 0.0857101 secs] 1446258K->979902K(2010624K), 0.0857614 secs] [Times: user=0.31 sys=0.00, real=0.08 secs] 
[GC (Allocation Failure) [ParNew: 613440K->27370K(613440K), 0.0432826 secs] 1525246K->1003001K(2010624K), 0.0434077 secs] [Times: user=0.13 sys=0.00, real=0.03 secs] 
[GC (Allocation Failure) [ParNew: 572714K->68096K(613440K), 0.0832137 secs] 1548345K->1087767K(2010624K), 0.0832618 secs] [Times: user=0.31 sys=0.00, real=0.08 secs] 
[Full GC (System.gc()) [CMS: 1019671K->753945K(1397184K), 2.0088916 secs] 1526505K->753945K(2010624K), [Metaspace: 9970K->9970K(10240K)], 2.0091219 secs] [Times: user=2.01 sys=0.00, real=2.00 secs] 
[Full GC (System.gc()) [CMS: 753945K->753945K(1397184K), 1.3862909 secs] 753947K->753945K(2010624K), [Metaspace: 9970K->9970K(10240K)], 1.3864610 secs] [Times: user=1.39 sys=0.00, real=1.39 secs] 
[Full GC (System.gc()) [CMS: 753945K->753867K(1397184K), 1.3662423 secs] 764840K->753867K(2010624K), [Metaspace: 9970K->9970K(10240K)]
*** PauseDetector detected a 2004 ms pause at Fri Dec 19 17:29:12 EET 2014 ***

, 1.3664534 secs] [Times: user=1.36 sys=0.00, real=1.36 secs] 

*** PauseDetector detected a 2764 ms pause at Fri Dec 19 17:29:15 EET 2014 ***

[GC (Allocation Failure) [ParNew: 545344K->68096K(613440K), 0.0923728 secs] 1299211K->873447K(2010624K), 0.0924344 secs] [Times: user=0.30 sys=0.00, real=0.09 secs] 
[GC (Allocation Failure) [ParNew: 613440K->29517K(613440K), 0.0349755 secs] 1418791K->892458K(2010624K), 0.0350249 secs] [Times: user=0.06 sys=0.00, real=0.03 secs] 
[GC (Allocation Failure) [ParNew: 574861K->68096K(613440K), 0.0805377 secs] 1437802K->973895K(2010624K), 0.0805999 secs] [Times: user=0.36 sys=0.00, real=0.08 secs] 
[GC (Allocation Failure) [ParNew: 613440K->27506K(613440K), 0.0369657 secs] 1519239K->996827K(2010624K), 0.0370157 secs] [Times: user=0.13 sys=0.00, real=0.03 secs] 
[GC (Allocation Failure) [ParNew: 572850K->68096K(613440K), 0.0767171 secs] 1542171K->1079971K(2010624K), 0.0767800 secs] [Times: user=0.33 sys=0.00, real=0.07 secs] 
[GC (Allocation Failure) [ParNew: 613440K->20575K(613440K), 0.0370735 secs] 1625315K->1095863K(2010624K), 0.0371209 secs] [Times: user=0.14 sys=0.00, real=0.03 secs] 
[Full GC (System.gc()) [CMS: 1075288K->750076K(1397184K), 1.7361712 secs] 1370157K->750076K(2010624K), [Metaspace: 9970K->9970K(10240K)], 1.7364573 secs] [Times: user=1.73 sys=0.00, real=1.73 secs] 
[Full GC (System.gc()) [CMS: 750076K->750077K(1397184K), 1.3855550 secs] 750078K->750077K(2010624K), [Metaspace: 9970K->9970K(10240K)], 1.3859130 secs] [Times: user=1.39 sys=0.00, real=1.39 secs] 
[Full GC (System.gc()) [CMS: 750077K->750000K(1397184K), 1.4344406 secs] 761027K->750000K(2010624K), [Metaspace: 9970K->9970K(10240K)]
*** PauseDetector detected a 1737 ms pause at Fri Dec 19 17:29:27 EET 2014 ***

, 1.4346202 secs] [Times: user=1.43 sys=0.00, real=1.44 secs] 
********************************
********** ROUND   37 **********
********************************

*** PauseDetector detected a 2833 ms pause at Fri Dec 19 17:29:29 EET 2014 ***

[GC (Allocation Failure) [ParNew: 545344K->7591K(613440K), 0.0078272 secs] 1295344K->757591K(2010624K), 0.0078741 secs] [Times: user=0.00 sys=0.00, real=0.01 secs] 
[GC (Allocation Failure) [ParNew: 552935K->68096K(613440K), 0.0617555 secs] 1302935K->861373K(2010624K), 0.0618030 secs] [Times: user=0.26 sys=0.00, real=0.06 secs] 
[GC (Allocation Failure) [ParNew: 613440K->26349K(613440K), 0.0436252 secs] 1406717K->883007K(2010624K), 0.0436785 secs] [Times: user=0.16 sys=0.00, real=0.04 secs] 
[GC (Allocation Failure) [ParNew: 571693K->68096K(613440K), 0.0619012 secs] 1428351K->968076K(2010624K), 0.0619519 secs] [Times: user=0.20 sys=0.00, real=0.06 secs] 
[GC (Allocation Failure) [ParNew: 613440K->26674K(613440K), 0.0341966 secs] 1513420K->988392K(2010624K), 0.0342492 secs] [Times: user=0.13 sys=0.00, real=0.03 secs] 
[GC (Allocation Failure) [ParNew: 572018K->68096K(613440K), 0.0596897 secs] 1533736K->1071200K(2010624K), 0.0597378 secs] [Times: user=0.22 sys=0.00, real=0.06 secs] 
[GC (Allocation Failure) [ParNew: 613440K->34091K(613440K), 0.0365692 secs] 1616544K->1100556K(2010624K), 0.0366128 secs] [Times: user=0.12 sys=0.00, real=0.03 secs] 
[GC (Allocation Failure) [ParNew: 579435K->68096K(613440K), 0.0678755 secs] 1645900K->1179254K(2010624K), 0.0679256 secs] [Times: user=0.25 sys=0.00, real=0.07 secs] 
[GC (Allocation Failure) [ParNew: 613440K->26011K(613440K), 0.0328249 secs] 1724598K->1197015K(2010624K), 0.0328654 secs] [Times: user=0.08 sys=0.00, real=0.03 secs] 
[GC (CMS Initial Mark) [1 CMS-initial-mark: 1171004K(1397184K)] 1207966K(2010624K), 0.0028403 secs] [Times: user=0.00 sys=0.00, real=0.00 secs] 
[CMS-concurrent-mark-start]
[CMS-concurrent-mark: 1.376/1.376 secs] [Times: user=4.43 sys=0.00, real=1.38 secs] 
[CMS-concurrent-preclean-start]
[CMS-concurrent-preclean: 0.083/0.088 secs] [Times: user=0.19 sys=0.00, real=0.09 secs] 
[CMS-concurrent-abortable-preclean-start]
[GC (Allocation Failure) [ParNew: 571355K->68096K(613440K), 0.0559666 secs] 1742359K->1280837K(2010624K), 0.0560179 secs] [Times: user=0.42 sys=0.00, real=0.05 secs] 
[CMS-concurrent-abortable-preclean: 0.770/1.263 secs] [Times: user=2.42 sys=0.00, real=1.26 secs] 
[GC (CMS Final Remark) [YG occupancy: 431513 K (613440 K)][Rescan (parallel) , 0.0960086 secs][weak refs processing, 0.0000154 secs][class unloading, 0.0054880 secs][scrub symbol table, 0.0010689 secs][scrub string table, 0.0003503 secs][1 CMS-remark: 1212741K(1397184K)] 1644254K(2010624K), 0.1037319 secs] [Times: user=0.41 sys=0.00, real=0.10 secs] 
[CMS-concurrent-sweep-start]
[GC (Allocation Failure) [ParNew: 613440K->26990K(613440K), 0.0308662 secs] 1822074K->1298204K(2010624K), 0.0309182 secs] [Times: user=0.17 sys=0.00, real=0.03 secs] 
[CMS-concurrent-sweep: 0.623/0.654 secs] [Times: user=1.50 sys=0.00, real=0.66 secs] 
[CMS-concurrent-reset-start]
[CMS-concurrent-reset: 0.003/0.003 secs] [Times: user=0.05 sys=0.00, real=0.00 secs] 
[GC (Allocation Failure) [ParNew: 572334K->68096K(613440K), 0.0579349 secs] 1321074K->857572K(2010624K), 0.0579824 secs] [Times: user=0.20 sys=0.00, real=0.06 secs] 
[GC (Allocation Failure) [ParNew: 613440K->47950K(613440K), 0.0299135 secs] 1402916K->900837K(2010624K), 0.0299648 secs] [Times: user=0.12 sys=0.00, real=0.03 secs] 
[GC (Allocation Failure) [ParNew: 593294K->68096K(613440K), 0.0998408 secs] 1446181K->961607K(2010624K), 0.0998985 secs] [Times: user=0.26 sys=0.00, real=0.10 secs] 
[GC (Allocation Failure) [ParNew: 613440K->47913K(613440K), 0.2494608 secs] 1506951K->1004848K(2010624K), 0.2495140 secs] [Times: user=0.30 sys=0.03, real=0.24 secs] 
[GC (Allocation Failure) [ParNew (0: promotion failure size = 93)  (1: promotion failure size = 1854)  (2: promotion failure size = 1854)  (3: promotion failure size = 1854)  (4: promotion failure size = 93)  (5: promotion failure size = 1854)  (6: promotion failure size = 1854)  (7: promotion failure size = 93)  (promotion failed): 593257K->613440K(613440K), 0.4680348 secs][CMS: 992132K->751195K(1397184K), 1.7376019 secs] 1550192K->751195K(2010624K), [Metaspace: 9970K->9970K(10240K)], 2.2058131 secs] [Times: user=2.34 sys=0.05, real=2.21 secs] 

*** PauseDetector detected a 2209 ms pause at Fri Dec 19 17:29:56 EET 2014 ***

[GC (Allocation Failure) [ParNew: 545344K->27378K(613440K), 0.0333465 secs] 1296539K->778574K(2010624K), 0.0333940 secs] [Times: user=0.09 sys=0.00, real=0.03 secs] 
[GC (Allocation Failure) [ParNew: 572722K->68096K(613440K), 0.0525855 secs] 1323918K->862543K(2010624K), 0.0527260 secs] [Times: user=0.19 sys=0.00, real=0.05 secs] 
[GC (Allocation Failure) [ParNew: 613440K->26527K(613440K), 0.0414047 secs] 1407887K->882423K(2010624K), 0.0414497 secs] [Times: user=0.14 sys=0.00, real=0.04 secs] 
[GC (Allocation Failure) [ParNew: 571871K->68096K(613440K), 0.0497452 secs] 1427767K->964817K(2010624K), 0.0498030 secs] [Times: user=0.23 sys=0.00, real=0.05 secs] 
[GC (Allocation Failure) [ParNew: 613440K->27070K(613440K), 0.0327172 secs] 1510161K->986803K(2010624K), 0.0327666 secs] [Times: user=0.09 sys=0.00, real=0.03 secs] 
[GC (Allocation Failure) [ParNew: 572414K->68096K(613440K), 0.0529961 secs] 1532147K->1070224K(2010624K), 0.0530538 secs] [Times: user=0.20 sys=0.00, real=0.05 secs] 
[GC (Allocation Failure) [ParNew: 613440K->26471K(613440K), 0.0300521 secs] 1615568K->1089524K(2010624K), 0.0300957 secs] [Times: user=0.06 sys=0.00, real=0.03 secs] 
[GC (Allocation Failure) [ParNew: 571815K->68096K(613440K), 0.0526099 secs] 1634868K->1172862K(2010624K), 0.0526573 secs] [Times: user=0.20 sys=0.00, real=0.05 secs] 
[GC (Allocation Failure) [ParNew: 613440K->26639K(613440K), 0.0287054 secs] 1718206K->1192878K(2010624K), 0.0287567 secs] [Times: user=0.06 sys=0.00, real=0.02 secs] 
[GC (CMS Initial Mark) [1 CMS-initial-mark: 1166238K(1397184K)] 1203895K(2010624K), 0.0037930 secs] [Times: user=0.00 sys=0.00, real=0.00 secs] 
[CMS-concurrent-mark-start]
[CMS-concurrent-mark: 1.213/1.213 secs] [Times: user=3.91 sys=0.00, real=1.22 secs] 
[CMS-concurrent-preclean-start]
[CMS-concurrent-preclean: 0.065/0.070 secs] [Times: user=0.13 sys=0.00, real=0.07 secs] 
[CMS-concurrent-abortable-preclean-start]
[GC (Allocation Failure) [ParNew[CMS-concurrent-abortable-preclean: 0.092/0.531 secs] [Times: user=0.81 sys=0.00, real=0.53 secs] 
: 571983K->68096K(613440K), 0.0518117 secs] 1738222K->1276194K(2010624K), 0.0518586 secs] [Times: user=0.23 sys=0.00, real=0.05 secs] 
[GC (CMS Final Remark) [YG occupancy: 79109 K (613440 K)][Rescan (parallel) , 0.0228760 secs][weak refs processing, 0.0000148 secs][class unloading, 0.0052391 secs][scrub symbol table, 0.0010791 secs][scrub string table, 0.0003529 secs][1 CMS-remark: 1208098K(1397184K)] 1287208K(2010624K), 0.0303504 secs] [Times: user=0.17 sys=0.00, real=0.03 secs] 
[CMS-concurrent-sweep-start]
[CMS-concurrent-sweep: 0.506/0.506 secs] [Times: user=1.03 sys=0.00, real=0.51 secs] 
[CMS-concurrent-reset-start]
[CMS-concurrent-reset: 0.003/0.003 secs] [Times: user=0.00 sys=0.00, real=0.00 secs] 
[GC (Allocation Failure) [ParNew: 613440K->19931K(613440K), 0.0271162 secs] 1299245K->766992K(2010624K), 0.0271669 secs] [Times: user=0.11 sys=0.00, real=0.02 secs] 
[GC (Allocation Failure) [ParNew: 565275K->68096K(613440K), 0.1617965 secs] 1312336K->882696K(2010624K), 0.1618452 secs] [Times: user=0.89 sys=0.00, real=0.16 secs] 
[GC (Allocation Failure) [ParNew: 613440K->27290K(613440K), 0.0806204 secs] 1428040K->906264K(2010624K), 0.0806705 secs] [Times: user=0.28 sys=0.00, real=0.08 secs] 
[GC (Allocation Failure) [ParNew (5: promotion failure size = 9372)  (promotion failed): 572634K->613440K(613440K), 0.2900411 secs][CMS: 936204K->766562K(1397184K), 1.8128972 secs] 1451608K->766562K(2010624K), [Metaspace: 9970K->9970K(10240K)], 2.1030198 secs] [Times: user=2.81 sys=0.00, real=2.10 secs] 

*** PauseDetector detected a 2102 ms pause at Fri Dec 19 17:30:20 EET 2014 ***

[GC (Allocation Failure) [ParNew: 545344K->27310K(613440K), 0.0068046 secs] 1311906K->793872K(2010624K), 0.0069977 secs] [Times: user=0.06 sys=0.00, real=0.01 secs] 
[GC (Allocation Failure) [ParNew: 572654K->68096K(613440K), 0.1454010 secs] 1339216K->891335K(2010624K), 0.1454510 secs] [Times: user=0.78 sys=0.00, real=0.14 secs] 
[GC (Allocation Failure) [ParNew: 613440K->20547K(613440K), 0.0604063 secs] 1436679K->908127K(2010624K), 0.0604551 secs] [Times: user=0.20 sys=0.00, real=0.06 secs] 
[GC (Allocation Failure) [ParNew: 565891K->68096K(613440K), 0.1411095 secs] 1453471K->1006101K(2010624K), 0.1411582 secs] [Times: user=0.61 sys=0.00, real=0.13 secs] 
[GC (Allocation Failure) [ParNew: 613440K->20570K(613440K), 0.0578041 secs] 1551445K->1022641K(2010624K), 0.0578560 secs] [Times: user=0.22 sys=0.00, real=0.06 secs] 
[GC (Allocation Failure) [ParNew: 565914K->68096K(613440K), 0.1265778 secs] 1567985K->1119203K(2010624K), 0.1266278 secs] [Times: user=0.58 sys=0.00, real=0.12 secs] 
[GC (Allocation Failure) [ParNew: 613440K->34248K(613440K), 0.0618267 secs] 1664547K->1149173K(2010624K), 0.0618761 secs] [Times: user=0.14 sys=0.00, real=0.05 secs] 
[GC (Allocation Failure) [ParNew: 579592K->68096K(613440K), 0.1155491 secs] 1694517K->1229928K(2010624K), 0.1155991 secs] [Times: user=0.42 sys=0.00, real=0.11 secs] 
[GC (Allocation Failure) [ParNew: 613440K->20424K(613440K), 0.0530827 secs] 1775272K->1245402K(2010624K), 0.0531456 secs] [Times: user=0.14 sys=0.00, real=0.05 secs] 
[GC (CMS Initial Mark) [1 CMS-initial-mark: 1224977K(1397184K)] 1256353K(2010624K), 0.0051987 secs] [Times: user=0.00 sys=0.00, real=0.00 secs] 
[CMS-concurrent-mark-start]
[CMS-concurrent-mark: 1.151/1.151 secs] [Times: user=3.87 sys=0.00, real=1.16 secs] 
[CMS-concurrent-preclean-start]
[CMS-concurrent-preclean: 0.183/0.195 secs] [Times: user=0.41 sys=0.00, real=0.20 secs] 
[CMS-concurrent-abortable-preclean-start]
[GC (Allocation Failure) [ParNew[CMS-concurrent-abortable-preclean: 0.071/0.395 secs] [Times: user=0.89 sys=0.00, real=0.39 secs] 
: 565768K->68096K(613440K), 0.1077886 secs] 1790746K->1338923K(2010624K), 0.1078393 secs] [Times: user=0.53 sys=0.00, real=0.10 secs] 
[GC (CMS Final Remark) [YG occupancy: 79047 K (613440 K)][Rescan (parallel) , 0.0596403 secs][weak refs processing, 0.0000154 secs][class unloading, 0.0059102 secs][scrub symbol table, 0.0011067 secs][scrub string table, 0.0003529 secs][1 CMS-remark: 1270827K(1397184K)] 1349874K(2010624K), 0.0678325 secs] [Times: user=0.42 sys=0.00, real=0.07 secs] 
[CMS-concurrent-sweep-start]
[CMS-concurrent-sweep: 0.875/0.875 secs] [Times: user=1.79 sys=0.00, real=0.88 secs] 
[CMS-concurrent-reset-start]
[CMS-concurrent-reset: 0.003/0.003 secs] [Times: user=0.03 sys=0.00, real=0.00 secs] 
[GC (Allocation Failure) [ParNew: 613440K->47967K(613440K), 0.0465406 secs] 1305822K->803826K(2010624K), 0.0465874 secs] [Times: user=0.08 sys=0.00, real=0.04 secs] 
[GC (Allocation Failure) [ParNew: 593311K->68096K(613440K), 0.0967124 secs] 1349170K->869179K(2010624K), 0.0967599 secs] [Times: user=0.44 sys=0.00, real=0.09 secs] 
[GC (Allocation Failure) [ParNew: 613440K->34224K(613440K), 0.0454999 secs] 1414523K->898825K(2010624K), 0.0456610 secs] [Times: user=0.13 sys=0.00, real=0.05 secs] 
[GC (Allocation Failure) [ParNew (0: promotion failure size = 4167)  (1: promotion failure size = 4167)  (2: promotion failure size = 4167)  (3: promotion failure size = 4167)  (4: promotion failure size = 4167)  (5: promotion failure size = 4167)  (6: promotion failure size = 4167)  (7: promotion failure size = 4167)  (promotion failed): 579568K->613440K(613440K), 0.4610108 secs][CMS: 908218K->755380K(1397184K), 2.1166821 secs] 1444169K->755380K(2010624K), [Metaspace: 9970K->9970K(10240K)], 2.5778700 secs] [Times: user=2.79 sys=0.00, real=2.57 secs] 

*** PauseDetector detected a 2571 ms pause at Fri Dec 19 17:30:45 EET 2014 ***

[GC (Allocation Failure) [ParNew: 545344K->27381K(613440K), 0.0068732 secs] 1300724K->782762K(2010624K), 0.0069168 secs] [Times: user=0.00 sys=0.00, real=0.01 secs] 
[GC (Allocation Failure) [ParNew: 572725K->68096K(613440K), 0.0788856 secs] 1328106K->869001K(2010624K), 0.0789357 secs] [Times: user=0.34 sys=0.00, real=0.07 secs] 
[GC (Allocation Failure) [ParNew: 613440K->26937K(613440K), 0.0374058 secs] 1414345K->890697K(2010624K), 0.0374629 secs] [Times: user=0.09 sys=0.00, real=0.03 secs] 
[GC (Allocation Failure) [ParNew: 572281K->68096K(613440K), 0.0756707 secs] 1436041K->976486K(2010624K), 0.0757175 secs] [Times: user=0.30 sys=0.00, real=0.07 secs] 
[GC (Allocation Failure) [ParNew: 613440K->26812K(613440K), 0.0365422 secs] 1521830K->997478K(2010624K), 0.0366866 secs] [Times: user=0.11 sys=0.00, real=0.03 secs] 
[Full GC (System.gc()) [CMS: 970666K->752034K(1397184K), 1.6183708 secs] 1416118K->752034K(2010624K), [Metaspace: 9970K->9970K(10240K)], 1.6186094 secs] [Times: user=1.61 sys=0.00, real=1.61 secs] 
[Full GC (System.gc()) [CMS: 752034K->751956K(1397184K), 1.7579918 secs] 762946K->751956K(2010624K), [Metaspace: 9970K->9970K(10240K)], 1.7581900 secs] [Times: user=1.75 sys=0.00, real=1.75 secs] 
[Full GC (System.gc()) [CMS: 751956K->748871K(1397184K), 1.3833814 secs] 762866K->748871K(2010624K), [Metaspace: 9970K->9970K(10240K)]
*** PauseDetector detected a 1614 ms pause at Fri Dec 19 17:30:58 EET 2014 ***

, 1.3835745 secs] [Times: user=1.39 sys=0.00, real=1.39 secs] 

*** PauseDetector detected a 3157 ms pause at Fri Dec 19 17:30:58 EET 2014 ***

[GC (Allocation Failure) [ParNew: 545344K->68096K(613440K), 0.0747282 secs] 1294215K->860996K(2010624K), 0.0747911 secs] [Times: user=0.28 sys=0.00, real=0.07 secs] 
[GC (Allocation Failure) [ParNew: 613440K->27099K(613440K), 0.0508500 secs] 1406340K->883315K(2010624K), 0.0509251 secs] [Times: user=0.12 sys=0.00, real=0.04 secs] 
[GC (Allocation Failure) [ParNew: 572443K->68096K(613440K), 0.0652553 secs] 1428659K->968420K(2010624K), 0.0653034 secs] [Times: user=0.28 sys=0.00, real=0.06 secs] 
[GC (Allocation Failure) [ParNew: 613440K->46850K(613440K), 0.0464058 secs] 1513764K->1009045K(2010624K), 0.0464610 secs] [Times: user=0.14 sys=0.00, real=0.04 secs] 
[GC (Allocation Failure) [ParNew: 592194K->68096K(613440K), 0.0641672 secs] 1554389K->1073378K(2010624K), 0.0642121 secs] [Times: user=0.20 sys=0.00, real=0.06 secs] 
[GC (Allocation Failure) [ParNew: 613440K->27009K(613440K), 0.0445844 secs] 1618722K->1094910K(2010624K), 0.0446466 secs] [Times: user=0.13 sys=0.00, real=0.04 secs] 
[Full GC (System.gc()) [CMS: 1067901K->748721K(1397184K), 1.9235723 secs] 1334961K->748721K(2010624K), [Metaspace: 9971K->9971K(10240K)], 1.9238430 secs] [Times: user=1.92 sys=0.00, real=1.92 secs] 
[Full GC (System.gc()) [CMS: 748721K->748721K(1397184K), 1.4570818 secs] 748723K->748721K(2010624K), [Metaspace: 9971K->9971K(10240K)], 1.4573172 secs] [Times: user=1.47 sys=0.00, real=1.46 secs] 
[Full GC (System.gc()) [CMS: 748721K->748643K(1397184K), 1.3622992 secs] 759632K->748643K(2010624K), [Metaspace: 9971K->9971K(10240K)]
*** PauseDetector detected a 1920 ms pause at Fri Dec 19 17:31:13 EET 2014 ***

, 1.3624827 secs] [Times: user=1.36 sys=0.00, real=1.36 secs] 
********************************
********** ROUND   38 **********
********************************

*** PauseDetector detected a 2835 ms pause at Fri Dec 19 17:31:13 EET 2014 ***

[GC (Allocation Failure) [ParNew: 545344K->7485K(613440K), 0.0068976 secs] 1293987K->756129K(2010624K), 0.0070548 secs] [Times: user=0.06 sys=0.00, real=0.01 secs] 
[GC (Allocation Failure) [ParNew: 552829K->68096K(613440K), 0.0637130 secs] 1301473K->858698K(2010624K), 0.0637611 secs] [Times: user=0.27 sys=0.00, real=0.06 secs] 
[GC (Allocation Failure) [ParNew: 613440K->26425K(613440K), 0.0328628 secs] 1404042K->880495K(2010624K), 0.0330174 secs] [Times: user=0.13 sys=0.00, real=0.03 secs] 
[GC (Allocation Failure) [ParNew: 571769K->68096K(613440K), 0.0580889 secs] 1425839K->964869K(2010624K), 0.0581377 secs] [Times: user=0.22 sys=0.00, real=0.06 secs] 
[GC (Allocation Failure) [ParNew: 613440K->26757K(613440K), 0.0306712 secs] 1510213K->985535K(2010624K), 0.0307199 secs] [Times: user=0.06 sys=0.00, real=0.03 secs] 
[GC (Allocation Failure) [ParNew: 572101K->68096K(613440K), 0.0571291 secs] 1530879K->1070010K(2010624K), 0.0571792 secs] [Times: user=0.20 sys=0.00, real=0.06 secs] 
[GC (Allocation Failure) [ParNew: 613440K->26522K(613440K), 0.0297030 secs] 1615354K->1089657K(2010624K), 0.0297518 secs] [Times: user=0.06 sys=0.00, real=0.03 secs] 
[GC (Allocation Failure) [ParNew: 571866K->68096K(613440K), 0.0558588 secs] 1635001K->1172330K(2010624K), 0.0559133 secs] [Times: user=0.20 sys=0.00, real=0.05 secs] 
[GC (Allocation Failure) [ParNew: 613440K->27209K(613440K), 0.0295638 secs] 1717674K->1194578K(2010624K), 0.0296113 secs] [Times: user=0.06 sys=0.00, real=0.03 secs] 
[GC (CMS Initial Mark) [1 CMS-initial-mark: 1167369K(1397184K)] 1205562K(2010624K), 0.0031027 secs] [Times: user=0.00 sys=0.00, real=0.00 secs] 
[CMS-concurrent-mark-start]
[CMS-concurrent-mark: 1.116/1.116 secs] [Times: user=3.59 sys=0.00, real=1.12 secs] 
[CMS-concurrent-preclean-start]
[CMS-concurrent-preclean: 0.074/0.078 secs] [Times: user=0.16 sys=0.00, real=0.08 secs] 
[CMS-concurrent-abortable-preclean-start]
[GC (Allocation Failure) [ParNew[CMS-concurrent-abortable-preclean: 0.065/0.385 secs] [Times: user=0.65 sys=0.00, real=0.38 secs] 
: 572553K->68096K(613440K), 0.0570303 secs] 1739922K->1277990K(2010624K), 0.0570778 secs] [Times: user=0.26 sys=0.00, real=0.05 secs] 
[GC (CMS Final Remark) [YG occupancy: 79008 K (613440 K)][Rescan (parallel) , 0.0269712 secs][weak refs processing, 0.0000148 secs][class unloading, 0.0050030 secs][scrub symbol table, 0.0010522 secs][scrub string table, 0.0003509 secs][1 CMS-remark: 1209894K(1397184K)] 1288903K(2010624K), 0.0341723 secs] [Times: user=0.16 sys=0.00, real=0.03 secs] 
[CMS-concurrent-sweep-start]
[CMS-concurrent-sweep: 0.527/0.527 secs] [Times: user=1.09 sys=0.00, real=0.53 secs] 
[CMS-concurrent-reset-start]
[CMS-concurrent-reset: 0.002/0.002 secs] [Times: user=0.00 sys=0.00, real=0.00 secs] 
[GC (Allocation Failure) [ParNew: 613440K->46718K(613440K), 0.0290525 secs] 1299956K->794879K(2010624K), 0.0291032 secs] [Times: user=0.06 sys=0.00, real=0.02 secs] 
[GC (Allocation Failure) [ParNew: 592062K->68096K(613440K), 0.0542369 secs] 1340223K->857625K(2010624K), 0.0542844 secs] [Times: user=0.27 sys=0.00, real=0.05 secs] 
[GC (Allocation Failure) [ParNew: 613440K->27006K(613440K), 0.0284776 secs] 1402969K->879219K(2010624K), 0.0286059 secs] [Times: user=0.06 sys=0.00, real=0.03 secs] 
[GC (Allocation Failure) [ParNew: 572350K->68096K(613440K), 0.0699145 secs] 1424563K->960741K(2010624K), 0.0699626 secs] [Times: user=0.22 sys=0.00, real=0.07 secs] 
[GC (Allocation Failure) [ParNew: 613440K->41100K(613440K), 0.0775813 secs] 1506085K->997187K(2010624K), 0.0776345 secs] [Times: user=0.09 sys=0.02, real=0.08 secs] 
[GC (Allocation Failure) [ParNew (0: promotion failure size = 101)  (1: promotion failure size = 101)  (2: promotion failure size = 101)  (3: promotion failure size = 101)  (4: promotion failure size = 101)  (5: promotion failure size = 101)  (6: promotion failure size = 101)  (7: promotion failure size = 101)  (promotion failed): 586444K->613440K(613440K), 0.6877623 secs][CMS: 986298K->750504K(1397184K), 1.6428706 secs] 1542531K->750504K(2010624K), [Metaspace: 9971K->9971K(10240K)], 2.3306965 secs] [Times: user=2.65 sys=0.09, real=2.33 secs] 

*** PauseDetector detected a 2330 ms pause at Fri Dec 19 17:31:39 EET 2014 ***

[GC (Allocation Failure) [ParNew: 545344K->27377K(613440K), 0.0071542 secs] 1295848K->777881K(2010624K), 0.0071972 secs] [Times: user=0.00 sys=0.00, real=0.01 secs] 
[GC (Allocation Failure) [ParNew: 572721K->68096K(613440K), 0.0544634 secs] 1323225K->859151K(2010624K), 0.0545147 secs] [Times: user=0.25 sys=0.00, real=0.05 secs] 
[GC (Allocation Failure) [ParNew: 613440K->27284K(613440K), 0.0295536 secs] 1404495K->881729K(2010624K), 0.0296042 secs] [Times: user=0.08 sys=0.00, real=0.03 secs] 
[GC (Allocation Failure) [ParNew: 572628K->68096K(613440K), 0.0508513 secs] 1427073K->962965K(2010624K), 0.0509001 secs] [Times: user=0.22 sys=0.00, real=0.05 secs] 
[GC (Allocation Failure) [ParNew: 613440K->13591K(613440K), 0.0343987 secs] 1508309K->971471K(2010624K), 0.0345534 secs] [Times: user=0.13 sys=0.00, real=0.03 secs] 
[GC (Allocation Failure) [ParNew: 558935K->68096K(613440K), 0.0515224 secs] 1516815K->1069569K(2010624K), 0.0515692 secs] [Times: user=0.20 sys=0.00, real=0.05 secs] 
[GC (Allocation Failure) [ParNew: 613440K->26068K(613440K), 0.0264926 secs] 1614913K->1087220K(2010624K), 0.0265420 secs] [Times: user=0.06 sys=0.00, real=0.02 secs] 
[GC (Allocation Failure) [ParNew: 571412K->68096K(613440K), 0.1608521 secs] 1632564K->1196952K(2010624K), 0.1608989 secs] [Times: user=0.78 sys=0.00, real=0.16 secs] 
[GC (Allocation Failure) [ParNew: 613440K->34094K(613440K), 0.0844121 secs] 1742296K->1227864K(2010624K), 0.0844795 secs] [Times: user=0.34 sys=0.00, real=0.08 secs] 
[GC (CMS Initial Mark) [1 CMS-initial-mark: 1193770K(1397184K)] 1238777K(2010624K), 0.0047124 secs] [Times: user=0.00 sys=0.00, real=0.00 secs] 
[CMS-concurrent-mark-start]
[CMS-concurrent-mark: 1.159/1.159 secs] [Times: user=4.27 sys=0.00, real=1.17 secs] 
[CMS-concurrent-preclean-start]
[CMS-concurrent-preclean: 0.333/0.341 secs] [Times: user=0.73 sys=0.00, real=0.34 secs] 
[CMS-concurrent-abortable-preclean-start]
[GC (Allocation Failure) [ParNew[CMS-concurrent-abortable-preclean: 0.113/0.788 secs] [Times: user=1.39 sys=0.00, real=0.79 secs] 
: 579438K->68096K(613440K), 0.2019174 secs] 1773208K->1318752K(2010624K), 0.2019668 secs] [Times: user=0.89 sys=0.00, real=0.20 secs] 
[GC (CMS Final Remark) [YG occupancy: 79080 K (613440 K)][Rescan (parallel) , 0.1241161 secs][weak refs processing, 0.0000302 secs][class unloading, 0.0051717 secs][scrub symbol table, 0.0013441 secs][scrub string table, 0.0003522 secs][1 CMS-remark: 1250656K(1397184K)] 1329737K(2010624K), 0.1318483 secs] [Times: user=0.89 sys=0.00, real=0.13 secs] 
[CMS-concurrent-sweep-start]
[CMS-concurrent-sweep: 0.719/0.719 secs] [Times: user=1.47 sys=0.00, real=0.72 secs] 
[CMS-concurrent-reset-start]
[CMS-concurrent-reset: 0.003/0.003 secs] [Times: user=0.00 sys=0.00, real=0.00 secs] 
[GC (Allocation Failure) [ParNew: 613440K->47881K(613440K), 0.0696341 secs] 1317540K->815662K(2010624K), 0.0696861 secs] [Times: user=0.22 sys=0.00, real=0.06 secs] 
[GC (Allocation Failure) [ParNew: 593225K->68096K(613440K), 0.1676322 secs] 1361006K->890336K(2010624K), 0.1676823 secs] [Times: user=0.69 sys=0.00, real=0.16 secs] 
[GC (Allocation Failure) [ParNew: 613440K->20462K(613440K), 0.0595851 secs] 1435680K->906180K(2010624K), 0.0596332 secs] [Times: user=0.20 sys=0.00, real=0.05 secs] 
[GC (Allocation Failure) [ParNew: 565806K->68096K(613440K), 0.1383141 secs] 1451524K->1004006K(2010624K), 0.1383610 secs] [Times: user=0.61 sys=0.00, real=0.14 secs] 
[GC (Allocation Failure) [ParNew: 613440K->27412K(613440K), 0.0591745 secs] 1549350K->1026954K(2010624K), 0.0592264 secs] [Times: user=0.16 sys=0.00, real=0.06 secs] 
[GC (Allocation Failure) [ParNew: 572756K->68096K(613440K), 0.1314788 secs] 1572298K->1117781K(2010624K), 0.1315308 secs] [Times: user=0.52 sys=0.00, real=0.12 secs] 
[GC (Allocation Failure) [ParNew (0: promotion failure size = 6249)  (1: promotion failure size = 6249)  (2: promotion failure size = 6249)  (3: promotion failure size = 6249)  (4: promotion failure size = 6249)  (5: promotion failure size = 6249)  (6: promotion failure size = 6249)  (7: promotion failure size = 6249)  (promotion failed): 613440K->565579K(613440K), 2.2809679 secs][CMS: 1102918K->760838K(1397184K), 2.2440657 secs] 1663125K->760838K(2010624K), [Metaspace: 9971K->9971K(10240K)], 4.5251126 secs] [Times: user=5.80 sys=0.53, real=4.52 secs] 

*** PauseDetector detected a 4525 ms pause at Fri Dec 19 17:32:10 EET 2014 ***

[GC (Allocation Failure) [ParNew: 545344K->68096K(613440K), 0.1076706 secs] 1306182K->876847K(2010624K), 0.1077180 secs] [Times: user=0.42 sys=0.00, real=0.10 secs] 
[GC (Allocation Failure) [ParNew: 613440K->13695K(613440K), 0.0541227 secs] 1422191K->886995K(2010624K), 0.0542061 secs] [Times: user=0.20 sys=0.00, real=0.05 secs] 
[GC (Allocation Failure) [ParNew: 559039K->68096K(613440K), 0.0989419 secs] 1432339K->987263K(2010624K), 0.0989913 secs] [Times: user=0.38 sys=0.00, real=0.09 secs] 
[GC (Allocation Failure) [ParNew: 613440K->34366K(613440K), 0.0556272 secs] 1532607K->1017365K(2010624K), 0.0556785 secs] [Times: user=0.14 sys=0.00, real=0.05 secs] 
[GC (Allocation Failure) [ParNew: 579710K->68096K(613440K), 0.0946055 secs] 1562709K->1098206K(2010624K), 0.0946536 secs] [Times: user=0.40 sys=0.00, real=0.09 secs] 
[GC (Allocation Failure) [ParNew: 613440K->33331K(613440K), 0.0419340 secs] 1643550K->1125165K(2010624K), 0.0419783 secs] [Times: user=0.12 sys=0.00, real=0.03 secs] 
[GC (Allocation Failure) [ParNew: 578675K->68096K(613440K), 0.0915830 secs] 1670509K->1204742K(2010624K), 0.0916305 secs] [Times: user=0.36 sys=0.00, real=0.09 secs] 
[GC (Allocation Failure) [ParNew: 613440K->13663K(613440K), 0.0520151 secs] 1750086K->1213813K(2010624K), 0.0520671 secs] [Times: user=0.13 sys=0.00, real=0.04 secs] 
[GC (CMS Initial Mark) [1 CMS-initial-mark: 1200149K(1397184K)] 1224726K(2010624K), 0.0054912 secs] [Times: user=0.02 sys=0.00, real=0.01 secs] 
[CMS-concurrent-mark-start]
[CMS-concurrent-mark: 1.157/1.157 secs] [Times: user=3.81 sys=0.00, real=1.16 secs] 
[CMS-concurrent-preclean-start]
[CMS-concurrent-preclean: 0.151/0.160 secs] [Times: user=0.36 sys=0.00, real=0.16 secs] 
[CMS-concurrent-abortable-preclean-start]
[GC (Allocation Failure) [ParNew[CMS-concurrent-abortable-preclean: 0.081/0.481 secs] [Times: user=0.70 sys=0.00, real=0.48 secs] 
: 559007K->68096K(613440K), 0.0866654 secs] 1759157K->1313202K(2010624K), 0.0867122 secs] [Times: user=0.41 sys=0.00, real=0.08 secs] 
[GC (CMS Final Remark) [YG occupancy: 79066 K (613440 K)][Rescan (parallel) , 0.0460157 secs][weak refs processing, 0.0000154 secs][class unloading, 0.0053713 secs][scrub symbol table, 0.0010952 secs][scrub string table, 0.0003509 secs][1 CMS-remark: 1245106K(1397184K)] 1324173K(2010624K), 0.0536486 secs] [Times: user=0.23 sys=0.00, real=0.05 secs] 
[CMS-concurrent-sweep-start]
[CMS-concurrent-sweep: 0.690/0.690 secs] [Times: user=1.42 sys=0.00, real=0.70 secs] 
[CMS-concurrent-reset-start]
[CMS-concurrent-reset: 0.003/0.003 secs] [Times: user=0.00 sys=0.00, real=0.00 secs] 
[GC (Allocation Failure) [ParNew: 613440K->26904K(613440K), 0.0383534 secs] 1303824K->779141K(2010624K), 0.0383996 secs] [Times: user=0.13 sys=0.00, real=0.03 secs] 
[GC (Allocation Failure) [ParNew: 572248K->68096K(613440K), 0.0775171 secs] 1324485K->863319K(2010624K), 0.0775640 secs] [Times: user=0.28 sys=0.00, real=0.07 secs] 
[GC (Allocation Failure) [ParNew: 613440K->41092K(613440K), 0.0360707 secs] 1408663K->899817K(2010624K), 0.0361220 secs] [Times: user=0.09 sys=0.02, real=0.03 secs] 
[GC (Allocation Failure) [ParNew (0: promotion failure size = 2779)  (1: promotion failure size = 2779)  (2: promotion failure size = 2779)  (3: promotion failure size = 2779)  (4: promotion failure size = 2779)  (5: promotion failure size = 2779)  (6: promotion failure size = 2779)  (7: promotion failure size = 2779)  (promotion failed): 586436K->613440K(613440K), 0.2416816 secs][CMS: 901083K->753316K(1397184K), 1.7272911 secs] 1445161K->753316K(2010624K), [Metaspace: 9971K->9971K(10240K)]
*** PauseDetector detected a 1961 ms pause at Fri Dec 19 17:32:33 EET 2014 ***

, 1.9690433 secs] [Times: user=2.17 sys=0.02, real=1.96 secs] 
[GC (Allocation Failure) [ParNew: 545344K->27374K(613440K), 0.0069624 secs] 1298660K->780691K(2010624K), 0.0070137 secs] [Times: user=0.00 sys=0.00, real=0.01 secs] 
[Full GC (System.gc()) [CMS: 753316K->753056K(1397184K), 1.6308629 secs] 1317901K->753056K(2010624K), [Metaspace: 9974K->9974K(10240K)], 1.6310733 secs] [Times: user=1.62 sys=0.00, real=1.63 secs] 
[Full GC (System.gc()) [CMS: 753056K->753058K(1397184K), 1.3837272 secs] 763949K->753058K(2010624K), [Metaspace: 9974K->9974K(10240K)], 1.3839177 secs] [Times: user=1.37 sys=0.00, real=1.38 secs] 
[Full GC (System.gc()) [CMS: 753058K->753058K(1397184K), 1.3758891 secs] 753058K->753058K(2010624K), [Metaspace: 9974K->9974K(10240K)]
*** PauseDetector detected a 1627 ms pause at Fri Dec 19 17:32:37 EET 2014 ***

, 1.3761072 secs] [Times: user=1.39 sys=0.00, real=1.38 secs] 

*** PauseDetector detected a 2772 ms pause at Fri Dec 19 17:32:40 EET 2014 ***

[GC (Allocation Failure) [ParNew: 545344K->7569K(613440K), 0.0074923 secs] 1298402K->760628K(2010624K), 0.0075360 secs] [Times: user=0.06 sys=0.00, real=0.01 secs] 
[GC (Allocation Failure) [ParNew: 552913K->68096K(613440K), 0.0776955 secs] 1305972K->864187K(2010624K), 0.0777564 secs] [Times: user=0.33 sys=0.00, real=0.08 secs] 
[GC (Allocation Failure) [ParNew: 613440K->33186K(613440K), 0.0412559 secs] 1409531K->893284K(2010624K), 0.0413201 secs] [Times: user=0.13 sys=0.00, real=0.04 secs] 
[GC (Allocation Failure) [ParNew: 578530K->68096K(613440K), 0.0608612 secs] 1438628K->972227K(2010624K), 0.0609138 secs] [Times: user=0.25 sys=0.00, real=0.06 secs] 
[GC (Allocation Failure) [ParNew: 613440K->26697K(613440K), 0.0446723 secs] 1517571K->992678K(2010624K), 0.0447313 secs] [Times: user=0.13 sys=0.00, real=0.04 secs] 
[GC (Allocation Failure) [ParNew: 572041K->68096K(613440K), 0.0622733 secs] 1538022K->1079754K(2010624K), 0.0623214 secs] [Times: user=0.22 sys=0.00, real=0.06 secs] 
[Full GC (System.gc()) [CMS: 1011658K->750697K(1397184K), 1.5435418 secs] 1397801K->750697K(2010624K), [Metaspace: 9974K->9974K(10240K)], 1.5437510 secs] [Times: user=1.55 sys=0.00, real=1.54 secs] 
[Full GC (System.gc()) [CMS: 750697K->750697K(1397184K), 1.3486112 secs] 750697K->750697K(2010624K), [Metaspace: 9974K->9974K(10240K)], 1.3488428 secs] [Times: user=1.36 sys=0.00, real=1.35 secs] 
[Full GC (System.gc()) [CMS: 750697K->750619K(1397184K), 1.3378667 secs] 761645K->750619K(2010624K), [Metaspace: 9974K->9974K(10240K)]
*** PauseDetector detected a 2896 ms pause at Fri Dec 19 17:32:53 EET 2014 ***

, 1.3380791 secs] [Times: user=1.33 sys=0.00, real=1.33 secs] 
********************************
********** ROUND   39 **********
********************************

*** PauseDetector detected a 1343 ms pause at Fri Dec 19 17:32:54 EET 2014 ***

[GC (Allocation Failure) [ParNew: 545344K->68096K(613440K), 0.0609112 secs] 1295963K->865938K(2010624K), 0.0609625 secs] [Times: user=0.28 sys=0.00, real=0.06 secs] 
[GC (Allocation Failure) [ParNew: 613440K->14952K(613440K), 0.0297909 secs] 1411282K->871291K(2010624K), 0.0299225 secs] [Times: user=0.11 sys=0.00, real=0.03 secs] 
[GC (Allocation Failure) [ParNew: 560296K->68096K(613440K), 0.0588582 secs] 1416635K->965650K(2010624K), 0.0589050 secs] [Times: user=0.19 sys=0.00, real=0.06 secs] 
[GC (Allocation Failure) [ParNew: 613440K->20627K(613440K), 0.0318741 secs] 1510994K->981485K(2010624K), 0.0319255 secs] [Times: user=0.06 sys=0.00, real=0.03 secs] 
[GC (Allocation Failure) [ParNew: 565971K->68096K(613440K), 0.0583494 secs] 1526829K->1071160K(2010624K), 0.0583994 secs] [Times: user=0.22 sys=0.00, real=0.06 secs] 
[GC (Allocation Failure) [ParNew: 613440K->13454K(613440K), 0.0403500 secs] 1616504K->1078935K(2010624K), 0.0403994 secs] [Times: user=0.14 sys=0.00, real=0.04 secs] 
[GC (Allocation Failure) [ParNew: 558798K->68096K(613440K), 0.0577989 secs] 1624279K->1176208K(2010624K), 0.0579471 secs] [Times: user=0.19 sys=0.00, real=0.06 secs] 
[GC (Allocation Failure) [ParNew: 613440K->40172K(613440K), 0.0307296 secs] 1721552K->1209919K(2010624K), 0.0308123 secs] [Times: user=0.08 sys=0.00, real=0.03 secs] 
[GC (CMS Initial Mark) [1 CMS-initial-mark: 1169746K(1397184K)] 1209921K(2010624K), 0.0033189 secs] [Times: user=0.00 sys=0.00, real=0.00 secs] 
[CMS-concurrent-mark-start]
[CMS-concurrent-mark: 1.160/1.160 secs] [Times: user=3.64 sys=0.00, real=1.17 secs] 
[CMS-concurrent-preclean-start]
[CMS-concurrent-preclean: 0.072/0.077 secs] [Times: user=0.16 sys=0.00, real=0.08 secs] 
[CMS-concurrent-abortable-preclean-start]
[GC (Allocation Failure) [ParNew[CMS-concurrent-abortable-preclean: 0.055/0.358 secs] [Times: user=0.56 sys=0.00, real=0.36 secs] 
: 585516K->68096K(613440K), 0.0589140 secs] 1755263K->1282025K(2010624K), 0.0589653 secs] [Times: user=0.19 sys=0.00, real=0.05 secs] 
[GC (CMS Final Remark) [YG occupancy: 79044 K (613440 K)][Rescan (parallel) , 0.0272740 secs][weak refs processing, 0.0000141 secs][class unloading, 0.0054887 secs][scrub symbol table, 0.0013120 secs][scrub string table, 0.0003503 secs][1 CMS-remark: 1213929K(1397184K)] 1292973K(2010624K), 0.0352264 secs] [Times: user=0.14 sys=0.00, real=0.03 secs] 
[CMS-concurrent-sweep-start]
[CMS-concurrent-sweep: 0.590/0.590 secs] [Times: user=1.23 sys=0.00, real=0.60 secs] 
[CMS-concurrent-reset-start]
[CMS-concurrent-reset: 0.003/0.003 secs] [Times: user=0.00 sys=0.00, real=0.00 secs] 
[GC (Allocation Failure) [ParNew: 613440K->26014K(613440K), 0.0304787 secs] 1302015K->774456K(2010624K), 0.0305281 secs] [Times: user=0.11 sys=0.00, real=0.02 secs] 
[GC (Allocation Failure) [ParNew: 571358K->68096K(613440K), 0.0557587 secs] 1319800K->857161K(2010624K), 0.0559089 secs] [Times: user=0.20 sys=0.00, real=0.05 secs] 
[GC (Allocation Failure) [ParNew: 613440K->34134K(613440K), 0.0412277 secs] 1402505K->886564K(2010624K), 0.0412751 secs] [Times: user=0.13 sys=0.00, real=0.04 secs] 
[GC (Allocation Failure) [ParNew: 579478K->68096K(613440K), 0.0636020 secs] 1431908K->960991K(2010624K), 0.0636501 secs] [Times: user=0.22 sys=0.00, real=0.06 secs] 
[GC (Allocation Failure) [ParNew (0: promotion failure size = 1854)  (1: promotion failure size = 1854)  (2: promotion failure size = 1854)  (5: promotion failure size = 1854)  (7: promotion failure size = 1854)  (promotion failed): 613440K->572717K(613440K), 0.2442569 secs][CMS: 956230K->752270K(1397184K), 1.7428140 secs] 1506335K->752270K(2010624K), [Metaspace: 9974K->9974K(10240K)], 1.9871589 secs] [Times: user=1.97 sys=0.02, real=1.98 secs] 

*** PauseDetector detected a 1983 ms pause at Fri Dec 19 17:33:17 EET 2014 ***

[GC (Allocation Failure) [ParNew: 545344K->68096K(613440K), 0.0513357 secs] 1297614K->862008K(2010624K), 0.0513922 secs] [Times: user=0.22 sys=0.00, real=0.05 secs] 
[GC (Allocation Failure) [ParNew: 613440K->40391K(613440K), 0.0283237 secs] 1407352K->896708K(2010624K), 0.0283763 secs] [Times: user=0.06 sys=0.00, real=0.03 secs] 
[GC (Allocation Failure) [ParNew: 585735K->68096K(613440K), 0.0524527 secs] 1442052K->965800K(2010624K), 0.0525040 secs] [Times: user=0.27 sys=0.00, real=0.05 secs] 
[GC (Allocation Failure) [ParNew: 613440K->20106K(613440K), 0.0287497 secs] 1511144K->979868K(2010624K), 0.0288112 secs] [Times: user=0.11 sys=0.00, real=0.03 secs] 
[GC (Allocation Failure) [ParNew: 565450K->68096K(613440K), 0.0517893 secs] 1525212K->1070240K(2010624K), 0.0518368 secs] [Times: user=0.19 sys=0.00, real=0.05 secs] 
[GC (Allocation Failure) [ParNew: 613440K->33024K(613440K), 0.0273889 secs] 1615584K->1096080K(2010624K), 0.0274441 secs] [Times: user=0.08 sys=0.00, real=0.02 secs] 
[GC (Allocation Failure) [ParNew: 578368K->68096K(613440K), 0.0512202 secs] 1641424K->1172136K(2010624K), 0.0513383 secs] [Times: user=0.20 sys=0.00, real=0.05 secs] 
[GC (Allocation Failure) [ParNew: 613440K->13435K(613440K), 0.0275281 secs] 1717480K->1179675K(2010624K), 0.0276538 secs] [Times: user=0.06 sys=0.00, real=0.03 secs] 
[GC (CMS Initial Mark) [1 CMS-initial-mark: 1166239K(1397184K)] 1190624K(2010624K), 0.0045706 secs] [Times: user=0.00 sys=0.00, real=0.00 secs] 
[CMS-concurrent-mark-start]
[CMS-concurrent-mark: 1.184/1.184 secs] [Times: user=4.13 sys=0.00, real=1.19 secs] 
[CMS-concurrent-preclean-start]
[CMS-concurrent-preclean: 0.061/0.065 secs] [Times: user=0.17 sys=0.00, real=0.06 secs] 
[CMS-concurrent-abortable-preclean-start]
[GC (Allocation Failure) [ParNew[CMS-concurrent-abortable-preclean: 0.074/0.484 secs] [Times: user=0.64 sys=0.00, real=0.48 secs] 
: 558779K->68096K(613440K), 0.1714445 secs] 1725019K->1301999K(2010624K), 0.1714971 secs] [Times: user=0.78 sys=0.00, real=0.17 secs] 
[GC (CMS Final Remark) [YG occupancy: 79108 K (613440 K)][Rescan (parallel) , 0.0480053 secs][weak refs processing, 0.0000154 secs][class unloading, 0.0051114 secs][scrub symbol table, 0.0010567 secs][scrub string table, 0.0003509 secs][1 CMS-remark: 1233903K(1397184K)] 1313011K(2010624K), 0.0553417 secs] [Times: user=0.41 sys=0.00, real=0.05 secs] 
[CMS-concurrent-sweep-start]
[CMS-concurrent-sweep: 0.511/0.511 secs] [Times: user=1.05 sys=0.00, real=0.52 secs] 
[CMS-concurrent-reset-start]
[CMS-concurrent-reset: 0.003/0.003 secs] [Times: user=0.00 sys=0.00, real=0.00 secs] 
[GC (Allocation Failure) [ParNew: 613440K->34302K(613440K), 0.0769448 secs] 1323576K->808815K(2010624K), 0.0769910 secs] [Times: user=0.28 sys=0.00, real=0.07 secs] 
[GC (Allocation Failure) [ParNew: 579646K->68096K(613440K), 0.1929745 secs] 1354159K->899577K(2010624K), 0.1930265 secs] [Times: user=0.94 sys=0.00, real=0.19 secs] 
[GC (Allocation Failure) [ParNew: 613440K->27320K(613440K), 0.0710693 secs] 1444921K->922394K(2010624K), 0.0711219 secs] [Times: user=0.27 sys=0.00, real=0.07 secs] 
[GC (Allocation Failure) [ParNew (0: promotion failure size = 9372)  (1: promotion failure size = 9372)  (2: promotion failure size = 9372)  (3: promotion failure size = 9372)  (4: promotion failure size = 9372)  (5: promotion failure size = 9372)  (promotion failed): 572664K->613440K(613440K), 0.2642273 secs][CMS: 948895K->764485K(1397184K), 1.7608378 secs] 1467738K->764485K(2010624K), [Metaspace: 9974K->9974K(10240K)], 2.0252428 secs] [Times: user=2.59 sys=0.00, real=2.02 secs] 

*** PauseDetector detected a 2026 ms pause at Fri Dec 19 17:33:40 EET 2014 ***

[GC (Allocation Failure) [ParNew: 545344K->34280K(613440K), 0.0061007 secs] 1309829K->798766K(2010624K), 0.0061495 secs] [Times: user=0.00 sys=0.00, real=0.01 secs] 
[GC (Allocation Failure) [ParNew: 579624K->68096K(613440K), 0.1362720 secs] 1344110K->884676K(2010624K), 0.1363182 secs] [Times: user=0.59 sys=0.00, real=0.13 secs] 
[GC (Allocation Failure) [ParNew: 613440K->27381K(613440K), 0.0595992 secs] 1430020K->908989K(2010624K), 0.0596800 secs] [Times: user=0.16 sys=0.00, real=0.06 secs] 
[GC (Allocation Failure) [ParNew: 572725K->68096K(613440K), 0.1219206 secs] 1454333K->998698K(2010624K), 0.1219809 secs] [Times: user=0.52 sys=0.00, real=0.12 secs] 
[GC (Allocation Failure) [ParNew: 613440K->20568K(613440K), 0.0547053 secs] 1544042K->1014991K(2010624K), 0.0547559 secs] [Times: user=0.19 sys=0.00, real=0.05 secs] 
[GC (Allocation Failure) [ParNew: 565912K->68096K(613440K), 0.1143802 secs] 1560335K->1110868K(2010624K), 0.1144334 secs] [Times: user=0.52 sys=0.00, real=0.11 secs] 
[GC (Allocation Failure) [ParNew: 613440K->20039K(613440K), 0.0527857 secs] 1656212K->1124580K(2010624K), 0.0528370 secs] [Times: user=0.14 sys=0.00, real=0.05 secs] 
[GC (Allocation Failure) [ParNew: 565383K->68096K(613440K), 0.1039051 secs] 1669924K->1218482K(2010624K), 0.1039616 secs] [Times: user=0.42 sys=0.00, real=0.10 secs] 
[GC (Allocation Failure) [ParNew: 613440K->27376K(613440K), 0.0485397 secs] 1763826K->1241264K(2010624K), 0.0485898 secs] [Times: user=0.13 sys=0.00, real=0.04 secs] 
[GC (CMS Initial Mark) [1 CMS-initial-mark: 1213888K(1397184K)] 1252276K(2010624K), 0.0053482 secs] [Times: user=0.02 sys=0.00, real=0.01 secs] 
[CMS-concurrent-mark-start]
[CMS-concurrent-mark: 1.301/1.301 secs] [Times: user=4.41 sys=0.00, real=1.30 secs] 
[CMS-concurrent-preclean-start]
[CMS-concurrent-preclean: 0.153/0.164 secs] [Times: user=0.34 sys=0.00, real=0.16 secs] 
[CMS-concurrent-abortable-preclean-start]
[GC (Allocation Failure) [ParNew[CMS-concurrent-abortable-preclean: 0.042/0.247 secs] [Times: user=0.66 sys=0.00, real=0.25 secs] 
: 572720K->68096K(613440K), 0.0961632 secs] 1786608K->1327227K(2010624K), 0.0962351 secs] [Times: user=0.44 sys=0.00, real=0.09 secs] 
[GC (CMS Final Remark) [YG occupancy: 79044 K (613440 K)][Rescan (parallel) , 0.0525977 secs][weak refs processing, 0.0000167 secs][class unloading, 0.0052186 secs][scrub symbol table, 0.0010490 secs][scrub string table, 0.0003516 secs][1 CMS-remark: 1259131K(1397184K)] 1338175K(2010624K), 0.0600335 secs] [Times: user=0.41 sys=0.00, real=0.06 secs] 
[CMS-concurrent-sweep-start]
[CMS-concurrent-sweep: 0.747/0.747 secs] [Times: user=1.53 sys=0.00, real=0.75 secs] 
[CMS-concurrent-reset-start]
[CMS-concurrent-reset: 0.004/0.004 secs] [Times: user=0.00 sys=0.00, real=0.00 secs] 
[GC (Allocation Failure) [ParNew: 613440K->34276K(613440K), 0.0431870 secs] 1304865K->789200K(2010624K), 0.0432281 secs] [Times: user=0.14 sys=0.00, real=0.04 secs] 
[GC (Allocation Failure) [ParNew: 579620K->68096K(613440K), 0.0912667 secs] 1334544K->867809K(2010624K), 0.0913181 secs] [Times: user=0.31 sys=0.00, real=0.09 secs] 
[GC (Allocation Failure) [ParNew: 613440K->20538K(613440K), 0.0454127 secs] 1413153K->883749K(2010624K), 0.0455634 secs] [Times: user=0.11 sys=0.00, real=0.04 secs] 
[GC (Allocation Failure) [ParNew (0: promotion failure size = 2779)  (1: promotion failure size = 2779)  (2: promotion failure size = 2779)  (3: promotion failure size = 2779)  (4: promotion failure size = 2779)  (5: promotion failure size = 2779)  (6: promotion failure size = 2779)  (7: promotion failure size = 2779)  (promotion failed): 565882K->613440K(613440K), 0.3156130 secs][CMS: 905962K->753897K(1397184K), 1.7615891 secs] 1429093K->753897K(2010624K), [Metaspace: 9974K->9974K(10240K)], 2.0772688 secs] [Times: user=2.37 sys=0.00, real=2.07 secs] 

*** PauseDetector detected a 2072 ms pause at Fri Dec 19 17:34:04 EET 2014 ***

[GC (Allocation Failure) [ParNew: 545344K->27423K(613440K), 0.0067102 secs] 1299241K->781321K(2010624K), 0.0067564 secs] [Times: user=0.00 sys=0.00, real=0.01 secs] 
[GC (Allocation Failure) [ParNew: 572767K->68096K(613440K), 0.0749008 secs] 1326665K->866847K(2010624K), 0.0749515 secs] [Times: user=0.34 sys=0.00, real=0.08 secs] 
[GC (Allocation Failure) [ParNew: 613440K->33822K(613440K), 0.0446980 secs] 1412191K->895632K(2010624K), 0.0447435 secs] [Times: user=0.14 sys=0.00, real=0.04 secs] 
[GC (Allocation Failure) [ParNew: 579166K->68096K(613440K), 0.0735131 secs] 1440976K->974610K(2010624K), 0.0735612 secs] [Times: user=0.25 sys=0.00, real=0.07 secs] 
[GC (Allocation Failure) [ParNew: 613440K->26655K(613440K), 0.0350782 secs] 1519954K->995048K(2010624K), 0.0351584 secs] [Times: user=0.13 sys=0.00, real=0.03 secs] 
[GC (Allocation Failure) [ParNew: 571999K->68096K(613440K), 0.0682784 secs] 1540392K->1081300K(2010624K), 0.0683285 secs] [Times: user=0.31 sys=0.00, real=0.07 secs] 
[Full GC (System.gc()) [CMS: 1013204K->750749K(1397184K), 1.8787659 secs] 1290370K->750749K(2010624K), [Metaspace: 9974K->9974K(10240K)], 1.8790001 secs] [Times: user=1.87 sys=0.00, real=1.87 secs] 
[Full GC (System.gc()) [CMS: 750749K->750749K(1397184K), 1.3435196 secs] 750749K->750749K(2010624K), [Metaspace: 9974K->9974K(10240K)], 1.3436909 secs] [Times: user=1.36 sys=0.00, real=1.35 secs] 
[Full GC (System.gc()) [CMS: 750749K->750749K(1397184K), 1.3869126 secs] 750751K->750749K(2010624K), [Metaspace: 9974K->9974K(10240K)]
*** PauseDetector detected a 3219 ms pause at Fri Dec 19 17:34:17 EET 2014 ***


*** PauseDetector detected a 1403 ms pause at Fri Dec 19 17:34:18 EET 2014 ***

, 1.3872385 secs] [Times: user=1.39 sys=0.00, real=1.39 secs] 
[GC (Allocation Failure) [ParNew: 545344K->68096K(613440K), 0.0759498 secs] 1296093K->869377K(2010624K), 0.0760133 secs] [Times: user=0.28 sys=0.00, real=0.07 secs] 
[GC (Allocation Failure) [ParNew: 613440K->44070K(613440K), 0.0334697 secs] 1414721K->901666K(2010624K), 0.0335891 secs] [Times: user=0.06 sys=0.00, real=0.03 secs] 
[GC (Allocation Failure) [ParNew: 589414K->68096K(613440K), 0.0763597 secs] 1447010K->969060K(2010624K), 0.0764245 secs] [Times: user=0.26 sys=0.00, real=0.08 secs] 
[GC (Allocation Failure) [ParNew: 613440K->47345K(613440K), 0.0494161 secs] 1514404K->1010721K(2010624K), 0.0494803 secs] [Times: user=0.19 sys=0.00, real=0.04 secs] 
[GC (Allocation Failure) [ParNew: 592689K->68096K(613440K), 0.0624029 secs] 1556065K->1074528K(2010624K), 0.0624510 secs] [Times: user=0.19 sys=0.00, real=0.06 secs] 
[GC (Allocation Failure) [ParNew: 613440K->33413K(613440K), 0.0354535 secs] 1619872K->1101855K(2010624K), 0.0355677 secs] [Times: user=0.08 sys=0.00, real=0.03 secs] 
[Full GC (System.gc()) [CMS: 1068442K->748882K(1397184K), 1.5870561 secs] 1375508K->748882K(2010624K), [Metaspace: 9974K->9974K(10240K)], 1.5873974 secs] [Times: user=1.58 sys=0.00, real=1.58 secs] 
[Full GC (System.gc()) [CMS: 748882K->748804K(1397184K), 1.3382735 secs] 759816K->748804K(2010624K), [Metaspace: 9974K->9974K(10240K)], 1.3386167 secs] [Times: user=1.36 sys=0.00, real=1.34 secs] 
[Full GC (System.gc()) [CMS: 748804K->747155K(1397184K), 1.3497192 secs] 759736K->747155K(2010624K), [Metaspace: 9974K->9974K(10240K)]
*** PauseDetector detected a 1585 ms pause at Fri Dec 19 17:34:30 EET 2014 ***

, 1.3499290 secs] [Times: user=1.34 sys=0.00, real=1.35 secs] 
********************************
********** ROUND   40 **********
********************************

*** PauseDetector detected a 2704 ms pause at Fri Dec 19 17:34:32 EET 2014 ***

[GC (Allocation Failure) [ParNew: 545344K->7432K(613440K), 0.0067314 secs] 1292499K->754587K(2010624K), 0.0067782 secs] [Times: user=0.06 sys=0.00, real=0.01 secs] 
[GC (Allocation Failure) [ParNew: 552776K->68096K(613440K), 0.0605500 secs] 1299931K->862844K(2010624K), 0.0605962 secs] [Times: user=0.28 sys=0.00, real=0.06 secs] 
[GC (Allocation Failure) [ParNew: 613440K->39501K(613440K), 0.0321179 secs] 1408188K->897485K(2010624K), 0.0322110 secs] [Times: user=0.13 sys=0.00, real=0.03 secs] 
[GC (Allocation Failure) [ParNew: 584845K->68096K(613440K), 0.0552551 secs] 1442829K->967171K(2010624K), 0.0553038 secs] [Times: user=0.16 sys=0.00, real=0.06 secs] 
[GC (Allocation Failure) [ParNew: 613440K->20458K(613440K), 0.0304280 secs] 1512515K->983234K(2010624K), 0.0305551 secs] [Times: user=0.13 sys=0.00, real=0.03 secs] 
[GC (Allocation Failure) [ParNew: 565802K->68096K(613440K), 0.0551852 secs] 1528578K->1074177K(2010624K), 0.0552352 secs] [Times: user=0.30 sys=0.00, real=0.05 secs] 
[GC (Allocation Failure) [ParNew: 613440K->26448K(613440K), 0.0333215 secs] 1619521K->1093372K(2010624K), 0.0333876 secs] [Times: user=0.08 sys=0.00, real=0.03 secs] 
[GC (Allocation Failure) [ParNew: 571792K->68096K(613440K), 0.0553160 secs] 1638716K->1177534K(2010624K), 0.0553680 secs] [Times: user=0.19 sys=0.00, real=0.05 secs] 
[GC (Allocation Failure) [ParNew: 613440K->26660K(613440K), 0.0286733 secs] 1722878K->1197689K(2010624K), 0.0287291 secs] [Times: user=0.08 sys=0.00, real=0.03 secs] 
[GC (CMS Initial Mark) [1 CMS-initial-mark: 1171029K(1397184K)] 1208624K(2010624K), 0.0032104 secs] [Times: user=0.00 sys=0.00, real=0.00 secs] 
[CMS-concurrent-mark-start]
[CMS-concurrent-mark: 1.123/1.123 secs] [Times: user=3.60 sys=0.00, real=1.13 secs] 
[CMS-concurrent-preclean-start]
[CMS-concurrent-preclean: 0.082/0.088 secs] [Times: user=0.20 sys=0.00, real=0.09 secs] 
[CMS-concurrent-abortable-preclean-start]
[GC (Allocation Failure) [ParNew[CMS-concurrent-abortable-preclean: 0.064/0.364 secs] [Times: user=0.56 sys=0.00, real=0.37 secs] 
: 572004K->68096K(613440K), 0.0541022 secs] 1743033K->1280349K(2010624K), 0.0542125 secs] [Times: user=0.23 sys=0.00, real=0.05 secs] 
[GC (CMS Final Remark) [YG occupancy: 79030 K (613440 K)][Rescan (parallel) , 0.0290364 secs][weak refs processing, 0.0000192 secs][class unloading, 0.0057966 secs][scrub symbol table, 0.0010650 secs][scrub string table, 0.0003606 secs][1 CMS-remark: 1212253K(1397184K)] 1291283K(2010624K), 0.0370792 secs] [Times: user=0.22 sys=0.00, real=0.03 secs] 
[CMS-concurrent-sweep-start]
[CMS-concurrent-sweep: 0.543/0.543 secs] [Times: user=1.14 sys=0.00, real=0.55 secs] 
[CMS-concurrent-reset-start]
[CMS-concurrent-reset: 0.003/0.003 secs] [Times: user=0.00 sys=0.00, real=0.00 secs] 
[GC (Allocation Failure) [ParNew: 613440K->27129K(613440K), 0.0437016 secs] 1298678K->775145K(2010624K), 0.0438216 secs] [Times: user=0.13 sys=0.00, real=0.04 secs] 
[GC (Allocation Failure) [ParNew: 572473K->68096K(613440K), 0.0538956 secs] 1320489K->856581K(2010624K), 0.0539456 secs] [Times: user=0.19 sys=0.00, real=0.05 secs] 
[GC (Allocation Failure) [ParNew: 613440K->41107K(613440K), 0.0278944 secs] 1401925K->893010K(2010624K), 0.0279811 secs] [Times: user=0.13 sys=0.00, real=0.03 secs] 
[GC (Allocation Failure) [ParNew: 586451K->68096K(613440K), 0.0749983 secs] 1438354K->959909K(2010624K), 0.0750522 secs] [Times: user=0.22 sys=0.00, real=0.07 secs] 
[GC (Allocation Failure) [ParNew: 613440K->34219K(613440K), 0.0842177 secs] 1505253K->989432K(2010624K), 0.0842691 secs] [Times: user=0.16 sys=0.00, real=0.08 secs] 
[GC (Allocation Failure) [ParNew (0: promotion failure size = 105)  (1: promotion failure size = 105)  (2: promotion failure size = 105)  (3: promotion failure size = 105)  (4: promotion failure size = 105)  (5: promotion failure size = 105)  (6: promotion failure size = 105)  (7: promotion failure size = 105)  (promotion failed): 579563K->613440K(613440K), 0.7944936 secs][CMS: 983677K->750497K(1397184K), 1.6216729 secs] 1534776K->750497K(2010624K), [Metaspace: 9974K->9974K(10240K)], 2.4162859 secs] [Times: user=2.62 sys=0.25, real=2.41 secs] 

*** PauseDetector detected a 2413 ms pause at Fri Dec 19 17:34:59 EET 2014 ***

[GC (Allocation Failure) [ParNew: 545344K->27378K(613440K), 0.0068488 secs] 1295841K->777876K(2010624K), 0.0068989 secs] [Times: user=0.02 sys=0.00, real=0.01 secs] 
[GC (Allocation Failure) [ParNew: 572722K->68096K(613440K), 0.0507262 secs] 1323220K->859747K(2010624K), 0.0507730 secs] [Times: user=0.19 sys=0.00, real=0.05 secs] 
[GC (Allocation Failure) [ParNew: 613440K->27043K(613440K), 0.0291385 secs] 1405091K->881550K(2010624K), 0.0291885 secs] [Times: user=0.12 sys=0.00, real=0.03 secs] 
[GC (Allocation Failure) [ParNew: 572387K->68096K(613440K), 0.0512555 secs] 1426894K->966282K(2010624K), 0.0513139 secs] [Times: user=0.19 sys=0.00, real=0.05 secs] 
[GC (Allocation Failure) [ParNew: 613440K->38924K(613440K), 0.0299411 secs] 1511626K->996827K(2010624K), 0.0300059 secs] [Times: user=0.13 sys=0.00, real=0.03 secs] 
[GC (Allocation Failure) [ParNew: 584268K->68096K(613440K), 0.1608739 secs] 1542171K->1093728K(2010624K), 0.1609246 secs] [Times: user=0.73 sys=0.00, real=0.16 secs] 
[GC (Allocation Failure) [ParNew: 613440K->20426K(613440K), 0.0789543 secs] 1639072K->1111815K(2010624K), 0.0790030 secs] [Times: user=0.30 sys=0.00, real=0.08 secs] 
[GC (Allocation Failure) [ParNew: 565770K->68096K(613440K), 0.1925478 secs] 1657159K->1217265K(2010624K), 0.1925947 secs] [Times: user=0.84 sys=0.00, real=0.19 secs] 
[GC (Allocation Failure) [ParNew: 613440K->54386K(613440K), 0.0775428 secs] 1762609K->1266679K(2010624K), 0.0775896 secs] [Times: user=0.28 sys=0.00, real=0.08 secs] 
[GC (CMS Initial Mark) [1 CMS-initial-mark: 1212292K(1397184K)] 1277684K(2010624K), 0.0026317 secs] [Times: user=0.00 sys=0.00, real=0.00 secs] 
[CMS-concurrent-mark-start]
[CMS-concurrent-mark: 1.282/1.282 secs] [Times: user=4.63 sys=0.01, real=1.29 secs] 
[CMS-concurrent-preclean-start]
[CMS-concurrent-preclean: 0.296/0.307 secs] [Times: user=0.64 sys=0.00, real=0.31 secs] 
[CMS-concurrent-abortable-preclean-start]
[GC (Allocation Failure) [ParNew[CMS-concurrent-abortable-preclean: 0.075/0.508 secs] [Times: user=0.91 sys=0.00, real=0.51 secs] 
: 599730K->68096K(613440K), 0.1693042 secs] 1812023K->1334761K(2010624K), 0.1694004 secs] [Times: user=0.76 sys=0.00, real=0.17 secs] 
[GC (CMS Final Remark) [YG occupancy: 79030 K (613440 K)][Rescan (parallel) , 0.0999806 secs][weak refs processing, 0.0000205 secs][class unloading, 0.0080409 secs][scrub symbol table, 0.0015058 secs][scrub string table, 0.0003625 secs][1 CMS-remark: 1266665K(1397184K)] 1345696K(2010624K), 0.1108707 secs] [Times: user=0.64 sys=0.00, real=0.11 secs] 
[CMS-concurrent-sweep-start]
[CMS-concurrent-sweep: 0.701/0.701 secs] [Times: user=1.42 sys=0.00, real=0.70 secs] 
[CMS-concurrent-reset-start]
[CMS-concurrent-reset: 0.003/0.003 secs] [Times: user=0.00 sys=0.00, real=0.00 secs] 
[GC (Allocation Failure) [ParNew: 613440K->27335K(613440K), 0.0658494 secs] 1316772K->794255K(2010624K), 0.0658963 secs] [Times: user=0.22 sys=0.00, real=0.06 secs] 
[GC (Allocation Failure) [ParNew: 572679K->68096K(613440K), 0.1411236 secs] 1339599K->885195K(2010624K), 0.1411743 secs] [Times: user=0.67 sys=0.00, real=0.14 secs] 
[GC (Allocation Failure) [ParNew: 613440K->47981K(613440K), 0.0640062 secs] 1430539K->928702K(2010624K), 0.0640537 secs] [Times: user=0.22 sys=0.00, real=0.06 secs] 
[GC (Allocation Failure) [ParNew: 593325K->68096K(613440K), 0.1285885 secs] 1474046K->997806K(2010624K), 0.1286360 secs] [Times: user=0.51 sys=0.02, real=0.13 secs] 
[GC (Allocation Failure) [ParNew (0: promotion failure size = 6249)  (1: promotion failure size = 6249)  (2: promotion failure size = 6249)  (3: promotion failure size = 6249)  (4: promotion failure size = 6249)  (5: promotion failure size = 6249)  (6: promotion failure size = 6249)  (7: promotion failure size = 6249)  (promotion failed): 613440K->565881K(613440K), 0.1894651 secs][CMS: 992014K->760823K(1397184K), 1.7972466 secs] 1543150K->760823K(2010624K), [Metaspace: 9974K->9974K(10240K)], 1.9868047 secs]
*** PauseDetector detected a 1988 ms pause at Fri Dec 19 17:35:25 EET 2014 ***

 [Times: user=2.11 sys=0.00, real=1.98 secs] 
[GC (Allocation Failure) [ParNew: 545344K->68096K(613440K), 0.1083615 secs] 1306167K->876748K(2010624K), 0.1084141 secs] [Times: user=0.41 sys=0.00, real=0.10 secs] 
[GC (Allocation Failure) [ParNew: 613440K->20568K(613440K), 0.0523333 secs] 1422092K->893802K(2010624K), 0.0523860 secs] [Times: user=0.19 sys=0.00, real=0.05 secs] 
[GC (Allocation Failure) [ParNew: 565912K->68096K(613440K), 0.1007255 secs] 1439146K->989140K(2010624K), 0.1007717 secs] [Times: user=0.44 sys=0.00, real=0.10 secs] 
[GC (Allocation Failure) [ParNew: 613440K->33397K(613440K), 0.0497581 secs] 1534484K->1016716K(2010624K), 0.0498094 secs] [Times: user=0.14 sys=0.00, real=0.05 secs] 
[GC (Allocation Failure) [ParNew: 578741K->68096K(613440K), 0.0906797 secs] 1562060K->1096657K(2010624K), 0.0907432 secs] [Times: user=0.45 sys=0.00, real=0.08 secs] 
[GC (Allocation Failure) [ParNew: 613440K->20504K(613440K), 0.0438485 secs] 1642001K->1112861K(2010624K), 0.0438985 secs] [Times: user=0.13 sys=0.00, real=0.04 secs] 
[GC (Allocation Failure) [ParNew: 565848K->68096K(613440K), 0.0881840 secs] 1658205K->1205252K(2010624K), 0.0882308 secs] [Times: user=0.44 sys=0.00, real=0.08 secs] 
[GC (Allocation Failure) [ParNew: 613440K->27421K(613440K), 0.0469749 secs] 1750596K->1228063K(2010624K), 0.0470205 secs] [Times: user=0.19 sys=0.00, real=0.04 secs] 
[GC (CMS Initial Mark) [1 CMS-initial-mark: 1200641K(1397184K)] 1239059K(2010624K), 0.0039765 secs] [Times: user=0.00 sys=0.00, real=0.01 secs] 
[CMS-concurrent-mark-start]
[CMS-concurrent-mark: 1.192/1.192 secs] [Times: user=3.88 sys=0.02, real=1.20 secs] 
[CMS-concurrent-preclean-start]
[CMS-concurrent-preclean: 0.129/0.138 secs] [Times: user=0.28 sys=0.00, real=0.14 secs] 
[CMS-concurrent-abortable-preclean-start]
[GC (Allocation Failure) [ParNew: 572765K->68096K(613440K), 0.0867205 secs] 1773407K->1312113K(2010624K), 0.0867719 secs] [Times: user=0.34 sys=0.00, real=0.08 secs] 
[CMS-concurrent-abortable-preclean: 0.972/1.580 secs] [Times: user=2.82 sys=0.00, real=1.58 secs] 
[GC (CMS Final Remark) [YG occupancy: 496205 K (613440 K)][Rescan (parallel) , 0.1043902 secs][weak refs processing, 0.0000199 secs][class unloading, 0.0051281 secs][scrub symbol table, 0.0010592 secs][scrub string table, 0.0003548 secs][1 CMS-remark: 1244017K(1397184K)] 1740223K(2010624K), 0.1117561 secs] [Times: user=0.51 sys=0.00, real=0.11 secs] 
[CMS-concurrent-sweep-start]
[GC (Allocation Failure) [ParNew: 613440K->34276K(613440K), 0.0390566 secs] 1857457K->1341827K(2010624K), 0.0391073 secs] [Times: user=0.09 sys=0.00, real=0.03 secs] 
[CMS-concurrent-sweep: 0.720/0.759 secs] [Times: user=1.84 sys=0.00, real=0.77 secs] 
[CMS-concurrent-reset-start]
[CMS-concurrent-reset: 0.003/0.003 secs] [Times: user=0.00 sys=0.00, real=0.00 secs] 
[GC (Allocation Failure) [ParNew: 579620K->68096K(613440K), 0.0788189 secs] 1332464K->864000K(2010624K), 0.0788676 secs] [Times: user=0.30 sys=0.00, real=0.08 secs] 
[GC (Allocation Failure) [ParNew: 613440K->27384K(613440K), 0.0372313 secs] 1409344K->886740K(2010624K), 0.0372749 secs] [Times: user=0.12 sys=0.00, real=0.03 secs] 
[GC (Allocation Failure) [ParNew (0: promotion failure size = 2779)  (1: promotion failure size = 2779)  (2: promotion failure size = 2779)  (3: promotion failure size = 2779)  (4: promotion failure size = 2779)  (5: promotion failure size = 2779)  (6: promotion failure size = 2779)  (7: promotion failure size = 2779)  (promotion failed): 572728K->613440K(613440K), 1.3556653 secs][CMS: 889134K->753372K(1397184K), 1.8159486 secs] 1432084K->753372K(2010624K), [Metaspace: 9974K->9974K(10240K)], 3.1716812 secs] [Times: user=3.59 sys=0.16, real=3.17 secs] 

*** PauseDetector detected a 3168 ms pause at Fri Dec 19 17:35:48 EET 2014 ***

[GC (Allocation Failure) [ParNew: 545344K->27416K(613440K), 0.0066788 secs] 1298716K->780789K(2010624K), 0.0068892 secs] [Times: user=0.06 sys=0.00, real=0.01 secs] 
[GC (Allocation Failure) [ParNew: 572760K->68096K(613440K), 0.0669157 secs] 1326133K->866404K(2010624K), 0.0669638 secs] [Times: user=0.28 sys=0.00, real=0.06 secs] 
[Full GC (System.gc()) [CMS: 798308K->753960K(1397184K), 1.8129113 secs] 1382799K->753960K(2010624K), [Metaspace: 9974K->9974K(10240K)], 1.8131744 secs] [Times: user=1.81 sys=0.00, real=1.81 secs] 
[Full GC (System.gc()) [CMS: 753960K->753961K(1397184K), 1.3905330 secs] 753962K->753961K(2010624K), [Metaspace: 9974K->9974K(10240K)]
*** PauseDetector detected a 1811 ms pause at Fri Dec 19 17:35:55 EET 2014 ***

, 1.3907011 secs] [Times: user=1.39 sys=0.00, real=1.38 secs] 
[Full GC (System.gc()) [CMS: 753961K->753882K(1397184K), 1.3744122 secs] 753963K->753882K(2010624K), [Metaspace: 9974K->9974K(10240K)]
*** PauseDetector detected a 2763 ms pause at Fri Dec 19 17:35:57 EET 2014 ***

, 1.3745777 secs] [Times: user=1.37 sys=0.00, real=1.37 secs] 
[GC (Allocation Failure) [ParNew: 545344K->68096K(613440K), 0.0706086 secs] 1299226K->867984K(2010624K), 0.0706593 secs] [Times: user=0.25 sys=0.00, real=0.07 secs] 
[GC (Allocation Failure) [ParNew: 613440K->31114K(613440K), 0.0341883 secs] 1413328K->892052K(2010624K), 0.0342358 secs] [Times: user=0.11 sys=0.00, real=0.03 secs] 
[GC (Allocation Failure) [ParNew: 576458K->68096K(613440K), 0.0671922 secs] 1437396K->974972K(2010624K), 0.0672526 secs] [Times: user=0.28 sys=0.00, real=0.06 secs] 
[GC (Allocation Failure) [ParNew: 613440K->32862K(613440K), 0.0433275 secs] 1520316K->999702K(2010624K), 0.0434956 secs] [Times: user=0.19 sys=0.00, real=0.04 secs] 
[GC (Allocation Failure) [ParNew: 578206K->68096K(613440K), 0.0773798 secs] 1545046K->1076265K(2010624K), 0.0774421 secs] [Times: user=0.34 sys=0.00, real=0.08 secs] 
[GC (Allocation Failure) [ParNew: 613440K->27296K(613440K), 0.0418898 secs] 1621609K->1102306K(2010624K), 0.0419911 secs] [Times: user=0.13 sys=0.00, real=0.04 secs] 
[Full GC (System.gc()) [CMS: 1075010K->749300K(1397184K), 1.5382540 secs] 1420751K->749300K(2010624K), [Metaspace: 9974K->9974K(10240K)], 1.5386267 secs] [Times: user=1.53 sys=0.00, real=1.54 secs] 
[Full GC (System.gc()) [CMS: 749300K->749222K(1397184K), 1.3442568 secs] 760257K->749222K(2010624K), [Metaspace: 9974K->9974K(10240K)], 1.3444345 secs] [Times: user=1.36 sys=0.00, real=1.35 secs] 
[Full GC (System.gc()) [CMS: 749222K->747162K(1397184K), 1.3445564 secs] 760177K->747162K(2010624K), [Metaspace: 9974K->9974K(10240K)]
*** PauseDetector detected a 1540 ms pause at Fri Dec 19 17:36:09 EET 2014 ***

, 1.3447617 secs] [Times: user=1.33 sys=0.00, real=1.34 secs] 
********************************
********** ROUND   41 **********
********************************

*** PauseDetector detected a 2693 ms pause at Fri Dec 19 17:36:12 EET 2014 ***

[GC (Allocation Failure) [ParNew: 545344K->9646K(613440K), 0.0067025 secs] 1292506K->756808K(2010624K), 0.0067500 secs] [Times: user=0.02 sys=0.00, real=0.01 secs] 
[GC (Allocation Failure) [ParNew: 554990K->68096K(613440K), 0.0613270 secs] 1302152K->862778K(2010624K), 0.0613732 secs] [Times: user=0.19 sys=0.00, real=0.05 secs] 
[GC (Allocation Failure) [ParNew: 613440K->32512K(613440K), 0.0431960 secs] 1408122K->890650K(2010624K), 0.0432454 secs] [Times: user=0.13 sys=0.00, real=0.04 secs] 
[GC (Allocation Failure) [ParNew: 577856K->68096K(613440K), 0.0568763 secs] 1435994K->970220K(2010624K), 0.0569283 secs] [Times: user=0.22 sys=0.00, real=0.05 secs] 
[GC (Allocation Failure) [ParNew: 613440K->26185K(613440K), 0.0380949 secs] 1515564K->989038K(2010624K), 0.0381410 secs] [Times: user=0.13 sys=0.00, real=0.03 secs] 
[GC (Allocation Failure) [ParNew: 571529K->68096K(613440K), 0.0552294 secs] 1534382K->1072365K(2010624K), 0.0552763 secs] [Times: user=0.22 sys=0.00, real=0.05 secs] 
[GC (Allocation Failure) [ParNew: 613440K->20332K(613440K), 0.0392189 secs] 1617709K->1087444K(2010624K), 0.0392683 secs] [Times: user=0.13 sys=0.00, real=0.04 secs] 
[GC (Allocation Failure) [ParNew: 565676K->68096K(613440K), 0.0550883 secs] 1632788K->1176588K(2010624K), 0.0551351 secs] [Times: user=0.22 sys=0.00, real=0.05 secs] 
[GC (Allocation Failure) [ParNew: 613440K->40690K(613440K), 0.0320390 secs] 1721932K->1211944K(2010624K), 0.0320884 secs] [Times: user=0.14 sys=0.00, real=0.03 secs] 
[GC (CMS Initial Mark) [1 CMS-initial-mark: 1171253K(1397184K)] 1222900K(2010624K), 0.0029140 secs] [Times: user=0.00 sys=0.00, real=0.00 secs] 
[CMS-concurrent-mark-start]
[CMS-concurrent-mark: 1.239/1.239 secs] [Times: user=3.99 sys=0.00, real=1.25 secs] 
[CMS-concurrent-preclean-start]
[CMS-concurrent-preclean: 0.089/0.094 secs] [Times: user=0.19 sys=0.00, real=0.10 secs] 
[CMS-concurrent-abortable-preclean-start]
[GC (Allocation Failure) [ParNew: 586034K->68096K(613440K), 0.0527144 secs] 1757288K->1279864K(2010624K), 0.0527651 secs] [Times: user=0.25 sys=0.00, real=0.05 secs] 
[CMS-concurrent-abortable-preclean: 0.677/1.336 secs] [Times: user=2.20 sys=0.00, real=1.34 secs] 
[GC (CMS Final Remark) [YG occupancy: 409729 K (613440 K)][Rescan (parallel) , 0.0848510 secs][weak refs processing, 0.0000154 secs][class unloading, 0.0052943 secs][scrub symbol table, 0.0010624 secs][scrub string table, 0.0003490 secs][1 CMS-remark: 1211768K(1397184K)] 1621497K(2010624K), 0.0923722 secs] [Times: user=0.34 sys=0.00, real=0.09 secs] 
[CMS-concurrent-sweep-start]
[CMS-concurrent-sweep: 0.511/0.511 secs] [Times: user=1.05 sys=0.00, real=0.52 secs] 
[CMS-concurrent-reset-start]
[CMS-concurrent-reset: 0.003/0.003 secs] [Times: user=0.03 sys=0.00, real=0.00 secs] 
[GC (Allocation Failure) [ParNew: 613440K->41044K(613440K), 0.0295189 secs] 1298201K->789247K(2010624K), 0.0295670 secs] [Times: user=0.13 sys=0.00, real=0.03 secs] 
[GC (Allocation Failure) [ParNew: 586388K->68096K(613440K), 0.0546148 secs] 1334591K->857115K(2010624K), 0.0546603 secs] [Times: user=0.20 sys=0.01, real=0.05 secs] 
[GC (Allocation Failure) [ParNew: 613440K->27244K(613440K), 0.0280266 secs] 1402459K->879343K(2010624K), 0.0280754 secs] [Times: user=0.06 sys=0.00, real=0.03 secs] 
[GC (Allocation Failure) [ParNew: 572588K->68096K(613440K), 0.0682136 secs] 1424687K->960118K(2010624K), 0.0682643 secs] [Times: user=0.20 sys=0.00, real=0.07 secs] 
[GC (Allocation Failure) [ParNew: 613440K->34268K(613440K), 0.1324675 secs] 1505462K->989678K(2010624K), 0.1325188 secs] [Times: user=0.19 sys=0.02, real=0.13 secs] 
[GC (Allocation Failure) [ParNew (0: promotion failure size = 105)  (1: promotion failure size = 1237)  (2: promotion failure size = 105)  (3: promotion failure size = 105)  (4: promotion failure size = 105)  (5: promotion failure size = 105)  (6: promotion failure size = 105)  (7: promotion failure size = 105)  (promotion failed): 579612K->613440K(613440K), 0.4344335 secs][CMS: 990267K->750500K(1397184K), 1.7604914 secs] 1535022K->750500K(2010624K), [Metaspace: 9974K->9974K(10240K)], 2.1950147 secs] [Times: user=2.37 sys=0.05, real=2.19 secs] 

*** PauseDetector detected a 2188 ms pause at Fri Dec 19 17:36:38 EET 2014 ***

[GC (Allocation Failure) [ParNew: 545344K->27380K(613440K), 0.0070400 secs] 1295844K->777880K(2010624K), 0.0070862 secs] [Times: user=0.06 sys=0.00, real=0.01 secs] 
[GC (Allocation Failure) [ParNew: 572724K->68096K(613440K), 0.0504112 secs] 1323224K->861019K(2010624K), 0.0504599 secs] [Times: user=0.19 sys=0.00, real=0.05 secs] 
[GC (Allocation Failure) [ParNew: 613440K->26557K(613440K), 0.0278277 secs] 1406363K->881055K(2010624K), 0.0278771 secs] [Times: user=0.12 sys=0.00, real=0.02 secs] 
[GC (Allocation Failure) [ParNew: 571901K->68096K(613440K), 0.0509841 secs] 1426399K->962731K(2010624K), 0.0510521 secs] [Times: user=0.22 sys=0.00, real=0.05 secs] 
[GC (Allocation Failure) [ParNew: 613440K->20415K(613440K), 0.0280638 secs] 1508075K->978161K(2010624K), 0.0281132 secs] [Times: user=0.11 sys=0.00, real=0.02 secs] 
[GC (Allocation Failure) [ParNew: 565759K->68096K(613440K), 0.1665371 secs] 1523505K->1093771K(2010624K), 0.1665987 secs] [Times: user=0.72 sys=0.00, real=0.16 secs] 
[GC (Allocation Failure) [ParNew: 613440K->27343K(613440K), 0.0777013 secs] 1639115K->1117462K(2010624K), 0.0777545 secs] [Times: user=0.30 sys=0.00, real=0.08 secs] 
[GC (Allocation Failure) [ParNew: 572687K->68096K(613440K), 0.1927794 secs] 1662806K->1215027K(2010624K), 0.1928686 secs] [Times: user=0.86 sys=0.00, real=0.19 secs] 
[GC (CMS Initial Mark) [1 CMS-initial-mark: 1146931K(1397184K)] 1226060K(2010624K), 0.0128662 secs] [Times: user=0.00 sys=0.00, real=0.01 secs] 
[CMS-concurrent-mark-start]
[CMS-concurrent-mark: 1.339/1.339 secs] [Times: user=4.12 sys=0.00, real=1.35 secs] 
[CMS-concurrent-preclean-start]
[CMS-concurrent-preclean: 0.006/0.006 secs] [Times: user=0.00 sys=0.00, real=0.01 secs] 
[CMS-concurrent-abortable-preclean-start]
[GC (Allocation Failure) [ParNew: 613440K->41138K(613440K), 0.0701294 secs] 1760371K->1251821K(2010624K), 0.0701813 secs] [Times: user=0.33 sys=0.00, real=0.07 secs] 
[CMS-concurrent-abortable-preclean: 0.817/1.597 secs] [Times: user=3.42 sys=0.00, real=1.60 secs] 
[GC (CMS Final Remark) [YG occupancy: 383289 K (613440 K)][Rescan (parallel) , 0.0727393 secs][weak refs processing, 0.0000218 secs][class unloading, 0.0056253 secs][scrub symbol table, 0.0011426 secs][scrub string table, 0.0003766 secs][1 CMS-remark: 1210683K(1397184K)] 1593972K(2010624K), 0.0807860 secs] [Times: user=0.33 sys=0.00, real=0.07 secs] 
[CMS-concurrent-sweep-start]
[GC (Allocation Failure) [ParNew: 586482K->68096K(613440K), 0.1710486 secs] 1459115K->995125K(2010624K), 0.1711019 secs] [Times: user=0.73 sys=0.00, real=0.17 secs] 
[CMS-concurrent-sweep: 0.678/0.849 secs] [Times: user=2.15 sys=0.00, real=0.86 secs] 
[CMS-concurrent-reset-start]
[CMS-concurrent-reset: 0.002/0.002 secs] [Times: user=0.00 sys=0.00, real=0.00 secs] 
[GC (Allocation Failure) [ParNew: 613440K->27321K(613440K), 0.0592906 secs] 1435182K->912622K(2010624K), 0.0593419 secs] [Times: user=0.22 sys=0.00, real=0.06 secs] 
[GC (Allocation Failure) [ParNew: 572665K->68096K(613440K), 0.1385117 secs] 1457966K->1003627K(2010624K), 0.1385631 secs] [Times: user=0.64 sys=0.00, real=0.14 secs] 
[GC (Allocation Failure) [ParNew: 613440K->34268K(613440K), 0.0598661 secs] 1548971K->1033494K(2010624K), 0.0599168 secs] [Times: user=0.16 sys=0.00, real=0.05 secs] 
[GC (Allocation Failure) [ParNew: 579612K->68096K(613440K), 0.1311638 secs] 1578838K->1116384K(2010624K), 0.1312170 secs] [Times: user=0.58 sys=0.00, real=0.13 secs] 
[GC (Allocation Failure) [ParNew (0: promotion failure size = 6249)  (1: promotion failure size = 6249)  (2: promotion failure size = 6249)  (3: promotion failure size = 6249)  (4: promotion failure size = 6249)  (5: promotion failure size = 6249)  (6: promotion failure size = 6249)  (7: promotion failure size = 6249)  (promotion failed): 613440K->572698K(613440K), 0.1936424 secs][CMS: 1110627K->760792K(1397184K), 1.8276329 secs] 1661728K->760792K(2010624K), [Metaspace: 9974K->9974K(10240K)], 2.0213638 secs] [Times: user=2.15 sys=0.00, real=2.01 secs] 

*** PauseDetector detected a 2017 ms pause at Fri Dec 19 17:37:04 EET 2014 ***

[GC (Allocation Failure) [ParNew: 545344K->68096K(613440K), 0.1002437 secs] 1306136K->876772K(2010624K), 0.1002944 secs] [Times: user=0.52 sys=0.00, real=0.09 secs] 
[GC (Allocation Failure) [ParNew: 613440K->34281K(613440K), 0.0544088 secs] 1422116K->907453K(2010624K), 0.0544550 secs] [Times: user=0.22 sys=0.00, real=0.05 secs] 
[GC (Allocation Failure) [ParNew: 579625K->68096K(613440K), 0.1004920 secs] 1452797K->987681K(2010624K), 0.1005420 secs] [Times: user=0.38 sys=0.00, real=0.10 secs] 
[GC (Allocation Failure) [ParNew: 613440K->34007K(613440K), 0.0533701 secs] 1533025K->1016908K(2010624K), 0.0534170 secs] [Times: user=0.14 sys=0.00, real=0.05 secs] 
[GC (Allocation Failure) [ParNew: 579351K->68096K(613440K), 0.0943546 secs] 1562252K->1097061K(2010624K), 0.0944156 secs] [Times: user=0.44 sys=0.00, real=0.09 secs] 
[GC (Allocation Failure) [ParNew: 613440K->27061K(613440K), 0.0439980 secs] 1642405K->1118947K(2010624K), 0.0440487 secs] [Times: user=0.13 sys=0.00, real=0.04 secs] 
[GC (Allocation Failure) [ParNew: 572405K->68096K(613440K), 0.0899393 secs] 1664291K->1204819K(2010624K), 0.0899868 secs] [Times: user=0.34 sys=0.00, real=0.08 secs] 
[GC (Allocation Failure) [ParNew: 613440K->27388K(613440K), 0.0410788 secs] 1750163K->1227787K(2010624K), 0.0411898 secs] [Times: user=0.14 sys=0.00, real=0.04 secs] 
[GC (CMS Initial Mark) [1 CMS-initial-mark: 1200398K(1397184K)] 1238806K(2010624K), 0.0053238 secs] [Times: user=0.00 sys=0.00, real=0.00 secs] 
[CMS-concurrent-mark-start]
[CMS-concurrent-mark: 1.252/1.252 secs] [Times: user=4.06 sys=0.02, real=1.26 secs] 
[CMS-concurrent-preclean-start]
[CMS-concurrent-preclean: 0.160/0.171 secs] [Times: user=0.34 sys=0.00, real=0.17 secs] 
[CMS-concurrent-abortable-preclean-start]
[GC (Allocation Failure) [ParNew[CMS-concurrent-abortable-preclean: 0.064/0.406 secs] [Times: user=0.73 sys=0.00, real=0.41 secs] 
: 572732K->68096K(613440K), 0.0908170 secs] 1773131K->1311896K(2010624K), 0.0908658 secs] [Times: user=0.36 sys=0.00, real=0.08 secs] 
[GC (CMS Final Remark) [YG occupancy: 79050 K (613440 K)][Rescan (parallel) , 0.0540085 secs][weak refs processing, 0.0000160 secs][class unloading, 0.0061771 secs][scrub symbol table, 0.0014044 secs][scrub string table, 0.0003805 secs][1 CMS-remark: 1243800K(1397184K)] 1322851K(2010624K), 0.0628494 secs] [Times: user=0.26 sys=0.00, real=0.06 secs] 
[CMS-concurrent-sweep-start]
[CMS-concurrent-sweep: 0.731/0.731 secs] [Times: user=1.51 sys=0.00, real=0.74 secs] 
[CMS-concurrent-reset-start]
[CMS-concurrent-reset: 0.004/0.004 secs] [Times: user=0.00 sys=0.00, real=0.00 secs] 
[GC (Allocation Failure) [ParNew: 613440K->34275K(613440K), 0.0449097 secs] 1302564K->786847K(2010624K), 0.0449629 secs] [Times: user=0.13 sys=0.00, real=0.04 secs] 
[GC (Allocation Failure) [ParNew: 579619K->68096K(613440K), 0.0785302 secs] 1332191K->865256K(2010624K), 0.0785809 secs] [Times: user=0.28 sys=0.00, real=0.07 secs] 
[GC (Allocation Failure) [ParNew: 613440K->20101K(613440K), 0.0363177 secs] 1410600K->879161K(2010624K), 0.0363620 secs] [Times: user=0.13 sys=0.00, real=0.03 secs] 
[GC (Allocation Failure) [ParNew (0: promotion failure size = 2779)  (1: promotion failure size = 2779)  (2: promotion failure size = 2779)  (3: promotion failure size = 2779)  (4: promotion failure size = 2779)  (5: promotion failure size = 2779)  (6: promotion failure size = 2779)  (7: promotion failure size = 2779)  (promotion failed): 565445K->613440K(613440K), 0.2679895 secs][CMS: 900936K->753333K(1397184K), 1.9388501 secs] 1424505K->753333K(2010624K), [Metaspace: 9974K->9974K(10240K)], 2.2069281 secs]
*** PauseDetector detected a 2206 ms pause at Fri Dec 19 17:37:27 EET 2014 ***

 [Times: user=2.46 sys=0.02, real=2.20 secs] 
[GC (Allocation Failure) [ParNew: 545344K->27388K(613440K), 0.0071074 secs] 1298677K->780722K(2010624K), 0.0071491 secs] [Times: user=0.00 sys=0.00, real=0.01 secs] 
[GC (Allocation Failure) [ParNew: 572732K->68096K(613440K), 0.0671595 secs] 1326066K->864932K(2010624K), 0.0672032 secs] [Times: user=0.26 sys=0.00, real=0.06 secs] 
[Full GC (System.gc()) [CMS: 796836K->753081K(1397184K), 1.9571305 secs] 1294743K->753081K(2010624K), [Metaspace: 9976K->9976K(10240K)], 1.9573365 secs] [Times: user=1.95 sys=0.00, real=1.96 secs] 
[Full GC (System.gc()) [CMS: 753081K->753082K(1397184K), 1.3663803 secs] 763998K->753082K(2010624K), [Metaspace: 9976K->9976K(10240K)], 1.3666799 secs] [Times: user=1.37 sys=0.00, real=1.36 secs] 
[Full GC (System.gc()) [CMS: 753082K->753003K(1397184K), 1.3340314 secs] 763997K->753003K(2010624K), [Metaspace: 9976K->9976K(10240K)]
*** PauseDetector detected a 1959 ms pause at Fri Dec 19 17:37:33 EET 2014 ***

, 1.3342264 secs] [Times: user=1.34 sys=0.00, real=1.34 secs] 

*** PauseDetector detected a 2712 ms pause at Fri Dec 19 17:37:36 EET 2014 ***

[GC (Allocation Failure) [ParNew: 545344K->68096K(613440K), 0.0729485 secs] 1298347K->864090K(2010624K), 0.0730120 secs] [Times: user=0.25 sys=0.00, real=0.06 secs] 
[GC (Allocation Failure) [ParNew: 613440K->40453K(613440K), 0.0390887 secs] 1409434K->900543K(2010624K), 0.0391458 secs] [Times: user=0.13 sys=0.00, real=0.03 secs] 
[GC (Allocation Failure) [ParNew: 585797K->68096K(613440K), 0.0767909 secs] 1445887K->974076K(2010624K), 0.0768531 secs] [Times: user=0.25 sys=0.00, real=0.07 secs] 
[GC (Allocation Failure) [ParNew: 613440K->26314K(613440K), 0.0318549 secs] 1519420K->992979K(2010624K), 0.0319267 secs] [Times: user=0.13 sys=0.00, real=0.03 secs] 
[GC (Allocation Failure) [ParNew: 571658K->68096K(613440K), 0.0747551 secs] 1538323K->1076109K(2010624K), 0.0748187 secs] [Times: user=0.28 sys=0.00, real=0.07 secs] 
[GC (Allocation Failure) [ParNew: 613440K->20519K(613440K), 0.0325260 secs] 1621453K->1092166K(2010624K), 0.0325728 secs] [Times: user=0.11 sys=0.00, real=0.03 secs] 
[Full GC (System.gc()) [CMS: 1071647K->749345K(1397184K), 1.6498368 secs] 1408710K->749345K(2010624K), [Metaspace: 9976K->9976K(10240K)], 1.6500819 secs] [Times: user=1.64 sys=0.00, real=1.64 secs] 
[Full GC (System.gc()) [CMS: 749345K->749268K(1397184K), 1.3528847 secs] 760259K->749268K(2010624K), [Metaspace: 9976K->9976K(10240K)], 1.3530669 secs] [Times: user=1.36 sys=0.00, real=1.35 secs] 
[Full GC (System.gc()) [CMS: 749268K->747163K(1397184K), 1.3638018 secs] 760180K->747163K(2010624K), [Metaspace: 9976K->9976K(10240K)]
*** PauseDetector detected a 1648 ms pause at Fri Dec 19 17:37:48 EET 2014 ***

, 1.3641238 secs] [Times: user=1.36 sys=0.00, real=1.36 secs] 
********************************
********** ROUND   42 **********
********************************

*** PauseDetector detected a 2725 ms pause at Fri Dec 19 17:37:50 EET 2014 ***

[GC (Allocation Failure) [ParNew: 545344K->7772K(613440K), 0.0066018 secs] 1292507K->754936K(2010624K), 0.0066499 secs] [Times: user=0.00 sys=0.00, real=0.01 secs] 
[GC (Allocation Failure) [ParNew: 553116K->68096K(613440K), 0.0621758 secs] 1300280K->862689K(2010624K), 0.0622232 secs] [Times: user=0.28 sys=0.00, real=0.06 secs] 
[GC (Allocation Failure) [ParNew: 613440K->13199K(613440K), 0.0318247 secs] 1408033K->871304K(2010624K), 0.0319498 secs] [Times: user=0.13 sys=0.00, real=0.03 secs] 
[GC (Allocation Failure) [ParNew: 558543K->68096K(613440K), 0.0567602 secs] 1416648K->967661K(2010624K), 0.0568122 secs] [Times: user=0.19 sys=0.00, real=0.05 secs] 
[GC (Allocation Failure) [ParNew: 613440K->27223K(613440K), 0.0299398 secs] 1513005K->989732K(2010624K), 0.0300027 secs] [Times: user=0.13 sys=0.00, real=0.03 secs] 
[GC (Allocation Failure) [ParNew: 572567K->68096K(613440K), 0.0525393 secs] 1535076K->1071617K(2010624K), 0.0525900 secs] [Times: user=0.26 sys=0.00, real=0.05 secs] 
[GC (Allocation Failure) [ParNew: 613440K->20506K(613440K), 0.0389000 secs] 1616961K->1087465K(2010624K), 0.0389443 secs] [Times: user=0.13 sys=0.00, real=0.03 secs] 
[GC (Allocation Failure) [ParNew: 565850K->68096K(613440K), 0.0557331 secs] 1632809K->1177833K(2010624K), 0.0557825 secs] [Times: user=0.28 sys=0.00, real=0.05 secs] 
[GC (Allocation Failure) [ParNew: 613440K->33260K(613440K), 0.0298500 secs] 1723177K->1204309K(2010624K), 0.0298917 secs] [Times: user=0.06 sys=0.00, real=0.03 secs] 
[GC (CMS Initial Mark) [1 CMS-initial-mark: 1171048K(1397184K)] 1215223K(2010624K), 0.0030430 secs] [Times: user=0.00 sys=0.00, real=0.00 secs] 
[CMS-concurrent-mark-start]
[CMS-concurrent-mark: 1.174/1.174 secs] [Times: user=3.76 sys=0.00, real=1.18 secs] 
[CMS-concurrent-preclean-start]
[CMS-concurrent-preclean: 0.072/0.076 secs] [Times: user=0.16 sys=0.00, real=0.07 secs] 
[CMS-concurrent-abortable-preclean-start]
[GC (Allocation Failure) [ParNew: 578604K->68096K(613440K), 0.0533740 secs] 1749653K->1280710K(2010624K), 0.0534240 secs] [Times: user=0.25 sys=0.00, real=0.05 secs] 
[CMS-concurrent-abortable-preclean: 0.721/1.475 secs] [Times: user=2.40 sys=0.00, real=1.48 secs] 
[GC (CMS Final Remark) [YG occupancy: 463051 K (613440 K)][Rescan (parallel) , 0.0990266 secs][weak refs processing, 0.0000154 secs][class unloading, 0.0053507 secs][scrub symbol table, 0.0010522 secs][scrub string table, 0.0003484 secs][1 CMS-remark: 1212614K(1397184K)] 1675666K(2010624K), 0.1065959 secs] [Times: user=0.38 sys=0.00, real=0.10 secs] 
[CMS-concurrent-sweep-start]
[GC (Allocation Failure) [ParNew: 613440K->33693K(613440K), 0.0305448 secs] 1826054K->1308708K(2010624K), 0.0305961 secs] [Times: user=0.13 sys=0.00, real=0.03 secs] 
[CMS-concurrent-sweep: 0.527/0.558 secs] [Times: user=1.28 sys=0.00, real=0.56 secs] 
[CMS-concurrent-reset-start]
[CMS-concurrent-reset: 0.003/0.003 secs] [Times: user=0.00 sys=0.00, real=0.00 secs] 
[GC (Allocation Failure) [ParNew: 579037K->68096K(613440K), 0.0547720 secs] 1327048K->856513K(2010624K), 0.0548169 secs] [Times: user=0.20 sys=0.00, real=0.05 secs] 
[GC (Allocation Failure) [ParNew: 613440K->47866K(613440K), 0.0440204 secs] 1401857K->899750K(2010624K), 0.0440833 secs] [Times: user=0.19 sys=0.00, real=0.04 secs] 
[GC (Allocation Failure) [ParNew: 593210K->68096K(613440K), 0.0653689 secs] 1445094K->959896K(2010624K), 0.0654183 secs] [Times: user=0.22 sys=0.00, real=0.06 secs] 
[GC (Allocation Failure) [ParNew: 613440K->47909K(613440K), 0.1142230 secs] 1505240K->1003125K(2010624K), 0.1143410 secs] [Times: user=0.16 sys=0.00, real=0.11 secs] 
[GC (Allocation Failure) [ParNew (0: promotion failure size = 105)  (1: promotion failure size = 105)  (2: promotion failure size = 105)  (3: promotion failure size = 105)  (4: promotion failure size = 105)  (5: promotion failure size = 105)  (6: promotion failure size = 105)  (7: promotion failure size = 105)  (promotion failed): 593253K->613440K(613440K), 0.5495265 secs][CMS: 988312K->750449K(1397184K), 1.5575776 secs] 1548469K->750449K(2010624K), [Metaspace: 9978K->9978K(10240K)], 2.1071836 secs] [Times: user=2.40 sys=0.09, real=2.11 secs] 

*** PauseDetector detected a 2109 ms pause at Fri Dec 19 17:38:16 EET 2014 ***

[GC (Allocation Failure) [ParNew: 545344K->27376K(613440K), 0.0085240 secs] 1295793K->777825K(2010624K), 0.0085676 secs] [Times: user=0.06 sys=0.00, real=0.01 secs] 
[GC (Allocation Failure) [ParNew: 572720K->68096K(613440K), 0.0497234 secs] 1323169K->858949K(2010624K), 0.0497760 secs] [Times: user=0.22 sys=0.00, real=0.05 secs] 
[GC (Allocation Failure) [ParNew: 613440K->27298K(613440K), 0.0282948 secs] 1404293K->881654K(2010624K), 0.0284115 secs] [Times: user=0.08 sys=0.00, real=0.03 secs] 
[GC (Allocation Failure) [ParNew: 572642K->68096K(613440K), 0.0500801 secs] 1426998K->962211K(2010624K), 0.0501276 secs] [Times: user=0.22 sys=0.00, real=0.05 secs] 
[GC (Allocation Failure) [ParNew: 613440K->20563K(613440K), 0.0388981 secs] 1507555K->978330K(2010624K), 0.0389430 secs] [Times: user=0.12 sys=0.00, real=0.04 secs] 
[GC (Allocation Failure) [ParNew: 565907K->68096K(613440K), 0.1599609 secs] 1523674K->1093583K(2010624K), 0.1600071 secs] [Times: user=0.73 sys=0.00, real=0.16 secs] 
[GC (Allocation Failure) [ParNew: 613440K->34253K(613440K), 0.0860212 secs] 1638927K->1124536K(2010624K), 0.0860693 secs] [Times: user=0.36 sys=0.00, real=0.09 secs] 
[GC (Allocation Failure) [ParNew: 579597K->68096K(613440K), 0.1940017 secs] 1669880K->1215238K(2010624K), 0.1940754 secs] [Times: user=0.92 sys=0.00, real=0.19 secs] 
[GC (CMS Initial Mark) [1 CMS-initial-mark: 1147142K(1397184K)] 1215238K(2010624K), 0.0117562 secs] [Times: user=0.00 sys=0.00, real=0.01 secs] 
[CMS-concurrent-mark-start]
[CMS-concurrent-mark: 1.349/1.349 secs] [Times: user=4.12 sys=0.00, real=1.36 secs] 
[CMS-concurrent-preclean-start]
[CMS-concurrent-preclean: 0.005/0.005 secs] [Times: user=0.00 sys=0.00, real=0.01 secs] 
[CMS-concurrent-abortable-preclean-start]
[GC (Allocation Failure) [ParNew: 613440K->20523K(613440K), 0.0732378 secs] 1760582K->1231340K(2010624K), 0.0732885 secs] [Times: user=0.34 sys=0.00, real=0.07 secs] 
[CMS-concurrent-abortable-preclean: 0.849/1.634 secs] [Times: user=3.42 sys=0.00, real=1.63 secs] 
[GC (CMS Final Remark) [YG occupancy: 383275 K (613440 K)][Rescan (parallel) , 0.0809098 secs][weak refs processing, 0.0000160 secs][class unloading, 0.0055330 secs][scrub symbol table, 0.0010573 secs][scrub string table, 0.0003509 secs][1 CMS-remark: 1210816K(1397184K)] 1594091K(2010624K), 0.0886767 secs] [Times: user=0.34 sys=0.00, real=0.08 secs] 
[CMS-concurrent-sweep-start]
[GC (Allocation Failure) [ParNew: 565867K->68096K(613440K), 0.1785499 secs] 1701149K->1257679K(2010624K), 0.1786077 secs] [Times: user=0.77 sys=0.00, real=0.18 secs] 
[CMS-concurrent-sweep: 0.695/0.874 secs] [Times: user=2.20 sys=0.00, real=0.88 secs] 
[CMS-concurrent-reset-start]
[CMS-concurrent-reset: 0.003/0.003 secs] [Times: user=0.00 sys=0.00, real=0.00 secs] 
[GC (Allocation Failure) [ParNew: 613440K->13697K(613440K), 0.0595645 secs] 1435271K->899164K(2010624K), 0.0596133 secs] [Times: user=0.20 sys=0.00, real=0.06 secs] 
[GC (Allocation Failure) [ParNew: 559041K->68096K(613440K), 0.1441730 secs] 1444508K->1003707K(2010624K), 0.1442333 secs] [Times: user=0.58 sys=0.00, real=0.14 secs] 
[GC (Allocation Failure) [ParNew: 613440K->20638K(613440K), 0.0580203 secs] 1549051K->1019991K(2010624K), 0.0580703 secs] [Times: user=0.16 sys=0.00, real=0.06 secs] 
[GC (Allocation Failure) [ParNew: 565982K->68096K(613440K), 0.1295239 secs] 1565335K->1116391K(2010624K), 0.1295720 secs] [Times: user=0.59 sys=0.00, real=0.13 secs] 
[GC (Allocation Failure) [ParNew (0: promotion failure size = 6249)  (1: promotion failure size = 6249)  (2: promotion failure size = 6249)  (3: promotion failure size = 6249)  (4: promotion failure size = 6249)  (5: promotion failure size = 6249)  (6: promotion failure size = 6249)  (7: promotion failure size = 6249)  (promotion failed): 613440K->565920K(613440K), 0.1974245 secs][CMS: 1110744K->760774K(1397184K), 1.7908783 secs] 1661735K->760774K(2010624K), [Metaspace: 9978K->9978K(10240K)], 1.9883663 secs]
*** PauseDetector detected a 1987 ms pause at Fri Dec 19 17:38:43 EET 2014 ***

 [Times: user=2.15 sys=0.00, real=1.98 secs] 
[GC (Allocation Failure) [ParNew: 545344K->68096K(613440K), 0.1009577 secs] 1306118K->876682K(2010624K), 0.1010091 secs] [Times: user=0.53 sys=0.00, real=0.09 secs] 
[GC (Allocation Failure) [ParNew: 613440K->27428K(613440K), 0.0584636 secs] 1422026K->900755K(2010624K), 0.0585130 secs] [Times: user=0.20 sys=0.00, real=0.06 secs] 
[GC (Allocation Failure) [ParNew: 572772K->68096K(613440K), 0.0995180 secs] 1446099K->987265K(2010624K), 0.0995700 secs] [Times: user=0.42 sys=0.00, real=0.09 secs] 
[GC (Allocation Failure) [ParNew: 613440K->27423K(613440K), 0.0466201 secs] 1532609K->1010386K(2010624K), 0.0466740 secs] [Times: user=0.16 sys=0.00, real=0.05 secs] 
[GC (Allocation Failure) [ParNew: 572767K->68096K(613440K), 0.0940448 secs] 1555730K->1096270K(2010624K), 0.0940967 secs] [Times: user=0.37 sys=0.00, real=0.09 secs] 
[GC (Allocation Failure) [ParNew: 613440K->27419K(613440K), 0.0541086 secs] 1641614K->1119435K(2010624K), 0.0541561 secs] [Times: user=0.14 sys=0.00, real=0.05 secs] 
[GC (Allocation Failure) [ParNew: 572763K->68096K(613440K), 0.0895980 secs] 1664779K->1204935K(2010624K), 0.0896532 secs] [Times: user=0.41 sys=0.00, real=0.08 secs] 
[GC (Allocation Failure) [ParNew: 613440K->34281K(613440K), 0.0397289 secs] 1750279K->1234772K(2010624K), 0.0397726 secs] [Times: user=0.16 sys=0.00, real=0.03 secs] 
[GC (CMS Initial Mark) [1 CMS-initial-mark: 1200490K(1397184K)] 1234774K(2010624K), 0.0032265 secs] [Times: user=0.03 sys=0.00, real=0.01 secs] 
[CMS-concurrent-mark-start]
[CMS-concurrent-mark: 1.159/1.159 secs] [Times: user=3.71 sys=0.00, real=1.16 secs] 
[CMS-concurrent-preclean-start]
[CMS-concurrent-preclean: 0.135/0.143 secs] [Times: user=0.28 sys=0.00, real=0.14 secs] 
[CMS-concurrent-abortable-preclean-start]
[GC (Allocation Failure) [ParNew: 579625K->68096K(613440K), 0.0845879 secs] 1780116K->1314574K(2010624K), 0.0846393 secs] [Times: user=0.34 sys=0.00, real=0.08 secs] 
[CMS-concurrent-abortable-preclean: 0.788/1.582 secs] [Times: user=2.70 sys=0.00, real=1.58 secs] 
[GC (CMS Final Remark) [YG occupancy: 396848 K (613440 K)][Rescan (parallel) , 0.1118844 secs][weak refs processing, 0.0000199 secs][class unloading, 0.0052006 secs][scrub symbol table, 0.0011016 secs][scrub string table, 0.0003522 secs][1 CMS-remark: 1246478K(1397184K)] 1643327K(2010624K), 0.1193716 secs] [Times: user=0.41 sys=0.00, real=0.11 secs] 
[CMS-concurrent-sweep-start]
[GC (Allocation Failure) [ParNew: 613440K->26396K(613440K), 0.0396417 secs] 1649954K->1123732K(2010624K), 0.0396917 secs] [Times: user=0.13 sys=0.00, real=0.03 secs] 
[CMS-concurrent-sweep: 0.692/0.731 secs] [Times: user=1.64 sys=0.00, real=0.74 secs] 
[CMS-concurrent-reset-start]
[CMS-concurrent-reset: 0.002/0.002 secs] [Times: user=0.05 sys=0.00, real=0.00 secs] 
[GC (Allocation Failure) [ParNew: 571740K->68096K(613440K), 0.0797761 secs] 1324358K->863728K(2010624K), 0.0798249 secs] [Times: user=0.34 sys=0.00, real=0.08 secs] 
[GC (Allocation Failure) [ParNew: 613440K->41045K(613440K), 0.0361708 secs] 1409072K->900208K(2010624K), 0.0363324 secs] [Times: user=0.12 sys=0.00, real=0.03 secs] 
[GC (Allocation Failure) [ParNew (0: promotion failure size = 2779)  (1: promotion failure size = 2779)  (2: promotion failure size = 2779)  (3: promotion failure size = 2779)  (4: promotion failure size = 2779)  (5: promotion failure size = 2779)  (6: promotion failure size = 2779)  (7: promotion failure size = 2779)  (promotion failed): 586389K->613440K(613440K), 0.3987516 secs][CMS: 899883K->753321K(1397184K), 2.0732019 secs] 1445552K->753321K(2010624K), [Metaspace: 9978K->9978K(10240K)], 2.4720549 secs] [Times: user=2.65 sys=0.05, real=2.46 secs] 

*** PauseDetector detected a 2466 ms pause at Fri Dec 19 17:39:06 EET 2014 ***

[GC (Allocation Failure) [ParNew: 545344K->27372K(613440K), 0.0069213 secs] 1298665K->780693K(2010624K), 0.0069701 secs] [Times: user=0.00 sys=0.00, real=0.01 secs] 
[GC (Allocation Failure) [ParNew: 572716K->68096K(613440K), 0.0668907 secs] 1326037K->865368K(2010624K), 0.0669375 secs] [Times: user=0.22 sys=0.00, real=0.06 secs] 
[GC (Allocation Failure) [ParNew: 613440K->27148K(613440K), 0.0346182 secs] 1410712K->887832K(2010624K), 0.0346669 secs] [Times: user=0.14 sys=0.00, real=0.03 secs] 
[Full GC (System.gc()) [CMS: 860684K->749932K(1397184K), 1.6344134 secs] 1151065K->749932K(2010624K), [Metaspace: 9978K->9978K(10240K)], 1.6346418 secs] [Times: user=1.62 sys=0.00, real=1.63 secs] 
[Full GC (System.gc()) [CMS: 749932K->749933K(1397184K), 1.3342213 secs] 760846K->749933K(2010624K), [Metaspace: 9978K->9978K(10240K)]
*** PauseDetector detected a 1627 ms pause at Fri Dec 19 17:39:12 EET 2014 ***

, 1.3345344 secs] [Times: user=1.34 sys=0.00, real=1.34 secs] 
[Full GC (System.gc()) [CMS: 749933K->749936K(1397184K), 1.3561529 secs] 760847K->749936K(2010624K), [Metaspace: 9978K->9978K(10240K)]
*** PauseDetector detected a 2692 ms pause at Fri Dec 19 17:39:15 EET 2014 ***

, 1.3563428 secs] [Times: user=1.36 sys=0.00, real=1.35 secs] 
[GC (Allocation Failure) [ParNew: 545344K->7516K(613440K), 0.0069964 secs] 1295280K->757452K(2010624K), 0.0070407 secs] [Times: user=0.00 sys=0.00, real=0.01 secs] 
[GC (Allocation Failure) [ParNew: 552860K->68096K(613440K), 0.0709410 secs] 1302796K->860802K(2010624K), 0.0710026 secs] [Times: user=0.28 sys=0.00, real=0.07 secs] 
[GC (Allocation Failure) [ParNew: 613440K->26550K(613440K), 0.0384432 secs] 1406146K->883238K(2010624K), 0.0386177 secs] [Times: user=0.13 sys=0.00, real=0.03 secs] 
[GC (Allocation Failure) [ParNew: 571894K->68096K(613440K), 0.0704393 secs] 1428582K->969105K(2010624K), 0.0705086 secs] [Times: user=0.25 sys=0.00, real=0.06 secs] 
[GC (Allocation Failure) [ParNew: 613440K->26291K(613440K), 0.0426654 secs] 1514449K->987988K(2010624K), 0.0427283 secs] [Times: user=0.13 sys=0.00, real=0.04 secs] 
[GC (Allocation Failure) [ParNew: 571635K->68096K(613440K), 0.0611467 secs] 1533332K->1072381K(2010624K), 0.0611986 secs] [Times: user=0.22 sys=0.00, real=0.06 secs] 
[Full GC (System.gc()) [CMS: 1004285K->750716K(1397184K), 1.5061110 secs] 1410661K->750716K(2010624K), [Metaspace: 9978K->9978K(10240K)], 1.5063619 secs] [Times: user=1.50 sys=0.00, real=1.50 secs] 
[Full GC (System.gc()) [CMS: 750716K->750717K(1397184K), 1.3163078 secs] 761628K->750717K(2010624K), [Metaspace: 9978K->9978K(10240K)], 1.3164740 secs] [Times: user=1.31 sys=0.00, real=1.31 secs] 
[Full GC (System.gc()) [CMS: 750717K->750639K(1397184K), 1.3038356 secs] 750717K->750639K(2010624K), [Metaspace: 9978K->9978K(10240K)]
*** PauseDetector detected a 1508 ms pause at Fri Dec 19 17:39:27 EET 2014 ***

, 1.3040634 secs] [Times: user=1.31 sys=0.00, real=1.31 secs] 
********************************
********** ROUND   43 **********
********************************

*** PauseDetector detected a 2630 ms pause at Fri Dec 19 17:39:29 EET 2014 ***

[GC (Allocation Failure) [ParNew: 545344K->68096K(613440K), 0.0567044 secs] 1295983K->860187K(2010624K), 0.0567557 secs] [Times: user=0.22 sys=0.00, real=0.05 secs] 
[GC (Allocation Failure) [ParNew: 613440K->32242K(613440K), 0.0317112 secs] 1405531K->888244K(2010624K), 0.0317567 secs] [Times: user=0.06 sys=0.00, real=0.03 secs] 
[GC (Allocation Failure) [ParNew: 577586K->68096K(613440K), 0.0578477 secs] 1433588K->967347K(2010624K), 0.0578965 secs] [Times: user=0.19 sys=0.00, real=0.06 secs] 
[GC (Allocation Failure) [ParNew: 613440K->13425K(613440K), 0.0318844 secs] 1512691K->974116K(2010624K), 0.0319319 secs] [Times: user=0.13 sys=0.00, real=0.03 secs] 
[GC (Allocation Failure) [ParNew: 558769K->68096K(613440K), 0.0561559 secs] 1519460K->1071241K(2010624K), 0.0562187 secs] [Times: user=0.28 sys=0.00, real=0.06 secs] 
[GC (Allocation Failure) [ParNew: 613440K->26818K(613440K), 0.0296626 secs] 1616585K->1091745K(2010624K), 0.0297159 secs] [Times: user=0.06 sys=0.00, real=0.03 secs] 
[GC (Allocation Failure) [ParNew: 572162K->68096K(613440K), 0.0554225 secs] 1637089K->1175103K(2010624K), 0.0554758 secs] [Times: user=0.19 sys=0.00, real=0.05 secs] 
[GC (Allocation Failure) [ParNew: 613440K->33550K(613440K), 0.0286130 secs] 1720447K->1202556K(2010624K), 0.0287388 secs] [Times: user=0.06 sys=0.00, real=0.02 secs] 
[GC (CMS Initial Mark) [1 CMS-initial-mark: 1169006K(1397184K)] 1213468K(2010624K), 0.0035505 secs] [Times: user=0.00 sys=0.02, real=0.01 secs] 
[CMS-concurrent-mark-start]
[CMS-concurrent-mark: 1.163/1.163 secs] [Times: user=3.71 sys=0.00, real=1.16 secs] 
[CMS-concurrent-preclean-start]
[CMS-concurrent-preclean: 0.068/0.072 secs] [Times: user=0.16 sys=0.00, real=0.07 secs] 
[CMS-concurrent-abortable-preclean-start]
[GC (Allocation Failure) [ParNew[CMS-concurrent-abortable-preclean: 0.066/0.370 secs] [Times: user=0.58 sys=0.00, real=0.37 secs] 
: 578894K->68096K(613440K), 0.0571946 secs] 1747900K->1279409K(2010624K), 0.0572459 secs] [Times: user=0.26 sys=0.00, real=0.06 secs] 
[GC (CMS Final Remark) [YG occupancy: 68098 K (613440 K)][Rescan (parallel) , 0.0270713 secs][weak refs processing, 0.0000148 secs][class unloading, 0.0056125 secs][scrub symbol table, 0.0011324 secs][scrub string table, 0.0003618 secs][1 CMS-remark: 1211313K(1397184K)] 1279411K(2010624K), 0.0350442 secs] [Times: user=0.16 sys=0.00, real=0.03 secs] 
[CMS-concurrent-sweep-start]
[CMS-concurrent-sweep: 0.564/0.564 secs] [Times: user=1.11 sys=0.00, real=0.57 secs] 
[CMS-concurrent-reset-start]
[CMS-concurrent-reset: 0.003/0.003 secs] [Times: user=0.03 sys=0.00, real=0.00 secs] 
[GC (Allocation Failure) [ParNew: 613440K->40031K(613440K), 0.0298679 secs] 1299843K->788084K(2010624K), 0.0299212 secs] [Times: user=0.13 sys=0.00, real=0.03 secs] 
[GC (Allocation Failure) [ParNew: 585375K->68096K(613440K), 0.0544153 secs] 1333428K->858540K(2010624K), 0.0544615 secs] [Times: user=0.22 sys=0.00, real=0.05 secs] 
[GC (Allocation Failure) [ParNew: 613440K->26616K(613440K), 0.0291192 secs] 1403884K->878609K(2010624K), 0.0291795 secs] [Times: user=0.08 sys=0.00, real=0.02 secs] 
[GC (Allocation Failure) [ParNew: 571960K->68096K(613440K), 0.0583828 secs] 1423953K->959969K(2010624K), 0.0584347 secs] [Times: user=0.17 sys=0.00, real=0.05 secs] 
[GC (Allocation Failure) [ParNew: 613440K->20531K(613440K), 0.1340906 secs] 1505313K->975833K(2010624K), 0.1341381 secs] [Times: user=0.22 sys=0.01, real=0.13 secs] 
[GC (Allocation Failure) [ParNew (0: promotion failure size = 1237)  (1: promotion failure size = 105)  (2: promotion failure size = 1237)  (3: promotion failure size = 105)  (4: promotion failure size = 1237)  (5: promotion failure size = 1237)  (6: promotion failure size = 1237)  (7: promotion failure size = 1237)  (promotion failed): 565875K->613440K(613440K), 2.0736356 secs][CMS: 961699K->750430K(1397184K), 1.5781856 secs] 1521177K->750430K(2010624K), [Metaspace: 9978K->9978K(10240K)], 3.6519175 secs] [Times: user=3.78 sys=1.22, real=3.65 secs] 

*** PauseDetector detected a 3649 ms pause at Fri Dec 19 17:39:55 EET 2014 ***

[GC (Allocation Failure) [ParNew: 545344K->27422K(613440K), 0.0069617 secs] 1295774K->777853K(2010624K), 0.0070092 secs] [Times: user=0.00 sys=0.00, real=0.01 secs] 
[GC (Allocation Failure) [ParNew: 572766K->68096K(613440K), 0.0494597 secs] 1323197K->858845K(2010624K), 0.0495072 secs] [Times: user=0.13 sys=0.00, real=0.04 secs] 
[GC (Allocation Failure) [ParNew: 613440K->34199K(613440K), 0.0313981 secs] 1404189K->888469K(2010624K), 0.0315533 secs] [Times: user=0.13 sys=0.00, real=0.03 secs] 
[GC (Allocation Failure) [ParNew: 579543K->68096K(613440K), 0.0505087 secs] 1433813K->965934K(2010624K), 0.0506576 secs] [Times: user=0.20 sys=0.00, real=0.05 secs] 
[GC (Allocation Failure) [ParNew: 613440K->25930K(613440K), 0.0265741 secs] 1511278K->983537K(2010624K), 0.0266260 secs] [Times: user=0.06 sys=0.00, real=0.02 secs] 
[GC (Allocation Failure) [ParNew: 571274K->68096K(613440K), 0.1615289 secs] 1528881K->1093574K(2010624K), 0.1615758 secs] [Times: user=0.73 sys=0.00, real=0.16 secs] 
[GC (Allocation Failure) [ParNew: 613440K->40936K(613440K), 0.0844064 secs] 1638918K->1131159K(2010624K), 0.0844590 secs] [Times: user=0.36 sys=0.00, real=0.08 secs] 
[GC (Allocation Failure) [ParNew: 586280K->68096K(613440K), 0.1922219 secs] 1676503K->1215558K(2010624K), 0.1922854 secs] [Times: user=0.94 sys=0.00, real=0.19 secs] 
[GC (Allocation Failure) [ParNew: 613440K->27292K(613440K), 0.0685954 secs] 1760902K->1238704K(2010624K), 0.0686454 secs] [Times: user=0.22 sys=0.00, real=0.07 secs] 
[GC (CMS Initial Mark) [1 CMS-initial-mark: 1211412K(1397184K)] 1249616K(2010624K), 0.0039130 secs] [Times: user=0.00 sys=0.00, real=0.00 secs] 
[CMS-concurrent-mark-start]
[CMS-concurrent-mark: 1.284/1.284 secs] [Times: user=4.56 sys=0.00, real=1.29 secs] 
[CMS-concurrent-preclean-start]
[CMS-concurrent-preclean: 0.269/0.279 secs] [Times: user=0.55 sys=0.00, real=0.28 secs] 
[CMS-concurrent-abortable-preclean-start]
[GC (Allocation Failure) [ParNew[CMS-concurrent-abortable-preclean: 0.090/0.595 secs] [Times: user=1.00 sys=0.00, real=0.60 secs] 
: 572636K->68096K(613440K), 0.1663613 secs] 1784048K->1333865K(2010624K), 0.1664357 secs] [Times: user=0.76 sys=0.00, real=0.16 secs] 
[GC (CMS Final Remark) [YG occupancy: 79076 K (613440 K)][Rescan (parallel) , 0.0986782 secs][weak refs processing, 0.0000148 secs][class unloading, 0.0052141 secs][scrub symbol table, 0.0010573 secs][scrub string table, 0.0003522 secs][1 CMS-remark: 1265769K(1397184K)] 1344846K(2010624K), 0.1061218 secs] [Times: user=0.62 sys=0.00, real=0.12 secs] 
[CMS-concurrent-sweep-start]
[CMS-concurrent-sweep: 0.716/0.716 secs] [Times: user=1.44 sys=0.00, real=0.72 secs] 
[CMS-concurrent-reset-start]
[CMS-concurrent-reset: 0.003/0.003 secs] [Times: user=0.00 sys=0.00, real=0.00 secs] 
[GC (Allocation Failure) [ParNew: 613440K->13692K(613440K), 0.0629463 secs] 1315920K->779758K(2010624K), 0.0629963 secs] [Times: user=0.20 sys=0.00, real=0.06 secs] 
[GC (Allocation Failure) [ParNew: 559036K->68096K(613440K), 0.1413411 secs] 1325102K->884322K(2010624K), 0.1413905 secs] [Times: user=0.58 sys=0.00, real=0.14 secs] 
[GC (Allocation Failure) [ParNew: 613440K->27514K(613440K), 0.0616176 secs] 1429666K->909768K(2010624K), 0.0616676 secs] [Times: user=0.14 sys=0.00, real=0.06 secs] 
[GC (Allocation Failure) [ParNew: 572858K->68096K(613440K), 0.1277929 secs] 1455112K->999335K(2010624K), 0.1278404 secs] [Times: user=0.50 sys=0.00, real=0.12 secs] 
[GC (Allocation Failure) [ParNew (0: promotion failure size = 6249)  (1: promotion failure size = 6249)  (2: promotion failure size = 6249)  (3: promotion failure size = 6249)  (4: promotion failure size = 6249)  (5: promotion failure size = 6249)  (6: promotion failure size = 6249)  (7: promotion failure size = 6249)  (promotion failed): 613440K->572759K(613440K), 0.2197372 secs][CMS: 993108K->760815K(1397184K), 1.7305484 secs] 1544679K->760815K(2010624K), [Metaspace: 9978K->9978K(10240K)], 1.9503741 secs] [Times: user=2.09 sys=0.00, real=1.94 secs] 

*** PauseDetector detected a 1944 ms pause at Fri Dec 19 17:40:22 EET 2014 ***

[GC (Allocation Failure) [ParNew: 545344K->68096K(613440K), 0.1065882 secs] 1306159K->876786K(2010624K), 0.1066415 secs] [Times: user=0.44 sys=0.00, real=0.10 secs] 
[GC (Allocation Failure) [ParNew: 613440K->34286K(613440K), 0.0541266 secs] 1422130K->907432K(2010624K), 0.0541766 secs] [Times: user=0.22 sys=0.00, real=0.05 secs] 
[GC (Allocation Failure) [ParNew: 579630K->68096K(613440K), 0.1042760 secs] 1452776K->989373K(2010624K), 0.1043286 secs] [Times: user=0.42 sys=0.00, real=0.10 secs] 
[GC (Allocation Failure) [ParNew: 613440K->33339K(613440K), 0.0448397 secs] 1534717K->1016482K(2010624K), 0.0448904 secs] [Times: user=0.17 sys=0.00, real=0.04 secs] 
[GC (Allocation Failure) [ParNew: 578683K->68096K(613440K), 0.1060339 secs] 1561826K->1098292K(2010624K), 0.1060839 secs] [Times: user=0.41 sys=0.00, real=0.10 secs] 
[GC (Allocation Failure) [ParNew: 613440K->13332K(613440K), 0.0432012 secs] 1643636K->1105330K(2010624K), 0.0433192 secs] [Times: user=0.13 sys=0.00, real=0.03 secs] 
[GC (Allocation Failure) [ParNew: 558676K->68096K(613440K), 0.0895396 secs] 1650674K->1206008K(2010624K), 0.0895903 secs] [Times: user=0.36 sys=0.00, real=0.09 secs] 
[GC (Allocation Failure) [ParNew: 613440K->27048K(613440K), 0.0401158 secs] 1751352K->1227385K(2010624K), 0.0402653 secs] [Times: user=0.12 sys=0.00, real=0.03 secs] 
[GC (CMS Initial Mark) [1 CMS-initial-mark: 1200336K(1397184K)] 1238297K(2010624K), 0.0039187 secs] [Times: user=0.00 sys=0.00, real=0.01 secs] 
[CMS-concurrent-mark-start]
[CMS-concurrent-mark: 1.105/1.105 secs] [Times: user=3.68 sys=0.00, real=1.11 secs] 
[CMS-concurrent-preclean-start]
[CMS-concurrent-preclean: 0.127/0.136 secs] [Times: user=0.28 sys=0.00, real=0.14 secs] 
[CMS-concurrent-abortable-preclean-start]
[GC (Allocation Failure) [ParNew: 572392K->68096K(613440K), 0.0871337 secs] 1772729K->1311803K(2010624K), 0.0871844 secs] [Times: user=0.36 sys=0.00, real=0.08 secs] 
[CMS-concurrent-abortable-preclean: 0.881/1.575 secs] [Times: user=2.73 sys=0.00, real=1.58 secs] 
[GC (CMS Final Remark) [YG occupancy: 506332 K (613440 K)][Rescan (parallel) , 0.0980559 secs][weak refs processing, 0.0000154 secs][class unloading, 0.0057145 secs][scrub symbol table, 0.0010657 secs][scrub string table, 0.0003541 secs][1 CMS-remark: 1243707K(1397184K)] 1750039K(2010624K), 0.1060358 secs] [Times: user=0.52 sys=0.00, real=0.11 secs] 
[CMS-concurrent-sweep-start]
[GC (Allocation Failure) [ParNew: 613440K->34253K(613440K), 0.0439236 secs] 1857147K->1341399K(2010624K), 0.0440788 secs] [Times: user=0.19 sys=0.00, real=0.04 secs] 
[CMS-concurrent-sweep: 0.690/0.734 secs] [Times: user=1.87 sys=0.00, real=0.73 secs] 
[CMS-concurrent-reset-start]
[CMS-concurrent-reset: 0.002/0.002 secs] [Times: user=0.00 sys=0.00, real=0.00 secs] 
[GC (Allocation Failure) [ParNew: 579597K->68096K(613440K), 0.0782543 secs] 1332020K->863544K(2010624K), 0.0783011 secs] [Times: user=0.30 sys=0.00, real=0.07 secs] 
[GC (Allocation Failure) [ParNew: 613440K->27382K(613440K), 0.0375450 secs] 1408888K->886293K(2010624K), 0.0376092 secs] [Times: user=0.13 sys=0.00, real=0.03 secs] 
[GC (Allocation Failure) [ParNew (0: promotion failure size = 2779)  (1: promotion failure size = 2779)  (2: promotion failure size = 2779)  (3: promotion failure size = 2779)  (4: promotion failure size = 2779)  (5: promotion failure size = 2779)  (6: promotion failure size = 2779)  (7: promotion failure size = 2779)  (promotion failed): 572726K->613440K(613440K), 1.1831070 secs][CMS: 889270K->753335K(1397184K), 1.7687119 secs] 1431637K->753335K(2010624K), [Metaspace: 9978K->9978K(10240K)], 2.9518895 secs]
*** PauseDetector detected a 2955 ms pause at Fri Dec 19 17:40:45 EET 2014 ***

 [Times: user=3.12 sys=0.19, real=2.95 secs] 
[GC (Allocation Failure) [ParNew: 545344K->27418K(613440K), 0.0068649 secs] 1298679K->780753K(2010624K), 0.0069098 secs] [Times: user=0.00 sys=0.00, real=0.01 secs] 
[GC (Allocation Failure) [ParNew: 572762K->68096K(613440K), 0.0683817 secs] 1326097K->868048K(2010624K), 0.0684279 secs] [Times: user=0.25 sys=0.00, real=0.07 secs] 
[GC (Allocation Failure) [ParNew: 613440K->39238K(613440K), 0.0328660 secs] 1413392K->899715K(2010624K), 0.0329173 secs] [Times: user=0.16 sys=0.00, real=0.03 secs] 
[Full GC (System.gc()) [CMS: 860476K->751925K(1397184K), 1.4774942 secs] 1349462K->751925K(2010624K), [Metaspace: 9978K->9978K(10240K)]
*** PauseDetector detected a 1482 ms pause at Fri Dec 19 17:40:52 EET 2014 ***
, 1.4777161 secs] [Times: user=1.47 sys=0.00, real=1.48 secs] 
[Full GC (System.gc()) [CMS: 751925K->751847K(1397184K), 1.3384165 secs] 762815K->751847K(2010624K), [Metaspace: 9978K->9978K(10240K)], 1.3386135 secs] [Times: user=1.34 sys=0.00, real=1.34 secs] 
[Full GC (System.gc()) [CMS: 751847K->748397K(1397184K), 1.3045311 secs] 762737K->748397K(2010624K), [Metaspace: 9978K->9978K(10240K)]
, 1.3047197 secs] [Times: user=1.31 sys=0.00, real=1.31 secs] 

*** PauseDetector detected a 2653 ms pause at Fri Dec 19 17:40:55 EET 2014 ***

[GC (Allocation Failure) [ParNew: 545344K->7286K(613440K), 0.0066891 secs] 1293741K->755684K(2010624K), 0.0067359 secs] [Times: user=0.00 sys=0.00, real=0.01 secs] 
[GC (Allocation Failure) [ParNew: 552630K->68096K(613440K), 0.0744607 secs] 1301028K->865835K(2010624K), 0.0745229 secs] [Times: user=0.26 sys=0.00, real=0.07 secs] 
[GC (Allocation Failure) [ParNew: 613440K->32671K(613440K), 0.0481881 secs] 1411179K->893333K(2010624K), 0.0482613 secs] [Times: user=0.12 sys=0.00, real=0.04 secs] 
[GC (Allocation Failure) [ParNew: 578015K->68096K(613440K), 0.0677402 secs] 1438677K->971928K(2010624K), 0.0678017 secs] [Times: user=0.28 sys=0.00, real=0.07 secs] 
[GC (Allocation Failure) [ParNew: 613440K->33303K(613440K), 0.0380993 secs] 1517272K->999077K(2010624K), 0.0381603 secs] [Times: user=0.11 sys=0.00, real=0.03 secs] 
[GC (Allocation Failure) [ParNew: 578647K->68096K(613440K), 0.0620090 secs] 1544421K->1076215K(2010624K), 0.0620641 secs] [Times: user=0.20 sys=0.00, real=0.06 secs] 
[Full GC (System.gc()) [CMS: 1008119K->751187K(1397184K), 1.4647306 secs] 1459983K->751187K(2010624K), [Metaspace: 9978K->9978K(10240K)], 1.4649796 secs] [Times: user=1.45 sys=0.00, real=1.46 secs] 
[Full GC (System.gc()) [CMS: 751187K->751187K(1397184K), 1.2764499 secs] 751189K->751187K(2010624K), [Metaspace: 9978K->9978K(10240K)], 1.2766174 secs] [Times: user=1.28 sys=0.00, real=1.28 secs] 
[Full GC (System.gc()) [CMS: 751187K->751109K(1397184K), 1.2712063 secs] 751189K->751109K(2010624K), [Metaspace: 9978K->9978K(10240K)]
*** PauseDetector detected a 1457 ms pause at Fri Dec 19 17:41:06 EET 2014 ***

, 1.2713802 secs] [Times: user=1.26 sys=0.00, real=1.27 secs] 
********************************
********** ROUND   44 **********
********************************

*** PauseDetector detected a 2558 ms pause at Fri Dec 19 17:41:09 EET 2014 ***

[GC (Allocation Failure) [ParNew: 545344K->68096K(613440K), 0.0588800 secs] 1296453K->867952K(2010624K), 0.0589320 secs] [Times: user=0.23 sys=0.00, real=0.06 secs] 
[GC (Allocation Failure) [ParNew: 613440K->29561K(613440K), 0.0284680 secs] 1413296K->886045K(2010624K), 0.0285450 secs] [Times: user=0.08 sys=0.00, real=0.03 secs] 
[GC (Allocation Failure) [ParNew: 574905K->68096K(613440K), 0.0575186 secs] 1431389K->966836K(2010624K), 0.0575628 secs] [Times: user=0.19 sys=0.00, real=0.05 secs] 
[GC (Allocation Failure) [ParNew: 613440K->33789K(613440K), 0.0299423 secs] 1512180K->994933K(2010624K), 0.0300598 secs] [Times: user=0.06 sys=0.00, real=0.03 secs] 
[GC (Allocation Failure) [ParNew: 579133K->68096K(613440K), 0.0575660 secs] 1540277K->1069949K(2010624K), 0.0576270 secs] [Times: user=0.22 sys=0.00, real=0.05 secs] 
[GC (Allocation Failure) [ParNew: 613440K->47876K(613440K), 0.0301406 secs] 1615293K->1113192K(2010624K), 0.0301926 secs] [Times: user=0.08 sys=0.00, real=0.03 secs] 
[GC (Allocation Failure) [ParNew: 593220K->68096K(613440K), 0.0572202 secs] 1658536K->1175195K(2010624K), 0.0573428 secs] [Times: user=0.25 sys=0.00, real=0.06 secs] 
[GC (Allocation Failure) [ParNew: 613440K->20210K(613440K), 0.0298134 secs] 1720539K->1189644K(2010624K), 0.0299706 secs] [Times: user=0.06 sys=0.00, real=0.03 secs] 
[GC (CMS Initial Mark) [1 CMS-initial-mark: 1169433K(1397184K)] 1189644K(2010624K), 0.0039200 secs] [Times: user=0.00 sys=0.00, real=0.00 secs] 
[CMS-concurrent-mark-start]
[CMS-concurrent-mark: 1.124/1.124 secs] [Times: user=3.63 sys=0.00, real=1.13 secs] 
[CMS-concurrent-preclean-start]
[CMS-concurrent-preclean: 0.071/0.076 secs] [Times: user=0.16 sys=0.00, real=0.08 secs] 
[CMS-concurrent-abortable-preclean-start]
[GC (Allocation Failure) [ParNew[CMS-concurrent-abortable-preclean: 0.060/0.367 secs] [Times: user=0.56 sys=0.00, real=0.37 secs] 
: 565554K->68096K(613440K), 0.0578708 secs] 1734988K->1278426K(2010624K), 0.0579208 secs] [Times: user=0.20 sys=0.00, real=0.06 secs] 
[GC (CMS Final Remark) [YG occupancy: 79042 K (613440 K)][Rescan (parallel) , 0.0267075 secs][weak refs processing, 0.0000154 secs][class unloading, 0.0054162 secs][scrub symbol table, 0.0011330 secs][scrub string table, 0.0003638 secs][1 CMS-remark: 1210330K(1397184K)] 1289372K(2010624K), 0.0344911 secs] [Times: user=0.08 sys=0.00, real=0.03 secs] 
[CMS-concurrent-sweep-start]
[CMS-concurrent-sweep: 0.580/0.580 secs] [Times: user=1.15 sys=0.00, real=0.59 secs] 
[CMS-concurrent-reset-start]
[CMS-concurrent-reset: 0.003/0.003 secs] [Times: user=0.00 sys=0.00, real=0.00 secs] 
[GC (Allocation Failure) [ParNew: 613440K->27257K(613440K), 0.0304723 secs] 1298389K->775295K(2010624K), 0.0305230 secs] [Times: user=0.13 sys=0.00, real=0.03 secs] 
[GC (Allocation Failure) [ParNew: 572601K->68096K(613440K), 0.0569270 secs] 1320639K->858156K(2010624K), 0.0569739 secs] [Times: user=0.20 sys=0.00, real=0.05 secs] 
[GC (Allocation Failure) [ParNew: 613440K->26816K(613440K), 0.0296511 secs] 1403500K->878727K(2010624K), 0.0297743 secs] [Times: user=0.13 sys=0.00, real=0.03 secs] 
[GC (Allocation Failure) [ParNew: 572160K->68096K(613440K), 0.0638997 secs] 1424071K->959920K(2010624K), 0.0639523 secs] [Times: user=0.20 sys=0.00, real=0.06 secs] 
[GC (Allocation Failure) [ParNew (5: promotion failure size = 1237)  (promotion failed): 613440K->586427K(613440K), 0.2329023 secs][CMS: 955211K->751706K(1397184K), 1.7284466 secs] 1505264K->751706K(2010624K), [Metaspace: 9978K->9978K(10240K)], 1.9615330 secs] [Times: user=2.04 sys=0.00, real=1.96 secs] 

*** PauseDetector detected a 1959 ms pause at Fri Dec 19 17:41:31 EET 2014 ***

[GC (Allocation Failure) [ParNew: 545344K->68096K(613440K), 0.0511362 secs] 1297050K->860707K(2010624K), 0.0511836 secs] [Times: user=0.19 sys=0.00, real=0.05 secs] 
[GC (Allocation Failure) [ParNew: 613440K->27125K(613440K), 0.0289043 secs] 1406051K->882751K(2010624K), 0.0289511 secs] [Times: user=0.13 sys=0.00, real=0.03 secs] 
[GC (Allocation Failure) [ParNew: 572469K->68096K(613440K), 0.0506704 secs] 1428095K->964560K(2010624K), 0.0507204 secs] [Times: user=0.22 sys=0.00, real=0.05 secs] 
[GC (Allocation Failure) [ParNew: 613440K->27067K(613440K), 0.0279522 secs] 1509904K->986128K(2010624K), 0.0281100 secs] [Times: user=0.06 sys=0.00, real=0.03 secs] 
[GC (Allocation Failure) [ParNew: 572411K->68096K(613440K), 0.0529416 secs] 1531472K->1066852K(2010624K), 0.0529903 secs] [Times: user=0.20 sys=0.00, real=0.05 secs] 
[GC (Allocation Failure) [ParNew: 613440K->27403K(613440K), 0.0318260 secs] 1612196K->1089695K(2010624K), 0.0318799 secs] [Times: user=0.06 sys=0.00, real=0.03 secs] 
[GC (Allocation Failure) [ParNew: 572747K->68096K(613440K), 0.1782561 secs] 1635039K->1198075K(2010624K), 0.1783158 secs] [Times: user=0.73 sys=0.00, real=0.18 secs] 
[GC (CMS Initial Mark) [1 CMS-initial-mark: 1129979K(1397184K)] 1209019K(2010624K), 0.0164885 secs] [Times: user=0.00 sys=0.00, real=0.01 secs] 
[CMS-concurrent-mark-start]
[CMS-concurrent-mark: 1.313/1.313 secs] [Times: user=4.09 sys=0.00, real=1.32 secs] 
[CMS-concurrent-preclean-start]
[CMS-concurrent-preclean: 0.005/0.005 secs] [Times: user=0.00 sys=0.00, real=0.01 secs] 
[CMS-concurrent-abortable-preclean-start]
[GC (Allocation Failure) [ParNew: 613440K->34268K(613440K), 0.0774966 secs] 1743419K->1229062K(2010624K), 0.0775479 secs] [Times: user=0.47 sys=0.00, real=0.08 secs] 
[CMS-concurrent-abortable-preclean: 0.935/1.715 secs] [Times: user=3.82 sys=0.00, real=1.72 secs] 
[GC (CMS Final Remark) [YG occupancy: 398698 K (613440 K)][Rescan (parallel) , 0.0810593 secs][weak refs processing, 0.0000167 secs][class unloading, 0.0053803 secs][scrub symbol table, 0.0012068 secs][scrub string table, 0.0003529 secs][1 CMS-remark: 1194793K(1397184K)] 1593492K(2010624K), 0.0888358 secs] [Times: user=0.36 sys=0.00, real=0.09 secs] 
[CMS-concurrent-sweep-start]
[GC (Allocation Failure) [ParNew: 579612K->68096K(613440K), 0.1810739 secs] 1657731K->1203054K(2010624K), 0.1811252 secs] [Times: user=1.11 sys=0.00, real=0.18 secs] 
[CMS-concurrent-sweep: 0.556/0.737 secs] [Times: user=2.22 sys=0.00, real=0.74 secs] 
[CMS-concurrent-reset-start]
[CMS-concurrent-reset: 0.003/0.003 secs] [Times: user=0.00 sys=0.00, real=0.00 secs] 
[GC (Allocation Failure) [ParNew: 613440K->20526K(613440K), 0.0662395 secs] 1445155K->915912K(2010624K), 0.0662883 secs] [Times: user=0.23 sys=0.00, real=0.06 secs] 
[GC (Allocation Failure) [ParNew: 565870K->68096K(613440K), 0.1575980 secs] 1461256K->1017700K(2010624K), 0.1576468 secs] [Times: user=0.76 sys=0.00, real=0.16 secs] 
[GC (Allocation Failure) [ParNew: 613440K->47996K(613440K), 0.0807237 secs] 1563044K->1061428K(2010624K), 0.0807699 secs] [Times: user=0.33 sys=0.00, real=0.08 secs] 
[GC (Allocation Failure) [ParNew: 593340K->68096K(613440K), 0.1456647 secs] 1606772K->1131704K(2010624K), 0.1457231 secs] [Times: user=0.59 sys=0.00, real=0.14 secs] 
[GC (Allocation Failure) [ParNew (0: promotion failure size = 6249)  (1: promotion failure size = 6249)  (2: promotion failure size = 6249)  (3: promotion failure size = 6249)  (4: promotion failure size = 6249)  (5: promotion failure size = 6249)  (6: promotion failure size = 6249)  (7: promotion failure size = 6249)  (promotion failed): 613440K->572721K(613440K), 2.7819668 secs][CMS: 1118909K->762032K(1397184K), 1.9018177 secs] 1677048K->762032K(2010624K), [Metaspace: 9978K->9978K(10240K)], 4.6839648 secs] [Times: user=4.90 sys=0.59, real=4.68 secs] 

*** PauseDetector detected a 4679 ms pause at Fri Dec 19 17:41:58 EET 2014 ***

[GC (Allocation Failure) [ParNew: 545344K->68096K(613440K), 0.1214041 secs] 1307376K->882136K(2010624K), 0.1214587 secs] [Times: user=0.47 sys=0.00, real=0.11 secs] 
[GC (Allocation Failure) [ParNew: 613440K->47030K(613440K), 0.0585027 secs] 1427480K->927274K(2010624K), 0.0585573 secs] [Times: user=0.19 sys=0.00, real=0.06 secs] 
[GC (Allocation Failure) [ParNew: 592374K->68096K(613440K), 0.1163703 secs] 1472618K->998449K(2010624K), 0.1164216 secs] [Times: user=0.45 sys=0.00, real=0.11 secs] 
[GC (Allocation Failure) [ParNew: 613440K->32668K(613440K), 0.0520209 secs] 1543793K->1023371K(2010624K), 0.0521043 secs] [Times: user=0.14 sys=0.00, real=0.05 secs] 
[GC (Allocation Failure) [ParNew: 578012K->68096K(613440K), 0.1030493 secs] 1568715K->1105950K(2010624K), 0.1031025 secs] [Times: user=0.40 sys=0.00, real=0.10 secs] 
[GC (Allocation Failure) [ParNew: 613440K->20128K(613440K), 0.0457867 secs] 1651294K->1120252K(2010624K), 0.0458348 secs] [Times: user=0.14 sys=0.00, real=0.05 secs] 
[GC (Allocation Failure) [ParNew: 565472K->68096K(613440K), 0.0956519 secs] 1665596K->1213467K(2010624K), 0.0957032 secs] [Times: user=0.39 sys=0.00, real=0.09 secs] 
[GC (Allocation Failure) [ParNew: 613440K->47936K(613440K), 0.0559852 secs] 1758811K->1256800K(2010624K), 0.0560327 secs] [Times: user=0.20 sys=0.00, real=0.06 secs] 
[GC (CMS Initial Mark) [1 CMS-initial-mark: 1208864K(1397184K)] 1256802K(2010624K), 0.0032258 secs] [Times: user=0.00 sys=0.00, real=0.00 secs] 
[CMS-concurrent-mark-start]
[CMS-concurrent-mark: 1.150/1.150 secs] [Times: user=3.84 sys=0.00, real=1.15 secs] 
[CMS-concurrent-preclean-start]
[CMS-concurrent-preclean: 0.141/0.150 secs] [Times: user=0.28 sys=0.00, real=0.15 secs] 
[CMS-concurrent-abortable-preclean-start]
[GC (Allocation Failure) [ParNew: 593280K->68096K(613440K), 0.0917171 secs] 1802144K->1322260K(2010624K), 0.0917646 secs] [Times: user=0.37 sys=0.00, real=0.09 secs] 
[CMS-concurrent-abortable-preclean: 0.673/1.272 secs] [Times: user=2.31 sys=0.00, real=1.27 secs] 
[GC (CMS Final Remark) [YG occupancy: 387044 K (613440 K)][Rescan (parallel) , 0.0783942 secs][weak refs processing, 0.0000154 secs][class unloading, 0.0052911 secs][scrub symbol table, 0.0010548 secs][scrub string table, 0.0003503 secs][1 CMS-remark: 1254164K(1397184K)] 1641208K(2010624K), 0.0859096 secs] [Times: user=0.34 sys=0.00, real=0.08 secs] 
[CMS-concurrent-sweep-start]
[GC (Allocation Failure) [ParNew: 613440K->33997K(613440K), 0.0422760 secs] 1669042K->1152861K(2010624K), 0.0423280 secs] [Times: user=0.14 sys=0.00, real=0.04 secs] 
[CMS-concurrent-sweep: 0.729/0.771 secs] [Times: user=1.70 sys=0.00, real=0.78 secs] 
[CMS-concurrent-reset-start]
[CMS-concurrent-reset: 0.003/0.003 secs] [Times: user=0.00 sys=0.00, real=0.00 secs] 
[GC (Allocation Failure) [ParNew: 579341K->68096K(613440K), 0.0814205 secs] 1333414K->865547K(2010624K), 0.0814801 secs] [Times: user=0.31 sys=0.00, real=0.07 secs] 
[GC (Allocation Failure) [ParNew: 613440K->20521K(613440K), 0.0382071 secs] 1410891K->881432K(2010624K), 0.0383277 secs] [Times: user=0.12 sys=0.00, real=0.03 secs] 
[GC (Allocation Failure) [ParNew (0: promotion failure size = 2779)  (1: promotion failure size = 2779)  (2: promotion failure size = 2779)  (3: promotion failure size = 2779)  (4: promotion failure size = 2779)  (5: promotion failure size = 2779)  (6: promotion failure size = 2779)  (7: promotion failure size = 2779)  (promotion failed): 565865K->613440K(613440K), 0.3045176 secs][CMS: 903492K->753646K(1397184K), 1.7394971 secs] 1426776K->753646K(2010624K), [Metaspace: 9978K->9978K(10240K)], 2.0440949 secs] [Times: user=2.37 sys=0.00, real=2.04 secs] 

*** PauseDetector detected a 2044 ms pause at Fri Dec 19 17:42:21 EET 2014 ***

[GC (Allocation Failure) [ParNew: 545344K->27423K(613440K), 0.0066358 secs] 1298990K->781069K(2010624K), 0.0066859 secs] [Times: user=0.00 sys=0.00, real=0.01 secs] 
[GC (Allocation Failure) [ParNew: 572767K->68096K(613440K), 0.0703456 secs] 1326413K->867934K(2010624K), 0.0703905 secs] [Times: user=0.26 sys=0.00, real=0.07 secs] 
[GC (Allocation Failure) [ParNew: 613440K->26434K(613440K), 0.0358134 secs] 1413278K->887777K(2010624K), 0.0359700 secs] [Times: user=0.13 sys=0.00, real=0.03 secs] 
[GC (Allocation Failure) [ParNew: 571778K->68096K(613440K), 0.0687660 secs] 1433121K->974630K(2010624K), 0.0688141 secs] [Times: user=0.28 sys=0.00, real=0.07 secs] 
[GC (Allocation Failure) [ParNew: 613440K->32980K(613440K), 0.0382540 secs] 1519974K->1000656K(2010624K), 0.0383040 secs] [Times: user=0.08 sys=0.00, real=0.03 secs] 
[GC (Allocation Failure) [ParNew: 578324K->68096K(613440K), 0.0671878 secs] 1546000K->1079380K(2010624K), 0.0673045 secs] [Times: user=0.28 sys=0.00, real=0.06 secs] 
[Full GC (System.gc()) [CMS: 1011284K->753244K(1397184K), 1.6314672 secs] 1552633K->753244K(2010624K), [Metaspace: 9978K->9978K(10240K)], 1.6318137 secs] [Times: user=1.62 sys=0.00, real=1.63 secs] 
[Full GC (System.gc()) [CMS: 753244K->753244K(1397184K), 1.3601288 secs] 753246K->753244K(2010624K), [Metaspace: 9978K->9978K(10240K)], 1.3603001 secs] [Times: user=1.36 sys=0.00, real=1.36 secs] 
[Full GC (System.gc()) [CMS: 753244K->753247K(1397184K), 1.7206489 secs] 764156K->753247K(2010624K), [Metaspace: 9978K->9978K(10240K)]
*** PauseDetector detected a 1627 ms pause at Fri Dec 19 17:42:33 EET 2014 ***

, 1.7208824 secs] [Times: user=1.73 sys=0.00, real=1.72 secs] 

*** PauseDetector detected a 3094 ms pause at Fri Dec 19 17:42:36 EET 2014 ***

[GC (Allocation Failure) [ParNew: 545344K->68096K(613440K), 0.0796273 secs] 1298591K->868556K(2010624K), 0.0796901 secs] [Times: user=0.25 sys=0.00, real=0.07 secs] 
[GC (Allocation Failure) [ParNew: 613440K->22943K(613440K), 0.0406714 secs] 1413900K->882672K(2010624K), 0.0407330 secs] [Times: user=0.13 sys=0.00, real=0.03 secs] 
[GC (Allocation Failure) [ParNew: 568287K->68096K(613440K), 0.0689380 secs] 1428016K->972518K(2010624K), 0.0689996 secs] [Times: user=0.26 sys=0.00, real=0.07 secs] 
[GC (Allocation Failure) [ParNew: 613440K->33041K(613440K), 0.0441834 secs] 1517862K->997928K(2010624K), 0.0442322 secs] [Times: user=0.19 sys=0.00, real=0.04 secs] 
[GC (Allocation Failure) [ParNew: 578385K->68096K(613440K), 0.0773503 secs] 1543272K->1075380K(2010624K), 0.0774119 secs] [Times: user=0.25 sys=0.00, real=0.08 secs] 
[GC (Allocation Failure) [ParNew: 613440K->46981K(613440K), 0.0478167 secs] 1620724K->1118238K(2010624K), 0.0478776 secs] [Times: user=0.19 sys=0.00, real=0.04 secs] 
[Full GC (System.gc()) [CMS: 1071257K->748725K(1397184K), 1.5240193 secs] 1390992K->748725K(2010624K), [Metaspace: 9978K->9978K(10240K)], 1.5242715 secs] [Times: user=1.51 sys=0.00, real=1.52 secs] 
[Full GC (System.gc()) [CMS: 748725K->748647K(1397184K), 1.6382250 secs] 759636K->748647K(2010624K), [Metaspace: 9978K->9978K(10240K)], 1.6384514 secs] [Times: user=1.62 sys=0.00, real=1.63 secs] 
[Full GC (System.gc()) [CMS: 748647K->747023K(1397184K), 1.4301632 secs] 759556K->747023K(2010624K), [Metaspace: 9978K->9978K(10240K)]
*** PauseDetector detected a 1528 ms pause at Fri Dec 19 17:42:47 EET 2014 ***

, 1.4304711 secs] [Times: user=1.44 sys=0.00, real=1.43 secs] 
********************************
********** ROUND   45 **********
********************************

*** PauseDetector detected a 3073 ms pause at Fri Dec 19 17:42:50 EET 2014 ***

[GC (Allocation Failure) [ParNew: 545344K->7461K(613440K), 0.0068687 secs] 1292367K->754485K(2010624K), 0.0069162 secs] [Times: user=0.00 sys=0.00, real=0.01 secs] 
[GC (Allocation Failure) [ParNew: 552805K->68096K(613440K), 0.0587844 secs] 1299829K->862166K(2010624K), 0.0588319 secs] [Times: user=0.25 sys=0.00, real=0.06 secs] 
[GC (Allocation Failure) [ParNew: 613440K->19828K(613440K), 0.0334967 secs] 1407510K->877633K(2010624K), 0.0335461 secs] [Times: user=0.12 sys=0.00, real=0.03 secs] 
[GC (Allocation Failure) [ParNew: 565172K->68096K(613440K), 0.0551576 secs] 1422977K->967789K(2010624K), 0.0552070 secs] [Times: user=0.19 sys=0.00, real=0.05 secs] 
[GC (Allocation Failure) [ParNew: 613440K->26961K(613440K), 0.0323290 secs] 1513133K->989214K(2010624K), 0.0323701 secs] [Times: user=0.11 sys=0.00, real=0.03 secs] 
[GC (Allocation Failure) [ParNew: 572305K->68096K(613440K), 0.0539758 secs] 1534558K->1072332K(2010624K), 0.0540239 secs] [Times: user=0.22 sys=0.00, real=0.05 secs] 
[GC (Allocation Failure) [ParNew: 613440K->26907K(613440K), 0.0286797 secs] 1617676K->1093387K(2010624K), 0.0288337 secs] [Times: user=0.13 sys=0.00, real=0.03 secs] 
[GC (Allocation Failure) [ParNew: 572251K->68096K(613440K), 0.0515173 secs] 1638731K->1176351K(2010624K), 0.0515705 secs] [Times: user=0.23 sys=0.00, real=0.05 secs] 
[GC (Allocation Failure) [ParNew: 613440K->26938K(613440K), 0.0282056 secs] 1721695K->1197780K(2010624K), 0.0283237 secs] [Times: user=0.08 sys=0.00, real=0.03 secs] 
[GC (CMS Initial Mark) [1 CMS-initial-mark: 1170842K(1397184K)] 1197854K(2010624K), 0.0027562 secs] [Times: user=0.00 sys=0.00, real=0.00 secs] 
[CMS-concurrent-mark-start]
[CMS-concurrent-mark: 1.193/1.193 secs] [Times: user=3.81 sys=0.00, real=1.20 secs] 
[CMS-concurrent-preclean-start]
[CMS-concurrent-preclean: 0.067/0.072 secs] [Times: user=0.16 sys=0.00, real=0.07 secs] 
[CMS-concurrent-abortable-preclean-start]
[GC (Allocation Failure) [ParNew[CMS-concurrent-abortable-preclean: 0.055/0.373 secs] [Times: user=0.51 sys=0.00, real=0.37 secs] 
: 572282K->68096K(613440K), 0.0544563 secs] 1743124K->1279835K(2010624K), 0.0545038 secs] [Times: user=0.19 sys=0.00, real=0.05 secs] 
[GC (CMS Final Remark) [YG occupancy: 79006 K (613440 K)][Rescan (parallel) , 0.0242208 secs][weak refs processing, 0.0000154 secs][class unloading, 0.0053071 secs][scrub symbol table, 0.0010785 secs][scrub string table, 0.0003484 secs][1 CMS-remark: 1211739K(1397184K)] 1290746K(2010624K), 0.0317747 secs] [Times: user=0.19 sys=0.00, real=0.03 secs] 
[CMS-concurrent-sweep-start]
[CMS-concurrent-sweep: 0.537/0.537 secs] [Times: user=1.09 sys=0.00, real=0.54 secs] 
[CMS-concurrent-reset-start]
[CMS-concurrent-reset: 0.003/0.003 secs] [Times: user=0.00 sys=0.00, real=0.00 secs] 
[GC (Allocation Failure) [ParNew: 613440K->40835K(613440K), 0.0288671 secs] 1298374K->788786K(2010624K), 0.0289113 secs] [Times: user=0.06 sys=0.00, real=0.03 secs] 
[GC (Allocation Failure) [ParNew: 586179K->68096K(613440K), 0.0513549 secs] 1334130K->857587K(2010624K), 0.0514640 secs] [Times: user=0.23 sys=0.00, real=0.05 secs] 
[GC (Allocation Failure) [ParNew: 613440K->26761K(613440K), 0.0281081 secs] 1402931K->878022K(2010624K), 0.0281556 secs] [Times: user=0.06 sys=0.00, real=0.02 secs] 
[GC (Allocation Failure) [ParNew: 572105K->68096K(613440K), 0.0686114 secs] 1423366K->959221K(2010624K), 0.0686582 secs] [Times: user=0.20 sys=0.00, real=0.06 secs] 
[GC (Allocation Failure) [ParNew: 613440K->27384K(613440K), 0.1281092 secs] 1504565K->981908K(2010624K), 0.1281586 secs] [Times: user=0.17 sys=0.02, real=0.12 secs] 
[GC (Allocation Failure) [ParNew (0: promotion failure size = 109)  (1: promotion failure size = 109)  (2: promotion failure size = 109)  (3: promotion failure size = 1237)  (4: promotion failure size = 109)  (5: promotion failure size = 109)  (6: promotion failure size = 109)  (7: promotion failure size = 109)  (promotion failed): 572728K->613438K(613440K), 0.5501943 secs][CMS: 985201K->750433K(1397184K), 1.8077980 secs] 1527252K->750433K(2010624K), [Metaspace: 9979K->9979K(10240K)], 2.3580866 secs] [Times: user=2.50 sys=0.09, real=2.35 secs] 

*** PauseDetector detected a 2354 ms pause at Fri Dec 19 17:43:17 EET 2014 ***

[GC (Allocation Failure) [ParNew: 545344K->27420K(613440K), 0.0069617 secs] 1295777K->777853K(2010624K), 0.0070092 secs] [Times: user=0.00 sys=0.00, real=0.01 secs] 
[GC (Allocation Failure) [ParNew: 572764K->68096K(613440K), 0.0502752 secs] 1323197K->859711K(2010624K), 0.0503226 secs] [Times: user=0.22 sys=0.00, real=0.05 secs] 
[GC (Allocation Failure) [ParNew: 613440K->27007K(613440K), 0.0332272 secs] 1405055K->881232K(2010624K), 0.0332747 secs] [Times: user=0.03 sys=0.00, real=0.02 secs] 
[GC (Allocation Failure) [ParNew: 572351K->68096K(613440K), 0.1643531 secs] 1426576K->990384K(2010624K), 0.1644013 secs] [Times: user=0.66 sys=0.00, real=0.16 secs] 
[GC (Allocation Failure) [ParNew: 613440K->27383K(613440K), 0.0785629 secs] 1535728K->1014282K(2010624K), 0.0786168 secs] [Times: user=0.28 sys=0.00, real=0.08 secs] 
[GC (Allocation Failure) [ParNew: 572727K->68096K(613440K), 0.1925023 secs] 1559626K->1112011K(2010624K), 0.1925530 secs] [Times: user=0.80 sys=0.00, real=0.19 secs] 
[GC (Allocation Failure) [ParNew: 613440K->27395K(613440K), 0.0666257 secs] 1657355K->1135512K(2010624K), 0.0666771 secs] [Times: user=0.26 sys=0.00, real=0.06 secs] 
[GC (Allocation Failure) [ParNew: 572739K->68096K(613440K), 0.1618869 secs] 1680856K->1230433K(2010624K), 0.1619350 secs] [Times: user=0.67 sys=0.00, real=0.15 secs] 
[GC (Allocation Failure) [ParNew: 613440K->41128K(613440K), 0.0584039 secs] 1775777K->1267181K(2010624K), 0.0584540 secs] [Times: user=0.26 sys=0.00, real=0.06 secs] 
[GC (CMS Initial Mark) [1 CMS-initial-mark: 1226053K(1397184K)] 1267184K(2010624K), 0.0028159 secs] [Times: user=0.00 sys=0.00, real=0.00 secs] 
[CMS-concurrent-mark-start]
[CMS-concurrent-mark: 1.208/1.208 secs] [Times: user=4.23 sys=0.00, real=1.21 secs] 
[CMS-concurrent-preclean-start]
[CMS-concurrent-preclean: 0.232/0.246 secs] [Times: user=0.47 sys=0.00, real=0.25 secs] 
[CMS-concurrent-abortable-preclean-start]
[GC (Allocation Failure) [ParNew[CMS-concurrent-abortable-preclean: 0.114/0.740 secs] [Times: user=1.31 sys=0.00, real=0.74 secs] 
: 586472K->68096K(613440K), 0.1481283 secs] 1812525K->1344410K(2010624K), 0.1481752 secs] [Times: user=0.61 sys=0.00, real=0.15 secs] 
[GC (CMS Final Remark) [YG occupancy: 79007 K (613440 K)][Rescan (parallel) , 0.0846296 secs][weak refs processing, 0.0000154 secs][class unloading, 0.0051313 secs][scrub symbol table, 0.0013274 secs][scrub string table, 0.0003497 secs][1 CMS-remark: 1276314K(1397184K)] 1355321K(2010624K), 0.0922625 secs] [Times: user=0.48 sys=0.00, real=0.09 secs] 
[CMS-concurrent-sweep-start]
[CMS-concurrent-sweep: 0.827/0.827 secs] [Times: user=1.67 sys=0.00, real=0.83 secs] 
[CMS-concurrent-reset-start]
[CMS-concurrent-reset: 0.003/0.003 secs] [Times: user=0.00 sys=0.00, real=0.00 secs] 
[GC (Allocation Failure) [ParNew: 613440K->27363K(613440K), 0.0630489 secs] 1311955K->789418K(2010624K), 0.0631009 secs] [Times: user=0.19 sys=0.00, real=0.06 secs] 
[GC (Allocation Failure) [ParNew: 572707K->68096K(613440K), 0.1270423 secs] 1334762K->879186K(2010624K), 0.1270949 secs] [Times: user=0.52 sys=0.00, real=0.13 secs] 
[GC (Allocation Failure) [ParNew: 613440K->27395K(613440K), 0.0535325 secs] 1424530K->902018K(2010624K), 0.0535793 secs] [Times: user=0.14 sys=0.00, real=0.05 secs] 
[GC (Allocation Failure) [ParNew (0: promotion failure size = 4167)  (1: promotion failure size = 4167)  (3: promotion failure size = 4167)  (4: promotion failure size = 4167)  (5: promotion failure size = 4167)  (promotion failed): 572739K->613440K(613440K), 0.2450525 secs][CMS: 920986K->757039K(1397184K), 2.1891655 secs] 1447362K->757039K(2010624K), [Metaspace: 9979K->9979K(10240K)], 2.4343674 secs]
*** PauseDetector detected a 2430 ms pause at Fri Dec 19 17:43:42 EET 2014 ***

 [Times: user=2.79 sys=0.00, real=2.43 secs] 
[GC (Allocation Failure) [ParNew: 545344K->27428K(613440K), 0.0067430 secs] 1302383K->784468K(2010624K), 0.0067885 secs] [Times: user=0.00 sys=0.00, real=0.01 secs] 
[GC (Allocation Failure) [ParNew: 572772K->68096K(613440K), 0.0950129 secs] 1329812K->872188K(2010624K), 0.0950617 secs] [Times: user=0.39 sys=0.00, real=0.10 secs] 
[GC (Allocation Failure) [ParNew: 613440K->20566K(613440K), 0.0466753 secs] 1417532K->889199K(2010624K), 0.0467221 secs] [Times: user=0.14 sys=0.00, real=0.05 secs] 
[GC (Allocation Failure) [ParNew: 565910K->68096K(613440K), 0.1007249 secs] 1434543K->983905K(2010624K), 0.1007762 secs] [Times: user=0.36 sys=0.00, real=0.10 secs] 
[GC (Allocation Failure) [ParNew: 613440K->26748K(613440K), 0.0556420 secs] 1529249K->1004493K(2010624K), 0.0556894 secs] [Times: user=0.20 sys=0.00, real=0.05 secs] 
[GC (Allocation Failure) [ParNew: 572092K->68096K(613440K), 0.0862432 secs] 1549837K->1090627K(2010624K), 0.0862907 secs] [Times: user=0.37 sys=0.02, real=0.08 secs] 
[GC (Allocation Failure) [ParNew: 613440K->27387K(613440K), 0.0414747 secs] 1635971K->1113534K(2010624K), 0.0415222 secs] [Times: user=0.13 sys=0.00, real=0.03 secs] 
[GC (Allocation Failure) [ParNew: 572731K->68096K(613440K), 0.0814121 secs] 1658878K->1197604K(2010624K), 0.0814628 secs] [Times: user=0.36 sys=0.00, real=0.08 secs] 
[GC (Allocation Failure) [ParNew: 613440K->34277K(613440K), 0.0386331 secs] 1742948K->1227233K(2010624K), 0.0386806 secs] [Times: user=0.14 sys=0.00, real=0.03 secs] 
[GC (CMS Initial Mark) [1 CMS-initial-mark: 1192956K(1397184K)] 1238206K(2010624K), 0.0044962 secs] [Times: user=0.00 sys=0.00, real=0.00 secs] 
[CMS-concurrent-mark-start]
[CMS-concurrent-mark: 1.115/1.115 secs] [Times: user=3.67 sys=0.00, real=1.12 secs] 
[CMS-concurrent-preclean-start]
[CMS-concurrent-preclean: 0.110/0.118 secs] [Times: user=0.22 sys=0.00, real=0.12 secs] 
[CMS-concurrent-abortable-preclean-start]
[GC (Allocation Failure) [ParNew[CMS-concurrent-abortable-preclean: 0.055/0.383 secs] [Times: user=0.53 sys=0.00, real=0.38 secs] 
: 579621K->68096K(613440K), 0.0813993 secs] 1772577K->1304391K(2010624K), 0.0814474 secs] [Times: user=0.28 sys=0.00, real=0.08 secs] 
[GC (CMS Final Remark) [YG occupancy: 68098 K (613440 K)][Rescan (parallel) , 0.0436041 secs][weak refs processing, 0.0000154 secs][class unloading, 0.0053360 secs][scrub symbol table, 0.0011401 secs][scrub string table, 0.0003715 secs][1 CMS-remark: 1236295K(1397184K)] 1304394K(2010624K), 0.0513094 secs] [Times: user=0.23 sys=0.00, real=0.05 secs] 
[CMS-concurrent-sweep-start]
[CMS-concurrent-sweep: 0.608/0.608 secs] [Times: user=1.23 sys=0.00, real=0.61 secs] 
[CMS-concurrent-reset-start]
[CMS-concurrent-reset: 0.002/0.002 secs] [Times: user=0.00 sys=0.00, real=0.00 secs] 
[GC (Allocation Failure) [ParNew: 613440K->27268K(613440K), 0.0367238 secs] 1302045K->779022K(2010624K), 0.0368784 secs] [Times: user=0.12 sys=0.00, real=0.03 secs] 
[GC (Allocation Failure) [ParNew: 572612K->68096K(613440K), 0.0734637 secs] 1324366K->863226K(2010624K), 0.0735150 secs] [Times: user=0.33 sys=0.00, real=0.07 secs] 
[GC (Allocation Failure) [ParNew: 613440K->33963K(613440K), 0.0510277 secs] 1408570K->892114K(2010624K), 0.0510803 secs] [Times: user=0.20 sys=0.00, real=0.04 secs] 
[GC (Allocation Failure) [ParNew (0: promotion failure size = 2779)  (1: promotion failure size = 2779)  (2: promotion failure size = 2779)  (3: promotion failure size = 2779)  (4: promotion failure size = 2779)  (5: promotion failure size = 2779)  (6: promotion failure size = 2779)  (7: promotion failure size = 2779)  (promotion failed): 579307K->613440K(613440K), 0.2204256 secs][CMS: 900404K->753098K(1397184K), 1.6134608 secs] 1437458K->753098K(2010624K), [Metaspace: 9979K->9979K(10240K)], 1.8339499 secs] [Times: user=2.03 sys=0.00, real=1.83 secs] 

*** PauseDetector detected a 1835 ms pause at Fri Dec 19 17:44:05 EET 2014 ***

[GC (Allocation Failure) [ParNew: 545344K->27367K(613440K), 0.0067943 secs] 1298442K->780466K(2010624K), 0.0069104 secs] [Times: user=0.06 sys=0.00, real=0.01 secs] 
[GC (Allocation Failure) [ParNew: 572711K->68096K(613440K), 0.0653503 secs] 1325810K->868415K(2010624K), 0.0653984 secs] [Times: user=0.28 sys=0.00, real=0.06 secs] 
[Full GC (System.gc()) [CMS: 800319K->752857K(1397184K), 1.4940000 secs] 879385K->752857K(2010624K), [Metaspace: 9979K->9979K(10240K)], 1.4942021 secs] [Times: user=1.48 sys=0.00, real=1.49 secs] 
[Full GC (System.gc()) [CMS: 752857K->748415K(1397184K), 1.2954964 secs] 763767K->748415K(2010624K), [Metaspace: 9979K->9979K(10240K)], 1.2956998 secs] [Times: user=1.30 sys=0.00, real=1.30 secs] 
[Full GC (System.gc()) [CMS: 748415K->748419K(1397184K), 1.2774258 secs] 759325K->748419K(2010624K), [Metaspace: 9979K->9979K(10240K)]
*** PauseDetector detected a 1493 ms pause at Fri Dec 19 17:44:10 EET 2014 ***

, 1.2776131 secs] [Times: user=1.28 sys=0.00, real=1.27 secs] 

*** PauseDetector detected a 2581 ms pause at Fri Dec 19 17:44:12 EET 2014 ***

[GC (Allocation Failure) [ParNew: 545344K->68096K(613440K), 0.0643334 secs] 1293763K->864817K(2010624K), 0.0643879 secs] [Times: user=0.28 sys=0.00, real=0.06 secs] 
[GC (Allocation Failure) [ParNew: 613440K->37436K(613440K), 0.0336006 secs] 1410161K->892510K(2010624K), 0.0337212 secs] [Times: user=0.13 sys=0.00, real=0.03 secs] 
[GC (Allocation Failure) [ParNew: 582780K->68096K(613440K), 0.0771688 secs] 1437854K->964545K(2010624K), 0.0772297 secs] [Times: user=0.28 sys=0.00, real=0.07 secs] 
[GC (Allocation Failure) [ParNew: 613440K->48197K(613440K), 0.0467273 secs] 1509889K->1011237K(2010624K), 0.0467901 secs] [Times: user=0.13 sys=0.00, real=0.04 secs] 
[GC (Allocation Failure) [ParNew: 593541K->68096K(613440K), 0.0735208 secs] 1556581K->1072271K(2010624K), 0.0735830 secs] [Times: user=0.28 sys=0.00, real=0.07 secs] 
[GC (Allocation Failure) [ParNew: 613440K->27391K(613440K), 0.0318915 secs] 1617615K->1095039K(2010624K), 0.0319357 secs] [Times: user=0.08 sys=0.00, real=0.03 secs] 
[Full GC (System.gc()) [CMS: 1067647K->748752K(1397184K), 1.4937459 secs] 1367764K->748752K(2010624K), [Metaspace: 9979K->9979K(10240K)], 1.4939570 secs] [Times: user=1.48 sys=0.00, real=1.48 secs] 
[Full GC (System.gc()) [CMS: 748752K->748675K(1397184K), 1.2852722 secs] 748754K->748675K(2010624K), [Metaspace: 9979K->9979K(10240K)], 1.2854544 secs] [Times: user=1.30 sys=0.00, real=1.30 secs] 
[Full GC (System.gc()) [CMS: 748675K->748675K(1397184K), 1.2787141 secs] 748675K->748675K(2010624K), [Metaspace: 9979K->9979K(10240K)]
*** PauseDetector detected a 1487 ms pause at Fri Dec 19 17:44:24 EET 2014 ***

, 1.2788809 secs] [Times: user=1.26 sys=0.00, real=1.27 secs] 
********************************
********** ROUND   46 **********
********************************

*** PauseDetector detected a 2577 ms pause at Fri Dec 19 17:44:27 EET 2014 ***

[GC (Allocation Failure) [ParNew: 545344K->7580K(613440K), 0.0068957 secs] 1294019K->756255K(2010624K), 0.0069431 secs] [Times: user=0.00 sys=0.00, real=0.01 secs] 
[GC (Allocation Failure) [ParNew: 552924K->68096K(613440K), 0.0572388 secs] 1301599K->858726K(2010624K), 0.0572934 secs] [Times: user=0.19 sys=0.00, real=0.06 secs] 
[GC (Allocation Failure) [ParNew: 613440K->19723K(613440K), 0.0308624 secs] 1404070K->873547K(2010624K), 0.0309086 secs] [Times: user=0.13 sys=0.00, real=0.03 secs] 
[GC (Allocation Failure) [ParNew: 565067K->68096K(613440K), 0.0574422 secs] 1418891K->963148K(2010624K), 0.0574891 secs] [Times: user=0.27 sys=0.00, real=0.06 secs] 
[GC (Allocation Failure) [ParNew: 613440K->27206K(613440K), 0.0297351 secs] 1508492K->985316K(2010624K), 0.0298577 secs] [Times: user=0.08 sys=0.00, real=0.03 secs] 
[GC (Allocation Failure) [ParNew: 572550K->68096K(613440K), 0.0543845 secs] 1530660K->1068773K(2010624K), 0.0544364 secs] [Times: user=0.20 sys=0.00, real=0.05 secs] 
[GC (Allocation Failure) [ParNew: 613440K->40098K(613440K), 0.0361656 secs] 1614117K->1102464K(2010624K), 0.0363196 secs] [Times: user=0.14 sys=0.00, real=0.03 secs] 
[GC (Allocation Failure) [ParNew: 585442K->68096K(613440K), 0.0540098 secs] 1647808K->1172103K(2010624K), 0.0540585 secs] [Times: user=0.28 sys=0.00, real=0.05 secs] 
[GC (Allocation Failure) [ParNew: 613440K->33654K(613440K), 0.0403410 secs] 1717447K->1200088K(2010624K), 0.0403872 secs] [Times: user=0.13 sys=0.00, real=0.04 secs] 
[GC (CMS Initial Mark) [1 CMS-initial-mark: 1166433K(1397184K)] 1210998K(2010624K), 0.0026895 secs] [Times: user=0.00 sys=0.00, real=0.00 secs] 
[CMS-concurrent-mark-start]
[CMS-concurrent-mark: 1.048/1.048 secs] [Times: user=3.39 sys=0.00, real=1.05 secs] 
[CMS-concurrent-preclean-start]
[CMS-concurrent-preclean: 0.065/0.068 secs] [Times: user=0.13 sys=0.00, real=0.07 secs] 
[CMS-concurrent-abortable-preclean-start]
[GC (Allocation Failure) [ParNew: 578998K->68096K(613440K), 0.0575109 secs] 1745432K->1275296K(2010624K), 0.0575603 secs] [Times: user=0.20 sys=0.00, real=0.05 secs] 
[CMS-concurrent-abortable-preclean: 0.662/1.335 secs] [Times: user=2.25 sys=0.00, real=1.34 secs] 
[GC (CMS Final Remark) [YG occupancy: 407946 K (613440 K)][Rescan (parallel) , 0.0914939 secs][weak refs processing, 0.0000154 secs][class unloading, 0.0051268 secs][scrub symbol table, 0.0010535 secs][scrub string table, 0.0003516 secs][1 CMS-remark: 1207200K(1397184K)] 1615146K(2010624K), 0.0988521 secs] [Times: user=0.36 sys=0.00, real=0.09 secs] 
[CMS-concurrent-sweep-start]
[GC (Allocation Failure) [ParNew: 613440K->27243K(613440K), 0.0296562 secs] 1597780K->1074727K(2010624K), 0.0297236 secs] [Times: user=0.13 sys=0.00, real=0.02 secs] 
[CMS-concurrent-sweep: 0.553/0.583 secs] [Times: user=1.23 sys=0.00, real=0.59 secs] 
[CMS-concurrent-reset-start]
[CMS-concurrent-reset: 0.002/0.002 secs] [Times: user=0.00 sys=0.00, real=0.00 secs] 
[GC (Allocation Failure) [ParNew: 572587K->68096K(613440K), 0.0528819 secs] 1320403K->856933K(2010624K), 0.0530372 secs] [Times: user=0.20 sys=0.00, real=0.05 secs] 
[GC (Allocation Failure) [ParNew: 613440K->26982K(613440K), 0.0275146 secs] 1402277K->878108K(2010624K), 0.0276307 secs] [Times: user=0.13 sys=0.00, real=0.02 secs] 
[GC (Allocation Failure) [ParNew: 572326K->68096K(613440K), 0.0612230 secs] 1423452K->959072K(2010624K), 0.0613744 secs] [Times: user=0.28 sys=0.00, real=0.06 secs] 
[GC (Allocation Failure) [ParNew: 613440K->34245K(613440K), 0.1006408 secs] 1504416K->988617K(2010624K), 0.1006908 secs] [Times: user=0.16 sys=0.00, real=0.10 secs] 
[GC (Allocation Failure) [ParNew: 579589K->68096K(613440K), 0.0981040 secs] 1533961K->1062172K(2010624K), 0.0981521 secs] [Times: user=0.22 sys=0.00, real=0.09 secs] 
[GC (Allocation Failure) [ParNew (0: promotion failure size = 109)  (1: promotion failure size = 109)  (2: promotion failure size = 109)  (3: promotion failure size = 109)  (4: promotion failure size = 109)  (5: promotion failure size = 109)  (6: promotion failure size = 109)  (7: promotion failure size = 109)  (promotion failed): 613440K->565878K(613440K), 3.3036681 secs][CMS: 997370K->751571K(1397184K), 1.7379425 secs] 1607516K->751571K(2010624K), [Metaspace: 9979K->9979K(10240K)], 5.0416736 secs]
*** PauseDetector detected a 5035 ms pause at Fri Dec 19 17:44:57 EET 2014 ***

 [Times: user=5.02 sys=1.06, real=5.03 secs] 
[GC (Allocation Failure) [ParNew: 545344K->68096K(613440K), 0.0499916 secs] 1296915K->862496K(2010624K), 0.0500384 secs] [Times: user=0.22 sys=0.00, real=0.05 secs] 
[GC (Allocation Failure) [ParNew: 613440K->32974K(613440K), 0.0313038 secs] 1407840K->888404K(2010624K), 0.0313538 secs] [Times: user=0.06 sys=0.00, real=0.03 secs] 
[GC (Allocation Failure) [ParNew: 578318K->68096K(613440K), 0.1641838 secs] 1433748K->991575K(2010624K), 0.1642345 secs] [Times: user=0.72 sys=0.00, real=0.16 secs] 
[GC (Allocation Failure) [ParNew: 613440K->27273K(613440K), 0.1087317 secs] 1536919K->1015844K(2010624K), 0.1087805 secs] [Times: user=0.45 sys=0.00, real=0.11 secs] 
[GC (Allocation Failure) [ParNew: 572617K->68096K(613440K), 0.1899353 secs] 1561188K->1113589K(2010624K), 0.1899995 secs] [Times: user=0.89 sys=0.00, real=0.19 secs] 
[GC (Allocation Failure) [ParNew: 613440K->34185K(613440K), 0.0801559 secs] 1658933K->1143634K(2010624K), 0.0802073 secs] [Times: user=0.30 sys=0.00, real=0.07 secs] 
[GC (Allocation Failure) [ParNew: 579529K->68096K(613440K), 0.1604787 secs] 1688978K->1232312K(2010624K), 0.1605300 secs] [Times: user=0.70 sys=0.00, real=0.16 secs] 
[GC (CMS Initial Mark) [1 CMS-initial-mark: 1164216K(1397184K)] 1243297K(2010624K), 0.0099194 secs] [Times: user=0.05 sys=0.00, real=0.01 secs] 
[CMS-concurrent-mark-start]
[CMS-concurrent-mark: 1.270/1.270 secs] [Times: user=3.82 sys=0.00, real=1.27 secs] 
[CMS-concurrent-preclean-start]
[CMS-concurrent-preclean: 0.005/0.005 secs] [Times: user=0.00 sys=0.00, real=0.01 secs] 
[CMS-concurrent-abortable-preclean-start]
[GC (Allocation Failure) [ParNew: 613440K->34117K(613440K), 0.0652861 secs] 1777656K->1261810K(2010624K), 0.0653374 secs] [Times: user=0.28 sys=0.00, real=0.06 secs] 
[CMS-concurrent-abortable-preclean: 0.631/1.408 secs] [Times: user=2.82 sys=0.00, real=1.41 secs] 
[GC (CMS Final Remark) [YG occupancy: 385812 K (613440 K)][Rescan (parallel) , 0.0823610 secs][weak refs processing, 0.0000154 secs][class unloading, 0.0055990 secs][scrub symbol table, 0.0010900 secs][scrub string table, 0.0003503 secs][1 CMS-remark: 1227693K(1397184K)] 1613505K(2010624K), 0.0902338 secs] [Times: user=0.36 sys=0.00, real=0.09 secs] 
[CMS-concurrent-sweep-start]
[GC (Allocation Failure) [ParNew: 579461K->68096K(613440K), 0.1453381 secs] 1557448K->1096356K(2010624K), 0.1453914 secs] [Times: user=0.66 sys=0.00, real=0.14 secs] 
[CMS-concurrent-sweep: 0.711/0.857 secs] [Times: user=2.11 sys=0.00, real=0.86 secs] 
[CMS-concurrent-reset-start]
[CMS-concurrent-reset: 0.003/0.003 secs] [Times: user=0.03 sys=0.00, real=0.00 secs] 
[GC (Allocation Failure) [ParNew: 613440K->34192K(613440K), 0.0569540 secs] 1430165K->914444K(2010624K), 0.0570611 secs] [Times: user=0.14 sys=0.00, real=0.05 secs] 
[GC (Allocation Failure) [ParNew: 579536K->68096K(613440K), 0.1260106 secs] 1459788K->997327K(2010624K), 0.1260600 secs] [Times: user=0.55 sys=0.00, real=0.12 secs] 
[GC (Allocation Failure) [ParNew: 613440K->34224K(613440K), 0.0512921 secs] 1542671K->1027039K(2010624K), 0.0514454 secs] [Times: user=0.16 sys=0.00, real=0.05 secs] 
[GC (Allocation Failure) [ParNew: 579568K->68096K(613440K), 0.1158391 secs] 1572383K->1107473K(2010624K), 0.1158853 secs] [Times: user=0.48 sys=0.00, real=0.11 secs] 
[GC (Allocation Failure) [ParNew (0: promotion failure size = 4167)  (1: promotion failure size = 4167)  (2: promotion failure size = 4167)  (3: promotion failure size = 4167)  (4: promotion failure size = 4167)  (5: promotion failure size = 4167)  (6: promotion failure size = 4167)  (7: promotion failure size = 4167)  (promotion failed): 613440K->559028K(613440K), 2.6257226 secs][CMS: 1090573K->758299K(1397184K), 1.9244063 secs] 1652817K->758299K(2010624K), [Metaspace: 9979K->9979K(10240K)], 4.5502226 secs] [Times: user=4.69 sys=0.55, real=4.55 secs] 

*** PauseDetector detected a 4551 ms pause at Fri Dec 19 17:45:24 EET 2014 ***

[GC (Allocation Failure) [ParNew: 545344K->68096K(613440K), 0.0961485 secs] 1303643K->873425K(2010624K), 0.0962094 secs] [Times: user=0.44 sys=0.00, real=0.09 secs] 
[GC (Allocation Failure) [ParNew: 613440K->34396K(613440K), 0.0542767 secs] 1418769K->904064K(2010624K), 0.0543261 secs] [Times: user=0.19 sys=0.00, real=0.05 secs] 
[GC (Allocation Failure) [ParNew: 579740K->68096K(613440K), 0.0937933 secs] 1449408K->983122K(2010624K), 0.0938440 secs] [Times: user=0.38 sys=0.00, real=0.09 secs] 
[GC (Allocation Failure) [ParNew: 613440K->20536K(613440K), 0.0434360 secs] 1528466K->999534K(2010624K), 0.0434834 secs] [Times: user=0.17 sys=0.00, real=0.04 secs] 
[GC (Allocation Failure) [ParNew: 565880K->68096K(613440K), 0.0896160 secs] 1544878K->1092689K(2010624K), 0.0896660 secs] [Times: user=0.39 sys=0.00, real=0.08 secs] 
[GC (Allocation Failure) [ParNew: 613440K->20335K(613440K), 0.0409742 secs] 1638033K->1108037K(2010624K), 0.0410358 secs] [Times: user=0.12 sys=0.00, real=0.03 secs] 
[GC (Allocation Failure) [ParNew: 565679K->68096K(613440K), 0.0838020 secs] 1653381K->1199225K(2010624K), 0.0838591 secs] [Times: user=0.30 sys=0.00, real=0.08 secs] 
[GC (Allocation Failure) [ParNew: 613440K->27399K(613440K), 0.0393844 secs] 1744569K->1221955K(2010624K), 0.0395448 secs] [Times: user=0.13 sys=0.00, real=0.03 secs] 
[GC (CMS Initial Mark) [1 CMS-initial-mark: 1194556K(1397184K)] 1232923K(2010624K), 0.0043396 secs] [Times: user=0.00 sys=0.00, real=0.01 secs] 
[CMS-concurrent-mark-start]
[CMS-concurrent-mark: 1.118/1.118 secs] [Times: user=3.65 sys=0.00, real=1.12 secs] 
[CMS-concurrent-preclean-start]
[CMS-concurrent-preclean: 0.130/0.139 secs] [Times: user=0.28 sys=0.00, real=0.14 secs] 
[CMS-concurrent-abortable-preclean-start]
[GC (Allocation Failure) [ParNew: 572743K->68096K(613440K), 0.0820338 secs] 1767299K->1306514K(2010624K), 0.0820851 secs] [Times: user=0.28 sys=0.00, real=0.08 secs] 
[CMS-concurrent-abortable-preclean: 0.795/1.395 secs] [Times: user=2.42 sys=0.00, real=1.40 secs] 
[GC (CMS Final Remark) [YG occupancy: 440677 K (613440 K)][Rescan (parallel) , 0.0840099 secs][weak refs processing, 0.0000173 secs][class unloading, 0.0052885 secs][scrub symbol table, 0.0010522 secs][scrub string table, 0.0003503 secs][1 CMS-remark: 1238418K(1397184K)] 1679095K(2010624K), 0.0915279 secs] [Times: user=0.51 sys=0.00, real=0.09 secs] 
[CMS-concurrent-sweep-start]
[GC (Allocation Failure) [ParNew: 613440K->40668K(613440K), 0.0377702 secs] 1792822K->1282780K(2010624K), 0.0378164 secs] [Times: user=0.13 sys=0.00, real=0.04 secs] 
[CMS-concurrent-sweep: 0.635/0.673 secs] [Times: user=1.50 sys=0.00, real=0.68 secs] 
[CMS-concurrent-reset-start]
[CMS-concurrent-reset: 0.003/0.003 secs] [Times: user=0.00 sys=0.00, real=0.00 secs] 
[GC (Allocation Failure) [ParNew: 586012K->68096K(613440K), 0.0735349 secs] 1337958K->862756K(2010624K), 0.0735849 secs] [Times: user=0.28 sys=0.00, real=0.07 secs] 
[GC (Allocation Failure) [ParNew: 613440K->27364K(613440K), 0.0352899 secs] 1408100K->885503K(2010624K), 0.0353489 secs] [Times: user=0.12 sys=0.00, real=0.03 secs] 
[GC (Allocation Failure) [ParNew (0: promotion failure size = 2779)  (3: promotion failure size = 2779)  (6: promotion failure size = 2779)  (promotion failed): 572708K->613440K(613440K), 0.2501197 secs][CMS: 900545K->753098K(1397184K), 1.6872022 secs] 1430847K->753098K(2010624K), [Metaspace: 9979K->9979K(10240K)], 1.9374091 secs]
*** PauseDetector detected a 1930 ms pause at Fri Dec 19 17:45:46 EET 2014 ***

 [Times: user=2.15 sys=0.00, real=1.93 secs] 
[GC (Allocation Failure) [ParNew: 545344K->27425K(613440K), 0.0081089 secs] 1298442K->780523K(2010624K), 0.0081570 secs] [Times: user=0.05 sys=0.00, real=0.01 secs] 
[GC (Allocation Failure) [ParNew: 572769K->68096K(613440K), 0.0614559 secs] 1325867K->864956K(2010624K), 0.0615085 secs] [Times: user=0.26 sys=0.00, real=0.06 secs] 
[GC (Allocation Failure) [ParNew: 613440K->40686K(613440K), 0.0391387 secs] 1410300K->900700K(2010624K), 0.0391817 secs] [Times: user=0.11 sys=0.00, real=0.03 secs] 
[Full GC (System.gc()) [CMS: 860014K->748375K(1397184K), 1.4760166 secs] 1032554K->748375K(2010624K), [Metaspace: 9979K->9979K(10240K)], 1.4762489 secs] [Times: user=1.47 sys=0.00, real=1.47 secs] 
[Full GC (System.gc()) [CMS: 748375K->748375K(1397184K), 1.3500348 secs] 748375K->748375K(2010624K), [Metaspace: 9979K->9979K(10240K)], 1.3502369 secs] [Times: user=1.36 sys=0.00, real=1.35 secs] 
[Full GC (System.gc()) [CMS: 748375K->748298K(1397184K), 1.7804854 secs] 748377K->748298K(2010624K), [Metaspace: 9979K->9979K(10240K)]
*** PauseDetector detected a 2829 ms pause at Fri Dec 19 17:45:54 EET 2014 ***

, 1.7806843 secs] [Times: user=1.78 sys=0.00, real=1.78 secs] 

*** PauseDetector detected a 1792 ms pause at Fri Dec 19 17:45:56 EET 2014 ***

[GC (Allocation Failure) [ParNew: 545344K->7322K(613440K), 0.0106617 secs] 1293642K->755620K(2010624K), 0.0107304 secs] [Times: user=0.05 sys=0.00, real=0.01 secs] 
[GC (Allocation Failure) [ParNew: 552666K->68096K(613440K), 0.0738486 secs] 1300964K->858472K(2010624K), 0.0739102 secs] [Times: user=0.31 sys=0.00, real=0.07 secs] 
[GC (Allocation Failure) [ParNew: 613440K->19843K(613440K), 0.0516263 secs] 1403816K->873858K(2010624K), 0.0516847 secs] [Times: user=0.17 sys=0.00, real=0.04 secs] 
[GC (Allocation Failure) [ParNew: 565187K->68096K(613440K), 0.0608875 secs] 1419202K->965285K(2010624K), 0.0609375 secs] [Times: user=0.19 sys=0.00, real=0.06 secs] 
[GC (Allocation Failure) [ParNew: 613440K->33268K(613440K), 0.0443149 secs] 1510629K->992184K(2010624K), 0.0443881 secs] [Times: user=0.13 sys=0.00, real=0.04 secs] 
[GC (Allocation Failure) [ParNew: 578612K->68096K(613440K), 0.0722261 secs] 1537528K->1069129K(2010624K), 0.0722883 secs] [Times: user=0.27 sys=0.00, real=0.07 secs] 
[Full GC (System.gc()) [CMS: 1001033K->750813K(1397184K), 1.5374629 secs] 1429099K->750813K(2010624K), [Metaspace: 9979K->9979K(10240K)], 1.5376881 secs] [Times: user=1.53 sys=0.00, real=1.53 secs] 
[Full GC (System.gc()) [CMS: 750813K->750735K(1397184K), 1.7225787 secs] 750815K->750735K(2010624K), [Metaspace: 9979K->9979K(10240K)]
*** PauseDetector detected a 1529 ms pause at Fri Dec 19 17:46:07 EET 2014 ***

, 1.7228052 secs] [Times: user=1.73 sys=0.00, real=1.72 secs] 
[Full GC (System.gc()) [CMS: 750735K->746994K(1397184K), 1.3633084 secs] 761645K->746994K(2010624K), [Metaspace: 9979K->9979K(10240K)]
*** PauseDetector detected a 3090 ms pause at Fri Dec 19 17:46:10 EET 2014 ***

, 1.3636125 secs] [Times: user=1.36 sys=0.00, real=1.37 secs] 
********************************
********** ROUND   47 **********
********************************
[GC (Allocation Failure) [ParNew: 545344K->68096K(613440K), 0.0561193 secs] 1292338K->860771K(2010624K), 0.0561661 secs] [Times: user=0.22 sys=0.00, real=0.06 secs] 
[GC (Allocation Failure) [ParNew: 613440K->30650K(613440K), 0.0343160 secs] 1406115K->882803K(2010624K), 0.0343814 secs] [Times: user=0.14 sys=0.00, real=0.04 secs] 
[GC (Allocation Failure) [ParNew: 575994K->68096K(613440K), 0.0562110 secs] 1428147K->962512K(2010624K), 0.0562765 secs] [Times: user=0.19 sys=0.00, real=0.05 secs] 
[GC (Allocation Failure) [ParNew: 613440K->20288K(613440K), 0.0297184 secs] 1507856K->977280K(2010624K), 0.0297640 secs] [Times: user=0.06 sys=0.00, real=0.03 secs] 
[GC (Allocation Failure) [ParNew: 565632K->68096K(613440K), 0.0559993 secs] 1522624K->1066704K(2010624K), 0.0560461 secs] [Times: user=0.19 sys=0.00, real=0.05 secs] 
[GC (Allocation Failure) [ParNew: 613440K->20275K(613440K), 0.0291077 secs] 1612048K->1081316K(2010624K), 0.0291513 secs] [Times: user=0.12 sys=0.00, real=0.03 secs] 
[GC (Allocation Failure) [ParNew: 565619K->68096K(613440K), 0.0547778 secs] 1626660K->1171033K(2010624K), 0.0548239 secs] [Times: user=0.19 sys=0.00, real=0.05 secs] 
[GC (Allocation Failure) [ParNew: 613440K->40323K(613440K), 0.0299917 secs] 1716377K->1205339K(2010624K), 0.0300418 secs] [Times: user=0.16 sys=0.00, real=0.03 secs] 
[GC (CMS Initial Mark) [1 CMS-initial-mark: 1165016K(1397184K)] 1216318K(2010624K), 0.0024143 secs] [Times: user=0.00 sys=0.00, real=0.00 secs] 
[CMS-concurrent-mark-start]
[CMS-concurrent-mark: 1.179/1.179 secs] [Times: user=3.71 sys=0.00, real=1.19 secs] 
[CMS-concurrent-preclean-start]
[CMS-concurrent-preclean: 0.067/0.071 secs] [Times: user=0.16 sys=0.00, real=0.07 secs] 
[CMS-concurrent-abortable-preclean-start]
[GC (Allocation Failure) [ParNew[CMS-concurrent-abortable-preclean: 0.055/0.358 secs] [Times: user=0.62 sys=0.00, real=0.36 secs] 
: 585667K->68096K(613440K), 0.0546963 secs] 1750683K->1273586K(2010624K), 0.0548092 secs] [Times: user=0.28 sys=0.00, real=0.05 secs] 
[GC (CMS Final Remark) [YG occupancy: 79005 K (613440 K)][Rescan (parallel) , 0.0250266 secs][weak refs processing, 0.0000199 secs][class unloading, 0.0058954 secs][scrub symbol table, 0.0010548 secs][scrub string table, 0.0003721 secs][1 CMS-remark: 1205490K(1397184K)] 1284496K(2010624K), 0.0332356 secs] [Times: user=0.09 sys=0.00, real=0.04 secs] 
[CMS-concurrent-sweep-start]
[CMS-concurrent-sweep: 0.531/0.531 secs] [Times: user=1.06 sys=0.00, real=0.53 secs] 
[CMS-concurrent-reset-start]
[CMS-concurrent-reset: 0.002/0.002 secs] [Times: user=0.00 sys=0.00, real=0.00 secs] 
[GC (Allocation Failure) [ParNew: 613440K->34183K(613440K), 0.0288773 secs] 1298059K->782202K(2010624K), 0.0289229 secs] [Times: user=0.11 sys=0.00, real=0.03 secs] 
[GC (Allocation Failure) [ParNew: 579527K->68096K(613440K), 0.0535555 secs] 1327546K->855981K(2010624K), 0.0536043 secs] [Times: user=0.20 sys=0.00, real=0.05 secs] 
[GC (Allocation Failure) [ParNew: 613440K->20531K(613440K), 0.0308983 secs] 1401325K->871860K(2010624K), 0.0309451 secs] [Times: user=0.08 sys=0.00, real=0.03 secs] 
[GC (Allocation Failure) [ParNew: 565875K->68096K(613440K), 0.0586458 secs] 1417204K->959230K(2010624K), 0.0586920 secs] [Times: user=0.19 sys=0.02, real=0.06 secs] 
[GC (Allocation Failure) [ParNew: 613440K->27423K(613440K), 0.1351704 secs] 1504574K->981991K(2010624K), 0.1352198 secs] [Times: user=0.19 sys=0.00, real=0.13 secs] 
[GC (Allocation Failure) [ParNew (0: promotion failure size = 109)  (1: promotion failure size = 109)  (2: promotion failure size = 109)  (3: promotion failure size = 109)  (4: promotion failure size = 109)  (5: promotion failure size = 1237)  (6: promotion failure size = 109)  (7: promotion failure size = 109)  (promotion failed): 572767K->613440K(613440K), 1.2739317 secs][CMS: 962424K->750436K(1397184K), 1.9612924 secs] 1527335K->750436K(2010624K), [Metaspace: 9979K->9979K(10240K)], 3.2352928 secs] [Times: user=3.46 sys=0.25, real=3.23 secs] 

*** PauseDetector detected a 3234 ms pause at Fri Dec 19 17:46:36 EET 2014 ***

[GC (Allocation Failure) [ParNew: 545344K->27426K(613440K), 0.0066615 secs] 1295780K->777862K(2010624K), 0.0067058 secs] [Times: user=0.00 sys=0.00, real=0.01 secs] 
[GC (Allocation Failure) [ParNew: 572770K->68096K(613440K), 0.0569405 secs] 1323206K->858621K(2010624K), 0.0569931 secs] [Times: user=0.16 sys=0.00, real=0.06 secs] 
[GC (Allocation Failure) [ParNew: 613440K->13697K(613440K), 0.0418558 secs] 1403965K->867898K(2010624K), 0.0419071 secs] [Times: user=0.09 sys=0.00, real=0.04 secs] 
[GC (Allocation Failure) [ParNew: 559041K->68096K(613440K), 0.1662336 secs] 1413242K->990417K(2010624K), 0.1662843 secs] [Times: user=0.69 sys=0.00, real=0.17 secs] 
[GC (Allocation Failure) [ParNew: 613440K->27466K(613440K), 0.0790171 secs] 1535761K->1014090K(2010624K), 0.0790685 secs] [Times: user=0.34 sys=0.00, real=0.07 secs] 
[GC (Allocation Failure) [ParNew: 572810K->68096K(613440K), 0.1916143 secs] 1559434K->1111730K(2010624K), 0.1916644 secs] [Times: user=0.80 sys=0.00, real=0.19 secs] 
[GC (Allocation Failure) [ParNew: 613440K->27384K(613440K), 0.0678338 secs] 1657074K->1134712K(2010624K), 0.0678928 secs] [Times: user=0.28 sys=0.00, real=0.07 secs] 
[GC (Allocation Failure) [ParNew: 572728K->68096K(613440K), 0.1641203 secs] 1680056K->1230920K(2010624K), 0.1641722 secs] [Times: user=0.75 sys=0.00, real=0.16 secs] 
[GC (Allocation Failure) [ParNew: 613440K->33702K(613440K), 0.0656050 secs] 1776264K->1259152K(2010624K), 0.0656563 secs] [Times: user=0.22 sys=0.00, real=0.07 secs] 
[GC (CMS Initial Mark) [1 CMS-initial-mark: 1225450K(1397184K)] 1259225K(2010624K), 0.0038283 secs] [Times: user=0.00 sys=0.00, real=0.00 secs] 
[CMS-concurrent-mark-start]
[CMS-concurrent-mark: 1.230/1.230 secs] [Times: user=4.27 sys=0.00, real=1.23 secs] 
[CMS-concurrent-preclean-start]
[CMS-concurrent-preclean: 0.214/0.224 secs] [Times: user=0.44 sys=0.00, real=0.22 secs] 
[CMS-concurrent-abortable-preclean-start]
[GC (Allocation Failure) [ParNew[CMS-concurrent-abortable-preclean: 0.079/0.513 secs] [Times: user=1.06 sys=0.00, real=0.51 secs] 
: 579046K->68096K(613440K), 0.1478345 secs] 1804496K->1343798K(2010624K), 0.1478832 secs] [Times: user=0.59 sys=0.00, real=0.15 secs] 
[GC (CMS Final Remark) [YG occupancy: 79005 K (613440 K)][Rescan (parallel) , 0.0840471 secs][weak refs processing, 0.0000192 secs][class unloading, 0.0055195 secs][scrub symbol table, 0.0010541 secs][scrub string table, 0.0003561 secs][1 CMS-remark: 1275702K(1397184K)] 1354708K(2010624K), 0.0918191 secs] [Times: user=0.48 sys=0.00, real=0.09 secs] 
[CMS-concurrent-sweep-start]
[CMS-concurrent-sweep: 0.733/0.733 secs] [Times: user=1.48 sys=0.00, real=0.74 secs] 
[CMS-concurrent-reset-start]
[CMS-concurrent-reset: 0.003/0.003 secs] [Times: user=0.00 sys=0.00, real=0.00 secs] 
[GC (Allocation Failure) [ParNew: 613440K->47846K(613440K), 0.0612936 secs] 1311340K->809295K(2010624K), 0.0613436 secs] [Times: user=0.20 sys=0.00, real=0.06 secs] 
[GC (Allocation Failure) [ParNew: 593190K->68096K(613440K), 0.1269525 secs] 1354639K->878590K(2010624K), 0.1269987 secs] [Times: user=0.58 sys=0.00, real=0.12 secs] 
[GC (Allocation Failure) [ParNew: 613440K->34208K(613440K), 0.0532547 secs] 1423934K->908245K(2010624K), 0.0533066 secs] [Times: user=0.14 sys=0.00, real=0.05 secs] 
[GC (Allocation Failure) [ParNew: 579552K->68096K(613440K), 0.1290094 secs] 1453589K->988606K(2010624K), 0.1290594 secs] [Times: user=0.48 sys=0.00, real=0.12 secs] 
[GC (Allocation Failure) [ParNew (0: promotion failure size = 4167)  (1: promotion failure size = 4167)  (2: promotion failure size = 4167)  (3: promotion failure size = 4167)  (4: promotion failure size = 4167)  (5: promotion failure size = 4167)  (6: promotion failure size = 4167)  (7: promotion failure size = 4167)  (promotion failed): 613440K->593259K(613440K), 0.2570249 secs][CMS: 982334K->758273K(1397184K), 2.1282786 secs] 1533950K->758273K(2010624K), [Metaspace: 9979K->9979K(10240K)], 2.3853728 secs] [Times: user=2.53 sys=0.00, real=2.38 secs] 

*** PauseDetector detected a 2382 ms pause at Fri Dec 19 17:47:03 EET 2014 ***

[GC (Allocation Failure) [ParNew: 545344K->68096K(613440K), 0.0968010 secs] 1303617K->873351K(2010624K), 0.0968510 secs] [Times: user=0.36 sys=0.00, real=0.09 secs] 
[GC (Allocation Failure) [ParNew: 613440K->34226K(613440K), 0.0523038 secs] 1418695K->904022K(2010624K), 0.0523507 secs] [Times: user=0.22 sys=0.00, real=0.05 secs] 
[GC (Allocation Failure) [ParNew: 579570K->68096K(613440K), 0.0915368 secs] 1449366K->983251K(2010624K), 0.0915882 secs] [Times: user=0.36 sys=0.00, real=0.09 secs] 
[GC (Allocation Failure) [ParNew: 613440K->27374K(613440K), 0.0495034 secs] 1528595K->1006236K(2010624K), 0.0495534 secs] [Times: user=0.14 sys=0.00, real=0.05 secs] 
[GC (Allocation Failure) [ParNew: 572718K->68096K(613440K), 0.0885259 secs] 1551580K->1092656K(2010624K), 0.0885734 secs] [Times: user=0.34 sys=0.00, real=0.08 secs] 
[GC (Allocation Failure) [ParNew: 613440K->33857K(613440K), 0.0393690 secs] 1638000K->1121076K(2010624K), 0.0394171 secs] [Times: user=0.16 sys=0.00, real=0.03 secs] 
[GC (Allocation Failure) [ParNew: 579201K->68096K(613440K), 0.0826106 secs] 1666420K->1198612K(2010624K), 0.0826568 secs] [Times: user=0.36 sys=0.00, real=0.08 secs] 
[GC (Allocation Failure) [ParNew: 613440K->27363K(613440K), 0.0381949 secs] 1743956K->1221403K(2010624K), 0.0382443 secs] [Times: user=0.14 sys=0.00, real=0.03 secs] 
[GC (CMS Initial Mark) [1 CMS-initial-mark: 1194040K(1397184K)] 1221463K(2010624K), 0.0046841 secs] [Times: user=0.02 sys=0.00, real=0.01 secs] 
[CMS-concurrent-mark-start]
[CMS-concurrent-mark: 1.133/1.133 secs] [Times: user=3.70 sys=0.00, real=1.14 secs] 
[CMS-concurrent-preclean-start]
[CMS-concurrent-preclean: 0.119/0.128 secs] [Times: user=0.28 sys=0.00, real=0.13 secs] 
[CMS-concurrent-abortable-preclean-start]
[GC (Allocation Failure) [ParNew: 572707K->68096K(613440K), 0.0830321 secs] 1766747K->1306530K(2010624K), 0.0830783 secs] [Times: user=0.33 sys=0.00, real=0.08 secs] 
[CMS-concurrent-abortable-preclean: 0.796/1.392 secs] [Times: user=2.45 sys=0.00, real=1.39 secs] 
[GC (CMS Final Remark) [YG occupancy: 440611 K (613440 K)][Rescan (parallel) , 0.0871241 secs][weak refs processing, 0.0000148 secs][class unloading, 0.0059371 secs][scrub symbol table, 0.0013447 secs][scrub string table, 0.0003522 secs][1 CMS-remark: 1238434K(1397184K)] 1679046K(2010624K), 0.0956012 secs] [Times: user=0.39 sys=0.00, real=0.09 secs] 
[CMS-concurrent-sweep-start]
[GC (Allocation Failure) [ParNew: 613440K->26932K(613440K), 0.0449231 secs] 1771360K->1247117K(2010624K), 0.0449725 secs] [Times: user=0.14 sys=0.00, real=0.04 secs] 
[CMS-concurrent-sweep: 0.630/0.675 secs] [Times: user=1.50 sys=0.00, real=0.68 secs] 
[CMS-concurrent-reset-start]
[CMS-concurrent-reset: 0.003/0.003 secs] [Times: user=0.00 sys=0.00, real=0.00 secs] 
[GC (Allocation Failure) [ParNew: 572276K->68096K(613440K), 0.0739833 secs] 1324050K->863236K(2010624K), 0.0740334 secs] [Times: user=0.33 sys=0.00, real=0.07 secs] 
[GC (Allocation Failure) [ParNew: 613440K->33969K(613440K), 0.0459413 secs] 1408580K->892093K(2010624K), 0.0459901 secs] [Times: user=0.19 sys=0.00, real=0.04 secs] 
[GC (Allocation Failure) [ParNew (0: promotion failure size = 2779)  (1: promotion failure size = 2779)  (2: promotion failure size = 2779)  (3: promotion failure size = 2779)  (4: promotion failure size = 2779)  (5: promotion failure size = 2779)  (6: promotion failure size = 2779)  (7: promotion failure size = 2779)  (promotion failed): 579313K->613440K(613440K), 0.4938794 secs][CMS: 897103K->753136K(1397184K), 1.6896062 secs] 1437437K->753136K(2010624K), [Metaspace: 9979K->9979K(10240K)], 2.1836627 secs] [Times: user=2.31 sys=0.12, real=2.18 secs] 

*** PauseDetector detected a 2182 ms pause at Fri Dec 19 17:47:25 EET 2014 ***

[GC (Allocation Failure) [ParNew: 545344K->27366K(613440K), 0.0069406 secs] 1298480K->780502K(2010624K), 0.0069887 secs] [Times: user=0.00 sys=0.00, real=0.01 secs] 
[GC (Allocation Failure) [ParNew: 572710K->68096K(613440K), 0.0650545 secs] 1325846K->865652K(2010624K), 0.0651013 secs] [Times: user=0.22 sys=0.00, real=0.06 secs] 
[GC (Allocation Failure) [ParNew: 613440K->20151K(613440K), 0.0396276 secs] 1410996K->880308K(2010624K), 0.0397822 secs] [Times: user=0.14 sys=0.00, real=0.03 secs] 
[GC (Allocation Failure) [ParNew: 565495K->68096K(613440K), 0.0670729 secs] 1425652K->970692K(2010624K), 0.0671236 secs] [Times: user=0.20 sys=0.00, real=0.06 secs] 
[GC (Allocation Failure) [ParNew: 613440K->27271K(613440K), 0.0423164 secs] 1516036K->993632K(2010624K), 0.0423633 secs] [Times: user=0.19 sys=0.00, real=0.04 secs] 
[Full GC (System.gc()) [CMS: 966360K->753720K(1397184K), 1.8541493 secs] 993811K->753720K(2010624K), [Metaspace: 9979K->9979K(10240K)], 1.8544040 secs] [Times: user=1.86 sys=0.00, real=1.85 secs] 
[Full GC (System.gc()) [CMS: 753720K->748115K(1397184K), 1.3819237 secs] 764627K->748115K(2010624K), [Metaspace: 9979K->9979K(10240K)], 1.3821143 secs] [Times: user=1.37 sys=0.00, real=1.37 secs] 
[Full GC (System.gc()) [CMS: 748115K->748116K(1397184K), 1.3450222 secs] 748117K->748116K(2010624K), [Metaspace: 9979K->9979K(10240K)]
*** PauseDetector detected a 3228 ms pause at Fri Dec 19 17:47:36 EET 2014 ***

, 1.3452224 secs] [Times: user=1.36 sys=0.00, real=1.35 secs] 

*** PauseDetector detected a 1358 ms pause at Fri Dec 19 17:47:37 EET 2014 ***

[GC (Allocation Failure) [ParNew: 545344K->68096K(613440K), 0.0744523 secs] 1293460K->858094K(2010624K), 0.0745146 secs] [Times: user=0.33 sys=0.00, real=0.07 secs] 
[GC (Allocation Failure) [ParNew: 613440K->20555K(613440K), 0.0373602 secs] 1403438K->874630K(2010624K), 0.0374090 secs] [Times: user=0.11 sys=0.00, real=0.03 secs] 
[GC (Allocation Failure) [ParNew: 565899K->68096K(613440K), 0.0734226 secs] 1419974K->964805K(2010624K), 0.0734848 secs] [Times: user=0.28 sys=0.00, real=0.07 secs] 
[GC (Allocation Failure) [ParNew: 613440K->40322K(613440K), 0.0510335 secs] 1510149K->999165K(2010624K), 0.0510913 secs] [Times: user=0.14 sys=0.00, real=0.05 secs] 
[GC (Allocation Failure) [ParNew: 585666K->68096K(613440K), 0.0654215 secs] 1544509K->1068517K(2010624K), 0.0654844 secs] [Times: user=0.28 sys=0.00, real=0.06 secs] 
[GC (Allocation Failure) [ParNew: 613440K->20359K(613440K), 0.0368701 secs] 1613861K->1083777K(2010624K), 0.0369317 secs] [Times: user=0.08 sys=0.00, real=0.03 secs] 
[Full GC (System.gc()) [CMS: 1063417K->749019K(1397184K), 1.7278807 secs] 1400117K->749019K(2010624K), [Metaspace: 9979K->9979K(10240K)], 1.7281155 secs] [Times: user=1.72 sys=0.00, real=1.72 secs] 
[Full GC (System.gc()) [CMS: 749019K->749020K(1397184K), 1.3573148 secs] 749021K->749020K(2010624K), [Metaspace: 9979K->9979K(10240K)], 1.3576189 secs] [Times: user=1.36 sys=0.00, real=1.35 secs] 
[Full GC (System.gc()) [CMS: 749020K->748942K(1397184K), 1.3396766 secs] 749022K->748942K(2010624K), [Metaspace: 9979K->9979K(10240K)]
*** PauseDetector detected a 1723 ms pause at Fri Dec 19 17:47:49 EET 2014 ***

, 1.3398736 secs] [Times: user=1.34 sys=0.00, real=1.34 secs] 
********************************
********** ROUND   48 **********
********************************

*** PauseDetector detected a 2708 ms pause at Fri Dec 19 17:47:51 EET 2014 ***

[GC (Allocation Failure) [ParNew: 545344K->7519K(613440K), 0.0070484 secs] 1294286K->756461K(2010624K), 0.0070933 secs] [Times: user=0.06 sys=0.00, real=0.01 secs] 
[GC (Allocation Failure) [ParNew: 552863K->68096K(613440K), 0.0553013 secs] 1301805K->858684K(2010624K), 0.0553520 secs] [Times: user=0.19 sys=0.00, real=0.05 secs] 
[GC (Allocation Failure) [ParNew: 613440K->19774K(613440K), 0.0300508 secs] 1404028K->873793K(2010624K), 0.0300912 secs] [Times: user=0.06 sys=0.00, real=0.03 secs] 
[GC (Allocation Failure) [ParNew: 565118K->68096K(613440K), 0.0550851 secs] 1419137K->963494K(2010624K), 0.0551345 secs] [Times: user=0.20 sys=0.00, real=0.05 secs] 
[GC (Allocation Failure) [ParNew: 613440K->27153K(613440K), 0.0294669 secs] 1508838K->985501K(2010624K), 0.0295112 secs] [Times: user=0.13 sys=0.00, real=0.03 secs] 
[GC (Allocation Failure) [ParNew: 572497K->68096K(613440K), 0.0544788 secs] 1530845K->1067790K(2010624K), 0.0545307 secs] [Times: user=0.22 sys=0.00, real=0.05 secs] 
[GC (Allocation Failure) [ParNew: 613440K->27093K(613440K), 0.0287606 secs] 1613134K->1089570K(2010624K), 0.0288119 secs] [Times: user=0.12 sys=0.00, real=0.03 secs] 
[GC (Allocation Failure) [ParNew: 572437K->68096K(613440K), 0.0530872 secs] 1634914K->1172492K(2010624K), 0.0531334 secs] [Times: user=0.22 sys=0.00, real=0.05 secs] 
[GC (Allocation Failure) [ParNew: 613440K->33574K(613440K), 0.0296838 secs] 1717836K->1199927K(2010624K), 0.0297319 secs] [Times: user=0.12 sys=0.00, real=0.03 secs] 
[GC (CMS Initial Mark) [1 CMS-initial-mark: 1166352K(1397184K)] 1210837K(2010624K), 0.0037898 secs] [Times: user=0.00 sys=0.00, real=0.00 secs] 
[CMS-concurrent-mark-start]
[CMS-concurrent-mark: 1.109/1.109 secs] [Times: user=3.60 sys=0.00, real=1.12 secs] 
[CMS-concurrent-preclean-start]
[CMS-concurrent-preclean: 0.075/0.080 secs] [Times: user=0.16 sys=0.00, real=0.08 secs] 
[CMS-concurrent-abortable-preclean-start]
[GC (Allocation Failure) [ParNew: 578918K->68096K(613440K), 0.0514852 secs] 1745271K->1275395K(2010624K), 0.0515372 secs] [Times: user=0.27 sys=0.00, real=0.05 secs] 
[CMS-concurrent-abortable-preclean: 0.648/1.408 secs] [Times: user=2.28 sys=0.00, real=1.41 secs] 
[GC (CMS Final Remark) [YG occupancy: 440872 K (613440 K)][Rescan (parallel) , 0.0808860 secs][weak refs processing, 0.0000167 secs][class unloading, 0.0058159 secs][scrub symbol table, 0.0015436 secs][scrub string table, 0.0003522 secs][1 CMS-remark: 1207299K(1397184K)] 1648172K(2010624K), 0.0894318 secs] [Times: user=0.44 sys=0.00, real=0.08 secs] 
[CMS-concurrent-sweep-start]
[GC (Allocation Failure) [ParNew: 613440K->33704K(613440K), 0.0341723 secs] 1810861K->1293532K(2010624K), 0.0342262 secs] [Times: user=0.16 sys=0.00, real=0.03 secs] 
[CMS-concurrent-sweep: 0.527/0.562 secs] [Times: user=1.29 sys=0.00, real=0.57 secs] 
[CMS-concurrent-reset-start]
[CMS-concurrent-reset: 0.003/0.003 secs] [Times: user=0.00 sys=0.00, real=0.00 secs] 
[GC (Allocation Failure) [ParNew: 579048K->68096K(613440K), 0.0525945 secs] 1326342K->855248K(2010624K), 0.0526573 secs] [Times: user=0.22 sys=0.00, real=0.05 secs] 
[GC (Allocation Failure) [ParNew: 613440K->20510K(613440K), 0.0289004 secs] 1400592K->871042K(2010624K), 0.0289466 secs] [Times: user=0.08 sys=0.02, real=0.03 secs] 
[GC (Allocation Failure) [ParNew: 565854K->68096K(613440K), 0.0552782 secs] 1416386K->958364K(2010624K), 0.0553436 secs] [Times: user=0.19 sys=0.00, real=0.05 secs] 
[GC (Allocation Failure) [ParNew: 613440K->34275K(613440K), 0.0640691 secs] 1503708K->987973K(2010624K), 0.0641191 secs] [Times: user=0.14 sys=0.00, real=0.06 secs] 
[GC (Allocation Failure) [ParNew (0: promotion failure size = 113)  (1: promotion failure size = 113)  (2: promotion failure size = 113)  (3: promotion failure size = 113)  (4: promotion failure size = 113)  (5: promotion failure size = 113)  (6: promotion failure size = 113)  (7: promotion failure size = 113)  (promotion failed): 579619K->613440K(613440K), 0.3746412 secs][CMS: 990651K->750356K(1397184K), 1.5415157 secs] 1533317K->750356K(2010624K), [Metaspace: 9979K->9979K(10240K)]
*** PauseDetector detected a 1912 ms pause at Fri Dec 19 17:48:17 EET 2014 ***

, 1.9162249 secs] [Times: user=2.06 sys=0.03, real=1.91 secs] 
[GC (Allocation Failure) [ParNew: 545344K->27379K(613440K), 0.0070272 secs] 1295700K->777735K(2010624K), 0.0070740 secs] [Times: user=0.00 sys=0.00, real=0.01 secs] 
[GC (Allocation Failure) [ParNew: 572723K->68096K(613440K), 0.1552197 secs] 1323079K->887211K(2010624K), 0.1552723 secs] [Times: user=0.75 sys=0.00, real=0.16 secs] 
[GC (Allocation Failure) [ParNew: 613440K->27380K(613440K), 0.0861598 secs] 1432555K->911565K(2010624K), 0.0862073 secs] [Times: user=0.28 sys=0.00, real=0.08 secs] 
[GC (Allocation Failure) [ParNew: 572724K->68096K(613440K), 0.1884514 secs] 1456909K->1009273K(2010624K), 0.1885027 secs] [Times: user=0.91 sys=0.00, real=0.19 secs] 
[GC (Allocation Failure) [ParNew: 613440K->20541K(613440K), 0.0722267 secs] 1554617K->1025622K(2010624K), 0.0722748 secs] [Times: user=0.30 sys=0.00, real=0.07 secs] 
[GC (Allocation Failure) [ParNew: 565885K->68096K(613440K), 0.1592565 secs] 1570966K->1127440K(2010624K), 0.1593039 secs] [Times: user=0.75 sys=0.00, real=0.15 secs] 
[GC (Allocation Failure) [ParNew: 613440K->13706K(613440K), 0.0605981 secs] 1672784K->1136786K(2010624K), 0.0606462 secs] [Times: user=0.20 sys=0.00, real=0.06 secs] 
[GC (Allocation Failure) [ParNew: 559050K->68096K(613440K), 0.1415047 secs] 1682130K->1241346K(2010624K), 0.1415580 secs] [Times: user=0.53 sys=0.00, real=0.13 secs] 
[GC (CMS Initial Mark) [1 CMS-initial-mark: 1173250K(1397184K)] 1252253K(2010624K), 0.0083604 secs] [Times: user=0.00 sys=0.00, real=0.00 secs] 
[CMS-concurrent-mark-start]
[CMS-concurrent-mark: 1.181/1.181 secs] [Times: user=3.56 sys=0.00, real=1.19 secs] 
[CMS-concurrent-preclean-start]
[CMS-concurrent-preclean: 0.005/0.005 secs] [Times: user=0.00 sys=0.00, real=0.01 secs] 
[CMS-concurrent-abortable-preclean-start]
[GC (Allocation Failure) [ParNew: 613440K->20641K(613440K), 0.0763803 secs] 1786690K->1259927K(2010624K), 0.0764348 secs] [Times: user=0.33 sys=0.00, real=0.07 secs] 
[CMS-concurrent-abortable-preclean: 0.704/1.393 secs] [Times: user=2.86 sys=0.00, real=1.39 secs] 
[GC (CMS Final Remark) [YG occupancy: 339071 K (613440 K)][Rescan (parallel) , 0.0792738 secs][weak refs processing, 0.0000180 secs][class unloading, 0.0052308 secs][scrub symbol table, 0.0010612 secs][scrub string table, 0.0003529 secs][1 CMS-remark: 1239286K(1397184K)] 1578357K(2010624K), 0.0867693 secs] [Times: user=0.37 sys=0.00, real=0.08 secs] 
[CMS-concurrent-sweep-start]
[GC (Allocation Failure) [ParNew: 565985K->68096K(613440K), 0.1320684 secs] 1577286K->1128399K(2010624K), 0.1321184 secs] [Times: user=0.59 sys=0.00, real=0.13 secs] 
[CMS-concurrent-sweep: 0.788/0.920 secs] [Times: user=2.17 sys=0.00, real=0.93 secs] 
[CMS-concurrent-reset-start]
[CMS-concurrent-reset: 0.003/0.003 secs] [Times: user=0.00 sys=0.00, real=0.00 secs] 
[GC (Allocation Failure) [ParNew: 613440K->34291K(613440K), 0.0531449 secs] 1427084K->911496K(2010624K), 0.0531918 secs] [Times: user=0.14 sys=0.00, real=0.04 secs] 
[GC (Allocation Failure) [ParNew: 579635K->68096K(613440K), 0.1204796 secs] 1456840K->991794K(2010624K), 0.1205271 secs] [Times: user=0.47 sys=0.00, real=0.12 secs] 
[GC (Allocation Failure) [ParNew: 613440K->20539K(613440K), 0.0580658 secs] 1537138K->1007768K(2010624K), 0.0581261 secs] [Times: user=0.20 sys=0.00, real=0.06 secs] 
[GC (Allocation Failure) [ParNew (0: promotion failure size = 4167)  (1: promotion failure size = 4167)  (2: promotion failure size = 4167)  (3: promotion failure size = 4167)  (4: promotion failure size = 4167)  (5: promotion failure size = 4167)  (6: promotion failure size = 4167)  (7: promotion failure size = 4167)  (promotion failed): 565883K->613440K(613440K), 0.2265456 secs][CMS: 1032710K->756371K(1397184K), 1.7360197 secs] 1553112K->756371K(2010624K), [Metaspace: 9979K->9979K(10240K)], 1.9626321 secs] [Times: user=2.32 sys=0.00, real=1.96 secs] 

*** PauseDetector detected a 1963 ms pause at Fri Dec 19 17:48:42 EET 2014 ***

[GC (Allocation Failure) [ParNew: 545344K->27427K(613440K), 0.0068193 secs] 1301715K->783799K(2010624K), 0.0069720 secs] [Times: user=0.00 sys=0.00, real=0.01 secs] 
[GC (Allocation Failure) [ParNew: 572771K->68096K(613440K), 0.0925602 secs] 1329143K->870749K(2010624K), 0.0926814 secs] [Times: user=0.42 sys=0.00, real=0.09 secs] 
[GC (Allocation Failure) [ParNew: 613440K->27430K(613440K), 0.0561725 secs] 1416093K->894337K(2010624K), 0.0562226 secs] [Times: user=0.19 sys=0.00, real=0.05 secs] 
[GC (Allocation Failure) [ParNew: 572774K->68096K(613440K), 0.0853553 secs] 1439681K->979890K(2010624K), 0.0855041 secs] [Times: user=0.36 sys=0.00, real=0.08 secs] 
[GC (Allocation Failure) [ParNew: 613440K->47953K(613440K), 0.0445087 secs] 1525234K->1023715K(2010624K), 0.0446652 secs] [Times: user=0.13 sys=0.00, real=0.04 secs] 
[GC (Allocation Failure) [ParNew: 593297K->68096K(613440K), 0.0798416 secs] 1569059K->1088363K(2010624K), 0.0798890 secs] [Times: user=0.36 sys=0.00, real=0.08 secs] 
[GC (Allocation Failure) [ParNew: 613440K->20212K(613440K), 0.0505126 secs] 1633707K->1103036K(2010624K), 0.0505645 secs] [Times: user=0.22 sys=0.00, real=0.05 secs] 
[GC (Allocation Failure) [ParNew: 565556K->68096K(613440K), 0.0789851 secs] 1648380K->1195352K(2010624K), 0.0790755 secs] [Times: user=0.34 sys=0.00, real=0.07 secs] 
[GC (Allocation Failure) [ParNew: 613440K->33595K(613440K), 0.0420078 secs] 1740696K->1222989K(2010624K), 0.0421644 secs] [Times: user=0.14 sys=0.00, real=0.04 secs] 
[GC (CMS Initial Mark) [1 CMS-initial-mark: 1189393K(1397184K)] 1223055K(2010624K), 0.0027119 secs] [Times: user=0.00 sys=0.00, real=0.01 secs] 
[CMS-concurrent-mark-start]
[CMS-concurrent-mark: 1.102/1.102 secs] [Times: user=3.67 sys=0.00, real=1.10 secs] 
[CMS-concurrent-preclean-start]
[CMS-concurrent-preclean: 0.118/0.126 secs] [Times: user=0.25 sys=0.00, real=0.13 secs] 
[CMS-concurrent-abortable-preclean-start]
[GC (Allocation Failure) [ParNew[CMS-concurrent-abortable-preclean: 0.060/0.408 secs] [Times: user=0.69 sys=0.00, real=0.41 secs] 
: 578939K->68096K(613440K), 0.0778065 secs] 1768333K->1301340K(2010624K), 0.0778578 secs] [Times: user=0.28 sys=0.00, real=0.07 secs] 
[GC (CMS Final Remark) [YG occupancy: 79065 K (613440 K)][Rescan (parallel) , 0.0399657 secs][weak refs processing, 0.0000160 secs][class unloading, 0.0051300 secs][scrub symbol table, 0.0010522 secs][scrub string table, 0.0003490 secs][1 CMS-remark: 1233244K(1397184K)] 1312309K(2010624K), 0.0473201 secs] [Times: user=0.23 sys=0.00, real=0.05 secs] 
[CMS-concurrent-sweep-start]
[CMS-concurrent-sweep: 0.639/0.639 secs] [Times: user=1.33 sys=0.00, real=0.64 secs] 
[CMS-concurrent-reset-start]
[CMS-concurrent-reset: 0.003/0.003 secs] [Times: user=0.00 sys=0.00, real=0.00 secs] 
[GC (Allocation Failure) [ParNew: 613440K->33640K(613440K), 0.0355285 secs] 1302520K->785132K(2010624K), 0.0355799 secs] [Times: user=0.13 sys=0.00, real=0.03 secs] 
[GC (Allocation Failure) [ParNew: 578984K->68096K(613440K), 0.0676125 secs] 1330476K->862082K(2010624K), 0.0676606 secs] [Times: user=0.34 sys=0.00, real=0.06 secs] 
[GC (Allocation Failure) [ParNew: 613440K->27340K(613440K), 0.0347529 secs] 1407426K->884850K(2010624K), 0.0348190 secs] [Times: user=0.06 sys=0.00, real=0.03 secs] 
[GC (Allocation Failure) [ParNew (0: promotion failure size = 2779)  (1: promotion failure size = 2779)  (2: promotion failure size = 2779)  (3: promotion failure size = 2779)  (4: promotion failure size = 2779)  (5: promotion failure size = 2779)  (6: promotion failure size = 2779)  (7: promotion failure size = 2779)  (promotion failed): 572684K->613440K(613440K), 0.2054525 secs][CMS: 899542K->752855K(1397184K), 1.7205526 secs] 1430194K->752855K(2010624K), [Metaspace: 9979K->9979K(10240K)]
*** PauseDetector detected a 1922 ms pause at Fri Dec 19 17:49:05 EET 2014 ***

, 1.9260783 secs] [Times: user=2.08 sys=0.00, real=1.92 secs] 
[GC (Allocation Failure) [ParNew: 545344K->27423K(613440K), 0.0066968 secs] 1298199K->780279K(2010624K), 0.0068116 secs] [Times: user=0.00 sys=0.00, real=0.01 secs] 
[GC (Allocation Failure) [ParNew: 572767K->68096K(613440K), 0.0633627 secs] 1325623K->866236K(2010624K), 0.0634082 secs] [Times: user=0.25 sys=0.00, real=0.06 secs] 
[GC (Allocation Failure) [ParNew: 613440K->26474K(613440K), 0.0438068 secs] 1411580K->886052K(2010624K), 0.0439249 secs] [Times: user=0.13 sys=0.00, real=0.04 secs] 
[Full GC (System.gc()) [CMS: 859578K->747511K(1397184K), 1.5329327 secs] 1018009K->747511K(2010624K), [Metaspace: 9979K->9979K(10240K)], 1.5332702 secs] [Times: user=1.53 sys=0.00, real=1.53 secs] 
[Full GC (System.gc()) [CMS: 747511K->747512K(1397184K), 1.6772546 secs] 758418K->747512K(2010624K), [Metaspace: 9979K->9979K(10240K)], 1.6775645 secs] [Times: user=1.68 sys=0.00, real=1.68 secs] 
[Full GC (System.gc()) [CMS: 747512K->747435K(1397184K), 1.3613593 secs] 758421K->747435K(2010624K), [Metaspace: 9979K->9979K(10240K)]
*** PauseDetector detected a 3211 ms pause at Fri Dec 19 17:49:13 EET 2014 ***

, 1.3616782 secs] [Times: user=1.36 sys=0.00, real=1.36 secs] 

*** PauseDetector detected a 1365 ms pause at Fri Dec 19 17:49:14 EET 2014 ***

[GC (Allocation Failure) [ParNew: 545344K->7347K(613440K), 0.0106316 secs] 1292779K->754782K(2010624K), 0.0107002 secs] [Times: user=0.00 sys=0.00, real=0.01 secs] 
[GC (Allocation Failure) [ParNew: 552691K->68096K(613440K), 0.0680103 secs] 1300126K->857904K(2010624K), 0.0680693 secs] [Times: user=0.26 sys=0.00, real=0.07 secs] 
[GC (Allocation Failure) [ParNew: 613440K->26279K(613440K), 0.0366994 secs] 1403248K->879450K(2010624K), 0.0367443 secs] [Times: user=0.13 sys=0.00, real=0.03 secs] 
[GC (Allocation Failure) [ParNew: 571623K->68096K(613440K), 0.0695455 secs] 1424794K->964386K(2010624K), 0.0696052 secs] [Times: user=0.27 sys=0.00, real=0.07 secs] 
[GC (Allocation Failure) [ParNew: 613440K->13288K(613440K), 0.0432884 secs] 1509730K->971283K(2010624K), 0.0433628 secs] [Times: user=0.13 sys=0.00, real=0.04 secs] 
[GC (Allocation Failure) [ParNew: 558632K->68096K(613440K), 0.0662876 secs] 1516627K->1069949K(2010624K), 0.0663518 secs] [Times: user=0.25 sys=0.00, real=0.07 secs] 
[Full GC (System.gc()) [CMS: 1001853K->750896K(1397184K), 1.9321521 secs] 1451701K->750896K(2010624K), [Metaspace: 9979K->9979K(10240K)], 1.9323747 secs] [Times: user=1.92 sys=0.00, real=1.92 secs] 
[Full GC (System.gc()) [CMS: 750896K->750818K(1397184K), 1.3423263 secs] 750898K->750818K(2010624K), [Metaspace: 9979K->9979K(10240K)], 1.3426336 secs] [Times: user=1.34 sys=0.00, real=1.33 secs] 
[Full GC (System.gc()) [CMS: 750818K->746878K(1397184K), 1.3793658 secs] 761727K->746878K(2010624K), [Metaspace: 9979K->9979K(10240K)]
*** PauseDetector detected a 1934 ms pause at Fri Dec 19 17:49:26 EET 2014 ***

, 1.3795807 secs] [Times: user=1.39 sys=0.00, real=1.38 secs] 
********************************
********** ROUND   49 **********
********************************

*** PauseDetector detected a 2725 ms pause at Fri Dec 19 17:49:29 EET 2014 ***

[GC (Allocation Failure) [ParNew: 545344K->68096K(613440K), 0.0556291 secs] 1292222K->865399K(2010624K), 0.0556811 secs] [Times: user=0.22 sys=0.00, real=0.05 secs] 
[GC (Allocation Failure) [ParNew: 613440K->35862K(613440K), 0.0273093 secs] 1410743K->887893K(2010624K), 0.0273600 secs] [Times: user=0.11 sys=0.00, real=0.03 secs] 
[GC (Allocation Failure) [ParNew: 581206K->68096K(613440K), 0.0556516 secs] 1433237K->961906K(2010624K), 0.0556965 secs] [Times: user=0.19 sys=0.00, real=0.05 secs] 
[GC (Allocation Failure) [ParNew: 613440K->33807K(613440K), 0.0288318 secs] 1507250K->990056K(2010624K), 0.0288741 secs] [Times: user=0.06 sys=0.00, real=0.03 secs] 
[GC (Allocation Failure) [ParNew: 579151K->68096K(613440K), 0.0539777 secs] 1535400K->1065185K(2010624K), 0.0540252 secs] [Times: user=0.20 sys=0.00, real=0.05 secs] 
[GC (Allocation Failure) [ParNew: 613440K->34029K(613440K), 0.0329302 secs] 1610529K->1094478K(2010624K), 0.0330450 secs] [Times: user=0.13 sys=0.00, real=0.03 secs] 
[GC (Allocation Failure) [ParNew: 579373K->68096K(613440K), 0.0535511 secs] 1639822K->1170919K(2010624K), 0.0536056 secs] [Times: user=0.26 sys=0.00, real=0.05 secs] 
[GC (Allocation Failure) [ParNew: 613440K->26625K(613440K), 0.0295786 secs] 1716263K->1190957K(2010624K), 0.0297326 secs] [Times: user=0.08 sys=0.00, real=0.03 secs] 
[GC (CMS Initial Mark) [1 CMS-initial-mark: 1164332K(1397184K)] 1201864K(2010624K), 0.0032034 secs] [Times: user=0.00 sys=0.00, real=0.00 secs] 
[CMS-concurrent-mark-start]
[CMS-concurrent-mark: 1.109/1.109 secs] [Times: user=3.51 sys=0.00, real=1.12 secs] 
[CMS-concurrent-preclean-start]
[CMS-concurrent-preclean: 0.068/0.072 secs] [Times: user=0.16 sys=0.00, real=0.07 secs] 
[CMS-concurrent-abortable-preclean-start]
[GC (Allocation Failure) [ParNew[CMS-concurrent-abortable-preclean: 0.059/0.380 secs] [Times: user=0.58 sys=0.00, real=0.38 secs] 
: 571969K->68096K(613440K), 0.0553282 secs] 1736301K->1275164K(2010624K), 0.0553789 secs] [Times: user=0.19 sys=0.00, real=0.05 secs] 
[GC (CMS Final Remark) [YG occupancy: 79005 K (613440 K)][Rescan (parallel) , 0.0240270 secs][weak refs processing, 0.0000148 secs][class unloading, 0.0052282 secs][scrub symbol table, 0.0010624 secs][scrub string table, 0.0003503 secs][1 CMS-remark: 1207068K(1397184K)] 1286073K(2010624K), 0.0314860 secs] [Times: user=0.19 sys=0.00, real=0.03 secs] 
[CMS-concurrent-sweep-start]
[CMS-concurrent-sweep: 0.504/0.504 secs] [Times: user=1.01 sys=0.00, real=0.51 secs] 
[CMS-concurrent-reset-start]
[CMS-concurrent-reset: 0.003/0.003 secs] [Times: user=0.00 sys=0.00, real=0.00 secs] 
[GC (Allocation Failure) [ParNew: 613440K->26320K(613440K), 0.0281729 secs] 1300160K->773641K(2010624K), 0.0283455 secs] [Times: user=0.06 sys=0.00, real=0.03 secs] 
[GC (Allocation Failure) [ParNew: 571664K->68096K(613440K), 0.0521749 secs] 1318985K->855436K(2010624K), 0.0522243 secs] [Times: user=0.20 sys=0.00, real=0.05 secs] 
[GC (Allocation Failure) [ParNew: 613440K->27294K(613440K), 0.0391759 secs] 1400780K->877920K(2010624K), 0.0392227 secs] [Times: user=0.13 sys=0.00, real=0.04 secs] 
[GC (Allocation Failure) [ParNew: 572638K->68096K(613440K), 0.0606430 secs] 1423264K->958439K(2010624K), 0.0606905 secs] [Times: user=0.20 sys=0.00, real=0.06 secs] 
[GC (Allocation Failure) [ParNew: 613440K->27418K(613440K), 0.1923393 secs] 1503783K->981210K(2010624K), 0.1924587 secs] [Times: user=0.25 sys=0.00, real=0.19 secs] 
[GC (Allocation Failure) [ParNew (0: promotion failure size = 113)  (1: promotion failure size = 113)  (2: promotion failure size = 113)  (3: promotion failure size = 113)  (4: promotion failure size = 1237)  (5: promotion failure size = 1237)  (6: promotion failure size = 1237)  (7: promotion failure size = 1237)  (promotion failed): 572762K->613440K(613440K), 1.6130848 secs][CMS: 957912K->750328K(1397184K), 1.5992582 secs] 1526554K->750328K(2010624K), [Metaspace: 9979K->9979K(10240K)], 3.2124130 secs] [Times: user=3.49 sys=0.31, real=3.21 secs] 

*** PauseDetector detected a 3215 ms pause at Fri Dec 19 17:49:55 EET 2014 ***

[GC (Allocation Failure) [ParNew: 545344K->34279K(613440K), 0.0067321 secs] 1295672K->784608K(2010624K), 0.0067757 secs] [Times: user=0.08 sys=0.00, real=0.01 secs] 
[GC (Allocation Failure) [ParNew: 579623K->68096K(613440K), 0.1621814 secs] 1329952K->887244K(2010624K), 0.1622315 secs] [Times: user=0.80 sys=0.00, real=0.16 secs] 
[GC (Allocation Failure) [ParNew: 613440K->27334K(613440K), 0.0824541 secs] 1432588K->911425K(2010624K), 0.0825118 secs] [Times: user=0.36 sys=0.00, real=0.08 secs] 
[GC (Allocation Failure) [ParNew: 572678K->68096K(613440K), 0.1916689 secs] 1456769K->1009220K(2010624K), 0.1917234 secs] [Times: user=0.89 sys=0.00, real=0.19 secs] 
[GC (Allocation Failure) [ParNew: 613440K->47962K(613440K), 0.0707466 secs] 1554564K->1053024K(2010624K), 0.0707947 secs] [Times: user=0.28 sys=0.00, real=0.07 secs] 
[GC (Allocation Failure) [ParNew: 593306K->68096K(613440K), 0.1582229 secs] 1598368K->1127460K(2010624K), 0.1582761 secs] [Times: user=0.76 sys=0.00, real=0.16 secs] 
[GC (Allocation Failure) [ParNew: 613440K->27364K(613440K), 0.0604897 secs] 1672804K->1150398K(2010624K), 0.0605365 secs] [Times: user=0.19 sys=0.00, real=0.06 secs] 
[GC (Allocation Failure) [ParNew: 572708K->68096K(613440K), 0.1439145 secs] 1695742K->1242537K(2010624K), 0.1439626 secs] [Times: user=0.66 sys=0.00, real=0.14 secs] 
[GC (Allocation Failure) [ParNew: 613440K->33696K(613440K), 0.0626621 secs] 1787881K->1270554K(2010624K), 0.0627096 secs] [Times: user=0.22 sys=0.00, real=0.06 secs] 
[GC (CMS Initial Mark) [1 CMS-initial-mark: 1236857K(1397184K)] 1281461K(2010624K), 0.0038905 secs] [Times: user=0.00 sys=0.00, real=0.00 secs] 
[CMS-concurrent-mark-start]
[CMS-concurrent-mark: 1.163/1.163 secs] [Times: user=4.04 sys=0.00, real=1.17 secs] 
[CMS-concurrent-preclean-start]
[CMS-concurrent-preclean: 0.220/0.234 secs] [Times: user=0.47 sys=0.00, real=0.23 secs] 
[CMS-concurrent-abortable-preclean-start]
[GC (Allocation Failure) [ParNew[CMS-concurrent-abortable-preclean: 0.129/0.726 secs] [Times: user=1.08 sys=0.00, real=0.73 secs] 
: 579040K->68096K(613440K), 0.1346751 secs] 1815898K->1353939K(2010624K), 0.1347271 secs] [Times: user=0.61 sys=0.00, real=0.13 secs] 
[GC (CMS Final Remark) [YG occupancy: 79005 K (613440 K)][Rescan (parallel) , 0.0758028 secs][weak refs processing, 0.0000199 secs][class unloading, 0.0057126 secs][scrub symbol table, 0.0013082 secs][scrub string table, 0.0003497 secs][1 CMS-remark: 1285843K(1397184K)] 1364848K(2010624K), 0.0840131 secs] [Times: user=0.48 sys=0.00, real=0.08 secs] 
[CMS-concurrent-sweep-start]
[CMS-concurrent-sweep: 0.904/0.904 secs] [Times: user=1.79 sys=0.00, real=0.91 secs] 
[CMS-concurrent-reset-start]
[CMS-concurrent-reset: 0.003/0.003 secs] [Times: user=0.03 sys=0.00, real=0.00 secs] 
[GC (Allocation Failure) [ParNew: 613440K->34194K(613440K), 0.0548823 secs] 1310909K->795241K(2010624K), 0.0549285 secs] [Times: user=0.14 sys=0.00, real=0.05 secs] 
[GC (Allocation Failure) [ParNew: 579538K->68096K(613440K), 0.1143147 secs] 1340585K->875986K(2010624K), 0.1143609 secs] [Times: user=0.51 sys=0.00, real=0.11 secs] 
[GC (Allocation Failure) [ParNew: 613440K->47649K(613440K), 0.0610909 secs] 1421330K->918720K(2010624K), 0.0611396 secs] [Times: user=0.20 sys=0.00, real=0.05 secs] 
[GC (Allocation Failure) [ParNew: 592993K->68096K(613440K), 0.1308404 secs] 1464064K->984968K(2010624K), 0.1308918 secs] [Times: user=0.47 sys=0.00, real=0.12 secs] 
[GC (Allocation Failure) [ParNew (0: promotion failure size = 4167)  (1: promotion failure size = 4167)  (2: promotion failure size = 4167)  (3: promotion failure size = 4167)  (4: promotion failure size = 4167)  (5: promotion failure size = 4167)  (6: promotion failure size = 4167)  (7: promotion failure size = 4167)  (promotion failed): 613440K->579558K(613440K), 0.2904055 secs][CMS: 978803K->757626K(1397184K), 1.8611777 secs] 1530312K->757626K(2010624K), [Metaspace: 9979K->9979K(10240K)], 2.1517244 secs] [Times: user=2.29 sys=0.00, real=2.15 secs] 

*** PauseDetector detected a 2150 ms pause at Fri Dec 19 17:50:21 EET 2014 ***

[GC (Allocation Failure) [ParNew: 545344K->68096K(613440K), 0.0912905 secs] 1302970K->872342K(2010624K), 0.0913380 secs] [Times: user=0.34 sys=0.00, real=0.09 secs] 
[GC (Allocation Failure) [ParNew: 613440K->47688K(613440K), 0.0522782 secs] 1417686K->916157K(2010624K), 0.0523295 secs] [Times: user=0.14 sys=0.00, real=0.04 secs] 
[GC (Allocation Failure) [ParNew: 593032K->68096K(613440K), 0.0871966 secs] 1461501K->981353K(2010624K), 0.0872479 secs] [Times: user=0.34 sys=0.00, real=0.08 secs] 
[GC (Allocation Failure) [ParNew: 613440K->27363K(613440K), 0.0539636 secs] 1526697K->1004499K(2010624K), 0.0540098 secs] [Times: user=0.20 sys=0.00, real=0.05 secs] 
[GC (Allocation Failure) [ParNew: 572707K->68096K(613440K), 0.0830180 secs] 1549843K->1091106K(2010624K), 0.0830629 secs] [Times: user=0.31 sys=0.00, real=0.08 secs] 
[GC (Allocation Failure) [ParNew: 613440K->19857K(613440K), 0.0374347 secs] 1636450K->1104017K(2010624K), 0.0374828 secs] [Times: user=0.13 sys=0.00, real=0.03 secs] 
[GC (Allocation Failure) [ParNew: 565201K->68096K(613440K), 0.0750272 secs] 1649361K->1195874K(2010624K), 0.0750759 secs] [Times: user=0.34 sys=0.00, real=0.07 secs] 
[GC (Allocation Failure) [ParNew: 613440K->27137K(613440K), 0.0364357 secs] 1741218K->1217962K(2010624K), 0.0365897 secs] [Times: user=0.13 sys=0.00, real=0.03 secs] 
[GC (CMS Initial Mark) [1 CMS-initial-mark: 1190824K(1397184K)] 1228871K(2010624K), 0.0039232 secs] [Times: user=0.00 sys=0.00, real=0.01 secs] 
[CMS-concurrent-mark-start]
[CMS-concurrent-mark: 1.152/1.152 secs] [Times: user=3.71 sys=0.00, real=1.15 secs] 
[CMS-concurrent-preclean-start]
[CMS-concurrent-preclean: 0.117/0.126 secs] [Times: user=0.25 sys=0.00, real=0.13 secs] 
[CMS-concurrent-abortable-preclean-start]
[GC (Allocation Failure) [ParNew[CMS-concurrent-abortable-preclean: 0.075/0.530 secs] [Times: user=0.83 sys=0.00, real=0.53 secs] 
: 572481K->68096K(613440K), 0.0774183 secs] 1763306K->1303324K(2010624K), 0.0775640 secs] [Times: user=0.28 sys=0.00, real=0.07 secs] 
[GC (CMS Final Remark) [YG occupancy: 79005 K (613440 K)][Rescan (parallel) , 0.0404289 secs][weak refs processing, 0.0000154 secs][class unloading, 0.0051596 secs][scrub symbol table, 0.0010458 secs][scrub string table, 0.0003484 secs][1 CMS-remark: 1235228K(1397184K)] 1314233K(2010624K), 0.0478019 secs] [Times: user=0.23 sys=0.00, real=0.05 secs] 
[CMS-concurrent-sweep-start]
[CMS-concurrent-sweep: 0.605/0.605 secs] [Times: user=1.26 sys=0.00, real=0.61 secs] 
[CMS-concurrent-reset-start]
[CMS-concurrent-reset: 0.002/0.002 secs] [Times: user=0.00 sys=0.00, real=0.00 secs] 
[GC (Allocation Failure) [ParNew: 613440K->33485K(613440K), 0.0353386 secs] 1303249K->785160K(2010624K), 0.0353893 secs] [Times: user=0.11 sys=0.02, real=0.03 secs] 
[GC (Allocation Failure) [ParNew: 578829K->68096K(613440K), 0.0715254 secs] 1330504K->862748K(2010624K), 0.0715761 secs] [Times: user=0.34 sys=0.00, real=0.07 secs] 
[GC (Allocation Failure) [ParNew: 613440K->27169K(613440K), 0.0418365 secs] 1408092K->884799K(2010624K), 0.0419931 secs] [Times: user=0.12 sys=0.00, real=0.04 secs] 
[GC (Allocation Failure) [ParNew (0: promotion failure size = 2779)  (1: promotion failure size = 2779)  (2: promotion failure size = 2779)  (3: promotion failure size = 2779)  (4: promotion failure size = 2779)  (5: promotion failure size = 2779)  (6: promotion failure size = 2779)  (7: promotion failure size = 2779)  (promotion failed): 572513K->613440K(613440K), 0.5116574 secs][CMS: 896264K->752930K(1397184K), 1.7083082 secs] 1430143K->752930K(2010624K), [Metaspace: 9979K->9979K(10240K)], 2.2200323 secs] [Times: user=2.50 sys=0.11, real=2.22 secs] 

*** PauseDetector detected a 2220 ms pause at Fri Dec 19 17:50:44 EET 2014 ***

[GC (Allocation Failure) [ParNew: 545344K->27408K(613440K), 0.0067680 secs] 1298274K->780338K(2010624K), 0.0068161 secs] [Times: user=0.00 sys=0.00, real=0.01 secs] 
[GC (Allocation Failure) [ParNew: 572752K->68096K(613440K), 0.0622669 secs] 1325682K->863777K(2010624K), 0.0623143 secs] [Times: user=0.25 sys=0.00, real=0.06 secs] 
[GC (Allocation Failure) [ParNew: 613440K->34272K(613440K), 0.0329135 secs] 1409121K->893940K(2010624K), 0.0329764 secs] [Times: user=0.06 sys=0.00, real=0.03 secs] 
[GC (Allocation Failure) [ParNew: 579616K->68096K(613440K), 0.0626858 secs] 1439284K->970299K(2010624K), 0.0627327 secs] [Times: user=0.20 sys=0.00, real=0.06 secs] 
[Full GC (System.gc()) [CMS: 902203K->750300K(1397184K), 1.8395226 secs] 1255329K->750300K(2010624K), [Metaspace: 9979K->9979K(10240K)], 1.8398485 secs] [Times: user=1.83 sys=0.00, real=1.83 secs] 
[Full GC (System.gc()) [CMS: 750300K->750222K(1397184K), 1.3536386 secs] 750300K->750222K(2010624K), [Metaspace: 9979K->9979K(10240K)], 1.3538291 secs] [Times: user=1.37 sys=0.00, real=1.36 secs] 
[Full GC (System.gc()) [CMS: 750222K->750222K(1397184K), 1.3451903 secs] 750224K->750222K(2010624K), [Metaspace: 9979K->9979K(10240K)]
*** PauseDetector detected a 3197 ms pause at Fri Dec 19 17:50:54 EET 2014 ***

, 1.3454976 secs] [Times: user=1.34 sys=0.00, real=1.34 secs] 

*** PauseDetector detected a 1351 ms pause at Fri Dec 19 17:50:55 EET 2014 ***

[GC (Allocation Failure) [ParNew: 545344K->68096K(613440K), 0.0700466 secs] 1295566K->863835K(2010624K), 0.0701095 secs] [Times: user=0.27 sys=0.00, real=0.07 secs] 
[GC (Allocation Failure) [ParNew: 613440K->15418K(613440K), 0.0312653 secs] 1409179K->871266K(2010624K), 0.0313108 secs] [Times: user=0.06 sys=0.00, real=0.02 secs] 
[GC (Allocation Failure) [ParNew: 560762K->68096K(613440K), 0.0699876 secs] 1416610K->966456K(2010624K), 0.0700511 secs] [Times: user=0.28 sys=0.00, real=0.07 secs] 
[GC (Allocation Failure) [ParNew: 613440K->27136K(613440K), 0.0435771 secs] 1511800K->987595K(2010624K), 0.0436413 secs] [Times: user=0.20 sys=0.00, real=0.04 secs] 
[GC (Allocation Failure) [ParNew: 572480K->68096K(613440K), 0.0641172 secs] 1532939K->1070318K(2010624K), 0.0641781 secs] [Times: user=0.28 sys=0.00, real=0.06 secs] 
[GC (Allocation Failure) [ParNew: 613440K->40630K(613440K), 0.0392535 secs] 1615662K->1105454K(2010624K), 0.0393010 secs] [Times: user=0.13 sys=0.00, real=0.04 secs] 
[Full GC (System.gc()) [CMS: 1064823K->749211K(1397184K), 1.5619743 secs] 1445338K->749211K(2010624K), [Metaspace: 9979K->9979K(10240K)], 1.5622502 secs] [Times: user=1.54 sys=0.00, real=1.55 secs] 
[Full GC (System.gc()) [CMS: 749211K->749212K(1397184K), 1.3349886 secs] 760157K->749212K(2010624K), [Metaspace: 9979K->9979K(10240K)], 1.3351817 secs] [Times: user=1.34 sys=0.00, real=1.34 secs] 
[Full GC (System.gc()) [CMS: 749212K->749212K(1397184K), 1.3271614 secs] 749212K->749212K(2010624K), [Metaspace: 9979K->9979K(10240K)]
*** PauseDetector detected a 4221 ms pause at Fri Dec 19 17:51:09 EET 2014 ***

, 1.3273744 secs] [Times: user=1.33 sys=0.00, real=1.32 secs] 
********************************
********** ROUND   50 **********
********************************
[GC (Allocation Failure) [ParNew: 545344K->7321K(613440K), 0.0070317 secs] 1294556K->756533K(2010624K), 0.0070785 secs] [Times: user=0.00 sys=0.00, real=0.01 secs] 
[GC (Allocation Failure) [ParNew: 552665K->68096K(613440K), 0.0528588 secs] 1301877K->859351K(2010624K), 0.0529063 secs] [Times: user=0.20 sys=0.00, real=0.05 secs] 
[GC (Allocation Failure) [ParNew: 613440K->26178K(613440K), 0.0319826 secs] 1404695K->880390K(2010624K), 0.0321391 secs] [Times: user=0.13 sys=0.00, real=0.03 secs] 
[GC (Allocation Failure) [ParNew: 571522K->68096K(613440K), 0.0533560 secs] 1425734K->964202K(2010624K), 0.0534067 secs] [Times: user=0.19 sys=0.00, real=0.05 secs] 
[GC (Allocation Failure) [ParNew: 613440K->26857K(613440K), 0.0286836 secs] 1509546K->985171K(2010624K), 0.0287465 secs] [Times: user=0.12 sys=0.00, real=0.03 secs] 
[GC (Allocation Failure) [ParNew: 572201K->68096K(613440K), 0.0527080 secs] 1530515K->1069078K(2010624K), 0.0527568 secs] [Times: user=0.22 sys=0.00, real=0.05 secs] 
[GC (Allocation Failure) [ParNew: 613440K->19922K(613440K), 0.0281511 secs] 1614422K->1082326K(2010624K), 0.0281973 secs] [Times: user=0.13 sys=0.00, real=0.03 secs] 
[GC (Allocation Failure) [ParNew: 565266K->68096K(613440K), 0.0527613 secs] 1627670K->1174340K(2010624K), 0.0528120 secs] [Times: user=0.22 sys=0.00, real=0.05 secs] 
[GC (Allocation Failure) [ParNew: 613440K->25892K(613440K), 0.0368855 secs] 1719684K->1191700K(2010624K), 0.0370292 secs] [Times: user=0.13 sys=0.00, real=0.03 secs] 
[GC (CMS Initial Mark) [1 CMS-initial-mark: 1165807K(1397184K)] 1202644K(2010624K), 0.0052385 secs] [Times: user=0.00 sys=0.00, real=0.00 secs] 
[CMS-concurrent-mark-start]
[CMS-concurrent-mark: 1.089/1.089 secs] [Times: user=3.53 sys=0.00, real=1.10 secs] 
[CMS-concurrent-preclean-start]
[CMS-concurrent-preclean: 0.064/0.068 secs] [Times: user=0.12 sys=0.00, real=0.07 secs] 
[CMS-concurrent-abortable-preclean-start]
[GC (Allocation Failure) [ParNew: 571236K->68096K(613440K), 0.0529788 secs] 1737044K->1276215K(2010624K), 0.0530307 secs] [Times: user=0.22 sys=0.00, real=0.05 secs] 
[CMS-concurrent-abortable-preclean: 0.635/1.424 secs] [Times: user=2.23 sys=0.00, real=1.42 secs] 
[GC (CMS Final Remark) [YG occupancy: 398170 K (613440 K)][Rescan (parallel) , 0.0854034 secs][weak refs processing, 0.0000160 secs][class unloading, 0.0060661 secs][scrub symbol table, 0.0010567 secs][scrub string table, 0.0003477 secs][1 CMS-remark: 1208119K(1397184K)] 1606289K(2010624K), 0.0937105 secs] [Times: user=0.38 sys=0.00, real=0.09 secs] 
[CMS-concurrent-sweep-start]
[GC (Allocation Failure) [ParNew: 613440K->26399K(613440K), 0.0391008 secs] 1353214K->827135K(2010624K), 0.0392227 secs] [Times: user=0.19 sys=0.00, real=0.04 secs] 
[CMS-concurrent-sweep: 0.515/0.554 secs] [Times: user=1.22 sys=0.00, real=0.55 secs] 
[CMS-concurrent-reset-start]
[CMS-concurrent-reset: 0.003/0.003 secs] [Times: user=0.00 sys=0.00, real=0.00 secs] 
[GC (Allocation Failure) [ParNew: 571743K->68096K(613440K), 0.0524142 secs] 1318986K->855187K(2010624K), 0.0524610 secs] [Times: user=0.19 sys=0.00, real=0.05 secs] 
[GC (Allocation Failure) [ParNew: 613440K->40996K(613440K), 0.0278328 secs] 1400531K->891415K(2010624K), 0.0279522 secs] [Times: user=0.13 sys=0.00, real=0.02 secs] 
[GC (Allocation Failure) [ParNew: 586340K->68096K(613440K), 0.0579645 secs] 1436759K->958228K(2010624K), 0.0580164 secs] [Times: user=0.20 sys=0.00, real=0.06 secs] 
[GC (Allocation Failure) [ParNew: 613440K->34217K(613440K), 0.1297504 secs] 1503572K->987737K(2010624K), 0.1298030 secs] [Times: user=0.20 sys=0.00, real=0.13 secs] 
[GC (Allocation Failure) [ParNew (0: promotion failure size = 14056)  (1: promotion failure size = 14056)  (2: promotion failure size = 14056)  (3: promotion failure size = 14056)  (4: promotion failure size = 14056)  (5: promotion failure size = 14056)  (6: promotion failure size = 14056)  (7: promotion failure size = 14056)  (promotion failed): 579561K->613440K(613440K), 1.0025451 secs][CMS: 1000951K->773769K(1397184K), 1.7648900 secs] 1533081K->773769K(2010624K), [Metaspace: 9979K->9979K(10240K)], 2.7675038 secs] [Times: user=3.45 sys=0.19, real=2.76 secs] 

*** PauseDetector detected a 2766 ms pause at Fri Dec 19 17:51:36 EET 2014 ***

[GC (Allocation Failure) [ParNew: 545344K->27370K(613440K), 0.0072357 secs] 1319113K->801139K(2010624K), 0.0072857 secs] [Times: user=0.06 sys=0.00, real=0.01 secs] 
[GC (Allocation Failure) [ParNew: 572714K->68096K(613440K), 0.1859037 secs] 1346483K->901711K(2010624K), 0.1859537 secs] [Times: user=0.89 sys=0.00, real=0.19 secs] 
[GC (Allocation Failure) [ParNew: 613440K->27427K(613440K), 0.0694795 secs] 1447055K->925747K(2010624K), 0.0695314 secs] [Times: user=0.20 sys=0.00, real=0.06 secs] 
[GC (Allocation Failure) [ParNew: 572771K->68096K(613440K), 0.1605172 secs] 1471091K->1020846K(2010624K), 0.1605755 secs] [Times: user=0.75 sys=0.00, real=0.16 secs] 
[GC (Allocation Failure) [ParNew: 613440K->27431K(613440K), 0.0605385 secs] 1566190K->1044209K(2010624K), 0.0605885 secs] [Times: user=0.20 sys=0.00, real=0.06 secs] 
[GC (Allocation Failure) [ParNew: 572775K->68096K(613440K), 0.1409921 secs] 1589553K->1135144K(2010624K), 0.1410440 secs] [Times: user=0.69 sys=0.00, real=0.13 secs] 
[GC (Allocation Failure) [ParNew: 613440K->20555K(613440K), 0.0629444 secs] 1680488K->1151274K(2010624K), 0.0630060 secs] [Times: user=0.22 sys=0.00, real=0.06 secs] 
[GC (Allocation Failure) [ParNew: 565899K->68096K(613440K), 0.1302450 secs] 1696618K->1247808K(2010624K), 0.1302989 secs] [Times: user=0.59 sys=0.00, real=0.13 secs] 
[GC (CMS Initial Mark) [1 CMS-initial-mark: 1179712K(1397184K)] 1258826K(2010624K), 0.0090674 secs] [Times: user=0.00 sys=0.00, real=0.00 secs] 
[CMS-concurrent-mark-start]
[CMS-concurrent-mark: 1.353/1.353 secs] [Times: user=4.21 sys=0.00, real=1.36 secs] 
[CMS-concurrent-preclean-start]
[CMS-concurrent-preclean: 0.005/0.005 secs] [Times: user=0.00 sys=0.00, real=0.01 secs] 
[CMS-concurrent-abortable-preclean-start]
[GC (Allocation Failure) [ParNew: 613440K->27419K(613440K), 0.0609754 secs] 1793152K->1270701K(2010624K), 0.0610254 secs] [Times: user=0.28 sys=0.00, real=0.06 secs] 
[CMS-concurrent-abortable-preclean: 0.552/1.327 secs] [Times: user=2.57 sys=0.00, real=1.33 secs] 
[GC (CMS Final Remark) [YG occupancy: 380108 K (613440 K)][Rescan (parallel) , 0.0674777 secs][weak refs processing, 0.0000154 secs][class unloading, 0.0051512 secs][scrub symbol table, 0.0010663 secs][scrub string table, 0.0003497 secs][1 CMS-remark: 1243282K(1397184K)] 1623390K(2010624K), 0.0748687 secs] [Times: user=0.34 sys=0.00, real=0.07 secs] 
[CMS-concurrent-sweep-start]
[GC (Allocation Failure) [ParNew: 572763K->68096K(613440K), 0.1124824 secs] 1731955K->1273764K(2010624K), 0.1125331 secs] [Times: user=0.59 sys=0.00, real=0.10 secs] 
[CMS-concurrent-sweep: 0.815/0.927 secs] [Times: user=2.26 sys=0.00, real=0.94 secs] 
[CMS-concurrent-reset-start]
[CMS-concurrent-reset: 0.003/0.003 secs] [Times: user=0.00 sys=0.00, real=0.00 secs] 
[GC (Allocation Failure) [ParNew: 613440K->34277K(613440K), 0.0475761 secs] 1419594K->903980K(2010624K), 0.0476255 secs] [Times: user=0.16 sys=0.00, real=0.05 secs] 
[GC (Allocation Failure) [ParNew: 579621K->68096K(613440K), 0.1081235 secs] 1449324K->985028K(2010624K), 0.1081691 secs] [Times: user=0.44 sys=0.00, real=0.10 secs] 
[GC (Allocation Failure) [ParNew (0: promotion failure size = 4167)  (2: promotion failure size = 4167)  (3: promotion failure size = 4167)  (6: promotion failure size = 4167)  (7: promotion failure size = 4167)  (promotion failed): 613440K->565480K(613440K), 0.2022151 secs][CMS: 978868K->757634K(1397184K), 1.8641040 secs] 1530372K->757634K(2010624K), [Metaspace: 9979K->9979K(10240K)], 2.0664095 secs] [Times: user=2.20 sys=0.00, real=2.06 secs] 

*** PauseDetector detected a 2061 ms pause at Fri Dec 19 17:51:59 EET 2014 ***

[GC (Allocation Failure) [ParNew: 545344K->68096K(613440K), 0.0922253 secs] 1302978K->871976K(2010624K), 0.0922830 secs] [Times: user=0.42 sys=0.00, real=0.09 secs] 
[GC (Allocation Failure) [ParNew: 613440K->34231K(613440K), 0.0473477 secs] 1417320K->907148K(2010624K), 0.0473945 secs] [Times: user=0.14 sys=0.00, real=0.05 secs] 
[GC (Allocation Failure) [ParNew: 579575K->68096K(613440K), 0.0854675 secs] 1452492K->985848K(2010624K), 0.0855169 secs] [Times: user=0.36 sys=0.00, real=0.08 secs] 
[GC (Allocation Failure) [ParNew: 613440K->20536K(613440K), 0.0460825 secs] 1531192K->1002037K(2010624K), 0.0461332 secs] [Times: user=0.20 sys=0.00, real=0.04 secs] 
[GC (Allocation Failure) [ParNew: 565880K->68096K(613440K), 0.0813756 secs] 1547381K->1092949K(2010624K), 0.0815263 secs] [Times: user=0.36 sys=0.00, real=0.08 secs] 
[GC (Allocation Failure) [ParNew: 613440K->20569K(613440K), 0.0516084 secs] 1638293K->1108976K(2010624K), 0.0516603 secs] [Times: user=0.20 sys=0.00, real=0.04 secs] 
[GC (Allocation Failure) [ParNew: 565913K->68096K(613440K), 0.0751035 secs] 1654320K->1200620K(2010624K), 0.0751529 secs] [Times: user=0.34 sys=0.00, real=0.07 secs] 
[GC (Allocation Failure) [ParNew: 613440K->20268K(613440K), 0.0395108 secs] 1745964K->1215163K(2010624K), 0.0395576 secs] [Times: user=0.13 sys=0.00, real=0.03 secs] 
[GC (CMS Initial Mark) [1 CMS-initial-mark: 1194895K(1397184K)] 1226107K(2010624K), 0.0033753 secs] [Times: user=0.02 sys=0.00, real=0.01 secs] 
[CMS-concurrent-mark-start]
[CMS-concurrent-mark: 1.070/1.070 secs] [Times: user=3.52 sys=0.00, real=1.07 secs] 
[CMS-concurrent-preclean-start]
[CMS-concurrent-preclean: 0.117/0.125 secs] [Times: user=0.25 sys=0.00, real=0.13 secs] 
[CMS-concurrent-abortable-preclean-start]
[GC (Allocation Failure) [ParNew: 565612K->68096K(613440K), 0.0788304 secs] 1760507K->1305703K(2010624K), 0.0788798 secs] [Times: user=0.33 sys=0.00, real=0.08 secs] 
[CMS-concurrent-abortable-preclean: 0.763/1.358 secs] [Times: user=2.37 sys=0.00, real=1.36 secs] 
[GC (CMS Final Remark) [YG occupancy: 409033 K (613440 K)][Rescan (parallel) , 0.0799558 secs][weak refs processing, 0.0000148 secs][class unloading, 0.0053751 secs][scrub symbol table, 0.0012312 secs][scrub string table, 0.0003509 secs][1 CMS-remark: 1237607K(1397184K)] 1646640K(2010624K), 0.0877329 secs] [Times: user=0.41 sys=0.00, real=0.08 secs] 
[CMS-concurrent-sweep-start]
[GC (Allocation Failure) [ParNew: 613440K->47956K(613440K), 0.0351244 secs] 1576783K->1074828K(2010624K), 0.0353842 secs] [Times: user=0.08 sys=0.00, real=0.03 secs] 
[CMS-concurrent-sweep: 0.589/0.625 secs] [Times: user=1.31 sys=0.00, real=0.63 secs] 
[CMS-concurrent-reset-start]
[CMS-concurrent-reset: 0.003/0.003 secs] [Times: user=0.03 sys=0.00, real=0.00 secs] 
[GC (Allocation Failure) [ParNew: 593300K->68096K(613440K), 0.0707812 secs] 1344574K->861917K(2010624K), 0.0708325 secs] [Times: user=0.28 sys=0.00, real=0.07 secs] 
[GC (Allocation Failure) [ParNew: 613440K->34220K(613440K), 0.0377805 secs] 1407261K->891483K(2010624K), 0.0378318 secs] [Times: user=0.09 sys=0.00, real=0.04 secs] 
[GC (Allocation Failure) [ParNew (0: promotion failure size = 2779)  (1: promotion failure size = 2779)  (2: promotion failure size = 61)  (3: promotion failure size = 61)  (4: promotion failure size = 61)  (5: promotion failure size = 61)  (6: promotion failure size = 61)  (7: promotion failure size = 61)  (promotion failed): 579564K->613440K(613440K), 1.9770880 secs][CMS: 880612K->752874K(1397184K), 1.6747236 secs] 1436827K->752874K(2010624K), [Metaspace: 9979K->9979K(10240K)]
*** PauseDetector detected a 3653 ms pause at Fri Dec 19 17:52:23 EET 2014 ***

, 3.6518796 secs] [Times: user=3.77 sys=0.58, real=3.65 secs] 
[GC (Allocation Failure) [ParNew: 545344K->27380K(613440K), 0.0066936 secs] 1298218K->780254K(2010624K), 0.0067423 secs] [Times: user=0.00 sys=0.00, real=0.01 secs] 
[GC (Allocation Failure) [ParNew: 572724K->68096K(613440K), 0.0648819 secs] 1325598K->866085K(2010624K), 0.0649320 secs] [Times: user=0.25 sys=0.00, real=0.06 secs] 
[GC (Allocation Failure) [ParNew: 613440K->26532K(613440K), 0.0404956 secs] 1411429K->886062K(2010624K), 0.0405405 secs] [Times: user=0.13 sys=0.00, real=0.04 secs] 
[GC (Allocation Failure) [ParNew: 571876K->68096K(613440K), 0.0646099 secs] 1431406K->970317K(2010624K), 0.0646599 secs] [Times: user=0.28 sys=0.00, real=0.06 secs] 
[GC (Allocation Failure) [ParNew: 613440K->20175K(613440K), 0.0323880 secs] 1515661K->984912K(2010624K), 0.0324374 secs] [Times: user=0.13 sys=0.00, real=0.03 secs] 
[Full GC (System.gc()) [CMS: 964737K->750123K(1397184K), 1.4876202 secs] 1381050K->750123K(2010624K), [Metaspace: 9979K->9979K(10240K)], 1.4878492 secs] [Times: user=1.48 sys=0.00, real=1.49 secs] 
[Full GC (System.gc()) [CMS: 750123K->750045K(1397184K), 1.2882087 secs] 761035K->750045K(2010624K), [Metaspace: 9979K->9979K(10240K)], 1.2884121 secs] [Times: user=1.28 sys=0.00, real=1.29 secs] 
[Full GC (System.gc()) [CMS: 750045K->747176K(1397184K), 1.2859895 secs] 760955K->747176K(2010624K), [Metaspace: 9979K->9979K(10240K)]
*** PauseDetector detected a 1486 ms pause at Fri Dec 19 17:52:33 EET 2014 ***

, 1.2861897 secs] [Times: user=1.29 sys=0.00, real=1.28 secs] 

*** PauseDetector detected a 2581 ms pause at Fri Dec 19 17:52:36 EET 2014 ***

[GC (Allocation Failure) [ParNew: 545344K->7654K(613440K), 0.0082359 secs] 1292520K->754830K(2010624K), 0.0082892 secs] [Times: user=0.06 sys=0.00, real=0.01 secs] 
[GC (Allocation Failure) [ParNew: 552998K->68096K(613440K), 0.0767864 secs] 1300174K->862468K(2010624K), 0.0768492 secs] [Times: user=0.34 sys=0.00, real=0.08 secs] 
[GC (Allocation Failure) [ParNew: 613440K->19835K(613440K), 0.0526150 secs] 1407812K->878185K(2010624K), 0.0526792 secs] [Times: user=0.13 sys=0.00, real=0.05 secs] 
[GC (Allocation Failure) [ParNew: 565179K->68096K(613440K), 0.0622900 secs] 1423529K->968984K(2010624K), 0.0623516 secs] [Times: user=0.28 sys=0.00, real=0.06 secs] 
[GC (Allocation Failure) [ParNew: 613440K->33478K(613440K), 0.0331303 secs] 1514328K->996458K(2010624K), 0.0331785 secs] [Times: user=0.14 sys=0.00, real=0.03 secs] 
[GC (Allocation Failure) [ParNew: 578822K->68096K(613440K), 0.0620513 secs] 1541802K->1072774K(2010624K), 0.0620981 secs] [Times: user=0.25 sys=0.00, real=0.06 secs] 
[Full GC (System.gc()) [CMS: 1004678K->750788K(1397184K), 1.5173604 secs] 1454628K->750788K(2010624K), [Metaspace: 9979K->9979K(10240K)], 1.5176074 secs] [Times: user=1.51 sys=0.00, real=1.51 secs] 
[Full GC (System.gc()) [CMS: 750788K->750710K(1397184K), 1.2756069 secs] 750790K->750710K(2010624K), [Metaspace: 9979K->9979K(10240K)]
*** PauseDetector detected a 1518 ms pause at Fri Dec 19 17:52:47 EET 2014 ***

, 1.2758032 secs] [Times: user=1.28 sys=0.00, real=1.28 secs] 
[Full GC (System.gc()) [CMS: 750710K->746769K(1397184K), 1.3030157 secs] 761620K->746769K(2010624K), [Metaspace: 9979K->9979K(10240K)]
*** PauseDetector detected a 2578 ms pause at Fri Dec 19 17:52:50 EET 2014 ***

, 1.3033018 secs] [Times: user=1.30 sys=0.00, real=1.30 secs] 
********************************
********** ROUND   51 **********
********************************
[GC (Allocation Failure) [ParNew: 545344K->68096K(613440K), 0.0542337 secs] 1292113K->856894K(2010624K), 0.0542837 secs] [Times: user=0.20 sys=0.00, real=0.05 secs] 
[GC (Allocation Failure) [ParNew: 613440K->39917K(613440K), 0.0293130 secs] 1402238K->891744K(2010624K), 0.0294361 secs] [Times: user=0.12 sys=0.00, real=0.03 secs] 
[GC (Allocation Failure) [ParNew: 585261K->68096K(613440K), 0.0532514 secs] 1437088K->962911K(2010624K), 0.0533008 secs] [Times: user=0.20 sys=0.00, real=0.05 secs] 
[GC (Allocation Failure) [ParNew: 613440K->33431K(613440K), 0.0334537 secs] 1508255K->989441K(2010624K), 0.0335012 secs] [Times: user=0.13 sys=0.00, real=0.03 secs] 
[GC (Allocation Failure) [ParNew: 578775K->68096K(613440K), 0.0527844 secs] 1534785K->1066782K(2010624K), 0.0528338 secs] [Times: user=0.22 sys=0.00, real=0.05 secs] 
[GC (Allocation Failure) [ParNew: 613440K->19901K(613440K), 0.0279701 secs] 1612126K->1079970K(2010624K), 0.0280959 secs] [Times: user=0.06 sys=0.00, real=0.03 secs] 
[GC (Allocation Failure) [ParNew: 565245K->68096K(613440K), 0.0575802 secs] 1625314K->1169514K(2010624K), 0.0576283 secs] [Times: user=0.19 sys=0.00, real=0.06 secs] 
[GC (Allocation Failure) [ParNew: 613440K->26811K(613440K), 0.0280831 secs] 1714858K->1190190K(2010624K), 0.0282993 secs] [Times: user=0.06 sys=0.00, real=0.03 secs] 
[GC (CMS Initial Mark) [1 CMS-initial-mark: 1163379K(1397184K)] 1201176K(2010624K), 0.0036191 secs] [Times: user=0.00 sys=0.00, real=0.00 secs] 
[CMS-concurrent-mark-start]
[CMS-concurrent-mark: 1.086/1.086 secs] [Times: user=3.51 sys=0.00, real=1.09 secs] 
[CMS-concurrent-preclean-start]
[CMS-concurrent-preclean: 0.068/0.072 secs] [Times: user=0.16 sys=0.00, real=0.07 secs] 
[CMS-concurrent-abortable-preclean-start]
[GC (Allocation Failure) [ParNew: 572155K->68096K(613440K), 0.0560943 secs] 1735534K->1275099K(2010624K), 0.0561482 secs] [Times: user=0.26 sys=0.00, real=0.05 secs] 
[CMS-concurrent-abortable-preclean: 0.613/1.377 secs] [Times: user=2.18 sys=0.00, real=1.38 secs] 
[GC (CMS Final Remark) [YG occupancy: 440886 K (613440 K)][Rescan (parallel) , 0.0833195 secs][weak refs processing, 0.0000160 secs][class unloading, 0.0057466 secs][scrub symbol table, 0.0011260 secs][scrub string table, 0.0003792 secs][1 CMS-remark: 1207003K(1397184K)] 1647889K(2010624K), 0.0914746 secs] [Times: user=0.48 sys=0.00, real=0.09 secs] 
[CMS-concurrent-sweep-start]
[GC (Allocation Failure) [ParNew: 613440K->38960K(613440K), 0.0289813 secs] 1820443K->1305635K(2010624K), 0.0290326 secs] [Times: user=0.09 sys=0.00, real=0.03 secs] 
[CMS-concurrent-sweep: 0.594/0.623 secs] [Times: user=1.34 sys=0.00, real=0.62 secs] 
[CMS-concurrent-reset-start]
[CMS-concurrent-reset: 0.003/0.003 secs] [Times: user=0.00 sys=0.00, real=0.00 secs] 
[GC (Allocation Failure) [ParNew: 584304K->68096K(613440K), 0.0529088 secs] 1331584K->857473K(2010624K), 0.0529589 secs] [Times: user=0.22 sys=0.00, real=0.05 secs] 
[GC (Allocation Failure) [ParNew: 613440K->39615K(613440K), 0.0295061 secs] 1402817K->890093K(2010624K), 0.0295503 secs] [Times: user=0.06 sys=0.00, real=0.03 secs] 
[GC (Allocation Failure) [ParNew: 584959K->68096K(613440K), 0.0597205 secs] 1435437K->958256K(2010624K), 0.0597692 secs] [Times: user=0.23 sys=0.00, real=0.05 secs] 
[GC (Allocation Failure) [ParNew: 613440K->47799K(613440K), 0.1261582 secs] 1503600K->1001379K(2010624K), 0.1262108 secs] [Times: user=0.14 sys=0.02, real=0.13 secs] 
[GC (Allocation Failure) [ParNew (0: promotion failure size = 14056)  (1: promotion failure size = 14056)  (2: promotion failure size = 14056)  (3: promotion failure size = 14056)  (4: promotion failure size = 14056)  (5: promotion failure size = 14056)  (6: promotion failure size = 9)  (7: promotion failure size = 14056)  (promotion failed): 593143K->613440K(613440K), 4.5274434 secs][CMS: 965788K->773769K(1397184K), 1.9922356 secs] 1546723K->773769K(2010624K), [Metaspace: 9979K->9979K(10240K)], 6.5198548 secs] [Times: user=7.60 sys=0.73, real=6.52 secs] 

*** PauseDetector detected a 6517 ms pause at Fri Dec 19 17:53:19 EET 2014 ***

[GC (CMS Initial Mark) [1 CMS-initial-mark: 773769K(1397184K)] 784678K(2010624K), 0.0004639 secs] [Times: user=0.00 sys=0.00, real=0.00 secs] 
[CMS-concurrent-mark-start]
[CMS-concurrent-mark: 1.248/1.249 secs] [Times: user=3.74 sys=0.00, real=1.25 secs] 
[CMS-concurrent-preclean-start]
[CMS-concurrent-preclean: 0.005/0.005 secs] [Times: user=0.03 sys=0.00, real=0.01 secs] 
[CMS-concurrent-abortable-preclean-start]
[GC (Allocation Failure) [ParNew: 545344K->27278K(613440K), 0.0069540 secs] 1319113K->801047K(2010624K), 0.0070695 secs] [Times: user=0.00 sys=0.00, real=0.01 secs] 
[CMS-concurrent-abortable-preclean: 0.750/1.578 secs] [Times: user=3.14 sys=0.00, real=1.58 secs] 
[GC (CMS Final Remark) [YG occupancy: 346846 K (613440 K)][Rescan (parallel) , 0.0664602 secs][weak refs processing, 0.0000160 secs][class unloading, 0.0052224 secs][scrub symbol table, 0.0010573 secs][scrub string table, 0.0003503 secs][1 CMS-remark: 773769K(1397184K)] 1120615K(2010624K), 0.0739192 secs] [Times: user=0.28 sys=0.00, real=0.07 secs] 
[CMS-concurrent-sweep-start]
[CMS-concurrent-sweep: 0.453/0.453 secs] [Times: user=0.95 sys=0.00, real=0.46 secs] 
[CMS-concurrent-reset-start]
[CMS-concurrent-reset: 0.003/0.003 secs] [Times: user=0.00 sys=0.00, real=0.00 secs] 
[GC (Allocation Failure) [ParNew: 572622K->68096K(613440K), 0.1734045 secs] 1346312K->901735K(2010624K), 0.1734577 secs] [Times: user=0.98 sys=0.00, real=0.17 secs] 
[GC (Allocation Failure) [ParNew: 613440K->34222K(613440K), 0.0688174 secs] 1447079K->932540K(2010624K), 0.0688789 secs] [Times: user=0.22 sys=0.00, real=0.07 secs] 
[GC (Allocation Failure) [ParNew: 579566K->68096K(613440K), 0.1634633 secs] 1477884K->1021598K(2010624K), 0.1635108 secs] [Times: user=0.72 sys=0.00, real=0.15 secs] 
[GC (Allocation Failure) [ParNew: 613440K->27098K(613440K), 0.0666373 secs] 1566942K->1043735K(2010624K), 0.0666848 secs] [Times: user=0.22 sys=0.00, real=0.07 secs] 
[GC (Allocation Failure) [ParNew: 572442K->68096K(613440K), 0.1410460 secs] 1589079K->1134988K(2010624K), 0.1411826 secs] [Times: user=0.70 sys=0.00, real=0.13 secs] 
[GC (Allocation Failure) [ParNew: 613440K->20542K(613440K), 0.0574942 secs] 1680332K->1151258K(2010624K), 0.0575442 secs] [Times: user=0.20 sys=0.00, real=0.05 secs] 
[GC (CMS Initial Mark) [1 CMS-initial-mark: 1130716K(1397184K)] 1162169K(2010624K), 0.0054123 secs] [Times: user=0.00 sys=0.00, real=0.00 secs] 
[CMS-concurrent-mark-start]
[CMS-concurrent-mark: 1.170/1.170 secs] [Times: user=3.98 sys=0.02, real=1.18 secs] 
[CMS-concurrent-preclean-start]
[CMS-concurrent-preclean: 0.201/0.214 secs] [Times: user=0.44 sys=0.00, real=0.22 secs] 
[CMS-concurrent-abortable-preclean-start]
[GC (Allocation Failure) [ParNew[CMS-concurrent-abortable-preclean: 0.058/0.405 secs] [Times: user=0.81 sys=0.00, real=0.40 secs] 
: 565886K->68096K(613440K), 0.1355445 secs] 1696602K->1247746K(2010624K), 0.1356086 secs] [Times: user=0.59 sys=0.00, real=0.14 secs] 
[GC (CMS Final Remark) [YG occupancy: 79004 K (613440 K)][Rescan (parallel) , 0.0756251 secs][weak refs processing, 0.0000205 secs][class unloading, 0.0059557 secs][scrub symbol table, 0.0010509 secs][scrub string table, 0.0003522 secs][1 CMS-remark: 1179650K(1397184K)] 1258655K(2010624K), 0.0838245 secs] [Times: user=0.36 sys=0.00, real=0.08 secs] 
[CMS-concurrent-sweep-start]
[CMS-concurrent-sweep: 0.797/0.797 secs] [Times: user=1.59 sys=0.00, real=0.80 secs] 
[CMS-concurrent-reset-start]
[CMS-concurrent-reset: 0.002/0.002 secs] [Times: user=0.00 sys=0.00, real=0.00 secs] 
[GC (Allocation Failure) [ParNew: 613440K->41143K(613440K), 0.0667239 secs] 1309567K->800989K(2010624K), 0.0667771 secs] [Times: user=0.20 sys=0.00, real=0.06 secs] 
[GC (Allocation Failure) [ParNew: 586487K->68096K(613440K), 0.1407027 secs] 1346333K->876980K(2010624K), 0.1407541 secs] [Times: user=0.58 sys=0.00, real=0.13 secs] 
[GC (Allocation Failure) [ParNew: 613440K->39652K(613440K), 0.0480252 secs] 1422324K->909522K(2010624K), 0.0480758 secs] [Times: user=0.13 sys=0.00, real=0.04 secs] 
[GC (Allocation Failure) [ParNew: 584996K->68096K(613440K), 0.1095696 secs] 1454866K->986744K(2010624K), 0.1096171 secs] [Times: user=0.41 sys=0.00, real=0.10 secs] 
[GC (Allocation Failure) [ParNew: 613440K->32763K(613440K), 0.0453261 secs] 1532088K->1011961K(2010624K), 0.0453722 secs] [Times: user=0.14 sys=0.00, real=0.04 secs] 
[GC (Allocation Failure) [ParNew (0: promotion failure size = 4167)  (1: promotion failure size = 4167)  (2: promotion failure size = 4167)  (3: promotion failure size = 4167)  (4: promotion failure size = 4167)  (5: promotion failure size = 4167)  (6: promotion failure size = 4167)  (7: promotion failure size = 4167)  (promotion failed): 578107K->613440K(613440K), 0.2695126 secs][CMS: 1023496K->755776K(1397184K), 2.1225391 secs] 1557305K->755776K(2010624K), [Metaspace: 9979K->9979K(10240K)], 2.3921209 secs] [Times: user=2.71 sys=0.01, real=2.38 secs] 

*** PauseDetector detected a 2383 ms pause at Fri Dec 19 17:53:44 EET 2014 ***

[GC (Allocation Failure) [ParNew: 545344K->27297K(613440K), 0.0069855 secs] 1301120K->783073K(2010624K), 0.0070317 secs] [Times: user=0.06 sys=0.00, real=0.01 secs] 
[GC (Allocation Failure) [ParNew: 572641K->68096K(613440K), 0.0842524 secs] 1328417K->869595K(2010624K), 0.0843108 secs] [Times: user=0.37 sys=0.00, real=0.08 secs] 
[GC (Allocation Failure) [ParNew: 613440K->27420K(613440K), 0.0411648 secs] 1414939K->893480K(2010624K), 0.0414208 secs] [Times: user=0.13 sys=0.00, real=0.03 secs] 
[GC (Allocation Failure) [ParNew: 572764K->68096K(613440K), 0.0793187 secs] 1438824K->978397K(2010624K), 0.0793687 secs] [Times: user=0.34 sys=0.00, real=0.07 secs] 
[GC (Allocation Failure) [ParNew: 613440K->27120K(613440K), 0.0396969 secs] 1523741K->1000298K(2010624K), 0.0397437 secs] [Times: user=0.13 sys=0.00, real=0.03 secs] 
[GC (Allocation Failure) [ParNew: 572464K->68096K(613440K), 0.0762032 secs] 1545642K->1085921K(2010624K), 0.0762558 secs] [Times: user=0.34 sys=0.00, real=0.07 secs] 
[GC (Allocation Failure) [ParNew: 613440K->26798K(613440K), 0.0445048 secs] 1631265K->1106692K(2010624K), 0.0445549 secs] [Times: user=0.13 sys=0.00, real=0.04 secs] 
[GC (Allocation Failure) [ParNew: 572142K->68096K(613440K), 0.0711110 secs] 1652036K->1192088K(2010624K), 0.0711636 secs] [Times: user=0.34 sys=0.00, real=0.07 secs] 
[GC (Allocation Failure) [ParNew: 613440K->20165K(613440K), 0.0348594 secs] 1737432K->1206276K(2010624K), 0.0350127 secs] [Times: user=0.13 sys=0.00, real=0.03 secs] 
[GC (CMS Initial Mark) [1 CMS-initial-mark: 1186111K(1397184K)] 1217187K(2010624K), 0.0034081 secs] [Times: user=0.00 sys=0.00, real=0.01 secs] 
[CMS-concurrent-mark-start]
[CMS-concurrent-mark: 1.129/1.129 secs] [Times: user=3.68 sys=0.00, real=1.13 secs] 
[CMS-concurrent-preclean-start]
[CMS-concurrent-preclean: 0.104/0.111 secs] [Times: user=0.22 sys=0.00, real=0.11 secs] 
[CMS-concurrent-abortable-preclean-start]
[GC (Allocation Failure) [ParNew[CMS-concurrent-abortable-preclean: 0.063/0.401 secs] [Times: user=0.72 sys=0.00, real=0.40 secs] 
: 565509K->68096K(613440K), 0.0741726 secs] 1751620K->1298221K(2010624K), 0.0742201 secs] [Times: user=0.34 sys=0.00, real=0.07 secs] 
[GC (CMS Final Remark) [YG occupancy: 79064 K (613440 K)][Rescan (parallel) , 0.0380390 secs][weak refs processing, 0.0000148 secs][class unloading, 0.0051833 secs][scrub symbol table, 0.0010657 secs][scrub string table, 0.0003503 secs][1 CMS-remark: 1230125K(1397184K)] 1309190K(2010624K), 0.0454544 secs] [Times: user=0.16 sys=0.00, real=0.04 secs] 
[CMS-concurrent-sweep-start]
[CMS-concurrent-sweep: 0.606/0.606 secs] [Times: user=1.26 sys=0.00, real=0.61 secs] 
[CMS-concurrent-reset-start]
[CMS-concurrent-reset: 0.002/0.002 secs] [Times: user=0.00 sys=0.00, real=0.00 secs] 
[GC (Allocation Failure) [ParNew: 613440K->33529K(613440K), 0.0403519 secs] 1302520K->784568K(2010624K), 0.0404007 secs] [Times: user=0.14 sys=0.00, real=0.04 secs] 
[GC (Allocation Failure) [ParNew: 578873K->68096K(613440K), 0.0690727 secs] 1329912K->862126K(2010624K), 0.0691202 secs] [Times: user=0.26 sys=0.00, real=0.07 secs] 
[GC (Allocation Failure) [ParNew: 613440K->54150K(613440K), 0.0480816 secs] 1407470K->910935K(2010624K), 0.0481329 secs] [Times: user=0.17 sys=0.00, real=0.04 secs] 
[GC (Allocation Failure) [ParNew (0: promotion failure size = 2779)  (1: promotion failure size = 2779)  (3: promotion failure size = 2779)  (5: promotion failure size = 2779)  (promotion failed): 599494K->613440K(613440K), 0.2012861 secs][CMS: 898829K->752740K(1397184K), 1.7035996 secs] 1456279K->752740K(2010624K), [Metaspace: 9979K->9979K(10240K)], 1.9049653 secs] [Times: user=2.08 sys=0.00, real=1.90 secs] 

*** PauseDetector detected a 1905 ms pause at Fri Dec 19 17:54:07 EET 2014 ***

[GC (Allocation Failure) [ParNew: 545344K->27355K(613440K), 0.0068373 secs] 1298084K->780095K(2010624K), 0.0069592 secs] [Times: user=0.00 sys=0.00, real=0.01 secs] 
[GC (Allocation Failure) [ParNew: 572699K->68096K(613440K), 0.0617498 secs] 1325439K->864473K(2010624K), 0.0618081 secs] [Times: user=0.28 sys=0.00, real=0.06 secs] 
[GC (Allocation Failure) [ParNew: 613440K->26754K(613440K), 0.0410538 secs] 1409817K->885322K(2010624K), 0.0410968 secs] [Times: user=0.19 sys=0.00, real=0.04 secs] 
[GC (Allocation Failure) [ParNew: 572098K->68096K(613440K), 0.0612192 secs] 1430666K->969539K(2010624K), 0.0612667 secs] [Times: user=0.26 sys=0.00, real=0.06 secs] 
[Full GC (System.gc()) [CMS: 901443K->750324K(1397184K), 1.5109600 secs] 1276675K->750324K(2010624K), [Metaspace: 9979K->9979K(10240K)], 1.5111814 secs] [Times: user=1.50 sys=0.00, real=1.50 secs] 
[Full GC (System.gc()) [CMS: 750324K->750246K(1397184K), 1.7735359 secs] 761213K->750246K(2010624K), [Metaspace: 9979K->9979K(10240K)], 1.7737130 secs] [Times: user=1.76 sys=0.00, real=1.77 secs] 
[Full GC (System.gc()) [CMS: 750246K->747116K(1397184K), 1.3979035 secs] 761133K->747116K(2010624K), [Metaspace: 9979K->9979K(10240K)]
*** PauseDetector detected a 1503 ms pause at Fri Dec 19 17:54:15 EET 2014 ***


*** PauseDetector detected a 3183 ms pause at Fri Dec 19 17:54:18 EET 2014 ***

, 1.3982069 secs] [Times: user=1.40 sys=0.00, real=1.40 secs] 
[GC (Allocation Failure) [ParNew: 545344K->68096K(613440K), 0.0722767 secs] 1292460K->860911K(2010624K), 0.0723383 secs] [Times: user=0.34 sys=0.00, real=0.07 secs] 
[GC (Allocation Failure) [ParNew: 613440K->38333K(613440K), 0.0424826 secs] 1406255K->890828K(2010624K), 0.0425564 secs] [Times: user=0.13 sys=0.00, real=0.03 secs] 
[GC (Allocation Failure) [ParNew: 583677K->68096K(613440K), 0.0587068 secs] 1436172K->963020K(2010624K), 0.0587671 secs] [Times: user=0.22 sys=0.00, real=0.06 secs] 
[GC (Allocation Failure) [ParNew: 613440K->20288K(613440K), 0.0394146 secs] 1508364K->977445K(2010624K), 0.0394736 secs] [Times: user=0.13 sys=0.00, real=0.04 secs] 
[GC (Allocation Failure) [ParNew: 565632K->68096K(613440K), 0.0626935 secs] 1522789K->1071488K(2010624K), 0.0627602 secs] [Times: user=0.25 sys=0.00, real=0.06 secs] 
[GC (Allocation Failure) [ParNew: 613440K->19020K(613440K), 0.0376252 secs] 1616832K->1080337K(2010624K), 0.0376894 secs] [Times: user=0.19 sys=0.00, real=0.04 secs] 
[Full GC (System.gc()) [CMS: 1061316K->749174K(1397184K), 1.8789455 secs] 1420210K->749174K(2010624K), [Metaspace: 9979K->9979K(10240K)], 1.8791945 secs] [Times: user=1.89 sys=0.00, real=1.88 secs] 
[Full GC (System.gc()) [CMS: 749174K->749174K(1397184K), 1.3798469 secs] 749174K->749174K(2010624K), [Metaspace: 9979K->9979K(10240K)], 1.3800388 secs] [Times: user=1.37 sys=0.00, real=1.37 secs] 
[Full GC (System.gc()) [CMS: 749174K->749096K(1397184K), 1.4072025 secs] 749174K->749096K(2010624K), [Metaspace: 9979K->9979K(10240K)]
*** PauseDetector detected a 4665 ms pause at Fri Dec 19 17:54:33 EET 2014 ***

, 1.4075066 secs] [Times: user=1.40 sys=0.00, real=1.40 secs] 
********************************
********** ROUND   52 **********
********************************
[GC (Allocation Failure) [ParNew: 545344K->7073K(613440K), 0.0074968 secs] 1294440K->756170K(2010624K), 0.0075610 secs] [Times: user=0.06 sys=0.00, real=0.01 secs] 
[GC (Allocation Failure) [ParNew: 552417K->68096K(613440K), 0.0543524 secs] 1301514K->859025K(2010624K), 0.0544037 secs] [Times: user=0.19 sys=0.00, real=0.05 secs] 
[GC (Allocation Failure) [ParNew: 613440K->32750K(613440K), 0.0422908 secs] 1404369K->886596K(2010624K), 0.0423382 secs] [Times: user=0.13 sys=0.00, real=0.04 secs] 
[GC (Allocation Failure) [ParNew: 578094K->68096K(613440K), 0.0535639 secs] 1431940K->963441K(2010624K), 0.0536139 secs] [Times: user=0.19 sys=0.00, real=0.05 secs] 
[GC (Allocation Failure) [ParNew: 613440K->33701K(613440K), 0.0336269 secs] 1508785K->991781K(2010624K), 0.0338848 secs] [Times: user=0.13 sys=0.00, real=0.03 secs] 
[GC (Allocation Failure) [ParNew: 579045K->68096K(613440K), 0.0527440 secs] 1537125K->1067034K(2010624K), 0.0527946 secs] [Times: user=0.20 sys=0.00, real=0.05 secs] 
[GC (Allocation Failure) [ParNew: 613440K->26981K(613440K), 0.0312210 secs] 1612378K->1088494K(2010624K), 0.0312730 secs] [Times: user=0.13 sys=0.00, real=0.03 secs] 
[GC (Allocation Failure) [ParNew: 572325K->68096K(613440K), 0.0522718 secs] 1633838K->1170392K(2010624K), 0.0523186 secs] [Times: user=0.19 sys=0.00, real=0.05 secs] 
[GC (Allocation Failure) [ParNew: 613440K->27043K(613440K), 0.0281421 secs] 1715736K->1191853K(2010624K), 0.0281928 secs] [Times: user=0.06 sys=0.00, real=0.03 secs] 
[GC (CMS Initial Mark) [1 CMS-initial-mark: 1164810K(1397184K)] 1202799K(2010624K), 0.0044044 secs] [Times: user=0.00 sys=0.00, real=0.00 secs] 
[CMS-concurrent-mark-start]
[CMS-concurrent-mark: 1.090/1.090 secs] [Times: user=3.51 sys=0.00, real=1.10 secs] 
[CMS-concurrent-preclean-start]
[CMS-concurrent-preclean: 0.065/0.069 secs] [Times: user=0.13 sys=0.00, real=0.07 secs] 
[CMS-concurrent-abortable-preclean-start]
[GC (Allocation Failure) [ParNew: 572387K->68096K(613440K), 0.0519850 secs] 1737197K->1274396K(2010624K), 0.0520337 secs] [Times: user=0.20 sys=0.00, real=0.05 secs] 
[CMS-concurrent-abortable-preclean: 0.685/1.484 secs] [Times: user=2.33 sys=0.00, real=1.49 secs] 
[GC (CMS Final Remark) [YG occupancy: 464178 K (613440 K)][Rescan (parallel) , 0.0990843 secs][weak refs processing, 0.0000160 secs][class unloading, 0.0055483 secs][scrub symbol table, 0.0011157 secs][scrub string table, 0.0003805 secs][1 CMS-remark: 1206300K(1397184K)] 1670479K(2010624K), 0.1070489 secs] [Times: user=0.45 sys=0.00, real=0.11 secs] 
[CMS-concurrent-sweep-start]
[GC (Allocation Failure) [ParNew: 613440K->40141K(613440K), 0.0282383 secs] 1819740K->1308166K(2010624K), 0.0282986 secs] [Times: user=0.17 sys=0.00, real=0.02 secs] 
[CMS-concurrent-sweep: 0.583/0.612 secs] [Times: user=1.45 sys=0.00, real=0.61 secs] 
[CMS-concurrent-reset-start]
[CMS-concurrent-reset: 0.003/0.003 secs] [Times: user=0.05 sys=0.00, real=0.00 secs] 
[GC (Allocation Failure) [ParNew: 585485K->68096K(613440K), 0.0531623 secs] 1332607K->857833K(2010624K), 0.0532104 secs] [Times: user=0.22 sys=0.00, real=0.05 secs] 
[GC (Allocation Failure) [ParNew: 613440K->32814K(613440K), 0.0275287 secs] 1403177K->883060K(2010624K), 0.0276853 secs] [Times: user=0.11 sys=0.00, real=0.03 secs] 
[GC (Allocation Failure) [ParNew (0: promotion failure size = 14056)  (1: promotion failure size = 14056)  (2: promotion failure size = 14056)  (3: promotion failure size = 14056)  (4: promotion failure size = 14056)  (5: promotion failure size = 14056)  (6: promotion failure size = 14056)  (7: promotion failure size = 14056)  (promotion failed): 578158K->613440K(613440K), 0.2727095 secs][CMS: 915629K->773717K(1397184K), 2.0096551 secs] 1428404K->773717K(2010624K), [Metaspace: 9979K->9979K(10240K)], 2.2825058 secs] [Times: user=2.87 sys=0.01, real=2.28 secs] 

*** PauseDetector detected a 2283 ms pause at Fri Dec 19 17:54:56 EET 2014 ***

[GC (Allocation Failure) [ParNew: 545344K->27149K(613440K), 0.0066782 secs] 1319061K->800866K(2010624K), 0.0068212 secs] [Times: user=0.00 sys=0.00, real=0.01 secs] 
[GC (Allocation Failure) [ParNew: 572493K->68096K(613440K), 0.2102361 secs] 1346210K->903676K(2010624K), 0.2102861 secs] [Times: user=0.95 sys=0.00, real=0.21 secs] 
[GC (Allocation Failure) [ParNew: 613440K->20017K(613440K), 0.0659425 secs] 1449020K->918514K(2010624K), 0.0659867 secs] [Times: user=0.28 sys=0.00, real=0.06 secs] 
[GC (Allocation Failure) [ParNew: 565361K->68096K(613440K), 0.1526001 secs] 1463858K->1021079K(2010624K), 0.1526566 secs] [Times: user=0.80 sys=0.00, real=0.15 secs] 
[GC (Allocation Failure) [ParNew: 613440K->34231K(613440K), 0.0603896 secs] 1566423K->1051189K(2010624K), 0.0604409 secs] [Times: user=0.20 sys=0.00, real=0.06 secs] 
[GC (Allocation Failure) [ParNew: 579575K->68096K(613440K), 0.1413385 secs] 1596533K->1135339K(2010624K), 0.1413841 secs] [Times: user=0.69 sys=0.00, real=0.14 secs] 
[GC (Allocation Failure) [ParNew: 613440K->27358K(613440K), 0.0587882 secs] 1680683K->1158134K(2010624K), 0.0588351 secs] [Times: user=0.22 sys=0.00, real=0.06 secs] 
[GC (Allocation Failure) [ParNew: 572702K->68096K(613440K), 0.1315898 secs] 1703478K->1247919K(2010624K), 0.1316950 secs] [Times: user=0.59 sys=0.00, real=0.13 secs] 
[GC (CMS Initial Mark) [1 CMS-initial-mark: 1179823K(1397184K)] 1258936K(2010624K), 0.0088383 secs] [Times: user=0.00 sys=0.00, real=0.00 secs] 
[CMS-concurrent-mark-start]
[CMS-concurrent-mark: 1.190/1.190 secs] [Times: user=3.60 sys=0.00, real=1.20 secs] 
[CMS-concurrent-preclean-start]
[CMS-concurrent-preclean: 0.005/0.005 secs] [Times: user=0.03 sys=0.00, real=0.01 secs] 
[CMS-concurrent-abortable-preclean-start]
[GC (Allocation Failure) [ParNew: 613440K->20541K(613440K), 0.0675374 secs] 1793263K->1263889K(2010624K), 0.0675887 secs] [Times: user=0.23 sys=0.00, real=0.06 secs] 
[CMS-concurrent-abortable-preclean: 0.685/1.467 secs] [Times: user=2.76 sys=0.00, real=1.47 secs] 
[GC (CMS Final Remark) [YG occupancy: 373352 K (613440 K)][Rescan (parallel) , 0.0672583 secs][weak refs processing, 0.0000205 secs][class unloading, 0.0051570 secs][scrub symbol table, 0.0010483 secs][scrub string table, 0.0004363 secs][1 CMS-remark: 1243347K(1397184K)] 1616700K(2010624K), 0.0747519 secs] [Times: user=0.30 sys=0.00, real=0.07 secs] 
[CMS-concurrent-sweep-start]
[GC (Allocation Failure) [ParNew: 565885K->68096K(613440K), 0.1228624 secs] 1726533K->1275792K(2010624K), 0.1229157 secs] [Times: user=0.51 sys=0.00, real=0.11 secs] 
[CMS-concurrent-sweep: 0.834/0.958 secs] [Times: user=2.25 sys=0.00, real=0.96 secs] 
[CMS-concurrent-reset-start]
[CMS-concurrent-reset: 0.003/0.003 secs] [Times: user=0.00 sys=0.00, real=0.00 secs] 
[GC (Allocation Failure) [ParNew: 613440K->27217K(613440K), 0.0592354 secs] 1420284K->897037K(2010624K), 0.0592874 secs] [Times: user=0.20 sys=0.00, real=0.06 secs] 
[GC (Allocation Failure) [ParNew: 572561K->68096K(613440K), 0.1006748 secs] 1442381K->983688K(2010624K), 0.1007261 secs] [Times: user=0.53 sys=0.00, real=0.09 secs] 
[GC (Allocation Failure) [ParNew (0: promotion failure size = 4167)  (1: promotion failure size = 4167)  (2: promotion failure size = 4167)  (3: promotion failure size = 4167)  (4: promotion failure size = 4167)  (5: promotion failure size = 4167)  (6: promotion failure size = 4167)  (7: promotion failure size = 4167)  (promotion failed): 613440K->579615K(613440K), 0.2223914 secs][CMS: 981439K->757631K(1397184K), 1.8654474 secs] 1529032K->757631K(2010624K), [Metaspace: 9979K->9979K(10240K)], 2.0880140 secs]
*** PauseDetector detected a 2088 ms pause at Fri Dec 19 17:55:20 EET 2014 ***

 [Times: user=2.23 sys=0.00, real=2.09 secs] 
[GC (Allocation Failure) [ParNew: 545344K->68096K(613440K), 0.0907875 secs] 1302975K->872050K(2010624K), 0.0908369 secs] [Times: user=0.36 sys=0.00, real=0.09 secs] 
[GC (Allocation Failure) [ParNew: 613440K->27372K(613440K), 0.0527452 secs] 1417394K->895552K(2010624K), 0.0527985 secs] [Times: user=0.14 sys=0.00, real=0.05 secs] 
[GC (Allocation Failure) [ParNew: 572716K->68096K(613440K), 0.0875610 secs] 1440896K->982338K(2010624K), 0.0876123 secs] [Times: user=0.34 sys=0.00, real=0.08 secs] 
[GC (Allocation Failure) [ParNew: 613440K->13531K(613440K), 0.0404193 secs] 1527682K->990674K(2010624K), 0.0405778 secs] [Times: user=0.13 sys=0.00, real=0.03 secs] 
[GC (Allocation Failure) [ParNew: 558875K->68096K(613440K), 0.0818035 secs] 1536018K->1089293K(2010624K), 0.0818503 secs] [Times: user=0.30 sys=0.00, real=0.08 secs] 
[GC (Allocation Failure) [ParNew: 613440K->27225K(613440K), 0.0399914 secs] 1634637K->1111327K(2010624K), 0.0400408 secs] [Times: user=0.13 sys=0.00, real=0.03 secs] 
[GC (Allocation Failure) [ParNew: 572569K->68096K(613440K), 0.0774543 secs] 1656671K->1195243K(2010624K), 0.0775043 secs] [Times: user=0.34 sys=0.02, real=0.07 secs] 
[GC (Allocation Failure) [ParNew: 613440K->20560K(613440K), 0.0381545 secs] 1740587K->1211149K(2010624K), 0.0382026 secs] [Times: user=0.13 sys=0.00, real=0.04 secs] 
[GC (CMS Initial Mark) [1 CMS-initial-mark: 1190589K(1397184K)] 1222158K(2010624K), 0.0053546 secs] [Times: user=0.00 sys=0.00, real=0.00 secs] 
[CMS-concurrent-mark-start]
[CMS-concurrent-mark: 1.184/1.184 secs] [Times: user=3.93 sys=0.00, real=1.19 secs] 
[CMS-concurrent-preclean-start]
[CMS-concurrent-preclean: 0.118/0.126 secs] [Times: user=0.25 sys=0.00, real=0.13 secs] 
[CMS-concurrent-abortable-preclean-start]
[GC (Allocation Failure) [ParNew[CMS-concurrent-abortable-preclean: 0.058/0.391 secs] [Times: user=0.66 sys=0.00, real=0.39 secs] 
: 565904K->68096K(613440K), 0.0768294 secs] 1756493K->1301375K(2010624K), 0.0768794 secs] [Times: user=0.30 sys=0.00, real=0.07 secs] 
[GC (CMS Final Remark) [YG occupancy: 79101 K (613440 K)][Rescan (parallel) , 0.0405951 secs][weak refs processing, 0.0000154 secs][class unloading, 0.0051480 secs][scrub symbol table, 0.0010605 secs][scrub string table, 0.0003484 secs][1 CMS-remark: 1233279K(1397184K)] 1312381K(2010624K), 0.0479693 secs] [Times: user=0.17 sys=0.00, real=0.05 secs] 
[CMS-concurrent-sweep-start]
[CMS-concurrent-sweep: 0.611/0.611 secs] [Times: user=1.22 sys=0.00, real=0.62 secs] 
[CMS-concurrent-reset-start]
[CMS-concurrent-reset: 0.002/0.002 secs] [Times: user=0.00 sys=0.00, real=0.00 secs] 
[GC (Allocation Failure) [ParNew: 613440K->34285K(613440K), 0.0359052 secs] 1301271K->785656K(2010624K), 0.0359558 secs] [Times: user=0.08 sys=0.00, real=0.03 secs] 
[GC (Allocation Failure) [ParNew: 579629K->68096K(613440K), 0.0709525 secs] 1331000K->863264K(2010624K), 0.0710045 secs] [Times: user=0.28 sys=0.00, real=0.07 secs] 
[GC (Allocation Failure) [ParNew: 613440K->26892K(613440K), 0.0360925 secs] 1408608K->884216K(2010624K), 0.0362138 secs] [Times: user=0.13 sys=0.00, real=0.03 secs] 
[GC (Allocation Failure) [ParNew (0: promotion failure size = 61)  (1: promotion failure size = 61)  (2: promotion failure size = 61)  (3: promotion failure size = 61)  (4: promotion failure size = 61)  (5: promotion failure size = 2779)  (6: promotion failure size = 2779)  (7: promotion failure size = 2779)  (promotion failed): 572236K->613440K(613440K), 1.7348886 secs][CMS: 883484K->752928K(1397184K), 2.0415632 secs] 1429560K->752928K(2010624K), [Metaspace: 9979K->9979K(10240K)]
*** PauseDetector detected a 3776 ms pause at Fri Dec 19 17:55:43 EET 2014 ***

, 3.7766212 secs] [Times: user=4.17 sys=0.47, real=3.78 secs] 
[GC (Allocation Failure) [ParNew: 545344K->27394K(613440K), 0.0069277 secs] 1298272K->780323K(2010624K), 0.0069726 secs] [Times: user=0.06 sys=0.00, real=0.01 secs] 
[GC (Allocation Failure) [ParNew: 572738K->68096K(613440K), 0.0621321 secs] 1325667K->865939K(2010624K), 0.0622816 secs] [Times: user=0.28 sys=0.00, real=0.06 secs] 
[GC (Allocation Failure) [ParNew: 613440K->26605K(613440K), 0.0474227 secs] 1411283K->886228K(2010624K), 0.0474741 secs] [Times: user=0.14 sys=0.00, real=0.04 secs] 
[GC (Allocation Failure) [ParNew: 571949K->68096K(613440K), 0.0609799 secs] 1431572K->969670K(2010624K), 0.0611313 secs] [Times: user=0.28 sys=0.00, real=0.06 secs] 
[GC (Allocation Failure) [ParNew: 613440K->33967K(613440K), 0.0418192 secs] 1515014K->998748K(2010624K), 0.0418667 secs] [Times: user=0.19 sys=0.00, real=0.04 secs] 
[GC (Allocation Failure) [ParNew: 579311K->68096K(613440K), 0.0609157 secs] 1544092K->1074481K(2010624K), 0.0609677 secs] [Times: user=0.28 sys=0.00, real=0.06 secs] 
[GC (Allocation Failure) [ParNew: 613440K->27197K(613440K), 0.0343731 secs] 1619825K->1096649K(2010624K), 0.0344911 secs] [Times: user=0.13 sys=0.00, real=0.03 secs] 
[Full GC (System.gc()) [CMS: 1069452K->747435K(1397184K), 1.9184608 secs] 1250903K->747435K(2010624K), [Metaspace: 9979K->9979K(10240K)], 1.9187239 secs] [Times: user=1.90 sys=0.00, real=1.92 secs] 
[Full GC (System.gc()) [CMS: 747435K->747358K(1397184K), 1.3559444 secs] 758381K->747358K(2010624K), [Metaspace: 9979K->9979K(10240K)], 1.3561189 secs] [Times: user=1.36 sys=0.00, real=1.35 secs] 
[Full GC (System.gc()) [CMS: 747358K->747358K(1397184K), 1.3490006 secs] 747358K->747358K(2010624K), [Metaspace: 9979K->9979K(10240K)]
*** PauseDetector detected a 1916 ms pause at Fri Dec 19 17:55:56 EET 2014 ***

, 1.3493054 secs] [Times: user=1.34 sys=0.00, real=1.35 secs] 

*** PauseDetector detected a 2719 ms pause at Fri Dec 19 17:55:59 EET 2014 ***

[GC (Allocation Failure) [ParNew: 545344K->7524K(613440K), 0.0106912 secs] 1292702K->754883K(2010624K), 0.0107669 secs] [Times: user=0.00 sys=0.00, real=0.00 secs] 
[GC (Allocation Failure) [ParNew: 552868K->68096K(613440K), 0.0644578 secs] 1300227K->856832K(2010624K), 0.0645194 secs] [Times: user=0.17 sys=0.00, real=0.06 secs] 
[GC (Allocation Failure) [ParNew: 613440K->26546K(613440K), 0.0451361 secs] 1402176K->879132K(2010624K), 0.0451939 secs] [Times: user=0.13 sys=0.00, real=0.04 secs] 
[GC (Allocation Failure) [ParNew: 571890K->68096K(613440K), 0.0636418 secs] 1424476K->962838K(2010624K), 0.0637027 secs] [Times: user=0.25 sys=0.00, real=0.06 secs] 
[GC (Allocation Failure) [ParNew: 613440K->20153K(613440K), 0.0479148 secs] 1508182K->977012K(2010624K), 0.0479777 secs] [Times: user=0.19 sys=0.00, real=0.04 secs] 
[GC (Allocation Failure) [ParNew: 565497K->68096K(613440K), 0.0557651 secs] 1522356K->1066600K(2010624K), 0.0558787 secs] [Times: user=0.25 sys=0.00, real=0.06 secs] 
[Full GC (System.gc()) [CMS: 998504K->751040K(1397184K), 1.6512304 secs] 1482457K->751040K(2010624K), [Metaspace: 9979K->9979K(10240K)], 1.6515126 secs] [Times: user=1.65 sys=0.00, real=1.65 secs] 
[Full GC (System.gc()) [CMS: 751040K->751042K(1397184K), 1.3221808 secs] 761973K->751042K(2010624K), [Metaspace: 9979K->9979K(10240K)], 1.3224875 secs] [Times: user=1.31 sys=0.00, real=1.32 secs] 
[Full GC (System.gc()) [CMS: 751042K->751042K(1397184K), 1.3015567 secs] 751042K->751042K(2010624K), [Metaspace: 9979K->9979K(10240K)]
*** PauseDetector detected a 1654 ms pause at Fri Dec 19 17:56:11 EET 2014 ***

, 1.3017620 secs] [Times: user=1.31 sys=0.00, real=1.30 secs] 
********************************
********** ROUND   53 **********
********************************

*** PauseDetector detected a 2635 ms pause at Fri Dec 19 17:56:13 EET 2014 ***

[GC (Allocation Failure) [ParNew: 545344K->68096K(613440K), 0.0546212 secs] 1296386K->864041K(2010624K), 0.0546700 secs] [Times: user=0.20 sys=0.00, real=0.05 secs] 
[GC (Allocation Failure) [ParNew: 613440K->30831K(613440K), 0.0283596 secs] 1409385K->886691K(2010624K), 0.0284083 secs] [Times: user=0.06 sys=0.00, real=0.03 secs] 
[GC (Allocation Failure) [ParNew: 576175K->68096K(613440K), 0.0535235 secs] 1432035K->968462K(2010624K), 0.0535690 secs] [Times: user=0.20 sys=0.00, real=0.05 secs] 
[GC (Allocation Failure) [ParNew: 613440K->26111K(613440K), 0.0285572 secs] 1513806K->986170K(2010624K), 0.0286092 secs] [Times: user=0.08 sys=0.00, real=0.02 secs] 
[GC (Allocation Failure) [ParNew: 571455K->68096K(613440K), 0.0522230 secs] 1531514K->1071785K(2010624K), 0.0522705 secs] [Times: user=0.20 sys=0.00, real=0.05 secs] 
[GC (Allocation Failure) [ParNew: 613440K->32430K(613440K), 0.0276526 secs] 1617129K->1095809K(2010624K), 0.0277007 secs] [Times: user=0.08 sys=0.00, real=0.02 secs] 
[GC (Allocation Failure) [ParNew: 577774K->68096K(613440K), 0.0518220 secs] 1641153K->1172965K(2010624K), 0.0518733 secs] [Times: user=0.22 sys=0.00, real=0.05 secs] 
[GC (Allocation Failure) [ParNew: 613440K->33332K(613440K), 0.0327999 secs] 1718309K->1199986K(2010624K), 0.0329225 secs] [Times: user=0.14 sys=0.00, real=0.03 secs] 
[GC (CMS Initial Mark) [1 CMS-initial-mark: 1166653K(1397184K)] 1210918K(2010624K), 0.0036929 secs] [Times: user=0.00 sys=0.00, real=0.00 secs] 
[CMS-concurrent-mark-start]
[CMS-concurrent-mark: 1.108/1.108 secs] [Times: user=3.56 sys=0.02, real=1.12 secs] 
[CMS-concurrent-preclean-start]
[CMS-concurrent-preclean: 0.063/0.066 secs] [Times: user=0.16 sys=0.00, real=0.07 secs] 
[CMS-concurrent-abortable-preclean-start]
[GC (Allocation Failure) [ParNew[CMS-concurrent-abortable-preclean: 0.055/0.370 secs] [Times: user=0.55 sys=0.00, real=0.37 secs] 
: 578676K->68096K(613440K), 0.0537185 secs] 1745330K->1275083K(2010624K), 0.0537705 secs] [Times: user=0.20 sys=0.00, real=0.05 secs] 
[GC (CMS Final Remark) [YG occupancy: 79097 K (613440 K)][Rescan (parallel) , 0.0246647 secs][weak refs processing, 0.0000148 secs][class unloading, 0.0053520 secs][scrub symbol table, 0.0012389 secs][scrub string table, 0.0003516 secs][1 CMS-remark: 1206987K(1397184K)] 1286084K(2010624K), 0.0324227 secs] [Times: user=0.09 sys=0.00, real=0.03 secs] 
[CMS-concurrent-sweep-start]
[CMS-concurrent-sweep: 0.504/0.504 secs] [Times: user=1.03 sys=0.00, real=0.51 secs] 
[CMS-concurrent-reset-start]
[CMS-concurrent-reset: 0.003/0.003 secs] [Times: user=0.00 sys=0.00, real=0.00 secs] 
[GC (Allocation Failure) [ParNew: 613440K->27108K(613440K), 0.0326562 secs] 1297579K->774087K(2010624K), 0.0327120 secs] [Times: user=0.13 sys=0.00, real=0.03 secs] 
[GC (Allocation Failure) [ParNew: 572452K->68096K(613440K), 0.0529749 secs] 1319431K->859314K(2010624K), 0.0530224 secs] [Times: user=0.19 sys=0.00, real=0.05 secs] 
[GC (Allocation Failure) [ParNew: 613440K->19281K(613440K), 0.0278842 secs] 1404658K->869400K(2010624K), 0.0279272 secs] [Times: user=0.06 sys=0.00, real=0.02 secs] 
[GC (Allocation Failure) [ParNew (0: promotion failure size = 14056)  (1: promotion failure size = 14056)  (2: promotion failure size = 14056)  (3: promotion failure size = 14056)  (4: promotion failure size = 14056)  (5: promotion failure size = 14056)  (6: promotion failure size = 14056)  (7: promotion failure size = 14056)  (promotion failed): 564625K->613440K(613440K), 0.2704660 secs][CMS: 916490K->773774K(1397184K), 1.8739951 secs] 1414744K->773774K(2010624K), [Metaspace: 9979K->9979K(10240K)], 2.1445990 secs] [Times: user=2.79 sys=0.00, real=2.14 secs] 

*** PauseDetector detected a 2139 ms pause at Fri Dec 19 17:56:35 EET 2014 ***

[GC (Allocation Failure) [ParNew: 545344K->27261K(613440K), 0.0069457 secs] 1319118K->801035K(2010624K), 0.0069945 secs] [Times: user=0.00 sys=0.00, real=0.01 secs] 
[GC (Allocation Failure) [ParNew: 572605K->68096K(613440K), 0.1863310 secs] 1346379K->901786K(2010624K), 0.1864798 secs] [Times: user=0.86 sys=0.00, real=0.19 secs] 
[GC (Allocation Failure) [ParNew: 613440K->27393K(613440K), 0.0703552 secs] 1447130K->925574K(2010624K), 0.0704033 secs] [Times: user=0.26 sys=0.00, real=0.07 secs] 
[GC (Allocation Failure) [ParNew: 572737K->68096K(613440K), 0.1830609 secs] 1470918K->1020539K(2010624K), 0.1831115 secs] [Times: user=0.94 sys=0.00, real=0.18 secs] 
[GC (Allocation Failure) [ParNew: 613440K->47978K(613440K), 0.0691298 secs] 1565883K->1064151K(2010624K), 0.0691786 secs] [Times: user=0.27 sys=0.00, real=0.07 secs] 
[GC (Allocation Failure) [ParNew: 593322K->68096K(613440K), 0.1423683 secs] 1609495K->1134508K(2010624K), 0.1424183 secs] [Times: user=0.61 sys=0.00, real=0.14 secs] 
[GC (Allocation Failure) [ParNew: 613440K->27370K(613440K), 0.0588409 secs] 1679852K->1157365K(2010624K), 0.0588870 secs] [Times: user=0.20 sys=0.00, real=0.06 secs] 
[GC (Allocation Failure) [ParNew: 572714K->68096K(613440K), 0.1352975 secs] 1702709K->1248256K(2010624K), 0.1353469 secs] [Times: user=0.55 sys=0.00, real=0.13 secs] 
[GC (CMS Initial Mark) [1 CMS-initial-mark: 1180160K(1397184K)] 1259186K(2010624K), 0.0094607 secs] [Times: user=0.08 sys=0.00, real=0.01 secs] 
[CMS-concurrent-mark-start]
[CMS-concurrent-mark: 1.242/1.242 secs] [Times: user=3.71 sys=0.00, real=1.24 secs] 
[CMS-concurrent-preclean-start]
[CMS-concurrent-preclean: 0.005/0.005 secs] [Times: user=0.03 sys=0.00, real=0.00 secs] 
[CMS-concurrent-abortable-preclean-start]
[GC (Allocation Failure) [ParNew: 613440K->26979K(613440K), 0.0654189 secs] 1793600K->1269748K(2010624K), 0.0654677 secs] [Times: user=0.23 sys=0.00, real=0.06 secs] 
[CMS-concurrent-abortable-preclean: 0.601/1.279 secs] [Times: user=2.53 sys=0.00, real=1.28 secs] 
[GC (CMS Final Remark) [YG occupancy: 335269 K (613440 K)][Rescan (parallel) , 0.0669080 secs][weak refs processing, 0.0000167 secs][class unloading, 0.0053360 secs][scrub symbol table, 0.0010580 secs][scrub string table, 0.0003509 secs][1 CMS-remark: 1242769K(1397184K)] 1578039K(2010624K), 0.0744825 secs] [Times: user=0.28 sys=0.00, real=0.07 secs] 
[CMS-concurrent-sweep-start]
[GC (Allocation Failure) [ParNew: 572323K->68096K(613440K), 0.1218147 secs] 1684764K->1227005K(2010624K), 0.1218661 secs] [Times: user=0.51 sys=0.00, real=0.12 secs] 
[CMS-concurrent-sweep: 0.842/0.964 secs] [Times: user=2.26 sys=0.00, real=0.97 secs] 
[CMS-concurrent-reset-start]
[CMS-concurrent-reset: 0.003/0.003 secs] [Times: user=0.00 sys=0.00, real=0.00 secs] 
[GC (Allocation Failure) [ParNew: 613440K->34245K(613440K), 0.0495111 secs] 1419076K->903437K(2010624K), 0.0495572 secs] [Times: user=0.14 sys=0.00, real=0.05 secs] 
[GC (Allocation Failure) [ParNew: 579589K->68096K(613440K), 0.1068038 secs] 1448781K->985566K(2010624K), 0.1068538 secs] [Times: user=0.44 sys=0.00, real=0.10 secs] 
[GC (Allocation Failure) [ParNew (0: promotion failure size = 4167)  (1: promotion failure size = 4167)  (3: promotion failure size = 4167)  (4: promotion failure size = 4167)  (5: promotion failure size = 4167)  (7: promotion failure size = 4167)  (promotion failed): 613440K->578430K(613440K), 0.1981244 secs][CMS: 978311K->757638K(1397184K), 1.8147244 secs] 1530910K->757638K(2010624K), [Metaspace: 9979K->9979K(10240K)], 2.0129091 secs]
*** PauseDetector detected a 2011 ms pause at Fri Dec 19 17:56:58 EET 2014 ***

 [Times: user=2.09 sys=0.00, real=2.01 secs] 
[GC (Allocation Failure) [ParNew: 545344K->68096K(613440K), 0.0911557 secs] 1302982K->873116K(2010624K), 0.0912039 secs] [Times: user=0.42 sys=0.00, real=0.09 secs] 
[GC (Allocation Failure) [ParNew: 613440K->40404K(613440K), 0.0449283 secs] 1418460K->908441K(2010624K), 0.0449802 secs] [Times: user=0.17 sys=0.00, real=0.05 secs] 
[GC (Allocation Failure) [ParNew: 585748K->68096K(613440K), 0.0866487 secs] 1453785K->981929K(2010624K), 0.0867103 secs] [Times: user=0.34 sys=0.00, real=0.08 secs] 
[GC (Allocation Failure) [ParNew: 613440K->27025K(613440K), 0.0413611 secs] 1527273K->1003796K(2010624K), 0.0414112 secs] [Times: user=0.13 sys=0.00, real=0.03 secs] 
[GC (Allocation Failure) [ParNew: 572369K->68096K(613440K), 0.0822648 secs] 1549140K->1091644K(2010624K), 0.0823155 secs] [Times: user=0.28 sys=0.00, real=0.08 secs] 
[GC (Allocation Failure) [ParNew: 613440K->19631K(613440K), 0.0456096 secs] 1636988K->1103578K(2010624K), 0.0456654 secs] [Times: user=0.14 sys=0.00, real=0.04 secs] 
[GC (Allocation Failure) [ParNew: 564975K->68096K(613440K), 0.0777821 secs] 1648922K->1195032K(2010624K), 0.0778296 secs] [Times: user=0.34 sys=0.00, real=0.08 secs] 
[GC (Allocation Failure) [ParNew: 613440K->27351K(613440K), 0.0372685 secs] 1740376K->1217849K(2010624K), 0.0373166 secs] [Times: user=0.08 sys=0.00, real=0.03 secs] 
[GC (CMS Initial Mark) [1 CMS-initial-mark: 1190497K(1397184K)] 1217914K(2010624K), 0.0038828 secs] [Times: user=0.00 sys=0.00, real=0.01 secs] 
[CMS-concurrent-mark-start]
[CMS-concurrent-mark: 1.146/1.146 secs] [Times: user=3.77 sys=0.00, real=1.15 secs] 
[CMS-concurrent-preclean-start]
[CMS-concurrent-preclean: 0.122/0.130 secs] [Times: user=0.25 sys=0.00, real=0.13 secs] 
[CMS-concurrent-abortable-preclean-start]
[GC (Allocation Failure) [ParNew: 572695K->68096K(613440K), 0.0782357 secs] 1763193K->1301344K(2010624K), 0.0783217 secs] [Times: user=0.30 sys=0.00, real=0.07 secs] 
[CMS-concurrent-abortable-preclean: 0.714/1.216 secs] [Times: user=2.17 sys=0.00, real=1.22 secs] 
[GC (CMS Final Remark) [YG occupancy: 408599 K (613440 K)][Rescan (parallel) , 0.0769750 secs][weak refs processing, 0.0000154 secs][class unloading, 0.0051916 secs][scrub symbol table, 0.0010515 secs][scrub string table, 0.0003509 secs][1 CMS-remark: 1233248K(1397184K)] 1641847K(2010624K), 0.0843935 secs] [Times: user=0.44 sys=0.00, real=0.08 secs] 
[CMS-concurrent-sweep-start]
[GC (Allocation Failure) [ParNew: 613440K->27424K(613440K), 0.0412078 secs] 1818300K->1295728K(2010624K), 0.0412585 secs] [Times: user=0.16 sys=0.00, real=0.03 secs] 
[CMS-concurrent-sweep: 0.730/0.771 secs] [Times: user=1.76 sys=0.00, real=0.78 secs] 
[CMS-concurrent-reset-start]
[CMS-concurrent-reset: 0.003/0.003 secs] [Times: user=0.00 sys=0.00, real=0.00 secs] 
[GC (Allocation Failure) [ParNew: 572768K->68096K(613440K), 0.0704880 secs] 1324011K->864422K(2010624K), 0.0705381 secs] [Times: user=0.28 sys=0.00, real=0.07 secs] 
[GC (Allocation Failure) [ParNew: 613440K->26441K(613440K), 0.0354516 secs] 1409766K->883639K(2010624K), 0.0356087 secs] [Times: user=0.13 sys=0.00, real=0.03 secs] 
[GC (Allocation Failure) [ParNew (0: promotion failure size = 61)  (1: promotion failure size = 61)  (2: promotion failure size = 61)  (3: promotion failure size = 61)  (4: promotion failure size = 61)  (5: promotion failure size = 61)  (6: promotion failure size = 61)  (7: promotion failure size = 61)  (promotion failed): 571785K->613440K(613440K), 1.4953030 secs][CMS: 884618K->752927K(1397184K), 2.0448558 secs] 1428983K->752927K(2010624K), [Metaspace: 9979K->9979K(10240K)], 3.5403333 secs] [Times: user=3.70 sys=0.50, real=3.54 secs] 

*** PauseDetector detected a 3543 ms pause at Fri Dec 19 17:57:22 EET 2014 ***

[GC (Allocation Failure) [ParNew: 545344K->27366K(613440K), 0.0067077 secs] 1298271K->780293K(2010624K), 0.0067552 secs] [Times: user=0.06 sys=0.00, real=0.01 secs] 
[GC (Allocation Failure) [ParNew: 572710K->68096K(613440K), 0.0636251 secs] 1325637K->868577K(2010624K), 0.0636738 secs] [Times: user=0.25 sys=0.00, real=0.06 secs] 
[GC (Allocation Failure) [ParNew: 613440K->25639K(613440K), 0.0316271 secs] 1413921K->885326K(2010624K), 0.0316746 secs] [Times: user=0.08 sys=0.00, real=0.03 secs] 
[GC (Allocation Failure) [ParNew: 570983K->68096K(613440K), 0.0641043 secs] 1430670K->972409K(2010624K), 0.0641544 secs] [Times: user=0.26 sys=0.00, real=0.06 secs] 
[GC (Allocation Failure) [ParNew: 613440K->19539K(613440K), 0.0433725 secs] 1517753K->984241K(2010624K), 0.0435271 secs] [Times: user=0.19 sys=0.00, real=0.04 secs] 
[GC (Allocation Failure) [ParNew: 564883K->68096K(613440K), 0.0620102 secs] 1529585K->1074826K(2010624K), 0.0620609 secs] [Times: user=0.22 sys=0.00, real=0.06 secs] 
[GC (Allocation Failure) [ParNew: 613440K->26979K(613440K), 0.0400671 secs] 1620170K->1096498K(2010624K), 0.0402114 secs] [Times: user=0.13 sys=0.00, real=0.03 secs] 
[GC (Allocation Failure) [ParNew: 572323K->68096K(613440K), 0.0612987 secs] 1641842K->1180795K(2010624K), 0.0613501 secs] [Times: user=0.28 sys=0.00, real=0.06 secs] 
[GC (Allocation Failure) [ParNew: 613440K->26546K(613440K), 0.0346162 secs] 1726139K->1200486K(2010624K), 0.0347330 secs] [Times: user=0.12 sys=0.00, real=0.03 secs] 
[GC (CMS Initial Mark) [1 CMS-initial-mark: 1173939K(1397184K)] 1211419K(2010624K), 0.0036897 secs] [Times: user=0.00 sys=0.00, real=0.00 secs] 
[CMS-concurrent-mark-start]
[Full GC (System.gc()) [CMS[CMS-concurrent-mark: 1.048/1.049 secs] [Times: user=2.90 sys=0.00, real=1.06 secs] 
 (concurrent mode interrupted): 1173939K->747167K(1397184K), 2.0797857 secs] 1332442K->747167K(2010624K), [Metaspace: 9979K->9979K(10240K)], 2.0800186 secs] [Times: user=2.61 sys=0.00, real=2.08 secs] 
[Full GC (System.gc()) [CMS: 747167K->747090K(1397184K), 1.3349328 secs] 758100K->747090K(2010624K), [Metaspace: 9979K->9979K(10240K)], 1.3351060 secs] [Times: user=1.34 sys=0.00, real=1.34 secs] 
[Full GC (System.gc()) [CMS: 747090K->746886K(1397184K), 1.6681718 secs] 758020K->746886K(2010624K), [Metaspace: 9979K->9979K(10240K)]
*** PauseDetector detected a 2082 ms pause at Fri Dec 19 17:57:38 EET 2014 ***

, 1.6684150 secs] [Times: user=1.65 sys=0.00, real=1.66 secs] 

*** PauseDetector detected a 3008 ms pause at Fri Dec 19 17:57:41 EET 2014 ***

[GC (Allocation Failure) [ParNew: 545344K->7562K(613440K), 0.0090263 secs] 1292230K->754448K(2010624K), 0.0090873 secs] [Times: user=0.06 sys=0.00, real=0.01 secs] 
[GC (Allocation Failure) [ParNew: 552906K->68096K(613440K), 0.0710680 secs] 1299792K->862222K(2010624K), 0.0711296 secs] [Times: user=0.28 sys=0.00, real=0.07 secs] 
[GC (Allocation Failure) [ParNew: 613440K->26410K(613440K), 0.0393491 secs] 1407566K->883926K(2010624K), 0.0395185 secs] [Times: user=0.14 sys=0.00, real=0.04 secs] 
[GC (Allocation Failure) [ParNew: 571754K->68096K(613440K), 0.0537519 secs] 1429270K->968139K(2010624K), 0.0538038 secs] [Times: user=0.22 sys=0.00, real=0.05 secs] 
[GC (Allocation Failure) [ParNew: 613440K->13350K(613440K), 0.0419546 secs] 1513483K->975208K(2010624K), 0.0420181 secs] [Times: user=0.09 sys=0.00, real=0.04 secs] 
[GC (Allocation Failure) [ParNew: 558694K->68096K(613440K), 0.0643058 secs] 1520552K->1072776K(2010624K), 0.0643667 secs] [Times: user=0.23 sys=0.02, real=0.06 secs] 
[Full GC (System.gc()) [CMS: 1004680K->750781K(1397184K), 1.5329847 secs] 1466284K->750781K(2010624K), [Metaspace: 9979K->9979K(10240K)], 1.5332093 secs] [Times: user=1.53 sys=0.00, real=1.53 secs] 
[Full GC (System.gc()) [CMS: 750781K->750704K(1397184K), 1.5233963 secs] 761705K->750704K(2010624K), [Metaspace: 9979K->9979K(10240K)], 1.5236863 secs] [Times: user=1.53 sys=0.00, real=1.52 secs] 
[Full GC (System.gc()) [CMS: 750704K->746588K(1397184K), 1.5149930 secs] 761626K->746588K(2010624K), [Metaspace: 9979K->9979K(10240K)]
*** PauseDetector detected a 1528 ms pause at Fri Dec 19 17:57:52 EET 2014 ***

, 1.5151919 secs] [Times: user=1.51 sys=0.00, real=1.52 secs] 
********************************
********** ROUND   54 **********
********************************

*** PauseDetector detected a 3056 ms pause at Fri Dec 19 17:57:55 EET 2014 ***

[GC (Allocation Failure) [ParNew: 545344K->68096K(613440K), 0.0517155 secs] 1291932K->859905K(2010624K), 0.0518336 secs] [Times: user=0.20 sys=0.00, real=0.05 secs] 
[GC (Allocation Failure) [ParNew: 613440K->22922K(613440K), 0.0276115 secs] 1405249K->874175K(2010624K), 0.0277238 secs] [Times: user=0.06 sys=0.00, real=0.03 secs] 
[GC (Allocation Failure) [ParNew: 568266K->68096K(613440K), 0.0520761 secs] 1419519K->962762K(2010624K), 0.0521268 secs] [Times: user=0.19 sys=0.00, real=0.05 secs] 
[GC (Allocation Failure) [ParNew: 613440K->32945K(613440K), 0.0449373 secs] 1508106K->987888K(2010624K), 0.0449886 secs] [Times: user=0.11 sys=0.00, real=0.04 secs] 
[GC (Allocation Failure) [ParNew: 578289K->68096K(613440K), 0.0516417 secs] 1533232K->1066424K(2010624K), 0.0516937 secs] [Times: user=0.20 sys=0.00, real=0.05 secs] 
[GC (Allocation Failure) [ParNew: 613440K->32509K(613440K), 0.0311876 secs] 1611768K->1090780K(2010624K), 0.0313371 secs] [Times: user=0.08 sys=0.00, real=0.03 secs] 
[GC (Allocation Failure) [ParNew: 577853K->68096K(613440K), 0.0512061 secs] 1636124K->1168242K(2010624K), 0.0512555 secs] [Times: user=0.22 sys=0.00, real=0.05 secs] 
[GC (Allocation Failure) [ParNew: 613440K->33114K(613440K), 0.0274967 secs] 1713586K->1194577K(2010624K), 0.0275473 secs] [Times: user=0.06 sys=0.00, real=0.02 secs] 
[GC (CMS Initial Mark) [1 CMS-initial-mark: 1161463K(1397184K)] 1205573K(2010624K), 0.0038745 secs] [Times: user=0.00 sys=0.00, real=0.00 secs] 
[CMS-concurrent-mark-start]
[CMS-concurrent-mark: 1.161/1.161 secs] [Times: user=3.71 sys=0.00, real=1.17 secs] 
[CMS-concurrent-preclean-start]
[CMS-concurrent-preclean: 0.061/0.065 secs] [Times: user=0.13 sys=0.00, real=0.06 secs] 
[CMS-concurrent-abortable-preclean-start]
[GC (Allocation Failure) [ParNew[CMS-concurrent-abortable-preclean: 0.073/0.485 secs] [Times: user=0.64 sys=0.00, real=0.49 secs] 
: 578458K->68096K(613440K), 0.0524636 secs] 1739921K->1270804K(2010624K), 0.0525893 secs] [Times: user=0.19 sys=0.00, real=0.05 secs] 
[GC (CMS Final Remark) [YG occupancy: 79020 K (613440 K)][Rescan (parallel) , 0.0232956 secs][weak refs processing, 0.0000148 secs][class unloading, 0.0053302 secs][scrub symbol table, 0.0010965 secs][scrub string table, 0.0003522 secs][1 CMS-remark: 1202708K(1397184K)] 1281729K(2010624K), 0.0308989 secs] [Times: user=0.17 sys=0.00, real=0.03 secs] 
[CMS-concurrent-sweep-start]
[CMS-concurrent-sweep: 0.482/0.482 secs] [Times: user=0.98 sys=0.00, real=0.49 secs] 
[CMS-concurrent-reset-start]
[CMS-concurrent-reset: 0.003/0.003 secs] [Times: user=0.03 sys=0.00, real=0.00 secs] 
[GC (Allocation Failure) [ParNew: 613440K->33435K(613440K), 0.0496047 secs] 1298553K->780447K(2010624K), 0.0497658 secs] [Times: user=0.14 sys=0.00, real=0.05 secs] 
[GC (Allocation Failure) [ParNew: 578779K->68096K(613440K), 0.1617862 secs] 1325791K->882572K(2010624K), 0.1618375 secs] [Times: user=0.70 sys=0.00, real=0.16 secs] 
[GC (Allocation Failure) [ParNew: 613440K->27302K(613440K), 0.0809983 secs] 1427916K->906074K(2010624K), 0.0810496 secs] [Times: user=0.30 sys=0.00, real=0.07 secs] 
[GC (Allocation Failure) [ParNew: 572646K->68096K(613440K), 0.1906783 secs] 1451418K->1004109K(2010624K), 0.1907309 secs] [Times: user=0.86 sys=0.00, real=0.18 secs] 
[GC (Allocation Failure) [ParNew (0: promotion failure size = 9372)  (1: promotion failure size = 9372)  (2: promotion failure size = 9372)  (3: promotion failure size = 9372)  (4: promotion failure size = 9372)  (5: promotion failure size = 9372)  (6: promotion failure size = 9372)  (7: promotion failure size = 9372)  (promotion failed): 613440K->579480K(613440K), 0.1965590 secs][CMS: 995895K->768014K(1397184K), 1.7743186 secs] 1549453K->768014K(2010624K), [Metaspace: 9979K->9979K(10240K)], 1.9710515 secs] [Times: user=2.14 sys=0.00, real=1.97 secs] 

*** PauseDetector detected a 1966 ms pause at Fri Dec 19 17:58:19 EET 2014 ***

[GC (Allocation Failure) [ParNew: 545344K->68096K(613440K), 0.1554057 secs] 1313358K->892814K(2010624K), 0.1554545 secs] [Times: user=0.72 sys=0.00, real=0.15 secs] 
[GC (Allocation Failure) [ParNew: 613440K->41023K(613440K), 0.0771117 secs] 1438158K->930581K(2010624K), 0.0771694 secs] [Times: user=0.28 sys=0.00, real=0.08 secs] 
[GC (Allocation Failure) [ParNew: 586367K->68096K(613440K), 0.1348362 secs] 1475925K->1007994K(2010624K), 0.1348849 secs] [Times: user=0.62 sys=0.00, real=0.13 secs] 
[GC (Allocation Failure) [ParNew: 613440K->27361K(613440K), 0.0636719 secs] 1553338K->1031557K(2010624K), 0.0637168 secs] [Times: user=0.22 sys=0.00, real=0.06 secs] 
[GC (Allocation Failure) [ParNew: 572705K->68096K(613440K), 0.1241366 secs] 1576901K->1121281K(2010624K), 0.1241828 secs] [Times: user=0.55 sys=0.00, real=0.12 secs] 
[GC (Allocation Failure) [ParNew: 613440K->27426K(613440K), 0.0579523 secs] 1666625K->1144256K(2010624K), 0.0579991 secs] [Times: user=0.14 sys=0.00, real=0.05 secs] 
[GC (Allocation Failure) [ParNew: 572770K->68096K(613440K), 0.1154073 secs] 1689600K->1232540K(2010624K), 0.1154561 secs] [Times: user=0.50 sys=0.00, real=0.11 secs] 
[GC (Allocation Failure) [ParNew: 613440K->20259K(613440K), 0.0522647 secs] 1777884K->1247114K(2010624K), 0.0523212 secs] [Times: user=0.14 sys=0.00, real=0.05 secs] 
[GC (CMS Initial Mark) [1 CMS-initial-mark: 1226854K(1397184K)] 1258038K(2010624K), 0.0052218 secs] [Times: user=0.00 sys=0.00, real=0.00 secs] 
[CMS-concurrent-mark-start]
[CMS-concurrent-mark: 1.377/1.377 secs] [Times: user=4.63 sys=0.00, real=1.38 secs] 
[CMS-concurrent-preclean-start]
[CMS-concurrent-preclean: 0.199/0.212 secs] [Times: user=0.44 sys=0.00, real=0.22 secs] 
[CMS-concurrent-abortable-preclean-start]
[GC (Allocation Failure) [ParNew[CMS-concurrent-abortable-preclean: 0.026/0.159 secs] [Times: user=0.42 sys=0.00, real=0.16 secs] 
: 565603K->68096K(613440K), 0.0965180 secs] 1792458K->1340778K(2010624K), 0.0965649 secs] [Times: user=0.64 sys=0.00, real=0.10 secs] 
[GC (CMS Final Remark) [YG occupancy: 79020 K (613440 K)][Rescan (parallel) , 0.0573017 secs][weak refs processing, 0.0000199 secs][class unloading, 0.0056786 secs][scrub symbol table, 0.0023456 secs][scrub string table, 0.0005325 secs][1 CMS-remark: 1272682K(1397184K)] 1351702K(2010624K), 0.0670421 secs] [Times: user=0.50 sys=0.00, real=0.07 secs] 
[CMS-concurrent-sweep-start]
[CMS-concurrent-sweep: 0.785/0.785 secs] [Times: user=1.58 sys=0.00, real=0.79 secs] 
[CMS-concurrent-reset-start]
[CMS-concurrent-reset: 0.003/0.003 secs] [Times: user=0.00 sys=0.00, real=0.00 secs] 
[GC (Allocation Failure) [ParNew: 613440K->20553K(613440K), 0.0530949 secs] 1306255K->776867K(2010624K), 0.0531437 secs] [Times: user=0.14 sys=0.00, real=0.05 secs] 
[GC (Allocation Failure) [ParNew: 565897K->68096K(613440K), 0.1026425 secs] 1322211K->871596K(2010624K), 0.1026938 secs] [Times: user=0.42 sys=0.00, real=0.10 secs] 
[GC (Allocation Failure) [ParNew: 613440K->33383K(613440K), 0.0445497 secs] 1416940K->898463K(2010624K), 0.0445953 secs] [Times: user=0.14 sys=0.00, real=0.04 secs] 
[GC (Allocation Failure) [ParNew (0: promotion failure size = 4167)  (1: promotion failure size = 4167)  (2: promotion failure size = 4167)  (3: promotion failure size = 4167)  (4: promotion failure size = 4167)  (5: promotion failure size = 4167)  (6: promotion failure size = 4167)  (7: promotion failure size = 4167)  (promotion failed): 578727K->613440K(613440K), 2.9600786 secs][CMS: 892849K->755392K(1397184K), 1.8292311 secs] 1443807K->755392K(2010624K), [Metaspace: 9979K->9979K(10240K)], 4.7893937 secs] [Times: user=5.35 sys=0.41, real=4.79 secs] 

*** PauseDetector detected a 4789 ms pause at Fri Dec 19 17:58:45 EET 2014 ***

[GC (Allocation Failure) [ParNew: 545344K->27338K(613440K), 0.0067372 secs] 1300736K->782730K(2010624K), 0.0067853 secs] [Times: user=0.00 sys=0.00, real=0.01 secs] 
[GC (Allocation Failure) [ParNew: 572682K->68096K(613440K), 0.0785873 secs] 1328074K->867720K(2010624K), 0.0786354 secs] [Times: user=0.33 sys=0.00, real=0.08 secs] 
[GC (Allocation Failure) [ParNew: 613440K->34280K(613440K), 0.0387159 secs] 1413064K->897950K(2010624K), 0.0388275 secs] [Times: user=0.13 sys=0.00, real=0.03 secs] 
[GC (Allocation Failure) [ParNew: 579624K->68096K(613440K), 0.0755141 secs] 1443294K->976458K(2010624K), 0.0756983 secs] [Times: user=0.28 sys=0.00, real=0.08 secs] 
[GC (Allocation Failure) [ParNew: 613440K->33519K(613440K), 0.0372191 secs] 1521802K->1004176K(2010624K), 0.0372698 secs] [Times: user=0.13 sys=0.00, real=0.03 secs] 
[GC (Allocation Failure) [ParNew: 578863K->68096K(613440K), 0.0754192 secs] 1549520K->1084031K(2010624K), 0.0754820 secs] [Times: user=0.28 sys=0.00, real=0.08 secs] 
[GC (Allocation Failure) [ParNew: 613440K->19833K(613440K), 0.0347753 secs] 1629375K->1097022K(2010624K), 0.0349312 secs] [Times: user=0.13 sys=0.00, real=0.03 secs] 
[GC (Allocation Failure) [ParNew: 565177K->68096K(613440K), 0.0708512 secs] 1642366K->1187829K(2010624K), 0.0710308 secs] [Times: user=0.34 sys=0.00, real=0.07 secs] 
[GC (Allocation Failure) [ParNew: 613440K->20509K(613440K), 0.0350865 secs] 1733173K->1203765K(2010624K), 0.0351385 secs] [Times: user=0.08 sys=0.00, real=0.03 secs] 
[GC (CMS Initial Mark) [1 CMS-initial-mark: 1183256K(1397184K)] 1203765K(2010624K), 0.0049337 secs] [Times: user=0.00 sys=0.00, real=0.01 secs] 
[CMS-concurrent-mark-start]
[CMS-concurrent-mark: 1.266/1.266 secs] [Times: user=4.17 sys=0.02, real=1.27 secs] 
[CMS-concurrent-preclean-start]
[CMS-concurrent-preclean: 0.104/0.111 secs] [Times: user=0.22 sys=0.00, real=0.11 secs] 
[CMS-concurrent-abortable-preclean-start]
[GC (Allocation Failure) [ParNew: 565853K->68096K(613440K), 0.0690406 secs] 1749109K->1295108K(2010624K), 0.0691061 secs] [Times: user=0.36 sys=0.00, real=0.07 secs] 
[CMS-concurrent-abortable-preclean: 0.747/1.248 secs] [Times: user=2.29 sys=0.00, real=1.25 secs] 
[GC (CMS Final Remark) [YG occupancy: 463266 K (613440 K)][Rescan (parallel) , 0.1067037 secs][weak refs processing, 0.0000154 secs][class unloading, 0.0051339 secs][scrub symbol table, 0.0010567 secs][scrub string table, 0.0003516 secs][1 CMS-remark: 1227012K(1397184K)] 1690278K(2010624K), 0.1140741 secs] [Times: user=0.41 sys=0.00, real=0.11 secs] 
[CMS-concurrent-sweep-start]
[GC (Allocation Failure) [ParNew: 613440K->40309K(613440K), 0.0327704 secs] 1840452K->1329342K(2010624K), 0.0328198 secs] [Times: user=0.16 sys=0.00, real=0.03 secs] 
[CMS-concurrent-sweep: 0.581/0.614 secs] [Times: user=1.47 sys=0.00, real=0.62 secs] 
[CMS-concurrent-reset-start]
[CMS-concurrent-reset: 0.003/0.003 secs] [Times: user=0.00 sys=0.00, real=0.00 secs] 
[GC (Allocation Failure) [ParNew: 585653K->68096K(613440K), 0.0659636 secs] 1336385K->860980K(2010624K), 0.0661054 secs] [Times: user=0.19 sys=0.00, real=0.06 secs] 
[GC (Allocation Failure) [ParNew: 613440K->47834K(613440K), 0.0471077 secs] 1406324K->904126K(2010624K), 0.0472700 secs] [Times: user=0.19 sys=0.00, real=0.04 secs] 
[GC (Allocation Failure) [ParNew: 593178K->68096K(613440K), 0.0904090 secs] 1449470K->965573K(2010624K), 0.0904590 secs] [Times: user=0.25 sys=0.02, real=0.08 secs] 
[GC (Allocation Failure) [ParNew (0: promotion failure size = 1854)  (1: promotion failure size = 1854)  (2: promotion failure size = 1854)  (3: promotion failure size = 1854)  (4: promotion failure size = 1854)  (5: promotion failure size = 1854)  (6: promotion failure size = 1854)  (7: promotion failure size = 1854)  (promotion failed): 613440K->572720K(613440K), 0.4666631 secs][CMS: 960379K->753056K(1397184K), 1.6067063 secs] 1510917K->753056K(2010624K), [Metaspace: 9979K->9979K(10240K)], 2.0734560 secs] [Times: user=2.14 sys=0.03, real=2.07 secs] 

*** PauseDetector detected a 2068 ms pause at Fri Dec 19 17:59:09 EET 2014 ***

[GC (Allocation Failure) [ParNew: 545344K->68096K(613440K), 0.0569225 secs] 1298400K->864287K(2010624K), 0.0569713 secs] [Times: user=0.34 sys=0.00, real=0.05 secs] 
[GC (Allocation Failure) [ParNew: 613440K->40307K(613440K), 0.0313352 secs] 1409631K->898788K(2010624K), 0.0314513 secs] [Times: user=0.12 sys=0.00, real=0.03 secs] 
[GC (Allocation Failure) [ParNew: 585651K->68096K(613440K), 0.0592502 secs] 1444132K->969127K(2010624K), 0.0592951 secs] [Times: user=0.22 sys=0.00, real=0.06 secs] 
[GC (Allocation Failure) [ParNew: 613440K->20068K(613440K), 0.0302189 secs] 1514471K->983228K(2010624K), 0.0303741 secs] [Times: user=0.13 sys=0.00, real=0.03 secs] 
[GC (Allocation Failure) [ParNew: 565412K->68096K(613440K), 0.0584668 secs] 1528572K->1074382K(2010624K), 0.0585175 secs] [Times: user=0.25 sys=0.00, real=0.06 secs] 
[Full GC (System.gc()) [CMS: 1006286K->748754K(1397184K), 1.7593943 secs] 1250224K->748754K(2010624K), [Metaspace: 9979K->9979K(10240K)], 1.7596528 secs] [Times: user=1.75 sys=0.00, real=1.76 secs] 
[Full GC (System.gc()) [CMS: 748754K->748755K(1397184K), 1.5055394 secs] 759678K->748755K(2010624K), [Metaspace: 9979K->9979K(10240K)], 1.5057306 secs] [Times: user=1.50 sys=0.00, real=1.50 secs] 
[Full GC (System.gc()) [CMS: 748755K->748755K(1397184K), 1.3405299 secs] 748757K->748755K(2010624K), [Metaspace: 9979K->9979K(10240K)]
*** PauseDetector detected a 1758 ms pause at Fri Dec 19 17:59:19 EET 2014 ***


*** PauseDetector detected a 2854 ms pause at Fri Dec 19 17:59:22 EET 2014 ***

, 1.3406986 secs] [Times: user=1.34 sys=0.00, real=1.34 secs] 
[GC (Allocation Failure) [ParNew: 545344K->68096K(613440K), 0.0655928 secs] 1294099K->858536K(2010624K), 0.0656550 secs] [Times: user=0.25 sys=0.00, real=0.06 secs] 
[GC (Allocation Failure) [ParNew: 613440K->24000K(613440K), 0.0310548 secs] 1403880K->877830K(2010624K), 0.0311023 secs] [Times: user=0.12 sys=0.00, real=0.03 secs] 
[GC (Allocation Failure) [ParNew: 569344K->68096K(613440K), 0.0597519 secs] 1423174K->966520K(2010624K), 0.0597994 secs] [Times: user=0.19 sys=0.00, real=0.06 secs] 
[GC (Allocation Failure) [ParNew: 613440K->26290K(613440K), 0.0441411 secs] 1511864K->984327K(2010624K), 0.0442020 secs] [Times: user=0.13 sys=0.00, real=0.04 secs] 
[GC (Allocation Failure) [ParNew: 571634K->68096K(613440K), 0.0676997 secs] 1529671K->1069580K(2010624K), 0.0677632 secs] [Times: user=0.33 sys=0.00, real=0.07 secs] 
[GC (Allocation Failure) [ParNew: 613440K->32854K(613440K), 0.0397180 secs] 1614924K->1094954K(2010624K), 0.0397925 secs] [Times: user=0.13 sys=0.00, real=0.03 secs] 
[Full GC (System.gc()) [CMS: 1062099K->748678K(1397184K), 1.8157368 secs] 1411709K->748678K(2010624K), [Metaspace: 9979K->9979K(10240K)], 1.8161083 secs] [Times: user=1.79 sys=0.00, real=1.81 secs] 
[Full GC (System.gc()) [CMS: 748678K->748601K(1397184K), 1.3417688 secs] 759596K->748601K(2010624K), [Metaspace: 9979K->9979K(10240K)], 1.3419426 secs] [Times: user=1.34 sys=0.00, real=1.34 secs] 
[Full GC (System.gc()) [CMS: 748601K->746535K(1397184K), 1.3490866 secs] 759517K->746535K(2010624K), [Metaspace: 9979K->9979K(10240K)]
*** PauseDetector detected a 1816 ms pause at Fri Dec 19 17:59:34 EET 2014 ***

, 1.3492945 secs] [Times: user=1.34 sys=0.00, real=1.36 secs] 
********************************
********** ROUND   55 **********
********************************

*** PauseDetector detected a 2705 ms pause at Fri Dec 19 17:59:37 EET 2014 ***

[GC (Allocation Failure) [ParNew: 545344K->8900K(613440K), 0.0071176 secs] 1291879K->755435K(2010624K), 0.0071619 secs] [Times: user=0.00 sys=0.00, real=0.01 secs] 
[GC (Allocation Failure) [ParNew: 554244K->68096K(613440K), 0.0537005 secs] 1300779K->860584K(2010624K), 0.0537525 secs] [Times: user=0.22 sys=0.00, real=0.05 secs] 
[GC (Allocation Failure) [ParNew: 613440K->19882K(613440K), 0.0295035 secs] 1405928K->876083K(2010624K), 0.0295523 secs] [Times: user=0.14 sys=0.00, real=0.03 secs] 
[GC (Allocation Failure) [ParNew: 565226K->68096K(613440K), 0.0511548 secs] 1421427K->966656K(2010624K), 0.0512010 secs] [Times: user=0.19 sys=0.00, real=0.05 secs] 
[GC (Allocation Failure) [ParNew: 613440K->33046K(613440K), 0.0282095 secs] 1512000K->992802K(2010624K), 0.0283692 secs] [Times: user=0.06 sys=0.00, real=0.03 secs] 
[GC (Allocation Failure) [ParNew: 578390K->68096K(613440K), 0.0514935 secs] 1538146K->1067925K(2010624K), 0.0515442 secs] [Times: user=0.19 sys=0.00, real=0.05 secs] 
[GC (Allocation Failure) [ParNew: 613440K->27182K(613440K), 0.0389520 secs] 1613269K->1090193K(2010624K), 0.0389950 secs] [Times: user=0.19 sys=0.00, real=0.04 secs] 
[GC (Allocation Failure) [ParNew: 572526K->68096K(613440K), 0.0525290 secs] 1635537K->1173262K(2010624K), 0.0525746 secs] [Times: user=0.20 sys=0.00, real=0.05 secs] 
[GC (Allocation Failure) [ParNew: 613440K->26498K(613440K), 0.0268884 secs] 1718606K->1192742K(2010624K), 0.0270424 secs] [Times: user=0.06 sys=0.00, real=0.03 secs] 
[GC (CMS Initial Mark) [1 CMS-initial-mark: 1166244K(1397184K)] 1203730K(2010624K), 0.0040798 secs] [Times: user=0.00 sys=0.00, real=0.00 secs] 
[CMS-concurrent-mark-start]
[CMS-concurrent-mark: 1.104/1.104 secs] [Times: user=3.95 sys=0.00, real=1.11 secs] 
[CMS-concurrent-preclean-start]
[CMS-concurrent-preclean: 0.059/0.062 secs] [Times: user=0.12 sys=0.00, real=0.06 secs] 
[CMS-concurrent-abortable-preclean-start]
[GC (Allocation Failure) [ParNew: 571842K->68096K(613440K), 0.1722003 secs] 1738086K->1302031K(2010624K), 0.1722484 secs] [Times: user=0.78 sys=0.00, real=0.17 secs] 
[CMS-concurrent-abortable-preclean: 0.908/1.482 secs] [Times: user=3.09 sys=0.00, real=1.48 secs] 
[GC (CMS Final Remark) [YG occupancy: 397212 K (613440 K)][Rescan (parallel) , 0.0687186 secs][weak refs processing, 0.0000160 secs][class unloading, 0.0061655 secs][scrub symbol table, 0.0014897 secs][scrub string table, 0.0004914 secs][1 CMS-remark: 1233935K(1397184K)] 1631147K(2010624K), 0.0779027 secs] [Times: user=0.45 sys=0.00, real=0.08 secs] 
[CMS-concurrent-sweep-start]
[GC (Allocation Failure) [ParNew: 613440K->40925K(613440K), 0.0767383 secs] 1323740K->815911K(2010624K), 0.0768018 secs] [Times: user=0.33 sys=0.00, real=0.07 secs] 
[CMS-concurrent-sweep: 0.559/0.636 secs] [Times: user=1.47 sys=0.00, real=0.64 secs] 
[CMS-concurrent-reset-start]
[CMS-concurrent-reset: 0.003/0.003 secs] [Times: user=0.03 sys=0.00, real=0.00 secs] 
[GC (Allocation Failure) [ParNew: 586269K->68096K(613440K), 0.1955158 secs] 1361255K->900039K(2010624K), 0.1955684 secs] [Times: user=0.86 sys=0.00, real=0.19 secs] 
[GC (Allocation Failure) [ParNew: 613440K->20509K(613440K), 0.0740160 secs] 1445383K->916328K(2010624K), 0.0740629 secs] [Times: user=0.28 sys=0.00, real=0.07 secs] 
[GC (Allocation Failure) [ParNew (0: promotion failure size = 9372)  (2: promotion failure size = 9372)  (3: promotion failure size = 9372)  (4: promotion failure size = 9372)  (5: promotion failure size = 9372)  (6: promotion failure size = 9372)  (7: promotion failure size = 9372)  (promotion failed): 565853K->613440K(613440K), 0.2657253 secs][CMS: 948897K->764450K(1397184K), 2.1219289 secs] 1461672K->764450K(2010624K), [Metaspace: 9979K->9979K(10240K)], 2.3877441 secs] [Times: user=2.98 sys=0.00, real=2.38 secs] 

*** PauseDetector detected a 2385 ms pause at Fri Dec 19 18:00:01 EET 2014 ***

[GC (Allocation Failure) [ParNew: 545344K->34252K(613440K), 0.0067321 secs] 1309794K->798702K(2010624K), 0.0067789 secs] [Times: user=0.06 sys=0.00, real=0.01 secs] 
[GC (Allocation Failure) [ParNew: 579596K->68096K(613440K), 0.1398116 secs] 1344046K->884663K(2010624K), 0.1398584 secs] [Times: user=0.58 sys=0.00, real=0.14 secs] 
[GC (Allocation Failure) [ParNew: 613440K->27365K(613440K), 0.0610748 secs] 1430007K->908594K(2010624K), 0.0611236 secs] [Times: user=0.20 sys=0.00, real=0.06 secs] 
[GC (Allocation Failure) [ParNew: 572709K->68096K(613440K), 0.1223248 secs] 1453938K->998533K(2010624K), 0.1223774 secs] [Times: user=0.51 sys=0.00, real=0.11 secs] 
[GC (Allocation Failure) [ParNew: 613440K->34267K(613440K), 0.0539373 secs] 1543877K->1028327K(2010624K), 0.0539854 secs] [Times: user=0.16 sys=0.00, real=0.05 secs] 
[GC (Allocation Failure) [ParNew: 579611K->68096K(613440K), 0.1177728 secs] 1573671K->1110504K(2010624K), 0.1178196 secs] [Times: user=0.42 sys=0.00, real=0.11 secs] 
[GC (Allocation Failure) [ParNew: 613440K->26690K(613440K), 0.0521659 secs] 1655848K->1131030K(2010624K), 0.0522185 secs] [Times: user=0.22 sys=0.00, real=0.05 secs] 
[GC (Allocation Failure) [ParNew: 572034K->68096K(613440K), 0.1079503 secs] 1676374K->1220143K(2010624K), 0.1079978 secs] [Times: user=0.45 sys=0.00, real=0.11 secs] 
[GC (Allocation Failure) [ParNew: 613440K->20014K(613440K), 0.0460947 secs] 1765487K->1233801K(2010624K), 0.0462012 secs] [Times: user=0.16 sys=0.00, real=0.05 secs] 
[GC (CMS Initial Mark) [1 CMS-initial-mark: 1213787K(1397184K)] 1244720K(2010624K), 0.0052051 secs] [Times: user=0.00 sys=0.00, real=0.00 secs] 
[CMS-concurrent-mark-start]
[CMS-concurrent-mark: 1.217/1.217 secs] [Times: user=3.98 sys=0.00, real=1.22 secs] 
[CMS-concurrent-preclean-start]
[CMS-concurrent-preclean: 0.154/0.165 secs] [Times: user=0.31 sys=0.00, real=0.16 secs] 
[CMS-concurrent-abortable-preclean-start]
[GC (Allocation Failure) [ParNew[CMS-concurrent-abortable-preclean: 0.080/0.479 secs] [Times: user=0.61 sys=0.00, real=0.48 secs] 
: 565358K->68096K(613440K), 0.0999319 secs] 1779145K->1327558K(2010624K), 0.0999858 secs] [Times: user=0.37 sys=0.00, real=0.09 secs] 
[GC (CMS Final Remark) [YG occupancy: 79081 K (613440 K)][Rescan (parallel) , 0.0566120 secs][weak refs processing, 0.0000212 secs][class unloading, 0.0073108 secs][scrub symbol table, 0.0016155 secs][scrub string table, 0.0005460 secs][1 CMS-remark: 1259462K(1397184K)] 1338543K(2010624K), 0.0669799 secs] [Times: user=0.39 sys=0.00, real=0.06 secs] 
[CMS-concurrent-sweep-start]
[CMS-concurrent-sweep: 0.739/0.739 secs] [Times: user=1.51 sys=0.00, real=0.74 secs] 
[CMS-concurrent-reset-start]
[CMS-concurrent-reset: 0.003/0.003 secs] [Times: user=0.00 sys=0.00, real=0.00 secs] 
[GC (Allocation Failure) [ParNew: 613440K->40801K(613440K), 0.0438280 secs] 1305213K->795709K(2010624K), 0.0438774 secs] [Times: user=0.14 sys=0.00, real=0.04 secs] 
[GC (Allocation Failure) [ParNew: 586145K->68096K(613440K), 0.0952015 secs] 1341053K->869282K(2010624K), 0.0952503 secs] [Times: user=0.37 sys=0.00, real=0.09 secs] 
[GC (Allocation Failure) [ParNew: 613440K->26798K(613440K), 0.0427136 secs] 1414626K->889991K(2010624K), 0.0427623 secs] [Times: user=0.09 sys=0.00, real=0.04 secs] 
[GC (Allocation Failure) [ParNew (0: promotion failure size = 2779)  (1: promotion failure size = 2779)  (2: promotion failure size = 2779)  (3: promotion failure size = 2779)  (4: promotion failure size = 2779)  (5: promotion failure size = 2779)  (6: promotion failure size = 2779)  (7: promotion failure size = 2779)  (promotion failed): 572142K->613440K(613440K), 0.4277239 secs][CMS: 906022K->753948K(1397184K), 1.9035185 secs] 1435335K->753948K(2010624K), [Metaspace: 9979K->9979K(10240K)]
*** PauseDetector detected a 2327 ms pause at Fri Dec 19 18:00:25 EET 2014 ***

, 2.3313117 secs] [Times: user=2.64 sys=0.02, real=2.32 secs] 
[GC (Allocation Failure) [ParNew: 545344K->27381K(613440K), 0.0071087 secs] 1299292K->781330K(2010624K), 0.0071549 secs] [Times: user=0.00 sys=0.00, real=0.01 secs] 
[GC (Allocation Failure) [ParNew: 572725K->68096K(613440K), 0.0739128 secs] 1326674K->867937K(2010624K), 0.0739609 secs] [Times: user=0.28 sys=0.00, real=0.07 secs] 
[GC (Allocation Failure) [ParNew: 613440K->26672K(613440K), 0.0428149 secs] 1413281K->888693K(2010624K), 0.0428618 secs] [Times: user=0.17 sys=0.00, real=0.04 secs] 
[GC (Allocation Failure) [ParNew: 572016K->68096K(613440K), 0.0722992 secs] 1434037K->976862K(2010624K), 0.0723447 secs] [Times: user=0.31 sys=0.00, real=0.07 secs] 
[GC (Allocation Failure) [ParNew: 613440K->32543K(613440K), 0.0330899 secs] 1522206K->1001189K(2010624K), 0.0331374 secs] [Times: user=0.09 sys=0.00, real=0.03 secs] 
[GC (Allocation Failure) [ParNew: 577887K->68096K(613440K), 0.0728452 secs] 1546533K->1080023K(2010624K), 0.0728933 secs] [Times: user=0.34 sys=0.00, real=0.07 secs] 
[GC (Allocation Failure) [ParNew: 613440K->26997K(613440K), 0.0496817 secs] 1625367K->1101745K(2010624K), 0.0497369 secs] [Times: user=0.14 sys=0.00, real=0.04 secs] 
[GC (Allocation Failure) [ParNew: 572341K->68096K(613440K), 0.0685306 secs] 1647089K->1187571K(2010624K), 0.0685819 secs] [Times: user=0.27 sys=0.00, real=0.06 secs] 
[GC (Allocation Failure) [ParNew: 613440K->19855K(613440K), 0.0330886 secs] 1732915K->1200402K(2010624K), 0.0331368 secs] [Times: user=0.06 sys=0.00, real=0.03 secs] 
[GC (CMS Initial Mark) [1 CMS-initial-mark: 1180547K(1397184K)] 1200402K(2010624K), 0.0035710 secs] [Times: user=0.00 sys=0.00, real=0.00 secs] 
[CMS-concurrent-mark-start]
[CMS-concurrent-mark: 1.158/1.158 secs] [Times: user=3.73 sys=0.00, real=1.17 secs] 
[CMS-concurrent-preclean-start]
[CMS-concurrent-preclean: 0.104/0.111 secs] [Times: user=0.22 sys=0.00, real=0.11 secs] 
[CMS-concurrent-abortable-preclean-start]
[GC (Allocation Failure) [ParNew[CMS-concurrent-abortable-preclean: 0.063/0.389 secs] [Times: user=0.67 sys=0.00, real=0.38 secs] 
: 565199K->68096K(613440K), 0.0680802 secs] 1745746K->1292678K(2010624K), 0.0681328 secs] [Times: user=0.30 sys=0.00, real=0.07 secs] 
[GC (CMS Final Remark) [YG occupancy: 79015 K (613440 K)][Rescan (parallel) , 0.0349255 secs][weak refs processing, 0.0000154 secs][class unloading, 0.0053045 secs][scrub symbol table, 0.0011632 secs][scrub string table, 0.0003509 secs][1 CMS-remark: 1224582K(1397184K)] 1303597K(2010624K), 0.0425641 secs] [Times: user=0.16 sys=0.00, real=0.04 secs] 
[CMS-concurrent-sweep-start]
[CMS-concurrent-sweep: 0.585/0.585 secs] [Times: user=1.18 sys=0.00, real=0.59 secs] 
[CMS-concurrent-reset-start]
[CMS-concurrent-reset: 0.004/0.004 secs] [Times: user=0.00 sys=0.00, real=0.00 secs] 
[GC (Allocation Failure) [ParNew: 613440K->33330K(613440K), 0.0336782 secs] 1302230K->783713K(2010624K), 0.0338386 secs] [Times: user=0.13 sys=0.00, real=0.03 secs] 
[GC (Allocation Failure) [ParNew: 578674K->68096K(613440K), 0.0646773 secs] 1329057K->861147K(2010624K), 0.0647254 secs] [Times: user=0.28 sys=0.00, real=0.06 secs] 
[GC (Allocation Failure) [ParNew: 613440K->33490K(613440K), 0.0327460 secs] 1406491K->888540K(2010624K), 0.0327961 secs] [Times: user=0.06 sys=0.00, real=0.03 secs] 
[GC (Allocation Failure) [ParNew: 578834K->68096K(613440K), 0.0883283 secs] 1433884K->964246K(2010624K), 0.0883912 secs] [Times: user=0.30 sys=0.00, real=0.08 secs] 
[GC (Allocation Failure) [ParNew (0: promotion failure size = 1854)  (1: promotion failure size = 1854)  (2: promotion failure size = 1854)  (3: promotion failure size = 1854)  (4: promotion failure size = 1854)  (5: promotion failure size = 1854)  (6: promotion failure size = 1854)  (7: promotion failure size = 1854)  (promotion failed): 613440K->572687K(613440K), 2.0987308 secs][CMS: 941460K->752912K(1397184K), 1.9026473 secs] 1509590K->752912K(2010624K), [Metaspace: 9979K->9979K(10240K)], 4.0014589 secs] [Times: user=4.13 sys=0.26, real=4.00 secs] 

*** PauseDetector detected a 3998 ms pause at Fri Dec 19 18:00:52 EET 2014 ***

[GC (Allocation Failure) [ParNew: 545344K->68096K(613440K), 0.0590956 secs] 1298256K->864442K(2010624K), 0.0591494 secs] [Times: user=0.27 sys=0.00, real=0.06 secs] 
[GC (Allocation Failure) [ParNew: 613440K->26671K(613440K), 0.0312236 secs] 1409786K->884980K(2010624K), 0.0312711 secs] [Times: user=0.06 sys=0.00, real=0.03 secs] 
[GC (Allocation Failure) [ParNew: 572015K->68096K(613440K), 0.0573107 secs] 1430324K->968596K(2010624K), 0.0574005 secs] [Times: user=0.20 sys=0.00, real=0.05 secs] 
[GC (Allocation Failure) [ParNew: 613440K->13470K(613440K), 0.0301810 secs] 1513940K->976476K(2010624K), 0.0302323 secs] [Times: user=0.06 sys=0.00, real=0.03 secs] 
[GC (Allocation Failure) [ParNew: 558814K->68096K(613440K), 0.0563567 secs] 1521820K->1073649K(2010624K), 0.0564054 secs] [Times: user=0.22 sys=0.00, real=0.06 secs] 
[Full GC (System.gc()) [CMS: 1005553K->751247K(1397184K), 1.4719914 secs] 1084625K->751247K(2010624K), [Metaspace: 9979K->9979K(10240K)], 1.4721864 secs] [Times: user=1.48 sys=0.00, real=1.47 secs] 
[Full GC (System.gc()) [CMS: 751247K->746810K(1397184K), 1.3396336 secs] 762163K->746810K(2010624K), [Metaspace: 9979K->9979K(10240K)], 1.3398299 secs] [Times: user=1.33 sys=0.00, real=1.34 secs] 
[Full GC (System.gc()) [CMS: 746810K->746852K(1397184K), 1.3572673 secs] 757729K->746852K(2010624K), [Metaspace: 9979K->9979K(10240K)]
*** PauseDetector detected a 2812 ms pause at Fri Dec 19 18:01:02 EET 2014 ***

, 1.3574373 secs] [Times: user=1.37 sys=0.00, real=1.37 secs] 

*** PauseDetector detected a 1375 ms pause at Fri Dec 19 18:01:04 EET 2014 ***

[GC (Allocation Failure) [ParNew: 545344K->68096K(613440K), 0.0565722 secs] 1292196K->861173K(2010624K), 0.0566229 secs] [Times: user=0.25 sys=0.00, real=0.05 secs] 
[GC (Allocation Failure) [ParNew: 613440K->22753K(613440K), 0.0345174 secs] 1406517K->874566K(2010624K), 0.0345816 secs] [Times: user=0.08 sys=0.00, real=0.03 secs] 
[GC (Allocation Failure) [ParNew: 568097K->68096K(613440K), 0.0668529 secs] 1419910K->964904K(2010624K), 0.0669138 secs] [Times: user=0.27 sys=0.00, real=0.07 secs] 
[GC (Allocation Failure) [ParNew: 613440K->32486K(613440K), 0.0434648 secs] 1510248K->988465K(2010624K), 0.0435303 secs] [Times: user=0.19 sys=0.00, real=0.04 secs] 
[GC (Allocation Failure) [ParNew: 577830K->68096K(613440K), 0.0541144 secs] 1533809K->1066509K(2010624K), 0.0542273 secs] [Times: user=0.19 sys=0.00, real=0.05 secs] 
[GC (Allocation Failure) [ParNew: 613440K->26568K(613440K), 0.0359732 secs] 1611853K->1086637K(2010624K), 0.0361028 secs] [Times: user=0.13 sys=0.00, real=0.03 secs] 
[Full GC (System.gc()) [CMS: 1060069K->747903K(1397184K), 1.5610222 secs] 1381400K->747903K(2010624K), [Metaspace: 9979K->9979K(10240K)], 1.5613154 secs] [Times: user=1.56 sys=0.00, real=1.55 secs] 
[Full GC (System.gc()) [CMS: 747903K->747905K(1397184K), 1.3110341 secs] 758818K->747905K(2010624K), [Metaspace: 9979K->9979K(10240K)], 1.3112298 secs] [Times: user=1.31 sys=0.00, real=1.31 secs] 
[Full GC (System.gc()) [CMS: 747905K->747905K(1397184K), 1.5786816 secs] 758820K->747905K(2010624K), [Metaspace: 9979K->9979K(10240K)]
*** PauseDetector detected a 2875 ms pause at Fri Dec 19 18:01:16 EET 2014 ***

, 1.5788920 secs] [Times: user=1.58 sys=0.00, real=1.57 secs] 
********************************
********** ROUND   56 **********
********************************

*** PauseDetector detected a 1584 ms pause at Fri Dec 19 18:01:18 EET 2014 ***

[GC (Allocation Failure) [ParNew: 545344K->9218K(613440K), 0.0073043 secs] 1293249K->757124K(2010624K), 0.0073493 secs] [Times: user=0.00 sys=0.00, real=0.01 secs] 
[GC (Allocation Failure) [ParNew: 554562K->68096K(613440K), 0.0506582 secs] 1302468K->857565K(2010624K), 0.0507057 secs] [Times: user=0.20 sys=0.00, real=0.05 secs] 
[GC (Allocation Failure) [ParNew: 613440K->32542K(613440K), 0.0296690 secs] 1402909K->884511K(2010624K), 0.0299244 secs] [Times: user=0.13 sys=0.00, real=0.03 secs] 
[GC (Allocation Failure) [ParNew: 577886K->68096K(613440K), 0.0511663 secs] 1429855K->961987K(2010624K), 0.0512164 secs] [Times: user=0.22 sys=0.00, real=0.05 secs] 
[GC (Allocation Failure) [ParNew: 613440K->26509K(613440K), 0.0394845 secs] 1507331K->981927K(2010624K), 0.0395455 secs] [Times: user=0.13 sys=0.00, real=0.04 secs] 
[GC (Allocation Failure) [ParNew: 571853K->68096K(613440K), 0.0510245 secs] 1527271K->1064843K(2010624K), 0.0510771 secs] [Times: user=0.19 sys=0.00, real=0.05 secs] 
[GC (Allocation Failure) [ParNew: 613440K->26761K(613440K), 0.0269808 secs] 1610187K->1085426K(2010624K), 0.0270347 secs] [Times: user=0.13 sys=0.00, real=0.02 secs] 
[GC (Allocation Failure) [ParNew: 572105K->68096K(613440K), 0.1640086 secs] 1630770K->1194233K(2010624K), 0.1640574 secs] [Times: user=0.70 sys=0.00, real=0.16 secs] 
[GC (Allocation Failure) [ParNew: 613440K->34232K(613440K), 0.0942096 secs] 1739577K->1225340K(2010624K), 0.0943245 secs] [Times: user=0.34 sys=0.00, real=0.09 secs] 
[GC (CMS Initial Mark) [1 CMS-initial-mark: 1191108K(1397184K)] 1236255K(2010624K), 0.0048760 secs] [Times: user=0.00 sys=0.00, real=0.00 secs] 
[CMS-concurrent-mark-start]
[CMS-concurrent-mark: 1.162/1.162 secs] [Times: user=4.38 sys=0.00, real=1.17 secs] 
[CMS-concurrent-preclean-start]
[CMS-concurrent-preclean: 0.323/0.331 secs] [Times: user=0.66 sys=0.00, real=0.33 secs] 
[CMS-concurrent-abortable-preclean-start]
[GC (Allocation Failure) [ParNew[CMS-concurrent-abortable-preclean: 0.095/0.597 secs] [Times: user=0.80 sys=0.00, real=0.60 secs] 
: 579576K->68096K(613440K), 0.1946304 secs] 1770684K->1316251K(2010624K), 0.1946772 secs] [Times: user=0.87 sys=0.00, real=0.19 secs] 
[GC (CMS Final Remark) [YG occupancy: 79086 K (613440 K)][Rescan (parallel) , 0.1225339 secs][weak refs processing, 0.0000199 secs][class unloading, 0.0054912 secs][scrub symbol table, 0.0010586 secs][scrub string table, 0.0003509 secs][1 CMS-remark: 1248155K(1397184K)] 1327241K(2010624K), 0.1302758 secs] [Times: user=0.84 sys=0.00, real=0.13 secs] 
[CMS-concurrent-sweep-start]
[CMS-concurrent-sweep: 0.631/0.631 secs] [Times: user=1.28 sys=0.00, real=0.64 secs] 
[CMS-concurrent-reset-start]
[CMS-concurrent-reset: 0.003/0.003 secs] [Times: user=0.00 sys=0.00, real=0.00 secs] 
[GC (Allocation Failure) [ParNew: 613440K->13685K(613440K), 0.0724083 secs] 1317620K->781837K(2010624K), 0.0724557 secs] [Times: user=0.22 sys=0.00, real=0.07 secs] 
[GC (Allocation Failure) [ParNew: 559029K->68096K(613440K), 0.1468715 secs] 1327181K->890446K(2010624K), 0.1469222 secs] [Times: user=0.84 sys=0.00, real=0.14 secs] 
[GC (Allocation Failure) [ParNew: 613440K->20638K(613440K), 0.0643141 secs] 1435790K->906728K(2010624K), 0.0643655 secs] [Times: user=0.22 sys=0.00, real=0.06 secs] 
[GC (Allocation Failure) [ParNew: 565982K->68096K(613440K), 0.1409626 secs] 1452072K->1004407K(2010624K), 0.1410100 secs] [Times: user=0.59 sys=0.00, real=0.14 secs] 
[GC (Allocation Failure) [ParNew: 613440K->20569K(613440K), 0.0700960 secs] 1549751K->1020458K(2010624K), 0.0701441 secs] [Times: user=0.22 sys=0.00, real=0.07 secs] 
[GC (Allocation Failure) [ParNew: 565913K->68096K(613440K), 0.1307776 secs] 1565802K->1117039K(2010624K), 0.1308270 secs] [Times: user=0.51 sys=0.00, real=0.12 secs] 
[GC (Allocation Failure) [ParNew (0: promotion failure size = 6249)  (1: promotion failure size = 6249)  (2: promotion failure size = 6249)  (3: promotion failure size = 6249)  (4: promotion failure size = 6249)  (5: promotion failure size = 6249)  (6: promotion failure size = 6249)  (7: promotion failure size = 6249)  (promotion failed): 613440K->579575K(613440K), 0.1924336 secs][CMS: 1110207K->760848K(1397184K), 1.7420737 secs] 1662383K->760848K(2010624K), [Metaspace: 9979K->9979K(10240K)], 1.9345702 secs] [Times: user=2.06 sys=0.00, real=1.93 secs] 

*** PauseDetector detected a 1931 ms pause at Fri Dec 19 18:01:47 EET 2014 ***

[GC (Allocation Failure) [ParNew: 545344K->68096K(613440K), 0.1094663 secs] 1306192K->877088K(2010624K), 0.1095157 secs] [Times: user=0.42 sys=0.00, real=0.10 secs] 
[GC (Allocation Failure) [ParNew: 613440K->27269K(613440K), 0.0502861 secs] 1422432K->900649K(2010624K), 0.0503323 secs] [Times: user=0.14 sys=0.00, real=0.05 secs] 
[GC (Allocation Failure) [ParNew: 572613K->68096K(613440K), 0.0986179 secs] 1445993K->989545K(2010624K), 0.0986673 secs] [Times: user=0.36 sys=0.00, real=0.09 secs] 
[GC (Allocation Failure) [ParNew: 613440K->20022K(613440K), 0.0466766 secs] 1534889K->1003275K(2010624K), 0.0467234 secs] [Times: user=0.20 sys=0.00, real=0.05 secs] 
[GC (Allocation Failure) [ParNew: 565366K->68096K(613440K), 0.0959541 secs] 1548619K->1099864K(2010624K), 0.0960029 secs] [Times: user=0.38 sys=0.00, real=0.09 secs] 
[GC (Allocation Failure) [ParNew: 613440K->39231K(613440K), 0.0418853 secs] 1645208K->1131408K(2010624K), 0.0419289 secs] [Times: user=0.13 sys=0.00, real=0.03 secs] 
[GC (Allocation Failure) [ParNew: 584575K->68096K(613440K), 0.0837860 secs] 1676752K->1204998K(2010624K), 0.0838456 secs] [Times: user=0.41 sys=0.00, real=0.08 secs] 
[GC (Allocation Failure) [ParNew: 613440K->34127K(613440K), 0.0404899 secs] 1750342K->1234640K(2010624K), 0.0405341 secs] [Times: user=0.13 sys=0.00, real=0.03 secs] 
[GC (CMS Initial Mark) [1 CMS-initial-mark: 1200513K(1397184K)] 1245556K(2010624K), 0.0042755 secs] [Times: user=0.02 sys=0.00, real=0.01 secs] 
[CMS-concurrent-mark-start]
[CMS-concurrent-mark: 1.090/1.090 secs] [Times: user=3.60 sys=0.00, real=1.09 secs] 
[CMS-concurrent-preclean-start]
[CMS-concurrent-preclean: 0.132/0.141 secs] [Times: user=0.30 sys=0.00, real=0.14 secs] 
[CMS-concurrent-abortable-preclean-start]
[GC (Allocation Failure) [ParNew: 579471K->68096K(613440K), 0.0857749 secs] 1779984K->1314610K(2010624K), 0.0858249 secs] [Times: user=0.36 sys=0.00, real=0.08 secs] 
[CMS-concurrent-abortable-preclean: 0.750/1.442 secs] [Times: user=2.51 sys=0.00, real=1.44 secs] 
[GC (CMS Final Remark) [YG occupancy: 463090 K (613440 K)][Rescan (parallel) , 0.0861040 secs][weak refs processing, 0.0000160 secs][class unloading, 0.0051673 secs][scrub symbol table, 0.0010599 secs][scrub string table, 0.0003529 secs][1 CMS-remark: 1246514K(1397184K)] 1709604K(2010624K), 0.0935232 secs] [Times: user=0.44 sys=0.00, real=0.09 secs] 
[CMS-concurrent-sweep-start]
[GC (Allocation Failure) [ParNew: 613440K->32954K(613440K), 0.0378568 secs] 1859954K->1341630K(2010624K), 0.0379069 secs] [Times: user=0.08 sys=0.00, real=0.03 secs] 
[CMS-concurrent-sweep: 0.674/0.712 secs] [Times: user=1.68 sys=0.00, real=0.72 secs] 
[CMS-concurrent-reset-start]
[CMS-concurrent-reset: 0.003/0.003 secs] [Times: user=0.00 sys=0.00, real=0.00 secs] 
[GC (Allocation Failure) [ParNew: 578298K->68096K(613440K), 0.0746461 secs] 1332223K->865579K(2010624K), 0.0746936 secs] [Times: user=0.34 sys=0.00, real=0.07 secs] 
[GC (Allocation Failure) [ParNew: 613440K->33901K(613440K), 0.0419058 secs] 1410923K->894314K(2010624K), 0.0420335 secs] [Times: user=0.13 sys=0.00, real=0.04 secs] 
[GC (Allocation Failure) [ParNew (0: promotion failure size = 2779)  (1: promotion failure size = 2779)  (2: promotion failure size = 2779)  (3: promotion failure size = 2779)  (4: promotion failure size = 2779)  (5: promotion failure size = 2779)  (6: promotion failure size = 2779)  (7: promotion failure size = 2779)  (promotion failed): 579245K->613440K(613440K), 0.2629672 secs][CMS: 902603K->753352K(1397184K), 1.6647586 secs] 1439658K->753352K(2010624K), [Metaspace: 9979K->9979K(10240K)], 1.9278009 secs] [Times: user=2.14 sys=0.00, real=1.93 secs] 

*** PauseDetector detected a 1928 ms pause at Fri Dec 19 18:02:09 EET 2014 ***

[GC (Allocation Failure) [ParNew: 545344K->27357K(613440K), 0.0070920 secs] 1298696K->780709K(2010624K), 0.0071350 secs] [Times: user=0.00 sys=0.00, real=0.01 secs] 
[GC (Allocation Failure) [ParNew: 572701K->68096K(613440K), 0.0669895 secs] 1326053K->867076K(2010624K), 0.0670370 secs] [Times: user=0.28 sys=0.00, real=0.07 secs] 
[GC (Allocation Failure) [ParNew: 613440K->19886K(613440K), 0.0336744 secs] 1412420K->880820K(2010624K), 0.0338329 secs] [Times: user=0.13 sys=0.00, real=0.03 secs] 
[GC (Allocation Failure) [ParNew: 565230K->68096K(613440K), 0.0661099 secs] 1426164K->972180K(2010624K), 0.0661561 secs] [Times: user=0.25 sys=0.00, real=0.06 secs] 
[GC (Allocation Failure) [ParNew: 613440K->20292K(613440K), 0.0426584 secs] 1517524K->987295K(2010624K), 0.0427059 secs] [Times: user=0.13 sys=0.00, real=0.04 secs] 
[GC (Allocation Failure) [ParNew: 565636K->68096K(613440K), 0.0646939 secs] 1532639K->1078948K(2010624K), 0.0647446 secs] [Times: user=0.23 sys=0.00, real=0.06 secs] 
[GC (Allocation Failure) [ParNew: 613440K->33436K(613440K), 0.0413598 secs] 1624292K->1106127K(2010624K), 0.0415164 secs] [Times: user=0.20 sys=0.00, real=0.04 secs] 
[GC (Allocation Failure) [ParNew: 578780K->68096K(613440K), 0.0641319 secs] 1651471K->1184461K(2010624K), 0.0641807 secs] [Times: user=0.28 sys=0.00, real=0.06 secs] 
[GC (Allocation Failure) [ParNew: 613440K->19821K(613440K), 0.0308688 secs] 1729805K->1197183K(2010624K), 0.0310260 secs] [Times: user=0.06 sys=0.00, real=0.03 secs] 
[GC (CMS Initial Mark) [1 CMS-initial-mark: 1177361K(1397184K)] 1208098K(2010624K), 0.0037211 secs] [Times: user=0.00 sys=0.00, real=0.00 secs] 
[CMS-concurrent-mark-start]
[CMS-concurrent-mark: 1.083/1.083 secs] [Times: user=3.54 sys=0.00, real=1.09 secs] 
[CMS-concurrent-preclean-start]
[CMS-concurrent-preclean: 0.094/0.100 secs] [Times: user=0.22 sys=0.00, real=0.10 secs] 
[CMS-concurrent-abortable-preclean-start]
[GC (Allocation Failure) [ParNew[CMS-concurrent-abortable-preclean: 0.073/0.394 secs] [Times: user=0.64 sys=0.00, real=0.39 secs] 
: 565165K->68096K(613440K), 0.0623541 secs] 1742527K->1287120K(2010624K), 0.0624189 secs] [Times: user=0.34 sys=0.00, real=0.06 secs] 
[GC (CMS Final Remark) [YG occupancy: 79011 K (613440 K)][Rescan (parallel) , 0.0296402 secs][weak refs processing, 0.0000192 secs][class unloading, 0.0058448 secs][scrub symbol table, 0.0011529 secs][scrub string table, 0.0003676 secs][1 CMS-remark: 1219024K(1397184K)] 1298036K(2010624K), 0.0378799 secs] [Times: user=0.22 sys=0.00, real=0.04 secs] 
[CMS-concurrent-sweep-start]
[CMS-concurrent-sweep: 0.592/0.592 secs] [Times: user=1.20 sys=0.00, real=0.60 secs] 
[CMS-concurrent-reset-start]
[CMS-concurrent-reset: 0.003/0.003 secs] [Times: user=0.03 sys=0.00, real=0.00 secs] 
[GC (Allocation Failure) [ParNew: 613440K->33944K(613440K), 0.0311825 secs] 1299744K->783180K(2010624K), 0.0313083 secs] [Times: user=0.06 sys=0.00, real=0.03 secs] 
[GC (Allocation Failure) [ParNew: 579288K->68096K(613440K), 0.0611018 secs] 1328524K->859978K(2010624K), 0.0611505 secs] [Times: user=0.28 sys=0.00, real=0.06 secs] 
[GC (Allocation Failure) [ParNew: 613440K->40073K(613440K), 0.0306474 secs] 1405322K->893685K(2010624K), 0.0308014 secs] [Times: user=0.13 sys=0.00, real=0.03 secs] 
[GC (Allocation Failure) [ParNew: 585417K->68096K(613440K), 0.0738460 secs] 1439029K->962574K(2010624K), 0.0738974 secs] [Times: user=0.23 sys=0.00, real=0.07 secs] 
[GC (Allocation Failure) [ParNew (0: promotion failure size = 1854)  (1: promotion failure size = 1854)  (2: promotion failure size = 1854)  (3: promotion failure size = 1854)  (4: promotion failure size = 1854)  (5: promotion failure size = 1854)  (6: promotion failure size = 1854)  (7: promotion failure size = 1854)  (promotion failed): 613440K->579505K(613440K), 1.7530985 secs][CMS: 934249K->752603K(1397184K), 1.6617143 secs] 1507918K->752603K(2010624K), [Metaspace: 9979K->9979K(10240K)]
*** PauseDetector detected a 3407 ms pause at Fri Dec 19 18:02:35 EET 2014 ***

, 3.4148994 secs] [Times: user=3.59 sys=0.37, real=3.41 secs] 
[GC (Allocation Failure) [ParNew: 545344K->68096K(613440K), 0.0550273 secs] 1297947K->861906K(2010624K), 0.0550735 secs] [Times: user=0.22 sys=0.00, real=0.05 secs] 
[GC (Allocation Failure) [ParNew: 613440K->20528K(613440K), 0.0394755 secs] 1407250K->878186K(2010624K), 0.0395256 secs] [Times: user=0.14 sys=0.00, real=0.04 secs] 
[Full GC (System.gc()) [CMS: 857657K->745448K(1397184K), 1.4549992 secs] 988084K->745448K(2010624K), [Metaspace: 9979K->9979K(10240K)], 1.4553681 secs] [Times: user=1.43 sys=0.00, real=1.45 secs] 
[Full GC (System.gc()) [CMS: 745448K->745457K(1397184K), 1.3718446 secs] 756363K->745457K(2010624K), [Metaspace: 9979K->9979K(10240K)], 1.3720704 secs] [Times: user=1.39 sys=0.00, real=1.38 secs] 
[Full GC (System.gc()) [CMS: 745457K->745475K(1397184K), 1.3618386 secs] 756371K->745475K(2010624K), [Metaspace: 9979K->9979K(10240K)]
*** PauseDetector detected a 1450 ms pause at Fri Dec 19 18:02:40 EET 2014 ***

, 1.3620657 secs] [Times: user=1.36 sys=0.00, real=1.37 secs] 

*** PauseDetector detected a 2753 ms pause at Fri Dec 19 18:02:42 EET 2014 ***

[GC (Allocation Failure) [ParNew: 545344K->9454K(613440K), 0.0076386 secs] 1290819K->754929K(2010624K), 0.0076822 secs] [Times: user=0.03 sys=0.00, real=0.01 secs] 
[GC (Allocation Failure) [ParNew: 554798K->9091K(613440K), 0.0111519 secs] 1300273K->754566K(2010624K), 0.0112250 secs] [Times: user=0.06 sys=0.00, real=0.01 secs] 
[GC (Allocation Failure) [ParNew: 554435K->68096K(613440K), 0.0587639 secs] 1299910K->856360K(2010624K), 0.0588248 secs] [Times: user=0.28 sys=0.00, real=0.06 secs] 
[GC (Allocation Failure) [ParNew: 613440K->26281K(613440K), 0.0372454 secs] 1401704K->877835K(2010624K), 0.0373923 secs] [Times: user=0.13 sys=0.00, real=0.03 secs] 
[GC (Allocation Failure) [ParNew: 571625K->68096K(613440K), 0.0602671 secs] 1423179K->962547K(2010624K), 0.0603287 secs] [Times: user=0.28 sys=0.00, real=0.06 secs] 
[GC (Allocation Failure) [ParNew: 613440K->33128K(613440K), 0.0290204 secs] 1507891K->988908K(2010624K), 0.0290704 secs] [Times: user=0.06 sys=0.00, real=0.03 secs] 
[Full GC (System.gc()) [CMS: 955780K->749441K(1397184K), 1.5616266 secs] 1425445K->749441K(2010624K), [Metaspace: 9979K->9979K(10240K)], 1.5618909 secs] [Times: user=1.56 sys=0.00, real=1.55 secs] 
[Full GC (System.gc()) [CMS: 749441K->749363K(1397184K), 1.5353572 secs] 760354K->749363K(2010624K), [Metaspace: 9979K->9979K(10240K)], 1.5356678 secs] [Times: user=1.53 sys=0.00, real=1.54 secs] 
[Full GC (System.gc()) [CMS: 749363K->745992K(1397184K), 1.4471463 secs] 760274K->745992K(2010624K), [Metaspace: 9979K->9979K(10240K)]
*** PauseDetector detected a 1557 ms pause at Fri Dec 19 18:02:54 EET 2014 ***

, 1.4473581 secs] [Times: user=1.45 sys=0.00, real=1.45 secs] 
********************************
********** ROUND   57 **********
********************************

*** PauseDetector detected a 2993 ms pause at Fri Dec 19 18:02:57 EET 2014 ***

[GC (Allocation Failure) [ParNew: 545344K->8969K(613440K), 0.0064215 secs] 1291336K->754961K(2010624K), 0.0064626 secs] [Times: user=0.00 sys=0.00, real=0.01 secs] 
[GC (Allocation Failure) [ParNew: 554313K->68096K(613440K), 0.0540669 secs] 1300305K->860904K(2010624K), 0.0541156 secs] [Times: user=0.20 sys=0.00, real=0.05 secs] 
[GC (Allocation Failure) [ParNew: 613440K->19623K(613440K), 0.0340812 secs] 1406248K->875297K(2010624K), 0.0341472 secs] [Times: user=0.13 sys=0.00, real=0.03 secs] 
[GC (Allocation Failure) [ParNew: 564967K->68096K(613440K), 0.0507082 secs] 1420641K->964924K(2010624K), 0.0507570 secs] [Times: user=0.19 sys=0.00, real=0.05 secs] 
[GC (Allocation Failure) [ParNew: 613440K->33599K(613440K), 0.0282396 secs] 1510268K->992702K(2010624K), 0.0282916 secs] [Times: user=0.06 sys=0.00, real=0.03 secs] 
[GC (Allocation Failure) [ParNew: 578943K->68096K(613440K), 0.0519433 secs] 1538046K->1070762K(2010624K), 0.0519920 secs] [Times: user=0.19 sys=0.00, real=0.04 secs] 
[GC (Allocation Failure) [ParNew: 613440K->25888K(613440K), 0.0266825 secs] 1616106K->1088183K(2010624K), 0.0267319 secs] [Times: user=0.06 sys=0.00, real=0.03 secs] 
[GC (Allocation Failure) [ParNew: 571232K->68096K(613440K), 0.1676508 secs] 1633527K->1198094K(2010624K), 0.1676983 secs] [Times: user=0.66 sys=0.00, real=0.17 secs] 
[GC (CMS Initial Mark) [1 CMS-initial-mark: 1129998K(1397184K)] 1198096K(2010624K), 0.0121335 secs] [Times: user=0.09 sys=0.00, real=0.01 secs] 
[CMS-concurrent-mark-start]
[CMS-concurrent-mark: 1.238/1.238 secs] [Times: user=3.76 sys=0.00, real=1.24 secs] 
[CMS-concurrent-preclean-start]
[CMS-concurrent-preclean: 0.005/0.005 secs] [Times: user=0.00 sys=0.00, real=0.00 secs] 
[CMS-concurrent-abortable-preclean-start]
[GC (Allocation Failure) [ParNew: 613440K->40867K(613440K), 0.0820024 secs] 1743438K->1235639K(2010624K), 0.0820569 secs] [Times: user=0.45 sys=0.00, real=0.08 secs] 
[CMS-concurrent-abortable-preclean: 1.016/1.708 secs] [Times: user=3.96 sys=0.00, real=1.71 secs] 
[GC (CMS Final Remark) [YG occupancy: 360565 K (613440 K)][Rescan (parallel) , 0.0684574 secs][weak refs processing, 0.0000160 secs][class unloading, 0.0058435 secs][scrub symbol table, 0.0010567 secs][scrub string table, 0.0003522 secs][1 CMS-remark: 1194772K(1397184K)] 1555337K(2010624K), 0.0765439 secs] [Times: user=0.34 sys=0.00, real=0.07 secs] 
[CMS-concurrent-sweep-start]
[CMS-concurrent-sweep: 0.510/0.510 secs] [Times: user=1.05 sys=0.00, real=0.52 secs] 
[CMS-concurrent-reset-start]
[CMS-concurrent-reset: 0.003/0.003 secs] [Times: user=0.00 sys=0.00, real=0.00 secs] 
[GC (Allocation Failure) [ParNew: 586211K->68096K(613440K), 0.1859852 secs] 1361211K->899929K(2010624K), 0.1860301 secs] [Times: user=0.89 sys=0.00, real=0.19 secs] 
[GC (Allocation Failure) [ParNew: 613440K->27341K(613440K), 0.0773073 secs] 1445273K->923113K(2010624K), 0.0773567 secs] [Times: user=0.28 sys=0.00, real=0.07 secs] 
[GC (Allocation Failure) [ParNew: 572685K->68096K(613440K), 0.1651872 secs] 1468457K->1018097K(2010624K), 0.1652360 secs] [Times: user=0.78 sys=0.00, real=0.16 secs] 
[GC (Allocation Failure) [ParNew: 613440K->27421K(613440K), 0.0628193 secs] 1563441K->1041130K(2010624K), 0.0628680 secs] [Times: user=0.20 sys=0.00, real=0.06 secs] 
[GC (Allocation Failure) [ParNew: 572765K->68096K(613440K), 0.1419808 secs] 1586474K->1131974K(2010624K), 0.1420289 secs] [Times: user=0.61 sys=0.00, real=0.14 secs] 
[GC (Allocation Failure) [ParNew (0: promotion failure size = 6249)  (1: promotion failure size = 6249)  (2: promotion failure size = 6249)  (3: promotion failure size = 6249)  (4: promotion failure size = 6249)  (5: promotion failure size = 6249)  (6: promotion failure size = 6249)  (7: promotion failure size = 6249)  (promotion failed): 613440K->565917K(613440K), 0.1735604 secs][CMS: 1125897K->762008K(1397184K), 1.8128863 secs] 1677318K->762008K(2010624K), [Metaspace: 9986K->9986K(10240K)], 1.9865340 secs] [Times: user=2.11 sys=0.00, real=1.98 secs] 

*** PauseDetector detected a 1983 ms pause at Fri Dec 19 18:03:23 EET 2014 ***

[GC (Allocation Failure) [ParNew: 545344K->68096K(613440K), 0.1204989 secs] 1307352K->881848K(2010624K), 0.1205483 secs] [Times: user=0.51 sys=0.00, real=0.11 secs] 
[GC (Allocation Failure) [ParNew: 613440K->20257K(613440K), 0.0578618 secs] 1427192K->897445K(2010624K), 0.0579080 secs] [Times: user=0.20 sys=0.00, real=0.06 secs] 
[GC (Allocation Failure) [ParNew: 565601K->68096K(613440K), 0.1082685 secs] 1442789K->991959K(2010624K), 0.1083147 secs] [Times: user=0.44 sys=0.00, real=0.10 secs] 
[GC (Allocation Failure) [ParNew: 613440K->27400K(613440K), 0.0544165 secs] 1537303K->1017972K(2010624K), 0.0544647 secs] [Times: user=0.19 sys=0.00, real=0.05 secs] 
[GC (Allocation Failure) [ParNew: 572744K->68096K(613440K), 0.1047854 secs] 1563316K->1106360K(2010624K), 0.1048354 secs] [Times: user=0.45 sys=0.00, real=0.10 secs] 
[GC (Allocation Failure) [ParNew: 613440K->40059K(613440K), 0.0462352 secs] 1651704K->1139969K(2010624K), 0.0462916 secs] [Times: user=0.14 sys=0.00, real=0.05 secs] 
[GC (Allocation Failure) [ParNew: 585403K->68096K(613440K), 0.0952644 secs] 1685313K->1213251K(2010624K), 0.0953119 secs] [Times: user=0.44 sys=0.00, real=0.09 secs] 
[GC (Allocation Failure) [ParNew: 613440K->27335K(613440K), 0.0420335 secs] 1758595K->1235996K(2010624K), 0.0420932 secs] [Times: user=0.12 sys=0.00, real=0.03 secs] 
[GC (CMS Initial Mark) [1 CMS-initial-mark: 1208660K(1397184K)] 1246909K(2010624K), 0.0041478 secs] [Times: user=0.05 sys=0.00, real=0.01 secs] 
[CMS-concurrent-mark-start]
[CMS-concurrent-mark: 1.199/1.199 secs] [Times: user=3.99 sys=0.00, real=1.20 secs] 
[CMS-concurrent-preclean-start]
[CMS-concurrent-preclean: 0.171/0.183 secs] [Times: user=0.37 sys=0.00, real=0.18 secs] 
[CMS-concurrent-abortable-preclean-start]
[GC (Allocation Failure) [ParNew[CMS-concurrent-abortable-preclean: 0.052/0.276 secs] [Times: user=0.56 sys=0.00, real=0.28 secs] 
: 572679K->68096K(613440K), 0.0887248 secs] 1781340K->1321608K(2010624K), 0.0887787 secs] [Times: user=0.48 sys=0.00, real=0.08 secs] 
[GC (CMS Final Remark) [YG occupancy: 79073 K (613440 K)][Rescan (parallel) , 0.0488804 secs][weak refs processing, 0.0000205 secs][class unloading, 0.0112834 secs][scrub symbol table, 0.0016662 secs][scrub string table, 0.0005601 secs][1 CMS-remark: 1253512K(1397184K)] 1332585K(2010624K), 0.0636501 secs] [Times: user=0.30 sys=0.00, real=0.07 secs] 
[CMS-concurrent-sweep-start]
[CMS-concurrent-sweep: 0.725/0.725 secs] [Times: user=1.48 sys=0.00, real=0.73 secs] 
[CMS-concurrent-reset-start]
[CMS-concurrent-reset: 0.003/0.003 secs] [Times: user=0.00 sys=0.00, real=0.00 secs] 
[GC (Allocation Failure) [ParNew: 613440K->41105K(613440K), 0.0404655 secs] 1304057K->795156K(2010624K), 0.0405091 secs] [Times: user=0.14 sys=0.00, real=0.04 secs] 
[GC (Allocation Failure) [ParNew: 586449K->68096K(613440K), 0.0835152 secs] 1340500K->865504K(2010624K), 0.0835621 secs] [Times: user=0.34 sys=0.00, real=0.08 secs] 
[GC (Allocation Failure) [ParNew: 613440K->41066K(613440K), 0.0387384 secs] 1410848K->901962K(2010624K), 0.0388564 secs] [Times: user=0.13 sys=0.00, real=0.03 secs] 
[GC (Allocation Failure) [ParNew (0: promotion failure size = 2779)  (1: promotion failure size = 2779)  (2: promotion failure size = 2779)  (3: promotion failure size = 2779)  (4: promotion failure size = 2779)  (5: promotion failure size = 2779)  (6: promotion failure size = 2779)  (7: promotion failure size = 2779)  (promotion failed): 586410K->613440K(613440K), 1.4802722 secs][CMS: 890503K->753577K(1397184K), 1.7037190 secs] 1447306K->753577K(2010624K), [Metaspace: 9990K->9990K(10240K)], 3.1840810 secs]
*** PauseDetector detected a 3181 ms pause at Fri Dec 19 18:03:46 EET 2014 ***

 [Times: user=3.46 sys=0.25, real=3.18 secs] 
[GC (Allocation Failure) [ParNew: 545344K->27376K(613440K), 0.0071927 secs] 1298921K->780954K(2010624K), 0.0072428 secs] [Times: user=0.06 sys=0.00, real=0.01 secs] 
[GC (Allocation Failure) [ParNew: 572720K->68096K(613440K), 0.0709179 secs] 1326298K->867850K(2010624K), 0.0710674 secs] [Times: user=0.25 sys=0.00, real=0.07 secs] 
[GC (Allocation Failure) [ParNew: 613440K->19823K(613440K), 0.0354772 secs] 1413194K->881068K(2010624K), 0.0355247 secs] [Times: user=0.12 sys=0.00, real=0.03 secs] 
[GC (Allocation Failure) [ParNew: 565167K->68096K(613440K), 0.0680629 secs] 1426412K->972843K(2010624K), 0.0681771 secs] [Times: user=0.27 sys=0.00, real=0.06 secs] 
[GC (Allocation Failure) [ParNew: 613440K->20245K(613440K), 0.0350794 secs] 1518187K->987703K(2010624K), 0.0351936 secs] [Times: user=0.08 sys=0.00, real=0.03 secs] 
[GC (Allocation Failure) [ParNew: 565589K->68096K(613440K), 0.0660278 secs] 1533047K->1078077K(2010624K), 0.0660778 secs] [Times: user=0.30 sys=0.00, real=0.06 secs] 
[GC (Allocation Failure) [ParNew: 613440K->34242K(613440K), 0.0363716 secs] 1623421K->1107865K(2010624K), 0.0364223 secs] [Times: user=0.12 sys=0.00, real=0.03 secs] 
[GC (Allocation Failure) [ParNew: 579586K->68096K(613440K), 0.0620244 secs] 1653209K->1183815K(2010624K), 0.0620731 secs] [Times: user=0.34 sys=0.00, real=0.06 secs] 
[GC (Allocation Failure) [ParNew: 613440K->20533K(613440K), 0.0413310 secs] 1729159K->1199782K(2010624K), 0.0414817 secs] [Times: user=0.13 sys=0.00, real=0.04 secs] 
[GC (CMS Initial Mark) [1 CMS-initial-mark: 1179249K(1397184K)] 1210756K(2010624K), 0.0029551 secs] [Times: user=0.00 sys=0.00, real=0.00 secs] 
[CMS-concurrent-mark-start]
[CMS-concurrent-mark: 1.085/1.085 secs] [Times: user=3.60 sys=0.00, real=1.09 secs] 
[CMS-concurrent-preclean-start]
[CMS-concurrent-preclean: 0.092/0.099 secs] [Times: user=0.19 sys=0.00, real=0.10 secs] 
[CMS-concurrent-abortable-preclean-start]
[GC (Allocation Failure) [ParNew: 565877K->68096K(613440K), 0.0656608 secs] 1745126K->1289830K(2010624K), 0.0657128 secs] [Times: user=0.27 sys=0.00, real=0.06 secs] 
[CMS-concurrent-abortable-preclean: 0.756/1.430 secs] [Times: user=2.42 sys=0.00, real=1.43 secs] 
[GC (CMS Final Remark) [YG occupancy: 451829 K (613440 K)][Rescan (parallel) , 0.0932300 secs][weak refs processing, 0.0000148 secs][class unloading, 0.0053238 secs][scrub symbol table, 0.0010554 secs][scrub string table, 0.0003497 secs][1 CMS-remark: 1221734K(1397184K)] 1673563K(2010624K), 0.1007909 secs] [Times: user=0.42 sys=0.00, real=0.10 secs] 
[CMS-concurrent-sweep-start]
[GC (Allocation Failure) [ParNew: 613440K->40464K(613440K), 0.0339605 secs] 1835174K->1324413K(2010624K), 0.0340208 secs] [Times: user=0.16 sys=0.00, real=0.03 secs] 
[CMS-concurrent-sweep: 0.610/0.644 secs] [Times: user=1.51 sys=0.00, real=0.65 secs] 
[CMS-concurrent-reset-start]
[CMS-concurrent-reset: 0.003/0.003 secs] [Times: user=0.00 sys=0.00, real=0.00 secs] 
[GC (Allocation Failure) [ParNew: 585808K->68096K(613440K), 0.0636052 secs] 1335271K->858655K(2010624K), 0.0637194 secs] [Times: user=0.28 sys=0.00, real=0.06 secs] 
[GC (Allocation Failure) [ParNew: 613440K->34193K(613440K), 0.0599835 secs] 1403999K->888262K(2010624K), 0.0600303 secs] [Times: user=0.28 sys=0.00, real=0.05 secs] 
[GC (Allocation Failure) [ParNew: 579537K->68096K(613440K), 0.0774023 secs] 1433606K->963080K(2010624K), 0.0774645 secs] [Times: user=0.30 sys=0.00, real=0.07 secs] 
[GC (Allocation Failure) [ParNew (0: promotion failure size = 1854)  (1: promotion failure size = 1854)  (2: promotion failure size = 1854)  (3: promotion failure size = 1854)  (4: promotion failure size = 1854)  (5: promotion failure size = 1854)  (6: promotion failure size = 1854)  (7: promotion failure size = 1854)  (promotion failed): 613440K->565875K(613440K), 0.3506174 secs][CMS: 958126K->752725K(1397184K), 1.9985751 secs] 1508424K->752725K(2010624K), [Metaspace: 9990K->9990K(10240K)]
*** PauseDetector detected a 2347 ms pause at Fri Dec 19 18:04:11 EET 2014 ***

, 2.3492598 secs] [Times: user=2.43 sys=0.02, real=2.35 secs] 
[GC (Allocation Failure) [ParNew: 545344K->68096K(613440K), 0.0566807 secs] 1298069K->864760K(2010624K), 0.0567307 secs] [Times: user=0.22 sys=0.00, real=0.06 secs] 
[GC (Allocation Failure) [ParNew: 613440K->26457K(613440K), 0.0349024 secs] 1410104K->884501K(2010624K), 0.0349498 secs] [Times: user=0.13 sys=0.00, real=0.03 secs] 
[GC (Allocation Failure) [ParNew: 571801K->68096K(613440K), 0.0566107 secs] 1429845K->969816K(2010624K), 0.0566621 secs] [Times: user=0.19 sys=0.00, real=0.05 secs] 
[GC (Allocation Failure) [ParNew: 613440K->26248K(613440K), 0.0298051 secs] 1515160K->988673K(2010624K), 0.0298557 secs] [Times: user=0.08 sys=0.00, real=0.03 secs] 
[Full GC (System.gc()) [CMS: 962425K->704751K(1397184K), 1.4615099 secs] 1054755K->704751K(2010624K), [Metaspace: 9990K->9990K(10240K)], 1.4618654 secs] [Times: user=1.47 sys=0.00, real=1.46 secs] 
[Full GC (System.gc()) [CMS: 704751K->704762K(1397184K), 1.3619258 secs] 715663K->704762K(2010624K), [Metaspace: 9990K->9990K(10240K)], 1.3621260 secs] [Times: user=1.36 sys=0.00, real=1.36 secs] 
[Full GC (System.gc()) [CMS: 704762K->704762K(1397184K), 1.2839474 secs] 704762K->704762K(2010624K), [Metaspace: 9990K->9990K(10240K)]
*** PauseDetector detected a 4108 ms pause at Fri Dec 19 18:04:21 EET 2014 ***

, 1.2841886 secs] [Times: user=1.30 sys=0.00, real=1.29 secs] 
[GC (Allocation Failure) [ParNew: 545344K->51013K(613440K), 0.0184062 secs] 1250106K->755776K(2010624K), 0.0184530 secs] [Times: user=0.12 sys=0.00, real=0.02 secs] 
[GC (Allocation Failure) [ParNew: 596357K->14953K(613440K), 0.0411423 secs] 1301120K->763062K(2010624K), 0.0412039 secs] [Times: user=0.13 sys=0.00, real=0.04 secs] 
[GC (Allocation Failure) [ParNew: 560297K->68096K(613440K), 0.1009404 secs] 1308406K->858684K(2010624K), 0.1010033 secs] [Times: user=0.34 sys=0.00, real=0.10 secs] 
[GC (Allocation Failure) [ParNew: 613440K->32949K(613440K), 0.0353162 secs] 1404028K->885588K(2010624K), 0.0353797 secs] [Times: user=0.08 sys=0.00, real=0.03 secs] 
[GC (Allocation Failure) [ParNew: 578293K->68096K(613440K), 0.0636969 secs] 1430932K->961269K(2010624K), 0.0637592 secs] [Times: user=0.28 sys=0.00, real=0.06 secs] 
[GC (Allocation Failure) [ParNew: 613440K->27316K(613440K), 0.0396616 secs] 1506613K->984158K(2010624K), 0.0397835 secs] [Times: user=0.13 sys=0.00, real=0.03 secs] 
[Full GC (System.gc()) [CMS: 956842K->749087K(1397184K), 1.5236716 secs] 1387867K->749087K(2010624K), [Metaspace: 9990K->9990K(10240K)], 1.5240565 secs] [Times: user=1.51 sys=0.00, real=1.52 secs] 
[Full GC (System.gc()) [CMS: 749087K->749009K(1397184K), 1.3305380 secs] 759999K->749009K(2010624K), [Metaspace: 9990K->9990K(10240K)], 1.3307067 secs] [Times: user=1.33 sys=0.00, real=1.33 secs] 
[Full GC (System.gc()) [CMS: 749009K->749009K(1397184K), 1.3499931 secs] 749009K->749009K(2010624K), [Metaspace: 9990K->9990K(10240K)]
*** PauseDetector detected a 4205 ms pause at Fri Dec 19 18:04:36 EET 2014 ***

, 1.3501856 secs] [Times: user=1.36 sys=0.00, real=1.35 secs] 
********************************
********** ROUND   58 **********
********************************
[GC (Allocation Failure) [ParNew: 545344K->9452K(613440K), 0.0067102 secs] 1294353K->758461K(2010624K), 0.0067552 secs] [Times: user=0.00 sys=0.00, real=0.01 secs] 
[GC (Allocation Failure) [ParNew: 554796K->68096K(613440K), 0.0503303 secs] 1303805K->859370K(2010624K), 0.0503785 secs] [Times: user=0.19 sys=0.00, real=0.05 secs] 
[GC (Allocation Failure) [ParNew: 613440K->19334K(613440K), 0.0274620 secs] 1404714K->872359K(2010624K), 0.0275339 secs] [Times: user=0.06 sys=0.00, real=0.03 secs] 
[GC (Allocation Failure) [ParNew: 564678K->68096K(613440K), 0.0503708 secs] 1417703K->961557K(2010624K), 0.0504336 secs] [Times: user=0.19 sys=0.00, real=0.05 secs] 
[GC (Allocation Failure) [ParNew: 613440K->13561K(613440K), 0.0285097 secs] 1506901K->970145K(2010624K), 0.0285591 secs] [Times: user=0.08 sys=0.00, real=0.03 secs] 
[GC (Allocation Failure) [ParNew: 558905K->68096K(613440K), 0.0507339 secs] 1515489K->1065131K(2010624K), 0.0507865 secs] [Times: user=0.22 sys=0.00, real=0.05 secs] 
[GC (Allocation Failure) [ParNew: 613440K->40810K(613440K), 0.0391278 secs] 1610475K->1100530K(2010624K), 0.0391804 secs] [Times: user=0.14 sys=0.00, real=0.04 secs] 
[GC (Allocation Failure) [ParNew: 586154K->68096K(613440K), 0.1652693 secs] 1645874K->1195596K(2010624K), 0.1653803 secs] [Times: user=0.70 sys=0.00, real=0.16 secs] 
[GC (CMS Initial Mark) [1 CMS-initial-mark: 1127500K(1397184K)] 1206507K(2010624K), 0.0130574 secs] [Times: user=0.08 sys=0.00, real=0.01 secs] 
[CMS-concurrent-mark-start]
[CMS-concurrent-mark: 1.158/1.158 secs] [Times: user=3.54 sys=0.00, real=1.16 secs] 
[CMS-concurrent-preclean-start]
[CMS-concurrent-preclean: 0.004/0.004 secs] [Times: user=0.00 sys=0.00, real=0.00 secs] 
[CMS-concurrent-abortable-preclean-start]
[GC (Allocation Failure) [ParNew: 613440K->34077K(613440K), 0.0910435 secs] 1740940K->1226256K(2010624K), 0.0910942 secs] [Times: user=0.41 sys=0.00, real=0.08 secs] 
[CMS-concurrent-abortable-preclean: 1.080/1.780 secs] [Times: user=4.04 sys=0.00, real=1.78 secs] 
[GC (CMS Final Remark) [YG occupancy: 375262 K (613440 K)][Rescan (parallel) , 0.0734258 secs][weak refs processing, 0.0000148 secs][class unloading, 0.0054001 secs][scrub symbol table, 0.0010503 secs][scrub string table, 0.0003535 secs][1 CMS-remark: 1192179K(1397184K)] 1567441K(2010624K), 0.0810638 secs] [Times: user=0.34 sys=0.00, real=0.08 secs] 
[CMS-concurrent-sweep-start]
[GC (Allocation Failure) [ParNew: 579421K->68096K(613440K), 0.1951417 secs] 1354411K->900126K(2010624K), 0.1951943 secs] [Times: user=0.98 sys=0.00, real=0.19 secs] 
[CMS-concurrent-sweep: 0.555/0.750 secs] [Times: user=2.09 sys=0.00, real=0.76 secs] 
[CMS-concurrent-reset-start]
[CMS-concurrent-reset: 0.003/0.003 secs] [Times: user=0.03 sys=0.00, real=0.00 secs] 
[GC (Allocation Failure) [ParNew: 613440K->27354K(613440K), 0.0696283 secs] 1445470K->923165K(2010624K), 0.0696771 secs] [Times: user=0.22 sys=0.00, real=0.07 secs] 
[GC (Allocation Failure) [ParNew: 572698K->68096K(613440K), 0.1648035 secs] 1468509K->1018142K(2010624K), 0.1648516 secs] [Times: user=0.66 sys=0.00, real=0.16 secs] 
[GC (Allocation Failure) [ParNew: 613440K->34283K(613440K), 0.0610620 secs] 1563486K->1048062K(2010624K), 0.0611210 secs] [Times: user=0.23 sys=0.00, real=0.06 secs] 
[GC (Allocation Failure) [ParNew: 579627K->68096K(613440K), 0.1507697 secs] 1593406K->1132112K(2010624K), 0.1508313 secs] [Times: user=0.56 sys=0.00, real=0.15 secs] 
[GC (Allocation Failure) [ParNew (0: promotion failure size = 6249)  (1: promotion failure size = 6249)  (2: promotion failure size = 6249)  (3: promotion failure size = 6249)  (4: promotion failure size = 6249)  (5: promotion failure size = 6249)  (6: promotion failure size = 6249)  (7: promotion failure size = 6249)  (promotion failed): 613440K->579553K(613440K), 0.1700651 secs][CMS: 1126211K->762035K(1397184K), 1.8247856 secs] 1677456K->762035K(2010624K), [Metaspace: 9990K->9990K(10240K)], 1.9950111 secs] [Times: user=2.08 sys=0.00, real=1.99 secs] 

*** PauseDetector detected a 2000 ms pause at Fri Dec 19 18:05:01 EET 2014 ***

[GC (Allocation Failure) [ParNew: 545344K->68096K(613440K), 0.1136212 secs] 1307379K->880728K(2010624K), 0.1136712 secs] [Times: user=0.53 sys=0.00, real=0.11 secs] 
[GC (Allocation Failure) [ParNew: 613440K->20533K(613440K), 0.0632972 secs] 1426072K->897440K(2010624K), 0.0633460 secs] [Times: user=0.20 sys=0.00, real=0.06 secs] 
[GC (Allocation Failure) [ParNew: 565877K->68096K(613440K), 0.1072522 secs] 1442784K->991589K(2010624K), 0.1073010 secs] [Times: user=0.45 sys=0.00, real=0.10 secs] 
[GC (Allocation Failure) [ParNew: 613440K->41137K(613440K), 0.0535953 secs] 1536933K->1028681K(2010624K), 0.0536422 secs] [Times: user=0.17 sys=0.00, real=0.05 secs] 
[GC (Allocation Failure) [ParNew: 586481K->68096K(613440K), 0.1028247 secs] 1574025K->1102328K(2010624K), 0.1028748 secs] [Times: user=0.42 sys=0.00, real=0.10 secs] 
[GC (Allocation Failure) [ParNew: 613440K->47352K(613440K), 0.0543434 secs] 1647672K->1147485K(2010624K), 0.0543915 secs] [Times: user=0.19 sys=0.00, real=0.05 secs] 
[GC (Allocation Failure) [ParNew: 592696K->68096K(613440K), 0.0943809 secs] 1692829K->1213469K(2010624K), 0.0944329 secs] [Times: user=0.44 sys=0.00, real=0.09 secs] 
[GC (CMS Initial Mark) [1 CMS-initial-mark: 1145373K(1397184K)] 1224381K(2010624K), 0.0070131 secs] [Times: user=0.08 sys=0.00, real=0.01 secs] 
[CMS-concurrent-mark-start]
[CMS-concurrent-mark: 1.164/1.164 secs] [Times: user=3.51 sys=0.00, real=1.17 secs] 
[CMS-concurrent-preclean-start]
[CMS-concurrent-preclean: 0.005/0.005 secs] [Times: user=0.03 sys=0.00, real=0.01 secs] 
[CMS-concurrent-abortable-preclean-start]
[GC (Allocation Failure) [ParNew: 613440K->54718K(613440K), 0.0515692 secs] 1758813K->1263796K(2010624K), 0.0516193 secs] [Times: user=0.25 sys=0.00, real=0.05 secs] 
[CMS-concurrent-abortable-preclean: 0.630/1.390 secs] [Times: user=2.54 sys=0.00, real=1.39 secs] 
[GC (CMS Final Remark) [YG occupancy: 406232 K (613440 K)][Rescan (parallel) , 0.0757085 secs][weak refs processing, 0.0000154 secs][class unloading, 0.0060809 secs][scrub symbol table, 0.0011657 secs][scrub string table, 0.0003676 secs][1 CMS-remark: 1209078K(1397184K)] 1615310K(2010624K), 0.0842049 secs] [Times: user=0.33 sys=0.00, real=0.08 secs] 
[CMS-concurrent-sweep-start]
[GC (Allocation Failure) [ParNew: 600062K->68096K(613440K), 0.0822070 secs] 1799532K->1312358K(2010624K), 0.0822571 secs] [Times: user=0.50 sys=0.00, real=0.08 secs] 
[CMS-concurrent-sweep: 0.760/0.842 secs] [Times: user=2.03 sys=0.00, real=0.85 secs] 
[CMS-concurrent-reset-start]
[CMS-concurrent-reset: 0.003/0.003 secs] [Times: user=0.03 sys=0.00, real=0.00 secs] 
[GC (Allocation Failure) [ParNew: 613440K->34225K(613440K), 0.0525836 secs] 1412598K->896876K(2010624K), 0.0526310 secs] [Times: user=0.14 sys=0.00, real=0.05 secs] 
[GC (Allocation Failure) [ParNew: 579569K->68096K(613440K), 0.0825727 secs] 1442220K->974095K(2010624K), 0.0826196 secs] [Times: user=0.34 sys=0.00, real=0.08 secs] 
[GC (Allocation Failure) [ParNew: 613440K->13690K(613440K), 0.0424172 secs] 1519439K->983150K(2010624K), 0.0424640 secs] [Times: user=0.14 sys=0.00, real=0.03 secs] 
[GC (Allocation Failure) [ParNew (0: promotion failure size = 2779)  (1: promotion failure size = 2779)  (2: promotion failure size = 2779)  (3: promotion failure size = 2779)  (4: promotion failure size = 2779)  (5: promotion failure size = 2779)  (6: promotion failure size = 2779)  (7: promotion failure size = 2779)  (promotion failed): 559034K->613440K(613440K), 1.3397651 secs][CMS: 998092K->753586K(1397184K), 1.8249678 secs] 1528494K->753586K(2010624K), [Metaspace: 9990K->9990K(10240K)], 3.1648074 secs] [Times: user=3.43 sys=0.13, real=3.16 secs] 

*** PauseDetector detected a 3165 ms pause at Fri Dec 19 18:05:25 EET 2014 ***

[GC (Allocation Failure) [ParNew: 545344K->27513K(613440K), 0.0068353 secs] 1298930K->781099K(2010624K), 0.0068822 secs] [Times: user=0.00 sys=0.00, real=0.01 secs] 
[GC (Allocation Failure) [ParNew: 572857K->68096K(613440K), 0.0715152 secs] 1326443K->867240K(2010624K), 0.0715793 secs] [Times: user=0.30 sys=0.00, real=0.07 secs] 
[GC (Allocation Failure) [ParNew: 613440K->26645K(613440K), 0.0428040 secs] 1412584K->887535K(2010624K), 0.0428521 secs] [Times: user=0.11 sys=0.00, real=0.04 secs] 
[GC (Allocation Failure) [ParNew: 571989K->68096K(613440K), 0.0710924 secs] 1432879K->973322K(2010624K), 0.0711784 secs] [Times: user=0.25 sys=0.00, real=0.06 secs] 
[GC (Allocation Failure) [ParNew: 613440K->20065K(613440K), 0.0353329 secs] 1518666K->987554K(2010624K), 0.0354516 secs] [Times: user=0.13 sys=0.00, real=0.03 secs] 
[GC (Allocation Failure) [ParNew: 565409K->68096K(613440K), 0.0672782 secs] 1532898K->1077864K(2010624K), 0.0673263 secs] [Times: user=0.28 sys=0.00, real=0.06 secs] 
[GC (Allocation Failure) [ParNew: 613440K->27385K(613440K), 0.0389334 secs] 1623208K->1100823K(2010624K), 0.0389834 secs] [Times: user=0.14 sys=0.00, real=0.04 secs] 
[GC (Allocation Failure) [ParNew: 572729K->68096K(613440K), 0.0676625 secs] 1646167K->1186735K(2010624K), 0.0677100 secs] [Times: user=0.25 sys=0.00, real=0.07 secs] 
[GC (Allocation Failure) [ParNew: 613440K->32828K(613440K), 0.0313429 secs] 1732079K->1212184K(2010624K), 0.0313859 secs] [Times: user=0.12 sys=0.00, real=0.03 secs] 
[GC (CMS Initial Mark) [1 CMS-initial-mark: 1179355K(1397184K)] 1223096K(2010624K), 0.0030321 secs] [Times: user=0.00 sys=0.00, real=0.00 secs] 
[CMS-concurrent-mark-start]
[CMS-concurrent-mark: 1.161/1.161 secs] [Times: user=3.74 sys=0.00, real=1.17 secs] 
[CMS-concurrent-preclean-start]
[CMS-concurrent-preclean: 0.088/0.094 secs] [Times: user=0.19 sys=0.00, real=0.09 secs] 
[CMS-concurrent-abortable-preclean-start]
[GC (Allocation Failure) [ParNew: 578172K->68096K(613440K), 0.0672352 secs] 1757528K->1290995K(2010624K), 0.0672923 secs] [Times: user=0.25 sys=0.00, real=0.07 secs] 
[CMS-concurrent-abortable-preclean: 0.717/1.297 secs] [Times: user=2.20 sys=0.00, real=1.30 secs] 
[GC (CMS Final Remark) [YG occupancy: 451873 K (613440 K)][Rescan (parallel) , 0.0982541 secs][weak refs processing, 0.0000154 secs][class unloading, 0.0059545 secs][scrub symbol table, 0.0011221 secs][scrub string table, 0.0003824 secs][1 CMS-remark: 1222899K(1397184K)] 1674773K(2010624K), 0.1066100 secs] [Times: user=0.39 sys=0.00, real=0.11 secs] 
[CMS-concurrent-sweep-start]
[GC (Allocation Failure) [ParNew: 613440K->39685K(613440K), 0.0443643 secs] 1836339K->1323753K(2010624K), 0.0444548 secs] [Times: user=0.23 sys=0.00, real=0.04 secs] 
[CMS-concurrent-sweep: 0.640/0.685 secs] [Times: user=1.62 sys=0.02, real=0.68 secs] 
[CMS-concurrent-reset-start]
[CMS-concurrent-reset: 0.003/0.003 secs] [Times: user=0.00 sys=0.00, real=0.00 secs] 
[GC (Allocation Failure) [ParNew: 585029K->68096K(613440K), 0.0592848 secs] 1334316K->858429K(2010624K), 0.0593361 secs] [Times: user=0.23 sys=0.00, real=0.06 secs] 
[GC (Allocation Failure) [ParNew: 613440K->20490K(613440K), 0.0406535 secs] 1403773K->874289K(2010624K), 0.0408549 secs] [Times: user=0.13 sys=0.00, real=0.04 secs] 
[GC (Allocation Failure) [ParNew: 565834K->68096K(613440K), 0.0805986 secs] 1419633K->962834K(2010624K), 0.0806461 secs] [Times: user=0.30 sys=0.00, real=0.07 secs] 
[GC (Allocation Failure) [ParNew (0: promotion failure size = 1854)  (1: promotion failure size = 1854)  (2: promotion failure size = 1854)  (3: promotion failure size = 1854)  (4: promotion failure size = 1854)  (5: promotion failure size = 1854)  (6: promotion failure size = 1854)  (7: promotion failure size = 1854)  (promotion failed): 613440K->572761K(613440K), 0.3877698 secs][CMS: 957827K->752759K(1397184K), 2.0016360 secs] 1508178K->752759K(2010624K), [Metaspace: 9990K->9990K(10240K)], 2.3894873 secs] [Times: user=2.47 sys=0.00, real=2.39 secs] 

*** PauseDetector detected a 2390 ms pause at Fri Dec 19 18:05:50 EET 2014 ***

[GC (Allocation Failure) [ParNew: 545344K->68096K(613440K), 0.0576745 secs] 1298103K->864958K(2010624K), 0.0577245 secs] [Times: user=0.28 sys=0.00, real=0.06 secs] 
[GC (Allocation Failure) [ParNew: 613440K->26403K(613440K), 0.0332112 secs] 1410302K->884504K(2010624K), 0.0332625 secs] [Times: user=0.08 sys=0.00, real=0.03 secs] 
[GC (Allocation Failure) [ParNew: 571747K->68096K(613440K), 0.0563734 secs] 1429848K->968142K(2010624K), 0.0564234 secs] [Times: user=0.20 sys=0.00, real=0.05 secs] 
[GC (Allocation Failure) [ParNew: 613440K->26903K(613440K), 0.0312140 secs] 1513486K->989352K(2010624K), 0.0312646 secs] [Times: user=0.06 sys=0.00, real=0.03 secs] 
[Full GC (System.gc()) [CMS: 962448K->750788K(1397184K), 1.4907729 secs] 1493973K->750788K(2010624K), [Metaspace: 9990K->9990K(10240K)], 1.4909923 secs] [Times: user=1.48 sys=0.00, real=1.48 secs] 
[Full GC (System.gc()) [CMS: 750788K->750710K(1397184K), 1.2976585 secs] 750790K->750710K(2010624K), [Metaspace: 9990K->9990K(10240K)], 1.2978786 secs] [Times: user=1.31 sys=0.00, real=1.30 secs] 
[Full GC (System.gc()) [CMS: 750710K->746741K(1397184K), 1.2886976 secs] 761598K->746741K(2010624K), [Metaspace: 9990K->9990K(10240K)]
*** PauseDetector detected a 1487 ms pause at Fri Dec 19 18:05:59 EET 2014 ***

, 1.2890113 secs] [Times: user=1.30 sys=0.00, real=1.29 secs] 

*** PauseDetector detected a 2600 ms pause at Fri Dec 19 18:06:01 EET 2014 ***

[GC (Allocation Failure) [ParNew: 545344K->7655K(613440K), 0.0081191 secs] 1292085K->754397K(2010624K), 0.0081647 secs] [Times: user=0.00 sys=0.00, real=0.01 secs] 
[GC (Allocation Failure) [ParNew: 552999K->68096K(613440K), 0.0658789 secs] 1299741K->861661K(2010624K), 0.0659418 secs] [Times: user=0.28 sys=0.00, real=0.06 secs] 
[GC (Allocation Failure) [ParNew: 613440K->19855K(613440K), 0.0398361 secs] 1407005K->878571K(2010624K), 0.0399015 secs] [Times: user=0.12 sys=0.00, real=0.04 secs] 
[GC (Allocation Failure) [ParNew: 565199K->68096K(613440K), 0.0637771 secs] 1423915K->967622K(2010624K), 0.0638381 secs] [Times: user=0.25 sys=0.00, real=0.06 secs] 
[GC (Allocation Failure) [ParNew: 613440K->27312K(613440K), 0.0346566 secs] 1512966K->990240K(2010624K), 0.0347086 secs] [Times: user=0.12 sys=0.00, real=0.03 secs] 
[GC (Allocation Failure) [ParNew: 572656K->68096K(613440K), 0.0530885 secs] 1535584K->1072741K(2010624K), 0.0531507 secs] [Times: user=0.19 sys=0.00, real=0.05 secs] 
[Full GC (System.gc()) [CMS: 1004645K->750346K(1397184K), 1.4719760 secs] 1489364K->750346K(2010624K), [Metaspace: 9990K->9990K(10240K)], 1.4723551 secs] [Times: user=1.47 sys=0.00, real=1.47 secs] 
[Full GC (System.gc()) [CMS: 750346K->750346K(1397184K), 1.2953982 secs] 761291K->750346K(2010624K), [Metaspace: 9990K->9990K(10240K)], 1.2957075 secs] [Times: user=1.28 sys=0.00, real=1.29 secs] 
[Full GC (System.gc()) [CMS: 750346K->750346K(1397184K), 1.3384384 secs] 750346K->750346K(2010624K), [Metaspace: 9990K->9990K(10240K)]
*** PauseDetector detected a 1470 ms pause at Fri Dec 19 18:06:13 EET 2014 ***


*** PauseDetector detected a 2646 ms pause at Fri Dec 19 18:06:15 EET 2014 ***

, 1.3386456 secs] [Times: user=1.34 sys=0.00, real=1.33 secs] 
********************************
********** ROUND   59 **********
********************************
[GC (Allocation Failure) [ParNew: 545344K->68096K(613440K), 0.0508115 secs] 1295690K->862397K(2010624K), 0.0508635 secs] [Times: user=0.22 sys=0.00, real=0.05 secs] 
[GC (Allocation Failure) [ParNew: 613440K->30820K(613440K), 0.0269115 secs] 1407741K->885136K(2010624K), 0.0270649 secs] [Times: user=0.06 sys=0.00, real=0.02 secs] 
[GC (Allocation Failure) [ParNew: 576164K->68096K(613440K), 0.0508795 secs] 1430480K->964694K(2010624K), 0.0509309 secs] [Times: user=0.22 sys=0.00, real=0.05 secs] 
[GC (Allocation Failure) [ParNew: 613440K->19996K(613440K), 0.0306276 secs] 1510038K->977754K(2010624K), 0.0307764 secs] [Times: user=0.13 sys=0.00, real=0.03 secs] 
[GC (Allocation Failure) [ParNew: 565340K->68096K(613440K), 0.0507910 secs] 1523098K->1067216K(2010624K), 0.0508410 secs] [Times: user=0.22 sys=0.00, real=0.05 secs] 
[GC (Allocation Failure) [ParNew: 613440K->13373K(613440K), 0.0282325 secs] 1612560K->1074392K(2010624K), 0.0284205 secs] [Times: user=0.06 sys=0.00, real=0.03 secs] 
[GC (Allocation Failure) [ParNew: 558717K->68096K(613440K), 0.1870765 secs] 1619736K->1196874K(2010624K), 0.1871259 secs] [Times: user=0.80 sys=0.00, real=0.18 secs] 
[GC (CMS Initial Mark) [1 CMS-initial-mark: 1128778K(1397184K)] 1207820K(2010624K), 0.0117517 secs] [Times: user=0.00 sys=0.00, real=0.01 secs] 
[CMS-concurrent-mark-start]
[CMS-concurrent-mark: 1.167/1.167 secs] [Times: user=3.59 sys=0.00, real=1.18 secs] 
[CMS-concurrent-preclean-start]
[CMS-concurrent-preclean: 0.006/0.006 secs] [Times: user=0.00 sys=0.00, real=0.01 secs] 
[CMS-concurrent-abortable-preclean-start]
[GC (Allocation Failure) [ParNew: 613440K->47934K(613440K), 0.0940005 secs] 1742218K->1241424K(2010624K), 0.0940525 secs] [Times: user=0.39 sys=0.00, real=0.09 secs] 
[CMS-concurrent-abortable-preclean: 0.961/1.765 secs] [Times: user=3.82 sys=0.00, real=1.76 secs] 
[GC (CMS Final Remark) [YG occupancy: 368395 K (613440 K)][Rescan (parallel) , 0.0666302 secs][weak refs processing, 0.0000148 secs][class unloading, 0.0058024 secs][scrub symbol table, 0.0013877 secs][scrub string table, 0.0004555 secs][1 CMS-remark: 1193490K(1397184K)] 1561886K(2010624K), 0.0752158 secs] [Times: user=0.42 sys=0.00, real=0.08 secs] 
[CMS-concurrent-sweep-start]
[GC (Allocation Failure) [ParNew: 593278K->68096K(613440K), 0.1817110 secs] 1368242K->900023K(2010624K), 0.1817687 secs] [Times: user=0.97 sys=0.00, real=0.18 secs] 
[CMS-concurrent-sweep: 0.597/0.779 secs] [Times: user=2.18 sys=0.00, real=0.78 secs] 
[CMS-concurrent-reset-start]
[CMS-concurrent-reset: 0.003/0.003 secs] [Times: user=0.00 sys=0.00, real=0.00 secs] 
[GC (Allocation Failure) [ParNew: 613440K->13666K(613440K), 0.0702750 secs] 1445367K->909428K(2010624K), 0.0703263 secs] [Times: user=0.20 sys=0.00, real=0.07 secs] 
[GC (Allocation Failure) [ParNew: 559010K->68096K(613440K), 0.1598358 secs] 1454772K->1018098K(2010624K), 0.1598839 secs] [Times: user=0.80 sys=0.00, real=0.15 secs] 
[GC (Allocation Failure) [ParNew: 613440K->34377K(613440K), 0.0753448 secs] 1563442K->1048075K(2010624K), 0.0754070 secs] [Times: user=0.28 sys=0.00, real=0.07 secs] 
[GC (Allocation Failure) [ParNew: 579721K->68096K(613440K), 0.1368494 secs] 1593419K->1132044K(2010624K), 0.1368988 secs] [Times: user=0.70 sys=0.00, real=0.14 secs] 
[GC (Allocation Failure) [ParNew (0: promotion failure size = 6249)  (1: promotion failure size = 6249)  (2: promotion failure size = 6249)  (3: promotion failure size = 6249)  (4: promotion failure size = 6249)  (5: promotion failure size = 6249)  (6: promotion failure size = 6249)  (7: promotion failure size = 6249)  (promotion failed): 613440K->579562K(613440K), 0.1767131 secs][CMS: 1126524K->762040K(1397184K), 1.8122672 secs] 1677388K->762040K(2010624K), [Metaspace: 9990K->9990K(10240K)], 1.9890618 secs]
*** PauseDetector detected a 1984 ms pause at Fri Dec 19 18:06:40 EET 2014 ***

 [Times: user=2.12 sys=0.00, real=1.98 secs] 
[GC (Allocation Failure) [ParNew: 545344K->68096K(613440K), 0.1181687 secs] 1307384K->880750K(2010624K), 0.1182303 secs] [Times: user=0.47 sys=0.00, real=0.12 secs] 
[GC (Allocation Failure) [ParNew: 613440K->41061K(613440K), 0.0548015 secs] 1426094K->918098K(2010624K), 0.0548586 secs] [Times: user=0.17 sys=0.00, real=0.05 secs] 
[GC (Allocation Failure) [ParNew: 586405K->68096K(613440K), 0.1086348 secs] 1463442K->992000K(2010624K), 0.1086817 secs] [Times: user=0.51 sys=0.00, real=0.10 secs] 
[GC (Allocation Failure) [ParNew: 613440K->34227K(613440K), 0.0501270 secs] 1537344K->1021966K(2010624K), 0.0501738 secs] [Times: user=0.14 sys=0.00, real=0.05 secs] 
[GC (Allocation Failure) [ParNew: 579571K->68096K(613440K), 0.1002783 secs] 1567310K->1103049K(2010624K), 0.1003252 secs] [Times: user=0.44 sys=0.00, real=0.09 secs] 
[GC (Allocation Failure) [ParNew: 613440K->40261K(613440K), 0.0484807 secs] 1648393K->1137368K(2010624K), 0.0485371 secs] [Times: user=0.17 sys=0.00, real=0.05 secs] 
[GC (Allocation Failure) [ParNew: 585605K->68096K(613440K), 0.0945401 secs] 1682712K->1210422K(2010624K), 0.0945895 secs] [Times: user=0.44 sys=0.00, real=0.09 secs] 
[GC (Allocation Failure) [ParNew: 613440K->20506K(613440K), 0.0451567 secs] 1755766K->1226456K(2010624K), 0.0452074 secs] [Times: user=0.13 sys=0.00, real=0.04 secs] 
[GC (CMS Initial Mark) [1 CMS-initial-mark: 1205950K(1397184K)] 1226458K(2010624K), 0.0052032 secs] [Times: user=0.00 sys=0.00, real=0.00 secs] 
[CMS-concurrent-mark-start]
[CMS-concurrent-mark: 1.169/1.169 secs] [Times: user=3.82 sys=0.00, real=1.17 secs] 
[CMS-concurrent-preclean-start]
[CMS-concurrent-preclean: 0.133/0.142 secs] [Times: user=0.28 sys=0.00, real=0.14 secs] 
[CMS-concurrent-abortable-preclean-start]
[GC (Allocation Failure) [ParNew[CMS-concurrent-abortable-preclean: 0.054/0.385 secs] [Times: user=0.72 sys=0.00, real=0.39 secs] 
: 565850K->68096K(613440K), 0.0927289 secs] 1771800K->1318890K(2010624K), 0.0927770 secs] [Times: user=0.44 sys=0.00, real=0.09 secs] 
[GC (CMS Final Remark) [YG occupancy: 79041 K (613440 K)][Rescan (parallel) , 0.0489625 secs][weak refs processing, 0.0000154 secs][class unloading, 0.0054592 secs][scrub symbol table, 0.0010458 secs][scrub string table, 0.0003554 secs][1 CMS-remark: 1250794K(1397184K)] 1329836K(2010624K), 0.0566627 secs] [Times: user=0.36 sys=0.00, real=0.06 secs] 
[CMS-concurrent-sweep-start]
[CMS-concurrent-sweep: 0.677/0.677 secs] [Times: user=1.34 sys=0.00, real=0.68 secs] 
[CMS-concurrent-reset-start]
[CMS-concurrent-reset: 0.003/0.003 secs] [Times: user=0.03 sys=0.00, real=0.00 secs] 
[GC (Allocation Failure) [ParNew: 613440K->20564K(613440K), 0.0440423 secs] 1304039K->777941K(2010624K), 0.0440923 secs] [Times: user=0.14 sys=0.00, real=0.04 secs] 
[GC (Allocation Failure) [ParNew: 565908K->68096K(613440K), 0.0833683 secs] 1323285K->868835K(2010624K), 0.0834171 secs] [Times: user=0.30 sys=0.00, real=0.08 secs] 
[GC (Allocation Failure) [ParNew: 613440K->34282K(613440K), 0.0398496 secs] 1414179K->898506K(2010624K), 0.0399150 secs] [Times: user=0.09 sys=0.00, real=0.04 secs] 
[GC (Allocation Failure) [ParNew (0: promotion failure size = 2779)  (1: promotion failure size = 2779)  (2: promotion failure size = 2779)  (3: promotion failure size = 2779)  (4: promotion failure size = 2779)  (5: promotion failure size = 2779)  (6: promotion failure size = 2779)  (7: promotion failure size = 2779)  (promotion failed): 579626K->613440K(613440K), 1.7387188 secs][CMS: 892944K->753599K(1397184K), 2.0094985 secs] 1443850K->753599K(2010624K), [Metaspace: 9990K->9990K(10240K)], 3.7482822 secs] [Times: user=3.87 sys=0.56, real=3.74 secs] 

*** PauseDetector detected a 3741 ms pause at Fri Dec 19 18:07:04 EET 2014 ***

[GC (Allocation Failure) [ParNew: 545344K->34223K(613440K), 0.0063503 secs] 1298943K->787823K(2010624K), 0.0064029 secs] [Times: user=0.01 sys=0.00, real=0.01 secs] 
[GC (Allocation Failure) [ParNew: 579567K->68096K(613440K), 0.0699793 secs] 1333167K->868800K(2010624K), 0.0700280 secs] [Times: user=0.28 sys=0.00, real=0.07 secs] 
[GC (Allocation Failure) [ParNew: 613440K->45548K(613440K), 0.0372043 secs] 1414144K->906481K(2010624K), 0.0372525 secs] [Times: user=0.16 sys=0.00, real=0.03 secs] 
[GC (Allocation Failure) [ParNew: 590892K->68096K(613440K), 0.0709410 secs] 1451825K->972195K(2010624K), 0.0709897 secs] [Times: user=0.28 sys=0.00, real=0.07 secs] 
[GC (Allocation Failure) [ParNew: 613440K->20333K(613440K), 0.0343051 secs] 1517539K->987693K(2010624K), 0.0343506 secs] [Times: user=0.13 sys=0.00, real=0.03 secs] 
[GC (Allocation Failure) [ParNew: 565677K->68096K(613440K), 0.0680686 secs] 1533037K->1080984K(2010624K), 0.0681161 secs] [Times: user=0.25 sys=0.00, real=0.06 secs] 
[GC (Allocation Failure) [ParNew: 613440K->26203K(613440K), 0.0408081 secs] 1626328K->1099454K(2010624K), 0.0408523 secs] [Times: user=0.12 sys=0.00, real=0.04 secs] 
[GC (Allocation Failure) [ParNew: 571547K->68096K(613440K), 0.0658231 secs] 1644798K->1186559K(2010624K), 0.0658757 secs] [Times: user=0.27 sys=0.00, real=0.06 secs] 
[GC (Allocation Failure) [ParNew: 613440K->26190K(613440K), 0.0393485 secs] 1731903K->1205134K(2010624K), 0.0395012 secs] [Times: user=0.14 sys=0.00, real=0.04 secs] 
[GC (CMS Initial Mark) [1 CMS-initial-mark: 1178944K(1397184K)] 1216141K(2010624K), 0.0052641 secs] [Times: user=0.00 sys=0.00, real=0.01 secs] 
[CMS-concurrent-mark-start]
[CMS-concurrent-mark: 1.177/1.177 secs] [Times: user=3.87 sys=0.02, real=1.18 secs] 
[CMS-concurrent-preclean-start]
[CMS-concurrent-preclean: 0.103/0.109 secs] [Times: user=0.22 sys=0.00, real=0.11 secs] 
[CMS-concurrent-abortable-preclean-start]
[GC (Allocation Failure) [ParNew: 571534K->68096K(613440K), 0.0665866 secs] 1750478K->1289104K(2010624K), 0.0666379 secs] [Times: user=0.26 sys=0.00, real=0.06 secs] 
[CMS-concurrent-abortable-preclean: 0.759/1.457 secs] [Times: user=2.42 sys=0.00, real=1.46 secs] 
[GC (CMS Final Remark) [YG occupancy: 452999 K (613440 K)][Rescan (parallel) , 0.0874404 secs][weak refs processing, 0.0000154 secs][class unloading, 0.0056735 secs][scrub symbol table, 0.0013800 secs][scrub string table, 0.0003593 secs][1 CMS-remark: 1221008K(1397184K)] 1674008K(2010624K), 0.0957122 secs] [Times: user=0.51 sys=0.00, real=0.09 secs] 
[CMS-concurrent-sweep-start]
[GC (Allocation Failure) [ParNew: 613440K->33809K(613440K), 0.0358821 secs] 1834448K->1317452K(2010624K), 0.0359334 secs] [Times: user=0.16 sys=0.00, real=0.03 secs] 
[CMS-concurrent-sweep: 0.606/0.643 secs] [Times: user=1.54 sys=0.00, real=0.64 secs] 
[CMS-concurrent-reset-start]
[CMS-concurrent-reset: 0.003/0.003 secs] [Times: user=0.00 sys=0.00, real=0.00 secs] 
[GC (Allocation Failure) [ParNew: 579153K->68096K(613440K), 0.0637688 secs] 1328289K->858361K(2010624K), 0.0638182 secs] [Times: user=0.20 sys=0.00, real=0.06 secs] 
[GC (Allocation Failure) [ParNew: 613440K->27358K(613440K), 0.0322956 secs] 1403705K->881139K(2010624K), 0.0324195 secs] [Times: user=0.13 sys=0.00, real=0.03 secs] 
[GC (Allocation Failure) [ParNew: 572702K->68096K(613440K), 0.0787470 secs] 1426483K->962793K(2010624K), 0.0787971 secs] [Times: user=0.27 sys=0.00, real=0.08 secs] 
[GC (Allocation Failure) [ParNew (0: promotion failure size = 1854)  (1: promotion failure size = 1854)  (2: promotion failure size = 1854)  (3: promotion failure size = 1854)  (4: promotion failure size = 1854)  (5: promotion failure size = 1854)  (6: promotion failure size = 1854)  (7: promotion failure size = 1854)  (promotion failed): 613440K->572764K(613440K), 0.4161409 secs][CMS: 957822K->752753K(1397184K), 1.9547407 secs] 1508137K->752753K(2010624K), [Metaspace: 9990K->9990K(10240K)], 2.3709573 secs] [Times: user=2.42 sys=0.03, real=2.36 secs] 

*** PauseDetector detected a 2366 ms pause at Fri Dec 19 18:07:29 EET 2014 ***

[GC (Allocation Failure) [ParNew: 545344K->68096K(613440K), 0.0568090 secs] 1298097K->864852K(2010624K), 0.0568603 secs] [Times: user=0.28 sys=0.00, real=0.05 secs] 
[GC (Allocation Failure) [ParNew: 613440K->26437K(613440K), 0.0298025 secs] 1410196K->884420K(2010624K), 0.0299610 secs] [Times: user=0.08 sys=0.00, real=0.03 secs] 
[GC (Allocation Failure) [ParNew: 571781K->68096K(613440K), 0.0557087 secs] 1429764K->969047K(2010624K), 0.0557703 secs] [Times: user=0.19 sys=0.00, real=0.05 secs] 
[GC (Allocation Failure) [ParNew: 613440K->19911K(613440K), 0.0394698 secs] 1514391K->982346K(2010624K), 0.0395211 secs] [Times: user=0.14 sys=0.00, real=0.04 secs] 
[GC (Allocation Failure) [ParNew: 565255K->68096K(613440K), 0.0559512 secs] 1527690K->1072577K(2010624K), 0.0560000 secs] [Times: user=0.20 sys=0.00, real=0.05 secs] 
[GC (Allocation Failure) [ParNew: 613440K->26827K(613440K), 0.0344546 secs] 1617921K->1093415K(2010624K), 0.0345020 secs] [Times: user=0.08 sys=0.00, real=0.03 secs] 
[Full GC (System.gc()) [CMS: 1066587K->747948K(1397184K), 1.5228074 secs] 1335740K->747948K(2010624K), [Metaspace: 9990K->9990K(10240K)], 1.5230403 secs] [Times: user=1.51 sys=0.00, real=1.52 secs] 
[Full GC (System.gc()) [CMS: 747948K->747948K(1397184K), 1.6152437 secs] 747950K->747948K(2010624K), [Metaspace: 9990K->9990K(10240K)], 1.6155254 secs] [Times: user=1.62 sys=0.00, real=1.62 secs] 
[Full GC (System.gc()) [CMS: 747948K->747870K(1397184K), 1.5754442 secs] 747948K->747870K(2010624K), [Metaspace: 9990K->9990K(10240K)]
*** PauseDetector detected a 1517 ms pause at Fri Dec 19 18:07:40 EET 2014 ***

, 1.5756168 secs] [Times: user=1.57 sys=0.00, real=1.57 secs] 

*** PauseDetector detected a 3203 ms pause at Fri Dec 19 18:07:43 EET 2014 ***

[GC (Allocation Failure) [ParNew: 545344K->7632K(613440K), 0.0103403 secs] 1293214K->755502K(2010624K), 0.0104115 secs] [Times: user=0.00 sys=0.00, real=0.01 secs] 
[GC (Allocation Failure) [ParNew: 552976K->68096K(613440K), 0.0639215 secs] 1300846K->857679K(2010624K), 0.0640723 secs] [Times: user=0.22 sys=0.00, real=0.06 secs] 
[GC (Allocation Failure) [ParNew: 613440K->32787K(613440K), 0.0391650 secs] 1403023K->885337K(2010624K), 0.0392150 secs] [Times: user=0.12 sys=0.00, real=0.04 secs] 
[GC (Allocation Failure) [ParNew: 578131K->68096K(613440K), 0.0603755 secs] 1430681K->963587K(2010624K), 0.0604217 secs] [Times: user=0.19 sys=0.00, real=0.06 secs] 
[GC (Allocation Failure) [ParNew: 613440K->26234K(613440K), 0.0364813 secs] 1508931K->982522K(2010624K), 0.0365660 secs] [Times: user=0.12 sys=0.00, real=0.03 secs] 
[GC (Allocation Failure) [ParNew: 571578K->68096K(613440K), 0.0657372 secs] 1527866K->1065098K(2010624K), 0.0658000 secs] [Times: user=0.25 sys=0.00, real=0.07 secs] 
[Full GC (System.gc()) [CMS: 997002K->750228K(1397184K), 1.7420146 secs] 1480964K->750228K(2010624K), [Metaspace: 9990K->9990K(10240K)], 1.7422918 secs] [Times: user=1.73 sys=0.00, real=1.74 secs] 
[Full GC (System.gc()) [CMS: 750228K->750228K(1397184K), 1.5908555 secs] 750230K->750228K(2010624K), [Metaspace: 9990K->9990K(10240K)], 1.5910409 secs] [Times: user=1.59 sys=0.00, real=1.60 secs] 
[Full GC (System.gc()) [CMS: 750228K->750229K(1397184K), 1.3963322 secs] 761159K->750229K(2010624K), [Metaspace: 9990K->9990K(10240K)]
*** PauseDetector detected a 4730 ms pause at Fri Dec 19 18:07:58 EET 2014 ***

, 1.3966992 secs] [Times: user=1.40 sys=0.00, real=1.39 secs] 
********************************
********** ROUND   60 **********
********************************
[GC (Allocation Failure) [ParNew: 545344K->68096K(613440K), 0.0500885 secs] 1295573K->865720K(2010624K), 0.0501340 secs] [Times: user=0.20 sys=0.00, real=0.05 secs] 
[GC (Allocation Failure) [ParNew: 613440K->51766K(613440K), 0.0389809 secs] 1411064K->905848K(2010624K), 0.0390322 secs] [Times: user=0.13 sys=0.00, real=0.04 secs] 
[GC (Allocation Failure) [ParNew: 597110K->68096K(613440K), 0.0509694 secs] 1451192K->961981K(2010624K), 0.0510207 secs] [Times: user=0.22 sys=0.00, real=0.05 secs] 
[GC (Allocation Failure) [ParNew: 613440K->34393K(613440K), 0.0353143 secs] 1507325K->991919K(2010624K), 0.0353630 secs] [Times: user=0.13 sys=0.00, real=0.04 secs] 
[GC (Allocation Failure) [ParNew: 579737K->68096K(613440K), 0.1600783 secs] 1537263K->1093381K(2010624K), 0.1601264 secs] [Times: user=0.70 sys=0.00, real=0.16 secs] 
[GC (Allocation Failure) [ParNew: 613440K->34162K(613440K), 0.0806801 secs] 1638725K->1124075K(2010624K), 0.0807295 secs] [Times: user=0.31 sys=0.00, real=0.08 secs] 
[GC (Allocation Failure) [ParNew: 579506K->68096K(613440K), 0.1905859 secs] 1669419K->1215017K(2010624K), 0.1906629 secs] [Times: user=0.89 sys=0.00, real=0.19 secs] 
[GC (CMS Initial Mark) [1 CMS-initial-mark: 1146921K(1397184K)] 1225948K(2010624K), 0.0106431 secs] [Times: user=0.09 sys=0.00, real=0.01 secs] 
[CMS-concurrent-mark-start]
[CMS-concurrent-mark: 1.193/1.193 secs] [Times: user=3.57 sys=0.00, real=1.20 secs] 
[CMS-concurrent-preclean-start]
[CMS-concurrent-preclean: 0.006/0.006 secs] [Times: user=0.03 sys=0.00, real=0.01 secs] 
[CMS-concurrent-abortable-preclean-start]
[GC (Allocation Failure) [ParNew: 613440K->27378K(613440K), 0.0728561 secs] 1760361K->1238049K(2010624K), 0.0729048 secs] [Times: user=0.33 sys=0.00, real=0.07 secs] 
[CMS-concurrent-abortable-preclean: 0.810/1.594 secs] [Times: user=3.40 sys=0.00, real=1.59 secs] 
[GC (CMS Final Remark) [YG occupancy: 358204 K (613440 K)][Rescan (parallel) , 0.0728535 secs][weak refs processing, 0.0000160 secs][class unloading, 0.0054656 secs][scrub symbol table, 0.0010605 secs][scrub string table, 0.0003522 secs][1 CMS-remark: 1210670K(1397184K)] 1568875K(2010624K), 0.0805742 secs] [Times: user=0.34 sys=0.00, real=0.08 secs] 
[CMS-concurrent-sweep-start]
[GC (Allocation Failure) [ParNew: 572722K->68096K(613440K), 0.1547308 secs] 1433585K->983312K(2010624K), 0.1547834 secs] [Times: user=0.81 sys=0.00, real=0.15 secs] 
[CMS-concurrent-sweep: 0.641/0.796 secs] [Times: user=2.09 sys=0.00, real=0.79 secs] 
[CMS-concurrent-reset-start]
[CMS-concurrent-reset: 0.003/0.003 secs] [Times: user=0.00 sys=0.00, real=0.01 secs] 
[GC (Allocation Failure) [ParNew: 613440K->34259K(613440K), 0.0601631 secs] 1435427K->920036K(2010624K), 0.0602132 secs] [Times: user=0.20 sys=0.00, real=0.06 secs] 
[GC (Allocation Failure) [ParNew: 579603K->68096K(613440K), 0.1378926 secs] 1465380K->1004632K(2010624K), 0.1379395 secs] [Times: user=0.61 sys=0.00, real=0.14 secs] 
[GC (Allocation Failure) [ParNew: 613440K->27199K(613440K), 0.0586009 secs] 1549976K->1031079K(2010624K), 0.0586548 secs] [Times: user=0.20 sys=0.00, real=0.05 secs] 
[GC (Allocation Failure) [ParNew: 572543K->68096K(613440K), 0.1310169 secs] 1576423K->1120955K(2010624K), 0.1310618 secs] [Times: user=0.51 sys=0.00, real=0.13 secs] 
[GC (Allocation Failure) [ParNew (0: promotion failure size = 6249)  (1: promotion failure size = 6249)  (2: promotion failure size = 6249)  (3: promotion failure size = 6249)  (4: promotion failure size = 6249)  (5: promotion failure size = 6249)  (6: promotion failure size = 6249)  (7: promotion failure size = 6249)  (promotion failed): 613440K->559052K(613440K), 0.2348303 secs][CMS: 1114782K->760835K(1397184K), 2.1112903 secs] 1666299K->760835K(2010624K), [Metaspace: 9991K->9991K(10240K)], 2.3461873 secs] [Times: user=2.51 sys=0.00, real=2.34 secs] 

*** PauseDetector detected a 2341 ms pause at Fri Dec 19 18:08:23 EET 2014 ***

[GC (Allocation Failure) [ParNew: 545344K->68096K(613440K), 0.1081832 secs] 1306179K->877874K(2010624K), 0.1082300 secs] [Times: user=0.42 sys=0.00, real=0.10 secs] 
[GC (Allocation Failure) [ParNew: 613440K->33899K(613440K), 0.0491114 secs] 1423218K->906900K(2010624K), 0.0491627 secs] [Times: user=0.22 sys=0.00, real=0.05 secs] 
[GC (Allocation Failure) [ParNew: 579243K->68096K(613440K), 0.0990850 secs] 1452244K->987288K(2010624K), 0.0991337 secs] [Times: user=0.39 sys=0.00, real=0.09 secs] 
[GC (Allocation Failure) [ParNew: 613440K->27352K(613440K), 0.0477140 secs] 1532632K->1010669K(2010624K), 0.0477608 secs] [Times: user=0.14 sys=0.00, real=0.05 secs] 
[GC (Allocation Failure) [ParNew: 572696K->68096K(613440K), 0.0940018 secs] 1556013K->1096720K(2010624K), 0.0940518 secs] [Times: user=0.44 sys=0.00, real=0.09 secs] 
[GC (Allocation Failure) [ParNew: 613440K->27406K(613440K), 0.0433282 secs] 1642064K->1119576K(2010624K), 0.0434456 secs] [Times: user=0.13 sys=0.00, real=0.03 secs] 
[GC (Allocation Failure) [ParNew: 572750K->68096K(613440K), 0.0828576 secs] 1664920K->1205053K(2010624K), 0.0829083 secs] [Times: user=0.42 sys=0.00, real=0.08 secs] 
[GC (Allocation Failure) [ParNew: 613440K->27427K(613440K), 0.0407189 secs] 1750397K->1227882K(2010624K), 0.0408453 secs] [Times: user=0.13 sys=0.00, real=0.03 secs] 
[GC (CMS Initial Mark) [1 CMS-initial-mark: 1200455K(1397184K)] 1238813K(2010624K), 0.0045238 secs] [Times: user=0.01 sys=0.00, real=0.01 secs] 
[CMS-concurrent-mark-start]

*** PauseDetector detected a 403 ms pause at Fri Dec 19 18:08:36 EET 2014 ***

[CMS-concurrent-mark: 1.093/1.093 secs] [Times: user=3.62 sys=0.00, real=1.10 secs] 
[CMS-concurrent-preclean-start]
[CMS-concurrent-preclean: 0.135/0.145 secs] [Times: user=0.28 sys=0.00, real=0.14 secs] 
[CMS-concurrent-abortable-preclean-start]
[GC (Allocation Failure) [ParNew: 572771K->68096K(613440K), 0.0868270 secs] 1773226K->1313788K(2010624K), 0.0868752 secs] [Times: user=0.36 sys=0.00, real=0.08 secs] 
[CMS-concurrent-abortable-preclean: 0.897/1.793 secs] [Times: user=3.01 sys=0.00, real=1.79 secs] 
[GC (CMS Final Remark) [YG occupancy: 452605 K (613440 K)][Rescan (parallel) , 0.0844846 secs][weak refs processing, 0.0000154 secs][class unloading, 0.0054906 secs][scrub symbol table, 0.0010823 secs][scrub string table, 0.0003509 secs][1 CMS-remark: 1245692K(1397184K)] 1698297K(2010624K), 0.0922464 secs] [Times: user=0.52 sys=0.00, real=0.09 secs] 
[CMS-concurrent-sweep-start]
[GC (Allocation Failure) [ParNew: 613440K->33398K(613440K), 0.0377843 secs] 1857210K->1338741K(2010624K), 0.0378350 secs] [Times: user=0.16 sys=0.00, real=0.03 secs] 
[CMS-concurrent-sweep: 0.671/0.709 secs] [Times: user=1.72 sys=0.00, real=0.71 secs] 
[CMS-concurrent-reset-start]
[CMS-concurrent-reset: 0.003/0.003 secs] [Times: user=0.00 sys=0.00, real=0.00 secs] 
[GC (Allocation Failure) [ParNew: 578742K->68096K(613440K), 0.0773368 secs] 1331295K->863681K(2010624K), 0.0773882 secs] [Times: user=0.30 sys=0.00, real=0.07 secs] 
[GC (Allocation Failure) [ParNew: 613440K->41008K(613440K), 0.0349954 secs] 1409025K->900049K(2010624K), 0.0350403 secs] [Times: user=0.17 sys=0.00, real=0.03 secs] 
[GC (Allocation Failure) [ParNew (0: promotion failure size = 2779)  (1: promotion failure size = 2779)  (2: promotion failure size = 2779)  (3: promotion failure size = 2779)  (4: promotion failure size = 2779)  (5: promotion failure size = 2779)  (6: promotion failure size = 2779)  (7: promotion failure size = 2779)  (promotion failed): 586352K->613440K(613440K), 0.2486594 secs][CMS: 901307K->753336K(1397184K), 1.7380022 secs] 1445393K->753336K(2010624K), [Metaspace: 9991K->9991K(10240K)], 1.9867271 secs]
*** PauseDetector detected a 1980 ms pause at Fri Dec 19 18:08:46 EET 2014 ***

 [Times: user=2.20 sys=0.00, real=1.98 secs] 
[GC (Allocation Failure) [ParNew: 545344K->27374K(613440K), 0.0070522 secs] 1298680K->780711K(2010624K), 0.0071003 secs] [Times: user=0.06 sys=0.00, real=0.01 secs] 
[GC (Allocation Failure) [ParNew: 572718K->68096K(613440K), 0.0671281 secs] 1326055K->864906K(2010624K), 0.0671743 secs] [Times: user=0.26 sys=0.00, real=0.06 secs] 
[GC (Allocation Failure) [ParNew: 613440K->27307K(613440K), 0.0346194 secs] 1410250K->887976K(2010624K), 0.0346740 secs] [Times: user=0.06 sys=0.00, real=0.03 secs] 
[GC (Allocation Failure) [ParNew: 572651K->68096K(613440K), 0.0665969 secs] 1433320K->972384K(2010624K), 0.0666803 secs] [Times: user=0.25 sys=0.00, real=0.06 secs] 
[GC (Allocation Failure) [ParNew: 613440K->33701K(613440K), 0.0330457 secs] 1517728K->1000294K(2010624K), 0.0330912 secs] [Times: user=0.12 sys=0.00, real=0.03 secs] 
[GC (Allocation Failure) [ParNew: 579045K->68096K(613440K), 0.0617138 secs] 1545638K->1077773K(2010624K), 0.0617632 secs] [Times: user=0.27 sys=0.00, real=0.06 secs] 
[GC (Allocation Failure) [ParNew: 613440K->47253K(613440K), 0.0522602 secs] 1623117K->1121594K(2010624K), 0.0523058 secs] [Times: user=0.20 sys=0.00, real=0.05 secs] 
[GC (Allocation Failure) [ParNew: 592597K->68096K(613440K), 0.0653323 secs] 1666938K->1185220K(2010624K), 0.0653830 secs] [Times: user=0.25 sys=0.00, real=0.06 secs] 
[GC (Allocation Failure) [ParNew: 613440K->26775K(613440K), 0.0316778 secs] 1730564K->1205793K(2010624K), 0.0317368 secs] [Times: user=0.16 sys=0.00, real=0.03 secs] 
[GC (CMS Initial Mark) [1 CMS-initial-mark: 1179017K(1397184K)] 1205795K(2010624K), 0.0031925 secs] [Times: user=0.00 sys=0.00, real=0.00 secs] 
[CMS-concurrent-mark-start]
[CMS-concurrent-mark: 1.181/1.181 secs] [Times: user=3.76 sys=0.00, real=1.19 secs] 
[CMS-concurrent-preclean-start]
[CMS-concurrent-preclean: 0.099/0.105 secs] [Times: user=0.22 sys=0.00, real=0.11 secs] 
[CMS-concurrent-abortable-preclean-start]
[GC (Allocation Failure) [ParNew[CMS-concurrent-abortable-preclean: 0.064/0.361 secs] [Times: user=0.70 sys=0.00, real=0.36 secs] 
: 572119K->68096K(613440K), 0.0609921 secs] 1751137K->1289554K(2010624K), 0.0610447 secs] [Times: user=0.34 sys=0.00, real=0.06 secs] 
[GC (CMS Final Remark) [YG occupancy: 68154 K (613440 K)][Rescan (parallel) , 0.0300161 secs][weak refs processing, 0.0000160 secs][class unloading, 0.0053289 secs][scrub symbol table, 0.0010746 secs][scrub string table, 0.0003554 secs][1 CMS-remark: 1221458K(1397184K)] 1289612K(2010624K), 0.0376194 secs] [Times: user=0.20 sys=0.00, real=0.04 secs] 
[CMS-concurrent-sweep-start]
[CMS-concurrent-sweep: 0.620/0.620 secs] [Times: user=1.22 sys=0.00, real=0.62 secs] 
[CMS-concurrent-reset-start]
[CMS-concurrent-reset: 0.003/0.003 secs] [Times: user=0.03 sys=0.00, real=0.00 secs] 
[GC (Allocation Failure) [ParNew: 613440K->26886K(613440K), 0.0318087 secs] 1300298K->775842K(2010624K), 0.0319672 secs] [Times: user=0.06 sys=0.00, real=0.03 secs] 
[GC (Allocation Failure) [ParNew: 572230K->68096K(613440K), 0.0634102 secs] 1321186K->860306K(2010624K), 0.0634602 secs] [Times: user=0.25 sys=0.00, real=0.06 secs] 
[GC (Allocation Failure) [ParNew: 613440K->33169K(613440K), 0.0302490 secs] 1405650K->886502K(2010624K), 0.0303125 secs] [Times: user=0.08 sys=0.00, real=0.03 secs] 
[GC (Allocation Failure) [ParNew: 578513K->68096K(613440K), 0.0997689 secs] 1431846K->962251K(2010624K), 0.0998844 secs] [Times: user=0.28 sys=0.02, real=0.10 secs] 
[GC (Allocation Failure) [ParNew (0: promotion failure size = 1854)  (1: promotion failure size = 1854)  (2: promotion failure size = 1854)  (3: promotion failure size = 1854)  (4: promotion failure size = 1854)  (5: promotion failure size = 1854)  (6: promotion failure size = 1854)  (7: promotion failure size = 1854)  (promotion failed): 613440K->579492K(613440K), 2.4946101 secs][CMS: 931911K->752615K(1397184K), 1.6658179 secs] 1507595K->752615K(2010624K), [Metaspace: 9991K->9991K(10240K)], 4.1604992 secs]
*** PauseDetector detected a 4159 ms pause at Fri Dec 19 18:09:12 EET 2014 ***

 [Times: user=4.18 sys=0.39, real=4.16 secs] 
[GC (Allocation Failure) [ParNew: 545344K->68096K(613440K), 0.0557812 secs] 1297959K->865120K(2010624K), 0.0558338 secs] [Times: user=0.22 sys=0.00, real=0.05 secs] 
[GC (Allocation Failure) [ParNew: 613440K->19638K(613440K), 0.0286169 secs] 1410464K->877453K(2010624K), 0.0286637 secs] [Times: user=0.13 sys=0.00, real=0.02 secs] 
[GC (Allocation Failure) [ParNew: 564982K->68096K(613440K), 0.0555451 secs] 1422797K->967733K(2010624K), 0.0556047 secs] [Times: user=0.20 sys=0.00, real=0.06 secs] 
[GC (Allocation Failure) [ParNew: 613440K->33636K(613440K), 0.0394383 secs] 1513077K->995645K(2010624K), 0.0394826 secs] [Times: user=0.16 sys=0.00, real=0.04 secs] 
[GC (Allocation Failure) [ParNew: 578980K->68096K(613440K), 0.0540342 secs] 1540989K->1072454K(2010624K), 0.0540816 secs] [Times: user=0.20 sys=0.00, real=0.05 secs] 
[GC (Allocation Failure) [ParNew: 613440K->33335K(613440K), 0.0280933 secs] 1617798K->1099319K(2010624K), 0.0281440 secs] [Times: user=0.08 sys=0.00, real=0.03 secs] 
[Full GC (System.gc()) [CMS: 1065984K->752244K(1397184K), 1.4902820 secs] 1110466K->752244K(2010624K), [Metaspace: 9991K->9991K(10240K)], 1.4906150 secs] [Times: user=1.50 sys=0.00, real=1.49 secs] 
[Full GC (System.gc()) [CMS: 752244K->746567K(1397184K), 1.3763908 secs] 763177K->746567K(2010624K), [Metaspace: 9991K->9991K(10240K)], 1.3765845 secs] [Times: user=1.37 sys=0.00, real=1.38 secs] 
[Full GC (System.gc()) [CMS: 746567K->746568K(1397184K), 1.3433823 secs] 746569K->746568K(2010624K), [Metaspace: 9991K->9991K(10240K)]
*** PauseDetector detected a 2866 ms pause at Fri Dec 19 18:09:24 EET 2014 ***

, 1.3435767 secs] [Times: user=1.34 sys=0.00, real=1.34 secs] 

*** PauseDetector detected a 1351 ms pause at Fri Dec 19 18:09:25 EET 2014 ***

[GC (Allocation Failure) [ParNew: 545344K->68096K(613440K), 0.0505074 secs] 1291912K->857055K(2010624K), 0.0505594 secs] [Times: user=0.25 sys=0.00, real=0.05 secs] 
[GC (Allocation Failure) [ParNew: 613440K->26783K(613440K), 0.0348600 secs] 1402399K->877958K(2010624K), 0.0349229 secs] [Times: user=0.13 sys=0.00, real=0.03 secs] 
[GC (Allocation Failure) [ParNew: 572127K->68096K(613440K), 0.0592463 secs] 1423302K->961719K(2010624K), 0.0593054 secs] [Times: user=0.20 sys=0.00, real=0.05 secs] 
[GC (Allocation Failure) [ParNew: 613440K->26479K(613440K), 0.0476928 secs] 1507063K->981173K(2010624K), 0.0477576 secs] [Times: user=0.13 sys=0.00, real=0.04 secs] 
[GC (Allocation Failure) [ParNew: 571823K->68096K(613440K), 0.0649037 secs] 1526517K->1063936K(2010624K), 0.0649705 secs] [Times: user=0.25 sys=0.02, real=0.06 secs] 
[GC (Allocation Failure) [ParNew: 613440K->20173K(613440K), 0.0321436 secs] 1609280K->1078627K(2010624K), 0.0322559 secs] [Times: user=0.06 sys=0.00, real=0.03 secs] 
[Full GC (System.gc()) [CMS: 1058454K->748360K(1397184K), 1.5317959 secs] 1428431K->748360K(2010624K), [Metaspace: 9991K->9991K(10240K)], 1.5320538 secs] [Times: user=1.53 sys=0.00, real=1.53 secs] 
[Full GC (System.gc()) [CMS: 748360K->748360K(1397184K), 1.3342373 secs] 748360K->748360K(2010624K), [Metaspace: 9991K->9991K(10240K)], 1.3344086 secs] [Times: user=1.33 sys=0.00, real=1.33 secs] 
[Full GC (System.gc()) [CMS: 748360K->748361K(1397184K), 1.3244565 secs] 759284K->748361K(2010624K), [Metaspace: 9991K->9991K(10240K)]
*** PauseDetector detected a 2862 ms pause at Fri Dec 19 18:09:38 EET 2014 ***

, 1.3246560 secs] [Times: user=1.34 sys=0.00, real=1.33 secs] 
********************************
********** ROUND   61 **********
********************************

*** PauseDetector detected a 1341 ms pause at Fri Dec 19 18:09:40 EET 2014 ***

[GC (Allocation Failure) [ParNew: 545344K->11185K(613440K), 0.0059865 secs] 1293705K->759547K(2010624K), 0.0060347 secs] [Times: user=0.00 sys=0.00, real=0.01 secs] 
[GC (Allocation Failure) [ParNew: 556529K->68096K(613440K), 0.0508686 secs] 1304891K->857148K(2010624K), 0.0509206 secs] [Times: user=0.19 sys=0.00, real=0.05 secs] 
[GC (Allocation Failure) [ParNew: 613440K->32503K(613440K), 0.0319223 secs] 1402492K->884671K(2010624K), 0.0319761 secs] [Times: user=0.14 sys=0.00, real=0.03 secs] 
[GC (Allocation Failure) [ParNew: 577847K->68096K(613440K), 0.1706566 secs] 1430015K->988285K(2010624K), 0.1707054 secs] [Times: user=0.72 sys=0.00, real=0.17 secs] 
[GC (Allocation Failure) [ParNew: 613440K->40905K(613440K), 0.0765137 secs] 1533629K->1025956K(2010624K), 0.0765650 secs] [Times: user=0.33 sys=0.00, real=0.07 secs] 
[GC (Allocation Failure) [ParNew: 586249K->68096K(613440K), 0.1936199 secs] 1571300K->1110404K(2010624K), 0.1936751 secs] [Times: user=0.78 sys=0.00, real=0.19 secs] 
[GC (Allocation Failure) [ParNew: 613440K->27346K(613440K), 0.0677248 secs] 1655748K->1133341K(2010624K), 0.0677729 secs] [Times: user=0.22 sys=0.00, real=0.07 secs] 
[GC (Allocation Failure) [ParNew: 572690K->68096K(613440K), 0.1605954 secs] 1678685K->1228558K(2010624K), 0.1606429 secs] [Times: user=0.67 sys=0.00, real=0.16 secs] 
[GC (CMS Initial Mark) [1 CMS-initial-mark: 1160462K(1397184K)] 1228560K(2010624K), 0.0094350 secs] [Times: user=0.05 sys=0.00, real=0.01 secs] 
[CMS-concurrent-mark-start]
[CMS-concurrent-mark: 1.340/1.340 secs] [Times: user=4.07 sys=0.00, real=1.34 secs] 
[CMS-concurrent-preclean-start]
[CMS-concurrent-preclean: 0.006/0.006 secs] [Times: user=0.00 sys=0.00, real=0.01 secs] 
[CMS-concurrent-abortable-preclean-start]
[GC (Allocation Failure) [ParNew: 613440K->34255K(613440K), 0.0596967 secs] 1773902K->1258374K(2010624K), 0.0597474 secs] [Times: user=0.34 sys=0.00, real=0.06 secs] 
[CMS-concurrent-abortable-preclean: 0.576/1.347 secs] [Times: user=2.78 sys=0.00, real=1.35 secs] 
[GC (CMS Final Remark) [YG occupancy: 353756 K (613440 K)][Rescan (parallel) , 0.0680609 secs][weak refs processing, 0.0000160 secs][class unloading, 0.0053193 secs][scrub symbol table, 0.0010535 secs][scrub string table, 0.0003516 secs][1 CMS-remark: 1224119K(1397184K)] 1577875K(2010624K), 0.0756290 secs] [Times: user=0.23 sys=0.00, real=0.07 secs] 
[CMS-concurrent-sweep-start]
[GC (Allocation Failure) [ParNew: 579599K->68096K(613440K), 0.1369854 secs] 1510995K->1049740K(2010624K), 0.1370368 secs] [Times: user=0.72 sys=0.00, real=0.13 secs] 
[CMS-concurrent-sweep: 0.727/0.864 secs] [Times: user=2.22 sys=0.00, real=0.87 secs] 
[CMS-concurrent-reset-start]
[CMS-concurrent-reset: 0.003/0.003 secs] [Times: user=0.00 sys=0.00, real=0.00 secs] 
[GC (Allocation Failure) [ParNew: 613440K->34210K(613440K), 0.0566941 secs] 1429758K->914211K(2010624K), 0.0567416 secs] [Times: user=0.22 sys=0.00, real=0.05 secs] 
[GC (Allocation Failure) [ParNew: 579554K->68096K(613440K), 0.1270885 secs] 1459555K->998148K(2010624K), 0.1271526 secs] [Times: user=0.51 sys=0.00, real=0.13 secs] 
[GC (Allocation Failure) [ParNew: 613440K->33722K(613440K), 0.0533753 secs] 1543492K->1026285K(2010624K), 0.0534266 secs] [Times: user=0.16 sys=0.00, real=0.05 secs] 
[GC (Allocation Failure) [ParNew: 579066K->68096K(613440K), 0.1162279 secs] 1571629K->1107179K(2010624K), 0.1162779 secs] [Times: user=0.45 sys=0.00, real=0.12 secs] 
[GC (Allocation Failure) [ParNew: 613440K->20509K(613440K), 0.0689643 secs] 1652523K->1123097K(2010624K), 0.0690118 secs] [Times: user=0.17 sys=0.00, real=0.07 secs] 
[GC (Allocation Failure) [ParNew (0: promotion failure size = 4167)  (1: promotion failure size = 33)  (2: promotion failure size = 4167)  (3: promotion failure size = 4167)  (4: promotion failure size = 4167)  (5: promotion failure size = 4167)  (6: promotion failure size = 4167)  (7: promotion failure size = 4167)  (promotion failed): 565853K->613440K(613440K), 4.3585255 secs][CMS: 1122536K->756384K(1397184K), 1.8432566 secs] 1668441K->756384K(2010624K), [Metaspace: 9991K->9991K(10240K)], 6.2018731 secs] [Times: user=6.91 sys=1.12, real=6.19 secs] 

*** PauseDetector detected a 6199 ms pause at Fri Dec 19 18:10:12 EET 2014 ***

[GC (Allocation Failure) [ParNew: 545344K->34268K(613440K), 0.0063311 secs] 1301728K->790653K(2010624K), 0.0063811 secs] [Times: user=0.08 sys=0.00, real=0.01 secs] 
[GC (Allocation Failure) [ParNew: 579612K->68096K(613440K), 0.0915901 secs] 1335997K->870846K(2010624K), 0.0916376 secs] [Times: user=0.33 sys=0.00, real=0.09 secs] 
[GC (Allocation Failure) [ParNew: 613440K->34206K(613440K), 0.0522262 secs] 1416190K->901336K(2010624K), 0.0522756 secs] [Times: user=0.14 sys=0.00, real=0.04 secs] 
[GC (Allocation Failure) [ParNew: 579550K->68096K(613440K), 0.0893831 secs] 1446680K->980712K(2010624K), 0.0894293 secs] [Times: user=0.31 sys=0.00, real=0.08 secs] 
[GC (Allocation Failure) [ParNew: 613440K->34009K(613440K), 0.0441539 secs] 1526056K->1010071K(2010624K), 0.0442046 secs] [Times: user=0.13 sys=0.00, real=0.04 secs] 
[GC (Allocation Failure) [ParNew: 579353K->68096K(613440K), 0.0849267 secs] 1555415K->1087535K(2010624K), 0.0849729 secs] [Times: user=0.34 sys=0.00, real=0.08 secs] 
[GC (Allocation Failure) [ParNew: 613440K->20521K(613440K), 0.0395403 secs] 1632879K->1103393K(2010624K), 0.0395942 secs] [Times: user=0.13 sys=0.00, real=0.03 secs] 
[GC (Allocation Failure) [ParNew: 565865K->68096K(613440K), 0.0776884 secs] 1648737K->1194038K(2010624K), 0.0777359 secs] [Times: user=0.33 sys=0.00, real=0.07 secs] 
[GC (Allocation Failure) [ParNew: 613440K->27424K(613440K), 0.0524283 secs] 1739382K->1216999K(2010624K), 0.0524771 secs] [Times: user=0.19 sys=0.00, real=0.05 secs] 
[GC (CMS Initial Mark) [1 CMS-initial-mark: 1189574K(1397184K)] 1227921K(2010624K), 0.0052661 secs] [Times: user=0.02 sys=0.00, real=0.01 secs] 
[CMS-concurrent-mark-start]
[CMS-concurrent-mark: 1.252/1.252 secs] [Times: user=4.09 sys=0.00, real=1.26 secs] 
[CMS-concurrent-preclean-start]
[CMS-concurrent-preclean: 0.109/0.117 secs] [Times: user=0.25 sys=0.00, real=0.12 secs] 
[CMS-concurrent-abortable-preclean-start]
[GC (Allocation Failure) [ParNew: 572768K->68096K(613440K), 0.0757169 secs] 1762343K->1301681K(2010624K), 0.0757675 secs] [Times: user=0.39 sys=0.00, real=0.07 secs] 
[CMS-concurrent-abortable-preclean: 0.686/1.266 secs] [Times: user=2.31 sys=0.00, real=1.27 secs] 
[GC (CMS Final Remark) [YG occupancy: 408700 K (613440 K)][Rescan (parallel) , 0.0831591 secs][weak refs processing, 0.0000173 secs][class unloading, 0.0053655 secs][scrub symbol table, 0.0010605 secs][scrub string table, 0.0003529 secs][1 CMS-remark: 1233585K(1397184K)] 1642286K(2010624K), 0.0907952 secs] [Times: user=0.41 sys=0.00, real=0.09 secs] 
[CMS-concurrent-sweep-start]
[GC (Allocation Failure) [ParNew: 613440K->33695K(613440K), 0.0356293 secs] 1641730K->1124168K(2010624K), 0.0356812 secs] [Times: user=0.16 sys=0.00, real=0.04 secs] 
[CMS-concurrent-sweep: 0.600/0.636 secs] [Times: user=1.43 sys=0.00, real=0.64 secs] 
[CMS-concurrent-reset-start]
[CMS-concurrent-reset: 0.003/0.003 secs] [Times: user=0.00 sys=0.00, real=0.00 secs] 
[GC (Allocation Failure) [ParNew: 579039K->68096K(613440K), 0.0704110 secs] 1330636K->862218K(2010624K), 0.0704585 secs] [Times: user=0.27 sys=0.00, real=0.07 secs] 
[GC (Allocation Failure) [ParNew: 613440K->34174K(613440K), 0.0410942 secs] 1407562K->891750K(2010624K), 0.0411404 secs] [Times: user=0.13 sys=0.00, real=0.03 secs] 
[GC (Allocation Failure) [ParNew: 579518K->68096K(613440K), 0.0862644 secs] 1437094K->967976K(2010624K), 0.0863163 secs] [Times: user=0.30 sys=0.02, real=0.09 secs] 
[GC (Allocation Failure) [ParNew (0: promotion failure size = 2779)  (1: promotion failure size = 2779)  (2: promotion failure size = 2779)  (3: promotion failure size = 2779)  (4: promotion failure size = 2779)  (5: promotion failure size = 2779)  (6: promotion failure size = 2779)  (7: promotion failure size = 2779)  (promotion failed): 613440K->586411K(613440K), 0.4327911 secs][CMS: 962214K->754086K(1397184K), 1.6110703 secs] 1513320K->754086K(2010624K), [Metaspace: 9991K->9991K(10240K)], 2.0439486 secs]
*** PauseDetector detected a 2043 ms pause at Fri Dec 19 18:10:37 EET 2014 ***

 [Times: user=2.09 sys=0.00, real=2.04 secs] 
[GC (Allocation Failure) [ParNew: 545344K->68096K(613440K), 0.0623599 secs] 1299430K->866719K(2010624K), 0.0624106 secs] [Times: user=0.27 sys=0.00, real=0.06 secs] 
[GC (Allocation Failure) [ParNew: 613440K->20025K(613440K), 0.0397681 secs] 1412063K->880952K(2010624K), 0.0398213 secs] [Times: user=0.13 sys=0.00, real=0.04 secs] 
[GC (Allocation Failure) [ParNew: 565369K->68096K(613440K), 0.0614951 secs] 1426296K->970207K(2010624K), 0.0615425 secs] [Times: user=0.28 sys=0.00, real=0.06 secs] 
[GC (Allocation Failure) [ParNew: 613440K->27381K(613440K), 0.0324541 secs] 1515551K->993101K(2010624K), 0.0326318 secs] [Times: user=0.11 sys=0.00, real=0.03 secs] 
[GC (Allocation Failure) [ParNew: 572725K->68095K(613440K), 0.0626460 secs] 1538445K->1077391K(2010624K), 0.0626961 secs] [Times: user=0.27 sys=0.00, real=0.06 secs] 
[GC (Allocation Failure) [ParNew: 613439K->19938K(613440K), 0.0308983 secs] 1622735K->1090432K(2010624K), 0.0309490 secs] [Times: user=0.06 sys=0.00, real=0.03 secs] 
[GC (Allocation Failure) [ParNew: 565282K->68096K(613440K), 0.0586176 secs] 1635776K->1179500K(2010624K), 0.0586631 secs] [Times: user=0.23 sys=0.00, real=0.05 secs] 
[GC (Allocation Failure) [ParNew: 613440K->27375K(613440K), 0.0448660 secs] 1724844K->1202431K(2010624K), 0.0449135 secs] [Times: user=0.12 sys=0.00, real=0.04 secs] 
[GC (CMS Initial Mark) [1 CMS-initial-mark: 1175056K(1397184K)] 1213415K(2010624K), 0.0026362 secs] [Times: user=0.00 sys=0.00, real=0.00 secs] 
[CMS-concurrent-mark-start]
[CMS-concurrent-mark: 1.153/1.153 secs] [Times: user=3.73 sys=0.02, real=1.16 secs] 
[CMS-concurrent-preclean-start]
[CMS-concurrent-preclean: 0.084/0.090 secs] [Times: user=0.16 sys=0.00, real=0.09 secs] 
[CMS-concurrent-abortable-preclean-start]
[GC (Allocation Failure) [ParNew[CMS-concurrent-abortable-preclean: 0.062/0.374 secs] [Times: user=0.58 sys=0.00, real=0.37 secs] 
: 572719K->68096K(613440K), 0.0610646 secs] 1747775K->1286776K(2010624K), 0.0611133 secs] [Times: user=0.19 sys=0.00, real=0.06 secs] 
[GC (CMS Final Remark) [YG occupancy: 79020 K (613440 K)][Rescan (parallel) , 0.0293521 secs][weak refs processing, 0.0000199 secs][class unloading, 0.0054977 secs][scrub symbol table, 0.0010849 secs][scrub string table, 0.0003484 secs][1 CMS-remark: 1218680K(1397184K)] 1297701K(2010624K), 0.0371338 secs] [Times: user=0.17 sys=0.00, real=0.03 secs] 
[CMS-concurrent-sweep-start]
[CMS-concurrent-sweep: 0.558/0.558 secs] [Times: user=1.14 sys=0.00, real=0.56 secs] 
[CMS-concurrent-reset-start]
[CMS-concurrent-reset: 0.003/0.003 secs] [Times: user=0.00 sys=0.00, real=0.00 secs] 
[GC (Allocation Failure) [ParNew: 613440K->26385K(613440K), 0.0336128 secs] 1301482K->775063K(2010624K), 0.0336564 secs] [Times: user=0.06 sys=0.00, real=0.03 secs] 
[GC (Allocation Failure) [ParNew: 571729K->68096K(613440K), 0.0604345 secs] 1320407K->859337K(2010624K), 0.0604852 secs] [Times: user=0.25 sys=0.00, real=0.06 secs] 
[GC (Allocation Failure) [ParNew: 613440K->26680K(613440K), 0.0312107 secs] 1404681K->879506K(2010624K), 0.0313359 secs] [Times: user=0.06 sys=0.00, real=0.02 secs] 
[GC (Allocation Failure) [ParNew (0: promotion failure size = 89)  (1: promotion failure size = 89)  (2: promotion failure size = 89)  (3: promotion failure size = 89)  (4: promotion failure size = 89)  (5: promotion failure size = 89)  (6: promotion failure size = 89)  (7: promotion failure size = 89)  (promotion failed): 572024K->613440K(613440K), 0.4825992 secs][CMS: 889205K->751270K(1397184K), 1.6847103 secs] 1424850K->751270K(2010624K), [Metaspace: 9991K->9991K(10240K)], 2.1674751 secs] [Times: user=2.29 sys=0.05, real=2.16 secs] 

*** PauseDetector detected a 2163 ms pause at Fri Dec 19 18:10:58 EET 2014 ***

[GC (Allocation Failure) [ParNew: 545344K->27379K(613440K), 0.0071407 secs] 1296614K->778649K(2010624K), 0.0071901 secs] [Times: user=0.00 sys=0.00, real=0.01 secs] 
[GC (Allocation Failure) [ParNew: 572723K->68096K(613440K), 0.0527337 secs] 1323993K->863522K(2010624K), 0.0528543 secs] [Times: user=0.22 sys=0.00, real=0.05 secs] 
[GC (Allocation Failure) [ParNew: 613440K->26244K(613440K), 0.0275441 secs] 1408866K->882372K(2010624K), 0.0275903 secs] [Times: user=0.08 sys=0.00, real=0.03 secs] 
[Full GC (System.gc()) [CMS: 856128K->749876K(1397184K), 1.6419384 secs] 1310893K->749876K(2010624K), [Metaspace: 9991K->9991K(10240K)], 1.6422566 secs] [Times: user=1.64 sys=0.00, real=1.63 secs] 
[Full GC (System.gc()) [CMS: 749876K->749877K(1397184K), 1.6622834 secs] 749878K->749877K(2010624K), [Metaspace: 9991K->9991K(10240K)], 1.6624817 secs] [Times: user=1.67 sys=0.00, real=1.67 secs] 
[Full GC (System.gc()) [CMS: 749877K->749798K(1397184K), 1.3774705 secs] 760771K->749798K(2010624K), [Metaspace: 9991K->9991K(10240K)]
*** PauseDetector detected a 1638 ms pause at Fri Dec 19 18:11:06 EET 2014 ***

, 1.3776451 secs] [Times: user=1.37 sys=0.00, real=1.37 secs] 

*** PauseDetector detected a 3055 ms pause at Fri Dec 19 18:11:09 EET 2014 ***

[GC (Allocation Failure) [ParNew: 545344K->7286K(613440K), 0.0110043 secs] 1295142K->757085K(2010624K), 0.0110794 secs] [Times: user=0.00 sys=0.00, real=0.00 secs] 
[GC (Allocation Failure) [ParNew: 552630K->68096K(613440K), 0.0638073 secs] 1302429K->858995K(2010624K), 0.0638682 secs] [Times: user=0.20 sys=0.00, real=0.06 secs] 
[GC (Allocation Failure) [ParNew: 613440K->32818K(613440K), 0.0396667 secs] 1404339K->886753K(2010624K), 0.0397142 secs] [Times: user=0.11 sys=0.00, real=0.04 secs] 
[GC (Allocation Failure) [ParNew: 578162K->68096K(613440K), 0.0628295 secs] 1432097K->962677K(2010624K), 0.0628911 secs] [Times: user=0.25 sys=0.00, real=0.06 secs] 
[GC (Allocation Failure) [ParNew: 613440K->33793K(613440K), 0.0433423 secs] 1508021K->991898K(2010624K), 0.0434058 secs] [Times: user=0.19 sys=0.00, real=0.04 secs] 
[GC (Allocation Failure) [ParNew: 579137K->68096K(613440K), 0.0614457 secs] 1537242K->1071097K(2010624K), 0.0615047 secs] [Times: user=0.20 sys=0.00, real=0.06 secs] 
[Full GC (System.gc()) [CMS: 1003001K->749962K(1397184K), 1.8649232 secs] 1466034K->749962K(2010624K), [Metaspace: 9991K->9991K(10240K)], 1.8652030 secs] [Times: user=1.86 sys=0.00, real=1.86 secs] 
[Full GC (System.gc()) [CMS: 749962K->749885K(1397184K), 1.3741536 secs] 760912K->749885K(2010624K), [Metaspace: 9991K->9991K(10240K)], 1.3743743 secs] [Times: user=1.37 sys=0.00, real=1.37 secs] 
[Full GC (System.gc()) [CMS: 749885K->745812K(1397184K), 1.3534506 secs] 760833K->745812K(2010624K), [Metaspace: 9991K->9991K(10240K)]
*** PauseDetector detected a 1865 ms pause at Fri Dec 19 18:11:21 EET 2014 ***


*** PauseDetector detected a 2739 ms pause at Fri Dec 19 18:11:23 EET 2014 ***

, 1.3536687 secs] [Times: user=1.36 sys=0.00, real=1.36 secs] 
********************************
********** ROUND   62 **********
********************************
[GC (Allocation Failure) [ParNew: 545344K->68096K(613440K), 0.0498421 secs] 1291156K->858717K(2010624K), 0.0498883 secs] [Times: user=0.22 sys=0.00, real=0.05 secs] 
[GC (Allocation Failure) [ParNew: 613440K->30135K(613440K), 0.0280920 secs] 1404061K->879699K(2010624K), 0.0281421 secs] [Times: user=0.09 sys=0.00, real=0.03 secs] 
[GC (Allocation Failure) [ParNew: 575479K->68096K(613440K), 0.1589453 secs] 1425043K->986053K(2010624K), 0.1589921 secs] [Times: user=0.70 sys=0.00, real=0.15 secs] 
[GC (Allocation Failure) [ParNew: 613440K->34286K(613440K), 0.0784930 secs] 1531397K->1016148K(2010624K), 0.0785404 secs] [Times: user=0.28 sys=0.00, real=0.08 secs] 
[GC (Allocation Failure) [ParNew: 579630K->68096K(613440K), 0.1875557 secs] 1561492K->1107140K(2010624K), 0.1876109 secs] [Times: user=0.89 sys=0.00, real=0.18 secs] 
[GC (Allocation Failure) [ParNew: 613440K->20490K(613440K), 0.0699112 secs] 1652484K->1123408K(2010624K), 0.0699722 secs] [Times: user=0.26 sys=0.00, real=0.07 secs] 
[GC (Allocation Failure) [ParNew: 565834K->68096K(613440K), 0.1662002 secs] 1668752K->1226113K(2010624K), 0.1662554 secs] [Times: user=0.73 sys=0.00, real=0.17 secs] 
[GC (Allocation Failure) [ParNew: 613440K->40654K(613440K), 0.0677273 secs] 1771457K->1261549K(2010624K), 0.0677742 secs] [Times: user=0.26 sys=0.00, real=0.06 secs] 
[GC (CMS Initial Mark) [1 CMS-initial-mark: 1220895K(1397184K)] 1261551K(2010624K), 0.0034042 secs] [Times: user=0.00 sys=0.00, real=0.00 secs] 
[CMS-concurrent-mark-start]
[CMS-concurrent-mark: 1.192/1.192 secs] [Times: user=4.17 sys=0.01, real=1.20 secs] 
[CMS-concurrent-preclean-start]
[CMS-concurrent-preclean: 0.237/0.249 secs] [Times: user=0.50 sys=0.00, real=0.25 secs] 
[CMS-concurrent-abortable-preclean-start]
[GC (Allocation Failure) [ParNew[CMS-concurrent-abortable-preclean: 0.060/0.443 secs] [Times: user=0.81 sys=0.00, real=0.44 secs] 
: 585998K->68096K(613440K), 0.1485037 secs] 1806893K->1339308K(2010624K), 0.1485582 secs] [Times: user=0.67 sys=0.00, real=0.15 secs] 
[GC (CMS Final Remark) [YG occupancy: 79046 K (613440 K)][Rescan (parallel) , 0.0885785 secs][weak refs processing, 0.0000212 secs][class unloading, 0.0060199 secs][scrub symbol table, 0.0011401 secs][scrub string table, 0.0003509 secs][1 CMS-remark: 1271212K(1397184K)] 1350259K(2010624K), 0.0969440 secs] [Times: user=0.53 sys=0.00, real=0.09 secs] 
[CMS-concurrent-sweep-start]
[CMS-concurrent-sweep: 0.861/0.861 secs] [Times: user=1.73 sys=0.00, real=0.87 secs] 
[CMS-concurrent-reset-start]
[CMS-concurrent-reset: 0.003/0.003 secs] [Times: user=0.00 sys=0.00, real=0.00 secs] 
[GC (Allocation Failure) [ParNew: 613440K->34171K(613440K), 0.0604544 secs] 1311458K->798390K(2010624K), 0.0605025 secs] [Times: user=0.20 sys=0.00, real=0.06 secs] 
[GC (Allocation Failure) [ParNew: 579515K->68096K(613440K), 0.1251464 secs] 1343734K->881325K(2010624K), 0.1251914 secs] [Times: user=0.55 sys=0.00, real=0.13 secs] 
[GC (Allocation Failure) [ParNew: 613440K->27352K(613440K), 0.0513864 secs] 1426669K->904134K(2010624K), 0.0514358 secs] [Times: user=0.17 sys=0.00, real=0.04 secs] 
[GC (Allocation Failure) [ParNew (6: promotion failure size = 4167)  (promotion failed): 572696K->613440K(613440K), 0.2365259 secs][CMS: 923278K->757045K(1397184K), 2.2167301 secs] 1449478K->757045K(2010624K), [Metaspace: 9991K->9991K(10240K)]
*** PauseDetector detected a 2452 ms pause at Fri Dec 19 18:11:47 EET 2014 ***

, 2.4533234 secs] [Times: user=2.79 sys=0.02, real=2.45 secs] 
[GC (Allocation Failure) [ParNew: 545344K->27415K(613440K), 0.0072947 secs] 1302389K->784460K(2010624K), 0.0073409 secs] [Times: user=0.00 sys=0.00, real=0.01 secs] 
[GC (Allocation Failure) [ParNew: 572759K->68096K(613440K), 0.1000037 secs] 1329804K->872640K(2010624K), 0.1000506 secs] [Times: user=0.38 sys=0.00, real=0.09 secs] 
[GC (Allocation Failure) [ParNew: 613440K->34068K(613440K), 0.0469852 secs] 1417984K->902675K(2010624K), 0.0470448 secs] [Times: user=0.14 sys=0.00, real=0.05 secs] 
[GC (Allocation Failure) [ParNew: 579412K->68096K(613440K), 0.0920610 secs] 1448019K->983558K(2010624K), 0.0921117 secs] [Times: user=0.42 sys=0.00, real=0.09 secs] 
[GC (Allocation Failure) [ParNew: 613440K->26884K(613440K), 0.0434392 secs] 1528902K->1004705K(2010624K), 0.0435053 secs] [Times: user=0.13 sys=0.00, real=0.03 secs] 
[GC (Allocation Failure) [ParNew: 572228K->68096K(613440K), 0.0864549 secs] 1550049K->1090704K(2010624K), 0.0865043 secs] [Times: user=0.34 sys=0.00, real=0.08 secs] 
[GC (Allocation Failure) [ParNew: 613440K->20546K(613440K), 0.0450252 secs] 1636048K->1106786K(2010624K), 0.0450726 secs] [Times: user=0.13 sys=0.00, real=0.05 secs] 
[GC (Allocation Failure) [ParNew: 565890K->68096K(613440K), 0.0810792 secs] 1652130K->1197633K(2010624K), 0.0811247 secs] [Times: user=0.30 sys=0.00, real=0.08 secs] 
[GC (Allocation Failure) [ParNew: 613440K->27427K(613440K), 0.0372801 secs] 1742977K->1220636K(2010624K), 0.0374366 secs] [Times: user=0.09 sys=0.00, real=0.03 secs] 
[GC (CMS Initial Mark) [1 CMS-initial-mark: 1193209K(1397184K)] 1231586K(2010624K), 0.0042466 secs] [Times: user=0.00 sys=0.00, real=0.00 secs] 
[CMS-concurrent-mark-start]
[CMS-concurrent-mark: 1.141/1.141 secs] [Times: user=3.73 sys=0.00, real=1.15 secs] 
[CMS-concurrent-preclean-start]
[CMS-concurrent-preclean: 0.137/0.146 secs] [Times: user=0.28 sys=0.00, real=0.15 secs] 
[CMS-concurrent-abortable-preclean-start]
[GC (Allocation Failure) [ParNew[CMS-concurrent-abortable-preclean: 0.059/0.364 secs] [Times: user=0.64 sys=0.00, real=0.36 secs] 
: 572771K->68096K(613440K), 0.0823078 secs] 1765980K->1305262K(2010624K), 0.0823565 secs] [Times: user=0.34 sys=0.00, real=0.08 secs] 
[GC (CMS Final Remark) [YG occupancy: 79044 K (613440 K)][Rescan (parallel) , 0.0431178 secs][weak refs processing, 0.0000148 secs][class unloading, 0.0054624 secs][scrub symbol table, 0.0010528 secs][scrub string table, 0.0003509 secs][1 CMS-remark: 1237166K(1397184K)] 1316210K(2010624K), 0.0508237 secs] [Times: user=0.25 sys=0.00, real=0.05 secs] 
[CMS-concurrent-sweep-start]
[CMS-concurrent-sweep: 0.660/0.660 secs] [Times: user=1.33 sys=0.00, real=0.67 secs] 
[CMS-concurrent-reset-start]
[CMS-concurrent-reset: 0.003/0.003 secs] [Times: user=0.00 sys=0.00, real=0.00 secs] 
[GC (Allocation Failure) [ParNew: 613440K->27078K(613440K), 0.0364595 secs] 1302917K->779087K(2010624K), 0.0366128 secs] [Times: user=0.16 sys=0.00, real=0.03 secs] 
[GC (Allocation Failure) [ParNew: 572422K->68096K(613440K), 0.0761833 secs] 1324431K->862860K(2010624K), 0.0762321 secs] [Times: user=0.31 sys=0.00, real=0.08 secs] 
[GC (Allocation Failure) [ParNew: 613440K->27400K(613440K), 0.0436073 secs] 1408204K->885626K(2010624K), 0.0436573 secs] [Times: user=0.14 sys=0.00, real=0.04 secs] 
[GC (Allocation Failure) [ParNew (1: promotion failure size = 2779)  (2: promotion failure size = 2779)  (3: promotion failure size = 2779)  (4: promotion failure size = 2779)  (5: promotion failure size = 2779)  (6: promotion failure size = 2779)  (7: promotion failure size = 2779)  (promotion failed): 572744K->613440K(613440K), 0.2402971 secs][CMS: 900533K->753138K(1397184K), 1.7363335 secs] 1430970K->753138K(2010624K), [Metaspace: 9991K->9991K(10240K)], 1.9768070 secs]
*** PauseDetector detected a 1971 ms pause at Fri Dec 19 18:12:11 EET 2014 ***

 [Times: user=2.22 sys=0.00, real=1.97 secs] 
[GC (Allocation Failure) [ParNew: 545344K->41142K(613440K), 0.0058082 secs] 1298482K->794281K(2010624K), 0.0058602 secs] [Times: user=0.00 sys=0.00, real=0.01 secs] 
[GC (Allocation Failure) [ParNew: 586486K->68096K(613440K), 0.0645919 secs] 1339625K->864854K(2010624K), 0.0646401 secs] [Times: user=0.22 sys=0.00, real=0.06 secs] 
[GC (Allocation Failure) [ParNew: 613440K->27117K(613440K), 0.0355632 secs] 1410198K->886998K(2010624K), 0.0356132 secs] [Times: user=0.13 sys=0.00, real=0.03 secs] 
[GC (Allocation Failure) [ParNew: 572461K->68096K(613440K), 0.0645008 secs] 1432342K->970271K(2010624K), 0.0645502 secs] [Times: user=0.22 sys=0.00, real=0.06 secs] 
[GC (Allocation Failure) [ParNew: 613440K->27408K(613440K), 0.0373718 secs] 1515615K->993417K(2010624K), 0.0374193 secs] [Times: user=0.13 sys=0.00, real=0.03 secs] 
[GC (Allocation Failure) [ParNew: 572752K->68096K(613440K), 0.0625588 secs] 1538761K->1075708K(2010624K), 0.0626056 secs] [Times: user=0.25 sys=0.00, real=0.06 secs] 
[GC (Allocation Failure) [ParNew: 613440K->20451K(613440K), 0.0331669 secs] 1621052K->1091189K(2010624K), 0.0332208 secs] [Times: user=0.12 sys=0.00, real=0.03 secs] 
[GC (Allocation Failure) [ParNew: 565795K->68096K(613440K), 0.0632055 secs] 1636533K->1181625K(2010624K), 0.0632523 secs] [Times: user=0.28 sys=0.00, real=0.06 secs] 
[GC (Allocation Failure) [ParNew: 613440K->20085K(613440K), 0.0327037 secs] 1726969K->1195395K(2010624K), 0.0327480 secs] [Times: user=0.13 sys=0.00, real=0.03 secs] 
[GC (CMS Initial Mark) [1 CMS-initial-mark: 1175310K(1397184K)] 1206346K(2010624K), 0.0040849 secs] [Times: user=0.00 sys=0.00, real=0.00 secs] 
[CMS-concurrent-mark-start]
[CMS-concurrent-mark: 1.219/1.219 secs] [Times: user=3.87 sys=0.00, real=1.23 secs] 
[CMS-concurrent-preclean-start]
[CMS-concurrent-preclean: 0.090/0.096 secs] [Times: user=0.22 sys=0.02, real=0.10 secs] 
[CMS-concurrent-abortable-preclean-start]
[GC (Allocation Failure) [ParNew: 565429K->68096K(613440K), 0.0555637 secs] 1740739K->1284379K(2010624K), 0.0556124 secs] [Times: user=0.33 sys=0.00, real=0.05 secs] 
[CMS-concurrent-abortable-preclean: 0.700/1.363 secs] [Times: user=2.36 sys=0.00, real=1.36 secs] 
[GC (CMS Final Remark) [YG occupancy: 475189 K (613440 K)][Rescan (parallel) , 0.1126928 secs][weak refs processing, 0.0000154 secs][class unloading, 0.0054066 secs][scrub symbol table, 0.0010515 secs][scrub string table, 0.0003516 secs][1 CMS-remark: 1216283K(1397184K)] 1691473K(2010624K), 0.1203378 secs] [Times: user=0.47 sys=0.00, real=0.12 secs] 
[CMS-concurrent-sweep-start]
[GC (Allocation Failure) [ParNew: 613440K->34233K(613440K), 0.0355439 secs] 1829723K->1313964K(2010624K), 0.0355940 secs] [Times: user=0.09 sys=0.02, real=0.03 secs] 
[CMS-concurrent-sweep: 0.603/0.639 secs] [Times: user=1.45 sys=0.02, real=0.64 secs] 
[CMS-concurrent-reset-start]
[CMS-concurrent-reset: 0.004/0.004 secs] [Times: user=0.05 sys=0.00, real=0.01 secs] 
[GC (Allocation Failure) [ParNew: 579577K->68096K(613440K), 0.0593066 secs] 1328248K->860645K(2010624K), 0.0593573 secs] [Times: user=0.20 sys=0.00, real=0.06 secs] 
[GC (Allocation Failure) [ParNew: 613440K->19680K(613440K), 0.0293348 secs] 1405989K->872622K(2010624K), 0.0293874 secs] [Times: user=0.06 sys=0.00, real=0.03 secs] 
[GC (Allocation Failure) [ParNew: 565024K->68096K(613440K), 0.0742906 secs] 1417966K->961725K(2010624K), 0.0743433 secs] [Times: user=0.25 sys=0.00, real=0.07 secs] 
[GC (Allocation Failure) [ParNew (0: promotion failure size = 1854)  (1: promotion failure size = 1854)  (2: promotion failure size = 1854)  (3: promotion failure size = 1854)  (4: promotion failure size = 1854)  (5: promotion failure size = 1854)  (6: promotion failure size = 1854)  (7: promotion failure size = 1854)  (promotion failed): 613440K->565858K(613440K), 1.3648700 secs][CMS
*** PauseDetector detected a 2933 ms pause at Fri Dec 19 18:12:36 EET 2014 ***

: 941467K->752527K(1397184K), 1.5661420 secs] 1507069K->752527K(2010624K), [Metaspace: 9991K->9991K(10240K)], 2.9310781 secs] [Times: user=3.07 sys=0.17, real=2.93 secs] 
[GC (Allocation Failure) [ParNew: 545344K->68096K(613440K), 0.0544730 secs] 1297871K->862883K(2010624K), 0.0545205 secs] [Times: user=0.20 sys=0.00, real=0.05 secs] 
[GC (Allocation Failure) [ParNew: 613440K->26975K(613440K), 0.0399201 secs] 1408227K->884411K(2010624K), 0.0399715 secs] [Times: user=0.17 sys=0.00, real=0.04 secs] 
[GC (Allocation Failure) [ParNew: 572319K->68096K(613440K), 0.0533817 secs] 1429755K->966446K(2010624K), 0.0534394 secs] [Times: user=0.20 sys=0.00, real=0.05 secs] 
[GC (Allocation Failure) [ParNew: 613440K->27280K(613440K), 0.0352514 secs] 1511790K->988850K(2010624K), 0.0354105 secs] [Times: user=0.14 sys=0.00, real=0.03 secs] 
[GC (Allocation Failure) [ParNew: 572624K->68096K(613440K), 0.0539277 secs] 1534194K->1071900K(2010624K), 0.0539719 secs] [Times: user=0.22 sys=0.00, real=0.05 secs] 
[Full GC (System.gc()) [CMS: 1003804K->750616K(1397184K), 1.7891005 secs] 1468045K->750616K(2010624K), [Metaspace: 9991K->9991K(10240K)], 1.7893373 secs] [Times: user=1.79 sys=0.00, real=1.79 secs] 
[Full GC (System.gc()) [CMS: 750616K->750538K(1397184K), 1.2944731 secs] 750616K->750538K(2010624K), [Metaspace: 9991K->9991K(10240K)], 1.2946700 secs] [Times: user=1.30 sys=0.00, real=1.30 secs] 
[Full GC (System.gc()) [CMS: 750538K->750538K(1397184K), 1.3168666 secs] 750540K->750538K(2010624K), [Metaspace: 9991K->9991K(10240K)]
*** PauseDetector detected a 3088 ms pause at Fri Dec 19 18:12:47 EET 2014 ***

, 1.3170822 secs] [Times: user=1.31 sys=0.00, real=1.31 secs] 

*** PauseDetector detected a 1323 ms pause at Fri Dec 19 18:12:49 EET 2014 ***

[GC (Allocation Failure) [ParNew: 545344K->68096K(613440K), 0.0627551 secs] 1295882K->859030K(2010624K), 0.0628161 secs] [Times: user=0.25 sys=0.00, real=0.06 secs] 
[GC (Allocation Failure) [ParNew: 613440K->32210K(613440K), 0.0290358 secs] 1404374K->886794K(2010624K), 0.0291583 secs] [Times: user=0.13 sys=0.00, real=0.03 secs] 
[GC (Allocation Failure) [ParNew: 577554K->68096K(613440K), 0.0588376 secs] 1432138K->967889K(2010624K), 0.0589012 secs] [Times: user=0.25 sys=0.00, real=0.06 secs] 
[GC (Allocation Failure) [ParNew: 613440K->25730K(613440K), 0.0327659 secs] 1513233K->983814K(2010624K), 0.0328487 secs] [Times: user=0.13 sys=0.00, real=0.03 secs] 
[GC (Allocation Failure) [ParNew: 571074K->68096K(613440K), 0.0635725 secs] 1529158K->1068217K(2010624K), 0.0636360 secs] [Times: user=0.19 sys=0.00, real=0.06 secs] 
[GC (Allocation Failure) [ParNew: 613440K->26487K(613440K), 0.0374186 secs] 1613561K->1087767K(2010624K), 0.0374931 secs] [Times: user=0.09 sys=0.00, real=0.03 secs] 
[Full GC (System.gc()) [CMS: 1061279K->748618K(1397184K), 1.6193877 secs] 1469775K->748618K(2010624K), [Metaspace: 9991K->9991K(10240K)], 1.6196154 secs] [Times: user=1.62 sys=0.00, real=1.62 secs] 
[Full GC (System.gc()) [CMS: 748618K->748619K(1397184K), 1.2560376 secs] 759532K->748619K(2010624K), [Metaspace: 9991K->9991K(10240K)], 1.2562371 secs] [Times: user=1.25 sys=0.00, real=1.25 secs] 
[Full GC (System.gc()) [CMS: 748619K->748619K(1397184K), 1.2783804 secs] 748619K->748619K(2010624K), [Metaspace: 9991K->9991K(10240K)]
*** PauseDetector detected a 1622 ms pause at Fri Dec 19 18:13:00 EET 2014 ***


*** PauseDetector detected a 2541 ms pause at Fri Dec 19 18:13:03 EET 2014 ***

, 1.2785729 secs] [Times: user=1.28 sys=0.00, real=1.28 secs] 
********************************
********** ROUND   63 **********
********************************
[GC (Allocation Failure) [ParNew: 545344K->7354K(613440K), 0.0069733 secs] 1293963K->755973K(2010624K), 0.0070188 secs] [Times: user=0.06 sys=0.00, real=0.01 secs] 
[GC (Allocation Failure) [ParNew: 552698K->68096K(613440K), 0.1566446 secs] 1301317K->885405K(2010624K), 0.1566966 secs] [Times: user=0.76 sys=0.00, real=0.15 secs] 
[GC (Allocation Failure) [ParNew: 613440K->26293K(613440K), 0.0856433 secs] 1430749K->908253K(2010624K), 0.0856921 secs] [Times: user=0.30 sys=0.00, real=0.08 secs] 
[GC (Allocation Failure) [ParNew: 571637K->68096K(613440K), 0.1876577 secs] 1453597K->1007099K(2010624K), 0.1877116 secs] [Times: user=0.86 sys=0.00, real=0.19 secs] 
[GC (Allocation Failure) [ParNew: 613440K->20502K(613440K), 0.0768063 secs] 1552443K->1023615K(2010624K), 0.0768582 secs] [Times: user=0.28 sys=0.00, real=0.07 secs] 
[GC (Allocation Failure) [ParNew: 565846K->68096K(613440K), 0.1585462 secs] 1568959K->1125470K(2010624K), 0.1585969 secs] [Times: user=0.72 sys=0.00, real=0.16 secs] 
[GC (Allocation Failure) [ParNew: 613440K->27421K(613440K), 0.0609388 secs] 1670814K->1148495K(2010624K), 0.0609914 secs] [Times: user=0.20 sys=0.00, real=0.06 secs] 
[GC (Allocation Failure) [ParNew: 572765K->68096K(613440K), 0.1394908 secs] 1693839K->1239345K(2010624K), 0.1395434 secs] [Times: user=0.70 sys=0.00, real=0.14 secs] 
[GC (CMS Initial Mark) [1 CMS-initial-mark: 1171249K(1397184K)] 1250259K(2010624K), 0.0085265 secs] [Times: user=0.00 sys=0.00, real=0.00 secs] 
[CMS-concurrent-mark-start]
[CMS-concurrent-mark: 1.162/1.162 secs] [Times: user=3.52 sys=0.00, real=1.17 secs] 
[CMS-concurrent-preclean-start]
[CMS-concurrent-preclean: 0.005/0.005 secs] [Times: user=0.03 sys=0.00, real=0.01 secs] 
[CMS-concurrent-abortable-preclean-start]
[GC (Allocation Failure) [ParNew: 613440K->34283K(613440K), 0.0625306 secs] 1784689K->1269157K(2010624K), 0.0625800 secs] [Times: user=0.23 sys=0.00, real=0.06 secs] 
[CMS-concurrent-abortable-preclean: 0.726/1.498 secs] [Times: user=2.87 sys=0.00, real=1.50 secs] 
[GC (CMS Final Remark) [YG occupancy: 396897 K (613440 K)][Rescan (parallel) , 0.0575558 secs][weak refs processing, 0.0000199 secs][class unloading, 0.0053995 secs][scrub symbol table, 0.0013229 secs][scrub string table, 0.0004684 secs][1 CMS-remark: 1234874K(1397184K)] 1631771K(2010624K), 0.0656717 secs] [Times: user=0.33 sys=0.00, real=0.06 secs] 
[CMS-concurrent-sweep-start]
[GC (Allocation Failure) [ParNew: 579627K->68096K(613440K), 0.1246505 secs] 1692842K->1230296K(2010624K), 0.1247018 secs] [Times: user=0.64 sys=0.00, real=0.12 secs] 
[CMS-concurrent-sweep: 0.789/0.914 secs] [Times: user=2.26 sys=0.00, real=0.92 secs] 
[CMS-concurrent-reset-start]
[CMS-concurrent-reset: 0.003/0.003 secs] [Times: user=0.00 sys=0.00, real=0.00 secs] 
[GC (Allocation Failure) [ParNew: 613440K->47908K(613440K), 0.0590391 secs] 1424398K->922444K(2010624K), 0.0590866 secs] [Times: user=0.14 sys=0.00, real=0.05 secs] 
[GC (Allocation Failure) [ParNew: 593252K->68096K(613440K), 0.1182572 secs] 1467788K->989635K(2010624K), 0.1183040 secs] [Times: user=0.50 sys=0.00, real=0.11 secs] 
[GC (Allocation Failure) [ParNew: 613440K->27192K(613440K), 0.0554816 secs] 1534979K->1011771K(2010624K), 0.0555278 secs] [Times: user=0.17 sys=0.00, real=0.05 secs] 
[GC (Allocation Failure) [ParNew: 572536K->68096K(613440K), 0.1081806 secs] 1557115K->1098463K(2010624K), 0.1082300 secs] [Times: user=0.47 sys=0.00, real=0.11 secs] 
[GC (Allocation Failure) [ParNew (1: promotion failure size = 4167)  (3: promotion failure size = 4167)  (6: promotion failure size = 4167)  (promotion failed): 613440K->586454K(613440K), 0.1703878 secs][CMS: 1093808K->757631K(1397184K), 1.7480923 secs] 1643807K->757631K(2010624K), [Metaspace: 9991K->9991K(10240K)], 1.9186475 secs] [Times: user=2.04 sys=0.00, real=1.91 secs] 

*** PauseDetector detected a 1910 ms pause at Fri Dec 19 18:13:29 EET 2014 ***

[GC (Allocation Failure) [ParNew: 545344K->68096K(613440K), 0.0901106 secs] 1302975K->872066K(2010624K), 0.0901613 secs] [Times: user=0.37 sys=0.00, real=0.08 secs] 
[GC (Allocation Failure) [ParNew: 613440K->34215K(613440K), 0.0469428 secs] 1417410K->902631K(2010624K), 0.0469935 secs] [Times: user=0.14 sys=0.00, real=0.05 secs] 
[GC (Allocation Failure) [ParNew: 579559K->68096K(613440K), 0.0856972 secs] 1447975K->982889K(2010624K), 0.0857492 secs] [Times: user=0.34 sys=0.00, real=0.08 secs] 
[GC (Allocation Failure) [ParNew: 613440K->20136K(613440K), 0.0401357 secs] 1528233K->997179K(2010624K), 0.0402525 secs] [Times: user=0.13 sys=0.00, real=0.03 secs] 
[GC (Allocation Failure) [ParNew: 565480K->68096K(613440K), 0.0796144 secs] 1542523K->1088527K(2010624K), 0.0796613 secs] [Times: user=0.27 sys=0.01, real=0.08 secs] 
[GC (Allocation Failure) [ParNew: 613440K->20544K(613440K), 0.0408132 secs] 1633871K->1104487K(2010624K), 0.0408620 secs] [Times: user=0.12 sys=0.00, real=0.04 secs] 
[GC (Allocation Failure) [ParNew: 565888K->68096K(613440K), 0.0772182 secs] 1649831K->1195067K(2010624K), 0.0772701 secs] [Times: user=0.28 sys=0.00, real=0.07 secs] 
[GC (Allocation Failure) [ParNew: 613440K->27427K(613440K), 0.0372319 secs] 1740411K->1217882K(2010624K), 0.0372762 secs] [Times: user=0.12 sys=0.00, real=0.03 secs] 
[GC (CMS Initial Mark) [1 CMS-initial-mark: 1190454K(1397184K)] 1228796K(2010624K), 0.0038963 secs] [Times: user=0.02 sys=0.00, real=0.01 secs] 
[CMS-concurrent-mark-start]
[CMS-concurrent-mark: 1.105/1.105 secs] [Times: user=3.60 sys=0.00, real=1.11 secs] 
[CMS-concurrent-preclean-start]
[CMS-concurrent-preclean: 0.118/0.127 secs] [Times: user=0.25 sys=0.00, real=0.13 secs] 
[CMS-concurrent-abortable-preclean-start]
[GC (Allocation Failure) [ParNew[CMS-concurrent-abortable-preclean: 0.056/0.370 secs] [Times: user=0.50 sys=0.00, real=0.37 secs] 
: 572771K->68096K(613440K), 0.0780195 secs] 1763226K->1302611K(2010624K), 0.0780702 secs] [Times: user=0.34 sys=0.00, real=0.07 secs] 
[GC (CMS Final Remark) [YG occupancy: 79009 K (613440 K)][Rescan (parallel) , 0.0406656 secs][weak refs processing, 0.0000154 secs][class unloading, 0.0058383 secs][scrub symbol table, 0.0012062 secs][scrub string table, 0.0003561 secs][1 CMS-remark: 1234515K(1397184K)] 1313525K(2010624K), 0.0489048 secs] [Times: user=0.23 sys=0.00, real=0.05 secs] 
[CMS-concurrent-sweep-start]
[CMS-concurrent-sweep: 0.617/0.617 secs] [Times: user=1.25 sys=0.00, real=0.62 secs] 
[CMS-concurrent-reset-start]
[CMS-concurrent-reset: 0.003/0.003 secs] [Times: user=0.00 sys=0.00, real=0.00 secs] 
[GC (Allocation Failure) [ParNew: 613440K->33671K(613440K), 0.0375405 secs] 1302513K->784878K(2010624K), 0.0375925 secs] [Times: user=0.13 sys=0.00, real=0.03 secs] 
[GC (Allocation Failure) [ParNew: 579015K->68096K(613440K), 0.0711668 secs] 1330222K->863645K(2010624K), 0.0712181 secs] [Times: user=0.30 sys=0.00, real=0.07 secs] 
[GC (Allocation Failure) [ParNew: 613440K->33340K(613440K), 0.0331477 secs] 1408989K->890601K(2010624K), 0.0333042 secs] [Times: user=0.12 sys=0.00, real=0.03 secs] 
[GC (Allocation Failure) [ParNew (0: promotion failure size = 2779)  (1: promotion failure size = 2779)  (2: promotion failure size = 2779)  (3: promotion failure size = 2779)  (4: promotion failure size = 2779)  (5: promotion failure size = 2779)  (6: promotion failure size = 2779)  (7: promotion failure size = 2779)  (promotion failed): 578684K->613440K(613440K), 0.1978639 secs][CMS: 899273K->752862K(1397184K), 1.7910496 secs] 1435945K->752862K(2010624K), [Metaspace: 9991K->9991K(10240K)]
*** PauseDetector detected a 1989 ms pause at Fri Dec 19 18:13:51 EET 2014 ***

, 1.9889835 secs] [Times: user=2.22 sys=0.00, real=1.99 secs] 
[GC (Allocation Failure) [ParNew: 545344K->27336K(613440K), 0.0066846 secs] 1298206K->780198K(2010624K), 0.0067308 secs] [Times: user=0.02 sys=0.00, real=0.01 secs] 
[GC (Allocation Failure) [ParNew: 572680K->68096K(613440K), 0.0609965 secs] 1325542K->864381K(2010624K), 0.0610434 secs] [Times: user=0.22 sys=0.00, real=0.06 secs] 
[GC (Allocation Failure) [ParNew: 613440K->33929K(613440K), 0.0403647 secs] 1409725K->893517K(2010624K), 0.0404828 secs] [Times: user=0.14 sys=0.02, real=0.04 secs] 
[GC (Allocation Failure) [ParNew: 579273K->68096K(613440K), 0.0633235 secs] 1438861K->969803K(2010624K), 0.0633717 secs] [Times: user=0.25 sys=0.00, real=0.06 secs] 
[GC (Allocation Failure) [ParNew: 613440K->33860K(613440K), 0.0325176 secs] 1515147K->998462K(2010624K), 0.0325677 secs] [Times: user=0.08 sys=0.00, real=0.03 secs] 
[GC (Allocation Failure) [ParNew: 579204K->68096K(613440K), 0.0608304 secs] 1543806K->1074800K(2010624K), 0.0609446 secs] [Times: user=0.19 sys=0.00, real=0.06 secs] 
[GC (Allocation Failure) [ParNew: 613440K->26991K(613440K), 0.0309310 secs] 1620144K->1096341K(2010624K), 0.0309779 secs] [Times: user=0.06 sys=0.00, real=0.03 secs] 
[GC (Allocation Failure) [ParNew: 572335K->68096K(613440K), 0.0598860 secs] 1641685K->1180452K(2010624K), 0.0599302 secs] [Times: user=0.28 sys=0.00, real=0.05 secs] 
[GC (Allocation Failure) [ParNew: 613440K->33293K(613440K), 0.0303972 secs] 1725796K->1207021K(2010624K), 0.0304479 secs] [Times: user=0.12 sys=0.00, real=0.03 secs] 
[GC (CMS Initial Mark) [1 CMS-initial-mark: 1173727K(1397184K)] 1207081K(2010624K), 0.0048503 secs] [Times: user=0.00 sys=0.00, real=0.01 secs] 
[CMS-concurrent-mark-start]
[CMS-concurrent-mark: 1.182/1.182 secs] [Times: user=3.81 sys=0.00, real=1.18 secs] 
[CMS-concurrent-preclean-start]
[CMS-concurrent-preclean: 0.079/0.084 secs] [Times: user=0.19 sys=0.00, real=0.08 secs] 
[CMS-concurrent-abortable-preclean-start]
[GC (Allocation Failure) [ParNew: 578637K->68096K(613440K), 0.0606212 secs] 1752365K->1284480K(2010624K), 0.0606700 secs] [Times: user=0.20 sys=0.00, real=0.05 secs] 
[CMS-concurrent-abortable-preclean: 0.659/1.247 secs] [Times: user=2.11 sys=0.00, real=1.25 secs] 
[GC (CMS Final Remark) [YG occupancy: 418941 K (613440 K)][Rescan (parallel) , 0.0841048 secs][weak refs processing, 0.0000205 secs][class unloading, 0.0059031 secs][scrub symbol table, 0.0010573 secs][scrub string table, 0.0003509 secs][1 CMS-remark: 1216384K(1397184K)] 1635326K(2010624K), 0.0922747 secs] [Times: user=0.44 sys=0.00, real=0.09 secs] 
[CMS-concurrent-sweep-start]
[GC (Allocation Failure) [ParNew: 613440K->33319K(613440K), 0.0366661 secs] 1631937K->1113435K(2010624K), 0.0367174 secs] [Times: user=0.14 sys=0.00, real=0.03 secs] 
[CMS-concurrent-sweep: 0.556/0.593 secs] [Times: user=1.31 sys=0.00, real=0.60 secs] 
[CMS-concurrent-reset-start]
[CMS-concurrent-reset: 0.004/0.004 secs] [Times: user=0.00 sys=0.00, real=0.00 secs] 
[GC (Allocation Failure) [ParNew: 578663K->68096K(613440K), 0.0587716 secs] 1327254K->861146K(2010624K), 0.0588190 secs] [Times: user=0.20 sys=0.00, real=0.06 secs] 
[GC (Allocation Failure) [ParNew: 613440K->25916K(613440K), 0.0301438 secs] 1406490K->878716K(2010624K), 0.0301971 secs] [Times: user=0.13 sys=0.00, real=0.03 secs] 
[GC (Allocation Failure) [ParNew: 571260K->68096K(613440K), 0.0652027 secs] 1424060K->961526K(2010624K), 0.0652560 secs] [Times: user=0.23 sys=0.00, real=0.06 secs] 
[GC (Allocation Failure) [ParNew (0: promotion failure size = 1854)  (1: promotion failure size = 1854)  (2: promotion failure size = 1854)  (3: promotion failure size = 1854)  (4: promotion failure size = 89)  (5: promotion failure size = 1854)  (6: promotion failure size = 1854)  (7: promotion failure size = 1854)  (promotion failed): 613440K->579506K(613440K), 0.6883417 secs][CMS: 945420K->752428K(1397184K), 1.6421527 secs] 1506870K->752428K(2010624K), [Metaspace: 9991K->9991K(10240K)], 2.3305592 secs] [Times: user=2.39 sys=0.22, real=2.33 secs] 

*** PauseDetector detected a 2329 ms pause at Fri Dec 19 18:14:16 EET 2014 ***

[GC (Allocation Failure) [ParNew: 545344K->68096K(613440K), 0.0536980 secs] 1297772K->864113K(2010624K), 0.0537493 secs] [Times: user=0.22 sys=0.00, real=0.05 secs] 
[GC (Allocation Failure) [ParNew: 613440K->26392K(613440K), 0.0289569 secs] 1409457K->883584K(2010624K), 0.0290108 secs] [Times: user=0.06 sys=0.00, real=0.02 secs] 
[GC (Allocation Failure) [ParNew: 571736K->68096K(613440K), 0.0540072 secs] 1428928K->969731K(2010624K), 0.0540528 secs] [Times: user=0.19 sys=0.00, real=0.05 secs] 
[GC (Allocation Failure) [ParNew: 613440K->19440K(613440K), 0.0388551 secs] 1515075K->980934K(2010624K), 0.0389020 secs] [Times: user=0.13 sys=0.00, real=0.04 secs] 
[Full GC (System.gc()) [CMS: 961493K->673428K(1397184K), 1.4154570 secs] 1014186K->673428K(2010624K), [Metaspace: 9991K->9991K(10240K)], 1.4156828 secs] [Times: user=1.42 sys=0.00, real=1.41 secs] 
[Full GC (System.gc()) [CMS: 673428K->673429K(1397184K), 1.6973006 secs] 673430K->673429K(2010624K), [Metaspace: 9991K->9991K(10240K)]
*** PauseDetector detected a 1417 ms pause at Fri Dec 19 18:14:24 EET 2014 ***

, 1.6975521 secs] [Times: user=1.68 sys=0.00, real=1.69 secs] 
[Full GC (System.gc()) [CMS: 673429K->673946K(1397184K), 1.3220564 secs] 684342K->673946K(2010624K), [Metaspace: 9991K->9991K(10240K)]
*** PauseDetector detected a 3022 ms pause at Fri Dec 19 18:14:27 EET 2014 ***

, 1.3222867 secs] [Times: user=1.33 sys=0.00, real=1.33 secs] 
[GC (Allocation Failure) [ParNew: 545344K->68096K(613440K), 0.0364672 secs] 1219290K->751584K(2010624K), 0.0365275 secs] [Times: user=0.17 sys=0.00, real=0.04 secs] 
[GC (Allocation Failure) [ParNew: 613440K->34070K(613440K), 0.0494796 secs] 1296928K->781056K(2010624K), 0.0495419 secs] [Times: user=0.19 sys=0.00, real=0.04 secs] 
[GC (Allocation Failure) [ParNew: 579414K->68096K(613440K), 0.0530615 secs] 1326400K->855890K(2010624K), 0.0531103 secs] [Times: user=0.17 sys=0.00, real=0.05 secs] 
[GC (Allocation Failure) [ParNew: 613440K->40599K(613440K), 0.0362561 secs] 1401234K->891021K(2010624K), 0.0363203 secs] [Times: user=0.13 sys=0.00, real=0.03 secs] 
[GC (Allocation Failure) [ParNew: 585943K->68096K(613440K), 0.0583661 secs] 1436365K->959991K(2010624K), 0.0584283 secs] [Times: user=0.25 sys=0.00, real=0.06 secs] 
[GC (Allocation Failure) [ParNew: 613440K->26738K(613440K), 0.0372922 secs] 1505335K->980502K(2010624K), 0.0373481 secs] [Times: user=0.06 sys=0.02, real=0.03 secs] 
[Full GC (System.gc()) [CMS: 953763K->748973K(1397184K), 1.7991726 secs] 1395152K->748973K(2010624K), [Metaspace: 9991K->9991K(10240K)], 1.7994177 secs] [Times: user=1.79 sys=0.00, real=1.80 secs] 
[Full GC (System.gc()) [CMS: 748973K->748973K(1397184K), 1.3465690 secs] 748973K->748973K(2010624K), [Metaspace: 9991K->9991K(10240K)], 1.3467365 secs] [Times: user=1.34 sys=0.00, real=1.34 secs] 
[Full GC (System.gc()) [CMS: 748973K->748973K(1397184K), 1.3371905 secs] 748975K->748973K(2010624K), [Metaspace: 9991K->9991K(10240K)]
*** PauseDetector detected a 3139 ms pause at Fri Dec 19 18:14:40 EET 2014 ***

, 1.3374061 secs] [Times: user=1.34 sys=0.00, real=1.35 secs] 
********************************
********** ROUND   64 **********
********************************

*** PauseDetector detected a 1355 ms pause at Fri Dec 19 18:14:41 EET 2014 ***

[GC (Allocation Failure) [ParNew: 545344K->7417K(613440K), 0.0070188 secs] 1294317K->756391K(2010624K), 0.0071292 secs] [Times: user=0.00 sys=0.00, real=0.01 secs] 
[GC (Allocation Failure) [ParNew: 552761K->68096K(613440K), 0.1505965 secs] 1301735K->885720K(2010624K), 0.1506491 secs] [Times: user=0.81 sys=0.00, real=0.15 secs] 
[GC (Allocation Failure) [ParNew: 613440K->26374K(613440K), 0.0782716 secs] 1431064K->908202K(2010624K), 0.0783223 secs] [Times: user=0.30 sys=0.00, real=0.08 secs] 
[GC (Allocation Failure) [ParNew: 571718K->68096K(613440K), 0.1887003 secs] 1453546K->1006960K(2010624K), 0.1887523 secs] [Times: user=0.90 sys=0.00, real=0.19 secs] 
[GC (Allocation Failure) [ParNew: 613440K->34166K(613440K), 0.0669055 secs] 1552304K->1037047K(2010624K), 0.0669555 secs] [Times: user=0.26 sys=0.00, real=0.07 secs] 
[GC (Allocation Failure) [ParNew: 579510K->68096K(613440K), 0.1585969 secs] 1582391K->1125374K(2010624K), 0.1586534 secs] [Times: user=0.73 sys=0.00, real=0.15 secs] 
[GC (Allocation Failure) [ParNew: 613440K->20492K(613440K), 0.0638779 secs] 1670718K->1141552K(2010624K), 0.0639266 secs] [Times: user=0.22 sys=0.00, real=0.06 secs] 
[GC (Allocation Failure) [ParNew: 565836K->68096K(613440K), 0.1428578 secs] 1686896K->1240634K(2010624K), 0.1429091 secs] [Times: user=0.59 sys=0.00, real=0.14 secs] 
[GC (CMS Initial Mark) [1 CMS-initial-mark: 1172538K(1397184K)] 1251543K(2010624K), 0.0090931 secs] [Times: user=0.00 sys=0.00, real=0.00 secs] 
[CMS-concurrent-mark-start]
[CMS-concurrent-mark: 1.188/1.188 secs] [Times: user=3.60 sys=0.00, real=1.20 secs] 
[CMS-concurrent-preclean-start]
[CMS-concurrent-preclean: 0.005/0.005 secs] [Times: user=0.00 sys=0.00, real=0.01 secs] 
[CMS-concurrent-abortable-preclean-start]
[GC (Allocation Failure) [ParNew: 613440K->26936K(613440K), 0.0644271 secs] 1785978K->1261796K(2010624K), 0.0644726 secs] [Times: user=0.22 sys=0.00, real=0.06 secs] 
[CMS-concurrent-abortable-preclean: 0.657/1.336 secs] [Times: user=2.56 sys=0.00, real=1.34 secs] 
[GC (CMS Final Remark) [YG occupancy: 345927 K (613440 K)][Rescan (parallel) , 0.0650154 secs][weak refs processing, 0.0000167 secs][class unloading, 0.0059782 secs][scrub symbol table, 0.0011394 secs][scrub string table, 0.0003811 secs][1 CMS-remark: 1234860K(1397184K)] 1580787K(2010624K), 0.0734649 secs] [Times: user=0.27 sys=0.00, real=0.07 secs] 
[CMS-concurrent-sweep-start]
[GC (Allocation Failure) [ParNew: 572280K->68096K(613440K), 0.1250271 secs] 1607446K->1152233K(2010624K), 0.1250823 secs] [Times: user=0.62 sys=0.00, real=0.12 secs] 
[CMS-concurrent-sweep: 0.829/0.955 secs] [Times: user=2.26 sys=0.00, real=0.95 secs] 
[CMS-concurrent-reset-start]
[CMS-concurrent-reset: 0.003/0.003 secs] [Times: user=0.05 sys=0.00, real=0.00 secs] 
[GC (Allocation Failure) [ParNew: 613440K->20547K(613440K), 0.0536120 secs] 1424016K->894715K(2010624K), 0.0536588 secs] [Times: user=0.19 sys=0.00, real=0.05 secs] 
[GC (Allocation Failure) [ParNew: 565891K->68096K(613440K), 0.1139785 secs] 1440059K->988828K(2010624K), 0.1140311 secs] [Times: user=0.44 sys=0.00, real=0.11 secs] 
[GC (Allocation Failure) [ParNew: 613440K->34256K(613440K), 0.0667316 secs] 1534172K->1018449K(2010624K), 0.0667771 secs] [Times: user=0.22 sys=0.00, real=0.06 secs] 
[GC (Allocation Failure) [ParNew: 579600K->68096K(613440K), 0.1136686 secs] 1563793K->1098106K(2010624K), 0.1137187 secs] [Times: user=0.40 sys=0.00, real=0.11 secs] 
[GC (Allocation Failure) [ParNew (7: promotion failure size = 4167)  (promotion failed): 613440K->586414K(613440K), 0.1647830 secs][CMS: 1093487K->757608K(1397184K), 1.8522143 secs] 1643450K->757608K(2010624K), [Metaspace: 9991K->9991K(10240K)], 2.0170820 secs] [Times: user=2.09 sys=0.00, real=2.01 secs] 

*** PauseDetector detected a 2013 ms pause at Fri Dec 19 18:15:07 EET 2014 ***

[GC (Allocation Failure) [ParNew: 545344K->68096K(613440K), 0.0901286 secs] 1302952K->871983K(2010624K), 0.0901741 secs] [Times: user=0.36 sys=0.00, real=0.08 secs] 
[GC (Allocation Failure) [ParNew: 613440K->47906K(613440K), 0.0525881 secs] 1417327K->916076K(2010624K), 0.0526419 secs] [Times: user=0.16 sys=0.00, real=0.05 secs] 
[GC (Allocation Failure) [ParNew: 593250K->68096K(613440K), 0.0849600 secs] 1461420K->981192K(2010624K), 0.0850095 secs] [Times: user=0.36 sys=0.00, real=0.08 secs] 
[GC (Allocation Failure) [ParNew: 613440K->27377K(613440K), 0.0448699 secs] 1526536K->1004624K(2010624K), 0.0450239 secs] [Times: user=0.13 sys=0.00, real=0.04 secs] 
[GC (Allocation Failure) [ParNew: 572721K->68096K(613440K), 0.0823450 secs] 1549968K->1090621K(2010624K), 0.0823925 secs] [Times: user=0.26 sys=0.00, real=0.08 secs] 
[GC (Allocation Failure) [ParNew: 613440K->20058K(613440K), 0.0371877 secs] 1635965K->1104386K(2010624K), 0.0373173 secs] [Times: user=0.13 sys=0.00, real=0.03 secs] 
[GC (Allocation Failure) [ParNew: 565402K->68096K(613440K), 0.0715139 secs] 1649730K->1195462K(2010624K), 0.0715639 secs] [Times: user=0.41 sys=0.00, real=0.06 secs] 
[GC (Allocation Failure) [ParNew: 613440K->20540K(613440K), 0.0378318 secs] 1740806K->1211369K(2010624K), 0.0379017 secs] [Times: user=0.12 sys=0.00, real=0.03 secs] 
[GC (CMS Initial Mark) [1 CMS-initial-mark: 1190828K(1397184K)] 1211438K(2010624K), 0.0043608 secs] [Times: user=0.02 sys=0.00, real=0.01 secs] 
[CMS-concurrent-mark-start]
[CMS-concurrent-mark: 1.119/1.119 secs] [Times: user=3.70 sys=0.00, real=1.12 secs] 
[CMS-concurrent-preclean-start]
[CMS-concurrent-preclean: 0.115/0.123 secs] [Times: user=0.25 sys=0.00, real=0.12 secs] 
[CMS-concurrent-abortable-preclean-start]
[GC (Allocation Failure) [ParNew: 565884K->68096K(613440K), 0.0775736 secs] 1756713K->1302473K(2010624K), 0.0777224 secs] [Times: user=0.26 sys=0.00, real=0.07 secs] 
[CMS-concurrent-abortable-preclean: 0.708/1.389 secs] [Times: user=2.31 sys=0.00, real=1.39 secs] 
[GC (CMS Final Remark) [YG occupancy: 440991 K (613440 K)][Rescan (parallel) , 0.0889423 secs][weak refs processing, 0.0000160 secs][class unloading, 0.0052519 secs][scrub symbol table, 0.0010580 secs][scrub string table, 0.0003516 secs][1 CMS-remark: 1234377K(1397184K)] 1675368K(2010624K), 0.0964398 secs] [Times: user=0.42 sys=0.00, real=0.09 secs] 
[CMS-concurrent-sweep-start]
[GC (Allocation Failure) [ParNew: 613440K->47471K(613440K), 0.0417666 secs] 1766840K->1263546K(2010624K), 0.0418147 secs] [Times: user=0.11 sys=0.03, real=0.03 secs] 
[CMS-concurrent-sweep: 0.623/0.665 secs] [Times: user=1.48 sys=0.03, real=0.67 secs] 
[CMS-concurrent-reset-start]
[CMS-concurrent-reset: 0.003/0.003 secs] [Times: user=0.00 sys=0.00, real=0.00 secs] 
[GC (Allocation Failure) [ParNew: 592815K->68096K(613440K), 0.0670254 secs] 1344448K->862398K(2010624K), 0.0670768 secs] [Times: user=0.34 sys=0.00, real=0.07 secs] 
[GC (Allocation Failure) [ParNew: 613440K->20475K(613440K), 0.0336930 secs] 1407742K->878068K(2010624K), 0.0337373 secs] [Times: user=0.11 sys=0.00, real=0.03 secs] 
[GC (Allocation Failure) [ParNew (0: promotion failure size = 2779)  (1: promotion failure size = 2779)  (2: promotion failure size = 2779)  (3: promotion failure size = 2779)  (4: promotion failure size = 2779)  (5: promotion failure size = 2779)  (6: promotion failure size = 2779)  (7: promotion failure size = 2779)  (promotion failed): 565819K->613440K(613440K), 0.2179594 secs][CMS: 899651K->752932K(1397184K), 1.6714342 secs] 1423412K->752932K(2010624K), [Metaspace: 9991K->9991K(10240K)], 1.8895149 secs] [Times: user=2.06 sys=0.00, real=1.88 secs] 

*** PauseDetector detected a 1884 ms pause at Fri Dec 19 18:15:29 EET 2014 ***

[GC (Allocation Failure) [ParNew: 545344K->27413K(613440K), 0.0067616 secs] 1298276K->780346K(2010624K), 0.0068097 secs] [Times: user=0.06 sys=0.00, real=0.01 secs] 
[GC (Allocation Failure) [ParNew: 572757K->68096K(613440K), 0.0642635 secs] 1325690K->865679K(2010624K), 0.0643090 secs] [Times: user=0.25 sys=0.00, real=0.06 secs] 
[GC (Allocation Failure) [ParNew: 613440K->26715K(613440K), 0.0322738 secs] 1411023K->886219K(2010624K), 0.0324252 secs] [Times: user=0.13 sys=0.00, real=0.03 secs] 
[GC (Allocation Failure) [ParNew: 572059K->68096K(613440K), 0.0618960 secs] 1431563K->968976K(2010624K), 0.0619486 secs] [Times: user=0.22 sys=0.00, real=0.06 secs] 
[GC (Allocation Failure) [ParNew: 613440K->20535K(613440K), 0.0347150 secs] 1514320K->985095K(2010624K), 0.0347670 secs] [Times: user=0.06 sys=0.00, real=0.03 secs] 
[GC (Allocation Failure) [ParNew: 565879K->68096K(613440K), 0.0618415 secs] 1530439K->1074131K(2010624K), 0.0618915 secs] [Times: user=0.28 sys=0.00, real=0.06 secs] 
[GC (Allocation Failure) [ParNew: 613440K->13654K(613440K), 0.0448609 secs] 1619475K->1083061K(2010624K), 0.0449122 secs] [Times: user=0.09 sys=0.00, real=0.04 secs] 
[GC (Allocation Failure) [ParNew: 558998K->68096K(613440K), 0.0625607 secs] 1628405K->1181090K(2010624K), 0.0626050 secs] [Times: user=0.25 sys=0.00, real=0.06 secs] 
[GC (Allocation Failure) [ParNew: 613440K->26535K(613440K), 0.0351686 secs] 1726434K->1200424K(2010624K), 0.0352161 secs] [Times: user=0.11 sys=0.00, real=0.03 secs] 
[GC (CMS Initial Mark) [1 CMS-initial-mark: 1173889K(1397184K)] 1211336K(2010624K), 0.0028447 secs] [Times: user=0.00 sys=0.00, real=0.00 secs] 
[CMS-concurrent-mark-start]
[CMS-concurrent-mark: 1.245/1.245 secs] [Times: user=4.07 sys=0.00, real=1.25 secs] 
[CMS-concurrent-preclean-start]
[CMS-concurrent-preclean: 0.083/0.088 secs] [Times: user=0.17 sys=0.00, real=0.09 secs] 
[CMS-concurrent-abortable-preclean-start]
[GC (Allocation Failure) [ParNew[CMS-concurrent-abortable-preclean: 0.044/0.270 secs] [Times: user=0.45 sys=0.00, real=0.27 secs] 
: 571879K->68096K(613440K), 0.0636450 secs] 1745768K->1286574K(2010624K), 0.0636937 secs] [Times: user=0.22 sys=0.00, real=0.06 secs] 
[GC (CMS Final Remark) [YG occupancy: 79008 K (613440 K)][Rescan (parallel) , 0.0292084 secs][weak refs processing, 0.0000148 secs][class unloading, 0.0057479 secs][scrub symbol table, 0.0013127 secs][scrub string table, 0.0003516 secs][1 CMS-remark: 1218478K(1397184K)] 1297486K(2010624K), 0.0374655 secs] [Times: user=0.16 sys=0.00, real=0.03 secs] 
[CMS-concurrent-sweep-start]
[CMS-concurrent-sweep: 0.577/0.577 secs] [Times: user=1.17 sys=0.00, real=0.58 secs] 
[CMS-concurrent-reset-start]
[CMS-concurrent-reset: 0.003/0.003 secs] [Times: user=0.00 sys=0.00, real=0.00 secs] 
[GC (Allocation Failure) [ParNew: 613440K->32464K(613440K), 0.0418057 secs] 1302435K->781126K(2010624K), 0.0418455 secs] [Times: user=0.14 sys=0.00, real=0.04 secs] 
[GC (Allocation Failure) [ParNew: 577808K->68096K(613440K), 0.0584649 secs] 1326470K->857447K(2010624K), 0.0585130 secs] [Times: user=0.28 sys=0.00, real=0.06 secs] 
[GC (Allocation Failure) [ParNew: 613440K->27290K(613440K), 0.0312877 secs] 1402791K->880146K(2010624K), 0.0313403 secs] [Times: user=0.13 sys=0.00, real=0.03 secs] 
[GC (Allocation Failure) [ParNew: 572634K->68096K(613440K), 0.0753621 secs] 1425490K->961592K(2010624K), 0.0754147 secs] [Times: user=0.22 sys=0.00, real=0.07 secs] 
[GC (Allocation Failure) [ParNew (0: promotion failure size = 1854)  (1: promotion failure size = 1854)  (2: promotion failure size = 1854)  (3: promotion failure size = 1854)  (4: promotion failure size = 1854)  (5: promotion failure size = 1854)  (6: promotion failure size = 1854)  (7: promotion failure size = 1854)  (promotion failed): 613440K->559052K(613440K), 1.7815158 secs][CMS: 933561K->752453K(1397184K), 1.6428661 secs] 1506936K->752453K(2010624K), [Metaspace: 9991K->9991K(10240K)], 3.4244660 secs] [Times: user=3.57 sys=0.39, real=3.42 secs] 

*** PauseDetector detected a 3420 ms pause at Fri Dec 19 18:15:55 EET 2014 ***

[GC (Allocation Failure) [ParNew: 545344K->68096K(613440K), 0.0539610 secs] 1297797K->864751K(2010624K), 0.0540098 secs] [Times: user=0.22 sys=0.00, real=0.05 secs] 
[GC (Allocation Failure) [ParNew: 613440K->19724K(613440K), 0.0339881 secs] 1410095K->877101K(2010624K), 0.0341113 secs] [Times: user=0.12 sys=0.00, real=0.03 secs] 
[GC (Allocation Failure) [ParNew: 565068K->68096K(613440K), 0.0541952 secs] 1422445K->966777K(2010624K), 0.0542446 secs] [Times: user=0.17 sys=0.00, real=0.05 secs] 
[GC (Allocation Failure) [ParNew: 613440K->27040K(613440K), 0.0288870 secs] 1512121K->988512K(2010624K), 0.0289338 secs] [Times: user=0.13 sys=0.00, real=0.02 secs] 
[GC (Allocation Failure) [ParNew: 572384K->68096K(613440K), 0.0531238 secs] 1533856K->1069543K(2010624K), 0.0531712 secs] [Times: user=0.22 sys=0.00, real=0.05 secs] 
[Full GC (System.gc()) [CMS: 1001447K->749444K(1397184K), 1.8441144 secs] 1398455K->749444K(2010624K), [Metaspace: 9991K->9991K(10240K)], 1.8443524 secs] [Times: user=1.86 sys=0.00, real=1.84 secs] 
[Full GC (System.gc()) [CMS: 749444K->749445K(1397184K), 1.3775661 secs] 760336K->749445K(2010624K), [Metaspace: 9991K->9991K(10240K)], 1.3777881 secs] [Times: user=1.37 sys=0.00, real=1.37 secs] 
[Full GC (System.gc()) [CMS: 749445K->749366K(1397184K), 1.3851906 secs] 749447K->749366K(2010624K), [Metaspace: 9991K->9991K(10240K)]
*** PauseDetector detected a 1845 ms pause at Fri Dec 19 18:16:05 EET 2014 ***

, 1.3855185 secs] [Times: user=1.39 sys=0.00, real=1.39 secs] 

*** PauseDetector detected a 2773 ms pause at Fri Dec 19 18:16:08 EET 2014 ***

[GC (Allocation Failure) [ParNew: 545344K->68096K(613440K), 0.0656647 secs] 1294710K->869184K(2010624K), 0.0657256 secs] [Times: user=0.25 sys=0.00, real=0.06 secs] 
[GC (Allocation Failure) [ParNew: 613440K->28120K(613440K), 0.0253686 secs] 1414528K->881577K(2010624K), 0.0254154 secs] [Times: user=0.11 sys=0.00, real=0.02 secs] 
[GC (Allocation Failure) [ParNew: 573464K->68096K(613440K), 0.0603210 secs] 1426921K->962000K(2010624K), 0.0603826 secs] [Times: user=0.23 sys=0.00, real=0.06 secs] 
[GC (Allocation Failure) [ParNew: 613440K->34041K(613440K), 0.0356735 secs] 1507344K->990755K(2010624K), 0.0357326 secs] [Times: user=0.13 sys=0.00, real=0.03 secs] 
[GC (Allocation Failure) [ParNew: 579385K->68096K(613440K), 0.0596345 secs] 1536099K->1068805K(2010624K), 0.0596954 secs] [Times: user=0.25 sys=0.00, real=0.06 secs] 
[GC (Allocation Failure) [ParNew: 613440K->25811K(613440K), 0.0303927 secs] 1614149K->1085793K(2010624K), 0.0304524 secs] [Times: user=0.08 sys=0.00, real=0.03 secs] 
[Full GC (System.gc()) [CMS: 1059981K->771671K(1397184K), 1.7593186 secs] 1436898K->771671K(2010624K), [Metaspace: 9991K->9991K(10240K)], 1.7595431 secs] [Times: user=1.75 sys=0.00, real=1.75 secs] 
[Full GC (System.gc()) [CMS: 771671K->771594K(1397184K), 1.6112300 secs] 771673K->771594K(2010624K), [Metaspace: 9991K->9991K(10240K)], 1.6114321 secs] [Times: user=1.62 sys=0.00, real=1.62 secs] 
[Full GC (System.gc()) [CMS: 771594K->769633K(1397184K), 1.6361302 secs] 782537K->769633K(2010624K), [Metaspace: 9991K->9991K(10240K)]
*** PauseDetector detected a 1754 ms pause at Fri Dec 19 18:16:20 EET 2014 ***

, 1.6363599 secs] [Times: user=1.64 sys=0.00, real=1.63 secs] 
********************************
********** ROUND   65 **********
********************************

*** PauseDetector detected a 3262 ms pause at Fri Dec 19 18:16:23 EET 2014 ***

[GC (Allocation Failure) [ParNew: 545344K->8982K(613440K), 0.0060481 secs] 1314977K->778615K(2010624K), 0.0060975 secs] [Times: user=0.08 sys=0.00, real=0.01 secs] 
[GC (Allocation Failure) [ParNew: 554326K->68096K(613440K), 0.1911171 secs] 1323959K->904421K(2010624K), 0.1911710 secs] [Times: user=0.87 sys=0.00, real=0.19 secs] 
[GC (Allocation Failure) [ParNew: 613440K->26127K(613440K), 0.0654035 secs] 1449765K->926092K(2010624K), 0.0654555 secs] [Times: user=0.22 sys=0.00, real=0.07 secs] 
[GC (Allocation Failure) [ParNew: 571471K->68096K(613440K), 0.1586213 secs] 1471436K->1022508K(2010624K), 0.1586771 secs] [Times: user=0.70 sys=0.00, real=0.15 secs] 
[GC (Allocation Failure) [ParNew: 613440K->34093K(613440K), 0.0677799 secs] 1567852K->1052267K(2010624K), 0.0679281 secs] [Times: user=0.20 sys=0.00, real=0.07 secs] 
[GC (Allocation Failure) [ParNew: 579437K->68096K(613440K), 0.1443244 secs] 1597611K->1137364K(2010624K), 0.1443738 secs] [Times: user=0.61 sys=0.00, real=0.14 secs] 
[GC (Allocation Failure) [ParNew: 613440K->20302K(613440K), 0.0585239 secs] 1682708K->1152487K(2010624K), 0.0585740 secs] [Times: user=0.22 sys=0.00, real=0.06 secs] 
[GC (Allocation Failure) [ParNew: 565646K->68096K(613440K), 0.1298569 secs] 1697831K->1249296K(2010624K), 0.1299069 secs] [Times: user=0.58 sys=0.00, real=0.13 secs] 
[GC (CMS Initial Mark) [1 CMS-initial-mark: 1181200K(1397184K)] 1249297K(2010624K), 0.0084444 secs] [Times: user=0.00 sys=0.00, real=0.00 secs] 
[CMS-concurrent-mark-start]
[CMS-concurrent-mark: 1.351/1.351 secs] [Times: user=4.13 sys=0.00, real=1.36 secs] 
[CMS-concurrent-preclean-start]
[CMS-concurrent-preclean: 0.006/0.006 secs] [Times: user=0.00 sys=0.00, real=0.01 secs] 
[CMS-concurrent-abortable-preclean-start]
[GC (Allocation Failure) [ParNew: 613440K->41092K(613440K), 0.0572446 secs] 1794640K->1286002K(2010624K), 0.0572959 secs] [Times: user=0.30 sys=0.00, real=0.05 secs] 
[CMS-concurrent-abortable-preclean: 0.552/1.322 secs] [Times: user=2.50 sys=0.00, real=1.32 secs] 
[GC (CMS Final Remark) [YG occupancy: 383113 K (613440 K)][Rescan (parallel) , 0.0705419 secs][weak refs processing, 0.0000160 secs][class unloading, 0.0061540 secs][scrub symbol table, 0.0011247 secs][scrub string table, 0.0003760 secs][1 CMS-remark: 1244909K(1397184K)] 1628023K(2010624K), 0.0791057 secs] [Times: user=0.27 sys=0.00, real=0.07 secs] 
[CMS-concurrent-sweep-start]
[GC (Allocation Failure) [ParNew: 586436K->68096K(613440K), 0.1265438 secs] 1786470K->1316478K(2010624K), 0.1265932 secs] [Times: user=0.47 sys=0.00, real=0.12 secs] 
[CMS-concurrent-sweep: 0.874/1.000 secs] [Times: user=2.28 sys=0.00, real=1.01 secs] 
[CMS-concurrent-reset-start]
[CMS-concurrent-reset: 0.003/0.003 secs] [Times: user=0.00 sys=0.00, real=0.00 secs] 
[GC (Allocation Failure) [ParNew: 613440K->46711K(613440K), 0.0510156 secs] 1421620K->916567K(2010624K), 0.0510605 secs] [Times: user=0.14 sys=0.00, real=0.05 secs] 
[GC (Allocation Failure) [ParNew: 592055K->68096K(613440K), 0.1076706 secs] 1461911K->983759K(2010624K), 0.1077193 secs] [Times: user=0.42 sys=0.00, real=0.10 secs] 
[GC (Allocation Failure) [ParNew (0: promotion failure size = 4167)  (1: promotion failure size = 4167)  (2: promotion failure size = 4167)  (3: promotion failure size = 4167)  (4: promotion failure size = 4167)  (5: promotion failure size = 4167)  (6: promotion failure size = 4167)  (7: promotion failure size = 4167)  (promotion failed): 613440K->586352K(613440K), 0.1948594 secs][CMS: 978889K->757643K(1397184K), 2.1758329 secs] 1529103K->757643K(2010624K), [Metaspace: 9991K->9991K(10240K)], 2.3707808 secs] [Times: user=2.51 sys=0.00, real=2.37 secs] 

*** PauseDetector detected a 2366 ms pause at Fri Dec 19 18:16:47 EET 2014 ***

[GC (Allocation Failure) [ParNew: 545344K->68096K(613440K), 0.0907759 secs] 1302987K->873429K(2010624K), 0.0908382 secs] [Times: user=0.37 sys=0.00, real=0.09 secs] 
[GC (Allocation Failure) [ParNew: 613440K->13440K(613440K), 0.0477506 secs] 1418773K->881779K(2010624K), 0.0478083 secs] [Times: user=0.14 sys=0.00, real=0.05 secs] 
[GC (Allocation Failure) [ParNew: 558784K->68096K(613440K), 0.0874750 secs] 1427123K->981270K(2010624K), 0.0875264 secs] [Times: user=0.34 sys=0.00, real=0.08 secs] 
[GC (Allocation Failure) [ParNew: 613440K->41211K(613440K), 0.0472251 secs] 1526614K->1018345K(2010624K), 0.0472720 secs] [Times: user=0.19 sys=0.00, real=0.04 secs] 
[GC (Allocation Failure) [ParNew: 586555K->68096K(613440K), 0.0805614 secs] 1563689K->1088556K(2010624K), 0.0806159 secs] [Times: user=0.34 sys=0.00, real=0.08 secs] 
[GC (Allocation Failure) [ParNew: 613440K->34233K(613440K), 0.0605654 secs] 1633900K->1118185K(2010624K), 0.0606148 secs] [Times: user=0.25 sys=0.00, real=0.05 secs] 
[GC (Allocation Failure) [ParNew: 579577K->68096K(613440K), 0.0774838 secs] 1663529K->1195087K(2010624K), 0.0775319 secs] [Times: user=0.30 sys=0.00, real=0.07 secs] 
[GC (Allocation Failure) [ParNew: 613440K->27381K(613440K), 0.0373827 secs] 1740431K->1217956K(2010624K), 0.0374321 secs] [Times: user=0.08 sys=0.00, real=0.04 secs] 
[GC (CMS Initial Mark) [1 CMS-initial-mark: 1190575K(1397184K)] 1228901K(2010624K), 0.0032714 secs] [Times: user=0.00 sys=0.00, real=0.00 secs] 
[CMS-concurrent-mark-start]
[CMS-concurrent-mark: 1.200/1.200 secs] [Times: user=3.88 sys=0.00, real=1.20 secs] 
[CMS-concurrent-preclean-start]
[CMS-concurrent-preclean: 0.113/0.120 secs] [Times: user=0.25 sys=0.00, real=0.12 secs] 
[CMS-concurrent-abortable-preclean-start]
[GC (Allocation Failure) [ParNew: 572725K->68096K(613440K), 0.0762109 secs] 1763300K->1301464K(2010624K), 0.0762616 secs] [Times: user=0.38 sys=0.00, real=0.07 secs] 
[CMS-concurrent-abortable-preclean: 0.841/1.725 secs] [Times: user=2.85 sys=0.00, real=1.72 secs] 
[GC (CMS Final Remark) [YG occupancy: 442026 K (613440 K)][Rescan (parallel) , 0.0902178 secs][weak refs processing, 0.0000192 secs][class unloading, 0.0081743 secs][scrub symbol table, 0.0017085 secs][scrub string table, 0.0005364 secs][1 CMS-remark: 1233368K(1397184K)] 1675394K(2010624K), 0.1018303 secs] [Times: user=0.42 sys=0.00, real=0.09 secs] 
[CMS-concurrent-sweep-start]
[GC (Allocation Failure) [ParNew: 613440K->20552K(613440K), 0.0363838 secs] 1835808K->1306415K(2010624K), 0.0364479 secs] [Times: user=0.16 sys=0.00, real=0.03 secs] 
[CMS-concurrent-sweep: 0.693/0.730 secs] [Times: user=1.73 sys=0.00, real=0.74 secs] 
[CMS-concurrent-reset-start]
[CMS-concurrent-reset: 0.003/0.003 secs] [Times: user=0.00 sys=0.00, real=0.00 secs] 
[GC (Allocation Failure) [ParNew: 565896K->68096K(613440K), 0.0738672 secs] 1317305K->862035K(2010624K), 0.0739166 secs] [Times: user=0.28 sys=0.00, real=0.07 secs] 
[GC (Allocation Failure) [ParNew: 613440K->41131K(613440K), 0.0346945 secs] 1407379K->898495K(2010624K), 0.0347426 secs] [Times: user=0.13 sys=0.00, real=0.04 secs] 
[GC (Allocation Failure) [ParNew (0: promotion failure size = 61)  (1: promotion failure size = 61)  (2: promotion failure size = 61)  (3: promotion failure size = 61)  (4: promotion failure size = 61)  (5: promotion failure size = 61)  (6: promotion failure size = 2779)  (7: promotion failure size = 2779)  (promotion failed): 586475K->613440K(613440K), 2.0847374 secs][CMS: 882033K->752933K(1397184K), 1.9899330 secs] 1443839K->752933K(2010624K), [Metaspace: 9991K->9991K(10240K)], 4.0747513 secs] [Times: user=4.23 sys=0.22, real=4.07 secs] 

*** PauseDetector detected a 4072 ms pause at Fri Dec 19 18:17:11 EET 2014 ***

[GC (Allocation Failure) [ParNew: 545344K->27382K(613440K), 0.0070169 secs] 1298277K->780315K(2010624K), 0.0071728 secs] [Times: user=0.06 sys=0.00, real=0.01 secs] 
[GC (Allocation Failure) [ParNew: 572726K->68096K(613440K), 0.0649865 secs] 1325659K->866590K(2010624K), 0.0650340 secs] [Times: user=0.26 sys=0.00, real=0.07 secs] 
[GC (Allocation Failure) [ParNew: 613440K->26369K(613440K), 0.0315482 secs] 1411934K->886033K(2010624K), 0.0315925 secs] [Times: user=0.06 sys=0.00, real=0.03 secs] 
[GC (Allocation Failure) [ParNew: 571713K->68096K(613440K), 0.0639812 secs] 1431377K->969039K(2010624K), 0.0640280 secs] [Times: user=0.19 sys=0.00, real=0.05 secs] 
[GC (Allocation Failure) [ParNew: 613440K->27355K(613440K), 0.0330533 secs] 1514383K->991995K(2010624K), 0.0330970 secs] [Times: user=0.13 sys=0.00, real=0.03 secs] 
[GC (Allocation Failure) [ParNew: 572699K->68096K(613440K), 0.0643257 secs] 1537339K->1074065K(2010624K), 0.0643719 secs] [Times: user=0.22 sys=0.00, real=0.06 secs] 
[GC (Allocation Failure) [ParNew: 613440K->34175K(613440K), 0.0553160 secs] 1619409K->1103569K(2010624K), 0.0553629 secs] [Times: user=0.19 sys=0.00, real=0.05 secs] 
[GC (Allocation Failure) [ParNew: 579519K->68096K(613440K), 0.0598956 secs] 1648913K->1180965K(2010624K), 0.0599476 secs] [Times: user=0.23 sys=0.00, real=0.06 secs] 
[GC (Allocation Failure) [ParNew: 613440K->26458K(613440K), 0.0298384 secs] 1726309K->1200370K(2010624K), 0.0298820 secs] [Times: user=0.06 sys=0.00, real=0.03 secs] 
[GC (CMS Initial Mark) [1 CMS-initial-mark: 1173912K(1397184K)] 1211376K(2010624K), 0.0028011 secs] [Times: user=0.00 sys=0.00, real=0.00 secs] 
[CMS-concurrent-mark-start]
[CMS-concurrent-mark: 1.204/1.204 secs] [Times: user=3.85 sys=0.00, real=1.21 secs] 
[CMS-concurrent-preclean-start]
[CMS-concurrent-preclean: 0.080/0.085 secs] [Times: user=0.16 sys=0.00, real=0.09 secs] 
[CMS-concurrent-abortable-preclean-start]
[GC (Allocation Failure) [ParNew[CMS-concurrent-abortable-preclean: 0.094/0.606 secs] [Times: user=0.92 sys=0.00, real=0.61 secs] 
: 571802K->68096K(613440K), 0.0608387 secs] 1745714K->1282860K(2010624K), 0.0608881 secs] [Times: user=0.28 sys=0.00, real=0.06 secs] 
[GC (CMS Final Remark) [YG occupancy: 79041 K (613440 K)][Rescan (parallel) , 0.0291250 secs][weak refs processing, 0.0000154 secs][class unloading, 0.0053488 secs][scrub symbol table, 0.0010695 secs][scrub string table, 0.0003529 secs][1 CMS-remark: 1214764K(1397184K)] 1293806K(2010624K), 0.0367341 secs] [Times: user=0.16 sys=0.00, real=0.03 secs] 
[CMS-concurrent-sweep-start]
[CMS-concurrent-sweep: 0.535/0.535 secs] [Times: user=1.09 sys=0.00, real=0.54 secs] 
[CMS-concurrent-reset-start]
[CMS-concurrent-reset: 0.003/0.003 secs] [Times: user=0.00 sys=0.00, real=0.00 secs] 
[GC (Allocation Failure) [ParNew: 613440K->27363K(613440K), 0.0405797 secs] 1298720K->776154K(2010624K), 0.0406304 secs] [Times: user=0.14 sys=0.00, real=0.04 secs] 
[GC (Allocation Failure) [ParNew: 572707K->68096K(613440K), 0.0582981 secs] 1321498K->859296K(2010624K), 0.0583494 secs] [Times: user=0.22 sys=0.00, real=0.06 secs] 
[GC (Allocation Failure) [ParNew: 613440K->26780K(613440K), 0.0285912 secs] 1404640K->879718K(2010624K), 0.0287439 secs] [Times: user=0.06 sys=0.00, real=0.03 secs] 
[GC (Allocation Failure) [ParNew: 572124K->68096K(613440K), 0.0635892 secs] 1425062K->961673K(2010624K), 0.0636405 secs] [Times: user=0.23 sys=0.00, real=0.06 secs] 
[GC (Allocation Failure) [ParNew (0: promotion failure size = 1854)  (1: promotion failure size = 1854)  (2: promotion failure size = 1854)  (3: promotion failure size = 1854)  (4: promotion failure size = 1854)  (6: promotion failure size = 1854)  (7: promotion failure size = 1854)  (promotion failed): 613440K->572730K(613440K), 0.3115185 secs][CMS: 956827K->752453K(1397184K), 1.7910618 secs] 1507017K->752453K(2010624K), [Metaspace: 9991K->9991K(10240K)], 2.1027214 secs] [Times: user=2.20 sys=0.00, real=2.10 secs] 

*** PauseDetector detected a 2100 ms pause at Fri Dec 19 18:17:36 EET 2014 ***

[GC (Allocation Failure) [ParNew: 545344K->68096K(613440K), 0.0537718 secs] 1297797K->861541K(2010624K), 0.0538192 secs] [Times: user=0.19 sys=0.00, real=0.05 secs] 
[GC (Allocation Failure) [ParNew: 613440K->41135K(613440K), 0.0337514 secs] 1406885K->898520K(2010624K), 0.0337989 secs] [Times: user=0.13 sys=0.00, real=0.03 secs] 
[GC (Allocation Failure) [ParNew: 586479K->68096K(613440K), 0.0532450 secs] 1443864K->967368K(2010624K), 0.0532919 secs] [Times: user=0.19 sys=0.00, real=0.05 secs] 
[GC (Allocation Failure) [ParNew: 613440K->33608K(613440K), 0.0287092 secs] 1512712K->995061K(2010624K), 0.0287612 secs] [Times: user=0.08 sys=0.00, real=0.03 secs] 
[GC (Allocation Failure) [ParNew: 578952K->68096K(613440K), 0.0532194 secs] 1540405K->1071361K(2010624K), 0.0532688 secs] [Times: user=0.28 sys=0.00, real=0.05 secs] 
[GC (Allocation Failure) [ParNew: 613440K->19969K(613440K), 0.0278181 secs] 1616705K->1084857K(2010624K), 0.0278842 secs] [Times: user=0.06 sys=0.00, real=0.03 secs] 
[Full GC (System.gc()) [CMS: 1064887K->748460K(1397184K), 1.5355132 secs] 1437212K->748460K(2010624K), [Metaspace: 9991K->9991K(10240K)], 1.5357467 secs] [Times: user=1.53 sys=0.00, real=1.53 secs] 
[Full GC (System.gc()) [CMS: 748460K->748460K(1397184K), 1.4634719 secs] 748462K->748460K(2010624K), [Metaspace: 9991K->9991K(10240K)], 1.4636682 secs] [Times: user=1.47 sys=0.00, real=1.47 secs] 
[Full GC (System.gc()) [CMS: 748460K->748382K(1397184K), 1.5846591 secs] 748460K->748382K(2010624K), [Metaspace: 9991K->9991K(10240K)]
*** PauseDetector detected a 1527 ms pause at Fri Dec 19 18:17:47 EET 2014 ***

, 1.5848760 secs] [Times: user=1.58 sys=0.00, real=1.58 secs] 

*** PauseDetector detected a 3062 ms pause at Fri Dec 19 18:17:50 EET 2014 ***

[GC (Allocation Failure) [ParNew: 545344K->7378K(613440K), 0.0107265 secs] 1293726K->755760K(2010624K), 0.0107984 secs] [Times: user=0.00 sys=0.00, real=0.00 secs] 
[GC (Allocation Failure) [ParNew: 552722K->68096K(613440K), 0.0565370 secs] 1301104K->857561K(2010624K), 0.0566005 secs] [Times: user=0.19 sys=0.00, real=0.06 secs] 
[GC (Allocation Failure) [ParNew: 613440K->19651K(613440K), 0.0365089 secs] 1402905K->872020K(2010624K), 0.0365718 secs] [Times: user=0.13 sys=0.00, real=0.03 secs] 
[GC (Allocation Failure) [ParNew: 564995K->68096K(613440K), 0.0499223 secs] 1417364K->961185K(2010624K), 0.0499730 secs] [Times: user=0.22 sys=0.00, real=0.05 secs] 
[GC (Allocation Failure) [ParNew: 613440K->20240K(613440K), 0.0326119 secs] 1506529K->975927K(2010624K), 0.0326710 secs] [Times: user=0.13 sys=0.00, real=0.03 secs] 
[GC (Allocation Failure) [ParNew: 565584K->68096K(613440K), 0.1696834 secs] 1521271K->1091611K(2010624K), 0.1697430 secs] [Times: user=0.76 sys=0.00, real=0.17 secs] 
[Full GC (System.gc()) [CMS: 1023515K->773151K(1397184K), 1.8107941 secs] 1429740K->773151K(2010624K), [Metaspace: 9991K->9991K(10240K)], 1.8110399 secs] [Times: user=1.81 sys=0.00, real=1.81 secs] 
[Full GC (System.gc()) [CMS: 773151K->773152K(1397184K), 1.7784824 secs] 784060K->773152K(2010624K), [Metaspace: 9991K->9991K(10240K)], 1.7787827 secs] [Times: user=1.78 sys=0.00, real=1.78 secs] 
[Full GC (System.gc()) [CMS: 773152K->773152K(1397184K), 1.4555003 secs] 784059K->773152K(2010624K), [Metaspace: 9991K->9991K(10240K)]
*** PauseDetector detected a 1807 ms pause at Fri Dec 19 18:18:02 EET 2014 ***

, 1.4556928 secs] [Times: user=1.47 sys=0.00, real=1.46 secs] 
********************************
********** ROUND   66 **********
********************************

*** PauseDetector detected a 3246 ms pause at Fri Dec 19 18:18:05 EET 2014 ***

[GC (Allocation Failure) [ParNew: 545344K->68096K(613440K), 0.1897826 secs] 1318496K->901176K(2010624K), 0.1899341 secs] [Times: user=0.83 sys=0.00, real=0.19 secs] 
[GC (Allocation Failure) [ParNew: 613440K->48530K(613440K), 0.0785706 secs] 1446520K->946271K(2010624K), 0.0786309 secs] [Times: user=0.28 sys=0.00, real=0.08 secs] 
[GC (Allocation Failure) [ParNew: 593874K->68096K(613440K), 0.1617605 secs] 1491615K->1020625K(2010624K), 0.1618080 secs] [Times: user=0.72 sys=0.00, real=0.16 secs] 
[GC (Allocation Failure) [ParNew: 613440K->27632K(613440K), 0.0656743 secs] 1565969K->1043885K(2010624K), 0.0657211 secs] [Times: user=0.28 sys=0.00, real=0.07 secs] 
[GC (Allocation Failure) [ParNew: 572976K->68096K(613440K), 0.1405577 secs] 1589229K->1134626K(2010624K), 0.1406142 secs] [Times: user=0.70 sys=0.00, real=0.14 secs] 
[GC (Allocation Failure) [ParNew: 613440K->20579K(613440K), 0.0618049 secs] 1679970K->1150950K(2010624K), 0.0618550 secs] [Times: user=0.22 sys=0.00, real=0.06 secs] 
[GC (Allocation Failure) [ParNew: 565923K->68096K(613440K), 0.1309335 secs] 1696294K->1247490K(2010624K), 0.1310181 secs] [Times: user=0.52 sys=0.00, real=0.12 secs] 
[GC (CMS Initial Mark) [1 CMS-initial-mark: 1179394K(1397184K)] 1247492K(2010624K), 0.0086985 secs] [Times: user=0.00 sys=0.00, real=0.00 secs] 
[CMS-concurrent-mark-start]
[CMS-concurrent-mark: 1.242/1.242 secs] [Times: user=3.76 sys=0.02, real=1.25 secs] 
[CMS-concurrent-preclean-start]
[CMS-concurrent-preclean: 0.005/0.005 secs] [Times: user=0.03 sys=0.00, real=0.01 secs] 
[CMS-concurrent-abortable-preclean-start]
[GC (Allocation Failure) [ParNew: 613440K->27413K(613440K), 0.0675631 secs] 1792834K->1270356K(2010624K), 0.0676240 secs] [Times: user=0.26 sys=0.00, real=0.07 secs] 
[CMS-concurrent-abortable-preclean: 0.615/1.299 secs] [Times: user=2.51 sys=0.00, real=1.30 secs] 
[GC (CMS Final Remark) [YG occupancy: 335301 K (613440 K)][Rescan (parallel) , 0.0590256 secs][weak refs processing, 0.0000244 secs][class unloading, 0.0061944 secs][scrub symbol table, 0.0010503 secs][scrub string table, 0.0003509 secs][1 CMS-remark: 1242943K(1397184K)] 1578245K(2010624K), 0.0675278 secs] [Times: user=0.36 sys=0.00, real=0.06 secs] 
[CMS-concurrent-sweep-start]
[GC (Allocation Failure) [ParNew: 572757K->68096K(613440K), 0.1136115 secs] 1685904K->1227751K(2010624K), 0.1136609 secs] [Times: user=0.59 sys=0.00, real=0.11 secs] 
[CMS-concurrent-sweep: 0.864/0.978 secs] [Times: user=2.37 sys=0.00, real=0.98 secs] 
[CMS-concurrent-reset-start]
[CMS-concurrent-reset: 0.003/0.003 secs] [Times: user=0.00 sys=0.00, real=0.00 secs] 
[GC (Allocation Failure) [ParNew: 613440K->27429K(613440K), 0.0504843 secs] 1419912K->897418K(2010624K), 0.0505363 secs] [Times: user=0.14 sys=0.00, real=0.04 secs] 
[GC (Allocation Failure) [ParNew: 572773K->68096K(613440K), 0.1066248 secs] 1442762K->983946K(2010624K), 0.1066729 secs] [Times: user=0.48 sys=0.00, real=0.10 secs] 
[GC (Allocation Failure) [ParNew (1: promotion failure size = 4167)  (2: promotion failure size = 4167)  (3: promotion failure size = 4167)  (promotion failed): 613440K->572747K(613440K), 0.1799511 secs][CMS: 979576K->757578K(1397184K), 1.8506899 secs] 1529290K->757578K(2010624K), [Metaspace: 9991K->9991K(10240K)], 2.0307052 secs] [Times: user=2.14 sys=0.00, real=2.03 secs] 

*** PauseDetector detected a 2031 ms pause at Fri Dec 19 18:18:27 EET 2014 ***

[GC (Allocation Failure) [ParNew: 545344K->68096K(613440K), 0.0921342 secs] 1302922K->872026K(2010624K), 0.0921855 secs] [Times: user=0.44 sys=0.00, real=0.08 secs] 
[GC (Allocation Failure) [ParNew: 613440K->27427K(613440K), 0.0515185 secs] 1417370K->895598K(2010624K), 0.0515667 secs] [Times: user=0.19 sys=0.00, real=0.05 secs] 
[GC (Allocation Failure) [ParNew: 572771K->68096K(613440K), 0.0856029 secs] 1440942K->981173K(2010624K), 0.0856485 secs] [Times: user=0.34 sys=0.00, real=0.08 secs] 
[GC (Allocation Failure) [ParNew: 613440K->34286K(613440K), 0.0590718 secs] 1526517K->1011267K(2010624K), 0.0591180 secs] [Times: user=0.19 sys=0.00, real=0.05 secs] 
[GC (Allocation Failure) [ParNew: 579630K->68096K(613440K), 0.0772137 secs] 1556611K->1088426K(2010624K), 0.0772637 secs] [Times: user=0.42 sys=0.00, real=0.07 secs] 
[GC (Allocation Failure) [ParNew: 613440K->34230K(613440K), 0.0449514 secs] 1633770K->1118321K(2010624K), 0.0450098 secs] [Times: user=0.13 sys=0.00, real=0.04 secs] 
[GC (Allocation Failure) [ParNew: 579574K->68096K(613440K), 0.0786200 secs] 1663665K->1195210K(2010624K), 0.0786681 secs] [Times: user=0.33 sys=0.00, real=0.07 secs] 
[GC (Allocation Failure) [ParNew: 613440K->34221K(613440K), 0.0364082 secs] 1740554K->1224938K(2010624K), 0.0364543 secs] [Times: user=0.08 sys=0.00, real=0.03 secs] 
[GC (CMS Initial Mark) [1 CMS-initial-mark: 1190716K(1397184K)] 1235847K(2010624K), 0.0039977 secs] [Times: user=0.00 sys=0.00, real=0.01 secs] 
[CMS-concurrent-mark-start]
[CMS-concurrent-mark: 1.135/1.135 secs] [Times: user=3.73 sys=0.00, real=1.14 secs] 
[CMS-concurrent-preclean-start]
[CMS-concurrent-preclean: 0.112/0.120 secs] [Times: user=0.25 sys=0.00, real=0.12 secs] 
[CMS-concurrent-abortable-preclean-start]
[GC (Allocation Failure) [ParNew[CMS-concurrent-abortable-preclean: 0.063/0.387 secs] [Times: user=0.73 sys=0.00, real=0.39 secs] 
: 579565K->68096K(613440K), 0.0778123 secs] 1770282K->1301567K(2010624K), 0.0778617 secs] [Times: user=0.30 sys=0.00, real=0.07 secs] 
[GC (CMS Final Remark) [YG occupancy: 79005 K (613440 K)][Rescan (parallel) , 0.0406445 secs][weak refs processing, 0.0000154 secs][class unloading, 0.0052949 secs][scrub symbol table, 0.0010573 secs][scrub string table, 0.0004684 secs][1 CMS-remark: 1233471K(1397184K)] 1312476K(2010624K), 0.0483819 secs] [Times: user=0.23 sys=0.00, real=0.05 secs] 
[CMS-concurrent-sweep-start]
[CMS-concurrent-sweep: 0.690/0.690 secs] [Times: user=1.42 sys=0.00, real=0.70 secs] 
[CMS-concurrent-reset-start]
[CMS-concurrent-reset: 0.003/0.003 secs] [Times: user=0.00 sys=0.00, real=0.00 secs] 
[GC (Allocation Failure) [ParNew: 613440K->41060K(613440K), 0.0398175 secs] 1301523K->792611K(2010624K), 0.0398624 secs] [Times: user=0.12 sys=0.00, real=0.03 secs] 
[GC (Allocation Failure) [ParNew: 586404K->68096K(613440K), 0.0718629 secs] 1337955K->862425K(2010624K), 0.0719130 secs] [Times: user=0.25 sys=0.00, real=0.07 secs] 
[GC (Allocation Failure) [ParNew: 613440K->27275K(613440K), 0.0360970 secs] 1407769K->884781K(2010624K), 0.0362670 secs] [Times: user=0.11 sys=0.00, real=0.03 secs] 
[GC (Allocation Failure) [ParNew (0: promotion failure size = 61)  (1: promotion failure size = 2779)  (2: promotion failure size = 61)  (3: promotion failure size = 61)  (4: promotion failure size = 61)  (5: promotion failure size = 61)  (6: promotion failure size = 61)  (7: promotion failure size = 61)  (promotion failed): 572619K->613440K(613440K), 1.5747218 secs][CMS: 883352K->752929K(1397184K), 1.7195287 secs] 1430125K->752929K(2010624K), [Metaspace: 9991K->9991K(10240K)], 3.2943383 secs] [Times: user=3.46 sys=0.36, real=3.29 secs] 

*** PauseDetector detected a 3292 ms pause at Fri Dec 19 18:18:51 EET 2014 ***

[GC (Allocation Failure) [ParNew: 545344K->27418K(613440K), 0.0068617 secs] 1298273K->780347K(2010624K), 0.0069104 secs] [Times: user=0.00 sys=0.00, real=0.01 secs] 
[GC (Allocation Failure) [ParNew: 572762K->68096K(613440K), 0.0621912 secs] 1325691K->865173K(2010624K), 0.0622431 secs] [Times: user=0.19 sys=0.00, real=0.06 secs] 
[GC (Allocation Failure) [ParNew: 613440K->13451K(613440K), 0.0390777 secs] 1410517K->873235K(2010624K), 0.0391284 secs] [Times: user=0.09 sys=0.00, real=0.03 secs] 
[GC (Allocation Failure) [ParNew: 558795K->68096K(613440K), 0.0643013 secs] 1418579K->973386K(2010624K), 0.0643501 secs] [Times: user=0.26 sys=0.00, real=0.06 secs] 
[GC (Allocation Failure) [ParNew: 613440K->32448K(613440K), 0.0421387 secs] 1518730K->997415K(2010624K), 0.0421868 secs] [Times: user=0.16 sys=0.00, real=0.03 secs] 
[GC (Allocation Failure) [ParNew: 577792K->68096K(613440K), 0.0608637 secs] 1542759K->1074145K(2010624K), 0.0609202 secs] [Times: user=0.20 sys=0.00, real=0.06 secs] 
[GC (Allocation Failure) [ParNew: 613440K->27278K(613440K), 0.0320268 secs] 1619489K->1096805K(2010624K), 0.0320762 secs] [Times: user=0.08 sys=0.00, real=0.03 secs] 
[GC (Allocation Failure) [ParNew: 572622K->68096K(613440K), 0.0606366 secs] 1642149K->1178603K(2010624K), 0.0607624 secs] [Times: user=0.28 sys=0.00, real=0.06 secs] 
[GC (Allocation Failure) [ParNew: 613440K->27413K(613440K), 0.0451605 secs] 1723947K->1201372K(2010624K), 0.0452061 secs] [Times: user=0.20 sys=0.00, real=0.04 secs] 
[GC (CMS Initial Mark) [1 CMS-initial-mark: 1173958K(1397184K)] 1212343K(2010624K), 0.0032829 secs] [Times: user=0.00 sys=0.00, real=0.01 secs] 
[CMS-concurrent-mark-start]
[CMS-concurrent-mark: 1.140/1.140 secs] [Times: user=3.74 sys=0.00, real=1.14 secs] 
[CMS-concurrent-preclean-start]
[CMS-concurrent-preclean: 0.080/0.086 secs] [Times: user=0.16 sys=0.00, real=0.09 secs] 
[CMS-concurrent-abortable-preclean-start]
[GC (Allocation Failure) [ParNew: 572757K->68096K(613440K), 0.0602299 secs] 1746716K->1287081K(2010624K), 0.0602773 secs] [Times: user=0.22 sys=0.00, real=0.06 secs] 
[CMS-concurrent-abortable-preclean: 0.570/1.236 secs] [Times: user=2.00 sys=0.00, real=1.24 secs] 
[GC (CMS Final Remark) [YG occupancy: 386064 K (613440 K)][Rescan (parallel) , 0.0765695 secs][weak refs processing, 0.0000160 secs][class unloading, 0.0054380 secs][scrub symbol table, 0.0010567 secs][scrub string table, 0.0003529 secs][1 CMS-remark: 1218985K(1397184K)] 1605050K(2010624K), 0.0842601 secs] [Times: user=0.36 sys=0.00, real=0.08 secs] 
[CMS-concurrent-sweep-start]
[GC (Allocation Failure) [ParNew: 613440K->25849K(613440K), 0.0299571 secs] 1320963K->792620K(2010624K), 0.0300078 secs] [Times: user=0.06 sys=0.00, real=0.03 secs] 
[CMS-concurrent-sweep: 0.546/0.576 secs] [Times: user=1.22 sys=0.00, real=0.58 secs] 
[CMS-concurrent-reset-start]
[CMS-concurrent-reset: 0.003/0.003 secs] [Times: user=0.00 sys=0.00, real=0.00 secs] 
[GC (Allocation Failure) [ParNew: 571193K->68096K(613440K), 0.0586266 secs] 1319946K->861954K(2010624K), 0.0586760 secs] [Times: user=0.20 sys=0.00, real=0.06 secs] 
[GC (Allocation Failure) [ParNew: 613440K->25678K(613440K), 0.0387031 secs] 1407298K->878651K(2010624K), 0.0387544 secs] [Times: user=0.19 sys=0.00, real=0.04 secs] 
[GC (Allocation Failure) [ParNew: 571022K->68096K(613440K), 0.0583019 secs] 1423995K->961723K(2010624K), 0.0583507 secs] [Times: user=0.20 sys=0.00, real=0.05 secs] 
[GC (Allocation Failure) [ParNew: 613440K->40962K(613440K), 0.1242168 secs] 1507067K->997984K(2010624K), 0.1242835 secs] [Times: user=0.14 sys=0.00, real=0.12 secs] 
[GC (Allocation Failure) [ParNew (0: promotion failure size = 1854)  (1: promotion failure size = 1854)  (2: promotion failure size = 1854)  (3: promotion failure size = 1854)  (4: promotion failure size = 1854)  (5: promotion failure size = 1854)  (6: promotion failure size = 1854)  (7: promotion failure size = 1854)  (promotion failed): 586306K->613440K(613440K), 1.4669851 secs][CMS: 975805K->751210K(1397184K), 1.5936848 secs] 1543328K->751210K(2010624K), [Metaspace: 9991K->9991K(10240K)], 3.0608105 secs] [Times: user=3.24 sys=0.16, real=3.06 secs] 

*** PauseDetector detected a 3063 ms pause at Fri Dec 19 18:19:18 EET 2014 ***

[GC (Allocation Failure) [ParNew: 545344K->27374K(613440K), 0.0068623 secs] 1296554K->778585K(2010624K), 0.0069617 secs] [Times: user=0.00 sys=0.00, real=0.01 secs] 
[GC (Allocation Failure) [ParNew: 572718K->68096K(613440K), 0.0528274 secs] 1323929K->861901K(2010624K), 0.0528787 secs] [Times: user=0.20 sys=0.00, real=0.05 secs] 
[GC (Allocation Failure) [ParNew: 613440K->40162K(613440K), 0.0298615 secs] 1407245K->896085K(2010624K), 0.0299167 secs] [Times: user=0.13 sys=0.00, real=0.03 secs] 
[GC (Allocation Failure) [ParNew: 585506K->68096K(613440K), 0.0517636 secs] 1441429K->965718K(2010624K), 0.0518124 secs] [Times: user=0.22 sys=0.00, real=0.05 secs] 
[GC (Allocation Failure) [ParNew: 613440K->26690K(613440K), 0.0279227 secs] 1511062K->986108K(2010624K), 0.0280491 secs] [Times: user=0.08 sys=0.00, real=0.03 secs] 
[GC (Allocation Failure) [ParNew: 572034K->68096K(613440K), 0.0529050 secs] 1531452K->1071840K(2010624K), 0.0529544 secs] [Times: user=0.20 sys=0.00, real=0.05 secs] 
[GC (Allocation Failure) [ParNew: 613440K->19276K(613440K), 0.0271027 secs] 1617184K->1082034K(2010624K), 0.0271528 secs] [Times: user=0.14 sys=0.00, real=0.03 secs] 
[Full GC (System.gc()) [CMS: 1062758K->705612K(1397184K), 1.4085434 secs] 1148086K->705612K(2010624K), [Metaspace: 9991K->9991K(10240K)], 1.4088475 secs] [Times: user=1.40 sys=0.00, real=1.40 secs] 
[Full GC (System.gc()) [CMS: 705612K->705628K(1397184K), 1.3485457 secs] 716521K->705628K(2010624K), [Metaspace: 9991K->9991K(10240K)], 1.3487812 secs] [Times: user=1.36 sys=0.00, real=1.35 secs] 
[Full GC (System.gc()) [CMS: 705628K->705628K(1397184K), 1.3092236 secs] 705628K->705628K(2010624K), [Metaspace: 9991K->9991K(10240K)]
*** PauseDetector detected a 1407 ms pause at Fri Dec 19 18:19:30 EET 2014 ***

, 1.3094622 secs] [Times: user=1.31 sys=0.00, real=1.31 secs] 

*** PauseDetector detected a 2668 ms pause at Fri Dec 19 18:19:32 EET 2014 ***

[GC (Allocation Failure) [ParNew: 545344K->50085K(613440K), 0.0169004 secs] 1250972K->755714K(2010624K), 0.0169511 secs] [Times: user=0.08 sys=0.00, real=0.02 secs] 
[GC (Allocation Failure) [ParNew: 595429K->23926K(613440K), 0.0208570 secs] 1301058K->770750K(2010624K), 0.0209064 secs] [Times: user=0.11 sys=0.00, real=0.02 secs] 
[GC (Allocation Failure) [ParNew: 569270K->68096K(613440K), 0.0616477 secs] 1316094K->857608K(2010624K), 0.0617087 secs] [Times: user=0.20 sys=0.00, real=0.06 secs] 
[GC (Allocation Failure) [ParNew: 613440K->19428K(613440K), 0.0270200 secs] 1402952K->869866K(2010624K), 0.0271425 secs] [Times: user=0.12 sys=0.00, real=0.02 secs] 
[GC (Allocation Failure) [ParNew: 564772K->68096K(613440K), 0.1732698 secs] 1415210K->986718K(2010624K), 0.1733320 secs] [Times: user=0.76 sys=0.00, real=0.17 secs] 
[GC (Allocation Failure) [ParNew: 613440K->27228K(613440K), 0.0779579 secs] 1532062K->1010470K(2010624K), 0.0780118 secs] [Times: user=0.23 sys=0.00, real=0.07 secs] 
[Full GC (System.gc()) [CMS: 983241K->762978K(1397184K), 1.7257103 secs] 1217815K->762978K(2010624K), [Metaspace: 9991K->9991K(10240K)], 1.7259156 secs] [Times: user=1.72 sys=0.00, real=1.72 secs] 
[Full GC (System.gc()) [CMS: 762978K->762889K(1397184K), 1.5725776 secs] 762980K->762889K(2010624K), [Metaspace: 9991K->9991K(10240K)], 1.5727887 secs] [Times: user=1.58 sys=0.00, real=1.57 secs] 
[Full GC (System.gc()) [CMS: 762889K->762245K(1397184K), 1.7316865 secs] 773796K->762245K(2010624K), [Metaspace: 9991K->9991K(10240K)]
*** PauseDetector detected a 1719 ms pause at Fri Dec 19 18:19:44 EET 2014 ***

, 1.7319457 secs] [Times: user=1.73 sys=0.00, real=1.73 secs] 
********************************
********** ROUND   67 **********
********************************

*** PauseDetector detected a 3348 ms pause at Fri Dec 19 18:19:47 EET 2014 ***

[GC (Allocation Failure) [ParNew: 545344K->7540K(613440K), 0.0068212 secs] 1307589K->769785K(2010624K), 0.0069322 secs] [Times: user=0.00 sys=0.00, real=0.01 secs] 
[GC (Allocation Failure) [ParNew: 552884K->68096K(613440K), 0.1567845 secs] 1315129K->893024K(2010624K), 0.1568319 secs] [Times: user=0.76 sys=0.00, real=0.16 secs] 
[GC (Allocation Failure) [ParNew: 613440K->19859K(613440K), 0.0606084 secs] 1438368K->908925K(2010624K), 0.0606732 secs] [Times: user=0.22 sys=0.00, real=0.06 secs] 
[GC (Allocation Failure) [ParNew: 565203K->68096K(613440K), 0.1358454 secs] 1454269K->1008155K(2010624K), 0.1358960 secs] [Times: user=0.59 sys=0.00, real=0.13 secs] 
[GC (Allocation Failure) [ParNew: 613440K->40625K(613440K), 0.0550658 secs] 1553499K->1043966K(2010624K), 0.0551159 secs] [Times: user=0.25 sys=0.00, real=0.05 secs] 
[GC (Allocation Failure) [ParNew: 585969K->68096K(613440K), 0.1242700 secs] 1589310K->1120419K(2010624K), 0.1243156 secs] [Times: user=0.53 sys=0.00, real=0.12 secs] 
[GC (Allocation Failure) [ParNew: 613440K->20520K(613440K), 0.0549272 secs] 1665763K->1136540K(2010624K), 0.0549760 secs] [Times: user=0.20 sys=0.00, real=0.05 secs] 
[GC (Allocation Failure) [ParNew: 565864K->68094K(613440K), 0.1073549 secs] 1681884K->1230748K(2010624K), 0.1074056 secs] [Times: user=0.53 sys=0.00, real=0.10 secs] 
[GC (Allocation Failure) [ParNew: 613438K->27352K(613440K), 0.0518291 secs] 1776092K->1253423K(2010624K), 0.0518759 secs] [Times: user=0.19 sys=0.00, real=0.05 secs] 
[GC (CMS Initial Mark) [1 CMS-initial-mark: 1226071K(1397184K)] 1264332K(2010624K), 0.0032971 secs] [Times: user=0.00 sys=0.00, real=0.00 secs] 
[CMS-concurrent-mark-start]
[CMS-concurrent-mark: 1.219/1.219 secs] [Times: user=4.04 sys=0.00, real=1.22 secs] 
[CMS-concurrent-preclean-start]
[CMS-concurrent-preclean: 0.178/0.190 secs] [Times: user=0.37 sys=0.00, real=0.19 secs] 
[CMS-concurrent-abortable-preclean-start]
[GC (Allocation Failure) [ParNew: 572696K->68096K(613440K), 0.1098128 secs] 1798767K->1339947K(2010624K), 0.1098660 secs] [Times: user=0.50 sys=0.00, real=0.10 secs] 
[CMS-concurrent-abortable-preclean: 0.809/1.429 secs] [Times: user=2.62 sys=0.00, real=1.43 secs] 
[GC (CMS Final Remark) [YG occupancy: 451912 K (613440 K)][Rescan (parallel) , 0.1004843 secs][weak refs processing, 0.0000192 secs][class unloading, 0.0056452 secs][scrub symbol table, 0.0013127 secs][scrub string table, 0.0003522 secs][1 CMS-remark: 1271851K(1397184K)] 1723764K(2010624K), 0.1086393 secs] [Times: user=0.45 sys=0.00, real=0.10 secs] 
[CMS-concurrent-sweep-start]
[GC (Allocation Failure) [ParNew: 613440K->20568K(613440K), 0.0545859 secs] 1885291K->1356013K(2010624K), 0.0546366 secs] [Times: user=0.20 sys=0.00, real=0.05 secs] 
[CMS-concurrent-sweep: 0.816/0.871 secs] [Times: user=2.14 sys=0.00, real=0.88 secs] 
[CMS-concurrent-reset-start]
[CMS-concurrent-reset: 0.003/0.003 secs] [Times: user=0.00 sys=0.00, real=0.00 secs] 
[GC (Allocation Failure) [ParNew: 565912K->68096K(613440K), 0.1286969 secs] 1321645K->870870K(2010624K), 0.1287470 secs] [Times: user=0.51 sys=0.00, real=0.13 secs] 
[GC (Allocation Failure) [ParNew (0: promotion failure size = 4167)  (5: promotion failure size = 4167)  (6: promotion failure size = 4167)  (7: promotion failure size = 4167)  (promotion failed): 613440K->565409K(613440K), 0.1783960 secs][CMS: 864344K->757054K(1397184K), 1.7629736 secs] 1416214K->757054K(2010624K), [Metaspace: 9991K->9991K(10240K)], 1.9415127 secs] [Times: user=2.03 sys=0.00, real=1.94 secs] 

*** PauseDetector detected a 1938 ms pause at Fri Dec 19 18:20:10 EET 2014 ***

[GC (Allocation Failure) [ParNew: 545344K->68096K(613440K), 0.0844577 secs] 1302398K->871920K(2010624K), 0.0845090 secs] [Times: user=0.30 sys=0.00, real=0.08 secs] 
[GC (Allocation Failure) [ParNew: 613440K->40525K(613440K), 0.0399862 secs] 1417264K->907297K(2010624K), 0.0400375 secs] [Times: user=0.16 sys=0.00, real=0.03 secs] 
[GC (Allocation Failure) [ParNew: 585869K->68096K(613440K), 0.0815680 secs] 1452641K->979844K(2010624K), 0.0816181 secs] [Times: user=0.33 sys=0.00, real=0.08 secs] 
[GC (Allocation Failure) [ParNew: 613440K->33427K(613440K), 0.0423536 secs] 1525188K->1007666K(2010624K), 0.0424011 secs] [Times: user=0.14 sys=0.00, real=0.04 secs] 
[GC (Allocation Failure) [ParNew: 578771K->68096K(613440K), 0.0774446 secs] 1553010K->1086540K(2010624K), 0.0774960 secs] [Times: user=0.28 sys=0.00, real=0.07 secs] 
[GC (Allocation Failure) [ParNew: 613440K->20161K(613440K), 0.0469088 secs] 1631884K->1101062K(2010624K), 0.0469569 secs] [Times: user=0.19 sys=0.00, real=0.04 secs] 
[GC (Allocation Failure) [ParNew: 565505K->68096K(613440K), 0.0735727 secs] 1646406K->1191745K(2010624K), 0.0736247 secs] [Times: user=0.30 sys=0.00, real=0.07 secs] 
[GC (Allocation Failure) [ParNew: 613440K->27393K(613440K), 0.0368265 secs] 1737089K->1214488K(2010624K), 0.0369419 secs] [Times: user=0.12 sys=0.00, real=0.03 secs] 
[GC (CMS Initial Mark) [1 CMS-initial-mark: 1187094K(1397184K)] 1225464K(2010624K), 0.0028916 secs] [Times: user=0.02 sys=0.00, real=0.01 secs] 
[CMS-concurrent-mark-start]
[CMS-concurrent-mark: 1.145/1.145 secs] [Times: user=3.67 sys=0.00, real=1.15 secs] 
[CMS-concurrent-preclean-start]
[CMS-concurrent-preclean: 0.105/0.111 secs] [Times: user=0.22 sys=0.00, real=0.11 secs] 
[CMS-concurrent-abortable-preclean-start]
[GC (Allocation Failure) [ParNew[CMS-concurrent-abortable-preclean: 0.095/0.624 secs] [Times: user=0.98 sys=0.01, real=0.62 secs] 
: 572737K->68096K(613440K), 0.0749758 secs] 1759832K->1298334K(2010624K), 0.0750265 secs] [Times: user=0.34 sys=0.00, real=0.07 secs] 
[GC (CMS Final Remark) [YG occupancy: 79003 K (613440 K)][Rescan (parallel) , 0.0383213 secs][weak refs processing, 0.0000154 secs][class unloading, 0.0053649 secs][scrub symbol table, 0.0011176 secs][scrub string table, 0.0003548 secs][1 CMS-remark: 1230238K(1397184K)] 1309241K(2010624K), 0.0460068 secs] [Times: user=0.17 sys=0.00, real=0.05 secs] 
[CMS-concurrent-sweep-start]
[CMS-concurrent-sweep: 0.579/0.579 secs] [Times: user=1.15 sys=0.00, real=0.58 secs] 
[CMS-concurrent-reset-start]
[CMS-concurrent-reset: 0.003/0.003 secs] [Times: user=0.00 sys=0.00, real=0.00 secs] 
[GC (Allocation Failure) [ParNew: 613440K->27159K(613440K), 0.0496451 secs] 1301382K->777912K(2010624K), 0.0496920 secs] [Times: user=0.20 sys=0.00, real=0.04 secs] 
[GC (Allocation Failure) [ParNew: 572503K->68096K(613440K), 0.0686538 secs] 1323256K->861116K(2010624K), 0.0687038 secs] [Times: user=0.26 sys=0.00, real=0.07 secs] 
[GC (Allocation Failure) [ParNew: 613440K->34263K(613440K), 0.0327775 secs] 1406460K->890761K(2010624K), 0.0329308 secs] [Times: user=0.13 sys=0.00, real=0.03 secs] 
[GC (Allocation Failure) [ParNew (0: promotion failure size = 65)  (1: promotion failure size = 65)  (2: promotion failure size = 65)  (3: promotion failure size = 65)  (4: promotion failure size = 65)  (5: promotion failure size = 65)  (6: promotion failure size = 65)  (7: promotion failure size = 65)  (promotion failed): 579607K->613440K(613440K), 1.7289695 secs][CMS: 882504K->752746K(1397184K), 1.9207558 secs] 1436105K->752746K(2010624K), [Metaspace: 9991K->9991K(10240K)], 3.6498644 secs] [Times: user=4.10 sys=0.52, real=3.65 secs] 

*** PauseDetector detected a 3649 ms pause at Fri Dec 19 18:20:34 EET 2014 ***

[GC (Allocation Failure) [ParNew: 545344K->27377K(613440K), 0.0075488 secs] 1298090K->780124K(2010624K), 0.0076142 secs] [Times: user=0.06 sys=0.00, real=0.01 secs] 
[GC (Allocation Failure) [ParNew: 572721K->68096K(613440K), 0.0617029 secs] 1325468K->866908K(2010624K), 0.0618665 secs] [Times: user=0.26 sys=0.00, real=0.06 secs] 
[GC (Allocation Failure) [ParNew: 613440K->25849K(613440K), 0.0353919 secs] 1412252K->884499K(2010624K), 0.0354419 secs] [Times: user=0.13 sys=0.00, real=0.03 secs] 
[GC (Allocation Failure) [ParNew: 571193K->68096K(613440K), 0.0603492 secs] 1429843K->969127K(2010624K), 0.0603967 secs] [Times: user=0.22 sys=0.00, real=0.06 secs] 
[GC (Allocation Failure) [ParNew: 613440K->33545K(613440K), 0.0316765 secs] 1514471K->996987K(2010624K), 0.0317246 secs] [Times: user=0.09 sys=0.00, real=0.03 secs] 
[GC (Allocation Failure) [ParNew: 578889K->68096K(613440K), 0.0615746 secs] 1542331K->1076369K(2010624K), 0.0616234 secs] [Times: user=0.25 sys=0.00, real=0.06 secs] 
[GC (Allocation Failure) [ParNew: 613440K->25870K(613440K), 0.0308361 secs] 1621713K->1093696K(2010624K), 0.0308803 secs] [Times: user=0.14 sys=0.00, real=0.03 secs] 
[GC (Allocation Failure) [ParNew: 571214K->68096K(613440K), 0.0600098 secs] 1639040K->1177738K(2010624K), 0.0600586 secs] [Times: user=0.25 sys=0.00, real=0.06 secs] 
[GC (Allocation Failure) [ParNew: 613440K->20215K(613440K), 0.0298840 secs] 1723082K->1192316K(2010624K), 0.0299353 secs] [Times: user=0.06 sys=0.00, real=0.03 secs] 
[GC (CMS Initial Mark) [1 CMS-initial-mark: 1172100K(1397184K)] 1192318K(2010624K), 0.0048067 secs] [Times: user=0.00 sys=0.00, real=0.00 secs] 
[CMS-concurrent-mark-start]
[CMS-concurrent-mark: 1.194/1.194 secs] [Times: user=3.82 sys=0.00, real=1.20 secs] 
[CMS-concurrent-preclean-start]
[CMS-concurrent-preclean: 0.077/0.082 secs] [Times: user=0.19 sys=0.00, real=0.08 secs] 
[CMS-concurrent-abortable-preclean-start]
[GC (Allocation Failure) [ParNew[CMS-concurrent-abortable-preclean: 0.058/0.361 secs] [Times: user=0.61 sys=0.00, real=0.36 secs] 
: 565559K->68096K(613440K), 0.0620847 secs] 1737660K->1282651K(2010624K), 0.0621976 secs] [Times: user=0.25 sys=0.00, real=0.06 secs] 
[GC (CMS Final Remark) [YG occupancy: 79005 K (613440 K)][Rescan (parallel) , 0.0281966 secs][weak refs processing, 0.0000154 secs][class unloading, 0.0052539 secs][scrub symbol table, 0.0010548 secs][scrub string table, 0.0003516 secs][1 CMS-remark: 1214555K(1397184K)] 1293560K(2010624K), 0.0356896 secs] [Times: user=0.14 sys=0.00, real=0.03 secs] 
[CMS-concurrent-sweep-start]
[CMS-concurrent-sweep: 0.588/0.588 secs] [Times: user=1.19 sys=0.00, real=0.59 secs] 
[CMS-concurrent-reset-start]
[CMS-concurrent-reset: 0.003/0.003 secs] [Times: user=0.00 sys=0.00, real=0.00 secs] 
[GC (Allocation Failure) [ParNew: 613440K->40137K(613440K), 0.0315501 secs] 1300001K->788416K(2010624K), 0.0315925 secs] [Times: user=0.11 sys=0.00, real=0.03 secs] 
[GC (Allocation Failure) [ParNew: 585481K->68096K(613440K), 0.0572895 secs] 1333760K->859335K(2010624K), 0.0573838 secs] [Times: user=0.19 sys=0.00, real=0.06 secs] 
[GC (Allocation Failure) [ParNew: 613440K->33079K(613440K), 0.0301355 secs] 1404679K->885536K(2010624K), 0.0301861 secs] [Times: user=0.13 sys=0.00, real=0.02 secs] 
[GC (Allocation Failure) [ParNew: 578423K->68096K(613440K), 0.0586291 secs] 1430880K->961109K(2010624K), 0.0586792 secs] [Times: user=0.23 sys=0.00, real=0.05 secs] 
[GC (Allocation Failure) [ParNew (0: promotion failure size = 1854)  (1: promotion failure size = 1854)  (3: promotion failure size = 1854)  (5: promotion failure size = 1854)  (6: promotion failure size = 1854)  (promotion failed): 613440K->579492K(613440K), 0.2244156 secs][CMS: 956326K->752287K(1397184K), 1.6229490 secs] 1506453K->752287K(2010624K), [Metaspace: 9991K->9991K(10240K)], 1.8474288 secs] [Times: user=1.89 sys=0.00, real=1.84 secs] 

*** PauseDetector detected a 1849 ms pause at Fri Dec 19 18:20:58 EET 2014 ***

[GC (Allocation Failure) [ParNew: 545344K->68096K(613440K), 0.0502938 secs] 1297631K->862486K(2010624K), 0.0503451 secs] [Times: user=0.20 sys=0.00, real=0.05 secs] 
[GC (Allocation Failure) [ParNew: 613440K->26895K(613440K), 0.0391913 secs] 1407830K->883968K(2010624K), 0.0392356 secs] [Times: user=0.12 sys=0.00, real=0.04 secs] 
[GC (Allocation Failure) [ParNew: 572239K->68096K(613440K), 0.0520158 secs] 1429312K->965150K(2010624K), 0.0520626 secs] [Times: user=0.20 sys=0.00, real=0.05 secs] 
[GC (Allocation Failure) [ParNew: 613440K->20542K(613440K), 0.0284115 secs] 1510494K->981263K(2010624K), 0.0284584 secs] [Times: user=0.09 sys=0.00, real=0.03 secs] 
[GC (Allocation Failure) [ParNew: 565886K->68096K(613440K), 0.0536434 secs] 1526607K->1070007K(2010624K), 0.0536941 secs] [Times: user=0.26 sys=0.00, real=0.05 secs] 
[GC (Allocation Failure) [ParNew: 613440K->26927K(613440K), 0.0292681 secs] 1615351K->1090903K(2010624K), 0.0293194 secs] [Times: user=0.14 sys=0.00, real=0.03 secs] 
[GC (Allocation Failure) [ParNew: 572271K->68096K(613440K), 0.0518868 secs] 1636247K->1172558K(2010624K), 0.0519356 secs] [Times: user=0.22 sys=0.00, real=0.05 secs] 
[Full GC (System.gc()) [CMS: 1104462K->748771K(1397184K), 1.5255758 secs] 1457747K->748771K(2010624K), [Metaspace: 9991K->9991K(10240K)], 1.5258375 secs] [Times: user=1.53 sys=0.00, real=1.53 secs] 
[Full GC (System.gc()) [CMS: 748771K->748771K(1397184K), 1.3276259 secs] 759656K->748771K(2010624K), [Metaspace: 9991K->9991K(10240K)], 1.3278363 secs] [Times: user=1.33 sys=0.00, real=1.32 secs] 
[Full GC (System.gc()) [CMS: 748771K->748772K(1397184K), 1.7134414 secs] 748774K->748772K(2010624K), [Metaspace: 9991K->9991K(10240K)]
*** PauseDetector detected a 2852 ms pause at Fri Dec 19 18:21:12 EET 2014 ***


*** PauseDetector detected a 1722 ms pause at Fri Dec 19 18:21:13 EET 2014 ***

, 1.7136352 secs] [Times: user=1.72 sys=0.00, real=1.71 secs] 
[GC (Allocation Failure) [ParNew: 545344K->68096K(613440K), 0.0603518 secs] 1294116K->859454K(2010624K), 0.0604166 secs] [Times: user=0.19 sys=0.00, real=0.06 secs] 
[GC (Allocation Failure) [ParNew: 613440K->23539K(613440K), 0.0395082 secs] 1404798K->876132K(2010624K), 0.0395660 secs] [Times: user=0.19 sys=0.00, real=0.04 secs] 
[GC (Allocation Failure) [ParNew: 568883K->68096K(613440K), 0.1609393 secs] 1421476K->988739K(2010624K), 0.1609906 secs] [Times: user=0.75 sys=0.00, real=0.16 secs] 
[GC (Allocation Failure) [ParNew: 613440K->27658K(613440K), 0.0794335 secs] 1534083K->1012779K(2010624K), 0.0794848 secs] [Times: user=0.26 sys=0.00, real=0.08 secs] 
[GC (Allocation Failure) [ParNew: 573002K->68096K(613440K), 0.1924843 secs] 1558123K->1110139K(2010624K), 0.1925498 secs] [Times: user=0.91 sys=0.00, real=0.19 secs] 
[GC (Allocation Failure) [ParNew: 613440K->13723K(613440K), 0.0814455 secs] 1655483K->1119661K(2010624K), 0.0815097 secs] [Times: user=0.34 sys=0.00, real=0.08 secs] 
[Full GC (System.gc()) [CMS: 1105938K->746345K(1397184K), 1.5968722 secs] 1130625K->746345K(2010624K), [Metaspace: 9991K->9991K(10240K)], 1.5971949 secs] [Times: user=1.59 sys=0.00, real=1.59 secs] 
[Full GC (System.gc()) [CMS: 746345K->746345K(1397184K), 1.7821317 secs] 746345K->746345K(2010624K), [Metaspace: 9991K->9991K(10240K)], 1.7823229 secs] [Times: user=1.78 sys=0.00, real=1.78 secs] 
[Full GC (System.gc()) [CMS: 746345K->746346K(1397184K), 1.4025292 secs] 746347K->746346K(2010624K), [Metaspace: 9991K->9991K(10240K)]
*** PauseDetector detected a 3378 ms pause at Fri Dec 19 18:21:27 EET 2014 ***

, 1.4027198 secs] [Times: user=1.40 sys=0.00, real=1.41 secs] 
********************************
********** ROUND   68 **********
********************************

*** PauseDetector detected a 1416 ms pause at Fri Dec 19 18:21:28 EET 2014 ***

[GC (Allocation Failure) [ParNew: 545344K->68096K(613440K), 0.1512592 secs] 1291690K->871089K(2010624K), 0.1513394 secs] [Times: user=0.59 sys=0.00, real=0.15 secs] 
[GC (Allocation Failure) [ParNew: 613440K->34390K(613440K), 0.0621944 secs] 1416433K->901995K(2010624K), 0.0622425 secs] [Times: user=0.23 sys=0.00, real=0.06 secs] 
[GC (Allocation Failure) [ParNew: 579734K->68096K(613440K), 0.1353456 secs] 1447339K->986032K(2010624K), 0.1353937 secs] [Times: user=0.61 sys=0.00, real=0.13 secs] 
[GC (Allocation Failure) [ParNew: 613440K->20543K(613440K), 0.0562213 secs] 1531376K->1002379K(2010624K), 0.0562675 secs] [Times: user=0.16 sys=0.00, real=0.05 secs] 
[GC (Allocation Failure) [ParNew: 565887K->68096K(613440K), 0.1235746 secs] 1547723K->1098924K(2010624K), 0.1236278 secs] [Times: user=0.53 sys=0.00, real=0.12 secs] 
[GC (Allocation Failure) [ParNew: 613440K->34266K(613440K), 0.0568314 secs] 1644268K->1130215K(2010624K), 0.0568776 secs] [Times: user=0.20 sys=0.00, real=0.05 secs] 
[GC (Allocation Failure) [ParNew: 579610K->68096K(613440K), 0.1159674 secs] 1675559K->1212353K(2010624K), 0.1160175 secs] [Times: user=0.48 sys=0.00, real=0.11 secs] 
[GC (Allocation Failure) [ParNew: 613440K->26729K(613440K), 0.0495784 secs] 1757697K->1232883K(2010624K), 0.0496233 secs] [Times: user=0.19 sys=0.00, real=0.05 secs] 
[GC (CMS Initial Mark) [1 CMS-initial-mark: 1206154K(1397184K)] 1243847K(2010624K), 0.0034799 secs] [Times: user=0.00 sys=0.00, real=0.00 secs] 
[CMS-concurrent-mark-start]
[CMS-concurrent-mark: 1.139/1.139 secs] [Times: user=3.87 sys=0.00, real=1.14 secs] 
[CMS-concurrent-preclean-start]
[CMS-concurrent-preclean: 0.206/0.218 secs] [Times: user=0.44 sys=0.00, real=0.22 secs] 
[CMS-concurrent-abortable-preclean-start]
[GC (Allocation Failure) [ParNew[CMS-concurrent-abortable-preclean: 0.073/0.492 secs] [Times: user=0.64 sys=0.00, real=0.49 secs] 
: 572073K->68096K(613440K), 0.1136090 secs] 1778227K->1321224K(2010624K), 0.1136558 secs] [Times: user=0.47 sys=0.00, real=0.11 secs] 
[GC (CMS Final Remark) [YG occupancy: 79130 K (613440 K)][Rescan (parallel) , 0.0600432 secs][weak refs processing, 0.0000167 secs][class unloading, 0.0064774 secs][scrub symbol table, 0.0011228 secs][scrub string table, 0.0003785 secs][1 CMS-remark: 1253128K(1397184K)] 1332258K(2010624K), 0.0690984 secs] [Times: user=0.37 sys=0.00, real=0.07 secs] 
[CMS-concurrent-sweep-start]
[CMS-concurrent-sweep: 0.769/0.769 secs] [Times: user=1.54 sys=0.00, real=0.77 secs] 
[CMS-concurrent-reset-start]
[CMS-concurrent-reset: 0.004/0.004 secs] [Times: user=0.00 sys=0.00, real=0.00 secs] 
[GC (Allocation Failure) [ParNew: 613440K->33679K(613440K), 0.0453716 secs] 1306908K->789501K(2010624K), 0.0454197 secs] [Times: user=0.19 sys=0.00, real=0.04 secs] 
[GC (Allocation Failure) [ParNew: 579023K->68096K(613440K), 0.0904436 secs] 1334845K->869653K(2010624K), 0.0904917 secs] [Times: user=0.42 sys=0.00, real=0.08 secs] 
[GC (Allocation Failure) [ParNew: 613440K->40753K(613440K), 0.0429702 secs] 1414997K->905316K(2010624K), 0.0430157 secs] [Times: user=0.08 sys=0.00, real=0.04 secs] 
[GC (Allocation Failure) [ParNew (0: promotion failure size = 4167)  (1: promotion failure size = 4167)  (2: promotion failure size = 4167)  (3: promotion failure size = 4167)  (4: promotion failure size = 4167)  (5: promotion failure size = 4167)  (6: promotion failure size = 4167)  (7: promotion failure size = 4167)  (promotion failed): 586097K->613440K(613440K), 0.2846512 secs][CMS: 908606K->755382K(1397184K), 1.8363654 secs] 1450660K->755382K(2010624K), [Metaspace: 9991K->9991K(10240K)]
*** PauseDetector detected a 2116 ms pause at Fri Dec 19 18:21:51 EET 2014 ***

, 2.1210930 secs] [Times: user=2.37 sys=0.03, real=2.12 secs] 
[GC (Allocation Failure) [ParNew: 545344K->27352K(613440K), 0.0069560 secs] 1300726K->782735K(2010624K), 0.0069990 secs] [Times: user=0.06 sys=0.00, real=0.01 secs] 
[GC (Allocation Failure) [ParNew: 572696K->68096K(613440K), 0.0773529 secs] 1328079K->867701K(2010624K), 0.0774004 secs] [Times: user=0.28 sys=0.00, real=0.07 secs] 
[GC (Allocation Failure) [ParNew: 613440K->27425K(613440K), 0.0424954 secs] 1413045K->891533K(2010624K), 0.0425429 secs] [Times: user=0.13 sys=0.00, real=0.04 secs] 
[GC (Allocation Failure) [ParNew: 572769K->68096K(613440K), 0.0698901 secs] 1436877K->976583K(2010624K), 0.0700364 secs] [Times: user=0.34 sys=0.00, real=0.07 secs] 
[GC (Allocation Failure) [ParNew: 613440K->33678K(613440K), 0.0383842 secs] 1521927K->1004399K(2010624K), 0.0384349 secs] [Times: user=0.14 sys=0.00, real=0.03 secs] 
[GC (Allocation Failure) [ParNew: 579022K->68096K(613440K), 0.0724461 secs] 1549743K->1082267K(2010624K), 0.0724994 secs] [Times: user=0.33 sys=0.00, real=0.07 secs] 
[GC (Allocation Failure) [ParNew: 613440K->27118K(613440K), 0.0356729 secs] 1627611K->1104291K(2010624K), 0.0357242 secs] [Times: user=0.13 sys=0.00, real=0.03 secs] 
[GC (Allocation Failure) [ParNew: 572462K->68096K(613440K), 0.0701076 secs] 1649635K->1189331K(2010624K), 0.0701550 secs] [Times: user=0.26 sys=0.00, real=0.07 secs] 
[GC (Allocation Failure) [ParNew: 613440K->33524K(613440K), 0.0338386 secs] 1734675K->1216770K(2010624K), 0.0338874 secs] [Times: user=0.13 sys=0.00, real=0.03 secs] 
[GC (CMS Initial Mark) [1 CMS-initial-mark: 1183246K(1397184K)] 1227734K(2010624K), 0.0032188 secs] [Times: user=0.01 sys=0.00, real=0.01 secs] 
[CMS-concurrent-mark-start]
[CMS-concurrent-mark: 1.271/1.271 secs] [Times: user=4.13 sys=0.00, real=1.27 secs] 
[CMS-concurrent-preclean-start]
[CMS-concurrent-preclean: 0.104/0.110 secs] [Times: user=0.22 sys=0.00, real=0.11 secs] 
[CMS-concurrent-abortable-preclean-start]
[GC (Allocation Failure) [ParNew[CMS-concurrent-abortable-preclean: 0.043/0.260 secs] [Times: user=0.40 sys=0.00, real=0.26 secs] 
: 578868K->68096K(613440K), 0.0730415 secs] 1762114K->1293806K(2010624K), 0.0730890 secs] [Times: user=0.25 sys=0.00, real=0.07 secs] 
[GC (CMS Final Remark) [YG occupancy: 79121 K (613440 K)][Rescan (parallel) , 0.0366937 secs][weak refs processing, 0.0000141 secs][class unloading, 0.0055593 secs][scrub symbol table, 0.0012594 secs][scrub string table, 0.0003509 secs][1 CMS-remark: 1225710K(1397184K)] 1304832K(2010624K), 0.0447005 secs] [Times: user=0.20 sys=0.00, real=0.04 secs] 
[CMS-concurrent-sweep-start]
[CMS-concurrent-sweep: 0.626/0.626 secs] [Times: user=1.31 sys=0.00, real=0.63 secs] 
[CMS-concurrent-reset-start]
[CMS-concurrent-reset: 0.003/0.003 secs] [Times: user=0.00 sys=0.00, real=0.00 secs] 
[GC (Allocation Failure) [ParNew: 613440K->13643K(613440K), 0.0431543 secs] 1300860K->764449K(2010624K), 0.0432044 secs] [Times: user=0.11 sys=0.00, real=0.04 secs] 
[GC (Allocation Failure) [ParNew: 558987K->68096K(613440K), 0.0663999 secs] 1309793K->861367K(2010624K), 0.0664525 secs] [Times: user=0.25 sys=0.00, real=0.06 secs] 
[GC (Allocation Failure) [ParNew: 613440K->47914K(613440K), 0.0359173 secs] 1406711K->904281K(2010624K), 0.0359616 secs] [Times: user=0.14 sys=0.00, real=0.04 secs] 
[GC (Allocation Failure) [ParNew: 593258K->68096K(613440K), 0.0910441 secs] 1449625K->965714K(2010624K), 0.0910954 secs] [Times: user=0.27 sys=0.00, real=0.08 secs] 
[GC (Allocation Failure) [ParNew (0: promotion failure size = 1854)  (1: promotion failure size = 1854)  (2: promotion failure size = 1854)  (3: promotion failure size = 1854)  (4: promotion failure size = 1854)  (5: promotion failure size = 1854)  (6: promotion failure size = 1854)  (7: promotion failure size = 1854)  (promotion failed): 613440K->579569K(613440K), 1.9405881 secs][CMS: 945449K->753050K(1397184K), 1.7936300 secs] 1511058K->753050K(2010624K), [Metaspace: 9991K->9991K(10240K)]
*** PauseDetector detected a 3736 ms pause at Fri Dec 19 18:22:18 EET 2014 ***

, 3.7342901 secs] [Times: user=4.13 sys=0.25, real=3.74 secs] 
[GC (Allocation Failure) [ParNew: 545344K->68096K(613440K), 0.0599681 secs] 1298394K->863474K(2010624K), 0.0600489 secs] [Times: user=0.25 sys=0.00, real=0.06 secs] 
[GC (Allocation Failure) [ParNew: 613440K->33908K(613440K), 0.0486520 secs] 1408818K->892604K(2010624K), 0.0486982 secs] [Times: user=0.13 sys=0.00, real=0.04 secs] 
[GC (Allocation Failure) [ParNew: 579252K->68096K(613440K), 0.0597326 secs] 1437948K->970624K(2010624K), 0.0597827 secs] [Times: user=0.25 sys=0.00, real=0.06 secs] 
[GC (Allocation Failure) [ParNew: 613440K->32904K(613440K), 0.0385138 secs] 1515968K->996171K(2010624K), 0.0385651 secs] [Times: user=0.11 sys=0.00, real=0.03 secs] 
[GC (Allocation Failure) [ParNew: 578248K->68096K(613440K), 0.0582878 secs] 1541515K->1072819K(2010624K), 0.0583346 secs] [Times: user=0.28 sys=0.00, real=0.06 secs] 
[GC (Allocation Failure) [ParNew: 613440K->20331K(613440K), 0.0435296 secs] 1618163K->1088085K(2010624K), 0.0435707 secs] [Times: user=0.13 sys=0.00, real=0.03 secs] 
[GC (Allocation Failure) [ParNew: 565675K->68096K(613440K), 0.0587029 secs] 1633429K->1178084K(2010624K), 0.0587504 secs] [Times: user=0.19 sys=0.00, real=0.06 secs] 
[GC (Allocation Failure) [ParNew: 613440K->26854K(613440K), 0.0288517 secs] 1723428K->1198878K(2010624K), 0.0288972 secs] [Times: user=0.06 sys=0.00, real=0.02 secs] 
[GC (CMS Initial Mark) [1 CMS-initial-mark: 1172024K(1397184K)] 1198945K(2010624K), 0.0042062 secs] [Times: user=0.00 sys=0.00, real=0.00 secs] 
[CMS-concurrent-mark-start]
[CMS-concurrent-mark: 1.245/1.245 secs] [Times: user=4.15 sys=0.00, real=1.25 secs] 
[CMS-concurrent-preclean-start]
[CMS-concurrent-preclean: 0.076/0.081 secs] [Times: user=0.16 sys=0.00, real=0.08 secs] 
[CMS-concurrent-abortable-preclean-start]
[GC (Allocation Failure) [ParNew: 572198K->68096K(613440K), 0.0568802 secs] 1744222K->1283378K(2010624K), 0.0569322 secs] [Times: user=0.22 sys=0.00, real=0.06 secs] 
[CMS-concurrent-abortable-preclean: 0.616/1.275 secs] [Times: user=2.11 sys=0.00, real=1.28 secs] 
[GC (CMS Final Remark) [YG occupancy: 431613 K (613440 K)][Rescan (parallel) , 0.0868758 secs][weak refs processing, 0.0000160 secs][class unloading, 0.0054675 secs][scrub symbol table, 0.0010541 secs][scrub string table, 0.0003503 secs][1 CMS-remark: 1215282K(1397184K)] 1646896K(2010624K), 0.0945875 secs] [Times: user=0.34 sys=0.00, real=0.09 secs] 
[CMS-concurrent-sweep-start]
[GC (Allocation Failure) [ParNew: 613440K->26422K(613440K), 0.0333356 secs] 1769157K->1243018K(2010624K), 0.0333870 secs] [Times: user=0.14 sys=0.00, real=0.03 secs] 
[CMS-concurrent-sweep: 0.537/0.571 secs] [Times: user=1.29 sys=0.00, real=0.58 secs] 
[CMS-concurrent-reset-start]
[CMS-concurrent-reset: 0.003/0.003 secs] [Times: user=0.05 sys=0.00, real=0.00 secs] 
[GC (Allocation Failure) [ParNew: 571766K->68096K(613440K), 0.0545936 secs] 1320148K->857175K(2010624K), 0.0546469 secs] [Times: user=0.20 sys=0.00, real=0.05 secs] 
[GC (Allocation Failure) [ParNew: 613440K->40963K(613440K), 0.0318209 secs] 1402519K->893303K(2010624K), 0.0318722 secs] [Times: user=0.11 sys=0.00, real=0.03 secs] 
[GC (Allocation Failure) [ParNew: 586307K->68096K(613440K), 0.0664718 secs] 1438647K->960881K(2010624K), 0.0665192 secs] [Times: user=0.22 sys=0.00, real=0.06 secs] 
[GC (Allocation Failure) [ParNew (0: promotion failure size = 1854)  (1: promotion failure size = 97)  (2: promotion failure size = 1854)  (3: promotion failure size = 97)  (4: promotion failure size = 97)  (5: promotion failure size = 97)  (6: promotion failure size = 97)  (7: promotion failure size = 97)  (promotion failed): 613440K->565868K(613440K), 2.0137233 secs][CMS: 929792K->752281K(1397184K), 1.6501281 secs] 1506225K->752281K(2010624K), [Metaspace: 9991K->9991K(10240K)], 3.6639194 secs] [Times: user=3.79 sys=0.31, real=3.66 secs] 

*** PauseDetector detected a 3662 ms pause at Fri Dec 19 18:22:43 EET 2014 ***

[GC (Allocation Failure) [ParNew: 545344K->68096K(613440K), 0.0487938 secs] 1297625K->861346K(2010624K), 0.0488457 secs] [Times: user=0.26 sys=0.00, real=0.05 secs] 
[GC (Allocation Failure) [ParNew: 613440K->20381K(613440K), 0.0309528 secs] 1406690K->876741K(2010624K), 0.0309952 secs] [Times: user=0.13 sys=0.00, real=0.03 secs] 
[GC (Allocation Failure) [ParNew: 565725K->68096K(613440K), 0.0515275 secs] 1422085K->965348K(2010624K), 0.0515763 secs] [Times: user=0.19 sys=0.00, real=0.05 secs] 
[GC (Allocation Failure) [ParNew: 613440K->33809K(613440K), 0.0284808 secs] 1510692K->993732K(2010624K), 0.0286021 secs] [Times: user=0.06 sys=0.00, real=0.02 secs] 
[GC (Allocation Failure) [ParNew: 579153K->68096K(613440K), 0.0532450 secs] 1539076K->1068720K(2010624K), 0.0533047 secs] [Times: user=0.22 sys=0.00, real=0.05 secs] 
[GC (Allocation Failure) [ParNew: 613440K->13506K(613440K), 0.0278284 secs] 1614064K->1076700K(2010624K), 0.0278790 secs] [Times: user=0.06 sys=0.00, real=0.02 secs] 
[Full GC (System.gc()) [CMS: 1063194K->705193K(1397184K), 1.4625268 secs] 1143139K->705193K(2010624K), [Metaspace: 9991K->9991K(10240K)], 1.4627687 secs] [Times: user=1.45 sys=0.00, real=1.46 secs] 
[Full GC (System.gc()) [CMS: 705193K->705193K(1397184K), 1.3034936 secs] 716156K->705193K(2010624K), [Metaspace: 9991K->9991K(10240K)], 1.3036726 secs] [Times: user=1.31 sys=0.00, real=1.31 secs] 
[Full GC (System.gc()) [CMS: 705193K->705217K(1397184K), 1.3058463 secs] 716156K->705217K(2010624K), [Metaspace: 9991K->9991K(10240K)]
*** PauseDetector detected a 1457 ms pause at Fri Dec 19 18:22:53 EET 2014 ***

, 1.3060773 secs] [Times: user=1.31 sys=0.00, real=1.31 secs] 

*** PauseDetector detected a 2627 ms pause at Fri Dec 19 18:22:56 EET 2014 ***

[GC (Allocation Failure) [ParNew: 545344K->51012K(613440K), 0.0172597 secs] 1250561K->756229K(2010624K), 0.0173052 secs] [Times: user=0.06 sys=0.00, real=0.02 secs] 
[GC (Allocation Failure) [ParNew: 596356K->19422K(613440K), 0.0292321 secs] 1301573K->766118K(2010624K), 0.0293072 secs] [Times: user=0.13 sys=0.00, real=0.03 secs] 
[GC (Allocation Failure) [ParNew: 564766K->68096K(613440K), 0.1676528 secs] 1311462K->883722K(2010624K), 0.1677156 secs] [Times: user=0.80 sys=0.00, real=0.16 secs] 
[GC (Allocation Failure) [ParNew: 613440K->26733K(613440K), 0.0916081 secs] 1429066K->906424K(2010624K), 0.0916709 secs] [Times: user=0.36 sys=0.00, real=0.09 secs] 
[GC (Allocation Failure) [ParNew: 572077K->68096K(613440K), 0.1836639 secs] 1451768K->1004881K(2010624K), 0.1837153 secs] [Times: user=0.92 sys=0.00, real=0.18 secs] 
[GC (Allocation Failure) [ParNew: 613440K->41045K(613440K), 0.0787579 secs] 1550225K->1041583K(2010624K), 0.0788215 secs] [Times: user=0.30 sys=0.00, real=0.08 secs] 
[Full GC (System.gc()) [CMS: 1000538K->649136K(1397184K), 1.4581218 secs] 1052549K->649136K(2010624K), [Metaspace: 9991K->9991K(10240K)], 1.4583630 secs] [Times: user=1.47 sys=0.00, real=1.46 secs] 
[Full GC (System.gc()) [CMS: 649136K->649136K(1397184K), 1.3094904 secs] 649138K->649136K(2010624K), [Metaspace: 9991K->9991K(10240K)], 1.3098138 secs] [Times: user=1.30 sys=0.00, real=1.30 secs] 
[Full GC (System.gc()) [CMS: 649136K->649136K(1397184K), 1.3011885 secs] 649138K->649136K(2010624K), [Metaspace: 9991K->9991K(10240K)]
*** PauseDetector detected a 2765 ms pause at Fri Dec 19 18:23:09 EET 2014 ***


*** PauseDetector detected a 1310 ms pause at Fri Dec 19 18:23:10 EET 2014 ***

, 1.3015118 secs] [Times: user=1.31 sys=0.00, real=1.30 secs] 
********************************
********** ROUND   69 **********
********************************
[GC (Allocation Failure) [ParNew: 545344K->68096K(613440K), 0.1016904 secs] 1194480K->774038K(2010624K), 0.1017507 secs] [Times: user=0.50 sys=0.00, real=0.10 secs] 
[GC (Allocation Failure) [ParNew: 613440K->20460K(613440K), 0.0611723 secs] 1319382K->790513K(2010624K), 0.0612198 secs] [Times: user=0.23 sys=0.00, real=0.06 secs] 
[GC (Allocation Failure) [ParNew: 565804K->68096K(613440K), 0.1346899 secs] 1335857K->888348K(2010624K), 0.1347438 secs] [Times: user=0.59 sys=0.00, real=0.13 secs] 
[GC (Allocation Failure) [ParNew: 613440K->27421K(613440K), 0.0593984 secs] 1433692K->911837K(2010624K), 0.0594869 secs] [Times: user=0.20 sys=0.00, real=0.06 secs] 
[GC (Allocation Failure) [ParNew: 572765K->68096K(613440K), 0.1216883 secs] 1457181K->1001637K(2010624K), 0.1217384 secs] [Times: user=0.51 sys=0.00, real=0.12 secs] 
[GC (Allocation Failure) [ParNew: 613440K->20552K(613440K), 0.0529294 secs] 1546981K->1017598K(2010624K), 0.0529743 secs] [Times: user=0.22 sys=0.00, real=0.05 secs] 
[GC (Allocation Failure) [ParNew: 565896K->68096K(613440K), 0.1178690 secs] 1562942K->1111648K(2010624K), 0.1179197 secs] [Times: user=0.48 sys=0.00, real=0.11 secs] 
[GC (Allocation Failure) [ParNew: 613440K->13713K(613440K), 0.0527594 secs] 1656992K->1120896K(2010624K), 0.0528036 secs] [Times: user=0.20 sys=0.00, real=0.05 secs] 
[GC (Allocation Failure) [ParNew: 559057K->68096K(613440K), 0.1030159 secs] 1666240K->1221101K(2010624K), 0.1030679 secs] [Times: user=0.44 sys=0.00, real=0.10 secs] 
[GC (Allocation Failure) [ParNew: 613440K->20632K(613440K), 0.0627352 secs] 1766445K->1240501K(2010624K), 0.0627865 secs] [Times: user=0.20 sys=0.00, real=0.06 secs] 
[GC (CMS Initial Mark) [1 CMS-initial-mark: 1219868K(1397184K)] 1251462K(2010624K), 0.0052186 secs] [Times: user=0.00 sys=0.00, real=0.00 secs] 
[CMS-concurrent-mark-start]
[CMS-concurrent-mark: 1.179/1.179 secs] [Times: user=3.89 sys=0.00, real=1.18 secs] 
[CMS-concurrent-preclean-start]
[CMS-concurrent-preclean: 0.164/0.176 secs] [Times: user=0.34 sys=0.00, real=0.18 secs] 
[CMS-concurrent-abortable-preclean-start]
[GC (Allocation Failure) [ParNew: 565976K->68096K(613440K), 0.0887954 secs] 1785845K->1333186K(2010624K), 0.0888429 secs] [Times: user=0.56 sys=0.00, real=0.09 secs] 
[CMS-concurrent-abortable-preclean: 0.901/1.403 secs] [Times: user=2.79 sys=0.00, real=1.40 secs] 
[GC (CMS Final Remark) [YG occupancy: 487011 K (613440 K)][Rescan (parallel) , 0.0903429 secs][weak refs processing, 0.0000167 secs][class unloading, 0.0054393 secs][scrub symbol table, 0.0010483 secs][scrub string table, 0.0003535 secs][1 CMS-remark: 1265090K(1397184K)] 1752102K(2010624K), 0.0980347 secs] [Times: user=0.53 sys=0.00, real=0.09 secs] 
[CMS-concurrent-sweep-start]
[GC (Allocation Failure) [ParNew: 613440K->27432K(613440K), 0.0494167 secs] 1878530K->1356200K(2010624K), 0.0494668 secs] [Times: user=0.14 sys=0.00, real=0.05 secs] 
[CMS-concurrent-sweep: 0.733/0.783 secs] [Times: user=1.84 sys=0.00, real=0.79 secs] 
[CMS-concurrent-reset-start]
[CMS-concurrent-reset: 0.003/0.003 secs] [Times: user=0.00 sys=0.00, real=0.00 secs] 
[GC (Allocation Failure) [ParNew: 572776K->68096K(613440K), 0.0848035 secs] 1328108K->868206K(2010624K), 0.0848632 secs] [Times: user=0.44 sys=0.00, real=0.08 secs] 
[GC (Allocation Failure) [ParNew (2: promotion failure size = 4167)  (3: promotion failure size = 4167)  (5: promotion failure size = 4167)  (6: promotion failure size = 4167)  (7: promotion failure size = 4167)  (promotion failed): 613440K->572774K(613440K), 0.1729387 secs][CMS: 863453K->756584K(1397184K), 1.6969407 secs] 1413550K->756584K(2010624K), [Metaspace: 9991K->9991K(10240K)], 1.8699468 secs] [Times: user=1.97 sys=0.00, real=1.87 secs] 

*** PauseDetector detected a 1867 ms pause at Fri Dec 19 18:23:34 EET 2014 ***

[GC (Allocation Failure) [ParNew: 545344K->68096K(613440K), 0.0783974 secs] 1301928K->870677K(2010624K), 0.0784461 secs] [Times: user=0.34 sys=0.00, real=0.08 secs] 
[GC (Allocation Failure) [ParNew: 613440K->26778K(613440K), 0.0444054 secs] 1416021K->892051K(2010624K), 0.0444554 secs] [Times: user=0.06 sys=0.00, real=0.04 secs] 
[GC (Allocation Failure) [ParNew: 572122K->68096K(613440K), 0.0735888 secs] 1437395K->976426K(2010624K), 0.0736369 secs] [Times: user=0.30 sys=0.00, real=0.07 secs] 
[GC (Allocation Failure) [ParNew: 613440K->27380K(613440K), 0.0368919 secs] 1521770K->999234K(2010624K), 0.0369439 secs] [Times: user=0.06 sys=0.00, real=0.03 secs] 
[GC (Allocation Failure) [ParNew: 572724K->68096K(613440K), 0.0717455 secs] 1544578K->1083958K(2010624K), 0.0717981 secs] [Times: user=0.28 sys=0.00, real=0.07 secs] 
[GC (Allocation Failure) [ParNew: 613440K->26954K(613440K), 0.0353887 secs] 1629302K->1105159K(2010624K), 0.0354374 secs] [Times: user=0.08 sys=0.00, real=0.03 secs] 
[GC (Allocation Failure) [ParNew: 572298K->68096K(613440K), 0.0712233 secs] 1650503K->1191326K(2010624K), 0.0712752 secs] [Times: user=0.28 sys=0.00, real=0.07 secs] 
[GC (Allocation Failure) [ParNew: 613440K->26461K(613440K), 0.0339362 secs] 1736670K->1210760K(2010624K), 0.0339843 secs] [Times: user=0.12 sys=0.00, real=0.03 secs] 
[GC (CMS Initial Mark) [1 CMS-initial-mark: 1184298K(1397184K)] 1221724K(2010624K), 0.0048227 secs] [Times: user=0.02 sys=0.00, real=0.01 secs] 
[CMS-concurrent-mark-start]
[CMS-concurrent-mark: 1.094/1.094 secs] [Times: user=3.49 sys=0.00, real=1.10 secs] 
[CMS-concurrent-preclean-start]
[CMS-concurrent-preclean: 0.102/0.108 secs] [Times: user=0.22 sys=0.00, real=0.11 secs] 
[CMS-concurrent-abortable-preclean-start]
[GC (Allocation Failure) [ParNew[CMS-concurrent-abortable-preclean: 0.075/0.480 secs] [Times: user=0.64 sys=0.00, real=0.48 secs] 
: 571805K->68096K(613440K), 0.0706965 secs] 1756104K->1295595K(2010624K), 0.0707447 secs] [Times: user=0.28 sys=0.00, real=0.07 secs] 
[GC (CMS Final Remark) [YG occupancy: 68163 K (613440 K)][Rescan (parallel) , 0.0364531 secs][weak refs processing, 0.0000154 secs][class unloading, 0.0053167 secs][scrub symbol table, 0.0010624 secs][scrub string table, 0.0003490 secs][1 CMS-remark: 1227499K(1397184K)] 1295662K(2010624K), 0.0440140 secs] [Times: user=0.17 sys=0.00, real=0.04 secs] 
[CMS-concurrent-sweep-start]
[CMS-concurrent-sweep: 0.547/0.547 secs] [Times: user=1.09 sys=0.00, real=0.55 secs] 
[CMS-concurrent-reset-start]
[CMS-concurrent-reset: 0.003/0.003 secs] [Times: user=0.00 sys=0.00, real=0.00 secs] 
[GC (Allocation Failure) [ParNew: 613440K->47304K(613440K), 0.0321295 secs] 1301446K->797856K(2010624K), 0.0322912 secs] [Times: user=0.08 sys=0.00, real=0.03 secs] 
[GC (Allocation Failure) [ParNew: 592648K->68096K(613440K), 0.0659521 secs] 1343200K->864218K(2010624K), 0.0660028 secs] [Times: user=0.26 sys=0.00, real=0.06 secs] 
[GC (Allocation Failure) [ParNew: 613440K->32581K(613440K), 0.0307251 secs] 1409562K->888693K(2010624K), 0.0307693 secs] [Times: user=0.14 sys=0.00, real=0.03 secs] 
[GC (Allocation Failure) [ParNew (0: promotion failure size = 69)  (1: promotion failure size = 69)  (2: promotion failure size = 69)  (3: promotion failure size = 69)  (4: promotion failure size = 69)  (5: promotion failure size = 69)  (6: promotion failure size = 69)  (7: promotion failure size = 69)  (promotion failed): 577925K->613440K(613440K), 1.2570512 secs][CMS: 884513K->751887K(1397184K), 1.6838911 secs] 1434037K->751887K(2010624K), [Metaspace: 9991K->9991K(10240K)]
*** PauseDetector detected a 2938 ms pause at Fri Dec 19 18:23:57 EET 2014 ***

, 2.9410199 secs] [Times: user=3.10 sys=0.45, real=2.93 secs] 
[GC (Allocation Failure) [ParNew: 545344K->34121K(613440K), 0.0062547 secs] 1297231K->786009K(2010624K), 0.0063048 secs] [Times: user=0.00 sys=0.00, real=0.01 secs] 
[GC (Allocation Failure) [ParNew: 579465K->68096K(613440K), 0.0590853 secs] 1331353K->863685K(2010624K), 0.0592078 secs] [Times: user=0.22 sys=0.00, real=0.06 secs] 
[GC (Allocation Failure) [ParNew: 613440K->46565K(613440K), 0.0341113 secs] 1409029K->904020K(2010624K), 0.0341601 secs] [Times: user=0.16 sys=0.00, real=0.03 secs] 
[GC (Allocation Failure) [ParNew: 591909K->68096K(613440K), 0.0598680 secs] 1449364K->969911K(2010624K), 0.0599155 secs] [Times: user=0.25 sys=0.00, real=0.06 secs] 
[GC (Allocation Failure) [ParNew: 613440K->26063K(613440K), 0.0292758 secs] 1515255K->988048K(2010624K), 0.0293277 secs] [Times: user=0.08 sys=0.00, real=0.02 secs] 
[GC (Allocation Failure) [ParNew: 571407K->68096K(613440K), 0.0582358 secs] 1533392K->1071755K(2010624K), 0.0582833 secs] [Times: user=0.20 sys=0.00, real=0.06 secs] 
[GC (Allocation Failure) [ParNew: 613440K->20300K(613440K), 0.0346932 secs] 1617099K->1086813K(2010624K), 0.0347426 secs] [Times: user=0.08 sys=0.00, real=0.03 secs] 
[GC (Allocation Failure) [ParNew: 565644K->68096K(613440K), 0.0567570 secs] 1632157K->1176427K(2010624K), 0.0568058 secs] [Times: user=0.20 sys=0.00, real=0.06 secs] 
[GC (Allocation Failure) [ParNew: 613440K->40500K(613440K), 0.0423363 secs] 1721771K->1211204K(2010624K), 0.0423876 secs] [Times: user=0.16 sys=0.00, real=0.04 secs] 
[GC (CMS Initial Mark) [1 CMS-initial-mark: 1170703K(1397184K)] 1222168K(2010624K), 0.0037141 secs] [Times: user=0.06 sys=0.00, real=0.00 secs] 
[CMS-concurrent-mark-start]
[CMS-concurrent-mark: 1.266/1.266 secs] [Times: user=4.07 sys=0.00, real=1.27 secs] 
[CMS-concurrent-preclean-start]
[CMS-concurrent-preclean: 0.074/0.079 secs] [Times: user=0.16 sys=0.00, real=0.08 secs] 
[CMS-concurrent-abortable-preclean-start]
[GC (Allocation Failure) [ParNew[CMS-concurrent-abortable-preclean: 0.072/0.486 secs] [Times: user=0.72 sys=0.00, real=0.49 secs] 
: 585844K->68096K(613440K), 0.0576552 secs] 1756548K->1282555K(2010624K), 0.0577065 secs] [Times: user=0.22 sys=0.00, real=0.06 secs] 
[GC (CMS Final Remark) [YG occupancy: 79118 K (613440 K)][Rescan (parallel) , 0.0271451 secs][weak refs processing, 0.0000154 secs][class unloading, 0.0054066 secs][scrub symbol table, 0.0012338 secs][scrub string table, 0.0003490 secs][1 CMS-remark: 1214459K(1397184K)] 1293577K(2010624K), 0.0350262 secs] [Times: user=0.16 sys=0.00, real=0.03 secs] 
[CMS-concurrent-sweep-start]
[CMS-concurrent-sweep: 0.495/0.495 secs] [Times: user=0.98 sys=0.00, real=0.50 secs] 
[CMS-concurrent-reset-start]
[CMS-concurrent-reset: 0.003/0.003 secs] [Times: user=0.03 sys=0.00, real=0.00 secs] 
[GC (Allocation Failure) [ParNew: 613440K->39257K(613440K), 0.0400234 secs] 1301259K->787497K(2010624K), 0.0400677 secs] [Times: user=0.14 sys=0.00, real=0.04 secs] 
[GC (Allocation Failure) [ParNew: 584601K->68096K(613440K), 0.0561886 secs] 1332841K->856893K(2010624K), 0.0562348 secs] [Times: user=0.28 sys=0.00, real=0.05 secs] 
[GC (Allocation Failure) [ParNew: 613440K->34125K(613440K), 0.0307090 secs] 1402237K->886321K(2010624K), 0.0307610 secs] [Times: user=0.11 sys=0.00, real=0.03 secs] 
[GC (Allocation Failure) [ParNew: 579469K->68096K(613440K), 0.0658950 secs] 1431665K->960779K(2010624K), 0.0659489 secs] [Times: user=0.20 sys=0.00, real=0.06 secs] 
[GC (Allocation Failure) [ParNew (0: promotion failure size = 1854)  (1: promotion failure size = 1854)  (3: promotion failure size = 1854)  (4: promotion failure size = 1854)  (5: promotion failure size = 1854)  (6: promotion failure size = 1854)  (7: promotion failure size = 1854)  (promotion failed): 613440K->586397K(613440K), 0.3167512 secs][CMS: 955940K->752276K(1397184K), 1.5358602 secs] 1506123K->752276K(2010624K), [Metaspace: 9991K->9991K(10240K)], 1.8526993 secs] [Times: user=1.92 sys=0.00, real=1.85 secs] 

*** PauseDetector detected a 1847 ms pause at Fri Dec 19 18:24:21 EET 2014 ***

[GC (Allocation Failure) [ParNew: 545344K->68096K(613440K), 0.0510399 secs] 1297620K->861763K(2010624K), 0.0510861 secs] [Times: user=0.22 sys=0.00, real=0.05 secs] 
[GC (Allocation Failure) [ParNew: 613440K->33720K(613440K), 0.0278822 secs] 1407107K->890181K(2010624K), 0.0279349 secs] [Times: user=0.14 sys=0.00, real=0.03 secs] 
[GC (Allocation Failure) [ParNew: 579064K->68096K(613440K), 0.0514108 secs] 1435525K->965520K(2010624K), 0.0514595 secs] [Times: user=0.19 sys=0.00, real=0.05 secs] 
[GC (Allocation Failure) [ParNew: 613440K->20207K(613440K), 0.0389905 secs] 1510864K->980112K(2010624K), 0.0390399 secs] [Times: user=0.13 sys=0.00, real=0.04 secs] 
[GC (Allocation Failure) [ParNew: 565551K->68096K(613440K), 0.0511394 secs] 1525456K->1068978K(2010624K), 0.0511856 secs] [Times: user=0.20 sys=0.00, real=0.05 secs] 
[Full GC (System.gc()) [CMS: 1000882K->747096K(1397184K), 1.6920641 secs] 1190363K->747096K(2010624K), [Metaspace: 9991K->9991K(10240K)], 1.6923900 secs] [Times: user=1.67 sys=0.00, real=1.69 secs] 
[Full GC (System.gc()) [CMS: 747096K->747019K(1397184K), 1.4624768 secs] 747098K->747019K(2010624K), [Metaspace: 9991K->9991K(10240K)], 1.4626680 secs] [Times: user=1.47 sys=0.00, real=1.46 secs] 
[Full GC (System.gc()) [CMS: 747019K->745765K(1397184K), 1.3301672 secs] 757980K->745765K(2010624K), [Metaspace: 9991K->9991K(10240K)]
*** PauseDetector detected a 1688 ms pause at Fri Dec 19 18:24:31 EET 2014 ***

, 1.3303481 secs] [Times: user=1.33 sys=0.00, real=1.33 secs] 

*** PauseDetector detected a 2802 ms pause at Fri Dec 19 18:24:33 EET 2014 ***

[GC (Allocation Failure) [ParNew: 545344K->68096K(613440K), 0.0617029 secs] 1291109K->867071K(2010624K), 0.0617652 secs] [Times: user=0.28 sys=0.00, real=0.06 secs] 
[GC (Allocation Failure) [ParNew: 613440K->34258K(613440K), 0.0381956 secs] 1412415K->883944K(2010624K), 0.0382700 secs] [Times: user=0.12 sys=0.00, real=0.04 secs] 
[GC (Allocation Failure) [ParNew: 579602K->68096K(613440K), 0.1741083 secs] 1429288K->985793K(2010624K), 0.1741564 secs] [Times: user=0.67 sys=0.00, real=0.17 secs] 
[GC (Allocation Failure) [ParNew: 613440K->27385K(613440K), 0.0910525 secs] 1531137K->1010052K(2010624K), 0.0911140 secs] [Times: user=0.36 sys=0.00, real=0.09 secs] 
[GC (Allocation Failure) [ParNew: 572729K->68096K(613440K), 0.1968162 secs] 1555396K->1108013K(2010624K), 0.1968823 secs] [Times: user=0.97 sys=0.00, real=0.19 secs] 
[GC (Allocation Failure) [ParNew: 613440K->20486K(613440K), 0.0754474 secs] 1653357K->1124144K(2010624K), 0.0755064 secs] [Times: user=0.30 sys=0.00, real=0.08 secs] 
[Full GC (System.gc()) [CMS: 1103657K->717648K(1397184K), 1.9601684 secs] 1135108K->717648K(2010624K), [Metaspace: 9991K->9991K(10240K)], 1.9603865 secs] [Times: user=1.97 sys=0.00, real=1.96 secs] 
[Full GC (System.gc()) [CMS: 717648K->717648K(1397184K), 1.3658676 secs] 717650K->717648K(2010624K), [Metaspace: 9991K->9991K(10240K)], 1.3660646 secs] [Times: user=1.36 sys=0.00, real=1.36 secs] 
[Full GC (System.gc()) [CMS: 717648K->717648K(1397184K), 1.3774385 secs] 717648K->717648K(2010624K), [Metaspace: 9991K->9991K(10240K)]
*** PauseDetector detected a 1959 ms pause at Fri Dec 19 18:24:45 EET 2014 ***


*** PauseDetector detected a 2754 ms pause at Fri Dec 19 18:24:48 EET 2014 ***

, 1.3776380 secs] [Times: user=1.39 sys=0.00, real=1.38 secs] 
********************************
********** ROUND   70 **********
********************************
[GC (Allocation Failure) [ParNew: 545344K->68096K(613440K), 0.1392233 secs] 1262992K->842430K(2010624K), 0.1392759 secs] [Times: user=0.56 sys=0.00, real=0.13 secs] 
[GC (Allocation Failure) [ParNew: 613440K->34232K(613440K), 0.0635590 secs] 1387774K->873356K(2010624K), 0.0636071 secs] [Times: user=0.25 sys=0.00, real=0.06 secs] 
[GC (Allocation Failure) [ParNew: 579576K->68096K(613440K), 0.1339142 secs] 1418700K->957683K(2010624K), 0.1339662 secs] [Times: user=0.62 sys=0.00, real=0.13 secs] 
[GC (Allocation Failure) [ParNew: 613440K->20537K(613440K), 0.0572793 secs] 1503027K->974016K(2010624K), 0.0573274 secs] [Times: user=0.16 sys=0.00, real=0.05 secs] 
[GC (Allocation Failure) [ParNew: 565881K->68096K(613440K), 0.1273406 secs] 1519360K->1072454K(2010624K), 0.1273887 secs] [Times: user=0.47 sys=0.00, real=0.12 secs] 
[GC (Allocation Failure) [ParNew: 613440K->33404K(613440K), 0.0558742 secs] 1617798K->1099471K(2010624K), 0.0559242 secs] [Times: user=0.17 sys=0.00, real=0.05 secs] 
[GC (Allocation Failure) [ParNew: 578748K->68096K(613440K), 0.1192054 secs] 1644815K->1182379K(2010624K), 0.1192574 secs] [Times: user=0.52 sys=0.00, real=0.11 secs] 
[GC (Allocation Failure) [ParNew: 613440K->13346K(613440K), 0.0524116 secs] 1727723K->1189479K(2010624K), 0.0524585 secs] [Times: user=0.16 sys=0.00, real=0.05 secs] 
[GC (CMS Initial Mark) [1 CMS-initial-mark: 1176133K(1397184K)] 1200518K(2010624K), 0.0055753 secs] [Times: user=0.00 sys=0.00, real=0.00 secs] 
[CMS-concurrent-mark-start]
[CMS-concurrent-mark: 1.197/1.197 secs] [Times: user=4.06 sys=0.00, real=1.21 secs] 
[CMS-concurrent-preclean-start]
[CMS-concurrent-preclean: 0.162/0.174 secs] [Times: user=0.34 sys=0.00, real=0.17 secs] 
[CMS-concurrent-abortable-preclean-start]
[GC (Allocation Failure) [ParNew[CMS-concurrent-abortable-preclean: 0.080/0.527 secs] [Times: user=0.95 sys=0.00, real=0.53 secs] 
: 558690K->68096K(613440K), 0.1081209 secs] 1734823K->1290036K(2010624K), 0.1081697 secs] [Times: user=0.42 sys=0.00, real=0.10 secs] 
[GC (CMS Final Remark) [YG occupancy: 79130 K (613440 K)][Rescan (parallel) , 0.0594747 secs][weak refs processing, 0.0000148 secs][class unloading, 0.0077573 secs][scrub symbol table, 0.0014525 secs][scrub string table, 0.0003734 secs][1 CMS-remark: 1221940K(1397184K)] 1301071K(2010624K), 0.0699889 secs] [Times: user=0.33 sys=0.00, real=0.07 secs] 
[CMS-concurrent-sweep-start]
[CMS-concurrent-sweep: 0.832/0.832 secs] [Times: user=1.72 sys=0.00, real=0.84 secs] 
[CMS-concurrent-reset-start]
[CMS-concurrent-reset: 0.003/0.003 secs] [Times: user=0.00 sys=0.00, real=0.00 secs] 
[GC (Allocation Failure) [ParNew: 613440K->48068K(613440K), 0.0474907 secs] 1305908K->804057K(2010624K), 0.0475401 secs] [Times: user=0.13 sys=0.00, real=0.04 secs] 
[GC (Allocation Failure) [ParNew: 593412K->68096K(613440K), 0.1004175 secs] 1349401K->869291K(2010624K), 0.1004669 secs] [Times: user=0.42 sys=0.00, real=0.10 secs] 
[GC (Allocation Failure) [ParNew: 613440K->34229K(613440K), 0.0444882 secs] 1414635K->900962K(2010624K), 0.0445395 secs] [Times: user=0.14 sys=0.00, real=0.05 secs] 
[GC (Allocation Failure) [ParNew: 579573K->68096K(613440K), 0.0963102 secs] 1446306K->979632K(2010624K), 0.0963570 secs] [Times: user=0.33 sys=0.00, real=0.09 secs] 
[GC (Allocation Failure) [ParNew (0: promotion failure size = 4167)  (1: promotion failure size = 4167)  (2: promotion failure size = 4167)  (3: promotion failure size = 4167)  (4: promotion failure size = 4167)  (5: promotion failure size = 4167)  (6: promotion failure size = 4167)  (7: promotion failure size = 4167)  (promotion failed): 613440K->565875K(613440K), 6.7578045 secs][CMS: 922002K->756602K(1397184K), 1.8242525 secs] 1524976K->756602K(2010624K), [Metaspace: 9991K->9991K(10240K)], 8.5821192 secs] [Times: user=9.13 sys=1.59, real=8.58 secs] 

*** PauseDetector detected a 8579 ms pause at Fri Dec 19 18:25:19 EET 2014 ***

[GC (Allocation Failure) [ParNew: 545344K->68096K(613440K), 0.0763071 secs] 1301946K->870179K(2010624K), 0.0763559 secs] [Times: user=0.28 sys=0.00, real=0.07 secs] 
[GC (Allocation Failure) [ParNew: 613440K->20214K(613440K), 0.0486392 secs] 1415523K->885209K(2010624K), 0.0486847 secs] [Times: user=0.14 sys=0.00, real=0.04 secs] 
[GC (Allocation Failure) [ParNew: 565558K->68096K(613440K), 0.0744010 secs] 1430553K->976231K(2010624K), 0.0744517 secs] [Times: user=0.26 sys=0.00, real=0.07 secs] 
[GC (Allocation Failure) [ParNew: 613440K->20549K(613440K), 0.0373076 secs] 1521575K->992443K(2010624K), 0.0374635 secs] [Times: user=0.13 sys=0.00, real=0.03 secs] 
[GC (Allocation Failure) [ParNew: 565893K->68096K(613440K), 0.0731544 secs] 1537787K->1083336K(2010624K), 0.0732173 secs] [Times: user=0.25 sys=0.00, real=0.07 secs] 
[GC (Allocation Failure) [ParNew: 613440K->33999K(613440K), 0.0357351 secs] 1628680K->1112113K(2010624K), 0.0357807 secs] [Times: user=0.13 sys=0.00, real=0.03 secs] 
[GC (Allocation Failure) [ParNew: 579343K->68096K(613440K), 0.0697066 secs] 1657457K->1190924K(2010624K), 0.0697598 secs] [Times: user=0.33 sys=0.00, real=0.07 secs] 
[GC (Allocation Failure) [ParNew: 613440K->39814K(613440K), 0.0326030 secs] 1736268K->1223947K(2010624K), 0.0327589 secs] [Times: user=0.16 sys=0.00, real=0.03 secs] 
[GC (CMS Initial Mark) [1 CMS-initial-mark: 1184132K(1397184K)] 1224013K(2010624K), 0.0026465 secs] [Times: user=0.00 sys=0.00, real=0.00 secs] 
[CMS-concurrent-mark-start]
[CMS-concurrent-mark: 1.164/1.164 secs] [Times: user=3.73 sys=0.00, real=1.17 secs] 
[CMS-concurrent-preclean-start]
[CMS-concurrent-preclean: 0.103/0.110 secs] [Times: user=0.22 sys=0.00, real=0.11 secs] 
[CMS-concurrent-abortable-preclean-start]
[GC (Allocation Failure) [ParNew[CMS-concurrent-abortable-preclean: 0.113/0.616 secs] [Times: user=0.95 sys=0.00, real=0.62 secs] 
: 585158K->68096K(613440K), 0.0708338 secs] 1769291K->1296228K(2010624K), 0.0708826 secs] [Times: user=0.28 sys=0.00, real=0.07 secs] 
[GC (CMS Final Remark) [YG occupancy: 79122 K (613440 K)][Rescan (parallel) , 0.0357204 secs][weak refs processing, 0.0000141 secs][class unloading, 0.0054880 secs][scrub symbol table, 0.0010548 secs][scrub string table, 0.0003497 secs][1 CMS-remark: 1228132K(1397184K)] 1307254K(2010624K), 0.0434494 secs] [Times: user=0.23 sys=0.00, real=0.04 secs] 
[CMS-concurrent-sweep-start]
[CMS-concurrent-sweep: 0.609/0.609 secs] [Times: user=1.22 sys=0.00, real=0.61 secs] 
[CMS-concurrent-reset-start]
[CMS-concurrent-reset: 0.003/0.003 secs] [Times: user=0.00 sys=0.00, real=0.00 secs] 
[GC (Allocation Failure) [ParNew: 613440K->33362K(613440K), 0.0333324 secs] 1302061K->783859K(2010624K), 0.0333773 secs] [Times: user=0.08 sys=0.00, real=0.03 secs] 
[GC (Allocation Failure) [ParNew: 578706K->68096K(613440K), 0.0629835 secs] 1329203K->860714K(2010624K), 0.0630323 secs] [Times: user=0.26 sys=0.00, real=0.06 secs] 
[GC (Allocation Failure) [ParNew: 613440K->27337K(613440K), 0.0317529 secs] 1406058K->883456K(2010624K), 0.0320069 secs] [Times: user=0.13 sys=0.00, real=0.02 secs] 
[GC (Allocation Failure) [ParNew: 572681K->68096K(613440K), 0.0833343 secs] 1428800K->965463K(2010624K), 0.0834485 secs] [Times: user=0.25 sys=0.00, real=0.08 secs] 
[GC (Allocation Failure) [ParNew (0: promotion failure size = 1854)  (1: promotion failure size = 69)  (2: promotion failure size = 69)  (3: promotion failure size = 69)  (4: promotion failure size = 1854)  (5: promotion failure size = 69)  (6: promotion failure size = 69)  (7: promotion failure size = 1854)  (promotion failed): 613440K->579622K(613440K), 0.4230520 secs][CMS: 959712K->753050K(1397184K), 1.7972678 secs] 1510807K->753050K(2010624K), [Metaspace: 9991K->9991K(10240K)], 2.2204096 secs] [Times: user=2.28 sys=0.06, real=2.22 secs] 

*** PauseDetector detected a 2223 ms pause at Fri Dec 19 18:25:43 EET 2014 ***

[GC (Allocation Failure) [ParNew: 545344K->68096K(613440K), 0.0624677 secs] 1298394K->864952K(2010624K), 0.0625177 secs] [Times: user=0.25 sys=0.00, real=0.06 secs] 
[GC (Allocation Failure) [ParNew: 613440K->26578K(613440K), 0.0309086 secs] 1410296K->885182K(2010624K), 0.0311017 secs] [Times: user=0.13 sys=0.00, real=0.03 secs] 
[GC (Allocation Failure) [ParNew: 571922K->68096K(613440K), 0.0592951 secs] 1430526K->971444K(2010624K), 0.0593438 secs] [Times: user=0.27 sys=0.00, real=0.06 secs] 
[GC (Allocation Failure) [ParNew: 613440K->32548K(613440K), 0.0399997 secs] 1516788K->996072K(2010624K), 0.0400510 secs] [Times: user=0.14 sys=0.00, real=0.04 secs] 
[GC (Allocation Failure) [ParNew: 577892K->68096K(613440K), 0.0588832 secs] 1541416K->1075744K(2010624K), 0.0589313 secs] [Times: user=0.25 sys=0.00, real=0.06 secs] 
[GC (Allocation Failure) [ParNew: 613440K->26056K(613440K), 0.0292045 secs] 1621088K->1093914K(2010624K), 0.0293175 secs] [Times: user=0.08 sys=0.00, real=0.03 secs] 
[GC (Allocation Failure) [ParNew: 571400K->68096K(613440K), 0.0565941 secs] 1639258K->1178373K(2010624K), 0.0566467 secs] [Times: user=0.22 sys=0.00, real=0.05 secs] 
[GC (Allocation Failure) [ParNew: 613440K->33389K(613440K), 0.0298795 secs] 1723717K->1205394K(2010624K), 0.0299237 secs] [Times: user=0.13 sys=0.00, real=0.03 secs] 
[GC (CMS Initial Mark) [1 CMS-initial-mark: 1172005K(1397184K)] 1205396K(2010624K), 0.0031328 secs] [Times: user=0.00 sys=0.00, real=0.00 secs] 
[CMS-concurrent-mark-start]
[CMS-concurrent-mark: 1.240/1.240 secs] [Times: user=4.06 sys=0.00, real=1.25 secs] 
[CMS-concurrent-preclean-start]
[CMS-concurrent-preclean: 0.077/0.082 secs] [Times: user=0.16 sys=0.00, real=0.08 secs] 
[CMS-concurrent-abortable-preclean-start]
[GC (Allocation Failure) [ParNew: 578733K->68096K(613440K), 0.0550292 secs] 1750738K->1282135K(2010624K), 0.0550799 secs] [Times: user=0.23 sys=0.00, real=0.05 secs] 
[CMS-concurrent-abortable-preclean: 0.643/1.204 secs] [Times: user=2.06 sys=0.00, real=1.21 secs] 
[GC (CMS Final Remark) [YG occupancy: 409602 K (613440 K)][Rescan (parallel) , 0.0901613 secs][weak refs processing, 0.0000160 secs][class unloading, 0.0052789 secs][scrub symbol table, 0.0010650 secs][scrub string table, 0.0003516 secs][1 CMS-remark: 1214039K(1397184K)] 1623642K(2010624K), 0.0976985 secs] [Times: user=0.36 sys=0.00, real=0.09 secs] 
[CMS-concurrent-sweep-start]
[GC (Allocation Failure) [ParNew: 613440K->26817K(613440K), 0.0314603 secs] 1472691K->948083K(2010624K), 0.0315161 secs] [Times: user=0.16 sys=0.00, real=0.03 secs] 
[CMS-concurrent-sweep: 0.530/0.562 secs] [Times: user=1.26 sys=0.00, real=0.57 secs] 
[CMS-concurrent-reset-start]
[CMS-concurrent-reset: 0.004/0.004 secs] [Times: user=0.00 sys=0.00, real=0.00 secs] 
[GC (Allocation Failure) [ParNew: 572161K->68096K(613440K), 0.0547213 secs] 1320413K->857804K(2010624K), 0.0547675 secs] [Times: user=0.25 sys=0.00, real=0.05 secs] 
[GC (Allocation Failure) [ParNew: 613440K->40561K(613440K), 0.0290615 secs] 1403148K->892785K(2010624K), 0.0291089 secs] [Times: user=0.11 sys=0.00, real=0.03 secs] 
[GC (Allocation Failure) [ParNew: 585905K->68096K(613440K), 0.0658995 secs] 1438129K->960793K(2010624K), 0.0659502 secs] [Times: user=0.22 sys=0.00, real=0.06 secs] 
[GC (Allocation Failure) [ParNew (0: promotion failure size = 97)  (1: promotion failure size = 97)  (2: promotion failure size = 97)  (3: promotion failure size = 1854)  (4: promotion failure size = 1854)  (5: promotion failure size = 97)  (6: promotion failure size = 97)  (7: promotion failure size = 97)  (promotion failed): 613440K->586379K(613440K), 2.8156092 secs][CMS: 913380K->752280K(1397184K), 1.6794924 secs] 1506137K->752280K(2010624K), [Metaspace: 9991K->9991K(10240K)], 4.4952498 secs] [Times: user=4.49 sys=1.01, real=4.49 secs] 

*** PauseDetector detected a 4496 ms pause at Fri Dec 19 18:26:08 EET 2014 ***

[GC (Allocation Failure) [ParNew: 545344K->68096K(613440K), 0.0517662 secs] 1297624K->861132K(2010624K), 0.0518143 secs] [Times: user=0.20 sys=0.00, real=0.05 secs] 
[GC (Allocation Failure) [ParNew: 613440K->27203K(613440K), 0.0388006 secs] 1406476K->883572K(2010624K), 0.0388500 secs] [Times: user=0.19 sys=0.00, real=0.04 secs] 
[GC (Allocation Failure) [ParNew: 572547K->68096K(613440K), 0.0511657 secs] 1428916K->966600K(2010624K), 0.0512157 secs] [Times: user=0.19 sys=0.00, real=0.05 secs] 
[GC (Allocation Failure) [ParNew: 613440K->33215K(613440K), 0.0417416 secs] 1511944K->993289K(2010624K), 0.0418988 secs] [Times: user=0.19 sys=0.00, real=0.04 secs] 
[GC (Allocation Failure) [ParNew: 578559K->68096K(613440K), 0.0510861 secs] 1538633K->1068082K(2010624K), 0.0511432 secs] [Times: user=0.22 sys=0.00, real=0.05 secs] 
[GC (Allocation Failure) [ParNew: 613440K->27293K(613440K), 0.0288863 secs] 1613426K->1090660K(2010624K), 0.0289357 secs] [Times: user=0.13 sys=0.00, real=0.03 secs] 
[Full GC (System.gc()) [CMS: 1063366K->660201K(1397184K), 1.4221608 secs] 1101964K->660201K(2010624K), [Metaspace: 9991K->9991K(10240K)], 1.4223610 secs] [Times: user=1.42 sys=0.00, real=1.41 secs] 
[Full GC (System.gc()) [CMS: 660201K->660202K(1397184K), 1.3238085 secs] 660203K->660202K(2010624K), [Metaspace: 9991K->9991K(10240K)], 1.3240253 secs] [Times: user=1.33 sys=0.00, real=1.33 secs] 
[Full GC (System.gc()) [CMS: 660202K->660202K(1397184K), 1.3177924 secs] 660202K->660202K(2010624K), [Metaspace: 9991K->9991K(10240K)]
*** PauseDetector detected a 1417 ms pause at Fri Dec 19 18:26:19 EET 2014 ***


*** PauseDetector detected a 2652 ms pause at Fri Dec 19 18:26:22 EET 2014 ***

, 1.3180536 secs] [Times: user=1.31 sys=0.00, real=1.31 secs] 
[GC (Allocation Failure) [ParNew: 545344K->68096K(613440K), 0.0445497 secs] 1205546K->768379K(2010624K), 0.0446011 secs] [Times: user=0.13 sys=0.00, real=0.04 secs] 
[GC (Allocation Failure) [ParNew: 613440K->27418K(613440K), 0.0325394 secs] 1313723K->791310K(2010624K), 0.0326030 secs] [Times: user=0.12 sys=0.00, real=0.03 secs] 
[GC (Allocation Failure) [ParNew: 572762K->68096K(613440K), 0.1652456 secs] 1336654K->900294K(2010624K), 0.1652969 secs] [Times: user=0.69 sys=0.00, real=0.16 secs] 
[GC (Allocation Failure) [ParNew: 613440K->34247K(613440K), 0.0878022 secs] 1445638K->930721K(2010624K), 0.0878645 secs] [Times: user=0.37 sys=0.00, real=0.09 secs] 
[GC (Allocation Failure) [ParNew: 579591K->68096K(613440K), 0.1889916 secs] 1476065K->1021755K(2010624K), 0.1890423 secs] [Times: user=0.84 sys=0.00, real=0.18 secs] 
[GC (Allocation Failure) [ParNew: 613440K->20503K(613440K), 0.0673777 secs] 1567099K->1038625K(2010624K), 0.0674572 secs] [Times: user=0.30 sys=0.00, real=0.07 secs] 
[Full GC (System.gc()) [CMS: 1018122K->688344K(1397184K), 1.5869971 secs] 1049589K->688344K(2010624K), [Metaspace: 9992K->9992K(10240K)], 1.5871850 secs] [Times: user=1.58 sys=0.00, real=1.58 secs] 
[Full GC (System.gc()) [CMS: 688344K->688345K(1397184K), 1.3590111 secs] 688346K->688345K(2010624K), [Metaspace: 9992K->9992K(10240K)], 1.3591908 secs] [Times: user=1.37 sys=0.00, real=1.36 secs] 
[Full GC (System.gc()) [CMS: 688345K->688345K(1397184K), 1.6797028 secs] 688345K->688345K(2010624K), [Metaspace: 9992K->9992K(10240K)]
*** PauseDetector detected a 1585 ms pause at Fri Dec 19 18:26:33 EET 2014 ***

, 1.6799203 secs] [Times: user=1.67 sys=0.00, real=1.68 secs] 
********************************
********** ROUND   71 **********
********************************

*** PauseDetector detected a 3046 ms pause at Fri Dec 19 18:26:36 EET 2014 ***

[GC (Allocation Failure) [ParNew: 545344K->68096K(613440K), 0.1350350 secs] 1233689K->813006K(2010624K), 0.1350870 secs] [Times: user=0.51 sys=0.00, real=0.13 secs] 
[GC (Allocation Failure) [ParNew: 613440K->20566K(613440K), 0.0613379 secs] 1358350K->830209K(2010624K), 0.0613853 secs] [Times: user=0.20 sys=0.00, real=0.06 secs] 
[GC (Allocation Failure) [ParNew: 565910K->68096K(613440K), 0.1369707 secs] 1375553K->927988K(2010624K), 0.1370323 secs] [Times: user=0.62 sys=0.00, real=0.14 secs] 
[GC (Allocation Failure) [ParNew: 613440K->34265K(613440K), 0.0576090 secs] 1473332K->958127K(2010624K), 0.0576591 secs] [Times: user=0.16 sys=0.00, real=0.05 secs] 
[GC (Allocation Failure) [ParNew: 579609K->68096K(613440K), 0.1230883 secs] 1503471K->1041826K(2010624K), 0.1231345 secs] [Times: user=0.52 sys=0.00, real=0.12 secs] 
[GC (Allocation Failure) [ParNew: 613440K->27089K(613440K), 0.0517425 secs] 1587170K->1063670K(2010624K), 0.0519330 secs] [Times: user=0.14 sys=0.00, real=0.05 secs] 
[GC (Allocation Failure) [ParNew: 572433K->68096K(613440K), 0.1190681 secs] 1609014K->1151632K(2010624K), 0.1191176 secs] [Times: user=0.45 sys=0.00, real=0.12 secs] 
[GC (Allocation Failure) [ParNew: 613440K->20430K(613440K), 0.0558370 secs] 1696976K->1167154K(2010624K), 0.0558890 secs] [Times: user=0.14 sys=0.00, real=0.06 secs] 
[GC (CMS Initial Mark) [1 CMS-initial-mark: 1146723K(1397184K)] 1178116K(2010624K), 0.0050171 secs] [Times: user=0.00 sys=0.00, real=0.00 secs] 
[CMS-concurrent-mark-start]
[CMS-concurrent-mark: 1.225/1.225 secs] [Times: user=4.15 sys=0.00, real=1.23 secs] 
[CMS-concurrent-preclean-start]
[CMS-concurrent-preclean: 0.169/0.177 secs] [Times: user=0.37 sys=0.00, real=0.18 secs] 
[CMS-concurrent-abortable-preclean-start]
[GC (Allocation Failure) [ParNew[CMS-concurrent-abortable-preclean: 0.073/0.478 secs] [Times: user=0.87 sys=0.00, real=0.48 secs] 
: 565774K->68096K(613440K), 0.1054250 secs] 1712498K->1260668K(2010624K), 0.1054757 secs] [Times: user=0.44 sys=0.00, real=0.10 secs] 
[GC (CMS Final Remark) [YG occupancy: 79059 K (613440 K)][Rescan (parallel) , 0.0588306 secs][weak refs processing, 0.0000148 secs][class unloading, 0.0062066 secs][scrub symbol table, 0.0010541 secs][scrub string table, 0.0003516 secs][1 CMS-remark: 1192572K(1397184K)] 1271632K(2010624K), 0.0672930 secs] [Times: user=0.44 sys=0.00, real=0.07 secs] 
[CMS-concurrent-sweep-start]
[CMS-concurrent-sweep: 0.711/0.711 secs] [Times: user=1.43 sys=0.00, real=0.72 secs] 
[CMS-concurrent-reset-start]
[CMS-concurrent-reset: 0.003/0.003 secs] [Times: user=0.00 sys=0.00, real=0.00 secs] 
[GC (Allocation Failure) [ParNew: 613440K->34257K(613440K), 0.0475696 secs] 1305879K->790175K(2010624K), 0.0477140 secs] [Times: user=0.14 sys=0.00, real=0.05 secs] 
[GC (Allocation Failure) [ParNew: 579601K->68096K(613440K), 0.0951515 secs] 1335519K->869272K(2010624K), 0.0951990 secs] [Times: user=0.42 sys=0.00, real=0.09 secs] 
[GC (Allocation Failure) [ParNew: 613440K->41060K(613440K), 0.0462371 secs] 1414616K->905719K(2010624K), 0.0462878 secs] [Times: user=0.14 sys=0.00, real=0.05 secs] 
[GC (Allocation Failure) [ParNew: 586404K->68096K(613440K), 0.0925127 secs] 1451063K->977589K(2010624K), 0.0925621 secs] [Times: user=0.31 sys=0.00, real=0.09 secs] 
[GC (Allocation Failure) [ParNew (0: promotion failure size = 4167)  (1: promotion failure size = 4167)  (2: promotion failure size = 41)  (3: promotion failure size = 4167)  (4: promotion failure size = 4167)  (5: promotion failure size = 41)  (6: promotion failure size = 4167)  (7: promotion failure size = 4167)  (promotion failed): 613440K->586389K(613440K), 2.7150832 secs][CMS: 951250K->756577K(1397184K), 2.2395805 secs] 1522933K->756577K(2010624K), [Metaspace: 9993K->9993K(10240K)], 4.9547343 secs]
*** PauseDetector detected a 4951 ms pause at Fri Dec 19 18:27:03 EET 2014 ***

 [Times: user=5.18 sys=0.55, real=4.95 secs] 
[GC (Allocation Failure) [ParNew: 545344K->68096K(613440K), 0.0809149 secs] 1301921K->868912K(2010624K), 0.0809662 secs] [Times: user=0.36 sys=0.00, real=0.08 secs] 
[GC (Allocation Failure) [ParNew: 613440K->20532K(613440K), 0.0487347 secs] 1414256K->885506K(2010624K), 0.0487790 secs] [Times: user=0.14 sys=0.00, real=0.04 secs] 
[GC (Allocation Failure) [ParNew: 565876K->68096K(613440K), 0.0718174 secs] 1430850K->976240K(2010624K), 0.0718681 secs] [Times: user=0.30 sys=0.02, real=0.07 secs] 
[GC (Allocation Failure) [ParNew: 613440K->27384K(613440K), 0.0365018 secs] 1521584K->999317K(2010624K), 0.0366256 secs] [Times: user=0.12 sys=0.00, real=0.03 secs] 
[GC (Allocation Failure) [ParNew: 572728K->68096K(613440K), 0.0715543 secs] 1544661K->1084674K(2010624K), 0.0716037 secs] [Times: user=0.28 sys=0.00, real=0.07 secs] 
[GC (Allocation Failure) [ParNew: 613440K->33401K(613440K), 0.0347824 secs] 1630018K->1111549K(2010624K), 0.0350191 secs] [Times: user=0.06 sys=0.00, real=0.03 secs] 
[GC (Allocation Failure) [ParNew: 578745K->68096K(613440K), 0.0780400 secs] 1656893K->1188775K(2010624K), 0.0780894 secs] [Times: user=0.23 sys=0.00, real=0.07 secs] 
[GC (Allocation Failure) [ParNew: 613440K->34162K(613440K), 0.0358878 secs] 1734119K->1218298K(2010624K), 0.0359379 secs] [Times: user=0.08 sys=0.00, real=0.03 secs] 
[GC (CMS Initial Mark) [1 CMS-initial-mark: 1184135K(1397184K)] 1229326K(2010624K), 0.0032393 secs] [Times: user=0.00 sys=0.00, real=0.01 secs] 
[CMS-concurrent-mark-start]
[CMS-concurrent-mark: 1.115/1.115 secs] [Times: user=3.67 sys=0.00, real=1.11 secs] 
[CMS-concurrent-preclean-start]
[CMS-concurrent-preclean: 0.098/0.104 secs] [Times: user=0.22 sys=0.00, real=0.10 secs] 
[CMS-concurrent-abortable-preclean-start]
[GC (Allocation Failure) [ParNew[CMS-concurrent-abortable-preclean: 0.060/0.378 secs] [Times: user=0.51 sys=0.00, real=0.38 secs] 
: 579506K->68096K(613440K), 0.0698137 secs] 1763642K->1297122K(2010624K), 0.0698625 secs] [Times: user=0.28 sys=0.00, real=0.07 secs] 
[GC (CMS Final Remark) [YG occupancy: 79059 K (613440 K)][Rescan (parallel) , 0.0357711 secs][weak refs processing, 0.0000160 secs][class unloading, 0.0054213 secs][scrub symbol table, 0.0010432 secs][scrub string table, 0.0003541 secs][1 CMS-remark: 1229026K(1397184K)] 1308086K(2010624K), 0.0434360 secs] [Times: user=0.16 sys=0.00, real=0.04 secs] 
[CMS-concurrent-sweep-start]
[CMS-concurrent-sweep: 0.587/0.587 secs] [Times: user=1.19 sys=0.00, real=0.59 secs] 
[CMS-concurrent-reset-start]
[CMS-concurrent-reset: 0.003/0.003 secs] [Times: user=0.00 sys=0.00, real=0.00 secs] 
[GC (Allocation Failure) [ParNew: 613440K->39613K(613440K), 0.0377850 secs] 1302981K->790098K(2010624K), 0.0378331 secs] [Times: user=0.14 sys=0.00, real=0.04 secs] 
[GC (Allocation Failure) [ParNew: 584957K->68096K(613440K), 0.0643597 secs] 1335442K->861343K(2010624K), 0.0644084 secs] [Times: user=0.28 sys=0.00, real=0.06 secs] 
[GC (Allocation Failure) [ParNew: 613440K->47385K(613440K), 0.0387069 secs] 1406687K->903454K(2010624K), 0.0387563 secs] [Times: user=0.13 sys=0.00, real=0.03 secs] 
[GC (Allocation Failure) [ParNew: 592729K->68096K(613440K), 0.0808796 secs] 1448798K->965413K(2010624K), 0.0809265 secs] [Times: user=0.25 sys=0.00, real=0.07 secs] 
[GC (Allocation Failure) [ParNew (0: promotion failure size = 1854)  (1: promotion failure size = 69)  (2: promotion failure size = 69)  (3: promotion failure size = 69)  (4: promotion failure size = 69)  (5: promotion failure size = 69)  (6: promotion failure size = 69)  (7: promotion failure size = 1854)  (promotion failed): 613440K->593225K(613440K), 2.3331505 secs][CMS: 937735K->753052K(1397184K), 1.8785503 secs] 1510757K->753052K(2010624K), [Metaspace: 9993K->9993K(10240K)], 4.2117938 secs]
*** PauseDetector detected a 4214 ms pause at Fri Dec 19 18:27:29 EET 2014 ***

 [Times: user=4.52 sys=0.69, real=4.21 secs] 
[GC (Allocation Failure) [ParNew: 545344K->68096K(613440K), 0.0596941 secs] 1298396K->863981K(2010624K), 0.0597474 secs] [Times: user=0.19 sys=0.00, real=0.06 secs] 
[GC (Allocation Failure) [ParNew: 613440K->26935K(613440K), 0.0315809 secs] 1409325K->885490K(2010624K), 0.0316233 secs] [Times: user=0.13 sys=0.00, real=0.03 secs] 
[GC (Allocation Failure) [ParNew: 572279K->68096K(613440K), 0.0585611 secs] 1430834K->968695K(2010624K), 0.0586086 secs] [Times: user=0.20 sys=0.00, real=0.06 secs] 
[GC (Allocation Failure) [ParNew: 613440K->20295K(613440K), 0.0373121 secs] 1514039K->983551K(2010624K), 0.0373628 secs] [Times: user=0.14 sys=0.00, real=0.03 secs] 
[GC (Allocation Failure) [ParNew: 565639K->68096K(613440K), 0.0571959 secs] 1528895K->1074550K(2010624K), 0.0572433 secs] [Times: user=0.22 sys=0.00, real=0.06 secs] 
[GC (Allocation Failure) [ParNew: 613440K->26552K(613440K), 0.0412110 secs] 1619894K->1094261K(2010624K), 0.0414330 secs] [Times: user=0.13 sys=0.00, real=0.04 secs] 
[GC (Allocation Failure) [ParNew: 571896K->68096K(613440K), 0.0567660 secs] 1639605K->1176769K(2010624K), 0.0568231 secs] [Times: user=0.20 sys=0.00, real=0.05 secs] 
[GC (Allocation Failure) [ParNew: 613440K->34090K(613440K), 0.0449456 secs] 1722113K->1206118K(2010624K), 0.0449963 secs] [Times: user=0.19 sys=0.00, real=0.04 secs] 
[GC (CMS Initial Mark) [1 CMS-initial-mark: 1172027K(1397184K)] 1217082K(2010624K), 0.0034793 secs] [Times: user=0.01 sys=0.00, real=0.01 secs] 
[CMS-concurrent-mark-start]
[CMS-concurrent-mark: 1.316/1.316 secs] [Times: user=4.23 sys=0.00, real=1.32 secs] 
[CMS-concurrent-preclean-start]
[CMS-concurrent-preclean: 0.078/0.082 secs] [Times: user=0.16 sys=0.00, real=0.08 secs] 
[CMS-concurrent-abortable-preclean-start]
[GC (Allocation Failure) [ParNew[CMS-concurrent-abortable-preclean: 0.044/0.255 secs] [Times: user=0.59 sys=0.00, real=0.26 secs] 
: 579434K->68096K(613440K), 0.0548701 secs] 1751462K->1284115K(2010624K), 0.0549240 secs] [Times: user=0.34 sys=0.00, real=0.05 secs] 
[GC (CMS Final Remark) [YG occupancy: 79059 K (613440 K)][Rescan (parallel) , 0.0279836 secs][weak refs processing, 0.0000148 secs][class unloading, 0.0053225 secs][scrub symbol table, 0.0010586 secs][scrub string table, 0.0003509 secs][1 CMS-remark: 1216019K(1397184K)] 1295079K(2010624K), 0.0355593 secs] [Times: user=0.19 sys=0.00, real=0.03 secs] 
[CMS-concurrent-sweep-start]
[CMS-concurrent-sweep: 0.569/0.569 secs] [Times: user=1.15 sys=0.00, real=0.58 secs] 
[CMS-concurrent-reset-start]
[CMS-concurrent-reset: 0.003/0.003 secs] [Times: user=0.00 sys=0.00, real=0.00 secs] 
[GC (Allocation Failure) [ParNew: 613440K->45709K(613440K), 0.0306802 secs] 1301680K->794006K(2010624K), 0.0308585 secs] [Times: user=0.06 sys=0.00, real=0.03 secs] 
[GC (Allocation Failure) [ParNew: 591053K->68096K(613440K), 0.0549843 secs] 1339350K->859278K(2010624K), 0.0550312 secs] [Times: user=0.20 sys=0.00, real=0.05 secs] 
[GC (Allocation Failure) [ParNew: 613440K->26425K(613440K), 0.0434642 secs] 1404622K->878679K(2010624K), 0.0435181 secs] [Times: user=0.13 sys=0.00, real=0.04 secs] 
[GC (Allocation Failure) [ParNew: 571769K->68096K(613440K), 0.0592970 secs] 1424023K->960833K(2010624K), 0.0593464 secs] [Times: user=0.19 sys=0.00, real=0.05 secs] 
[GC (Allocation Failure) [ParNew (0: promotion failure size = 1854)  (1: promotion failure size = 97)  (2: promotion failure size = 1854)  (3: promotion failure size = 97)  (4: promotion failure size = 1854)  (5: promotion failure size = 1854)  (6: promotion failure size = 1854)  (7: promotion failure size = 1854)  (promotion failed): 613440K->593226K(613440K), 0.8717695 secs][CMS: 940928K->752280K(1397184K), 1.5973482 secs] 1506177K->752280K(2010624K), [Metaspace: 9993K->9993K(10240K)], 2.4692942 secs] [Times: user=2.43 sys=0.17, real=2.47 secs] 

*** PauseDetector detected a 2467 ms pause at Fri Dec 19 18:27:52 EET 2014 ***

[GC (Allocation Failure) [ParNew: 545344K->68096K(613440K), 0.0512330 secs] 1297624K->861195K(2010624K), 0.0512837 secs] [Times: user=0.19 sys=0.00, real=0.05 secs] 
[GC (Allocation Failure) [ParNew: 613440K->27188K(613440K), 0.0295189 secs] 1406539K->883497K(2010624K), 0.0295709 secs] [Times: user=0.13 sys=0.00, real=0.03 secs] 
[GC (Allocation Failure) [ParNew: 572532K->68096K(613440K), 0.0518663 secs] 1428841K->965775K(2010624K), 0.0519170 secs] [Times: user=0.19 sys=0.00, real=0.05 secs] 
[GC (Allocation Failure) [ParNew: 613440K->20133K(613440K), 0.0280760 secs] 1511119K->979931K(2010624K), 0.0281164 secs] [Times: user=0.14 sys=0.00, real=0.03 secs] 
[GC (Allocation Failure) [ParNew: 565477K->68096K(613440K), 0.0521017 secs] 1525275K->1070067K(2010624K), 0.0521492 secs] [Times: user=0.19 sys=0.00, real=0.05 secs] 
[GC (Allocation Failure) [ParNew: 613440K->33203K(613440K), 0.0271059 secs] 1615411K->1096352K(2010624K), 0.0271553 secs] [Times: user=0.08 sys=0.00, real=0.02 secs] 
[Full GC (System.gc()) [CMS: 1063148K->668097K(1397184K), 1.5891855 secs] 1129697K->668097K(2010624K), [Metaspace: 9993K->9993K(10240K)], 1.5894459 secs] [Times: user=1.59 sys=0.00, real=1.59 secs] 
[Full GC (System.gc()) [CMS: 668097K->668114K(1397184K), 1.3226537 secs] 679058K->668114K(2010624K), [Metaspace: 9993K->9993K(10240K)], 1.3228628 secs] [Times: user=1.33 sys=0.00, real=1.32 secs] 
[Full GC (System.gc()) [CMS: 668114K->668128K(1397184K), 1.3106119 secs] 679078K->668128K(2010624K), [Metaspace: 9993K->9993K(10240K)]
*** PauseDetector detected a 2914 ms pause at Fri Dec 19 18:28:04 EET 2014 ***

, 1.3108198 secs] [Times: user=1.31 sys=0.00, real=1.31 secs] 

*** PauseDetector detected a 1321 ms pause at Fri Dec 19 18:28:06 EET 2014 ***

[GC (Allocation Failure) [ParNew: 545344K->68096K(613440K), 0.0320281 secs] 1213472K->751184K(2010624K), 0.0320762 secs] [Times: user=0.05 sys=0.00, real=0.03 secs] 
[GC (Allocation Failure) [ParNew: 613440K->27324K(613440K), 0.0282653 secs] 1296528K->773962K(2010624K), 0.0283846 secs] [Times: user=0.06 sys=0.00, real=0.03 secs] 
[GC (Allocation Failure) [ParNew: 572668K->68096K(613440K), 0.1607622 secs] 1319306K->883045K(2010624K), 0.1608091 secs] [Times: user=0.67 sys=0.00, real=0.16 secs] 
[GC (Allocation Failure) [ParNew: 613440K->20518K(613440K), 0.0927013 secs] 1428389K->899776K(2010624K), 0.0927635 secs] [Times: user=0.36 sys=0.00, real=0.09 secs] 
[GC (Allocation Failure) [ParNew: 565862K->68096K(613440K), 0.1993120 secs] 1445120K->1004394K(2010624K), 0.1993748 secs] [Times: user=0.98 sys=0.00, real=0.20 secs] 
[GC (Allocation Failure) [ParNew: 613440K->27412K(613440K), 0.0716865 secs] 1549738K->1027629K(2010624K), 0.0717378 secs] [Times: user=0.20 sys=0.00, real=0.07 secs] 
[Full GC (System.gc()) [CMS: 1000217K->647938K(1397184K), 1.4603095 secs] 1038595K->647938K(2010624K), [Metaspace: 9993K->9993K(10240K)], 1.4606457 secs] [Times: user=1.45 sys=0.00, real=1.46 secs] 
[Full GC (System.gc()) [CMS: 647938K->647938K(1397184K), 1.2773244 secs] 647940K->647938K(2010624K), [Metaspace: 9993K->9993K(10240K)], 1.2776484 secs] [Times: user=1.28 sys=0.00, real=1.28 secs] 
[Full GC (System.gc()) [CMS: 647938K->647939K(1397184K), 1.2834957 secs] 658900K->647939K(2010624K), [Metaspace: 9993K->9993K(10240K)]
*** PauseDetector detected a 1457 ms pause at Fri Dec 19 18:28:17 EET 2014 ***

, 1.2838338 secs] [Times: user=1.28 sys=0.00, real=1.28 secs] 
********************************
********** ROUND   72 **********
********************************

*** PauseDetector detected a 2573 ms pause at Fri Dec 19 18:28:20 EET 2014 ***

[GC (Allocation Failure) [ParNew: 545344K->68096K(613440K), 0.1019002 secs] 1193283K->772608K(2010624K), 0.1019503 secs] [Times: user=0.47 sys=0.00, real=0.10 secs] 
[GC (Allocation Failure) [ParNew: 613440K->13700K(613440K), 0.0617568 secs] 1317952K->782389K(2010624K), 0.0618075 secs] [Times: user=0.20 sys=0.00, real=0.06 secs] 
[GC (Allocation Failure) [ParNew: 559044K->68096K(613440K), 0.1341683 secs] 1327733K->888598K(2010624K), 0.1342279 secs] [Times: user=0.59 sys=0.00, real=0.13 secs] 
[GC (Allocation Failure) [ParNew: 613440K->27000K(613440K), 0.0591296 secs] 1433942K->910172K(2010624K), 0.0591809 secs] [Times: user=0.19 sys=0.00, real=0.05 secs] 
[GC (Allocation Failure) [ParNew: 572344K->68096K(613440K), 0.1215671 secs] 1455516K->1001634K(2010624K), 0.1216165 secs] [Times: user=0.51 sys=0.00, real=0.12 secs] 
[GC (Allocation Failure) [ParNew: 613440K->20225K(613440K), 0.0516629 secs] 1546978K->1016279K(2010624K), 0.0517816 secs] [Times: user=0.16 sys=0.00, real=0.05 secs] 
[GC (Allocation Failure) [ParNew: 565569K->68096K(613440K), 0.1098519 secs] 1561623K->1110632K(2010624K), 0.1098981 secs] [Times: user=0.44 sys=0.00, real=0.10 secs] 
[GC (Allocation Failure) [ParNew: 613440K->20549K(613440K), 0.0492775 secs] 1655976K->1126632K(2010624K), 0.0493231 secs] [Times: user=0.14 sys=0.00, real=0.05 secs] 
[GC (Allocation Failure) [ParNew: 565893K->68096K(613440K), 0.1093502 secs] 1671976K->1220740K(2010624K), 0.1094028 secs] [Times: user=0.42 sys=0.00, real=0.11 secs] 
[GC (Allocation Failure) [ParNew: 613440K->40709K(613440K), 0.0513389 secs] 1766084K->1256118K(2010624K), 0.0514903 secs] [Times: user=0.16 sys=0.00, real=0.05 secs] 
[GC (CMS Initial Mark) [1 CMS-initial-mark: 1215409K(1397184K)] 1267082K(2010624K), 0.0039675 secs] [Times: user=0.00 sys=0.00, real=0.00 secs] 
[CMS-concurrent-mark-start]
[CMS-concurrent-mark: 1.215/1.215 secs] [Times: user=4.01 sys=0.00, real=1.22 secs] 
[CMS-concurrent-preclean-start]
[CMS-concurrent-preclean: 0.140/0.150 secs] [Times: user=0.31 sys=0.00, real=0.15 secs] 
[CMS-concurrent-abortable-preclean-start]
[GC (Allocation Failure) [ParNew[CMS-concurrent-abortable-preclean: 0.060/0.392 secs] [Times: user=0.72 sys=0.00, real=0.39 secs] 
: 586053K->68096K(613440K), 0.1082595 secs] 1801462K->1331370K(2010624K), 0.1083718 secs] [Times: user=0.45 sys=0.00, real=0.11 secs] 
[GC (CMS Final Remark) [YG occupancy: 79059 K (613440 K)][Rescan (parallel) , 0.0540996 secs][weak refs processing, 0.0000160 secs][class unloading, 0.0059641 secs][scrub symbol table, 0.0013101 secs][scrub string table, 0.0003561 secs][1 CMS-remark: 1263274K(1397184K)] 1342334K(2010624K), 0.0625825 secs] [Times: user=0.33 sys=0.00, real=0.06 secs] 
[CMS-concurrent-sweep-start]
[CMS-concurrent-sweep: 0.758/0.758 secs] [Times: user=1.51 sys=0.00, real=0.76 secs] 
[CMS-concurrent-reset-start]
[CMS-concurrent-reset: 0.003/0.003 secs] [Times: user=0.00 sys=0.00, real=0.00 secs] 
[GC (Allocation Failure) [ParNew: 613440K->32979K(613440K), 0.0428727 secs] 1307735K->788151K(2010624K), 0.0429227 secs] [Times: user=0.08 sys=0.00, real=0.04 secs] 
[GC (Allocation Failure) [ParNew: 578323K->68096K(613440K), 0.0894023 secs] 1333495K->868065K(2010624K), 0.0894530 secs] [Times: user=0.34 sys=0.00, real=0.08 secs] 
[GC (Allocation Failure) [ParNew: 613440K->40968K(613440K), 0.0519407 secs] 1413409K->904426K(2010624K), 0.0519933 secs] [Times: user=0.13 sys=0.00, real=0.05 secs] 
[GC (Allocation Failure) [ParNew (0: promotion failure size = 2779)  (1: promotion failure size = 45)  (2: promotion failure size = 2779)  (3: promotion failure size = 2779)  (4: promotion failure size = 2779)  (5: promotion failure size = 2779)  (6: promotion failure size = 2779)  (7: promotion failure size = 2779)  (promotion failed): 586312K->613440K(613440K), 3.8925944 secs][CMS: 878516K->753946K(1397184K), 2.0619204 secs] 1449770K->753946K(2010624K), [Metaspace: 9993K->9993K(10240K)], 5.9546066 secs] [Times: user=6.46 sys=1.15, real=5.95 secs] 
*** PauseDetector detected a 5949 ms pause at Fri Dec 19 18:28:49 EET 2014 ***


[GC (Allocation Failure) [ParNew: 545344K->27376K(613440K), 0.0068674 secs] 1299290K->781323K(2010624K), 0.0069136 secs] [Times: user=0.00 sys=0.00, real=0.01 secs] 
[GC (Allocation Failure) [ParNew: 572720K->68096K(613440K), 0.0722062 secs] 1326667K->866682K(2010624K), 0.0722607 secs] [Times: user=0.28 sys=0.00, real=0.07 secs] 
[GC (Allocation Failure) [ParNew: 613440K->27129K(613440K), 0.0376175 secs] 1412026K->889157K(2010624K), 0.0376682 secs] [Times: user=0.13 sys=0.00, real=0.03 secs] 
[GC (Allocation Failure) [ParNew: 572473K->68096K(613440K), 0.0714087 secs] 1434501K->974886K(2010624K), 0.0714902 secs] [Times: user=0.25 sys=0.00, real=0.07 secs] 
[GC (Allocation Failure) [ParNew: 613440K->26731K(613440K), 0.0352142 secs] 1520230K->995339K(2010624K), 0.0352572 secs] [Times: user=0.12 sys=0.00, real=0.03 secs] 
[GC (Allocation Failure) [ParNew: 572075K->68096K(613440K), 0.0697566 secs] 1540683K->1081520K(2010624K), 0.0698041 secs] [Times: user=0.25 sys=0.00, real=0.07 secs] 
[GC (Allocation Failure) [ParNew: 613440K->33146K(613440K), 0.0396468 secs] 1626864K->1107778K(2010624K), 0.0396937 secs] [Times: user=0.14 sys=0.00, real=0.03 secs] 
[GC (Allocation Failure) [ParNew: 578490K->68096K(613440K), 0.0693537 secs] 1653122K->1187936K(2010624K), 0.0694038 secs] [Times: user=0.31 sys=0.00, real=0.07 secs] 
[GC (Allocation Failure) [ParNew: 613440K->26247K(613440K), 0.0334466 secs] 1733280K->1206649K(2010624K), 0.0336000 secs] [Times: user=0.13 sys=0.00, real=0.03 secs] 
[GC (CMS Initial Mark) [1 CMS-initial-mark: 1180401K(1397184K)] 1217610K(2010624K), 0.0041478 secs] [Times: user=0.00 sys=0.00, real=0.00 secs] 
[CMS-concurrent-mark-start]
[CMS-concurrent-mark: 1.155/1.155 secs] [Times: user=3.74 sys=0.00, real=1.16 secs] 
[CMS-concurrent-preclean-start]
[CMS-concurrent-preclean: 0.092/0.098 secs] [Times: user=0.19 sys=0.00, real=0.10 secs] 
[CMS-concurrent-abortable-preclean-start]
[GC (Allocation Failure) [ParNew: 571591K->68096K(613440K), 0.0666161 secs] 1751993K->1290715K(2010624K), 0.0666662 secs] [Times: user=0.26 sys=0.00, real=0.06 secs] 
[CMS-concurrent-abortable-preclean: 0.769/1.375 secs] [Times: user=2.36 sys=0.00, real=1.38 secs] 
[GC (CMS Final Remark) [YG occupancy: 464773 K (613440 K)][Rescan (parallel) , 0.0985608 secs][weak refs processing, 0.0000160 secs][class unloading, 0.0055150 secs][scrub symbol table, 0.0010477 secs][scrub string table, 0.0003548 secs][1 CMS-remark: 1222619K(1397184K)] 1687392K(2010624K), 0.1063393 secs] [Times: user=0.39 sys=0.00, real=0.10 secs] 
[CMS-concurrent-sweep-start]
[GC (Allocation Failure) [ParNew: 613440K->40978K(613440K), 0.0422946 secs] 1836059K->1327132K(2010624K), 0.0423447 secs] [Times: user=0.16 sys=0.00, real=0.04 secs] 
[CMS-concurrent-sweep: 0.621/0.663 secs] [Times: user=1.61 sys=0.00, real=0.67 secs] 
[CMS-concurrent-reset-start]
[CMS-concurrent-reset: 0.003/0.003 secs] [Times: user=0.00 sys=0.00, real=0.00 secs] 
[GC (Allocation Failure) [ParNew: 586322K->68096K(613440K), 0.0657500 secs] 1336662K->859977K(2010624K), 0.0658000 secs] [Times: user=0.28 sys=0.00, real=0.06 secs] 
[GC (Allocation Failure) [ParNew: 613440K->34111K(613440K), 0.0433731 secs] 1405321K->889422K(2010624K), 0.0434219 secs] [Times: user=0.13 sys=0.00, real=0.04 secs] 
[GC (Allocation Failure) [ParNew: 579455K->68096K(613440K), 0.0805986 secs] 1434766K->964490K(2010624K), 0.0806480 secs] [Times: user=0.27 sys=0.00, real=0.08 secs] 
[GC (Allocation Failure) [ParNew (0: promotion failure size = 1854)  (1: promotion failure size = 1854)  (2: promotion failure size = 1854)  (3: promotion failure size = 1854)  (4: promotion failure size = 1854)  (5: promotion failure size = 1854)  (6: promotion failure size = 1854)  (7: promotion failure size = 1854)  (promotion failed): 613440K->586405K(613440K), 0.4104437 secs][CMS: 959344K->752879K(1397184K), 1.8270921 secs] 1509834K->752879K(2010624K), [Metaspace: 9993K->9993K(10240K)], 2.2376006 secs] [Times: user=2.39 sys=0.02, real=2.24 secs] 

*** PauseDetector detected a 2240 ms pause at Fri Dec 19 18:29:14 EET 2014 ***

[GC (Allocation Failure) [ParNew: 545344K->68096K(613440K), 0.0581447 secs] 1298223K->865141K(2010624K), 0.0581916 secs] [Times: user=0.22 sys=0.00, real=0.06 secs] 
[GC (Allocation Failure) [ParNew: 613440K->26381K(613440K), 0.0392632 secs] 1410485K->884574K(2010624K), 0.0393068 secs] [Times: user=0.13 sys=0.00, real=0.03 secs] 
[GC (Allocation Failure) [ParNew: 571725K->68096K(613440K), 0.0580241 secs] 1429918K->968622K(2010624K), 0.0580735 secs] [Times: user=0.19 sys=0.00, real=0.06 secs] 
[GC (Allocation Failure) [ParNew: 613440K->33583K(613440K), 0.0296947 secs] 1513966K->996349K(2010624K), 0.0297428 secs] [Times: user=0.16 sys=0.00, real=0.02 secs] 
[GC (Allocation Failure) [ParNew: 578927K->68096K(613440K), 0.0569636 secs] 1541693K->1072923K(2010624K), 0.0570124 secs] [Times: user=0.25 sys=0.00, real=0.06 secs] 
[GC (Allocation Failure) [ParNew: 613440K->26839K(613440K), 0.0348902 secs] 1618267K->1093908K(2010624K), 0.0349370 secs] [Times: user=0.14 sys=0.00, real=0.03 secs] 
[GC (Allocation Failure) [ParNew: 572183K->68096K(613440K), 0.0560102 secs] 1639252K->1175800K(2010624K), 0.0560628 secs] [Times: user=0.26 sys=0.00, real=0.05 secs] 
[GC (Allocation Failure) [ParNew: 613440K->41064K(613440K), 0.0319332 secs] 1721144K->1212223K(2010624K), 0.0319973 secs] [Times: user=0.08 sys=0.00, real=0.03 secs] 
[GC (CMS Initial Mark) [1 CMS-initial-mark: 1171158K(1397184K)] 1223185K(2010624K), 0.0031546 secs] [Times: user=0.00 sys=0.00, real=0.00 secs] 
[CMS-concurrent-mark-start]
[CMS-concurrent-mark: 1.293/1.293 secs] [Times: user=4.15 sys=0.00, real=1.30 secs] 
[CMS-concurrent-preclean-start]
[CMS-concurrent-preclean: 0.082/0.087 secs] [Times: user=0.19 sys=0.00, real=0.09 secs] 
[CMS-concurrent-abortable-preclean-start]
[GC (Allocation Failure) [ParNew: 586408K->68096K(613440K), 0.0549651 secs] 1757567K->1280137K(2010624K), 0.0550139 secs] [Times: user=0.23 sys=0.00, real=0.05 secs] 
[CMS-concurrent-abortable-preclean: 0.630/1.194 secs] [Times: user=2.04 sys=0.00, real=1.20 secs] 
[GC (CMS Final Remark) [YG occupancy: 398595 K (613440 K)][Rescan (parallel) , 0.0696450 secs][weak refs processing, 0.0000154 secs][class unloading, 0.0054803 secs][scrub symbol table, 0.0010477 secs][scrub string table, 0.0003509 secs][1 CMS-remark: 1212041K(1397184K)] 1610637K(2010624K), 0.0773741 secs] [Times: user=0.42 sys=0.00, real=0.07 secs] 
[CMS-concurrent-sweep-start]
[GC (Allocation Failure) [ParNew: 613440K->27240K(613440K), 0.0354259 secs] 1454133K->931029K(2010624K), 0.0354772 secs] [Times: user=0.13 sys=0.00, real=0.03 secs] 
[CMS-concurrent-sweep: 0.555/0.590 secs] [Times: user=1.26 sys=0.00, real=0.60 secs] 
[CMS-concurrent-reset-start]
[CMS-concurrent-reset: 0.003/0.003 secs] [Times: user=0.00 sys=0.00, real=0.00 secs] 
[GC (Allocation Failure) [ParNew: 572584K->68096K(613440K), 0.0546084 secs] 1320579K->860588K(2010624K), 0.0546559 secs] [Times: user=0.19 sys=0.00, real=0.05 secs] 
[GC (Allocation Failure) [ParNew: 613440K->32370K(613440K), 0.0271156 secs] 1405932K->884239K(2010624K), 0.0271797 secs] [Times: user=0.05 sys=0.00, real=0.02 secs] 
[GC (Allocation Failure) [ParNew (0: promotion failure size = 101)  (1: promotion failure size = 101)  (2: promotion failure size = 101)  (3: promotion failure size = 101)  (4: promotion failure size = 101)  (5: promotion failure size = 101)  (6: promotion failure size = 101)  (7: promotion failure size = 101)  (promotion failed): 577714K->613440K(613440K), 0.4447083 secs][CMS: 884227K->750527K(1397184K), 1.7196345 secs] 1429583K->750527K(2010624K), [Metaspace: 9993K->9993K(10240K)], 2.1644359 secs] [Times: user=2.20 sys=0.03, real=2.16 secs] 

*** PauseDetector detected a 2160 ms pause at Fri Dec 19 18:29:36 EET 2014 ***

[GC (Allocation Failure) [ParNew: 545344K->27284K(613440K), 0.0068084 secs] 1295871K->777811K(2010624K), 0.0068969 secs] [Times: user=0.00 sys=0.00, real=0.00 secs] 
[GC (Allocation Failure) [ParNew: 572628K->68096K(613440K), 0.0512010 secs] 1323155K->865516K(2010624K), 0.0512491 secs] [Times: user=0.20 sys=0.02, real=0.05 secs] 
[GC (Allocation Failure) [ParNew: 613440K->37390K(613440K), 0.0274242 secs] 1410860K->891945K(2010624K), 0.0274748 secs] [Times: user=0.08 sys=0.00, real=0.02 secs] 
[GC (Allocation Failure) [ParNew: 582734K->68096K(613440K), 0.0503746 secs] 1437289K->963815K(2010624K), 0.0504215 secs] [Times: user=0.20 sys=0.00, real=0.05 secs] 
[GC (Allocation Failure) [ParNew: 613440K->20039K(613440K), 0.0276231 secs] 1509159K->978038K(2010624K), 0.0277764 secs] [Times: user=0.06 sys=0.00, real=0.02 secs] 
[Full GC (System.gc()) [CMS: 957999K->644720K(1397184K), 1.3832954 secs] 989408K->644720K(2010624K), [Metaspace: 9993K->9993K(10240K)], 1.3836464 secs] [Times: user=1.37 sys=0.00, real=1.37 secs] 
[Full GC (System.gc()) [CMS: 644720K->644720K(1397184K), 1.2957742 secs] 644720K->644720K(2010624K), [Metaspace: 9993K->9993K(10240K)], 1.2961187 secs] [Times: user=1.30 sys=0.00, real=1.29 secs] 
[Full GC (System.gc()) [CMS: 644720K->644721K(1397184K), 1.6134159 secs] 644722K->644721K(2010624K), [Metaspace: 9993K->9993K(10240K)]
*** PauseDetector detected a 2678 ms pause at Fri Dec 19 18:29:46 EET 2014 ***

, 1.6137283 secs] [Times: user=1.61 sys=0.00, real=1.61 secs] 

*** PauseDetector detected a 1621 ms pause at Fri Dec 19 18:29:48 EET 2014 ***

[GC (Allocation Failure) [ParNew: 545344K->68096K(613440K), 0.0417967 secs] 1190065K->752895K(2010624K), 0.0418436 secs] [Times: user=0.13 sys=0.00, real=0.04 secs] 
[GC (Allocation Failure) [ParNew: 613440K->27380K(613440K), 0.0422606 secs] 1298239K->775859K(2010624K), 0.0424345 secs] [Times: user=0.19 sys=0.00, real=0.04 secs] 
[GC (Allocation Failure) [ParNew: 572724K->68096K(613440K), 0.1516147 secs] 1321203K->884816K(2010624K), 0.1516641 secs] [Times: user=0.80 sys=0.00, real=0.14 secs] 
[GC (Allocation Failure) [ParNew: 613440K->27359K(613440K), 0.0786803 secs] 1430160K->908798K(2010624K), 0.0787271 secs] [Times: user=0.28 sys=0.00, real=0.08 secs] 
[GC (Allocation Failure) [ParNew: 572703K->68096K(613440K), 0.2007170 secs] 1454142K->1006481K(2010624K), 0.2007786 secs] [Times: user=0.97 sys=0.00, real=0.20 secs] 
[GC (Allocation Failure) [ParNew: 613440K->34255K(613440K), 0.0781298 secs] 1551825K->1036459K(2010624K), 0.0781933 secs] [Times: user=0.27 sys=0.00, real=0.08 secs] 
[Full GC (System.gc()) [CMS: 1002204K->682491K(1397184K), 1.5142853 secs] 1047423K->682491K(2010624K), [Metaspace: 9993K->9993K(10240K)], 1.5145118 secs] [Times: user=1.51 sys=0.00, real=1.51 secs] 
[Full GC (System.gc()) [CMS: 682491K->682491K(1397184K), 1.5960324 secs] 682491K->682491K(2010624K), [Metaspace: 9993K->9993K(10240K)]
*** PauseDetector detected a 3108 ms pause at Fri Dec 19 18:30:01 EET 2014 ***

, 1.5962627 secs] [Times: user=1.59 sys=0.00, real=1.60 secs] 
[Full GC (System.gc()) [CMS: 682491K->682491K(1397184K), 1.4949790 secs] 682493K->682491K(2010624K), [Metaspace: 9993K->9993K(10240K)]
*** PauseDetector detected a 1497 ms pause at Fri Dec 19 18:30:02 EET 2014 ***

, 1.4951959 secs] [Times: user=1.50 sys=0.00, real=1.50 secs] 
********************************
********** ROUND   73 **********
********************************
[GC (Allocation Failure) [ParNew: 545344K->68096K(613440K), 0.1227861 secs] 1227835K->807249K(2010624K), 0.1228342 secs] [Times: user=0.50 sys=0.00, real=0.11 secs] 
[GC (Allocation Failure) [ParNew: 613440K->27337K(613440K), 0.0604371 secs] 1352593K->830933K(2010624K), 0.0604826 secs] [Times: user=0.20 sys=0.00, real=0.06 secs] 
[GC (Allocation Failure) [ParNew: 572681K->68096K(613440K), 0.1281285 secs] 1376277K->921932K(2010624K), 0.1281785 secs] [Times: user=0.62 sys=0.00, real=0.13 secs] 
[GC (Allocation Failure) [ParNew: 613440K->27421K(613440K), 0.0577021 secs] 1467276K->945093K(2010624K), 0.0577495 secs] [Times: user=0.22 sys=0.00, real=0.05 secs] 
[GC (Allocation Failure) [ParNew: 572765K->68096K(613440K), 0.1212527 secs] 1490437K->1036346K(2010624K), 0.1212989 secs] [Times: user=0.51 sys=0.00, real=0.11 secs] 
[GC (Allocation Failure) [ParNew: 613440K->26830K(613440K), 0.0532931 secs] 1581690K->1059994K(2010624K), 0.0534426 secs] [Times: user=0.22 sys=0.00, real=0.05 secs] 
[GC (Allocation Failure) [ParNew: 572174K->68096K(613440K), 0.1115123 secs] 1605338K->1147779K(2010624K), 0.1115624 secs] [Times: user=0.48 sys=0.00, real=0.10 secs] 
[GC (Allocation Failure) [ParNew: 613440K->34229K(613440K), 0.0518316 secs] 1693123K->1177436K(2010624K), 0.0518804 secs] [Times: user=0.14 sys=0.00, real=0.05 secs] 
[GC (CMS Initial Mark) [1 CMS-initial-mark: 1143206K(1397184K)] 1177509K(2010624K), 0.0027690 secs] [Times: user=0.00 sys=0.00, real=0.00 secs] 
[CMS-concurrent-mark-start]
[CMS-concurrent-mark: 1.143/1.143 secs] [Times: user=3.82 sys=0.00, real=1.15 secs] 
[CMS-concurrent-preclean-start]
[CMS-concurrent-preclean: 0.150/0.159 secs] [Times: user=0.30 sys=0.00, real=0.16 secs] 
[CMS-concurrent-abortable-preclean-start]
[GC (Allocation Failure) [ParNew[CMS-concurrent-abortable-preclean: 0.069/0.481 secs] [Times: user=0.95 sys=0.00, real=0.48 secs] 
: 579573K->68096K(613440K), 0.1089280 secs] 1722780K->1258976K(2010624K), 0.1090461 secs] [Times: user=0.51 sys=0.00, real=0.11 secs] 
[GC (CMS Final Remark) [YG occupancy: 79059 K (613440 K)][Rescan (parallel) , 0.0589974 secs][weak refs processing, 0.0000218 secs][class unloading, 0.0054951 secs][scrub symbol table, 0.0010528 secs][scrub string table, 0.0003516 secs][1 CMS-remark: 1190880K(1397184K)] 1269940K(2010624K), 0.0667585 secs] [Times: user=0.33 sys=0.00, real=0.06 secs] 
[CMS-concurrent-sweep-start]
[CMS-concurrent-sweep: 0.714/0.714 secs] [Times: user=1.45 sys=0.00, real=0.72 secs] 
[CMS-concurrent-reset-start]
[CMS-concurrent-reset: 0.003/0.003 secs] [Times: user=0.03 sys=0.00, real=0.00 secs] 
[GC (Allocation Failure) [ParNew: 613440K->33358K(613440K), 0.0458233 secs] 1307496K->789067K(2010624K), 0.0458727 secs] [Times: user=0.14 sys=0.00, real=0.04 secs] 
[GC (Allocation Failure) [ParNew: 578702K->68096K(613440K), 0.0953914 secs] 1334411K->869039K(2010624K), 0.0954402 secs] [Times: user=0.36 sys=0.00, real=0.09 secs] 
[GC (Allocation Failure) [ParNew: 613440K->34172K(613440K), 0.0455622 secs] 1414383K->898648K(2010624K), 0.0456096 secs] [Times: user=0.14 sys=0.00, real=0.04 secs] 
[GC (Allocation Failure) [ParNew: 579516K->68096K(613440K), 0.0964532 secs] 1443992K->977353K(2010624K), 0.0965020 secs] [Times: user=0.31 sys=0.00, real=0.10 secs] 
[GC (Allocation Failure) [ParNew (0: promotion failure size = 41)  (1: promotion failure size = 4167)  (2: promotion failure size = 41)  (3: promotion failure size = 4167)  (4: promotion failure size = 4167)  (5: promotion failure size = 41)  (6: promotion failure size = 41)  (7: promotion failure size = 41)  (promotion failed): 613440K->579551K(613440K), 2.8351323 secs][CMS: 951807K->756598K(1397184K), 1.9670044 secs] 1522697K->756598K(2010624K), [Metaspace: 9993K->9993K(10240K)], 4.8022041 secs] [Times: user=5.02 sys=0.62, real=4.80 secs] 

*** PauseDetector detected a 4797 ms pause at Fri Dec 19 18:30:29 EET 2014 ***

[GC (Allocation Failure) [ParNew: 545344K->68096K(613440K), 0.0771258 secs] 1301942K->869291K(2010624K), 0.0772342 secs] [Times: user=0.28 sys=0.00, real=0.07 secs] 
[GC (Allocation Failure) [ParNew: 613440K->27244K(613440K), 0.0469935 secs] 1414635K->892500K(2010624K), 0.0470474 secs] [Times: user=0.19 sys=0.00, real=0.04 secs] 
[GC (Allocation Failure) [ParNew: 572588K->68096K(613440K), 0.0732346 secs] 1437844K->978229K(2010624K), 0.0732853 secs] [Times: user=0.36 sys=0.00, real=0.07 secs] 
[GC (Allocation Failure) [ParNew: 613440K->40091K(613440K), 0.0394954 secs] 1523573K->1012212K(2010624K), 0.0397565 secs] [Times: user=0.13 sys=0.00, real=0.03 secs] 
[GC (Allocation Failure) [ParNew: 585435K->68096K(613440K), 0.1023128 secs] 1557556K->1083034K(2010624K), 0.1023641 secs] [Times: user=0.42 sys=0.00, real=0.10 secs] 
[GC (Allocation Failure) [ParNew: 613440K->27319K(613440K), 0.0391323 secs] 1628378K->1105732K(2010624K), 0.0392625 secs] [Times: user=0.14 sys=0.00, real=0.03 secs] 
[GC (Allocation Failure) [ParNew: 572663K->68096K(613440K), 0.0700781 secs] 1651076K->1189016K(2010624K), 0.0701287 secs] [Times: user=0.30 sys=0.00, real=0.07 secs] 
[GC (Allocation Failure) [ParNew: 613440K->34277K(613440K), 0.0347195 secs] 1734360K->1218698K(2010624K), 0.0348998 secs] [Times: user=0.13 sys=0.00, real=0.03 secs] 
[GC (CMS Initial Mark) [1 CMS-initial-mark: 1184420K(1397184K)] 1229662K(2010624K), 0.0033253 secs] [Times: user=0.00 sys=0.00, real=0.00 secs] 
[CMS-concurrent-mark-start]
[CMS-concurrent-mark: 1.130/1.130 secs] [Times: user=3.62 sys=0.00, real=1.14 secs] 
[CMS-concurrent-preclean-start]
[CMS-concurrent-preclean: 0.098/0.104 secs] [Times: user=0.22 sys=0.00, real=0.10 secs] 
[CMS-concurrent-abortable-preclean-start]
[GC (Allocation Failure) [ParNew[CMS-concurrent-abortable-preclean: 0.067/0.367 secs] [Times: user=0.53 sys=0.00, real=0.37 secs] 
: 579621K->68096K(613440K), 0.0753711 secs] 1764042K->1296325K(2010624K), 0.0754192 secs] [Times: user=0.34 sys=0.00, real=0.08 secs] 
[GC (CMS Final Remark) [YG occupancy: 68098 K (613440 K)][Rescan (parallel) , 0.0380422 secs][weak refs processing, 0.0000148 secs][class unloading, 0.0060552 secs][scrub symbol table, 0.0013255 secs][scrub string table, 0.0003535 secs][1 CMS-remark: 1228229K(1397184K)] 1296327K(2010624K), 0.0466323 secs] [Times: user=0.22 sys=0.00, real=0.05 secs] 
[CMS-concurrent-sweep-start]
[CMS-concurrent-sweep: 0.575/0.575 secs] [Times: user=1.14 sys=0.00, real=0.58 secs] 
[CMS-concurrent-reset-start]
[CMS-concurrent-reset: 0.003/0.003 secs] [Times: user=0.00 sys=0.00, real=0.00 secs] 
[GC (Allocation Failure) [ParNew: 613440K->40223K(613440K), 0.0353842 secs] 1302140K->790859K(2010624K), 0.0354355 secs] [Times: user=0.11 sys=0.00, real=0.03 secs] 
[GC (Allocation Failure) [ParNew: 585567K->68096K(613440K), 0.0676972 secs] 1336203K->862856K(2010624K), 0.0677440 secs] [Times: user=0.30 sys=0.00, real=0.07 secs] 
[GC (Allocation Failure) [ParNew: 613440K->19934K(613440K), 0.0311357 secs] 1408200K->876174K(2010624K), 0.0311870 secs] [Times: user=0.08 sys=0.00, real=0.03 secs] 
[GC (Allocation Failure) [ParNew: 565278K->68096K(613440K), 0.0861373 secs] 1421518K->965579K(2010624K), 0.0861835 secs] [Times: user=0.22 sys=0.00, real=0.08 secs] 
[GC (Allocation Failure) [ParNew (0: promotion failure size = 69)  (1: promotion failure size = 69)  (2: promotion failure size = 1854)  (3: promotion failure size = 1854)  (4: promotion failure size = 1854)  (5: promotion failure size = 69)  (6: promotion failure size = 1854)  (7: promotion failure size = 69)  (promotion failed): 613440K->579561K(613440K), 2.3595327 secs][CMS: 938235K->753050K(1397184K), 1.9643123 secs] 1510923K->753050K(2010624K), [Metaspace: 9993K->9993K(10240K)], 4.3239355 secs] [Times: user=4.54 sys=0.42, real=4.32 secs] 

*** PauseDetector detected a 4321 ms pause at Fri Dec 19 18:30:55 EET 2014 ***

[GC (Allocation Failure) [ParNew: 545344K->68096K(613440K), 0.0587395 secs] 1298394K->866047K(2010624K), 0.0587870 secs] [Times: user=0.28 sys=0.00, real=0.06 secs] 
[GC (Allocation Failure) [ParNew: 613440K->26153K(613440K), 0.0390745 secs] 1411391K->884731K(2010624K), 0.0391336 secs] [Times: user=0.13 sys=0.00, real=0.04 secs] 
[GC (Allocation Failure) [ParNew: 571497K->68096K(613440K), 0.0588678 secs] 1430075K->969700K(2010624K), 0.0589185 secs] [Times: user=0.22 sys=0.00, real=0.06 secs] 
[GC (Allocation Failure) [ParNew: 613440K->33211K(613440K), 0.0309368 secs] 1515044K->996609K(2010624K), 0.0309811 secs] [Times: user=0.13 sys=0.00, real=0.03 secs] 
[GC (Allocation Failure) [ParNew: 578555K->68096K(613440K), 0.0587709 secs] 1541953K->1073251K(2010624K), 0.0588184 secs] [Times: user=0.28 sys=0.00, real=0.06 secs] 
[GC (Allocation Failure) [ParNew: 613440K->26982K(613440K), 0.0299109 secs] 1618595K->1094800K(2010624K), 0.0299577 secs] [Times: user=0.06 sys=0.00, real=0.03 secs] 
[GC (Allocation Failure) [ParNew: 572326K->68096K(613440K), 0.0540887 secs] 1640144K->1178042K(2010624K), 0.0541362 secs] [Times: user=0.26 sys=0.00, real=0.05 secs] 
[GC (Allocation Failure) [ParNew: 613440K->20158K(613440K), 0.0445183 secs] 1723386K->1192158K(2010624K), 0.0445696 secs] [Times: user=0.22 sys=0.00, real=0.04 secs] 
[GC (CMS Initial Mark) [1 CMS-initial-mark: 1171999K(1397184K)] 1203183K(2010624K), 0.0056619 secs] [Times: user=0.00 sys=0.00, real=0.01 secs] 
[CMS-concurrent-mark-start]
[CMS-concurrent-mark: 1.144/1.144 secs] [Times: user=3.67 sys=0.00, real=1.15 secs] 
[CMS-concurrent-preclean-start]
[CMS-concurrent-preclean: 0.081/0.086 secs] [Times: user=0.16 sys=0.00, real=0.09 secs] 
[CMS-concurrent-abortable-preclean-start]
[GC (Allocation Failure) [ParNew[CMS-concurrent-abortable-preclean: 0.057/0.361 secs] [Times: user=0.59 sys=0.00, real=0.36 secs] 
: 565502K->68096K(613440K), 0.0576437 secs] 1737502K->1282858K(2010624K), 0.0576905 secs] [Times: user=0.22 sys=0.00, real=0.05 secs] 
[GC (CMS Final Remark) [YG occupancy: 79059 K (613440 K)][Rescan (parallel) , 0.0268057 secs][weak refs processing, 0.0000148 secs][class unloading, 0.0053206 secs][scrub symbol table, 0.0010535 secs][scrub string table, 0.0003509 secs][1 CMS-remark: 1214762K(1397184K)] 1293821K(2010624K), 0.0343756 secs] [Times: user=0.17 sys=0.00, real=0.03 secs] 
[CMS-concurrent-sweep-start]
[CMS-concurrent-sweep: 0.505/0.505 secs] [Times: user=1.01 sys=0.00, real=0.51 secs] 
[CMS-concurrent-reset-start]
[CMS-concurrent-reset: 0.003/0.003 secs] [Times: user=0.00 sys=0.00, real=0.00 secs] 
[GC (Allocation Failure) [ParNew: 613440K->26601K(613440K), 0.0294060 secs] 1300424K->774874K(2010624K), 0.0295221 secs] [Times: user=0.11 sys=0.00, real=0.03 secs] 
[GC (Allocation Failure) [ParNew: 571945K->68096K(613440K), 0.0536377 secs] 1320218K->859588K(2010624K), 0.0536832 secs] [Times: user=0.22 sys=0.00, real=0.05 secs] 
[GC (Allocation Failure) [ParNew: 613440K->26374K(613440K), 0.0280285 secs] 1404932K->878604K(2010624K), 0.0280869 secs] [Times: user=0.08 sys=0.00, real=0.02 secs] 
[GC (Allocation Failure) [ParNew: 571718K->68096K(613440K), 0.0646632 secs] 1423948K->960750K(2010624K), 0.0647106 secs] [Times: user=0.23 sys=0.00, real=0.06 secs] 
[GC (Allocation Failure) [ParNew (0: promotion failure size = 1854)  (1: promotion failure size = 1854)  (2: promotion failure size = 1854)  (3: promotion failure size = 97)  (4: promotion failure size = 97)  (5: promotion failure size = 97)  (6: promotion failure size = 97)  (7: promotion failure size = 1854)  (promotion failed): 613440K->586387K(613440K), 1.3582220 secs][CMS
*** PauseDetector detected a 2870 ms pause at Fri Dec 19 18:31:19 EET 2014 ***

: 938603K->752277K(1397184K), 1.5088878 secs] 1506094K->752277K(2010624K), [Metaspace: 9993K->9993K(10240K)], 2.8671803 secs] [Times: user=3.06 sys=0.25, real=2.87 secs] 
[GC (Allocation Failure) [ParNew: 545344K->68096K(613440K), 0.0495707 secs] 1297621K->860696K(2010624K), 0.0496272 secs] [Times: user=0.23 sys=0.00, real=0.05 secs] 
[GC (Allocation Failure) [ParNew: 613440K->27376K(613440K), 0.0331733 secs] 1406040K->883794K(2010624K), 0.0332234 secs] [Times: user=0.11 sys=0.00, real=0.03 secs] 
[GC (Allocation Failure) [ParNew: 572720K->68096K(613440K), 0.0514582 secs] 1429138K->967865K(2010624K), 0.0515070 secs] [Times: user=0.19 sys=0.00, real=0.05 secs] 
[GC (Allocation Failure) [ParNew: 613440K->26160K(613440K), 0.0273645 secs] 1513209K->986129K(2010624K), 0.0274145 secs] [Times: user=0.06 sys=0.00, real=0.02 secs] 
[GC (Allocation Failure) [ParNew: 571504K->68096K(613440K), 0.0494366 secs] 1531473K->1069291K(2010624K), 0.0494880 secs] [Times: user=0.23 sys=0.00, real=0.05 secs] 
[Full GC (System.gc()) [CMS: 1001195K->750703K(1397184K), 1.5198497 secs] 1542716K->750703K(2010624K), [Metaspace: 9993K->9993K(10240K)], 1.5200839 secs] [Times: user=1.53 sys=0.00, real=1.52 secs] 
[Full GC (System.gc()) [CMS: 750703K->750625K(1397184K), 1.3498148 secs] 761630K->750625K(2010624K), [Metaspace: 9993K->9993K(10240K)], 1.3500310 secs] [Times: user=1.33 sys=0.00, real=1.35 secs] 
[Full GC (System.gc()) [CMS: 750625K->750625K(1397184K), 1.3569902 secs] 750625K->750625K(2010624K), [Metaspace: 9993K->9993K(10240K)]
*** PauseDetector detected a 1518 ms pause at Fri Dec 19 18:31:29 EET 2014 ***

, 1.3572776 secs] [Times: user=1.36 sys=0.00, real=1.35 secs] 

*** PauseDetector detected a 2714 ms pause at Fri Dec 19 18:31:31 EET 2014 ***

[GC (Allocation Failure) [ParNew: 545344K->68096K(613440K), 0.0510380 secs] 1295969K->863515K(2010624K), 0.0510874 secs] [Times: user=0.20 sys=0.00, real=0.05 secs] 
[GC (Allocation Failure) [ParNew: 613440K->30481K(613440K), 0.0368412 secs] 1408859K->884853K(2010624K), 0.0369073 secs] [Times: user=0.13 sys=0.00, real=0.03 secs] 
[GC (Allocation Failure) [ParNew: 575825K->68096K(613440K), 0.1755640 secs] 1430197K->990745K(2010624K), 0.1756282 secs] [Times: user=0.76 sys=0.00, real=0.17 secs] 
[GC (Allocation Failure) [ParNew: 613440K->27508K(613440K), 0.0934096 secs] 1536089K->1014744K(2010624K), 0.0934738 secs] [Times: user=0.36 sys=0.00, real=0.09 secs] 
[GC (Allocation Failure) [ParNew: 572852K->68096K(613440K), 0.1913661 secs] 1560088K->1112205K(2010624K), 0.1914187 secs] [Times: user=0.86 sys=0.00, real=0.19 secs] 
[GC (Allocation Failure) [ParNew: 613440K->20569K(613440K), 0.0771277 secs] 1657549K->1128609K(2010624K), 0.0771918 secs] [Times: user=0.30 sys=0.00, real=0.08 secs] 
[Full GC (System.gc()) [CMS: 1108040K->689706K(1397184K), 1.5215537 secs] 1139537K->689706K(2010624K), [Metaspace: 9993K->9993K(10240K)], 1.5218495 secs] [Times: user=1.53 sys=0.00, real=1.52 secs] 
[Full GC (System.gc()) [CMS: 689706K->689707K(1397184K), 1.3807400 secs] 689708K->689707K(2010624K), [Metaspace: 9993K->9993K(10240K)], 1.3810884 secs] [Times: user=1.37 sys=0.00, real=1.38 secs] 
[Full GC (System.gc()) [CMS: 689707K->689707K(1397184K), 1.3487170 secs] 700633K->689707K(2010624K), [Metaspace: 9993K->9993K(10240K)]
*** PauseDetector detected a 1521 ms pause at Fri Dec 19 18:31:43 EET 2014 ***

, 1.3489384 secs] [Times: user=1.34 sys=0.00, real=1.34 secs] 
********************************
********** ROUND   74 **********
********************************

*** PauseDetector detected a 2734 ms pause at Fri Dec 19 18:31:46 EET 2014 ***

[GC (Allocation Failure) [ParNew: 545344K->68096K(613440K), 0.1181167 secs] 1235051K->814564K(2010624K), 0.1181661 secs] [Times: user=0.62 sys=0.00, real=0.12 secs] 
[GC (Allocation Failure) [ParNew: 613440K->27357K(613440K), 0.0601304 secs] 1359908K->838445K(2010624K), 0.0601792 secs] [Times: user=0.22 sys=0.00, real=0.06 secs] 
[GC (Allocation Failure) [ParNew: 572701K->68094K(613440K), 0.1366589 secs] 1383789K->929658K(2010624K), 0.1367198 secs] [Times: user=0.51 sys=0.00, real=0.13 secs] 
[GC (Allocation Failure) [ParNew: 613438K->20559K(613440K), 0.0563759 secs] 1475002K->946138K(2010624K), 0.0564247 secs] [Times: user=0.17 sys=0.00, real=0.06 secs] 
[GC (Allocation Failure) [ParNew: 565903K->68096K(613440K), 0.1213021 secs] 1491482K->1042612K(2010624K), 0.1213483 secs] [Times: user=0.51 sys=0.00, real=0.11 secs] 
[GC (Allocation Failure) [ParNew: 613440K->47998K(613440K), 0.0618184 secs] 1587956K->1086152K(2010624K), 0.0618755 secs] [Times: user=0.20 sys=0.00, real=0.06 secs] 
[GC (Allocation Failure) [ParNew: 593342K->68096K(613440K), 0.1309771 secs] 1631496K->1155920K(2010624K), 0.1310220 secs] [Times: user=0.48 sys=0.00, real=0.12 secs] 
[GC (Allocation Failure) [ParNew: 613440K->26204K(613440K), 0.0626229 secs] 1701264K->1174403K(2010624K), 0.0627795 secs] [Times: user=0.22 sys=0.00, real=0.06 secs] 
[GC (Allocation Failure) [ParNew: 571548K->68096K(613440K), 0.1135211 secs] 1719747K->1262234K(2010624K), 0.1135698 secs] [Times: user=0.42 sys=0.00, real=0.11 secs] 
[GC (CMS Initial Mark) [1 CMS-initial-mark: 1194138K(1397184K)] 1273162K(2010624K), 0.0074885 secs] [Times: user=0.00 sys=0.00, real=0.01 secs] 
[CMS-concurrent-mark-start]
[CMS-concurrent-mark: 1.155/1.155 secs] [Times: user=3.54 sys=0.00, real=1.16 secs] 
[CMS-concurrent-preclean-start]
[CMS-concurrent-preclean: 0.005/0.005 secs] [Times: user=0.00 sys=0.00, real=0.01 secs] 
[CMS-concurrent-abortable-preclean-start]
[GC (Allocation Failure) [ParNew: 613440K->34136K(613440K), 0.0475979 secs] 1807578K->1291663K(2010624K), 0.0477146 secs] [Times: user=0.23 sys=0.00, real=0.05 secs] 
[CMS-concurrent-abortable-preclean: 0.611/1.367 secs] [Times: user=2.54 sys=0.00, real=1.37 secs] 
[GC (CMS Final Remark) [YG occupancy: 375526 K (613440 K)][Rescan (parallel) , 0.0675194 secs][weak refs processing, 0.0000154 secs][class unloading, 0.0054521 secs][scrub symbol table, 0.0010689 secs][scrub string table, 0.0003529 secs][1 CMS-remark: 1257526K(1397184K)] 1633052K(2010624K), 0.0752427 secs] [Times: user=0.28 sys=0.00, real=0.07 secs] 
[CMS-concurrent-sweep-start]
[GC (Allocation Failure) [ParNew: 579480K->68096K(613440K), 0.1003149 secs] 1739258K->1274967K(2010624K), 0.1003694 secs] [Times: user=0.44 sys=0.00, real=0.10 secs] 
[CMS-concurrent-sweep: 0.746/0.847 secs] [Times: user=1.97 sys=0.00, real=0.85 secs] 
[CMS-concurrent-reset-start]
[CMS-concurrent-reset: 0.003/0.003 secs] [Times: user=0.00 sys=0.00, real=0.00 secs] 
[GC (Allocation Failure) [ParNew: 613440K->26674K(613440K), 0.0531404 secs] 1416589K->891550K(2010624K), 0.0531886 secs] [Times: user=0.16 sys=0.00, real=0.05 secs] 
[GC (Allocation Failure) [ParNew: 572018K->68096K(613440K), 0.0901388 secs] 1436894K->977755K(2010624K), 0.0901895 secs] [Times: user=0.36 sys=0.00, real=0.09 secs] 
[GC (Allocation Failure) [ParNew (0: promotion failure size = 41)  (1: promotion failure size = 41)  (2: promotion failure size = 4167)  (3: promotion failure size = 4167)  (4: promotion failure size = 4167)  (5: promotion failure size = 4167)  (6: promotion failure size = 4167)  (7: promotion failure size = 41)  (promotion failed): 613440K->565865K(613440K), 4.3579429 secs][CMS: 944618K->756619K(1397184K), 2.0317336 secs] 1523099K->756619K(2010624K), [Metaspace: 9993K->9993K(10240K)], 6.3897458 secs] [Times: user=6.32 sys=1.12, real=6.38 secs] 

*** PauseDetector detected a 6383 ms pause at Fri Dec 19 18:32:14 EET 2014 ***

[GC (Allocation Failure) [ParNew: 545344K->68096K(613440K), 0.0786084 secs] 1301963K->870430K(2010624K), 0.0786617 secs] [Times: user=0.26 sys=0.00, real=0.07 secs] 
[GC (Allocation Failure) [ParNew: 613440K->26860K(613440K), 0.0388660 secs] 1415774K->891998K(2010624K), 0.0389122 secs] [Times: user=0.12 sys=0.00, real=0.03 secs] 
[GC (Allocation Failure) [ParNew: 572204K->68096K(613440K), 0.0743978 secs] 1437342K->977233K(2010624K), 0.0744478 secs] [Times: user=0.28 sys=0.00, real=0.07 secs] 
[GC (Allocation Failure) [ParNew: 613440K->27113K(613440K), 0.0376567 secs] 1522577K->999052K(2010624K), 0.0377766 secs] [Times: user=0.08 sys=0.00, real=0.03 secs] 
[GC (Allocation Failure) [ParNew: 572457K->68096K(613440K), 0.0726873 secs] 1544396K->1083543K(2010624K), 0.0727406 secs] [Times: user=0.28 sys=0.00, real=0.07 secs] 
[GC (Allocation Failure) [ParNew: 613440K->27100K(613440K), 0.0398265 secs] 1628887K->1105308K(2010624K), 0.0398714 secs] [Times: user=0.11 sys=0.00, real=0.03 secs] 
[GC (Allocation Failure) [ParNew: 572444K->68096K(613440K), 0.0710385 secs] 1650652K->1190177K(2010624K), 0.0710879 secs] [Times: user=0.28 sys=0.00, real=0.06 secs] 
[GC (Allocation Failure) [ParNew: 613440K->13447K(613440K), 0.0396237 secs] 1735521K->1197659K(2010624K), 0.0396751 secs] [Times: user=0.13 sys=0.00, real=0.03 secs] 
[GC (CMS Initial Mark) [1 CMS-initial-mark: 1184211K(1397184K)] 1208651K(2010624K), 0.0053328 secs] [Times: user=0.00 sys=0.00, real=0.01 secs] 
[CMS-concurrent-mark-start]
[CMS-concurrent-mark: 1.127/1.127 secs] [Times: user=3.68 sys=0.00, real=1.13 secs] 
[CMS-concurrent-preclean-start]
[CMS-concurrent-preclean: 0.105/0.111 secs] [Times: user=0.23 sys=0.00, real=0.11 secs] 
[CMS-concurrent-abortable-preclean-start]
[GC (Allocation Failure) [ParNew[CMS-concurrent-abortable-preclean: 0.054/0.375 secs] [Times: user=0.62 sys=0.00, real=0.38 secs] 
: 558791K->68096K(613440K), 0.0729536 secs] 1743003K->1296026K(2010624K), 0.0730030 secs] [Times: user=0.26 sys=0.00, real=0.07 secs] 
[GC (CMS Final Remark) [YG occupancy: 79085 K (613440 K)][Rescan (parallel) , 0.0365268 secs][weak refs processing, 0.0000154 secs][class unloading, 0.0057299 secs][scrub symbol table, 0.0011420 secs][scrub string table, 0.0003817 secs][1 CMS-remark: 1227930K(1397184K)] 1307015K(2010624K), 0.0447057 secs] [Times: user=0.22 sys=0.00, real=0.05 secs] 
[CMS-concurrent-sweep-start]
[CMS-concurrent-sweep: 0.590/0.590 secs] [Times: user=1.19 sys=0.00, real=0.60 secs] 
[CMS-concurrent-reset-start]
[CMS-concurrent-reset: 0.003/0.003 secs] [Times: user=0.00 sys=0.00, real=0.00 secs] 
[GC (Allocation Failure) [ParNew: 613440K->40436K(613440K), 0.0404116 secs] 1301819K->790853K(2010624K), 0.0404571 secs] [Times: user=0.13 sys=0.00, real=0.03 secs] 
[GC (Allocation Failure) [ParNew: 585780K->68096K(613440K), 0.0676253 secs] 1336197K->863093K(2010624K), 0.0676747 secs] [Times: user=0.25 sys=0.00, real=0.07 secs] 
[GC (Allocation Failure) [ParNew: 613440K->19808K(613440K), 0.0320320 secs] 1408437K->875790K(2010624K), 0.0321442 secs] [Times: user=0.14 sys=0.00, real=0.03 secs] 
[GC (Allocation Failure) [ParNew: 565152K->68096K(613440K), 0.0898566 secs] 1421134K->965327K(2010624K), 0.0899098 secs] [Times: user=0.28 sys=0.00, real=0.09 secs] 
[GC (Allocation Failure) [ParNew (0: promotion failure size = 69)  (1: promotion failure size = 69)  (2: promotion failure size = 69)  (3: promotion failure size = 69)  (4: promotion failure size = 1854)  (5: promotion failure size = 69)  (6: promotion failure size = 69)  (7: promotion failure size = 69)  (promotion failed): 613440K->565867K(613440K), 2.7806182 secs][CMS: 933117K->753024K(1397184K), 1.9901518 secs] 1510671K->753024K(2010624K), [Metaspace: 9993K->9993K(10240K)]
*** PauseDetector detected a 4774 ms pause at Fri Dec 19 18:32:40 EET 2014 ***

, 4.7708547 secs] [Times: user=5.29 sys=0.72, real=4.77 secs] 
[GC (Allocation Failure) [ParNew: 545344K->68096K(613440K), 0.0608477 secs] 1298368K->863526K(2010624K), 0.0608958 secs] [Times: user=0.20 sys=0.00, real=0.06 secs] 
[GC (Allocation Failure) [ParNew: 613440K->13565K(613440K), 0.0341152 secs] 1408870K->872348K(2010624K), 0.0342409 secs] [Times: user=0.08 sys=0.00, real=0.03 secs] 
[GC (Allocation Failure) [ParNew: 558909K->68096K(613440K), 0.0588755 secs] 1417692K->969941K(2010624K), 0.0589210 secs] [Times: user=0.20 sys=0.00, real=0.06 secs] 
[GC (Allocation Failure) [ParNew: 613440K->33440K(613440K), 0.0306288 secs] 1515285K->996859K(2010624K), 0.0306789 secs] [Times: user=0.08 sys=0.00, real=0.03 secs] 
[GC (Allocation Failure) [ParNew: 578784K->68096K(613440K), 0.0580703 secs] 1542203K->1073367K(2010624K), 0.0581236 secs] [Times: user=0.17 sys=0.00, real=0.06 secs] 
[GC (Allocation Failure) [ParNew: 613440K->20221K(613440K), 0.0299648 secs] 1618711K->1087976K(2010624K), 0.0301278 secs] [Times: user=0.08 sys=0.00, real=0.03 secs] 
[GC (Allocation Failure) [ParNew: 565565K->68096K(613440K), 0.0567083 secs] 1633320K->1177240K(2010624K), 0.0567596 secs] [Times: user=0.19 sys=0.00, real=0.05 secs] 
[GC (Allocation Failure) [ParNew: 613440K->27152K(613440K), 0.0298352 secs] 1722584K->1199054K(2010624K), 0.0298859 secs] [Times: user=0.08 sys=0.00, real=0.03 secs] 
[GC (CMS Initial Mark) [1 CMS-initial-mark: 1171901K(1397184K)] 1210043K(2010624K), 0.0034106 secs] [Times: user=0.00 sys=0.00, real=0.00 secs] 
[CMS-concurrent-mark-start]
[CMS-concurrent-mark: 1.170/1.170 secs] [Times: user=3.81 sys=0.00, real=1.18 secs] 
[CMS-concurrent-preclean-start]
[CMS-concurrent-preclean: 0.080/0.085 secs] [Times: user=0.16 sys=0.00, real=0.09 secs] 
[CMS-concurrent-abortable-preclean-start]
[GC (Allocation Failure) [ParNew: 572496K->68096K(613440K), 0.0571298 secs] 1744398K->1281912K(2010624K), 0.0571817 secs] [Times: user=0.23 sys=0.00, real=0.06 secs] 
[CMS-concurrent-abortable-preclean: 0.595/1.191 secs] [Times: user=2.00 sys=0.00, real=1.19 secs] 
[GC (CMS Final Remark) [YG occupancy: 397527 K (613440 K)][Rescan (parallel) , 0.0889243 secs][weak refs processing, 0.0000160 secs][class unloading, 0.0057614 secs][scrub symbol table, 0.0013127 secs][scrub string table, 0.0003497 secs][1 CMS-remark: 1213816K(1397184K)] 1611344K(2010624K), 0.0971981 secs] [Times: user=0.36 sys=0.00, real=0.09 secs] 
[CMS-concurrent-sweep-start]
[GC (Allocation Failure) [ParNew: 613440K->47133K(613440K), 0.0285469 secs] 1436013K->931850K(2010624K), 0.0285989 secs] [Times: user=0.11 sys=0.00, real=0.02 secs] 
[CMS-concurrent-sweep: 0.548/0.577 secs] [Times: user=1.20 sys=0.00, real=0.58 secs] 
[CMS-concurrent-reset-start]
[CMS-concurrent-reset: 0.003/0.003 secs] [Times: user=0.00 sys=0.00, real=0.00 secs] 
[GC (Allocation Failure) [ParNew: 592477K->68096K(613440K), 0.0542055 secs] 1340686K->857900K(2010624K), 0.0542523 secs] [Times: user=0.20 sys=0.00, real=0.05 secs] 
[GC (Allocation Failure) [ParNew: 613440K->40438K(613440K), 0.0275435 secs] 1403244K->892617K(2010624K), 0.0275961 secs] [Times: user=0.19 sys=0.00, real=0.02 secs] 
[GC (Allocation Failure) [ParNew: 585782K->68096K(613440K), 0.0564272 secs] 1437961K->960707K(2010624K), 0.0564760 secs] [Times: user=0.26 sys=0.00, real=0.06 secs] 
[GC (Allocation Failure) [ParNew (0: promotion failure size = 1854)  (1: promotion failure size = 97)  (2: promotion failure size = 1854)  (3: promotion failure size = 1854)  (4: promotion failure size = 1854)  (5: promotion failure size = 97)  (6: promotion failure size = 1854)  (7: promotion failure size = 1854)  (promotion failed): 613440K->572696K(613440K), 0.7798792 secs][CMS: 946039K->752277K(1397184K), 1.5233072 secs] 1506051K->752277K(2010624K), [Metaspace: 9993K->9993K(10240K)], 2.3032749 secs] [Times: user=2.42 sys=0.23, real=2.30 secs] 

*** PauseDetector detected a 2299 ms pause at Fri Dec 19 18:33:03 EET 2014 ***

[GC (Allocation Failure) [ParNew: 545344K->68096K(613440K), 0.0522525 secs] 1297621K->862181K(2010624K), 0.0523032 secs] [Times: user=0.17 sys=0.00, real=0.05 secs] 
[GC (Allocation Failure) [ParNew: 613440K->20149K(613440K), 0.0415600 secs] 1407525K->876561K(2010624K), 0.0417268 secs] [Times: user=0.13 sys=0.00, real=0.04 secs] 
[GC (Allocation Failure) [ParNew: 565493K->68096K(613440K), 0.0501379 secs] 1421905K->964987K(2010624K), 0.0502925 secs] [Times: user=0.20 sys=0.00, real=0.05 secs] 
[GC (Allocation Failure) [ParNew: 613440K->27154K(613440K), 0.0284577 secs] 1510331K->987072K(2010624K), 0.0285065 secs] [Times: user=0.12 sys=0.00, real=0.03 secs] 
[GC (Allocation Failure) [ParNew: 572498K->68096K(613440K), 0.0506993 secs] 1532416K->1069505K(2010624K), 0.0507512 secs] [Times: user=0.19 sys=0.00, real=0.05 secs] 
[Full GC (System.gc()) [CMS: 1001409K->751298K(1397184K), 1.6445554 secs] 1596428K->751298K(2010624K), [Metaspace: 9993K->9993K(10240K)], 1.6447941 secs] [Times: user=1.64 sys=0.00, real=1.64 secs] 
[Full GC (System.gc()) [CMS: 751298K->751221K(1397184K), 1.2896767 secs] 762201K->751221K(2010624K), [Metaspace: 9993K->9993K(10240K)], 1.2898704 secs] [Times: user=1.29 sys=0.00, real=1.29 secs] 
[Full GC (System.gc()) [CMS: 751221K->751221K(1397184K), 1.2718338 secs] 751221K->751221K(2010624K), [Metaspace: 9993K->9993K(10240K)]
*** PauseDetector detected a 1640 ms pause at Fri Dec 19 18:33:14 EET 2014 ***

, 1.2720243 secs] [Times: user=1.26 sys=0.00, real=1.27 secs] 

*** PauseDetector detected a 2572 ms pause at Fri Dec 19 18:33:16 EET 2014 ***

[GC (Allocation Failure) [ParNew: 545344K->68096K(613440K), 0.0572369 secs] 1296565K->865077K(2010624K), 0.0573030 secs] [Times: user=0.20 sys=0.00, real=0.06 secs] 
[GC (Allocation Failure) [ParNew: 613440K->30116K(613440K), 0.0384188 secs] 1410421K->885207K(2010624K), 0.0384650 secs] [Times: user=0.14 sys=0.00, real=0.04 secs] 
[GC (Allocation Failure) [ParNew: 575460K->68096K(613440K), 0.1647201 secs] 1430551K->991516K(2010624K), 0.1647824 secs] [Times: user=0.76 sys=0.00, real=0.16 secs] 
[GC (Allocation Failure) [ParNew: 613440K->34284K(613440K), 0.0898848 secs] 1536860K->1021686K(2010624K), 0.0899470 secs] [Times: user=0.34 sys=0.00, real=0.09 secs] 
[GC (Allocation Failure) [ParNew: 579628K->68096K(613440K), 0.2000094 secs] 1567030K->1112803K(2010624K), 0.2000748 secs] [Times: user=0.95 sys=0.00, real=0.20 secs] 
[GC (Allocation Failure) [ParNew: 613440K->40977K(613440K), 0.0727836 secs] 1658147K->1149738K(2010624K), 0.0728285 secs] [Times: user=0.28 sys=0.00, real=0.07 secs] 
[Full GC (System.gc()) [CMS: 1108760K->697850K(1397184K), 1.5896564 secs] 1160718K->697850K(2010624K), [Metaspace: 9993K->9993K(10240K)], 1.5900433 secs] [Times: user=1.58 sys=0.00, real=1.58 secs] 
[Full GC (System.gc()) [CMS: 697850K->697851K(1397184K), 1.3513148 secs] 708830K->697851K(2010624K), [Metaspace: 9993K->9993K(10240K)], 1.3516991 secs] [Times: user=1.37 sys=0.00, real=1.36 secs] 
[Full GC (System.gc()) [CMS: 697851K->697851K(1397184K), 1.3432373 secs] 697851K->697851K(2010624K), [Metaspace: 9993K->9993K(10240K)]
*** PauseDetector detected a 1585 ms pause at Fri Dec 19 18:33:28 EET 2014 ***

, 1.3435806 secs] [Times: user=1.34 sys=0.00, real=1.34 secs] 
********************************
********** ROUND   75 **********
********************************

*** PauseDetector detected a 2710 ms pause at Fri Dec 19 18:33:31 EET 2014 ***

[GC (Allocation Failure) [ParNew: 545344K->68096K(613440K), 0.1229375 secs] 1243195K->822649K(2010624K), 0.1229933 secs] [Times: user=0.58 sys=0.05, real=0.12 secs] 
[GC (Allocation Failure) [ParNew: 613440K->20495K(613440K), 0.0619807 secs] 1367993K->839444K(2010624K), 0.0620308 secs] [Times: user=0.19 sys=0.00, real=0.06 secs] 
[GC (Allocation Failure) [ParNew: 565839K->68096K(613440K), 0.1351435 secs] 1384788K->937310K(2010624K), 0.1351903 secs] [Times: user=0.59 sys=0.00, real=0.13 secs] 
[GC (Allocation Failure) [ParNew: 613440K->27419K(613440K), 0.0696360 secs] 1482654K->960599K(2010624K), 0.0696841 secs] [Times: user=0.20 sys=0.00, real=0.07 secs] 
[GC (Allocation Failure) [ParNew: 572763K->68096K(613440K), 0.1231762 secs] 1505943K->1050256K(2010624K), 0.1232268 secs] [Times: user=0.53 sys=0.00, real=0.12 secs] 
[GC (Allocation Failure) [ParNew: 613440K->20572K(613440K), 0.0545352 secs] 1595600K->1066693K(2010624K), 0.0545834 secs] [Times: user=0.19 sys=0.00, real=0.05 secs] 
[GC (Allocation Failure) [ParNew: 565916K->68096K(613440K), 0.1157403 secs] 1612037K->1160716K(2010624K), 0.1158988 secs] [Times: user=0.48 sys=0.00, real=0.11 secs] 
[GC (Allocation Failure) [ParNew: 613440K->27431K(613440K), 0.0622906 secs] 1706060K->1183674K(2010624K), 0.0623374 secs] [Times: user=0.19 sys=0.02, real=0.06 secs] 
[GC (CMS Initial Mark) [1 CMS-initial-mark: 1156243K(1397184K)] 1194654K(2010624K), 0.0032220 secs] [Times: user=0.00 sys=0.00, real=0.00 secs] 
[CMS-concurrent-mark-start]
[CMS-concurrent-mark: 1.151/1.151 secs] [Times: user=3.77 sys=0.01, real=1.16 secs] 
[CMS-concurrent-preclean-start]
[CMS-concurrent-preclean: 0.156/0.167 secs] [Times: user=0.34 sys=0.00, real=0.17 secs] 
[CMS-concurrent-abortable-preclean-start]
[GC (Allocation Failure) [ParNew[CMS-concurrent-abortable-preclean: 0.065/0.421 secs] [Times: user=0.90 sys=0.00, real=0.42 secs] 
: 572775K->68096K(613440K), 0.1004900 secs] 1729018K->1270159K(2010624K), 0.1005420 secs] [Times: user=0.51 sys=0.00, real=0.09 secs] 
[GC (CMS Final Remark) [YG occupancy: 79075 K (613440 K)][Rescan (parallel) , 0.0591199 secs][weak refs processing, 0.0000205 secs][class unloading, 0.0060642 secs][scrub symbol table, 0.0010714 secs][scrub string table, 0.0003631 secs][1 CMS-remark: 1202063K(1397184K)] 1281139K(2010624K), 0.0674983 secs] [Times: user=0.42 sys=0.00, real=0.08 secs] 
[CMS-concurrent-sweep-start]
[CMS-concurrent-sweep: 0.790/0.790 secs] [Times: user=1.59 sys=0.00, real=0.79 secs] 
[CMS-concurrent-reset-start]
[CMS-concurrent-reset: 0.003/0.003 secs] [Times: user=0.00 sys=0.00, real=0.00 secs] 
[GC (Allocation Failure) [ParNew: 613440K->20573K(613440K), 0.0480797 secs] 1305877K->779964K(2010624K), 0.0482311 secs] [Times: user=0.13 sys=0.00, real=0.04 secs] 
[GC (Allocation Failure) [ParNew: 565917K->68096K(613440K), 0.0963763 secs] 1325308K->872727K(2010624K), 0.0964250 secs] [Times: user=0.41 sys=0.00, real=0.09 secs] 
[GC (Allocation Failure) [ParNew: 613440K->34283K(613440K), 0.0496118 secs] 1418071K->902566K(2010624K), 0.0497818 secs] [Times: user=0.14 sys=0.00, real=0.05 secs] 
[GC (Allocation Failure) [ParNew: 579627K->68096K(613440K), 0.0919892 secs] 1447910K->981136K(2010624K), 0.0920398 secs] [Times: user=0.41 sys=0.00, real=0.09 secs] 
[GC (Allocation Failure) [ParNew (0: promotion failure size = 41)  (1: promotion failure size = 41)  (2: promotion failure size = 4167)  (3: promotion failure size = 4167)  (4: promotion failure size = 4167)  (5: promotion failure size = 41)  (6: promotion failure size = 4167)  (7: promotion failure size = 41)  (promotion failed): 613440K->579574K(613440K), 5.3424078 secs][CMS: 941918K->756629K(1397184K), 2.1194415 secs] 1526480K->756629K(2010624K), [Metaspace: 9993K->9993K(10240K)], 7.4619392 secs] [Times: user=7.72 sys=1.03, real=7.45 secs] 

*** PauseDetector detected a 7464 ms pause at Fri Dec 19 18:34:00 EET 2014 ***

[GC (Allocation Failure) [ParNew: 545344K->68096K(613440K), 0.0780791 secs] 1301973K->869370K(2010624K), 0.0781285 secs] [Times: user=0.28 sys=0.00, real=0.07 secs] 
[GC (Allocation Failure) [ParNew: 613440K->34041K(613440K), 0.0455756 secs] 1414714K->899078K(2010624K), 0.0456424 secs] [Times: user=0.14 sys=0.00, real=0.04 secs] 
[GC (Allocation Failure) [ParNew: 579385K->68096K(613440K), 0.0743234 secs] 1444422K->978043K(2010624K), 0.0743747 secs] [Times: user=0.30 sys=0.00, real=0.07 secs] 
[GC (Allocation Failure) [ParNew: 613440K->13375K(613440K), 0.0424948 secs] 1523387K->985547K(2010624K), 0.0426507 secs] [Times: user=0.12 sys=0.00, real=0.04 secs] 
[GC (Allocation Failure) [ParNew: 558719K->68096K(613440K), 0.0745742 secs] 1530891K->1083783K(2010624K), 0.0746294 secs] [Times: user=0.27 sys=0.00, real=0.07 secs] 
[GC (Allocation Failure) [ParNew: 613440K->34021K(613440K), 0.0450290 secs] 1629127K->1112812K(2010624K), 0.0450771 secs] [Times: user=0.13 sys=0.00, real=0.04 secs] 
[GC (Allocation Failure) [ParNew: 579365K->68096K(613440K), 0.0718976 secs] 1658156K->1190938K(2010624K), 0.0719495 secs] [Times: user=0.28 sys=0.00, real=0.07 secs] 
[GC (Allocation Failure) [ParNew: 613440K->20092K(613440K), 0.0344257 secs] 1736282K->1204838K(2010624K), 0.0344770 secs] [Times: user=0.13 sys=0.00, real=0.03 secs] 
[GC (CMS Initial Mark) [1 CMS-initial-mark: 1184745K(1397184K)] 1215815K(2010624K), 0.0052917 secs] [Times: user=0.01 sys=0.00, real=0.01 secs] 
[CMS-concurrent-mark-start]
[CMS-concurrent-mark: 1.138/1.138 secs] [Times: user=3.73 sys=0.00, real=1.14 secs] 
[CMS-concurrent-preclean-start]
[CMS-concurrent-preclean: 0.088/0.094 secs] [Times: user=0.19 sys=0.00, real=0.09 secs] 
[CMS-concurrent-abortable-preclean-start]
[GC (Allocation Failure) [ParNew[CMS-concurrent-abortable-preclean: 0.062/0.364 secs] [Times: user=0.51 sys=0.00, real=0.36 secs] 
: 565436K->68096K(613440K), 0.0704162 secs] 1750182K->1298220K(2010624K), 0.0705265 secs] [Times: user=0.28 sys=0.00, real=0.07 secs] 
[GC (CMS Final Remark) [YG occupancy: 79075 K (613440 K)][Rescan (parallel) , 0.0360951 secs][weak refs processing, 0.0000148 secs][class unloading, 0.0055278 secs][scrub symbol table, 0.0010849 secs][scrub string table, 0.0003503 secs][1 CMS-remark: 1230124K(1397184K)] 1309200K(2010624K), 0.0438985 secs] [Times: user=0.23 sys=0.00, real=0.04 secs] 
[CMS-concurrent-sweep-start]
[CMS-concurrent-sweep: 0.578/0.578 secs] [Times: user=1.15 sys=0.00, real=0.58 secs] 
[CMS-concurrent-reset-start]
[CMS-concurrent-reset: 0.003/0.003 secs] [Times: user=0.03 sys=0.00, real=0.00 secs] 
[GC (Allocation Failure) [ParNew: 613440K->39355K(613440K), 0.0332529 secs] 1304004K->790286K(2010624K), 0.0333055 secs] [Times: user=0.08 sys=0.00, real=0.03 secs] 
[GC (Allocation Failure) [ParNew: 584699K->68096K(613440K), 0.0649499 secs] 1335630K->861106K(2010624K), 0.0649955 secs] [Times: user=0.28 sys=0.00, real=0.06 secs] 
[GC (Allocation Failure) [ParNew: 613440K->34136K(613440K), 0.0344995 secs] 1406450K->890628K(2010624K), 0.0346554 secs] [Times: user=0.13 sys=0.00, real=0.03 secs] 
[GC (Allocation Failure) [ParNew: 579480K->68096K(613440K), 0.0756938 secs] 1435972K->965836K(2010624K), 0.0757554 secs] [Times: user=0.25 sys=0.00, real=0.07 secs] 
[GC (Allocation Failure) [ParNew (0: promotion failure size = 69)  (1: promotion failure size = 69)  (2: promotion failure size = 1854)  (3: promotion failure size = 69)  (4: promotion failure size = 69)  (5: promotion failure size = 69)  (6: promotion failure size = 69)  (7: promotion failure size = 1854)  (promotion failed): 613440K->579564K(613440K), 1.0724731 secs][CMS: 952694K->753052K(1397184K), 1.6455113 secs] 1511180K->753052K(2010624K), [Metaspace: 9993K->9993K(10240K)]
*** PauseDetector detected a 2714 ms pause at Fri Dec 19 18:34:24 EET 2014 ***
, 2.7181134 secs] [Times: user=2.70 sys=0.08, real=2.71 secs] 

[GC (Allocation Failure) [ParNew: 545344K->68096K(613440K), 0.0606398 secs] 1298396K->863751K(2010624K), 0.0606892 secs] [Times: user=0.19 sys=0.00, real=0.05 secs] 
[GC (Allocation Failure) [ParNew: 613440K->40536K(613440K), 0.0401883 secs] 1409095K->899187K(2010624K), 0.0402409 secs] [Times: user=0.13 sys=0.00, real=0.04 secs] 
[GC (Allocation Failure) [ParNew: 585880K->68096K(613440K), 0.0592823 secs] 1444531K->969520K(2010624K), 0.0593291 secs] [Times: user=0.22 sys=0.00, real=0.06 secs] 
[GC (Allocation Failure) [ParNew: 613440K->33347K(613440K), 0.0314770 secs] 1514864K->996572K(2010624K), 0.0317073 secs] [Times: user=0.13 sys=0.00, real=0.03 secs] 
[GC (Allocation Failure) [ParNew: 578691K->68096K(613440K), 0.0587145 secs] 1541916K->1075325K(2010624K), 0.0587664 secs] [Times: user=0.25 sys=0.00, real=0.06 secs] 
[GC (Allocation Failure) [ParNew: 613440K->32757K(613440K), 0.0315829 secs] 1620669K->1100473K(2010624K), 0.0317381 secs] [Times: user=0.13 sys=0.00, real=0.03 secs] 
[GC (Allocation Failure) [ParNew: 578101K->68096K(613440K), 0.0569905 secs] 1645817K->1176554K(2010624K), 0.0570406 secs] [Times: user=0.22 sys=0.00, real=0.06 secs] 
[GC (Allocation Failure) [ParNew: 613440K->34130K(613440K), 0.0306231 secs] 1721898K->1206031K(2010624K), 0.0307790 secs] [Times: user=0.08 sys=0.00, real=0.03 secs] 
[GC (CMS Initial Mark) [1 CMS-initial-mark: 1171900K(1397184K)] 1217011K(2010624K), 0.0031456 secs] [Times: user=0.00 sys=0.00, real=0.00 secs] 
[CMS-concurrent-mark-start]
[CMS-concurrent-mark: 1.098/1.098 secs] [Times: user=3.54 sys=0.02, real=1.11 secs] 
[CMS-concurrent-preclean-start]
[CMS-concurrent-preclean: 0.082/0.087 secs] [Times: user=0.16 sys=0.00, real=0.09 secs] 
[CMS-concurrent-abortable-preclean-start]
[GC (Allocation Failure) [ParNew[CMS-concurrent-abortable-preclean: 0.066/0.388 secs] [Times: user=0.53 sys=0.00, real=0.39 secs] 
: 579474K->68096K(613440K), 0.0576437 secs] 1751375K->1280640K(2010624K), 0.0576931 secs] [Times: user=0.20 sys=0.00, real=0.06 secs] 
[GC (CMS Final Remark) [YG occupancy: 68096 K (613440 K)][Rescan (parallel) , 0.0267248 secs][weak refs processing, 0.0000154 secs][class unloading, 0.0056452 secs][scrub symbol table, 0.0010644 secs][scrub string table, 0.0003593 secs][1 CMS-remark: 1212544K(1397184K)] 1280641K(2010624K), 0.0346515 secs] [Times: user=0.16 sys=0.00, real=0.03 secs] 
[CMS-concurrent-sweep-start]
[CMS-concurrent-sweep: 0.572/0.572 secs] [Times: user=1.19 sys=0.00, real=0.58 secs] 
[CMS-concurrent-reset-start]
[CMS-concurrent-reset: 0.003/0.003 secs] [Times: user=0.03 sys=0.00, real=0.00 secs] 
[GC (Allocation Failure) [ParNew: 613440K->27372K(613440K), 0.0302856 secs] 1298205K->775547K(2010624K), 0.0303587 secs] [Times: user=0.13 sys=0.00, real=0.03 secs] 
[GC (Allocation Failure) [ParNew: 572716K->68096K(613440K), 0.0549901 secs] 1320891K->859196K(2010624K), 0.0550408 secs] [Times: user=0.19 sys=0.00, real=0.05 secs] 
[GC (Allocation Failure) [ParNew: 613440K->26533K(613440K), 0.0280677 secs] 1404540K->878665K(2010624K), 0.0282229 secs] [Times: user=0.13 sys=0.00, real=0.02 secs] 
[GC (Allocation Failure) [ParNew: 571877K->68096K(613440K), 0.0684741 secs] 1424009K->960698K(2010624K), 0.0685216 secs] [Times: user=0.23 sys=0.00, real=0.06 secs] 
[GC (Allocation Failure) [ParNew (0: promotion failure size = 1854)  (1: promotion failure size = 1854)  (2: promotion failure size = 97)  (3: promotion failure size = 1854)  (4: promotion failure size = 1854)  (5: promotion failure size = 1854)  (6: promotion failure size = 97)  (7: promotion failure size = 97)  (promotion failed): 613440K->586400K(613440K), 1.8787011 secs][CMS: 924672K->752283K(1397184K), 1.5664455 secs] 1506042K->752283K(2010624K), [Metaspace: 9993K->9993K(10240K)], 3.4453275 secs] [Times: user=3.42 sys=0.66, real=3.44 secs] 

*** PauseDetector detected a 3446 ms pause at Fri Dec 19 18:34:49 EET 2014 ***

[GC (Allocation Failure) [ParNew: 545344K->68096K(613440K), 0.0506146 secs] 1297627K->860695K(2010624K), 0.0506640 secs] [Times: user=0.20 sys=0.00, real=0.05 secs] 
[GC (Allocation Failure) [ParNew: 613440K->20531K(613440K), 0.0288562 secs] 1406039K->876852K(2010624K), 0.0289075 secs] [Times: user=0.06 sys=0.00, real=0.03 secs] 
[GC (Allocation Failure) [ParNew: 565875K->68096K(613440K), 0.0506813 secs] 1422196K->964851K(2010624K), 0.0507307 secs] [Times: user=0.20 sys=0.00, real=0.05 secs] 
[GC (Allocation Failure) [ParNew: 613440K->27259K(613440K), 0.0281427 secs] 1510195K->987093K(2010624K), 0.0282633 secs] [Times: user=0.08 sys=0.00, real=0.03 secs] 
[GC (Allocation Failure) [ParNew: 572603K->68096K(613440K), 0.0507576 secs] 1532437K->1071686K(2010624K), 0.0508058 secs] [Times: user=0.20 sys=0.00, real=0.05 secs] 
[Full GC (System.gc()) [CMS: 1003590K->751021K(1397184K), 1.8522778 secs] 1568196K->751021K(2010624K), [Metaspace: 9993K->9993K(10240K)], 1.8525915 secs] [Times: user=1.86 sys=0.00, real=1.85 secs] 
[Full GC (System.gc()) [CMS: 751021K->750943K(1397184K), 1.3673779 secs] 751023K->750943K(2010624K), [Metaspace: 9993K->9993K(10240K)]
*** PauseDetector detected a 3214 ms pause at Fri Dec 19 18:35:01 EET 2014 ***

, 1.3676121 secs] [Times: user=1.36 sys=0.00, real=1.36 secs] 
[Full GC (System.gc()) [CMS: 750943K->745828K(1397184K), 1.3547966 secs] 761878K->745828K(2010624K), [Metaspace: 9993K->9993K(10240K)]
*** PauseDetector detected a 1362 ms pause at Fri Dec 19 18:35:02 EET 2014 ***

, 1.3551052 secs] [Times: user=1.36 sys=0.00, real=1.36 secs] 
[GC (Allocation Failure) [ParNew: 545344K->68096K(613440K), 0.0637605 secs] 1291172K->867450K(2010624K), 0.0638227 secs] [Times: user=0.26 sys=0.00, real=0.06 secs] 
[GC (Allocation Failure) [ParNew: 613440K->27025K(613440K), 0.0269488 secs] 1412794K->877732K(2010624K), 0.0270007 secs] [Times: user=0.08 sys=0.00, real=0.03 secs] 
[GC (Allocation Failure) [ParNew: 572369K->68096K(613440K), 0.1628467 secs] 1423076K->986714K(2010624K), 0.1629096 secs] [Times: user=0.80 sys=0.00, real=0.16 secs] 
[GC (Allocation Failure) [ParNew: 613440K->27406K(613440K), 0.0904045 secs] 1532058K->1010304K(2010624K), 0.0904667 secs] [Times: user=0.34 sys=0.00, real=0.09 secs] 
[GC (Allocation Failure) [ParNew: 572750K->68096K(613440K), 0.1989373 secs] 1555648K->1107947K(2010624K), 0.1990015 secs] [Times: user=0.91 sys=0.00, real=0.20 secs] 
[GC (Allocation Failure) [ParNew: 613440K->27412K(613440K), 0.0737511 secs] 1653291K->1131208K(2010624K), 0.0738037 secs] [Times: user=0.28 sys=0.00, real=0.07 secs] 
[Full GC (System.gc()) [CMS: 1103795K->700113K(1397184K), 1.6314057 secs] 1142143K->700113K(2010624K), [Metaspace: 9994K->9994K(10240K)], 1.6316289 secs] [Times: user=1.64 sys=0.00, real=1.63 secs] 
[Full GC (System.gc()) [CMS: 700113K->700114K(1397184K), 1.3659209 secs] 700115K->700114K(2010624K), [Metaspace: 9994K->9994K(10240K)], 1.3661275 secs] [Times: user=1.36 sys=0.00, real=1.36 secs] 
[Full GC (System.gc()) [CMS: 700114K->700114K(1397184K)
*** PauseDetector detected a 1653 ms pause at Fri Dec 19 18:35:14 EET 2014 ***

, 1.3600024 secs] 700114K->700114K(2010624K), [Metaspace: 9994K->9994K(10240K)], 1.3603411 secs] [Times: user=1.37 sys=0.00, real=1.37 secs] 
********************************
********** ROUND   76 **********
********************************

*** PauseDetector detected a 2734 ms pause at Fri Dec 19 18:35:16 EET 2014 ***

[GC (Allocation Failure) [ParNew: 545344K->68096K(613440K), 0.1301443 secs] 1245458K->824925K(2010624K), 0.1301937 secs] [Times: user=0.59 sys=0.00, real=0.13 secs] 
[GC (Allocation Failure) [ParNew: 613440K->20534K(613440K), 0.0607662 secs] 1370269K->841773K(2010624K), 0.0608156 secs] [Times: user=0.20 sys=0.00, real=0.06 secs] 
[GC (Allocation Failure) [ParNew: 565878K->68096K(613440K), 0.1277076 secs] 1387117K->939700K(2010624K), 0.1277544 secs] [Times: user=0.64 sys=0.00, real=0.13 secs] 
[GC (Allocation Failure) [ParNew: 613440K->34278K(613440K), 0.0655164 secs] 1485044K->970076K(2010624K), 0.0655633 secs] [Times: user=0.22 sys=0.00, real=0.06 secs] 
[GC (Allocation Failure) [ParNew: 579622K->68096K(613440K), 0.1222895 secs] 1515420K->1052909K(2010624K), 0.1223402 secs] [Times: user=0.56 sys=0.00, real=0.12 secs] 
[GC (Allocation Failure) [ParNew: 613440K->27370K(613440K), 0.0635398 secs] 1598253K->1076024K(2010624K), 0.0635975 secs] [Times: user=0.20 sys=0.00, real=0.06 secs] 
[GC (Allocation Failure) [ParNew: 572714K->68096K(613440K), 0.1109657 secs] 1621368K->1163963K(2010624K), 0.1110138 secs] [Times: user=0.45 sys=0.00, real=0.10 secs] 
[GC (Allocation Failure) [ParNew: 613440K->33989K(613440K), 0.0551204 secs] 1709307K->1192753K(2010624K), 0.0551723 secs] [Times: user=0.14 sys=0.00, real=0.05 secs] 
[GC (Allocation Failure) [ParNew: 579333K->68096K(613440K), 0.1096697 secs] 1738097K->1272735K(2010624K), 0.1097287 secs] [Times: user=0.48 sys=0.00, real=0.10 secs] 
[GC (CMS Initial Mark) [1 CMS-initial-mark: 1204639K(1397184K)] 1283669K(2010624K), 0.0095261 secs] [Times: user=0.00 sys=0.00, real=0.01 secs] 
[CMS-concurrent-mark-start]
[CMS-concurrent-mark: 1.316/1.316 secs] [Times: user=4.09 sys=0.00, real=1.33 secs] 
[CMS-concurrent-preclean-start]
[CMS-concurrent-preclean: 0.005/0.005 secs] [Times: user=0.03 sys=0.00, real=0.00 secs] 
[CMS-concurrent-abortable-preclean-start]
[GC (Allocation Failure) [ParNew: 613440K->34181K(613440K), 0.0463660 secs] 1818079K->1302272K(2010624K), 0.0464155 secs] [Times: user=0.26 sys=0.00, real=0.05 secs] 
[CMS-concurrent-abortable-preclean: 0.484/1.231 secs] [Times: user=2.33 sys=0.00, real=1.23 secs] 
[GC (CMS Final Remark) [YG occupancy: 353761 K (613440 K)][Rescan (parallel) , 0.0640601 secs][weak refs processing, 0.0000160 secs][class unloading, 0.0053270 secs][scrub symbol table, 0.0010541 secs][scrub string table, 0.0003516 secs][1 CMS-remark: 1268090K(1397184K)] 1621852K(2010624K), 0.0716409 secs] [Times: user=0.28 sys=0.00, real=0.07 secs] 
[CMS-concurrent-sweep-start]
[GC (Allocation Failure) [ParNew: 579525K->68096K(613440K), 0.1035593 secs] 1666384K->1200224K(2010624K), 0.1036100 secs] [Times: user=0.36 sys=0.00, real=0.10 secs] 
[CMS-concurrent-sweep: 0.776/0.880 secs] [Times: user=1.94 sys=0.00, real=0.89 secs] 
[CMS-concurrent-reset-start]
[CMS-concurrent-reset: 0.003/0.003 secs] [Times: user=0.00 sys=0.00, real=0.00 secs] 
[GC (Allocation Failure) [ParNew: 613440K->41048K(613440K), 0.0438498 secs] 1414909K->906098K(2010624K), 0.0438941 secs] [Times: user=0.12 sys=0.00, real=0.04 secs] 
[GC (Allocation Failure) [ParNew: 586392K->68096K(613440K), 0.0923247 secs] 1451442K->977928K(2010624K), 0.0923735 secs] [Times: user=0.36 sys=0.00, real=0.08 secs] 
[GC (Allocation Failure) [ParNew (0: promotion failure size = 4167)  (1: promotion failure size = 4167)  (2: promotion failure size = 41)  (3: promotion failure size = 41)  (4: promotion failure size = 4167)  (5: promotion failure size = 4167)  (6: promotion failure size = 4167)  (7: promotion failure size = 41)  (promotion failed): 613440K->572722K(613440K), 5.6383404 secs][CMS: 937388K->756598K(1397184K), 2.0279079 secs] 1523272K->756598K(2010624K), [Metaspace: 9994K->9994K(10240K)], 7.6663414 secs] [Times: user=8.03 sys=1.56, real=7.66 secs] 

*** PauseDetector detected a 7659 ms pause at Fri Dec 19 18:35:46 EET 2014 ***

[GC (Allocation Failure) [ParNew: 545344K->68096K(613440K), 0.0780041 secs] 1301942K->868921K(2010624K), 0.0780516 secs] [Times: user=0.34 sys=0.00, real=0.07 secs] 
[GC (Allocation Failure) [ParNew: 613440K->27426K(613440K), 0.0398829 secs] 1414265K->892627K(2010624K), 0.0399362 secs] [Times: user=0.13 sys=0.00, real=0.03 secs] 
[GC (Allocation Failure) [ParNew: 572770K->68096K(613440K), 0.0778514 secs] 1437971K->977542K(2010624K), 0.0779463 secs] [Times: user=0.27 sys=0.00, real=0.07 secs] 
[GC (Allocation Failure) [ParNew: 613440K->27051K(613440K), 0.0376220 secs] 1522886K->999144K(2010624K), 0.0376676 secs] [Times: user=0.08 sys=0.00, real=0.04 secs] 
[GC (Allocation Failure) [ParNew: 572395K->68096K(613440K), 0.0735772 secs] 1544488K->1085430K(2010624K), 0.0736228 secs] [Times: user=0.28 sys=0.00, real=0.07 secs] 
[GC (Allocation Failure) [ParNew: 613440K->26466K(613440K), 0.0355536 secs] 1630774K->1104801K(2010624K), 0.0355972 secs] [Times: user=0.11 sys=0.00, real=0.03 secs] 
[GC (Allocation Failure) [ParNew: 571810K->68096K(613440K), 0.0709172 secs] 1650145K->1194003K(2010624K), 0.0709679 secs] [Times: user=0.30 sys=0.00, real=0.07 secs] 
[GC (Allocation Failure) [ParNew: 613440K->25450K(613440K), 0.0362606 secs] 1739347K->1210533K(2010624K), 0.0363119 secs] [Times: user=0.12 sys=0.00, real=0.03 secs] 
[GC (CMS Initial Mark) [1 CMS-initial-mark: 1185082K(1397184K)] 1221466K(2010624K), 0.0053379 secs] [Times: user=0.02 sys=0.00, real=0.01 secs] 
[CMS-concurrent-mark-start]
[CMS-concurrent-mark: 1.123/1.123 secs] [Times: user=3.64 sys=0.00, real=1.13 secs] 
[CMS-concurrent-preclean-start]
[CMS-concurrent-preclean: 0.096/0.102 secs] [Times: user=0.20 sys=0.00, real=0.10 secs] 
[CMS-concurrent-abortable-preclean-start]
[GC (Allocation Failure) [ParNew: 570794K->68096K(613440K), 0.0709865 secs] 1755877K->1295893K(2010624K), 0.0710340 secs] [Times: user=0.34 sys=0.00, real=0.07 secs] 
[CMS-concurrent-abortable-preclean: 0.826/1.628 secs] [Times: user=2.73 sys=0.00, real=1.63 secs] 
[GC (CMS Final Remark) [YG occupancy: 463774 K (613440 K)][Rescan (parallel) , 0.0930394 secs][weak refs processing, 0.0000167 secs][class unloading, 0.0054989 secs][scrub symbol table, 0.0010721 secs][scrub string table, 0.0003541 secs][1 CMS-remark: 1227797K(1397184K)] 1691571K(2010624K), 0.1008320 secs] [Times: user=0.44 sys=0.00, real=0.10 secs] 
[CMS-concurrent-sweep-start]
[GC (Allocation Failure) [ParNew: 613440K->33939K(613440K), 0.0437651 secs] 1841237K->1324853K(2010624K), 0.0438164 secs] [Times: user=0.16 sys=0.00, real=0.04 secs] 
[CMS-concurrent-sweep: 0.636/0.680 secs] [Times: user=1.53 sys=0.00, real=0.69 secs] 
[CMS-concurrent-reset-start]
[CMS-concurrent-reset: 0.003/0.003 secs] [Times: user=0.00 sys=0.00, real=0.00 secs] 
[GC (Allocation Failure) [ParNew: 579283K->68096K(613440K), 0.0700973 secs] 1329974K->860931K(2010624K), 0.0701467 secs] [Times: user=0.27 sys=0.00, real=0.06 secs] 
[GC (Allocation Failure) [ParNew: 613440K->27355K(613440K), 0.0343128 secs] 1406275K->883633K(2010624K), 0.0343622 secs] [Times: user=0.11 sys=0.00, real=0.03 secs] 
[GC (Allocation Failure) [ParNew: 572699K->68096K(613440K), 0.0878144 secs] 1428977K->965609K(2010624K), 0.0878651 secs] [Times: user=0.25 sys=0.00, real=0.08 secs] 
[GC (Allocation Failure) [ParNew (0: promotion failure size = 69)  (1: promotion failure size = 1854)  (2: promotion failure size = 1854)  (3: promotion failure size = 69)  (4: promotion failure size = 69)  (5: promotion failure size = 1854)  (6: promotion failure size = 1854)  (7: promotion failure size = 69)  (promotion failed): 613440K->572768K(613440K), 1.8697845 secs][CMS: 942366K->753022K(1397184K), 2.0136341 secs] 1510953K->753022K(2010624K), [Metaspace: 9994K->9994K(10240K)]
*** PauseDetector detected a 3875 ms pause at Fri Dec 19 18:36:12 EET 2014 ***

, 3.8834847 secs] [Times: user=3.87 sys=0.39, real=3.88 secs] 
[GC (Allocation Failure) [ParNew: 545344K->68096K(613440K), 0.0581704 secs] 1298366K->864746K(2010624K), 0.0582230 secs] [Times: user=0.22 sys=0.00, real=0.06 secs] 
[GC (Allocation Failure) [ParNew: 613440K->33361K(613440K), 0.0313955 secs] 1410090K->891951K(2010624K), 0.0314475 secs] [Times: user=0.08 sys=0.00, real=0.03 secs] 
[GC (Allocation Failure) [ParNew: 578705K->68096K(613440K), 0.0583725 secs] 1437295K->967866K(2010624K), 0.0584225 secs] [Times: user=0.28 sys=0.00, real=0.06 secs] 
[GC (Allocation Failure) [ParNew: 613440K->20451K(613440K), 0.0312890 secs] 1513210K->983652K(2010624K), 0.0313397 secs] [Times: user=0.13 sys=0.00, real=0.03 secs] 
[GC (Allocation Failure) [ParNew: 565795K->68096K(613440K), 0.0571240 secs] 1528996K->1073767K(2010624K), 0.0571747 secs] [Times: user=0.23 sys=0.00, real=0.05 secs] 
[GC (Allocation Failure) [ParNew: 613440K->33497K(613440K), 0.0295766 secs] 1619111K->1100989K(2010624K), 0.0296222 secs] [Times: user=0.13 sys=0.00, real=0.03 secs] 
[GC (Allocation Failure) [ParNew: 578841K->68096K(613440K), 0.0573684 secs] 1646333K->1180430K(2010624K), 0.0574846 secs] [Times: user=0.26 sys=0.00, real=0.06 secs] 
[GC (Allocation Failure) [ParNew: 613440K->19340K(613440K), 0.0395705 secs] 1725774K->1191011K(2010624K), 0.0396237 secs] [Times: user=0.13 sys=0.00, real=0.04 secs] 
[GC (CMS Initial Mark) [1 CMS-initial-mark: 1171670K(1397184K)] 1191011K(2010624K), 0.0031399 secs] [Times: user=0.00 sys=0.00, real=0.00 secs] 
[CMS-concurrent-mark-start]
[CMS-concurrent-mark: 1.282/1.282 secs] [Times: user=4.21 sys=0.00, real=1.29 secs] 
[CMS-concurrent-preclean-start]
[CMS-concurrent-preclean: 0.072/0.076 secs] [Times: user=0.13 sys=0.00, real=0.08 secs] 
[CMS-concurrent-abortable-preclean-start]
[GC (Allocation Failure) [ParNew: 564684K->68096K(613440K), 0.0582846 secs] 1736355K->1283395K(2010624K), 0.0583334 secs] [Times: user=0.27 sys=0.00, real=0.06 secs] 
[CMS-concurrent-abortable-preclean: 0.662/1.356 secs] [Times: user=2.22 sys=0.00, real=1.36 secs] 
[GC (CMS Final Remark) [YG occupancy: 419594 K (613440 K)][Rescan (parallel) , 0.0858640 secs][weak refs processing, 0.0000148 secs][class unloading, 0.0058063 secs][scrub symbol table, 0.0010958 secs][scrub string table, 0.0003580 secs][1 CMS-remark: 1215299K(1397184K)] 1634894K(2010624K), 0.0940024 secs] [Times: user=0.39 sys=0.00, real=0.09 secs] 
[CMS-concurrent-sweep-start]
[GC (Allocation Failure) [ParNew: 613440K->39326K(613440K), 0.0290685 secs] 1612587K->1099079K(2010624K), 0.0291198 secs] [Times: user=0.09 sys=0.00, real=0.03 secs] 
[CMS-concurrent-sweep: 0.539/0.568 secs] [Times: user=1.20 sys=0.02, real=0.57 secs] 
[CMS-concurrent-reset-start]
[CMS-concurrent-reset: 0.003/0.003 secs] [Times: user=0.00 sys=0.00, real=0.00 secs] 
[GC (Allocation Failure) [ParNew: 584670K->68096K(613440K), 0.0552493 secs] 1332826K->858155K(2010624K), 0.0552994 secs] [Times: user=0.19 sys=0.00, real=0.05 secs] 
[GC (Allocation Failure) [ParNew: 613440K->20082K(613440K), 0.0331348 secs] 1403499K->872195K(2010624K), 0.0332054 secs] [Times: user=0.11 sys=0.00, real=0.03 secs] 
[GC (Allocation Failure) [ParNew: 565426K->68096K(613440K), 0.0604307 secs] 1417539K->960635K(2010624K), 0.0604794 secs] [Times: user=0.26 sys=0.00, real=0.06 secs] 
[GC (Allocation Failure) [ParNew (0: promotion failure size = 1854)  (1: promotion failure size = 97)  (2: promotion failure size = 1854)  (3: promotion failure size = 97)  (4: promotion failure size = 97)  (5: promotion failure size = 97)  (6: promotion failure size = 97)  (7: promotion failure size = 97)  (promotion failed): 613440K->586422K(613440K), 2.0908446 secs][CMS: 925525K->752277K(1397184K), 1.6399919 secs] 1505979K->752277K(2010624K), [Metaspace: 9994K->9994K(10240K)]
*** PauseDetector detected a 3731 ms pause at Fri Dec 19 18:36:37 EET 2014 ***

, 3.7309083 secs] [Times: user=3.39 sys=0.69, real=3.73 secs] 
[GC (Allocation Failure) [ParNew: 545344K->68096K(613440K), 0.0527587 secs] 1297621K->863013K(2010624K), 0.0528152 secs] [Times: user=0.19 sys=0.00, real=0.05 secs] 
[GC (Allocation Failure) [ParNew: 613440K->33138K(613440K), 0.0280285 secs] 1408357K->889630K(2010624K), 0.0280754 secs] [Times: user=0.08 sys=0.00, real=0.02 secs] 
[GC (Allocation Failure) [ParNew: 578482K->68096K(613440K), 0.0512895 secs] 1434974K->965370K(2010624K), 0.0514011 secs] [Times: user=0.20 sys=0.00, real=0.05 secs] 
[GC (Allocation Failure) [ParNew: 613440K->20216K(613440K), 0.0328128 secs] 1510714K->980259K(2010624K), 0.0328564 secs] [Times: user=0.12 sys=0.00, real=0.03 secs] 
[GC (Allocation Failure) [ParNew: 565560K->68096K(613440K), 0.0487373 secs] 1525603K->1068726K(2010624K), 0.0487874 secs] [Times: user=0.23 sys=0.00, real=0.05 secs] 
[GC (Allocation Failure) [ParNew: 613440K->27115K(613440K), 0.0288632 secs] 1614070K->1090376K(2010624K), 0.0289344 secs] [Times: user=0.13 sys=0.00, real=0.03 secs] 
[Full GC (System.gc()) [CMS: 1063261K->751428K(1397184K), 1.4528506 secs] 1101368K->751428K(2010624K), [Metaspace: 9994K->9994K(10240K)], 1.4530694 secs] [Times: user=1.47 sys=0.00, real=1.45 secs] 
[Full GC (System.gc()) [CMS: 751428K->745757K(1397184K), 1.2968418 secs] 762363K->745757K(2010624K), [Metaspace: 9994K->9994K(10240K)], 1.2970310 secs] [Times: user=1.28 sys=0.00, real=1.29 secs] 
[Full GC (System.gc()) [CMS: 745757K->745757K(1397184K), 1.6877649 secs] 745757K->745757K(2010624K), [Metaspace: 9994K->9994K(10240K)]
*** PauseDetector detected a 1452 ms pause at Fri Dec 19 18:36:47 EET 2014 ***

, 1.6880273 secs] [Times: user=1.70 sys=0.00, real=1.69 secs] 

*** PauseDetector detected a 3002 ms pause at Fri Dec 19 18:36:50 EET 2014 ***

[GC (Allocation Failure) [ParNew: 545344K->68096K(613440K), 0.0586150 secs] 1291101K->853966K(2010624K), 0.0586779 secs] [Times: user=0.19 sys=0.00, real=0.06 secs] 
[GC (Allocation Failure) [ParNew: 613440K->34253K(613440K), 0.0349383 secs] 1399310K->883894K(2010624K), 0.0350236 secs] [Times: user=0.14 sys=0.00, real=0.03 secs] 
[GC (Allocation Failure) [ParNew: 579597K->68096K(613440K), 0.1735784 secs] 1429238K->985986K(2010624K), 0.1736419 secs] [Times: user=0.72 sys=0.00, real=0.17 secs] 
[GC (Allocation Failure) [ParNew: 613440K->27277K(613440K), 0.0941493 secs] 1531330K->1009822K(2010624K), 0.0942244 secs] [Times: user=0.28 sys=0.00, real=0.09 secs] 
[GC (Allocation Failure) [ParNew: 572621K->68096K(613440K), 0.1891635 secs] 1555166K->1107885K(2010624K), 0.1892161 secs] [Times: user=0.83 sys=0.00, real=0.18 secs] 
[GC (Allocation Failure) [ParNew: 613440K->20547K(613440K), 0.0795952 secs] 1653229K->1124028K(2010624K), 0.0796587 secs] [Times: user=0.30 sys=0.00, real=0.08 secs] 
[Full GC (System.gc()) [CMS: 1103480K->711888K(1397184K), 1.5423684 secs] 1134963K->711888K(2010624K), [Metaspace: 9994K->9994K(10240K)], 1.5426828 secs] [Times: user=1.53 sys=0.00, real=1.54 secs] 
[Full GC (System.gc()) [CMS: 711888K->711888K(1397184K), 1.3963669 secs] 711888K->711888K(2010624K), [Metaspace: 9994K->9994K(10240K)], 1.3966742 secs] [Times: user=1.40 sys=0.00, real=1.40 secs] 
[Full GC (System.gc()) [CMS: 711888K->711888K(1397184K), 1.6941967 secs] 711888K->711888K(2010624K), [Metaspace: 9994K->9994K(10240K)]
*** PauseDetector detected a 4629 ms pause at Fri Dec 19 18:37:05 EET 2014 ***

, 1.6943693 secs] [Times: user=1.69 sys=0.00, real=1.69 secs] 
********************************
********** ROUND   77 **********
********************************
[GC (Allocation Failure) [ParNew: 545344K->68096K(613440K), 0.1373370 secs] 1257232K->836625K(2010624K), 0.1373845 secs] [Times: user=0.59 sys=0.00, real=0.14 secs] 
[GC (Allocation Failure) [ParNew: 613440K->20550K(613440K), 0.0609876 secs] 1381969K->854014K(2010624K), 0.0610479 secs] [Times: user=0.23 sys=0.00, real=0.06 secs] 
[GC (Allocation Failure) [ParNew: 565894K->68096K(613440K), 0.1453830 secs] 1399358K->951859K(2010624K), 0.1454356 secs] [Times: user=0.59 sys=0.00, real=0.14 secs] 
[GC (Allocation Failure) [ParNew: 613440K->27422K(613440K), 0.0587427 secs] 1497203K->974992K(2010624K), 0.0587921 secs] [Times: user=0.20 sys=0.00, real=0.06 secs] 
[GC (Allocation Failure) [ParNew: 572766K->68096K(613440K), 0.1230369 secs] 1520336K->1065479K(2010624K), 0.1230844 secs] [Times: user=0.51 sys=0.00, real=0.12 secs] 
[GC (Allocation Failure) [ParNew: 613440K->33874K(613440K), 0.0560500 secs] 1610823K->1094084K(2010624K), 0.0562078 secs] [Times: user=0.20 sys=0.00, real=0.05 secs] 
[GC (Allocation Failure) [ParNew: 579218K->68096K(613440K), 0.1123329 secs] 1639428K->1175114K(2010624K), 0.1123804 secs] [Times: user=0.51 sys=0.00, real=0.10 secs] 
[GC (Allocation Failure) [ParNew: 613440K->27247K(613440K), 0.0500558 secs] 1720458K->1199217K(2010624K), 0.0501064 secs] [Times: user=0.23 sys=0.00, real=0.05 secs] 
[GC (CMS Initial Mark) [1 CMS-initial-mark: 1171969K(1397184K)] 1210152K(2010624K), 0.0049048 secs] [Times: user=0.00 sys=0.00, real=0.00 secs] 
[CMS-concurrent-mark-start]
[CMS-concurrent-mark: 1.184/1.184 secs] [Times: user=4.02 sys=0.00, real=1.19 secs] 
[CMS-concurrent-preclean-start]
[CMS-concurrent-preclean: 0.168/0.178 secs] [Times: user=0.34 sys=0.00, real=0.18 secs] 
[CMS-concurrent-abortable-preclean-start]
[GC (Allocation Failure) [ParNew[CMS-concurrent-abortable-preclean: 0.074/0.471 secs] [Times: user=0.98 sys=0.00, real=0.47 secs] 
: 572591K->68096K(613440K), 0.1012349 secs] 1744561K->1285885K(2010624K), 0.1012830 secs] [Times: user=0.51 sys=0.00, real=0.09 secs] 
[GC (CMS Final Remark) [YG occupancy: 68169 K (613440 K)][Rescan (parallel) , 0.0572908 secs][weak refs processing, 0.0000154 secs][class unloading, 0.0057158 secs][scrub symbol table, 0.0010721 secs][scrub string table, 0.0003554 secs][1 CMS-remark: 1217789K(1397184K)] 1285959K(2010624K), 0.0653054 secs] [Times: user=0.53 sys=0.00, real=0.07 secs] 
[CMS-concurrent-sweep-start]
[CMS-concurrent-sweep: 0.725/0.725 secs] [Times: user=1.48 sys=0.00, real=0.73 secs] 
[CMS-concurrent-reset-start]
[CMS-concurrent-reset: 0.003/0.003 secs] [Times: user=0.00 sys=0.00, real=0.00 secs] 
[GC (Allocation Failure) [ParNew: 613440K->34273K(613440K), 0.0473246 secs] 1305871K->790212K(2010624K), 0.0473688 secs] [Times: user=0.14 sys=0.00, real=0.04 secs] 
[GC (Allocation Failure) [ParNew: 579617K->68096K(613440K), 0.0972937 secs] 1335556K->869316K(2010624K), 0.0973399 secs] [Times: user=0.36 sys=0.00, real=0.10 secs] 
[GC (Allocation Failure) [ParNew: 613440K->34218K(613440K), 0.0511856 secs] 1414660K->899008K(2010624K), 0.0512375 secs] [Times: user=0.20 sys=0.00, real=0.04 secs] 
[GC (Allocation Failure) [ParNew: 579562K->68096K(613440K), 0.0939299 secs] 1444352K->977639K(2010624K), 0.0939787 secs] [Times: user=0.39 sys=0.00, real=0.09 secs] 
[GC (Allocation Failure) [ParNew (0: promotion failure size = 4167)  (1: promotion failure size = 4167)  (2: promotion failure size = 4167)  (3: promotion failure size = 41)  (4: promotion failure size = 4167)  (5: promotion failure size = 41)  (6: promotion failure size = 4167)  (7: promotion failure size = 41)  (promotion failed): 613440K->579568K(613440K), 6.2264660 secs][CMS: 926476K->756569K(1397184K), 1.7896196 secs] 1522983K->756569K(2010624K), [Metaspace: 9994K->9994K(10240K)], 8.0161510 secs] [Times: user=8.33 sys=1.62, real=8.01 secs] 

*** PauseDetector detected a 8014 ms pause at Fri Dec 19 18:37:35 EET 2014 ***

[GC (Allocation Failure) [ParNew: 545344K->68096K(613440K), 0.0778020 secs] 1301913K->869359K(2010624K), 0.0778482 secs] [Times: user=0.34 sys=0.00, real=0.08 secs] 
[GC (Allocation Failure) [ParNew: 613440K->20401K(613440K), 0.0413566 secs] 1414703K->885675K(2010624K), 0.0414035 secs] [Times: user=0.14 sys=0.00, real=0.04 secs] 
[GC (Allocation Failure) [ParNew: 565745K->68096K(613440K), 0.0748308 secs] 1431019K->976781K(2010624K), 0.0748783 secs] [Times: user=0.27 sys=0.00, real=0.07 secs] 
[GC (Allocation Failure) [ParNew: 613440K->27311K(613440K), 0.0422734 secs] 1522125K->999542K(2010624K), 0.0423222 secs] [Times: user=0.19 sys=0.00, real=0.03 secs] 
[GC (Allocation Failure) [ParNew: 572655K->68096K(613440K), 0.0716101 secs] 1544886K->1084535K(2010624K), 0.0716608 secs] [Times: user=0.27 sys=0.00, real=0.07 secs] 
[GC (Allocation Failure) [ParNew: 613440K->33589K(613440K), 0.0357024 secs] 1629879K->1112014K(2010624K), 0.0357525 secs] [Times: user=0.08 sys=0.00, real=0.03 secs] 
[GC (Allocation Failure) [ParNew: 578933K->68096K(613440K), 0.0695160 secs] 1657358K->1189882K(2010624K), 0.0695635 secs] [Times: user=0.26 sys=0.00, real=0.06 secs] 
[GC (Allocation Failure) [ParNew: 613440K->33784K(613440K), 0.0338778 secs] 1735226K->1218163K(2010624K), 0.0340356 secs] [Times: user=0.13 sys=0.00, real=0.03 secs] 
[GC (CMS Initial Mark) [1 CMS-initial-mark: 1184379K(1397184K)] 1229099K(2010624K), 0.0030218 secs] [Times: user=0.00 sys=0.00, real=0.00 secs] 
[CMS-concurrent-mark-start]
[CMS-concurrent-mark: 1.126/1.126 secs] [Times: user=3.65 sys=0.00, real=1.13 secs] 
[CMS-concurrent-preclean-start]
[CMS-concurrent-preclean: 0.099/0.104 secs] [Times: user=0.22 sys=0.00, real=0.11 secs] 
[CMS-concurrent-abortable-preclean-start]
[GC (Allocation Failure) [ParNew[CMS-concurrent-abortable-preclean: 0.073/0.495 secs] [Times: user=0.78 sys=0.00, real=0.49 secs] 
: 579128K->68096K(613440K), 0.0708338 secs] 1763507K->1298049K(2010624K), 0.0708794 secs] [Times: user=0.25 sys=0.00, real=0.07 secs] 
[GC (CMS Final Remark) [YG occupancy: 79098 K (613440 K)][Rescan (parallel) , 0.0351487 secs][weak refs processing, 0.0000141 secs][class unloading, 0.0053604 secs][scrub symbol table, 0.0010567 secs][scrub string table, 0.0003516 secs][1 CMS-remark: 1229953K(1397184K)] 1309052K(2010624K), 0.0427604 secs] [Times: user=0.23 sys=0.00, real=0.04 secs] 
[CMS-concurrent-sweep-start]
[CMS-concurrent-sweep: 0.666/0.666 secs] [Times: user=1.34 sys=0.00, real=0.67 secs] 
[CMS-concurrent-reset-start]
[CMS-concurrent-reset: 0.003/0.003 secs] [Times: user=0.00 sys=0.00, real=0.00 secs] 
[GC (Allocation Failure) [ParNew: 613440K->26132K(613440K), 0.0463628 secs] 1303917K->777014K(2010624K), 0.0464135 secs] [Times: user=0.20 sys=0.00, real=0.04 secs] 
[GC (Allocation Failure) [ParNew: 571476K->68096K(613440K), 0.0653541 secs] 1322358K->861198K(2010624K), 0.0654016 secs] [Times: user=0.25 sys=0.00, real=0.06 secs] 
[GC (Allocation Failure) [ParNew: 613440K->34135K(613440K), 0.0376425 secs] 1406542K->890577K(2010624K), 0.0377940 secs] [Times: user=0.11 sys=0.00, real=0.03 secs] 
[GC (Allocation Failure) [ParNew: 579479K->68096K(613440K), 0.0736247 secs] 1435921K->965768K(2010624K), 0.0736824 secs] [Times: user=0.23 sys=0.00, real=0.07 secs] 
[GC (Allocation Failure) [ParNew (0: promotion failure size = 69)  (1: promotion failure size = 69)  (2: promotion failure size = 69)  (3: promotion failure size = 69)  (4: promotion failure size = 69)  (5: promotion failure size = 69)  (6: promotion failure size = 69)  (7: promotion failure size = 69)  (promotion failed): 613440K->586407K(613440K), 0.2236078 secs][CMS: 960926K->753056K(1397184K), 1.7419447 secs] 1511112K->753056K(2010624K), [Metaspace: 9994K->9994K(10240K)], 1.9656455 secs] [Times: user=2.04 sys=0.00, real=1.96 secs] 

*** PauseDetector detected a 1962 ms pause at Fri Dec 19 18:37:58 EET 2014 ***

[GC (Allocation Failure) [ParNew: 545344K->68096K(613440K), 0.0606398 secs] 1298400K->864641K(2010624K), 0.0606912 secs] [Times: user=0.25 sys=0.00, real=0.06 secs] 
[GC (Allocation Failure) [ParNew: 613440K->20019K(613440K), 0.0388109 secs] 1409985K->878667K(2010624K), 0.0388545 secs] [Times: user=0.12 sys=0.00, real=0.04 secs] 
[GC (Allocation Failure) [ParNew: 565363K->68096K(613440K), 0.0597654 secs] 1424011K->968899K(2010624K), 0.0598141 secs] [Times: user=0.20 sys=0.00, real=0.06 secs] 
[GC (Allocation Failure) [ParNew: 613440K->20231K(613440K), 0.0305499 secs] 1514243K->983512K(2010624K), 0.0305942 secs] [Times: user=0.13 sys=0.00, real=0.03 secs] 
[GC (Allocation Failure) [ParNew: 565575K->68096K(613440K), 0.0590911 secs] 1528856K->1076040K(2010624K), 0.0591443 secs] [Times: user=0.19 sys=0.00, real=0.06 secs] 
[GC (Allocation Failure) [ParNew: 613440K->26012K(613440K), 0.0294009 secs] 1621384K->1093676K(2010624K), 0.0294471 secs] [Times: user=0.13 sys=0.00, real=0.02 secs] 
[GC (Allocation Failure) [ParNew: 571356K->68096K(613440K), 0.0561135 secs] 1639020K->1178275K(2010624K), 0.0561642 secs] [Times: user=0.22 sys=0.00, real=0.05 secs] 
[GC (Allocation Failure) [ParNew: 613440K->40060K(613440K), 0.0376502 secs] 1723619K->1212045K(2010624K), 0.0378061 secs] [Times: user=0.17 sys=0.00, real=0.03 secs] 
[GC (CMS Initial Mark) [1 CMS-initial-mark: 1171985K(1397184K)] 1223038K(2010624K), 0.0028274 secs] [Times: user=0.00 sys=0.00, real=0.00 secs] 
[CMS-concurrent-mark-start]
[CMS-concurrent-mark: 1.129/1.129 secs] [Times: user=3.54 sys=0.00, real=1.14 secs] 
[CMS-concurrent-preclean-start]
[CMS-concurrent-preclean: 0.073/0.077 secs] [Times: user=0.16 sys=0.00, real=0.08 secs] 
[CMS-concurrent-abortable-preclean-start]
[GC (Allocation Failure) [ParNew[CMS-concurrent-abortable-preclean: 0.055/0.355 secs] [Times: user=0.59 sys=0.00, real=0.36 secs] 
: 585404K->68096K(613440K), 0.0562418 secs] 1757389K->1280870K(2010624K), 0.0562932 secs] [Times: user=0.22 sys=0.00, real=0.05 secs] 
[GC (CMS Final Remark) [YG occupancy: 79031 K (613440 K)][Rescan (parallel) , 0.0266748 secs][weak refs processing, 0.0000148 secs][class unloading, 0.0053681 secs][scrub symbol table, 0.0010592 secs][scrub string table, 0.0003522 secs][1 CMS-remark: 1212774K(1397184K)] 1291805K(2010624K), 0.0342974 secs] [Times: user=0.16 sys=0.00, real=0.03 secs] 
[CMS-concurrent-sweep-start]
[CMS-concurrent-sweep: 0.503/0.503 secs] [Times: user=1.03 sys=0.00, real=0.51 secs] 
[CMS-concurrent-reset-start]
[CMS-concurrent-reset: 0.002/0.002 secs] [Times: user=0.00 sys=0.00, real=0.00 secs] 
[GC (Allocation Failure) [ParNew: 613440K->20455K(613440K), 0.0292597 secs] 1298430K->768760K(2010624K), 0.0293104 secs] [Times: user=0.13 sys=0.00, real=0.03 secs] 
[GC (Allocation Failure) [ParNew: 565799K->68096K(613440K), 0.0549106 secs] 1314104K->861657K(2010624K), 0.0549593 secs] [Times: user=0.20 sys=0.00, real=0.05 secs] 
[GC (Allocation Failure) [ParNew: 613440K->25653K(613440K), 0.0271714 secs] 1407001K->877916K(2010624K), 0.0272221 secs] [Times: user=0.13 sys=0.00, real=0.02 secs] 
[GC (Allocation Failure) [ParNew: 570997K->68096K(613440K), 0.0689239 secs] 1423260K->960814K(2010624K), 0.0689688 secs] [Times: user=0.22 sys=0.00, real=0.07 secs] 
[GC (Allocation Failure) [ParNew (0: promotion failure size = 97)  (1: promotion failure size = 97)  (2: promotion failure size = 97)  (3: promotion failure size = 97)  (4: promotion failure size = 97)  (5: promotion failure size = 97)  (6: promotion failure size = 97)  (7: promotion failure size = 97)  (promotion failed): 613440K->572661K(613440K), 3.0680231 secs][CMS: 907624K->752229K(1397184K), 1.8599972 secs] 1506158K->752229K(2010624K), [Metaspace: 9994K->9994K(10240K)]
*** PauseDetector detected a 4925 ms pause at Fri Dec 19 18:38:24 EET 2014 ***

, 4.9280870 secs] [Times: user=5.01 sys=0.80, real=4.92 secs] 
[GC (Allocation Failure) [ParNew: 545344K->68096K(613440K), 0.0511901 secs] 1297573K->861554K(2010624K), 0.0512375 secs] [Times: user=0.19 sys=0.00, real=0.05 secs] 
[GC (Allocation Failure) [ParNew: 613440K->47369K(613440K), 0.0288138 secs] 1406898K->903643K(2010624K), 0.0288587 secs] [Times: user=0.05 sys=0.00, real=0.02 secs] 
[GC (Allocation Failure) [ParNew: 592713K->68096K(613440K), 0.0509764 secs] 1448987K->964696K(2010624K), 0.0510277 secs] [Times: user=0.22 sys=0.00, real=0.05 secs] 
[GC (Allocation Failure) [ParNew: 613440K->20386K(613440K), 0.0389392 secs] 1510040K->980258K(2010624K), 0.0390258 secs] [Times: user=0.14 sys=0.00, real=0.04 secs] 
[GC (Allocation Failure) [ParNew: 565730K->68096K(613440K), 0.0512517 secs] 1525602K->1070670K(2010624K), 0.0513049 secs] [Times: user=0.19 sys=0.00, real=0.05 secs] 
[Full GC (System.gc()) [CMS: 1002574K->747559K(1397184K), 1.5292328 secs] 1235746K->747559K(2010624K), [Metaspace: 9994K->9994K(10240K)], 1.5294637 secs] [Times: user=1.53 sys=0.00, real=1.53 secs] 
[Full GC (System.gc()) [CMS: 747559K->747480K(1397184K), 1.3911188 secs] 758492K->747480K(2010624K), [Metaspace: 9994K->9994K(10240K)], 1.3913235 secs] [Times: user=1.39 sys=0.00, real=1.39 secs] 
[Full GC (System.gc()) [CMS: 747480K->747480K(1397184K), 1.7221258 secs] 747480K->747480K(2010624K), [Metaspace: 9994K->9994K(10240K)]
*** PauseDetector detected a 4642 ms pause at Fri Dec 19 18:38:37 EET 2014 ***

, 1.7223426 secs] [Times: user=1.72 sys=0.00, real=1.72 secs] 
[GC (Allocation Failure) [ParNew: 545344K->68096K(613440K), 0.0523834 secs] 1292824K->855698K(2010624K), 0.0524463 secs] [Times: user=0.17 sys=0.00, real=0.05 secs] 
[GC (Allocation Failure) [ParNew: 613440K->40138K(613440K), 0.0348600 secs] 1401042K->891519K(2010624K), 0.0349235 secs] [Times: user=0.13 sys=0.00, real=0.03 secs] 
[GC (Allocation Failure) [ParNew: 585482K->68096K(613440K), 0.1647047 secs] 1436863K->987424K(2010624K), 0.1647650 secs] [Times: user=0.66 sys=0.00, real=0.16 secs] 
[GC (Allocation Failure) [ParNew: 613440K->20759K(613440K), 0.0796042 secs] 1532768K->1005116K(2010624K), 0.0796561 secs] [Times: user=0.30 sys=0.00, real=0.08 secs] 
[GC (Allocation Failure) [ParNew: 566103K->68096K(613440K), 0.1938137 secs] 1550460K->1109286K(2010624K), 0.1938772 secs] [Times: user=0.86 sys=0.00, real=0.19 secs] 
[GC (Allocation Failure) [ParNew: 613440K->34310K(613440K), 0.0844680 secs] 1654630K->1139330K(2010624K), 0.0845289 secs] [Times: user=0.28 sys=0.00, real=0.08 secs] 
[Full GC (System.gc()) [CMS: 1105020K->688427K(1397184K), 1.5913630 secs] 1150266K->688427K(2010624K), [Metaspace: 9994K->9994K(10240K)], 1.5916138 secs] [Times: user=1.59 sys=0.00, real=1.58 secs] 
[Full GC (System.gc()) [CMS: 688427K->688427K(1397184K), 1.7432137 secs] 688427K->688427K(2010624K), [Metaspace: 9994K->9994K(10240K)], 1.7434190 secs] [Times: user=1.73 sys=0.00, real=1.74 secs] 
[Full GC (System.gc()) [CMS: 688427K->688428K(1397184K), 1.3321714 secs] 688429K->688428K(2010624K), [Metaspace: 9994K->9994K(10240K)]
*** PauseDetector detected a 3330 ms pause at Fri Dec 19 18:38:50 EET 2014 ***

, 1.3323755 secs] [Times: user=1.34 sys=0.00, real=1.34 secs] 
********************************
********** ROUND   78 **********
********************************

*** PauseDetector detected a 1374 ms pause at Fri Dec 19 18:38:51 EET 2014 ***

[GC (Allocation Failure) [ParNew: 545344K->68096K(613440K), 0.1235444 secs] 1233772K->813058K(2010624K), 0.1235958 secs] [Times: user=0.50 sys=0.00, real=0.11 secs] 
[GC (Allocation Failure) [ParNew: 613440K->41063K(613440K), 0.0622964 secs] 1358402K->850756K(2010624K), 0.0623689 secs] [Times: user=0.22 sys=0.00, real=0.06 secs] 
[GC (Allocation Failure) [ParNew: 586407K->68096K(613440K), 0.1288708 secs] 1396100K->928102K(2010624K), 0.1289215 secs] [Times: user=0.61 sys=0.00, real=0.13 secs] 
[GC (Allocation Failure) [ParNew: 613440K->13685K(613440K), 0.0628180 secs] 1473446K->937702K(2010624K), 0.0628667 secs] [Times: user=0.20 sys=0.00, real=0.06 secs] 
[GC (Allocation Failure) [ParNew: 559029K->68096K(613440K), 0.1218680 secs] 1483046K->1041093K(2010624K), 0.1219129 secs] [Times: user=0.52 sys=0.00, real=0.11 secs] 
[GC (Allocation Failure) [ParNew: 613440K->27511K(613440K), 0.0547559 secs] 1586437K->1064127K(2010624K), 0.0548028 secs] [Times: user=0.19 sys=0.00, real=0.05 secs] 
[GC (Allocation Failure) [ParNew: 572855K->68096K(613440K), 0.1137905 secs] 1609471K->1153128K(2010624K), 0.1138406 secs] [Times: user=0.47 sys=0.00, real=0.11 secs] 
[GC (Allocation Failure) [ParNew: 613440K->33390K(613440K), 0.0655710 secs] 1698472K->1180274K(2010624K), 0.0656262 secs] [Times: user=0.22 sys=0.00, real=0.07 secs] 
[GC (Allocation Failure) [ParNew: 578734K->68096K(613440K), 0.1036928 secs] 1725618K->1260925K(2010624K), 0.1037415 secs] [Times: user=0.44 sys=0.00, real=0.10 secs] 
[GC (CMS Initial Mark) [1 CMS-initial-mark: 1192829K(1397184K)] 1271861K(2010624K), 0.0076251 secs] [Times: user=0.08 sys=0.00, real=0.01 secs] 
[CMS-concurrent-mark-start]
[CMS-concurrent-mark: 1.239/1.239 secs] [Times: user=3.79 sys=0.00, real=1.24 secs] 
[CMS-concurrent-preclean-start]
[CMS-concurrent-preclean: 0.005/0.005 secs] [Times: user=0.00 sys=0.00, real=0.01 secs] 
[CMS-concurrent-abortable-preclean-start]
[GC (Allocation Failure) [ParNew: 613440K->27298K(613440K), 0.0630682 secs] 1806269K->1283554K(2010624K), 0.0631157 secs] [Times: user=0.26 sys=0.00, real=0.06 secs] 
[CMS-concurrent-abortable-preclean: 0.725/1.498 secs] [Times: user=2.81 sys=0.00, real=1.50 secs] 
[GC (CMS Final Remark) [YG occupancy: 379506 K (613440 K)][Rescan (parallel) , 0.0685967 secs][weak refs processing, 0.0000154 secs][class unloading, 0.0055945 secs][scrub symbol table, 0.0012459 secs][scrub string table, 0.0003695 secs][1 CMS-remark: 1256255K(1397184K)] 1635762K(2010624K), 0.0766889 secs] [Times: user=0.28 sys=0.00, real=0.07 secs] 
[CMS-concurrent-sweep-start]
[GC (Allocation Failure) [ParNew: 572642K->68096K(613440K), 0.0952580 secs] 1828898K->1369616K(2010624K), 0.0953080 secs] [Times: user=0.55 sys=0.00, real=0.09 secs] 
[CMS-concurrent-sweep: 0.859/0.954 secs] [Times: user=2.29 sys=0.02, real=0.96 secs] 
[CMS-concurrent-reset-start]
[CMS-concurrent-reset: 0.003/0.003 secs] [Times: user=0.00 sys=0.00, real=0.00 secs] 
[GC (Allocation Failure) [ParNew: 613440K->20560K(613440K), 0.0450149 secs] 1414745K->885342K(2010624K), 0.0450643 secs] [Times: user=0.12 sys=0.00, real=0.04 secs] 
[GC (Allocation Failure) [ParNew: 565904K->68096K(613440K), 0.0907349 secs] 1430686K->977662K(2010624K), 0.0907836 secs] [Times: user=0.39 sys=0.00, real=0.09 secs] 
[GC (Allocation Failure) [ParNew (0: promotion failure size = 4167)  (1: promotion failure size = 4167)  (2: promotion failure size = 41)  (3: promotion failure size = 4167)  (4: promotion failure size = 41)  (5: promotion failure size = 4167)  (6: promotion failure size = 4167)  (7: promotion failure size = 4167)  (promotion failed): 613440K->565915K(613440K), 4.4410616 secs][CMS: 940254K->756568K(1397184K), 1.7605992 secs] 1523006K->756568K(2010624K), [Metaspace: 9994K->9994K(10240K)], 6.2017500 secs]
*** PauseDetector detected a 6201 ms pause at Fri Dec 19 18:39:20 EET 2014 ***
 [Times: user=6.61 sys=0.61, real=6.20 secs] 

[GC (Allocation Failure) [ParNew: 545344K->68096K(613440K), 0.0778289 secs] 1301912K->869950K(2010624K), 0.0778796 secs] [Times: user=0.28 sys=0.00, real=0.07 secs] 
[GC (Allocation Failure) [ParNew: 613440K->27039K(613440K), 0.0385594 secs] 1415294K->891966K(2010624K), 0.0386235 secs] [Times: user=0.14 sys=0.00, real=0.03 secs] 
[GC (Allocation Failure) [ParNew: 572383K->68096K(613440K), 0.0740821 secs] 1437310K->976240K(2010624K), 0.0741309 secs] [Times: user=0.34 sys=0.00, real=0.07 secs] 
[GC (Allocation Failure) [ParNew: 613440K->27400K(613440K), 0.0429458 secs] 1521584K->999450K(2010624K), 0.0429939 secs] [Times: user=0.13 sys=0.00, real=0.04 secs] 
[GC (Allocation Failure) [ParNew: 572744K->68096K(613440K), 0.0722017 secs] 1544794K->1082894K(2010624K), 0.0722517 secs] [Times: user=0.30 sys=0.00, real=0.07 secs] 
[GC (Allocation Failure) [ParNew: 613440K->20570K(613440K), 0.0361515 secs] 1628238K->1098865K(2010624K), 0.0362022 secs] [Times: user=0.13 sys=0.00, real=0.03 secs] 
[GC (Allocation Failure) [ParNew: 565914K->68096K(613440K), 0.0696373 secs] 1644209K->1190589K(2010624K), 0.0696886 secs] [Times: user=0.28 sys=0.00, real=0.07 secs] 
[GC (Allocation Failure) [ParNew: 613440K->33485K(613440K), 0.0337584 secs] 1735933K->1217739K(2010624K), 0.0338034 secs] [Times: user=0.12 sys=0.00, real=0.03 secs] 
[GC (CMS Initial Mark) [1 CMS-initial-mark: 1184253K(1397184K)] 1228740K(2010624K), 0.0027235 secs] [Times: user=0.00 sys=0.00, real=0.00 secs] 
[CMS-concurrent-mark-start]

*** PauseDetector detected a 429 ms pause at Fri Dec 19 18:39:33 EET 2014 ***

[CMS-concurrent-mark: 1.147/1.147 secs] [Times: user=3.74 sys=0.00, real=1.16 secs] 
[CMS-concurrent-preclean-start]
[CMS-concurrent-preclean: 0.094/0.101 secs] [Times: user=0.22 sys=0.00, real=0.10 secs] 
[CMS-concurrent-abortable-preclean-start]
[GC (Allocation Failure) [ParNew[CMS-concurrent-abortable-preclean: 0.112/0.738 secs] [Times: user=0.92 sys=0.00, real=0.74 secs] 
: 578829K->68096K(613440K), 0.0744870 secs] 1763083K->1295908K(2010624K), 0.0745351 secs] [Times: user=0.34 sys=0.00, real=0.07 secs] 
[GC (CMS Final Remark) [YG occupancy: 79031 K (613440 K)][Rescan (parallel) , 0.0355985 secs][weak refs processing, 0.0000160 secs][class unloading, 0.0053642 secs][scrub symbol table, 0.0010535 secs][scrub string table, 0.0003535 secs][1 CMS-remark: 1227812K(1397184K)] 1306843K(2010624K), 0.0432114 secs] [Times: user=0.16 sys=0.00, real=0.04 secs] 
[CMS-concurrent-sweep-start]
[CMS-concurrent-sweep: 0.630/0.630 secs] [Times: user=1.28 sys=0.00, real=0.64 secs] 
[CMS-concurrent-reset-start]
[CMS-concurrent-reset: 0.003/0.003 secs] [Times: user=0.00 sys=0.00, real=0.00 secs] 
[GC (Allocation Failure) [ParNew: 613440K->20107K(613440K), 0.0394569 secs] 1301776K->770721K(2010624K), 0.0395140 secs] [Times: user=0.11 sys=0.00, real=0.03 secs] 
[GC (Allocation Failure) [ParNew: 565451K->68096K(613440K), 0.0650853 secs] 1316065K->862596K(2010624K), 0.0652406 secs] [Times: user=0.27 sys=0.00, real=0.06 secs] 
[GC (Allocation Failure) [ParNew: 613440K->33386K(613440K), 0.0312095 secs] 1407940K->889561K(2010624K), 0.0313686 secs] [Times: user=0.11 sys=0.00, real=0.03 secs] 
[GC (Allocation Failure) [ParNew: 578730K->68096K(613440K), 0.0928437 secs] 1434905K->965511K(2010624K), 0.0928931 secs] [Times: user=0.25 sys=0.00, real=0.09 secs] 
[GC (Allocation Failure) [ParNew (0: promotion failure size = 69)  (1: promotion failure size = 69)  (2: promotion failure size = 69)  (3: promotion failure size = 69)  (4: promotion failure size = 1854)  (5: promotion failure size = 69)  (6: promotion failure size = 69)  (7: promotion failure size = 1854)  (promotion failed): 613440K->593178K(613440K), 1.5709211 secs][CMS: 937563K->753054K(1397184K), 1.6123778 secs] 1510855K->753054K(2010624K), [Metaspace: 9994K->9994K(10240K)], 3.1833650 secs] [Times: user=3.34 sys=0.25, real=3.18 secs] 

*** PauseDetector detected a 3178 ms pause at Fri Dec 19 18:39:44 EET 2014 ***

[GC (Allocation Failure) [ParNew: 545344K->68096K(613440K), 0.0600669 secs] 1298398K->865195K(2010624K), 0.0601157 secs] [Times: user=0.27 sys=0.00, real=0.06 secs] 
[GC (Allocation Failure) [ParNew: 613440K->33083K(613440K), 0.0314751 secs] 1410539K->891746K(2010624K), 0.0315245 secs] [Times: user=0.08 sys=0.00, real=0.03 secs] 
[GC (Allocation Failure) [ParNew: 578427K->68096K(613440K), 0.0588255 secs] 1437090K->969168K(2010624K), 0.0588736 secs] [Times: user=0.19 sys=0.00, real=0.06 secs] 
[GC (Allocation Failure) [ParNew: 613440K->26785K(613440K), 0.0306186 secs] 1514512K->990037K(2010624K), 0.0306648 secs] [Times: user=0.08 sys=0.00, real=0.03 secs] 
[GC (Allocation Failure) [ParNew: 572129K->68096K(613440K), 0.0573370 secs] 1535381K->1072548K(2010624K), 0.0573851 secs] [Times: user=0.28 sys=0.00, real=0.06 secs] 
[GC (Allocation Failure) [ParNew: 613440K->34067K(613440K), 0.0349306 secs] 1617892K->1101818K(2010624K), 0.0349935 secs] [Times: user=0.13 sys=0.00, real=0.03 secs] 
[GC (Allocation Failure) [ParNew: 579411K->68096K(613440K), 0.0569431 secs] 1647162K->1179554K(2010624K), 0.0569950 secs] [Times: user=0.26 sys=0.00, real=0.06 secs] 
[GC (Allocation Failure) [ParNew: 613440K->19681K(613440K), 0.0285334 secs] 1724898K->1191633K(2010624K), 0.0286861 secs] [Times: user=0.08 sys=0.00, real=0.03 secs] 
[GC (CMS Initial Mark) [1 CMS-initial-mark: 1171952K(1397184K)] 1202569K(2010624K), 0.0042440 secs] [Times: user=0.00 sys=0.00, real=0.00 secs] 
[CMS-concurrent-mark-start]
[CMS-concurrent-mark: 1.161/1.161 secs] [Times: user=3.73 sys=0.00, real=1.17 secs] 
[CMS-concurrent-preclean-start]
[CMS-concurrent-preclean: 0.077/0.081 secs] [Times: user=0.16 sys=0.00, real=0.08 secs] 
[CMS-concurrent-abortable-preclean-start]
[GC (Allocation Failure) [ParNew: 565025K->68096K(613440K), 0.0578336 secs] 1736977K->1282935K(2010624K), 0.0578817 secs] [Times: user=0.20 sys=0.00, real=0.06 secs] 
[CMS-concurrent-abortable-preclean: 0.632/1.596 secs] [Times: user=2.42 sys=0.00, real=1.60 secs] 
[GC (CMS Final Remark) [YG occupancy: 430804 K (613440 K)][Rescan (parallel) , 0.0880800 secs][weak refs processing, 0.0000148 secs][class unloading, 0.0055419 secs][scrub symbol table, 0.0010573 secs][scrub string table, 0.0003516 secs][1 CMS-remark: 1214839K(1397184K)] 1645643K(2010624K), 0.0958803 secs] [Times: user=0.36 sys=0.00, real=0.10 secs] 
[CMS-concurrent-sweep-start]
[GC (Allocation Failure) [ParNew: 613440K->33138K(613440K), 0.0440609 secs] 1758664K->1239544K(2010624K), 0.0441128 secs] [Times: user=0.13 sys=0.00, real=0.04 secs] 
[CMS-concurrent-sweep: 0.556/0.600 secs] [Times: user=1.28 sys=0.00, real=0.60 secs] 
[CMS-concurrent-reset-start]
[CMS-concurrent-reset: 0.003/0.003 secs] [Times: user=0.00 sys=0.00, real=0.00 secs] 
[GC (Allocation Failure) [ParNew: 578482K->68096K(613440K), 0.0551961 secs] 1326722K->856849K(2010624K), 0.0552525 secs] [Times: user=0.20 sys=0.00, real=0.05 secs] 
[GC (Allocation Failure) [ParNew: 613440K->20490K(613440K), 0.0282492 secs] 1402193K->872758K(2010624K), 0.0282935 secs] [Times: user=0.11 sys=0.00, real=0.02 secs] 
[GC (Allocation Failure) [ParNew: 565834K->68096K(613440K), 0.0607117 secs] 1418102K->960808K(2010624K), 0.0607604 secs] [Times: user=0.20 sys=0.00, real=0.06 secs] 
[GC (Allocation Failure) [ParNew (0: promotion failure size = 97)  (1: promotion failure size = 97)  (2: promotion failure size = 1854)  (3: promotion failure size = 1854)  (4: promotion failure size = 97)  (5: promotion failure size = 1854)  (6: promotion failure size = 97)  (7: promotion failure size = 97)  (promotion failed): 613440K->565906K(613440K), 1.5235452 secs][CMS: 934928K->752241K(1397184K), 1.8967788 secs] 1506152K->752241K(2010624K), [Metaspace: 9994K->9994K(10240K)], 3.4203933 secs] [Times: user=3.21 sys=0.33, real=3.42 secs] 

*** PauseDetector detected a 3422 ms pause at Fri Dec 19 18:40:09 EET 2014 ***

[GC (Allocation Failure) [ParNew: 545344K->68096K(613440K), 0.0515243 secs] 1297585K->862022K(2010624K), 0.0515756 secs] [Times: user=0.19 sys=0.00, real=0.05 secs] 
[GC (Allocation Failure) [ParNew: 613440K->26899K(613440K), 0.0281697 secs] 1407366K->883288K(2010624K), 0.0282146 secs] [Times: user=0.06 sys=0.00, real=0.03 secs] 
[GC (Allocation Failure) [ParNew: 572243K->68096K(613440K), 0.0511554 secs] 1428632K->965185K(2010624K), 0.0512074 secs] [Times: user=0.19 sys=0.00, real=0.05 secs] 
[GC (Allocation Failure) [ParNew: 613440K->33875K(613440K), 0.0291975 secs] 1510529K->993688K(2010624K), 0.0292469 secs] [Times: user=0.06 sys=0.00, real=0.03 secs] 
[GC (Allocation Failure) [ParNew: 579219K->68096K(613440K), 0.0514005 secs] 1539032K->1069394K(2010624K), 0.0514460 secs] [Times: user=0.20 sys=0.00, real=0.05 secs] 
[Full GC (System.gc()) [CMS: 1001298K->746212K(1397184K), 1.4519691 secs] 1102553K->746212K(2010624K), [Metaspace: 9994K->9994K(10240K)], 1.4522969 secs] [Times: user=1.45 sys=0.00, real=1.44 secs] 
[Full GC (System.gc()) [CMS: 746212K->746213K(1397184K), 1.2948907 secs] 757147K->746213K(2010624K), [Metaspace: 9994K->9994K(10240K)], 1.2950672 secs] [Times: user=1.31 sys=0.00, real=1.30 secs] 
[Full GC (System.gc()) [CMS: 746213K->746136K(1397184K), 1.4851642 secs] 757148K->746136K(2010624K), [Metaspace: 9994K->9994K(10240K)]
*** PauseDetector detected a 2752 ms pause at Fri Dec 19 18:40:19 EET 2014 ***

, 1.4853926 secs] [Times: user=1.48 sys=0.00, real=1.49 secs] 

*** PauseDetector detected a 1496 ms pause at Fri Dec 19 18:40:21 EET 2014 ***

[GC (Allocation Failure) [ParNew: 545344K->68096K(613440K), 0.0619025 secs] 1291480K->863056K(2010624K), 0.0619634 secs] [Times: user=0.27 sys=0.00, real=0.06 secs] 
[GC (Allocation Failure) [ParNew: 613440K->28967K(613440K), 0.0353252 secs] 1408400K->878978K(2010624K), 0.0353996 secs] [Times: user=0.11 sys=0.00, real=0.03 secs] 
[GC (Allocation Failure) [ParNew: 574311K->68096K(613440K), 0.1673769 secs] 1424322K->986242K(2010624K), 0.1674391 secs] [Times: user=0.72 sys=0.00, real=0.16 secs] 
[GC (Allocation Failure) [ParNew: 613440K->27469K(613440K), 0.0841664 secs] 1531586K->1010210K(2010624K), 0.0842421 secs] [Times: user=0.30 sys=0.00, real=0.08 secs] 
[GC (Allocation Failure) [ParNew: 572813K->68096K(613440K), 0.1992260 secs] 1555554K->1108022K(2010624K), 0.1992882 secs] [Times: user=0.92 sys=0.00, real=0.20 secs] 
[GC (Allocation Failure) [ParNew: 613440K->27428K(613440K), 0.0824502 secs] 1653366K->1131286K(2010624K), 0.0825118 secs] [Times: user=0.30 sys=0.00, real=0.08 secs] 
[Full GC (System.gc()) [CMS: 1103858K->722239K(1397184K), 1.5276019 secs] 1142222K->722239K(2010624K), [Metaspace: 9994K->9994K(10240K)], 1.5278123 secs] [Times: user=1.51 sys=0.00, real=1.52 secs] 
[Full GC (System.gc()) [CMS: 722239K->722239K(1397184K), 1.4333133 secs] 722241K->722239K(2010624K), [Metaspace: 9994K->9994K(10240K)], 1.4336059 secs] [Times: user=1.44 sys=0.00, real=1.43 secs] 
[Full GC (System.gc()) [CMS: 722239K->722239K(1397184K), 1.6912018 secs] 722242K->722239K(2010624K), [Metaspace: 9994K->9994K(10240K)]
*** PauseDetector detected a 1527 ms pause at Fri Dec 19 18:40:32 EET 2014 ***
, 1.6914033 secs] [Times: user=1.70 sys=0.00, real=1.70 secs] 
********************************
********** ROUND   79 **********
********************************


*** PauseDetector detected a 3139 ms pause at Fri Dec 19 18:40:35 EET 2014 ***

[GC (Allocation Failure) [ParNew: 545344K->68096K(613440K), 0.1398700 secs] 1267583K->847984K(2010624K), 0.1399277 secs] [Times: user=0.59 sys=0.00, real=0.14 secs] 
[GC (Allocation Failure) [ParNew: 613440K->27048K(613440K), 0.0597545 secs] 1393328K->870686K(2010624K), 0.0598006 secs] [Times: user=0.20 sys=0.00, real=0.06 secs] 
[GC (Allocation Failure) [ParNew: 572392K->68096K(613440K), 0.1285615 secs] 1416030K->961989K(2010624K), 0.1286129 secs] [Times: user=0.62 sys=0.00, real=0.13 secs] 
[GC (Allocation Failure) [ParNew: 613440K->20553K(613440K), 0.0571862 secs] 1507333K->978267K(2010624K), 0.0572337 secs] [Times: user=0.16 sys=0.00, real=0.05 secs] 
[GC (Allocation Failure) [ParNew: 565897K->68096K(613440K), 0.1224550 secs] 1523611K->1076507K(2010624K), 0.1225012 secs] [Times: user=0.51 sys=0.00, real=0.12 secs] 
[GC (Allocation Failure) [ParNew: 613440K->20076K(613440K), 0.0652630 secs] 1621851K->1090437K(2010624K), 0.0653124 secs] [Times: user=0.22 sys=0.00, real=0.06 secs] 
[GC (Allocation Failure) [ParNew: 565420K->68096K(613440K), 0.1338776 secs] 1635781K->1187038K(2010624K), 0.1339290 secs] [Times: user=0.59 sys=0.00, real=0.13 secs] 
[GC (Allocation Failure) [ParNew: 613440K->33277K(613440K), 0.0616176 secs] 1732382K->1213696K(2010624K), 0.0616676 secs] [Times: user=0.25 sys=0.00, real=0.05 secs] 
[GC (CMS Initial Mark) [1 CMS-initial-mark: 1180419K(1397184K)] 1224632K(2010624K), 0.0036243 secs] [Times: user=0.00 sys=0.00, real=0.01 secs] 
[CMS-concurrent-mark-start]
[CMS-concurrent-mark: 1.217/1.217 secs] [Times: user=4.09 sys=0.00, real=1.22 secs] 
[CMS-concurrent-preclean-start]
[CMS-concurrent-preclean: 0.152/0.162 secs] [Times: user=0.31 sys=0.00, real=0.16 secs] 
[CMS-concurrent-abortable-preclean-start]
[GC (Allocation Failure) [ParNew[CMS-concurrent-abortable-preclean: 0.057/0.370 secs] [Times: user=0.51 sys=0.00, real=0.37 secs] 
: 578621K->68096K(613440K), 0.1070931 secs] 1759040K->1294300K(2010624K), 0.1071413 secs] [Times: user=0.42 sys=0.00, real=0.10 secs] 
[GC (CMS Final Remark) [YG occupancy: 79102 K (613440 K)][Rescan (parallel) , 0.0592142 secs][weak refs processing, 0.0000199 secs][class unloading, 0.0065498 secs][scrub symbol table, 0.0011119 secs][scrub string table, 0.0003593 secs][1 CMS-remark: 1226204K(1397184K)] 1305306K(2010624K), 0.0681193 secs] [Times: user=0.33 sys=0.00, real=0.07 secs] 
[CMS-concurrent-sweep-start]
[CMS-concurrent-sweep: 0.727/0.727 secs] [Times: user=1.47 sys=0.00, real=0.73 secs] 
[CMS-concurrent-reset-start]
[CMS-concurrent-reset: 0.003/0.003 secs] [Times: user=0.00 sys=0.00, real=0.00 secs] 
[GC (Allocation Failure) [ParNew: 613440K->27329K(613440K), 0.0464835 secs] 1305577K->783108K(2010624K), 0.0465303 secs] [Times: user=0.13 sys=0.00, real=0.04 secs] 
[GC (Allocation Failure) [ParNew: 572673K->68096K(613440K), 0.1016808 secs] 1328452K->870986K(2010624K), 0.1017328 secs] [Times: user=0.42 sys=0.00, real=0.09 secs] 
[GC (Allocation Failure) [ParNew: 613440K->33401K(613440K), 0.0468953 secs] 1416330K->902139K(2010624K), 0.0469467 secs] [Times: user=0.14 sys=0.00, real=0.05 secs] 
[GC (Allocation Failure) [ParNew (1: promotion failure size = 4167)  (7: promotion failure size = 4167)  (promotion failed): 578745K->613440K(613440K), 0.2154207 secs][CMS: 913461K->755376K(1397184K), 1.7412723 secs] 1447483K->755376K(2010624K), [Metaspace: 9994K->9994K(10240K)], 1.9567790 secs] [Times: user=2.25 sys=0.00, real=1.95 secs] 

*** PauseDetector detected a 1957 ms pause at Fri Dec 19 18:40:58 EET 2014 ***

[GC (Allocation Failure) [ParNew: 545344K->27336K(613440K), 0.0069906 secs] 1300720K->782712K(2010624K), 0.0070323 secs] [Times: user=0.06 sys=0.00, real=0.01 secs] 
[GC (Allocation Failure) [ParNew: 572680K->68096K(613440K), 0.0721895 secs] 1328056K->867708K(2010624K), 0.0722357 secs] [Times: user=0.34 sys=0.00, real=0.07 secs] 
[GC (Allocation Failure) [ParNew: 613440K->27420K(613440K), 0.0422311 secs] 1413052K->891434K(2010624K), 0.0422799 secs] [Times: user=0.13 sys=0.00, real=0.04 secs] 
[GC (Allocation Failure) [ParNew: 572764K->68096K(613440K), 0.0749059 secs] 1436778K->975652K(2010624K), 0.0749553 secs] [Times: user=0.27 sys=0.00, real=0.07 secs] 
[GC (Allocation Failure) [ParNew: 613440K->20458K(613440K), 0.0375425 secs] 1520996K->991421K(2010624K), 0.0375899 secs] [Times: user=0.13 sys=0.00, real=0.03 secs] 
[GC (Allocation Failure) [ParNew: 565802K->68096K(613440K), 0.0725687 secs] 1536765K->1082434K(2010624K), 0.0726200 secs] [Times: user=0.25 sys=0.00, real=0.07 secs] 
[GC (Allocation Failure) [ParNew: 613440K->34011K(613440K), 0.0355773 secs] 1627778K->1111335K(2010624K), 0.0356261 secs] [Times: user=0.13 sys=0.00, real=0.03 secs] 
[GC (Allocation Failure) [ParNew: 579355K->68096K(613440K), 0.0698163 secs] 1656679K->1190416K(2010624K), 0.0698644 secs] [Times: user=0.28 sys=0.00, real=0.07 secs] 
[GC (Allocation Failure) [ParNew: 613440K->33018K(613440K), 0.0335640 secs] 1735760K->1216297K(2010624K), 0.0337244 secs] [Times: user=0.06 sys=0.00, real=0.03 secs] 
[GC (CMS Initial Mark) [1 CMS-initial-mark: 1183278K(1397184K)] 1227232K(2010624K), 0.0033169 secs] [Times: user=0.00 sys=0.00, real=0.00 secs] 
[CMS-concurrent-mark-start]
[CMS-concurrent-mark: 1.143/1.143 secs] [Times: user=3.65 sys=0.00, real=1.14 secs] 
[CMS-concurrent-preclean-start]
[CMS-concurrent-preclean: 0.113/0.119 secs] [Times: user=0.25 sys=0.00, real=0.12 secs] 
[CMS-concurrent-abortable-preclean-start]
[GC (Allocation Failure) [ParNew[CMS-concurrent-abortable-preclean: 0.064/0.364 secs] [Times: user=0.69 sys=0.00, real=0.36 secs] 
: 578362K->68096K(613440K), 0.0672840 secs] 1761641K->1295251K(2010624K), 0.0673315 secs] [Times: user=0.33 sys=0.00, real=0.06 secs] 
[GC (CMS Final Remark) [YG occupancy: 79031 K (613440 K)][Rescan (parallel) , 0.0343647 secs][weak refs processing, 0.0000192 secs][class unloading, 0.0063041 secs][scrub symbol table, 0.0011978 secs][scrub string table, 0.0003516 secs][1 CMS-remark: 1227155K(1397184K)] 1306187K(2010624K), 0.0430850 secs] [Times: user=0.33 sys=0.00, real=0.04 secs] 
[CMS-concurrent-sweep-start]
[CMS-concurrent-sweep: 0.684/0.684 secs] [Times: user=1.39 sys=0.00, real=0.69 secs] 
[CMS-concurrent-reset-start]
[CMS-concurrent-reset: 0.003/0.003 secs] [Times: user=0.03 sys=0.00, real=0.00 secs] 
[GC (Allocation Failure) [ParNew: 613440K->20048K(613440K), 0.0396199 secs] 1302312K->770788K(2010624K), 0.0397732 secs] [Times: user=0.08 sys=0.00, real=0.04 secs] 
[GC (Allocation Failure) [ParNew: 565392K->68096K(613440K), 0.0661138 secs] 1316132K->862687K(2010624K), 0.0662600 secs] [Times: user=0.23 sys=0.00, real=0.06 secs] 
[GC (Allocation Failure) [ParNew: 613440K->26727K(613440K), 0.0323200 secs] 1408031K->883029K(2010624K), 0.0323643 secs] [Times: user=0.13 sys=0.00, real=0.03 secs] 
[GC (Allocation Failure) [ParNew: 572071K->68096K(613440K), 0.0832740 secs] 1428373K->965590K(2010624K), 0.0833195 secs] [Times: user=0.25 sys=0.00, real=0.08 secs] 
[GC (Allocation Failure) [ParNew (0: promotion failure size = 1854)  (1: promotion failure size = 1854)  (2: promotion failure size = 1854)  (3: promotion failure size = 1854)  (4: promotion failure size = 1854)  (5: promotion failure size = 1854)  (6: promotion failure size = 1854)  (7: promotion failure size = 1854)  (promotion failed): 613440K->579574K(613440K), 1.3578544 secs][CMS: 948117K->753059K(1397184K), 1.6129206 secs] 1510934K->753059K(2010624K), [Metaspace: 9994K->9994K(10240K)], 2.9708500 secs] [Times: user=3.06 sys=0.41, real=2.97 secs] 

*** PauseDetector detected a 2968 ms pause at Fri Dec 19 18:41:24 EET 2014 ***

[GC (Allocation Failure) [ParNew: 545344K->68096K(613440K), 0.0592617 secs] 1298403K->862793K(2010624K), 0.0593124 secs] [Times: user=0.20 sys=0.00, real=0.06 secs] 
[GC (Allocation Failure) [ParNew: 613440K->27380K(613440K), 0.0324015 secs] 1408137K->886068K(2010624K), 0.0324541 secs] [Times: user=0.13 sys=0.00, real=0.03 secs] 
[GC (Allocation Failure) [ParNew: 572724K->68096K(613440K), 0.0593894 secs] 1431412K->971185K(2010624K), 0.0594420 secs] [Times: user=0.26 sys=0.00, real=0.06 secs] 
[GC (Allocation Failure) [ParNew: 613440K->26146K(613440K), 0.0335531 secs] 1516529K->989473K(2010624K), 0.0335980 secs] [Times: user=0.08 sys=0.00, real=0.03 secs] 
[GC (Allocation Failure) [ParNew: 571490K->68096K(613440K), 0.0589820 secs] 1534817K->1072593K(2010624K), 0.0590301 secs] [Times: user=0.25 sys=0.00, real=0.06 secs] 
[GC (Allocation Failure) [ParNew: 613440K->27222K(613440K), 0.0291481 secs] 1617937K->1094852K(2010624K), 0.0292013 secs] [Times: user=0.16 sys=0.00, real=0.03 secs] 
[GC (Allocation Failure) [ParNew: 572566K->68096K(613440K), 0.0579773 secs] 1640196K->1180507K(2010624K), 0.0580280 secs] [Times: user=0.26 sys=0.00, real=0.06 secs] 
[GC (Allocation Failure) [ParNew: 613440K->19423K(613440K), 0.0284295 secs] 1725851K->1191233K(2010624K), 0.0285354 secs] [Times: user=0.13 sys=0.00, real=0.02 secs] 
[GC (CMS Initial Mark) [1 CMS-initial-mark: 1171809K(1397184K)] 1202168K(2010624K), 0.0035486 secs] [Times: user=0.00 sys=0.00, real=0.00 secs] 
[CMS-concurrent-mark-start]
[CMS-concurrent-mark: 1.217/1.217 secs] [Times: user=3.84 sys=0.00, real=1.22 secs] 
[CMS-concurrent-preclean-start]
[CMS-concurrent-preclean: 0.087/0.092 secs] [Times: user=0.19 sys=0.00, real=0.09 secs] 
[CMS-concurrent-abortable-preclean-start]
[GC (Allocation Failure) [ParNew: 564767K->68096K(613440K), 0.0552224 secs] 1736577K->1281753K(2010624K), 0.0552698 secs] [Times: user=0.25 sys=0.00, real=0.05 secs] 
[CMS-concurrent-abortable-preclean: 0.617/1.180 secs] [Times: user=2.00 sys=0.00, real=1.18 secs] 
[GC (CMS Final Remark) [YG occupancy: 397766 K (613440 K)][Rescan (parallel) , 0.0817798 secs][weak refs processing, 0.0000205 secs][class unloading, 0.0056709 secs][scrub symbol table, 0.0010496 secs][scrub string table, 0.0004651 secs][1 CMS-remark: 1213657K(1397184K)] 1611423K(2010624K), 0.0899060 secs] [Times: user=0.34 sys=0.00, real=0.09 secs] 
[CMS-concurrent-sweep-start]
[GC (Allocation Failure) [ParNew: 613440K->40321K(613440K), 0.0295452 secs] 1424207K->913374K(2010624K), 0.0295978 secs] [Times: user=0.06 sys=0.00, real=0.03 secs] 
[CMS-concurrent-sweep: 0.542/0.572 secs] [Times: user=1.20 sys=0.00, real=0.57 secs] 
[CMS-concurrent-reset-start]
[CMS-concurrent-reset: 0.003/0.003 secs] [Times: user=0.00 sys=0.00, real=0.00 secs] 
[GC (Allocation Failure) [ParNew: 585665K->68096K(613440K), 0.0523186 secs] 1333821K->857614K(2010624K), 0.0524360 secs] [Times: user=0.25 sys=0.00, real=0.05 secs] 
[GC (Allocation Failure) [ParNew: 613440K->27044K(613440K), 0.0280183 secs] 1402958K->879242K(2010624K), 0.0280670 secs] [Times: user=0.06 sys=0.00, real=0.03 secs] 
[GC (Allocation Failure) [ParNew: 572388K->68096K(613440K), 0.0632716 secs] 1424586K->960765K(2010624K), 0.0633229 secs] [Times: user=0.22 sys=0.00, real=0.06 secs] 
[GC (Allocation Failure) [ParNew (0: promotion failure size = 97)  (1: promotion failure size = 97)  (2: promotion failure size = 97)  (3: promotion failure size = 1854)  (4: promotion failure size = 97)  (5: promotion failure size = 1854)  (6: promotion failure size = 97)  (7: promotion failure size = 97)  (promotion failed): 613440K->565895K(613440K), 1.8515560 secs][CMS: 922379K->752277K(1397184K), 1.6933203 secs] 1506109K->752277K(2010624K), [Metaspace: 9994K->9994K(10240K)], 3.5449661 secs] [Times: user=3.50 sys=0.39, real=3.54 secs] 

*** PauseDetector detected a 3547 ms pause at Fri Dec 19 18:41:48 EET 2014 ***

[GC (Allocation Failure) [ParNew: 545344K->68096K(613440K), 0.0515108 secs] 1297621K->862926K(2010624K), 0.0515596 secs] [Times: user=0.19 sys=0.00, real=0.05 secs] 
[GC (Allocation Failure) [ParNew: 613440K->26593K(613440K), 0.0435771 secs] 1408270K->882923K(2010624K), 0.0436252 secs] [Times: user=0.13 sys=0.00, real=0.04 secs] 
[GC (Allocation Failure) [ParNew: 571937K->68096K(613440K), 0.0513960 secs] 1428267K->964937K(2010624K), 0.0514467 secs] [Times: user=0.19 sys=0.00, real=0.05 secs] 
[GC (Allocation Failure) [ParNew: 613440K->20379K(613440K), 0.0281363 secs] 1510281K->980319K(2010624K), 0.0281806 secs] [Times: user=0.06 sys=0.00, real=0.03 secs] 
[GC (Allocation Failure) [ParNew: 565723K->68096K(613440K), 0.0507801 secs] 1525663K->1070427K(2010624K), 0.0508321 secs] [Times: user=0.22 sys=0.00, real=0.05 secs] 
[Full GC (System.gc()) [CMS: 1002331K->747475K(1397184K), 1.4193565 secs] 1224394K->747475K(2010624K), [Metaspace: 9994K->9994K(10240K)], 1.4195836 secs] [Times: user=1.40 sys=0.00, real=1.41 secs] 
[Full GC (System.gc()) [CMS: 747475K->747475K(1397184K), 1.3259680 secs] 747477K->747475K(2010624K), [Metaspace: 9994K->9994K(10240K)], 1.3261823 secs] [Times: user=1.34 sys=0.00, real=1.33 secs] 
[Full GC (System.gc()) [CMS: 747475K->747475K(1397184K), 1.6242540 secs] 747475K->747475K(2010624K), [Metaspace: 9994K->9994K(10240K)]
*** PauseDetector detected a 4370 ms pause at Fri Dec 19 18:42:01 EET 2014 ***

, 1.6244259 secs] [Times: user=1.62 sys=0.00, real=1.62 secs] 
[GC (Allocation Failure) [ParNew: 545344K->68096K(613440K), 0.0593483 secs] 1292819K->855976K(2010624K), 0.0594106 secs] [Times: user=0.20 sys=0.00, real=0.06 secs] 
[GC (Allocation Failure) [ParNew: 613440K->24019K(613440K), 0.0376406 secs] 1401320K->875258K(2010624K), 0.0376990 secs] [Times: user=0.14 sys=0.00, real=0.03 secs] 
[GC (Allocation Failure) [ParNew: 569363K->68096K(613440K), 0.1727835 secs] 1420602K->987587K(2010624K), 0.1728457 secs] [Times: user=0.73 sys=0.00, real=0.17 secs] 
[GC (Allocation Failure) [ParNew: 613440K->27655K(613440K), 0.0790075 secs] 1532931K->1011353K(2010624K), 0.0790556 secs] [Times: user=0.28 sys=0.00, real=0.08 secs] 
[GC (Allocation Failure) [ParNew: 572999K->68096K(613440K), 0.1952681 secs] 1556697K->1108906K(2010624K), 0.1953381 secs] [Times: user=0.92 sys=0.00, real=0.19 secs] 
[GC (Allocation Failure) [ParNew: 613440K->27383K(613440K), 0.0786367 secs] 1654250K->1131838K(2010624K), 0.0786989 secs] [Times: user=0.26 sys=0.00, real=0.08 secs] 
[Full GC (System.gc()) [CMS: 1104454K->731521K(1397184K), 1.5601433 secs] 1142774K->731521K(2010624K), [Metaspace: 9994K->9994K(10240K)], 1.5603242 secs] [Times: user=1.56 sys=0.00, real=1.56 secs] 
[Full GC (System.gc()) [CMS: 731521K->731522K(1397184K), 1.7310629 secs] 731523K->731522K(2010624K), [Metaspace: 9994K->9994K(10240K)], 1.7312650 secs] [Times: user=1.72 sys=0.00, real=1.73 secs] 
[Full GC (System.gc()) [CMS: 731522K->731522K(1397184K), 1.4088988 secs] 731522K->731522K(2010624K), [Metaspace: 9994K->9994K(10240K)]
*** PauseDetector detected a 1558 ms pause at Fri Dec 19 18:42:12 EET 2014 ***


*** PauseDetector detected a 3153 ms pause at Fri Dec 19 18:42:15 EET 2014 ***

, 1.4091150 secs] [Times: user=1.42 sys=0.00, real=1.41 secs] 
********************************
********** ROUND   80 **********
********************************
[GC (Allocation Failure) [ParNew: 545344K->68096K(613440K), 0.1472333 secs] 1276866K->856256K(2010624K), 0.1472859 secs] [Times: user=0.55 sys=0.00, real=0.14 secs] 
[GC (Allocation Failure) [ParNew: 613440K->20552K(613440K), 0.0603133 secs] 1401600K->873094K(2010624K), 0.0603614 secs] [Times: user=0.22 sys=0.00, real=0.06 secs] 
[GC (Allocation Failure) [ParNew: 565896K->68096K(613440K), 0.1283723 secs] 1418438K->970843K(2010624K), 0.1284281 secs] [Times: user=0.64 sys=0.00, real=0.13 secs] 
[GC (Allocation Failure) [ParNew: 613440K->27427K(613440K), 0.0586439 secs] 1516187K->993999K(2010624K), 0.0586907 secs] [Times: user=0.20 sys=0.00, real=0.06 secs] 
[GC (Allocation Failure) [ParNew: 572771K->68096K(613440K), 0.1256308 secs] 1539343K->1083767K(2010624K), 0.1256764 secs] [Times: user=0.53 sys=0.00, real=0.13 secs] 
[GC (Allocation Failure) [ParNew: 613440K->48003K(613440K), 0.0579215 secs] 1629111K->1127591K(2010624K), 0.0579728 secs] [Times: user=0.20 sys=0.00, real=0.06 secs] 
[GC (Allocation Failure) [ParNew: 593347K->68096K(613440K), 0.1195378 secs] 1672935K->1194510K(2010624K), 0.1195904 secs] [Times: user=0.56 sys=0.00, real=0.11 secs] 
[GC (Allocation Failure) [ParNew: 613440K->27246K(613440K), 0.0576450 secs] 1739854K->1216867K(2010624K), 0.0577021 secs] [Times: user=0.20 sys=0.00, real=0.06 secs] 
[GC (CMS Initial Mark) [1 CMS-initial-mark: 1189620K(1397184K)] 1227802K(2010624K), 0.0031764 secs] [Times: user=0.00 sys=0.00, real=0.00 secs] 
[CMS-concurrent-mark-start]
[CMS-concurrent-mark: 1.174/1.174 secs] [Times: user=3.89 sys=0.00, real=1.18 secs] 
[CMS-concurrent-preclean-start]
[CMS-concurrent-preclean: 0.176/0.189 secs] [Times: user=0.37 sys=0.00, real=0.19 secs] 
[CMS-concurrent-abortable-preclean-start]
[GC (Allocation Failure) [ParNew: 572590K->68096K(613440K), 0.1068827 secs] 1762211K->1303507K(2010624K), 0.1069327 secs] [Times: user=0.45 sys=0.00, real=0.10 secs] 
[CMS-concurrent-abortable-preclean: 0.759/1.275 secs] [Times: user=2.43 sys=0.00, real=1.28 secs] 
[GC (CMS Final Remark) [YG occupancy: 387010 K (613440 K)][Rescan (parallel) , 0.0807481 secs][weak refs processing, 0.0000148 secs][class unloading, 0.0054771 secs][scrub symbol table, 0.0010548 secs][scrub string table, 0.0003529 secs][1 CMS-remark: 1235411K(1397184K)] 1622422K(2010624K), 0.0884791 secs] [Times: user=0.34 sys=0.00, real=0.08 secs] 
[CMS-concurrent-sweep-start]
[GC (Allocation Failure) [ParNew: 613440K->20559K(613440K), 0.0472168 secs] 1666655K->1137353K(2010624K), 0.0473746 secs] [Times: user=0.14 sys=0.00, real=0.04 secs] 
[CMS-concurrent-sweep: 0.776/0.823 secs] [Times: user=1.87 sys=0.00, real=0.83 secs] 
[CMS-concurrent-reset-start]
[CMS-concurrent-reset: 0.003/0.003 secs] [Times: user=0.00 sys=0.00, real=0.00 secs] 
[GC (Allocation Failure) [ParNew: 565903K->68096K(613440K), 0.0975831 secs] 1321535K->868999K(2010624K), 0.0976318 secs] [Times: user=0.41 sys=0.00, real=0.09 secs] 
[GC (Allocation Failure) [ParNew: 613440K->20563K(613440K), 0.0425487 secs] 1414343K->884936K(2010624K), 0.0426308 secs] [Times: user=0.14 sys=0.00, real=0.04 secs] 
[GC (Allocation Failure) [ParNew (2: promotion failure size = 4167)  (3: promotion failure size = 4167)  (4: promotion failure size = 4167)  (5: promotion failure size = 4167)  (6: promotion failure size = 4167)  (7: promotion failure size = 4167)  (promotion failed): 565907K->613440K(613440K), 0.2224883 secs][CMS: 908959K->755380K(1397184K), 1.7582407 secs] 1430280K->755380K(2010624K), [Metaspace: 9994K->9994K(10240K)], 1.9809170 secs] [Times: user=2.25 sys=0.00, real=1.98 secs] 

*** PauseDetector detected a 1983 ms pause at Fri Dec 19 18:42:38 EET 2014 ***

[GC (Allocation Failure) [ParNew: 545344K->27429K(613440K), 0.0069688 secs] 1300724K->782809K(2010624K), 0.0070176 secs] [Times: user=0.00 sys=0.00, real=0.01 secs] 
[GC (Allocation Failure) [ParNew: 572773K->68096K(613440K), 0.0761403 secs] 1328153K->867707K(2010624K), 0.0762526 secs] [Times: user=0.28 sys=0.00, real=0.07 secs] 
[GC (Allocation Failure) [ParNew: 613440K->27429K(613440K), 0.0719008 secs] 1413051K->891297K(2010624K), 0.0719470 secs] [Times: user=0.28 sys=0.00, real=0.07 secs] 
[GC (Allocation Failure) [ParNew: 572773K->68096K(613440K), 0.0756854 secs] 1436641K->977871K(2010624K), 0.0757335 secs] [Times: user=0.27 sys=0.00, real=0.07 secs] 
[GC (Allocation Failure) [ParNew: 613440K->19858K(613440K), 0.0430754 secs] 1523215K->990769K(2010624K), 0.0431248 secs] [Times: user=0.20 sys=0.00, real=0.04 secs] 
[GC (Allocation Failure) [ParNew: 565202K->68096K(613440K), 0.0716846 secs] 1536113K->1081996K(2010624K), 0.0717352 secs] [Times: user=0.26 sys=0.00, real=0.07 secs] 
[GC (Allocation Failure) [ParNew: 613440K->13638K(613440K), 0.0351205 secs] 1627340K->1090768K(2010624K), 0.0351667 secs] [Times: user=0.06 sys=0.00, real=0.03 secs] 
[GC (Allocation Failure) [ParNew: 558982K->68096K(613440K), 0.0701416 secs] 1636112K->1188627K(2010624K), 0.0701890 secs] [Times: user=0.27 sys=0.00, real=0.07 secs] 
[GC (Allocation Failure) [ParNew: 613440K->40740K(613440K), 0.0422535 secs] 1733971K->1223985K(2010624K), 0.0423036 secs] [Times: user=0.13 sys=0.00, real=0.04 secs] 
[GC (CMS Initial Mark) [1 CMS-initial-mark: 1183245K(1397184K)] 1234990K(2010624K), 0.0019831 secs] [Times: user=0.00 sys=0.00, real=0.00 secs] 
[CMS-concurrent-mark-start]
[CMS-concurrent-mark: 1.299/1.299 secs] [Times: user=4.21 sys=0.00, real=1.31 secs] 
[CMS-concurrent-preclean-start]
[CMS-concurrent-preclean: 0.135/0.142 secs] [Times: user=0.28 sys=0.00, real=0.14 secs] 
[CMS-concurrent-abortable-preclean-start]
[GC (Allocation Failure) [ParNew[CMS-concurrent-abortable-preclean: 0.057/0.297 secs] [Times: user=0.64 sys=0.00, real=0.30 secs] 
: 586084K->68096K(613440K), 0.0667335 secs] 1769329K->1293720K(2010624K), 0.0667816 secs] [Times: user=0.36 sys=0.00, real=0.06 secs] 
[GC (CMS Final Remark) [YG occupancy: 79031 K (613440 K)][Rescan (parallel) , 0.0346836 secs][weak refs processing, 0.0000154 secs][class unloading, 0.0056613 secs][scrub symbol table, 0.0010875 secs][scrub string table, 0.0003509 secs][1 CMS-remark: 1225624K(1397184K)] 1304655K(2010624K), 0.0426321 secs] [Times: user=0.19 sys=0.00, real=0.04 secs] 
[CMS-concurrent-sweep-start]
[CMS-concurrent-sweep: 0.575/0.575 secs] [Times: user=1.15 sys=0.00, real=0.58 secs] 
[CMS-concurrent-reset-start]
[CMS-concurrent-reset: 0.003/0.003 secs] [Times: user=0.03 sys=0.00, real=0.00 secs] 
[GC (Allocation Failure) [ParNew: 613440K->34176K(613440K), 0.0435405 secs] 1300776K->784879K(2010624K), 0.0435944 secs] [Times: user=0.13 sys=0.00, real=0.04 secs] 
[GC (Allocation Failure) [ParNew: 579520K->68096K(613440K), 0.0678467 secs] 1330223K->860914K(2010624K), 0.0678941 secs] [Times: user=0.23 sys=0.00, real=0.06 secs] 
[GC (Allocation Failure) [ParNew: 613440K->47911K(613440K), 0.0365724 secs] 1406258K->904176K(2010624K), 0.0366212 secs] [Times: user=0.12 sys=0.00, real=0.03 secs] 
[GC (Allocation Failure) [ParNew: 593255K->68096K(613440K), 0.0992184 secs] 1449520K->965615K(2010624K), 0.0992659 secs] [Times: user=0.27 sys=0.00, real=0.09 secs] 
[GC (Allocation Failure) [ParNew (0: promotion failure size = 1854)  (1: promotion failure size = 1854)  (2: promotion failure size = 1854)  (3: promotion failure size = 1854)  (4: promotion failure size = 1854)  (5: promotion failure size = 1854)  (6: promotion failure size = 1854)  (7: promotion failure size = 1854)  (promotion failed): 613440K->586413K(613440K), 2.8176199 secs][CMS: 936349K->752995K(1397184K), 1.7650511 secs] 1510959K->752995K(2010624K), [Metaspace: 9994K->9994K(10240K)], 4.5827415 secs] [Times: user=4.99 sys=0.44, real=4.58 secs] 

*** PauseDetector detected a 4586 ms pause at Fri Dec 19 18:43:06 EET 2014 ***

[GC (Allocation Failure) [ParNew: 545344K->68096K(613440K), 0.0602517 secs] 1298339K->864014K(2010624K), 0.0602992 secs] [Times: user=0.20 sys=0.00, real=0.06 secs] 
[GC (Allocation Failure) [ParNew: 613440K->33606K(613440K), 0.0321359 secs] 1409358K->892082K(2010624K), 0.0323483 secs] [Times: user=0.12 sys=0.00, real=0.03 secs] 
[GC (Allocation Failure) [ParNew: 578950K->68096K(613440K), 0.0607354 secs] 1437426K->970328K(2010624K), 0.0607848 secs] [Times: user=0.19 sys=0.00, real=0.06 secs] 
[GC (Allocation Failure) [ParNew: 613440K->19744K(613440K), 0.0301688 secs] 1515672K->982961K(2010624K), 0.0302195 secs] [Times: user=0.06 sys=0.00, real=0.03 secs] 
[GC (Allocation Failure) [ParNew: 565088K->68096K(613440K), 0.0582153 secs] 1528305K->1073710K(2010624K), 0.0582666 secs] [Times: user=0.20 sys=0.00, real=0.05 secs] 
[GC (Allocation Failure) [ParNew: 613440K->33488K(613440K), 0.0353534 secs] 1619054K->1101027K(2010624K), 0.0355061 secs] [Times: user=0.13 sys=0.00, real=0.03 secs] 
[GC (Allocation Failure) [ParNew: 578832K->68096K(613440K), 0.0568334 secs] 1646371K->1176700K(2010624K), 0.0568853 secs] [Times: user=0.20 sys=0.00, real=0.05 secs] 
[GC (Allocation Failure) [ParNew: 613440K->40836K(613440K), 0.0376079 secs] 1722044K->1212763K(2010624K), 0.0377189 secs] [Times: user=0.12 sys=0.00, real=0.03 secs] 
[GC (CMS Initial Mark) [1 CMS-initial-mark: 1171927K(1397184K)] 1223699K(2010624K), 0.0033234 secs] [Times: user=0.00 sys=0.00, real=0.00 secs] 
[CMS-concurrent-mark-start]
[CMS-concurrent-mark: 1.190/1.190 secs] [Times: user=3.81 sys=0.00, real=1.20 secs] 
[CMS-concurrent-preclean-start]
[CMS-concurrent-preclean: 0.083/0.088 secs] [Times: user=0.19 sys=0.00, real=0.09 secs] 
[CMS-concurrent-abortable-preclean-start]
[GC (Allocation Failure) [ParNew[CMS-concurrent-abortable-preclean: 0.093/0.504 secs] [Times: user=0.72 sys=0.00, real=0.50 secs] 
: 586180K->68096K(613440K), 0.0578855 secs] 1758107K->1282370K(2010624K), 0.0579414 secs] [Times: user=0.20 sys=0.00, real=0.06 secs] 
[GC (CMS Final Remark) [YG occupancy: 79031 K (613440 K)][Rescan (parallel) , 0.0272683 secs][weak refs processing, 0.0000148 secs][class unloading, 0.0053815 secs][scrub symbol table, 0.0011042 secs][scrub string table, 0.0003509 secs][1 CMS-remark: 1214274K(1397184K)] 1293306K(2010624K), 0.0349498 secs] [Times: user=0.16 sys=0.00, real=0.03 secs] 
[CMS-concurrent-sweep-start]
[CMS-concurrent-sweep: 0.522/0.522 secs] [Times: user=1.06 sys=0.00, real=0.53 secs] 
[CMS-concurrent-reset-start]
[CMS-concurrent-reset: 0.003/0.003 secs] [Times: user=0.00 sys=0.00, real=0.00 secs] 
[GC (Allocation Failure) [ParNew: 613440K->26732K(613440K), 0.0291365 secs] 1299968K->775025K(2010624K), 0.0291846 secs] [Times: user=0.08 sys=0.00, real=0.03 secs] 
[GC (Allocation Failure) [ParNew: 572076K->68096K(613440K), 0.0565761 secs] 1320369K->857817K(2010624K), 0.0566204 secs] [Times: user=0.26 sys=0.00, real=0.05 secs] 
[GC (Allocation Failure) [ParNew: 613440K->20289K(613440K), 0.0288305 secs] 1403161K->872539K(2010624K), 0.0288786 secs] [Times: user=0.06 sys=0.00, real=0.03 secs] 
[GC (Allocation Failure) [ParNew: 565633K->68096K(613440K), 0.0741200 secs] 1417883K->960820K(2010624K), 0.0741707 secs] [Times: user=0.25 sys=0.00, real=0.07 secs] 
[GC (Allocation Failure) [ParNew (0: promotion failure size = 1854)  (1: promotion failure size = 97)  (2: promotion failure size = 1854)  (3: promotion failure size = 1854)  (4: promotion failure size = 1854)  (5: promotion failure size = 97)  (6: promotion failure size = 1854)  (7: promotion failure size = 1854)  (promotion failed): 613440K->586449K(613440K), 1.1581889 secs][CMS: 941679K->752221K(1397184K), 1.5469544 secs] 1506164K->752221K(2010624K), [Metaspace: 9994K->9994K(10240K)], 2.7052074 secs] [Times: user=2.67 sys=0.22, real=2.70 secs] 

*** PauseDetector detected a 2705 ms pause at Fri Dec 19 18:43:29 EET 2014 ***

[GC (Allocation Failure) [ParNew: 545344K->68096K(613440K), 0.0505510 secs] 1297565K->861926K(2010624K), 0.0506017 secs] [Times: user=0.20 sys=0.00, real=0.05 secs] 
[GC (Allocation Failure) [ParNew: 613440K->26885K(613440K), 0.0287612 secs] 1407270K->883354K(2010624K), 0.0288125 secs] [Times: user=0.13 sys=0.00, real=0.03 secs] 
[GC (Allocation Failure) [ParNew: 572229K->68096K(613440K), 0.0510573 secs] 1428698K->966600K(2010624K), 0.0511034 secs] [Times: user=0.19 sys=0.00, real=0.05 secs] 
[GC (Allocation Failure) [ParNew: 613440K->13284K(613440K), 0.0381776 secs] 1511944K->973132K(2010624K), 0.0383329 secs] [Times: user=0.19 sys=0.00, real=0.03 secs] 
[GC (Allocation Failure) [ParNew: 558628K->68096K(613440K), 0.0517816 secs] 1518476K->1069162K(2010624K), 0.0518316 secs] [Times: user=0.19 sys=0.00, real=0.05 secs] 
[Full GC (System.gc()) [CMS: 1001066K->747126K(1397184K), 1.6812632 secs] 1190218K->747126K(2010624K), [Metaspace: 9994K->9994K(10240K)], 1.6814916 secs] [Times: user=1.67 sys=0.00, real=1.68 secs] 
[Full GC (System.gc()) [CMS: 747126K->747047K(1397184K), 1.4116659 secs] 747126K->747047K(2010624K), [Metaspace: 9994K->9994K(10240K)], 1.4118597 secs] [Times: user=1.42 sys=0.00, real=1.41 secs] 
[Full GC (System.gc()) [CMS: 747047K->747048K(1397184K), 1.4626827 secs] 747049K->747048K(2010624K), [Metaspace: 9994K->9994K(10240K)]
*** PauseDetector detected a 3093 ms pause at Fri Dec 19 18:43:40 EET 2014 ***

, 1.4630266 secs] [Times: user=1.47 sys=0.00, real=1.47 secs] 

*** PauseDetector detected a 1476 ms pause at Fri Dec 19 18:43:42 EET 2014 ***

[GC (Allocation Failure) [ParNew: 545344K->68096K(613440K), 0.0500230 secs] 1292392K->855236K(2010624K), 0.0500699 secs] [Times: user=0.22 sys=0.00, real=0.05 secs] 
[GC (Allocation Failure) [ParNew: 613440K->32262K(613440K), 0.0310869 secs] 1400580K->883083K(2010624K), 0.0311331 secs] [Times: user=0.13 sys=0.00, real=0.03 secs] 
[GC (Allocation Failure) [ParNew: 577606K->68096K(613440K), 0.1753902 secs] 1428427K->986999K(2010624K), 0.1754543 secs] [Times: user=0.80 sys=0.00, real=0.17 secs] 
[GC (Allocation Failure) [ParNew: 613440K->34593K(613440K), 0.0903557 secs] 1532343K->1017902K(2010624K), 0.0904167 secs] [Times: user=0.30 sys=0.00, real=0.08 secs] 
[GC (Allocation Failure) [ParNew: 579937K->68096K(613440K), 0.1967906 secs] 1563246K->1108634K(2010624K), 0.1968535 secs] [Times: user=0.94 sys=0.00, real=0.19 secs] 
[GC (Allocation Failure) [ParNew: 613440K->34222K(613440K), 0.0691260 secs] 1653978K->1138505K(2010624K), 0.0691754 secs] [Times: user=0.22 sys=0.00, real=0.07 secs] 
[Full GC (System.gc()) [CMS: 1104283K->708422K(1397184K), 1.7933285 secs] 1149441K->708422K(2010624K), [Metaspace: 9994K->9994K(10240K)]
*** PauseDetector detected a 1787 ms pause at Fri Dec 19 18:43:53 EET 2014 ***

, 1.7935268 secs] [Times: user=1.79 sys=0.00, real=1.79 secs] 
[Full GC (System.gc()) [CMS: 708422K->708422K(1397184K), 1.3228975 secs] 708425K->708422K(2010624K), [Metaspace: 9994K->9994K(10240K)], 1.3231233 secs] [Times: user=1.31 sys=0.00, real=1.32 secs] 
[Full GC (System.gc()) [CMS: 708422K->708424K(1397184K), 1.3300170 secs] 719359K->708424K(2010624K), [Metaspace: 9994K->9994K(10240K)]
*** PauseDetector detected a 1321 ms pause at Fri Dec 19 18:43:55 EET 2014 ***


*** PauseDetector detected a 1341 ms pause at Fri Dec 19 18:43:56 EET 2014 ***

, 1.3302153 secs] [Times: user=1.34 sys=0.00, real=1.33 secs] 
********************************
********** ROUND   81 **********
********************************
[GC (Allocation Failure) [ParNew: 545344K->68096K(613440K), 0.1343505 secs] 1253768K->833123K(2010624K), 0.1343986 secs] [Times: user=0.56 sys=0.00, real=0.13 secs] 
[GC (Allocation Failure) [ParNew: 613440K->20517K(613440K), 0.0640729 secs] 1378467K->850161K(2010624K), 0.0641242 secs] [Times: user=0.22 sys=0.00, real=0.06 secs] 
[GC (Allocation Failure) [ParNew: 565861K->68096K(613440K), 0.1350197 secs] 1395505K->947980K(2010624K), 0.1350986 secs] [Times: user=0.58 sys=0.00, real=0.13 secs] 
[GC (Allocation Failure) [ParNew: 613440K->27424K(613440K), 0.0582095 secs] 1493324K->971169K(2010624K), 0.0582577 secs] [Times: user=0.19 sys=0.00, real=0.06 secs] 
[GC (Allocation Failure) [ParNew: 572768K->68096K(613440K), 0.1238537 secs] 1516513K->1060825K(2010624K), 0.1239043 secs] [Times: user=0.51 sys=0.00, real=0.12 secs] 
[GC (Allocation Failure) [ParNew: 613440K->20572K(613440K), 0.0655966 secs] 1606169K->1077480K(2010624K), 0.0656460 secs] [Times: user=0.17 sys=0.00, real=0.06 secs] 
[GC (Allocation Failure) [ParNew: 565916K->68096K(613440K), 0.1111415 secs] 1622824K->1171473K(2010624K), 0.1111909 secs] [Times: user=0.45 sys=0.00, real=0.10 secs] 
[GC (Allocation Failure) [ParNew: 613440K->27423K(613440K), 0.0497767 secs] 1716817K->1194570K(2010624K), 0.0498261 secs] [Times: user=0.14 sys=0.00, real=0.05 secs] 
[GC (CMS Initial Mark) [1 CMS-initial-mark: 1167146K(1397184K)] 1205505K(2010624K), 0.0052455 secs] [Times: user=0.00 sys=0.00, real=0.00 secs] 
[CMS-concurrent-mark-start]
[CMS-concurrent-mark: 1.228/1.228 secs] [Times: user=4.12 sys=0.00, real=1.24 secs] 
[CMS-concurrent-preclean-start]
[CMS-concurrent-preclean: 0.157/0.168 secs] [Times: user=0.34 sys=0.00, real=0.17 secs] 
[CMS-concurrent-abortable-preclean-start]
[GC (Allocation Failure) [ParNew: 572767K->68096K(613440K), 0.1067967 secs] 1739914K->1282956K(2010624K), 0.1068423 secs] [Times: user=0.45 sys=0.00, real=0.10 secs] 
[CMS-concurrent-abortable-preclean: 0.789/1.305 secs] [Times: user=2.50 sys=0.00, real=1.31 secs] 
[GC (CMS Final Remark) [YG occupancy: 452647 K (613440 K)][Rescan (parallel) , 0.0875546 secs][weak refs processing, 0.0000160 secs][class unloading, 0.0056972 secs][scrub symbol table, 0.0010618 secs][scrub string table, 0.0003580 secs][1 CMS-remark: 1214860K(1397184K)] 1667507K(2010624K), 0.0955409 secs] [Times: user=0.44 sys=0.00, real=0.10 secs] 
[CMS-concurrent-sweep-start]
[GC (Allocation Failure) [ParNew: 613440K->33396K(613440K), 0.0441757 secs] 1828300K->1309888K(2010624K), 0.0442270 secs] [Times: user=0.20 sys=0.00, real=0.04 secs] 
[CMS-concurrent-sweep: 0.832/0.876 secs] [Times: user=2.18 sys=0.00, real=0.88 secs] 
[CMS-concurrent-reset-start]
[CMS-concurrent-reset: 0.003/0.003 secs] [Times: user=0.00 sys=0.00, real=0.00 secs] 
[GC (Allocation Failure) [ParNew: 578740K->68096K(613440K), 0.0952496 secs] 1334998K->869652K(2010624K), 0.0952971 secs] [Times: user=0.44 sys=0.00, real=0.09 secs] 
[GC (Allocation Failure) [ParNew: 613440K->40958K(613440K), 0.0420925 secs] 1414996K->905957K(2010624K), 0.0421580 secs] [Times: user=0.08 sys=0.00, real=0.04 secs] 
[GC (Allocation Failure) [ParNew: 586302K->68096K(613440K), 0.0961491 secs] 1451301K->978375K(2010624K), 0.0961973 secs] [Times: user=0.33 sys=0.00, real=0.09 secs] 
[GC (Allocation Failure) [ParNew (0: promotion failure size = 41)  (1: promotion failure size = 41)  (2: promotion failure size = 41)  (3: promotion failure size = 4167)  (4: promotion failure size = 4167)  (5: promotion failure size = 4167)  (6: promotion failure size = 4167)  (7: promotion failure size = 41)  (promotion failed): 613440K->586129K(613440K), 6.3501837 secs][CMS: 924927K->756624K(1397184K), 1.9882906 secs] 1523719K->756624K(2010624K), [Metaspace: 9995K->9995K(10240K)], 8.3385429 secs] [Times: user=8.18 sys=1.95, real=8.34 secs] 

*** PauseDetector detected a 8342 ms pause at Fri Dec 19 18:44:27 EET 2014 ***

[GC (Allocation Failure) [ParNew: 545344K->68096K(613440K), 0.0822577 secs] 1301968K->869676K(2010624K), 0.0823052 secs] [Times: user=0.26 sys=0.00, real=0.08 secs] 
[GC (Allocation Failure) [ParNew: 613440K->27100K(613440K), 0.0385831 secs] 1415020K->892055K(2010624K), 0.0386261 secs] [Times: user=0.12 sys=0.00, real=0.03 secs] 
[GC (Allocation Failure) [ParNew: 572444K->68096K(613440K), 0.0708332 secs] 1437399K->976919K(2010624K), 0.0708839 secs] [Times: user=0.33 sys=0.00, real=0.07 secs] 
[GC (Allocation Failure) [ParNew: 613440K->40745K(613440K), 0.0488130 secs] 1522263K->1012479K(2010624K), 0.0488611 secs] [Times: user=0.14 sys=0.00, real=0.04 secs] 
[GC (Allocation Failure) [ParNew: 586089K->68096K(613440K), 0.0725898 secs] 1557823K->1082615K(2010624K), 0.0726379 secs] [Times: user=0.25 sys=0.00, real=0.07 secs] 
[GC (Allocation Failure) [ParNew: 613440K->27367K(613440K), 0.0350551 secs] 1627959K->1105577K(2010624K), 0.0351032 secs] [Times: user=0.14 sys=0.00, real=0.03 secs] 
[GC (Allocation Failure) [ParNew: 572711K->68096K(613440K), 0.0698824 secs] 1650921K->1190649K(2010624K), 0.0699305 secs] [Times: user=0.28 sys=0.00, real=0.07 secs] 
[GC (Allocation Failure) [ParNew: 613440K->13367K(613440K), 0.0334139 secs] 1735993K->1197633K(2010624K), 0.0334582 secs] [Times: user=0.13 sys=0.00, real=0.03 secs] 
[GC (CMS Initial Mark) [1 CMS-initial-mark: 1184266K(1397184K)] 1208634K(2010624K), 0.0043865 secs] [Times: user=0.02 sys=0.00, real=0.01 secs] 
[CMS-concurrent-mark-start]
[CMS-concurrent-mark: 1.147/1.147 secs] [Times: user=3.73 sys=0.00, real=1.15 secs] 
[CMS-concurrent-preclean-start]
[CMS-concurrent-preclean: 0.117/0.123 secs] [Times: user=0.26 sys=0.00, real=0.12 secs] 
[CMS-concurrent-abortable-preclean-start]
[GC (Allocation Failure) [ParNew: 558711K->68096K(613440K), 0.0704316 secs] 1742977K->1295467K(2010624K), 0.0704797 secs] [Times: user=0.30 sys=0.00, real=0.07 secs] 
[CMS-concurrent-abortable-preclean: 0.677/1.178 secs] [Times: user=2.12 sys=0.00, real=1.18 secs] 
[GC (CMS Final Remark) [YG occupancy: 386790 K (613440 K)][Rescan (parallel) , 0.0779277 secs][weak refs processing, 0.0000160 secs][class unloading, 0.0054431 secs][scrub symbol table, 0.0010560 secs][scrub string table, 0.0003516 secs][1 CMS-remark: 1227371K(1397184K)] 1614162K(2010624K), 0.0856356 secs] [Times: user=0.30 sys=0.00, real=0.08 secs] 
[CMS-concurrent-sweep-start]
[GC (Allocation Failure) [ParNew: 613440K->33954K(613440K), 0.0338451 secs] 1487765K->970985K(2010624K), 0.0338957 secs] [Times: user=0.14 sys=0.00, real=0.03 secs] 
[CMS-concurrent-sweep: 0.610/0.645 secs] [Times: user=1.36 sys=0.00, real=0.65 secs] 
[CMS-concurrent-reset-start]
[CMS-concurrent-reset: 0.003/0.003 secs] [Times: user=0.03 sys=0.00, real=0.00 secs] 
[GC (Allocation Failure) [ParNew: 579298K->68096K(613440K), 0.0662164 secs] 1329844K->860760K(2010624K), 0.0662658 secs] [Times: user=0.25 sys=0.00, real=0.06 secs] 
[GC (Allocation Failure) [ParNew: 613440K->20524K(613440K), 0.0323547 secs] 1406104K->876661K(2010624K), 0.0324054 secs] [Times: user=0.13 sys=0.00, real=0.03 secs] 
[GC (Allocation Failure) [ParNew: 565868K->68096K(613440K), 0.0769288 secs] 1422005K->965468K(2010624K), 0.0769898 secs] [Times: user=0.25 sys=0.00, real=0.07 secs] 
[GC (Allocation Failure) [ParNew (0: promotion failure size = 69)  (1: promotion failure size = 69)  (2: promotion failure size = 1854)  (3: promotion failure size = 1854)  (4: promotion failure size = 69)  (5: promotion failure size = 69)  (6: promotion failure size = 69)  (7: promotion failure size = 1854)  (promotion failed): 613440K->579624K(613440K), 0.3061831 secs][CMS: 960074K->753049K(1397184K), 1.5873178 secs] 1510812K->753049K(2010624K), [Metaspace: 9995K->9995K(10240K)], 1.8936780 secs] [Times: user=1.95 sys=0.02, real=1.89 secs] 

*** PauseDetector detected a 1892 ms pause at Fri Dec 19 18:44:50 EET 2014 ***

[GC (Allocation Failure) [ParNew: 545344K->68096K(613440K), 0.0606565 secs] 1298393K->864949K(2010624K), 0.0607059 secs] [Times: user=0.25 sys=0.00, real=0.06 secs] 
[GC (Allocation Failure) [ParNew: 613440K->19936K(613440K), 0.0356671 secs] 1410293K->878584K(2010624K), 0.0357319 secs] [Times: user=0.13 sys=0.00, real=0.04 secs] 
[GC (Allocation Failure) [ParNew: 565280K->68096K(613440K), 0.0595139 secs] 1423928K->971253K(2010624K), 0.0595966 secs] [Times: user=0.25 sys=0.00, real=0.06 secs] 
[GC (Allocation Failure) [ParNew: 613440K->32622K(613440K), 0.0430677 secs] 1516597K->995954K(2010624K), 0.0431120 secs] [Times: user=0.12 sys=0.00, real=0.04 secs] 
[GC (Allocation Failure) [ParNew: 577966K->68096K(613440K), 0.0612872 secs] 1541298K->1073452K(2010624K), 0.0613359 secs] [Times: user=0.25 sys=0.00, real=0.06 secs] 
[GC (Allocation Failure) [ParNew: 613440K->40346K(613440K), 0.0460292 secs] 1618796K->1108182K(2010624K), 0.0460767 secs] [Times: user=0.20 sys=0.00, real=0.04 secs] 
[GC (Allocation Failure) [ParNew: 585690K->68096K(613440K), 0.0566056 secs] 1653526K->1178140K(2010624K), 0.0566537 secs] [Times: user=0.28 sys=0.00, real=0.06 secs] 
[GC (Allocation Failure) [ParNew: 613440K->20090K(613440K), 0.0313609 secs] 1723484K->1192190K(2010624K), 0.0314058 secs] [Times: user=0.13 sys=0.00, real=0.03 secs] 
[GC (CMS Initial Mark) [1 CMS-initial-mark: 1172100K(1397184K)] 1203126K(2010624K), 0.0040304 secs] [Times: user=0.00 sys=0.00, real=0.00 secs] 
[CMS-concurrent-mark-start]
[CMS-concurrent-mark: 1.117/1.117 secs] [Times: user=3.57 sys=0.00, real=1.13 secs] 
[CMS-concurrent-preclean-start]
[CMS-concurrent-preclean: 0.069/0.073 secs] [Times: user=0.16 sys=0.00, real=0.07 secs] 
[CMS-concurrent-abortable-preclean-start]
[GC (Allocation Failure) [ParNew: 565434K->68096K(613440K), 0.0584373 secs] 1737534K->1284474K(2010624K), 0.0584886 secs] [Times: user=0.19 sys=0.00, real=0.06 secs] 
[CMS-concurrent-abortable-preclean: 0.589/1.262 secs] [Times: user=2.01 sys=0.00, real=1.26 secs] 
[GC (CMS Final Remark) [YG occupancy: 397505 K (613440 K)][Rescan (parallel) , 0.0672692 secs][weak refs processing, 0.0000148 secs][class unloading, 0.0055381 secs][scrub symbol table, 0.0011003 secs][scrub string table, 0.0003516 secs][1 CMS-remark: 1216378K(1397184K)] 1613884K(2010624K), 0.0751035 secs] [Times: user=0.34 sys=0.00, real=0.07 secs] 
[CMS-concurrent-sweep-start]
[GC (Allocation Failure) [ParNew: 613440K->19503K(613440K), 0.0286887 secs] 1471507K->937341K(2010624K), 0.0287407 secs] [Times: user=0.06 sys=0.00, real=0.03 secs] 
[CMS-concurrent-sweep: 0.549/0.578 secs] [Times: user=1.18 sys=0.00, real=0.58 secs] 
[CMS-concurrent-reset-start]
[CMS-concurrent-reset: 0.003/0.003 secs] [Times: user=0.03 sys=0.00, real=0.00 secs] 
[GC (Allocation Failure) [ParNew: 564847K->68096K(613440K), 0.0548413 secs] 1313195K->859145K(2010624K), 0.0548868 secs] [Times: user=0.20 sys=0.00, real=0.05 secs] 
[GC (Allocation Failure) [ParNew: 613440K->33162K(613440K), 0.0393453 secs] 1404489K->885488K(2010624K), 0.0393934 secs] [Times: user=0.13 sys=0.00, real=0.04 secs] 
[GC (Allocation Failure) [ParNew: 578506K->68096K(613440K), 0.0689745 secs] 1430832K->960886K(2010624K), 0.0690227 secs] [Times: user=0.25 sys=0.00, real=0.07 secs] 
[GC (Allocation Failure) [ParNew (0: promotion failure size = 97)  (1: promotion failure size = 97)  (2: promotion failure size = 97)  (3: promotion failure size = 97)  (4: promotion failure size = 97)  (5: promotion failure size = 97)  (6: promotion failure size = 97)  (7: promotion failure size = 97)  (promotion failed): 613440K->572669K(613440K), 3.9045091 secs][CMS: 896457K->752277K(1397184K), 1.7021567 secs] 1506230K->752277K(2010624K), [Metaspace: 9995K->9995K(10240K)]
*** PauseDetector detected a 5608 ms pause at Fri Dec 19 18:45:16 EET 2014 ***

, 5.6068070 secs] [Times: user=5.79 sys=1.03, real=5.61 secs] 
[GC (Allocation Failure) [ParNew: 545344K->68096K(613440K), 0.0511753 secs] 1297621K->860692K(2010624K), 0.0512209 secs] [Times: user=0.19 sys=0.00, real=0.05 secs] 
[GC (Allocation Failure) [ParNew: 613440K->34275K(613440K), 0.0288497 secs] 1406036K->890484K(2010624K), 0.0289024 secs] [Times: user=0.13 sys=0.00, real=0.03 secs] 
[GC (Allocation Failure) [ParNew: 579619K->68096K(613440K), 0.0514076 secs] 1435828K->966891K(2010624K), 0.0514550 secs] [Times: user=0.22 sys=0.00, real=0.05 secs] 
[GC (Allocation Failure) [ParNew: 613440K->26431K(613440K), 0.0277777 secs] 1512235K->986295K(2010624K), 0.0278219 secs] [Times: user=0.08 sys=0.00, real=0.03 secs] 
[GC (Allocation Failure) [ParNew: 571775K->68096K(613440K), 0.0511644 secs] 1531639K->1068690K(2010624K), 0.0512157 secs] [Times: user=0.20 sys=0.00, real=0.05 secs] 
[Full GC (System.gc()) [CMS: 1000594K->749074K(1397184K), 1.4676139 secs] 1376428K->749074K(2010624K), [Metaspace: 9995K->9995K(10240K)], 1.4678506 secs] [Times: user=1.47 sys=0.00, real=1.47 secs] 
[Full GC (System.gc()) [CMS: 749074K->749075K(1397184K), 1.3044104 secs] 759980K->749075K(2010624K), [Metaspace: 9995K->9995K(10240K)], 1.3045869 secs] [Times: user=1.30 sys=0.00, real=1.30 secs] 
[Full GC (System.gc()) [CMS: 749075K->749075K(1397184K), 1.2618836 secs] 749075K->749075K(2010624K), [Metaspace: 9995K->9995K(10240K)]
*** PauseDetector detected a 1468 ms pause at Fri Dec 19 18:45:26 EET 2014 ***

, 1.2620863 secs] [Times: user=1.26 sys=0.00, real=1.26 secs] 

*** PauseDetector detected a 2576 ms pause at Fri Dec 19 18:45:29 EET 2014 ***

[GC (Allocation Failure) [ParNew: 545344K->68096K(613440K), 0.0501167 secs] 1294419K->858653K(2010624K), 0.0502296 secs] [Times: user=0.19 sys=0.00, real=0.05 secs] 
[GC (Allocation Failure) [ParNew: 613440K->31770K(613440K), 0.0328634 secs] 1403997K->884659K(2010624K), 0.0329494 secs] [Times: user=0.11 sys=0.00, real=0.03 secs] 
[GC (Allocation Failure) [ParNew: 577114K->68096K(613440K), 0.1632490 secs] 1430003K->989168K(2010624K), 0.1633093 secs] [Times: user=0.84 sys=0.00, real=0.16 secs] 
[GC (Allocation Failure) [ParNew: 613440K->27598K(613440K), 0.0984890 secs] 1534512K->1013162K(2010624K), 0.0985544 secs] [Times: user=0.36 sys=0.00, real=0.10 secs] 
[GC (Allocation Failure) [ParNew: 572942K->68096K(613440K), 0.1985158 secs] 1558506K->1110493K(2010624K), 0.1985671 secs] [Times: user=0.92 sys=0.00, real=0.19 secs] 
[GC (Allocation Failure) [ParNew: 613440K->20582K(613440K), 0.0825612 secs] 1655837K->1126686K(2010624K), 0.0826241 secs] [Times: user=0.36 sys=0.00, real=0.08 secs] 
[Full GC (System.gc()) [CMS: 1106104K->746322K(1397184K), 1.6023352 secs] 1137669K->746322K(2010624K), [Metaspace: 9995K->9995K(10240K)], 1.6025598 secs] [Times: user=1.61 sys=0.00, real=1.60 secs] 
[Full GC (System.gc()) [CMS: 746322K->746323K(1397184K), 1.3495004 secs] 746325K->746323K(2010624K), [Metaspace: 9995K->9995K(10240K)], 1.3498469 secs] [Times: user=1.36 sys=0.00, real=1.35 secs] 
[Full GC (System.gc()) [CMS: 746323K->746323K(1397184K), 1.5114746 secs] 746325K->746323K(2010624K), [Metaspace: 9995K->9995K(10240K)]
*** PauseDetector detected a 2955 ms pause at Fri Dec 19 18:45:42 EET 2014 ***

, 1.5117736 secs] [Times: user=1.50 sys=0.00, real=1.51 secs] 
********************************
********** ROUND   82 **********
********************************

*** PauseDetector detected a 1521 ms pause at Fri Dec 19 18:45:43 EET 2014 ***

[GC (Allocation Failure) [ParNew: 545344K->68096K(613440K), 0.1491157 secs] 1291667K->871043K(2010624K), 0.1491786 secs] [Times: user=0.59 sys=0.00, real=0.14 secs] 
[GC (Allocation Failure) [ParNew: 613440K->41146K(613440K), 0.0688494 secs] 1416387K->908533K(2010624K), 0.0689970 secs] [Times: user=0.23 sys=0.00, real=0.07 secs] 
[GC (Allocation Failure) [ParNew: 586490K->68096K(613440K), 0.1443007 secs] 1453877K->986103K(2010624K), 0.1443616 secs] [Times: user=0.58 sys=0.00, real=0.14 secs] 
[GC (Allocation Failure) [ParNew: 613440K->27327K(613440K), 0.0574634 secs] 1531447K->1009226K(2010624K), 0.0575141 secs] [Times: user=0.14 sys=0.00, real=0.05 secs] 
[GC (Allocation Failure) [ParNew: 572671K->68096K(613440K), 0.1273310 secs] 1554570K->1100848K(2010624K), 0.1273778 secs] [Times: user=0.48 sys=0.00, real=0.12 secs] 
[GC (Allocation Failure) [ParNew: 613440K->33404K(613440K), 0.0640299 secs] 1646192K->1127905K(2010624K), 0.0640909 secs] [Times: user=0.23 sys=0.00, real=0.06 secs] 
[GC (Allocation Failure) [ParNew: 578748K->68096K(613440K), 0.1120814 secs] 1673249K->1209393K(2010624K), 0.1121289 secs] [Times: user=0.51 sys=0.00, real=0.10 secs] 
[GC (Allocation Failure) [ParNew: 613440K->27229K(613440K), 0.0490190 secs] 1754737K->1232079K(2010624K), 0.0490690 secs] [Times: user=0.16 sys=0.00, real=0.05 secs] 
[GC (CMS Initial Mark) [1 CMS-initial-mark: 1204850K(1397184K)] 1243062K(2010624K), 0.0032432 secs] [Times: user=0.00 sys=0.00, real=0.00 secs] 
[CMS-concurrent-mark-start]
[CMS-concurrent-mark: 1.301/1.301 secs] [Times: user=4.40 sys=0.00, real=1.31 secs] 
[CMS-concurrent-preclean-start]
[CMS-concurrent-preclean: 0.166/0.176 secs] [Times: user=0.34 sys=0.00, real=0.18 secs] 
[CMS-concurrent-abortable-preclean-start]
[GC (Allocation Failure) [ParNew[CMS-concurrent-abortable-preclean: 0.061/0.402 secs] [Times: user=0.76 sys=0.00, real=0.40 secs] 
: 572573K->68096K(613440K), 0.1082679 secs] 1777423K->1318765K(2010624K), 0.1083160 secs] [Times: user=0.39 sys=0.00, real=0.10 secs] 
[GC (CMS Final Remark) [YG occupancy: 79076 K (613440 K)][Rescan (parallel) , 0.0590609 secs][weak refs processing, 0.0000385 secs][class unloading, 0.0078426 secs][scrub symbol table, 0.0015539 secs][scrub string table, 0.0005319 secs][1 CMS-remark: 1250669K(1397184K)] 1329746K(2010624K), 0.0701666 secs] [Times: user=0.41 sys=0.00, real=0.07 secs] 
[CMS-concurrent-sweep-start]
[CMS-concurrent-sweep: 0.742/0.742 secs] [Times: user=1.53 sys=0.00, real=0.75 secs] 
[CMS-concurrent-reset-start]
[CMS-concurrent-reset: 0.002/0.002 secs] [Times: user=0.00 sys=0.00, real=0.00 secs] 
[GC (Allocation Failure) [ParNew: 613440K->34272K(613440K), 0.0631003 secs] 1305929K->792159K(2010624K), 0.0631458 secs] [Times: user=0.23 sys=0.00, real=0.06 secs] 
[GC (Allocation Failure) [ParNew: 579616K->68096K(613440K), 0.0967484 secs] 1337503K->872252K(2010624K), 0.0967984 secs] [Times: user=0.42 sys=0.00, real=0.09 secs] 
[GC (Allocation Failure) [ParNew: 613440K->40491K(613440K), 0.0483569 secs] 1417596K->907118K(2010624K), 0.0484075 secs] [Times: user=0.11 sys=0.00, real=0.04 secs] 
[GC (Allocation Failure) [ParNew (0: promotion failure size = 4167)  (1: promotion failure size = 4167)  (2: promotion failure size = 4167)  (3: promotion failure size = 4167)  (4: promotion failure size = 4167)  (5: promotion failure size = 4167)  (6: promotion failure size = 4167)  (7: promotion failure size = 4167)  (promotion failed): 585835K->613440K(613440K), 0.2961643 secs][CMS: 910772K->755362K(1397184K), 1.7749249 secs] 1452462K->755362K(2010624K), [Metaspace: 9995K->9995K(10240K)], 2.0711803 secs] [Times: user=2.32 sys=0.03, real=2.06 secs] 

*** PauseDetector detected a 2065 ms pause at Fri Dec 19 18:46:06 EET 2014 ***

[GC (Allocation Failure) [ParNew: 545344K->34150K(613440K), 0.0073685 secs] 1300706K->789513K(2010624K), 0.0074166 secs] [Times: user=0.06 sys=0.00, real=0.01 secs] 
[GC (Allocation Failure) [ParNew: 579494K->68096K(613440K), 0.0774029 secs] 1334857K->867689K(2010624K), 0.0774517 secs] [Times: user=0.26 sys=0.00, real=0.07 secs] 
[GC (Allocation Failure) [ParNew: 613440K->34221K(613440K), 0.0392401 secs] 1413033K->897974K(2010624K), 0.0392875 secs] [Times: user=0.08 sys=0.00, real=0.03 secs] 
[GC (Allocation Failure) [ParNew: 579565K->68096K(613440K), 0.0740417 secs] 1443318K->974983K(2010624K), 0.0740950 secs] [Times: user=0.33 sys=0.00, real=0.07 secs] 
[GC (Allocation Failure) [ParNew: 613440K->41070K(613440K), 0.0372640 secs] 1520327K->1011780K(2010624K), 0.0374206 secs] [Times: user=0.13 sys=0.00, real=0.03 secs] 
[GC (Allocation Failure) [ParNew: 586414K->68096K(613440K), 0.0726694 secs] 1557124K->1082331K(2010624K), 0.0727162 secs] [Times: user=0.25 sys=0.00, real=0.07 secs] 
[GC (Allocation Failure) [ParNew: 613440K->33871K(613440K), 0.0462403 secs] 1627675K->1110970K(2010624K), 0.0462903 secs] [Times: user=0.14 sys=0.00, real=0.05 secs] 
[GC (Allocation Failure) [ParNew: 579215K->68096K(613440K), 0.0706766 secs] 1656314K->1189700K(2010624K), 0.0708242 secs] [Times: user=0.27 sys=0.00, real=0.07 secs] 
[GC (Allocation Failure) [ParNew: 613440K->19959K(613440K), 0.0463898 secs] 1735044K->1203066K(2010624K), 0.0464405 secs] [Times: user=0.14 sys=0.00, real=0.04 secs] 
[GC (CMS Initial Mark) [1 CMS-initial-mark: 1183107K(1397184K)] 1214049K(2010624K), 0.0054656 secs] [Times: user=0.02 sys=0.00, real=0.01 secs] 
[CMS-concurrent-mark-start]
[CMS-concurrent-mark: 1.173/1.173 secs] [Times: user=3.74 sys=0.00, real=1.17 secs] 
[CMS-concurrent-preclean-start]
[CMS-concurrent-preclean: 0.103/0.111 secs] [Times: user=0.22 sys=0.00, real=0.11 secs] 
[CMS-concurrent-abortable-preclean-start]
[GC (Allocation Failure) [ParNew[CMS-concurrent-abortable-preclean: 0.055/0.373 secs] [Times: user=0.65 sys=0.00, real=0.37 secs] 
: 565303K->68096K(613440K), 0.0697168 secs] 1748410K->1295289K(2010624K), 0.0697630 secs] [Times: user=0.28 sys=0.00, real=0.07 secs] 
[GC (CMS Final Remark) [YG occupancy: 79143 K (613440 K)][Rescan (parallel) , 0.0355151 secs][weak refs processing, 0.0000148 secs][class unloading, 0.0052949 secs][scrub symbol table, 0.0010483 secs][scrub string table, 0.0003503 secs][1 CMS-remark: 1227193K(1397184K)] 1306337K(2010624K), 0.0430504 secs] [Times: user=0.23 sys=0.00, real=0.04 secs] 
[CMS-concurrent-sweep-start]
[CMS-concurrent-sweep: 0.616/0.616 secs] [Times: user=1.28 sys=0.00, real=0.62 secs] 
[CMS-concurrent-reset-start]
[CMS-concurrent-reset: 0.003/0.003 secs] [Times: user=0.00 sys=0.00, real=0.00 secs] 
[GC (Allocation Failure) [ParNew: 613440K->26702K(613440K), 0.0373930 secs] 1302364K->777494K(2010624K), 0.0374424 secs] [Times: user=0.13 sys=0.00, real=0.03 secs] 
[GC (Allocation Failure) [ParNew: 572046K->68096K(613440K), 0.0670113 secs] 1322838K->861006K(2010624K), 0.0671615 secs] [Times: user=0.25 sys=0.00, real=0.07 secs] 
[GC (Allocation Failure) [ParNew: 613440K->41075K(613440K), 0.0326440 secs] 1406350K->897440K(2010624K), 0.0327986 secs] [Times: user=0.08 sys=0.00, real=0.03 secs] 
[GC (Allocation Failure) [ParNew: 586419K->68096K(613440K), 0.0880268 secs] 1442784K->965729K(2010624K), 0.0880736 secs] [Times: user=0.26 sys=0.00, real=0.09 secs] 
[GC (Allocation Failure) [ParNew (0: promotion failure size = 1854)  (1: promotion failure size = 1854)  (2: promotion failure size = 1854)  (3: promotion failure size = 1854)  (4: promotion failure size = 1854)  (5: promotion failure size = 1854)  (6: promotion failure size = 1854)  (7: promotion failure size = 1854)  (promotion failed): 613440K->572725K(613440K), 1.5801765 secs][CMS: 944816K->753054K(1397184K), 1.6652674 secs] 1511073K->753054K(2010624K), [Metaspace: 9995K->9995K(10240K)], 3.2456896 secs] [Times: user=3.40 sys=0.20, real=3.24 secs] 

*** PauseDetector detected a 3239 ms pause at Fri Dec 19 18:46:32 EET 2014 ***

[GC (Allocation Failure) [ParNew: 545344K->68096K(613440K), 0.0610928 secs] 1298398K->866125K(2010624K), 0.0612442 secs] [Times: user=0.19 sys=0.00, real=0.06 secs] 
[GC (Allocation Failure) [ParNew: 613440K->26189K(613440K), 0.0309291 secs] 1411469K->884840K(2010624K), 0.0309817 secs] [Times: user=0.08 sys=0.00, real=0.03 secs] 
[GC (Allocation Failure) [ParNew: 571533K->68096K(613440K), 0.0596268 secs] 1430184K->968580K(2010624K), 0.0596749 secs] [Times: user=0.27 sys=0.00, real=0.06 secs] 
[GC (Allocation Failure) [ParNew: 613440K->33808K(613440K), 0.0307373 secs] 1513924K->996971K(2010624K), 0.0307783 secs] [Times: user=0.12 sys=0.00, real=0.03 secs] 
[GC (Allocation Failure) [ParNew: 579152K->68096K(613440K), 0.0585938 secs] 1542315K->1073660K(2010624K), 0.0586420 secs] [Times: user=0.20 sys=0.00, real=0.05 secs] 
[GC (Allocation Failure) [ParNew: 613440K->40231K(613440K), 0.0402788 secs] 1619004K->1107953K(2010624K), 0.0403269 secs] [Times: user=0.20 sys=0.00, real=0.04 secs] 
[GC (Allocation Failure) [ParNew: 585575K->68096K(613440K), 0.0581826 secs] 1653297K->1180393K(2010624K), 0.0582339 secs] [Times: user=0.22 sys=0.00, real=0.05 secs] 
[GC (Allocation Failure) [ParNew: 613440K->25907K(613440K), 0.0418282 secs] 1725737K->1197883K(2010624K), 0.0418853 secs] [Times: user=0.12 sys=0.00, real=0.04 secs] 
[GC (CMS Initial Mark) [1 CMS-initial-mark: 1171975K(1397184K)] 1197885K(2010624K), 0.0035742 secs] [Times: user=0.02 sys=0.00, real=0.01 secs] 
[CMS-concurrent-mark-start]
[CMS-concurrent-mark: 1.104/1.104 secs] [Times: user=3.53 sys=0.00, real=1.10 secs] 
[CMS-concurrent-preclean-start]
[CMS-concurrent-preclean: 0.079/0.085 secs] [Times: user=0.20 sys=0.00, real=0.09 secs] 
[CMS-concurrent-abortable-preclean-start]
[GC (Allocation Failure) [ParNew[CMS-concurrent-abortable-preclean: 0.062/0.402 secs] [Times: user=0.69 sys=0.00, real=0.40 secs] 
: 571251K->68096K(613440K), 0.0582153 secs] 1743227K->1281779K(2010624K), 0.0582647 secs] [Times: user=0.28 sys=0.00, real=0.06 secs] 
[GC (CMS Final Remark) [YG occupancy: 79136 K (613440 K)][Rescan (parallel) , 0.0270046 secs][weak refs processing, 0.0000154 secs][class unloading, 0.0064729 secs][scrub symbol table, 0.0011343 secs][scrub string table, 0.0004465 secs][1 CMS-remark: 1213683K(1397184K)] 1292819K(2010624K), 0.0359770 secs] [Times: user=0.19 sys=0.00, real=0.03 secs] 
[CMS-concurrent-sweep-start]
[CMS-concurrent-sweep: 0.548/0.548 secs] [Times: user=1.09 sys=0.00, real=0.56 secs] 
[CMS-concurrent-reset-start]
[CMS-concurrent-reset: 0.003/0.003 secs] [Times: user=0.03 sys=0.00, real=0.00 secs] 
[GC (Allocation Failure) [ParNew: 613440K->20198K(613440K), 0.0286342 secs] 1299341K->768508K(2010624K), 0.0287888 secs] [Times: user=0.11 sys=0.00, real=0.03 secs] 
[GC (Allocation Failure) [ParNew: 565542K->68096K(613440K), 0.0557106 secs] 1313852K->858331K(2010624K), 0.0557639 secs] [Times: user=0.19 sys=0.00, real=0.05 secs] 
[GC (Allocation Failure) [ParNew: 613440K->26871K(613440K), 0.0275993 secs] 1403675K->879137K(2010624K), 0.0277552 secs] [Times: user=0.13 sys=0.00, real=0.03 secs] 
[GC (Allocation Failure) [ParNew: 572215K->68096K(613440K), 0.0705849 secs] 1424481K->960838K(2010624K), 0.0706369 secs] [Times: user=0.22 sys=0.00, real=0.06 secs] 
[GC (Allocation Failure) [ParNew (0: promotion failure size = 1854)  (1: promotion failure size = 1854)  (2: promotion failure size = 1854)  (3: promotion failure size = 97)  (4: promotion failure size = 1854)  (5: promotion failure size = 97)  (6: promotion failure size = 97)  (7: promotion failure size = 97)  (promotion failed): 613440K->565888K(613440K), 1.7629736 secs][CMS: 924183K->752278K(1397184K), 1.9119540 secs] 1506182K->752278K(2010624K), [Metaspace: 9995K->9995K(10240K)], 3.6750161 secs] [Times: user=4.02 sys=0.30, real=3.67 secs] 

*** PauseDetector detected a 3676 ms pause at Fri Dec 19 18:46:57 EET 2014 ***

[GC (Allocation Failure) [ParNew: 545344K->68096K(613440K), 0.0514595 secs] 1297622K->861506K(2010624K), 0.0515205 secs] [Times: user=0.25 sys=0.00, real=0.05 secs] 
[GC (Allocation Failure) [ParNew: 613440K->27118K(613440K), 0.0303311 secs] 1406850K->883421K(2010624K), 0.0303780 secs] [Times: user=0.13 sys=0.00, real=0.03 secs] 
[GC (Allocation Failure) [ParNew: 572462K->68096K(613440K), 0.0511137 secs] 1428765K->964307K(2010624K), 0.0511644 secs] [Times: user=0.19 sys=0.00, real=0.05 secs] 
[GC (Allocation Failure) [ParNew: 613440K->27407K(613440K), 0.0299917 secs] 1509651K->987164K(2010624K), 0.0301483 secs] [Times: user=0.06 sys=0.00, real=0.03 secs] 
[GC (Allocation Failure) [ParNew: 572751K->68096K(613440K), 0.0511509 secs] 1532508K->1069234K(2010624K), 0.0512369 secs] [Times: user=0.19 sys=0.00, real=0.05 secs] 
[Full GC (System.gc()) [CMS: 1001138K->747549K(1397184K), 1.4885748 secs] 1234999K->747549K(2010624K), [Metaspace: 9995K->9995K(10240K)], 1.4887974 secs] [Times: user=1.50 sys=0.00, real=1.49 secs] 
[Full GC (System.gc()) [CMS: 747549K->747471K(1397184K), 1.3295942 secs] 758531K->747471K(2010624K), [Metaspace: 9995K->9995K(10240K)], 1.3299349 secs] [Times: user=1.33 sys=0.00, real=1.33 secs] 
[Full GC (System.gc()) [CMS: 747471K->745772K(1397184K), 1.7375621 secs] 758452K->745772K(2010624K), [Metaspace: 9995K->9995K(10240K)]
*** PauseDetector detected a 1489 ms pause at Fri Dec 19 18:47:06 EET 2014 ***

, 1.7378720 secs] [Times: user=1.73 sys=0.00, real=1.73 secs] 

*** PauseDetector detected a 3075 ms pause at Fri Dec 19 18:47:10 EET 2014 ***

[GC (Allocation Failure) [ParNew: 545344K->68096K(613440K), 0.0633935 secs] 1291116K->864715K(2010624K), 0.0634563 secs] [Times: user=0.25 sys=0.00, real=0.06 secs] 
[GC (Allocation Failure) [ParNew: 613440K->28252K(613440K), 0.0388699 secs] 1410059K->877759K(2010624K), 0.0389437 secs] [Times: user=0.13 sys=0.00, real=0.04 secs] 
[GC (Allocation Failure) [ParNew: 573596K->68096K(613440K), 0.1779815 secs] 1423103K->985903K(2010624K), 0.1780444 secs] [Times: user=0.72 sys=0.00, real=0.17 secs] 
[GC (Allocation Failure) [ParNew: 613440K->34274K(613440K), 0.0806904 secs] 1531247K->1016819K(2010624K), 0.0807410 secs] [Times: user=0.25 sys=0.00, real=0.08 secs] 
[GC (Allocation Failure) [ParNew: 579618K->68096K(613440K), 0.1971710 secs] 1562163K->1108055K(2010624K), 0.1972358 secs] [Times: user=0.94 sys=0.00, real=0.19 secs] 
[GC (Allocation Failure) [ParNew: 613440K->20428K(613440K), 0.0871119 secs] 1653399K->1123880K(2010624K), 0.0871805 secs] [Times: user=0.33 sys=0.00, real=0.08 secs] 
[Full GC (System.gc()) [CMS: 1103452K->703808K(1397184K), 1.5586150 secs] 1134863K->703808K(2010624K), [Metaspace: 9995K->9995K(10240K)], 1.5589506 secs] [Times: user=1.56 sys=0.00, real=1.55 secs] 
[Full GC (System.gc()) [CMS: 703808K->703809K(1397184K), 1.6733269 secs] 703811K->703809K(2010624K), [Metaspace: 9995K->9995K(10240K)], 1.6735617 secs] [Times: user=1.67 sys=0.00, real=1.68 secs] 
[Full GC (System.gc()) [CMS: 703809K->703809K(1397184K), 1.4211709 secs] 703809K->703809K(2010624K), [Metaspace: 9995K->9995K(10240K)]
*** PauseDetector detected a 1551 ms pause at Fri Dec 19 18:47:21 EET 2014 ***

, 1.4213518 secs] [Times: user=1.44 sys=0.00, real=1.42 secs] 
********************************
********** ROUND   83 **********
********************************

*** PauseDetector detected a 3112 ms pause at Fri Dec 19 18:47:24 EET 2014 ***

[GC (Allocation Failure) [ParNew: 545344K->68096K(613440K), 0.1303060 secs] 1249153K->828612K(2010624K), 0.1304542 secs] [Times: user=0.58 sys=0.00, real=0.13 secs] 
[GC (Allocation Failure) [ParNew: 613440K->34209K(613440K), 0.0600759 secs] 1373956K->859064K(2010624K), 0.0601221 secs] [Times: user=0.22 sys=0.00, real=0.06 secs] 
[GC (Allocation Failure) [ParNew: 579553K->68096K(613440K), 0.1410890 secs] 1404408K->943243K(2010624K), 0.1411390 secs] [Times: user=0.61 sys=0.00, real=0.13 secs] 
[GC (Allocation Failure) [ParNew: 613440K->34207K(613440K), 0.0589743 secs] 1488587K->973187K(2010624K), 0.0590205 secs] [Times: user=0.22 sys=0.00, real=0.06 secs] 
[GC (Allocation Failure) [ParNew: 579551K->68096K(613440K), 0.1250521 secs] 1518531K->1057392K(2010624K), 0.1250996 secs] [Times: user=0.50 sys=0.00, real=0.13 secs] 
[GC (Allocation Failure) [ParNew: 613440K->26974K(613440K), 0.0529550 secs] 1602736K->1078872K(2010624K), 0.0529993 secs] [Times: user=0.14 sys=0.00, real=0.05 secs] 
[GC (Allocation Failure) [ParNew: 572318K->68096K(613440K), 0.1114167 secs] 1624216K->1167861K(2010624K), 0.1114732 secs] [Times: user=0.45 sys=0.00, real=0.10 secs] 
[GC (Allocation Failure) [ParNew: 613440K->40335K(613440K), 0.0503066 secs] 1713205K->1202256K(2010624K), 0.0504317 secs] [Times: user=0.14 sys=0.00, real=0.05 secs] 
[GC (Allocation Failure) [ParNew: 585679K->68096K(613440K), 0.1036665 secs] 1747600K->1275993K(2010624K), 0.1037172 secs] [Times: user=0.44 sys=0.00, real=0.10 secs] 
[GC (CMS Initial Mark) [1 CMS-initial-mark: 1207897K(1397184K)] 1286975K(2010624K), 0.0074237 secs] [Times: user=0.08 sys=0.00, real=0.01 secs] 
[CMS-concurrent-mark-start]
[CMS-concurrent-mark: 1.118/1.118 secs] [Times: user=3.39 sys=0.00, real=1.12 secs] 
[CMS-concurrent-preclean-start]
[CMS-concurrent-preclean: 0.005/0.005 secs] [Times: user=0.00 sys=0.00, real=0.01 secs] 
[CMS-concurrent-abortable-preclean-start]
[GC (Allocation Failure) [ParNew: 613440K->40934K(613440K), 0.0507493 secs] 1821337K->1312183K(2010624K), 0.0508013 secs] [Times: user=0.25 sys=0.00, real=0.05 secs] 
[CMS-concurrent-abortable-preclean: 0.681/1.441 secs] [Times: user=2.64 sys=0.00, real=1.44 secs] 
[GC (CMS Final Remark) [YG occupancy: 384061 K (613440 K)][Rescan (parallel) , 0.0681905 secs][weak refs processing, 0.0000225 secs][class unloading, 0.0064652 secs][scrub symbol table, 0.0014852 secs][scrub string table, 0.0004029 secs][1 CMS-remark: 1271248K(1397184K)] 1655310K(2010624K), 0.0775293 secs] [Times: user=0.28 sys=0.00, real=0.07 secs] 
[CMS-concurrent-sweep-start]
[GC (Allocation Failure) [ParNew: 586278K->68096K(613440K), 0.0915131 secs] 1847282K->1374323K(2010624K), 0.0915644 secs] [Times: user=0.56 sys=0.00, real=0.09 secs] 
[CMS-concurrent-sweep: 0.861/0.953 secs] [Times: user=2.35 sys=0.00, real=0.96 secs] 
[CMS-concurrent-reset-start]
[CMS-concurrent-reset: 0.003/0.003 secs] [Times: user=0.00 sys=0.00, real=0.00 secs] 
[GC (Allocation Failure) [ParNew: 613440K->27370K(613440K), 0.0429561 secs] 1414297K->891745K(2010624K), 0.0430029 secs] [Times: user=0.13 sys=0.00, real=0.03 secs] 
[GC (Allocation Failure) [ParNew: 572714K->68096K(613440K), 0.0921252 secs] 1437089K->977277K(2010624K), 0.0921893 secs] [Times: user=0.36 sys=0.00, real=0.09 secs] 
[GC (Allocation Failure) [ParNew (0: promotion failure size = 4167)  (1: promotion failure size = 4167)  (2: promotion failure size = 41)  (3: promotion failure size = 4167)  (4: promotion failure size = 41)  (5: promotion failure size = 41)  (6: promotion failure size = 4167)  (7: promotion failure size = 4167)  (promotion failed): 613440K->572762K(613440K), 5.9276861 secs][CMS
*** PauseDetector detected a 7724 ms pause at Fri Dec 19 18:47:54 EET 2014 ***

: 928211K->756610K(1397184K), 1.7965223 secs] 1522621K->756610K(2010624K), [Metaspace: 9995K->9995K(10240K)], 7.7242795 secs] [Times: user=7.86 sys=1.26, real=7.72 secs] 
[GC (Allocation Failure) [ParNew: 545344K->68096K(613440K), 0.0779669 secs] 1301954K->868942K(2010624K), 0.0780182 secs] [Times: user=0.27 sys=0.00, real=0.07 secs] 
[GC (Allocation Failure) [ParNew: 613440K->34286K(613440K), 0.0477820 secs] 1414286K->899313K(2010624K), 0.0479360 secs] [Times: user=0.13 sys=0.00, real=0.04 secs] 
[GC (Allocation Failure) [ParNew: 579630K->68096K(613440K), 0.0742374 secs] 1444657K->978469K(2010624K), 0.0743619 secs] [Times: user=0.28 sys=0.00, real=0.07 secs] 
[GC (Allocation Failure) [ParNew: 613440K->39833K(613440K), 0.0364466 secs] 1523813K->1012497K(2010624K), 0.0364980 secs] [Times: user=0.06 sys=0.00, real=0.03 secs] 
[GC (Allocation Failure) [ParNew: 585177K->68096K(613440K), 0.0725186 secs] 1557841K->1084672K(2010624K), 0.0725648 secs] [Times: user=0.28 sys=0.00, real=0.07 secs] 
[GC (Allocation Failure) [ParNew: 613440K->33682K(613440K), 0.0368714 secs] 1630016K->1112874K(2010624K), 0.0370273 secs] [Times: user=0.13 sys=0.00, real=0.03 secs] 
[GC (Allocation Failure) [ParNew: 579026K->68096K(613440K), 0.0697637 secs] 1658218K->1191572K(2010624K), 0.0698118 secs] [Times: user=0.30 sys=0.00, real=0.07 secs] 
[GC (Allocation Failure) [ParNew: 613440K->26684K(613440K), 0.0507281 secs] 1736916K->1211863K(2010624K), 0.0509841 secs] [Times: user=0.19 sys=0.00, real=0.04 secs] 
[GC (CMS Initial Mark) [1 CMS-initial-mark: 1185178K(1397184K)] 1211935K(2010624K), 0.0051628 secs] [Times: user=0.02 sys=0.00, real=0.01 secs] 
[CMS-concurrent-mark-start]
[CMS-concurrent-mark: 1.120/1.120 secs] [Times: user=3.63 sys=0.00, real=1.12 secs] 
[CMS-concurrent-preclean-start]
[CMS-concurrent-preclean: 0.107/0.114 secs] [Times: user=0.22 sys=0.00, real=0.11 secs] 
[CMS-concurrent-abortable-preclean-start]
[GC (Allocation Failure) [ParNew[CMS-concurrent-abortable-preclean: 0.070/0.377 secs] [Times: user=0.58 sys=0.00, real=0.38 secs] 
: 572028K->68096K(613440K), 0.0672391 secs] 1757207K->1297007K(2010624K), 0.0672898 secs] [Times: user=0.36 sys=0.00, real=0.06 secs] 
[GC (CMS Final Remark) [YG occupancy: 79078 K (613440 K)][Rescan (parallel) , 0.0379537 secs][weak refs processing, 0.0000160 secs][class unloading, 0.0054912 secs][scrub symbol table, 0.0010599 secs][scrub string table, 0.0003522 secs][1 CMS-remark: 1228911K(1397184K)] 1307990K(2010624K), 0.0457110 secs] [Times: user=0.28 sys=0.00, real=0.04 secs] 
[CMS-concurrent-sweep-start]
[CMS-concurrent-sweep: 0.642/0.642 secs] [Times: user=1.28 sys=0.00, real=0.65 secs] 
[CMS-concurrent-reset-start]
[CMS-concurrent-reset: 0.003/0.003 secs] [Times: user=0.03 sys=0.00, real=0.00 secs] 
[GC (Allocation Failure) [ParNew: 613440K->26857K(613440K), 0.0377914 secs] 1302088K->777617K(2010624K), 0.0379088 secs] [Times: user=0.08 sys=0.00, real=0.03 secs] 
[GC (Allocation Failure) [ParNew: 572201K->68096K(613440K), 0.0665487 secs] 1322961K->861549K(2010624K), 0.0666014 secs] [Times: user=0.27 sys=0.00, real=0.06 secs] 
[GC (Allocation Failure) [ParNew: 613440K->13588K(613440K), 0.0442675 secs] 1406893K->869909K(2010624K), 0.0443201 secs] [Times: user=0.13 sys=0.00, real=0.04 secs] 
[GC (Allocation Failure) [ParNew: 558932K->68096K(613440K), 0.0896076 secs] 1415253K->965668K(2010624K), 0.0897212 secs] [Times: user=0.27 sys=0.00, real=0.08 secs] 
[GC (Allocation Failure) [ParNew (0: promotion failure size = 69)  (1: promotion failure size = 69)  (2: promotion failure size = 69)  (3: promotion failure size = 69)  (4: promotion failure size = 1854)  (5: promotion failure size = 69)  (6: promotion failure size = 1854)  (7: promotion failure size = 1854)  (promotion failed): 613440K->579721K(613440K), 1.2924354 secs][CMS: 947652K->753047K(1397184K), 1.5732102 secs] 1511012K->753047K(2010624K), [Metaspace: 9995K->9995K(10240K)], 2.8657156 secs] [Times: user=2.95 sys=0.45, real=2.87 secs] 

*** PauseDetector detected a 2868 ms pause at Fri Dec 19 18:48:18 EET 2014 ***

[GC (Allocation Failure) [ParNew: 545344K->68096K(613440K), 0.0587979 secs] 1298391K->863482K(2010624K), 0.0588447 secs] [Times: user=0.26 sys=0.00, real=0.06 secs] 
[GC (Allocation Failure) [ParNew: 613440K->20334K(613440K), 0.0309785 secs] 1408826K->878992K(2010624K), 0.0310292 secs] [Times: user=0.16 sys=0.00, real=0.03 secs] 
[GC (Allocation Failure) [ParNew: 565678K->68096K(613440K), 0.0584335 secs] 1424336K->969324K(2010624K), 0.0584752 secs] [Times: user=0.20 sys=0.00, real=0.06 secs] 
[GC (Allocation Failure) [ParNew: 613440K->26806K(613440K), 0.0314263 secs] 1514668K->989950K(2010624K), 0.0314687 secs] [Times: user=0.14 sys=0.00, real=0.03 secs] 
[GC (Allocation Failure) [ParNew: 572150K->68096K(613440K), 0.0581499 secs] 1535294K->1074861K(2010624K), 0.0581980 secs] [Times: user=0.25 sys=0.00, real=0.06 secs] 
[GC (Allocation Failure) [ParNew: 613440K->19796K(613440K), 0.0294932 secs] 1620205K->1087497K(2010624K), 0.0295420 secs] [Times: user=0.11 sys=0.00, real=0.02 secs] 
[GC (Allocation Failure) [ParNew: 565140K->68096K(613440K), 0.0559082 secs] 1632841K->1179906K(2010624K), 0.0559570 secs] [Times: user=0.22 sys=0.00, real=0.05 secs] 
[GC (Allocation Failure) [ParNew: 613440K->32626K(613440K), 0.0401197 secs] 1725250K->1204538K(2010624K), 0.0401710 secs] [Times: user=0.13 sys=0.00, real=0.04 secs] 
[GC (CMS Initial Mark) [1 CMS-initial-mark: 1171912K(1397184K)] 1215521K(2010624K), 0.0027658 secs] [Times: user=0.00 sys=0.00, real=0.00 secs] 
[CMS-concurrent-mark-start]
[CMS-concurrent-mark: 1.129/1.129 secs] [Times: user=3.68 sys=0.00, real=1.14 secs] 
[CMS-concurrent-preclean-start]
[CMS-concurrent-preclean: 0.073/0.077 secs] [Times: user=0.16 sys=0.00, real=0.08 secs] 
[CMS-concurrent-abortable-preclean-start]
[GC (Allocation Failure) [ParNew[CMS-concurrent-abortable-preclean: 0.056/0.363 secs] [Times: user=0.51 sys=0.00, real=0.36 secs] 
: 577970K->68096K(613440K), 0.0577021 secs] 1749882K->1280666K(2010624K), 0.0577482 secs] [Times: user=0.20 sys=0.00, real=0.06 secs] 
[GC (CMS Final Remark) [YG occupancy: 79078 K (613440 K)][Rescan (parallel) , 0.0264400 secs][weak refs processing, 0.0000199 secs][class unloading, 0.0054649 secs][scrub symbol table, 0.0010515 secs][scrub string table, 0.0003516 secs][1 CMS-remark: 1212570K(1397184K)] 1291649K(2010624K), 0.0341710 secs] [Times: user=0.09 sys=0.03, real=0.03 secs] 
[CMS-concurrent-sweep-start]
[CMS-concurrent-sweep: 0.539/0.539 secs] [Times: user=1.11 sys=0.00, real=0.54 secs] 
[CMS-concurrent-reset-start]
[CMS-concurrent-reset: 0.003/0.003 secs] [Times: user=0.00 sys=0.00, real=0.00 secs] 
[GC (Allocation Failure) [ParNew: 613440K->34118K(613440K), 0.0323098 secs] 1298236K->782328K(2010624K), 0.0323624 secs] [Times: user=0.13 sys=0.00, real=0.03 secs] 
[GC (Allocation Failure) [ParNew: 579462K->68096K(613440K), 0.0538122 secs] 1327672K->858630K(2010624K), 0.0538635 secs] [Times: user=0.22 sys=0.00, real=0.05 secs] 
[GC (Allocation Failure) [ParNew: 613440K->26710K(613440K), 0.0283307 secs] 1403974K->878876K(2010624K), 0.0283769 secs] [Times: user=0.12 sys=0.00, real=0.02 secs] 
[GC (Allocation Failure) [ParNew: 572054K->68096K(613440K), 0.0656948 secs] 1424220K->960733K(2010624K), 0.0657416 secs] [Times: user=0.23 sys=0.00, real=0.06 secs] 
[GC (Allocation Failure) [ParNew (0: promotion failure size = 1854)  (1: promotion failure size = 1854)  (2: promotion failure size = 1854)  (3: promotion failure size = 1854)  (4: promotion failure size = 97)  (5: promotion failure size = 97)  (6: promotion failure size = 97)  (7: promotion failure size = 97)  (promotion failed): 613440K->565880K(613440K), 1.8847306 secs][CMS: 924589K->752277K(1397184K), 1.8252200 secs] 1506077K->752277K(2010624K), [Metaspace: 9995K->9995K(10240K)]
*** PauseDetector detected a 3706 ms pause at Fri Dec 19 18:48:43 EET 2014 ***

, 3.7100212 secs] [Times: user=3.67 sys=0.22, real=3.70 secs] 
[GC (Allocation Failure) [ParNew: 545344K->68096K(613440K), 0.0513312 secs] 1297621K->862568K(2010624K), 0.0513800 secs] [Times: user=0.19 sys=0.00, real=0.05 secs] 
[GC (Allocation Failure) [ParNew: 613440K->46741K(613440K), 0.0281299 secs] 1407912K->903026K(2010624K), 0.0281851 secs] [Times: user=0.13 sys=0.00, real=0.03 secs] 
[GC (Allocation Failure) [ParNew: 592085K->68096K(613440K), 0.0510938 secs] 1448370K->965909K(2010624K), 0.0511432 secs] [Times: user=0.20 sys=0.00, real=0.05 secs] 
[GC (Allocation Failure) [ParNew: 613440K->26725K(613440K), 0.0386453 secs] 1511253K->986560K(2010624K), 0.0387640 secs] [Times: user=0.13 sys=0.00, real=0.04 secs] 
[Full GC (System.gc()) [CMS: 959834K->750180K(1397184K), 1.4734625 secs] 1505801K->750180K(2010624K), [Metaspace: 9995K->9995K(10240K)], 1.4736928 secs] [Times: user=1.47 sys=0.00, real=1.46 secs] 
[Full GC (System.gc()) [CMS: 750180K->750181K(1397184K), 1.3292657 secs] 761114K->750181K(2010624K), [Metaspace: 9995K->9995K(10240K)], 1.3294589 secs] [Times: user=1.33 sys=0.00, real=1.34 secs] 
[Full GC (System.gc()) [CMS: 750181K->750103K(1397184K), 1.6053301 secs] 761115K->750103K(2010624K), [Metaspace: 9995K->9995K(10240K)]
*** PauseDetector detected a 1468 ms pause at Fri Dec 19 18:48:52 EET 2014 ***

, 1.6055521 secs] [Times: user=1.61 sys=0.00, real=1.61 secs] 

*** PauseDetector detected a 2952 ms pause at Fri Dec 19 18:48:55 EET 2014 ***

[GC (Allocation Failure) [ParNew: 545344K->7411K(613440K), 0.0110492 secs] 1295447K->757514K(2010624K), 0.0111204 secs] [Times: user=0.03 sys=0.01, real=0.01 secs] 
[GC (Allocation Failure) [ParNew: 552755K->68096K(613440K), 0.0601837 secs] 1302858K->860077K(2010624K), 0.0602453 secs] [Times: user=0.25 sys=0.00, real=0.06 secs] 
[GC (Allocation Failure) [ParNew: 613440K->45292K(613440K), 0.0400889 secs] 1405421K->899146K(2010624K), 0.0402255 secs] [Times: user=0.11 sys=0.00, real=0.04 secs] 
[GC (Allocation Failure) [ParNew: 590636K->68096K(613440K), 0.1606352 secs] 1444490K->990250K(2010624K), 0.1606840 secs] [Times: user=0.67 sys=0.00, real=0.16 secs] 
[GC (Allocation Failure) [ParNew: 613440K->34010K(613440K), 0.0879190 secs] 1535594K->1021026K(2010624K), 0.0879767 secs] [Times: user=0.36 sys=0.00, real=0.09 secs] 
[GC (Allocation Failure) [ParNew: 579354K->68096K(613440K), 0.1926620 secs] 1566370K->1112151K(2010624K), 0.1927281 secs] [Times: user=0.87 sys=0.00, real=0.19 secs] 
[Full GC (System.gc()) [CMS: 1044055K->763534K(1397184K), 1.5931453 secs] 1232400K->763534K(2010624K), [Metaspace: 9995K->9995K(10240K)], 1.5933839 secs] [Times: user=1.59 sys=0.00, real=1.58 secs] 
[Full GC (System.gc()) [CMS: 763534K->763534K(1397184K), 1.6508537 secs] 763536K->763534K(2010624K), [Metaspace: 9995K->9995K(10240K)]
*** PauseDetector detected a 1597 ms pause at Fri Dec 19 18:49:06 EET 2014 ***

, 1.6510635 secs] [Times: user=1.65 sys=0.00, real=1.64 secs] 
[Full GC (System.gc()) [CMS: 763534K->763539K(1397184K), 1.5528498 secs] 774468K->763539K(2010624K), [Metaspace: 9995K->9995K(10240K)]
*** PauseDetector detected a 3204 ms pause at Fri Dec 19 18:49:10 EET 2014 ***

, 1.5530429 secs] [Times: user=1.56 sys=0.00, real=1.56 secs] 
********************************
********** ROUND   84 **********
********************************
[GC (Allocation Failure) [ParNew: 545344K->68096K(613440K), 0.1549784 secs] 1308883K->888285K(2010624K), 0.1550272 secs] [Times: user=0.67 sys=0.00, real=0.15 secs] 
[GC (Allocation Failure) [ParNew: 613440K->40449K(613440K), 0.0606270 secs] 1433629K->925091K(2010624K), 0.0606905 secs] [Times: user=0.20 sys=0.00, real=0.06 secs] 
[GC (Allocation Failure) [ParNew: 585793K->68096K(613440K), 0.1357722 secs] 1470435K->1003380K(2010624K), 0.1358210 secs] [Times: user=0.61 sys=0.00, real=0.13 secs] 
[GC (Allocation Failure) [ParNew: 613440K->27543K(613440K), 0.0576815 secs] 1548724K->1026659K(2010624K), 0.0577361 secs] [Times: user=0.20 sys=0.00, real=0.05 secs] 
[GC (Allocation Failure) [ParNew: 572887K->68096K(613440K), 0.1255089 secs] 1572003K->1116547K(2010624K), 0.1255641 secs] [Times: user=0.58 sys=0.00, real=0.13 secs] 
[GC (Allocation Failure) [ParNew: 613440K->20504K(613440K), 0.0549452 secs] 1661891K->1132283K(2010624K), 0.0549946 secs] [Times: user=0.22 sys=0.00, real=0.05 secs] 
[GC (Allocation Failure) [ParNew: 565848K->68096K(613440K), 0.1137662 secs] 1677627K->1227816K(2010624K), 0.1138104 secs] [Times: user=0.53 sys=0.00, real=0.11 secs] 
[GC (Allocation Failure) [ParNew: 613440K->20151K(613440K), 0.0514339 secs] 1773160K->1241955K(2010624K), 0.0514845 secs] [Times: user=0.20 sys=0.00, real=0.05 secs] 
[GC (CMS Initial Mark) [1 CMS-initial-mark: 1221803K(1397184K)] 1252959K(2010624K), 0.0050633 secs] [Times: user=0.00 sys=0.00, real=0.00 secs] 
[CMS-concurrent-mark-start]
[CMS-concurrent-mark: 1.214/1.214 secs] [Times: user=4.06 sys=0.00, real=1.22 secs] 
[CMS-concurrent-preclean-start]
[CMS-concurrent-preclean: 0.173/0.186 secs] [Times: user=0.37 sys=0.00, real=0.19 secs] 
[CMS-concurrent-abortable-preclean-start]
[GC (Allocation Failure) [ParNew[CMS-concurrent-abortable-preclean: 0.058/0.377 secs] [Times: user=0.53 sys=0.00, real=0.38 secs] 
: 565495K->68096K(613440K), 0.1092700 secs] 1787299K->1336546K(2010624K), 0.1093181 secs] [Times: user=0.45 sys=0.00, real=0.10 secs] 
[GC (CMS Final Remark) [YG occupancy: 79029 K (613440 K)][Rescan (parallel) , 0.0598956 secs][weak refs processing, 0.0000148 secs][class unloading, 0.0058537 secs][scrub symbol table, 0.0010612 secs][scrub string table, 0.0003548 secs][1 CMS-remark: 1268450K(1397184K)] 1347480K(2010624K), 0.0680212 secs] [Times: user=0.33 sys=0.00, real=0.07 secs] 
[CMS-concurrent-sweep-start]
[CMS-concurrent-sweep: 0.807/0.807 secs] [Times: user=1.62 sys=0.00, real=0.81 secs] 
[CMS-concurrent-reset-start]
[CMS-concurrent-reset: 0.003/0.003 secs] [Times: user=0.00 sys=0.00, real=0.00 secs] 
[GC (Allocation Failure) [ParNew: 613440K->40625K(613440K), 0.0454999 secs] 1306475K->796340K(2010624K), 0.0455487 secs] [Times: user=0.14 sys=0.00, real=0.04 secs] 
[GC (Allocation Failure) [ParNew: 585969K->68096K(613440K), 0.0939761 secs] 1341684K->869050K(2010624K), 0.0940268 secs] [Times: user=0.41 sys=0.00, real=0.09 secs] 
[GC (Allocation Failure) [ParNew: 613440K->20521K(613440K), 0.0507673 secs] 1414394K->884978K(2010624K), 0.0508128 secs] [Times: user=0.13 sys=0.00, real=0.05 secs] 
[GC (Allocation Failure) [ParNew (0: promotion failure size = 4167)  (1: promotion failure size = 4167)  (2: promotion failure size = 4167)  (3: promotion failure size = 4167)  (4: promotion failure size = 4167)  (5: promotion failure size = 4167)  (6: promotion failure size = 4167)  (7: promotion failure size = 4167)  (promotion failed): 565865K->613440K(613440K), 0.4679437 secs][CMS: 908066K->755381K(1397184K), 1.7749897 secs] 1430322K->755381K(2010624K), [Metaspace: 9995K->9995K(10240K)], 2.2430315 secs] [Times: user=2.53 sys=0.03, real=2.23 secs] 

*** PauseDetector detected a 2238 ms pause at Fri Dec 19 18:49:33 EET 2014 ***

[GC (Allocation Failure) [ParNew: 545344K->27425K(613440K), 0.0069175 secs] 1300725K->782807K(2010624K), 0.0069662 secs] [Times: user=0.06 sys=0.00, real=0.01 secs] 
[GC (Allocation Failure) [ParNew: 572769K->68096K(613440K), 0.0777314 secs] 1328151K->867824K(2010624K), 0.0777815 secs] [Times: user=0.27 sys=0.00, real=0.07 secs] 
[GC (Allocation Failure) [ParNew: 613440K->27385K(613440K), 0.0533278 secs] 1413168K->891345K(2010624K), 0.0533733 secs] [Times: user=0.20 sys=0.00, real=0.05 secs] 
[GC (Allocation Failure) [ParNew: 572729K->68096K(613440K), 0.0749245 secs] 1436689K->975114K(2010624K), 0.0749720 secs] [Times: user=0.27 sys=0.00, real=0.08 secs] 
[GC (Allocation Failure) [ParNew: 613440K->34282K(613440K), 0.0434052 secs] 1520458K->1005343K(2010624K), 0.0434546 secs] [Times: user=0.11 sys=0.00, real=0.04 secs] 
[GC (Allocation Failure) [ParNew: 579626K->68096K(613440K), 0.0727894 secs] 1550687K->1082855K(2010624K), 0.0728497 secs] [Times: user=0.28 sys=0.00, real=0.07 secs] 
[GC (Allocation Failure) [ParNew: 613440K->20304K(613440K), 0.0418789 secs] 1628199K->1097922K(2010624K), 0.0419270 secs] [Times: user=0.12 sys=0.00, real=0.04 secs] 
[GC (Allocation Failure) [ParNew: 565648K->68096K(613440K), 0.0719694 secs] 1643266K->1189211K(2010624K), 0.0720188 secs] [Times: user=0.25 sys=0.00, real=0.07 secs] 
[GC (Allocation Failure) [ParNew: 613440K->20281K(613440K), 0.0452414 secs] 1734555K->1203877K(2010624K), 0.0452908 secs] [Times: user=0.17 sys=0.00, real=0.04 secs] 
[GC (CMS Initial Mark) [1 CMS-initial-mark: 1183596K(1397184K)] 1214879K(2010624K), 0.0047637 secs] [Times: user=0.00 sys=0.00, real=0.01 secs] 
[CMS-concurrent-mark-start]
[CMS-concurrent-mark: 1.243/1.243 secs] [Times: user=4.01 sys=0.00, real=1.24 secs] 
[CMS-concurrent-preclean-start]
[CMS-concurrent-preclean: 0.106/0.113 secs] [Times: user=0.22 sys=0.00, real=0.11 secs] 
[CMS-concurrent-abortable-preclean-start]
[GC (Allocation Failure) [ParNew[CMS-concurrent-abortable-preclean: 0.073/0.401 secs] [Times: user=0.61 sys=0.00, real=0.41 secs] 
: 565625K->68096K(613440K), 0.0713715 secs] 1749221K->1295402K(2010624K), 0.0714254 secs] [Times: user=0.28 sys=0.00, real=0.07 secs] 
[GC (CMS Final Remark) [YG occupancy: 79094 K (613440 K)][Rescan (parallel) , 0.0359283 secs][weak refs processing, 0.0000154 secs][class unloading, 0.0055663 secs][scrub symbol table, 0.0012376 secs][scrub string table, 0.0003497 secs][1 CMS-remark: 1227306K(1397184K)] 1306401K(2010624K), 0.0439242 secs] [Times: user=0.23 sys=0.00, real=0.04 secs] 
[CMS-concurrent-sweep-start]
[CMS-concurrent-sweep: 0.613/0.613 secs] [Times: user=1.25 sys=0.00, real=0.62 secs] 
[CMS-concurrent-reset-start]
[CMS-concurrent-reset: 0.003/0.003 secs] [Times: user=0.00 sys=0.00, real=0.00 secs] 
[GC (Allocation Failure) [ParNew: 613440K->26876K(613440K), 0.0329789 secs] 1302433K->778004K(2010624K), 0.0331348 secs] [Times: user=0.06 sys=0.00, real=0.03 secs] 
[GC (Allocation Failure) [ParNew: 572220K->68096K(613440K), 0.0668650 secs] 1323348K->861323K(2010624K), 0.0669144 secs] [Times: user=0.27 sys=0.00, real=0.06 secs] 
[GC (Allocation Failure) [ParNew: 613440K->34242K(613440K), 0.0330463 secs] 1406667K->890931K(2010624K), 0.0331682 secs] [Times: user=0.06 sys=0.00, real=0.03 secs] 
[GC (Allocation Failure) [ParNew: 579586K->68096K(613440K), 0.0885574 secs] 1436275K->966038K(2010624K), 0.0886048 secs] [Times: user=0.28 sys=0.00, real=0.09 secs] 
[GC (Allocation Failure) [ParNew (0: promotion failure size = 1854)  (1: promotion failure size = 1854)  (2: promotion failure size = 1854)  (3: promotion failure size = 1854)  (4: promotion failure size = 1854)  (5: promotion failure size = 1854)  (6: promotion failure size = 1854)  (7: promotion failure size = 1854)  (promotion failed): 613440K->579571K(613440K), 2.0636302 secs][CMS: 945283K->752989K(1397184K), 1.6879131 secs] 1511382K->752989K(2010624K), [Metaspace: 9995K->9995K(10240K)]
*** PauseDetector detected a 3753 ms pause at Fri Dec 19 18:50:00 EET 2014 ***

, 3.7516190 secs] [Times: user=3.79 sys=0.31, real=3.75 secs] 
[GC (Allocation Failure) [ParNew: 545344K->68096K(613440K), 0.0592508 secs] 1298333K->862667K(2010624K), 0.0592964 secs] [Times: user=0.28 sys=0.00, real=0.06 secs] 
[GC (Allocation Failure) [ParNew: 613440K->20533K(613440K), 0.0412277 secs] 1408011K->879139K(2010624K), 0.0412886 secs] [Times: user=0.12 sys=0.00, real=0.04 secs] 
[GC (Allocation Failure) [ParNew: 565877K->68096K(613440K), 0.0591995 secs] 1424483K->969555K(2010624K), 0.0592495 secs] [Times: user=0.19 sys=0.00, real=0.05 secs] 
[GC (Allocation Failure) [ParNew: 613440K->26778K(613440K), 0.0301861 secs] 1514899K->990232K(2010624K), 0.0302336 secs] [Times: user=0.13 sys=0.00, real=0.03 secs] 
[GC (Allocation Failure) [ParNew: 572122K->68096K(613440K), 0.0554707 secs] 1535576K->1074138K(2010624K), 0.0555239 secs] [Times: user=0.27 sys=0.00, real=0.05 secs] 
[GC (Allocation Failure) [ParNew: 613440K->20051K(613440K), 0.0375091 secs] 1619482K->1087861K(2010624K), 0.0375540 secs] [Times: user=0.13 sys=0.00, real=0.03 secs] 
[GC (Allocation Failure) [ParNew: 565395K->68096K(613440K), 0.0578464 secs] 1633205K->1179561K(2010624K), 0.0578939 secs] [Times: user=0.19 sys=0.00, real=0.06 secs] 
[GC (Allocation Failure) [ParNew: 613440K->32846K(613440K), 0.0295580 secs] 1724905K->1204889K(2010624K), 0.0296209 secs] [Times: user=0.06 sys=0.00, real=0.03 secs] 
[GC (CMS Initial Mark) [1 CMS-initial-mark: 1172042K(1397184K)] 1215886K(2010624K), 0.0026157 secs] [Times: user=0.00 sys=0.00, real=0.00 secs] 
[CMS-concurrent-mark-start]
[CMS-concurrent-mark: 1.152/1.152 secs] [Times: user=3.68 sys=0.00, real=1.16 secs] 
[CMS-concurrent-preclean-start]
[CMS-concurrent-preclean: 0.080/0.085 secs] [Times: user=0.16 sys=0.00, real=0.09 secs] 
[CMS-concurrent-abortable-preclean-start]
[GC (Allocation Failure) [ParNew: 578190K->68096K(613440K), 0.0551653 secs] 1750233K->1281050K(2010624K), 0.0552172 secs] [Times: user=0.27 sys=0.00, real=0.05 secs] 
[CMS-concurrent-abortable-preclean: 0.728/1.336 secs] [Times: user=2.32 sys=0.00, real=1.34 secs] 
[GC (CMS Final Remark) [YG occupancy: 452338 K (613440 K)][Rescan (parallel) , 0.0798018 secs][weak refs processing, 0.0000205 secs][class unloading, 0.0053341 secs][scrub symbol table, 0.0010458 secs][scrub string table, 0.0003516 secs][1 CMS-remark: 1212954K(1397184K)] 1665293K(2010624K), 0.0873903 secs] [Times: user=0.45 sys=0.00, real=0.08 secs] 
[CMS-concurrent-sweep-start]
[GC (Allocation Failure) [ParNew: 613440K->27201K(613440K), 0.0316489 secs] 1826394K->1303291K(2010624K), 0.0316977 secs] [Times: user=0.09 sys=0.00, real=0.03 secs] 
[CMS-concurrent-sweep: 0.533/0.565 secs] [Times: user=1.26 sys=0.00, real=0.57 secs] 
[CMS-concurrent-reset-start]
[CMS-concurrent-reset: 0.003/0.003 secs] [Times: user=0.00 sys=0.00, real=0.00 secs] 
[GC (Allocation Failure) [ParNew: 572545K->68096K(613440K), 0.0562643 secs] 1320917K->858410K(2010624K), 0.0563105 secs] [Times: user=0.25 sys=0.00, real=0.06 secs] 
[GC (Allocation Failure) [ParNew: 613440K->20153K(613440K), 0.0281844 secs] 1403754K->872483K(2010624K), 0.0282325 secs] [Times: user=0.13 sys=0.00, real=0.02 secs] 
[GC (Allocation Failure) [ParNew: 565497K->68096K(613440K), 0.0836192 secs] 1417827K->960852K(2010624K), 0.0837616 secs] [Times: user=0.22 sys=0.00, real=0.08 secs] 
[GC (Allocation Failure) [ParNew (0: promotion failure size = 1854)  (1: promotion failure size = 1854)  (2: promotion failure size = 97)  (3: promotion failure size = 1854)  (4: promotion failure size = 1854)  (5: promotion failure size = 97)  (6: promotion failure size = 1854)  (7: promotion failure size = 1854)  (promotion failed): 613440K->565885K(613440K), 1.8178560 secs][CMS: 926179K->752212K(1397184K), 1.5933827 secs] 1506196K->752212K(2010624K), [Metaspace: 9995K->9995K(10240K)], 3.4114215 secs] [Times: user=3.57 sys=0.36, real=3.40 secs] 

*** PauseDetector detected a 3407 ms pause at Fri Dec 19 18:50:24 EET 2014 ***

[GC (Allocation Failure) [ParNew: 545344K->68096K(613440K), 0.0588184 secs] 1297556K->862625K(2010624K), 0.0588704 secs] [Times: user=0.17 sys=0.00, real=0.06 secs] 
[GC (Allocation Failure) [ParNew: 613440K->26664K(613440K), 0.0358320 secs] 1407969K->882936K(2010624K), 0.0358827 secs] [Times: user=0.13 sys=0.00, real=0.03 secs] 
[GC (Allocation Failure) [ParNew: 572008K->68096K(613440K), 0.0510868 secs] 1428280K->964313K(2010624K), 0.0511349 secs] [Times: user=0.20 sys=0.00, real=0.05 secs] 
[GC (Allocation Failure) [ParNew: 613440K->20534K(613440K), 0.0310959 secs] 1509657K->980336K(2010624K), 0.0311530 secs] [Times: user=0.13 sys=0.00, real=0.03 secs] 
[GC (Allocation Failure) [ParNew: 565878K->68096K(613440K), 0.0527074 secs] 1525680K->1069178K(2010624K), 0.0527523 secs] [Times: user=0.19 sys=0.00, real=0.05 secs] 
[Full GC (System.gc()) [CMS: 1001082K->746145K(1397184K), 1.7201664 secs] 1102272K->746145K(2010624K), [Metaspace: 9995K->9995K(10240K)], 1.7203935 secs] [Times: user=1.72 sys=0.00, real=1.72 secs] 
[Full GC (System.gc()) [CMS: 746145K->746068K(1397184K), 1.5167220 secs] 757079K->746068K(2010624K), [Metaspace: 9995K->9995K(10240K)], 1.5170364 secs] [Times: user=1.51 sys=0.00, real=1.52 secs] 
[Full GC (System.gc()) [CMS: 746068K->745750K(1397184K), 1.3375921 secs] 756999K->745750K(2010624K), [Metaspace: 9995K->9995K(10240K)]
*** PauseDetector detected a 1719 ms pause at Fri Dec 19 18:50:33 EET 2014 ***

, 1.3378058 secs] [Times: user=1.34 sys=0.00, real=1.33 secs] 

*** PauseDetector detected a 2865 ms pause at Fri Dec 19 18:50:36 EET 2014 ***

[GC (Allocation Failure) [ParNew: 545344K->68096K(613440K), 0.0602530 secs] 1291094K->872172K(2010624K), 0.0603165 secs] [Times: user=0.25 sys=0.00, real=0.06 secs] 
[GC (Allocation Failure) [ParNew: 613440K->25470K(613440K), 0.0243010 secs] 1417516K->875122K(2010624K), 0.0244267 secs] [Times: user=0.06 sys=0.00, real=0.02 secs] 
[GC (Allocation Failure) [ParNew: 570814K->68096K(613440K), 0.1769184 secs] 1420466K->985830K(2010624K), 0.1769800 secs] [Times: user=0.70 sys=0.00, real=0.17 secs] 
[GC (Allocation Failure) [ParNew: 613440K->34069K(613440K), 0.0944111 secs] 1531174K->1016285K(2010624K), 0.0944721 secs] [Times: user=0.31 sys=0.00, real=0.09 secs] 
[GC (Allocation Failure) [ParNew: 579413K->68096K(613440K), 0.2032557 secs] 1561629K->1107594K(2010624K), 0.2033225 secs] [Times: user=0.95 sys=0.00, real=0.19 secs] 
[GC (Allocation Failure) [ParNew: 613440K->27320K(613440K), 0.0677004 secs] 1652938K->1130815K(2010624K), 0.0677889 secs] [Times: user=0.26 sys=0.00, real=0.06 secs] 
[Full GC (System.gc()) [CMS: 1103494K->724610K(1397184K), 1.8672785 secs] 1141748K->724610K(2010624K), [Metaspace: 9995K->9995K(10240K)], 1.8674876 secs] [Times: user=1.86 sys=0.00, real=1.86 secs] 

*** PauseDetector detected a 1868 ms pause at Fri Dec 19 18:50:48 EET 2014 ***

[Full GC (System.gc()) [CMS: 724610K->724610K(1397184K), 1.3873322 secs] 724612K->724610K(2010624K), [Metaspace: 9995K->9995K(10240K)], 1.3875369 secs] [Times: user=1.37 sys=0.00, real=1.39 secs] 
[Full GC (System.gc()) [CMS: 724610K->724611K(1397184K), 1.3978040 secs] 724612K->724611K(2010624K), [Metaspace: 9995K->9995K(10240K)]
*** PauseDetector detected a 1386 ms pause at Fri Dec 19 18:50:49 EET 2014 ***

, 1.3980119 secs] [Times: user=1.40 sys=0.00, real=1.40 secs] 
********************************
********** ROUND   85 **********
********************************

*** PauseDetector detected a 1406 ms pause at Fri Dec 19 18:50:51 EET 2014 ***

[GC (Allocation Failure) [ParNew: 545344K->68096K(613440K), 0.1314518 secs] 1269955K->849308K(2010624K), 0.1315045 secs] [Times: user=0.70 sys=0.00, real=0.13 secs] 
[GC (Allocation Failure) [ParNew: 613440K->20569K(613440K), 0.0666713 secs] 1394652K->866561K(2010624K), 0.0667188 secs] [Times: user=0.20 sys=0.00, real=0.07 secs] 
[GC (Allocation Failure) [ParNew: 565913K->68096K(613440K), 0.1351794 secs] 1411905K->964712K(2010624K), 0.1352910 secs] [Times: user=0.59 sys=0.00, real=0.13 secs] 
[GC (Allocation Failure) [ParNew: 613440K->47840K(613440K), 0.0626069 secs] 1510056K->1008216K(2010624K), 0.0626582 secs] [Times: user=0.22 sys=0.00, real=0.06 secs] 
[GC (Allocation Failure) [ParNew: 593184K->68096K(613440K), 0.1237715 secs] 1553560K->1078135K(2010624K), 0.1238209 secs] [Times: user=0.53 sys=0.00, real=0.12 secs] 
[GC (Allocation Failure) [ParNew: 613440K->33949K(613440K), 0.0566678 secs] 1623479K->1107173K(2010624K), 0.0567179 secs] [Times: user=0.22 sys=0.00, real=0.05 secs] 
[GC (Allocation Failure) [ParNew: 579293K->68096K(613440K), 0.1144058 secs] 1652517K->1187886K(2010624K), 0.1144610 secs] [Times: user=0.45 sys=0.00, real=0.11 secs] 
[GC (Allocation Failure) [ParNew: 613440K->34206K(613440K), 0.0539905 secs] 1733230K->1217538K(2010624K), 0.0540727 secs] [Times: user=0.20 sys=0.00, real=0.05 secs] 
[GC (CMS Initial Mark) [1 CMS-initial-mark: 1183331K(1397184K)] 1228471K(2010624K), 0.0056401 secs] [Times: user=0.00 sys=0.00, real=0.01 secs] 
[CMS-concurrent-mark-start]
[CMS-concurrent-mark: 1.162/1.162 secs] [Times: user=3.92 sys=0.00, real=1.16 secs] 
[CMS-concurrent-preclean-start]
[CMS-concurrent-preclean: 0.170/0.182 secs] [Times: user=0.34 sys=0.00, real=0.18 secs] 
[CMS-concurrent-abortable-preclean-start]
[GC (Allocation Failure) [ParNew[CMS-concurrent-abortable-preclean: 0.059/0.414 secs] [Times: user=0.76 sys=0.00, real=0.41 secs] 
: 579550K->68096K(613440K), 0.1074890 secs] 1762882K->1299256K(2010624K), 0.1075358 secs] [Times: user=0.44 sys=0.00, real=0.10 secs] 
[GC (CMS Final Remark) [YG occupancy: 79103 K (613440 K)][Rescan (parallel) , 0.0595286 secs][weak refs processing, 0.0000160 secs][class unloading, 0.0054746 secs][scrub symbol table, 0.0010624 secs][scrub string table, 0.0003522 secs][1 CMS-remark: 1231160K(1397184K)] 1310263K(2010624K), 0.0672744 secs] [Times: user=0.34 sys=0.00, real=0.07 secs] 
[CMS-concurrent-sweep-start]
[CMS-concurrent-sweep: 0.819/0.819 secs] [Times: user=1.67 sys=0.00, real=0.83 secs] 
[CMS-concurrent-reset-start]
[CMS-concurrent-reset: 0.003/0.003 secs] [Times: user=0.00 sys=0.00, real=0.00 secs] 
[GC (Allocation Failure) [ParNew: 613440K->26627K(613440K), 0.0460780 secs] 1308182K->782869K(2010624K), 0.0461280 secs] [Times: user=0.14 sys=0.00, real=0.05 secs] 
[GC (Allocation Failure) [ParNew: 571971K->68096K(613440K), 0.0962473 secs] 1328213K->869572K(2010624K), 0.0963044 secs] [Times: user=0.42 sys=0.00, real=0.09 secs] 
[GC (Allocation Failure) [ParNew: 613440K->20533K(613440K), 0.0421182 secs] 1414916K->885555K(2010624K), 0.0421887 secs] [Times: user=0.13 sys=0.00, real=0.03 secs] 
[GC (Allocation Failure) [ParNew (0: promotion failure size = 4167)  (3: promotion failure size = 4167)  (promotion failed): 565877K->613440K(613440K), 0.2072964 secs][CMS: 909745K->755381K(1397184K), 2.1511059 secs] 1430899K->755381K(2010624K), [Metaspace: 9995K->9995K(10240K)], 2.3584934 secs] [Times: user=2.60 sys=0.02, real=2.36 secs] 

*** PauseDetector detected a 2357 ms pause at Fri Dec 19 18:51:14 EET 2014 ***

[GC (Allocation Failure) [ParNew: 545344K->27423K(613440K), 0.0066159 secs] 1300725K->782805K(2010624K), 0.0067917 secs] [Times: user=0.06 sys=0.00, real=0.01 secs] 
[GC (Allocation Failure) [ParNew: 572767K->68096K(613440K), 0.0781003 secs] 1328149K->867704K(2010624K), 0.0781542 secs] [Times: user=0.26 sys=0.00, real=0.07 secs] 
[GC (Allocation Failure) [ParNew: 613440K->27427K(613440K), 0.0392452 secs] 1413048K->891331K(2010624K), 0.0392933 secs] [Times: user=0.13 sys=0.00, real=0.03 secs] 
[GC (Allocation Failure) [ParNew: 572771K->68096K(613440K), 0.0738473 secs] 1436675K->975219K(2010624K), 0.0738993 secs] [Times: user=0.34 sys=0.00, real=0.07 secs] 
[GC (Allocation Failure) [ParNew: 613440K->34287K(613440K), 0.0372922 secs] 1520563K->1005681K(2010624K), 0.0373423 secs] [Times: user=0.13 sys=0.00, real=0.03 secs] 
[GC (Allocation Failure) [ParNew: 579631K->68096K(613440K), 0.0719444 secs] 1551025K->1084039K(2010624K), 0.0719938 secs] [Times: user=0.26 sys=0.00, real=0.07 secs] 
[GC (Allocation Failure) [ParNew: 613440K->33385K(613440K), 0.0346310 secs] 1629383K->1111110K(2010624K), 0.0347567 secs] [Times: user=0.13 sys=0.00, real=0.03 secs] 
[GC (Allocation Failure) [ParNew: 578729K->68096K(613440K), 0.0703219 secs] 1656454K->1190697K(2010624K), 0.0703719 secs] [Times: user=0.26 sys=0.00, real=0.06 secs] 
[GC (Allocation Failure) [ParNew: 613440K->19850K(613440K), 0.0336911 secs] 1736041K->1203611K(2010624K), 0.0338495 secs] [Times: user=0.13 sys=0.00, real=0.03 secs] 
[GC (CMS Initial Mark) [1 CMS-initial-mark: 1183761K(1397184K)] 1214544K(2010624K), 0.0031097 secs] [Times: user=0.02 sys=0.00, real=0.01 secs] 
[CMS-concurrent-mark-start]
[CMS-concurrent-mark: 1.123/1.123 secs] [Times: user=3.60 sys=0.00, real=1.12 secs] 
[CMS-concurrent-preclean-start]
[CMS-concurrent-preclean: 0.091/0.097 secs] [Times: user=0.19 sys=0.00, real=0.10 secs] 
[CMS-concurrent-abortable-preclean-start]
[GC (Allocation Failure) [ParNew[CMS-concurrent-abortable-preclean: 0.057/0.365 secs] [Times: user=0.52 sys=0.00, real=0.37 secs] 
: 565194K->68096K(613440K), 0.0698413 secs] 1748955K->1294667K(2010624K), 0.0698888 secs] [Times: user=0.28 sys=0.00, real=0.07 secs] 
[GC (CMS Final Remark) [YG occupancy: 79029 K (613440 K)][Rescan (parallel) , 0.0361329 secs][weak refs processing, 0.0000148 secs][class unloading, 0.0056966 secs][scrub symbol table, 0.0010932 secs][scrub string table, 0.0003516 secs][1 CMS-remark: 1226571K(1397184K)] 1305601K(2010624K), 0.0441321 secs] [Times: user=0.23 sys=0.00, real=0.04 secs] 
[CMS-concurrent-sweep-start]
[CMS-concurrent-sweep: 0.590/0.590 secs] [Times: user=1.19 sys=0.00, real=0.60 secs] 
[CMS-concurrent-reset-start]
[CMS-concurrent-reset: 0.003/0.003 secs] [Times: user=0.02 sys=0.02, real=0.00 secs] 
[GC (Allocation Failure) [ParNew: 613440K->47562K(613440K), 0.0338553 secs] 1301114K->798172K(2010624K), 0.0339022 secs] [Times: user=0.13 sys=0.00, real=0.03 secs] 
[GC (Allocation Failure) [ParNew: 592906K->68096K(613440K), 0.0665520 secs] 1343516K->863893K(2010624K), 0.0666026 secs] [Times: user=0.28 sys=0.00, real=0.06 secs] 
[GC (Allocation Failure) [ParNew: 613440K->26216K(613440K), 0.0357788 secs] 1409237K->882386K(2010624K), 0.0358275 secs] [Times: user=0.14 sys=0.00, real=0.03 secs] 
[GC (Allocation Failure) [ParNew: 571560K->68096K(613440K), 0.1024430 secs] 1427730K->965475K(2010624K), 0.1024911 secs] [Times: user=0.30 sys=0.00, real=0.10 secs] 
[GC (Allocation Failure) [ParNew (0: promotion failure size = 1854)  (1: promotion failure size = 1854)  (2: promotion failure size = 1854)  (3: promotion failure size = 1854)  (4: promotion failure size = 1854)  (5: promotion failure size = 1854)  (6: promotion failure size = 1854)  (7: promotion failure size = 1854)  (promotion failed): 613440K->579533K(613440K), 1.8557077 secs][CMS: 944008K->753051K(1397184K), 2.0422138 secs] 1510819K->753051K(2010624K), [Metaspace: 9995K->9995K(10240K)], 3.8980619 secs] [Times: user=3.92 sys=0.50, real=3.90 secs] 

*** PauseDetector detected a 3901 ms pause at Fri Dec 19 18:51:40 EET 2014 ***

[GC (Allocation Failure) [ParNew: 545344K->68096K(613440K), 0.0613109 secs] 1298395K->865490K(2010624K), 0.0614604 secs] [Times: user=0.19 sys=0.00, real=0.06 secs] 
[GC (Allocation Failure) [ParNew: 613440K->19781K(613440K), 0.0315893 secs] 1410834K->878439K(2010624K), 0.0316387 secs] [Times: user=0.13 sys=0.00, real=0.03 secs] 
[GC (Allocation Failure) [ParNew: 565125K->68096K(613440K), 0.0685088 secs] 1423783K->968439K(2010624K), 0.0685607 secs] [Times: user=0.23 sys=0.00, real=0.07 secs] 
[GC (Allocation Failure) [ParNew: 613440K->27112K(613440K), 0.0310279 secs] 1513783K->990332K(2010624K), 0.0310779 secs] [Times: user=0.06 sys=0.00, real=0.03 secs] 
[GC (Allocation Failure) [ParNew: 572456K->68096K(613440K), 0.0578811 secs] 1535676K->1073375K(2010624K), 0.0579298 secs] [Times: user=0.28 sys=0.00, real=0.06 secs] 
[GC (Allocation Failure) [ParNew: 613440K->26962K(613440K), 0.0345072 secs] 1618719K->1094825K(2010624K), 0.0345527 secs] [Times: user=0.13 sys=0.00, real=0.03 secs] 
[GC (Allocation Failure) [ParNew: 572306K->68096K(613440K), 0.0573299 secs] 1640169K->1179284K(2010624K), 0.0573774 secs] [Times: user=0.20 sys=0.00, real=0.06 secs] 
[GC (Allocation Failure) [ParNew: 613440K->46273K(613440K), 0.0299327 secs] 1724628K->1218322K(2010624K), 0.0299892 secs] [Times: user=0.09 sys=0.00, real=0.03 secs] 
[GC (CMS Initial Mark) [1 CMS-initial-mark: 1172049K(1397184K)] 1229256K(2010624K), 0.0025285 secs] [Times: user=0.00 sys=0.00, real=0.00 secs] 
[CMS-concurrent-mark-start]
[CMS-concurrent-mark: 1.133/1.133 secs] [Times: user=3.68 sys=0.00, real=1.14 secs] 
[CMS-concurrent-preclean-start]
[CMS-concurrent-preclean: 0.075/0.080 secs] [Times: user=0.16 sys=0.00, real=0.08 secs] 
[CMS-concurrent-abortable-preclean-start]
[GC (Allocation Failure) [ParNew: 591617K->68096K(613440K), 0.0575288 secs] 1763666K->1284553K(2010624K), 0.0575769 secs] [Times: user=0.28 sys=0.00, real=0.06 secs] 
[CMS-concurrent-abortable-preclean: 0.609/1.303 secs] [Times: user=2.14 sys=0.00, real=1.30 secs] 
[GC (CMS Final Remark) [YG occupancy: 397726 K (613440 K)][Rescan (parallel) , 0.0816996 secs][weak refs processing, 0.0000167 secs][class unloading, 0.0056613 secs][scrub symbol table, 0.0012472 secs][scrub string table, 0.0003651 secs][1 CMS-remark: 1216457K(1397184K)] 1614183K(2010624K), 0.0898585 secs] [Times: user=0.37 sys=0.00, real=0.09 secs] 
[CMS-concurrent-sweep-start]
[GC (Allocation Failure) [ParNew: 613440K->38849K(613440K), 0.0283057 secs] 1302219K->787320K(2010624K), 0.0283577 secs] [Times: user=0.09 sys=0.00, real=0.02 secs] 
[CMS-concurrent-sweep: 0.504/0.532 secs] [Times: user=1.12 sys=0.00, real=0.53 secs] 
[CMS-concurrent-reset-start]
[CMS-concurrent-reset: 0.003/0.003 secs] [Times: user=0.00 sys=0.00, real=0.00 secs] 
[GC (Allocation Failure) [ParNew: 584193K->68096K(613440K), 0.0552269 secs] 1332564K->857004K(2010624K), 0.0552750 secs] [Times: user=0.20 sys=0.00, real=0.05 secs] 
[GC (Allocation Failure) [ParNew: 613440K->34107K(613440K), 0.0287465 secs] 1402348K->886435K(2010624K), 0.0287984 secs] [Times: user=0.09 sys=0.01, real=0.03 secs] 
[GC (Allocation Failure) [ParNew: 579451K->68096K(613440K), 0.0718045 secs] 1431779K->960853K(2010624K), 0.0718527 secs] [Times: user=0.22 sys=0.00, real=0.07 secs] 
[GC (Allocation Failure) [ParNew (0: promotion failure size = 1854)  (1: promotion failure size = 97)  (2: promotion failure size = 97)  (3: promotion failure size = 1854)  (4: promotion failure size = 1854)  (5: promotion failure size = 1854)  (6: promotion failure size = 1854)  (7: promotion failure size = 97)  (promotion failed): 613440K->565873K(613440K), 1.9415967 secs][CMS: 927256K->752250K(1397184K), 1.5716512 secs] 1506197K->752250K(2010624K), [Metaspace: 9995K->9995K(10240K)], 3.5133839 secs] [Times: user=3.57 sys=0.87, real=3.51 secs] 

*** PauseDetector detected a 3511 ms pause at Fri Dec 19 18:52:05 EET 2014 ***

[GC (Allocation Failure) [ParNew: 545344K->68096K(613440K), 0.0519266 secs] 1297594K->862378K(2010624K), 0.0519728 secs] [Times: user=0.19 sys=0.00, real=0.05 secs] 
[GC (Allocation Failure) [ParNew: 613440K->26779K(613440K), 0.0285886 secs] 1407722K->883127K(2010624K), 0.0286515 secs] [Times: user=0.06 sys=0.00, real=0.03 secs] 
[GC (Allocation Failure) [ParNew: 572123K->68096K(613440K), 0.0510893 secs] 1428471K->965896K(2010624K), 0.0511374 secs] [Times: user=0.19 sys=0.00, real=0.05 secs] 
[GC (Allocation Failure) [ParNew: 613440K->26796K(613440K), 0.0278187 secs] 1511240K->986654K(2010624K), 0.0278835 secs] [Times: user=0.08 sys=0.00, real=0.03 secs] 
[GC (Allocation Failure) [ParNew: 572140K->68096K(613440K), 0.0505921 secs] 1531998K->1070132K(2010624K), 0.0506422 secs] [Times: user=0.20 sys=0.00, real=0.05 secs] 
[Full GC (System.gc()) [CMS: 1002036K->747099K(1397184K), 1.4672052 secs] 1191032K->747099K(2010624K), [Metaspace: 9995K->9995K(10240K)], 1.4674381 secs] [Times: user=1.47 sys=0.00, real=1.47 secs] 
[Full GC (System.gc()) [CMS: 747099K->747021K(1397184K), 1.2778556 secs] 758030K->747021K(2010624K), [Metaspace: 9995K->9995K(10240K)], 1.2780365 secs] [Times: user=1.28 sys=0.00, real=1.28 secs] 
[Full GC (System.gc()) [CMS: 747021K->745765K(1397184K), 1.2709818 secs] 757954K->745765K(2010624K), [Metaspace: 9995K->9995K(10240K)]
*** PauseDetector detected a 2746 ms pause at Fri Dec 19 18:52:15 EET 2014 ***

, 1.2712127 secs] [Times: user=1.28 sys=0.00, real=1.28 secs] 

*** PauseDetector detected a 1285 ms pause at Fri Dec 19 18:52:17 EET 2014 ***

[GC (Allocation Failure) [ParNew: 545344K->68096K(613440K), 0.0513761 secs] 1291109K->859782K(2010624K), 0.0514262 secs] [Times: user=0.19 sys=0.00, real=0.05 secs] 
[GC (Allocation Failure) [ParNew: 613440K->29991K(613440K), 0.0508872 secs] 1405126K->879581K(2010624K), 0.0509334 secs] [Times: user=0.20 sys=0.00, real=0.05 secs] 
[GC (Allocation Failure) [ParNew: 575335K->68096K(613440K), 0.1768472 secs] 1424925K->986044K(2010624K), 0.1769088 secs] [Times: user=0.69 sys=0.00, real=0.17 secs] 
[GC (Allocation Failure) [ParNew: 613440K->27417K(613440K), 0.0931562 secs] 1531388K->1009556K(2010624K), 0.0932191 secs] [Times: user=0.37 sys=0.00, real=0.09 secs] 
[GC (Allocation Failure) [ParNew: 572761K->68096K(613440K), 0.1936879 secs] 1554900K->1107272K(2010624K), 0.1937521 secs] [Times: user=0.98 sys=0.00, real=0.19 secs] 
[GC (Allocation Failure) [ParNew: 613440K->27407K(613440K), 0.0681970 secs] 1652616K->1130276K(2010624K), 0.0682483 secs] [Times: user=0.28 sys=0.00, real=0.07 secs] 
[Full GC (System.gc()) [CMS: 1102869K->690767K(1397184K), 1.5332266 secs] 1141210K->690767K(2010624K), [Metaspace: 9995K->9995K(10240K)], 1.5334697 secs] [Times: user=1.53 sys=0.00, real=1.53 secs] 
[Full GC (System.gc()) [CMS: 690767K->690767K(1397184K), 1.3598522 secs] 690767K->690767K(2010624K), [Metaspace: 9995K->9995K(10240K)], 1.3601268 secs] [Times: user=1.36 sys=0.00, real=1.36 secs] 
[Full GC (System.gc()) [CMS: 690767K->690767K(1397184K), 1.3216342 secs] 690769K->690767K(2010624K), [Metaspace: 9995K->9995K(10240K)]
*** PauseDetector detected a 2898 ms pause at Fri Dec 19 18:52:29 EET 2014 ***

, 1.3218382 secs] [Times: user=1.33 sys=0.00, real=1.32 secs] 
********************************
********** ROUND   86 **********
********************************

*** PauseDetector detected a 1331 ms pause at Fri Dec 19 18:52:31 EET 2014 ***

[GC (Allocation Failure) [ParNew: 545344K->68096K(613440K), 0.1229805 secs] 1236111K->815537K(2010624K), 0.1230331 secs] [Times: user=0.56 sys=0.00, real=0.12 secs] 
[GC (Allocation Failure) [ParNew: 613440K->27392K(613440K), 0.0606770 secs] 1360881K->839366K(2010624K), 0.0607245 secs] [Times: user=0.20 sys=0.00, real=0.06 secs] 
[GC (Allocation Failure) [ParNew: 572736K->68096K(613440K), 0.1354072 secs] 1384710K->931345K(2010624K), 0.1354521 secs] [Times: user=0.59 sys=0.00, real=0.13 secs] 
[GC (Allocation Failure) [ParNew: 613440K->27117K(613440K), 0.0586189 secs] 1476689K->953737K(2010624K), 0.0586721 secs] [Times: user=0.14 sys=0.00, real=0.06 secs] 
[GC (Allocation Failure) [ParNew: 572461K->68096K(613440K), 0.1227251 secs] 1499081K->1044356K(2010624K), 0.1227797 secs] [Times: user=0.47 sys=0.00, real=0.11 secs] 
[GC (Allocation Failure) [ParNew: 613440K->13581K(613440K), 0.0608156 secs] 1589700K->1052764K(2010624K), 0.0608592 secs] [Times: user=0.20 sys=0.00, real=0.06 secs] 
[GC (Allocation Failure) [ParNew: 558925K->68096K(613440K), 0.1129668 secs] 1598108K->1153885K(2010624K), 0.1130136 secs] [Times: user=0.48 sys=0.00, real=0.11 secs] 
[GC (Allocation Failure) [ParNew: 613440K->34365K(613440K), 0.0505786 secs] 1699229K->1183791K(2010624K), 0.0506280 secs] [Times: user=0.17 sys=0.00, real=0.05 secs] 
[GC (CMS Initial Mark) [1 CMS-initial-mark: 1149425K(1397184K)] 1183791K(2010624K), 0.0049703 secs] [Times: user=0.00 sys=0.00, real=0.00 secs] 
[CMS-concurrent-mark-start]
[CMS-concurrent-mark: 1.119/1.119 secs] [Times: user=3.79 sys=0.00, real=1.13 secs] 
[CMS-concurrent-preclean-start]
[CMS-concurrent-preclean: 0.165/0.176 secs] [Times: user=0.34 sys=0.00, real=0.18 secs] 
[CMS-concurrent-abortable-preclean-start]
[GC (Allocation Failure) [ParNew[CMS-concurrent-abortable-preclean: 0.071/0.398 secs] [Times: user=0.67 sys=0.00, real=0.40 secs] 
: 579709K->68096K(613440K), 0.0998228 secs] 1729135K->1263301K(2010624K), 0.0998748 secs] [Times: user=0.45 sys=0.00, real=0.09 secs] 
[GC (CMS Final Remark) [YG occupancy: 79100 K (613440 K)][Rescan (parallel) , 0.0583379 secs][weak refs processing, 0.0000244 secs][class unloading, 0.0057004 secs][scrub symbol table, 0.0010567 secs][scrub string table, 0.0003586 secs][1 CMS-remark: 1195205K(1397184K)] 1274306K(2010624K), 0.0663364 secs] [Times: user=0.48 sys=0.00, real=0.07 secs] 
[CMS-concurrent-sweep-start]
[CMS-concurrent-sweep: 0.787/0.787 secs] [Times: user=1.59 sys=0.00, real=0.79 secs] 
[CMS-concurrent-reset-start]
[CMS-concurrent-reset: 0.003/0.003 secs] [Times: user=0.00 sys=0.00, real=0.00 secs] 
[GC (Allocation Failure) [ParNew: 613440K->41075K(613440K), 0.0497818 secs] 1306111K->797294K(2010624K), 0.0498312 secs] [Times: user=0.14 sys=0.00, real=0.05 secs] 
[GC (Allocation Failure) [ParNew: 586419K->68096K(613440K), 0.0963974 secs] 1342638K->869512K(2010624K), 0.0964436 secs] [Times: user=0.36 sys=0.00, real=0.09 secs] 
[GC (Allocation Failure) [ParNew: 613440K->34225K(613440K), 0.0418340 secs] 1414856K->899185K(2010624K), 0.0419886 secs] [Times: user=0.14 sys=0.00, real=0.04 secs] 
[GC (Allocation Failure) [ParNew: 579569K->68096K(613440K), 0.0918018 secs] 1444529K->977939K(2010624K), 0.0918486 secs] [Times: user=0.37 sys=0.00, real=0.09 secs] 
[GC (Allocation Failure) [ParNew (0: promotion failure size = 41)  (1: promotion failure size = 41)  (2: promotion failure size = 41)  (3: promotion failure size = 4167)  (4: promotion failure size = 41)  (5: promotion failure size = 41)  (6: promotion failure size = 41)  (7: promotion failure size = 41)  (promotion failed): 613440K->572687K(613440K), 3.7310495 secs][CMS: 947758K->756628K(1397184K), 1.7428763 secs] 1523283K->756628K(2010624K), [Metaspace: 9995K->9995K(10240K)], 5.4740630 secs] [Times: user=5.44 sys=1.95, real=5.47 secs] 

*** PauseDetector detected a 5470 ms pause at Fri Dec 19 18:52:58 EET 2014 ***

[GC (Allocation Failure) [ParNew: 545344K->68096K(613440K), 0.0766318 secs] 1301972K->868983K(2010624K), 0.0766818 secs] [Times: user=0.34 sys=0.00, real=0.07 secs] 
[GC (Allocation Failure) [ParNew: 613440K->41136K(613440K), 0.0441513 secs] 1414327K->906318K(2010624K), 0.0442027 secs] [Times: user=0.16 sys=0.00, real=0.04 secs] 
[GC (Allocation Failure) [ParNew: 586480K->68096K(613440K), 0.0739423 secs] 1451662K->977344K(2010624K), 0.0739923 secs] [Times: user=0.30 sys=0.00, real=0.07 secs] 
[GC (Allocation Failure) [ParNew: 613440K->26999K(613440K), 0.0372371 secs] 1522688K->999024K(2010624K), 0.0372839 secs] [Times: user=0.08 sys=0.00, real=0.03 secs] 
[GC (Allocation Failure) [ParNew: 572343K->68096K(613440K), 0.0734957 secs] 1544368K->1085332K(2010624K), 0.0735464 secs] [Times: user=0.28 sys=0.00, real=0.07 secs] 
[GC (Allocation Failure) [ParNew: 613440K->26476K(613440K), 0.0344488 secs] 1630676K->1104794K(2010624K), 0.0346040 secs] [Times: user=0.13 sys=0.00, real=0.03 secs] 
[GC (Allocation Failure) [ParNew: 571820K->68096K(613440K), 0.0707312 secs] 1650138K->1189443K(2010624K), 0.0707851 secs] [Times: user=0.28 sys=0.00, real=0.07 secs] 
[GC (Allocation Failure) [ParNew: 613440K->33943K(613440K), 0.0332343 secs] 1734787K->1218308K(2010624K), 0.0333876 secs] [Times: user=0.16 sys=0.00, real=0.03 secs] 
[GC (CMS Initial Mark) [1 CMS-initial-mark: 1184364K(1397184K)] 1229313K(2010624K), 0.0036493 secs] [Times: user=0.02 sys=0.00, real=0.01 secs] 
[CMS-concurrent-mark-start]
[CMS-concurrent-mark: 1.157/1.157 secs] [Times: user=3.71 sys=0.00, real=1.16 secs] 
[CMS-concurrent-preclean-start]
[CMS-concurrent-preclean: 0.107/0.114 secs] [Times: user=0.23 sys=0.00, real=0.11 secs] 
[CMS-concurrent-abortable-preclean-start]
[GC (Allocation Failure) [ParNew[CMS-concurrent-abortable-preclean: 0.065/0.379 secs] [Times: user=0.73 sys=0.00, real=0.38 secs] 
: 579287K->68096K(613440K), 0.0675387 secs] 1763652K->1296500K(2010624K), 0.0675881 secs] [Times: user=0.34 sys=0.00, real=0.06 secs] 
[GC (CMS Final Remark) [YG occupancy: 79095 K (613440 K)][Rescan (parallel) , 0.0352058 secs][weak refs processing, 0.0000160 secs][class unloading, 0.0053899 secs][scrub symbol table, 0.0010644 secs][scrub string table, 0.0003554 secs][1 CMS-remark: 1228404K(1397184K)] 1307499K(2010624K), 0.0428983 secs] [Times: user=0.19 sys=0.00, real=0.04 secs] 
[CMS-concurrent-sweep-start]
[CMS-concurrent-sweep: 0.616/0.616 secs] [Times: user=1.28 sys=0.00, real=0.62 secs] 
[CMS-concurrent-reset-start]
[CMS-concurrent-reset: 0.003/0.003 secs] [Times: user=0.03 sys=0.00, real=0.00 secs] 
[GC (Allocation Failure) [ParNew: 613440K->33369K(613440K), 0.0426590 secs] 1302284K->783944K(2010624K), 0.0427796 secs] [Times: user=0.13 sys=0.00, real=0.04 secs] 
[GC (Allocation Failure) [ParNew: 578713K->68096K(613440K), 0.0674752 secs] 1329288K->864489K(2010624K), 0.0675233 secs] [Times: user=0.25 sys=0.00, real=0.06 secs] 
[GC (Allocation Failure) [ParNew: 613440K->25949K(613440K), 0.0302490 secs] 1409833K->882084K(2010624K), 0.0304030 secs] [Times: user=0.08 sys=0.00, real=0.03 secs] 
[GC (Allocation Failure) [ParNew: 571293K->68096K(613440K), 0.0873929 secs] 1427428K->965455K(2010624K), 0.0874442 secs] [Times: user=0.25 sys=0.00, real=0.08 secs] 
[GC (Allocation Failure) [ParNew (0: promotion failure size = 1854)  (1: promotion failure size = 1854)  (2: promotion failure size = 1854)  (3: promotion failure size = 69)  (4: promotion failure size = 69)  (5: promotion failure size = 1854)  (6: promotion failure size = 1854)  (7: promotion failure size = 1854)  (promotion failed): 613440K->572678K(613440K), 1.7781758 secs][CMS: 943375K->753008K(1397184K), 1.6466258 secs] 1510799K->753008K(2010624K), [Metaspace: 9995K->9995K(10240K)], 3.4248644 secs]
*** PauseDetector detected a 3423 ms pause at Fri Dec 19 18:53:23 EET 2014 ***

 [Times: user=3.65 sys=0.52, real=3.42 secs] 
[GC (Allocation Failure) [ParNew: 545344K->68096K(613440K), 0.0585509 secs] 1298352K->862739K(2010624K), 0.0586080 secs] [Times: user=0.22 sys=0.00, real=0.06 secs] 
[GC (Allocation Failure) [ParNew: 613440K->20566K(613440K), 0.0382411 secs] 1408083K->879132K(2010624K), 0.0382918 secs] [Times: user=0.13 sys=0.00, real=0.03 secs] 
[GC (Allocation Failure) [ParNew: 565910K->68096K(613440K), 0.0607149 secs] 1424476K->968238K(2010624K), 0.0607630 secs] [Times: user=0.19 sys=0.00, real=0.06 secs] 
[GC (Allocation Failure) [ParNew: 613440K->20403K(613440K), 0.0397642 secs] 1513582K->983714K(2010624K), 0.0399253 secs] [Times: user=0.13 sys=0.00, real=0.03 secs] 
[GC (Allocation Failure) [ParNew: 565747K->68096K(613440K), 0.0584463 secs] 1529058K->1074394K(2010624K), 0.0584989 secs] [Times: user=0.25 sys=0.00, real=0.06 secs] 
[GC (Allocation Failure) [ParNew: 613440K->26701K(613440K), 0.0421458 secs] 1619738K->1094652K(2010624K), 0.0421964 secs] [Times: user=0.19 sys=0.00, real=0.04 secs] 
[GC (Allocation Failure) [ParNew: 572045K->68096K(613440K), 0.0564824 secs] 1639996K->1176789K(2010624K), 0.0565331 secs] [Times: user=0.20 sys=0.00, real=0.06 secs] 
[GC (Allocation Failure) [ParNew: 613440K->13691K(613440K), 0.0294496 secs] 1722133K->1185829K(2010624K), 0.0295978 secs] [Times: user=0.06 sys=0.00, real=0.02 secs] 
[GC (CMS Initial Mark) [1 CMS-initial-mark: 1172137K(1397184K)] 1196824K(2010624K), 0.0041414 secs] [Times: user=0.00 sys=0.00, real=0.00 secs] 
[CMS-concurrent-mark-start]
[CMS-concurrent-mark: 1.135/1.135 secs] [Times: user=3.64 sys=0.00, real=1.14 secs] 
[CMS-concurrent-preclean-start]
[CMS-concurrent-preclean: 0.073/0.077 secs] [Times: user=0.16 sys=0.00, real=0.08 secs] 
[CMS-concurrent-abortable-preclean-start]
[GC (Allocation Failure) [ParNew: 559035K->68096K(613440K), 0.0571522 secs] 1731173K->1282797K(2010624K), 0.0572042 secs] [Times: user=0.17 sys=0.01, real=0.06 secs] 
[CMS-concurrent-abortable-preclean: 0.605/1.368 secs] [Times: user=2.09 sys=0.01, real=1.37 secs] 
[GC (CMS Final Remark) [YG occupancy: 452637 K (613440 K)][Rescan (parallel) , 0.0961780 secs][weak refs processing, 0.0000205 secs][class unloading, 0.0076566 secs][scrub symbol table, 0.0011452 secs][scrub string table, 0.0003689 secs][1 CMS-remark: 1214701K(1397184K)] 1667338K(2010624K), 0.1062514 secs] [Times: user=0.42 sys=0.00, real=0.10 secs] 
[CMS-concurrent-sweep-start]
[GC (Allocation Failure) [ParNew: 613440K->26811K(613440K), 0.0290345 secs] 1828141K->1303083K(2010624K), 0.0290852 secs] [Times: user=0.09 sys=0.00, real=0.02 secs] 
[CMS-concurrent-sweep: 0.595/0.624 secs] [Times: user=1.39 sys=0.00, real=0.63 secs] 
[CMS-concurrent-reset-start]
[CMS-concurrent-reset: 0.003/0.003 secs] [Times: user=0.00 sys=0.00, real=0.00 secs] 
[GC (Allocation Failure) [ParNew: 572155K->68096K(613440K), 0.0549125 secs] 1320691K->859689K(2010624K), 0.0549638 secs] [Times: user=0.19 sys=0.00, real=0.05 secs] 
[GC (Allocation Failure) [ParNew: 613440K->13224K(613440K), 0.0273529 secs] 1405033K->865718K(2010624K), 0.0273959 secs] [Times: user=0.13 sys=0.00, real=0.02 secs] 
[GC (Allocation Failure) [ParNew: 558568K->68096K(613440K), 0.0638310 secs] 1411062K->961079K(2010624K), 0.0638791 secs] [Times: user=0.22 sys=0.00, real=0.06 secs] 
[GC (Allocation Failure) [ParNew (0: promotion failure size = 97)  (1: promotion failure size = 97)  (2: promotion failure size = 97)  (3: promotion failure size = 1854)  (4: promotion failure size = 1854)  (5: promotion failure size = 97)  (6: promotion failure size = 97)  (7: promotion failure size = 1854)  (promotion failed): 613440K->572792K(613440K), 1.3236417 secs][CMS: 932690K->752217K(1397184K), 1.6749295 secs] 1506423K->752217K(2010624K), [Metaspace: 9995K->9995K(10240K)], 2.9986373 secs] [Times: user=3.06 sys=0.17, real=3.00 secs] 

*** PauseDetector detected a 3001 ms pause at Fri Dec 19 18:53:47 EET 2014 ***

[GC (Allocation Failure) [ParNew: 545344K->68096K(613440K), 0.0507429 secs] 1297561K->860620K(2010624K), 0.0507891 secs] [Times: user=0.28 sys=0.00, real=0.05 secs] 
[GC (Allocation Failure) [ParNew: 613440K->34284K(613440K), 0.0308797 secs] 1405964K->890570K(2010624K), 0.0309278 secs] [Times: user=0.13 sys=0.00, real=0.03 secs] 
[GC (Allocation Failure) [ParNew: 579628K->68096K(613440K), 0.0506345 secs] 1435914K->966656K(2010624K), 0.0506826 secs] [Times: user=0.20 sys=0.00, real=0.05 secs] 
[GC (Allocation Failure) [ParNew: 613440K->33150K(613440K), 0.0311947 secs] 1512000K->992965K(2010624K), 0.0312435 secs] [Times: user=0.13 sys=0.00, real=0.03 secs] 
[GC (Allocation Failure) [ParNew: 578494K->68096K(613440K), 0.0741585 secs] 1538309K->1069808K(2010624K), 0.0742053 secs] [Times: user=0.25 sys=0.00, real=0.07 secs] 
[Full GC (System.gc()) [CMS: 1001712K->748108K(1397184K), 1.4700750 secs] 1289699K->748108K(2010624K), [Metaspace: 9995K->9995K(10240K)], 1.4703002 secs] [Times: user=1.47 sys=0.00, real=1.47 secs] 
[Full GC (System.gc()) [CMS: 748108K->748108K(1397184K), 1.5103788 secs] 748110K->748108K(2010624K), [Metaspace: 9995K->9995K(10240K)], 1.5106117 secs] [Times: user=1.51 sys=0.00, real=1.51 secs] 
[Full GC (System.gc()) [CMS: 748108K->748030K(1397184K), 1.5491178 secs] 759040K->748030K(2010624K), [Metaspace: 9995K->9995K(10240K)]
*** PauseDetector detected a 4524 ms pause at Fri Dec 19 18:53:59 EET 2014 ***

, 1.5494289 secs] [Times: user=1.55 sys=0.00, real=1.55 secs] 
[GC (Allocation Failure) [ParNew: 545344K->68096K(613440K), 0.0578195 secs] 1293374K->862696K(2010624K), 0.0578849 secs] [Times: user=0.20 sys=0.00, real=0.06 secs] 
[GC (Allocation Failure) [ParNew: 613440K->22316K(613440K), 0.0341447 secs] 1408040K->874269K(2010624K), 0.0343153 secs] [Times: user=0.12 sys=0.00, real=0.03 secs] 
[GC (Allocation Failure) [ParNew: 567660K->68096K(613440K), 0.1636288 secs] 1419613K->988035K(2010624K), 0.1636795 secs] [Times: user=0.73 sys=0.00, real=0.16 secs] 
[GC (Allocation Failure) [ParNew: 613440K->27546K(613440K), 0.1002745 secs] 1533379K->1013279K(2010624K), 0.1003264 secs] [Times: user=0.37 sys=0.00, real=0.09 secs] 
[GC (Allocation Failure) [ParNew: 572890K->68096K(613440K), 0.2030017 secs] 1558623K->1110852K(2010624K), 0.2030671 secs] [Times: user=0.95 sys=0.00, real=0.19 secs] 
[GC (Allocation Failure) [ParNew: 613440K->27435K(613440K), 0.0801296 secs] 1656196K->1133924K(2010624K), 0.0801899 secs] [Times: user=0.33 sys=0.00, real=0.08 secs] 
[Full GC (System.gc()) [CMS: 1106489K->696660K(1397184K), 1.6150666 secs] 1144858K->696660K(2010624K), [Metaspace: 9995K->9995K(10240K)], 1.6153201 secs] [Times: user=1.62 sys=0.00, real=1.62 secs] 
[Full GC (System.gc()) [CMS: 696660K->696660K(1397184K), 1.6989399 secs] 696660K->696660K(2010624K), [Metaspace: 9995K->9995K(10240K)], 1.6991394 secs] [Times: user=1.68 sys=0.00, real=1.69 secs] 
[Full GC (System.gc()) [CMS: 696660K->696661K(1397184K), 1.3473550 secs] 696662K->696661K(2010624K), [Metaspace: 9995K->9995K(10240K)]
*** PauseDetector detected a 3311 ms pause at Fri Dec 19 18:54:13 EET 2014 ***

, 1.3475654 secs] [Times: user=1.36 sys=0.00, real=1.35 secs] 
********************************
********** ROUND   87 **********
********************************

*** PauseDetector detected a 1361 ms pause at Fri Dec 19 18:54:14 EET 2014 ***

[GC (Allocation Failure) [ParNew: 545344K->68096K(613440K), 0.1283941 secs] 1242005K->821321K(2010624K), 0.1284429 secs] [Times: user=0.51 sys=0.00, real=0.12 secs] 
[GC (Allocation Failure) [ParNew: 613440K->27431K(613440K), 0.0681424 secs] 1366665K->845205K(2010624K), 0.0681931 secs] [Times: user=0.26 sys=0.00, real=0.07 secs] 
[GC (Allocation Failure) [ParNew: 572775K->68096K(613440K), 0.1418832 secs] 1390549K->937804K(2010624K), 0.1419326 secs] [Times: user=0.59 sys=0.00, real=0.14 secs] 
[GC (Allocation Failure) [ParNew: 613440K->26971K(613440K), 0.0563714 secs] 1483148K->959290K(2010624K), 0.0564311 secs] [Times: user=0.20 sys=0.00, real=0.05 secs] 
[GC (Allocation Failure) [ParNew: 572315K->68096K(613440K), 0.1227797 secs] 1504634K->1049381K(2010624K), 0.1228355 secs] [Times: user=0.50 sys=0.00, real=0.12 secs] 
[GC (Allocation Failure) [ParNew: 613440K->27401K(613440K), 0.0528242 secs] 1594725K->1072300K(2010624K), 0.0529762 secs] [Times: user=0.14 sys=0.00, real=0.05 secs] 
[GC (Allocation Failure) [ParNew: 572745K->68096K(613440K), 0.1048309 secs] 1617644K->1159734K(2010624K), 0.1048823 secs] [Times: user=0.53 sys=0.00, real=0.10 secs] 
[GC (Allocation Failure) [ParNew: 613440K->34177K(613440K), 0.0587292 secs] 1705078K->1189100K(2010624K), 0.0587735 secs] [Times: user=0.14 sys=0.00, real=0.06 secs] 
[GC (CMS Initial Mark) [1 CMS-initial-mark: 1154923K(1397184K)] 1200034K(2010624K), 0.0043261 secs] [Times: user=0.00 sys=0.00, real=0.00 secs] 
[CMS-concurrent-mark-start]
[CMS-concurrent-mark: 1.154/1.154 secs] [Times: user=3.84 sys=0.00, real=1.16 secs] 
[CMS-concurrent-preclean-start]
[CMS-concurrent-preclean: 0.160/0.170 secs] [Times: user=0.34 sys=0.00, real=0.17 secs] 
[CMS-concurrent-abortable-preclean-start]
[GC (Allocation Failure) [ParNew: 579521K->68096K(613440K), 0.1068019 secs] 1734444K->1269273K(2010624K), 0.1068506 secs] [Times: user=0.44 sys=0.00, real=0.10 secs] 
[CMS-concurrent-abortable-preclean: 0.758/1.370 secs] [Times: user=2.50 sys=0.00, real=1.37 secs] 
[GC (CMS Final Remark) [YG occupancy: 430884 K (613440 K)][Rescan (parallel) , 0.0892439 secs][weak refs processing, 0.0000160 secs][class unloading, 0.0054643 secs][scrub symbol table, 0.0010503 secs][scrub string table, 0.0003535 secs][1 CMS-remark: 1201177K(1397184K)] 1632061K(2010624K), 0.0969806 secs] [Times: user=0.42 sys=0.00, real=0.09 secs] 
[CMS-concurrent-sweep-start]
[GC (Allocation Failure) [ParNew: 613440K->34018K(613440K), 0.0476742 secs] 1747965K->1231680K(2010624K), 0.0477275 secs] [Times: user=0.20 sys=0.00, real=0.05 secs] 
[CMS-concurrent-sweep: 0.749/0.797 secs] [Times: user=1.87 sys=0.00, real=0.80 secs] 
[CMS-concurrent-reset-start]
[CMS-concurrent-reset: 0.003/0.003 secs] [Times: user=0.00 sys=0.00, real=0.00 secs] 
[GC (Allocation Failure) [ParNew: 579362K->68096K(613440K), 0.0969171 secs] 1335241K->869243K(2010624K), 0.0969684 secs] [Times: user=0.42 sys=0.00, real=0.09 secs] 
[GC (Allocation Failure) [ParNew: 613440K->47882K(613440K), 0.0455532 secs] 1414587K->912502K(2010624K), 0.0457091 secs] [Times: user=0.20 sys=0.00, real=0.04 secs] 
[GC (Allocation Failure) [ParNew: 593226K->68096K(613440K), 0.0892355 secs] 1457846K->977577K(2010624K), 0.0892856 secs] [Times: user=0.37 sys=0.00, real=0.08 secs] 
[GC (Allocation Failure) [ParNew (0: promotion failure size = 4167)  (1: promotion failure size = 41)  (2: promotion failure size = 41)  (3: promotion failure size = 4167)  (4: promotion failure size = 4167)  (5: promotion failure size = 4167)  (6: promotion failure size = 4167)  (7: promotion failure size = 4167)  (promotion failed): 613440K->565864K(613440K), 3.7779082 secs][CMS: 944599K->756580K(1397184K), 1.7652281 secs] 1522921K->756580K(2010624K), [Metaspace: 9996K->9996K(10240K)], 5.5432249 secs]
*** PauseDetector detected a 5544 ms pause at Fri Dec 19 18:54:42 EET 2014 ***

 [Times: user=5.98 sys=1.00, real=5.54 secs] 
[GC (Allocation Failure) [ParNew: 545344K->68096K(613440K), 0.0776429 secs] 1301924K->868876K(2010624K), 0.0776955 secs] [Times: user=0.27 sys=0.00, real=0.07 secs] 
[GC (Allocation Failure) [ParNew: 613440K->54836K(613440K), 0.0459009 secs] 1414220K->919930K(2010624K), 0.0459510 secs] [Times: user=0.19 sys=0.00, real=0.04 secs] 
[GC (Allocation Failure) [ParNew: 600180K->68096K(613440K), 0.0738832 secs] 1465274K->976483K(2010624K), 0.0740321 secs] [Times: user=0.28 sys=0.00, real=0.07 secs] 
[GC (Allocation Failure) [ParNew: 613440K->20475K(613440K), 0.0369535 secs] 1521827K->993607K(2010624K), 0.0371190 secs] [Times: user=0.08 sys=0.00, real=0.03 secs] 
[GC (Allocation Failure) [ParNew: 565819K->68096K(613440K), 0.0714491 secs] 1538951K->1083985K(2010624K), 0.0714947 secs] [Times: user=0.27 sys=0.00, real=0.07 secs] 
[GC (Allocation Failure) [ParNew: 613440K->20565K(613440K), 0.0361162 secs] 1629329K->1100119K(2010624K), 0.0361663 secs] [Times: user=0.12 sys=0.00, real=0.03 secs] 
[GC (Allocation Failure) [ParNew: 565909K->68096K(613440K), 0.0703860 secs] 1645463K->1193438K(2010624K), 0.0704367 secs] [Times: user=0.28 sys=0.00, real=0.07 secs] 
[GC (Allocation Failure) [ParNew: 613440K->19648K(613440K), 0.0328487 secs] 1738782K->1205242K(2010624K), 0.0330084 secs] [Times: user=0.12 sys=0.00, real=0.03 secs] 
[GC (CMS Initial Mark) [1 CMS-initial-mark: 1185593K(1397184K)] 1205312K(2010624K), 0.0042517 secs] [Times: user=0.00 sys=0.00, real=0.01 secs] 
[CMS-concurrent-mark-start]
[CMS-concurrent-mark: 1.138/1.138 secs] [Times: user=3.70 sys=0.00, real=1.14 secs] 
[CMS-concurrent-preclean-start]
[CMS-concurrent-preclean: 0.104/0.110 secs] [Times: user=0.22 sys=0.00, real=0.11 secs] 
[CMS-concurrent-abortable-preclean-start]
[GC (Allocation Failure) [ParNew[CMS-concurrent-abortable-preclean: 0.056/0.363 secs] [Times: user=0.53 sys=0.00, real=0.36 secs] 
: 564992K->68096K(613440K), 0.0697271 secs] 1750586K->1297605K(2010624K), 0.0698772 secs] [Times: user=0.28 sys=0.00, real=0.07 secs] 
[GC (CMS Final Remark) [YG occupancy: 79029 K (613440 K)][Rescan (parallel) , 0.0357056 secs][weak refs processing, 0.0000154 secs][class unloading, 0.0054829 secs][scrub symbol table, 0.0010567 secs][scrub string table, 0.0003503 secs][1 CMS-remark: 1229509K(1397184K)] 1308539K(2010624K), 0.0434456 secs] [Times: user=0.23 sys=0.00, real=0.04 secs] 
[CMS-concurrent-sweep-start]
[CMS-concurrent-sweep: 0.592/0.592 secs] [Times: user=1.19 sys=0.00, real=0.60 secs] 
[CMS-concurrent-reset-start]
[CMS-concurrent-reset: 0.003/0.003 secs] [Times: user=0.03 sys=0.00, real=0.00 secs] 
[GC (Allocation Failure) [ParNew: 613440K->26747K(613440K), 0.0330546 secs] 1302402K->777539K(2010624K), 0.0331040 secs] [Times: user=0.06 sys=0.00, real=0.03 secs] 
[GC (Allocation Failure) [ParNew: 572091K->68096K(613440K), 0.0662716 secs] 1322883K->861001K(2010624K), 0.0663236 secs] [Times: user=0.25 sys=0.00, real=0.06 secs] 
[GC (Allocation Failure) [ParNew: 613440K->27386K(613440K), 0.0350063 secs] 1406345K->883875K(2010624K), 0.0350576 secs] [Times: user=0.13 sys=0.00, real=0.03 secs] 
[GC (Allocation Failure) [ParNew: 572730K->68096K(613440K), 0.0886607 secs] 1429219K->965820K(2010624K), 0.0887332 secs] [Times: user=0.25 sys=0.00, real=0.08 secs] 
[GC (Allocation Failure) [ParNew (0: promotion failure size = 1854)  (1: promotion failure size = 1854)  (2: promotion failure size = 1854)  (3: promotion failure size = 1854)  (4: promotion failure size = 1854)  (5: promotion failure size = 1854)  (6: promotion failure size = 69)  (7: promotion failure size = 69)  (promotion failed): 613440K->565911K(613440K), 1.3724400 secs][CMS: 939355K->753025K(1397184K), 1.6443225 secs] 1511164K->753025K(2010624K), [Metaspace: 9996K->9996K(10240K)], 3.0168459 secs] [Times: user=2.90 sys=0.14, real=3.01 secs] 

*** PauseDetector detected a 3013 ms pause at Fri Dec 19 18:55:06 EET 2014 ***

[GC (Allocation Failure) [ParNew: 545344K->68096K(613440K), 0.0588068 secs] 1298369K->862695K(2010624K), 0.0588537 secs] [Times: user=0.28 sys=0.00, real=0.06 secs] 
[GC (Allocation Failure) [ParNew: 613440K->34284K(613440K), 0.0322931 secs] 1408039K->892774K(2010624K), 0.0323406 secs] [Times: user=0.09 sys=0.00, real=0.03 secs] 
[GC (Allocation Failure) [ParNew: 579628K->68096K(613440K), 0.0587882 secs] 1438118K->967896K(2010624K), 0.0588409 secs] [Times: user=0.26 sys=0.00, real=0.06 secs] 
[GC (Allocation Failure) [ParNew: 613440K->20475K(613440K), 0.0311087 secs] 1513240K->983685K(2010624K), 0.0311562 secs] [Times: user=0.13 sys=0.00, real=0.03 secs] 
[GC (Allocation Failure) [ParNew: 565819K->68096K(613440K), 0.0584559 secs] 1529029K->1073899K(2010624K), 0.0585175 secs] [Times: user=0.20 sys=0.00, real=0.06 secs] 
[GC (Allocation Failure) [ParNew: 613440K->13388K(613440K), 0.0298115 secs] 1619243K->1080979K(2010624K), 0.0298596 secs] [Times: user=0.13 sys=0.00, real=0.03 secs] 
[GC (Allocation Failure) [ParNew: 558732K->68096K(613440K), 0.0565325 secs] 1626323K->1177093K(2010624K), 0.0565838 secs] [Times: user=0.26 sys=0.00, real=0.06 secs] 
[GC (Allocation Failure) [ParNew: 613440K->34016K(613440K), 0.0386832 secs] 1722437K->1205820K(2010624K), 0.0388814 secs] [Times: user=0.20 sys=0.00, real=0.04 secs] 
[GC (CMS Initial Mark) [1 CMS-initial-mark: 1171804K(1397184K)] 1216754K(2010624K), 0.0025201 secs] [Times: user=0.00 sys=0.00, real=0.00 secs] 
[CMS-concurrent-mark-start]
[CMS-concurrent-mark: 1.167/1.167 secs] [Times: user=3.76 sys=0.00, real=1.17 secs] 
[CMS-concurrent-preclean-start]
[CMS-concurrent-preclean: 0.070/0.074 secs] [Times: user=0.16 sys=0.00, real=0.07 secs] 
[CMS-concurrent-abortable-preclean-start]
[GC (Allocation Failure) [ParNew[CMS-concurrent-abortable-preclean: 0.080/0.486 secs] [Times: user=0.75 sys=0.00, real=0.49 secs] 
: 579360K->68096K(613440K), 0.0584014 secs] 1751164K->1283103K(2010624K), 0.0584476 secs] [Times: user=0.25 sys=0.00, real=0.06 secs] 
[GC (CMS Final Remark) [YG occupancy: 68098 K (613440 K)][Rescan (parallel) , 0.0273985 secs][weak refs processing, 0.0000192 secs][class unloading, 0.0054951 secs][scrub symbol table, 0.0010605 secs][scrub string table, 0.0003516 secs][1 CMS-remark: 1215007K(1397184K)] 1283105K(2010624K), 0.0351699 secs] [Times: user=0.13 sys=0.00, real=0.03 secs] 
[CMS-concurrent-sweep-start]
[CMS-concurrent-sweep: 0.487/0.487 secs] [Times: user=1.00 sys=0.00, real=0.49 secs] 
[CMS-concurrent-reset-start]
[CMS-concurrent-reset: 0.003/0.003 secs] [Times: user=0.00 sys=0.00, real=0.00 secs] 
[GC (Allocation Failure) [ParNew: 613440K->26385K(613440K), 0.0286630 secs] 1300695K->774570K(2010624K), 0.0288170 secs] [Times: user=0.08 sys=0.00, real=0.02 secs] 
[GC (Allocation Failure) [ParNew: 571729K->68096K(613440K), 0.0548246 secs] 1319914K->857764K(2010624K), 0.0548766 secs] [Times: user=0.20 sys=0.00, real=0.05 secs] 
[GC (Allocation Failure) [ParNew: 613440K->47273K(613440K), 0.0286970 secs] 1403108K->899439K(2010624K), 0.0287465 secs] [Times: user=0.17 sys=0.02, real=0.03 secs] 
[GC (Allocation Failure) [ParNew: 592617K->68096K(613440K), 0.0721183 secs] 1444783K->960672K(2010624K), 0.0721709 secs] [Times: user=0.22 sys=0.00, real=0.07 secs] 
[GC (Allocation Failure) [ParNew (0: promotion failure size = 1854)  (1: promotion failure size = 97)  (2: promotion failure size = 97)  (3: promotion failure size = 97)  (4: promotion failure size = 1854)  (5: promotion failure size = 97)  (6: promotion failure size = 97)  (7: promotion failure size = 1854)  (promotion failed): 613440K->586378K(613440K), 1.8473915 secs][CMS: 931979K->752275K(1397184K), 1.8932629 secs] 1506016K->752275K(2010624K), [Metaspace: 9996K->9996K(10240K)], 3.7408701 secs] [Times: user=3.92 sys=0.62, real=3.73 secs] 

*** PauseDetector detected a 3735 ms pause at Fri Dec 19 18:55:31 EET 2014 ***

[GC (Allocation Failure) [ParNew: 545344K->68096K(613440K), 0.0510098 secs] 1297619K->863850K(2010624K), 0.0510605 secs] [Times: user=0.19 sys=0.00, real=0.05 secs] 
[GC (Allocation Failure) [ParNew: 613440K->26200K(613440K), 0.0392144 secs] 1409194K->882534K(2010624K), 0.0392657 secs] [Times: user=0.13 sys=0.00, real=0.04 secs] 
[GC (Allocation Failure) [ParNew: 571544K->68096K(613440K), 0.0507974 secs] 1427878K->964661K(2010624K), 0.0508500 secs] [Times: user=0.19 sys=0.00, real=0.05 secs] 
[GC (Allocation Failure) [ParNew: 613440K->34085K(613440K), 0.0398277 secs] 1510005K->994102K(2010624K), 0.0398784 secs] [Times: user=0.12 sys=0.00, real=0.04 secs] 
[Full GC (System.gc()) [CMS: 960016K->750329K(1397184K), 1.4491949 secs] 1532710K->750329K(2010624K), [Metaspace: 9996K->9996K(10240K)], 1.4494252 secs] [Times: user=1.45 sys=0.00, real=1.44 secs] 
[Full GC (System.gc()) [CMS: 750329K->750253K(1397184K), 1.2652807 secs] 761233K->750253K(2010624K), [Metaspace: 9996K->9996K(10240K)], 1.2654777 secs] [Times: user=1.26 sys=0.00, real=1.27 secs] 
[Full GC (System.gc()) [CMS: 750253K->745881K(1397184K), 1.2766604 secs] 761156K->745881K(2010624K), [Metaspace: 9996K->9996K(10240K)]
*** PauseDetector detected a 1447 ms pause at Fri Dec 19 18:55:40 EET 2014 ***

, 1.2768554 secs] [Times: user=1.26 sys=0.00, real=1.27 secs] 

*** PauseDetector detected a 2552 ms pause at Fri Dec 19 18:55:42 EET 2014 ***

[GC (Allocation Failure) [ParNew: 545344K->7364K(613440K), 0.0075321 secs] 1291225K->753245K(2010624K), 0.0075789 secs] [Times: user=0.00 sys=0.00, real=0.01 secs] 
[GC (Allocation Failure) [ParNew: 552708K->68096K(613440K), 0.0616728 secs] 1298589K->859962K(2010624K), 0.0617344 secs] [Times: user=0.19 sys=0.00, real=0.05 secs] 
[GC (Allocation Failure) [ParNew: 613440K->26389K(613440K), 0.0384092 secs] 1405306K->881767K(2010624K), 0.0384939 secs] [Times: user=0.12 sys=0.00, real=0.04 secs] 
[GC (Allocation Failure) [ParNew: 571733K->68096K(613440K), 0.1730664 secs] 1427111K->991447K(2010624K), 0.1731299 secs] [Times: user=0.73 sys=0.00, real=0.17 secs] 
[GC (Allocation Failure) [ParNew: 613440K->27367K(613440K), 0.0844269 secs] 1536791K->1015809K(2010624K), 0.0844821 secs] [Times: user=0.34 sys=0.00, real=0.08 secs] 
[GC (Allocation Failure) [ParNew: 572711K->68096K(613440K), 0.1942358 secs] 1561153K->1113539K(2010624K), 0.1943032 secs] [Times: user=0.95 sys=0.00, real=0.19 secs] 
[Full GC (System.gc()) [CMS: 1045443K->763318K(1397184K), 1.5594786 secs] 1212345K->763318K(2010624K), [Metaspace: 9996K->9996K(10240K)], 1.5597205 secs] [Times: user=1.55 sys=0.00, real=1.55 secs] 
[Full GC (System.gc()) [CMS: 763318K->763240K(1397184K), 1.3670591 secs] 763320K->763240K(2010624K), [Metaspace: 9996K->9996K(10240K)], 1.3672297 secs] [Times: user=1.37 sys=0.00, real=1.37 secs] 
[Full GC (System.gc()) [CMS: 763240K->762199K(1397184K), 1.4277861 secs] 774218K->762199K(2010624K), [Metaspace: 9996K->9996K(10240K)]
*** PauseDetector detected a 1551 ms pause at Fri Dec 19 18:55:54 EET 2014 ***

, 1.4281390 secs] [Times: user=1.42 sys=0.02, real=1.43 secs] 
********************************
********** ROUND   88 **********
********************************

*** PauseDetector detected a 2815 ms pause at Fri Dec 19 18:55:57 EET 2014 ***

[GC (Allocation Failure) [ParNew: 545344K->68096K(613440K), 0.1565869 secs] 1307543K->889473K(2010624K), 0.1566356 secs] [Times: user=0.73 sys=0.00, real=0.16 secs] 
[GC (Allocation Failure) [ParNew: 613440K->39319K(613440K), 0.0572254 secs] 1434817K->923256K(2010624K), 0.0572914 secs] [Times: user=0.22 sys=0.00, real=0.06 secs] 
[GC (Allocation Failure) [ParNew: 584663K->68096K(613440K), 0.1343787 secs] 1468600K->1002360K(2010624K), 0.1344262 secs] [Times: user=0.61 sys=0.00, real=0.13 secs] 
[GC (Allocation Failure) [ParNew: 613440K->41380K(613440K), 0.0577476 secs] 1547704K->1039155K(2010624K), 0.0578066 secs] [Times: user=0.19 sys=0.01, real=0.05 secs] 
[GC (Allocation Failure) [ParNew: 586724K->68096K(613440K), 0.1234982 secs] 1584499K->1114853K(2010624K), 0.1235515 secs] [Times: user=0.56 sys=0.00, real=0.12 secs] 
[GC (Allocation Failure) [ParNew: 613440K->34243K(613440K), 0.0541413 secs] 1660197K->1144820K(2010624K), 0.0541894 secs] [Times: user=0.14 sys=0.00, real=0.05 secs] 
[GC (Allocation Failure) [ParNew: 579587K->68096K(613440K), 0.1167412 secs] 1690164K->1226285K(2010624K), 0.1167931 secs] [Times: user=0.50 sys=0.00, real=0.11 secs] 
[GC (Allocation Failure) [ParNew: 613440K->33706K(613440K), 0.0505510 secs] 1771629K->1254307K(2010624K), 0.0506017 secs] [Times: user=0.14 sys=0.00, real=0.05 secs] 
[GC (CMS Initial Mark) [1 CMS-initial-mark: 1220600K(1397184K)] 1265287K(2010624K), 0.0041131 secs] [Times: user=0.00 sys=0.00, real=0.00 secs] 
[CMS-concurrent-mark-start]
[CMS-concurrent-mark: 1.251/1.251 secs] [Times: user=4.13 sys=0.00, real=1.26 secs] 
[CMS-concurrent-preclean-start]
[CMS-concurrent-preclean: 0.177/0.189 secs] [Times: user=0.42 sys=0.00, real=0.19 secs] 
[CMS-concurrent-abortable-preclean-start]
[GC (Allocation Failure) [ParNew[CMS-concurrent-abortable-preclean: 0.038/0.255 secs] [Times: user=0.47 sys=0.00, real=0.26 secs] 
: 579050K->68096K(613440K), 0.0933256 secs] 1799651K->1334576K(2010624K), 0.0933730 secs] [Times: user=0.58 sys=0.00, real=0.09 secs] 
[GC (CMS Final Remark) [YG occupancy: 79148 K (613440 K)][Rescan (parallel) , 0.0569514 secs][weak refs processing, 0.0000199 secs][class unloading, 0.0057748 secs][scrub symbol table, 0.0012517 secs][scrub string table, 0.0003503 secs][1 CMS-remark: 1266480K(1397184K)] 1345628K(2010624K), 0.0652085 secs] [Times: user=0.51 sys=0.00, real=0.07 secs] 
[CMS-concurrent-sweep-start]
[CMS-concurrent-sweep: 0.839/0.839 secs] [Times: user=1.72 sys=0.00, real=0.84 secs] 
[CMS-concurrent-reset-start]
[CMS-concurrent-reset: 0.003/0.003 secs] [Times: user=0.00 sys=0.00, real=0.00 secs] 
[GC (Allocation Failure) [ParNew: 613440K->34164K(613440K), 0.0494796 secs] 1305869K->794420K(2010624K), 0.0495297 secs] [Times: user=0.16 sys=0.00, real=0.05 secs] 
[GC (Allocation Failure) [ParNew: 579508K->68096K(613440K), 0.0954306 secs] 1339764K->873631K(2010624K), 0.0954813 secs] [Times: user=0.38 sys=0.00, real=0.09 secs] 
[GC (Allocation Failure) [ParNew: 613440K->20528K(613440K), 0.0584495 secs] 1418975K->889551K(2010624K), 0.0584976 secs] [Times: user=0.14 sys=0.00, real=0.05 secs] 
[GC (Allocation Failure) [ParNew (0: promotion failure size = 4167)  (1: promotion failure size = 4167)  (2: promotion failure size = 4167)  (3: promotion failure size = 4167)  (4: promotion failure size = 4167)  (5: promotion failure size = 4167)  (6: promotion failure size = 4167)  (7: promotion failure size = 4167)  (promotion failed): 565872K->613440K(613440K), 0.4543852 secs][CMS: 912542K->755390K(1397184K), 1.7756999 secs] 1434895K->755390K(2010624K), [Metaspace: 9996K->9996K(10240K)], 2.2302661 secs] [Times: user=2.53 sys=0.00, real=2.23 secs] 

*** PauseDetector detected a 2230 ms pause at Fri Dec 19 18:56:20 EET 2014 ***

[GC (Allocation Failure) [ParNew: 545344K->27415K(613440K), 0.0067859 secs] 1300734K->782805K(2010624K), 0.0068976 secs] [Times: user=0.06 sys=0.00, real=0.01 secs] 
[GC (Allocation Failure) [ParNew: 572759K->68096K(613440K), 0.0781510 secs] 1328149K->868442K(2010624K), 0.0782023 secs] [Times: user=0.36 sys=0.00, real=0.07 secs] 
[GC (Allocation Failure) [ParNew: 613440K->40740K(613440K), 0.0432608 secs] 1413786K->904713K(2010624K), 0.0433070 secs] [Times: user=0.16 sys=0.00, real=0.04 secs] 
[GC (Allocation Failure) [ParNew: 586084K->68096K(613440K), 0.0859314 secs] 1450057K->975127K(2010624K), 0.0859814 secs] [Times: user=0.27 sys=0.00, real=0.08 secs] 
[GC (Allocation Failure) [ParNew: 613440K->20524K(613440K), 0.0376073 secs] 1520471K->991106K(2010624K), 0.0376778 secs] [Times: user=0.13 sys=0.00, real=0.03 secs] 
[GC (Allocation Failure) [ParNew: 565868K->68096K(613440K), 0.0734701 secs] 1536450K->1082625K(2010624K), 0.0735201 secs] [Times: user=0.28 sys=0.00, real=0.07 secs] 
[GC (Allocation Failure) [ParNew: 613440K->26990K(613440K), 0.0434963 secs] 1627969K->1104170K(2010624K), 0.0435476 secs] [Times: user=0.13 sys=0.00, real=0.04 secs] 
[GC (Allocation Failure) [ParNew: 572334K->68096K(613440K), 0.0750118 secs] 1649514K->1188137K(2010624K), 0.0750580 secs] [Times: user=0.25 sys=0.00, real=0.07 secs] 
[GC (Allocation Failure) [ParNew: 613440K->34122K(613440K), 0.0344032 secs] 1733481K->1217340K(2010624K), 0.0344494 secs] [Times: user=0.13 sys=0.00, real=0.03 secs] 
[GC (CMS Initial Mark) [1 CMS-initial-mark: 1183218K(1397184K)] 1228388K(2010624K), 0.0023578 secs] [Times: user=0.00 sys=0.00, real=0.00 secs] 
[CMS-concurrent-mark-start]
[CMS-concurrent-mark: 1.092/1.092 secs] [Times: user=3.54 sys=0.00, real=1.10 secs] 
[CMS-concurrent-preclean-start]
[CMS-concurrent-preclean: 0.100/0.107 secs] [Times: user=0.22 sys=0.00, real=0.11 secs] 
[CMS-concurrent-abortable-preclean-start]
[GC (Allocation Failure) [ParNew[CMS-concurrent-abortable-preclean: 0.073/0.495 secs] [Times: user=0.80 sys=0.00, real=0.49 secs] 
: 579466K->68096K(613440K), 0.0705798 secs] 1762684K->1296191K(2010624K), 0.0706330 secs] [Times: user=0.30 sys=0.00, real=0.06 secs] 
[GC (CMS Final Remark) [YG occupancy: 68098 K (613440 K)][Rescan (parallel) , 0.0366237 secs][weak refs processing, 0.0000148 secs][class unloading, 0.0054803 secs][scrub symbol table, 0.0010657 secs][scrub string table, 0.0003593 secs][1 CMS-remark: 1228095K(1397184K)] 1296193K(2010624K), 0.0443964 secs] [Times: user=0.23 sys=0.00, real=0.05 secs] 
[CMS-concurrent-sweep-start]
[CMS-concurrent-sweep: 0.616/0.616 secs] [Times: user=1.26 sys=0.00, real=0.62 secs] 
[CMS-concurrent-reset-start]
[CMS-concurrent-reset: 0.003/0.003 secs] [Times: user=0.00 sys=0.00, real=0.00 secs] 
[GC (Allocation Failure) [ParNew: 613440K->26396K(613440K), 0.0421669 secs] 1303237K->777063K(2010624K), 0.0422176 secs] [Times: user=0.12 sys=0.00, real=0.03 secs] 
[GC (Allocation Failure) [ParNew: 571740K->68096K(613440K), 0.0668997 secs] 1322407K->860878K(2010624K), 0.0669465 secs] [Times: user=0.28 sys=0.00, real=0.06 secs] 
[GC (Allocation Failure) [ParNew: 613440K->41047K(613440K), 0.0331271 secs] 1406222K->897275K(2010624K), 0.0332420 secs] [Times: user=0.13 sys=0.00, real=0.03 secs] 
[GC (Allocation Failure) [ParNew: 586391K->68096K(613440K), 0.1118613 secs] 1442619K->965572K(2010624K), 0.1119787 secs] [Times: user=0.30 sys=0.00, real=0.11 secs] 
[GC (Allocation Failure) [ParNew (0: promotion failure size = 1854)  (1: promotion failure size = 1854)  (2: promotion failure size = 1854)  (3: promotion failure size = 1854)  (4: promotion failure size = 1854)  (5: promotion failure size = 1854)  (6: promotion failure size = 1854)  (7: promotion failure size = 1854)  (promotion failed): 613440K->586411K(613440K), 1.2878437 secs][CMS: 942335K->753054K(1397184K), 1.6678292 secs] 1510916K->753054K(2010624K), [Metaspace: 9996K->9996K(10240K)], 2.9558159 secs] [Times: user=3.04 sys=0.13, real=2.95 secs] 

*** PauseDetector detected a 2951 ms pause at Fri Dec 19 18:56:46 EET 2014 ***

[GC (CMS Initial Mark) [1 CMS-initial-mark: 753054K(1397184K)] 753056K(2010624K), 0.0004100 secs] [Times: user=0.00 sys=0.00, real=0.00 secs] 
[CMS-concurrent-mark-start]
[CMS-concurrent-mark: 1.086/1.087 secs] [Times: user=3.48 sys=0.00, real=1.09 secs] 
[CMS-concurrent-preclean-start]
[CMS-concurrent-preclean: 0.071/0.074 secs] [Times: user=0.16 sys=0.00, real=0.07 secs] 
[CMS-concurrent-abortable-preclean-start]
[GC (Allocation Failure) [ParNew[CMS-concurrent-abortable-preclean: 0.017/0.416 secs] [Times: user=0.52 sys=0.00, real=0.42 secs] 
: 545344K->68096K(613440K), 0.0604884 secs] 1298398K->862797K(2010624K), 0.0605378 secs] [Times: user=0.19 sys=0.00, real=0.06 secs] 
[GC (CMS Final Remark) [YG occupancy: 79076 K (613440 K)][Rescan (parallel) , 0.0283455 secs][weak refs processing, 0.0000199 secs][class unloading, 0.0053726 secs][scrub symbol table, 0.0010586 secs][scrub string table, 0.0003516 secs][1 CMS-remark: 794701K(1397184K)] 873778K(2010624K), 0.0359956 secs] [Times: user=0.16 sys=0.00, real=0.03 secs] 
[CMS-concurrent-sweep-start]
[CMS-concurrent-sweep: 0.430/0.430 secs] [Times: user=0.89 sys=0.00, real=0.44 secs] 
[CMS-concurrent-reset-start]
[CMS-concurrent-reset: 0.003/0.003 secs] [Times: user=0.03 sys=0.00, real=0.00 secs] 
[GC (Allocation Failure) [ParNew: 613440K->41066K(613440K), 0.0398592 secs] 1303487K->794942K(2010624K), 0.0399189 secs] [Times: user=0.13 sys=0.00, real=0.04 secs] 
[GC (Allocation Failure) [ParNew: 586410K->68096K(613440K), 0.0597942 secs] 1340286K->862939K(2010624K), 0.0598443 secs] [Times: user=0.22 sys=0.00, real=0.06 secs] 
[GC (Allocation Failure) [ParNew: 613440K->34225K(613440K), 0.0313679 secs] 1408283K->892704K(2010624K), 0.0314128 secs] [Times: user=0.11 sys=0.00, real=0.03 secs] 
[GC (Allocation Failure) [ParNew: 579569K->68096K(613440K), 0.0607200 secs] 1438048K->970244K(2010624K), 0.0607726 secs] [Times: user=0.22 sys=0.00, real=0.06 secs] 
[GC (Allocation Failure) [ParNew: 613440K->19752K(613440K), 0.0463141 secs] 1515588K->982686K(2010624K), 0.0463667 secs] [Times: user=0.13 sys=0.00, real=0.04 secs] 
[GC (Allocation Failure) [ParNew: 565096K->68096K(613440K), 0.0568282 secs] 1528030K->1075481K(2010624K), 0.0568783 secs] [Times: user=0.28 sys=0.00, real=0.05 secs] 
[GC (Allocation Failure) [ParNew: 613440K->25968K(613440K), 0.0283756 secs] 1620825K->1093064K(2010624K), 0.0284423 secs] [Times: user=0.13 sys=0.00, real=0.03 secs] 
[GC (Allocation Failure) [ParNew: 571312K->68096K(613440K), 0.0566082 secs] 1638408K->1179002K(2010624K), 0.0566563 secs] [Times: user=0.22 sys=0.00, real=0.06 secs] 
[GC (Allocation Failure) [ParNew: 613440K->19610K(613440K), 0.0281139 secs] 1724346K->1190832K(2010624K), 0.0281748 secs] [Times: user=0.06 sys=0.00, real=0.02 secs] 
[GC (CMS Initial Mark) [1 CMS-initial-mark: 1171222K(1397184K)] 1201813K(2010624K), 0.0033439 secs] [Times: user=0.00 sys=0.00, real=0.00 secs] 
[CMS-concurrent-mark-start]
[CMS-concurrent-mark: 1.140/1.140 secs] [Times: user=3.65 sys=0.00, real=1.15 secs] 
[CMS-concurrent-preclean-start]
[CMS-concurrent-preclean: 0.076/0.080 secs] [Times: user=0.16 sys=0.00, real=0.08 secs] 
[CMS-concurrent-abortable-preclean-start]
[GC (Allocation Failure) [ParNew[CMS-concurrent-abortable-preclean: 0.075/0.381 secs] [Times: user=0.64 sys=0.00, real=0.39 secs] 
: 564954K->68096K(613440K), 0.0546629 secs] 1736176K->1280729K(2010624K), 0.0547149 secs] [Times: user=0.34 sys=0.00, real=0.05 secs] 
[GC (CMS Final Remark) [YG occupancy: 79076 K (613440 K)][Rescan (parallel) , 0.0255046 secs][weak refs processing, 0.0000218 secs][class unloading, 0.0054252 secs][scrub symbol table, 0.0010573 secs][scrub string table, 0.0003522 secs][1 CMS-remark: 1212633K(1397184K)] 1291709K(2010624K), 0.0332080 secs] [Times: user=0.22 sys=0.00, real=0.03 secs] 
[CMS-concurrent-sweep-start]
[CMS-concurrent-sweep: 0.564/0.564 secs] [Times: user=1.15 sys=0.00, real=0.57 secs] 
[CMS-concurrent-reset-start]
[CMS-concurrent-reset: 0.003/0.003 secs] [Times: user=0.00 sys=0.00, real=0.00 secs] 
[GC (Allocation Failure) [ParNew: 613440K->27027K(613440K), 0.0476203 secs] 1298896K->775039K(2010624K), 0.0477762 secs] [Times: user=0.20 sys=0.00, real=0.04 secs] 
[GC (Allocation Failure) [ParNew: 572371K->68096K(613440K), 0.0549369 secs] 1320383K->857614K(2010624K), 0.0549882 secs] [Times: user=0.19 sys=0.00, real=0.05 secs] 
[GC (Allocation Failure) [ParNew (0: promotion failure size = 1854)  (1: promotion failure size = 1854)  (2: promotion failure size = 1854)  (3: promotion failure size = 1854)  (4: promotion failure size = 1854)  (6: promotion failure size = 1854)  (7: promotion failure size = 1854)  (promotion failed): 613440K->572356K(613440K), 0.3082054 secs][CMS: 851696K->752276K(1397184K), 1.5809573 secs] 1402958K->752276K(2010624K), [Metaspace: 9996K->9996K(10240K)], 1.8892390 secs] [Times: user=1.93 sys=0.00, real=1.88 secs] 

*** PauseDetector detected a 1887 ms pause at Fri Dec 19 18:57:09 EET 2014 ***

[GC (Allocation Failure) [ParNew: 545344K->68096K(613440K), 0.0525181 secs] 1297620K->861768K(2010624K), 0.0525688 secs] [Times: user=0.28 sys=0.00, real=0.05 secs] 
[GC (Allocation Failure) [ParNew: 613440K->27000K(613440K), 0.0318247 secs] 1407112K->883346K(2010624K), 0.0318889 secs] [Times: user=0.12 sys=0.00, real=0.03 secs] 
[GC (Allocation Failure) [ParNew: 572344K->68096K(613440K), 0.0524001 secs] 1428690K->968948K(2010624K), 0.0524482 secs] [Times: user=0.20 sys=0.00, real=0.05 secs] 
[GC (Allocation Failure) [ParNew: 613440K->32114K(613440K), 0.0322001 secs] 1514292K->991997K(2010624K), 0.0322501 secs] [Times: user=0.13 sys=0.00, real=0.03 secs] 
[GC (Allocation Failure) [ParNew: 577458K->68096K(613440K), 0.0509905 secs] 1537341K->1068656K(2010624K), 0.0510457 secs] [Times: user=0.20 sys=0.00, real=0.05 secs] 
[Full GC (System.gc()) [CMS: 1000560K->750486K(1397184K), 1.5649487 secs] 1521038K->750486K(2010624K), [Metaspace: 9996K->9996K(10240K)], 1.5651828 secs] [Times: user=1.56 sys=0.00, real=1.56 secs] 
[Full GC (System.gc()) [CMS: 750486K->750487K(1397184K), 1.3481531 secs] 761422K->750487K(2010624K), [Metaspace: 9996K->9996K(10240K)], 1.3483257 secs] [Times: user=1.36 sys=0.00, real=1.35 secs] 
[Full GC (System.gc()) [CMS: 750487K->750487K(1397184K), 1.3018230 secs] 750487K->750487K(2010624K), [Metaspace: 9996K->9996K(10240K)]
*** PauseDetector detected a 1559 ms pause at Fri Dec 19 18:57:19 EET 2014 ***

, 1.3019898 secs] [Times: user=1.30 sys=0.00, real=1.30 secs] 

*** PauseDetector detected a 2660 ms pause at Fri Dec 19 18:57:22 EET 2014 ***

[GC (Allocation Failure) [ParNew: 545344K->68096K(613440K), 0.0515134 secs] 1295831K->863428K(2010624K), 0.0515602 secs] [Times: user=0.20 sys=0.00, real=0.05 secs] 
[GC (Allocation Failure) [ParNew: 613440K->30500K(613440K), 0.0361823 secs] 1408772K->884830K(2010624K), 0.0362574 secs] [Times: user=0.13 sys=0.00, real=0.03 secs] 
[GC (Allocation Failure) [ParNew: 575844K->68096K(613440K), 0.1826355 secs] 1430174K->990497K(2010624K), 0.1827009 secs] [Times: user=0.76 sys=0.00, real=0.18 secs] 
[GC (Allocation Failure) [ParNew: 613440K->27558K(613440K), 0.0855246 secs] 1535841K->1014568K(2010624K), 0.0855869 secs] [Times: user=0.28 sys=0.00, real=0.08 secs] 
[GC (Allocation Failure) [ParNew: 572902K->68096K(613440K), 0.1849599 secs] 1559912K->1112254K(2010624K), 0.1850074 secs] [Times: user=0.90 sys=0.00, real=0.18 secs] 
[GC (Allocation Failure) [ParNew: 613440K->27395K(613440K), 0.0795541 secs] 1657598K->1135109K(2010624K), 0.0796157 secs] [Times: user=0.28 sys=0.00, real=0.07 secs] 
[Full GC (System.gc()) [CMS: 1107714K->752014K(1397184K), 1.6175021 secs] 1146046K->752014K(2010624K), [Metaspace: 9996K->9996K(10240K)], 1.6178562 secs] [Times: user=1.61 sys=0.00, real=1.61 secs] 
[Full GC (System.gc()) [CMS: 752014K->752014K(1397184K), 1.4020538 secs] 752016K->752014K(2010624K), [Metaspace: 9996K->9996K(10240K)], 1.4023861 secs] [Times: user=1.40 sys=0.00, real=1.41 secs] 
[Full GC (System.gc()) [CMS: 752014K->752015K(1397184K), 1.6901439 secs] 762950K->752015K(2010624K), [Metaspace: 9996K->9996K(10240K)]
*** PauseDetector detected a 3017 ms pause at Fri Dec 19 18:57:35 EET 2014 ***


*** PauseDetector detected a 1703 ms pause at Fri Dec 19 18:57:36 EET 2014 ***

, 1.6903812 secs] [Times: user=1.70 sys=0.00, real=1.69 secs] 
********************************
********** ROUND   89 **********
********************************
[GC (Allocation Failure) [ParNew: 545344K->68096K(613440K), 0.1512727 secs] 1297359K->876700K(2010624K), 0.1513202 secs] [Times: user=0.70 sys=0.00, real=0.15 secs] 
[GC (Allocation Failure) [ParNew: 613440K->20567K(613440K), 0.0609735 secs] 1422044K->894056K(2010624K), 0.0610209 secs] [Times: user=0.20 sys=0.00, real=0.06 secs] 
[GC (Allocation Failure) [ParNew: 565911K->68096K(613440K), 0.1373255 secs] 1439400K->993558K(2010624K), 0.1373723 secs] [Times: user=0.58 sys=0.00, real=0.13 secs] 
[GC (Allocation Failure) [ParNew: 613440K->33586K(613440K), 0.0585894 secs] 1538902K->1021592K(2010624K), 0.0586407 secs] [Times: user=0.14 sys=0.00, real=0.06 secs] 
[GC (Allocation Failure) [ParNew: 578930K->68096K(613440K), 0.1256122 secs] 1566936K->1105207K(2010624K), 0.1256603 secs] [Times: user=0.52 sys=0.00, real=0.12 secs] 
[GC (Allocation Failure) [ParNew: 613440K->20487K(613440K), 0.0544217 secs] 1650551K->1121203K(2010624K), 0.0545365 secs] [Times: user=0.14 sys=0.00, real=0.05 secs] 
[GC (Allocation Failure) [ParNew: 565831K->68096K(613440K), 0.1130091 secs] 1666547K->1216048K(2010624K), 0.1130585 secs] [Times: user=0.50 sys=0.00, real=0.11 secs] 
[GC (Allocation Failure) [ParNew: 613440K->27147K(613440K), 0.0601952 secs] 1761392K->1240066K(2010624K), 0.0602453 secs] [Times: user=0.20 sys=0.00, real=0.06 secs] 
[GC (CMS Initial Mark) [1 CMS-initial-mark: 1212918K(1397184K)] 1251002K(2010624K), 0.0052314 secs] [Times: user=0.00 sys=0.00, real=0.00 secs] 
[CMS-concurrent-mark-start]
[CMS-concurrent-mark: 1.201/1.201 secs] [Times: user=4.04 sys=0.00, real=1.21 secs] 
[CMS-concurrent-preclean-start]
[CMS-concurrent-preclean: 0.170/0.182 secs] [Times: user=0.34 sys=0.00, real=0.18 secs] 
[CMS-concurrent-abortable-preclean-start]
[GC (Allocation Failure) [ParNew[CMS-concurrent-abortable-preclean: 0.061/0.407 secs] [Times: user=0.67 sys=0.00, real=0.41 secs] 
: 572491K->68096K(613440K), 0.1092597 secs] 1785410K->1326912K(2010624K), 0.1093053 secs] [Times: user=0.50 sys=0.00, real=0.10 secs] 
[GC (CMS Final Remark) [YG occupancy: 79032 K (613440 K)][Rescan (parallel) , 0.0615611 secs][weak refs processing, 0.0000154 secs][class unloading, 0.0080717 secs][scrub symbol table, 0.0017085 secs][scrub string table, 0.0005697 secs][1 CMS-remark: 1258816K(1397184K)] 1337849K(2010624K), 0.0732051 secs] [Times: user=0.34 sys=0.00, real=0.07 secs] 
[CMS-concurrent-sweep-start]
[CMS-concurrent-sweep: 0.755/0.755 secs] [Times: user=1.55 sys=0.00, real=0.76 secs] 
[CMS-concurrent-reset-start]
[CMS-concurrent-reset: 0.003/0.003 secs] [Times: user=0.00 sys=0.00, real=0.00 secs] 
[GC (Allocation Failure) [ParNew: 613440K->34240K(613440K), 0.0459157 secs] 1306348K->790602K(2010624K), 0.0459657 secs] [Times: user=0.14 sys=0.00, real=0.04 secs] 
[GC (Allocation Failure) [ParNew: 579584K->68096K(613440K), 0.0988123 secs] 1335946K->869664K(2010624K), 0.0988617 secs] [Times: user=0.42 sys=0.00, real=0.10 secs] 
[GC (Allocation Failure) [ParNew: 613440K->20533K(613440K), 0.0454127 secs] 1415008K->885635K(2010624K), 0.0454601 secs] [Times: user=0.08 sys=0.00, real=0.04 secs] 
[GC (Allocation Failure) [ParNew (0: promotion failure size = 4167)  (1: promotion failure size = 4167)  (2: promotion failure size = 4167)  (3: promotion failure size = 4167)  (4: promotion failure size = 4167)  (5: promotion failure size = 4167)  (6: promotion failure size = 4167)  (7: promotion failure size = 4167)  (promotion failed): 565877K->613440K(613440K), 0.7471485 secs][CMS: 906073K->755384K(1397184K), 1.8210805 secs] 1430979K->755384K(2010624K), [Metaspace: 9996K->9996K(10240K)]
*** PauseDetector detected a 2567 ms pause at Fri Dec 19 18:58:00 EET 2014 ***

, 2.5682906 secs] [Times: user=2.81 sys=0.23, real=2.56 secs] 
[GC (Allocation Failure) [ParNew: 545344K->27425K(613440K), 0.0070843 secs] 1300728K->782809K(2010624K), 0.0071273 secs] [Times: user=0.00 sys=0.00, real=0.01 secs] 
[GC (Allocation Failure) [ParNew: 572769K->68096K(613440K), 0.0812819 secs] 1328153K->868067K(2010624K), 0.0813313 secs] [Times: user=0.34 sys=0.00, real=0.08 secs] 
[GC (Allocation Failure) [ParNew: 613440K->34124K(613440K), 0.0387384 secs] 1413411K->897879K(2010624K), 0.0387826 secs] [Times: user=0.14 sys=0.00, real=0.03 secs] 
[GC (Allocation Failure) [ParNew: 579468K->68096K(613440K), 0.0749848 secs] 1443223K->975429K(2010624K), 0.0750329 secs] [Times: user=0.34 sys=0.00, real=0.07 secs] 
[GC (Allocation Failure) [ParNew: 613440K->27199K(613440K), 0.0371011 secs] 1520773K->997638K(2010624K), 0.0371524 secs] [Times: user=0.13 sys=0.00, real=0.03 secs] 
[GC (Allocation Failure) [ParNew: 572543K->68096K(613440K), 0.0719746 secs] 1542982K->1081269K(2010624K), 0.0720252 secs] [Times: user=0.30 sys=0.00, real=0.07 secs] 
[GC (Allocation Failure) [ParNew: 613440K->34265K(613440K), 0.0431338 secs] 1626613K->1111165K(2010624K), 0.0432923 secs] [Times: user=0.13 sys=0.00, real=0.04 secs] 
[GC (Allocation Failure) [ParNew: 579609K->68096K(613440K), 0.0714491 secs] 1656509K->1190399K(2010624K), 0.0714985 secs] [Times: user=0.26 sys=0.00, real=0.07 secs] 
[GC (Allocation Failure) [ParNew: 613440K->13151K(613440K), 0.0360001 secs] 1735743K->1196108K(2010624K), 0.0361188 secs] [Times: user=0.12 sys=0.00, real=0.04 secs] 
[GC (CMS Initial Mark) [1 CMS-initial-mark: 1182957K(1397184K)] 1196110K(2010624K), 0.0043345 secs] [Times: user=0.02 sys=0.00, real=0.00 secs] 
[CMS-concurrent-mark-start]
[CMS-concurrent-mark: 1.070/1.070 secs] [Times: user=3.46 sys=0.00, real=1.07 secs] 
[CMS-concurrent-preclean-start]
[CMS-concurrent-preclean: 0.098/0.104 secs] [Times: user=0.22 sys=0.00, real=0.10 secs] 
[CMS-concurrent-abortable-preclean-start]
[GC (Allocation Failure) [ParNew: 558495K->68096K(613440K), 0.0714299 secs] 1741452K->1294489K(2010624K), 0.0714818 secs] [Times: user=0.28 sys=0.00, real=0.07 secs] 
[CMS-concurrent-abortable-preclean: 0.775/1.366 secs] [Times: user=2.37 sys=0.00, real=1.37 secs] 
[GC (CMS Final Remark) [YG occupancy: 430517 K (613440 K)][Rescan (parallel) , 0.0898347 secs][weak refs processing, 0.0000167 secs][class unloading, 0.0055426 secs][scrub symbol table, 0.0011529 secs][scrub string table, 0.0003894 secs][1 CMS-remark: 1226393K(1397184K)] 1656911K(2010624K), 0.0977852 secs] [Times: user=0.44 sys=0.00, real=0.10 secs] 
[CMS-concurrent-sweep-start]
[GC (Allocation Failure) [ParNew: 613440K->47284K(613440K), 0.0336590 secs] 1750079K->1247174K(2010624K), 0.0337097 secs] [Times: user=0.11 sys=0.00, real=0.03 secs] 
[CMS-concurrent-sweep: 0.622/0.656 secs] [Times: user=1.42 sys=0.00, real=0.65 secs] 
[CMS-concurrent-reset-start]
[CMS-concurrent-reset: 0.003/0.003 secs] [Times: user=0.00 sys=0.00, real=0.00 secs] 
[GC (Allocation Failure) [ParNew: 592628K->68096K(613440K), 0.0658988 secs] 1343980K->861566K(2010624K), 0.0659489 secs] [Times: user=0.23 sys=0.00, real=0.06 secs] 
[GC (Allocation Failure) [ParNew: 613440K->27357K(613440K), 0.0338572 secs] 1406910K->884270K(2010624K), 0.0339002 secs] [Times: user=0.13 sys=0.00, real=0.03 secs] 
[GC (Allocation Failure) [ParNew: 572701K->68096K(613440K), 0.0883931 secs] 1429614K->966211K(2010624K), 0.0884406 secs] [Times: user=0.27 sys=0.00, real=0.09 secs] 
[GC (Allocation Failure) [ParNew (0: promotion failure size = 1854)  (1: promotion failure size = 1854)  (2: promotion failure size = 1854)  (3: promotion failure size = 1854)  (4: promotion failure size = 1854)  (5: promotion failure size = 1854)  (6: promotion failure size = 1854)  (7: promotion failure size = 1854)  (promotion failed): 613440K->559056K(613440K), 1.4731160 secs][CMS: 947078K->753047K(1397184K), 1.6498080 secs] 1511555K->753047K(2010624K), [Metaspace: 9996K->9996K(10240K)], 3.1230658 secs] [Times: user=3.10 sys=0.38, real=3.11 secs] 

*** PauseDetector detected a 3127 ms pause at Fri Dec 19 18:58:25 EET 2014 ***

[GC (Allocation Failure) [ParNew: 545344K->68096K(613440K), 0.0602036 secs] 1298391K->864862K(2010624K), 0.0602523 secs] [Times: user=0.20 sys=0.00, real=0.06 secs] 
[GC (Allocation Failure) [ParNew: 613440K->26747K(613440K), 0.0319101 secs] 1410206K->885350K(2010624K), 0.0319614 secs] [Times: user=0.13 sys=0.00, real=0.03 secs] 
[GC (Allocation Failure) [ParNew: 572091K->68096K(613440K), 0.0599001 secs] 1430694K->970112K(2010624K), 0.0599469 secs] [Times: user=0.28 sys=0.00, real=0.06 secs] 
[GC (Allocation Failure) [ParNew: 613440K->26532K(613440K), 0.0321038 secs] 1515456K->990033K(2010624K), 0.0321449 secs] [Times: user=0.13 sys=0.00, real=0.03 secs] 
[GC (Allocation Failure) [ParNew: 571876K->68096K(613440K), 0.0594972 secs] 1535377K->1075761K(2010624K), 0.0595492 secs] [Times: user=0.17 sys=0.00, real=0.06 secs] 
[GC (Allocation Failure) [ParNew: 613440K->32659K(613440K), 0.0332099 secs] 1621105K->1100430K(2010624K), 0.0332619 secs] [Times: user=0.13 sys=0.00, real=0.03 secs] 
[GC (Allocation Failure) [ParNew: 578003K->68096K(613440K), 0.0579439 secs] 1645774K->1178213K(2010624K), 0.0579965 secs] [Times: user=0.19 sys=0.00, real=0.06 secs] 
[GC (Allocation Failure) [ParNew: 613440K->26692K(613440K), 0.0313057 secs] 1723557K->1198723K(2010624K), 0.0313718 secs] [Times: user=0.13 sys=0.00, real=0.03 secs] 
[GC (CMS Initial Mark) [1 CMS-initial-mark: 1172031K(1397184K)] 1198725K(2010624K), 0.0032971 secs] [Times: user=0.00 sys=0.00, real=0.00 secs] 
[CMS-concurrent-mark-start]
[CMS-concurrent-mark: 1.116/1.116 secs] [Times: user=3.57 sys=0.00, real=1.12 secs] 
[CMS-concurrent-preclean-start]
[CMS-concurrent-preclean: 0.075/0.081 secs] [Times: user=0.16 sys=0.00, real=0.08 secs] 
[CMS-concurrent-abortable-preclean-start]
[GC (Allocation Failure) [ParNew[CMS-concurrent-abortable-preclean: 0.059/0.385 secs] [Times: user=0.55 sys=0.00, real=0.38 secs] 
: 572036K->68096K(613440K), 0.0583590 secs] 1744067K->1282225K(2010624K), 0.0584071 secs] [Times: user=0.20 sys=0.00, real=0.06 secs] 
[GC (CMS Final Remark) [YG occupancy: 79091 K (613440 K)][Rescan (parallel) , 0.0285136 secs][weak refs processing, 0.0000154 secs][class unloading, 0.0054835 secs][scrub symbol table, 0.0010548 secs][scrub string table, 0.0003522 secs][1 CMS-remark: 1214129K(1397184K)] 1293221K(2010624K), 0.0362548 secs] [Times: user=0.17 sys=0.00, real=0.04 secs] 
[CMS-concurrent-sweep-start]
[CMS-concurrent-sweep: 0.518/0.518 secs] [Times: user=1.05 sys=0.00, real=0.52 secs] 
[CMS-concurrent-reset-start]
[CMS-concurrent-reset: 0.003/0.003 secs] [Times: user=0.00 sys=0.00, real=0.00 secs] 
[GC (Allocation Failure) [ParNew: 613440K->26814K(613440K), 0.0285745 secs] 1299795K->775119K(2010624K), 0.0287278 secs] [Times: user=0.13 sys=0.00, real=0.02 secs] 
[GC (Allocation Failure) [ParNew: 572158K->68096K(613440K), 0.0552788 secs] 1320463K->856959K(2010624K), 0.0553282 secs] [Times: user=0.20 sys=0.00, real=0.05 secs] 
[GC (Allocation Failure) [ParNew: 613440K->34236K(613440K), 0.0303459 secs] 1402303K->886499K(2010624K), 0.0303940 secs] [Times: user=0.12 sys=0.00, real=0.03 secs] 
[GC (Allocation Failure) [ParNew: 579580K->68096K(613440K), 0.0682387 secs] 1431843K->960799K(2010624K), 0.0682887 secs] [Times: user=0.22 sys=0.00, real=0.07 secs] 
[GC (Allocation Failure) [ParNew (0: promotion failure size = 1854)  (1: promotion failure size = 1854)  (2: promotion failure size = 1854)  (3: promotion failure size = 97)  (4: promotion failure size = 97)  (5: promotion failure size = 97)  (6: promotion failure size = 1854)  (7: promotion failure size = 97)  (promotion failed): 613440K->565877K(613440K), 2.2223555 secs][CMS: 916340K->752220K(1397184K), 1.6802277 secs] 1506143K->752220K(2010624K), [Metaspace: 9996K->9996K(10240K)], 3.9027211 secs] [Times: user=3.93 sys=0.42, real=3.90 secs] 

*** PauseDetector detected a 3906 ms pause at Fri Dec 19 18:58:50 EET 2014 ***

[GC (Allocation Failure) [ParNew: 545344K->68096K(613440K), 0.0512382 secs] 1297564K->862318K(2010624K), 0.0512889 secs] [Times: user=0.28 sys=0.00, real=0.05 secs] 
[GC (Allocation Failure) [ParNew: 613440K->33490K(613440K), 0.0389456 secs] 1407662K->889905K(2010624K), 0.0389995 secs] [Times: user=0.13 sys=0.00, real=0.04 secs] 
[GC (Allocation Failure) [ParNew: 578834K->68096K(613440K), 0.0505761 secs] 1435249K->967652K(2010624K), 0.0506293 secs] [Times: user=0.20 sys=0.00, real=0.05 secs] 
[GC (Allocation Failure) [ParNew: 613440K->26153K(613440K), 0.0280773 secs] 1512996K->986094K(2010624K), 0.0281421 secs] [Times: user=0.06 sys=0.00, real=0.03 secs] 
[GC (Allocation Failure) [ParNew: 571497K->68096K(613440K), 0.0509488 secs] 1531438K->1070537K(2010624K), 0.0510091 secs] [Times: user=0.22 sys=0.00, real=0.05 secs] 
[Full GC (System.gc()) [CMS: 1002441K->748300K(1397184K), 1.4823458 secs] 1312414K->748300K(2010624K), [Metaspace: 9996K->9996K(10240K)], 1.4826653 secs] [Times: user=1.48 sys=0.00, real=1.48 secs] 
[Full GC (System.gc()) [CMS: 748300K->748300K(1397184K), 1.6171710 secs] 748302K->748300K(2010624K), [Metaspace: 9996K->9996K(10240K)], 1.6174584 secs] [Times: user=1.62 sys=0.00, real=1.62 secs] 
[Full GC (System.gc()) [CMS: 748300K->748301K(1397184K), 1.4360240 secs] 759234K->748301K(2010624K), [Metaspace: 9996K->9996K(10240K)]
*** PauseDetector detected a 1476 ms pause at Fri Dec 19 18:59:00 EET 2014 ***

, 1.4362338 secs] [Times: user=1.43 sys=0.00, real=1.44 secs] 

*** PauseDetector detected a 3067 ms pause at Fri Dec 19 18:59:03 EET 2014 ***

[GC (Allocation Failure) [ParNew: 545344K->68096K(613440K), 0.0625440 secs] 1293645K->863306K(2010624K), 0.0626063 secs] [Times: user=0.27 sys=0.00, real=0.06 secs] 
[GC (Allocation Failure) [ParNew: 613440K->36975K(613440K), 0.0390457 secs] 1408650K->889072K(2010624K), 0.0391124 secs] [Times: user=0.12 sys=0.00, real=0.04 secs] 
[GC (Allocation Failure) [ParNew: 582319K->68096K(613440K), 0.1596799 secs] 1434416K->988309K(2010624K), 0.1597306 secs] [Times: user=0.70 sys=0.00, real=0.16 secs] 
[GC (Allocation Failure) [ParNew: 613440K->27493K(613440K), 0.0871664 secs] 1533653K->1012189K(2010624K), 0.0872293 secs] [Times: user=0.28 sys=0.00, real=0.08 secs] 
[GC (Allocation Failure) [ParNew: 572837K->68096K(613440K), 0.2037279 secs] 1557533K->1109830K(2010624K), 0.2037940 secs] [Times: user=0.95 sys=0.00, real=0.20 secs] 
[GC (Allocation Failure) [ParNew: 613440K->13715K(613440K), 0.0769160 secs] 1655174K->1119493K(2010624K), 0.0769788 secs] [Times: user=0.30 sys=0.00, real=0.08 secs] 
[Full GC (System.gc()) [CMS: 1105778K->733843K(1397184K), 1.7673165 secs] 1130429K->733843K(2010624K), [Metaspace: 9996K->9996K(10240K)], 1.7675538 secs] [Times: user=1.76 sys=0.00, real=1.76 secs] 
[Full GC (System.gc()) [CMS: 733843K->733843K(1397184K), 1.5613757 secs] 733845K->733843K(2010624K), [Metaspace: 9996K->9996K(10240K)], 1.5617093 secs] [Times: user=1.56 sys=0.00, real=1.56 secs] 
[Full GC (System.gc()) [CMS: 733843K->733843K(1397184K), 1.3860843 secs] 733843K->733843K(2010624K), [Metaspace: 9996K->9996K(10240K)]
*** PauseDetector detected a 1768 ms pause at Fri Dec 19 18:59:15 EET 2014 ***


*** PauseDetector detected a 2960 ms pause at Fri Dec 19 18:59:18 EET 2014 ***

, 1.3862845 secs] [Times: user=1.39 sys=0.00, real=1.39 secs] 
********************************
********** ROUND   90 **********
********************************
[GC (Allocation Failure) [ParNew: 545344K->68096K(613440K), 0.1426262 secs] 1279187K->858781K(2010624K), 0.1426730 secs] [Times: user=0.58 sys=0.00, real=0.14 secs] 
[GC (Allocation Failure) [ParNew: 613440K->20576K(613440K), 0.0613956 secs] 1404125K->875882K(2010624K), 0.0614508 secs] [Times: user=0.23 sys=0.00, real=0.06 secs] 
[GC (Allocation Failure) [ParNew: 565920K->68096K(613440K), 0.1335049 secs] 1421226K->973817K(2010624K), 0.1335877 secs] [Times: user=0.56 sys=0.00, real=0.13 secs] 
[GC (Allocation Failure) [ParNew: 613440K->13714K(613440K), 0.0652880 secs] 1519161K->983447K(2010624K), 0.0653330 secs] [Times: user=0.27 sys=0.00, real=0.06 secs] 
[GC (Allocation Failure) [ParNew: 559058K->68096K(613440K), 0.1262025 secs] 1528791K->1086844K(2010624K), 0.1263147 secs] [Times: user=0.47 sys=0.00, real=0.12 secs] 
[GC (Allocation Failure) [ParNew: 613440K->34381K(613440K), 0.0557234 secs] 1632188K->1116677K(2010624K), 0.0557735 secs] [Times: user=0.17 sys=0.00, real=0.05 secs] 
[GC (Allocation Failure) [ParNew: 579725K->68096K(613440K), 0.1139080 secs] 1662021K->1197868K(2010624K), 0.1139548 secs] [Times: user=0.50 sys=0.00, real=0.11 secs] 
[GC (Allocation Failure) [ParNew: 613440K->33792K(613440K), 0.0485596 secs] 1743212K->1226140K(2010624K), 0.0486064 secs] [Times: user=0.14 sys=0.00, real=0.05 secs] 
[GC (CMS Initial Mark) [1 CMS-initial-mark: 1192347K(1397184K)] 1237076K(2010624K), 0.0039470 secs] [Times: user=0.00 sys=0.00, real=0.00 secs] 
[CMS-concurrent-mark-start]
[CMS-concurrent-mark: 1.120/1.120 secs] [Times: user=3.76 sys=0.00, real=1.13 secs] 
[CMS-concurrent-preclean-start]
[CMS-concurrent-preclean: 0.166/0.178 secs] [Times: user=0.34 sys=0.00, real=0.18 secs] 
[CMS-concurrent-abortable-preclean-start]
[GC (Allocation Failure) [ParNew[CMS-concurrent-abortable-preclean: 0.074/0.539 secs] [Times: user=0.98 sys=0.00, real=0.54 secs] 
: 579136K->68096K(613440K), 0.1166821 secs] 1771484K->1308102K(2010624K), 0.1167315 secs] [Times: user=0.50 sys=0.00, real=0.12 secs] 
[GC (CMS Final Remark) [YG occupancy: 79032 K (613440 K)][Rescan (parallel) , 0.0594119 secs][weak refs processing, 0.0000212 secs][class unloading, 0.0055034 secs][scrub symbol table, 0.0010522 secs][scrub string table, 0.0003509 secs][1 CMS-remark: 1240006K(1397184K)] 1319038K(2010624K), 0.0671820 secs] [Times: user=0.33 sys=0.00, real=0.06 secs] 
[CMS-concurrent-sweep-start]
[CMS-concurrent-sweep: 0.800/0.800 secs] [Times: user=1.62 sys=0.00, real=0.81 secs] 
[CMS-concurrent-reset-start]
[CMS-concurrent-reset: 0.002/0.002 secs] [Times: user=0.00 sys=0.00, real=0.00 secs] 
[GC (Allocation Failure) [ParNew: 613440K->13334K(613440K), 0.0593156 secs] 1307761K->769349K(2010624K), 0.0593650 secs] [Times: user=0.20 sys=0.00, real=0.06 secs] 
[GC (Allocation Failure) [ParNew: 558678K->68096K(613440K), 0.0940364 secs] 1314693K->869317K(2010624K), 0.0940833 secs] [Times: user=0.39 sys=0.00, real=0.09 secs] 
[GC (Allocation Failure) [ParNew: 613440K->34341K(613440K), 0.0422305 secs] 1414661K->899096K(2010624K), 0.0422940 secs] [Times: user=0.14 sys=0.00, real=0.03 secs] 
[GC (Allocation Failure) [ParNew (0: promotion failure size = 4167)  (1: promotion failure size = 4167)  (2: promotion failure size = 4167)  (3: promotion failure size = 4167)  (4: promotion failure size = 4167)  (5: promotion failure size = 4167)  (6: promotion failure size = 4167)  (7: promotion failure size = 4167)  (promotion failed): 579685K->613440K(613440K), 0.2421859 secs][CMS: 909253K->755360K(1397184K), 1.8861985 secs] 1444440K->755360K(2010624K), [Metaspace: 9996K->9996K(10240K)]
*** PauseDetector detected a 2131 ms pause at Fri Dec 19 18:59:41 EET 2014 ***

, 2.1284557 secs] [Times: user=2.40 sys=0.00, real=2.13 secs] 
[GC (Allocation Failure) [ParNew: 545344K->27376K(613440K), 0.0073409 secs] 1300704K->782736K(2010624K), 0.0073871 secs] [Times: user=0.00 sys=0.00, real=0.01 secs] 
[GC (Allocation Failure) [ParNew: 572720K->68096K(613440K), 0.0761730 secs] 1328080K->867675K(2010624K), 0.0762211 secs] [Times: user=0.30 sys=0.00, real=0.07 secs] 
[GC (Allocation Failure) [ParNew: 613440K->41129K(613440K), 0.0399035 secs] 1413019K->904859K(2010624K), 0.0399727 secs] [Times: user=0.12 sys=0.00, real=0.03 secs] 
[GC (Allocation Failure) [ParNew: 586473K->68096K(613440K), 0.0743882 secs] 1450203K->974951K(2010624K), 0.0744388 secs] [Times: user=0.26 sys=0.00, real=0.07 secs] 
[GC (Allocation Failure) [ParNew: 613440K->20533K(613440K), 0.0375399 secs] 1520295K->991406K(2010624K), 0.0375899 secs] [Times: user=0.13 sys=0.00, real=0.03 secs] 
[GC (Allocation Failure) [ParNew: 565877K->68096K(613440K), 0.0721272 secs] 1536750K->1082457K(2010624K), 0.0721805 secs] [Times: user=0.28 sys=0.00, real=0.07 secs] 
[GC (Allocation Failure) [ParNew: 613440K->20359K(613440K), 0.0350583 secs] 1627801K->1097436K(2010624K), 0.0351250 secs] [Times: user=0.12 sys=0.00, real=0.03 secs] 
[GC (Allocation Failure) [ParNew: 565703K->68096K(613440K), 0.0702121 secs] 1642780K->1189325K(2010624K), 0.0702603 secs] [Times: user=0.26 sys=0.00, real=0.07 secs] 
[GC (Allocation Failure) [ParNew: 613440K->33467K(613440K), 0.0341889 secs] 1734669K->1216499K(2010624K), 0.0342390 secs] [Times: user=0.06 sys=0.00, real=0.03 secs] 
[GC (CMS Initial Mark) [1 CMS-initial-mark: 1183031K(1397184K)] 1227433K(2010624K), 0.0046283 secs] [Times: user=0.02 sys=0.00, real=0.01 secs] 
[CMS-concurrent-mark-start]
[CMS-concurrent-mark: 1.154/1.154 secs] [Times: user=3.82 sys=0.00, real=1.16 secs] 
[CMS-concurrent-preclean-start]
[CMS-concurrent-preclean: 0.097/0.103 secs] [Times: user=0.22 sys=0.00, real=0.10 secs] 
[CMS-concurrent-abortable-preclean-start]
[GC (Allocation Failure) [ParNew[CMS-concurrent-abortable-preclean: 0.063/0.378 secs] [Times: user=0.65 sys=0.00, real=0.38 secs] 
: 578811K->68096K(613440K), 0.0699927 secs] 1761843K->1294626K(2010624K), 0.0700389 secs] [Times: user=0.28 sys=0.00, real=0.07 secs] 
[GC (CMS Final Remark) [YG occupancy: 79032 K (613440 K)][Rescan (parallel) , 0.0353797 secs][weak refs processing, 0.0000192 secs][class unloading, 0.0056901 secs][scrub symbol table, 0.0010823 secs][scrub string table, 0.0003522 secs][1 CMS-remark: 1226530K(1397184K)] 1305562K(2010624K), 0.0433648 secs] [Times: user=0.23 sys=0.00, real=0.04 secs] 
[CMS-concurrent-sweep-start]
[CMS-concurrent-sweep: 0.562/0.562 secs] [Times: user=1.14 sys=0.00, real=0.57 secs] 
[CMS-concurrent-reset-start]
[CMS-concurrent-reset: 0.003/0.003 secs] [Times: user=0.00 sys=0.00, real=0.00 secs] 
[GC (Allocation Failure) [ParNew: 613440K->47066K(613440K), 0.0332516 secs] 1301702K->797575K(2010624K), 0.0334088 secs] [Times: user=0.08 sys=0.00, real=0.03 secs] 
[GC (Allocation Failure) [ParNew: 592410K->68096K(613440K), 0.0662851 secs] 1342919K->860675K(2010624K), 0.0663332 secs] [Times: user=0.26 sys=0.00, real=0.06 secs] 
[GC (Allocation Failure) [ParNew: 613440K->20512K(613440K), 0.0437946 secs] 1406019K->876746K(2010624K), 0.0438524 secs] [Times: user=0.14 sys=0.00, real=0.03 secs] 
[GC (Allocation Failure) [ParNew: 565856K->68096K(613440K), 0.0875353 secs] 1422090K->965519K(2010624K), 0.0875790 secs] [Times: user=0.25 sys=0.00, real=0.08 secs] 
[GC (Allocation Failure) [ParNew (0: promotion failure size = 1854)  (1: promotion failure size = 1854)  (2: promotion failure size = 1854)  (3: promotion failure size = 1854)  (4: promotion failure size = 1854)  (5: promotion failure size = 1854)  (6: promotion failure size = 1854)  (7: promotion failure size = 1854)  (promotion failed): 613440K->565911K(613440K), 2.2104459 secs][CMS: 941419K->753050K(1397184K), 1.7279635 secs] 1510863K->753050K(2010624K), [Metaspace: 9996K->9996K(10240K)]
*** PauseDetector detected a 3940 ms pause at Fri Dec 19 19:00:07 EET 2014 ***

, 3.9384742 secs] [Times: user=3.93 sys=0.31, real=3.94 secs] 
[GC (Allocation Failure) [ParNew: 545344K->68096K(613440K), 0.0593272 secs] 1298394K->865498K(2010624K), 0.0593746 secs] [Times: user=0.28 sys=0.00, real=0.06 secs] 
[GC (Allocation Failure) [ParNew: 613440K->26423K(613440K), 0.0335384 secs] 1410842K->885058K(2010624K), 0.0336924 secs] [Times: user=0.14 sys=0.00, real=0.03 secs] 
[GC (Allocation Failure) [ParNew: 571767K->68096K(613440K), 0.0597423 secs] 1430402K->969627K(2010624K), 0.0597955 secs] [Times: user=0.19 sys=0.00, real=0.06 secs] 
[GC (Allocation Failure) [ParNew: 613440K->53315K(613440K), 0.0420207 secs] 1514971K->1016536K(2010624K), 0.0420720 secs] [Times: user=0.12 sys=0.00, real=0.04 secs] 
[GC (Allocation Failure) [ParNew: 598659K->68096K(613440K), 0.0582057 secs] 1561880K->1073609K(2010624K), 0.0582551 secs] [Times: user=0.20 sys=0.00, real=0.06 secs] 
[GC (Allocation Failure) [ParNew: 613440K->33488K(613440K), 0.0299006 secs] 1618953K->1101040K(2010624K), 0.0299545 secs] [Times: user=0.06 sys=0.00, real=0.03 secs] 
[GC (Allocation Failure) [ParNew: 578832K->68096K(613440K), 0.0567577 secs] 1646384K->1178481K(2010624K), 0.0568032 secs] [Times: user=0.20 sys=0.00, real=0.06 secs] 
[GC (Allocation Failure) [ParNew: 613440K->26555K(613440K), 0.0391612 secs] 1723825K->1198451K(2010624K), 0.0392824 secs] [Times: user=0.13 sys=0.00, real=0.04 secs] 
[GC (CMS Initial Mark) [1 CMS-initial-mark: 1171895K(1397184K)] 1198451K(2010624K), 0.0048394 secs] [Times: user=0.00 sys=0.00, real=0.00 secs] 
[CMS-concurrent-mark-start]
[CMS-concurrent-mark: 1.139/1.139 secs] [Times: user=3.71 sys=0.00, real=1.15 secs] 
[CMS-concurrent-preclean-start]
[CMS-concurrent-preclean: 0.079/0.084 secs] [Times: user=0.16 sys=0.00, real=0.08 secs] 
[CMS-concurrent-abortable-preclean-start]
[GC (Allocation Failure) [ParNew[CMS-concurrent-abortable-preclean: 0.096/0.518 secs] [Times: user=0.76 sys=0.00, real=0.52 secs] 
: 571899K->68096K(613440K), 0.0597256 secs] 1743795K->1283146K(2010624K), 0.0597750 secs] [Times: user=0.19 sys=0.00, real=0.06 secs] 
[GC (CMS Final Remark) [YG occupancy: 79032 K (613440 K)][Rescan (parallel) , 0.0276205 secs][weak refs processing, 0.0000148 secs][class unloading, 0.0055625 secs][scrub symbol table, 0.0010573 secs][scrub string table, 0.0003516 secs][1 CMS-remark: 1215050K(1397184K)] 1294082K(2010624K), 0.0354400 secs] [Times: user=0.14 sys=0.00, real=0.03 secs] 
[CMS-concurrent-sweep-start]
[CMS-concurrent-sweep: 0.573/0.573 secs] [Times: user=1.18 sys=0.00, real=0.58 secs] 
[CMS-concurrent-reset-start]
[CMS-concurrent-reset: 0.003/0.003 secs] [Times: user=0.00 sys=0.00, real=0.00 secs] 
[GC (Allocation Failure) [ParNew: 613440K->26473K(613440K), 0.0306282 secs] 1300712K->774748K(2010624K), 0.0306795 secs] [Times: user=0.08 sys=0.00, real=0.03 secs] 
[GC (Allocation Failure) [ParNew: 571817K->68096K(613440K), 0.0562624 secs] 1320092K->858261K(2010624K), 0.0563156 secs] [Times: user=0.19 sys=0.00, real=0.05 secs] 
[GC (Allocation Failure) [ParNew: 613440K->33559K(613440K), 0.0297133 secs] 1403605K->885793K(2010624K), 0.0297871 secs] [Times: user=0.12 sys=0.00, real=0.02 secs] 
[GC (Allocation Failure) [ParNew: 578903K->68096K(613440K), 0.0649300 secs] 1431137K->960767K(2010624K), 0.0649839 secs] [Times: user=0.22 sys=0.00, real=0.06 secs] 
[GC (Allocation Failure) [ParNew (0: promotion failure size = 97)  (1: promotion failure size = 1854)  (2: promotion failure size = 1854)  (3: promotion failure size = 1854)  (4: promotion failure size = 97)  (5: promotion failure size = 97)  (6: promotion failure size = 1854)  (7: promotion failure size = 1854)  (promotion failed): 613440K->579524K(613440K), 1.6926729 secs][CMS: 931678K->752258K(1397184K), 1.6165525 secs] 1506111K->752258K(2010624K), [Metaspace: 9996K->9996K(10240K)], 3.3092980 secs] [Times: user=3.54 sys=0.70, real=3.30 secs] 

*** PauseDetector detected a 3305 ms pause at Fri Dec 19 19:00:31 EET 2014 ***

[GC (Allocation Failure) [ParNew: 545344K->68096K(613440K), 0.0537333 secs] 1297602K->860679K(2010624K), 0.0537846 secs] [Times: user=0.20 sys=0.00, real=0.05 secs] 
[GC (Allocation Failure) [ParNew: 613440K->41059K(613440K), 0.0302984 secs] 1406023K->897336K(2010624K), 0.0303491 secs] [Times: user=0.16 sys=0.00, real=0.03 secs] 
[GC (Allocation Failure) [ParNew: 586403K->68096K(613440K), 0.0516032 secs] 1442680K->965054K(2010624K), 0.0516603 secs] [Times: user=0.19 sys=0.00, real=0.05 secs] 
[GC (Allocation Failure) [ParNew: 613440K->27094K(613440K), 0.0423408 secs] 1510398K->986864K(2010624K), 0.0425570 secs] [Times: user=0.13 sys=0.00, real=0.03 secs] 
[Full GC (System.gc()) [CMS: 959770K->749054K(1397184K), 1.6939792 secs] 1404853K->749054K(2010624K), [Metaspace: 9996K->9996K(10240K)], 1.6942923 secs] [Times: user=1.70 sys=0.00, real=1.69 secs] 
[Full GC (System.gc()) [CMS: 749054K->749055K(1397184K), 1.5233963 secs] 749056K->749055K(2010624K), [Metaspace: 9996K->9996K(10240K)], 1.5235920 secs] [Times: user=1.51 sys=0.00, real=1.52 secs] 
[Full GC (System.gc()) [CMS: 749055K->748976K(1397184K), 1.3107062 secs] 749055K->748976K(2010624K), [Metaspace: 9996K->9996K(10240K)]
*** PauseDetector detected a 1690 ms pause at Fri Dec 19 19:00:40 EET 2014 ***

, 1.3108782 secs] [Times: user=1.31 sys=0.00, real=1.31 secs] 

*** PauseDetector detected a 2844 ms pause at Fri Dec 19 19:00:43 EET 2014 ***

[GC (Allocation Failure) [ParNew: 545344K->7502K(613440K), 0.0110062 secs] 1294320K->756479K(2010624K), 0.0110787 secs] [Times: user=0.06 sys=0.00, real=0.01 secs] 
[GC (Allocation Failure) [ParNew: 552846K->68096K(613440K), 0.0607816 secs] 1301823K->858571K(2010624K), 0.0608419 secs] [Times: user=0.19 sys=0.00, real=0.06 secs] 
[GC (Allocation Failure) [ParNew: 613440K->19520K(613440K), 0.0293155 secs] 1403915K->872300K(2010624K), 0.0294304 secs] [Times: user=0.13 sys=0.00, real=0.03 secs] 
[GC (Allocation Failure) [ParNew: 564864K->68096K(613440K), 0.1658037 secs] 1417644K->988990K(2010624K), 0.1658679 secs] [Times: user=0.84 sys=0.00, real=0.16 secs] 
[GC (Allocation Failure) [ParNew: 613440K->27309K(613440K), 0.0993775 secs] 1534334K->1012950K(2010624K), 0.0994417 secs] [Times: user=0.44 sys=0.00, real=0.10 secs] 
[GC (Allocation Failure) [ParNew: 572653K->68096K(613440K), 0.1916464 secs] 1558294K->1110730K(2010624K), 0.1917112 secs] [Times: user=0.86 sys=0.00, real=0.19 secs] 
[Full GC (System.gc()) [CMS: 1042634K->763248K(1397184K), 1.9791360 secs] 1209534K->763248K(2010624K), [Metaspace: 9996K->9996K(10240K)], 1.9793438 secs] [Times: user=1.98 sys=0.00, real=1.98 secs] 
[Full GC (System.gc()) [CMS: 763248K->763248K(1397184K), 1.4617736 secs] 763248K->763248K(2010624K), [Metaspace: 9996K->9996K(10240K)], 1.4619475 secs] [Times: user=1.45 sys=0.00, real=1.46 secs] 
[Full GC (System.gc()) [CMS: 763248K->763170K(1397184K), 1.4323092 secs] 763250K->763170K(2010624K), [Metaspace: 9996K->9996K(10240K)]
*** PauseDetector detected a 3435 ms pause at Fri Dec 19 19:00:57 EET 2014 ***

, 1.4324966 secs] [Times: user=1.44 sys=0.00, real=1.43 secs] 
********************************
********** ROUND   91 **********
********************************

*** PauseDetector detected a 1444 ms pause at Fri Dec 19 19:00:58 EET 2014 ***

[GC (Allocation Failure) [ParNew: 545344K->68096K(613440K), 0.1511117 secs] 1308514K->887895K(2010624K), 0.1511579 secs] [Times: user=0.72 sys=0.00, real=0.14 secs] 
[GC (Allocation Failure) [ParNew: 613440K->40475K(613440K), 0.0575308 secs] 1433239K->925054K(2010624K), 0.0575846 secs] [Times: user=0.26 sys=0.00, real=0.06 secs] 
[GC (Allocation Failure) [ParNew: 585819K->68096K(613440K), 0.1371644 secs] 1470398K->1002887K(2010624K), 0.1372260 secs] [Times: user=0.59 sys=0.00, real=0.14 secs] 
[GC (Allocation Failure) [ParNew: 613440K->20771K(613440K), 0.0644328 secs] 1548231K->1019756K(2010624K), 0.0645797 secs] [Times: user=0.22 sys=0.00, real=0.06 secs] 
[GC (Allocation Failure) [ParNew: 566115K->68096K(613440K), 0.1255237 secs] 1565100K->1117815K(2010624K), 0.1255680 secs] [Times: user=0.51 sys=0.00, real=0.12 secs] 
[GC (Allocation Failure) [ParNew: 613440K->26802K(613440K), 0.0550613 secs] 1663159K->1138387K(2010624K), 0.0551755 secs] [Times: user=0.20 sys=0.00, real=0.05 secs] 
[GC (Allocation Failure) [ParNew: 572146K->68096K(613440K), 0.1157653 secs] 1683731K->1227291K(2010624K), 0.1158122 secs] [Times: user=0.50 sys=0.00, real=0.11 secs] 
[GC (Allocation Failure) [ParNew: 613440K->20238K(613440K), 0.0533368 secs] 1772635K->1241880K(2010624K), 0.0533836 secs] [Times: user=0.16 sys=0.00, real=0.05 secs] 
[GC (CMS Initial Mark) [1 CMS-initial-mark: 1221641K(1397184K)] 1252936K(2010624K), 0.0029198 secs] [Times: user=0.00 sys=0.00, real=0.00 secs] 
[CMS-concurrent-mark-start]
[CMS-concurrent-mark: 1.124/1.124 secs] [Times: user=3.77 sys=0.00, real=1.13 secs] 
[CMS-concurrent-preclean-start]
[CMS-concurrent-preclean: 0.167/0.177 secs] [Times: user=0.38 sys=0.00, real=0.18 secs] 
[CMS-concurrent-abortable-preclean-start]
[GC (Allocation Failure) [ParNew[CMS-concurrent-abortable-preclean: 0.074/0.490 secs] [Times: user=0.89 sys=0.00, real=0.49 secs] 
: 565582K->68096K(613440K), 0.1096306 secs] 1787224K->1335570K(2010624K), 0.1096774 secs] [Times: user=0.42 sys=0.00, real=0.10 secs] 
[GC (CMS Final Remark) [YG occupancy: 79076 K (613440 K)][Rescan (parallel) , 0.0598006 secs][weak refs processing, 0.0000154 secs][class unloading, 0.0055304 secs][scrub symbol table, 0.0010471 secs][scrub string table, 0.0003541 secs][1 CMS-remark: 1267474K(1397184K)] 1346550K(2010624K), 0.0675945 secs] [Times: user=0.42 sys=0.00, real=0.07 secs] 
[CMS-concurrent-sweep-start]
[CMS-concurrent-sweep: 0.850/0.850 secs] [Times: user=1.76 sys=0.00, real=0.86 secs] 
[CMS-concurrent-reset-start]
[CMS-concurrent-reset: 0.003/0.003 secs] [Times: user=0.00 sys=0.00, real=0.00 secs] 
[GC (Allocation Failure) [ParNew: 613440K->34245K(613440K), 0.0473829 secs] 1305867K->790167K(2010624K), 0.0474349 secs] [Times: user=0.09 sys=0.00, real=0.05 secs] 
[GC (Allocation Failure) [ParNew: 579589K->68096K(613440K), 0.0976523 secs] 1335511K->869240K(2010624K), 0.0977030 secs] [Times: user=0.42 sys=0.00, real=0.10 secs] 
[GC (Allocation Failure) [ParNew: 613440K->27382K(613440K), 0.0464777 secs] 1414584K->892046K(2010624K), 0.0465239 secs] [Times: user=0.14 sys=0.00, real=0.04 secs] 
[GC (Allocation Failure) [ParNew (0: promotion failure size = 4167)  (1: promotion failure size = 4167)  (2: promotion failure size = 4167)  (3: promotion failure size = 4167)  (4: promotion failure size = 4167)  (5: promotion failure size = 4167)  (6: promotion failure size = 4167)  (7: promotion failure size = 4167)  (promotion failed): 572726K->613440K(613440K), 0.5052654 secs][CMS: 908373K->755381K(1397184K), 2.1526450 secs] 1437390K->755381K(2010624K), [Metaspace: 9996K->9996K(10240K)], 2.6580869 secs] [Times: user=2.95 sys=0.02, real=2.65 secs] 

*** PauseDetector detected a 2651 ms pause at Fri Dec 19 19:01:22 EET 2014 ***

[GC (Allocation Failure) [ParNew: 545344K->27426K(613440K), 0.0070528 secs] 1300725K->782807K(2010624K), 0.0072075 secs] [Times: user=0.00 sys=0.00, real=0.01 secs] 
[GC (Allocation Failure) [ParNew: 572770K->68096K(613440K), 0.0772291 secs] 1328151K->868671K(2010624K), 0.0772772 secs] [Times: user=0.28 sys=0.00, real=0.07 secs] 
[GC (Allocation Failure) [ParNew: 613440K->40609K(613440K), 0.0475979 secs] 1414015K->904296K(2010624K), 0.0476447 secs] [Times: user=0.20 sys=0.00, real=0.04 secs] 
[GC (Allocation Failure) [ParNew: 585953K->68096K(613440K), 0.0760402 secs] 1449640K->976573K(2010624K), 0.0760896 secs] [Times: user=0.31 sys=0.00, real=0.07 secs] 
[GC (Allocation Failure) [ParNew: 613440K->26792K(613440K), 0.0394082 secs] 1521917K->997606K(2010624K), 0.0394563 secs] [Times: user=0.12 sys=0.01, real=0.04 secs] 
[GC (Allocation Failure) [ParNew: 572136K->68096K(613440K), 0.0729331 secs] 1542950K->1083311K(2010624K), 0.0729799 secs] [Times: user=0.28 sys=0.00, real=0.07 secs] 
[GC (Allocation Failure) [ParNew: 613440K->26811K(613440K), 0.0358423 secs] 1628655K->1104009K(2010624K), 0.0360014 secs] [Times: user=0.13 sys=0.00, real=0.03 secs] 
[GC (Allocation Failure) [ParNew: 572155K->68096K(613440K), 0.0700633 secs] 1649353K->1189319K(2010624K), 0.0701133 secs] [Times: user=0.30 sys=0.00, real=0.07 secs] 
[GC (Allocation Failure) [ParNew: 613440K->26827K(613440K), 0.0338046 secs] 1734663K->1210306K(2010624K), 0.0338515 secs] [Times: user=0.13 sys=0.00, real=0.03 secs] 
[GC (CMS Initial Mark) [1 CMS-initial-mark: 1183479K(1397184K)] 1221286K(2010624K), 0.0035806 secs] [Times: user=0.01 sys=0.00, real=0.01 secs] 
[CMS-concurrent-mark-start]
[CMS-concurrent-mark: 1.142/1.142 secs] [Times: user=3.67 sys=0.00, real=1.14 secs] 
[CMS-concurrent-preclean-start]
[CMS-concurrent-preclean: 0.092/0.099 secs] [Times: user=0.19 sys=0.00, real=0.10 secs] 
[CMS-concurrent-abortable-preclean-start]
[GC (Allocation Failure) [ParNew[CMS-concurrent-abortable-preclean: 0.057/0.364 secs] [Times: user=0.51 sys=0.00, real=0.37 secs] 
: 572171K->68096K(613440K), 0.0711649 secs] 1755650K->1296092K(2010624K), 0.0712162 secs] [Times: user=0.34 sys=0.00, real=0.07 secs] 
[GC (CMS Final Remark) [YG occupancy: 79076 K (613440 K)][Rescan (parallel) , 0.0361907 secs][weak refs processing, 0.0000154 secs][class unloading, 0.0054155 secs][scrub symbol table, 0.0010592 secs][scrub string table, 0.0003522 secs][1 CMS-remark: 1227996K(1397184K)] 1307073K(2010624K), 0.0438722 secs] [Times: user=0.16 sys=0.00, real=0.04 secs] 
[CMS-concurrent-sweep-start]
[CMS-concurrent-sweep: 0.588/0.588 secs] [Times: user=1.20 sys=0.00, real=0.60 secs] 
[CMS-concurrent-reset-start]
[CMS-concurrent-reset: 0.003/0.003 secs] [Times: user=0.03 sys=0.00, real=0.00 secs] 
[GC (Allocation Failure) [ParNew: 613440K->33198K(613440K), 0.0329327 secs] 1302838K->783824K(2010624K), 0.0330906 secs] [Times: user=0.13 sys=0.00, real=0.03 secs] 
[GC (Allocation Failure) [ParNew: 578542K->68096K(613440K), 0.0654363 secs] 1329168K->860818K(2010624K), 0.0654876 secs] [Times: user=0.30 sys=0.00, real=0.06 secs] 
[GC (Allocation Failure) [ParNew: 613440K->34152K(613440K), 0.0328134 secs] 1406162K->890360K(2010624K), 0.0328750 secs] [Times: user=0.08 sys=0.00, real=0.03 secs] 
[GC (Allocation Failure) [ParNew: 579496K->68096K(613440K), 0.0995585 secs] 1435704K->965549K(2010624K), 0.0996759 secs] [Times: user=0.30 sys=0.00, real=0.09 secs] 
[GC (Allocation Failure) [ParNew (0: promotion failure size = 1854)  (1: promotion failure size = 1854)  (2: promotion failure size = 1854)  (3: promotion failure size = 1854)  (4: promotion failure size = 1854)  (5: promotion failure size = 1854)  (6: promotion failure size = 1854)  (7: promotion failure size = 1854)  (promotion failed): 613440K->586409K(613440K), 1.9132281 secs][CMS: 944821K->753030K(1397184K), 1.9828077 secs] 1510893K->753030K(2010624K), [Metaspace: 9996K->9996K(10240K)], 3.8962091 secs] [Times: user=4.04 sys=0.20, real=3.89 secs] 

*** PauseDetector detected a 3901 ms pause at Fri Dec 19 19:01:48 EET 2014 ***

[GC (Allocation Failure) [ParNew: 545344K->68096K(613440K), 0.0592142 secs] 1298374K->864844K(2010624K), 0.0592643 secs] [Times: user=0.28 sys=0.00, real=0.05 secs] 
[GC (Allocation Failure) [ParNew: 613440K->39897K(613440K), 0.0309355 secs] 1410188K->898473K(2010624K), 0.0309817 secs] [Times: user=0.08 sys=0.00, real=0.03 secs] 
[GC (Allocation Failure) [ParNew: 585241K->68096K(613440K), 0.0605866 secs] 1443817K->967687K(2010624K), 0.0606405 secs] [Times: user=0.22 sys=0.00, real=0.06 secs] 
[GC (Allocation Failure) [ParNew: 613440K->20491K(613440K), 0.0305326 secs] 1513031K->983556K(2010624K), 0.0306911 secs] [Times: user=0.08 sys=0.00, real=0.03 secs] 
[GC (Allocation Failure) [ParNew: 565835K->68096K(613440K), 0.0593021 secs] 1528900K->1075168K(2010624K), 0.0593496 secs] [Times: user=0.19 sys=0.00, real=0.06 secs] 
[GC (Allocation Failure) [ParNew: 613440K->26248K(613440K), 0.0301406 secs] 1620512K->1093767K(2010624K), 0.0301900 secs] [Times: user=0.08 sys=0.00, real=0.03 secs] 
[GC (Allocation Failure) [ParNew: 571592K->68096K(613440K), 0.0578894 secs] 1639111K->1177234K(2010624K), 0.0579369 secs] [Times: user=0.19 sys=0.00, real=0.06 secs] 
[GC (Allocation Failure) [ParNew: 613440K->33771K(613440K), 0.0330360 secs] 1722578K->1205613K(2010624K), 0.0330874 secs] [Times: user=0.13 sys=0.00, real=0.03 secs] 
[GC (CMS Initial Mark) [1 CMS-initial-mark: 1171841K(1397184K)] 1216593K(2010624K), 0.0038841 secs] [Times: user=0.00 sys=0.00, real=0.00 secs] 
[CMS-concurrent-mark-start]
[CMS-concurrent-mark: 1.155/1.155 secs] [Times: user=3.74 sys=0.00, real=1.16 secs] 
[CMS-concurrent-preclean-start]
[CMS-concurrent-preclean: 0.067/0.071 secs] [Times: user=0.13 sys=0.00, real=0.07 secs] 
[CMS-concurrent-abortable-preclean-start]
[GC (Allocation Failure) [ParNew[CMS-concurrent-abortable-preclean: 0.055/0.356 secs] [Times: user=0.55 sys=0.00, real=0.36 secs] 
: 579115K->68096K(613440K), 0.0581300 secs] 1750957K->1281210K(2010624K), 0.0581768 secs] [Times: user=0.27 sys=0.00, real=0.05 secs] 
[GC (CMS Final Remark) [YG occupancy: 79076 K (613440 K)][Rescan (parallel) , 0.0275858 secs][weak refs processing, 0.0000154 secs][class unloading, 0.0055233 secs][scrub symbol table, 0.0010862 secs][scrub string table, 0.0003529 secs][1 CMS-remark: 1213114K(1397184K)] 1292190K(2010624K), 0.0353996 secs] [Times: user=0.16 sys=0.00, real=0.03 secs] 
[CMS-concurrent-sweep-start]
[CMS-concurrent-sweep: 0.546/0.546 secs] [Times: user=1.09 sys=0.00, real=0.55 secs] 
[CMS-concurrent-reset-start]
[CMS-concurrent-reset: 0.002/0.002 secs] [Times: user=0.03 sys=0.00, real=0.00 secs] 
[GC (Allocation Failure) [ParNew: 613440K->40722K(613440K), 0.0298910 secs] 1298772K->788898K(2010624K), 0.0299417 secs] [Times: user=0.08 sys=0.00, real=0.03 secs] 
[GC (Allocation Failure) [ParNew: 586066K->68096K(613440K), 0.0552923 secs] 1334242K->862041K(2010624K), 0.0553398 secs] [Times: user=0.25 sys=0.00, real=0.05 secs] 
[GC (Allocation Failure) [ParNew: 613440K->31781K(613440K), 0.0412007 secs] 1407385K->883959K(2010624K), 0.0412495 secs] [Times: user=0.13 sys=0.00, real=0.04 secs] 
[GC (Allocation Failure) [ParNew: 577125K->68096K(613440K), 0.0700768 secs] 1429303K->960749K(2010624K), 0.0701903 secs] [Times: user=0.20 sys=0.00, real=0.06 secs] 
[GC (Allocation Failure) [ParNew (0: promotion failure size = 97)  (1: promotion failure size = 1854)  (2: promotion failure size = 1854)  (3: promotion failure size = 97)  (4: promotion failure size = 97)  (5: promotion failure size = 1854)  (6: promotion failure size = 1854)  (7: promotion failure size = 97)  (promotion failed): 613440K->572600K(613440K), 2.2262665 secs][CMS
*** PauseDetector detected a 4020 ms pause at Fri Dec 19 19:02:13 EET 2014 ***

: 926745K->752276K(1397184K), 1.7921820 secs] 1506093K->752276K(2010624K), [Metaspace: 9996K->9996K(10240K)], 4.0185236 secs] [Times: user=4.27 sys=0.34, real=4.02 secs] 
[GC (Allocation Failure) [ParNew: 545344K->68096K(613440K), 0.0519625 secs] 1297620K->861437K(2010624K), 0.0521197 secs] [Times: user=0.20 sys=0.00, real=0.05 secs] 
[GC (Allocation Failure) [ParNew: 613440K->27130K(613440K), 0.0399631 secs] 1406781K->883488K(2010624K), 0.0400100 secs] [Times: user=0.14 sys=0.00, real=0.04 secs] 
[GC (Allocation Failure) [ParNew: 572474K->68096K(613440K), 0.0516931 secs] 1428832K->966266K(2010624K), 0.0517405 secs] [Times: user=0.20 sys=0.00, real=0.05 secs] 
[GC (Allocation Failure) [ParNew: 613440K->26705K(613440K), 0.0287529 secs] 1511610K->986553K(2010624K), 0.0288100 secs] [Times: user=0.06 sys=0.00, real=0.03 secs] 
[GC (Allocation Failure) [ParNew: 572049K->68096K(613440K), 0.0520440 secs] 1531897K->1069272K(2010624K), 0.0521935 secs] [Times: user=0.20 sys=0.00, real=0.05 secs] 
[Full GC (System.gc()) [CMS: 1001176K->746887K(1397184K), 1.4637067 secs] 1168826K->746887K(2010624K), [Metaspace: 9996K->9996K(10240K)], 1.4639588 secs] [Times: user=1.47 sys=0.00, real=1.46 secs] 
[Full GC (System.gc()) [CMS: 746887K->746887K(1397184K), 1.3308889 secs] 746889K->746887K(2010624K), [Metaspace: 9996K->9996K(10240K)], 1.3310795 secs] [Times: user=1.33 sys=0.00, real=1.34 secs] 
[Full GC (System.gc()) [CMS: 746887K->746809K(1397184K), 1.3428222 secs] 757867K->746809K(2010624K), [Metaspace: 9996K->9996K(10240K)]
*** PauseDetector detected a 2792 ms pause at Fri Dec 19 19:02:25 EET 2014 ***


*** PauseDetector detected a 1351 ms pause at Fri Dec 19 19:02:25 EET 2014 ***

, 1.3430725 secs] [Times: user=1.34 sys=0.00, real=1.34 secs] 
[GC (Allocation Failure) [ParNew: 545344K->68096K(613440K), 0.0508898 secs] 1292153K->860062K(2010624K), 0.0509373 secs] [Times: user=0.20 sys=0.00, real=0.05 secs] 
[GC (Allocation Failure) [ParNew: 613440K->30351K(613440K), 0.0275826 secs] 1405406K->881030K(2010624K), 0.0276320 secs] [Times: user=0.06 sys=0.00, real=0.03 secs] 
[GC (Allocation Failure) [ParNew: 575695K->68096K(613440K), 0.1686485 secs] 1426374K->987097K(2010624K), 0.1687120 secs] [Times: user=0.69 sys=0.00, real=0.17 secs] 
[GC (Allocation Failure) [ParNew: 613440K->34305K(613440K), 0.0945362 secs] 1532441K->1017600K(2010624K), 0.0946177 secs] [Times: user=0.38 sys=0.00, real=0.09 secs] 
[GC (Allocation Failure) [ParNew: 579649K->68096K(613440K), 0.1860403 secs] 1562944K->1108602K(2010624K), 0.1860949 secs] [Times: user=0.89 sys=0.00, real=0.18 secs] 
[GC (Allocation Failure) [ParNew: 613440K->20536K(613440K), 0.0830539 secs] 1653946K->1124816K(2010624K), 0.0831174 secs] [Times: user=0.28 sys=0.00, real=0.08 secs] 
[Full GC (System.gc()) [CMS: 1104279K->690834K(1397184K), 1.5371787 secs] 1135797K->690834K(2010624K), [Metaspace: 9996K->9996K(10240K)], 1.5374270 secs] [Times: user=1.54 sys=0.00, real=1.53 secs] 
[Full GC (System.gc()) [CMS: 690834K->690834K(1397184K), 1.3541910 secs] 690836K->690834K(2010624K), [Metaspace: 9996K->9996K(10240K)], 1.3545085 secs] [Times: user=1.34 sys=0.00, real=1.35 secs] 
[Full GC (System.gc()) [CMS: 690834K->690834K(1397184K), 1.4527839 secs] 690836K->690834K(2010624K), [Metaspace: 9996K->9996K(10240K)]
*** PauseDetector detected a 2891 ms pause at Fri Dec 19 19:02:38 EET 2014 ***


*** PauseDetector detected a 1463 ms pause at Fri Dec 19 19:02:39 EET 2014 ***

, 1.4530873 secs] [Times: user=1.47 sys=0.00, real=1.45 secs] 
********************************
********** ROUND   92 **********
********************************
[GC (Allocation Failure) [ParNew: 545344K->68096K(613440K), 0.1271597 secs] 1236178K->815492K(2010624K), 0.1272065 secs] [Times: user=0.58 sys=0.00, real=0.12 secs] 
[GC (Allocation Failure) [ParNew: 613440K->27429K(613440K), 0.0653830 secs] 1360836K->839135K(2010624K), 0.0654311 secs] [Times: user=0.20 sys=0.00, real=0.06 secs] 
[GC (Allocation Failure) [ParNew: 572773K->68096K(613440K), 0.1337051 secs] 1384479K->930238K(2010624K), 0.1337551 secs] [Times: user=0.61 sys=0.00, real=0.13 secs] 
[GC (Allocation Failure) [ParNew: 613440K->27431K(613440K), 0.0584424 secs] 1475582K->953480K(2010624K), 0.0584931 secs] [Times: user=0.20 sys=0.00, real=0.06 secs] 
[GC (Allocation Failure) [ParNew: 572775K->68096K(613440K), 0.1222818 secs] 1498824K->1043148K(2010624K), 0.1223318 secs] [Times: user=0.51 sys=0.00, real=0.12 secs] 
[GC (Allocation Failure) [ParNew: 613440K->20568K(613440K), 0.0544756 secs] 1588492K->1059616K(2010624K), 0.0545237 secs] [Times: user=0.19 sys=0.00, real=0.05 secs] 
[GC (Allocation Failure) [ParNew: 565912K->68096K(613440K), 0.1106391 secs] 1604960K->1153843K(2010624K), 0.1106898 secs] [Times: user=0.44 sys=0.00, real=0.10 secs] 
[GC (Allocation Failure) [ParNew: 613440K->27355K(613440K), 0.0518644 secs] 1699187K->1176553K(2010624K), 0.0519208 secs] [Times: user=0.14 sys=0.00, real=0.05 secs] 
[GC (Allocation Failure) [ParNew: 572699K->68096K(613440K), 0.1042721 secs] 1721897K->1263112K(2010624K), 0.1043202 secs] [Times: user=0.44 sys=0.00, real=0.10 secs] 
[GC (CMS Initial Mark) [1 CMS-initial-mark: 1195016K(1397184K)] 1274092K(2010624K), 0.0076989 secs] [Times: user=0.08 sys=0.00, real=0.01 secs] 
[CMS-concurrent-mark-start]
[CMS-concurrent-mark: 1.160/1.160 secs] [Times: user=3.50 sys=0.00, real=1.16 secs] 
[CMS-concurrent-preclean-start]
[CMS-concurrent-preclean: 0.004/0.004 secs] [Times: user=0.00 sys=0.00, real=0.00 secs] 
[CMS-concurrent-abortable-preclean-start]
[GC (Allocation Failure) [ParNew: 613440K->27413K(613440K), 0.0484492 secs] 1808456K->1285943K(2010624K), 0.0484986 secs] [Times: user=0.17 sys=0.00, real=0.05 secs] 
[CMS-concurrent-abortable-preclean: 0.652/1.434 secs] [Times: user=2.54 sys=0.00, real=1.43 secs] 
[GC (CMS Final Remark) [YG occupancy: 370432 K (613440 K)][Rescan (parallel) , 0.0689271 secs][weak refs processing, 0.0000154 secs][class unloading, 0.0054906 secs][scrub symbol table, 0.0010881 secs][scrub string table, 0.0003522 secs][1 CMS-remark: 1258529K(1397184K)] 1628962K(2010624K), 0.0767100 secs] [Times: user=0.33 sys=0.00, real=0.07 secs] 
[CMS-concurrent-sweep-start]
[GC (Allocation Failure) [ParNew: 572757K->68096K(613440K), 0.1015089 secs] 1712256K->1252833K(2010624K), 0.1015698 secs] [Times: user=0.44 sys=0.00, real=0.09 secs] 
[CMS-concurrent-sweep: 0.742/0.844 secs] [Times: user=1.93 sys=0.00, real=0.85 secs] 
[CMS-concurrent-reset-start]
[CMS-concurrent-reset: 0.002/0.002 secs] [Times: user=0.03 sys=0.00, real=0.00 secs] 
[GC (Allocation Failure) [ParNew: 613440K->34286K(613440K), 0.0463750 secs] 1414584K->898933K(2010624K), 0.0464244 secs] [Times: user=0.08 sys=0.00, real=0.04 secs] 
[GC (Allocation Failure) [ParNew: 579630K->68096K(613440K), 0.0897764 secs] 1444277K->977531K(2010624K), 0.0898264 secs] [Times: user=0.44 sys=0.00, real=0.08 secs] 
[GC (Allocation Failure) [ParNew (0: promotion failure size = 41)  (1: promotion failure size = 4167)  (2: promotion failure size = 4167)  (3: promotion failure size = 4167)  (4: promotion failure size = 4167)  (5: promotion failure size = 41)  (6: promotion failure size = 4167)  (7: promotion failure size = 41)  (promotion failed): 613440K->565882K(613440K), 4.2951288 secs][CMS: 942633K->756620K(1397184K), 1.8814182 secs] 1522875K->756620K(2010624K), [Metaspace: 9996K->9996K(10240K)], 6.1766374 secs] [Times: user=6.08 sys=0.87, real=6.17 secs] 

*** PauseDetector detected a 6173 ms pause at Fri Dec 19 19:03:08 EET 2014 ***

[GC (Allocation Failure) [ParNew: 545344K->68096K(613440K), 0.0786765 secs] 1301964K->869497K(2010624K), 0.0787226 secs] [Times: user=0.31 sys=0.00, real=0.08 secs] 
[GC (Allocation Failure) [ParNew: 613440K->20415K(613440K), 0.0485192 secs] 1414841K->885483K(2010624K), 0.0485711 secs] [Times: user=0.17 sys=0.00, real=0.04 secs] 
[GC (Allocation Failure) [ParNew: 565759K->68096K(613440K), 0.0732205 secs] 1430827K->976285K(2010624K), 0.0732705 secs] [Times: user=0.28 sys=0.00, real=0.07 secs] 
[GC (Allocation Failure) [ParNew: 613440K->34266K(613440K), 0.0372929 secs] 1521629K->1006172K(2010624K), 0.0373410 secs] [Times: user=0.09 sys=0.03, real=0.03 secs] 
[GC (Allocation Failure) [ParNew: 579610K->68096K(613440K), 0.0732616 secs] 1551516K->1082771K(2010624K), 0.0733071 secs] [Times: user=0.25 sys=0.00, real=0.07 secs] 
[GC (Allocation Failure) [ParNew: 613440K->27382K(613440K), 0.0362510 secs] 1628115K->1105619K(2010624K), 0.0363414 secs] [Times: user=0.09 sys=0.00, real=0.03 secs] 
[GC (Allocation Failure) [ParNew: 572726K->68096K(613440K), 0.0702840 secs] 1650963K->1191569K(2010624K), 0.0703347 secs] [Times: user=0.28 sys=0.00, real=0.06 secs] 
[GC (Allocation Failure) [ParNew: 613440K->26402K(613440K), 0.0361477 secs] 1736913K->1210616K(2010624K), 0.0362118 secs] [Times: user=0.13 sys=0.00, real=0.03 secs] 
[GC (CMS Initial Mark) [1 CMS-initial-mark: 1184213K(1397184K)] 1210619K(2010624K), 0.0039046 secs] [Times: user=0.00 sys=0.00, real=0.01 secs] 
[CMS-concurrent-mark-start]
[CMS-concurrent-mark: 1.117/1.117 secs] [Times: user=3.60 sys=0.00, real=1.12 secs] 
[CMS-concurrent-preclean-start]
[CMS-concurrent-preclean: 0.102/0.108 secs] [Times: user=0.23 sys=0.00, real=0.11 secs] 
[CMS-concurrent-abortable-preclean-start]
[GC (Allocation Failure) [ParNew[CMS-concurrent-abortable-preclean: 0.091/0.649 secs] [Times: user=0.97 sys=0.00, real=0.65 secs] 
: 571746K->68096K(613440K), 0.0710449 secs] 1755960K->1295046K(2010624K), 0.0711001 secs] [Times: user=0.31 sys=0.00, real=0.07 secs] 
[GC (CMS Final Remark) [YG occupancy: 79076 K (613440 K)][Rescan (parallel) , 0.0356864 secs][weak refs processing, 0.0000148 secs][class unloading, 0.0053578 secs][scrub symbol table, 0.0010535 secs][scrub string table, 0.0003503 secs][1 CMS-remark: 1226950K(1397184K)] 1306027K(2010624K), 0.0432968 secs] [Times: user=0.16 sys=0.00, real=0.04 secs] 
[CMS-concurrent-sweep-start]
[CMS-concurrent-sweep: 0.613/0.613 secs] [Times: user=1.28 sys=0.00, real=0.62 secs] 
[CMS-concurrent-reset-start]
[CMS-concurrent-reset: 0.003/0.003 secs] [Times: user=0.00 sys=0.00, real=0.00 secs] 
[GC (Allocation Failure) [ParNew: 613440K->34001K(613440K), 0.0438562 secs] 1300863K->784477K(2010624K), 0.0439011 secs] [Times: user=0.12 sys=0.00, real=0.04 secs] 
[GC (Allocation Failure) [ParNew: 579345K->68096K(613440K), 0.0654388 secs] 1329821K->862626K(2010624K), 0.0654895 secs] [Times: user=0.27 sys=0.00, real=0.06 secs] 
[GC (Allocation Failure) [ParNew: 613440K->33304K(613440K), 0.0313897 secs] 1407970K->889733K(2010624K), 0.0314520 secs] [Times: user=0.12 sys=0.00, real=0.03 secs] 
[GC (Allocation Failure) [ParNew: 578648K->68096K(613440K), 0.0804151 secs] 1435077K->965773K(2010624K), 0.0804677 secs] [Times: user=0.26 sys=0.00, real=0.07 secs] 
[GC (Allocation Failure) [ParNew (0: promotion failure size = 1854)  (1: promotion failure size = 69)  (2: promotion failure size = 69)  (3: promotion failure size = 69)  (4: promotion failure size = 69)  (5: promotion failure size = 69)  (6: promotion failure size = 69)  (7: promotion failure size = 1854)  (promotion failed): 613440K->586344K(613440K), 2.2687459 secs][CMS: 935274K->753050K(1397184K), 1.9162172 secs] 1511117K->753050K(2010624K), [Metaspace: 9996K->9996K(10240K)], 4.1850286 secs] [Times: user=4.45 sys=0.62, real=4.18 secs] 

*** PauseDetector detected a 4184 ms pause at Fri Dec 19 19:03:34 EET 2014 ***

[GC (Allocation Failure) [ParNew: 545344K->68096K(613440K), 0.0620609 secs] 1298394K->864602K(2010624K), 0.0621090 secs] [Times: user=0.26 sys=0.00, real=0.06 secs] 
[GC (Allocation Failure) [ParNew: 613440K->26699K(613440K), 0.0318279 secs] 1409946K->885315K(2010624K), 0.0318696 secs] [Times: user=0.13 sys=0.00, real=0.02 secs] 
[GC (Allocation Failure) [ParNew: 572043K->68096K(613440K), 0.0589089 secs] 1430659K->968843K(2010624K), 0.0589608 secs] [Times: user=0.28 sys=0.00, real=0.06 secs] 
[GC (Allocation Failure) [ParNew: 613440K->20219K(613440K), 0.0302522 secs] 1514187K->983732K(2010624K), 0.0302959 secs] [Times: user=0.08 sys=0.00, real=0.03 secs] 
[GC (Allocation Failure) [ParNew: 565563K->68096K(613440K), 0.0592470 secs] 1529076K->1073448K(2010624K), 0.0592989 secs] [Times: user=0.28 sys=0.00, real=0.06 secs] 
[GC (Allocation Failure) [ParNew: 613440K->33781K(613440K), 0.0403455 secs] 1618792K->1101682K(2010624K), 0.0404578 secs] [Times: user=0.14 sys=0.00, real=0.04 secs] 
[GC (Allocation Failure) [ParNew: 579125K->68096K(613440K), 0.0599912 secs] 1647026K->1176709K(2010624K), 0.0600534 secs] [Times: user=0.27 sys=0.00, real=0.06 secs] 
[GC (Allocation Failure) [ParNew: 613440K->27354K(613440K), 0.0313955 secs] 1722053K->1199416K(2010624K), 0.0314468 secs] [Times: user=0.13 sys=0.00, real=0.03 secs] 
[GC (CMS Initial Mark) [1 CMS-initial-mark: 1172062K(1397184K)] 1199416K(2010624K), 0.0045186 secs] [Times: user=0.00 sys=0.00, real=0.00 secs] 
[CMS-concurrent-mark-start]
[CMS-concurrent-mark: 1.173/1.173 secs] [Times: user=3.88 sys=0.00, real=1.18 secs] 
[CMS-concurrent-preclean-start]
[CMS-concurrent-preclean: 0.069/0.073 secs] [Times: user=0.13 sys=0.00, real=0.07 secs] 
[CMS-concurrent-abortable-preclean-start]
[GC (Allocation Failure) [ParNew[CMS-concurrent-abortable-preclean: 0.060/0.382 secs] [Times: user=0.55 sys=0.00, real=0.38 secs] 
: 572698K->68096K(613440K), 0.0585271 secs] 1744760K->1281546K(2010624K), 0.0585765 secs] [Times: user=0.19 sys=0.00, real=0.06 secs] 
[GC (CMS Final Remark) [YG occupancy: 79076 K (613440 K)][Rescan (parallel) , 0.0271502 secs][weak refs processing, 0.0000148 secs][class unloading, 0.0054143 secs][scrub symbol table, 0.0010560 secs][scrub string table, 0.0003535 secs][1 CMS-remark: 1213450K(1397184K)] 1292526K(2010624K), 0.0348279 secs] [Times: user=0.16 sys=0.00, real=0.03 secs] 
[CMS-concurrent-sweep-start]
[CMS-concurrent-sweep: 0.543/0.543 secs] [Times: user=1.14 sys=0.00, real=0.55 secs] 
[CMS-concurrent-reset-start]
[CMS-concurrent-reset: 0.003/0.003 secs] [Times: user=0.00 sys=0.00, real=0.00 secs] 
[GC (Allocation Failure) [ParNew: 613440K->20347K(613440K), 0.0316162 secs] 1299088K->768660K(2010624K), 0.0317394 secs] [Times: user=0.12 sys=0.00, real=0.03 secs] 
[GC (Allocation Failure) [ParNew: 565691K->68096K(613440K), 0.0548053 secs] 1314004K->859765K(2010624K), 0.0548560 secs] [Times: user=0.19 sys=0.00, real=0.05 secs] 
[GC (Allocation Failure) [ParNew: 613440K->26368K(613440K), 0.0292507 secs] 1405109K->878670K(2010624K), 0.0293033 secs] [Times: user=0.06 sys=0.00, real=0.02 secs] 
[GC (Allocation Failure) [ParNew: 571712K->68096K(613440K), 0.0676831 secs] 1424014K->960874K(2010624K), 0.0677402 secs] [Times: user=0.22 sys=0.00, real=0.07 secs] 
[GC (Allocation Failure) [ParNew (0: promotion failure size = 97)  (1: promotion failure size = 97)  (2: promotion failure size = 1854)  (3: promotion failure size = 97)  (4: promotion failure size = 1854)  (5: promotion failure size = 97)  (6: promotion failure size = 97)  (7: promotion failure size = 1854)  (promotion failed): 613440K->579543K(613440K), 1.6103036 secs][CMS: 935824K->752276K(1397184K), 1.6797388 secs] 1506218K->752276K(2010624K), [Metaspace: 9996K->9996K(10240K)], 3.2901219 secs] [Times: user=3.14 sys=0.26, real=3.28 secs] 

*** PauseDetector detected a 3286 ms pause at Fri Dec 19 19:03:58 EET 2014 ***

[GC (Allocation Failure) [ParNew: 545344K->68096K(613440K), 0.0514736 secs] 1297620K->861741K(2010624K), 0.0515378 secs] [Times: user=0.19 sys=0.00, real=0.05 secs] 
[GC (Allocation Failure) [ParNew: 613440K->33731K(613440K), 0.0403917 secs] 1407085K->890193K(2010624K), 0.0404430 secs] [Times: user=0.14 sys=0.00, real=0.04 secs] 
[GC (Allocation Failure) [ParNew: 579075K->68096K(613440K), 0.0511650 secs] 1435537K->967046K(2010624K), 0.0512144 secs] [Times: user=0.20 sys=0.00, real=0.05 secs] 
[GC (Allocation Failure) [ParNew: 613440K->32999K(613440K), 0.0278104 secs] 1512390K->992914K(2010624K), 0.0278617 secs] [Times: user=0.13 sys=0.00, real=0.03 secs] 
[GC (Allocation Failure) [ParNew: 578343K->68096K(613440K), 0.0502251 secs] 1538258K->1069365K(2010624K), 0.0502745 secs] [Times: user=0.20 sys=0.00, real=0.05 secs] 
[Full GC (System.gc()) [CMS: 1001269K->747034K(1397184K), 1.4316478 secs] 1190923K->747034K(2010624K), [Metaspace: 9996K->9996K(10240K)], 1.4318595 secs] [Times: user=1.42 sys=0.00, real=1.42 secs] 
[Full GC (System.gc()) [CMS: 747034K->746957K(1397184K), 1.2980152 secs] 758014K->746957K(2010624K), [Metaspace: 9996K->9996K(10240K)], 1.2982103 secs] [Times: user=1.30 sys=0.00, real=1.30 secs] 
[Full GC (System.gc()) [CMS: 746957K->745764K(1397184K), 1.2679850 secs] 757935K->745764K(2010624K), [Metaspace: 9996K->9996K(10240K)]
*** PauseDetector detected a 1425 ms pause at Fri Dec 19 19:04:07 EET 2014 ***

, 1.2681890 secs] [Times: user=1.28 sys=0.00, real=1.27 secs] 

*** PauseDetector detected a 2585 ms pause at Fri Dec 19 19:04:10 EET 2014 ***

[GC (Allocation Failure) [ParNew: 545344K->68096K(613440K), 0.0501610 secs] 1291108K->859821K(2010624K), 0.0502206 secs] [Times: user=0.20 sys=0.00, real=0.05 secs] 
[GC (Allocation Failure) [ParNew: 613440K->30034K(613440K), 0.0324920 secs] 1405165K->879715K(2010624K), 0.0325536 secs] [Times: user=0.13 sys=0.00, real=0.02 secs] 
[GC (Allocation Failure) [ParNew: 575378K->68096K(613440K), 0.1707015 secs] 1425059K->985989K(2010624K), 0.1707631 secs] [Times: user=0.78 sys=0.02, real=0.17 secs] 
[GC (Allocation Failure) [ParNew: 613440K->27449K(613440K), 0.0854226 secs] 1531333K->1009363K(2010624K), 0.0854836 secs] [Times: user=0.36 sys=0.00, real=0.09 secs] 
[GC (Allocation Failure) [ParNew: 572793K->68096K(613440K), 0.1846186 secs] 1554707K->1106911K(2010624K), 0.1846725 secs] [Times: user=0.92 sys=0.00, real=0.18 secs] 
[GC (Allocation Failure) [ParNew: 613440K->27408K(613440K), 0.0750227 secs] 1652255K->1130359K(2010624K), 0.0750843 secs] [Times: user=0.28 sys=0.00, real=0.07 secs] 
[Full GC (System.gc()) [CMS: 1102950K->682502K(1397184K), 1.5081570 secs] 1141339K->682502K(2010624K), [Metaspace: 9996K->9996K(10240K)], 1.5085278 secs] [Times: user=1.50 sys=0.00, real=1.50 secs] 
[Full GC (System.gc()) [CMS: 682502K->682503K(1397184K), 1.3681209 secs] 682504K->682503K(2010624K), [Metaspace: 9996K->9996K(10240K)], 1.3684436 secs] [Times: user=1.37 sys=0.00, real=1.37 secs] 
[Full GC (System.gc()) [CMS: 682503K->682502K(1397184K), 1.3234351 secs] 682505K->682502K(2010624K), [Metaspace: 9996K->9996K(10240K)]
*** PauseDetector detected a 1507 ms pause at Fri Dec 19 19:04:21 EET 2014 ***

, 1.3236622 secs] [Times: user=1.33 sys=0.00, real=1.32 secs] 
********************************
********** ROUND   93 **********
********************************

*** PauseDetector detected a 2703 ms pause at Fri Dec 19 19:04:24 EET 2014 ***

[GC (Allocation Failure) [ParNew: 545344K->68096K(613440K), 0.1238517 secs] 1227846K->807972K(2010624K), 0.1239050 secs] [Times: user=0.52 sys=0.00, real=0.12 secs] 
[GC (Allocation Failure) [ParNew: 613440K->33918K(613440K), 0.0606777 secs] 1353316K->837559K(2010624K), 0.0607239 secs] [Times: user=0.19 sys=0.00, real=0.06 secs] 
[GC (Allocation Failure) [ParNew: 579262K->68096K(613440K), 0.1350806 secs] 1382903K->922234K(2010624K), 0.1351274 secs] [Times: user=0.58 sys=0.00, real=0.13 secs] 
[GC (Allocation Failure) [ParNew: 613440K->41023K(613440K), 0.0587626 secs] 1467578K->958814K(2010624K), 0.0588473 secs] [Times: user=0.20 sys=0.00, real=0.06 secs] 
[GC (Allocation Failure) [ParNew: 586367K->68096K(613440K), 0.1221721 secs] 1504158K->1034905K(2010624K), 0.1222176 secs] [Times: user=0.52 sys=0.00, real=0.12 secs] 
[GC (Allocation Failure) [ParNew: 613440K->20525K(613440K), 0.0554546 secs] 1580249K->1052664K(2010624K), 0.0555085 secs] [Times: user=0.20 sys=0.00, real=0.05 secs] 
[GC (Allocation Failure) [ParNew: 565869K->68096K(613440K), 0.1219418 secs] 1598008K->1148649K(2010624K), 0.1219912 secs] [Times: user=0.51 sys=0.00, real=0.12 secs] 
[GC (Allocation Failure) [ParNew: 613440K->13354K(613440K), 0.0528954 secs] 1693993K->1155615K(2010624K), 0.0529448 secs] [Times: user=0.20 sys=0.00, real=0.05 secs] 
[GC (Allocation Failure) [ParNew: 558698K->68096K(613440K), 0.1104588 secs] 1700959K->1258056K(2010624K), 0.1105365 secs] [Times: user=0.50 sys=0.00, real=0.10 secs] 
[GC (CMS Initial Mark) [1 CMS-initial-mark: 1189960K(1397184K)] 1269110K(2010624K), 0.0074596 secs] [Times: user=0.00 sys=0.00, real=0.01 secs] 
[CMS-concurrent-mark-start]
[CMS-concurrent-mark: 1.196/1.196 secs] [Times: user=3.59 sys=0.00, real=1.20 secs] 
[CMS-concurrent-preclean-start]
[CMS-concurrent-preclean: 0.005/0.005 secs] [Times: user=0.03 sys=0.00, real=0.01 secs] 
[CMS-concurrent-abortable-preclean-start]
[GC (Allocation Failure) [ParNew: 613440K->33462K(613440K), 0.0490235 secs] 1803400K->1285050K(2010624K), 0.0490754 secs] [Times: user=0.17 sys=0.00, real=0.05 secs] 
[CMS-concurrent-abortable-preclean: 0.594/1.352 secs] [Times: user=2.39 sys=0.00, real=1.35 secs] 
[GC (CMS Final Remark) [YG occupancy: 376515 K (613440 K)][Rescan (parallel) , 0.0698253 secs][weak refs processing, 0.0000180 secs][class unloading, 0.0055727 secs][scrub symbol table, 0.0012254 secs][scrub string table, 0.0003522 secs][1 CMS-remark: 1251588K(1397184K)] 1628103K(2010624K), 0.0778398 secs] [Times: user=0.26 sys=0.00, real=0.07 secs] 
[CMS-concurrent-sweep-start]
[GC (Allocation Failure) [ParNew: 578806K->68096K(613440K), 0.0954376 secs] 1732123K->1266631K(2010624K), 0.0954883 secs] [Times: user=0.50 sys=0.00, real=0.09 secs] 
[CMS-concurrent-sweep: 0.727/0.823 secs] [Times: user=2.00 sys=0.00, real=0.83 secs] 
[CMS-concurrent-reset-start]
[CMS-concurrent-reset: 0.003/0.003 secs] [Times: user=0.00 sys=0.00, real=0.00 secs] 
[GC (Allocation Failure) [ParNew: 613440K->41013K(613440K), 0.0428752 secs] 1414277K->905374K(2010624K), 0.0429253 secs] [Times: user=0.12 sys=0.00, real=0.03 secs] 
[GC (Allocation Failure) [ParNew: 586357K->68096K(613440K), 0.0912879 secs] 1450718K->977251K(2010624K), 0.0913392 secs] [Times: user=0.34 sys=0.00, real=0.08 secs] 
[GC (Allocation Failure) [ParNew (0: promotion failure size = 41)  (1: promotion failure size = 41)  (2: promotion failure size = 41)  (3: promotion failure size = 41)  (4: promotion failure size = 41)  (5: promotion failure size = 41)  (6: promotion failure size = 4167)  (7: promotion failure size = 41)  (promotion failed): 613440K->565877K(613440K), 3.8523060 secs][CMS: 948847K->756617K(1397184K), 2.0720560 secs] 1522595K->756617K(2010624K), [Metaspace: 9996K->9996K(10240K)], 5.9244262 secs] [Times: user=6.26 sys=0.98, real=5.92 secs] 

*** PauseDetector detected a 5920 ms pause at Fri Dec 19 19:04:52 EET 2014 ***

[GC (Allocation Failure) [ParNew: 545344K->68096K(613440K), 0.0767562 secs] 1301961K->868909K(2010624K), 0.0768063 secs] [Times: user=0.28 sys=0.00, real=0.07 secs] 
[GC (Allocation Failure) [ParNew: 613440K->41139K(613440K), 0.0429234 secs] 1414253K->906242K(2010624K), 0.0429676 secs] [Times: user=0.13 sys=0.00, real=0.03 secs] 
[GC (Allocation Failure) [ParNew: 586483K->68096K(613440K), 0.0747109 secs] 1451586K->977316K(2010624K), 0.0747609 secs] [Times: user=0.36 sys=0.00, real=0.07 secs] 
[GC (Allocation Failure) [ParNew: 613440K->33883K(613440K), 0.0367674 secs] 1522660K->1006017K(2010624K), 0.0369221 secs] [Times: user=0.13 sys=0.00, real=0.03 secs] 
[GC (Allocation Failure) [ParNew: 579227K->68096K(613440K), 0.0715049 secs] 1551361K->1083892K(2010624K), 0.0715550 secs] [Times: user=0.28 sys=0.00, real=0.07 secs] 
[GC (Allocation Failure) [ParNew: 613440K->27017K(613440K), 0.0374417 secs] 1629236K->1105490K(2010624K), 0.0374924 secs] [Times: user=0.13 sys=0.00, real=0.03 secs] 
[GC (Allocation Failure) [ParNew: 572361K->68096K(613440K), 0.0702911 secs] 1650834K->1191829K(2010624K), 0.0703379 secs] [Times: user=0.27 sys=0.00, real=0.07 secs] 
[GC (Allocation Failure) [ParNew: 613440K->32962K(613440K), 0.0333356 secs] 1737173K->1217447K(2010624K), 0.0333863 secs] [Times: user=0.09 sys=0.00, real=0.03 secs] 
[GC (CMS Initial Mark) [1 CMS-initial-mark: 1184485K(1397184K)] 1217449K(2010624K), 0.0022827 secs] [Times: user=0.00 sys=0.00, real=0.00 secs] 
[CMS-concurrent-mark-start]
[CMS-concurrent-mark: 1.237/1.237 secs] [Times: user=3.90 sys=0.00, real=1.25 secs] 
[CMS-concurrent-preclean-start]
[CMS-concurrent-preclean: 0.098/0.104 secs] [Times: user=0.22 sys=0.00, real=0.10 secs] 
[CMS-concurrent-abortable-preclean-start]
[GC (Allocation Failure) [ParNew[CMS-concurrent-abortable-preclean: 0.062/0.391 secs] [Times: user=0.66 sys=0.00, real=0.38 secs] 
: 578306K->68096K(613440K), 0.0696553 secs] 1762791K->1296230K(2010624K), 0.0697066 secs] [Times: user=0.28 sys=0.00, real=0.07 secs] 
[GC (CMS Final Remark) [YG occupancy: 79076 K (613440 K)][Rescan (parallel) , 0.0362413 secs][weak refs processing, 0.0000154 secs][class unloading, 0.0057594 secs][scrub symbol table, 0.0010682 secs][scrub string table, 0.0003535 secs][1 CMS-remark: 1228134K(1397184K)] 1307210K(2010624K), 0.0442873 secs] [Times: user=0.23 sys=0.00, real=0.04 secs] 
[CMS-concurrent-sweep-start]
[CMS-concurrent-sweep: 0.605/0.605 secs] [Times: user=1.25 sys=0.00, real=0.61 secs] 
[CMS-concurrent-reset-start]
[CMS-concurrent-reset: 0.003/0.003 secs] [Times: user=0.00 sys=0.00, real=0.00 secs] 
[GC (Allocation Failure) [ParNew: 613440K->26813K(613440K), 0.0329642 secs] 1302049K->777583K(2010624K), 0.0330097 secs] [Times: user=0.06 sys=0.00, real=0.03 secs] 
[GC (Allocation Failure) [ParNew: 572157K->68096K(613440K), 0.0661651 secs] 1322927K->862787K(2010624K), 0.0662838 secs] [Times: user=0.28 sys=0.00, real=0.06 secs] 
[GC (Allocation Failure) [ParNew: 613440K->40069K(613440K), 0.0320204 secs] 1408131K->896399K(2010624K), 0.0321365 secs] [Times: user=0.12 sys=0.00, real=0.03 secs] 
[GC (Allocation Failure) [ParNew: 585413K->68096K(613440K), 0.0800809 secs] 1441743K->965670K(2010624K), 0.0801303 secs] [Times: user=0.25 sys=0.00, real=0.08 secs] 
[GC (Allocation Failure) [ParNew (0: promotion failure size = 69)  (1: promotion failure size = 69)  (2: promotion failure size = 69)  (3: promotion failure size = 1854)  (4: promotion failure size = 69)  (5: promotion failure size = 69)  (6: promotion failure size = 69)  (7: promotion failure size = 69)  (promotion failed): 613440K->579516K(613440K), 2.9721101 secs][CMS: 928451K->753051K(1397184K), 1.8946840 secs] 1511014K->753051K(2010624K), [Metaspace: 9996K->9996K(10240K)], 4.8669397 secs] [Times: user=5.07 sys=0.75, real=4.86 secs] 

*** PauseDetector detected a 4862 ms pause at Fri Dec 19 19:05:18 EET 2014 ***

[GC (Allocation Failure) [ParNew: 545344K->68096K(613440K), 0.0587465 secs] 1298395K->866511K(2010624K), 0.0587991 secs] [Times: user=0.28 sys=0.00, real=0.06 secs] 
[GC (Allocation Failure) [ParNew: 613440K->32493K(613440K), 0.0304139 secs] 1411855K->891264K(2010624K), 0.0304588 secs] [Times: user=0.13 sys=0.00, real=0.03 secs] 
[GC (Allocation Failure) [ParNew: 577837K->68096K(613440K), 0.0578451 secs] 1436608K->970280K(2010624K), 0.0578952 secs] [Times: user=0.23 sys=0.00, real=0.06 secs] 
[GC (Allocation Failure) [ParNew: 613440K->26432K(613440K), 0.0322065 secs] 1515624K->989868K(2010624K), 0.0322565 secs] [Times: user=0.16 sys=0.00, real=0.03 secs] 
[GC (Allocation Failure) [ParNew: 571776K->68096K(613440K), 0.0581589 secs] 1535212K->1073730K(2010624K), 0.0582076 secs] [Times: user=0.20 sys=0.00, real=0.06 secs] 
[GC (Allocation Failure) [ParNew: 613440K->13430K(613440K), 0.0298493 secs] 1619074K->1081134K(2010624K), 0.0298923 secs] [Times: user=0.13 sys=0.00, real=0.03 secs] 
[GC (Allocation Failure) [ParNew: 558774K->68096K(613440K), 0.0573190 secs] 1626478K->1177751K(2010624K), 0.0573672 secs] [Times: user=0.20 sys=0.00, real=0.06 secs] 
[GC (Allocation Failure) [ParNew: 613440K->27028K(613440K), 0.0410506 secs] 1723095K->1199046K(2010624K), 0.0411026 secs] [Times: user=0.19 sys=0.00, real=0.04 secs] 
[GC (CMS Initial Mark) [1 CMS-initial-mark: 1172018K(1397184K)] 1210024K(2010624K), 0.0050986 secs] [Times: user=0.00 sys=0.00, real=0.01 secs] 
[CMS-concurrent-mark-start]
[CMS-concurrent-mark: 1.195/1.195 secs] [Times: user=3.88 sys=0.00, real=1.19 secs] 
[CMS-concurrent-preclean-start]
[CMS-concurrent-preclean: 0.077/0.082 secs] [Times: user=0.16 sys=0.00, real=0.08 secs] 
[CMS-concurrent-abortable-preclean-start]
[GC (Allocation Failure) [ParNew: 572372K->68096K(613440K), 0.0578997 secs] 1744390K->1282240K(2010624K), 0.0579471 secs] [Times: user=0.27 sys=0.00, real=0.06 secs] 
[CMS-concurrent-abortable-preclean: 0.654/1.338 secs] [Times: user=2.20 sys=0.00, real=1.34 secs] 
[GC (CMS Final Remark) [YG occupancy: 410098 K (613440 K)][Rescan (parallel) , 0.0746352 secs][weak refs processing, 0.0000148 secs][class unloading, 0.0053706 secs][scrub symbol table, 0.0010515 secs][scrub string table, 0.0003529 secs][1 CMS-remark: 1214144K(1397184K)] 1624243K(2010624K), 0.0822648 secs] [Times: user=0.42 sys=0.00, real=0.07 secs] 
[CMS-concurrent-sweep-start]
[GC (Allocation Failure) [ParNew: 613440K->46982K(613440K), 0.0297884 secs] 1431700K->927165K(2010624K), 0.0298397 secs] [Times: user=0.08 sys=0.00, real=0.02 secs] 
[CMS-concurrent-sweep: 0.519/0.549 secs] [Times: user=1.14 sys=0.00, real=0.56 secs] 
[CMS-concurrent-reset-start]
[CMS-concurrent-reset: 0.003/0.003 secs] [Times: user=0.03 sys=0.00, real=0.00 secs] 
[GC (Allocation Failure) [ParNew: 592326K->68096K(613440K), 0.0542420 secs] 1340615K->859807K(2010624K), 0.0543550 secs] [Times: user=0.20 sys=0.00, real=0.05 secs] 
[GC (Allocation Failure) [ParNew: 613440K->26269K(613440K), 0.0295953 secs] 1405151K->878515K(2010624K), 0.0296530 secs] [Times: user=0.13 sys=0.00, real=0.03 secs] 
[GC (Allocation Failure) [ParNew: 571613K->68096K(613440K), 0.0584476 secs] 1423859K->960819K(2010624K), 0.0584944 secs] [Times: user=0.19 sys=0.00, real=0.05 secs] 
[GC (Allocation Failure) [ParNew (0: promotion failure size = 97)  (1: promotion failure size = 1854)  (2: promotion failure size = 1854)  (3: promotion failure size = 1854)  (4: promotion failure size = 1854)  (5: promotion failure size = 1854)  (6: promotion failure size = 1854)  (7: promotion failure size = 97)  (promotion failed): 613440K->579536K(613440K), 0.6527605 secs][CMS: 948424K->752275K(1397184K), 1.5730325 secs] 1506163K->752275K(2010624K), [Metaspace: 9996K->9996K(10240K)]
*** PauseDetector detected a 2219 ms pause at Fri Dec 19 19:05:42 EET 2014 ***

, 2.2258636 secs] [Times: user=2.31 sys=0.20, real=2.22 secs] 
[GC (Allocation Failure) [ParNew: 545344K->68096K(613440K), 0.0508590 secs] 1297619K->861232K(2010624K), 0.0509142 secs] [Times: user=0.23 sys=0.00, real=0.05 secs] 
[GC (Allocation Failure) [ParNew: 613440K->20380K(613440K), 0.0297948 secs] 1406576K->876861K(2010624K), 0.0298384 secs] [Times: user=0.06 sys=0.00, real=0.03 secs] 
[GC (Allocation Failure) [ParNew: 565724K->68096K(613440K), 0.0509617 secs] 1422205K->965410K(2010624K), 0.0510143 secs] [Times: user=0.20 sys=0.00, real=0.05 secs] 
[GC (Allocation Failure) [ParNew: 613440K->20286K(613440K), 0.0280876 secs] 1510754K->980231K(2010624K), 0.0282415 secs] [Times: user=0.13 sys=0.00, real=0.03 secs] 
[GC (Allocation Failure) [ParNew: 565630K->68096K(613440K), 0.0492814 secs] 1525575K->1068800K(2010624K), 0.0493327 secs] [Times: user=0.25 sys=0.00, real=0.05 secs] 
[Full GC (System.gc()) [CMS: 1000704K->750305K(1397184K), 1.8040082 secs] 1068987K->750305K(2010624K), [Metaspace: 9996K->9996K(10240K)], 1.8042250 secs] [Times: user=1.81 sys=0.00, real=1.80 secs] 
[Full GC (System.gc()) [CMS: 750305K->745817K(1397184K), 1.3298169 secs] 761284K->745817K(2010624K), [Metaspace: 9996K->9996K(10240K)], 1.3299914 secs] [Times: user=1.33 sys=0.00, real=1.33 secs] 
[Full GC (System.gc()) [CMS: 745817K->745887K(1397184K), 1.4231225 secs] 756797K->745887K(2010624K), [Metaspace: 9996K->9996K(10240K)]
*** PauseDetector detected a 1807 ms pause at Fri Dec 19 19:05:51 EET 2014 ***

, 1.4234337 secs] [Times: user=1.42 sys=0.00, real=1.43 secs] 

*** PauseDetector detected a 2763 ms pause at Fri Dec 19 19:05:54 EET 2014 ***

[GC (Allocation Failure) [ParNew: 545344K->68096K(613440K), 0.0629303 secs] 1291231K->869780K(2010624K), 0.0629931 secs] [Times: user=0.27 sys=0.00, real=0.06 secs] 
[GC (Allocation Failure) [ParNew: 613440K->26447K(613440K), 0.0243375 secs] 1415124K->877880K(2010624K), 0.0243876 secs] [Times: user=0.11 sys=0.00, real=0.02 secs] 
[GC (Allocation Failure) [ParNew: 571791K->68096K(613440K), 0.1729195 secs] 1423224K->987622K(2010624K), 0.1729811 secs] [Times: user=0.76 sys=0.00, real=0.16 secs] 
[GC (Allocation Failure) [ParNew: 613440K->27346K(613440K), 0.0840984 secs] 1532966K->1011656K(2010624K), 0.0841562 secs] [Times: user=0.36 sys=0.00, real=0.08 secs] 
[GC (Allocation Failure) [ParNew: 572690K->68096K(613440K), 0.1976599 secs] 1557000K->1109753K(2010624K), 0.1977350 secs] [Times: user=0.97 sys=0.00, real=0.20 secs] 
[GC (Allocation Failure) [ParNew: 613440K->27410K(613440K), 0.0748616 secs] 1655097K->1132746K(2010624K), 0.0749091 secs] [Times: user=0.20 sys=0.00, real=0.07 secs] 
[Full GC (System.gc()) [CMS: 1105335K->741804K(1397184K), 1.5806063 secs] 1143727K->741804K(2010624K), [Metaspace: 9996K->9996K(10240K)], 1.5808058 secs] [Times: user=1.58 sys=0.00, real=1.58 secs] 
[Full GC (System.gc()) [CMS: 741804K->741805K(1397184K), 1.3600582 secs] 741806K->741805K(2010624K), [Metaspace: 9996K->9996K(10240K)], 1.3602519 secs] [Times: user=1.37 sys=0.00, real=1.36 secs] 
[Full GC (System.gc()) [CMS: 741805K->741805K(1397184K), 1.4058109 secs] 741805K->741805K(2010624K), [Metaspace: 9996K->9996K(10240K)]
*** PauseDetector detected a 1575 ms pause at Fri Dec 19 19:06:05 EET 2014 ***

, 1.4061073 secs] [Times: user=1.40 sys=0.00, real=1.41 secs] 
********************************
********** ROUND   94 **********
********************************

*** PauseDetector detected a 2783 ms pause at Fri Dec 19 19:06:08 EET 2014 ***

[GC (Allocation Failure) [ParNew: 545344K->68096K(613440K), 0.1470832 secs] 1287149K->866792K(2010624K), 0.1471339 secs] [Times: user=0.66 sys=0.00, real=0.15 secs] 
[GC (Allocation Failure) [ParNew: 613440K->34164K(613440K), 0.0608047 secs] 1412136K->897081K(2010624K), 0.0608503 secs] [Times: user=0.19 sys=0.00, real=0.06 secs] 
[GC (Allocation Failure) [ParNew: 579508K->68096K(613440K), 0.1367981 secs] 1442425K->981434K(2010624K), 0.1368590 secs] [Times: user=0.59 sys=0.00, real=0.13 secs] 
[GC (Allocation Failure) [ParNew: 613440K->20528K(613440K), 0.0616150 secs] 1526778K->997524K(2010624K), 0.0617004 secs] [Times: user=0.20 sys=0.00, real=0.06 secs] 
[GC (Allocation Failure) [ParNew: 565872K->68096K(613440K), 0.1234488 secs] 1542868K->1094070K(2010624K), 0.1234976 secs] [Times: user=0.52 sys=0.00, real=0.12 secs] 
[GC (Allocation Failure) [ParNew: 613440K->20564K(613440K), 0.0543851 secs] 1639414K->1110124K(2010624K), 0.0544332 secs] [Times: user=0.19 sys=0.00, real=0.05 secs] 
[GC (Allocation Failure) [ParNew: 565908K->68096K(613440K), 0.1126396 secs] 1655468K->1204133K(2010624K), 0.1126883 secs] [Times: user=0.50 sys=0.00, real=0.11 secs] 
[GC (Allocation Failure) [ParNew: 613440K->27430K(613440K), 0.0525996 secs] 1749477K->1230475K(2010624K), 0.0526452 secs] [Times: user=0.20 sys=0.00, real=0.05 secs] 
[GC (CMS Initial Mark) [1 CMS-initial-mark: 1203044K(1397184K)] 1230477K(2010624K), 0.0049921 secs] [Times: user=0.00 sys=0.00, real=0.00 secs] 
[CMS-concurrent-mark-start]
[CMS-concurrent-mark: 1.207/1.207 secs] [Times: user=4.02 sys=0.00, real=1.22 secs] 
[CMS-concurrent-preclean-start]
[CMS-concurrent-preclean: 0.199/0.212 secs] [Times: user=0.44 sys=0.00, real=0.21 secs] 
[CMS-concurrent-abortable-preclean-start]
[GC (Allocation Failure) [ParNew[CMS-concurrent-abortable-preclean: 0.052/0.273 secs] [Times: user=0.47 sys=0.00, real=0.27 secs] 
: 572774K->68096K(613440K), 0.1077443 secs] 1775819K->1316990K(2010624K), 0.1077950 secs] [Times: user=0.48 sys=0.00, real=0.10 secs] 
[GC (CMS Final Remark) [YG occupancy: 79146 K (613440 K)][Rescan (parallel) , 0.0591328 secs][weak refs processing, 0.0000154 secs][class unloading, 0.0057209 secs][scrub symbol table, 0.0010900 secs][scrub string table, 0.0003535 secs][1 CMS-remark: 1248894K(1397184K)] 1328041K(2010624K), 0.0671589 secs] [Times: user=0.36 sys=0.00, real=0.07 secs] 
[CMS-concurrent-sweep-start]
[CMS-concurrent-sweep: 0.903/0.903 secs] [Times: user=1.90 sys=0.00, real=0.91 secs] 
[CMS-concurrent-reset-start]
[CMS-concurrent-reset: 0.003/0.003 secs] [Times: user=0.00 sys=0.00, real=0.00 secs] 
[GC (Allocation Failure) [ParNew: 613440K->27406K(613440K), 0.0511971 secs] 1305567K->783043K(2010624K), 0.0512478 secs] [Times: user=0.14 sys=0.00, real=0.05 secs] 
[GC (Allocation Failure) [ParNew: 572750K->68096K(613440K), 0.1004009 secs] 1328387K->870924K(2010624K), 0.1004471 secs] [Times: user=0.41 sys=0.00, real=0.10 secs] 
[GC (Allocation Failure) [ParNew: 613440K->33368K(613440K), 0.0412354 secs] 1416268K->897747K(2010624K), 0.0413342 secs] [Times: user=0.13 sys=0.00, real=0.04 secs] 
[GC (Allocation Failure) [ParNew (0: promotion failure size = 4167)  (1: promotion failure size = 4167)  (2: promotion failure size = 4167)  (3: promotion failure size = 4167)  (4: promotion failure size = 4167)  (5: promotion failure size = 4167)  (6: promotion failure size = 4167)  (7: promotion failure size = 4167)  (promotion failed): 578712K->613440K(613440K), 0.3434497 secs][CMS: 908575K->755382K(1397184K), 2.0648941 secs] 1443091K->755382K(2010624K), [Metaspace: 9998K->9998K(10240K)], 2.4084336 secs] [Times: user=2.67 sys=0.01, real=2.41 secs] 

*** PauseDetector detected a 2408 ms pause at Fri Dec 19 19:06:31 EET 2014 ***

[GC (Allocation Failure) [ParNew: 545344K->20504K(613440K), 0.0087081 secs] 1300726K->775886K(2010624K), 0.0088262 secs] [Times: user=0.05 sys=0.00, real=0.01 secs] 
[GC (Allocation Failure) [ParNew: 565848K->68096K(613440K), 0.0808347 secs] 1321230K->868018K(2010624K), 0.0808777 secs] [Times: user=0.33 sys=0.00, real=0.08 secs] 
[GC (Allocation Failure) [ParNew: 613440K->40943K(613440K), 0.0527202 secs] 1413362K->905499K(2010624K), 0.0527715 secs] [Times: user=0.12 sys=0.00, real=0.04 secs] 
[GC (Allocation Failure) [ParNew: 586287K->68096K(613440K), 0.0739769 secs] 1450843K->975832K(2010624K), 0.0740244 secs] [Times: user=0.26 sys=0.00, real=0.07 secs] 
[GC (Allocation Failure) [ParNew: 613440K->34217K(613440K), 0.0439210 secs] 1521176K->1005761K(2010624K), 0.0439672 secs] [Times: user=0.17 sys=0.00, real=0.04 secs] 
[GC (Allocation Failure) [ParNew: 579561K->68096K(613440K), 0.0717442 secs] 1551105K->1083347K(2010624K), 0.0717891 secs] [Times: user=0.27 sys=0.00, real=0.07 secs] 
[GC (Allocation Failure) [ParNew: 613440K->27023K(613440K), 0.0415151 secs] 1628691K->1104961K(2010624K), 0.0415786 secs] [Times: user=0.14 sys=0.00, real=0.04 secs] 
[GC (Allocation Failure) [ParNew: 572367K->68096K(613440K), 0.0712919 secs] 1650305K->1191782K(2010624K), 0.0713426 secs] [Times: user=0.28 sys=0.00, real=0.07 secs] 
[GC (Allocation Failure) [ParNew: 613440K->32716K(613440K), 0.0328346 secs] 1737126K->1216704K(2010624K), 0.0328776 secs] [Times: user=0.13 sys=0.00, real=0.03 secs] 
[GC (CMS Initial Mark) [1 CMS-initial-mark: 1183988K(1397184K)] 1227685K(2010624K), 0.0031469 secs] [Times: user=0.00 sys=0.00, real=0.00 secs] 
[CMS-concurrent-mark-start]
[CMS-concurrent-mark: 1.161/1.161 secs] [Times: user=3.74 sys=0.00, real=1.17 secs] 
[CMS-concurrent-preclean-start]
[CMS-concurrent-preclean: 0.099/0.106 secs] [Times: user=0.19 sys=0.00, real=0.11 secs] 
[CMS-concurrent-abortable-preclean-start]
[GC (Allocation Failure) [ParNew[CMS-concurrent-abortable-preclean: 0.059/0.385 secs] [Times: user=0.55 sys=0.00, real=0.38 secs] 
: 578060K->68096K(613440K), 0.0714850 secs] 1762048K->1295298K(2010624K), 0.0715376 secs] [Times: user=0.28 sys=0.00, real=0.07 secs] 
[GC (CMS Final Remark) [YG occupancy: 79140 K (613440 K)][Rescan (parallel) , 0.0355067 secs][weak refs processing, 0.0000141 secs][class unloading, 0.0053655 secs][scrub symbol table, 0.0010580 secs][scrub string table, 0.0003497 secs][1 CMS-remark: 1227202K(1397184K)] 1306343K(2010624K), 0.0431364 secs] [Times: user=0.23 sys=0.00, real=0.04 secs] 
[CMS-concurrent-sweep-start]
[CMS-concurrent-sweep: 0.571/0.571 secs] [Times: user=1.15 sys=0.00, real=0.58 secs] 
[CMS-concurrent-reset-start]
[CMS-concurrent-reset: 0.003/0.003 secs] [Times: user=0.00 sys=0.00, real=0.00 secs] 
[GC (Allocation Failure) [ParNew: 613440K->26973K(613440K), 0.0405566 secs] 1301564K->777742K(2010624K), 0.0406073 secs] [Times: user=0.13 sys=0.00, real=0.03 secs] 
[GC (Allocation Failure) [ParNew: 572317K->68096K(613440K), 0.0658417 secs] 1323086K->863408K(2010624K), 0.0658905 secs] [Times: user=0.28 sys=0.00, real=0.06 secs] 
[GC (Allocation Failure) [ParNew: 613440K->33111K(613440K), 0.0322225 secs] 1408752K->889444K(2010624K), 0.0322738 secs] [Times: user=0.12 sys=0.00, real=0.03 secs] 
[GC (Allocation Failure) [ParNew: 578455K->68096K(613440K), 0.0963936 secs] 1434788K->965681K(2010624K), 0.0964763 secs] [Times: user=0.25 sys=0.02, real=0.09 secs] 
[GC (Allocation Failure) [ParNew (0: promotion failure size = 1854)  (1: promotion failure size = 1854)  (2: promotion failure size = 1854)  (3: promotion failure size = 1854)  (4: promotion failure size = 1854)  (5: promotion failure size = 1854)  (6: promotion failure size = 1854)  (7: promotion failure size = 1854)  (promotion failed): 613440K->565836K(613440K), 1.5106316 secs][CMS: 944928K->753050K(1397184K), 2.1404288 secs] 1511025K->753050K(2010624K), [Metaspace: 9998K->9998K(10240K)], 3.6511502 secs] [Times: user=3.28 sys=0.80, real=3.65 secs] 

*** PauseDetector detected a 3652 ms pause at Fri Dec 19 19:06:58 EET 2014 ***

[GC (Allocation Failure) [ParNew: 545344K->68096K(613440K), 0.0605038 secs] 1298394K->863612K(2010624K), 0.0605507 secs] [Times: user=0.19 sys=0.00, real=0.06 secs] 
[GC (Allocation Failure) [ParNew: 613440K->27111K(613440K), 0.0315854 secs] 1408956K->885811K(2010624K), 0.0316348 secs] [Times: user=0.13 sys=0.00, real=0.03 secs] 
[GC (Allocation Failure) [ParNew: 572455K->68096K(613440K), 0.0588004 secs] 1431155K->967901K(2010624K), 0.0588505 secs] [Times: user=0.22 sys=0.00, real=0.06 secs] 
[GC (Allocation Failure) [ParNew: 613440K->34210K(613440K), 0.0353316 secs] 1513245K->997630K(2010624K), 0.0353765 secs] [Times: user=0.13 sys=0.00, real=0.03 secs] 
[GC (Allocation Failure) [ParNew: 579554K->68096K(613440K), 0.0589769 secs] 1542974K->1074251K(2010624K), 0.0590276 secs] [Times: user=0.19 sys=0.00, real=0.06 secs] 
[GC (Allocation Failure) [ParNew: 613440K->20005K(613440K), 0.0294701 secs] 1619595K->1087807K(2010624K), 0.0295773 secs] [Times: user=0.08 sys=0.00, real=0.03 secs] 
[GC (Allocation Failure) [ParNew: 565349K->68096K(613440K), 0.0606790 secs] 1633151K->1177610K(2010624K), 0.0607341 secs] [Times: user=0.25 sys=0.00, real=0.06 secs] 
[GC (Allocation Failure) [ParNew: 613440K->33770K(613440K), 0.0285636 secs] 1722954K->1205804K(2010624K), 0.0286156 secs] [Times: user=0.09 sys=0.00, real=0.02 secs] 
[GC (CMS Initial Mark) [1 CMS-initial-mark: 1172033K(1397184K)] 1216785K(2010624K), 0.0030186 secs] [Times: user=0.00 sys=0.00, real=0.00 secs] 
[CMS-concurrent-mark-start]
[CMS-concurrent-mark: 1.176/1.176 secs] [Times: user=3.73 sys=0.00, real=1.18 secs] 
[CMS-concurrent-preclean-start]
[CMS-concurrent-preclean: 0.074/0.079 secs] [Times: user=0.16 sys=0.00, real=0.08 secs] 
[CMS-concurrent-abortable-preclean-start]
[GC (Allocation Failure) [ParNew: 579114K->68096K(613440K), 0.0578676 secs] 1751148K->1283221K(2010624K), 0.0579202 secs] [Times: user=0.20 sys=0.00, real=0.06 secs] 
[CMS-concurrent-abortable-preclean: 0.770/1.572 secs] [Times: user=2.54 sys=0.00, real=1.57 secs] 
[GC (CMS Final Remark) [YG occupancy: 476380 K (613440 K)][Rescan (parallel) , 0.0963916 secs][weak refs processing, 0.0000148 secs][class unloading, 0.0054271 secs][scrub symbol table, 0.0010541 secs][scrub string table, 0.0003490 secs][1 CMS-remark: 1215125K(1397184K)] 1691505K(2010624K), 0.1040797 secs] [Times: user=0.39 sys=0.00, real=0.10 secs] 
[CMS-concurrent-sweep-start]
[GC (Allocation Failure) [ParNew: 613440K->19830K(613440K), 0.0295414 secs] 1828565K->1295912K(2010624K), 0.0295920 secs] [Times: user=0.06 sys=0.00, real=0.03 secs] 
[CMS-concurrent-sweep: 0.554/0.584 secs] [Times: user=1.34 sys=0.00, real=0.59 secs] 
[CMS-concurrent-reset-start]
[CMS-concurrent-reset: 0.003/0.003 secs] [Times: user=0.00 sys=0.00, real=0.00 secs] 
[GC (Allocation Failure) [ParNew: 565174K->68096K(613440K), 0.0552795 secs] 1313479K->857264K(2010624K), 0.0553289 secs] [Times: user=0.19 sys=0.00, real=0.05 secs] 
[GC (Allocation Failure) [ParNew: 613440K->27245K(613440K), 0.0308572 secs] 1402608K->879545K(2010624K), 0.0309073 secs] [Times: user=0.06 sys=0.00, real=0.03 secs] 
[GC (Allocation Failure) [ParNew: 572589K->68096K(613440K), 0.0779034 secs] 1424889K->960864K(2010624K), 0.0779502 secs] [Times: user=0.25 sys=0.00, real=0.08 secs] 
[GC (Allocation Failure) [ParNew (0: promotion failure size = 97)  (1: promotion failure size = 97)  (2: promotion failure size = 1854)  (3: promotion failure size = 97)  (4: promotion failure size = 97)  (5: promotion failure size = 97)  (6: promotion failure size = 97)  (7: promotion failure size = 97)  (promotion failed): 613440K->572760K(613440K), 1.3088835 secs][CMS: 920923K->752236K(1397184K), 1.7405467 secs] 1506208K->752236K(2010624K), [Metaspace: 9998K->9998K(10240K)], 3.0494995 secs] [Times: user=3.09 sys=0.36, real=3.04 secs] 

*** PauseDetector detected a 3040 ms pause at Fri Dec 19 19:07:22 EET 2014 ***

[GC (Allocation Failure) [ParNew: 545344K->68096K(613440K), 0.0508661 secs] 1297580K->861037K(2010624K), 0.0509180 secs] [Times: user=0.19 sys=0.00, real=0.04 secs] 
[GC (Allocation Failure) [ParNew: 613440K->20460K(613440K), 0.0395583 secs] 1406381K->876990K(2010624K), 0.0396051 secs] [Times: user=0.13 sys=0.00, real=0.04 secs] 
[GC (Allocation Failure) [ParNew: 565804K->68096K(613440K), 0.0509431 secs] 1422334K->967802K(2010624K), 0.0509905 secs] [Times: user=0.20 sys=0.00, real=0.05 secs] 
[GC (Allocation Failure) [ParNew: 613440K->19645K(613440K), 0.0278380 secs] 1513146K->979658K(2010624K), 0.0278893 secs] [Times: user=0.12 sys=0.00, real=0.02 secs] 
[GC (Allocation Failure) [ParNew: 564989K->68096K(613440K), 0.0511176 secs] 1525002K->1070386K(2010624K), 0.0511625 secs] [Times: user=0.20 sys=0.00, real=0.05 secs] 
[Full GC (System.gc()) [CMS: 1002290K->747950K(1397184K), 1.4651194 secs] 1280172K->747950K(2010624K), [Metaspace: 9998K->9998K(10240K)], 1.4653273 secs] [Times: user=1.45 sys=0.00, real=1.46 secs] 
[Full GC (System.gc()) [CMS: 747950K->747872K(1397184K), 1.3216977 secs] 747950K->747872K(2010624K), [Metaspace: 9998K->9998K(10240K)], 1.3220012 secs] [Times: user=1.33 sys=0.00, real=1.33 secs] 
[Full GC (System.gc()) [CMS: 747872K->747872K(1397184K), 1.3075689 secs] 747874K->747872K(2010624K), [Metaspace: 9998K->9998K(10240K)], 1.3078230 secs] [Times: user=1.31 sys=0.00, real=1.31 secs] 

*** PauseDetector detected a 2787 ms pause at Fri Dec 19 19:07:33 EET 2014 ***


*** PauseDetector detected a 1321 ms pause at Fri Dec 19 19:07:34 EET 2014 ***

[GC (Allocation Failure) [ParNew: 545344K->68096K(613440K), 0.0507461 secs] 1293216K->856057K(2010624K), 0.0507968 secs] [Times: user=0.22 sys=0.00, real=0.05 secs] 
[GC (Allocation Failure) [ParNew: 613440K->40169K(613440K), 0.0386652 secs] 1401401K->891816K(2010624K), 0.0387396 secs] [Times: user=0.08 sys=0.00, real=0.03 secs] 
[GC (Allocation Failure) [ParNew: 585513K->68096K(613440K), 0.1670760 secs] 1437160K->987817K(2010624K), 0.1671382 secs] [Times: user=0.73 sys=0.00, real=0.16 secs] 
[GC (Allocation Failure) [ParNew: 613440K->27681K(613440K), 0.0896885 secs] 1533161K->1011871K(2010624K), 0.0897520 secs] [Times: user=0.28 sys=0.00, real=0.09 secs] 
[GC (Allocation Failure) [ParNew: 573025K->68096K(613440K), 0.1869187 secs] 1557215K->1109433K(2010624K), 0.1869719 secs] [Times: user=0.86 sys=0.00, real=0.19 secs] 
[GC (Allocation Failure) [ParNew: 613440K->20586K(613440K), 0.0732385 secs] 1654777K->1125695K(2010624K), 0.0733013 secs] [Times: user=0.28 sys=0.00, real=0.07 secs] 
[Full GC (System.gc()) [CMS: 1105109K->703701K(1397184K), 1.5174451 secs] 1136676K->703701K(2010624K), [Metaspace: 9998K->9998K(10240K)], 1.5176446 secs] [Times: user=1.51 sys=0.00, real=1.51 secs] 
[Full GC (System.gc()) [CMS: 703701K->703701K(1397184K), 1.3412382 secs] 703703K->703701K(2010624K), [Metaspace: 9998K->9998K(10240K)], 1.3414217 secs] [Times: user=1.34 sys=0.00, real=1.34 secs] 
[Full GC (System.gc()) [CMS: 703701K->703701K(1397184K), 1.4769738 secs] 703703K->703701K(2010624K), [Metaspace: 9998K->9998K(10240K)]
*** PauseDetector detected a 1521 ms pause at Fri Dec 19 19:07:46 EET 2014 ***

, 1.4772285 secs] [Times: user=1.48 sys=0.00, real=1.48 secs] 
********************************
********** ROUND   95 **********
********************************

*** PauseDetector detected a 2826 ms pause at Fri Dec 19 19:07:48 EET 2014 ***

[GC (Allocation Failure) [ParNew: 545344K->68096K(613440K), 0.1311882 secs] 1249045K->830343K(2010624K), 0.1312337 secs] [Times: user=0.59 sys=0.00, real=0.12 secs] 
[GC (Allocation Failure) [ParNew: 613440K->26732K(613440K), 0.0590506 secs] 1375687K->852138K(2010624K), 0.0590981 secs] [Times: user=0.20 sys=0.00, real=0.06 secs] 
[GC (Allocation Failure) [ParNew: 572076K->68096K(613440K), 0.1346302 secs] 1397482K->943742K(2010624K), 0.1346783 secs] [Times: user=0.61 sys=0.00, real=0.13 secs] 
[GC (Allocation Failure) [ParNew: 613440K->20528K(613440K), 0.0596608 secs] 1489086K->959885K(2010624K), 0.0597172 secs] [Times: user=0.22 sys=0.00, real=0.06 secs] 
[GC (Allocation Failure) [ParNew: 565872K->68096K(613440K), 0.1246935 secs] 1505229K->1056489K(2010624K), 0.1247416 secs] [Times: user=0.58 sys=0.00, real=0.13 secs] 
[GC (Allocation Failure) [ParNew: 613440K->34269K(613440K), 0.0557510 secs] 1601833K->1086216K(2010624K), 0.0557985 secs] [Times: user=0.17 sys=0.00, real=0.05 secs] 
[GC (Allocation Failure) [ParNew: 579613K->68096K(613440K), 0.1115097 secs] 1631560K->1166583K(2010624K), 0.1115566 secs] [Times: user=0.51 sys=0.00, real=0.10 secs] 
[GC (Allocation Failure) [ParNew: 613440K->27373K(613440K), 0.0487752 secs] 1711927K->1189479K(2010624K), 0.0488252 secs] [Times: user=0.16 sys=0.00, real=0.04 secs] 
[GC (CMS Initial Mark) [1 CMS-initial-mark: 1162106K(1397184K)] 1200459K(2010624K), 0.0051275 secs] [Times: user=0.00 sys=0.00, real=0.01 secs] 
[CMS-concurrent-mark-start]
[CMS-concurrent-mark: 1.296/1.296 secs] [Times: user=4.34 sys=0.00, real=1.30 secs] 
[CMS-concurrent-preclean-start]
[CMS-concurrent-preclean: 0.151/0.160 secs] [Times: user=0.36 sys=0.00, real=0.16 secs] 
[CMS-concurrent-abortable-preclean-start]
[GC (Allocation Failure) [ParNew[CMS-concurrent-abortable-preclean: 0.075/0.478 secs] [Times: user=0.86 sys=0.00, real=0.48 secs] 
: 572717K->68096K(613440K), 0.1093021 secs] 1734823K->1276129K(2010624K), 0.1093540 secs] [Times: user=0.42 sys=0.00, real=0.11 secs] 
[GC (CMS Final Remark) [YG occupancy: 68170 K (613440 K)][Rescan (parallel) , 0.0612506 secs][weak refs processing, 0.0000154 secs][class unloading, 0.0058274 secs][scrub symbol table, 0.0011215 secs][scrub string table, 0.0003586 secs][1 CMS-remark: 1208033K(1397184K)] 1276203K(2010624K), 0.0694442 secs] [Times: user=0.34 sys=0.00, real=0.06 secs] 
[CMS-concurrent-sweep-start]
[CMS-concurrent-sweep: 0.735/0.735 secs] [Times: user=1.50 sys=0.00, real=0.74 secs] 
[CMS-concurrent-reset-start]
[CMS-concurrent-reset: 0.002/0.002 secs] [Times: user=0.00 sys=0.00, real=0.00 secs] 
[GC (Allocation Failure) [ParNew: 613440K->13712K(613440K), 0.0530654 secs] 1305965K->769882K(2010624K), 0.0531141 secs] [Times: user=0.14 sys=0.00, real=0.05 secs] 
[GC (Allocation Failure) [ParNew: 559056K->68096K(613440K), 0.0969492 secs] 1315226K->869483K(2010624K), 0.0969979 secs] [Times: user=0.44 sys=0.00, real=0.09 secs] 
[GC (Allocation Failure) [ParNew: 613440K->20638K(613440K), 0.0505074 secs] 1414827K->885549K(2010624K), 0.0505658 secs] [Times: user=0.14 sys=0.00, real=0.04 secs] 
[GC (Allocation Failure) [ParNew: 565982K->68096K(613440K), 0.0904250 secs] 1430893K->977773K(2010624K), 0.0904718 secs] [Times: user=0.42 sys=0.00, real=0.08 secs] 
[GC (Allocation Failure) [ParNew (0: promotion failure size = 4167)  (1: promotion failure size = 4167)  (2: promotion failure size = 41)  (3: promotion failure size = 41)  (4: promotion failure size = 41)  (5: promotion failure size = 41)  (6: promotion failure size = 41)  (7: promotion failure size = 4167)  (promotion failed): 613440K->572779K(613440K), 5.1106000 secs][CMS: 934824K->756620K(1397184K), 1.7757865 secs] 1523117K->756620K(2010624K), [Metaspace: 9998K->9998K(10240K)], 6.8864635 secs] [Times: user=6.91 sys=1.54, real=6.88 secs] 

*** PauseDetector detected a 6885 ms pause at Fri Dec 19 19:08:18 EET 2014 ***

[GC (Allocation Failure) [ParNew: 545344K->68096K(613440K), 0.0779335 secs] 1301964K->868942K(2010624K), 0.0779803 secs] [Times: user=0.28 sys=0.00, real=0.07 secs] 
[GC (Allocation Failure) [ParNew: 613440K->20571K(613440K), 0.0466811 secs] 1414286K->885794K(2010624K), 0.0467305 secs] [Times: user=0.19 sys=0.00, real=0.04 secs] 
[GC (Allocation Failure) [ParNew: 565915K->68096K(613440K), 0.0747789 secs] 1431138K->976564K(2010624K), 0.0748251 secs] [Times: user=0.28 sys=0.00, real=0.07 secs] 
[GC (Allocation Failure) [ParNew: 613440K->20530K(613440K), 0.0469614 secs] 1521908K->992800K(2010624K), 0.0470089 secs] [Times: user=0.13 sys=0.00, real=0.04 secs] 
[GC (Allocation Failure) [ParNew: 565874K->68096K(613440K), 0.0712586 secs] 1538144K->1085099K(2010624K), 0.0713105 secs] [Times: user=0.30 sys=0.00, real=0.07 secs] 
[GC (Allocation Failure) [ParNew: 613440K->26700K(613440K), 0.0418231 secs] 1630443K->1105455K(2010624K), 0.0419757 secs] [Times: user=0.13 sys=0.00, real=0.04 secs] 
[GC (Allocation Failure) [ParNew: 572044K->68096K(613440K), 0.0675964 secs] 1650799K->1190860K(2010624K), 0.0676446 secs] [Times: user=0.33 sys=0.00, real=0.06 secs] 
[GC (Allocation Failure) [ParNew: 613440K->26822K(613440K), 0.0406182 secs] 1736204K->1211554K(2010624K), 0.0407721 secs] [Times: user=0.13 sys=0.00, real=0.03 secs] 
[GC (CMS Initial Mark) [1 CMS-initial-mark: 1184732K(1397184K)] 1222535K(2010624K), 0.0053052 secs] [Times: user=0.01 sys=0.00, real=0.01 secs] 
[CMS-concurrent-mark-start]
[CMS-concurrent-mark: 1.089/1.089 secs] [Times: user=3.54 sys=0.00, real=1.09 secs] 
[CMS-concurrent-preclean-start]
[CMS-concurrent-preclean: 0.098/0.105 secs] [Times: user=0.19 sys=0.00, real=0.11 secs] 
[CMS-concurrent-abortable-preclean-start]
[GC (Allocation Failure) [ParNew[CMS-concurrent-abortable-preclean: 0.076/0.485 secs] [Times: user=0.67 sys=0.00, real=0.49 secs] 
: 572166K->68096K(613440K), 0.0703424 secs] 1756898K->1295258K(2010624K), 0.0703905 secs] [Times: user=0.28 sys=0.00, real=0.07 secs] 
[GC (CMS Final Remark) [YG occupancy: 79074 K (613440 K)][Rescan (parallel) , 0.0352437 secs][weak refs processing, 0.0000148 secs][class unloading, 0.0056144 secs][scrub symbol table, 0.0010932 secs][scrub string table, 0.0003509 secs][1 CMS-remark: 1227162K(1397184K)] 1306236K(2010624K), 0.0431601 secs] [Times: user=0.17 sys=0.00, real=0.04 secs] 
[CMS-concurrent-sweep-start]
[CMS-concurrent-sweep: 0.557/0.557 secs] [Times: user=1.12 sys=0.00, real=0.56 secs] 
[CMS-concurrent-reset-start]
[CMS-concurrent-reset: 0.003/0.003 secs] [Times: user=0.00 sys=0.00, real=0.00 secs] 
[GC (Allocation Failure) [ParNew: 613440K->20503K(613440K), 0.0401062 secs] 1301051K->771455K(2010624K), 0.0401543 secs] [Times: user=0.12 sys=0.00, real=0.03 secs] 
[GC (Allocation Failure) [ParNew: 565847K->68096K(613440K), 0.0651379 secs] 1316799K->861170K(2010624K), 0.0651899 secs] [Times: user=0.22 sys=0.00, real=0.06 secs] 
[GC (Allocation Failure) [ParNew: 613440K->27423K(613440K), 0.0320153 secs] 1406514K->883935K(2010624K), 0.0320807 secs] [Times: user=0.13 sys=0.00, real=0.02 secs] 
[GC (Allocation Failure) [ParNew: 572767K->68096K(613440K), 0.0740289 secs] 1429279K->965865K(2010624K), 0.0740770 secs] [Times: user=0.25 sys=0.00, real=0.07 secs] 
[GC (Allocation Failure) [ParNew (0: promotion failure size = 1854)  (1: promotion failure size = 69)  (2: promotion failure size = 69)  (3: promotion failure size = 69)  (4: promotion failure size = 69)  (5: promotion failure size = 1854)  (6: promotion failure size = 69)  (7: promotion failure size = 1854)  (promotion failed): 613440K->565912K(613440K), 0.9007591 secs][CMS: 953900K->753051K(1397184K), 2.0362991 secs] 1511209K->753051K(2010624K), [Metaspace: 9998K->9998K(10240K)], 2.9371217 secs]
*** PauseDetector detected a 2933 ms pause at Fri Dec 19 19:08:42 EET 2014 ***

 [Times: user=3.03 sys=0.22, real=2.93 secs] 
[GC (Allocation Failure) [ParNew: 545344K->68096K(613440K), 0.0560378 secs] 1298395K->863079K(2010624K), 0.0560853 secs] [Times: user=0.26 sys=0.00, real=0.05 secs] 
[GC (Allocation Failure) [ParNew: 613440K->27302K(613440K), 0.0353457 secs] 1408423K->885896K(2010624K), 0.0355022 secs] [Times: user=0.14 sys=0.00, real=0.03 secs] 
[GC (Allocation Failure) [ParNew: 572646K->68096K(613440K), 0.0600329 secs] 1431240K->971519K(2010624K), 0.0600849 secs] [Times: user=0.19 sys=0.00, real=0.06 secs] 
[GC (Allocation Failure) [ParNew: 613440K->32520K(613440K), 0.0299533 secs] 1516863K->995674K(2010624K), 0.0300046 secs] [Times: user=0.13 sys=0.00, real=0.03 secs] 
[GC (Allocation Failure) [ParNew: 577864K->68096K(613440K), 0.0577765 secs] 1541018K->1072971K(2010624K), 0.0578201 secs] [Times: user=0.22 sys=0.00, real=0.06 secs] 
[GC (Allocation Failure) [ParNew: 613440K->27004K(613440K), 0.0302060 secs] 1618315K->1094706K(2010624K), 0.0302580 secs] [Times: user=0.06 sys=0.00, real=0.03 secs] 
[GC (Allocation Failure) [ParNew: 572348K->68096K(613440K), 0.0569270 secs] 1640050K->1176539K(2010624K), 0.0569707 secs] [Times: user=0.19 sys=0.00, real=0.06 secs] 
[GC (Allocation Failure) [ParNew: 613440K->27399K(613440K), 0.0306288 secs] 1721883K->1199254K(2010624K), 0.0306795 secs] [Times: user=0.11 sys=0.01, real=0.03 secs] 
[GC (CMS Initial Mark) [1 CMS-initial-mark: 1171854K(1397184K)] 1199317K(2010624K), 0.0028653 secs] [Times: user=0.00 sys=0.00, real=0.00 secs] 
[CMS-concurrent-mark-start]
[CMS-concurrent-mark: 1.190/1.190 secs] [Times: user=3.74 sys=0.00, real=1.20 secs] 
[CMS-concurrent-preclean-start]
[CMS-concurrent-preclean: 0.073/0.077 secs] [Times: user=0.16 sys=0.00, real=0.08 secs] 
[CMS-concurrent-abortable-preclean-start]
[GC (Allocation Failure) [ParNew: 572743K->68096K(613440K), 0.0565556 secs] 1744598K->1281951K(2010624K), 0.0566062 secs] [Times: user=0.20 sys=0.00, real=0.06 secs] 
[CMS-concurrent-abortable-preclean: 0.643/1.320 secs] [Times: user=2.12 sys=0.00, real=1.32 secs] 
[GC (CMS Final Remark) [YG occupancy: 399164 K (613440 K)][Rescan (parallel) , 0.0771765 secs][weak refs processing, 0.0000173 secs][class unloading, 0.0057087 secs][scrub symbol table, 0.0011619 secs][scrub string table, 0.0003509 secs][1 CMS-remark: 1213855K(1397184K)] 1613020K(2010624K), 0.0852622 secs] [Times: user=0.36 sys=0.00, real=0.08 secs] 
[CMS-concurrent-sweep-start]
[GC (Allocation Failure) [ParNew: 613440K->26918K(613440K), 0.0357088 secs] 1417871K->893515K(2010624K), 0.0357563 secs] [Times: user=0.13 sys=0.00, real=0.03 secs] 
[CMS-concurrent-sweep: 0.520/0.556 secs] [Times: user=1.19 sys=0.00, real=0.56 secs] 
[CMS-concurrent-reset-start]
[CMS-concurrent-reset: 0.004/0.004 secs] [Times: user=0.00 sys=0.00, real=0.00 secs] 
[GC (Allocation Failure) [ParNew: 572262K->68096K(613440K), 0.0551736 secs] 1320506K->856876K(2010624K), 0.0552666 secs] [Times: user=0.20 sys=0.00, real=0.05 secs] 
[GC (Allocation Failure) [ParNew: 613440K->41093K(613440K), 0.0305050 secs] 1402220K->893294K(2010624K), 0.0305589 secs] [Times: user=0.13 sys=0.00, real=0.03 secs] 
[GC (Allocation Failure) [ParNew: 586437K->68096K(613440K), 0.0611441 secs] 1438638K->960781K(2010624K), 0.0611916 secs] [Times: user=0.25 sys=0.00, real=0.06 secs] 
[GC (Allocation Failure) [ParNew (0: promotion failure size = 97)  (1: promotion failure size = 97)  (2: promotion failure size = 97)  (3: promotion failure size = 1854)  (4: promotion failure size = 97)  (5: promotion failure size = 97)  (6: promotion failure size = 97)  (7: promotion failure size = 97)  (promotion failed): 613440K->579563K(613440K), 2.1455652 secs][CMS: 923253K->752245K(1397184K), 1.7149388 secs] 1506125K->752245K(2010624K), [Metaspace: 9998K->9998K(10240K)], 3.8606427 secs] [Times: user=3.96 sys=0.84, real=3.86 secs] 

*** PauseDetector detected a 3860 ms pause at Fri Dec 19 19:09:07 EET 2014 ***

[GC (Allocation Failure) [ParNew: 545344K->68096K(613440K), 0.0513120 secs] 1297589K->861989K(2010624K), 0.0513588 secs] [Times: user=0.19 sys=0.00, real=0.05 secs] 
[GC (Allocation Failure) [ParNew: 613440K->33587K(613440K), 0.0292334 secs] 1407333K->890042K(2010624K), 0.0294214 secs] [Times: user=0.13 sys=0.00, real=0.03 secs] 
[GC (Allocation Failure) [ParNew: 578931K->68096K(613440K), 0.0484634 secs] 1435386K->965532K(2010624K), 0.0485128 secs] [Times: user=0.23 sys=0.00, real=0.05 secs] 
[GC (Allocation Failure) [ParNew: 613440K->33674K(613440K), 0.0384586 secs] 1510876K->993596K(2010624K), 0.0386556 secs] [Times: user=0.12 sys=0.00, real=0.04 secs] 
[GC (Allocation Failure) [ParNew: 579018K->68096K(613440K), 0.0516796 secs] 1538940K->1068362K(2010624K), 0.0517309 secs] [Times: user=0.19 sys=0.00, real=0.05 secs] 
[Full GC (System.gc()) [CMS: 1000266K->746726K(1397184K), 1.4590970 secs] 1156701K->746726K(2010624K), [Metaspace: 9998K->9998K(10240K)], 1.4593286 secs] [Times: user=1.47 sys=0.00, real=1.46 secs] 
[Full GC (System.gc()) [CMS: 746726K->746726K(1397184K), 1.3157445 secs] 757704K->746726K(2010624K), [Metaspace: 9998K->9998K(10240K)], 1.3159101 secs] [Times: user=1.31 sys=0.00, real=1.31 secs] 
[Full GC (System.gc()) [CMS: 746726K->746727K(1397184K), 1.3353665 secs] 746728K->746727K(2010624K), [Metaspace: 9998K->9998K(10240K)]
*** PauseDetector detected a 2774 ms pause at Fri Dec 19 19:09:17 EET 2014 ***


*** PauseDetector detected a 1352 ms pause at Fri Dec 19 19:09:19 EET 2014 ***

, 1.3356007 secs] [Times: user=1.34 sys=0.00, real=1.34 secs] 
[GC (Allocation Failure) [ParNew: 545344K->68096K(613440K), 0.0512093 secs] 1292071K->854913K(2010624K), 0.0512638 secs] [Times: user=0.19 sys=0.00, real=0.05 secs] 
[GC (Allocation Failure) [ParNew: 613440K->48478K(613440K), 0.0407298 secs] 1400257K->899035K(2010624K), 0.0407882 secs] [Times: user=0.20 sys=0.00, real=0.04 secs] 
[GC (Allocation Failure) [ParNew: 593822K->68096K(613440K), 0.1652623 secs] 1444379K->986765K(2010624K), 0.1653219 secs] [Times: user=0.73 sys=0.00, real=0.16 secs] 
[GC (Allocation Failure) [ParNew: 613440K->34570K(613440K), 0.0942693 secs] 1532109K->1017493K(2010624K), 0.0943315 secs] [Times: user=0.36 sys=0.00, real=0.09 secs] 
[GC (Allocation Failure) [ParNew: 579914K->68096K(613440K), 0.1863906 secs] 1562837K->1108097K(2010624K), 0.1864407 secs] [Times: user=0.94 sys=0.00, real=0.19 secs] 
[GC (Allocation Failure) [ParNew: 613440K->27351K(613440K), 0.0765843 secs] 1653441K->1131313K(2010624K), 0.0766465 secs] [Times: user=0.28 sys=0.00, real=0.08 secs] 
[Full GC (System.gc()) [CMS: 1103962K->723422K(1397184K), 1.5919815 secs] 1142294K->723422K(2010624K), [Metaspace: 9998K->9998K(10240K)], 1.5921682 secs] [Times: user=1.59 sys=0.00, real=1.59 secs] 
[Full GC (System.gc()) [CMS: 723422K->723423K(1397184K), 1.3748754 secs] 723425K->723423K(2010624K), [Metaspace: 9998K->9998K(10240K)], 1.3752353 secs] [Times: user=1.37 sys=0.00, real=1.37 secs] 
[Full GC (System.gc()) [CMS: 723423K->723423K(1397184K), 1.3895322 secs] 723423K->723423K(2010624K), [Metaspace: 9998K->9998K(10240K)]
*** PauseDetector detected a 1591 ms pause at Fri Dec 19 19:09:30 EET 2014 ***


*** PauseDetector detected a 2780 ms pause at Fri Dec 19 19:09:33 EET 2014 ***

, 1.3897580 secs] [Times: user=1.39 sys=0.00, real=1.40 secs] 
********************************
********** ROUND   96 **********
********************************
[GC (Allocation Failure) [ParNew: 545344K->68096K(613440K), 0.1390494 secs] 1268767K->848145K(2010624K), 0.1391110 secs] [Times: user=0.58 sys=0.00, real=0.13 secs] 
[GC (Allocation Failure) [ParNew: 613440K->34284K(613440K), 0.0627019 secs] 1393489K->878936K(2010624K), 0.0627487 secs] [Times: user=0.20 sys=0.00, real=0.06 secs] 
[GC (Allocation Failure) [ParNew: 579628K->68096K(613440K), 0.1357517 secs] 1424280K->963276K(2010624K), 0.1358081 secs] [Times: user=0.58 sys=0.02, real=0.14 secs] 
[GC (Allocation Failure) [ParNew: 613440K->20522K(613440K), 0.0617523 secs] 1508620K->979324K(2010624K), 0.0618011 secs] [Times: user=0.20 sys=0.00, real=0.06 secs] 
[GC (Allocation Failure) [ParNew: 565866K->68096K(613440K), 0.1226751 secs] 1524668K->1075882K(2010624K), 0.1227245 secs] [Times: user=0.53 sys=0.00, real=0.12 secs] 
[GC (Allocation Failure) [ParNew: 613440K->27425K(613440K), 0.0534959 secs] 1621226K->1099291K(2010624K), 0.0535446 secs] [Times: user=0.16 sys=0.00, real=0.05 secs] 
[GC (Allocation Failure) [ParNew: 572769K->68096K(613440K), 0.1131817 secs] 1644635K->1187586K(2010624K), 0.1132292 secs] [Times: user=0.44 sys=0.00, real=0.11 secs] 
[GC (Allocation Failure) [ParNew: 613440K->53996K(613440K), 0.0625729 secs] 1732930K->1235886K(2010624K), 0.0626274 secs] [Times: user=0.22 sys=0.00, real=0.06 secs] 
[GC (CMS Initial Mark) [1 CMS-initial-mark: 1181890K(1397184K)] 1246867K(2010624K), 0.0027190 secs] [Times: user=0.00 sys=0.00, real=0.00 secs] 
[CMS-concurrent-mark-start]
[CMS-concurrent-mark: 1.253/1.253 secs] [Times: user=4.18 sys=0.00, real=1.26 secs] 
[CMS-concurrent-preclean-start]
[CMS-concurrent-preclean: 0.190/0.201 secs] [Times: user=0.41 sys=0.00, real=0.20 secs] 
[CMS-concurrent-abortable-preclean-start]
[GC (Allocation Failure) [ParNew: 599340K->68096K(613440K), 0.1008487 secs] 1781230K->1295828K(2010624K), 0.1008987 secs] [Times: user=0.53 sys=0.00, real=0.09 secs] 
[CMS-concurrent-abortable-preclean: 0.771/1.280 secs] [Times: user=2.54 sys=0.00, real=1.28 secs] 
[GC (CMS Final Remark) [YG occupancy: 421468 K (613440 K)][Rescan (parallel) , 0.0903987 secs][weak refs processing, 0.0000148 secs][class unloading, 0.0059776 secs][scrub symbol table, 0.0010592 secs][scrub string table, 0.0003541 secs][1 CMS-remark: 1227732K(1397184K)] 1649201K(2010624K), 0.0986603 secs] [Times: user=0.36 sys=0.00, real=0.10 secs] 
[CMS-concurrent-sweep-start]
[GC (Allocation Failure) [ParNew: 613440K->34188K(613440K), 0.0477249 secs] 1778266K->1262499K(2010624K), 0.0477871 secs] [Times: user=0.17 sys=0.00, real=0.04 secs] 
[CMS-concurrent-sweep: 0.810/0.858 secs] [Times: user=2.04 sys=0.00, real=0.86 secs] 
[CMS-concurrent-reset-start]
[CMS-concurrent-reset: 0.003/0.003 secs] [Times: user=0.00 sys=0.00, real=0.00 secs] 
[GC (Allocation Failure) [ParNew: 579532K->68096K(613440K), 0.0990850 secs] 1335497K->869416K(2010624K), 0.0991325 secs] [Times: user=0.41 sys=0.00, real=0.09 secs] 
[GC (Allocation Failure) [ParNew: 613440K->13666K(613440K), 0.0424422 secs] 1414760K->878372K(2010624K), 0.0424967 secs] [Times: user=0.08 sys=0.00, real=0.03 secs] 
[GC (Allocation Failure) [ParNew: 559010K->68096K(613440K), 0.0972058 secs] 1423716K->977613K(2010624K), 0.0972539 secs] [Times: user=0.36 sys=0.00, real=0.09 secs] 
[GC (Allocation Failure) [ParNew (0: promotion failure size = 4167)  (1: promotion failure size = 4167)  (2: promotion failure size = 4167)  (3: promotion failure size = 4167)  (4: promotion failure size = 4167)  (5: promotion failure size = 4167)  (6: promotion failure size = 4167)  (7: promotion failure size = 4167)  (promotion failed): 613440K->572849K(613440K), 6.7450178 secs][CMS: 923536K->756592K(1397184K), 1.7085295 secs] 1522957K->756592K(2010624K), [Metaspace: 9998K->9998K(10240K)], 8.4536256 secs] [Times: user=8.64 sys=1.67, real=8.45 secs] 

*** PauseDetector detected a 8450 ms pause at Fri Dec 19 19:10:04 EET 2014 ***

[GC (Allocation Failure) [ParNew: 545344K->68096K(613440K), 0.0761403 secs] 1301936K->868929K(2010624K), 0.0761916 secs] [Times: user=0.36 sys=0.00, real=0.07 secs] 
[GC (Allocation Failure) [ParNew: 613440K->27428K(613440K), 0.0395256 secs] 1414273K->892554K(2010624K), 0.0395769 secs] [Times: user=0.12 sys=0.00, real=0.03 secs] 
[GC (Allocation Failure) [ParNew: 572772K->68096K(613440K), 0.0737203 secs] 1437898K->978005K(2010624K), 0.0737735 secs] [Times: user=0.34 sys=0.00, real=0.07 secs] 
[GC (Allocation Failure) [ParNew: 613440K->33596K(613440K), 0.0376483 secs] 1523349K->1005658K(2010624K), 0.0377683 secs] [Times: user=0.12 sys=0.00, real=0.03 secs] 
[GC (Allocation Failure) [ParNew: 578940K->68096K(613440K), 0.0769910 secs] 1551002K->1084477K(2010624K), 0.0770417 secs] [Times: user=0.30 sys=0.00, real=0.07 secs] 
[GC (Allocation Failure) [ParNew: 613440K->26752K(613440K), 0.0448359 secs] 1629821K->1105125K(2010624K), 0.0448859 secs] [Times: user=0.19 sys=0.00, real=0.04 secs] 
[GC (Allocation Failure) [ParNew: 572096K->68096K(613440K), 0.0706035 secs] 1650469K->1191111K(2010624K), 0.0706516 secs] [Times: user=0.28 sys=0.00, real=0.07 secs] 
[GC (Allocation Failure) [ParNew: 613440K->19933K(613440K), 0.0350358 secs] 1736455K->1204261K(2010624K), 0.0352495 secs] [Times: user=0.13 sys=0.00, real=0.03 secs] 
[GC (CMS Initial Mark) [1 CMS-initial-mark: 1184328K(1397184K)] 1215241K(2010624K), 0.0045000 secs] [Times: user=0.02 sys=0.00, real=0.01 secs] 
[CMS-concurrent-mark-start]
[CMS-concurrent-mark: 1.089/1.089 secs] [Times: user=3.45 sys=0.00, real=1.09 secs] 
[CMS-concurrent-preclean-start]
[CMS-concurrent-preclean: 0.095/0.101 secs] [Times: user=0.19 sys=0.00, real=0.10 secs] 
[CMS-concurrent-abortable-preclean-start]
[GC (Allocation Failure) [ParNew[CMS-concurrent-abortable-preclean: 0.056/0.416 secs] [Times: user=0.69 sys=0.00, real=0.42 secs] 
: 565277K->68096K(613440K), 0.0722305 secs] 1749605K->1298603K(2010624K), 0.0722774 secs] [Times: user=0.28 sys=0.00, real=0.07 secs] 
[GC (CMS Final Remark) [YG occupancy: 79140 K (613440 K)][Rescan (parallel) , 0.0355523 secs][weak refs processing, 0.0000154 secs][class unloading, 0.0058415 secs][scrub symbol table, 0.0010830 secs][scrub string table, 0.0003554 secs][1 CMS-remark: 1230507K(1397184K)] 1309647K(2010624K), 0.0437093 secs] [Times: user=0.23 sys=0.00, real=0.04 secs] 
[CMS-concurrent-sweep-start]
[CMS-concurrent-sweep: 0.572/0.572 secs] [Times: user=1.18 sys=0.00, real=0.57 secs] 
[CMS-concurrent-reset-start]
[CMS-concurrent-reset: 0.003/0.003 secs] [Times: user=0.00 sys=0.00, real=0.00 secs] 
[GC (Allocation Failure) [ParNew: 613440K->45361K(613440K), 0.0322539 secs] 1304423K->795912K(2010624K), 0.0323643 secs] [Times: user=0.13 sys=0.00, real=0.03 secs] 
[GC (Allocation Failure) [ParNew: 590705K->68096K(613440K), 0.0650077 secs] 1341256K->861733K(2010624K), 0.0650584 secs] [Times: user=0.28 sys=0.00, real=0.06 secs] 
[GC (Allocation Failure) [ParNew: 613440K->26927K(613440K), 0.0315912 secs] 1407077K->883038K(2010624K), 0.0317471 secs] [Times: user=0.14 sys=0.00, real=0.03 secs] 
[GC (Allocation Failure) [ParNew: 572271K->68096K(613440K), 0.0768486 secs] 1428382K->965429K(2010624K), 0.0768961 secs] [Times: user=0.25 sys=0.00, real=0.07 secs] 
[GC (Allocation Failure) [ParNew (0: promotion failure size = 69)  (1: promotion failure size = 1854)  (2: promotion failure size = 69)  (3: promotion failure size = 69)  (4: promotion failure size = 69)  (5: promotion failure size = 1854)  (6: promotion failure size = 69)  (7: promotion failure size = 1854)  (promotion failed): 613440K->579583K(613440K), 0.6384957 secs][CMS: 956211K->753051K(1397184K), 1.9600664 secs] 1510773K->753051K(2010624K), [Metaspace: 9998K->9998K(10240K)], 2.5986282 secs]
*** PauseDetector detected a 2593 ms pause at Fri Dec 19 19:10:27 EET 2014 ***

 [Times: user=2.62 sys=0.20, real=2.59 secs] 
[GC (Allocation Failure) [ParNew: 545344K->68096K(613440K), 0.0626537 secs] 1298395K->866205K(2010624K), 0.0627012 secs] [Times: user=0.25 sys=0.00, real=0.06 secs] 
[GC (Allocation Failure) [ParNew: 613440K->19585K(613440K), 0.0356806 secs] 1411549K->878208K(2010624K), 0.0357319 secs] [Times: user=0.08 sys=0.00, real=0.03 secs] 
[GC (Allocation Failure) [ParNew: 564929K->68096K(613440K), 0.0579638 secs] 1423552K->970803K(2010624K), 0.0580094 secs] [Times: user=0.22 sys=0.00, real=0.06 secs] 
[GC (Allocation Failure) [ParNew: 613440K->32779K(613440K), 0.0408254 secs] 1516147K->996018K(2010624K), 0.0408767 secs] [Times: user=0.13 sys=0.00, real=0.04 secs] 
[GC (Allocation Failure) [ParNew: 578123K->68096K(613440K), 0.0576950 secs] 1541362K->1072736K(2010624K), 0.0577431 secs] [Times: user=0.20 sys=0.00, real=0.05 secs] 
[GC (Allocation Failure) [ParNew: 613440K->27138K(613440K), 0.0390187 secs] 1618080K->1094992K(2010624K), 0.0391400 secs] [Times: user=0.13 sys=0.00, real=0.04 secs] 
[GC (Allocation Failure) [ParNew: 572482K->68096K(613440K), 0.0563791 secs] 1640336K->1180847K(2010624K), 0.0564279 secs] [Times: user=0.28 sys=0.00, real=0.06 secs] 
[GC (Allocation Failure) [ParNew: 613440K->19387K(613440K), 0.0405880 secs] 1726191K->1191443K(2010624K), 0.0406387 secs] [Times: user=0.14 sys=0.00, real=0.04 secs] 
[GC (CMS Initial Mark) [1 CMS-initial-mark: 1172056K(1397184K)] 1202421K(2010624K), 0.0052654 secs] [Times: user=0.00 sys=0.00, real=0.01 secs] 
[CMS-concurrent-mark-start]
[CMS-concurrent-mark: 1.135/1.135 secs] [Times: user=3.67 sys=0.02, real=1.14 secs] 
[CMS-concurrent-preclean-start]
[CMS-concurrent-preclean: 0.074/0.079 secs] [Times: user=0.16 sys=0.00, real=0.08 secs] 
[CMS-concurrent-abortable-preclean-start]
[GC (Allocation Failure) [ParNew: 564731K->68096K(613440K), 0.0585425 secs] 1736787K->1281710K(2010624K), 0.0585913 secs] [Times: user=0.25 sys=0.00, real=0.06 secs] 
[CMS-concurrent-abortable-preclean: 0.622/1.386 secs] [Times: user=2.20 sys=0.00, real=1.39 secs] 
[GC (CMS Final Remark) [YG occupancy: 443223 K (613440 K)][Rescan (parallel) , 0.0882610 secs][weak refs processing, 0.0000160 secs][class unloading, 0.0060417 secs][scrub symbol table, 0.0010894 secs][scrub string table, 0.0003503 secs][1 CMS-remark: 1213614K(1397184K)] 1656837K(2010624K), 0.0966156 secs] [Times: user=0.42 sys=0.00, real=0.09 secs] 
[CMS-concurrent-sweep-start]
[GC (Allocation Failure) [ParNew: 613440K->40463K(613440K), 0.0309798 secs] 1746896K->1236433K(2010624K), 0.0310330 secs] [Times: user=0.08 sys=0.00, real=0.03 secs] 
[CMS-concurrent-sweep: 0.538/0.569 secs] [Times: user=1.26 sys=0.00, real=0.58 secs] 
[CMS-concurrent-reset-start]
[CMS-concurrent-reset: 0.002/0.002 secs] [Times: user=0.00 sys=0.00, real=0.00 secs] 
[GC (Allocation Failure) [ParNew: 585807K->68096K(613440K), 0.0551223 secs] 1334156K->858028K(2010624K), 0.0551730 secs] [Times: user=0.19 sys=0.00, real=0.05 secs] 
[GC (Allocation Failure) [ParNew: 613440K->20225K(613440K), 0.0327621 secs] 1403372K->872662K(2010624K), 0.0328102 secs] [Times: user=0.13 sys=0.00, real=0.03 secs] 
[GC (Allocation Failure) [ParNew: 565569K->68096K(613440K), 0.0610998 secs] 1418006K->960969K(2010624K), 0.0611537 secs] [Times: user=0.30 sys=0.00, real=0.06 secs] 
[GC (Allocation Failure) [ParNew (0: promotion failure size = 1854)  (1: promotion failure size = 97)  (2: promotion failure size = 97)  (3: promotion failure size = 1854)  (4: promotion failure size = 1854)  (5: promotion failure size = 97)  (6: promotion failure size = 1854)  (7: promotion failure size = 97)  (promotion failed): 613440K->586441K(613440K), 2.6896890 secs][CMS: 916854K->752277K(1397184K), 1.7189063 secs] 1506313K->752277K(2010624K), [Metaspace: 9998K->9998K(10240K)]
*** PauseDetector detected a 4403 ms pause at Fri Dec 19 19:10:53 EET 2014 ***

, 4.4087345 secs] [Times: user=4.34 sys=0.69, real=4.40 secs] 
[GC (Allocation Failure) [ParNew: 545344K->68096K(613440K), 0.0514621 secs] 1297621K->860694K(2010624K), 0.0515108 secs] [Times: user=0.19 sys=0.00, real=0.05 secs] 
[GC (Allocation Failure) [ParNew: 613440K->34220K(613440K), 0.0288581 secs] 1406038K->890604K(2010624K), 0.0290127 secs] [Times: user=0.06 sys=0.00, real=0.03 secs] 
[GC (Allocation Failure) [ParNew: 579564K->68096K(613440K), 0.0517572 secs] 1435948K->964766K(2010624K), 0.0518547 secs] [Times: user=0.19 sys=0.00, real=0.04 secs] 
[GC (Allocation Failure) [ParNew: 613440K->34009K(613440K), 0.0287458 secs] 1510110K->993735K(2010624K), 0.0287965 secs] [Times: user=0.06 sys=0.00, real=0.02 secs] 
[Full GC (System.gc()) [CMS: 959725K->747625K(1397184K), 1.6957865 secs] 1269650K->747625K(2010624K), [Metaspace: 9998K->9998K(10240K)], 1.6959957 secs] [Times: user=1.68 sys=0.00, real=1.69 secs] 
[Full GC (System.gc()) [CMS: 747625K->747627K(1397184K), 1.2939868 secs] 758560K->747627K(2010624K), [Metaspace: 9998K->9998K(10240K)], 1.2942190 secs] [Times: user=1.31 sys=0.00, real=1.30 secs] 
[Full GC (System.gc()) [CMS: 747627K->747627K(1397184K), 1.3043707 secs] 758560K->747627K(2010624K), [Metaspace: 9998K->9998K(10240K)]
*** PauseDetector detected a 1689 ms pause at Fri Dec 19 19:11:01 EET 2014 ***

, 1.3045477 secs] [Times: user=1.29 sys=0.00, real=1.30 secs] 

*** PauseDetector detected a 2612 ms pause at Fri Dec 19 19:11:04 EET 2014 ***

[GC (Allocation Failure) [ParNew: 545344K->7348K(613440K), 0.0106662 secs] 1292971K->754976K(2010624K), 0.0107387 secs] [Times: user=0.03 sys=0.00, real=0.01 secs] 
[GC (Allocation Failure) [ParNew: 552692K->68096K(613440K), 0.0491312 secs] 1300320K->856622K(2010624K), 0.0491826 secs] [Times: user=0.22 sys=0.00, real=0.05 secs] 
[GC (Allocation Failure) [ParNew: 613440K->32803K(613440K), 0.0401370 secs] 1401966K->884238K(2010624K), 0.0401992 secs] [Times: user=0.13 sys=0.00, real=0.04 secs] 
[GC (Allocation Failure) [ParNew: 578147K->68096K(613440K), 0.1590088 secs] 1429582K->987860K(2010624K), 0.1590710 secs] [Times: user=0.76 sys=0.00, real=0.16 secs] 
[GC (Allocation Failure) [ParNew: 613440K->34003K(613440K), 0.0937150 secs] 1533204K->1017988K(2010624K), 0.0937772 secs] [Times: user=0.36 sys=0.00, real=0.09 secs] 
[GC (Allocation Failure) [ParNew: 579347K->68096K(613440K), 0.1891526 secs] 1563332K->1109179K(2010624K), 0.1892091 secs] [Times: user=0.87 sys=0.00, real=0.19 secs] 
[Full GC (System.gc()) [CMS: 1041083K->763081K(1397184K), 1.6954247 secs] 1185711K->763081K(2010624K), [Metaspace: 9998K->9998K(10240K)], 1.6956627 secs] [Times: user=1.68 sys=0.00, real=1.69 secs] 
[Full GC (System.gc()) [CMS: 763081K->763004K(1397184K), 1.4670313 secs] 774016K->763004K(2010624K), [Metaspace: 9998K->9998K(10240K)], 1.4672046 secs] [Times: user=1.48 sys=0.00, real=1.47 secs] 
[Full GC (System.gc()) [CMS: 763004K->762195K(1397184K), 1.4219889 secs] 773936K->762195K(2010624K), [Metaspace: 9998K->9998K(10240K)]
*** PauseDetector detected a 1688 ms pause at Fri Dec 19 19:11:16 EET 2014 ***

, 1.4222923 secs] [Times: user=1.42 sys=0.00, real=1.42 secs] 
********************************
********** ROUND   97 **********
********************************

*** PauseDetector detected a 2904 ms pause at Fri Dec 19 19:11:19 EET 2014 ***

[GC (Allocation Failure) [ParNew: 545344K->68096K(613440K), 0.1437675 secs] 1307539K->886929K(2010624K), 0.1438201 secs] [Times: user=0.76 sys=0.00, real=0.14 secs] 
[GC (Allocation Failure) [ParNew: 613440K->32365K(613440K), 0.0617741 secs] 1432273K->915928K(2010624K), 0.0618242 secs] [Times: user=0.25 sys=0.00, real=0.06 secs] 
[GC (Allocation Failure) [ParNew: 577709K->68096K(613440K), 0.1369129 secs] 1461272K->1002158K(2010624K), 0.1369611 secs] [Times: user=0.59 sys=0.00, real=0.14 secs] 
[GC (Allocation Failure) [ParNew: 613440K->34606K(613440K), 0.0574275 secs] 1547502K->1032448K(2010624K), 0.0574781 secs] [Times: user=0.22 sys=0.00, real=0.05 secs] 
[GC (Allocation Failure) [ParNew: 579950K->68096K(613440K), 0.1239858 secs] 1577792K->1115126K(2010624K), 0.1240384 secs] [Times: user=0.50 sys=0.00, real=0.12 secs] 
[GC (Allocation Failure) [ParNew: 613440K->20534K(613440K), 0.0563098 secs] 1660470K->1131162K(2010624K), 0.0563535 secs] [Times: user=0.22 sys=0.00, real=0.05 secs] 
[GC (Allocation Failure) [ParNew: 565878K->68096K(613440K), 0.1136385 secs] 1676506K->1225566K(2010624K), 0.1136873 secs] [Times: user=0.51 sys=0.00, real=0.11 secs] 
[GC (Allocation Failure) [ParNew: 613440K->27293K(613440K), 0.0562861 secs] 1770910K->1248052K(2010624K), 0.0563323 secs] [Times: user=0.14 sys=0.00, real=0.06 secs] 
[GC (CMS Initial Mark) [1 CMS-initial-mark: 1220758K(1397184K)] 1248054K(2010624K), 0.0053302 secs] [Times: user=0.00 sys=0.00, real=0.00 secs] 
[CMS-concurrent-mark-start]
[CMS-concurrent-mark: 1.204/1.204 secs] [Times: user=3.98 sys=0.00, real=1.21 secs] 
[CMS-concurrent-preclean-start]
[CMS-concurrent-preclean: 0.208/0.221 secs] [Times: user=0.44 sys=0.00, real=0.22 secs] 
[CMS-concurrent-abortable-preclean-start]
[GC (Allocation Failure) [ParNew: 572637K->68096K(613440K), 0.1057144 secs] 1793396K->1336429K(2010624K), 0.1057708 secs] [Times: user=0.53 sys=0.00, real=0.10 secs] 
[CMS-concurrent-abortable-preclean: 0.799/1.306 secs] [Times: user=2.54 sys=0.00, real=1.31 secs] 
[GC (CMS Final Remark) [YG occupancy: 441891 K (613440 K)][Rescan (parallel) , 0.0831784 secs][weak refs processing, 0.0000192 secs][class unloading, 0.0070670 secs][scrub symbol table, 0.0010522 secs][scrub string table, 0.0003503 secs][1 CMS-remark: 1268333K(1397184K)] 1710224K(2010624K), 0.0925300 secs] [Times: user=0.42 sys=0.00, real=0.09 secs] 
[CMS-concurrent-sweep-start]
[GC (Allocation Failure) [ParNew: 613440K->20072K(613440K), 0.0454460 secs] 1837704K->1306090K(2010624K), 0.0454961 secs] [Times: user=0.16 sys=0.00, real=0.04 secs] 
[CMS-concurrent-sweep: 0.810/0.856 secs] [Times: user=2.09 sys=0.00, real=0.86 secs] 
[CMS-concurrent-reset-start]
[CMS-concurrent-reset: 0.003/0.003 secs] [Times: user=0.00 sys=0.00, real=0.00 secs] 
[GC (Allocation Failure) [ParNew: 565416K->68096K(613440K), 0.0973745 secs] 1321456K->869383K(2010624K), 0.0974406 secs] [Times: user=0.37 sys=0.00, real=0.09 secs] 
[GC (Allocation Failure) [ParNew: 613440K->34208K(613440K), 0.0481483 secs] 1414727K->898988K(2010624K), 0.0482966 secs] [Times: user=0.17 sys=0.00, real=0.05 secs] 
[GC (Allocation Failure) [ParNew (0: promotion failure size = 4167)  (1: promotion failure size = 4167)  (2: promotion failure size = 4167)  (3: promotion failure size = 4167)  (4: promotion failure size = 4167)  (5: promotion failure size = 4167)  (6: promotion failure size = 4167)  (7: promotion failure size = 4167)  (promotion failed): 579552K->613440K(613440K), 0.3624955 secs][CMS: 908457K->755383K(1397184K), 1.9048780 secs] 1444332K->755383K(2010624K), [Metaspace: 9998K->9998K(10240K)], 2.2674390 secs] [Times: user=2.54 sys=0.00, real=2.27 secs] 

*** PauseDetector detected a 2269 ms pause at Fri Dec 19 19:11:42 EET 2014 ***

[GC (Allocation Failure) [ParNew: 545344K->27380K(613440K), 0.0080659 secs] 1300727K->782763K(2010624K), 0.0081134 secs] [Times: user=0.00 sys=0.00, real=0.01 secs] 
[GC (Allocation Failure) [ParNew: 572724K->68096K(613440K), 0.0776018 secs] 1328107K->867715K(2010624K), 0.0776493 secs] [Times: user=0.27 sys=0.00, real=0.07 secs] 
[GC (Allocation Failure) [ParNew: 613440K->34282K(613440K), 0.0529627 secs] 1413059K->898092K(2010624K), 0.0530147 secs] [Times: user=0.23 sys=0.00, real=0.05 secs] 
[GC (Allocation Failure) [ParNew: 579626K->68096K(613440K), 0.0754557 secs] 1443436K->975493K(2010624K), 0.0755257 secs] [Times: user=0.28 sys=0.00, real=0.07 secs] 
[GC (Allocation Failure) [ParNew: 613440K->27175K(613440K), 0.0369792 secs] 1520837K->998091K(2010624K), 0.0371331 secs] [Times: user=0.08 sys=0.00, real=0.03 secs] 
[GC (Allocation Failure) [ParNew: 572519K->68096K(613440K), 0.0720233 secs] 1543435K->1083473K(2010624K), 0.0720727 secs] [Times: user=0.26 sys=0.00, real=0.06 secs] 
[GC (Allocation Failure) [ParNew: 613440K->40149K(613440K), 0.0355382 secs] 1628817K->1117404K(2010624K), 0.0355869 secs] [Times: user=0.08 sys=0.00, real=0.03 secs] 
[GC (Allocation Failure) [ParNew: 585493K->68096K(613440K), 0.0710500 secs] 1662748K->1188848K(2010624K), 0.0711001 secs] [Times: user=0.26 sys=0.00, real=0.07 secs] 
[GC (Allocation Failure) [ParNew: 613440K->26955K(613440K), 0.0519144 secs] 1734192K->1210165K(2010624K), 0.0520690 secs] [Times: user=0.16 sys=0.00, real=0.05 secs] 
[GC (CMS Initial Mark) [1 CMS-initial-mark: 1183209K(1397184K)] 1210167K(2010624K), 0.0050729 secs] [Times: user=0.00 sys=0.00, real=0.01 secs] 
[CMS-concurrent-mark-start]
[CMS-concurrent-mark: 1.063/1.063 secs] [Times: user=3.48 sys=0.00, real=1.07 secs] 
[CMS-concurrent-preclean-start]
[CMS-concurrent-preclean: 0.105/0.112 secs] [Times: user=0.22 sys=0.00, real=0.11 secs] 
[CMS-concurrent-abortable-preclean-start]
[GC (Allocation Failure) [ParNew[CMS-concurrent-abortable-preclean: 0.072/0.476 secs] [Times: user=0.75 sys=0.00, real=0.48 secs] 
: 572299K->68096K(613440K), 0.0713182 secs] 1755509K->1293612K(2010624K), 0.0713657 secs] [Times: user=0.28 sys=0.00, real=0.07 secs] 
[GC (CMS Final Remark) [YG occupancy: 79096 K (613440 K)][Rescan (parallel) , 0.0361252 secs][weak refs processing, 0.0000930 secs][class unloading, 0.0055798 secs][scrub symbol table, 0.0010701 secs][scrub string table, 0.0003574 secs][1 CMS-remark: 1225516K(1397184K)] 1304613K(2010624K), 0.0441199 secs] [Times: user=0.17 sys=0.00, real=0.04 secs] 
[CMS-concurrent-sweep-start]
[CMS-concurrent-sweep: 0.576/0.576 secs] [Times: user=1.17 sys=0.00, real=0.58 secs] 
[CMS-concurrent-reset-start]
[CMS-concurrent-reset: 0.003/0.003 secs] [Times: user=0.03 sys=0.00, real=0.00 secs] 
[GC (Allocation Failure) [ParNew: 613440K->47942K(613440K), 0.0341671 secs] 1300642K->798630K(2010624K), 0.0343250 secs] [Times: user=0.09 sys=0.00, real=0.03 secs] 
[GC (Allocation Failure) [ParNew: 593286K->68096K(613440K), 0.0673866 secs] 1343974K->860905K(2010624K), 0.0674431 secs] [Times: user=0.28 sys=0.00, real=0.06 secs] 
[GC (Allocation Failure) [ParNew: 613440K->34226K(613440K), 0.0321468 secs] 1406249K->890474K(2010624K), 0.0323040 secs] [Times: user=0.16 sys=0.00, real=0.03 secs] 
[GC (Allocation Failure) [ParNew: 579570K->68096K(613440K), 0.0982760 secs] 1435818K->965587K(2010624K), 0.0984216 secs] [Times: user=0.28 sys=0.00, real=0.10 secs] 
[GC (Allocation Failure) [ParNew (0: promotion failure size = 1854)  (1: promotion failure size = 1854)  (2: promotion failure size = 1854)  (3: promotion failure size = 1854)  (4: promotion failure size = 1854)  (5: promotion failure size = 1854)  (6: promotion failure size = 1854)  (7: promotion failure size = 1854)  (promotion failed): 613440K->579569K(613440K), 2.4966080 secs][CMS: 931704K->753049K(1397184K), 1.6740345 secs] 1510931K->753049K(2010624K), [Metaspace: 9998K->9998K(10240K)], 4.1707112 secs] [Times: user=4.20 sys=0.34, real=4.17 secs] 

*** PauseDetector detected a 4174 ms pause at Fri Dec 19 19:12:09 EET 2014 ***

[GC (Allocation Failure) [ParNew: 545344K->68096K(613440K), 0.0599527 secs] 1298393K->866012K(2010624K), 0.0600098 secs] [Times: user=0.20 sys=0.00, real=0.06 secs] 
[GC (Allocation Failure) [ParNew: 613440K->32706K(613440K), 0.0411391 secs] 1411356K->891333K(2010624K), 0.0412514 secs] [Times: user=0.14 sys=0.00, real=0.04 secs] 
[GC (Allocation Failure) [ParNew: 578050K->68096K(613440K), 0.0605821 secs] 1436677K->969228K(2010624K), 0.0606424 secs] [Times: user=0.28 sys=0.00, real=0.06 secs] 
[GC (Allocation Failure) [ParNew: 613440K->26757K(613440K), 0.0302137 secs] 1514572K->990118K(2010624K), 0.0304678 secs] [Times: user=0.06 sys=0.00, real=0.03 secs] 
[GC (Allocation Failure) [ParNew: 572101K->68096K(613440K), 0.0575179 secs] 1535462K->1072756K(2010624K), 0.0575705 secs] [Times: user=0.20 sys=0.00, real=0.06 secs] 
[GC (Allocation Failure) [ParNew: 613440K->33999K(613440K), 0.0309856 secs] 1618100K->1101823K(2010624K), 0.0311402 secs] [Times: user=0.13 sys=0.00, real=0.03 secs] 
[GC (Allocation Failure) [ParNew: 579343K->68096K(613440K), 0.0573479 secs] 1647167K->1178830K(2010624K), 0.0573986 secs] [Times: user=0.26 sys=0.00, real=0.06 secs] 
[GC (Allocation Failure) [ParNew: 613440K->39812K(613440K), 0.0287047 secs] 1724174K->1211789K(2010624K), 0.0287561 secs] [Times: user=0.11 sys=0.02, real=0.02 secs] 
[GC (CMS Initial Mark) [1 CMS-initial-mark: 1171977K(1397184K)] 1211791K(2010624K), 0.0025586 secs] [Times: user=0.00 sys=0.00, real=0.00 secs] 
[CMS-concurrent-mark-start]
[CMS-concurrent-mark: 1.131/1.131 secs] [Times: user=3.62 sys=0.00, real=1.14 secs] 
[CMS-concurrent-preclean-start]
[CMS-concurrent-preclean: 0.073/0.077 secs] [Times: user=0.16 sys=0.00, real=0.08 secs] 
[CMS-concurrent-abortable-preclean-start]
[GC (Allocation Failure) [ParNew: 585156K->68096K(613440K), 0.0580812 secs] 1757133K->1281684K(2010624K), 0.0581358 secs] [Times: user=0.26 sys=0.00, real=0.06 secs] 
[CMS-concurrent-abortable-preclean: 0.622/1.328 secs] [Times: user=2.17 sys=0.00, real=1.33 secs] 
[GC (CMS Final Remark) [YG occupancy: 397798 K (613440 K)][Rescan (parallel) , 0.0916433 secs][weak refs processing, 0.0000160 secs][class unloading, 0.0054945 secs][scrub symbol table, 0.0010573 secs][scrub string table, 0.0003522 secs][1 CMS-remark: 1213588K(1397184K)] 1611386K(2010624K), 0.0994186 secs] [Times: user=0.42 sys=0.01, real=0.09 secs] 
[CMS-concurrent-sweep-start]
[CMS-concurrent-sweep: 0.479/0.479 secs] [Times: user=0.97 sys=0.00, real=0.49 secs] 
[CMS-concurrent-reset-start]
[CMS-concurrent-reset: 0.002/0.002 secs] [Times: user=0.00 sys=0.00, real=0.00 secs] 
[GC (Allocation Failure) [ParNew: 613440K->20224K(613440K), 0.0290185 secs] 1299252K->768474K(2010624K), 0.0291814 secs] [Times: user=0.13 sys=0.00, real=0.02 secs] 
[GC (Allocation Failure) [ParNew: 565568K->68096K(613440K), 0.0578053 secs] 1313818K->857221K(2010624K), 0.0578522 secs] [Times: user=0.25 sys=0.00, real=0.06 secs] 
[GC (Allocation Failure) [ParNew: 613440K->40891K(613440K), 0.0299000 secs] 1402565K->893099K(2010624K), 0.0299500 secs] [Times: user=0.06 sys=0.00, real=0.03 secs] 
[GC (Allocation Failure) [ParNew: 586235K->68096K(613440K), 0.0646529 secs] 1438443K->960750K(2010624K), 0.0647016 secs] [Times: user=0.22 sys=0.00, real=0.06 secs] 
[GC (Allocation Failure) [ParNew (0: promotion failure size = 1854)  (1: promotion failure size = 97)  (2: promotion failure size = 1854)  (3: promotion failure size = 1854)  (4: promotion failure size = 1854)  (5: promotion failure size = 1854)  (6: promotion failure size = 1854)  (7: promotion failure size = 1854)  (promotion failed): 613440K->572714K(613440K), 1.5876560 secs][CMS: 937126K->752277K(1397184K), 1.6441063 secs] 1506094K->752277K(2010624K), [Metaspace: 9998K->9998K(10240K)], 3.2319098 secs] [Times: user=3.46 sys=0.16, real=3.23 secs] 

*** PauseDetector detected a 3233 ms pause at Fri Dec 19 19:12:33 EET 2014 ***

[GC (Allocation Failure) [ParNew: 545344K->68096K(613440K), 0.0512561 secs] 1297621K->861877K(2010624K), 0.0513062 secs] [Times: user=0.22 sys=0.00, real=0.05 secs] 
[GC (Allocation Failure) [ParNew: 613440K->26982K(613440K), 0.0338829 secs] 1407221K->883347K(2010624K), 0.0340298 secs] [Times: user=0.11 sys=0.00, real=0.03 secs] 
[GC (Allocation Failure) [ParNew: 572326K->68096K(613440K), 0.0519741 secs] 1428691K->964324K(2010624K), 0.0520215 secs] [Times: user=0.16 sys=0.00, real=0.05 secs] 
[GC (Allocation Failure) [ParNew: 613440K->20548K(613440K), 0.0279663 secs] 1509668K->980308K(2010624K), 0.0280876 secs] [Times: user=0.13 sys=0.00, real=0.02 secs] 
[Full GC (System.gc()) [CMS: 959760K->729754K(1397184K), 1.7220616 secs] 1079402K->729754K(2010624K), [Metaspace: 9998K->9998K(10240K)], 1.7222785 secs] [Times: user=1.72 sys=0.00, real=1.72 secs] 
[Full GC (System.gc()) [CMS: 729754K->729767K(1397184K), 1.2826366 secs] 740688K->729767K(2010624K), [Metaspace: 9998K->9998K(10240K)], 1.2828362 secs] [Times: user=1.28 sys=0.00, real=1.29 secs] 
[Full GC (System.gc()) [CMS: 729767K->729767K(1397184K), 1.2632886 secs] 740699K->729767K(2010624K), [Metaspace: 9998K->9998K(10240K)]
*** PauseDetector detected a 1720 ms pause at Fri Dec 19 19:12:41 EET 2014 ***

, 1.2634972 secs] [Times: user=1.28 sys=0.00, real=1.27 secs] 

*** PauseDetector detected a 2563 ms pause at Fri Dec 19 19:12:43 EET 2014 ***

[GC (Allocation Failure) [ParNew: 545344K->26523K(613440K), 0.0154851 secs] 1275111K->756290K(2010624K), 0.0155569 secs] [Times: user=0.06 sys=0.00, real=0.02 secs] 
[GC (Allocation Failure) [ParNew: 571867K->27614K(613440K), 0.0105193 secs] 1301634K->757381K(2010624K), 0.0105668 secs] [Times: user=0.00 sys=0.00, real=0.01 secs] 
[GC (Allocation Failure) [ParNew: 572958K->68096K(613440K), 0.0619961 secs] 1302725K->856970K(2010624K), 0.0621674 secs] [Times: user=0.20 sys=0.00, real=0.06 secs] 
[GC (Allocation Failure) [ParNew: 613440K->33940K(613440K), 0.0664827 secs] 1402314K->883523K(2010624K), 0.0665455 secs] [Times: user=0.27 sys=0.00, real=0.06 secs] 
[GC (Allocation Failure) [ParNew: 579284K->68096K(613440K), 0.1716902 secs] 1428867K->986056K(2010624K), 0.1717524 secs] [Times: user=0.69 sys=0.00, real=0.16 secs] 
[GC (Allocation Failure) [ParNew: 613440K->34062K(613440K), 0.0797691 secs] 1531400K->1016751K(2010624K), 0.0798306 secs] [Times: user=0.33 sys=0.00, real=0.08 secs] 
[Full GC (System.gc()) [CMS: 982689K->762813K(1397184K), 1.7441748 secs] 1202723K->762813K(2010624K), [Metaspace: 9998K->9998K(10240K)], 1.7443801 secs] [Times: user=1.73 sys=0.00, real=1.74 secs] 
[Full GC (System.gc()) [CMS: 762813K->762814K(1397184K), 1.4586235 secs] 762815K->762814K(2010624K), [Metaspace: 9998K->9998K(10240K)], 1.4587974 secs] [Times: user=1.47 sys=0.00, real=1.47 secs] 
[Full GC (System.gc()) [CMS: 762814K->762736K(1397184K), 1.4501252 secs] 762814K->762736K(2010624K), [Metaspace: 9998K->9998K(10240K)]
*** PauseDetector detected a 1739 ms pause at Fri Dec 19 19:12:55 EET 2014 ***

, 1.4503176 secs] [Times: user=1.45 sys=0.00, real=1.45 secs] 
********************************
********** ROUND   98 **********
********************************

*** PauseDetector detected a 2927 ms pause at Fri Dec 19 19:12:58 EET 2014 ***

[GC (Allocation Failure) [ParNew: 545344K->7362K(613440K), 0.0067378 secs] 1308080K->770098K(2010624K), 0.0067892 secs] [Times: user=0.06 sys=0.00, real=0.01 secs] 
[GC (Allocation Failure) [ParNew: 552706K->68096K(613440K), 0.1619331 secs] 1315442K->887552K(2010624K), 0.1619851 secs] [Times: user=0.64 sys=0.00, real=0.16 secs] 
[GC (Allocation Failure) [ParNew: 613440K->26511K(613440K), 0.0597577 secs] 1432896K->910862K(2010624K), 0.0598058 secs] [Times: user=0.22 sys=0.00, real=0.06 secs] 
[GC (Allocation Failure) [ParNew: 571855K->68096K(613440K), 0.1295496 secs] 1456206K->1002760K(2010624K), 0.1296009 secs] [Times: user=0.62 sys=0.00, real=0.12 secs] 
[GC (Allocation Failure) [ParNew: 613440K->27351K(613440K), 0.0589602 secs] 1548104K->1026061K(2010624K), 0.0590070 secs] [Times: user=0.20 sys=0.00, real=0.06 secs] 
[GC (Allocation Failure) [ParNew: 572695K->68096K(613440K), 0.1242553 secs] 1571405K->1115807K(2010624K), 0.1243028 secs] [Times: user=0.50 sys=0.00, real=0.11 secs] 
[GC (Allocation Failure) [ParNew: 613440K->20563K(613440K), 0.0589435 secs] 1661151K->1132079K(2010624K), 0.0589929 secs] [Times: user=0.23 sys=0.00, real=0.06 secs] 
[GC (Allocation Failure) [ParNew: 565907K->68096K(613440K), 0.1150955 secs] 1677423K->1226090K(2010624K), 0.1151456 secs] [Times: user=0.50 sys=0.00, real=0.11 secs] 
[GC (Allocation Failure) [ParNew: 613440K->27420K(613440K), 0.0505626 secs] 1771434K->1249733K(2010624K), 0.0506319 secs] [Times: user=0.17 sys=0.00, real=0.05 secs] 
[GC (CMS Initial Mark) [1 CMS-initial-mark: 1222313K(1397184K)] 1260668K(2010624K), 0.0049895 secs] [Times: user=0.00 sys=0.00, real=0.00 secs] 
[CMS-concurrent-mark-start]
[CMS-concurrent-mark: 1.316/1.316 secs] [Times: user=4.46 sys=0.00, real=1.32 secs] 
[CMS-concurrent-preclean-start]
[CMS-concurrent-preclean: 0.187/0.201 secs] [Times: user=0.39 sys=0.02, real=0.20 secs] 
[CMS-concurrent-abortable-preclean-start]
[GC (Allocation Failure) [ParNew[CMS-concurrent-abortable-preclean: 0.041/0.250 secs] [Times: user=0.70 sys=0.00, real=0.25 secs] 
: 572764K->68096K(613440K), 0.1096068 secs] 1795077K->1336234K(2010624K), 0.1096562 secs] [Times: user=0.51 sys=0.00, real=0.10 secs] 
[GC (CMS Final Remark) [YG occupancy: 79101 K (613440 K)][Rescan (parallel) , 0.0618524 secs][weak refs processing, 0.0000148 secs][class unloading, 0.0057806 secs][scrub symbol table, 0.0012389 secs][scrub string table, 0.0003516 secs][1 CMS-remark: 1268138K(1397184K)] 1347239K(2010624K), 0.0700909 secs] [Times: user=0.34 sys=0.00, real=0.06 secs] 
[CMS-concurrent-sweep-start]
[CMS-concurrent-sweep: 0.781/0.781 secs] [Times: user=1.57 sys=0.00, real=0.79 secs] 
[CMS-concurrent-reset-start]
[CMS-concurrent-reset: 0.003/0.003 secs] [Times: user=0.00 sys=0.00, real=0.00 secs] 
[GC (Allocation Failure) [ParNew: 613440K->27429K(613440K), 0.0481240 secs] 1306218K->783709K(2010624K), 0.0481682 secs] [Times: user=0.14 sys=0.00, real=0.05 secs] 
[GC (Allocation Failure) [ParNew: 572773K->68096K(613440K), 0.0968061 secs] 1329053K->869608K(2010624K), 0.0968536 secs] [Times: user=0.36 sys=0.00, real=0.09 secs] 
[GC (Allocation Failure) [ParNew: 613440K->27430K(613440K), 0.0497080 secs] 1414952K->892452K(2010624K), 0.0497516 secs] [Times: user=0.13 sys=0.00, real=0.05 secs] 
[GC (Allocation Failure) [ParNew (0: promotion failure size = 4167)  (1: promotion failure size = 4167)  (2: promotion failure size = 4167)  (3: promotion failure size = 4167)  (4: promotion failure size = 4167)  (5: promotion failure size = 4167)  (6: promotion failure size = 4167)  (7: promotion failure size = 4167)  (promotion failed): 572774K->613440K(613440K), 0.2838736 secs][CMS: 908609K->755367K(1397184K), 1.7945898 secs] 1437796K->755367K(2010624K), [Metaspace: 9998K->9998K(10240K)], 2.0785289 secs]
*** PauseDetector detected a 2074 ms pause at Fri Dec 19 19:13:22 EET 2014 ***

 [Times: user=2.42 sys=0.00, real=2.07 secs] 
[GC (Allocation Failure) [ParNew: 545344K->27430K(613440K), 0.0067738 secs] 1300711K->782798K(2010624K), 0.0069265 secs] [Times: user=0.00 sys=0.00, real=0.01 secs] 
[GC (Allocation Failure) [ParNew: 572774K->68096K(613440K), 0.0783268 secs] 1328142K->867698K(2010624K), 0.0783775 secs] [Times: user=0.27 sys=0.00, real=0.07 secs] 
[GC (Allocation Failure) [ParNew: 613440K->27426K(613440K), 0.0405065 secs] 1413042K->891235K(2010624K), 0.0405566 secs] [Times: user=0.13 sys=0.00, real=0.03 secs] 
[GC (Allocation Failure) [ParNew: 572770K->68096K(613440K), 0.0742772 secs] 1436579K->974975K(2010624K), 0.0743311 secs] [Times: user=0.30 sys=0.00, real=0.07 secs] 
[GC (Allocation Failure) [ParNew: 613440K->20571K(613440K), 0.0372974 secs] 1520319K->991183K(2010624K), 0.0373449 secs] [Times: user=0.08 sys=0.00, real=0.03 secs] 
[GC (Allocation Failure) [ParNew: 565915K->68096K(613440K), 0.0727027 secs] 1536527K->1083258K(2010624K), 0.0727496 secs] [Times: user=0.28 sys=0.00, real=0.07 secs] 
[GC (Allocation Failure) [ParNew: 613440K->26769K(613440K), 0.0452728 secs] 1628602K->1103888K(2010624K), 0.0453305 secs] [Times: user=0.13 sys=0.00, real=0.04 secs] 
[GC (Allocation Failure) [ParNew: 572113K->68096K(613440K), 0.0700755 secs] 1649232K->1187949K(2010624K), 0.0701223 secs] [Times: user=0.28 sys=0.00, real=0.07 secs] 
[GC (Allocation Failure) [ParNew: 613440K->34123K(613440K), 0.0343019 secs] 1733293K->1217359K(2010624K), 0.0343468 secs] [Times: user=0.06 sys=0.00, real=0.03 secs] 
[GC (CMS Initial Mark) [1 CMS-initial-mark: 1183235K(1397184K)] 1217428K(2010624K), 0.0039438 secs] [Times: user=0.02 sys=0.00, real=0.01 secs] 
[CMS-concurrent-mark-start]
[CMS-concurrent-mark: 1.099/1.099 secs] [Times: user=3.60 sys=0.00, real=1.10 secs] 
[CMS-concurrent-preclean-start]
[CMS-concurrent-preclean: 0.096/0.103 secs] [Times: user=0.22 sys=0.00, real=0.10 secs] 
[CMS-concurrent-abortable-preclean-start]
[GC (Allocation Failure) [ParNew: 579467K->68096K(613440K), 0.0737979 secs] 1762703K->1297393K(2010624K), 0.0738499 secs] [Times: user=0.26 sys=0.00, real=0.07 secs] 
[CMS-concurrent-abortable-preclean: 0.857/1.559 secs] [Times: user=2.67 sys=0.00, real=1.56 secs] 
[GC (CMS Final Remark) [YG occupancy: 474808 K (613440 K)][Rescan (parallel) , 0.0970441 secs][weak refs processing, 0.0000154 secs][class unloading, 0.0058582 secs][scrub symbol table, 0.0011195 secs][scrub string table, 0.0003708 secs][1 CMS-remark: 1229297K(1397184K)] 1704106K(2010624K), 0.1053025 secs] [Times: user=0.44 sys=0.00, real=0.10 secs] 
[CMS-concurrent-sweep-start]
[GC (Allocation Failure) [ParNew: 613440K->38877K(613440K), 0.0384054 secs] 1842737K->1328048K(2010624K), 0.0384561 secs] [Times: user=0.17 sys=0.00, real=0.03 secs] 
[CMS-concurrent-sweep: 0.735/0.774 secs] [Times: user=1.92 sys=0.00, real=0.78 secs] 
[CMS-concurrent-reset-start]
[CMS-concurrent-reset: 0.003/0.003 secs] [Times: user=0.05 sys=0.00, real=0.00 secs] 
[GC (Allocation Failure) [ParNew: 584221K->68096K(613440K), 0.0667290 secs] 1335117K->862971K(2010624K), 0.0668477 secs] [Times: user=0.27 sys=0.00, real=0.07 secs] 
[GC (Allocation Failure) [ParNew: 613440K->33240K(613440K), 0.0319421 secs] 1408315K->889698K(2010624K), 0.0319941 secs] [Times: user=0.08 sys=0.00, real=0.03 secs] 
[GC (Allocation Failure) [ParNew: 578584K->68096K(613440K), 0.1014235 secs] 1435042K->965799K(2010624K), 0.1014755 secs] [Times: user=0.26 sys=0.00, real=0.09 secs] 
[GC (Allocation Failure) [ParNew (0: promotion failure size = 1854)  (1: promotion failure size = 1854)  (2: promotion failure size = 1854)  (3: promotion failure size = 1854)  (4: promotion failure size = 1854)  (5: promotion failure size = 1854)  (6: promotion failure size = 1854)  (7: promotion failure size = 1854)  (promotion failed): 613440K->565842K(613440K), 1.9788094 secs][CMS: 934732K->753024K(1397184K), 1.6109837 secs] 1511143K->753024K(2010624K), [Metaspace: 9998K->9998K(10240K)], 3.5898841 secs] [Times: user=3.62 sys=0.19, real=3.58 secs] 

*** PauseDetector detected a 3583 ms pause at Fri Dec 19 19:13:49 EET 2014 ***

[GC (Allocation Failure) [ParNew: 545344K->68096K(613440K), 0.0614874 secs] 1298368K->862825K(2010624K), 0.0615329 secs] [Times: user=0.25 sys=0.00, real=0.06 secs] 
[GC (Allocation Failure) [ParNew: 613440K->34243K(613440K), 0.0416043 secs] 1408169K->892813K(2010624K), 0.0416569 secs] [Times: user=0.13 sys=0.00, real=0.04 secs] 
[GC (Allocation Failure) [ParNew: 579587K->68096K(613440K), 0.0606353 secs] 1438157K->969424K(2010624K), 0.0606815 secs] [Times: user=0.25 sys=0.00, real=0.06 secs] 
[GC (Allocation Failure) [ParNew: 613440K->26808K(613440K), 0.0303722 secs] 1514768K->990198K(2010624K), 0.0304248 secs] [Times: user=0.13 sys=0.00, real=0.02 secs] 
[GC (Allocation Failure) [ParNew: 572152K->68096K(613440K), 0.0576584 secs] 1535542K->1073689K(2010624K), 0.0577091 secs] [Times: user=0.26 sys=0.00, real=0.06 secs] 
[GC (Allocation Failure) [ParNew: 613440K->20154K(613440K), 0.0416825 secs] 1619033K->1088043K(2010624K), 0.0417319 secs] [Times: user=0.14 sys=0.00, real=0.04 secs] 
[GC (Allocation Failure) [ParNew: 565498K->68096K(613440K), 0.0565806 secs] 1633387K->1180364K(2010624K), 0.0566300 secs] [Times: user=0.16 sys=0.00, real=0.05 secs] 
[GC (Allocation Failure) [ParNew: 613440K->26030K(613440K), 0.0348356 secs] 1725708K->1198197K(2010624K), 0.0348850 secs] [Times: user=0.14 sys=0.00, real=0.03 secs] 
[GC (CMS Initial Mark) [1 CMS-initial-mark: 1172167K(1397184K)] 1209193K(2010624K), 0.0028922 secs] [Times: user=0.00 sys=0.00, real=0.00 secs] 
[CMS-concurrent-mark-start]
[CMS-concurrent-mark: 1.138/1.138 secs] [Times: user=3.62 sys=0.00, real=1.15 secs] 
[CMS-concurrent-preclean-start]
[CMS-concurrent-preclean: 0.072/0.076 secs] [Times: user=0.16 sys=0.00, real=0.08 secs] 
[CMS-concurrent-abortable-preclean-start]
[GC (Allocation Failure) [ParNew: 571374K->68096K(613440K), 0.0573999 secs] 1743541K->1280876K(2010624K), 0.0574518 secs] [Times: user=0.28 sys=0.00, real=0.06 secs] 
[CMS-concurrent-abortable-preclean: 0.692/1.472 secs] [Times: user=2.39 sys=0.00, real=1.47 secs] 
[GC (CMS Final Remark) [YG occupancy: 419647 K (613440 K)][Rescan (parallel) , 0.0840561 secs][weak refs processing, 0.0000160 secs][class unloading, 0.0054906 secs][scrub symbol table, 0.0010535 secs][scrub string table, 0.0003766 secs][1 CMS-remark: 1212780K(1397184K)] 1632427K(2010624K), 0.0918442 secs] [Times: user=0.44 sys=0.00, real=0.09 secs] 
[CMS-concurrent-sweep-start]
[GC (Allocation Failure) [ParNew: 613440K->47842K(613440K), 0.0441738 secs] 1629206K->1127044K(2010624K), 0.0442264 secs] [Times: user=0.17 sys=0.00, real=0.04 secs] 
[CMS-concurrent-sweep: 0.532/0.576 secs] [Times: user=1.23 sys=0.00, real=0.58 secs] 
[CMS-concurrent-reset-start]
[CMS-concurrent-reset: 0.003/0.003 secs] [Times: user=0.00 sys=0.00, real=0.00 secs] 
[GC (Allocation Failure) [ParNew: 593186K->68096K(613440K), 0.0519805 secs] 1341651K->857068K(2010624K), 0.0520427 secs] [Times: user=0.26 sys=0.00, real=0.05 secs] 
[GC (Allocation Failure) [ParNew: 613440K->20530K(613440K), 0.0294740 secs] 1402412K->872955K(2010624K), 0.0295183 secs] [Times: user=0.11 sys=0.00, real=0.03 secs] 
[GC (Allocation Failure) [ParNew: 565874K->68096K(613440K), 0.0614983 secs] 1418299K->960961K(2010624K), 0.0615464 secs] [Times: user=0.23 sys=0.00, real=0.06 secs] 
[GC (Allocation Failure) [ParNew (0: promotion failure size = 97)  (1: promotion failure size = 97)  (2: promotion failure size = 97)  (3: promotion failure size = 97)  (4: promotion failure size = 97)  (5: promotion failure size = 97)  (6: promotion failure size = 1854)  (7: promotion failure size = 97)  (promotion failed): 613440K->586478K(613440K), 1.8635913 secs][CMS: 926900K->752277K(1397184K), 1.7935755 secs] 1506305K->752277K(2010624K), [Metaspace: 9998K->9998K(10240K)]
*** PauseDetector detected a 3659 ms pause at Fri Dec 19 19:14:13 EET 2014 ***

, 3.6572496 secs] [Times: user=3.77 sys=0.62, real=3.66 secs] 
[GC (Allocation Failure) [ParNew: 545344K->68096K(613440K), 0.0511201 secs] 1297621K->861238K(2010624K), 0.0512722 secs] [Times: user=0.19 sys=0.00, real=0.05 secs] 
[GC (Allocation Failure) [ParNew: 613440K->40759K(613440K), 0.0281851 secs] 1406582K->897102K(2010624K), 0.0283718 secs] [Times: user=0.06 sys=0.00, real=0.03 secs] 
[GC (Allocation Failure) [ParNew: 586103K->68096K(613440K), 0.0512549 secs] 1442446K->964363K(2010624K), 0.0513030 secs] [Times: user=0.22 sys=0.00, real=0.05 secs] 
[Full GC (System.gc()) [CMS: 896267K->750392K(1397184K), 1.5039386 secs] 1392595K->750392K(2010624K), [Metaspace: 9998K->9998K(10240K)], 1.5041651 secs] [Times: user=1.50 sys=0.00, real=1.50 secs] 
[Full GC (System.gc()) [CMS: 750392K->750315K(1397184K), 1.3219563 secs] 761301K->750315K(2010624K), [Metaspace: 9998K->9998K(10240K)], 1.3221244 secs] [Times: user=1.31 sys=0.00, real=1.32 secs] 
[Full GC (System.gc()) [CMS: 750315K->745882K(1397184K), 1.3443530 secs] 761222K->745882K(2010624K), [Metaspace: 9998K->9998K(10240K)]
*** PauseDetector detected a 1499 ms pause at Fri Dec 19 19:14:21 EET 2014 ***

, 1.3445853 secs] [Times: user=1.36 sys=0.00, real=1.35 secs] 

*** PauseDetector detected a 2682 ms pause at Fri Dec 19 19:14:23 EET 2014 ***

[GC (Allocation Failure) [ParNew: 545344K->68096K(613440K), 0.0507948 secs] 1291226K->857891K(2010624K), 0.0508449 secs] [Times: user=0.20 sys=0.00, real=0.05 secs] 
[GC (Allocation Failure) [ParNew: 613440K->38729K(613440K), 0.0460863 secs] 1403235K->888561K(2010624K), 0.0461466 secs] [Times: user=0.14 sys=0.00, real=0.04 secs] 
[GC (Allocation Failure) [ParNew: 584073K->68096K(613440K), 0.0619570 secs] 1433905K->960151K(2010624K), 0.0620179 secs] [Times: user=0.25 sys=0.00, real=0.06 secs] 
[GC (Allocation Failure) [ParNew: 613440K->26712K(613440K), 0.0377356 secs] 1505495K->979997K(2010624K), 0.0378151 secs] [Times: user=0.13 sys=0.00, real=0.03 secs] 
[GC (Allocation Failure) [ParNew: 572056K->68096K(613440K), 0.1831520 secs] 1525341K->1089235K(2010624K), 0.1832116 secs] [Times: user=0.81 sys=0.00, real=0.18 secs] 
[GC (Allocation Failure) [ParNew: 613440K->34122K(613440K), 0.0830603 secs] 1634579K->1119587K(2010624K), 0.0831059 secs] [Times: user=0.28 sys=0.00, real=0.08 secs] 
[Full GC (System.gc()) [CMS: 1085464K->742844K(1397184K), 1.6079009 secs] 1239680K->742844K(2010624K), [Metaspace: 9998K->9998K(10240K)], 1.6081152 secs] [Times: user=1.59 sys=0.00, real=1.60 secs] 
[Full GC (System.gc()) [CMS: 742844K->742844K(1397184K), 1.4598553 secs] 742846K->742844K(2010624K), [Metaspace: 9998K->9998K(10240K)], 1.4600811 secs] [Times: user=1.47 sys=0.00, real=1.47 secs] 
[Full GC (System.gc()) [CMS: 742844K->742854K(1397184K), 1.5417307 secs] 753751K->742854K(2010624K), [Metaspace: 9998K->9998K(10240K)]
*** PauseDetector detected a 4604 ms pause at Fri Dec 19 19:14:38 EET 2014 ***

, 1.5419437 secs] [Times: user=1.53 sys=0.00, real=1.54 secs] 
********************************
********** ROUND   99 **********
********************************
[GC (Allocation Failure) [ParNew: 545344K->27653K(613440K), 0.0235247 secs] 1288198K->770508K(2010624K), 0.0236357 secs] [Times: user=0.11 sys=0.00, real=0.02 secs] 
[GC (Allocation Failure) [ParNew: 572997K->30827K(613440K), 0.0198112 secs] 1315852K->773682K(2010624K), 0.0198593 secs] [Times: user=0.06 sys=0.00, real=0.02 secs] 
[GC (Allocation Failure) [ParNew: 576171K->68096K(613440K), 0.1758669 secs] 1319026K->887919K(2010624K), 0.1759214 secs] [Times: user=0.84 sys=0.00, real=0.17 secs] 
[GC (Allocation Failure) [ParNew: 613440K->28574K(613440K), 0.1256674 secs] 1433263K->912950K(2010624K), 0.1257181 secs] [Times: user=0.51 sys=0.00, real=0.12 secs] 
[GC (Allocation Failure) [ParNew: 573918K->68096K(613440K), 0.1380652 secs] 1458294K->1004662K(2010624K), 0.1382166 secs] [Times: user=0.59 sys=0.00, real=0.14 secs] 
[GC (Allocation Failure) [ParNew: 613440K->33448K(613440K), 0.0634512 secs] 1550006K->1031784K(2010624K), 0.0634974 secs] [Times: user=0.22 sys=0.00, real=0.06 secs] 
[GC (Allocation Failure) [ParNew: 578792K->68096K(613440K), 0.1246274 secs] 1577128K->1115411K(2010624K), 0.1246884 secs] [Times: user=0.53 sys=0.00, real=0.12 secs] 
[GC (Allocation Failure) [ParNew: 613440K->27342K(613440K), 0.0556657 secs] 1660755K->1138242K(2010624K), 0.0557164 secs] [Times: user=0.14 sys=0.00, real=0.05 secs] 
[GC (Allocation Failure) [ParNew: 572686K->68096K(613440K), 0.1150801 secs] 1683586K->1225577K(2010624K), 0.1151276 secs] [Times: user=0.48 sys=0.00, real=0.11 secs] 
[GC (CMS Initial Mark) [1 CMS-initial-mark: 1157481K(1397184K)] 1236562K(2010624K), 0.0080954 secs] [Times: user=0.06 sys=0.00, real=0.01 secs] 
[CMS-concurrent-mark-start]
[CMS-concurrent-mark: 1.186/1.186 secs] [Times: user=3.56 sys=0.00, real=1.19 secs] 
[CMS-concurrent-preclean-start]
[CMS-concurrent-preclean: 0.005/0.005 secs] [Times: user=0.03 sys=0.00, real=0.00 secs] 
[CMS-concurrent-abortable-preclean-start]
[GC (Allocation Failure) [ParNew: 613440K->20546K(613440K), 0.0533868 secs] 1770921K->1241470K(2010624K), 0.0534394 secs] [Times: user=0.14 sys=0.00, real=0.05 secs] 
[CMS-concurrent-abortable-preclean: 0.655/1.511 secs] [Times: user=2.59 sys=0.00, real=1.51 secs] 
[GC (CMS Final Remark) [YG occupancy: 361601 K (613440 K)][Rescan (parallel) , 0.0671416 secs][weak refs processing, 0.0000148 secs][class unloading, 0.0061893 secs][scrub symbol table, 0.0011580 secs][scrub string table, 0.0003740 secs][1 CMS-remark: 1220923K(1397184K)] 1582525K(2010624K), 0.0757951 secs] [Times: user=0.25 sys=0.02, real=0.07 secs] 
[CMS-concurrent-sweep-start]
[GC (Allocation Failure) [ParNew: 565890K->68096K(613440K), 0.1034118 secs] 1632166K->1180182K(2010624K), 0.1034644 secs] [Times: user=0.47 sys=0.00, real=0.10 secs] 
[CMS-concurrent-sweep: 0.727/0.830 secs] [Times: user=1.93 sys=0.00, real=0.84 secs] 
[CMS-concurrent-reset-start]
[CMS-concurrent-reset: 0.003/0.003 secs] [Times: user=0.00 sys=0.00, real=0.00 secs] 
[GC (Allocation Failure) [ParNew: 613440K->20570K(613440K), 0.0647671 secs] 1416041K->886847K(2010624K), 0.0648197 secs] [Times: user=0.22 sys=0.00, real=0.06 secs] 
[GC (Allocation Failure) [ParNew: 565914K->68096K(613440K), 0.1034599 secs] 1432191K->981402K(2010624K), 0.1035151 secs] [Times: user=0.39 sys=0.00, real=0.10 secs] 
[GC (Allocation Failure) [ParNew: 613440K->26739K(613440K), 0.0411507 secs] 1526746K->1001781K(2010624K), 0.0413111 secs] [Times: user=0.06 sys=0.00, real=0.04 secs] 
[GC (Allocation Failure) [ParNew (0: promotion failure size = 4167)  (1: promotion failure size = 4167)  (2: promotion failure size = 4167)  (3: promotion failure size = 4167)  (4: promotion failure size = 4167)  (5: promotion failure size = 4167)  (6: promotion failure size = 4167)  (7: promotion failure size = 4167)  (promotion failed): 572083K->613440K(613440K), 0.2486812 secs][CMS: 1019187K->755382K(1397184K), 1.8948643 secs] 1547125K->755382K(2010624K), [Metaspace: 9999K->9999K(10240K)], 2.1436181 secs] [Times: user=2.35 sys=0.01, real=2.14 secs] 

*** PauseDetector detected a 2141 ms pause at Fri Dec 19 19:15:04 EET 2014 ***

[GC (Allocation Failure) [ParNew: 545344K->27382K(613440K), 0.0069624 secs] 1300726K->782765K(2010624K), 0.0070445 secs] [Times: user=0.00 sys=0.00, real=0.01 secs] 
[GC (Allocation Failure) [ParNew: 572726K->68096K(613440K), 0.0782370 secs] 1328109K->867894K(2010624K), 0.0783165 secs] [Times: user=0.25 sys=0.00, real=0.07 secs] 
[GC (Allocation Failure) [ParNew: 613440K->34195K(613440K), 0.0389225 secs] 1413238K->897853K(2010624K), 0.0389841 secs] [Times: user=0.13 sys=0.00, real=0.03 secs] 
[GC (Allocation Failure) [ParNew: 579539K->68096K(613440K), 0.0744818 secs] 1443197K->975645K(2010624K), 0.0745299 secs] [Times: user=0.36 sys=0.00, real=0.07 secs] 
[GC (Allocation Failure) [ParNew: 613440K->33814K(613440K), 0.0376554 secs] 1520989K->1004367K(2010624K), 0.0377073 secs] [Times: user=0.11 sys=0.00, real=0.03 secs] 
[GC (Allocation Failure) [ParNew: 579158K->68096K(613440K), 0.0726508 secs] 1549711K->1081747K(2010624K), 0.0728003 secs] [Times: user=0.33 sys=0.00, real=0.07 secs] 
[GC (Allocation Failure) [ParNew: 613440K->27225K(613440K), 0.0349261 secs] 1627091K->1104161K(2010624K), 0.0350782 secs] [Times: user=0.13 sys=0.00, real=0.03 secs] 
[GC (Allocation Failure) [ParNew: 572569K->68096K(613440K), 0.0719482 secs] 1649505K->1189677K(2010624K), 0.0719970 secs] [Times: user=0.27 sys=0.00, real=0.07 secs] 
[GC (Allocation Failure) [ParNew: 613440K->33315K(613440K), 0.0344096 secs] 1735021K->1216322K(2010624K), 0.0344648 secs] [Times: user=0.12 sys=0.00, real=0.03 secs] 
[GC (CMS Initial Mark) [1 CMS-initial-mark: 1183006K(1397184K)] 1227230K(2010624K), 0.0029224 secs] [Times: user=0.00 sys=0.00, real=0.00 secs] 
[CMS-concurrent-mark-start]
[CMS-concurrent-mark: 1.262/1.262 secs] [Times: user=4.15 sys=0.00, real=1.27 secs] 
[CMS-concurrent-preclean-start]
[CMS-concurrent-preclean: 0.100/0.107 secs] [Times: user=0.22 sys=0.00, real=0.11 secs] 
[CMS-concurrent-abortable-preclean-start]
[GC (Allocation Failure) [ParNew[CMS-concurrent-abortable-preclean: 0.061/0.366 secs] [Times: user=0.61 sys=0.00, real=0.37 secs] 
: 578659K->68096K(613440K), 0.0719444 secs] 1761666K->1293794K(2010624K), 0.0719957 secs] [Times: user=0.26 sys=0.00, real=0.07 secs] 
[GC (CMS Final Remark) [YG occupancy: 79068 K (613440 K)][Rescan (parallel) , 0.0356703 secs][weak refs processing, 0.0000154 secs][class unloading, 0.0055285 secs][scrub symbol table, 0.0011446 secs][scrub string table, 0.0003490 secs][1 CMS-remark: 1225698K(1397184K)] 1304766K(2010624K), 0.0435515 secs] [Times: user=0.23 sys=0.00, real=0.04 secs] 
[CMS-concurrent-sweep-start]
[CMS-concurrent-sweep: 0.584/0.584 secs] [Times: user=1.20 sys=0.00, real=0.59 secs] 
[CMS-concurrent-reset-start]
[CMS-concurrent-reset: 0.003/0.003 secs] [Times: user=0.00 sys=0.00, real=0.00 secs] 
[GC (Allocation Failure) [ParNew: 613440K->33957K(613440K), 0.0383547 secs] 1300848K->784479K(2010624K), 0.0384002 secs] [Times: user=0.12 sys=0.00, real=0.03 secs] 
[GC (Allocation Failure) [ParNew: 579301K->68096K(613440K), 0.0670569 secs] 1329823K->860917K(2010624K), 0.0671056 secs] [Times: user=0.28 sys=0.00, real=0.06 secs] 
[GC (Allocation Failure) [ParNew: 613440K->34094K(613440K), 0.0387384 secs] 1406261K->890279K(2010624K), 0.0387922 secs] [Times: user=0.09 sys=0.00, real=0.04 secs] 
[GC (Allocation Failure) [ParNew: 579438K->68096K(613440K), 0.1078701 secs] 1435623K->965533K(2010624K), 0.1079920 secs] [Times: user=0.34 sys=0.00, real=0.10 secs] 
[GC (Allocation Failure) [ParNew (0: promotion failure size = 1854)  (1: promotion failure size = 1854)  (2: promotion failure size = 1854)  (3: promotion failure size = 1854)  (4: promotion failure size = 1854)  (5: promotion failure size = 1854)  (6: promotion failure size = 1854)  (7: promotion failure size = 1854)  (promotion failed): 613440K->565874K(613440K), 2.0433923 secs][CMS: 942523K->753033K(1397184K), 1.8270138 secs] 1510877K->753033K(2010624K), [Metaspace: 9999K->9999K(10240K)], 3.8704864 secs] [Times: user=4.12 sys=0.58, real=3.86 secs] 

*** PauseDetector detected a 3868 ms pause at Fri Dec 19 19:15:31 EET 2014 ***

[GC (Allocation Failure) [ParNew: 545344K->68096K(613440K), 0.0606655 secs] 1298377K->864741K(2010624K), 0.0607200 secs] [Times: user=0.28 sys=0.00, real=0.05 secs] 
[GC (Allocation Failure) [ParNew: 613440K->20020K(613440K), 0.0312948 secs] 1410085K->878730K(2010624K), 0.0313371 secs] [Times: user=0.08 sys=0.00, real=0.03 secs] 
[GC (Allocation Failure) [ParNew: 565364K->68096K(613440K), 0.0600489 secs] 1424074K->970222K(2010624K), 0.0601015 secs] [Times: user=0.28 sys=0.00, real=0.06 secs] 
[GC (Allocation Failure) [ParNew: 613440K->19880K(613440K), 0.0326928 secs] 1515566K->983288K(2010624K), 0.0327403 secs] [Times: user=0.13 sys=0.00, real=0.03 secs] 
[GC (Allocation Failure) [ParNew: 565224K->68096K(613440K), 0.0589223 secs] 1528632K->1075176K(2010624K), 0.0589737 secs] [Times: user=0.23 sys=0.00, real=0.06 secs] 
[GC (Allocation Failure) [ParNew: 613440K->26301K(613440K), 0.0290050 secs] 1620520K->1094084K(2010624K), 0.0290493 secs] [Times: user=0.06 sys=0.00, real=0.02 secs] 
[GC (Allocation Failure) [ParNew: 571645K->68096K(613440K), 0.0577123 secs] 1639428K->1177556K(2010624K), 0.0577592 secs] [Times: user=0.27 sys=0.00, real=0.06 secs] 
[GC (Allocation Failure) [ParNew: 613440K->47257K(613440K), 0.0427476 secs] 1722900K->1219334K(2010624K), 0.0427957 secs] [Times: user=0.16 sys=0.00, real=0.04 secs] 
[GC (CMS Initial Mark) [1 CMS-initial-mark: 1172077K(1397184K)] 1230243K(2010624K), 0.0025021 secs] [Times: user=0.00 sys=0.00, real=0.00 secs] 
[CMS-concurrent-mark-start]
[CMS-concurrent-mark: 1.241/1.241 secs] [Times: user=4.02 sys=0.00, real=1.25 secs] 
[CMS-concurrent-preclean-start]
[CMS-concurrent-preclean: 0.076/0.081 secs] [Times: user=0.16 sys=0.00, real=0.08 secs] 
[CMS-concurrent-abortable-preclean-start]
[GC (Allocation Failure) [ParNew: 592601K->68096K(613440K), 0.0586529 secs] 1764678K->1282525K(2010624K), 0.0587016 secs] [Times: user=0.19 sys=0.00, real=0.06 secs] 
[CMS-concurrent-abortable-preclean: 0.669/1.446 secs] [Times: user=2.28 sys=0.00, real=1.45 secs] 
[GC (CMS Final Remark) [YG occupancy: 397033 K (613440 K)][Rescan (parallel) , 0.0687494 secs][weak refs processing, 0.0000212 secs][class unloading, 0.0056914 secs][scrub symbol table, 0.0010483 secs][scrub string table, 0.0003516 secs][1 CMS-remark: 1214429K(1397184K)] 1611463K(2010624K), 0.0767222 secs] [Times: user=0.34 sys=0.00, real=0.07 secs] 
[CMS-concurrent-sweep-start]
[GC (Allocation Failure) [ParNew: 613440K->26716K(613440K), 0.0298358 secs] 1406246K->881218K(2010624K), 0.0298833 secs] [Times: user=0.13 sys=0.00, real=0.03 secs] 
[CMS-concurrent-sweep: 0.516/0.546 secs] [Times: user=1.15 sys=0.00, real=0.55 secs] 
[CMS-concurrent-reset-start]
[CMS-concurrent-reset: 0.003/0.003 secs] [Times: user=0.03 sys=0.00, real=0.00 secs] 
[GC (Allocation Failure) [ParNew: 572060K->68096K(613440K), 0.0546065 secs] 1320418K->857364K(2010624K), 0.0546539 secs] [Times: user=0.22 sys=0.00, real=0.06 secs] 
[GC (Allocation Failure) [ParNew: 613440K->40847K(613440K), 0.0280054 secs] 1402708K->893163K(2010624K), 0.0280555 secs] [Times: user=0.06 sys=0.00, real=0.03 secs] 
[GC (Allocation Failure) [ParNew: 586191K->68096K(613440K), 0.0682271 secs] 1438507K->960822K(2010624K), 0.0682810 secs] [Times: user=0.23 sys=0.00, real=0.06 secs] 
[GC (Allocation Failure) [ParNew (0: promotion failure size = 97)  (1: promotion failure size = 1854)  (2: promotion failure size = 97)  (3: promotion failure size = 1854)  (4: promotion failure size = 1854)  (5: promotion failure size = 97)  (6: promotion failure size = 1854)  (7: promotion failure size = 1854)  (promotion failed): 613440K->572713K(613440K), 1.7826809 secs][CMS: 930297K->752281K(1397184K), 1.6211430 secs] 1506166K->752281K(2010624K), [Metaspace: 9999K->9999K(10240K)]
*** PauseDetector detected a 3402 ms pause at Fri Dec 19 19:15:55 EET 2014 ***

, 3.4038958 secs] [Times: user=3.70 sys=0.67, real=3.40 secs] 
[GC (Allocation Failure) [ParNew: 545344K->68096K(613440K), 0.0513094 secs] 1297625K->860922K(2010624K), 0.0513614 secs] [Times: user=0.19 sys=0.00, real=0.05 secs] 
[GC (Allocation Failure) [ParNew: 613440K->13667K(613440K), 0.0328936 secs] 1406266K->870104K(2010624K), 0.0330116 secs] [Times: user=0.06 sys=0.00, real=0.03 secs] 
[GC (Allocation Failure) [ParNew: 559011K->68096K(613440K), 0.0518368 secs] 1415448K->969199K(2010624K), 0.0518881 secs] [Times: user=0.19 sys=0.00, real=0.05 secs] 
[Full GC (System.gc()) [CMS: 901103K->747937K(1397184K), 1.4982729 secs] 1166701K->747937K(2010624K), [Metaspace: 9999K->9999K(10240K)], 1.4986136 secs] [Times: user=1.50 sys=0.00, real=1.49 secs] 
[Full GC (System.gc()) [CMS: 747937K->747938K(1397184K), 1.4645221 secs] 747939K->747938K(2010624K), [Metaspace: 9999K->9999K(10240K)], 1.4647512 secs] [Times: user=1.47 sys=0.00, real=1.47 secs] 
[Full GC (System.gc()) [CMS: 747938K->747860K(1397184K), 1.5813826 secs] 747940K->747860K(2010624K), [Metaspace: 9999K->9999K(10240K)]
*** PauseDetector detected a 1495 ms pause at Fri Dec 19 19:16:02 EET 2014 ***

, 1.5817304 secs] [Times: user=1.59 sys=0.00, real=1.58 secs] 

*** PauseDetector detected a 3058 ms pause at Fri Dec 19 19:16:05 EET 2014 ***

[GC (Allocation Failure) [ParNew: 545344K->68096K(613440K), 0.0578631 secs] 1293204K->857197K(2010624K), 0.0579285 secs] [Times: user=0.19 sys=0.00, real=0.06 secs] 
[GC (Allocation Failure) [ParNew: 613440K->31562K(613440K), 0.0354625 secs] 1402541K->883324K(2010624K), 0.0355241 secs] [Times: user=0.11 sys=0.00, real=0.04 secs] 
[GC (Allocation Failure) [ParNew: 576906K->68096K(613440K), 0.0530724 secs] 1428668K->959637K(2010624K), 0.0531238 secs] [Times: user=0.20 sys=0.00, real=0.05 secs] 
[GC (Allocation Failure) [ParNew: 613440K->20731K(613440K), 0.0283185 secs] 1504981K->975808K(2010624K), 0.0283763 secs] [Times: user=0.14 sys=0.00, real=0.03 secs] 
[GC (Allocation Failure) [ParNew: 566075K->68096K(613440K), 0.1652404 secs] 1521152K->1091180K(2010624K), 0.1653033 secs] [Times: user=0.76 sys=0.00, real=0.16 secs] 
[GC (Allocation Failure) [ParNew: 613440K->27418K(613440K), 0.0855638 secs] 1636524K->1115097K(2010624K), 0.0856254 secs] [Times: user=0.36 sys=0.00, real=0.08 secs] 
[Full GC (System.gc()) [CMS: 1087679K->747201K(1397184K), 1.8230104 secs] 1246098K->747201K(2010624K), [Metaspace: 9999K->9999K(10240K)]
*** PauseDetector detected a 1817 ms pause at Fri Dec 19 19:16:16 EET 2014 ***

, 1.8232632 secs] [Times: user=1.81 sys=0.00, real=1.82 secs] 
[Full GC (System.gc()) [CMS: 747201K->747226K(1397184K), 1.7472223 secs] 758110K->747226K(2010624K), [Metaspace: 9999K->9999K(10240K)], 1.7474180 secs] [Times: user=1.75 sys=0.00, real=1.75 secs] 
[Full GC (System.gc()) [CMS: 747226K->747231K(1397184K), 1.4703560 secs] 758135K->747231K(2010624K), [Metaspace: 9999K->9999K(10240K)]
*** PauseDetector detected a 1747 ms pause at Fri Dec 19 19:16:18 EET 2014 ***

, 1.4705562 secs] [Times: user=1.47 sys=0.00, real=1.47 secs] 
********************************
********** ROUND  100 **********
********************************

*** PauseDetector detected a 1481 ms pause at Fri Dec 19 19:16:20 EET 2014 ***

[GC (Allocation Failure) [ParNew: 545344K->22762K(613440K), 0.0182381 secs] 1292575K->769994K(2010624K), 0.0182811 secs] [Times: user=0.06 sys=0.00, real=0.02 secs] 
[GC (Allocation Failure) [ParNew: 568106K->26477K(613440K), 0.0159374 secs] 1315338K->773709K(2010624K), 0.0159855 secs] [Times: user=0.06 sys=0.00, real=0.02 secs] 
[GC (Allocation Failure) [ParNew: 571821K->68096K(613440K), 0.1689532 secs] 1319053K->887646K(2010624K), 0.1690059 secs] [Times: user=0.70 sys=0.00, real=0.16 secs] 
[GC (Allocation Failure) [ParNew: 613440K->42119K(613440K), 0.1341753 secs] 1432990K->926682K(2010624K), 0.1342254 secs] [Times: user=0.59 sys=0.00, real=0.13 secs] 
[GC (Allocation Failure) [ParNew: 587463K->68096K(613440K), 0.1363625 secs] 1472026K->1002893K(2010624K), 0.1364087 secs] [Times: user=0.61 sys=0.00, real=0.13 secs] 
[GC (Allocation Failure) [ParNew: 613440K->34264K(613440K), 0.0707479 secs] 1548237K->1033211K(2010624K), 0.0708018 secs] [Times: user=0.30 sys=0.00, real=0.07 secs] 
[GC (Allocation Failure) [ParNew: 579608K->68096K(613440K), 0.1270834 secs] 1578555K->1116025K(2010624K), 0.1271340 secs] [Times: user=0.44 sys=0.00, real=0.12 secs] 
[GC (Allocation Failure) [ParNew: 613440K->34230K(613440K), 0.0548945 secs] 1661369K->1145739K(2010624K), 0.0549452 secs] [Times: user=0.16 sys=0.00, real=0.05 secs] 
[GC (Allocation Failure) [ParNew: 579574K->68096K(613440K), 0.1212534 secs] 1691083K->1228561K(2010624K), 0.1213047 secs] [Times: user=0.50 sys=0.00, real=0.11 secs] 
[GC (CMS Initial Mark) [1 CMS-initial-mark: 1160465K(1397184K)] 1228640K(2010624K), 0.0078356 secs] [Times: user=0.08 sys=0.00, real=0.01 secs] 
[CMS-concurrent-mark-start]
[CMS-concurrent-mark: 1.220/1.220 secs] [Times: user=3.67 sys=0.00, real=1.23 secs] 
[CMS-concurrent-preclean-start]
[CMS-concurrent-preclean: 0.005/0.005 secs] [Times: user=0.03 sys=0.00, real=0.01 secs] 
[CMS-concurrent-abortable-preclean-start]
[GC (Allocation Failure) [ParNew: 613440K->26453K(613440K), 0.0494507 secs] 1773905K->1248068K(2010624K), 0.0494995 secs] [Times: user=0.20 sys=0.00, real=0.05 secs] 
[CMS-concurrent-abortable-preclean: 0.561/1.320 secs] [Times: user=2.45 sys=0.00, real=1.32 secs] 
[GC (CMS Final Remark) [YG occupancy: 366852 K (613440 K)][Rescan (parallel) , 0.0643995 secs][weak refs processing, 0.0000148 secs][class unloading, 0.0055028 secs][scrub symbol table, 0.0010522 secs][scrub string table, 0.0003561 secs][1 CMS-remark: 1221615K(1397184K)] 1588467K(2010624K), 0.0721824 secs] [Times: user=0.34 sys=0.00, real=0.07 secs] 
[CMS-concurrent-sweep-start]
[GC (Allocation Failure) [ParNew: 571797K->68096K(613440K), 0.1047007 secs] 1651566K->1193712K(2010624K), 0.1047507 secs] [Times: user=0.50 sys=0.00, real=0.10 secs] 
[CMS-concurrent-sweep: 0.711/0.816 secs] [Times: user=1.90 sys=0.00, real=0.82 secs] 
[CMS-concurrent-reset-start]
[CMS-concurrent-reset: 0.003/0.003 secs] [Times: user=0.00 sys=0.00, real=0.00 secs] 
[GC (Allocation Failure) [ParNew: 613440K->27369K(613440K), 0.0543158 secs] 1416817K->894250K(2010624K), 0.0543723 secs] [Times: user=0.17 sys=0.03, real=0.06 secs] 
[GC (Allocation Failure) [ParNew: 572713K->68096K(613440K), 0.0987206 secs] 1439594K->980210K(2010624K), 0.0987757 secs] [Times: user=0.36 sys=0.00, real=0.09 secs] 
[GC (Allocation Failure) [ParNew: 613440K->27426K(613440K), 0.0444773 secs] 1525554K->1003049K(2010624K), 0.0445279 secs] [Times: user=0.16 sys=0.00, real=0.04 secs] 
[GC (Allocation Failure) [ParNew (0: promotion failure size = 4167)  (1: promotion failure size = 4167)  (2: promotion failure size = 4167)  (3: promotion failure size = 4167)  (4: promotion failure size = 4167)  (5: promotion failure size = 4167)  (6: promotion failure size = 4167)  (7: promotion failure size = 4167)  (promotion failed): 572770K->613440K(613440K), 0.2409695 secs][CMS: 1019564K->755322K(1397184K), 1.7088792 secs] 1548393K->755322K(2010624K), [Metaspace: 9999K->9999K(10240K)], 1.9499372 secs] [Times: user=2.29 sys=0.00, real=1.94 secs] 

*** PauseDetector detected a 1946 ms pause at Fri Dec 19 19:16:46 EET 2014 ***

[GC (Allocation Failure) [ParNew: 545344K->27430K(613440K), 0.0072723 secs] 1300666K->782752K(2010624K), 0.0073191 secs] [Times: user=0.00 sys=0.00, real=0.01 secs] 
[GC (Allocation Failure) [ParNew: 572774K->68096K(613440K), 0.0771335 secs] 1328096K->867931K(2010624K), 0.0771803 secs] [Times: user=0.34 sys=0.00, real=0.07 secs] 
[GC (Allocation Failure) [ParNew: 613440K->27322K(613440K), 0.0399689 secs] 1413275K->891061K(2010624K), 0.0400177 secs] [Times: user=0.08 sys=0.00, real=0.03 secs] 
[GC (Allocation Failure) [ParNew: 572666K->68096K(613440K), 0.0748360 secs] 1436405K->975272K(2010624K), 0.0748841 secs] [Times: user=0.27 sys=0.00, real=0.07 secs] 
[GC (Allocation Failure) [ParNew: 613440K->34159K(613440K), 0.0384464 secs] 1520616K->1004865K(2010624K), 0.0384888 secs] [Times: user=0.14 sys=0.00, real=0.03 secs] 
[GC (Allocation Failure) [ParNew: 579503K->68096K(613440K), 0.0725764 secs] 1550209K->1083407K(2010624K), 0.0726251 secs] [Times: user=0.26 sys=0.00, real=0.07 secs] 
[GC (Allocation Failure) [ParNew: 613440K->20008K(613440K), 0.0391008 secs] 1628751K->1097055K(2010624K), 0.0391509 secs] [Times: user=0.08 sys=0.00, real=0.03 secs] 
[GC (Allocation Failure) [ParNew: 565352K->68096K(613440K), 0.0724538 secs] 1642399K->1191456K(2010624K), 0.0725045 secs] [Times: user=0.36 sys=0.00, real=0.07 secs] 
[GC (Allocation Failure) [ParNew: 613440K->26008K(613440K), 0.0396224 secs] 1736800K->1209237K(2010624K), 0.0396738 secs] [Times: user=0.14 sys=0.00, real=0.03 secs] 
[GC (CMS Initial Mark) [1 CMS-initial-mark: 1183229K(1397184K)] 1220209K(2010624K), 0.0050736 secs] [Times: user=0.02 sys=0.00, real=0.01 secs] 
[CMS-concurrent-mark-start]
[CMS-concurrent-mark: 1.093/1.093 secs] [Times: user=3.53 sys=0.00, real=1.09 secs] 
[CMS-concurrent-preclean-start]
[CMS-concurrent-preclean: 0.095/0.101 secs] [Times: user=0.19 sys=0.00, real=0.10 secs] 
[CMS-concurrent-abortable-preclean-start]
[GC (Allocation Failure) [ParNew[CMS-concurrent-abortable-preclean: 0.052/0.375 secs] [Times: user=0.48 sys=0.00, real=0.38 secs] 
: 571352K->68096K(613440K), 0.0779598 secs] 1754581K->1293633K(2010624K), 0.0780747 secs] [Times: user=0.33 sys=0.00, real=0.08 secs] 
[GC (CMS Final Remark) [YG occupancy: 79003 K (613440 K)][Rescan (parallel) , 0.0356928 secs][weak refs processing, 0.0000148 secs][class unloading, 0.0056978 secs][scrub symbol table, 0.0010849 secs][scrub string table, 0.0003522 secs][1 CMS-remark: 1225537K(1397184K)] 1304540K(2010624K), 0.0436965 secs] [Times: user=0.17 sys=0.00, real=0.04 secs] 
[CMS-concurrent-sweep-start]
[CMS-concurrent-sweep: 0.598/0.598 secs] [Times: user=1.23 sys=0.00, real=0.61 secs] 
[CMS-concurrent-reset-start]
[CMS-concurrent-reset: 0.003/0.003 secs] [Times: user=0.00 sys=0.00, real=0.00 secs] 
[GC (Allocation Failure) [ParNew: 613440K->34174K(613440K), 0.0346169 secs] 1300747K->784919K(2010624K), 0.0346676 secs] [Times: user=0.14 sys=0.00, real=0.03 secs] 
[GC (Allocation Failure) [ParNew: 579518K->68096K(613440K), 0.0659829 secs] 1330263K->864142K(2010624K), 0.0660316 secs] [Times: user=0.30 sys=0.00, real=0.06 secs] 
[GC (Allocation Failure) [ParNew: 613440K->39266K(613440K), 0.0384150 secs] 1409486K->895571K(2010624K), 0.0385703 secs] [Times: user=0.09 sys=0.00, real=0.03 secs] 
[GC (Allocation Failure) [ParNew: 584610K->68096K(613440K), 0.0888621 secs] 1440915K->965649K(2010624K), 0.0889077 secs] [Times: user=0.25 sys=0.00, real=0.08 secs] 
[GC (Allocation Failure) [ParNew (0: promotion failure size = 1854)  (1: promotion failure size = 1854)  (2: promotion failure size = 1854)  (3: promotion failure size = 1854)  (4: promotion failure size = 1854)  (5: promotion failure size = 1854)  (6: promotion failure size = 1854)  (7: promotion failure size = 1854)  (promotion failed): 613440K->565821K(613440K), 1.5064023 secs][CMS: 943704K->753035K(1397184K), 1.6783960 secs] 1510993K->753035K(2010624K), [Metaspace: 9999K->9999K(10240K)], 3.1848887 secs] [Times: user=3.15 sys=0.23, real=3.18 secs] 

*** PauseDetector detected a 3178 ms pause at Fri Dec 19 19:17:11 EET 2014 ***

[GC (Allocation Failure) [ParNew: 545344K->68096K(613440K), 0.0592970 secs] 1298379K->864269K(2010624K), 0.0593451 secs] [Times: user=0.22 sys=0.00, real=0.06 secs] 
[GC (Allocation Failure) [ParNew: 613440K->20140K(613440K), 0.0314725 secs] 1409613K->878639K(2010624K), 0.0315200 secs] [Times: user=0.13 sys=0.00, real=0.03 secs] 
[GC (Allocation Failure) [ParNew: 565484K->68096K(613440K), 0.0603915 secs] 1423983K->969340K(2010624K), 0.0604448 secs] [Times: user=0.20 sys=0.00, real=0.06 secs] 
[GC (Allocation Failure) [ParNew: 613440K->20068K(613440K), 0.0302644 secs] 1514684K->983219K(2010624K), 0.0304190 secs] [Times: user=0.06 sys=0.00, real=0.03 secs] 
[GC (Allocation Failure) [ParNew: 565412K->68096K(613440K), 0.0594606 secs] 1528563K->1074630K(2010624K), 0.0595081 secs] [Times: user=0.25 sys=0.00, real=0.06 secs] 
[GC (Allocation Failure) [ParNew: 613440K->26413K(613440K), 0.0333754 secs] 1619974K->1094069K(2010624K), 0.0334357 secs] [Times: user=0.14 sys=0.00, real=0.03 secs] 
[GC (Allocation Failure) [ParNew: 571757K->68096K(613440K), 0.0570618 secs] 1639413K->1177102K(2010624K), 0.0571112 secs] [Times: user=0.26 sys=0.00, real=0.06 secs] 
[GC (Allocation Failure) [ParNew: 613440K->33917K(613440K), 0.0352809 secs] 1722446K->1205904K(2010624K), 0.0353316 secs] [Times: user=0.14 sys=0.00, real=0.03 secs] 
[GC (CMS Initial Mark) [1 CMS-initial-mark: 1171986K(1397184K)] 1216814K(2010624K), 0.0050614 secs] [Times: user=0.00 sys=0.00, real=0.00 secs] 
[CMS-concurrent-mark-start]
[CMS-concurrent-mark: 1.105/1.105 secs] [Times: user=3.57 sys=0.00, real=1.11 secs] 
[CMS-concurrent-preclean-start]
[CMS-concurrent-preclean: 0.069/0.074 secs] [Times: user=0.16 sys=0.00, real=0.07 secs] 
[CMS-concurrent-abortable-preclean-start]
[GC (Allocation Failure) [ParNew: 579261K->68096K(613440K), 0.0587953 secs] 1751248K->1282839K(2010624K), 0.0588441 secs] [Times: user=0.20 sys=0.00, real=0.06 secs] 
[CMS-concurrent-abortable-preclean: 0.589/1.354 secs] [Times: user=2.15 sys=0.00, real=1.36 secs] 
[GC (CMS Final Remark) [YG occupancy: 429939 K (613440 K)][Rescan (parallel) , 0.0901786 secs][weak refs processing, 0.0000160 secs][class unloading, 0.0058897 secs][scrub symbol table, 0.0010657 secs][scrub string table, 0.0003567 secs][1 CMS-remark: 1214743K(1397184K)] 1644683K(2010624K), 0.0983716 secs] [Times: user=0.37 sys=0.00, real=0.09 secs] 
[CMS-concurrent-sweep-start]
[GC (Allocation Failure) [ParNew: 613440K->19931K(613440K), 0.0388397 secs] 1753883K->1221703K(2010624K), 0.0388917 secs] [Times: user=0.12 sys=0.00, real=0.04 secs] 
[CMS-concurrent-sweep: 0.543/0.582 secs] [Times: user=1.22 sys=0.00, real=0.59 secs] 
[CMS-concurrent-reset-start]
[CMS-concurrent-reset: 0.003/0.003 secs] [Times: user=0.00 sys=0.00, real=0.00 secs] 
[GC (Allocation Failure) [ParNew: 565275K->68096K(613440K), 0.0567500 secs] 1313585K->858761K(2010624K), 0.0568071 secs] [Times: user=0.20 sys=0.00, real=0.06 secs] 
[GC (Allocation Failure) [ParNew: 613440K->40033K(613440K), 0.0284385 secs] 1404105K->892304K(2010624K), 0.0284898 secs] [Times: user=0.16 sys=0.00, real=0.02 secs] 
[GC (Allocation Failure) [ParNew: 585377K->68096K(613440K), 0.0652277 secs] 1437648K->960807K(2010624K), 0.0652759 secs] [Times: user=0.23 sys=0.00, real=0.06 secs] 
[GC (Allocation Failure) [ParNew (0: promotion failure size = 97)  (1: promotion failure size = 97)  (2: promotion failure size = 97)  (3: promotion failure size = 97)  (4: promotion failure size = 97)  (5: promotion failure size = 1854)  (6: promotion failure size = 97)  (7: promotion failure size = 97)  (promotion failed): 613440K->572675K(613440K), 2.0804825 secs][CMS: 925314K->752279K(1397184K), 1.7983681 secs] 1506151K->752279K(2010624K), [Metaspace: 9999K->9999K(10240K)]
*** PauseDetector detected a 3878 ms pause at Fri Dec 19 19:17:36 EET 2014 ***

, 3.8789250 secs] [Times: user=3.59 sys=0.55, real=3.87 secs] 
[GC (Allocation Failure) [ParNew: 545344K->68096K(613440K), 0.0512356 secs] 1297623K->861077K(2010624K), 0.0512857 secs] [Times: user=0.19 sys=0.00, real=0.05 secs] 
[GC (Allocation Failure) [ParNew: 613440K->34060K(613440K), 0.0368175 secs] 1406421K->890378K(2010624K), 0.0368816 secs] [Times: user=0.13 sys=0.00, real=0.03 secs] 
[Full GC (System.gc()) [CMS: 856317K->747494K(1397184K), 1.4024208 secs] 1153952K->747494K(2010624K), [Metaspace: 9999K->9999K(10240K)], 1.4026851 secs] [Times: user=1.39 sys=0.00, real=1.40 secs] 
[Full GC (System.gc()) [CMS: 747494K->747416K(1397184K), 1.5492820 secs] 747494K->747416K(2010624K), [Metaspace: 9999K->9999K(10240K)], 1.5494995 secs] [Times: user=1.56 sys=0.00, real=1.55 secs] 
[Full GC (System.gc()) [CMS: 747416K->747416K(1397184K), 1.4630395 secs] 747418K->747416K(2010624K), [Metaspace: 9999K->9999K(10240K)]
*** PauseDetector detected a 2953 ms pause at Fri Dec 19 19:17:43 EET 2014 ***

, 1.4632358 secs] [Times: user=1.47 sys=0.00, real=1.46 secs] 

*** PauseDetector detected a 1473 ms pause at Fri Dec 19 19:17:44 EET 2014 ***

[GC (Allocation Failure) [ParNew: 545344K->7359K(613440K), 0.0110935 secs] 1292760K->754775K(2010624K), 0.0111666 secs] [Times: user=0.05 sys=0.00, real=0.01 secs] 
[GC (Allocation Failure) [ParNew: 552703K->68096K(613440K), 0.0596146 secs] 1300119K->856778K(2010624K), 0.0596775 secs] [Times: user=0.28 sys=0.00, real=0.06 secs] 
[GC (Allocation Failure) [ParNew: 613440K->26143K(613440K), 0.0304197 secs] 1402122K->877551K(2010624K), 0.0304768 secs] [Times: user=0.08 sys=0.00, real=0.03 secs] 
[GC (Allocation Failure) [ParNew: 571487K->68096K(613440K), 0.0498857 secs] 1422895K->961188K(2010624K), 0.0499371 secs] [Times: user=0.22 sys=0.00, real=0.05 secs] 
[GC (Allocation Failure) [ParNew: 613440K->19990K(613440K), 0.0397706 secs] 1506532K->974695K(2010624K), 0.0398451 secs] [Times: user=0.13 sys=0.00, real=0.04 secs] 
[GC (Allocation Failure) [ParNew: 565334K->68096K(613440K), 0.1770987 secs] 1520039K->1090937K(2010624K), 0.1771616 secs] [Times: user=0.75 sys=0.00, real=0.17 secs] 
[Full GC (System.gc()) [CMS: 1022841K->773175K(1397184K), 1.7219294 secs] 1429068K->773175K(2010624K), [Metaspace: 9999K->9999K(10240K)], 1.7221803 secs] [Times: user=1.70 sys=0.00, real=1.71 secs] 
[Full GC (System.gc()) [CMS: 773175K->773175K(1397184K), 1.6778051 secs] 773177K->773175K(2010624K), [Metaspace: 9999K->9999K(10240K)], 1.6779879 secs] [Times: user=1.68 sys=0.00, real=1.68 secs] 
[Full GC (System.gc()) [CMS: 773175K->773175K(1397184K), 1.4178699 secs] 773175K->773175K(2010624K), [Metaspace: 9999K->9999K(10240K)], 1.4180618 secs] [Times: user=1.42 sys=0.00, real=1.42 secs] 
********************************
[Full GC (System.gc()) [CMS: 773175K->763600K(1397184K), 1.4897977 secs] 784141K->763600K(2010624K), [Metaspace: 9999K->9999K(10240K)]
*** PauseDetector detected a 6311 ms pause at Fri Dec 19 19:18:01 EET 2014 ***

, 1.4899901 secs] [Times: user=1.50 sys=0.00, real=1.49 secs] 
[Full GC (System.gc()) [CMS: 763600K->760098K(1397184K), 1.4208924 secs] 774509K->760098K(2010624K), [Metaspace: 9999K->9999K(10240K)], 1.4210919 secs] [Times: user=1.42 sys=0.00, real=1.42 secs] 
[Full GC (System.gc()) [CMS: 760098K->760098K(1397184K), 1.8411843 secs] 760100K->760098K(2010624K), [Metaspace: 9999K->9999K(10240K)]
*** PauseDetector detected a 3264 ms pause at Fri Dec 19 19:18:04 EET 2014 ***

, 1.8413594 secs] [Times: user=1.84 sys=0.00, real=1.84 secs] 
Person [id=0, username=null, firstName=null, lastName=null, accountNo=942683, debt=182.89450973095612]
Person [id=1000, username=null, firstName=null, lastName=null, accountNo=5716, debt=110.27441256328696]
Person [id=2000, username=null, firstName=null, lastName=null, accountNo=66790, debt=815.17144283577]
Person [id=3000, username=null, firstName=null, lastName=null, accountNo=297717, debt=160.72683600826966]
Person [id=4000, username=null, firstName=null, lastName=null, accountNo=39923, debt=526.5129832111999]
Person [id=5000, username=null, firstName=null, lastName=null, accountNo=145297, debt=175.9954735958491]
Person [id=6000, username=null, firstName=null, lastName=null, accountNo=461573, debt=799.7766274897997]
Person [id=7000, username=null, firstName=null, lastName=null, accountNo=962242, debt=734.6199615638951]
Person [id=8000, username=null, firstName=null, lastName=null, accountNo=21000, debt=358.2563683217177]
Person [id=9000, username=null, firstName=null, lastName=null, accountNo=330720, debt=159.97101898435972]
Person [id=10000, username=null, firstName=null, lastName=null, accountNo=966962, debt=986.9718912907368]
Person [id=11000, username=null, firstName=null, lastName=null, accountNo=96011, debt=966.5394677280293]
Person [id=12000, username=null, firstName=null, lastName=null, accountNo=827443, debt=603.9575222358659]
Person [id=13000, username=null, firstName=null, lastName=null, accountNo=711232, debt=556.2254051661782]
Person [id=14000, username=null, firstName=null, lastName=null, accountNo=379376, debt=581.551342210994]
Person [id=15000, username=null, firstName=null, lastName=null, accountNo=832065, debt=164.62715708009512]
Person [id=16000, username=null, firstName=null, lastName=null, accountNo=868373, debt=317.6842018617073]
Person [id=17000, username=null, firstName=null, lastName=null, accountNo=161483, debt=57.330428010995526]
Person [id=18000, username=null, firstName=null, lastName=null, accountNo=478448, debt=57.16884383552312]
Person [id=19000, username=null, firstName=null, lastName=null, accountNo=544476, debt=976.1972318178065]
Person [id=20000, username=null, firstName=null, lastName=null, accountNo=51749, debt=962.9889693127712]
Person [id=21000, username=null, firstName=null, lastName=null, accountNo=312777, debt=835.6551686869485]
Person [id=22000, username=null, firstName=null, lastName=null, accountNo=58278, debt=437.58820395463584]
Person [id=23000, username=null, firstName=null, lastName=null, accountNo=879591, debt=668.986258832573]
Person [id=24000, username=null, firstName=null, lastName=null, accountNo=815622, debt=694.1592910939065]
Person [id=25000, username=null, firstName=null, lastName=null, accountNo=584319, debt=824.6161524511189]
Person [id=26000, username=null, firstName=null, lastName=null, accountNo=958678, debt=577.9330502324401]
Person [id=27000, username=null, firstName=null, lastName=null, accountNo=787286, debt=412.4031347849032]
Person [id=28000, username=null, firstName=null, lastName=null, accountNo=159382, debt=637.4674882755247]
Person [id=29000, username=null, firstName=null, lastName=null, accountNo=214467, debt=999.9272094168082]
Person [id=30000, username=null, firstName=null, lastName=null, accountNo=96430, debt=445.93686978805016]
Person [id=31000, username=null, firstName=null, lastName=null, accountNo=552215, debt=558.7791405867745]
Person [id=32000, username=null, firstName=null, lastName=null, accountNo=675011, debt=172.42074627248616]
Person [id=33000, username=null, firstName=null, lastName=null, accountNo=291984, debt=660.8495439370693]
Person [id=34000, username=null, firstName=null, lastName=null, accountNo=496528, debt=403.19304877679474]
Person [id=35000, username=null, firstName=null, lastName=null, accountNo=825059, debt=924.6179362793597]
Person [id=36000, username=null, firstName=null, lastName=null, accountNo=578330, debt=213.01112462298798]
Person [id=37000, username=null, firstName=null, lastName=null, accountNo=787283, debt=711.4417592847554]
Person [id=38000, username=null, firstName=null, lastName=null, accountNo=323432, debt=486.40479276213824]
Person [id=39000, username=null, firstName=null, lastName=null, accountNo=653778, debt=71.84552610843042]
Person [id=40000, username=null, firstName=null, lastName=null, accountNo=740250, debt=488.96550716280575]
Person [id=41000, username=null, firstName=null, lastName=null, accountNo=583681, debt=941.8097780244395]
Person [id=42000, username=null, firstName=null, lastName=null, accountNo=912319, debt=688.6352408026951]
Person [id=43000, username=null, firstName=null, lastName=null, accountNo=514860, debt=589.0602683032437]
Person [id=44000, username=null, firstName=null, lastName=null, accountNo=718024, debt=826.9956863099865]
Person [id=45000, username=null, firstName=null, lastName=null, accountNo=508649, debt=309.3569113959457]
Person [id=46000, username=null, firstName=null, lastName=null, accountNo=800328, debt=240.5572964171835]
Person [id=47000, username=null, firstName=null, lastName=null, accountNo=344569, debt=372.78289975659027]
Person [id=48000, username=null, firstName=null, lastName=null, accountNo=786494, debt=432.04829833793013]
Person [id=49000, username=null, firstName=null, lastName=null, accountNo=365059, debt=220.0338094885922]
Person [id=50000, username=null, firstName=null, lastName=null, accountNo=757816, debt=891.7038012760843]
Person [id=51000, username=null, firstName=null, lastName=null, accountNo=570199, debt=908.7065309025212]
Person [id=52000, username=null, firstName=null, lastName=null, accountNo=969343, debt=168.5548480554373]
Person [id=53000, username=null, firstName=null, lastName=null, accountNo=962437, debt=809.5884859212395]
Person [id=54000, username=null, firstName=null, lastName=null, accountNo=819606, debt=191.7174406724008]
Person [id=55000, username=null, firstName=null, lastName=null, accountNo=141319, debt=552.9466107917502]
Person [id=56000, username=null, firstName=null, lastName=null, accountNo=70344, debt=841.6816887832744]
Person [id=57000, username=null, firstName=null, lastName=null, accountNo=148212, debt=224.81637232466]
Person [id=58000, username=null, firstName=null, lastName=null, accountNo=316233, debt=771.6007533005453]
Person [id=59000, username=null, firstName=null, lastName=null, accountNo=561030, debt=813.2909517717028]
Person [id=60000, username=null, firstName=null, lastName=null, accountNo=704610, debt=478.58003213306]
Person [id=61000, username=null, firstName=null, lastName=null, accountNo=838964, debt=904.810194009976]
Person [id=62000, username=null, firstName=null, lastName=null, accountNo=905200, debt=624.9661559363874]
Person [id=63000, username=null, firstName=null, lastName=null, accountNo=917206, debt=630.4497690677249]
Person [id=64000, username=null, firstName=null, lastName=null, accountNo=329844, debt=609.6360024896362]
Person [id=65000, username=null, firstName=null, lastName=null, accountNo=51677, debt=862.2100989568348]
Person [id=66000, username=null, firstName=null, lastName=null, accountNo=602225, debt=389.2858936114959]
Person [id=67000, username=null, firstName=null, lastName=null, accountNo=913753, debt=659.3055862538422]
Person [id=68000, username=null, firstName=null, lastName=null, accountNo=277592, debt=549.720542481827]
Person [id=69000, username=null, firstName=null, lastName=null, accountNo=934990, debt=964.4535334818459]
Person [id=70000, username=null, firstName=null, lastName=null, accountNo=812491, debt=627.1421387989939]
Person [id=71000, username=null, firstName=null, lastName=null, accountNo=901852, debt=550.1633344386141]
Person [id=72000, username=null, firstName=null, lastName=null, accountNo=784487, debt=679.4394674648087]
Person [id=73000, username=null, firstName=null, lastName=null, accountNo=800440, debt=215.02538612791756]
Person [id=74000, username=null, firstName=null, lastName=null, accountNo=361896, debt=107.476867081994]
Person [id=75000, username=null, firstName=null, lastName=null, accountNo=911214, debt=230.00027263705357]
Person [id=76000, username=null, firstName=null, lastName=null, accountNo=23504, debt=726.3834454966747]
Person [id=77000, username=null, firstName=null, lastName=null, accountNo=153722, debt=34.70781862921124]
Person [id=78000, username=null, firstName=null, lastName=null, accountNo=528303, debt=86.84195633945346]
Person [id=79000, username=null, firstName=null, lastName=null, accountNo=681326, debt=183.71607205532015]
Person [id=80000, username=null, firstName=null, lastName=null, accountNo=135209, debt=46.37802201848385]
Person [id=81000, username=null, firstName=null, lastName=null, accountNo=725930, debt=542.8304247016396]
Person [id=82000, username=null, firstName=null, lastName=null, accountNo=72792, debt=590.6491220192545]
Person [id=83000, username=null, firstName=null, lastName=null, accountNo=692704, debt=735.3827066603172]
Person [id=84000, username=null, firstName=null, lastName=null, accountNo=259005, debt=904.7336147319861]
Person [id=85000, username=null, firstName=null, lastName=null, accountNo=504813, debt=838.5201653159471]
Person [id=86000, username=null, firstName=null, lastName=null, accountNo=270907, debt=694.419941818253]
Person [id=87000, username=null, firstName=null, lastName=null, accountNo=198142, debt=329.49455236554684]
Person [id=88000, username=null, firstName=null, lastName=null, accountNo=564390, debt=757.4954935761874]
Person [id=89000, username=null, firstName=null, lastName=null, accountNo=766022, debt=281.95128906963106]
Person [id=90000, username=null, firstName=null, lastName=null, accountNo=943907, debt=805.0358803623267]
Person [id=91000, username=null, firstName=null, lastName=null, accountNo=253959, debt=812.2183521065124]
Person [id=92000, username=null, firstName=null, lastName=null, accountNo=282199, debt=532.6937905062365]
Person [id=93000, username=null, firstName=null, lastName=null, accountNo=104360, debt=775.5954760762783]
Person [id=94000, username=null, firstName=null, lastName=null, accountNo=490018, debt=941.988239380617]
Person [id=95000, username=null, firstName=null, lastName=null, accountNo=751257, debt=712.6431660149615]
Person [id=96000, username=null, firstName=null, lastName=null, accountNo=735859, debt=911.5935092723118]
Person [id=97000, username=null, firstName=null, lastName=null, accountNo=465035, debt=45.47175833748574]
Person [id=98000, username=null, firstName=null, lastName=null, accountNo=915680, debt=18.628212187900004]
Person [id=99000, username=null, firstName=null, lastName=null, accountNo=447160, debt=524.030485505901]
Person [id=100000, username=null, firstName=null, lastName=null, accountNo=372635, debt=609.9444904950257]
Person [id=101000, username=null, firstName=null, lastName=null, accountNo=174906, debt=922.3965295217473]
Person [id=102000, username=null, firstName=null, lastName=null, accountNo=866798, debt=123.41684875999037]
Person [id=103000, username=null, firstName=null, lastName=null, accountNo=996076, debt=985.0641238471943]
Person [id=104000, username=null, firstName=null, lastName=null, accountNo=794886, debt=659.2314661477936]
Person [id=105000, username=null, firstName=null, lastName=null, accountNo=973735, debt=623.2335398421794]
Person [id=106000, username=null, firstName=null, lastName=null, accountNo=659993, debt=801.1750357103048]
Person [id=107000, username=null, firstName=null, lastName=null, accountNo=980935, debt=361.1002557407718]
Person [id=108000, username=null, firstName=null, lastName=null, accountNo=791309, debt=687.9240097310781]
Person [id=109000, username=null, firstName=null, lastName=null, accountNo=45438, debt=32.1438760330861]
Person [id=110000, username=null, firstName=null, lastName=null, accountNo=313852, debt=334.3335507722337]
Person [id=111000, username=null, firstName=null, lastName=null, accountNo=944448, debt=725.417397299194]
Person [id=112000, username=null, firstName=null, lastName=null, accountNo=368191, debt=202.72659075475795]
Person [id=113000, username=null, firstName=null, lastName=null, accountNo=49333, debt=981.8360605358129]
Person [id=114000, username=null, firstName=null, lastName=null, accountNo=580176, debt=24.182998072221796]
Person [id=115000, username=null, firstName=null, lastName=null, accountNo=420354, debt=240.46652013266845]
Person [id=116000, username=null, firstName=null, lastName=null, accountNo=780660, debt=869.8285249123714]
Person [id=117000, username=null, firstName=null, lastName=null, accountNo=151391, debt=534.8158973648606]
Person [id=118000, username=null, firstName=null, lastName=null, accountNo=975232, debt=472.12390731562226]
Person [id=119000, username=null, firstName=null, lastName=null, accountNo=964669, debt=439.12085251167855]
Person [id=120000, username=null, firstName=null, lastName=null, accountNo=563935, debt=796.1539689588416]
Person [id=121000, username=null, firstName=null, lastName=null, accountNo=55485, debt=264.63661599722377]
Person [id=122000, username=null, firstName=null, lastName=null, accountNo=811002, debt=860.9166392574558]
Person [id=123000, username=null, firstName=null, lastName=null, accountNo=186936, debt=505.92605305864504]
Person [id=124000, username=null, firstName=null, lastName=null, accountNo=564575, debt=810.6119900940082]
Person [id=125000, username=null, firstName=null, lastName=null, accountNo=34643, debt=537.1487619419872]
Person [id=126000, username=null, firstName=null, lastName=null, accountNo=226434, debt=235.93138058013596]
Person [id=127000, username=null, firstName=null, lastName=null, accountNo=781478, debt=558.3501013175228]
Person [id=128000, username=null, firstName=null, lastName=null, accountNo=971728, debt=745.3464565322253]
Person [id=129000, username=null, firstName=null, lastName=null, accountNo=962293, debt=791.7502810250198]
Person [id=130000, username=null, firstName=null, lastName=null, accountNo=218692, debt=786.3982430793238]
Person [id=131000, username=null, firstName=null, lastName=null, accountNo=558643, debt=928.0333820384938]
Person [id=132000, username=null, firstName=null, lastName=null, accountNo=348383, debt=716.9861515893766]
Person [id=133000, username=null, firstName=null, lastName=null, accountNo=343517, debt=822.6364695632163]
Person [id=134000, username=null, firstName=null, lastName=null, accountNo=674402, debt=126.65715423352508]
Person [id=135000, username=null, firstName=null, lastName=null, accountNo=476060, debt=442.0386055498873]
Person [id=136000, username=null, firstName=null, lastName=null, accountNo=662621, debt=407.8947089559565]
Person [id=137000, username=null, firstName=null, lastName=null, accountNo=346302, debt=60.0499692422235]
Person [id=138000, username=null, firstName=null, lastName=null, accountNo=400910, debt=577.407926587622]
Person [id=139000, username=null, firstName=null, lastName=null, accountNo=669883, debt=704.1008622405502]
Person [id=140000, username=null, firstName=null, lastName=null, accountNo=318862, debt=347.42062247595686]
Person [id=141000, username=null, firstName=null, lastName=null, accountNo=832784, debt=851.530806697649]
Person [id=142000, username=null, firstName=null, lastName=null, accountNo=157523, debt=446.9602824329219]
Person [id=143000, username=null, firstName=null, lastName=null, accountNo=486047, debt=375.8776174375734]
Person [id=144000, username=null, firstName=null, lastName=null, accountNo=189115, debt=193.14724102459346]
Person [id=145000, username=null, firstName=null, lastName=null, accountNo=390505, debt=743.166388392788]
Person [id=146000, username=null, firstName=null, lastName=null, accountNo=686766, debt=312.4836847721092]
Person [id=147000, username=null, firstName=null, lastName=null, accountNo=511510, debt=458.1986764816941]
Person [id=148000, username=null, firstName=null, lastName=null, accountNo=644232, debt=12.142763386031374]
Person [id=149000, username=null, firstName=null, lastName=null, accountNo=363658, debt=760.8414507928649]
Person [id=150000, username=null, firstName=null, lastName=null, accountNo=745628, debt=301.2575855167123]
Person [id=151000, username=null, firstName=null, lastName=null, accountNo=605513, debt=572.3162243085067]
Person [id=152000, username=null, firstName=null, lastName=null, accountNo=585153, debt=562.2103076369168]
Person [id=153000, username=null, firstName=null, lastName=null, accountNo=884339, debt=691.4880850450817]
Person [id=154000, username=null, firstName=null, lastName=null, accountNo=136816, debt=371.921241550895]
Person [id=155000, username=null, firstName=null, lastName=null, accountNo=930822, debt=241.15477562270394]
Person [id=156000, username=null, firstName=null, lastName=null, accountNo=474161, debt=573.137831518297]
Person [id=157000, username=null, firstName=null, lastName=null, accountNo=903798, debt=364.3357616586659]
Person [id=158000, username=null, firstName=null, lastName=null, accountNo=739998, debt=595.7237692138264]
Person [id=159000, username=null, firstName=null, lastName=null, accountNo=984981, debt=170.5612740839314]
Person [id=160000, username=null, firstName=null, lastName=null, accountNo=366126, debt=27.948082609862702]
Person [id=161000, username=null, firstName=null, lastName=null, accountNo=223687, debt=932.1613700860808]
Person [id=162000, username=null, firstName=null, lastName=null, accountNo=543060, debt=437.7741540785686]
Person [id=163000, username=null, firstName=null, lastName=null, accountNo=631563, debt=530.5549828763853]
Person [id=164000, username=null, firstName=null, lastName=null, accountNo=939760, debt=444.14878692276926]
Person [id=165000, username=null, firstName=null, lastName=null, accountNo=527311, debt=152.53904968797738]
Person [id=166000, username=null, firstName=null, lastName=null, accountNo=673354, debt=38.29126073096345]
Person [id=167000, username=null, firstName=null, lastName=null, accountNo=131417, debt=236.57752429002176]
Person [id=168000, username=null, firstName=null, lastName=null, accountNo=528866, debt=154.98245006226708]
Person [id=169000, username=null, firstName=null, lastName=null, accountNo=410877, debt=669.0903932271771]
Person [id=170000, username=null, firstName=null, lastName=null, accountNo=428945, debt=493.8538127461978]
Person [id=171000, username=null, firstName=null, lastName=null, accountNo=173922, debt=230.74287459828224]
Person [id=172000, username=null, firstName=null, lastName=null, accountNo=153587, debt=590.6765011170393]
Person [id=173000, username=null, firstName=null, lastName=null, accountNo=414746, debt=292.7343523394307]
Person [id=174000, username=null, firstName=null, lastName=null, accountNo=309865, debt=138.65037266536706]
Person [id=175000, username=null, firstName=null, lastName=null, accountNo=908233, debt=763.087448342787]
Person [id=176000, username=null, firstName=null, lastName=null, accountNo=551656, debt=559.6931683276381]
Person [id=177000, username=null, firstName=null, lastName=null, accountNo=54682, debt=282.9371579053377]
Person [id=178000, username=null, firstName=null, lastName=null, accountNo=49362, debt=825.7294113790078]
Person [id=179000, username=null, firstName=null, lastName=null, accountNo=974534, debt=672.8198994959653]
Person [id=180000, username=null, firstName=null, lastName=null, accountNo=209645, debt=529.9795931735002]
Person [id=181000, username=null, firstName=null, lastName=null, accountNo=853100, debt=628.9625086431683]
Person [id=182000, username=null, firstName=null, lastName=null, accountNo=645147, debt=208.24919869669512]
Person [id=183000, username=null, firstName=null, lastName=null, accountNo=535286, debt=669.5713696585217]
Person [id=184000, username=null, firstName=null, lastName=null, accountNo=394219, debt=910.2177656460279]
Person [id=185000, username=null, firstName=null, lastName=null, accountNo=370320, debt=331.121402073816]
Person [id=186000, username=null, firstName=null, lastName=null, accountNo=390648, debt=20.72793233521908]
Person [id=187000, username=null, firstName=null, lastName=null, accountNo=306479, debt=614.6452594197435]
Person [id=188000, username=null, firstName=null, lastName=null, accountNo=183382, debt=331.0745340274762]
Person [id=189000, username=null, firstName=null, lastName=null, accountNo=235814, debt=682.0222337066511]
Person [id=190000, username=null, firstName=null, lastName=null, accountNo=906257, debt=360.29362848818215]
Person [id=191000, username=null, firstName=null, lastName=null, accountNo=588879, debt=802.2674318514839]
Person [id=192000, username=null, firstName=null, lastName=null, accountNo=497727, debt=926.4516146698393]
Person [id=193000, username=null, firstName=null, lastName=null, accountNo=179456, debt=547.8207323126027]
Person [id=194000, username=null, firstName=null, lastName=null, accountNo=170584, debt=967.9342210118538]
Person [id=195000, username=null, firstName=null, lastName=null, accountNo=299282, debt=240.83601367079177]
Person [id=196000, username=null, firstName=null, lastName=null, accountNo=131690, debt=614.7356017737384]
Person [id=197000, username=null, firstName=null, lastName=null, accountNo=62774, debt=649.4700293076897]
Person [id=198000, username=null, firstName=null, lastName=null, accountNo=551702, debt=509.74742219244484]
Person [id=199000, username=null, firstName=null, lastName=null, accountNo=1759, debt=934.1715838327334]
Person [id=200000, username=null, firstName=null, lastName=null, accountNo=784796, debt=380.04790266150223]
Person [id=201000, username=null, firstName=null, lastName=null, accountNo=910198, debt=843.9705642237803]
Person [id=202000, username=null, firstName=null, lastName=null, accountNo=838399, debt=858.1908666354461]
Person [id=203000, username=null, firstName=null, lastName=null, accountNo=938913, debt=162.76701939650619]
Person [id=204000, username=null, firstName=null, lastName=null, accountNo=92909, debt=553.4948518641826]
Person [id=205000, username=null, firstName=null, lastName=null, accountNo=940312, debt=405.62018389444563]
Person [id=206000, username=null, firstName=null, lastName=null, accountNo=271429, debt=373.33207634103115]
Person [id=207000, username=null, firstName=null, lastName=null, accountNo=63120, debt=765.037594711293]
Person [id=208000, username=null, firstName=null, lastName=null, accountNo=659487, debt=94.4176165923133]
Person [id=209000, username=null, firstName=null, lastName=null, accountNo=597101, debt=307.2640777280408]
Person [id=210000, username=null, firstName=null, lastName=null, accountNo=574764, debt=184.09836617481534]
Person [id=211000, username=null, firstName=null, lastName=null, accountNo=67788, debt=418.5709166893432]
Person [id=212000, username=null, firstName=null, lastName=null, accountNo=86823, debt=871.6421916136354]
Person [id=213000, username=null, firstName=null, lastName=null, accountNo=581205, debt=501.5448172889143]
Person [id=214000, username=null, firstName=null, lastName=null, accountNo=986836, debt=469.5269579548712]
Person [id=215000, username=null, firstName=null, lastName=null, accountNo=418600, debt=921.3770090906654]
Person [id=216000, username=null, firstName=null, lastName=null, accountNo=7306, debt=944.7295282412747]
Person [id=217000, username=null, firstName=null, lastName=null, accountNo=881165, debt=202.15232137281214]
Person [id=218000, username=null, firstName=null, lastName=null, accountNo=291797, debt=740.0149157248094]
Person [id=219000, username=null, firstName=null, lastName=null, accountNo=384769, debt=473.1382179937866]
Person [id=220000, username=null, firstName=null, lastName=null, accountNo=114661, debt=845.2253354963707]
Person [id=221000, username=null, firstName=null, lastName=null, accountNo=804676, debt=165.07388068692518]
Person [id=222000, username=null, firstName=null, lastName=null, accountNo=850763, debt=118.56921513731045]
Person [id=223000, username=null, firstName=null, lastName=null, accountNo=70283, debt=956.4592513769612]
Person [id=224000, username=null, firstName=null, lastName=null, accountNo=195206, debt=857.9102836020605]
Person [id=225000, username=null, firstName=null, lastName=null, accountNo=9835, debt=969.844122925293]
Person [id=226000, username=null, firstName=null, lastName=null, accountNo=633063, debt=622.0566191225613]
Person [id=227000, username=null, firstName=null, lastName=null, accountNo=445161, debt=218.1172037982193]
Person [id=228000, username=null, firstName=null, lastName=null, accountNo=159098, debt=302.0498051461089]
Person [id=229000, username=null, firstName=null, lastName=null, accountNo=536393, debt=300.79509705349705]
Person [id=230000, username=null, firstName=null, lastName=null, accountNo=247495, debt=442.4538366787538]
Person [id=231000, username=null, firstName=null, lastName=null, accountNo=376698, debt=350.3115065696091]
Person [id=232000, username=null, firstName=null, lastName=null, accountNo=71584, debt=812.6442836737286]
Person [id=233000, username=null, firstName=null, lastName=null, accountNo=837002, debt=228.30616387825765]
Person [id=234000, username=null, firstName=null, lastName=null, accountNo=973569, debt=228.0973538370382]
Person [id=235000, username=null, firstName=null, lastName=null, accountNo=660717, debt=971.9139673384063]
Person [id=236000, username=null, firstName=null, lastName=null, accountNo=184253, debt=621.6789144548569]
Person [id=237000, username=null, firstName=null, lastName=null, accountNo=808468, debt=490.0540505298051]
Person [id=238000, username=null, firstName=null, lastName=null, accountNo=792764, debt=364.9335924520214]
Person [id=239000, username=null, firstName=null, lastName=null, accountNo=52819, debt=509.7187798660011]
Person [id=240000, username=null, firstName=null, lastName=null, accountNo=966283, debt=839.3737887688475]
Person [id=241000, username=null, firstName=null, lastName=null, accountNo=823000, debt=772.2628751419277]
Person [id=242000, username=null, firstName=null, lastName=null, accountNo=419770, debt=257.7687858702035]
Person [id=243000, username=null, firstName=null, lastName=null, accountNo=299633, debt=479.69244439981804]
Person [id=244000, username=null, firstName=null, lastName=null, accountNo=135692, debt=735.4338291775522]
Person [id=245000, username=null, firstName=null, lastName=null, accountNo=759460, debt=990.954097026214]
Person [id=246000, username=null, firstName=null, lastName=null, accountNo=333746, debt=611.5190781158319]
Person [id=247000, username=null, firstName=null, lastName=null, accountNo=170066, debt=768.2238817603313]
Person [id=248000, username=null, firstName=null, lastName=null, accountNo=690589, debt=20.298829106529915]
Person [id=249000, username=null, firstName=null, lastName=null, accountNo=34611, debt=573.1965413521008]
Person [id=250000, username=null, firstName=null, lastName=null, accountNo=809564, debt=712.4604293616603]
Person [id=251000, username=null, firstName=null, lastName=null, accountNo=486553, debt=913.374368614146]
Person [id=252000, username=null, firstName=null, lastName=null, accountNo=940425, debt=126.39347752509545]
Person [id=253000, username=null, firstName=null, lastName=null, accountNo=634372, debt=738.3564238269219]
Person [id=254000, username=null, firstName=null, lastName=null, accountNo=949063, debt=709.4787300159637]
Person [id=255000, username=null, firstName=null, lastName=null, accountNo=156305, debt=386.12748764824033]
Person [id=256000, username=null, firstName=null, lastName=null, accountNo=537238, debt=489.37727931823883]
Person [id=257000, username=null, firstName=null, lastName=null, accountNo=145062, debt=779.3472561666665]
Person [id=258000, username=null, firstName=null, lastName=null, accountNo=712297, debt=895.3196316874914]
Person [id=259000, username=null, firstName=null, lastName=null, accountNo=202563, debt=871.6392565581422]
Person [id=260000, username=null, firstName=null, lastName=null, accountNo=506908, debt=829.3946395713185]
Person [id=261000, username=null, firstName=null, lastName=null, accountNo=784655, debt=343.88000488647816]
Person [id=262000, username=null, firstName=null, lastName=null, accountNo=948783, debt=987.8387208771269]
Person [id=263000, username=null, firstName=null, lastName=null, accountNo=795845, debt=550.4880186175262]
Person [id=264000, username=null, firstName=null, lastName=null, accountNo=280406, debt=432.32481374430375]
Person [id=265000, username=null, firstName=null, lastName=null, accountNo=434024, debt=715.7129222656072]
Person [id=266000, username=null, firstName=null, lastName=null, accountNo=428757, debt=411.2514691521302]
Person [id=267000, username=null, firstName=null, lastName=null, accountNo=285196, debt=379.9244822594242]
Person [id=268000, username=null, firstName=null, lastName=null, accountNo=725042, debt=431.0319174506613]
Person [id=269000, username=null, firstName=null, lastName=null, accountNo=668201, debt=95.90167533558814]
Person [id=270000, username=null, firstName=null, lastName=null, accountNo=874418, debt=577.3831386168969]
Person [id=271000, username=null, firstName=null, lastName=null, accountNo=229442, debt=375.12174575627233]
Person [id=272000, username=null, firstName=null, lastName=null, accountNo=175718, debt=86.61493623624284]
Person [id=273000, username=null, firstName=null, lastName=null, accountNo=787615, debt=884.0492662521584]
Person [id=274000, username=null, firstName=null, lastName=null, accountNo=991180, debt=166.9189109011341]
Person [id=275000, username=null, firstName=null, lastName=null, accountNo=428432, debt=890.4252324929928]
Person [id=276000, username=null, firstName=null, lastName=null, accountNo=466174, debt=69.6576757535271]
Person [id=277000, username=null, firstName=null, lastName=null, accountNo=849350, debt=959.5560569753077]
Person [id=278000, username=null, firstName=null, lastName=null, accountNo=498925, debt=410.65380753178096]
Person [id=279000, username=null, firstName=null, lastName=null, accountNo=954297, debt=900.602730548203]
Person [id=280000, username=null, firstName=null, lastName=null, accountNo=960243, debt=741.4788907497964]
Person [id=281000, username=null, firstName=null, lastName=null, accountNo=698395, debt=962.8697790481641]
Person [id=282000, username=null, firstName=null, lastName=null, accountNo=163247, debt=370.7426997118951]
Person [id=283000, username=null, firstName=null, lastName=null, accountNo=182693, debt=282.0944471765862]
Person [id=284000, username=null, firstName=null, lastName=null, accountNo=583096, debt=435.38214583441135]
Person [id=285000, username=null, firstName=null, lastName=null, accountNo=998889, debt=576.7355582770432]
Person [id=286000, username=null, firstName=null, lastName=null, accountNo=826708, debt=221.9503777041848]
Person [id=287000, username=null, firstName=null, lastName=null, accountNo=824056, debt=94.26285467500539]
Person [id=288000, username=null, firstName=null, lastName=null, accountNo=852495, debt=737.9058550600214]
Person [id=289000, username=null, firstName=null, lastName=null, accountNo=265374, debt=807.4458500045281]
Person [id=290000, username=null, firstName=null, lastName=null, accountNo=440084, debt=532.9014264994453]
Person [id=291000, username=null, firstName=null, lastName=null, accountNo=954849, debt=860.6429236788085]
Person [id=292000, username=null, firstName=null, lastName=null, accountNo=910044, debt=770.0733364049341]
Person [id=293000, username=null, firstName=null, lastName=null, accountNo=894046, debt=266.0904637895186]
Person [id=294000, username=null, firstName=null, lastName=null, accountNo=93616, debt=547.3303250024128]
Person [id=295000, username=null, firstName=null, lastName=null, accountNo=48812, debt=850.1918498186526]
Person [id=296000, username=null, firstName=null, lastName=null, accountNo=552435, debt=468.64273214503606]
Person [id=297000, username=null, firstName=null, lastName=null, accountNo=194003, debt=449.8065880872789]
Person [id=298000, username=null, firstName=null, lastName=null, accountNo=48261, debt=465.3314409094903]
Person [id=299000, username=null, firstName=null, lastName=null, accountNo=8213, debt=358.5392870168084]
Person [id=300000, username=null, firstName=null, lastName=null, accountNo=262701, debt=867.3570633361627]
Person [id=301000, username=null, firstName=null, lastName=null, accountNo=418497, debt=23.02880002832497]
Person [id=302000, username=null, firstName=null, lastName=null, accountNo=766941, debt=724.6089510806677]
Person [id=303000, username=null, firstName=null, lastName=null, accountNo=195100, debt=989.2372082544358]
Person [id=304000, username=null, firstName=null, lastName=null, accountNo=241467, debt=378.194254494147]
Person [id=305000, username=null, firstName=null, lastName=null, accountNo=796182, debt=98.7389708891826]
Person [id=306000, username=null, firstName=null, lastName=null, accountNo=945794, debt=281.7269556265372]
Person [id=307000, username=null, firstName=null, lastName=null, accountNo=462546, debt=935.0099451527936]
Person [id=308000, username=null, firstName=null, lastName=null, accountNo=438195, debt=72.61700926325587]
Person [id=309000, username=null, firstName=null, lastName=null, accountNo=562364, debt=519.7164397840484]
Person [id=310000, username=null, firstName=null, lastName=null, accountNo=545423, debt=893.3593386755678]
Person [id=311000, username=null, firstName=null, lastName=null, accountNo=185903, debt=259.0042424556096]
Person [id=312000, username=null, firstName=null, lastName=null, accountNo=582441, debt=962.8229543055276]
Person [id=313000, username=null, firstName=null, lastName=null, accountNo=990253, debt=139.78778502509704]
Person [id=314000, username=null, firstName=null, lastName=null, accountNo=822146, debt=397.539942065766]
Person [id=315000, username=null, firstName=null, lastName=null, accountNo=294052, debt=176.03913369751677]
Person [id=316000, username=null, firstName=null, lastName=null, accountNo=215099, debt=282.9945894750141]
Person [id=317000, username=null, firstName=null, lastName=null, accountNo=422212, debt=105.07707231994789]
Person [id=318000, username=null, firstName=null, lastName=null, accountNo=359247, debt=994.9124112107903]
Person [id=319000, username=null, firstName=null, lastName=null, accountNo=300649, debt=333.85609999455266]
Person [id=320000, username=null, firstName=null, lastName=null, accountNo=719654, debt=770.5492230908623]
Person [id=321000, username=null, firstName=null, lastName=null, accountNo=301006, debt=135.25561123081133]
Person [id=322000, username=null, firstName=null, lastName=null, accountNo=98224, debt=529.9802495823203]
Person [id=323000, username=null, firstName=null, lastName=null, accountNo=335381, debt=94.36890100911222]
Person [id=324000, username=null, firstName=null, lastName=null, accountNo=353431, debt=947.3890860243293]
Person [id=325000, username=null, firstName=null, lastName=null, accountNo=201054, debt=804.7921884707941]
Person [id=326000, username=null, firstName=null, lastName=null, accountNo=370042, debt=772.3568582912674]
Person [id=327000, username=null, firstName=null, lastName=null, accountNo=175211, debt=814.913733740446]
Person [id=328000, username=null, firstName=null, lastName=null, accountNo=278846, debt=401.15123716954116]
Person [id=329000, username=null, firstName=null, lastName=null, accountNo=859675, debt=824.2028541653681]
Person [id=330000, username=null, firstName=null, lastName=null, accountNo=926379, debt=698.0154862620161]
Person [id=331000, username=null, firstName=null, lastName=null, accountNo=275629, debt=129.4990783907748]
Person [id=332000, username=null, firstName=null, lastName=null, accountNo=594654, debt=66.45758812354086]
Person [id=333000, username=null, firstName=null, lastName=null, accountNo=208345, debt=321.30111044519174]
Person [id=334000, username=null, firstName=null, lastName=null, accountNo=970882, debt=770.5392400113122]
Person [id=335000, username=null, firstName=null, lastName=null, accountNo=801906, debt=230.05588695811073]
Person [id=336000, username=null, firstName=null, lastName=null, accountNo=367203, debt=506.1649576686592]
Person [id=337000, username=null, firstName=null, lastName=null, accountNo=403939, debt=122.44774241106316]
Person [id=338000, username=null, firstName=null, lastName=null, accountNo=190410, debt=222.37110832831019]
Person [id=339000, username=null, firstName=null, lastName=null, accountNo=660337, debt=147.68736949772665]
Person [id=340000, username=null, firstName=null, lastName=null, accountNo=661679, debt=192.6149921444349]
Person [id=341000, username=null, firstName=null, lastName=null, accountNo=859988, debt=33.80093222093483]
Person [id=342000, username=null, firstName=null, lastName=null, accountNo=786289, debt=336.0639124488153]
Person [id=343000, username=null, firstName=null, lastName=null, accountNo=529498, debt=33.91915291265435]
Person [id=344000, username=null, firstName=null, lastName=null, accountNo=573358, debt=788.8842199299844]
Person [id=345000, username=null, firstName=null, lastName=null, accountNo=277923, debt=122.56626886880129]
Person [id=346000, username=null, firstName=null, lastName=null, accountNo=505560, debt=725.5303605376548]
Person [id=347000, username=null, firstName=null, lastName=null, accountNo=891491, debt=441.9492162267665]
Person [id=348000, username=null, firstName=null, lastName=null, accountNo=258858, debt=430.0340016182449]
Person [id=349000, username=null, firstName=null, lastName=null, accountNo=678330, debt=998.2466387542962]
Person [id=350000, username=null, firstName=null, lastName=null, accountNo=672228, debt=617.2930276652426]
Person [id=351000, username=null, firstName=null, lastName=null, accountNo=63196, debt=607.8979152648245]
Person [id=352000, username=null, firstName=null, lastName=null, accountNo=967387, debt=4.360614300667143]
Person [id=353000, username=null, firstName=null, lastName=null, accountNo=432197, debt=93.89229506622432]
Person [id=354000, username=null, firstName=null, lastName=null, accountNo=218516, debt=131.73432088298176]
Person [id=355000, username=null, firstName=null, lastName=null, accountNo=227521, debt=732.0579328267206]
Person [id=356000, username=null, firstName=null, lastName=null, accountNo=71992, debt=434.6451421368126]
Person [id=357000, username=null, firstName=null, lastName=null, accountNo=292164, debt=947.3509122649319]
Person [id=358000, username=null, firstName=null, lastName=null, accountNo=716110, debt=564.3465486067976]
Person [id=359000, username=null, firstName=null, lastName=null, accountNo=464654, debt=260.14436297217105]
Person [id=360000, username=null, firstName=null, lastName=null, accountNo=100812, debt=959.403560639047]
Person [id=361000, username=null, firstName=null, lastName=null, accountNo=423776, debt=482.51747665190493]
Person [id=362000, username=null, firstName=null, lastName=null, accountNo=407413, debt=666.9818558902178]
Person [id=363000, username=null, firstName=null, lastName=null, accountNo=783306, debt=164.5446164914749]
Person [id=364000, username=null, firstName=null, lastName=null, accountNo=768326, debt=414.13673155026567]
Person [id=365000, username=null, firstName=null, lastName=null, accountNo=436729, debt=290.5843408521384]
Person [id=366000, username=null, firstName=null, lastName=null, accountNo=236792, debt=929.1022640055826]
Person [id=367000, username=null, firstName=null, lastName=null, accountNo=151971, debt=225.56850519020688]
Person [id=368000, username=null, firstName=null, lastName=null, accountNo=6602, debt=512.5803083146525]
Person [id=369000, username=null, firstName=null, lastName=null, accountNo=416122, debt=911.291263395347]
Person [id=370000, username=null, firstName=null, lastName=null, accountNo=881829, debt=859.0296504206085]
Person [id=371000, username=null, firstName=null, lastName=null, accountNo=530167, debt=312.6981920634596]
Person [id=372000, username=null, firstName=null, lastName=null, accountNo=996549, debt=127.95490976934009]
Person [id=373000, username=null, firstName=null, lastName=null, accountNo=953708, debt=114.175314186723]
Person [id=374000, username=null, firstName=null, lastName=null, accountNo=784573, debt=265.1957585772761]
Person [id=375000, username=null, firstName=null, lastName=null, accountNo=899692, debt=665.8381712724082]
Person [id=376000, username=null, firstName=null, lastName=null, accountNo=199168, debt=574.2159213070398]
Person [id=377000, username=null, firstName=null, lastName=null, accountNo=179140, debt=179.82094389046887]
Person [id=378000, username=null, firstName=null, lastName=null, accountNo=182788, debt=537.3922076707169]
Person [id=379000, username=null, firstName=null, lastName=null, accountNo=295871, debt=176.5653673301647]
Person [id=380000, username=null, firstName=null, lastName=null, accountNo=386798, debt=887.3036387653801]
Person [id=381000, username=null, firstName=null, lastName=null, accountNo=791228, debt=181.109978807522]
Person [id=382000, username=null, firstName=null, lastName=null, accountNo=141203, debt=928.0204726257774]
Person [id=383000, username=null, firstName=null, lastName=null, accountNo=838807, debt=669.3790256713754]
Person [id=384000, username=null, firstName=null, lastName=null, accountNo=674370, debt=106.39323350230923]
Person [id=385000, username=null, firstName=null, lastName=null, accountNo=89182, debt=264.4716008521203]
Person [id=386000, username=null, firstName=null, lastName=null, accountNo=582760, debt=833.3418640735852]
Person [id=387000, username=null, firstName=null, lastName=null, accountNo=764631, debt=182.9507224311079]
Person [id=388000, username=null, firstName=null, lastName=null, accountNo=550653, debt=555.1447025703382]
Person [id=389000, username=null, firstName=null, lastName=null, accountNo=3865, debt=931.1323573306887]
Person [id=390000, username=null, firstName=null, lastName=null, accountNo=319871, debt=74.72759773507865]
Person [id=391000, username=null, firstName=null, lastName=null, accountNo=456752, debt=251.37446363070515]
Person [id=392000, username=null, firstName=null, lastName=null, accountNo=909510, debt=122.95293810007213]
Person [id=393000, username=null, firstName=null, lastName=null, accountNo=129044, debt=318.3661409184042]
Person [id=394000, username=null, firstName=null, lastName=null, accountNo=85660, debt=179.90872969409023]
Person [id=395000, username=null, firstName=null, lastName=null, accountNo=477106, debt=185.41659064854431]
Person [id=396000, username=null, firstName=null, lastName=null, accountNo=81141, debt=546.1976774744528]
Person [id=397000, username=null, firstName=null, lastName=null, accountNo=752638, debt=480.7442292404048]
Person [id=398000, username=null, firstName=null, lastName=null, accountNo=565218, debt=664.2261959785541]
Person [id=399000, username=null, firstName=null, lastName=null, accountNo=597407, debt=353.76578999892394]
Person [id=400000, username=null, firstName=null, lastName=null, accountNo=863337, debt=689.4935131076455]
Person [id=401000, username=null, firstName=null, lastName=null, accountNo=887969, debt=671.3852797495159]
Person [id=402000, username=null, firstName=null, lastName=null, accountNo=426849, debt=311.8807627347493]
Person [id=403000, username=null, firstName=null, lastName=null, accountNo=830398, debt=464.28313291327305]
Person [id=404000, username=null, firstName=null, lastName=null, accountNo=552732, debt=826.9399469274097]
Person [id=405000, username=null, firstName=null, lastName=null, accountNo=305011, debt=623.2052500981696]
Person [id=406000, username=null, firstName=null, lastName=null, accountNo=353324, debt=457.1830807096704]
Person [id=407000, username=null, firstName=null, lastName=null, accountNo=461098, debt=845.252055316716]
Person [id=408000, username=null, firstName=null, lastName=null, accountNo=976046, debt=923.3712809446964]
Person [id=409000, username=null, firstName=null, lastName=null, accountNo=561643, debt=830.167542027743]
Person [id=410000, username=null, firstName=null, lastName=null, accountNo=73130, debt=265.8036801287528]
Person [id=411000, username=null, firstName=null, lastName=null, accountNo=78055, debt=726.628337804637]
Person [id=412000, username=null, firstName=null, lastName=null, accountNo=521343, debt=915.6067164395026]
Person [id=413000, username=null, firstName=null, lastName=null, accountNo=34894, debt=828.5328323335103]
Person [id=414000, username=null, firstName=null, lastName=null, accountNo=391718, debt=16.022950672437975]
Person [id=415000, username=null, firstName=null, lastName=null, accountNo=604596, debt=521.2901601250506]
Person [id=416000, username=null, firstName=null, lastName=null, accountNo=169276, debt=993.7003190362748]
Person [id=417000, username=null, firstName=null, lastName=null, accountNo=952199, debt=478.10924655630396]
Person [id=418000, username=null, firstName=null, lastName=null, accountNo=222755, debt=379.9811065515764]
Person [id=419000, username=null, firstName=null, lastName=null, accountNo=330073, debt=106.28800664936122]
Person [id=420000, username=null, firstName=null, lastName=null, accountNo=524338, debt=882.191013581634]
Person [id=421000, username=null, firstName=null, lastName=null, accountNo=422643, debt=243.50223465094967]
Person [id=422000, username=null, firstName=null, lastName=null, accountNo=619374, debt=704.9282558909597]
Person [id=423000, username=null, firstName=null, lastName=null, accountNo=941118, debt=104.09478045937715]
Person [id=424000, username=null, firstName=null, lastName=null, accountNo=846112, debt=121.35257902210273]
Person [id=425000, username=null, firstName=null, lastName=null, accountNo=468216, debt=475.3645807651545]
Person [id=426000, username=null, firstName=null, lastName=null, accountNo=805421, debt=294.47436580472396]
Person [id=427000, username=null, firstName=null, lastName=null, accountNo=552890, debt=163.8557237192314]
Person [id=428000, username=null, firstName=null, lastName=null, accountNo=80522, debt=348.4436581829916]
Person [id=429000, username=null, firstName=null, lastName=null, accountNo=55058, debt=691.6464875241993]
Person [id=430000, username=null, firstName=null, lastName=null, accountNo=206710, debt=689.839287076398]
Person [id=431000, username=null, firstName=null, lastName=null, accountNo=740326, debt=242.63845725659115]
Person [id=432000, username=null, firstName=null, lastName=null, accountNo=891083, debt=578.9577824484471]
Person [id=433000, username=null, firstName=null, lastName=null, accountNo=124715, debt=858.8455113040202]
Person [id=434000, username=null, firstName=null, lastName=null, accountNo=482269, debt=951.1026745308235]
Person [id=435000, username=null, firstName=null, lastName=null, accountNo=569391, debt=886.6829307368993]
Person [id=436000, username=null, firstName=null, lastName=null, accountNo=690150, debt=487.87332193569455]
Person [id=437000, username=null, firstName=null, lastName=null, accountNo=625385, debt=673.2565124054502]
Person [id=438000, username=null, firstName=null, lastName=null, accountNo=555591, debt=938.4541309234921]
Person [id=439000, username=null, firstName=null, lastName=null, accountNo=628327, debt=512.6514920469069]
Person [id=440000, username=null, firstName=null, lastName=null, accountNo=670166, debt=690.9035101750856]
Person [id=441000, username=null, firstName=null, lastName=null, accountNo=543167, debt=842.2217691412352]
Person [id=442000, username=null, firstName=null, lastName=null, accountNo=645885, debt=593.4430230043378]
Person [id=443000, username=null, firstName=null, lastName=null, accountNo=58905, debt=688.8788374689154]
Person [id=444000, username=null, firstName=null, lastName=null, accountNo=834918, debt=25.746438987824916]
Person [id=445000, username=null, firstName=null, lastName=null, accountNo=933315, debt=365.3809280102759]
Person [id=446000, username=null, firstName=null, lastName=null, accountNo=299325, debt=220.22869991287953]
Person [id=447000, username=null, firstName=null, lastName=null, accountNo=587673, debt=416.62203636082427]
Person [id=448000, username=null, firstName=null, lastName=null, accountNo=30780, debt=833.3350980671789]
Person [id=449000, username=null, firstName=null, lastName=null, accountNo=951485, debt=815.9209836741929]
Person [id=450000, username=null, firstName=null, lastName=null, accountNo=420301, debt=766.8302645385304]
Person [id=451000, username=null, firstName=null, lastName=null, accountNo=557208, debt=411.31049623153535]
Person [id=452000, username=null, firstName=null, lastName=null, accountNo=977970, debt=239.08728044923478]
Person [id=453000, username=null, firstName=null, lastName=null, accountNo=884985, debt=621.8262887362132]
Person [id=454000, username=null, firstName=null, lastName=null, accountNo=302667, debt=106.376732311096]
Person [id=455000, username=null, firstName=null, lastName=null, accountNo=957363, debt=383.79603212448376]
Person [id=456000, username=null, firstName=null, lastName=null, accountNo=301793, debt=434.1557115010768]
Person [id=457000, username=null, firstName=null, lastName=null, accountNo=184027, debt=347.128548618896]
Person [id=458000, username=null, firstName=null, lastName=null, accountNo=660995, debt=318.3569664738554]
Person [id=459000, username=null, firstName=null, lastName=null, accountNo=456521, debt=321.6027720883973]
Person [id=460000, username=null, firstName=null, lastName=null, accountNo=563895, debt=956.6779394903841]
Person [id=461000, username=null, firstName=null, lastName=null, accountNo=492976, debt=973.1568611453428]
Person [id=462000, username=null, firstName=null, lastName=null, accountNo=661818, debt=969.869747467093]
Person [id=463000, username=null, firstName=null, lastName=null, accountNo=432840, debt=770.1772414619888]
Person [id=464000, username=null, firstName=null, lastName=null, accountNo=293514, debt=973.0263602654788]
Person [id=465000, username=null, firstName=null, lastName=null, accountNo=681599, debt=179.78765181227752]
Person [id=466000, username=null, firstName=null, lastName=null, accountNo=954889, debt=396.8736187942126]
Person [id=467000, username=null, firstName=null, lastName=null, accountNo=5508, debt=114.13831304819944]
Person [id=468000, username=null, firstName=null, lastName=null, accountNo=18727, debt=559.0582866388579]
Person [id=469000, username=null, firstName=null, lastName=null, accountNo=876316, debt=626.694772975902]
Person [id=470000, username=null, firstName=null, lastName=null, accountNo=704423, debt=985.43709051572]
Person [id=471000, username=null, firstName=null, lastName=null, accountNo=65991, debt=858.5272168930842]
Person [id=472000, username=null, firstName=null, lastName=null, accountNo=297702, debt=981.3658389567903]
Person [id=473000, username=null, firstName=null, lastName=null, accountNo=491450, debt=234.5993795203305]
Person [id=474000, username=null, firstName=null, lastName=null, accountNo=620352, debt=452.98845531301424]
Person [id=475000, username=null, firstName=null, lastName=null, accountNo=309282, debt=910.0575947681839]
Person [id=476000, username=null, firstName=null, lastName=null, accountNo=749946, debt=978.5260442851717]
Person [id=477000, username=null, firstName=null, lastName=null, accountNo=260477, debt=466.51998333996215]
Person [id=478000, username=null, firstName=null, lastName=null, accountNo=989572, debt=129.56593237772552]
Person [id=479000, username=null, firstName=null, lastName=null, accountNo=265151, debt=858.365390740122]
Person [id=480000, username=null, firstName=null, lastName=null, accountNo=87557, debt=42.35075678144384]
Person [id=481000, username=null, firstName=null, lastName=null, accountNo=267275, debt=609.0225078218502]
Person [id=482000, username=null, firstName=null, lastName=null, accountNo=707196, debt=239.06754308015144]
Person [id=483000, username=null, firstName=null, lastName=null, accountNo=329398, debt=257.2589354552978]
Person [id=484000, username=null, firstName=null, lastName=null, accountNo=146475, debt=699.1367270781268]
Person [id=485000, username=null, firstName=null, lastName=null, accountNo=977377, debt=53.47022311878402]
Person [id=486000, username=null, firstName=null, lastName=null, accountNo=307801, debt=180.50123995743394]
Person [id=487000, username=null, firstName=null, lastName=null, accountNo=795100, debt=905.9689261164508]
Person [id=488000, username=null, firstName=null, lastName=null, accountNo=917727, debt=790.9155524570612]
Person [id=489000, username=null, firstName=null, lastName=null, accountNo=269215, debt=577.2737261258529]
Person [id=490000, username=null, firstName=null, lastName=null, accountNo=996680, debt=809.2347823819948]
Person [id=491000, username=null, firstName=null, lastName=null, accountNo=883859, debt=130.39842136038703]
Person [id=492000, username=null, firstName=null, lastName=null, accountNo=578684, debt=756.7036866282945]
Person [id=493000, username=null, firstName=null, lastName=null, accountNo=465379, debt=625.1410247651398]
Person [id=494000, username=null, firstName=null, lastName=null, accountNo=681091, debt=718.2457910439073]
Person [id=495000, username=null, firstName=null, lastName=null, accountNo=777060, debt=64.37285103686563]
Person [id=496000, username=null, firstName=null, lastName=null, accountNo=524305, debt=913.7524495089692]
Person [id=497000, username=null, firstName=null, lastName=null, accountNo=363856, debt=590.3274732588022]
Person [id=498000, username=null, firstName=null, lastName=null, accountNo=1508, debt=519.371817334427]
Person [id=499000, username=null, firstName=null, lastName=null, accountNo=647112, debt=930.8899663828414]
Person [id=500000, username=null, firstName=null, lastName=null, accountNo=398390, debt=738.798037002209]
Person [id=501000, username=null, firstName=null, lastName=null, accountNo=269291, debt=95.88581171028099]
Person [id=502000, username=null, firstName=null, lastName=null, accountNo=362870, debt=124.56020411326729]
Person [id=503000, username=null, firstName=null, lastName=null, accountNo=688702, debt=323.36996901064106]
Person [id=504000, username=null, firstName=null, lastName=null, accountNo=124828, debt=149.31148607252265]
Person [id=505000, username=null, firstName=null, lastName=null, accountNo=24228, debt=275.91605667389865]
Person [id=506000, username=null, firstName=null, lastName=null, accountNo=965830, debt=27.118184894454057]
Person [id=507000, username=null, firstName=null, lastName=null, accountNo=150048, debt=486.90532697175536]
Person [id=508000, username=null, firstName=null, lastName=null, accountNo=938852, debt=784.7487441293356]
Person [id=509000, username=null, firstName=null, lastName=null, accountNo=40367, debt=56.81570464884156]
Person [id=510000, username=null, firstName=null, lastName=null, accountNo=838008, debt=582.9628638228896]
Person [id=511000, username=null, firstName=null, lastName=null, accountNo=364142, debt=599.5109335473375]
Person [id=512000, username=null, firstName=null, lastName=null, accountNo=418280, debt=287.80055959658756]
Person [id=513000, username=null, firstName=null, lastName=null, accountNo=329808, debt=438.5295481429515]
Person [id=514000, username=null, firstName=null, lastName=null, accountNo=865239, debt=291.87119565091734]
Person [id=515000, username=null, firstName=null, lastName=null, accountNo=780006, debt=53.374012718961694]
Person [id=516000, username=null, firstName=null, lastName=null, accountNo=514776, debt=585.6425810985867]
Person [id=517000, username=null, firstName=null, lastName=null, accountNo=536306, debt=775.7997599574187]
Person [id=518000, username=null, firstName=null, lastName=null, accountNo=822824, debt=78.73001041837068]
Person [id=519000, username=null, firstName=null, lastName=null, accountNo=993939, debt=736.1042034533169]
Person [id=520000, username=null, firstName=null, lastName=null, accountNo=585089, debt=171.18532253541287]
Person [id=521000, username=null, firstName=null, lastName=null, accountNo=966518, debt=59.41585826218487]
Person [id=522000, username=null, firstName=null, lastName=null, accountNo=406777, debt=574.7859785279758]
Person [id=523000, username=null, firstName=null, lastName=null, accountNo=780768, debt=311.98342046948125]
Person [id=524000, username=null, firstName=null, lastName=null, accountNo=422313, debt=384.3241430594827]
Person [id=525000, username=null, firstName=null, lastName=null, accountNo=621253, debt=197.4647461771536]
Person [id=526000, username=null, firstName=null, lastName=null, accountNo=265079, debt=398.89568012888344]
Person [id=527000, username=null, firstName=null, lastName=null, accountNo=125099, debt=503.2160130294212]
Person [id=528000, username=null, firstName=null, lastName=null, accountNo=287129, debt=693.1892717555976]
Person [id=529000, username=null, firstName=null, lastName=null, accountNo=226724, debt=296.5806768475926]
Person [id=530000, username=null, firstName=null, lastName=null, accountNo=28926, debt=438.77548078510597]
Person [id=531000, username=null, firstName=null, lastName=null, accountNo=252563, debt=371.1786704087504]
Person [id=532000, username=null, firstName=null, lastName=null, accountNo=939061, debt=975.3958025186691]
Person [id=533000, username=null, firstName=null, lastName=null, accountNo=265796, debt=943.195293025344]
Person [id=534000, username=null, firstName=null, lastName=null, accountNo=343981, debt=132.25170516717677]
Person [id=535000, username=null, firstName=null, lastName=null, accountNo=661072, debt=597.6704465767777]
Person [id=536000, username=null, firstName=null, lastName=null, accountNo=667720, debt=799.2937038326072]
Person [id=537000, username=null, firstName=null, lastName=null, accountNo=9239, debt=484.78756234190536]
Person [id=538000, username=null, firstName=null, lastName=null, accountNo=901619, debt=748.5104382147807]
Person [id=539000, username=null, firstName=null, lastName=null, accountNo=152065, debt=766.162755074233]
Person [id=540000, username=null, firstName=null, lastName=null, accountNo=324060, debt=705.217768944561]
Person [id=541000, username=null, firstName=null, lastName=null, accountNo=546972, debt=311.13383179079955]
Person [id=542000, username=null, firstName=null, lastName=null, accountNo=470184, debt=669.3477435318982]
Person [id=543000, username=null, firstName=null, lastName=null, accountNo=861757, debt=643.0493936933156]
Person [id=544000, username=null, firstName=null, lastName=null, accountNo=351624, debt=486.7377150507739]
Person [id=545000, username=null, firstName=null, lastName=null, accountNo=819320, debt=135.55783750646287]
Person [id=546000, username=null, firstName=null, lastName=null, accountNo=926231, debt=670.4194496482742]
Person [id=547000, username=null, firstName=null, lastName=null, accountNo=292392, debt=458.8964797507752]
Person [id=548000, username=null, firstName=null, lastName=null, accountNo=817798, debt=471.90807386618104]
Person [id=549000, username=null, firstName=null, lastName=null, accountNo=648260, debt=276.1806251361638]
Person [id=550000, username=null, firstName=null, lastName=null, accountNo=285785, debt=202.49127900759422]
Person [id=551000, username=null, firstName=null, lastName=null, accountNo=343493, debt=189.6925492737661]
Person [id=552000, username=null, firstName=null, lastName=null, accountNo=445053, debt=804.5182610079409]
Person [id=553000, username=null, firstName=null, lastName=null, accountNo=768670, debt=937.170649025858]
Person [id=554000, username=null, firstName=null, lastName=null, accountNo=735584, debt=672.6888428452112]
Person [id=555000, username=null, firstName=null, lastName=null, accountNo=343109, debt=838.0984624706058]
Person [id=556000, username=null, firstName=null, lastName=null, accountNo=642207, debt=725.3425559719997]
Person [id=557000, username=null, firstName=null, lastName=null, accountNo=859585, debt=489.9937074932693]
Person [id=558000, username=null, firstName=null, lastName=null, accountNo=664330, debt=725.747591362387]
Person [id=559000, username=null, firstName=null, lastName=null, accountNo=79067, debt=714.6974433119848]
Person [id=560000, username=null, firstName=null, lastName=null, accountNo=535662, debt=853.3900672084957]
Person [id=561000, username=null, firstName=null, lastName=null, accountNo=575439, debt=754.6629824090986]
Person [id=562000, username=null, firstName=null, lastName=null, accountNo=693942, debt=525.262853307502]
Person [id=563000, username=null, firstName=null, lastName=null, accountNo=830224, debt=719.2450893098529]
Person [id=564000, username=null, firstName=null, lastName=null, accountNo=665, debt=467.15480150528964]
Person [id=565000, username=null, firstName=null, lastName=null, accountNo=577319, debt=280.9889893712666]
Person [id=566000, username=null, firstName=null, lastName=null, accountNo=710806, debt=34.93978615029758]
Person [id=567000, username=null, firstName=null, lastName=null, accountNo=397713, debt=621.9193663951456]
Person [id=568000, username=null, firstName=null, lastName=null, accountNo=692550, debt=785.8656737668533]
Person [id=569000, username=null, firstName=null, lastName=null, accountNo=564218, debt=629.8295874838008]
Person [id=570000, username=null, firstName=null, lastName=null, accountNo=897019, debt=299.8434454654076]
Person [id=571000, username=null, firstName=null, lastName=null, accountNo=136194, debt=344.5706186966714]
Person [id=572000, username=null, firstName=null, lastName=null, accountNo=77994, debt=250.73635288038233]
Person [id=573000, username=null, firstName=null, lastName=null, accountNo=304278, debt=654.3400934438507]
Person [id=574000, username=null, firstName=null, lastName=null, accountNo=761647, debt=727.6487649089232]
Person [id=575000, username=null, firstName=null, lastName=null, accountNo=985107, debt=241.97148891303056]
Person [id=576000, username=null, firstName=null, lastName=null, accountNo=466264, debt=806.2154354074569]
Person [id=577000, username=null, firstName=null, lastName=null, accountNo=666047, debt=781.223082704318]
Person [id=578000, username=null, firstName=null, lastName=null, accountNo=171971, debt=369.8904914914742]
Person [id=579000, username=null, firstName=null, lastName=null, accountNo=499919, debt=383.0670622019543]
Person [id=580000, username=null, firstName=null, lastName=null, accountNo=40465, debt=181.23642556060594]
Person [id=581000, username=null, firstName=null, lastName=null, accountNo=649724, debt=291.97856316551764]
Person [id=582000, username=null, firstName=null, lastName=null, accountNo=384735, debt=203.21325496176001]
Person [id=583000, username=null, firstName=null, lastName=null, accountNo=883373, debt=832.2247269475787]
Person [id=584000, username=null, firstName=null, lastName=null, accountNo=888794, debt=170.4675810694216]
Person [id=585000, username=null, firstName=null, lastName=null, accountNo=418411, debt=604.1538508436125]
Person [id=586000, username=null, firstName=null, lastName=null, accountNo=77401, debt=410.6215626842764]
Person [id=587000, username=null, firstName=null, lastName=null, accountNo=16743, debt=930.4842888474607]
Person [id=588000, username=null, firstName=null, lastName=null, accountNo=35789, debt=915.5621017733803]
Person [id=589000, username=null, firstName=null, lastName=null, accountNo=329363, debt=552.5936690564691]
Person [id=590000, username=null, firstName=null, lastName=null, accountNo=379393, debt=662.7297796158798]
Person [id=591000, username=null, firstName=null, lastName=null, accountNo=491078, debt=576.8078763833367]
Person [id=592000, username=null, firstName=null, lastName=null, accountNo=473577, debt=186.40803509260118]
Person [id=593000, username=null, firstName=null, lastName=null, accountNo=965238, debt=670.6901134990607]
Person [id=594000, username=null, firstName=null, lastName=null, accountNo=903355, debt=399.01212318351276]
Person [id=595000, username=null, firstName=null, lastName=null, accountNo=638457, debt=509.32998040233224]
Person [id=596000, username=null, firstName=null, lastName=null, accountNo=193126, debt=662.3782858067335]
Person [id=597000, username=null, firstName=null, lastName=null, accountNo=165347, debt=471.63257261538604]
Person [id=598000, username=null, firstName=null, lastName=null, accountNo=776393, debt=109.05268796425305]
Person [id=599000, username=null, firstName=null, lastName=null, accountNo=563236, debt=586.6074787970092]
Person [id=600000, username=null, firstName=null, lastName=null, accountNo=215494, debt=213.58062583384373]
Person [id=601000, username=null, firstName=null, lastName=null, accountNo=56903, debt=729.6578863889703]
Person [id=602000, username=null, firstName=null, lastName=null, accountNo=671328, debt=613.7954405630387]
Person [id=603000, username=null, firstName=null, lastName=null, accountNo=173299, debt=68.8696164819319]
Person [id=604000, username=null, firstName=null, lastName=null, accountNo=623080, debt=182.10768910814102]
Person [id=605000, username=null, firstName=null, lastName=null, accountNo=86274, debt=761.3001773078158]
Person [id=606000, username=null, firstName=null, lastName=null, accountNo=837949, debt=346.7941697869106]
Person [id=607000, username=null, firstName=null, lastName=null, accountNo=211306, debt=899.2679555679082]
Person [id=608000, username=null, firstName=null, lastName=null, accountNo=590873, debt=663.2869813588644]
Person [id=609000, username=null, firstName=null, lastName=null, accountNo=50227, debt=706.6410091549027]
Person [id=610000, username=null, firstName=null, lastName=null, accountNo=134257, debt=635.4625560285442]
Person [id=611000, username=null, firstName=null, lastName=null, accountNo=285948, debt=985.1264596466829]
Person [id=612000, username=null, firstName=null, lastName=null, accountNo=417701, debt=786.9308302845252]
Person [id=613000, username=null, firstName=null, lastName=null, accountNo=127186, debt=810.5592626766237]
Person [id=614000, username=null, firstName=null, lastName=null, accountNo=57722, debt=982.3241661439753]
Person [id=615000, username=null, firstName=null, lastName=null, accountNo=903192, debt=479.19145886634163]
Person [id=616000, username=null, firstName=null, lastName=null, accountNo=557485, debt=998.586484738761]
Person [id=617000, username=null, firstName=null, lastName=null, accountNo=908475, debt=703.981175163995]
Person [id=618000, username=null, firstName=null, lastName=null, accountNo=776527, debt=346.2623738245205]
Person [id=619000, username=null, firstName=null, lastName=null, accountNo=497532, debt=60.881629907874604]
Person [id=620000, username=null, firstName=null, lastName=null, accountNo=650484, debt=340.7860351022556]
Person [id=621000, username=null, firstName=null, lastName=null, accountNo=429572, debt=685.1303502315418]
Person [id=622000, username=null, firstName=null, lastName=null, accountNo=160819, debt=423.77044388146913]
Person [id=623000, username=null, firstName=null, lastName=null, accountNo=463243, debt=217.53803556638684]
Person [id=624000, username=null, firstName=null, lastName=null, accountNo=554548, debt=734.2964230616261]
Person [id=625000, username=null, firstName=null, lastName=null, accountNo=201358, debt=0.7777824973478342]
Person [id=626000, username=null, firstName=null, lastName=null, accountNo=813965, debt=930.2015569261323]
Person [id=627000, username=null, firstName=null, lastName=null, accountNo=185624, debt=525.6740600241789]
Person [id=628000, username=null, firstName=null, lastName=null, accountNo=376369, debt=259.36943648714873]
Person [id=629000, username=null, firstName=null, lastName=null, accountNo=241365, debt=127.49180775729718]
Person [id=630000, username=null, firstName=null, lastName=null, accountNo=103792, debt=881.0186552359568]
Person [id=631000, username=null, firstName=null, lastName=null, accountNo=72254, debt=932.2255080366007]
Person [id=632000, username=null, firstName=null, lastName=null, accountNo=502726, debt=436.9918086186131]
Person [id=633000, username=null, firstName=null, lastName=null, accountNo=105031, debt=52.88814256628316]
Person [id=634000, username=null, firstName=null, lastName=null, accountNo=193846, debt=873.0446164461847]
Person [id=635000, username=null, firstName=null, lastName=null, accountNo=584239, debt=35.80046569932749]
Person [id=636000, username=null, firstName=null, lastName=null, accountNo=631741, debt=510.1350341291133]
Person [id=637000, username=null, firstName=null, lastName=null, accountNo=916944, debt=556.8798493136127]
Person [id=638000, username=null, firstName=null, lastName=null, accountNo=74637, debt=365.7121739217738]
Person [id=639000, username=null, firstName=null, lastName=null, accountNo=267464, debt=367.9294741400194]
Person [id=640000, username=null, firstName=null, lastName=null, accountNo=804125, debt=725.0055130143865]
Person [id=641000, username=null, firstName=null, lastName=null, accountNo=402097, debt=492.92736090305357]
Person [id=642000, username=null, firstName=null, lastName=null, accountNo=594890, debt=962.3138818328008]
Person [id=643000, username=null, firstName=null, lastName=null, accountNo=783842, debt=674.3154051867579]
Person [id=644000, username=null, firstName=null, lastName=null, accountNo=434431, debt=612.2945454705377]
Person [id=645000, username=null, firstName=null, lastName=null, accountNo=917133, debt=69.28847563056107]
Person [id=646000, username=null, firstName=null, lastName=null, accountNo=492796, debt=691.2522292414766]
Person [id=647000, username=null, firstName=null, lastName=null, accountNo=942561, debt=196.08345624577117]
Person [id=648000, username=null, firstName=null, lastName=null, accountNo=342301, debt=268.4282224636384]
Person [id=649000, username=null, firstName=null, lastName=null, accountNo=481601, debt=130.26830735852013]
Person [id=650000, username=null, firstName=null, lastName=null, accountNo=427261, debt=287.2894710670991]
Person [id=651000, username=null, firstName=null, lastName=null, accountNo=731339, debt=951.0312047838056]
Person [id=652000, username=null, firstName=null, lastName=null, accountNo=783716, debt=636.8175696190635]
Person [id=653000, username=null, firstName=null, lastName=null, accountNo=809201, debt=437.4694443062437]
Person [id=654000, username=null, firstName=null, lastName=null, accountNo=9157, debt=472.7978464811974]
Person [id=655000, username=null, firstName=null, lastName=null, accountNo=347673, debt=14.878633008173603]
Person [id=656000, username=null, firstName=null, lastName=null, accountNo=482251, debt=789.108437791089]
Person [id=657000, username=null, firstName=null, lastName=null, accountNo=339036, debt=951.0417204102813]
Person [id=658000, username=null, firstName=null, lastName=null, accountNo=832570, debt=239.00935026783887]
Person [id=659000, username=null, firstName=null, lastName=null, accountNo=230085, debt=802.5180482386731]
Person [id=660000, username=null, firstName=null, lastName=null, accountNo=660317, debt=206.4315128417794]
Person [id=661000, username=null, firstName=null, lastName=null, accountNo=266862, debt=110.93241881840154]
Person [id=662000, username=null, firstName=null, lastName=null, accountNo=506053, debt=127.26587671296762]
Person [id=663000, username=null, firstName=null, lastName=null, accountNo=89377, debt=349.26413738995876]
Person [id=664000, username=null, firstName=null, lastName=null, accountNo=70420, debt=60.65241482684114]
Person [id=665000, username=null, firstName=null, lastName=null, accountNo=576338, debt=118.13611775570554]
Person [id=666000, username=null, firstName=null, lastName=null, accountNo=683872, debt=510.26921448213005]
Person [id=667000, username=null, firstName=null, lastName=null, accountNo=939878, debt=592.1039171457838]
Person [id=668000, username=null, firstName=null, lastName=null, accountNo=26401, debt=495.6215736640599]
Person [id=669000, username=null, firstName=null, lastName=null, accountNo=70277, debt=215.94481951280386]
Person [id=670000, username=null, firstName=null, lastName=null, accountNo=97261, debt=873.330996794717]
Person [id=671000, username=null, firstName=null, lastName=null, accountNo=130694, debt=650.9468331448544]
Person [id=672000, username=null, firstName=null, lastName=null, accountNo=434696, debt=908.4243134179926]
Person [id=673000, username=null, firstName=null, lastName=null, accountNo=401892, debt=971.1978410154142]
Person [id=674000, username=null, firstName=null, lastName=null, accountNo=585668, debt=95.62269630168984]
Person [id=675000, username=null, firstName=null, lastName=null, accountNo=376961, debt=109.87462074810472]
Person [id=676000, username=null, firstName=null, lastName=null, accountNo=825580, debt=230.6307726718879]
Person [id=677000, username=null, firstName=null, lastName=null, accountNo=106051, debt=555.5318832078927]
Person [id=678000, username=null, firstName=null, lastName=null, accountNo=128006, debt=731.42566466679]
Person [id=679000, username=null, firstName=null, lastName=null, accountNo=791092, debt=298.39140422455137]
Person [id=680000, username=null, firstName=null, lastName=null, accountNo=384416, debt=209.54601861470158]
Person [id=681000, username=null, firstName=null, lastName=null, accountNo=630524, debt=26.63104083212142]
Person [id=682000, username=null, firstName=null, lastName=null, accountNo=873904, debt=291.38112744426445]
Person [id=683000, username=null, firstName=null, lastName=null, accountNo=914025, debt=572.6737363325021]
Person [id=684000, username=null, firstName=null, lastName=null, accountNo=982911, debt=689.4599376106935]
Person [id=685000, username=null, firstName=null, lastName=null, accountNo=367234, debt=609.4766929971054]
Person [id=686000, username=null, firstName=null, lastName=null, accountNo=174955, debt=523.7401640554303]
Person [id=687000, username=null, firstName=null, lastName=null, accountNo=746481, debt=596.8203994821874]
Person [id=688000, username=null, firstName=null, lastName=null, accountNo=210359, debt=892.8973045829601]
Person [id=689000, username=null, firstName=null, lastName=null, accountNo=683508, debt=977.5976619694721]
Person [id=690000, username=null, firstName=null, lastName=null, accountNo=615971, debt=695.6137175675625]
Person [id=691000, username=null, firstName=null, lastName=null, accountNo=780204, debt=624.1026688343862]
Person [id=692000, username=null, firstName=null, lastName=null, accountNo=404897, debt=701.8677182865149]
Person [id=693000, username=null, firstName=null, lastName=null, accountNo=953323, debt=534.3200888419074]
Person [id=694000, username=null, firstName=null, lastName=null, accountNo=46224, debt=874.2226044727798]
Person [id=695000, username=null, firstName=null, lastName=null, accountNo=29218, debt=778.2141134630576]
Person [id=696000, username=null, firstName=null, lastName=null, accountNo=684750, debt=939.115685592982]
Person [id=697000, username=null, firstName=null, lastName=null, accountNo=588562, debt=694.0175029166872]
Person [id=698000, username=null, firstName=null, lastName=null, accountNo=610706, debt=208.1474648622883]
Person [id=699000, username=null, firstName=null, lastName=null, accountNo=61077, debt=334.52069554119413]
Person [id=700000, username=null, firstName=null, lastName=null, accountNo=979485, debt=649.3705567636765]
Person [id=701000, username=null, firstName=null, lastName=null, accountNo=70259, debt=163.36078678108157]
Person [id=702000, username=null, firstName=null, lastName=null, accountNo=781371, debt=208.57886161223428]
Person [id=703000, username=null, firstName=null, lastName=null, accountNo=28108, debt=1.3107056139033402]
Person [id=704000, username=null, firstName=null, lastName=null, accountNo=61260, debt=380.59655012965334]
Person [id=705000, username=null, firstName=null, lastName=null, accountNo=979850, debt=222.56815628391868]
Person [id=706000, username=null, firstName=null, lastName=null, accountNo=388391, debt=30.56718585446405]
Person [id=707000, username=null, firstName=null, lastName=null, accountNo=698669, debt=201.04481708077847]
Person [id=708000, username=null, firstName=null, lastName=null, accountNo=576071, debt=465.2427469694329]
Person [id=709000, username=null, firstName=null, lastName=null, accountNo=30427, debt=6.655259721439211]
Person [id=710000, username=null, firstName=null, lastName=null, accountNo=651401, debt=754.272711458894]
Person [id=711000, username=null, firstName=null, lastName=null, accountNo=488396, debt=351.60609597478486]
Person [id=712000, username=null, firstName=null, lastName=null, accountNo=75005, debt=301.4930714855657]
Person [id=713000, username=null, firstName=null, lastName=null, accountNo=97982, debt=786.6850237034105]
Person [id=714000, username=null, firstName=null, lastName=null, accountNo=210753, debt=666.2155154054304]
Person [id=715000, username=null, firstName=null, lastName=null, accountNo=491452, debt=147.54992133418054]
Person [id=716000, username=null, firstName=null, lastName=null, accountNo=45491, debt=634.5163452870029]
Person [id=717000, username=null, firstName=null, lastName=null, accountNo=252661, debt=251.0178119436254]
Person [id=718000, username=null, firstName=null, lastName=null, accountNo=158764, debt=540.5256365744685]
Person [id=719000, username=null, firstName=null, lastName=null, accountNo=511777, debt=841.3540694872087]
Person [id=720000, username=null, firstName=null, lastName=null, accountNo=942546, debt=837.7162375633385]
Person [id=721000, username=null, firstName=null, lastName=null, accountNo=790012, debt=786.5613158294993]
Person [id=722000, username=null, firstName=null, lastName=null, accountNo=70966, debt=920.1928918106843]
Person [id=723000, username=null, firstName=null, lastName=null, accountNo=94341, debt=524.6686493251793]
Person [id=724000, username=null, firstName=null, lastName=null, accountNo=220030, debt=193.98127486369654]
Person [id=725000, username=null, firstName=null, lastName=null, accountNo=262236, debt=760.0205940032805]
Person [id=726000, username=null, firstName=null, lastName=null, accountNo=37355, debt=398.31701981237177]
Person [id=727000, username=null, firstName=null, lastName=null, accountNo=556389, debt=409.5661716860002]
Person [id=728000, username=null, firstName=null, lastName=null, accountNo=361891, debt=176.93485087561834]
Person [id=729000, username=null, firstName=null, lastName=null, accountNo=509439, debt=799.148067239775]
Person [id=730000, username=null, firstName=null, lastName=null, accountNo=693646, debt=899.3575717010409]
Person [id=731000, username=null, firstName=null, lastName=null, accountNo=18697, debt=109.79149952841993]
Person [id=732000, username=null, firstName=null, lastName=null, accountNo=913418, debt=732.1852064016266]
Person [id=733000, username=null, firstName=null, lastName=null, accountNo=690876, debt=73.99349842291181]
Person [id=734000, username=null, firstName=null, lastName=null, accountNo=252516, debt=960.3840102072716]
Person [id=735000, username=null, firstName=null, lastName=null, accountNo=436816, debt=922.0118279085923]
Person [id=736000, username=null, firstName=null, lastName=null, accountNo=512490, debt=558.5754838415966]
Person [id=737000, username=null, firstName=null, lastName=null, accountNo=316209, debt=578.1540768304359]
Person [id=738000, username=null, firstName=null, lastName=null, accountNo=534858, debt=12.325600240311152]
Person [id=739000, username=null, firstName=null, lastName=null, accountNo=632327, debt=107.06673846244652]
Person [id=740000, username=null, firstName=null, lastName=null, accountNo=920828, debt=389.43369226815906]
Person [id=741000, username=null, firstName=null, lastName=null, accountNo=276749, debt=410.0242938023443]
Person [id=742000, username=null, firstName=null, lastName=null, accountNo=1031, debt=661.2215527774121]
Person [id=743000, username=null, firstName=null, lastName=null, accountNo=324087, debt=171.2182091845752]
Person [id=744000, username=null, firstName=null, lastName=null, accountNo=55242, debt=273.8226277986203]
Person [id=745000, username=null, firstName=null, lastName=null, accountNo=876712, debt=54.04604192674023]
Person [id=746000, username=null, firstName=null, lastName=null, accountNo=782109, debt=969.4709005322684]
Person [id=747000, username=null, firstName=null, lastName=null, accountNo=159482, debt=147.40050499783064]
Person [id=748000, username=null, firstName=null, lastName=null, accountNo=18881, debt=857.7900323854616]
Person [id=749000, username=null, firstName=null, lastName=null, accountNo=864466, debt=661.9585354117534]
Person [id=750000, username=null, firstName=null, lastName=null, accountNo=711132, debt=737.0824928327417]
Person [id=751000, username=null, firstName=null, lastName=null, accountNo=745675, debt=876.4703365438248]
Person [id=752000, username=null, firstName=null, lastName=null, accountNo=132488, debt=665.618484385936]
Person [id=753000, username=null, firstName=null, lastName=null, accountNo=463784, debt=334.04840927139344]
Person [id=754000, username=null, firstName=null, lastName=null, accountNo=354354, debt=782.925109707876]
Person [id=755000, username=null, firstName=null, lastName=null, accountNo=680859, debt=288.4567060490425]
Person [id=756000, username=null, firstName=null, lastName=null, accountNo=965643, debt=381.0754083409557]
Person [id=757000, username=null, firstName=null, lastName=null, accountNo=405088, debt=400.39960989514833]
Person [id=758000, username=null, firstName=null, lastName=null, accountNo=42496, debt=225.97736735865703]
Person [id=759000, username=null, firstName=null, lastName=null, accountNo=585502, debt=683.8110363130188]
Person [id=760000, username=null, firstName=null, lastName=null, accountNo=368017, debt=128.66309965514012]
Person [id=761000, username=null, firstName=null, lastName=null, accountNo=956705, debt=702.1434644315157]
Person [id=762000, username=null, firstName=null, lastName=null, accountNo=901993, debt=766.577757739221]
Person [id=763000, username=null, firstName=null, lastName=null, accountNo=133601, debt=14.657061277935313]
Person [id=764000, username=null, firstName=null, lastName=null, accountNo=500622, debt=754.8687343757033]
Person [id=765000, username=null, firstName=null, lastName=null, accountNo=956117, debt=872.7086756657282]
Person [id=766000, username=null, firstName=null, lastName=null, accountNo=886244, debt=967.674613632259]
Person [id=767000, username=null, firstName=null, lastName=null, accountNo=83931, debt=166.04092521447566]
Person [id=768000, username=null, firstName=null, lastName=null, accountNo=867062, debt=109.41434916901827]
Person [id=769000, username=null, firstName=null, lastName=null, accountNo=841204, debt=619.071287095158]
Person [id=770000, username=null, firstName=null, lastName=null, accountNo=806868, debt=536.0761631313865]
Person [id=771000, username=null, firstName=null, lastName=null, accountNo=311296, debt=237.18111799490572]
Person [id=772000, username=null, firstName=null, lastName=null, accountNo=344777, debt=326.50682129718143]
Person [id=773000, username=null, firstName=null, lastName=null, accountNo=681502, debt=3.004722510525526]
Person [id=774000, username=null, firstName=null, lastName=null, accountNo=364945, debt=603.7004649142251]
Person [id=775000, username=null, firstName=null, lastName=null, accountNo=837774, debt=822.7184848719609]
Person [id=776000, username=null, firstName=null, lastName=null, accountNo=216301, debt=106.08789329806135]
Person [id=777000, username=null, firstName=null, lastName=null, accountNo=209450, debt=722.3297808736252]
Person [id=778000, username=null, firstName=null, lastName=null, accountNo=182271, debt=8.825462724773026]
Person [id=779000, username=null, firstName=null, lastName=null, accountNo=863976, debt=293.9662213565718]
Person [id=780000, username=null, firstName=null, lastName=null, accountNo=200506, debt=995.0842125665076]
Person [id=781000, username=null, firstName=null, lastName=null, accountNo=851638, debt=392.1646013927295]
Person [id=782000, username=null, firstName=null, lastName=null, accountNo=832609, debt=577.3389355476473]
Person [id=783000, username=null, firstName=null, lastName=null, accountNo=800286, debt=80.15994260139658]
Person [id=784000, username=null, firstName=null, lastName=null, accountNo=483858, debt=668.65723682511]
Person [id=785000, username=null, firstName=null, lastName=null, accountNo=760061, debt=826.1746733014754]
Person [id=786000, username=null, firstName=null, lastName=null, accountNo=872936, debt=403.98858189277706]
Person [id=787000, username=null, firstName=null, lastName=null, accountNo=298119, debt=949.7075590692566]
Person [id=788000, username=null, firstName=null, lastName=null, accountNo=751658, debt=211.45333331005256]
Person [id=789000, username=null, firstName=null, lastName=null, accountNo=843364, debt=317.8228754400739]
Person [id=790000, username=null, firstName=null, lastName=null, accountNo=874695, debt=133.63189546383924]
Person [id=791000, username=null, firstName=null, lastName=null, accountNo=281168, debt=291.4393906201522]
Person [id=792000, username=null, firstName=null, lastName=null, accountNo=219302, debt=398.853684241872]
Person [id=793000, username=null, firstName=null, lastName=null, accountNo=798099, debt=921.6194711330364]
Person [id=794000, username=null, firstName=null, lastName=null, accountNo=455044, debt=242.48626434411324]
Person [id=795000, username=null, firstName=null, lastName=null, accountNo=976651, debt=395.85810178434343]
Person [id=796000, username=null, firstName=null, lastName=null, accountNo=663524, debt=978.2243711101507]
Person [id=797000, username=null, firstName=null, lastName=null, accountNo=139966, debt=734.3720285610938]
Person [id=798000, username=null, firstName=null, lastName=null, accountNo=308107, debt=319.37896587420653]
Person [id=799000, username=null, firstName=null, lastName=null, accountNo=946566, debt=736.3887264423988]
Person [id=800000, username=null, firstName=null, lastName=null, accountNo=453648, debt=950.1663248477596]
Person [id=801000, username=null, firstName=null, lastName=null, accountNo=235072, debt=176.4355199470511]
Person [id=802000, username=null, firstName=null, lastName=null, accountNo=236221, debt=346.9971019251361]
Person [id=803000, username=null, firstName=null, lastName=null, accountNo=118938, debt=250.6286478017593]
Person [id=804000, username=null, firstName=null, lastName=null, accountNo=582841, debt=849.7653505109058]
Person [id=805000, username=null, firstName=null, lastName=null, accountNo=331174, debt=272.9622717300296]
Person [id=806000, username=null, firstName=null, lastName=null, accountNo=181192, debt=983.1376384795374]
Person [id=807000, username=null, firstName=null, lastName=null, accountNo=819071, debt=621.597608175626]
Person [id=808000, username=null, firstName=null, lastName=null, accountNo=699356, debt=27.842092354536163]
Person [id=809000, username=null, firstName=null, lastName=null, accountNo=588933, debt=935.151974344354]
Person [id=810000, username=null, firstName=null, lastName=null, accountNo=255538, debt=841.9574601140351]
Person [id=811000, username=null, firstName=null, lastName=null, accountNo=800796, debt=558.9877783664912]
Person [id=812000, username=null, firstName=null, lastName=null, accountNo=137791, debt=932.2021032158691]
Person [id=813000, username=null, firstName=null, lastName=null, accountNo=113162, debt=241.50167709727845]
Person [id=814000, username=null, firstName=null, lastName=null, accountNo=773744, debt=775.2232158653572]
Person [id=815000, username=null, firstName=null, lastName=null, accountNo=277722, debt=80.41360353225335]
Person [id=816000, username=null, firstName=null, lastName=null, accountNo=950330, debt=388.88574998515315]
Person [id=817000, username=null, firstName=null, lastName=null, accountNo=984079, debt=719.0558128490338]
Person [id=818000, username=null, firstName=null, lastName=null, accountNo=283510, debt=153.56152272431746]
Person [id=819000, username=null, firstName=null, lastName=null, accountNo=954484, debt=792.6619470755537]
Person [id=820000, username=null, firstName=null, lastName=null, accountNo=938002, debt=883.4182829891994]
Person [id=821000, username=null, firstName=null, lastName=null, accountNo=288553, debt=624.656118384749]
Person [id=822000, username=null, firstName=null, lastName=null, accountNo=597003, debt=147.70878169960667]
Person [id=823000, username=null, firstName=null, lastName=null, accountNo=57999, debt=172.94199611453575]
Person [id=824000, username=null, firstName=null, lastName=null, accountNo=681921, debt=842.0598159679453]
Person [id=825000, username=null, firstName=null, lastName=null, accountNo=151356, debt=226.19177830378746]
Person [id=826000, username=null, firstName=null, lastName=null, accountNo=822101, debt=9.761291904808456]
Person [id=827000, username=null, firstName=null, lastName=null, accountNo=368707, debt=850.135345767538]
Person [id=828000, username=null, firstName=null, lastName=null, accountNo=574547, debt=913.0553209521809]
Person [id=829000, username=null, firstName=null, lastName=null, accountNo=766412, debt=83.8492708858618]
Person [id=830000, username=null, firstName=null, lastName=null, accountNo=393652, debt=354.42524543612484]
Person [id=831000, username=null, firstName=null, lastName=null, accountNo=251830, debt=886.0459195250133]
Person [id=832000, username=null, firstName=null, lastName=null, accountNo=850925, debt=247.88466784475838]
Person [id=833000, username=null, firstName=null, lastName=null, accountNo=428050, debt=331.3624970792101]
Person [id=834000, username=null, firstName=null, lastName=null, accountNo=104716, debt=440.2666179419737]
Person [id=835000, username=null, firstName=null, lastName=null, accountNo=688616, debt=56.65005353422337]
Person [id=836000, username=null, firstName=null, lastName=null, accountNo=619944, debt=782.5125298913507]
Person [id=837000, username=null, firstName=null, lastName=null, accountNo=562251, debt=957.2626412678711]
Person [id=838000, username=null, firstName=null, lastName=null, accountNo=137821, debt=450.96131251232697]
Person [id=839000, username=null, firstName=null, lastName=null, accountNo=307589, debt=133.3463573665119]
Person [id=840000, username=null, firstName=null, lastName=null, accountNo=895582, debt=518.6384679651441]
Person [id=841000, username=null, firstName=null, lastName=null, accountNo=757898, debt=86.12834496334443]
Person [id=842000, username=null, firstName=null, lastName=null, accountNo=96209, debt=776.5450800506298]
Person [id=843000, username=null, firstName=null, lastName=null, accountNo=415805, debt=164.20590261012745]
Person [id=844000, username=null, firstName=null, lastName=null, accountNo=628158, debt=804.9469403457256]
Person [id=845000, username=null, firstName=null, lastName=null, accountNo=798027, debt=259.8355377695432]
Person [id=846000, username=null, firstName=null, lastName=null, accountNo=35086, debt=294.6635439538495]
Person [id=847000, username=null, firstName=null, lastName=null, accountNo=30094, debt=755.2220389340142]
Person [id=848000, username=null, firstName=null, lastName=null, accountNo=735580, debt=618.3572230910032]
Person [id=849000, username=null, firstName=null, lastName=null, accountNo=691077, debt=718.8075365686481]
Person [id=850000, username=null, firstName=null, lastName=null, accountNo=492876, debt=651.8221502867173]
Person [id=851000, username=null, firstName=null, lastName=null, accountNo=908315, debt=351.56055287831134]
Person [id=852000, username=null, firstName=null, lastName=null, accountNo=134597, debt=845.2734794207371]
Person [id=853000, username=null, firstName=null, lastName=null, accountNo=702141, debt=683.2650702011557]
Person [id=854000, username=null, firstName=null, lastName=null, accountNo=522467, debt=544.6362669675826]
Person [id=855000, username=null, firstName=null, lastName=null, accountNo=580607, debt=518.8095584239501]
Person [id=856000, username=null, firstName=null, lastName=null, accountNo=772048, debt=562.8347098907819]
Person [id=857000, username=null, firstName=null, lastName=null, accountNo=384213, debt=634.4761253319928]
Person [id=858000, username=null, firstName=null, lastName=null, accountNo=722462, debt=1.0810892391720506]
Person [id=859000, username=null, firstName=null, lastName=null, accountNo=380633, debt=224.22952167270228]
Person [id=860000, username=null, firstName=null, lastName=null, accountNo=656115, debt=320.16483667777993]
Person [id=861000, username=null, firstName=null, lastName=null, accountNo=609441, debt=596.0061648456592]
Person [id=862000, username=null, firstName=null, lastName=null, accountNo=268429, debt=661.7416643486373]
Person [id=863000, username=null, firstName=null, lastName=null, accountNo=476838, debt=118.00328552722861]
Person [id=864000, username=null, firstName=null, lastName=null, accountNo=887566, debt=419.6225792475976]
Person [id=865000, username=null, firstName=null, lastName=null, accountNo=600376, debt=414.96792900885936]
Person [id=866000, username=null, firstName=null, lastName=null, accountNo=944153, debt=61.062946029925904]
Person [id=867000, username=null, firstName=null, lastName=null, accountNo=903690, debt=814.4860645688041]
Person [id=868000, username=null, firstName=null, lastName=null, accountNo=691012, debt=198.05155354117954]
Person [id=869000, username=null, firstName=null, lastName=null, accountNo=961221, debt=43.27157935983861]
Person [id=870000, username=null, firstName=null, lastName=null, accountNo=172883, debt=908.5996999745399]
Person [id=871000, username=null, firstName=null, lastName=null, accountNo=592940, debt=173.45542503388344]
Person [id=872000, username=null, firstName=null, lastName=null, accountNo=446154, debt=308.0302221487904]
Person [id=873000, username=null, firstName=null, lastName=null, accountNo=709081, debt=818.8746041791433]
Person [id=874000, username=null, firstName=null, lastName=null, accountNo=48584, debt=370.2665881162287]
Person [id=875000, username=null, firstName=null, lastName=null, accountNo=404863, debt=581.3612945929871]
Person [id=876000, username=null, firstName=null, lastName=null, accountNo=719033, debt=999.1219487923861]
Person [id=877000, username=null, firstName=null, lastName=null, accountNo=305217, debt=747.0318729719902]
Person [id=878000, username=null, firstName=null, lastName=null, accountNo=367186, debt=349.58813370639274]
Person [id=879000, username=null, firstName=null, lastName=null, accountNo=159514, debt=232.5759870307501]
Person [id=880000, username=null, firstName=null, lastName=null, accountNo=293280, debt=399.12488889521114]
Person [id=881000, username=null, firstName=null, lastName=null, accountNo=686290, debt=781.5456164448319]
Person [id=882000, username=null, firstName=null, lastName=null, accountNo=657833, debt=768.9487310929704]
Person [id=883000, username=null, firstName=null, lastName=null, accountNo=667974, debt=410.6441524201645]
Person [id=884000, username=null, firstName=null, lastName=null, accountNo=201368, debt=795.3221483722972]
Person [id=885000, username=null, firstName=null, lastName=null, accountNo=295614, debt=106.01542138308284]
Person [id=886000, username=null, firstName=null, lastName=null, accountNo=214138, debt=850.8425958946804]
Person [id=887000, username=null, firstName=null, lastName=null, accountNo=763604, debt=769.5328018026273]
Person [id=888000, username=null, firstName=null, lastName=null, accountNo=755858, debt=915.7316145954162]
Person [id=889000, username=null, firstName=null, lastName=null, accountNo=114407, debt=415.0882404300054]
Person [id=890000, username=null, firstName=null, lastName=null, accountNo=125426, debt=399.1238492857145]
Person [id=891000, username=null, firstName=null, lastName=null, accountNo=333290, debt=614.8813467691496]
Person [id=892000, username=null, firstName=null, lastName=null, accountNo=580652, debt=210.35613008474053]
Person [id=893000, username=null, firstName=null, lastName=null, accountNo=693040, debt=195.7084018655977]
Person [id=894000, username=null, firstName=null, lastName=null, accountNo=307987, debt=80.2564830711413]
Person [id=895000, username=null, firstName=null, lastName=null, accountNo=348699, debt=185.25149002995445]
Person [id=896000, username=null, firstName=null, lastName=null, accountNo=642245, debt=132.43330857263436]
Person [id=897000, username=null, firstName=null, lastName=null, accountNo=182286, debt=8.367574681996892]
Person [id=898000, username=null, firstName=null, lastName=null, accountNo=536330, debt=704.564294959987]
Person [id=899000, username=null, firstName=null, lastName=null, accountNo=897524, debt=933.3774140072985]
Person [id=900000, username=null, firstName=null, lastName=null, accountNo=280968, debt=419.6856490906691]
Person [id=901000, username=null, firstName=null, lastName=null, accountNo=364569, debt=768.3547932635273]
Person [id=902000, username=null, firstName=null, lastName=null, accountNo=474426, debt=507.48101755341236]
Person [id=903000, username=null, firstName=null, lastName=null, accountNo=214736, debt=807.4155372946179]
Person [id=904000, username=null, firstName=null, lastName=null, accountNo=242245, debt=375.57057555083276]
Person [id=905000, username=null, firstName=null, lastName=null, accountNo=685221, debt=27.006496967909797]
Person [id=906000, username=null, firstName=null, lastName=null, accountNo=706962, debt=430.8001791119874]
Person [id=907000, username=null, firstName=null, lastName=null, accountNo=713834, debt=532.1947181505116]
Person [id=908000, username=null, firstName=null, lastName=null, accountNo=707840, debt=150.5303124139662]
Person [id=909000, username=null, firstName=null, lastName=null, accountNo=283721, debt=252.95642069585932]
Person [id=910000, username=null, firstName=null, lastName=null, accountNo=770591, debt=403.92523254386816]
Person [id=911000, username=null, firstName=null, lastName=null, accountNo=18094, debt=890.4661599694996]
Person [id=912000, username=null, firstName=null, lastName=null, accountNo=327106, debt=23.241954073295325]
Person [id=913000, username=null, firstName=null, lastName=null, accountNo=24955, debt=113.38573878042291]
Person [id=914000, username=null, firstName=null, lastName=null, accountNo=185181, debt=625.1194459743941]
Person [id=915000, username=null, firstName=null, lastName=null, accountNo=991823, debt=4.153435962071628]
Person [id=916000, username=null, firstName=null, lastName=null, accountNo=248239, debt=681.8674895344789]
Person [id=917000, username=null, firstName=null, lastName=null, accountNo=530460, debt=755.2729257542544]
Person [id=918000, username=null, firstName=null, lastName=null, accountNo=485065, debt=842.7559721296204]
Person [id=919000, username=null, firstName=null, lastName=null, accountNo=771601, debt=615.60245423009]
Person [id=920000, username=null, firstName=null, lastName=null, accountNo=149524, debt=505.3037525898507]
Person [id=921000, username=null, firstName=null, lastName=null, accountNo=209676, debt=86.64384063430764]
Person [id=922000, username=null, firstName=null, lastName=null, accountNo=250292, debt=636.5678283128815]
Person [id=923000, username=null, firstName=null, lastName=null, accountNo=797539, debt=368.8315420514828]
Person [id=924000, username=null, firstName=null, lastName=null, accountNo=270584, debt=844.4324017949847]
Person [id=925000, username=null, firstName=null, lastName=null, accountNo=291196, debt=57.82169199724008]
Person [id=926000, username=null, firstName=null, lastName=null, accountNo=137877, debt=698.8978912825183]
Person [id=927000, username=null, firstName=null, lastName=null, accountNo=844527, debt=90.78130664751971]
Person [id=928000, username=null, firstName=null, lastName=null, accountNo=443637, debt=303.37003455571]
Person [id=929000, username=null, firstName=null, lastName=null, accountNo=854016, debt=942.6771222641053]
Person [id=930000, username=null, firstName=null, lastName=null, accountNo=913047, debt=115.9489219319253]
Person [id=931000, username=null, firstName=null, lastName=null, accountNo=53478, debt=72.56480887447081]
Person [id=932000, username=null, firstName=null, lastName=null, accountNo=124736, debt=20.718062796547308]
Person [id=933000, username=null, firstName=null, lastName=null, accountNo=858784, debt=619.878023764145]
Person [id=934000, username=null, firstName=null, lastName=null, accountNo=480499, debt=649.0335005626322]
Person [id=935000, username=null, firstName=null, lastName=null, accountNo=962588, debt=350.7174239908829]
Person [id=936000, username=null, firstName=null, lastName=null, accountNo=425029, debt=950.8127674430796]
Person [id=937000, username=null, firstName=null, lastName=null, accountNo=179053, debt=854.1397273276103]
Person [id=938000, username=null, firstName=null, lastName=null, accountNo=915642, debt=15.824081366674347]
Person [id=939000, username=null, firstName=null, lastName=null, accountNo=538578, debt=988.4468663376271]
Person [id=940000, username=null, firstName=null, lastName=null, accountNo=142003, debt=144.9752932996775]
Person [id=941000, username=null, firstName=null, lastName=null, accountNo=632525, debt=577.4749226576813]
Person [id=942000, username=null, firstName=null, lastName=null, accountNo=495851, debt=171.60303200780248]
Person [id=943000, username=null, firstName=null, lastName=null, accountNo=207947, debt=356.88327362259196]
Person [id=944000, username=null, firstName=null, lastName=null, accountNo=790732, debt=32.7616737295483]
Person [id=945000, username=null, firstName=null, lastName=null, accountNo=12310, debt=170.44365320819333]
Person [id=946000, username=null, firstName=null, lastName=null, accountNo=731718, debt=590.5125241910795]
Person [id=947000, username=null, firstName=null, lastName=null, accountNo=888223, debt=416.3291272926035]
Person [id=948000, username=null, firstName=null, lastName=null, accountNo=635136, debt=703.2127659278165]
Person [id=949000, username=null, firstName=null, lastName=null, accountNo=118165, debt=743.4032961602011]
Person [id=950000, username=null, firstName=null, lastName=null, accountNo=398297, debt=546.804603046413]
Person [id=951000, username=null, firstName=null, lastName=null, accountNo=19211, debt=997.5092325099897]
Person [id=952000, username=null, firstName=null, lastName=null, accountNo=719221, debt=186.10430540389433]
Person [id=953000, username=null, firstName=null, lastName=null, accountNo=787755, debt=417.75863180551096]
Person [id=954000, username=null, firstName=null, lastName=null, accountNo=566361, debt=396.0912118086032]
Person [id=955000, username=null, firstName=null, lastName=null, accountNo=594243, debt=82.82081733843461]
Person [id=956000, username=null, firstName=null, lastName=null, accountNo=898335, debt=733.1969008592081]
Person [id=957000, username=null, firstName=null, lastName=null, accountNo=927895, debt=607.2118086220843]
Person [id=958000, username=null, firstName=null, lastName=null, accountNo=633646, debt=856.5941419915852]
Person [id=959000, username=null, firstName=null, lastName=null, accountNo=191432, debt=87.58340841141477]
Person [id=960000, username=null, firstName=null, lastName=null, accountNo=870415, debt=99.48601416376212]
Person [id=961000, username=null, firstName=null, lastName=null, accountNo=545803, debt=299.01229344827954]
Person [id=962000, username=null, firstName=null, lastName=null, accountNo=356104, debt=290.3950133649933]
Person [id=963000, username=null, firstName=null, lastName=null, accountNo=4915, debt=141.28897482153724]
Person [id=964000, username=null, firstName=null, lastName=null, accountNo=207242, debt=824.4519850361879]
Person [id=965000, username=null, firstName=null, lastName=null, accountNo=780352, debt=335.2069557675452]
Person [id=966000, username=null, firstName=null, lastName=null, accountNo=879153, debt=984.6853433376938]
Person [id=967000, username=null, firstName=null, lastName=null, accountNo=876108, debt=368.8517739866528]
Person [id=968000, username=null, firstName=null, lastName=null, accountNo=385682, debt=513.3100110203076]
Person [id=969000, username=null, firstName=null, lastName=null, accountNo=933314, debt=693.8900327838238]
Person [id=970000, username=null, firstName=null, lastName=null, accountNo=768924, debt=433.01651203318727]
Person [id=971000, username=null, firstName=null, lastName=null, accountNo=324957, debt=171.85846573687215]
Person [id=972000, username=null, firstName=null, lastName=null, accountNo=818946, debt=118.26011256053859]
Person [id=973000, username=null, firstName=null, lastName=null, accountNo=500616, debt=770.4530795957934]
Person [id=974000, username=null, firstName=null, lastName=null, accountNo=43517, debt=616.5497720684964]
Person [id=975000, username=null, firstName=null, lastName=null, accountNo=581183, debt=509.81806248880747]
Person [id=976000, username=null, firstName=null, lastName=null, accountNo=887833, debt=219.73723218774688]
Person [id=977000, username=null, firstName=null, lastName=null, accountNo=203590, debt=658.8350385803997]
Person [id=978000, username=null, firstName=null, lastName=null, accountNo=204244, debt=285.30618382724646]
Person [id=979000, username=null, firstName=null, lastName=null, accountNo=615536, debt=181.41195392562136]
Person [id=980000, username=null, firstName=null, lastName=null, accountNo=971982, debt=307.66116979232885]
Person [id=981000, username=null, firstName=null, lastName=null, accountNo=20217, debt=432.77223427058254]
Person [id=982000, username=null, firstName=null, lastName=null, accountNo=266884, debt=239.41674444784277]
Person [id=983000, username=null, firstName=null, lastName=null, accountNo=171045, debt=105.74387207242953]
Person [id=984000, username=null, firstName=null, lastName=null, accountNo=481123, debt=62.6865178972914]
Person [id=985000, username=null, firstName=null, lastName=null, accountNo=216382, debt=427.0483682330004]
Person [id=986000, username=null, firstName=null, lastName=null, accountNo=792931, debt=610.3722485907446]
Person [id=987000, username=null, firstName=null, lastName=null, accountNo=794264, debt=603.5899159763496]
Person [id=988000, username=null, firstName=null, lastName=null, accountNo=886327, debt=637.4528353499131]
Person [id=989000, username=null, firstName=null, lastName=null, accountNo=377125, debt=518.7444245387903]
Person [id=990000, username=null, firstName=null, lastName=null, accountNo=920845, debt=142.27343232780376]
Person [id=991000, username=null, firstName=null, lastName=null, accountNo=866527, debt=678.6485614853879]
Person [id=992000, username=null, firstName=null, lastName=null, accountNo=751256, debt=937.8344782866964]
Person [id=993000, username=null, firstName=null, lastName=null, accountNo=437886, debt=408.4888434552273]
Person [id=994000, username=null, firstName=null, lastName=null, accountNo=397299, debt=473.08080410721755]
Person [id=995000, username=null, firstName=null, lastName=null, accountNo=635196, debt=298.7906561261652]
Person [id=996000, username=null, firstName=null, lastName=null, accountNo=763408, debt=904.1906695168992]
Person [id=997000, username=null, firstName=null, lastName=null, accountNo=715759, debt=901.7073524106776]
Person [id=998000, username=null, firstName=null, lastName=null, accountNo=608435, debt=415.86480354402664]
Person [id=999000, username=null, firstName=null, lastName=null, accountNo=244909, debt=677.3093543769983]
[Full GC (System.gc()) [CMS: 760098K->732099K(1397184K), 1.5320910 secs] 795373K->732099K(2010624K), [Metaspace: 10016K->10016K(10240K)], 1.5322796 secs] [Times: user=1.51 sys=0.00, real=1.53 secs] 
[Full GC (System.gc()) [CMS: 732099K->732100K(1397184K), 1.3734575 secs] 743009K->732100K(2010624K), [Metaspace: 10016K->10016K(10240K)], 1.3736532 secs] [Times: user=1.37 sys=0.00, real=1.37 secs] 
[Full GC (System.gc()) [CMS: 732100K->732100K(1397184K), 1.4235363 secs] 732100K->732100K(2010624K), [Metaspace: 10016K->10016K(10240K)]
*** PauseDetector detected a 1530 ms pause at Fri Dec 19 19:18:06 EET 2014 ***

, 1.4239495 secs] [Times: user=1.43 sys=0.00, real=1.43 secs] 
Heap
 par new generation   total 613440K, used 13811K [0x0000000080000000, 0x00000000a9990000, 0x00000000a9990000)
  eden space 545344K,   2% used [0x0000000080000000, 0x0000000080d7ccd0, 0x00000000a1490000)
  from space 68096K,   0% used [0x00000000a5710000, 0x00000000a5710000, 0x00000000a9990000)
  to   space 68096K,   0% used [0x00000000a1490000, 0x00000000a1490000, 0x00000000a5710000)
 concurrent mark-sweep generation total 1397184K, used 732100K [0x00000000a9990000, 0x00000000fee00000, 0x00000000fee00000)
 Metaspace       used 10027K, capacity 10123K, committed 10240K, reserved 10240K
